[2026-06-18T03:21:24.287+0000][0.010s][info][gc,heap] Heap region size: 1M
[2026-06-18T03:21:24.292+0000][0.015s][info][gc     ] Using G1
[2026-06-18T03:21:24.293+0000][0.016s][info][gc,heap,coops] Heap address: 0x00000000e0000000, size: 512 MB, Compressed Oops mode: 32-bit
[2026-06-18T03:21:24.626+0000][0.349s][info][gc,start     ] GC(0) Pause Young (Normal) (G1 Evacuation Pause)
[2026-06-18T03:21:24.627+0000][0.350s][info][gc,task      ] GC(0) Using 12 workers of 13 for evacuation
[2026-06-18T03:21:24.631+0000][0.354s][info][gc,phases    ] GC(0)   Pre Evacuate Collection Set: 0.0ms
[2026-06-18T03:21:24.631+0000][0.354s][info][gc,phases    ] GC(0)   Evacuate Collection Set: 3.1ms
[2026-06-18T03:21:24.631+0000][0.354s][info][gc,phases    ] GC(0)   Post Evacuate Collection Set: 0.4ms
[2026-06-18T03:21:24.631+0000][0.354s][info][gc,phases    ] GC(0)   Other: 1.6ms
[2026-06-18T03:21:24.632+0000][0.354s][info][gc,heap      ] GC(0) Eden regions: 25->0(21)
[2026-06-18T03:21:24.632+0000][0.354s][info][gc,heap      ] GC(0) Survivor regions: 0->4(4)
[2026-06-18T03:21:24.632+0000][0.354s][info][gc,heap      ] GC(0) Old regions: 0->3
[2026-06-18T03:21:24.632+0000][0.354s][info][gc,heap      ] GC(0) Humongous regions: 0->0
[2026-06-18T03:21:24.632+0000][0.355s][info][gc,metaspace ] GC(0) Metaspace: 15702K(16384K)->15702K(16384K) NonClass: 14132K(14592K)->14132K(14592K) Class: 1570K(1792K)->1570K(1792K)
[2026-06-18T03:21:24.632+0000][0.355s][info][gc           ] GC(0) Pause Young (Normal) (G1 Evacuation Pause) 25M->6M(512M) 6.042ms
[2026-06-18T03:21:24.632+0000][0.355s][info][gc,cpu       ] GC(0) User=0.01s Sys=0.01s Real=0.01s
[2026-06-18T03:21:24.715+0000][0.438s][info][gc,start     ] GC(1) Pause Young (Normal) (G1 Evacuation Pause)
[2026-06-18T03:21:24.715+0000][0.438s][info][gc,task      ] GC(1) Using 12 workers of 13 for evacuation
[2026-06-18T03:21:24.717+0000][0.440s][info][gc,phases    ] GC(1)   Pre Evacuate Collection Set: 0.0ms
[2026-06-18T03:21:24.717+0000][0.440s][info][gc,phases    ] GC(1)   Evacuate Collection Set: 1.5ms
[2026-06-18T03:21:24.717+0000][0.440s][info][gc,phases    ] GC(1)   Post Evacuate Collection Set: 0.3ms
[2026-06-18T03:21:24.717+0000][0.440s][info][gc,phases    ] GC(1)   Other: 0.2ms
[2026-06-18T03:21:24.717+0000][0.440s][info][gc,heap      ] GC(1) Eden regions: 21->0(24)
[2026-06-18T03:21:24.717+0000][0.440s][info][gc,heap      ] GC(1) Survivor regions: 4->1(4)
[2026-06-18T03:21:24.717+0000][0.440s][info][gc,heap      ] GC(1) Old regions: 3->7
[2026-06-18T03:21:24.717+0000][0.440s][info][gc,heap      ] GC(1) Humongous regions: 2->2
[2026-06-18T03:21:24.717+0000][0.440s][info][gc,metaspace ] GC(1) Metaspace: 19618K(20224K)->19618K(20224K) NonClass: 17784K(18176K)->17784K(18176K) Class: 1834K(2048K)->1834K(2048K)
[2026-06-18T03:21:24.717+0000][0.440s][info][gc           ] GC(1) Pause Young (Normal) (G1 Evacuation Pause) 29M->9M(512M) 2.573ms
[2026-06-18T03:21:24.718+0000][0.440s][info][gc,cpu       ] GC(1) User=0.01s Sys=0.01s Real=0.00s
[2026-06-18T03:21:24.735+0000][0.458s][info][gc,start     ] GC(2) Pause Young (Concurrent Start) (Metadata GC Threshold)
[2026-06-18T03:21:24.736+0000][0.458s][info][gc,task      ] GC(2) Using 12 workers of 13 for evacuation
[2026-06-18T03:21:24.737+0000][0.459s][info][gc,phases    ] GC(2)   Pre Evacuate Collection Set: 0.0ms
[2026-06-18T03:21:24.737+0000][0.459s][info][gc,phases    ] GC(2)   Evacuate Collection Set: 0.7ms
[2026-06-18T03:21:24.737+0000][0.459s][info][gc,phases    ] GC(2)   Post Evacuate Collection Set: 0.2ms
[2026-06-18T03:21:24.737+0000][0.459s][info][gc,phases    ] GC(2)   Other: 0.3ms
[2026-06-18T03:21:24.737+0000][0.460s][info][gc,heap      ] GC(2) Eden regions: 7->0(24)
[2026-06-18T03:21:24.737+0000][0.460s][info][gc,heap      ] GC(2) Survivor regions: 1->1(4)
[2026-06-18T03:21:24.737+0000][0.460s][info][gc,heap      ] GC(2) Old regions: 7->7
[2026-06-18T03:21:24.737+0000][0.460s][info][gc,heap      ] GC(2) Humongous regions: 2->2
[2026-06-18T03:21:24.737+0000][0.460s][info][gc,metaspace ] GC(2) Metaspace: 20779K(21296K)->20779K(21296K) NonClass: 18867K(19120K)->18867K(19120K) Class: 1911K(2176K)->1911K(2176K)
[2026-06-18T03:21:24.737+0000][0.460s][info][gc           ] GC(2) Pause Young (Concurrent Start) (Metadata GC Threshold) 15M->9M(512M) 1.664ms
[2026-06-18T03:21:24.737+0000][0.460s][info][gc,cpu       ] GC(2) User=0.00s Sys=0.00s Real=0.00s
[2026-06-18T03:21:24.737+0000][0.460s][info][gc           ] GC(3) Concurrent Cycle
[2026-06-18T03:21:24.737+0000][0.460s][info][gc,marking   ] GC(3) Concurrent Clear Claimed Marks
[2026-06-18T03:21:24.737+0000][0.460s][info][gc,marking   ] GC(3) Concurrent Clear Claimed Marks 0.082ms
[2026-06-18T03:21:24.737+0000][0.460s][info][gc,marking   ] GC(3) Concurrent Scan Root Regions
[2026-06-18T03:21:24.738+0000][0.461s][info][gc,marking   ] GC(3) Concurrent Scan Root Regions 0.482ms
[2026-06-18T03:21:24.738+0000][0.461s][info][gc,marking   ] GC(3) Concurrent Mark (0.461s)
[2026-06-18T03:21:24.738+0000][0.461s][info][gc,marking   ] GC(3) Concurrent Mark From Roots
[2026-06-18T03:21:24.738+0000][0.461s][info][gc,task      ] GC(3) Using 3 workers of 3 for marking
[2026-06-18T03:21:24.740+0000][0.462s][info][gc,marking   ] GC(3) Concurrent Mark From Roots 1.689ms
[2026-06-18T03:21:24.740+0000][0.462s][info][gc,marking   ] GC(3) Concurrent Preclean
[2026-06-18T03:21:24.740+0000][0.463s][info][gc,marking   ] GC(3) Concurrent Preclean 0.138ms
[2026-06-18T03:21:24.740+0000][0.463s][info][gc,marking   ] GC(3) Concurrent Mark (0.461s, 0.463s) 2.008ms
[2026-06-18T03:21:24.740+0000][0.463s][info][gc,start     ] GC(3) Pause Remark
[2026-06-18T03:21:24.741+0000][0.464s][info][gc,stringtable] GC(3) Cleaned string and symbol table, strings: 8638 processed, 13 removed, symbols: 62218 processed, 20 removed
[2026-06-18T03:21:24.741+0000][0.464s][info][gc            ] GC(3) Pause Remark 10M->10M(512M) 1.130ms
[2026-06-18T03:21:24.741+0000][0.464s][info][gc,cpu        ] GC(3) User=0.01s Sys=0.00s Real=0.00s
[2026-06-18T03:21:24.741+0000][0.464s][info][gc,marking    ] GC(3) Concurrent Rebuild Remembered Sets
[2026-06-18T03:21:24.742+0000][0.465s][info][gc,marking    ] GC(3) Concurrent Rebuild Remembered Sets 0.959ms
[2026-06-18T03:21:24.743+0000][0.465s][info][gc,start      ] GC(3) Pause Cleanup
[2026-06-18T03:21:24.743+0000][0.465s][info][gc            ] GC(3) Pause Cleanup 10M->10M(512M) 0.135ms
[2026-06-18T03:21:24.743+0000][0.465s][info][gc,cpu        ] GC(3) User=0.00s Sys=0.00s Real=0.00s
[2026-06-18T03:21:24.743+0000][0.465s][info][gc,marking    ] GC(3) Concurrent Cleanup for Next Mark
[2026-06-18T03:21:24.744+0000][0.466s][info][gc,marking    ] GC(3) Concurrent Cleanup for Next Mark 0.827ms
[2026-06-18T03:21:24.744+0000][0.466s][info][gc            ] GC(3) Concurrent Cycle 6.425ms
[2026-06-18T03:21:24.837+0000][0.560s][info][gc,start      ] GC(4) Pause Young (Normal) (G1 Evacuation Pause)
[2026-06-18T03:21:24.837+0000][0.560s][info][gc,task       ] GC(4) Using 12 workers of 13 for evacuation
[2026-06-18T03:21:24.839+0000][0.561s][info][gc,phases     ] GC(4)   Pre Evacuate Collection Set: 0.0ms
[2026-06-18T03:21:24.839+0000][0.561s][info][gc,phases     ] GC(4)   Evacuate Collection Set: 0.8ms
[2026-06-18T03:21:24.839+0000][0.561s][info][gc,phases     ] GC(4)   Post Evacuate Collection Set: 0.3ms
[2026-06-18T03:21:24.839+0000][0.561s][info][gc,phases     ] GC(4)   Other: 0.3ms
[2026-06-18T03:21:24.839+0000][0.561s][info][gc,heap       ] GC(4) Eden regions: 24->0(21)
[2026-06-18T03:21:24.839+0000][0.561s][info][gc,heap       ] GC(4) Survivor regions: 1->4(4)
[2026-06-18T03:21:24.839+0000][0.561s][info][gc,heap       ] GC(4) Old regions: 7->7
[2026-06-18T03:21:24.839+0000][0.561s][info][gc,heap       ] GC(4) Humongous regions: 2->2
[2026-06-18T03:21:24.839+0000][0.561s][info][gc,metaspace  ] GC(4) Metaspace: 23494K(24240K)->23494K(24240K) NonClass: 21204K(21680K)->21204K(21680K) Class: 2289K(2560K)->2289K(2560K)
[2026-06-18T03:21:24.839+0000][0.561s][info][gc            ] GC(4) Pause Young (Normal) (G1 Evacuation Pause) 33M->12M(512M) 1.618ms
[2026-06-18T03:21:24.839+0000][0.562s][info][gc,cpu        ] GC(4) User=0.00s Sys=0.00s Real=0.00s
[2026-06-18T03:21:25.105+0000][0.828s][info][gc,start      ] GC(5) Pause Young (Normal) (G1 Evacuation Pause)
[2026-06-18T03:21:25.105+0000][0.828s][info][gc,task       ] GC(5) Using 12 workers of 13 for evacuation
[2026-06-18T03:21:25.107+0000][0.830s][info][gc,phases     ] GC(5)   Pre Evacuate Collection Set: 0.0ms
[2026-06-18T03:21:25.107+0000][0.830s][info][gc,phases     ] GC(5)   Evacuate Collection Set: 1.2ms
[2026-06-18T03:21:25.107+0000][0.830s][info][gc,phases     ] GC(5)   Post Evacuate Collection Set: 0.4ms
[2026-06-18T03:21:25.107+0000][0.830s][info][gc,phases     ] GC(5)   Other: 0.3ms
[2026-06-18T03:21:25.108+0000][0.830s][info][gc,heap       ] GC(5) Eden regions: 21->0(22)
[2026-06-18T03:21:25.108+0000][0.830s][info][gc,heap       ] GC(5) Survivor regions: 4->3(4)
[2026-06-18T03:21:25.108+0000][0.830s][info][gc,heap       ] GC(5) Old regions: 7->11
[2026-06-18T03:21:25.108+0000][0.830s][info][gc,heap       ] GC(5) Humongous regions: 2->2
[2026-06-18T03:21:25.108+0000][0.830s][info][gc,metaspace  ] GC(5) Metaspace: 24109K(24752K)->24109K(24752K) NonClass: 21818K(22192K)->21818K(22192K) Class: 2290K(2560K)->2290K(2560K)
[2026-06-18T03:21:25.108+0000][0.830s][info][gc            ] GC(5) Pause Young (Normal) (G1 Evacuation Pause) 33M->14M(512M) 2.665ms
[2026-06-18T03:21:25.108+0000][0.831s][info][gc,cpu        ] GC(5) User=0.02s Sys=0.01s Real=0.00s
[2026-06-18T03:21:25.510+0000][1.233s][info][gc,start      ] GC(6) Pause Young (Normal) (G1 Evacuation Pause)
[2026-06-18T03:21:25.510+0000][1.233s][info][gc,task       ] GC(6) Using 12 workers of 13 for evacuation
[2026-06-18T03:21:25.511+0000][1.234s][info][gc,phases     ] GC(6)   Pre Evacuate Collection Set: 0.0ms
[2026-06-18T03:21:25.511+0000][1.234s][info][gc,phases     ] GC(6)   Evacuate Collection Set: 0.6ms
[2026-06-18T03:21:25.511+0000][1.234s][info][gc,phases     ] GC(6)   Post Evacuate Collection Set: 0.2ms
[2026-06-18T03:21:25.511+0000][1.234s][info][gc,phases     ] GC(6)   Other: 0.5ms
[2026-06-18T03:21:25.512+0000][1.234s][info][gc,heap       ] GC(6) Eden regions: 22->0(22)
[2026-06-18T03:21:25.512+0000][1.234s][info][gc,heap       ] GC(6) Survivor regions: 3->3(4)
[2026-06-18T03:21:25.512+0000][1.234s][info][gc,heap       ] GC(6) Old regions: 11->11
[2026-06-18T03:21:25.512+0000][1.234s][info][gc,heap       ] GC(6) Humongous regions: 2->2
[2026-06-18T03:21:25.512+0000][1.234s][info][gc,metaspace  ] GC(6) Metaspace: 24131K(24752K)->24131K(24752K) NonClass: 21841K(22192K)->21841K(22192K) Class: 2290K(2560K)->2290K(2560K)
[2026-06-18T03:21:25.512+0000][1.234s][info][gc            ] GC(6) Pause Young (Normal) (G1 Evacuation Pause) 36M->14M(512M) 1.961ms
[2026-06-18T03:21:25.512+0000][1.235s][info][gc,cpu        ] GC(6) User=0.00s Sys=0.01s Real=0.01s
[2026-06-18T03:21:25.937+0000][1.659s][info][gc,start      ] GC(7) Pause Young (Normal) (G1 Evacuation Pause)
[2026-06-18T03:21:25.937+0000][1.659s][info][gc,task       ] GC(7) Using 12 workers of 13 for evacuation
[2026-06-18T03:21:25.938+0000][1.661s][info][gc,phases     ] GC(7)   Pre Evacuate Collection Set: 0.0ms
[2026-06-18T03:21:25.939+0000][1.661s][info][gc,phases     ] GC(7)   Evacuate Collection Set: 1.4ms
[2026-06-18T03:21:25.939+0000][1.661s][info][gc,phases     ] GC(7)   Post Evacuate Collection Set: 0.2ms
[2026-06-18T03:21:25.939+0000][1.661s][info][gc,phases     ] GC(7)   Other: 0.3ms
[2026-06-18T03:21:25.939+0000][1.661s][info][gc,heap       ] GC(7) Eden regions: 22->0(26)
[2026-06-18T03:21:25.939+0000][1.661s][info][gc,heap       ] GC(7) Survivor regions: 3->2(4)
[2026-06-18T03:21:25.939+0000][1.662s][info][gc,heap       ] GC(7) Old regions: 11->11
[2026-06-18T03:21:25.939+0000][1.662s][info][gc,heap       ] GC(7) Humongous regions: 2->2
[2026-06-18T03:21:25.939+0000][1.662s][info][gc,metaspace  ] GC(7) Metaspace: 24170K(25008K)->24170K(25008K) NonClass: 21880K(22448K)->21880K(22448K) Class: 2290K(2560K)->2290K(2560K)
[2026-06-18T03:21:25.939+0000][1.662s][info][gc            ] GC(7) Pause Young (Normal) (G1 Evacuation Pause) 36M->14M(512M) 2.540ms
[2026-06-18T03:21:25.939+0000][1.662s][info][gc,cpu        ] GC(7) User=0.02s Sys=0.00s Real=0.00s
[2026-06-18T03:21:26.438+0000][2.161s][info][gc,start      ] GC(8) Pause Young (Normal) (G1 Evacuation Pause)
[2026-06-18T03:21:26.438+0000][2.161s][info][gc,task       ] GC(8) Using 12 workers of 13 for evacuation
[2026-06-18T03:21:26.441+0000][2.163s][info][gc,phases     ] GC(8)   Pre Evacuate Collection Set: 0.0ms
[2026-06-18T03:21:26.441+0000][2.163s][info][gc,phases     ] GC(8)   Evacuate Collection Set: 2.0ms
[2026-06-18T03:21:26.441+0000][2.163s][info][gc,phases     ] GC(8)   Post Evacuate Collection Set: 0.2ms
[2026-06-18T03:21:26.441+0000][2.163s][info][gc,phases     ] GC(8)   Other: 0.2ms
[2026-06-18T03:21:26.441+0000][2.163s][info][gc,heap       ] GC(8) Eden regions: 26->0(30)
[2026-06-18T03:21:26.441+0000][2.163s][info][gc,heap       ] GC(8) Survivor regions: 2->3(4)
[2026-06-18T03:21:26.441+0000][2.163s][info][gc,heap       ] GC(8) Old regions: 11->11
[2026-06-18T03:21:26.441+0000][2.163s][info][gc,heap       ] GC(8) Humongous regions: 2->2
[2026-06-18T03:21:26.441+0000][2.163s][info][gc,metaspace  ] GC(8) Metaspace: 24171K(25008K)->24171K(25008K) NonClass: 21880K(22448K)->21880K(22448K) Class: 2291K(2560K)->2291K(2560K)
[2026-06-18T03:21:26.441+0000][2.164s][info][gc            ] GC(8) Pause Young (Normal) (G1 Evacuation Pause) 40M->14M(512M) 2.839ms
[2026-06-18T03:21:26.441+0000][2.164s][info][gc,cpu        ] GC(8) User=0.02s Sys=0.00s Real=0.01s
[2026-06-18T03:21:26.998+0000][2.720s][info][gc,start      ] GC(9) Pause Young (Normal) (G1 Evacuation Pause)
[2026-06-18T03:21:26.998+0000][2.720s][info][gc,task       ] GC(9) Using 12 workers of 13 for evacuation
[2026-06-18T03:21:26.999+0000][2.721s][info][gc,phases     ] GC(9)   Pre Evacuate Collection Set: 0.0ms
[2026-06-18T03:21:26.999+0000][2.721s][info][gc,phases     ] GC(9)   Evacuate Collection Set: 0.5ms
[2026-06-18T03:21:26.999+0000][2.721s][info][gc,phases     ] GC(9)   Post Evacuate Collection Set: 0.3ms
[2026-06-18T03:21:26.999+0000][2.722s][info][gc,phases     ] GC(9)   Other: 0.4ms
[2026-06-18T03:21:26.999+0000][2.722s][info][gc,heap       ] GC(9) Eden regions: 30->0(213)
[2026-06-18T03:21:26.999+0000][2.722s][info][gc,heap       ] GC(9) Survivor regions: 3->2(5)
[2026-06-18T03:21:26.999+0000][2.722s][info][gc,heap       ] GC(9) Old regions: 11->11
[2026-06-18T03:21:26.999+0000][2.722s][info][gc,heap       ] GC(9) Humongous regions: 2->2
[2026-06-18T03:21:26.999+0000][2.722s][info][gc,metaspace  ] GC(9) Metaspace: 24171K(25008K)->24171K(25008K) NonClass: 21880K(22448K)->21880K(22448K) Class: 2291K(2560K)->2291K(2560K)
[2026-06-18T03:21:26.999+0000][2.722s][info][gc            ] GC(9) Pause Young (Normal) (G1 Evacuation Pause) 44M->14M(512M) 1.834ms
[2026-06-18T03:21:26.999+0000][2.722s][info][gc,cpu        ] GC(9) User=0.00s Sys=0.01s Real=0.00s
[2026-06-18T03:21:29.667+0000][5.388s][info][gc,heap,exit  ] Heap
[2026-06-18T03:21:29.667+0000][5.388s][info][gc,heap,exit  ]  garbage-first heap   total 524288K, used 167571K [0x00000000e0000000, 0x0000000100000000)
[2026-06-18T03:21:29.668+0000][5.388s][info][gc,heap,exit  ]   region size 1024K, 152 young (155648K), 2 survivors (2048K)
[2026-06-18T03:21:29.668+0000][5.388s][info][gc,heap,exit  ]  Metaspace       used 24270K, capacity 24914K, committed 25008K, reserved 1071104K
[2026-06-18T03:21:29.668+0000][5.388s][info][gc,heap,exit  ]   class space    used 2299K, capacity 2530K, committed 2560K, reserved 1048576K
