[2026-06-18T03:19:39.875+0000][0.004s][info][gc,heap] Heap region size: 1M
[2026-06-18T03:19:39.879+0000][0.007s][info][gc     ] Using G1
[2026-06-18T03:19:39.879+0000][0.008s][info][gc,heap,coops] Heap address: 0x00000000e0000000, size: 512 MB, Compressed Oops mode: 32-bit
[2026-06-18T03:19:40.126+0000][0.255s][info][gc,start     ] GC(0) Pause Young (Normal) (G1 Evacuation Pause)
[2026-06-18T03:19:40.128+0000][0.256s][info][gc,task      ] GC(0) Using 12 workers of 13 for evacuation
[2026-06-18T03:19:40.131+0000][0.260s][info][gc,phases    ] GC(0)   Pre Evacuate Collection Set: 0.0ms
[2026-06-18T03:19:40.132+0000][0.260s][info][gc,phases    ] GC(0)   Evacuate Collection Set: 3.4ms
[2026-06-18T03:19:40.132+0000][0.260s][info][gc,phases    ] GC(0)   Post Evacuate Collection Set: 0.4ms
[2026-06-18T03:19:40.132+0000][0.260s][info][gc,phases    ] GC(0)   Other: 1.2ms
[2026-06-18T03:19:40.132+0000][0.260s][info][gc,heap      ] GC(0) Eden regions: 25->0(21)
[2026-06-18T03:19:40.132+0000][0.261s][info][gc,heap      ] GC(0) Survivor regions: 0->4(4)
[2026-06-18T03:19:40.132+0000][0.261s][info][gc,heap      ] GC(0) Old regions: 0->3
[2026-06-18T03:19:40.132+0000][0.261s][info][gc,heap      ] GC(0) Humongous regions: 0->0
[2026-06-18T03:19:40.132+0000][0.261s][info][gc,metaspace ] GC(0) Metaspace: 15528K(16128K)->15528K(16128K) NonClass: 13976K(14336K)->13976K(14336K) Class: 1552K(1792K)->1552K(1792K)
[2026-06-18T03:19:40.132+0000][0.261s][info][gc           ] GC(0) Pause Young (Normal) (G1 Evacuation Pause) 25M->6M(512M) 5.484ms
[2026-06-18T03:19:40.132+0000][0.261s][info][gc,cpu       ] GC(0) User=0.04s Sys=0.00s Real=0.01s
[2026-06-18T03:19:40.204+0000][0.332s][info][gc,start     ] GC(1) Pause Young (Normal) (G1 Evacuation Pause)
[2026-06-18T03:19:40.204+0000][0.332s][info][gc,task      ] GC(1) Using 12 workers of 13 for evacuation
[2026-06-18T03:19:40.205+0000][0.334s][info][gc,phases    ] GC(1)   Pre Evacuate Collection Set: 0.0ms
[2026-06-18T03:19:40.206+0000][0.334s][info][gc,phases    ] GC(1)   Evacuate Collection Set: 1.3ms
[2026-06-18T03:19:40.206+0000][0.334s][info][gc,phases    ] GC(1)   Post Evacuate Collection Set: 0.3ms
[2026-06-18T03:19:40.206+0000][0.334s][info][gc,phases    ] GC(1)   Other: 0.2ms
[2026-06-18T03:19:40.206+0000][0.334s][info][gc,heap      ] GC(1) Eden regions: 21->0(24)
[2026-06-18T03:19:40.206+0000][0.335s][info][gc,heap      ] GC(1) Survivor regions: 4->1(4)
[2026-06-18T03:19:40.206+0000][0.335s][info][gc,heap      ] GC(1) Old regions: 3->7
[2026-06-18T03:19:40.206+0000][0.335s][info][gc,heap      ] GC(1) Humongous regions: 2->2
[2026-06-18T03:19:40.206+0000][0.335s][info][gc,metaspace ] GC(1) Metaspace: 19448K(19968K)->19448K(19968K) NonClass: 17625K(17920K)->17625K(17920K) Class: 1822K(2048K)->1822K(2048K)
[2026-06-18T03:19:40.206+0000][0.335s][info][gc           ] GC(1) Pause Young (Normal) (G1 Evacuation Pause) 29M->9M(512M) 2.396ms
[2026-06-18T03:19:40.206+0000][0.335s][info][gc,cpu       ] GC(1) User=0.02s Sys=0.00s Real=0.00s
[2026-06-18T03:19:40.225+0000][0.354s][info][gc,start     ] GC(2) Pause Young (Concurrent Start) (Metadata GC Threshold)
[2026-06-18T03:19:40.225+0000][0.354s][info][gc,task      ] GC(2) Using 12 workers of 13 for evacuation
[2026-06-18T03:19:40.227+0000][0.355s][info][gc,phases    ] GC(2)   Pre Evacuate Collection Set: 0.0ms
[2026-06-18T03:19:40.227+0000][0.355s][info][gc,phases    ] GC(2)   Evacuate Collection Set: 0.8ms
[2026-06-18T03:19:40.227+0000][0.355s][info][gc,phases    ] GC(2)   Post Evacuate Collection Set: 0.2ms
[2026-06-18T03:19:40.227+0000][0.355s][info][gc,phases    ] GC(2)   Other: 0.3ms
[2026-06-18T03:19:40.227+0000][0.356s][info][gc,heap      ] GC(2) Eden regions: 8->0(24)
[2026-06-18T03:19:40.227+0000][0.356s][info][gc,heap      ] GC(2) Survivor regions: 1->1(4)
[2026-06-18T03:19:40.227+0000][0.356s][info][gc,heap      ] GC(2) Old regions: 7->7
[2026-06-18T03:19:40.227+0000][0.356s][info][gc,heap      ] GC(2) Humongous regions: 2->2
[2026-06-18T03:19:40.227+0000][0.356s][info][gc,metaspace ] GC(2) Metaspace: 20789K(21296K)->20789K(21296K) NonClass: 18877K(19120K)->18877K(19120K) Class: 1911K(2176K)->1911K(2176K)
[2026-06-18T03:19:40.227+0000][0.356s][info][gc           ] GC(2) Pause Young (Concurrent Start) (Metadata GC Threshold) 16M->9M(512M) 1.739ms
[2026-06-18T03:19:40.227+0000][0.356s][info][gc,cpu       ] GC(2) User=0.00s Sys=0.01s Real=0.01s
[2026-06-18T03:19:40.227+0000][0.356s][info][gc           ] GC(3) Concurrent Cycle
[2026-06-18T03:19:40.227+0000][0.356s][info][gc,marking   ] GC(3) Concurrent Clear Claimed Marks
[2026-06-18T03:19:40.227+0000][0.356s][info][gc,marking   ] GC(3) Concurrent Clear Claimed Marks 0.059ms
[2026-06-18T03:19:40.227+0000][0.356s][info][gc,marking   ] GC(3) Concurrent Scan Root Regions
[2026-06-18T03:19:40.228+0000][0.357s][info][gc,marking   ] GC(3) Concurrent Scan Root Regions 0.465ms
[2026-06-18T03:19:40.228+0000][0.357s][info][gc,marking   ] GC(3) Concurrent Mark (0.357s)
[2026-06-18T03:19:40.228+0000][0.357s][info][gc,marking   ] GC(3) Concurrent Mark From Roots
[2026-06-18T03:19:40.228+0000][0.357s][info][gc,task      ] GC(3) Using 3 workers of 3 for marking
[2026-06-18T03:19:40.229+0000][0.358s][info][gc,marking   ] GC(3) Concurrent Mark From Roots 1.261ms
[2026-06-18T03:19:40.229+0000][0.358s][info][gc,marking   ] GC(3) Concurrent Preclean
[2026-06-18T03:19:40.229+0000][0.358s][info][gc,marking   ] GC(3) Concurrent Preclean 0.133ms
[2026-06-18T03:19:40.229+0000][0.358s][info][gc,marking   ] GC(3) Concurrent Mark (0.357s, 0.358s) 1.578ms
[2026-06-18T03:19:40.230+0000][0.358s][info][gc,start     ] GC(3) Pause Remark
[2026-06-18T03:19:40.230+0000][0.359s][info][gc,stringtable] GC(3) Cleaned string and symbol table, strings: 8640 processed, 13 removed, symbols: 62218 processed, 20 removed
[2026-06-18T03:19:40.231+0000][0.359s][info][gc            ] GC(3) Pause Remark 10M->10M(512M) 0.997ms
[2026-06-18T03:19:40.231+0000][0.359s][info][gc,cpu        ] GC(3) User=0.00s Sys=0.00s Real=0.00s
[2026-06-18T03:19:40.231+0000][0.360s][info][gc,marking    ] GC(3) Concurrent Rebuild Remembered Sets
[2026-06-18T03:19:40.232+0000][0.360s][info][gc,marking    ] GC(3) Concurrent Rebuild Remembered Sets 0.884ms
[2026-06-18T03:19:40.232+0000][0.361s][info][gc,start      ] GC(3) Pause Cleanup
[2026-06-18T03:19:40.232+0000][0.361s][info][gc            ] GC(3) Pause Cleanup 10M->10M(512M) 0.133ms
[2026-06-18T03:19:40.232+0000][0.361s][info][gc,cpu        ] GC(3) User=0.00s Sys=0.00s Real=0.00s
[2026-06-18T03:19:40.232+0000][0.361s][info][gc,marking    ] GC(3) Concurrent Cleanup for Next Mark
[2026-06-18T03:19:40.233+0000][0.362s][info][gc,marking    ] GC(3) Concurrent Cleanup for Next Mark 0.703ms
[2026-06-18T03:19:40.233+0000][0.362s][info][gc            ] GC(3) Concurrent Cycle 5.733ms
[2026-06-18T03:19:40.315+0000][0.443s][info][gc,start      ] GC(4) Pause Young (Normal) (G1 Evacuation Pause)
[2026-06-18T03:19:40.315+0000][0.443s][info][gc,task       ] GC(4) Using 12 workers of 13 for evacuation
[2026-06-18T03:19:40.316+0000][0.444s][info][gc,phases     ] GC(4)   Pre Evacuate Collection Set: 0.0ms
[2026-06-18T03:19:40.316+0000][0.445s][info][gc,phases     ] GC(4)   Evacuate Collection Set: 0.6ms
[2026-06-18T03:19:40.316+0000][0.445s][info][gc,phases     ] GC(4)   Post Evacuate Collection Set: 0.3ms
[2026-06-18T03:19:40.316+0000][0.445s][info][gc,phases     ] GC(4)   Other: 0.3ms
[2026-06-18T03:19:40.316+0000][0.445s][info][gc,heap       ] GC(4) Eden regions: 24->0(21)
[2026-06-18T03:19:40.316+0000][0.445s][info][gc,heap       ] GC(4) Survivor regions: 1->4(4)
[2026-06-18T03:19:40.316+0000][0.445s][info][gc,heap       ] GC(4) Old regions: 7->7
[2026-06-18T03:19:40.316+0000][0.445s][info][gc,heap       ] GC(4) Humongous regions: 2->2
[2026-06-18T03:19:40.316+0000][0.445s][info][gc,metaspace  ] GC(4) Metaspace: 23487K(24240K)->23487K(24240K) NonClass: 21197K(21680K)->21197K(21680K) Class: 2289K(2560K)->2289K(2560K)
[2026-06-18T03:19:40.316+0000][0.445s][info][gc            ] GC(4) Pause Young (Normal) (G1 Evacuation Pause) 33M->12M(512M) 1.744ms
[2026-06-18T03:19:40.316+0000][0.445s][info][gc,cpu        ] GC(4) User=0.00s Sys=0.00s Real=0.00s
[2026-06-18T03:19:40.602+0000][0.731s][info][gc,start      ] GC(5) Pause Young (Normal) (G1 Evacuation Pause)
[2026-06-18T03:19:40.602+0000][0.731s][info][gc,task       ] GC(5) Using 12 workers of 13 for evacuation
[2026-06-18T03:19:40.604+0000][0.733s][info][gc,phases     ] GC(5)   Pre Evacuate Collection Set: 0.0ms
[2026-06-18T03:19:40.604+0000][0.733s][info][gc,phases     ] GC(5)   Evacuate Collection Set: 1.1ms
[2026-06-18T03:19:40.604+0000][0.733s][info][gc,phases     ] GC(5)   Post Evacuate Collection Set: 0.3ms
[2026-06-18T03:19:40.604+0000][0.733s][info][gc,phases     ] GC(5)   Other: 0.4ms
[2026-06-18T03:19:40.604+0000][0.733s][info][gc,heap       ] GC(5) Eden regions: 21->0(23)
[2026-06-18T03:19:40.604+0000][0.733s][info][gc,heap       ] GC(5) Survivor regions: 4->2(4)
[2026-06-18T03:19:40.604+0000][0.733s][info][gc,heap       ] GC(5) Old regions: 7->11
[2026-06-18T03:19:40.604+0000][0.733s][info][gc,heap       ] GC(5) Humongous regions: 2->2
[2026-06-18T03:19:40.604+0000][0.733s][info][gc,metaspace  ] GC(5) Metaspace: 24134K(24752K)->24134K(24752K) NonClass: 21843K(22192K)->21843K(22192K) Class: 2290K(2560K)->2290K(2560K)
[2026-06-18T03:19:40.604+0000][0.733s][info][gc            ] GC(5) Pause Young (Normal) (G1 Evacuation Pause) 33M->13M(512M) 2.234ms
[2026-06-18T03:19:40.604+0000][0.733s][info][gc,cpu        ] GC(5) User=0.01s Sys=0.00s Real=0.00s
[2026-06-18T03:19:41.011+0000][1.139s][info][gc,start      ] GC(6) Pause Young (Normal) (G1 Evacuation Pause)
[2026-06-18T03:19:41.011+0000][1.139s][info][gc,task       ] GC(6) Using 12 workers of 13 for evacuation
[2026-06-18T03:19:41.011+0000][1.140s][info][gc,phases     ] GC(6)   Pre Evacuate Collection Set: 0.0ms
[2026-06-18T03:19:41.012+0000][1.140s][info][gc,phases     ] GC(6)   Evacuate Collection Set: 0.5ms
[2026-06-18T03:19:41.012+0000][1.140s][info][gc,phases     ] GC(6)   Post Evacuate Collection Set: 0.2ms
[2026-06-18T03:19:41.012+0000][1.140s][info][gc,phases     ] GC(6)   Other: 0.3ms
[2026-06-18T03:19:41.012+0000][1.140s][info][gc,heap       ] GC(6) Eden regions: 23->0(23)
[2026-06-18T03:19:41.012+0000][1.140s][info][gc,heap       ] GC(6) Survivor regions: 2->2(4)
[2026-06-18T03:19:41.012+0000][1.141s][info][gc,heap       ] GC(6) Old regions: 11->11
[2026-06-18T03:19:41.012+0000][1.141s][info][gc,heap       ] GC(6) Humongous regions: 2->2
[2026-06-18T03:19:41.012+0000][1.141s][info][gc,metaspace  ] GC(6) Metaspace: 24135K(24752K)->24135K(24752K) NonClass: 21844K(22192K)->21844K(22192K) Class: 2290K(2560K)->2290K(2560K)
[2026-06-18T03:19:41.012+0000][1.141s][info][gc            ] GC(6) Pause Young (Normal) (G1 Evacuation Pause) 36M->13M(512M) 1.380ms
[2026-06-18T03:19:41.012+0000][1.141s][info][gc,cpu        ] GC(6) User=0.00s Sys=0.00s Real=0.00s
[2026-06-18T03:19:41.406+0000][1.535s][info][gc,start      ] GC(7) Pause Young (Normal) (G1 Evacuation Pause)
[2026-06-18T03:19:41.406+0000][1.535s][info][gc,task       ] GC(7) Using 12 workers of 13 for evacuation
[2026-06-18T03:19:41.407+0000][1.536s][info][gc,phases     ] GC(7)   Pre Evacuate Collection Set: 0.0ms
[2026-06-18T03:19:41.407+0000][1.536s][info][gc,phases     ] GC(7)   Evacuate Collection Set: 0.5ms
[2026-06-18T03:19:41.407+0000][1.536s][info][gc,phases     ] GC(7)   Post Evacuate Collection Set: 0.2ms
[2026-06-18T03:19:41.407+0000][1.536s][info][gc,phases     ] GC(7)   Other: 0.3ms
[2026-06-18T03:19:41.407+0000][1.536s][info][gc,heap       ] GC(7) Eden regions: 23->0(28)
[2026-06-18T03:19:41.407+0000][1.536s][info][gc,heap       ] GC(7) Survivor regions: 2->2(4)
[2026-06-18T03:19:41.407+0000][1.536s][info][gc,heap       ] GC(7) Old regions: 11->11
[2026-06-18T03:19:41.407+0000][1.536s][info][gc,heap       ] GC(7) Humongous regions: 2->2
[2026-06-18T03:19:41.407+0000][1.536s][info][gc,metaspace  ] GC(7) Metaspace: 24174K(25008K)->24174K(25008K) NonClass: 21883K(22448K)->21883K(22448K) Class: 2290K(2560K)->2290K(2560K)
[2026-06-18T03:19:41.407+0000][1.536s][info][gc            ] GC(7) Pause Young (Normal) (G1 Evacuation Pause) 36M->13M(512M) 1.492ms
[2026-06-18T03:19:41.408+0000][1.536s][info][gc,cpu        ] GC(7) User=0.00s Sys=0.00s Real=0.01s
[2026-06-18T03:19:41.901+0000][2.029s][info][gc,start      ] GC(8) Pause Young (Normal) (G1 Evacuation Pause)
[2026-06-18T03:19:41.901+0000][2.030s][info][gc,task       ] GC(8) Using 12 workers of 13 for evacuation
[2026-06-18T03:19:41.902+0000][2.030s][info][gc,phases     ] GC(8)   Pre Evacuate Collection Set: 0.0ms
[2026-06-18T03:19:41.902+0000][2.030s][info][gc,phases     ] GC(8)   Evacuate Collection Set: 0.5ms
[2026-06-18T03:19:41.902+0000][2.031s][info][gc,phases     ] GC(8)   Post Evacuate Collection Set: 0.3ms
[2026-06-18T03:19:41.902+0000][2.031s][info][gc,phases     ] GC(8)   Other: 0.3ms
[2026-06-18T03:19:41.902+0000][2.031s][info][gc,heap       ] GC(8) Eden regions: 28->0(37)
[2026-06-18T03:19:41.902+0000][2.031s][info][gc,heap       ] GC(8) Survivor regions: 2->2(4)
[2026-06-18T03:19:41.902+0000][2.031s][info][gc,heap       ] GC(8) Old regions: 11->11
[2026-06-18T03:19:41.902+0000][2.031s][info][gc,heap       ] GC(8) Humongous regions: 2->2
[2026-06-18T03:19:41.902+0000][2.031s][info][gc,metaspace  ] GC(8) Metaspace: 24174K(25008K)->24174K(25008K) NonClass: 21883K(22448K)->21883K(22448K) Class: 2291K(2560K)->2291K(2560K)
[2026-06-18T03:19:41.902+0000][2.031s][info][gc            ] GC(8) Pause Young (Normal) (G1 Evacuation Pause) 41M->13M(512M) 1.476ms
[2026-06-18T03:19:41.902+0000][2.031s][info][gc,cpu        ] GC(8) User=0.01s Sys=0.00s Real=0.00s
[2026-06-18T03:19:42.578+0000][2.707s][info][gc,start      ] GC(9) Pause Young (Normal) (G1 Evacuation Pause)
[2026-06-18T03:19:42.578+0000][2.707s][info][gc,task       ] GC(9) Using 12 workers of 13 for evacuation
[2026-06-18T03:19:42.579+0000][2.708s][info][gc,phases     ] GC(9)   Pre Evacuate Collection Set: 0.0ms
[2026-06-18T03:19:42.579+0000][2.708s][info][gc,phases     ] GC(9)   Evacuate Collection Set: 0.5ms
[2026-06-18T03:19:42.579+0000][2.708s][info][gc,phases     ] GC(9)   Post Evacuate Collection Set: 0.3ms
[2026-06-18T03:19:42.579+0000][2.708s][info][gc,phases     ] GC(9)   Other: 0.3ms
[2026-06-18T03:19:42.579+0000][2.708s][info][gc,heap       ] GC(9) Eden regions: 37->0(53)
[2026-06-18T03:19:42.580+0000][2.708s][info][gc,heap       ] GC(9) Survivor regions: 2->2(5)
[2026-06-18T03:19:42.580+0000][2.708s][info][gc,heap       ] GC(9) Old regions: 11->11
[2026-06-18T03:19:42.580+0000][2.708s][info][gc,heap       ] GC(9) Humongous regions: 2->2
[2026-06-18T03:19:42.580+0000][2.709s][info][gc,metaspace  ] GC(9) Metaspace: 24174K(25008K)->24174K(25008K) NonClass: 21883K(22448K)->21883K(22448K) Class: 2291K(2560K)->2291K(2560K)
[2026-06-18T03:19:42.580+0000][2.709s][info][gc            ] GC(9) Pause Young (Normal) (G1 Evacuation Pause) 50M->13M(512M) 1.781ms
[2026-06-18T03:19:42.580+0000][2.709s][info][gc,cpu        ] GC(9) User=0.00s Sys=0.00s Real=0.00s
[2026-06-18T03:19:43.539+0000][3.668s][info][gc,start      ] GC(10) Pause Young (Normal) (G1 Evacuation Pause)
[2026-06-18T03:19:43.540+0000][3.668s][info][gc,task       ] GC(10) Using 12 workers of 13 for evacuation
[2026-06-18T03:19:43.541+0000][3.669s][info][gc,phases     ] GC(10)   Pre Evacuate Collection Set: 0.0ms
[2026-06-18T03:19:43.541+0000][3.669s][info][gc,phases     ] GC(10)   Evacuate Collection Set: 0.5ms
[2026-06-18T03:19:43.541+0000][3.669s][info][gc,phases     ] GC(10)   Post Evacuate Collection Set: 0.3ms
[2026-06-18T03:19:43.541+0000][3.670s][info][gc,phases     ] GC(10)   Other: 0.3ms
[2026-06-18T03:19:43.541+0000][3.670s][info][gc,heap       ] GC(10) Eden regions: 53->0(74)
[2026-06-18T03:19:43.541+0000][3.670s][info][gc,heap       ] GC(10) Survivor regions: 2->2(7)
[2026-06-18T03:19:43.541+0000][3.670s][info][gc,heap       ] GC(10) Old regions: 11->11
[2026-06-18T03:19:43.541+0000][3.670s][info][gc,heap       ] GC(10) Humongous regions: 2->2
[2026-06-18T03:19:43.541+0000][3.670s][info][gc,metaspace  ] GC(10) Metaspace: 24174K(25008K)->24174K(25008K) NonClass: 21883K(22448K)->21883K(22448K) Class: 2291K(2560K)->2291K(2560K)
[2026-06-18T03:19:43.541+0000][3.670s][info][gc            ] GC(10) Pause Young (Normal) (G1 Evacuation Pause) 66M->13M(512M) 1.936ms
[2026-06-18T03:19:43.542+0000][3.671s][info][gc,cpu        ] GC(10) User=0.01s Sys=0.00s Real=0.00s
[2026-06-18T03:19:44.862+0000][4.991s][info][gc,start      ] GC(11) Pause Young (Normal) (G1 Evacuation Pause)
[2026-06-18T03:19:44.862+0000][4.991s][info][gc,task       ] GC(11) Using 12 workers of 13 for evacuation
[2026-06-18T03:19:44.864+0000][4.992s][info][gc,phases     ] GC(11)   Pre Evacuate Collection Set: 0.0ms
[2026-06-18T03:19:44.864+0000][4.992s][info][gc,phases     ] GC(11)   Evacuate Collection Set: 1.4ms
[2026-06-18T03:19:44.864+0000][4.992s][info][gc,phases     ] GC(11)   Post Evacuate Collection Set: 0.3ms
[2026-06-18T03:19:44.864+0000][4.993s][info][gc,phases     ] GC(11)   Other: 0.2ms
[2026-06-18T03:19:44.864+0000][4.993s][info][gc,heap       ] GC(11) Eden regions: 74->0(105)
[2026-06-18T03:19:44.864+0000][4.993s][info][gc,heap       ] GC(11) Survivor regions: 2->2(10)
[2026-06-18T03:19:44.864+0000][4.993s][info][gc,heap       ] GC(11) Old regions: 11->11
[2026-06-18T03:19:44.864+0000][4.993s][info][gc,heap       ] GC(11) Humongous regions: 2->2
[2026-06-18T03:19:44.864+0000][4.993s][info][gc,metaspace  ] GC(11) Metaspace: 24174K(25008K)->24174K(25008K) NonClass: 21883K(22448K)->21883K(22448K) Class: 2291K(2560K)->2291K(2560K)
[2026-06-18T03:19:44.864+0000][4.993s][info][gc            ] GC(11) Pause Young (Normal) (G1 Evacuation Pause) 87M->13M(512M) 2.196ms
[2026-06-18T03:19:44.864+0000][4.993s][info][gc,cpu        ] GC(11) User=0.01s Sys=0.00s Real=0.00s
[2026-06-18T03:19:45.167+0000][5.295s][info][gc,heap,exit  ] Heap
[2026-06-18T03:19:45.167+0000][5.296s][info][gc,heap,exit  ]  garbage-first heap   total 524288K, used 32213K [0x00000000e0000000, 0x0000000100000000)
[2026-06-18T03:19:45.167+0000][5.296s][info][gc,heap,exit  ]   region size 1024K, 21 young (21504K), 2 survivors (2048K)
[2026-06-18T03:19:45.167+0000][5.296s][info][gc,heap,exit  ]  Metaspace       used 24273K, capacity 24914K, committed 25008K, reserved 1071104K
[2026-06-18T03:19:45.167+0000][5.296s][info][gc,heap,exit  ]   class space    used 2299K, capacity 2530K, committed 2560K, reserved 1048576K
