[2026-06-18T03:20:32.043+0000][0.003s][info][gc,heap] Heap region size: 1M
[2026-06-18T03:20:32.046+0000][0.006s][info][gc     ] Using G1
[2026-06-18T03:20:32.046+0000][0.006s][info][gc,heap,coops] Heap address: 0x00000000e0000000, size: 512 MB, Compressed Oops mode: 32-bit
[2026-06-18T03:20:32.298+0000][0.259s][info][gc,start     ] GC(0) Pause Young (Normal) (G1 Evacuation Pause)
[2026-06-18T03:20:32.299+0000][0.260s][info][gc,task      ] GC(0) Using 12 workers of 13 for evacuation
[2026-06-18T03:20:32.303+0000][0.264s][info][gc,phases    ] GC(0)   Pre Evacuate Collection Set: 0.0ms
[2026-06-18T03:20:32.303+0000][0.264s][info][gc,phases    ] GC(0)   Evacuate Collection Set: 3.2ms
[2026-06-18T03:20:32.303+0000][0.264s][info][gc,phases    ] GC(0)   Post Evacuate Collection Set: 0.4ms
[2026-06-18T03:20:32.303+0000][0.264s][info][gc,phases    ] GC(0)   Other: 1.2ms
[2026-06-18T03:20:32.303+0000][0.264s][info][gc,heap      ] GC(0) Eden regions: 25->0(21)
[2026-06-18T03:20:32.303+0000][0.264s][info][gc,heap      ] GC(0) Survivor regions: 0->4(4)
[2026-06-18T03:20:32.303+0000][0.264s][info][gc,heap      ] GC(0) Old regions: 0->3
[2026-06-18T03:20:32.304+0000][0.264s][info][gc,heap      ] GC(0) Humongous regions: 0->0
[2026-06-18T03:20:32.304+0000][0.264s][info][gc,metaspace ] GC(0) Metaspace: 15527K(16128K)->15527K(16128K) NonClass: 13975K(14336K)->13975K(14336K) Class: 1552K(1792K)->1552K(1792K)
[2026-06-18T03:20:32.304+0000][0.264s][info][gc           ] GC(0) Pause Young (Normal) (G1 Evacuation Pause) 25M->6M(512M) 5.382ms
[2026-06-18T03:20:32.304+0000][0.264s][info][gc,cpu       ] GC(0) User=0.03s Sys=0.01s Real=0.01s
[2026-06-18T03:20:32.381+0000][0.341s][info][gc,start     ] GC(1) Pause Young (Normal) (G1 Evacuation Pause)
[2026-06-18T03:20:32.381+0000][0.342s][info][gc,task      ] GC(1) Using 12 workers of 13 for evacuation
[2026-06-18T03:20:32.383+0000][0.343s][info][gc,phases    ] GC(1)   Pre Evacuate Collection Set: 0.0ms
[2026-06-18T03:20:32.383+0000][0.343s][info][gc,phases    ] GC(1)   Evacuate Collection Set: 1.2ms
[2026-06-18T03:20:32.383+0000][0.343s][info][gc,phases    ] GC(1)   Post Evacuate Collection Set: 0.3ms
[2026-06-18T03:20:32.383+0000][0.343s][info][gc,phases    ] GC(1)   Other: 0.3ms
[2026-06-18T03:20:32.383+0000][0.343s][info][gc,heap      ] GC(1) Eden regions: 21->0(24)
[2026-06-18T03:20:32.383+0000][0.344s][info][gc,heap      ] GC(1) Survivor regions: 4->1(4)
[2026-06-18T03:20:32.383+0000][0.344s][info][gc,heap      ] GC(1) Old regions: 3->7
[2026-06-18T03:20:32.383+0000][0.344s][info][gc,heap      ] GC(1) Humongous regions: 2->2
[2026-06-18T03:20:32.383+0000][0.344s][info][gc,metaspace ] GC(1) Metaspace: 19500K(19968K)->19500K(19968K) NonClass: 17674K(17920K)->17674K(17920K) Class: 1825K(2048K)->1825K(2048K)
[2026-06-18T03:20:32.383+0000][0.344s][info][gc           ] GC(1) Pause Young (Normal) (G1 Evacuation Pause) 29M->9M(512M) 2.293ms
[2026-06-18T03:20:32.383+0000][0.344s][info][gc,cpu       ] GC(1) User=0.02s Sys=0.00s Real=0.01s
[2026-06-18T03:20:32.403+0000][0.363s][info][gc,start     ] GC(2) Pause Young (Concurrent Start) (Metadata GC Threshold)
[2026-06-18T03:20:32.403+0000][0.363s][info][gc,task      ] GC(2) Using 12 workers of 13 for evacuation
[2026-06-18T03:20:32.404+0000][0.364s][info][gc,phases    ] GC(2)   Pre Evacuate Collection Set: 0.0ms
[2026-06-18T03:20:32.404+0000][0.364s][info][gc,phases    ] GC(2)   Evacuate Collection Set: 0.7ms
[2026-06-18T03:20:32.404+0000][0.364s][info][gc,phases    ] GC(2)   Post Evacuate Collection Set: 0.3ms
[2026-06-18T03:20:32.404+0000][0.365s][info][gc,phases    ] GC(2)   Other: 0.3ms
[2026-06-18T03:20:32.404+0000][0.365s][info][gc,heap      ] GC(2) Eden regions: 8->0(24)
[2026-06-18T03:20:32.404+0000][0.365s][info][gc,heap      ] GC(2) Survivor regions: 1->1(4)
[2026-06-18T03:20:32.404+0000][0.365s][info][gc,heap      ] GC(2) Old regions: 7->7
[2026-06-18T03:20:32.404+0000][0.365s][info][gc,heap      ] GC(2) Humongous regions: 2->2
[2026-06-18T03:20:32.404+0000][0.365s][info][gc,metaspace ] GC(2) Metaspace: 20789K(21296K)->20789K(21296K) NonClass: 18877K(19120K)->18877K(19120K) Class: 1911K(2176K)->1911K(2176K)
[2026-06-18T03:20:32.404+0000][0.365s][info][gc           ] GC(2) Pause Young (Concurrent Start) (Metadata GC Threshold) 16M->9M(512M) 1.858ms
[2026-06-18T03:20:32.404+0000][0.365s][info][gc,cpu       ] GC(2) User=0.01s Sys=0.00s Real=0.00s
[2026-06-18T03:20:32.404+0000][0.365s][info][gc           ] GC(3) Concurrent Cycle
[2026-06-18T03:20:32.405+0000][0.365s][info][gc,marking   ] GC(3) Concurrent Clear Claimed Marks
[2026-06-18T03:20:32.405+0000][0.365s][info][gc,marking   ] GC(3) Concurrent Clear Claimed Marks 0.057ms
[2026-06-18T03:20:32.405+0000][0.365s][info][gc,marking   ] GC(3) Concurrent Scan Root Regions
[2026-06-18T03:20:32.405+0000][0.366s][info][gc,marking   ] GC(3) Concurrent Scan Root Regions 0.564ms
[2026-06-18T03:20:32.405+0000][0.366s][info][gc,marking   ] GC(3) Concurrent Mark (0.366s)
[2026-06-18T03:20:32.405+0000][0.366s][info][gc,marking   ] GC(3) Concurrent Mark From Roots
[2026-06-18T03:20:32.406+0000][0.366s][info][gc,task      ] GC(3) Using 3 workers of 3 for marking
[2026-06-18T03:20:32.407+0000][0.367s][info][gc,marking   ] GC(3) Concurrent Mark From Roots 1.415ms
[2026-06-18T03:20:32.407+0000][0.367s][info][gc,marking   ] GC(3) Concurrent Preclean
[2026-06-18T03:20:32.407+0000][0.367s][info][gc,marking   ] GC(3) Concurrent Preclean 0.098ms
[2026-06-18T03:20:32.407+0000][0.368s][info][gc,marking   ] GC(3) Concurrent Mark (0.366s, 0.368s) 1.687ms
[2026-06-18T03:20:32.407+0000][0.368s][info][gc,start     ] GC(3) Pause Remark
[2026-06-18T03:20:32.408+0000][0.368s][info][gc,stringtable] GC(3) Cleaned string and symbol table, strings: 8643 processed, 13 removed, symbols: 62218 processed, 20 removed
[2026-06-18T03:20:32.408+0000][0.369s][info][gc            ] GC(3) Pause Remark 10M->10M(512M) 0.951ms
[2026-06-18T03:20:32.408+0000][0.369s][info][gc,cpu        ] GC(3) User=0.00s Sys=0.00s Real=0.00s
[2026-06-18T03:20:32.408+0000][0.369s][info][gc,marking    ] GC(3) Concurrent Rebuild Remembered Sets
[2026-06-18T03:20:32.409+0000][0.370s][info][gc,marking    ] GC(3) Concurrent Rebuild Remembered Sets 0.885ms
[2026-06-18T03:20:32.409+0000][0.370s][info][gc,start      ] GC(3) Pause Cleanup
[2026-06-18T03:20:32.409+0000][0.370s][info][gc            ] GC(3) Pause Cleanup 10M->10M(512M) 0.163ms
[2026-06-18T03:20:32.410+0000][0.370s][info][gc,cpu        ] GC(3) User=0.00s Sys=0.00s Real=0.00s
[2026-06-18T03:20:32.410+0000][0.370s][info][gc,marking    ] GC(3) Concurrent Cleanup for Next Mark
[2026-06-18T03:20:32.410+0000][0.371s][info][gc,marking    ] GC(3) Concurrent Cleanup for Next Mark 0.822ms
[2026-06-18T03:20:32.411+0000][0.371s][info][gc            ] GC(3) Concurrent Cycle 6.089ms
[2026-06-18T03:20:32.498+0000][0.459s][info][gc,start      ] GC(4) Pause Young (Normal) (G1 Evacuation Pause)
[2026-06-18T03:20:32.498+0000][0.459s][info][gc,task       ] GC(4) Using 12 workers of 13 for evacuation
[2026-06-18T03:20:32.500+0000][0.461s][info][gc,phases     ] GC(4)   Pre Evacuate Collection Set: 0.0ms
[2026-06-18T03:20:32.500+0000][0.461s][info][gc,phases     ] GC(4)   Evacuate Collection Set: 1.3ms
[2026-06-18T03:20:32.500+0000][0.461s][info][gc,phases     ] GC(4)   Post Evacuate Collection Set: 0.4ms
[2026-06-18T03:20:32.500+0000][0.461s][info][gc,phases     ] GC(4)   Other: 0.4ms
[2026-06-18T03:20:32.500+0000][0.461s][info][gc,heap       ] GC(4) Eden regions: 24->0(21)
[2026-06-18T03:20:32.500+0000][0.461s][info][gc,heap       ] GC(4) Survivor regions: 1->4(4)
[2026-06-18T03:20:32.500+0000][0.461s][info][gc,heap       ] GC(4) Old regions: 7->7
[2026-06-18T03:20:32.501+0000][0.461s][info][gc,heap       ] GC(4) Humongous regions: 2->2
[2026-06-18T03:20:32.501+0000][0.461s][info][gc,metaspace  ] GC(4) Metaspace: 23481K(24240K)->23481K(24240K) NonClass: 21192K(21680K)->21192K(21680K) Class: 2289K(2560K)->2289K(2560K)
[2026-06-18T03:20:32.501+0000][0.461s][info][gc            ] GC(4) Pause Young (Normal) (G1 Evacuation Pause) 33M->12M(512M) 2.633ms
[2026-06-18T03:20:32.501+0000][0.461s][info][gc,cpu        ] GC(4) User=0.01s Sys=0.00s Real=0.00s
[2026-06-18T03:20:32.778+0000][0.738s][info][gc,start      ] GC(5) Pause Young (Normal) (G1 Evacuation Pause)
[2026-06-18T03:20:32.778+0000][0.738s][info][gc,task       ] GC(5) Using 12 workers of 13 for evacuation
[2026-06-18T03:20:32.779+0000][0.740s][info][gc,phases     ] GC(5)   Pre Evacuate Collection Set: 0.0ms
[2026-06-18T03:20:32.779+0000][0.740s][info][gc,phases     ] GC(5)   Evacuate Collection Set: 1.1ms
[2026-06-18T03:20:32.780+0000][0.740s][info][gc,phases     ] GC(5)   Post Evacuate Collection Set: 0.3ms
[2026-06-18T03:20:32.780+0000][0.740s][info][gc,phases     ] GC(5)   Other: 0.3ms
[2026-06-18T03:20:32.780+0000][0.740s][info][gc,heap       ] GC(5) Eden regions: 21->0(23)
[2026-06-18T03:20:32.780+0000][0.740s][info][gc,heap       ] GC(5) Survivor regions: 4->2(4)
[2026-06-18T03:20:32.780+0000][0.740s][info][gc,heap       ] GC(5) Old regions: 7->11
[2026-06-18T03:20:32.780+0000][0.740s][info][gc,heap       ] GC(5) Humongous regions: 2->2
[2026-06-18T03:20:32.780+0000][0.740s][info][gc,metaspace  ] GC(5) Metaspace: 24131K(24752K)->24131K(24752K) NonClass: 21840K(22192K)->21840K(22192K) Class: 2290K(2560K)->2290K(2560K)
[2026-06-18T03:20:32.780+0000][0.741s][info][gc            ] GC(5) Pause Young (Normal) (G1 Evacuation Pause) 33M->13M(512M) 2.373ms
[2026-06-18T03:20:32.780+0000][0.741s][info][gc,cpu        ] GC(5) User=0.00s Sys=0.00s Real=0.00s
[2026-06-18T03:20:33.186+0000][1.147s][info][gc,start      ] GC(6) Pause Young (Normal) (G1 Evacuation Pause)
[2026-06-18T03:20:33.186+0000][1.147s][info][gc,task       ] GC(6) Using 12 workers of 13 for evacuation
[2026-06-18T03:20:33.187+0000][1.148s][info][gc,phases     ] GC(6)   Pre Evacuate Collection Set: 0.0ms
[2026-06-18T03:20:33.187+0000][1.148s][info][gc,phases     ] GC(6)   Evacuate Collection Set: 0.4ms
[2026-06-18T03:20:33.187+0000][1.148s][info][gc,phases     ] GC(6)   Post Evacuate Collection Set: 0.3ms
[2026-06-18T03:20:33.187+0000][1.148s][info][gc,phases     ] GC(6)   Other: 0.3ms
[2026-06-18T03:20:33.187+0000][1.148s][info][gc,heap       ] GC(6) Eden regions: 23->0(23)
[2026-06-18T03:20:33.187+0000][1.148s][info][gc,heap       ] GC(6) Survivor regions: 2->2(4)
[2026-06-18T03:20:33.187+0000][1.148s][info][gc,heap       ] GC(6) Old regions: 11->11
[2026-06-18T03:20:33.187+0000][1.148s][info][gc,heap       ] GC(6) Humongous regions: 2->2
[2026-06-18T03:20:33.188+0000][1.148s][info][gc,metaspace  ] GC(6) Metaspace: 24141K(25008K)->24141K(25008K) NonClass: 21851K(22448K)->21851K(22448K) Class: 2290K(2560K)->2290K(2560K)
[2026-06-18T03:20:33.188+0000][1.148s][info][gc            ] GC(6) Pause Young (Normal) (G1 Evacuation Pause) 36M->13M(512M) 1.532ms
[2026-06-18T03:20:33.188+0000][1.148s][info][gc,cpu        ] GC(6) User=0.01s Sys=0.00s Real=0.00s
[2026-06-18T03:20:33.605+0000][1.565s][info][gc,start      ] GC(7) Pause Young (Normal) (G1 Evacuation Pause)
[2026-06-18T03:20:33.605+0000][1.565s][info][gc,task       ] GC(7) Using 12 workers of 13 for evacuation
[2026-06-18T03:20:33.606+0000][1.566s][info][gc,phases     ] GC(7)   Pre Evacuate Collection Set: 0.0ms
[2026-06-18T03:20:33.606+0000][1.566s][info][gc,phases     ] GC(7)   Evacuate Collection Set: 0.4ms
[2026-06-18T03:20:33.606+0000][1.567s][info][gc,phases     ] GC(7)   Post Evacuate Collection Set: 0.3ms
[2026-06-18T03:20:33.606+0000][1.567s][info][gc,phases     ] GC(7)   Other: 0.4ms
[2026-06-18T03:20:33.606+0000][1.567s][info][gc,heap       ] GC(7) Eden regions: 23->0(26)
[2026-06-18T03:20:33.606+0000][1.567s][info][gc,heap       ] GC(7) Survivor regions: 2->2(4)
[2026-06-18T03:20:33.606+0000][1.567s][info][gc,heap       ] GC(7) Old regions: 11->11
[2026-06-18T03:20:33.606+0000][1.567s][info][gc,heap       ] GC(7) Humongous regions: 2->2
[2026-06-18T03:20:33.606+0000][1.567s][info][gc,metaspace  ] GC(7) Metaspace: 24177K(25008K)->24177K(25008K) NonClass: 21887K(22448K)->21887K(22448K) Class: 2290K(2560K)->2290K(2560K)
[2026-06-18T03:20:33.606+0000][1.567s][info][gc            ] GC(7) Pause Young (Normal) (G1 Evacuation Pause) 36M->13M(512M) 1.688ms
[2026-06-18T03:20:33.606+0000][1.567s][info][gc,cpu        ] GC(7) User=0.00s Sys=0.00s Real=0.00s
[2026-06-18T03:20:34.088+0000][2.048s][info][gc,start      ] GC(8) Pause Young (Normal) (G1 Evacuation Pause)
[2026-06-18T03:20:34.088+0000][2.049s][info][gc,task       ] GC(8) Using 12 workers of 13 for evacuation
[2026-06-18T03:20:34.089+0000][2.049s][info][gc,phases     ] GC(8)   Pre Evacuate Collection Set: 0.0ms
[2026-06-18T03:20:34.089+0000][2.049s][info][gc,phases     ] GC(8)   Evacuate Collection Set: 0.5ms
[2026-06-18T03:20:34.089+0000][2.049s][info][gc,phases     ] GC(8)   Post Evacuate Collection Set: 0.2ms
[2026-06-18T03:20:34.089+0000][2.050s][info][gc,phases     ] GC(8)   Other: 0.3ms
[2026-06-18T03:20:34.089+0000][2.050s][info][gc,heap       ] GC(8) Eden regions: 26->0(30)
[2026-06-18T03:20:34.089+0000][2.050s][info][gc,heap       ] GC(8) Survivor regions: 2->2(4)
[2026-06-18T03:20:34.089+0000][2.050s][info][gc,heap       ] GC(8) Old regions: 11->11
[2026-06-18T03:20:34.089+0000][2.050s][info][gc,heap       ] GC(8) Humongous regions: 2->2
[2026-06-18T03:20:34.089+0000][2.050s][info][gc,metaspace  ] GC(8) Metaspace: 24181K(25008K)->24181K(25008K) NonClass: 21890K(22448K)->21890K(22448K) Class: 2291K(2560K)->2291K(2560K)
[2026-06-18T03:20:34.089+0000][2.050s][info][gc            ] GC(8) Pause Young (Normal) (G1 Evacuation Pause) 39M->13M(512M) 1.609ms
[2026-06-18T03:20:34.089+0000][2.050s][info][gc,cpu        ] GC(8) User=0.00s Sys=0.00s Real=0.00s
[2026-06-18T03:20:34.646+0000][2.606s][info][gc,start      ] GC(9) Pause Young (Normal) (G1 Evacuation Pause)
[2026-06-18T03:20:34.646+0000][2.606s][info][gc,task       ] GC(9) Using 12 workers of 13 for evacuation
[2026-06-18T03:20:34.647+0000][2.607s][info][gc,phases     ] GC(9)   Pre Evacuate Collection Set: 0.0ms
[2026-06-18T03:20:34.647+0000][2.607s][info][gc,phases     ] GC(9)   Evacuate Collection Set: 0.4ms
[2026-06-18T03:20:34.647+0000][2.607s][info][gc,phases     ] GC(9)   Post Evacuate Collection Set: 0.3ms
[2026-06-18T03:20:34.647+0000][2.608s][info][gc,phases     ] GC(9)   Other: 0.3ms
[2026-06-18T03:20:34.647+0000][2.608s][info][gc,heap       ] GC(9) Eden regions: 30->0(37)
[2026-06-18T03:20:34.647+0000][2.608s][info][gc,heap       ] GC(9) Survivor regions: 2->2(4)
[2026-06-18T03:20:34.647+0000][2.608s][info][gc,heap       ] GC(9) Old regions: 11->11
[2026-06-18T03:20:34.647+0000][2.608s][info][gc,heap       ] GC(9) Humongous regions: 2->2
[2026-06-18T03:20:34.647+0000][2.608s][info][gc,metaspace  ] GC(9) Metaspace: 24181K(25008K)->24181K(25008K) NonClass: 21890K(22448K)->21890K(22448K) Class: 2291K(2560K)->2291K(2560K)
[2026-06-18T03:20:34.647+0000][2.608s][info][gc            ] GC(9) Pause Young (Normal) (G1 Evacuation Pause) 43M->13M(512M) 1.558ms
[2026-06-18T03:20:34.647+0000][2.608s][info][gc,cpu        ] GC(9) User=0.00s Sys=0.01s Real=0.00s
[2026-06-18T03:20:35.329+0000][3.290s][info][gc,start      ] GC(10) Pause Young (Normal) (G1 Evacuation Pause)
[2026-06-18T03:20:35.329+0000][3.290s][info][gc,task       ] GC(10) Using 12 workers of 13 for evacuation
[2026-06-18T03:20:35.330+0000][3.291s][info][gc,phases     ] GC(10)   Pre Evacuate Collection Set: 0.0ms
[2026-06-18T03:20:35.330+0000][3.291s][info][gc,phases     ] GC(10)   Evacuate Collection Set: 0.5ms
[2026-06-18T03:20:35.330+0000][3.291s][info][gc,phases     ] GC(10)   Post Evacuate Collection Set: 0.3ms
[2026-06-18T03:20:35.330+0000][3.291s][info][gc,phases     ] GC(10)   Other: 0.3ms
[2026-06-18T03:20:35.330+0000][3.291s][info][gc,heap       ] GC(10) Eden regions: 37->0(48)
[2026-06-18T03:20:35.330+0000][3.291s][info][gc,heap       ] GC(10) Survivor regions: 2->2(5)
[2026-06-18T03:20:35.330+0000][3.291s][info][gc,heap       ] GC(10) Old regions: 11->11
[2026-06-18T03:20:35.330+0000][3.291s][info][gc,heap       ] GC(10) Humongous regions: 2->2
[2026-06-18T03:20:35.330+0000][3.291s][info][gc,metaspace  ] GC(10) Metaspace: 24181K(25008K)->24181K(25008K) NonClass: 21890K(22448K)->21890K(22448K) Class: 2291K(2560K)->2291K(2560K)
[2026-06-18T03:20:35.331+0000][3.291s][info][gc            ] GC(10) Pause Young (Normal) (G1 Evacuation Pause) 50M->13M(512M) 1.598ms
[2026-06-18T03:20:35.331+0000][3.291s][info][gc,cpu        ] GC(10) User=0.01s Sys=0.00s Real=0.00s
[2026-06-18T03:20:36.196+0000][4.156s][info][gc,start      ] GC(11) Pause Young (Normal) (G1 Evacuation Pause)
[2026-06-18T03:20:36.196+0000][4.156s][info][gc,task       ] GC(11) Using 12 workers of 13 for evacuation
[2026-06-18T03:20:36.197+0000][4.157s][info][gc,phases     ] GC(11)   Pre Evacuate Collection Set: 0.0ms
[2026-06-18T03:20:36.197+0000][4.157s][info][gc,phases     ] GC(11)   Evacuate Collection Set: 0.5ms
[2026-06-18T03:20:36.197+0000][4.157s][info][gc,phases     ] GC(11)   Post Evacuate Collection Set: 0.2ms
[2026-06-18T03:20:36.197+0000][4.157s][info][gc,phases     ] GC(11)   Other: 0.3ms
[2026-06-18T03:20:36.197+0000][4.157s][info][gc,heap       ] GC(11) Eden regions: 48->0(64)
[2026-06-18T03:20:36.197+0000][4.157s][info][gc,heap       ] GC(11) Survivor regions: 2->2(7)
[2026-06-18T03:20:36.197+0000][4.158s][info][gc,heap       ] GC(11) Old regions: 11->11
[2026-06-18T03:20:36.197+0000][4.158s][info][gc,heap       ] GC(11) Humongous regions: 2->2
[2026-06-18T03:20:36.197+0000][4.158s][info][gc,metaspace  ] GC(11) Metaspace: 24181K(25008K)->24181K(25008K) NonClass: 21890K(22448K)->21890K(22448K) Class: 2291K(2560K)->2291K(2560K)
[2026-06-18T03:20:36.197+0000][4.158s][info][gc            ] GC(11) Pause Young (Normal) (G1 Evacuation Pause) 61M->13M(512M) 1.497ms
[2026-06-18T03:20:36.197+0000][4.158s][info][gc,cpu        ] GC(11) User=0.00s Sys=0.01s Real=0.00s
[2026-06-18T03:20:37.337+0000][5.297s][info][gc,start      ] GC(12) Pause Young (Normal) (G1 Evacuation Pause)
[2026-06-18T03:20:37.337+0000][5.298s][info][gc,task       ] GC(12) Using 12 workers of 13 for evacuation
[2026-06-18T03:20:37.338+0000][5.298s][info][gc,phases     ] GC(12)   Pre Evacuate Collection Set: 0.0ms
[2026-06-18T03:20:37.338+0000][5.298s][info][gc,phases     ] GC(12)   Evacuate Collection Set: 0.5ms
[2026-06-18T03:20:37.338+0000][5.299s][info][gc,phases     ] GC(12)   Post Evacuate Collection Set: 0.3ms
[2026-06-18T03:20:37.338+0000][5.299s][info][gc,phases     ] GC(12)   Other: 0.3ms
[2026-06-18T03:20:37.338+0000][5.299s][info][gc,heap       ] GC(12) Eden regions: 64->0(85)
[2026-06-18T03:20:37.338+0000][5.299s][info][gc,heap       ] GC(12) Survivor regions: 2->2(9)
[2026-06-18T03:20:37.338+0000][5.299s][info][gc,heap       ] GC(12) Old regions: 11->11
[2026-06-18T03:20:37.338+0000][5.299s][info][gc,heap       ] GC(12) Humongous regions: 2->2
[2026-06-18T03:20:37.338+0000][5.299s][info][gc,metaspace  ] GC(12) Metaspace: 24242K(25008K)->24242K(25008K) NonClass: 21943K(22448K)->21943K(22448K) Class: 2298K(2560K)->2298K(2560K)
[2026-06-18T03:20:37.338+0000][5.299s][info][gc            ] GC(12) Pause Young (Normal) (G1 Evacuation Pause) 77M->13M(512M) 1.498ms
[2026-06-18T03:20:37.338+0000][5.299s][info][gc,cpu        ] GC(12) User=0.00s Sys=0.00s Real=0.00s
[2026-06-18T03:20:37.344+0000][5.304s][info][gc,heap,exit  ] Heap
[2026-06-18T03:20:37.344+0000][5.304s][info][gc,heap,exit  ]  garbage-first heap   total 524288K, used 15169K [0x00000000e0000000, 0x0000000100000000)
[2026-06-18T03:20:37.344+0000][5.304s][info][gc,heap,exit  ]   region size 1024K, 4 young (4096K), 2 survivors (2048K)
[2026-06-18T03:20:37.344+0000][5.304s][info][gc,heap,exit  ]  Metaspace       used 24280K, capacity 24914K, committed 25008K, reserved 1071104K
[2026-06-18T03:20:37.344+0000][5.304s][info][gc,heap,exit  ]   class space    used 2299K, capacity 2530K, committed 2560K, reserved 1048576K
