[2026-06-18T03:23:08.700+0000][0.003s][info][gc,heap] Heap region size: 1M
[2026-06-18T03:23:08.703+0000][0.006s][info][gc     ] Using G1
[2026-06-18T03:23:08.703+0000][0.006s][info][gc,heap,coops] Heap address: 0x00000000e0000000, size: 512 MB, Compressed Oops mode: 32-bit
[2026-06-18T03:23:08.947+0000][0.250s][info][gc,start     ] GC(0) Pause Young (Normal) (G1 Evacuation Pause)
[2026-06-18T03:23:08.948+0000][0.251s][info][gc,task      ] GC(0) Using 12 workers of 13 for evacuation
[2026-06-18T03:23:08.955+0000][0.259s][info][gc,phases    ] GC(0)   Pre Evacuate Collection Set: 0.0ms
[2026-06-18T03:23:08.955+0000][0.259s][info][gc,phases    ] GC(0)   Evacuate Collection Set: 6.9ms
[2026-06-18T03:23:08.956+0000][0.259s][info][gc,phases    ] GC(0)   Post Evacuate Collection Set: 0.4ms
[2026-06-18T03:23:08.956+0000][0.259s][info][gc,phases    ] GC(0)   Other: 1.2ms
[2026-06-18T03:23:08.956+0000][0.259s][info][gc,heap      ] GC(0) Eden regions: 25->0(21)
[2026-06-18T03:23:08.956+0000][0.259s][info][gc,heap      ] GC(0) Survivor regions: 0->4(4)
[2026-06-18T03:23:08.956+0000][0.259s][info][gc,heap      ] GC(0) Old regions: 0->3
[2026-06-18T03:23:08.956+0000][0.259s][info][gc,heap      ] GC(0) Humongous regions: 0->0
[2026-06-18T03:23:08.956+0000][0.259s][info][gc,metaspace ] GC(0) Metaspace: 15701K(16384K)->15701K(16384K) NonClass: 14132K(14592K)->14132K(14592K) Class: 1568K(1792K)->1568K(1792K)
[2026-06-18T03:23:08.956+0000][0.259s][info][gc           ] GC(0) Pause Young (Normal) (G1 Evacuation Pause) 25M->6M(512M) 8.986ms
[2026-06-18T03:23:08.956+0000][0.259s][info][gc,cpu       ] GC(0) User=0.04s Sys=0.05s Real=0.01s
[2026-06-18T03:23:09.025+0000][0.328s][info][gc,start     ] GC(1) Pause Young (Normal) (G1 Evacuation Pause)
[2026-06-18T03:23:09.025+0000][0.328s][info][gc,task      ] GC(1) Using 12 workers of 13 for evacuation
[2026-06-18T03:23:09.026+0000][0.330s][info][gc,phases    ] GC(1)   Pre Evacuate Collection Set: 0.0ms
[2026-06-18T03:23:09.026+0000][0.330s][info][gc,phases    ] GC(1)   Evacuate Collection Set: 1.1ms
[2026-06-18T03:23:09.027+0000][0.330s][info][gc,phases    ] GC(1)   Post Evacuate Collection Set: 0.3ms
[2026-06-18T03:23:09.027+0000][0.330s][info][gc,phases    ] GC(1)   Other: 0.3ms
[2026-06-18T03:23:09.027+0000][0.330s][info][gc,heap      ] GC(1) Eden regions: 21->0(24)
[2026-06-18T03:23:09.027+0000][0.330s][info][gc,heap      ] GC(1) Survivor regions: 4->1(4)
[2026-06-18T03:23:09.027+0000][0.330s][info][gc,heap      ] GC(1) Old regions: 3->7
[2026-06-18T03:23:09.027+0000][0.330s][info][gc,heap      ] GC(1) Humongous regions: 2->2
[2026-06-18T03:23:09.027+0000][0.330s][info][gc,metaspace ] GC(1) Metaspace: 19630K(20224K)->19630K(20224K) NonClass: 17796K(18176K)->17796K(18176K) Class: 1834K(2048K)->1834K(2048K)
[2026-06-18T03:23:09.027+0000][0.330s][info][gc           ] GC(1) Pause Young (Normal) (G1 Evacuation Pause) 29M->9M(512M) 2.167ms
[2026-06-18T03:23:09.027+0000][0.330s][info][gc,cpu       ] GC(1) User=0.01s Sys=0.00s Real=0.00s
[2026-06-18T03:23:09.043+0000][0.346s][info][gc,start     ] GC(2) Pause Young (Concurrent Start) (Metadata GC Threshold)
[2026-06-18T03:23:09.044+0000][0.347s][info][gc,task      ] GC(2) Using 12 workers of 13 for evacuation
[2026-06-18T03:23:09.045+0000][0.348s][info][gc,phases    ] GC(2)   Pre Evacuate Collection Set: 0.0ms
[2026-06-18T03:23:09.045+0000][0.348s][info][gc,phases    ] GC(2)   Evacuate Collection Set: 0.7ms
[2026-06-18T03:23:09.045+0000][0.348s][info][gc,phases    ] GC(2)   Post Evacuate Collection Set: 0.3ms
[2026-06-18T03:23:09.045+0000][0.348s][info][gc,phases    ] GC(2)   Other: 0.5ms
[2026-06-18T03:23:09.045+0000][0.348s][info][gc,heap      ] GC(2) Eden regions: 6->0(24)
[2026-06-18T03:23:09.045+0000][0.348s][info][gc,heap      ] GC(2) Survivor regions: 1->1(4)
[2026-06-18T03:23:09.045+0000][0.348s][info][gc,heap      ] GC(2) Old regions: 7->7
[2026-06-18T03:23:09.045+0000][0.348s][info][gc,heap      ] GC(2) Humongous regions: 2->2
[2026-06-18T03:23:09.045+0000][0.348s][info][gc,metaspace ] GC(2) Metaspace: 20724K(21296K)->20724K(21296K) NonClass: 18817K(19120K)->18817K(19120K) Class: 1906K(2176K)->1906K(2176K)
[2026-06-18T03:23:09.045+0000][0.348s][info][gc           ] GC(2) Pause Young (Concurrent Start) (Metadata GC Threshold) 15M->9M(512M) 1.862ms
[2026-06-18T03:23:09.045+0000][0.348s][info][gc,cpu       ] GC(2) User=0.01s Sys=0.00s Real=0.00s
[2026-06-18T03:23:09.045+0000][0.348s][info][gc           ] GC(3) Concurrent Cycle
[2026-06-18T03:23:09.045+0000][0.348s][info][gc,marking   ] GC(3) Concurrent Clear Claimed Marks
[2026-06-18T03:23:09.045+0000][0.349s][info][gc,marking   ] GC(3) Concurrent Clear Claimed Marks 0.064ms
[2026-06-18T03:23:09.045+0000][0.349s][info][gc,marking   ] GC(3) Concurrent Scan Root Regions
[2026-06-18T03:23:09.046+0000][0.349s][info][gc,marking   ] GC(3) Concurrent Scan Root Regions 0.458ms
[2026-06-18T03:23:09.046+0000][0.349s][info][gc,marking   ] GC(3) Concurrent Mark (0.349s)
[2026-06-18T03:23:09.046+0000][0.349s][info][gc,marking   ] GC(3) Concurrent Mark From Roots
[2026-06-18T03:23:09.046+0000][0.349s][info][gc,task      ] GC(3) Using 3 workers of 3 for marking
[2026-06-18T03:23:09.047+0000][0.350s][info][gc,marking   ] GC(3) Concurrent Mark From Roots 1.296ms
[2026-06-18T03:23:09.047+0000][0.350s][info][gc,marking   ] GC(3) Concurrent Preclean
[2026-06-18T03:23:09.047+0000][0.351s][info][gc,marking   ] GC(3) Concurrent Preclean 0.097ms
[2026-06-18T03:23:09.047+0000][0.351s][info][gc,marking   ] GC(3) Concurrent Mark (0.349s, 0.351s) 1.493ms
[2026-06-18T03:23:09.047+0000][0.351s][info][gc,start     ] GC(3) Pause Remark
[2026-06-18T03:23:09.048+0000][0.351s][info][gc,stringtable] GC(3) Cleaned string and symbol table, strings: 8615 processed, 13 removed, symbols: 62152 processed, 20 removed
[2026-06-18T03:23:09.048+0000][0.352s][info][gc            ] GC(3) Pause Remark 9M->9M(512M) 0.925ms
[2026-06-18T03:23:09.048+0000][0.352s][info][gc,cpu        ] GC(3) User=0.01s Sys=0.00s Real=0.00s
[2026-06-18T03:23:09.048+0000][0.352s][info][gc,marking    ] GC(3) Concurrent Rebuild Remembered Sets
[2026-06-18T03:23:09.049+0000][0.353s][info][gc,marking    ] GC(3) Concurrent Rebuild Remembered Sets 0.784ms
[2026-06-18T03:23:09.049+0000][0.353s][info][gc,start      ] GC(3) Pause Cleanup
[2026-06-18T03:23:09.050+0000][0.353s][info][gc            ] GC(3) Pause Cleanup 10M->10M(512M) 0.139ms
[2026-06-18T03:23:09.050+0000][0.353s][info][gc,cpu        ] GC(3) User=0.00s Sys=0.00s Real=0.00s
[2026-06-18T03:23:09.050+0000][0.353s][info][gc,marking    ] GC(3) Concurrent Cleanup for Next Mark
[2026-06-18T03:23:09.051+0000][0.354s][info][gc,marking    ] GC(3) Concurrent Cleanup for Next Mark 0.808ms
[2026-06-18T03:23:09.051+0000][0.354s][info][gc            ] GC(3) Concurrent Cycle 5.425ms
[2026-06-18T03:23:09.139+0000][0.442s][info][gc,start      ] GC(4) Pause Young (Normal) (G1 Evacuation Pause)
[2026-06-18T03:23:09.139+0000][0.442s][info][gc,task       ] GC(4) Using 12 workers of 13 for evacuation
[2026-06-18T03:23:09.140+0000][0.443s][info][gc,phases     ] GC(4)   Pre Evacuate Collection Set: 0.0ms
[2026-06-18T03:23:09.140+0000][0.443s][info][gc,phases     ] GC(4)   Evacuate Collection Set: 0.8ms
[2026-06-18T03:23:09.140+0000][0.443s][info][gc,phases     ] GC(4)   Post Evacuate Collection Set: 0.3ms
[2026-06-18T03:23:09.140+0000][0.443s][info][gc,phases     ] GC(4)   Other: 0.3ms
[2026-06-18T03:23:09.140+0000][0.444s][info][gc,heap       ] GC(4) Eden regions: 24->0(21)
[2026-06-18T03:23:09.140+0000][0.444s][info][gc,heap       ] GC(4) Survivor regions: 1->4(4)
[2026-06-18T03:23:09.140+0000][0.444s][info][gc,heap       ] GC(4) Old regions: 7->7
[2026-06-18T03:23:09.140+0000][0.444s][info][gc,heap       ] GC(4) Humongous regions: 2->2
[2026-06-18T03:23:09.141+0000][0.444s][info][gc,metaspace  ] GC(4) Metaspace: 23500K(24240K)->23500K(24240K) NonClass: 21211K(21680K)->21211K(21680K) Class: 2289K(2560K)->2289K(2560K)
[2026-06-18T03:23:09.141+0000][0.444s][info][gc            ] GC(4) Pause Young (Normal) (G1 Evacuation Pause) 33M->12M(512M) 1.923ms
[2026-06-18T03:23:09.141+0000][0.444s][info][gc,cpu        ] GC(4) User=0.01s Sys=0.00s Real=0.00s
[2026-06-18T03:23:09.417+0000][0.720s][info][gc,start      ] GC(5) Pause Young (Normal) (G1 Evacuation Pause)
[2026-06-18T03:23:09.417+0000][0.720s][info][gc,task       ] GC(5) Using 12 workers of 13 for evacuation
[2026-06-18T03:23:09.418+0000][0.722s][info][gc,phases     ] GC(5)   Pre Evacuate Collection Set: 0.0ms
[2026-06-18T03:23:09.419+0000][0.722s][info][gc,phases     ] GC(5)   Evacuate Collection Set: 1.1ms
[2026-06-18T03:23:09.419+0000][0.722s][info][gc,phases     ] GC(5)   Post Evacuate Collection Set: 0.2ms
[2026-06-18T03:23:09.419+0000][0.722s][info][gc,phases     ] GC(5)   Other: 0.3ms
[2026-06-18T03:23:09.419+0000][0.722s][info][gc,heap       ] GC(5) Eden regions: 21->0(23)
[2026-06-18T03:23:09.419+0000][0.722s][info][gc,heap       ] GC(5) Survivor regions: 4->2(4)
[2026-06-18T03:23:09.419+0000][0.722s][info][gc,heap       ] GC(5) Old regions: 7->10
[2026-06-18T03:23:09.419+0000][0.722s][info][gc,heap       ] GC(5) Humongous regions: 2->2
[2026-06-18T03:23:09.419+0000][0.722s][info][gc,metaspace  ] GC(5) Metaspace: 24145K(25008K)->24145K(25008K) NonClass: 21854K(22448K)->21854K(22448K) Class: 2290K(2560K)->2290K(2560K)
[2026-06-18T03:23:09.419+0000][0.722s][info][gc            ] GC(5) Pause Young (Normal) (G1 Evacuation Pause) 33M->13M(512M) 2.307ms
[2026-06-18T03:23:09.419+0000][0.722s][info][gc,cpu        ] GC(5) User=0.00s Sys=0.01s Real=0.00s
[2026-06-18T03:23:09.825+0000][1.128s][info][gc,start      ] GC(6) Pause Young (Normal) (G1 Evacuation Pause)
[2026-06-18T03:23:09.825+0000][1.128s][info][gc,task       ] GC(6) Using 12 workers of 13 for evacuation
[2026-06-18T03:23:09.826+0000][1.130s][info][gc,phases     ] GC(6)   Pre Evacuate Collection Set: 0.0ms
[2026-06-18T03:23:09.827+0000][1.130s][info][gc,phases     ] GC(6)   Evacuate Collection Set: 1.0ms
[2026-06-18T03:23:09.827+0000][1.130s][info][gc,phases     ] GC(6)   Post Evacuate Collection Set: 0.3ms
[2026-06-18T03:23:09.827+0000][1.130s][info][gc,phases     ] GC(6)   Other: 0.3ms
[2026-06-18T03:23:09.827+0000][1.130s][info][gc,heap       ] GC(6) Eden regions: 23->0(23)
[2026-06-18T03:23:09.827+0000][1.131s][info][gc,heap       ] GC(6) Survivor regions: 2->2(4)
[2026-06-18T03:23:09.827+0000][1.131s][info][gc,heap       ] GC(6) Old regions: 10->10
[2026-06-18T03:23:09.827+0000][1.131s][info][gc,heap       ] GC(6) Humongous regions: 2->2
[2026-06-18T03:23:09.827+0000][1.131s][info][gc,metaspace  ] GC(6) Metaspace: 24156K(25008K)->24156K(25008K) NonClass: 21865K(22448K)->21865K(22448K) Class: 2290K(2560K)->2290K(2560K)
[2026-06-18T03:23:09.828+0000][1.131s][info][gc            ] GC(6) Pause Young (Normal) (G1 Evacuation Pause) 36M->13M(512M) 2.667ms
[2026-06-18T03:23:09.828+0000][1.131s][info][gc,cpu        ] GC(6) User=0.01s Sys=0.00s Real=0.00s
[2026-06-18T03:23:10.248+0000][1.551s][info][gc,start      ] GC(7) Pause Young (Normal) (G1 Evacuation Pause)
[2026-06-18T03:23:10.248+0000][1.551s][info][gc,task       ] GC(7) Using 12 workers of 13 for evacuation
[2026-06-18T03:23:10.249+0000][1.552s][info][gc,phases     ] GC(7)   Pre Evacuate Collection Set: 0.0ms
[2026-06-18T03:23:10.249+0000][1.552s][info][gc,phases     ] GC(7)   Evacuate Collection Set: 0.5ms
[2026-06-18T03:23:10.249+0000][1.552s][info][gc,phases     ] GC(7)   Post Evacuate Collection Set: 0.2ms
[2026-06-18T03:23:10.249+0000][1.552s][info][gc,phases     ] GC(7)   Other: 0.3ms
[2026-06-18T03:23:10.249+0000][1.552s][info][gc,heap       ] GC(7) Eden regions: 23->0(26)
[2026-06-18T03:23:10.249+0000][1.552s][info][gc,heap       ] GC(7) Survivor regions: 2->2(4)
[2026-06-18T03:23:10.249+0000][1.552s][info][gc,heap       ] GC(7) Old regions: 10->10
[2026-06-18T03:23:10.249+0000][1.552s][info][gc,heap       ] GC(7) Humongous regions: 2->2
[2026-06-18T03:23:10.249+0000][1.552s][info][gc,metaspace  ] GC(7) Metaspace: 24192K(25008K)->24192K(25008K) NonClass: 21901K(22448K)->21901K(22448K) Class: 2290K(2560K)->2290K(2560K)
[2026-06-18T03:23:10.249+0000][1.552s][info][gc            ] GC(7) Pause Young (Normal) (G1 Evacuation Pause) 36M->13M(512M) 1.395ms
[2026-06-18T03:23:10.249+0000][1.552s][info][gc,cpu        ] GC(7) User=0.01s Sys=0.00s Real=0.00s
[2026-06-18T03:23:10.751+0000][2.055s][info][gc,start      ] GC(8) Pause Young (Normal) (G1 Evacuation Pause)
[2026-06-18T03:23:10.751+0000][2.055s][info][gc,task       ] GC(8) Using 12 workers of 13 for evacuation
[2026-06-18T03:23:10.752+0000][2.056s][info][gc,phases     ] GC(8)   Pre Evacuate Collection Set: 0.0ms
[2026-06-18T03:23:10.752+0000][2.056s][info][gc,phases     ] GC(8)   Evacuate Collection Set: 0.5ms
[2026-06-18T03:23:10.752+0000][2.056s][info][gc,phases     ] GC(8)   Post Evacuate Collection Set: 0.3ms
[2026-06-18T03:23:10.753+0000][2.056s][info][gc,phases     ] GC(8)   Other: 0.3ms
[2026-06-18T03:23:10.753+0000][2.056s][info][gc,heap       ] GC(8) Eden regions: 26->0(30)
[2026-06-18T03:23:10.753+0000][2.056s][info][gc,heap       ] GC(8) Survivor regions: 2->2(4)
[2026-06-18T03:23:10.753+0000][2.056s][info][gc,heap       ] GC(8) Old regions: 10->10
[2026-06-18T03:23:10.753+0000][2.056s][info][gc,heap       ] GC(8) Humongous regions: 2->2
[2026-06-18T03:23:10.753+0000][2.056s][info][gc,metaspace  ] GC(8) Metaspace: 24196K(25008K)->24196K(25008K) NonClass: 21904K(22448K)->21904K(22448K) Class: 2291K(2560K)->2291K(2560K)
[2026-06-18T03:23:10.753+0000][2.056s][info][gc            ] GC(8) Pause Young (Normal) (G1 Evacuation Pause) 39M->13M(512M) 1.475ms
[2026-06-18T03:23:10.753+0000][2.056s][info][gc,cpu        ] GC(8) User=0.00s Sys=0.00s Real=0.01s
[2026-06-18T03:23:11.304+0000][2.607s][info][gc,start      ] GC(9) Pause Young (Normal) (G1 Evacuation Pause)
[2026-06-18T03:23:11.304+0000][2.607s][info][gc,task       ] GC(9) Using 12 workers of 13 for evacuation
[2026-06-18T03:23:11.305+0000][2.609s][info][gc,phases     ] GC(9)   Pre Evacuate Collection Set: 0.0ms
[2026-06-18T03:23:11.306+0000][2.609s][info][gc,phases     ] GC(9)   Evacuate Collection Set: 0.9ms
[2026-06-18T03:23:11.306+0000][2.609s][info][gc,phases     ] GC(9)   Post Evacuate Collection Set: 0.3ms
[2026-06-18T03:23:11.306+0000][2.609s][info][gc,phases     ] GC(9)   Other: 0.3ms
[2026-06-18T03:23:11.306+0000][2.609s][info][gc,heap       ] GC(9) Eden regions: 30->0(37)
[2026-06-18T03:23:11.306+0000][2.609s][info][gc,heap       ] GC(9) Survivor regions: 2->2(4)
[2026-06-18T03:23:11.306+0000][2.609s][info][gc,heap       ] GC(9) Old regions: 10->10
[2026-06-18T03:23:11.306+0000][2.609s][info][gc,heap       ] GC(9) Humongous regions: 2->2
[2026-06-18T03:23:11.306+0000][2.609s][info][gc,metaspace  ] GC(9) Metaspace: 24196K(25008K)->24196K(25008K) NonClass: 21904K(22448K)->21904K(22448K) Class: 2291K(2560K)->2291K(2560K)
[2026-06-18T03:23:11.306+0000][2.609s][info][gc            ] GC(9) Pause Young (Normal) (G1 Evacuation Pause) 43M->13M(512M) 2.314ms
[2026-06-18T03:23:11.306+0000][2.610s][info][gc,cpu        ] GC(9) User=0.00s Sys=0.00s Real=0.00s
[2026-06-18T03:23:11.988+0000][3.291s][info][gc,start      ] GC(10) Pause Young (Normal) (G1 Evacuation Pause)
[2026-06-18T03:23:11.988+0000][3.292s][info][gc,task       ] GC(10) Using 12 workers of 13 for evacuation
[2026-06-18T03:23:11.990+0000][3.293s][info][gc,phases     ] GC(10)   Pre Evacuate Collection Set: 0.0ms
[2026-06-18T03:23:11.990+0000][3.293s][info][gc,phases     ] GC(10)   Evacuate Collection Set: 0.9ms
[2026-06-18T03:23:11.990+0000][3.293s][info][gc,phases     ] GC(10)   Post Evacuate Collection Set: 0.2ms
[2026-06-18T03:23:11.990+0000][3.293s][info][gc,phases     ] GC(10)   Other: 0.3ms
[2026-06-18T03:23:11.990+0000][3.293s][info][gc,heap       ] GC(10) Eden regions: 37->0(47)
[2026-06-18T03:23:11.990+0000][3.293s][info][gc,heap       ] GC(10) Survivor regions: 2->2(5)
[2026-06-18T03:23:11.990+0000][3.293s][info][gc,heap       ] GC(10) Old regions: 10->10
[2026-06-18T03:23:11.990+0000][3.293s][info][gc,heap       ] GC(10) Humongous regions: 2->2
[2026-06-18T03:23:11.990+0000][3.293s][info][gc,metaspace  ] GC(10) Metaspace: 24196K(25008K)->24196K(25008K) NonClass: 21904K(22448K)->21904K(22448K) Class: 2291K(2560K)->2291K(2560K)
[2026-06-18T03:23:11.990+0000][3.293s][info][gc            ] GC(10) Pause Young (Normal) (G1 Evacuation Pause) 50M->13M(512M) 1.898ms
[2026-06-18T03:23:11.990+0000][3.293s][info][gc,cpu        ] GC(10) User=0.01s Sys=0.00s Real=0.00s
[2026-06-18T03:23:12.804+0000][4.107s][info][gc,start      ] GC(11) Pause Young (Normal) (G1 Evacuation Pause)
[2026-06-18T03:23:12.804+0000][4.107s][info][gc,task       ] GC(11) Using 12 workers of 13 for evacuation
[2026-06-18T03:23:12.805+0000][4.108s][info][gc,phases     ] GC(11)   Pre Evacuate Collection Set: 0.0ms
[2026-06-18T03:23:12.805+0000][4.108s][info][gc,phases     ] GC(11)   Evacuate Collection Set: 0.5ms
[2026-06-18T03:23:12.805+0000][4.108s][info][gc,phases     ] GC(11)   Post Evacuate Collection Set: 0.3ms
[2026-06-18T03:23:12.805+0000][4.108s][info][gc,phases     ] GC(11)   Other: 0.3ms
[2026-06-18T03:23:12.805+0000][4.108s][info][gc,heap       ] GC(11) Eden regions: 47->0(61)
[2026-06-18T03:23:12.805+0000][4.108s][info][gc,heap       ] GC(11) Survivor regions: 2->2(7)
[2026-06-18T03:23:12.805+0000][4.108s][info][gc,heap       ] GC(11) Old regions: 10->10
[2026-06-18T03:23:12.805+0000][4.108s][info][gc,heap       ] GC(11) Humongous regions: 2->2
[2026-06-18T03:23:12.805+0000][4.108s][info][gc,metaspace  ] GC(11) Metaspace: 24196K(25008K)->24196K(25008K) NonClass: 21904K(22448K)->21904K(22448K) Class: 2291K(2560K)->2291K(2560K)
[2026-06-18T03:23:12.805+0000][4.108s][info][gc            ] GC(11) Pause Young (Normal) (G1 Evacuation Pause) 60M->13M(512M) 1.598ms
[2026-06-18T03:23:12.805+0000][4.108s][info][gc,cpu        ] GC(11) User=0.00s Sys=0.00s Real=0.00s
[2026-06-18T03:23:13.870+0000][5.173s][info][gc,start      ] GC(12) Pause Young (Normal) (G1 Evacuation Pause)
[2026-06-18T03:23:13.870+0000][5.173s][info][gc,task       ] GC(12) Using 12 workers of 13 for evacuation
[2026-06-18T03:23:13.871+0000][5.174s][info][gc,phases     ] GC(12)   Pre Evacuate Collection Set: 0.0ms
[2026-06-18T03:23:13.871+0000][5.174s][info][gc,phases     ] GC(12)   Evacuate Collection Set: 0.5ms
[2026-06-18T03:23:13.871+0000][5.174s][info][gc,phases     ] GC(12)   Post Evacuate Collection Set: 0.3ms
[2026-06-18T03:23:13.871+0000][5.174s][info][gc,phases     ] GC(12)   Other: 0.3ms
[2026-06-18T03:23:13.871+0000][5.174s][info][gc,heap       ] GC(12) Eden regions: 61->0(81)
[2026-06-18T03:23:13.871+0000][5.174s][info][gc,heap       ] GC(12) Survivor regions: 2->2(8)
[2026-06-18T03:23:13.871+0000][5.174s][info][gc,heap       ] GC(12) Old regions: 10->10
[2026-06-18T03:23:13.871+0000][5.174s][info][gc,heap       ] GC(12) Humongous regions: 2->2
[2026-06-18T03:23:13.871+0000][5.174s][info][gc,metaspace  ] GC(12) Metaspace: 24196K(25008K)->24196K(25008K) NonClass: 21904K(22448K)->21904K(22448K) Class: 2291K(2560K)->2291K(2560K)
[2026-06-18T03:23:13.871+0000][5.175s][info][gc            ] GC(12) Pause Young (Normal) (G1 Evacuation Pause) 74M->13M(512M) 1.687ms
[2026-06-18T03:23:13.871+0000][5.175s][info][gc,cpu        ] GC(12) User=0.00s Sys=0.00s Real=0.00s
[2026-06-18T03:23:13.986+0000][5.289s][info][gc,heap,exit  ] Heap
[2026-06-18T03:23:13.986+0000][5.289s][info][gc,heap,exit  ]  garbage-first heap   total 524288K, used 21968K [0x00000000e0000000, 0x0000000100000000)
[2026-06-18T03:23:13.986+0000][5.289s][info][gc,heap,exit  ]   region size 1024K, 11 young (11264K), 2 survivors (2048K)
[2026-06-18T03:23:13.986+0000][5.289s][info][gc,heap,exit  ]  Metaspace       used 24295K, capacity 24914K, committed 25008K, reserved 1071104K
[2026-06-18T03:23:13.986+0000][5.289s][info][gc,heap,exit  ]   class space    used 2299K, capacity 2530K, committed 2560K, reserved 1048576K
