[2026-06-17T21:28:03.206+0000][0.002s][info][gc,heap] Heap region size: 1M
[2026-06-17T21:28:03.209+0000][0.005s][info][gc     ] Using G1
[2026-06-17T21:28:03.209+0000][0.005s][info][gc,heap,coops] Heap address: 0x00000000e0000000, size: 512 MB, Compressed Oops mode: 32-bit
[2026-06-17T21:28:03.466+0000][0.262s][info][gc,start     ] GC(0) Pause Young (Normal) (G1 Evacuation Pause)
[2026-06-17T21:28:03.468+0000][0.264s][info][gc,task      ] GC(0) Using 12 workers of 13 for evacuation
[2026-06-17T21:28:03.475+0000][0.271s][info][gc,phases    ] GC(0)   Pre Evacuate Collection Set: 0.0ms
[2026-06-17T21:28:03.475+0000][0.271s][info][gc,phases    ] GC(0)   Evacuate Collection Set: 7.1ms
[2026-06-17T21:28:03.476+0000][0.271s][info][gc,phases    ] GC(0)   Post Evacuate Collection Set: 0.5ms
[2026-06-17T21:28:03.476+0000][0.272s][info][gc,phases    ] GC(0)   Other: 1.4ms
[2026-06-17T21:28:03.476+0000][0.272s][info][gc,heap      ] GC(0) Eden regions: 25->0(21)
[2026-06-17T21:28:03.476+0000][0.272s][info][gc,heap      ] GC(0) Survivor regions: 0->4(4)
[2026-06-17T21:28:03.476+0000][0.272s][info][gc,heap      ] GC(0) Old regions: 0->3
[2026-06-17T21:28:03.476+0000][0.272s][info][gc,heap      ] GC(0) Humongous regions: 0->0
[2026-06-17T21:28:03.476+0000][0.272s][info][gc,metaspace ] GC(0) Metaspace: 16391K(16896K)->16391K(16896K) NonClass: 14753K(15104K)->14753K(15104K) Class: 1638K(1792K)->1638K(1792K)
[2026-06-17T21:28:03.476+0000][0.272s][info][gc           ] GC(0) Pause Young (Normal) (G1 Evacuation Pause) 25M->6M(512M) 9.527ms
[2026-06-17T21:28:03.476+0000][0.272s][info][gc,cpu       ] GC(0) User=0.04s Sys=0.00s Real=0.01s
[2026-06-17T21:28:03.574+0000][0.370s][info][gc,start     ] GC(1) Pause Young (Concurrent Start) (Metadata GC Threshold)
[2026-06-17T21:28:03.574+0000][0.370s][info][gc,task      ] GC(1) Using 12 workers of 13 for evacuation
[2026-06-17T21:28:03.576+0000][0.372s][info][gc,phases    ] GC(1)   Pre Evacuate Collection Set: 0.0ms
[2026-06-17T21:28:03.577+0000][0.373s][info][gc,phases    ] GC(1)   Evacuate Collection Set: 1.6ms
[2026-06-17T21:28:03.577+0000][0.373s][info][gc,phases    ] GC(1)   Post Evacuate Collection Set: 0.3ms
[2026-06-17T21:28:03.577+0000][0.373s][info][gc,phases    ] GC(1)   Other: 0.4ms
[2026-06-17T21:28:03.577+0000][0.373s][info][gc,heap      ] GC(1) Eden regions: 13->0(24)
[2026-06-17T21:28:03.577+0000][0.373s][info][gc,heap      ] GC(1) Survivor regions: 4->1(4)
[2026-06-17T21:28:03.577+0000][0.373s][info][gc,heap      ] GC(1) Old regions: 3->7
[2026-06-17T21:28:03.577+0000][0.373s][info][gc,heap      ] GC(1) Humongous regions: 0->0
[2026-06-17T21:28:03.577+0000][0.373s][info][gc,metaspace ] GC(1) Metaspace: 20705K(21248K)->20705K(21248K) NonClass: 18531K(18944K)->18531K(18944K) Class: 2174K(2304K)->2174K(2304K)
[2026-06-17T21:28:03.577+0000][0.373s][info][gc           ] GC(1) Pause Young (Concurrent Start) (Metadata GC Threshold) 18M->7M(512M) 2.782ms
[2026-06-17T21:28:03.577+0000][0.373s][info][gc,cpu       ] GC(1) User=0.01s Sys=0.00s Real=0.01s
[2026-06-17T21:28:03.577+0000][0.373s][info][gc           ] GC(2) Concurrent Cycle
[2026-06-17T21:28:03.577+0000][0.373s][info][gc,marking   ] GC(2) Concurrent Clear Claimed Marks
[2026-06-17T21:28:03.577+0000][0.373s][info][gc,marking   ] GC(2) Concurrent Clear Claimed Marks 0.045ms
[2026-06-17T21:28:03.577+0000][0.373s][info][gc,marking   ] GC(2) Concurrent Scan Root Regions
[2026-06-17T21:28:03.578+0000][0.373s][info][gc,marking   ] GC(2) Concurrent Scan Root Regions 0.354ms
[2026-06-17T21:28:03.578+0000][0.374s][info][gc,marking   ] GC(2) Concurrent Mark (0.374s)
[2026-06-17T21:28:03.578+0000][0.374s][info][gc,marking   ] GC(2) Concurrent Mark From Roots
[2026-06-17T21:28:03.578+0000][0.374s][info][gc,task      ] GC(2) Using 3 workers of 3 for marking
[2026-06-17T21:28:03.580+0000][0.376s][info][gc,marking   ] GC(2) Concurrent Mark From Roots 2.241ms
[2026-06-17T21:28:03.580+0000][0.376s][info][gc,marking   ] GC(2) Concurrent Preclean
[2026-06-17T21:28:03.581+0000][0.376s][info][gc,marking   ] GC(2) Concurrent Preclean 0.310ms
[2026-06-17T21:28:03.581+0000][0.377s][info][gc,marking   ] GC(2) Concurrent Mark (0.374s, 0.377s) 3.427ms
[2026-06-17T21:28:03.582+0000][0.378s][info][gc,start     ] GC(2) Pause Remark
[2026-06-17T21:28:03.585+0000][0.381s][info][gc,stringtable] GC(2) Cleaned string and symbol table, strings: 7781 processed, 0 removed, symbols: 65771 processed, 21 removed
[2026-06-17T21:28:03.586+0000][0.382s][info][gc            ] GC(2) Pause Remark 8M->8M(512M) 4.042ms
[2026-06-17T21:28:03.586+0000][0.382s][info][gc,cpu        ] GC(2) User=0.01s Sys=0.00s Real=0.00s
[2026-06-17T21:28:03.586+0000][0.382s][info][gc,marking    ] GC(2) Concurrent Rebuild Remembered Sets
[2026-06-17T21:28:03.587+0000][0.383s][info][gc,marking    ] GC(2) Concurrent Rebuild Remembered Sets 0.847ms
[2026-06-17T21:28:03.587+0000][0.383s][info][gc,start      ] GC(2) Pause Cleanup
[2026-06-17T21:28:03.587+0000][0.383s][info][gc            ] GC(2) Pause Cleanup 8M->8M(512M) 0.169ms
[2026-06-17T21:28:03.588+0000][0.384s][info][gc,cpu        ] GC(2) User=0.00s Sys=0.00s Real=0.00s
[2026-06-17T21:28:03.588+0000][0.384s][info][gc,marking    ] GC(2) Concurrent Cleanup for Next Mark
[2026-06-17T21:28:03.589+0000][0.385s][info][gc,marking    ] GC(2) Concurrent Cleanup for Next Mark 1.016ms
[2026-06-17T21:28:03.589+0000][0.385s][info][gc            ] GC(2) Concurrent Cycle 11.669ms
[2026-06-17T21:28:03.753+0000][0.549s][info][gc,start      ] GC(3) Pause Young (Normal) (G1 Evacuation Pause)
[2026-06-17T21:28:03.754+0000][0.549s][info][gc,task       ] GC(3) Using 12 workers of 13 for evacuation
[2026-06-17T21:28:03.756+0000][0.552s][info][gc,phases     ] GC(3)   Pre Evacuate Collection Set: 0.0ms
[2026-06-17T21:28:03.756+0000][0.552s][info][gc,phases     ] GC(3)   Evacuate Collection Set: 1.6ms
[2026-06-17T21:28:03.756+0000][0.552s][info][gc,phases     ] GC(3)   Post Evacuate Collection Set: 0.4ms
[2026-06-17T21:28:03.756+0000][0.552s][info][gc,phases     ] GC(3)   Other: 0.9ms
[2026-06-17T21:28:03.756+0000][0.552s][info][gc,heap       ] GC(3) Eden regions: 24->0(23)
[2026-06-17T21:28:03.756+0000][0.552s][info][gc,heap       ] GC(3) Survivor regions: 1->2(4)
[2026-06-17T21:28:03.756+0000][0.552s][info][gc,heap       ] GC(3) Old regions: 7->7
[2026-06-17T21:28:03.756+0000][0.552s][info][gc,heap       ] GC(3) Humongous regions: 0->0
[2026-06-17T21:28:03.756+0000][0.552s][info][gc,metaspace  ] GC(3) Metaspace: 26133K(27136K)->26133K(27136K) NonClass: 23192K(23808K)->23192K(23808K) Class: 2940K(3328K)->2940K(3328K)
[2026-06-17T21:28:03.757+0000][0.552s][info][gc            ] GC(3) Pause Young (Normal) (G1 Evacuation Pause) 31M->8M(512M) 3.628ms
[2026-06-17T21:28:03.757+0000][0.553s][info][gc,cpu        ] GC(3) User=0.01s Sys=0.00s Real=0.00s
[2026-06-17T21:28:03.842+0000][0.638s][info][gc,start      ] GC(4) Pause Young (Normal) (G1 Evacuation Pause)
[2026-06-17T21:28:03.842+0000][0.638s][info][gc,task       ] GC(4) Using 12 workers of 13 for evacuation
[2026-06-17T21:28:03.843+0000][0.639s][info][gc,phases     ] GC(4)   Pre Evacuate Collection Set: 0.0ms
[2026-06-17T21:28:03.843+0000][0.639s][info][gc,phases     ] GC(4)   Evacuate Collection Set: 1.0ms
[2026-06-17T21:28:03.843+0000][0.639s][info][gc,phases     ] GC(4)   Post Evacuate Collection Set: 0.3ms
[2026-06-17T21:28:03.844+0000][0.639s][info][gc,phases     ] GC(4)   Other: 0.2ms
[2026-06-17T21:28:03.844+0000][0.640s][info][gc,heap       ] GC(4) Eden regions: 23->0(23)
[2026-06-17T21:28:03.844+0000][0.640s][info][gc,heap       ] GC(4) Survivor regions: 2->2(4)
[2026-06-17T21:28:03.844+0000][0.640s][info][gc,heap       ] GC(4) Old regions: 7->7
[2026-06-17T21:28:03.844+0000][0.640s][info][gc,heap       ] GC(4) Humongous regions: 0->0
[2026-06-17T21:28:03.844+0000][0.640s][info][gc,metaspace  ] GC(4) Metaspace: 30042K(30848K)->30042K(30848K) NonClass: 26706K(27136K)->26706K(27136K) Class: 3336K(3712K)->3336K(3712K)
[2026-06-17T21:28:03.844+0000][0.640s][info][gc            ] GC(4) Pause Young (Normal) (G1 Evacuation Pause) 31M->8M(512M) 2.027ms
[2026-06-17T21:28:03.844+0000][0.640s][info][gc,cpu        ] GC(4) User=0.01s Sys=0.01s Real=0.00s
[2026-06-17T21:28:03.906+0000][0.702s][info][gc,start      ] GC(5) Pause Young (Normal) (G1 Evacuation Pause)
[2026-06-17T21:28:03.908+0000][0.703s][info][gc,task       ] GC(5) Using 13 workers of 13 for evacuation
[2026-06-17T21:28:03.910+0000][0.706s][info][gc,phases     ] GC(5)   Pre Evacuate Collection Set: 0.0ms
[2026-06-17T21:28:03.910+0000][0.706s][info][gc,phases     ] GC(5)   Evacuate Collection Set: 1.9ms
[2026-06-17T21:28:03.910+0000][0.706s][info][gc,phases     ] GC(5)   Post Evacuate Collection Set: 0.5ms
[2026-06-17T21:28:03.910+0000][0.706s][info][gc,phases     ] GC(5)   Other: 1.8ms
[2026-06-17T21:28:03.910+0000][0.706s][info][gc,heap       ] GC(5) Eden regions: 23->0(22)
[2026-06-17T21:28:03.911+0000][0.706s][info][gc,heap       ] GC(5) Survivor regions: 2->3(4)
[2026-06-17T21:28:03.911+0000][0.706s][info][gc,heap       ] GC(5) Old regions: 7->7
[2026-06-17T21:28:03.911+0000][0.707s][info][gc,heap       ] GC(5) Humongous regions: 0->0
[2026-06-17T21:28:03.911+0000][0.707s][info][gc,metaspace  ] GC(5) Metaspace: 34410K(35328K)->34410K(35328K) NonClass: 30736K(31232K)->30736K(31232K) Class: 3674K(4096K)->3674K(4096K)
[2026-06-17T21:28:03.911+0000][0.707s][info][gc            ] GC(5) Pause Young (Normal) (G1 Evacuation Pause) 31M->9M(512M) 4.677ms
[2026-06-17T21:28:03.911+0000][0.707s][info][gc,cpu        ] GC(5) User=0.02s Sys=0.00s Real=0.01s
[2026-06-17T21:28:03.918+0000][0.714s][info][gc,start      ] GC(6) Pause Young (Concurrent Start) (Metadata GC Threshold)
[2026-06-17T21:28:03.918+0000][0.714s][info][gc,task       ] GC(6) Using 13 workers of 13 for evacuation
[2026-06-17T21:28:03.920+0000][0.716s][info][gc,phases     ] GC(6)   Pre Evacuate Collection Set: 0.1ms
[2026-06-17T21:28:03.920+0000][0.716s][info][gc,phases     ] GC(6)   Evacuate Collection Set: 1.8ms
[2026-06-17T21:28:03.920+0000][0.716s][info][gc,phases     ] GC(6)   Post Evacuate Collection Set: 0.2ms
[2026-06-17T21:28:03.920+0000][0.716s][info][gc,phases     ] GC(6)   Other: 0.3ms
[2026-06-17T21:28:03.920+0000][0.716s][info][gc,heap       ] GC(6) Eden regions: 2->0(23)
[2026-06-17T21:28:03.921+0000][0.716s][info][gc,heap       ] GC(6) Survivor regions: 3->2(4)
[2026-06-17T21:28:03.921+0000][0.717s][info][gc,heap       ] GC(6) Old regions: 7->9
[2026-06-17T21:28:03.921+0000][0.717s][info][gc,heap       ] GC(6) Humongous regions: 0->0
[2026-06-17T21:28:03.921+0000][0.717s][info][gc,metaspace  ] GC(6) Metaspace: 34768K(35584K)->34768K(35584K) NonClass: 31072K(31488K)->31072K(31488K) Class: 3696K(4096K)->3696K(4096K)
[2026-06-17T21:28:03.921+0000][0.717s][info][gc            ] GC(6) Pause Young (Concurrent Start) (Metadata GC Threshold) 11M->9M(512M) 2.998ms
[2026-06-17T21:28:03.921+0000][0.717s][info][gc,cpu        ] GC(6) User=0.01s Sys=0.01s Real=0.00s
[2026-06-17T21:28:03.921+0000][0.717s][info][gc            ] GC(7) Concurrent Cycle
[2026-06-17T21:28:03.921+0000][0.717s][info][gc,marking    ] GC(7) Concurrent Clear Claimed Marks
[2026-06-17T21:28:03.921+0000][0.717s][info][gc,marking    ] GC(7) Concurrent Clear Claimed Marks 0.096ms
[2026-06-17T21:28:03.921+0000][0.717s][info][gc,marking    ] GC(7) Concurrent Scan Root Regions
[2026-06-17T21:28:03.922+0000][0.718s][info][gc,marking    ] GC(7) Concurrent Scan Root Regions 0.602ms
[2026-06-17T21:28:03.922+0000][0.718s][info][gc,marking    ] GC(7) Concurrent Mark (0.718s)
[2026-06-17T21:28:03.922+0000][0.718s][info][gc,marking    ] GC(7) Concurrent Mark From Roots
[2026-06-17T21:28:03.922+0000][0.718s][info][gc,task       ] GC(7) Using 3 workers of 3 for marking
[2026-06-17T21:28:03.924+0000][0.720s][info][gc,marking    ] GC(7) Concurrent Mark From Roots 1.998ms
[2026-06-17T21:28:03.924+0000][0.720s][info][gc,marking    ] GC(7) Concurrent Preclean
[2026-06-17T21:28:03.924+0000][0.720s][info][gc,marking    ] GC(7) Concurrent Preclean 0.141ms
[2026-06-17T21:28:03.924+0000][0.720s][info][gc,marking    ] GC(7) Concurrent Mark (0.718s, 0.720s) 2.343ms
[2026-06-17T21:28:03.924+0000][0.720s][info][gc,start      ] GC(7) Pause Remark
[2026-06-17T21:28:03.933+0000][0.729s][info][gc,stringtable] GC(7) Cleaned string and symbol table, strings: 11243 processed, 9 removed, symbols: 101257 processed, 24 removed
[2026-06-17T21:28:03.933+0000][0.729s][info][gc            ] GC(7) Pause Remark 10M->10M(512M) 8.824ms
[2026-06-17T21:28:03.933+0000][0.729s][info][gc,cpu        ] GC(7) User=0.06s Sys=0.00s Real=0.01s
[2026-06-17T21:28:03.934+0000][0.730s][info][gc,marking    ] GC(7) Concurrent Rebuild Remembered Sets
[2026-06-17T21:28:03.935+0000][0.732s][info][gc,marking    ] GC(7) Concurrent Rebuild Remembered Sets 1.593ms
[2026-06-17T21:28:03.936+0000][0.732s][info][gc,start      ] GC(7) Pause Cleanup
[2026-06-17T21:28:03.936+0000][0.732s][info][gc            ] GC(7) Pause Cleanup 11M->11M(512M) 0.179ms
[2026-06-17T21:28:03.937+0000][0.732s][info][gc,cpu        ] GC(7) User=0.00s Sys=0.00s Real=0.00s
[2026-06-17T21:28:03.937+0000][0.733s][info][gc,marking    ] GC(7) Concurrent Cleanup for Next Mark
[2026-06-17T21:28:03.938+0000][0.734s][info][gc,marking    ] GC(7) Concurrent Cleanup for Next Mark 1.339ms
[2026-06-17T21:28:03.938+0000][0.734s][info][gc            ] GC(7) Concurrent Cycle 17.323ms
[2026-06-17T21:28:04.019+0000][0.815s][info][gc,start      ] GC(8) Pause Young (Normal) (G1 Evacuation Pause)
[2026-06-17T21:28:04.021+0000][0.817s][info][gc,task       ] GC(8) Using 13 workers of 13 for evacuation
[2026-06-17T21:28:04.024+0000][0.820s][info][gc,phases     ] GC(8)   Pre Evacuate Collection Set: 0.0ms
[2026-06-17T21:28:04.024+0000][0.820s][info][gc,phases     ] GC(8)   Evacuate Collection Set: 2.3ms
[2026-06-17T21:28:04.024+0000][0.820s][info][gc,phases     ] GC(8)   Post Evacuate Collection Set: 0.3ms
[2026-06-17T21:28:04.024+0000][0.820s][info][gc,phases     ] GC(8)   Other: 1.6ms
[2026-06-17T21:28:04.024+0000][0.820s][info][gc,heap       ] GC(8) Eden regions: 23->0(22)
[2026-06-17T21:28:04.024+0000][0.820s][info][gc,heap       ] GC(8) Survivor regions: 2->3(4)
[2026-06-17T21:28:04.024+0000][0.820s][info][gc,heap       ] GC(8) Old regions: 9->9
[2026-06-17T21:28:04.024+0000][0.820s][info][gc,heap       ] GC(8) Humongous regions: 0->0
[2026-06-17T21:28:04.024+0000][0.820s][info][gc,metaspace  ] GC(8) Metaspace: 37806K(39040K)->37806K(39040K) NonClass: 33740K(34560K)->33740K(34560K) Class: 4066K(4480K)->4066K(4480K)
[2026-06-17T21:28:04.024+0000][0.820s][info][gc            ] GC(8) Pause Young (Normal) (G1 Evacuation Pause) 32M->10M(512M) 4.687ms
[2026-06-17T21:28:04.024+0000][0.820s][info][gc,cpu        ] GC(8) User=0.02s Sys=0.00s Real=0.00s
[2026-06-17T21:28:04.153+0000][0.948s][info][gc,start      ] GC(9) Pause Young (Normal) (G1 Evacuation Pause)
[2026-06-17T21:28:04.153+0000][0.949s][info][gc,task       ] GC(9) Using 13 workers of 13 for evacuation
[2026-06-17T21:28:04.156+0000][0.951s][info][gc,phases     ] GC(9)   Pre Evacuate Collection Set: 0.0ms
[2026-06-17T21:28:04.156+0000][0.952s][info][gc,phases     ] GC(9)   Evacuate Collection Set: 2.3ms
[2026-06-17T21:28:04.156+0000][0.952s][info][gc,phases     ] GC(9)   Post Evacuate Collection Set: 0.4ms
[2026-06-17T21:28:04.156+0000][0.952s][info][gc,phases     ] GC(9)   Other: 0.3ms
[2026-06-17T21:28:04.156+0000][0.952s][info][gc,heap       ] GC(9) Eden regions: 22->0(26)
[2026-06-17T21:28:04.156+0000][0.952s][info][gc,heap       ] GC(9) Survivor regions: 3->4(4)
[2026-06-17T21:28:04.156+0000][0.952s][info][gc,heap       ] GC(9) Old regions: 9->10
[2026-06-17T21:28:04.156+0000][0.952s][info][gc,heap       ] GC(9) Humongous regions: 0->0
[2026-06-17T21:28:04.156+0000][0.952s][info][gc,metaspace  ] GC(9) Metaspace: 42090K(43392K)->42090K(43392K) NonClass: 37618K(38400K)->37618K(38400K) Class: 4471K(4992K)->4471K(4992K)
[2026-06-17T21:28:04.157+0000][0.952s][info][gc            ] GC(9) Pause Young (Normal) (G1 Evacuation Pause) 32M->13M(512M) 3.985ms
[2026-06-17T21:28:04.157+0000][0.953s][info][gc,cpu        ] GC(9) User=0.01s Sys=0.00s Real=0.00s
[2026-06-17T21:28:35.100+0000][31.896s][info][gc,start      ] GC(10) Pause Young (Normal) (G1 Evacuation Pause)
[2026-06-17T21:28:35.100+0000][31.896s][info][gc,task       ] GC(10) Using 13 workers of 13 for evacuation
[2026-06-17T21:28:35.109+0000][31.904s][info][gc,phases     ] GC(10)   Pre Evacuate Collection Set: 0.0ms
[2026-06-17T21:28:35.109+0000][31.905s][info][gc,phases     ] GC(10)   Evacuate Collection Set: 7.9ms
[2026-06-17T21:28:35.109+0000][31.905s][info][gc,phases     ] GC(10)   Post Evacuate Collection Set: 0.4ms
[2026-06-17T21:28:35.109+0000][31.905s][info][gc,phases     ] GC(10)   Other: 0.5ms
[2026-06-17T21:28:35.109+0000][31.905s][info][gc,heap       ] GC(10) Eden regions: 26->0(30)
[2026-06-17T21:28:35.109+0000][31.905s][info][gc,heap       ] GC(10) Survivor regions: 4->3(4)
[2026-06-17T21:28:35.109+0000][31.905s][info][gc,heap       ] GC(10) Old regions: 10->13
[2026-06-17T21:28:35.109+0000][31.905s][info][gc,heap       ] GC(10) Humongous regions: 129->129
[2026-06-17T21:28:35.109+0000][31.905s][info][gc,metaspace  ] GC(10) Metaspace: 46929K(48896K)->46929K(48896K) NonClass: 41509K(42496K)->41509K(42496K) Class: 5420K(6400K)->5420K(6400K)
[2026-06-17T21:28:35.109+0000][31.905s][info][gc            ] GC(10) Pause Young (Normal) (G1 Evacuation Pause) 167M->144M(512M) 9.365ms
[2026-06-17T21:28:35.109+0000][31.905s][info][gc,cpu        ] GC(10) User=0.05s Sys=0.01s Real=0.01s
[2026-06-17T21:28:35.397+0000][32.193s][info][gc,start      ] GC(11) Pause Young (Normal) (G1 Evacuation Pause)
[2026-06-17T21:28:35.397+0000][32.193s][info][gc,task       ] GC(11) Using 13 workers of 13 for evacuation
[2026-06-17T21:28:35.405+0000][32.201s][info][gc,phases     ] GC(11)   Pre Evacuate Collection Set: 0.0ms
[2026-06-17T21:28:35.405+0000][32.201s][info][gc,phases     ] GC(11)   Evacuate Collection Set: 7.4ms
[2026-06-17T21:28:35.406+0000][32.201s][info][gc,phases     ] GC(11)   Post Evacuate Collection Set: 0.4ms
[2026-06-17T21:28:35.406+0000][32.201s][info][gc,phases     ] GC(11)   Other: 0.3ms
[2026-06-17T21:28:35.406+0000][32.201s][info][gc,heap       ] GC(11) Eden regions: 30->0(299)
[2026-06-17T21:28:35.406+0000][32.201s][info][gc,heap       ] GC(11) Survivor regions: 3->3(5)
[2026-06-17T21:28:35.406+0000][32.201s][info][gc,heap       ] GC(11) Old regions: 13->13
[2026-06-17T21:28:35.406+0000][32.202s][info][gc,heap       ] GC(11) Humongous regions: 129->129
[2026-06-17T21:28:35.406+0000][32.202s][info][gc,metaspace  ] GC(11) Metaspace: 47566K(49664K)->47566K(49664K) NonClass: 42144K(43264K)->42144K(43264K) Class: 5422K(6400K)->5422K(6400K)
[2026-06-17T21:28:35.406+0000][32.202s][info][gc            ] GC(11) Pause Young (Normal) (G1 Evacuation Pause) 174M->144M(512M) 8.566ms
[2026-06-17T21:28:35.406+0000][32.202s][info][gc,cpu        ] GC(11) User=0.07s Sys=0.00s Real=0.00s
[2026-06-17T21:28:36.831+0000][33.626s][info][gc,start      ] GC(12) Pause Young (Normal) (G1 Evacuation Pause)
[2026-06-17T21:28:36.831+0000][33.627s][info][gc,task       ] GC(12) Using 13 workers of 13 for evacuation
[2026-06-17T21:28:36.849+0000][33.645s][info][gc,phases     ] GC(12)   Pre Evacuate Collection Set: 0.0ms
[2026-06-17T21:28:36.849+0000][33.645s][info][gc,phases     ] GC(12)   Evacuate Collection Set: 17.1ms
[2026-06-17T21:28:36.849+0000][33.645s][info][gc,phases     ] GC(12)   Post Evacuate Collection Set: 0.7ms
[2026-06-17T21:28:36.849+0000][33.645s][info][gc,phases     ] GC(12)   Other: 0.6ms
[2026-06-17T21:28:36.849+0000][33.645s][info][gc,heap       ] GC(12) Eden regions: 299->0(298)
[2026-06-17T21:28:36.849+0000][33.645s][info][gc,heap       ] GC(12) Survivor regions: 3->4(38)
[2026-06-17T21:28:36.849+0000][33.645s][info][gc,heap       ] GC(12) Old regions: 13->13
[2026-06-17T21:28:36.849+0000][33.645s][info][gc,heap       ] GC(12) Humongous regions: 129->129
[2026-06-17T21:28:36.849+0000][33.645s][info][gc,metaspace  ] GC(12) Metaspace: 48792K(50944K)->48792K(50944K) NonClass: 43365K(44544K)->43365K(44544K) Class: 5427K(6400K)->5427K(6400K)
[2026-06-17T21:28:36.850+0000][33.645s][info][gc            ] GC(12) Pause Young (Normal) (G1 Evacuation Pause) 443M->145M(512M) 19.027ms
[2026-06-17T21:28:36.850+0000][33.645s][info][gc,cpu        ] GC(12) User=0.13s Sys=0.01s Real=0.02s
[2026-06-17T21:28:38.178+0000][34.973s][info][gc,start      ] GC(13) Pause Young (Normal) (G1 Evacuation Pause)
[2026-06-17T21:28:38.178+0000][34.974s][info][gc,task       ] GC(13) Using 13 workers of 13 for evacuation
[2026-06-17T21:28:38.181+0000][34.977s][info][gc,phases     ] GC(13)   Pre Evacuate Collection Set: 0.0ms
[2026-06-17T21:28:38.181+0000][34.977s][info][gc,phases     ] GC(13)   Evacuate Collection Set: 2.6ms
[2026-06-17T21:28:38.181+0000][34.977s][info][gc,phases     ] GC(13)   Post Evacuate Collection Set: 0.5ms
[2026-06-17T21:28:38.181+0000][34.977s][info][gc,phases     ] GC(13)   Other: 0.4ms
[2026-06-17T21:28:38.182+0000][34.977s][info][gc,heap       ] GC(13) Eden regions: 298->0(300)
[2026-06-17T21:28:38.182+0000][34.977s][info][gc,heap       ] GC(13) Survivor regions: 4->4(38)
[2026-06-17T21:28:38.182+0000][34.977s][info][gc,heap       ] GC(13) Old regions: 13->13
[2026-06-17T21:28:38.182+0000][34.978s][info][gc,heap       ] GC(13) Humongous regions: 129->129
[2026-06-17T21:28:38.182+0000][34.978s][info][gc,metaspace  ] GC(13) Metaspace: 48860K(50944K)->48860K(50944K) NonClass: 43422K(44544K)->43422K(44544K) Class: 5438K(6400K)->5438K(6400K)
[2026-06-17T21:28:38.182+0000][34.978s][info][gc            ] GC(13) Pause Young (Normal) (G1 Evacuation Pause) 443M->145M(512M) 4.262ms
[2026-06-17T21:28:38.182+0000][34.978s][info][gc,cpu        ] GC(13) User=0.03s Sys=0.00s Real=0.00s
[2026-06-17T21:28:39.155+0000][35.950s][info][gc,start      ] GC(14) Pause Young (Normal) (G1 Evacuation Pause)
[2026-06-17T21:28:39.155+0000][35.951s][info][gc,task       ] GC(14) Using 13 workers of 13 for evacuation
[2026-06-17T21:28:39.166+0000][35.961s][info][gc,phases     ] GC(14)   Pre Evacuate Collection Set: 0.0ms
[2026-06-17T21:28:39.166+0000][35.961s][info][gc,phases     ] GC(14)   Evacuate Collection Set: 8.9ms
[2026-06-17T21:28:39.166+0000][35.962s][info][gc,phases     ] GC(14)   Post Evacuate Collection Set: 1.2ms
[2026-06-17T21:28:39.166+0000][35.962s][info][gc,phases     ] GC(14)   Other: 0.9ms
[2026-06-17T21:28:39.166+0000][35.962s][info][gc,heap       ] GC(14) Eden regions: 300->0(300)
[2026-06-17T21:28:39.166+0000][35.962s][info][gc,heap       ] GC(14) Survivor regions: 4->4(38)
[2026-06-17T21:28:39.166+0000][35.962s][info][gc,heap       ] GC(14) Old regions: 13->13
[2026-06-17T21:28:39.166+0000][35.962s][info][gc,heap       ] GC(14) Humongous regions: 129->129
[2026-06-17T21:28:39.166+0000][35.962s][info][gc,metaspace  ] GC(14) Metaspace: 48868K(50944K)->48868K(50944K) NonClass: 43430K(44544K)->43430K(44544K) Class: 5438K(6400K)->5438K(6400K)
[2026-06-17T21:28:39.166+0000][35.962s][info][gc            ] GC(14) Pause Young (Normal) (G1 Evacuation Pause) 445M->145M(512M) 11.320ms
[2026-06-17T21:28:39.166+0000][35.962s][info][gc,cpu        ] GC(14) User=0.06s Sys=0.01s Real=0.01s
[2026-06-17T21:28:40.406+0000][37.202s][info][gc,start      ] GC(15) Pause Young (Normal) (G1 Evacuation Pause)
[2026-06-17T21:28:40.407+0000][37.202s][info][gc,task       ] GC(15) Using 13 workers of 13 for evacuation
[2026-06-17T21:28:40.439+0000][37.235s][info][gc,mmu        ] GC(15) MMU target violated: 21.0ms (20.0ms/21.0ms)
[2026-06-17T21:28:40.441+0000][37.237s][info][gc,phases     ] GC(15)   Pre Evacuate Collection Set: 0.0ms
[2026-06-17T21:28:40.441+0000][37.237s][info][gc,phases     ] GC(15)   Evacuate Collection Set: 31.8ms
[2026-06-17T21:28:40.441+0000][37.237s][info][gc,phases     ] GC(15)   Post Evacuate Collection Set: 0.7ms
[2026-06-17T21:28:40.442+0000][37.237s][info][gc,phases     ] GC(15)   Other: 2.8ms
[2026-06-17T21:28:40.442+0000][37.238s][info][gc,heap       ] GC(15) Eden regions: 300->0(301)
[2026-06-17T21:28:40.442+0000][37.238s][info][gc,heap       ] GC(15) Survivor regions: 4->4(38)
[2026-06-17T21:28:40.442+0000][37.238s][info][gc,heap       ] GC(15) Old regions: 13->13
[2026-06-17T21:28:40.442+0000][37.238s][info][gc,heap       ] GC(15) Humongous regions: 129->129
[2026-06-17T21:28:40.443+0000][37.238s][info][gc,metaspace  ] GC(15) Metaspace: 48881K(51200K)->48881K(51200K) NonClass: 43443K(44800K)->43443K(44800K) Class: 5438K(6400K)->5438K(6400K)
[2026-06-17T21:28:40.443+0000][37.238s][info][gc            ] GC(15) Pause Young (Normal) (G1 Evacuation Pause) 445M->145M(512M) 36.605ms
[2026-06-17T21:28:40.444+0000][37.239s][info][gc,cpu        ] GC(15) User=0.15s Sys=0.01s Real=0.04s
[2026-06-17T21:36:04.326+0000][481.118s][info][gc,start      ] GC(16) Pause Young (Normal) (G1 Evacuation Pause)
[2026-06-17T21:36:04.326+0000][481.119s][info][gc,task       ] GC(16) Using 13 workers of 13 for evacuation
[2026-06-17T21:36:04.341+0000][481.133s][info][gc,phases     ] GC(16)   Pre Evacuate Collection Set: 0.0ms
[2026-06-17T21:36:04.341+0000][481.133s][info][gc,phases     ] GC(16)   Evacuate Collection Set: 13.0ms
[2026-06-17T21:36:04.341+0000][481.133s][info][gc,phases     ] GC(16)   Post Evacuate Collection Set: 0.9ms
[2026-06-17T21:36:04.341+0000][481.133s][info][gc,phases     ] GC(16)   Other: 0.7ms
[2026-06-17T21:36:04.341+0000][481.134s][info][gc,heap       ] GC(16) Eden regions: 301->0(298)
[2026-06-17T21:36:04.341+0000][481.134s][info][gc,heap       ] GC(16) Survivor regions: 4->9(39)
[2026-06-17T21:36:04.341+0000][481.134s][info][gc,heap       ] GC(16) Old regions: 13->13
[2026-06-17T21:36:04.341+0000][481.134s][info][gc,heap       ] GC(16) Humongous regions: 129->129
[2026-06-17T21:36:04.341+0000][481.134s][info][gc,metaspace  ] GC(16) Metaspace: 51536K(54144K)->51536K(54144K) NonClass: 45663K(47104K)->45663K(47104K) Class: 5873K(7040K)->5873K(7040K)
[2026-06-17T21:36:04.342+0000][481.134s][info][gc            ] GC(16) Pause Young (Normal) (G1 Evacuation Pause) 446M->150M(512M) 15.390ms
[2026-06-17T21:36:04.342+0000][481.134s][info][gc,cpu        ] GC(16) User=0.10s Sys=0.00s Real=0.02s
[2026-06-17T21:58:56.298+0000][1853.109s][info][gc,start      ] GC(17) Pause Young (Normal) (G1 Evacuation Pause)
[2026-06-17T21:58:56.298+0000][1853.109s][info][gc,task       ] GC(17) Using 13 workers of 13 for evacuation
[2026-06-17T21:58:56.317+0000][1853.129s][info][gc,phases     ] GC(17)   Pre Evacuate Collection Set: 0.2ms
[2026-06-17T21:58:56.318+0000][1853.129s][info][gc,phases     ] GC(17)   Evacuate Collection Set: 15.1ms
[2026-06-17T21:58:56.318+0000][1853.129s][info][gc,phases     ] GC(17)   Post Evacuate Collection Set: 3.1ms
[2026-06-17T21:58:56.318+0000][1853.129s][info][gc,phases     ] GC(17)   Other: 1.4ms
[2026-06-17T21:58:56.318+0000][1853.129s][info][gc,heap       ] GC(17) Eden regions: 298->0(299)
[2026-06-17T21:58:56.318+0000][1853.129s][info][gc,heap       ] GC(17) Survivor regions: 9->8(39)
[2026-06-17T21:58:56.318+0000][1853.129s][info][gc,heap       ] GC(17) Old regions: 13->13
[2026-06-17T21:58:56.318+0000][1853.129s][info][gc,heap       ] GC(17) Humongous regions: 129->129
[2026-06-17T21:58:56.318+0000][1853.130s][info][gc,metaspace  ] GC(17) Metaspace: 51754K(54400K)->51754K(54400K) NonClass: 45853K(47360K)->45853K(47360K) Class: 5901K(7040K)->5901K(7040K)
[2026-06-17T21:58:56.318+0000][1853.130s][info][gc            ] GC(17) Pause Young (Normal) (G1 Evacuation Pause) 448M->149M(512M) 20.728ms
[2026-06-17T21:58:56.318+0000][1853.130s][info][gc,cpu        ] GC(17) User=0.16s Sys=0.00s Real=0.02s
[2026-06-17T22:22:20.480+0000][3257.302s][info][gc,start      ] GC(18) Pause Young (Normal) (G1 Evacuation Pause)
[2026-06-17T22:22:20.480+0000][3257.303s][info][gc,task       ] GC(18) Using 13 workers of 13 for evacuation
[2026-06-17T22:22:20.493+0000][3257.316s][info][gc,phases     ] GC(18)   Pre Evacuate Collection Set: 0.0ms
[2026-06-17T22:22:20.493+0000][3257.316s][info][gc,phases     ] GC(18)   Evacuate Collection Set: 12.2ms
[2026-06-17T22:22:20.493+0000][3257.316s][info][gc,phases     ] GC(18)   Post Evacuate Collection Set: 0.8ms
[2026-06-17T22:22:20.493+0000][3257.316s][info][gc,phases     ] GC(18)   Other: 0.6ms
[2026-06-17T22:22:20.493+0000][3257.316s][info][gc,heap       ] GC(18) Eden regions: 299->0(300)
[2026-06-17T22:22:20.493+0000][3257.316s][info][gc,heap       ] GC(18) Survivor regions: 8->7(39)
[2026-06-17T22:22:20.493+0000][3257.316s][info][gc,heap       ] GC(18) Old regions: 13->13
[2026-06-17T22:22:20.493+0000][3257.316s][info][gc,heap       ] GC(18) Humongous regions: 129->129
[2026-06-17T22:22:20.493+0000][3257.316s][info][gc,metaspace  ] GC(18) Metaspace: 51835K(54400K)->51835K(54400K) NonClass: 45933K(47360K)->45933K(47360K) Class: 5901K(7040K)->5901K(7040K)
[2026-06-17T22:22:20.494+0000][3257.316s][info][gc            ] GC(18) Pause Young (Normal) (G1 Evacuation Pause) 448M->148M(512M) 13.962ms
[2026-06-17T22:22:20.494+0000][3257.316s][info][gc,cpu        ] GC(18) User=0.05s Sys=0.00s Real=0.02s
[2026-06-17T22:45:41.064+0000][4657.833s][info][gc,start      ] GC(19) Pause Young (Normal) (G1 Evacuation Pause)
[2026-06-17T22:45:41.065+0000][4657.833s][info][gc,task       ] GC(19) Using 13 workers of 13 for evacuation
[2026-06-17T22:45:41.078+0000][4657.847s][info][gc,phases     ] GC(19)   Pre Evacuate Collection Set: 0.0ms
[2026-06-17T22:45:41.078+0000][4657.847s][info][gc,phases     ] GC(19)   Evacuate Collection Set: 12.3ms
[2026-06-17T22:45:41.078+0000][4657.847s][info][gc,phases     ] GC(19)   Post Evacuate Collection Set: 0.8ms
[2026-06-17T22:45:41.078+0000][4657.847s][info][gc,phases     ] GC(19)   Other: 0.6ms
[2026-06-17T22:45:41.078+0000][4657.847s][info][gc,heap       ] GC(19) Eden regions: 300->0(275)
[2026-06-17T22:45:41.078+0000][4657.847s][info][gc,heap       ] GC(19) Survivor regions: 7->12(39)
[2026-06-17T22:45:41.078+0000][4657.847s][info][gc,heap       ] GC(19) Old regions: 13->13
[2026-06-17T22:45:41.079+0000][4657.847s][info][gc,heap       ] GC(19) Humongous regions: 147->147
[2026-06-17T22:45:41.079+0000][4657.847s][info][gc,metaspace  ] GC(19) Metaspace: 52083K(54784K)->52083K(54784K) NonClass: 46142K(47616K)->46142K(47616K) Class: 5940K(7168K)->5940K(7168K)
[2026-06-17T22:45:41.079+0000][4657.848s][info][gc            ] GC(19) Pause Young (Normal) (G1 Evacuation Pause) 466M->171M(512M) 14.289ms
[2026-06-17T22:45:41.079+0000][4657.848s][info][gc,cpu        ] GC(19) User=0.06s Sys=0.00s Real=0.01s
[2026-06-17T22:48:52.792+0000][4849.562s][info][gc,start      ] GC(20) Pause Young (Normal) (G1 Evacuation Pause)
[2026-06-17T22:48:52.792+0000][4849.562s][info][gc,task       ] GC(20) Using 13 workers of 13 for evacuation
[2026-06-17T22:48:52.808+0000][4849.577s][info][gc,phases     ] GC(20)   Pre Evacuate Collection Set: 0.0ms
[2026-06-17T22:48:52.808+0000][4849.578s][info][gc,phases     ] GC(20)   Evacuate Collection Set: 8.6ms
[2026-06-17T22:48:52.808+0000][4849.578s][info][gc,phases     ] GC(20)   Post Evacuate Collection Set: 6.7ms
[2026-06-17T22:48:52.808+0000][4849.578s][info][gc,phases     ] GC(20)   Other: 0.3ms
[2026-06-17T22:48:52.808+0000][4849.578s][info][gc,heap       ] GC(20) Eden regions: 275->0(275)
[2026-06-17T22:48:52.808+0000][4849.578s][info][gc,heap       ] GC(20) Survivor regions: 12->11(36)
[2026-06-17T22:48:52.808+0000][4849.578s][info][gc,heap       ] GC(20) Old regions: 13->13
[2026-06-17T22:48:52.808+0000][4849.578s][info][gc,heap       ] GC(20) Humongous regions: 147->147
[2026-06-17T22:48:52.808+0000][4849.578s][info][gc,metaspace  ] GC(20) Metaspace: 52089K(54784K)->52089K(54784K) NonClass: 46149K(47616K)->46149K(47616K) Class: 5940K(7168K)->5940K(7168K)
[2026-06-17T22:48:52.808+0000][4849.578s][info][gc            ] GC(20) Pause Young (Normal) (G1 Evacuation Pause) 446M->170M(512M) 16.129ms
[2026-06-17T22:48:52.808+0000][4849.578s][info][gc,cpu        ] GC(20) User=0.15s Sys=0.00s Real=0.02s
[2026-06-17T22:48:54.479+0000][4851.249s][info][gc,start      ] GC(21) Pause Young (Normal) (G1 Evacuation Pause)
[2026-06-17T22:48:54.480+0000][4851.249s][info][gc,task       ] GC(21) Using 13 workers of 13 for evacuation
[2026-06-17T22:48:54.489+0000][4851.259s][info][gc,phases     ] GC(21)   Pre Evacuate Collection Set: 0.0ms
[2026-06-17T22:48:54.489+0000][4851.259s][info][gc,phases     ] GC(21)   Evacuate Collection Set: 8.7ms
[2026-06-17T22:48:54.489+0000][4851.259s][info][gc,phases     ] GC(21)   Post Evacuate Collection Set: 0.6ms
[2026-06-17T22:48:54.489+0000][4851.259s][info][gc,phases     ] GC(21)   Other: 0.3ms
[2026-06-17T22:48:54.489+0000][4851.259s][info][gc,heap       ] GC(21) Eden regions: 275->0(276)
[2026-06-17T22:48:54.489+0000][4851.259s][info][gc,heap       ] GC(21) Survivor regions: 11->11(36)
[2026-06-17T22:48:54.489+0000][4851.259s][info][gc,heap       ] GC(21) Old regions: 13->13
[2026-06-17T22:48:54.490+0000][4851.259s][info][gc,heap       ] GC(21) Humongous regions: 147->147
[2026-06-17T22:48:54.490+0000][4851.259s][info][gc,metaspace  ] GC(21) Metaspace: 52089K(54784K)->52089K(54784K) NonClass: 46149K(47616K)->46149K(47616K) Class: 5940K(7168K)->5940K(7168K)
[2026-06-17T22:48:54.490+0000][4851.259s][info][gc            ] GC(21) Pause Young (Normal) (G1 Evacuation Pause) 445M->170M(512M) 10.169ms
[2026-06-17T22:48:54.490+0000][4851.259s][info][gc,cpu        ] GC(21) User=0.09s Sys=0.00s Real=0.01s
[2026-06-17T22:49:43.872+0000][4900.641s][info][gc,start      ] GC(22) Pause Young (Normal) (G1 Evacuation Pause)
[2026-06-17T22:49:43.872+0000][4900.641s][info][gc,task       ] GC(22) Using 13 workers of 13 for evacuation
[2026-06-17T22:49:43.876+0000][4900.645s][info][gc,phases     ] GC(22)   Pre Evacuate Collection Set: 0.0ms
[2026-06-17T22:49:43.877+0000][4900.645s][info][gc,phases     ] GC(22)   Evacuate Collection Set: 3.2ms
[2026-06-17T22:49:43.877+0000][4900.645s][info][gc,phases     ] GC(22)   Post Evacuate Collection Set: 0.7ms
[2026-06-17T22:49:43.877+0000][4900.645s][info][gc,phases     ] GC(22)   Other: 0.2ms
[2026-06-17T22:49:43.877+0000][4900.646s][info][gc,heap       ] GC(22) Eden regions: 276->0(277)
[2026-06-17T22:49:43.877+0000][4900.646s][info][gc,heap       ] GC(22) Survivor regions: 11->10(36)
[2026-06-17T22:49:43.877+0000][4900.646s][info][gc,heap       ] GC(22) Old regions: 13->13
[2026-06-17T22:49:43.877+0000][4900.646s][info][gc,heap       ] GC(22) Humongous regions: 147->147
[2026-06-17T22:49:43.877+0000][4900.646s][info][gc,metaspace  ] GC(22) Metaspace: 52091K(54784K)->52091K(54784K) NonClass: 46150K(47616K)->46150K(47616K) Class: 5940K(7168K)->5940K(7168K)
[2026-06-17T22:49:43.877+0000][4900.646s][info][gc            ] GC(22) Pause Young (Normal) (G1 Evacuation Pause) 446M->169M(512M) 4.626ms
[2026-06-17T22:49:43.877+0000][4900.646s][info][gc,cpu        ] GC(22) User=0.04s Sys=0.00s Real=0.01s
[2026-06-17T22:49:45.839+0000][4902.608s][info][gc,start      ] GC(23) Pause Young (Normal) (G1 Evacuation Pause)
[2026-06-17T22:49:45.840+0000][4902.608s][info][gc,task       ] GC(23) Using 13 workers of 13 for evacuation
[2026-06-17T22:49:45.859+0000][4902.627s][info][gc,phases     ] GC(23)   Pre Evacuate Collection Set: 0.0ms
[2026-06-17T22:49:45.859+0000][4902.628s][info][gc,phases     ] GC(23)   Evacuate Collection Set: 9.5ms
[2026-06-17T22:49:45.859+0000][4902.628s][info][gc,phases     ] GC(23)   Post Evacuate Collection Set: 9.5ms
[2026-06-17T22:49:45.859+0000][4902.628s][info][gc,phases     ] GC(23)   Other: 0.3ms
[2026-06-17T22:49:45.859+0000][4902.628s][info][gc,heap       ] GC(23) Eden regions: 277->0(278)
[2026-06-17T22:49:45.859+0000][4902.628s][info][gc,heap       ] GC(23) Survivor regions: 10->10(36)
[2026-06-17T22:49:45.859+0000][4902.628s][info][gc,heap       ] GC(23) Old regions: 13->13
[2026-06-17T22:49:45.859+0000][4902.628s][info][gc,heap       ] GC(23) Humongous regions: 147->147
[2026-06-17T22:49:45.860+0000][4902.628s][info][gc,metaspace  ] GC(23) Metaspace: 52092K(54784K)->52092K(54784K) NonClass: 46151K(47616K)->46151K(47616K) Class: 5940K(7168K)->5940K(7168K)
[2026-06-17T22:49:45.860+0000][4902.628s][info][gc            ] GC(23) Pause Young (Normal) (G1 Evacuation Pause) 446M->169M(512M) 20.246ms
[2026-06-17T22:49:45.860+0000][4902.628s][info][gc,cpu        ] GC(23) User=0.10s Sys=0.00s Real=0.02s
[2026-06-17T22:49:47.622+0000][4904.390s][info][gc,start      ] GC(24) Pause Young (Normal) (G1 Evacuation Pause)
[2026-06-17T22:49:47.622+0000][4904.391s][info][gc,task       ] GC(24) Using 13 workers of 13 for evacuation
[2026-06-17T22:49:47.629+0000][4904.398s][info][gc,phases     ] GC(24)   Pre Evacuate Collection Set: 0.0ms
[2026-06-17T22:49:47.629+0000][4904.398s][info][gc,phases     ] GC(24)   Evacuate Collection Set: 6.4ms
[2026-06-17T22:49:47.630+0000][4904.398s][info][gc,phases     ] GC(24)   Post Evacuate Collection Set: 1.0ms
[2026-06-17T22:49:47.630+0000][4904.398s][info][gc,phases     ] GC(24)   Other: 0.4ms
[2026-06-17T22:49:47.630+0000][4904.399s][info][gc,heap       ] GC(24) Eden regions: 278->0(279)
[2026-06-17T22:49:47.630+0000][4904.399s][info][gc,heap       ] GC(24) Survivor regions: 10->9(36)
[2026-06-17T22:49:47.630+0000][4904.399s][info][gc,heap       ] GC(24) Old regions: 13->13
[2026-06-17T22:49:47.630+0000][4904.399s][info][gc,heap       ] GC(24) Humongous regions: 147->147
[2026-06-17T22:49:47.630+0000][4904.399s][info][gc,metaspace  ] GC(24) Metaspace: 52092K(54784K)->52092K(54784K) NonClass: 46151K(47616K)->46151K(47616K) Class: 5940K(7168K)->5940K(7168K)
[2026-06-17T22:49:47.630+0000][4904.399s][info][gc            ] GC(24) Pause Young (Normal) (G1 Evacuation Pause) 447M->168M(512M) 8.451ms
[2026-06-17T22:49:47.630+0000][4904.399s][info][gc,cpu        ] GC(24) User=0.06s Sys=0.00s Real=0.01s
[2026-06-17T22:50:36.785+0000][4953.553s][info][gc,start      ] GC(25) Pause Young (Normal) (G1 Evacuation Pause)
[2026-06-17T22:50:36.785+0000][4953.553s][info][gc,task       ] GC(25) Using 13 workers of 13 for evacuation
[2026-06-17T22:50:36.810+0000][4953.578s][info][gc,mmu        ] GC(25) MMU target violated: 21.0ms (20.0ms/21.0ms)
[2026-06-17T22:50:36.810+0000][4953.578s][info][gc,phases     ] GC(25)   Pre Evacuate Collection Set: 0.0ms
[2026-06-17T22:50:36.810+0000][4953.579s][info][gc,phases     ] GC(25)   Evacuate Collection Set: 17.8ms
[2026-06-17T22:50:36.810+0000][4953.579s][info][gc,phases     ] GC(25)   Post Evacuate Collection Set: 7.1ms
[2026-06-17T22:50:36.811+0000][4953.579s][info][gc,phases     ] GC(25)   Other: 0.7ms
[2026-06-17T22:50:36.811+0000][4953.579s][info][gc,heap       ] GC(25) Eden regions: 279->0(271)
[2026-06-17T22:50:36.811+0000][4953.579s][info][gc,heap       ] GC(25) Survivor regions: 9->13(36)
[2026-06-17T22:50:36.811+0000][4953.579s][info][gc,heap       ] GC(25) Old regions: 13->15
[2026-06-17T22:50:36.811+0000][4953.579s][info][gc,heap       ] GC(25) Humongous regions: 147->147
[2026-06-17T22:50:36.811+0000][4953.579s][info][gc,metaspace  ] GC(25) Metaspace: 52092K(54784K)->52092K(54784K) NonClass: 46151K(47616K)->46151K(47616K) Class: 5940K(7168K)->5940K(7168K)
[2026-06-17T22:50:36.811+0000][4953.579s][info][gc            ] GC(25) Pause Young (Normal) (G1 Evacuation Pause) 447M->174M(512M) 26.082ms
[2026-06-17T22:50:36.811+0000][4953.579s][info][gc,cpu        ] GC(25) User=0.15s Sys=0.00s Real=0.02s
[2026-06-17T22:50:38.720+0000][4955.488s][info][gc,start      ] GC(26) Pause Young (Normal) (G1 Evacuation Pause)
[2026-06-17T22:50:38.720+0000][4955.489s][info][gc,task       ] GC(26) Using 13 workers of 13 for evacuation
[2026-06-17T22:50:38.737+0000][4955.506s][info][gc,phases     ] GC(26)   Pre Evacuate Collection Set: 0.0ms
[2026-06-17T22:50:38.738+0000][4955.506s][info][gc,phases     ] GC(26)   Evacuate Collection Set: 9.3ms
[2026-06-17T22:50:38.738+0000][4955.506s][info][gc,phases     ] GC(26)   Post Evacuate Collection Set: 7.6ms
[2026-06-17T22:50:38.738+0000][4955.506s][info][gc,phases     ] GC(26)   Other: 0.3ms
[2026-06-17T22:50:38.738+0000][4955.506s][info][gc,heap       ] GC(26) Eden regions: 271->0(269)
[2026-06-17T22:50:38.738+0000][4955.506s][info][gc,heap       ] GC(26) Survivor regions: 13->13(36)
[2026-06-17T22:50:38.738+0000][4955.506s][info][gc,heap       ] GC(26) Old regions: 15->15
[2026-06-17T22:50:38.738+0000][4955.506s][info][gc,heap       ] GC(26) Humongous regions: 147->147
[2026-06-17T22:50:38.738+0000][4955.506s][info][gc,metaspace  ] GC(26) Metaspace: 52092K(54784K)->52092K(54784K) NonClass: 46151K(47616K)->46151K(47616K) Class: 5940K(7168K)->5940K(7168K)
[2026-06-17T22:50:38.738+0000][4955.506s][info][gc            ] GC(26) Pause Young (Normal) (G1 Evacuation Pause) 445M->174M(512M) 17.695ms
[2026-06-17T22:50:38.738+0000][4955.506s][info][gc,cpu        ] GC(26) User=0.14s Sys=0.00s Real=0.02s
[2026-06-17T22:51:27.512+0000][5004.279s][info][gc,start      ] GC(27) Pause Young (Normal) (G1 Evacuation Pause)
[2026-06-17T22:51:27.512+0000][5004.280s][info][gc,task       ] GC(27) Using 13 workers of 13 for evacuation
[2026-06-17T22:51:27.517+0000][5004.284s][info][gc,phases     ] GC(27)   Pre Evacuate Collection Set: 0.0ms
[2026-06-17T22:51:27.517+0000][5004.284s][info][gc,phases     ] GC(27)   Evacuate Collection Set: 3.2ms
[2026-06-17T22:51:27.517+0000][5004.284s][info][gc,phases     ] GC(27)   Post Evacuate Collection Set: 0.8ms
[2026-06-17T22:51:27.517+0000][5004.284s][info][gc,phases     ] GC(27)   Other: 0.9ms
[2026-06-17T22:51:27.517+0000][5004.284s][info][gc,heap       ] GC(27) Eden regions: 269->0(270)
[2026-06-17T22:51:27.517+0000][5004.284s][info][gc,heap       ] GC(27) Survivor regions: 13->11(36)
[2026-06-17T22:51:27.517+0000][5004.284s][info][gc,heap       ] GC(27) Old regions: 15->15
[2026-06-17T22:51:27.517+0000][5004.284s][info][gc,heap       ] GC(27) Humongous regions: 147->147
[2026-06-17T22:51:27.517+0000][5004.284s][info][gc,metaspace  ] GC(27) Metaspace: 52092K(54784K)->52092K(54784K) NonClass: 46151K(47616K)->46151K(47616K) Class: 5940K(7168K)->5940K(7168K)
[2026-06-17T22:51:27.517+0000][5004.285s][info][gc            ] GC(27) Pause Young (Normal) (G1 Evacuation Pause) 443M->172M(512M) 5.268ms
[2026-06-17T22:51:27.517+0000][5004.285s][info][gc,cpu        ] GC(27) User=0.04s Sys=0.00s Real=0.01s
[2026-06-17T22:51:29.475+0000][5006.242s][info][gc,start      ] GC(28) Pause Young (Normal) (G1 Evacuation Pause)
[2026-06-17T22:51:29.475+0000][5006.242s][info][gc,task       ] GC(28) Using 13 workers of 13 for evacuation
[2026-06-17T22:51:29.480+0000][5006.247s][info][gc,phases     ] GC(28)   Pre Evacuate Collection Set: 0.0ms
[2026-06-17T22:51:29.480+0000][5006.247s][info][gc,phases     ] GC(28)   Evacuate Collection Set: 4.2ms
[2026-06-17T22:51:29.480+0000][5006.247s][info][gc,phases     ] GC(28)   Post Evacuate Collection Set: 0.5ms
[2026-06-17T22:51:29.480+0000][5006.248s][info][gc,phases     ] GC(28)   Other: 0.3ms
[2026-06-17T22:51:29.480+0000][5006.248s][info][gc,heap       ] GC(28) Eden regions: 270->0(272)
[2026-06-17T22:51:29.480+0000][5006.248s][info][gc,heap       ] GC(28) Survivor regions: 11->10(36)
[2026-06-17T22:51:29.480+0000][5006.248s][info][gc,heap       ] GC(28) Old regions: 15->15
[2026-06-17T22:51:29.480+0000][5006.248s][info][gc,heap       ] GC(28) Humongous regions: 147->147
[2026-06-17T22:51:29.480+0000][5006.248s][info][gc,metaspace  ] GC(28) Metaspace: 52092K(54784K)->52092K(54784K) NonClass: 46151K(47616K)->46151K(47616K) Class: 5940K(7168K)->5940K(7168K)
[2026-06-17T22:51:29.480+0000][5006.248s][info][gc            ] GC(28) Pause Young (Normal) (G1 Evacuation Pause) 442M->171M(512M) 5.642ms
[2026-06-17T22:51:29.480+0000][5006.248s][info][gc,cpu        ] GC(28) User=0.06s Sys=0.00s Real=0.01s
[2026-06-17T22:51:31.097+0000][5007.864s][info][gc,start      ] GC(29) Pause Young (Normal) (G1 Evacuation Pause)
[2026-06-17T22:51:31.097+0000][5007.865s][info][gc,task       ] GC(29) Using 13 workers of 13 for evacuation
[2026-06-17T22:51:31.100+0000][5007.868s][info][gc,phases     ] GC(29)   Pre Evacuate Collection Set: 0.0ms
[2026-06-17T22:51:31.100+0000][5007.868s][info][gc,phases     ] GC(29)   Evacuate Collection Set: 2.3ms
[2026-06-17T22:51:31.100+0000][5007.868s][info][gc,phases     ] GC(29)   Post Evacuate Collection Set: 0.6ms
[2026-06-17T22:51:31.100+0000][5007.868s][info][gc,phases     ] GC(29)   Other: 0.3ms
[2026-06-17T22:51:31.100+0000][5007.868s][info][gc,heap       ] GC(29) Eden regions: 272->0(275)
[2026-06-17T22:51:31.100+0000][5007.868s][info][gc,heap       ] GC(29) Survivor regions: 10->8(36)
[2026-06-17T22:51:31.101+0000][5007.868s][info][gc,heap       ] GC(29) Old regions: 15->15
[2026-06-17T22:51:31.101+0000][5007.868s][info][gc,heap       ] GC(29) Humongous regions: 147->147
[2026-06-17T22:51:31.101+0000][5007.868s][info][gc,metaspace  ] GC(29) Metaspace: 52092K(54784K)->52092K(54784K) NonClass: 46151K(47616K)->46151K(47616K) Class: 5940K(7168K)->5940K(7168K)
[2026-06-17T22:51:31.101+0000][5007.868s][info][gc            ] GC(29) Pause Young (Normal) (G1 Evacuation Pause) 443M->169M(512M) 3.753ms
[2026-06-17T22:51:31.101+0000][5007.868s][info][gc,cpu        ] GC(29) User=0.03s Sys=0.00s Real=0.00s
[2026-06-17T22:52:19.829+0000][5056.597s][info][gc,start      ] GC(30) Pause Young (Normal) (G1 Evacuation Pause)
[2026-06-17T22:52:19.831+0000][5056.598s][info][gc,task       ] GC(30) Using 13 workers of 13 for evacuation
[2026-06-17T22:52:19.835+0000][5056.602s][info][gc,phases     ] GC(30)   Pre Evacuate Collection Set: 0.0ms
[2026-06-17T22:52:19.835+0000][5056.602s][info][gc,phases     ] GC(30)   Evacuate Collection Set: 3.0ms
[2026-06-17T22:52:19.835+0000][5056.603s][info][gc,phases     ] GC(30)   Post Evacuate Collection Set: 0.7ms
[2026-06-17T22:52:19.835+0000][5056.603s][info][gc,phases     ] GC(30)   Other: 1.8ms
[2026-06-17T22:52:19.835+0000][5056.603s][info][gc,heap       ] GC(30) Eden regions: 275->0(274)
[2026-06-17T22:52:19.835+0000][5056.603s][info][gc,heap       ] GC(30) Survivor regions: 8->9(36)
[2026-06-17T22:52:19.835+0000][5056.603s][info][gc,heap       ] GC(30) Old regions: 15->15
[2026-06-17T22:52:19.835+0000][5056.603s][info][gc,heap       ] GC(30) Humongous regions: 147->147
[2026-06-17T22:52:19.835+0000][5056.603s][info][gc,metaspace  ] GC(30) Metaspace: 52095K(54784K)->52095K(54784K) NonClass: 46154K(47616K)->46154K(47616K) Class: 5940K(7168K)->5940K(7168K)
[2026-06-17T22:52:19.836+0000][5056.603s][info][gc            ] GC(30) Pause Young (Normal) (G1 Evacuation Pause) 444M->170M(512M) 6.154ms
[2026-06-17T22:52:19.836+0000][5056.603s][info][gc,cpu        ] GC(30) User=0.05s Sys=0.00s Real=0.01s
[2026-06-17T22:52:21.620+0000][5058.388s][info][gc,start      ] GC(31) Pause Young (Normal) (G1 Evacuation Pause)
[2026-06-17T22:52:21.620+0000][5058.388s][info][gc,task       ] GC(31) Using 13 workers of 13 for evacuation
[2026-06-17T22:52:21.624+0000][5058.391s][info][gc,phases     ] GC(31)   Pre Evacuate Collection Set: 0.0ms
[2026-06-17T22:52:21.624+0000][5058.391s][info][gc,phases     ] GC(31)   Evacuate Collection Set: 2.5ms
[2026-06-17T22:52:21.624+0000][5058.391s][info][gc,phases     ] GC(31)   Post Evacuate Collection Set: 0.6ms
[2026-06-17T22:52:21.624+0000][5058.391s][info][gc,phases     ] GC(31)   Other: 0.2ms
[2026-06-17T22:52:21.624+0000][5058.391s][info][gc,heap       ] GC(31) Eden regions: 274->0(276)
[2026-06-17T22:52:21.624+0000][5058.392s][info][gc,heap       ] GC(31) Survivor regions: 9->6(36)
[2026-06-17T22:52:21.624+0000][5058.392s][info][gc,heap       ] GC(31) Old regions: 15->17
[2026-06-17T22:52:21.624+0000][5058.392s][info][gc,heap       ] GC(31) Humongous regions: 147->147
[2026-06-17T22:52:21.624+0000][5058.392s][info][gc,metaspace  ] GC(31) Metaspace: 52096K(54784K)->52096K(54784K) NonClass: 46155K(47616K)->46155K(47616K) Class: 5940K(7168K)->5940K(7168K)
[2026-06-17T22:52:21.624+0000][5058.392s][info][gc            ] GC(31) Pause Young (Normal) (G1 Evacuation Pause) 444M->169M(512M) 4.079ms
[2026-06-17T22:52:21.625+0000][5058.392s][info][gc,cpu        ] GC(31) User=0.03s Sys=0.00s Real=0.00s
[2026-06-17T22:52:23.340+0000][5060.107s][info][gc,start      ] GC(32) Pause Young (Normal) (G1 Evacuation Pause)
[2026-06-17T22:52:23.340+0000][5060.108s][info][gc,task       ] GC(32) Using 13 workers of 13 for evacuation
[2026-06-17T22:52:23.343+0000][5060.110s][info][gc,phases     ] GC(32)   Pre Evacuate Collection Set: 0.0ms
[2026-06-17T22:52:23.343+0000][5060.110s][info][gc,phases     ] GC(32)   Evacuate Collection Set: 1.7ms
[2026-06-17T22:52:23.343+0000][5060.111s][info][gc,phases     ] GC(32)   Post Evacuate Collection Set: 1.0ms
[2026-06-17T22:52:23.343+0000][5060.111s][info][gc,phases     ] GC(32)   Other: 0.4ms
[2026-06-17T22:52:23.344+0000][5060.112s][info][gc,heap       ] GC(32) Eden regions: 276->0(277)
[2026-06-17T22:52:23.344+0000][5060.112s][info][gc,heap       ] GC(32) Survivor regions: 6->5(36)
[2026-06-17T22:52:23.344+0000][5060.112s][info][gc,heap       ] GC(32) Old regions: 17->18
[2026-06-17T22:52:23.344+0000][5060.112s][info][gc,heap       ] GC(32) Humongous regions: 147->147
[2026-06-17T22:52:23.345+0000][5060.112s][info][gc,metaspace  ] GC(32) Metaspace: 52096K(54784K)->52096K(54784K) NonClass: 46155K(47616K)->46155K(47616K) Class: 5940K(7168K)->5940K(7168K)
[2026-06-17T22:52:23.345+0000][5060.112s][info][gc            ] GC(32) Pause Young (Normal) (G1 Evacuation Pause) 445M->168M(512M) 4.773ms
[2026-06-17T22:52:23.345+0000][5060.112s][info][gc,cpu        ] GC(32) User=0.01s Sys=0.00s Real=0.00s
[2026-06-17T22:53:12.128+0000][5108.895s][info][gc,start      ] GC(33) Pause Young (Normal) (G1 Evacuation Pause)
[2026-06-17T22:53:12.128+0000][5108.895s][info][gc,task       ] GC(33) Using 13 workers of 13 for evacuation
[2026-06-17T22:53:12.131+0000][5108.897s][info][gc,phases     ] GC(33)   Pre Evacuate Collection Set: 0.0ms
[2026-06-17T22:53:12.131+0000][5108.897s][info][gc,phases     ] GC(33)   Evacuate Collection Set: 1.7ms
[2026-06-17T22:53:12.131+0000][5108.897s][info][gc,phases     ] GC(33)   Post Evacuate Collection Set: 0.4ms
[2026-06-17T22:53:12.131+0000][5108.898s][info][gc,phases     ] GC(33)   Other: 0.3ms
[2026-06-17T22:53:12.131+0000][5108.898s][info][gc,heap       ] GC(33) Eden regions: 277->0(271)
[2026-06-17T22:53:12.131+0000][5108.898s][info][gc,heap       ] GC(33) Survivor regions: 5->10(36)
[2026-06-17T22:53:12.131+0000][5108.898s][info][gc,heap       ] GC(33) Old regions: 18->18
[2026-06-17T22:53:12.131+0000][5108.898s][info][gc,heap       ] GC(33) Humongous regions: 147->147
[2026-06-17T22:53:12.131+0000][5108.898s][info][gc,metaspace  ] GC(33) Metaspace: 52098K(54784K)->52098K(54784K) NonClass: 46157K(47616K)->46157K(47616K) Class: 5940K(7168K)->5940K(7168K)
[2026-06-17T22:53:12.131+0000][5108.898s][info][gc            ] GC(33) Pause Young (Normal) (G1 Evacuation Pause) 445M->173M(512M) 3.075ms
[2026-06-17T22:53:12.131+0000][5108.898s][info][gc,cpu        ] GC(33) User=0.02s Sys=0.00s Real=0.00s
[2026-06-17T22:53:13.959+0000][5110.726s][info][gc,start      ] GC(34) Pause Young (Normal) (G1 Evacuation Pause)
[2026-06-17T22:53:13.959+0000][5110.726s][info][gc,task       ] GC(34) Using 13 workers of 13 for evacuation
[2026-06-17T22:53:13.961+0000][5110.728s][info][gc,phases     ] GC(34)   Pre Evacuate Collection Set: 0.0ms
[2026-06-17T22:53:13.961+0000][5110.728s][info][gc,phases     ] GC(34)   Evacuate Collection Set: 1.3ms
[2026-06-17T22:53:13.961+0000][5110.728s][info][gc,phases     ] GC(34)   Post Evacuate Collection Set: 0.3ms
[2026-06-17T22:53:13.961+0000][5110.728s][info][gc,phases     ] GC(34)   Other: 0.3ms
[2026-06-17T22:53:13.961+0000][5110.728s][info][gc,heap       ] GC(34) Eden regions: 271->0(271)
[2026-06-17T22:53:13.961+0000][5110.728s][info][gc,heap       ] GC(34) Survivor regions: 10->9(36)
[2026-06-17T22:53:13.961+0000][5110.728s][info][gc,heap       ] GC(34) Old regions: 18->18
[2026-06-17T22:53:13.961+0000][5110.728s][info][gc,heap       ] GC(34) Humongous regions: 147->147
[2026-06-17T22:53:13.961+0000][5110.728s][info][gc,metaspace  ] GC(34) Metaspace: 52098K(54784K)->52098K(54784K) NonClass: 46157K(47616K)->46157K(47616K) Class: 5940K(7168K)->5940K(7168K)
[2026-06-17T22:53:13.961+0000][5110.728s][info][gc            ] GC(34) Pause Young (Normal) (G1 Evacuation Pause) 444M->173M(512M) 2.417ms
[2026-06-17T22:53:13.962+0000][5110.728s][info][gc,cpu        ] GC(34) User=0.02s Sys=0.00s Real=0.00s
[2026-06-17T22:53:15.444+0000][5112.211s][info][gc,start      ] GC(35) Pause Young (Normal) (G1 Evacuation Pause)
[2026-06-17T22:53:15.444+0000][5112.211s][info][gc,task       ] GC(35) Using 13 workers of 13 for evacuation
[2026-06-17T22:53:15.447+0000][5112.214s][info][gc,phases     ] GC(35)   Pre Evacuate Collection Set: 0.0ms
[2026-06-17T22:53:15.447+0000][5112.214s][info][gc,phases     ] GC(35)   Evacuate Collection Set: 2.2ms
[2026-06-17T22:53:15.447+0000][5112.214s][info][gc,phases     ] GC(35)   Post Evacuate Collection Set: 0.5ms
[2026-06-17T22:53:15.448+0000][5112.214s][info][gc,phases     ] GC(35)   Other: 0.5ms
[2026-06-17T22:53:15.448+0000][5112.214s][info][gc,heap       ] GC(35) Eden regions: 271->0(273)
[2026-06-17T22:53:15.448+0000][5112.214s][info][gc,heap       ] GC(35) Survivor regions: 9->7(35)
[2026-06-17T22:53:15.448+0000][5112.214s][info][gc,heap       ] GC(35) Old regions: 18->18
[2026-06-17T22:53:15.448+0000][5112.215s][info][gc,heap       ] GC(35) Humongous regions: 147->147
[2026-06-17T22:53:15.448+0000][5112.215s][info][gc,metaspace  ] GC(35) Metaspace: 52098K(54784K)->52098K(54784K) NonClass: 46157K(47616K)->46157K(47616K) Class: 5940K(7168K)->5940K(7168K)
[2026-06-17T22:53:15.448+0000][5112.215s][info][gc            ] GC(35) Pause Young (Normal) (G1 Evacuation Pause) 444M->171M(512M) 4.070ms
[2026-06-17T22:53:15.448+0000][5112.215s][info][gc,cpu        ] GC(35) User=0.01s Sys=0.00s Real=0.01s
[2026-06-17T22:54:04.389+0000][5161.155s][info][gc,start      ] GC(36) Pause Young (Normal) (G1 Evacuation Pause)
[2026-06-17T22:54:04.389+0000][5161.155s][info][gc,task       ] GC(36) Using 13 workers of 13 for evacuation
[2026-06-17T22:54:04.397+0000][5161.164s][info][gc,phases     ] GC(36)   Pre Evacuate Collection Set: 0.0ms
[2026-06-17T22:54:04.398+0000][5161.164s][info][gc,phases     ] GC(36)   Evacuate Collection Set: 8.1ms
[2026-06-17T22:54:04.398+0000][5161.164s][info][gc,phases     ] GC(36)   Post Evacuate Collection Set: 0.3ms
[2026-06-17T22:54:04.398+0000][5161.164s][info][gc,phases     ] GC(36)   Other: 0.3ms
[2026-06-17T22:54:04.398+0000][5161.164s][info][gc,heap       ] GC(36) Eden regions: 273->0(273)
[2026-06-17T22:54:04.398+0000][5161.164s][info][gc,heap       ] GC(36) Survivor regions: 7->7(35)
[2026-06-17T22:54:04.398+0000][5161.164s][info][gc,heap       ] GC(36) Old regions: 18->18
[2026-06-17T22:54:04.398+0000][5161.164s][info][gc,heap       ] GC(36) Humongous regions: 147->147
[2026-06-17T22:54:04.398+0000][5161.164s][info][gc,metaspace  ] GC(36) Metaspace: 52098K(54784K)->52098K(54784K) NonClass: 46157K(47616K)->46157K(47616K) Class: 5940K(7168K)->5940K(7168K)
[2026-06-17T22:54:04.398+0000][5161.164s][info][gc            ] GC(36) Pause Young (Normal) (G1 Evacuation Pause) 444M->170M(512M) 9.209ms
[2026-06-17T22:54:04.398+0000][5161.164s][info][gc,cpu        ] GC(36) User=0.07s Sys=0.00s Real=0.01s
[2026-06-17T22:54:06.205+0000][5162.971s][info][gc,start      ] GC(37) Pause Young (Normal) (G1 Evacuation Pause)
[2026-06-17T22:54:06.205+0000][5162.971s][info][gc,task       ] GC(37) Using 13 workers of 13 for evacuation
[2026-06-17T22:54:06.207+0000][5162.973s][info][gc,phases     ] GC(37)   Pre Evacuate Collection Set: 0.0ms
[2026-06-17T22:54:06.207+0000][5162.973s][info][gc,phases     ] GC(37)   Evacuate Collection Set: 1.8ms
[2026-06-17T22:54:06.207+0000][5162.973s][info][gc,phases     ] GC(37)   Post Evacuate Collection Set: 0.3ms
[2026-06-17T22:54:06.207+0000][5162.973s][info][gc,phases     ] GC(37)   Other: 0.4ms
[2026-06-17T22:54:06.207+0000][5162.973s][info][gc,heap       ] GC(37) Eden regions: 273->0(275)
[2026-06-17T22:54:06.207+0000][5162.973s][info][gc,heap       ] GC(37) Survivor regions: 7->5(35)
[2026-06-17T22:54:06.207+0000][5162.973s][info][gc,heap       ] GC(37) Old regions: 18->19
[2026-06-17T22:54:06.207+0000][5162.974s][info][gc,heap       ] GC(37) Humongous regions: 147->147
[2026-06-17T22:54:06.207+0000][5162.974s][info][gc,metaspace  ] GC(37) Metaspace: 52098K(54784K)->52098K(54784K) NonClass: 46157K(47616K)->46157K(47616K) Class: 5940K(7168K)->5940K(7168K)
[2026-06-17T22:54:06.207+0000][5162.974s][info][gc            ] GC(37) Pause Young (Normal) (G1 Evacuation Pause) 443M->170M(512M) 2.960ms
[2026-06-17T22:54:06.208+0000][5162.974s][info][gc,cpu        ] GC(37) User=0.02s Sys=0.00s Real=0.01s
[2026-06-17T22:54:07.929+0000][5164.695s][info][gc,start      ] GC(38) Pause Young (Normal) (G1 Evacuation Pause)
[2026-06-17T22:54:07.929+0000][5164.695s][info][gc,task       ] GC(38) Using 13 workers of 13 for evacuation
[2026-06-17T22:54:07.931+0000][5164.697s][info][gc,phases     ] GC(38)   Pre Evacuate Collection Set: 0.0ms
[2026-06-17T22:54:07.931+0000][5164.697s][info][gc,phases     ] GC(38)   Evacuate Collection Set: 1.0ms
[2026-06-17T22:54:07.931+0000][5164.697s][info][gc,phases     ] GC(38)   Post Evacuate Collection Set: 0.3ms
[2026-06-17T22:54:07.931+0000][5164.697s][info][gc,phases     ] GC(38)   Other: 0.3ms
[2026-06-17T22:54:07.931+0000][5164.697s][info][gc,heap       ] GC(38) Eden regions: 275->0(276)
[2026-06-17T22:54:07.931+0000][5164.697s][info][gc,heap       ] GC(38) Survivor regions: 5->5(35)
[2026-06-17T22:54:07.931+0000][5164.697s][info][gc,heap       ] GC(38) Old regions: 19->19
[2026-06-17T22:54:07.931+0000][5164.697s][info][gc,heap       ] GC(38) Humongous regions: 147->147
[2026-06-17T22:54:07.931+0000][5164.697s][info][gc,metaspace  ] GC(38) Metaspace: 52098K(54784K)->52098K(54784K) NonClass: 46157K(47616K)->46157K(47616K) Class: 5940K(7168K)->5940K(7168K)
[2026-06-17T22:54:07.931+0000][5164.697s][info][gc            ] GC(38) Pause Young (Normal) (G1 Evacuation Pause) 445M->169M(512M) 2.244ms
[2026-06-17T22:54:07.931+0000][5164.697s][info][gc,cpu        ] GC(38) User=0.01s Sys=0.00s Real=0.00s
[2026-06-17T22:54:56.816+0000][5213.581s][info][gc,start      ] GC(39) Pause Young (Normal) (G1 Evacuation Pause)
[2026-06-17T22:54:56.816+0000][5213.582s][info][gc,task       ] GC(39) Using 13 workers of 13 for evacuation
[2026-06-17T22:54:56.817+0000][5213.583s][info][gc,phases     ] GC(39)   Pre Evacuate Collection Set: 0.0ms
[2026-06-17T22:54:56.818+0000][5213.583s][info][gc,phases     ] GC(39)   Evacuate Collection Set: 0.9ms
[2026-06-17T22:54:56.818+0000][5213.583s][info][gc,phases     ] GC(39)   Post Evacuate Collection Set: 0.3ms
[2026-06-17T22:54:56.818+0000][5213.583s][info][gc,phases     ] GC(39)   Other: 0.3ms
[2026-06-17T22:54:56.818+0000][5213.583s][info][gc,heap       ] GC(39) Eden regions: 276->0(277)
[2026-06-17T22:54:56.818+0000][5213.583s][info][gc,heap       ] GC(39) Survivor regions: 5->5(36)
[2026-06-17T22:54:56.818+0000][5213.583s][info][gc,heap       ] GC(39) Old regions: 19->19
[2026-06-17T22:54:56.818+0000][5213.583s][info][gc,heap       ] GC(39) Humongous regions: 147->147
[2026-06-17T22:54:56.818+0000][5213.583s][info][gc,metaspace  ] GC(39) Metaspace: 52109K(54784K)->52109K(54784K) NonClass: 46168K(47616K)->46168K(47616K) Class: 5940K(7168K)->5940K(7168K)
[2026-06-17T22:54:56.818+0000][5213.583s][info][gc            ] GC(39) Pause Young (Normal) (G1 Evacuation Pause) 445M->169M(512M) 2.008ms
[2026-06-17T22:54:56.818+0000][5213.584s][info][gc,cpu        ] GC(39) User=0.01s Sys=0.00s Real=0.01s
[2026-06-17T22:54:58.490+0000][5215.255s][info][gc,start      ] GC(40) Pause Young (Normal) (G1 Evacuation Pause)
[2026-06-17T22:54:58.490+0000][5215.255s][info][gc,task       ] GC(40) Using 13 workers of 13 for evacuation
[2026-06-17T22:54:58.491+0000][5215.257s][info][gc,phases     ] GC(40)   Pre Evacuate Collection Set: 0.0ms
[2026-06-17T22:54:58.491+0000][5215.257s][info][gc,phases     ] GC(40)   Evacuate Collection Set: 1.1ms
[2026-06-17T22:54:58.491+0000][5215.257s][info][gc,phases     ] GC(40)   Post Evacuate Collection Set: 0.3ms
[2026-06-17T22:54:58.491+0000][5215.257s][info][gc,phases     ] GC(40)   Other: 0.2ms
[2026-06-17T22:54:58.491+0000][5215.257s][info][gc,heap       ] GC(40) Eden regions: 277->0(277)
[2026-06-17T22:54:58.491+0000][5215.257s][info][gc,heap       ] GC(40) Survivor regions: 5->6(36)
[2026-06-17T22:54:58.491+0000][5215.257s][info][gc,heap       ] GC(40) Old regions: 19->19
[2026-06-17T22:54:58.491+0000][5215.257s][info][gc,heap       ] GC(40) Humongous regions: 147->147
[2026-06-17T22:54:58.491+0000][5215.257s][info][gc,metaspace  ] GC(40) Metaspace: 52109K(54784K)->52109K(54784K) NonClass: 46168K(47616K)->46168K(47616K) Class: 5940K(7168K)->5940K(7168K)
[2026-06-17T22:54:58.492+0000][5215.257s][info][gc            ] GC(40) Pause Young (Normal) (G1 Evacuation Pause) 446M->170M(512M) 1.894ms
[2026-06-17T22:54:58.492+0000][5215.257s][info][gc,cpu        ] GC(40) User=0.01s Sys=0.00s Real=0.00s
[2026-06-17T22:55:47.110+0000][5263.875s][info][gc,start      ] GC(41) Pause Young (Normal) (G1 Evacuation Pause)
[2026-06-17T22:55:47.110+0000][5263.876s][info][gc,task       ] GC(41) Using 13 workers of 13 for evacuation
[2026-06-17T22:55:47.113+0000][5263.878s][info][gc,phases     ] GC(41)   Pre Evacuate Collection Set: 0.0ms
[2026-06-17T22:55:47.113+0000][5263.878s][info][gc,phases     ] GC(41)   Evacuate Collection Set: 1.7ms
[2026-06-17T22:55:47.113+0000][5263.878s][info][gc,phases     ] GC(41)   Post Evacuate Collection Set: 0.3ms
[2026-06-17T22:55:47.113+0000][5263.878s][info][gc,phases     ] GC(41)   Other: 0.4ms
[2026-06-17T22:55:47.113+0000][5263.878s][info][gc,heap       ] GC(41) Eden regions: 277->0(278)
[2026-06-17T22:55:47.113+0000][5263.878s][info][gc,heap       ] GC(41) Survivor regions: 6->6(36)
[2026-06-17T22:55:47.113+0000][5263.878s][info][gc,heap       ] GC(41) Old regions: 19->19
[2026-06-17T22:55:47.113+0000][5263.878s][info][gc,heap       ] GC(41) Humongous regions: 147->147
[2026-06-17T22:55:47.113+0000][5263.878s][info][gc,metaspace  ] GC(41) Metaspace: 52111K(54784K)->52111K(54784K) NonClass: 46170K(47616K)->46170K(47616K) Class: 5940K(7168K)->5940K(7168K)
[2026-06-17T22:55:47.113+0000][5263.878s][info][gc            ] GC(41) Pause Young (Normal) (G1 Evacuation Pause) 447M->171M(512M) 2.910ms
[2026-06-17T22:55:47.113+0000][5263.878s][info][gc,cpu        ] GC(41) User=0.02s Sys=0.00s Real=0.00s
[2026-06-17T22:55:48.960+0000][5265.725s][info][gc,start      ] GC(42) Pause Young (Normal) (G1 Evacuation Pause)
[2026-06-17T22:55:48.960+0000][5265.725s][info][gc,task       ] GC(42) Using 13 workers of 13 for evacuation
[2026-06-17T22:55:48.963+0000][5265.728s][info][gc,phases     ] GC(42)   Pre Evacuate Collection Set: 0.0ms
[2026-06-17T22:55:48.963+0000][5265.728s][info][gc,phases     ] GC(42)   Evacuate Collection Set: 1.9ms
[2026-06-17T22:55:48.963+0000][5265.728s][info][gc,phases     ] GC(42)   Post Evacuate Collection Set: 0.4ms
[2026-06-17T22:55:48.963+0000][5265.728s][info][gc,phases     ] GC(42)   Other: 0.3ms
[2026-06-17T22:55:48.963+0000][5265.728s][info][gc,heap       ] GC(42) Eden regions: 278->0(268)
[2026-06-17T22:55:48.963+0000][5265.728s][info][gc,heap       ] GC(42) Survivor regions: 6->13(36)
[2026-06-17T22:55:48.963+0000][5265.728s][info][gc,heap       ] GC(42) Old regions: 19->19
[2026-06-17T22:55:48.963+0000][5265.728s][info][gc,heap       ] GC(42) Humongous regions: 147->147
[2026-06-17T22:55:48.963+0000][5265.728s][info][gc,metaspace  ] GC(42) Metaspace: 52111K(54784K)->52111K(54784K) NonClass: 46170K(47616K)->46170K(47616K) Class: 5940K(7168K)->5940K(7168K)
[2026-06-17T22:55:48.963+0000][5265.728s][info][gc            ] GC(42) Pause Young (Normal) (G1 Evacuation Pause) 449M->178M(512M) 3.228ms
[2026-06-17T22:55:48.963+0000][5265.728s][info][gc,cpu        ] GC(42) User=0.03s Sys=0.00s Real=0.00s
[2026-06-17T22:55:50.537+0000][5267.302s][info][gc,start      ] GC(43) Pause Young (Normal) (G1 Evacuation Pause)
[2026-06-17T22:55:50.537+0000][5267.302s][info][gc,task       ] GC(43) Using 13 workers of 13 for evacuation
[2026-06-17T22:55:50.540+0000][5267.306s][info][gc,phases     ] GC(43)   Pre Evacuate Collection Set: 0.0ms
[2026-06-17T22:55:50.540+0000][5267.306s][info][gc,phases     ] GC(43)   Evacuate Collection Set: 2.8ms
[2026-06-17T22:55:50.540+0000][5267.306s][info][gc,phases     ] GC(43)   Post Evacuate Collection Set: 0.4ms
[2026-06-17T22:55:50.541+0000][5267.306s][info][gc,phases     ] GC(43)   Other: 0.3ms
[2026-06-17T22:55:50.541+0000][5267.306s][info][gc,heap       ] GC(43) Eden regions: 268->0(265)
[2026-06-17T22:55:50.541+0000][5267.306s][info][gc,heap       ] GC(43) Survivor regions: 13->14(36)
[2026-06-17T22:55:50.541+0000][5267.306s][info][gc,heap       ] GC(43) Old regions: 19->19
[2026-06-17T22:55:50.541+0000][5267.306s][info][gc,heap       ] GC(43) Humongous regions: 147->147
[2026-06-17T22:55:50.541+0000][5267.306s][info][gc,metaspace  ] GC(43) Metaspace: 52111K(54784K)->52111K(54784K) NonClass: 46170K(47616K)->46170K(47616K) Class: 5940K(7168K)->5940K(7168K)
[2026-06-17T22:55:50.541+0000][5267.306s][info][gc            ] GC(43) Pause Young (Normal) (G1 Evacuation Pause) 446M->178M(512M) 4.005ms
[2026-06-17T22:55:50.541+0000][5267.306s][info][gc,cpu        ] GC(43) User=0.03s Sys=0.00s Real=0.01s
[2026-06-17T22:56:39.324+0000][5316.089s][info][gc,start      ] GC(44) Pause Young (Normal) (G1 Evacuation Pause)
[2026-06-17T22:56:39.324+0000][5316.089s][info][gc,task       ] GC(44) Using 13 workers of 13 for evacuation
[2026-06-17T22:56:39.331+0000][5316.095s][info][gc,phases     ] GC(44)   Pre Evacuate Collection Set: 0.0ms
[2026-06-17T22:56:39.331+0000][5316.095s][info][gc,phases     ] GC(44)   Evacuate Collection Set: 6.0ms
[2026-06-17T22:56:39.331+0000][5316.095s][info][gc,phases     ] GC(44)   Post Evacuate Collection Set: 0.4ms
[2026-06-17T22:56:39.331+0000][5316.096s][info][gc,phases     ] GC(44)   Other: 0.4ms
[2026-06-17T22:56:39.331+0000][5316.096s][info][gc,heap       ] GC(44) Eden regions: 265->0(265)
[2026-06-17T22:56:39.331+0000][5316.096s][info][gc,heap       ] GC(44) Survivor regions: 14->13(35)
[2026-06-17T22:56:39.331+0000][5316.096s][info][gc,heap       ] GC(44) Old regions: 19->19
[2026-06-17T22:56:39.331+0000][5316.096s][info][gc,heap       ] GC(44) Humongous regions: 147->147
[2026-06-17T22:56:39.331+0000][5316.096s][info][gc,metaspace  ] GC(44) Metaspace: 52114K(54784K)->52114K(54784K) NonClass: 46173K(47616K)->46173K(47616K) Class: 5940K(7168K)->5940K(7168K)
[2026-06-17T22:56:39.331+0000][5316.096s][info][gc            ] GC(44) Pause Young (Normal) (G1 Evacuation Pause) 443M->178M(512M) 7.292ms
[2026-06-17T22:56:39.331+0000][5316.096s][info][gc,cpu        ] GC(44) User=0.07s Sys=0.00s Real=0.01s
[2026-06-17T22:56:41.291+0000][5318.056s][info][gc,start      ] GC(45) Pause Young (Normal) (G1 Evacuation Pause)
[2026-06-17T22:56:41.291+0000][5318.056s][info][gc,task       ] GC(45) Using 13 workers of 13 for evacuation
[2026-06-17T22:56:41.297+0000][5318.062s][info][gc,phases     ] GC(45)   Pre Evacuate Collection Set: 0.0ms
[2026-06-17T22:56:41.297+0000][5318.062s][info][gc,phases     ] GC(45)   Evacuate Collection Set: 5.3ms
[2026-06-17T22:56:41.297+0000][5318.062s][info][gc,phases     ] GC(45)   Post Evacuate Collection Set: 0.3ms
[2026-06-17T22:56:41.297+0000][5318.062s][info][gc,phases     ] GC(45)   Other: 0.3ms
[2026-06-17T22:56:41.297+0000][5318.062s][info][gc,heap       ] GC(45) Eden regions: 265->0(267)
[2026-06-17T22:56:41.297+0000][5318.062s][info][gc,heap       ] GC(45) Survivor regions: 13->11(35)
[2026-06-17T22:56:41.297+0000][5318.062s][info][gc,heap       ] GC(45) Old regions: 19->19
[2026-06-17T22:56:41.297+0000][5318.062s][info][gc,heap       ] GC(45) Humongous regions: 147->147
[2026-06-17T22:56:41.298+0000][5318.062s][info][gc,metaspace  ] GC(45) Metaspace: 52114K(54784K)->52114K(54784K) NonClass: 46173K(47616K)->46173K(47616K) Class: 5940K(7168K)->5940K(7168K)
[2026-06-17T22:56:41.298+0000][5318.062s][info][gc            ] GC(45) Pause Young (Normal) (G1 Evacuation Pause) 443M->176M(512M) 6.278ms
[2026-06-17T22:56:41.298+0000][5318.062s][info][gc,cpu        ] GC(45) User=0.06s Sys=0.00s Real=0.00s
[2026-06-17T22:56:42.880+0000][5319.645s][info][gc,start      ] GC(46) Pause Young (Normal) (G1 Evacuation Pause)
[2026-06-17T22:56:42.880+0000][5319.645s][info][gc,task       ] GC(46) Using 13 workers of 13 for evacuation
[2026-06-17T22:56:42.885+0000][5319.650s][info][gc,phases     ] GC(46)   Pre Evacuate Collection Set: 0.0ms
[2026-06-17T22:56:42.885+0000][5319.650s][info][gc,phases     ] GC(46)   Evacuate Collection Set: 4.3ms
[2026-06-17T22:56:42.885+0000][5319.650s][info][gc,phases     ] GC(46)   Post Evacuate Collection Set: 0.4ms
[2026-06-17T22:56:42.885+0000][5319.650s][info][gc,phases     ] GC(46)   Other: 0.3ms
[2026-06-17T22:56:42.885+0000][5319.650s][info][gc,heap       ] GC(46) Eden regions: 267->0(268)
[2026-06-17T22:56:42.885+0000][5319.650s][info][gc,heap       ] GC(46) Survivor regions: 11->11(35)
[2026-06-17T22:56:42.885+0000][5319.650s][info][gc,heap       ] GC(46) Old regions: 19->19
[2026-06-17T22:56:42.885+0000][5319.650s][info][gc,heap       ] GC(46) Humongous regions: 147->147
[2026-06-17T22:56:42.885+0000][5319.650s][info][gc,metaspace  ] GC(46) Metaspace: 52114K(54784K)->52114K(54784K) NonClass: 46173K(47616K)->46173K(47616K) Class: 5940K(7168K)->5940K(7168K)
[2026-06-17T22:56:42.885+0000][5319.650s][info][gc            ] GC(46) Pause Young (Normal) (G1 Evacuation Pause) 443M->176M(512M) 5.531ms
[2026-06-17T22:56:42.886+0000][5319.650s][info][gc,cpu        ] GC(46) User=0.06s Sys=0.00s Real=0.00s
[2026-06-17T22:57:31.651+0000][5368.415s][info][gc,start      ] GC(47) Pause Young (Normal) (G1 Evacuation Pause)
[2026-06-17T22:57:31.652+0000][5368.416s][info][gc,task       ] GC(47) Using 13 workers of 13 for evacuation
[2026-06-17T22:57:31.654+0000][5368.418s][info][gc,phases     ] GC(47)   Pre Evacuate Collection Set: 0.0ms
[2026-06-17T22:57:31.654+0000][5368.418s][info][gc,phases     ] GC(47)   Evacuate Collection Set: 1.8ms
[2026-06-17T22:57:31.654+0000][5368.418s][info][gc,phases     ] GC(47)   Post Evacuate Collection Set: 0.4ms
[2026-06-17T22:57:31.654+0000][5368.418s][info][gc,phases     ] GC(47)   Other: 0.3ms
[2026-06-17T22:57:31.654+0000][5368.418s][info][gc,heap       ] GC(47) Eden regions: 268->0(269)
[2026-06-17T22:57:31.654+0000][5368.418s][info][gc,heap       ] GC(47) Survivor regions: 11->11(35)
[2026-06-17T22:57:31.654+0000][5368.418s][info][gc,heap       ] GC(47) Old regions: 19->19
[2026-06-17T22:57:31.655+0000][5368.419s][info][gc,heap       ] GC(47) Humongous regions: 147->147
[2026-06-17T22:57:31.655+0000][5368.419s][info][gc,metaspace  ] GC(47) Metaspace: 52114K(54784K)->52114K(54784K) NonClass: 46173K(47616K)->46173K(47616K) Class: 5940K(7168K)->5940K(7168K)
[2026-06-17T22:57:31.655+0000][5368.419s][info][gc            ] GC(47) Pause Young (Normal) (G1 Evacuation Pause) 444M->176M(512M) 3.406ms
[2026-06-17T22:57:31.655+0000][5368.419s][info][gc,cpu        ] GC(47) User=0.01s Sys=0.00s Real=0.00s
[2026-06-17T22:57:33.479+0000][5370.243s][info][gc,start      ] GC(48) Pause Young (Normal) (G1 Evacuation Pause)
[2026-06-17T22:57:33.480+0000][5370.244s][info][gc,task       ] GC(48) Using 13 workers of 13 for evacuation
[2026-06-17T22:57:33.482+0000][5370.246s][info][gc,phases     ] GC(48)   Pre Evacuate Collection Set: 0.0ms
[2026-06-17T22:57:33.482+0000][5370.246s][info][gc,phases     ] GC(48)   Evacuate Collection Set: 2.0ms
[2026-06-17T22:57:33.482+0000][5370.246s][info][gc,phases     ] GC(48)   Post Evacuate Collection Set: 0.3ms
[2026-06-17T22:57:33.482+0000][5370.246s][info][gc,phases     ] GC(48)   Other: 0.3ms
[2026-06-17T22:57:33.482+0000][5370.246s][info][gc,heap       ] GC(48) Eden regions: 269->0(270)
[2026-06-17T22:57:33.482+0000][5370.246s][info][gc,heap       ] GC(48) Survivor regions: 11->11(35)
[2026-06-17T22:57:33.482+0000][5370.246s][info][gc,heap       ] GC(48) Old regions: 19->20
[2026-06-17T22:57:33.482+0000][5370.247s][info][gc,heap       ] GC(48) Humongous regions: 147->147
[2026-06-17T22:57:33.483+0000][5370.247s][info][gc,metaspace  ] GC(48) Metaspace: 52117K(54784K)->52117K(54784K) NonClass: 46176K(47616K)->46176K(47616K) Class: 5940K(7168K)->5940K(7168K)
[2026-06-17T22:57:33.483+0000][5370.247s][info][gc            ] GC(48) Pause Young (Normal) (G1 Evacuation Pause) 445M->176M(512M) 3.138ms
[2026-06-17T22:57:33.483+0000][5370.247s][info][gc,cpu        ] GC(48) User=0.03s Sys=0.00s Real=0.00s
[2026-06-17T22:57:35.083+0000][5371.847s][info][gc,start      ] GC(49) Pause Young (Normal) (G1 Evacuation Pause)
[2026-06-17T22:57:35.083+0000][5371.847s][info][gc,task       ] GC(49) Using 13 workers of 13 for evacuation
[2026-06-17T22:57:35.087+0000][5371.851s][info][gc,phases     ] GC(49)   Pre Evacuate Collection Set: 0.0ms
[2026-06-17T22:57:35.087+0000][5371.851s][info][gc,phases     ] GC(49)   Evacuate Collection Set: 3.5ms
[2026-06-17T22:57:35.087+0000][5371.851s][info][gc,phases     ] GC(49)   Post Evacuate Collection Set: 0.4ms
[2026-06-17T22:57:35.088+0000][5371.852s][info][gc,phases     ] GC(49)   Other: 0.3ms
[2026-06-17T22:57:35.088+0000][5371.852s][info][gc,heap       ] GC(49) Eden regions: 270->0(261)
[2026-06-17T22:57:35.088+0000][5371.852s][info][gc,heap       ] GC(49) Survivor regions: 11->16(36)
[2026-06-17T22:57:35.088+0000][5371.852s][info][gc,heap       ] GC(49) Old regions: 20->20
[2026-06-17T22:57:35.088+0000][5371.852s][info][gc,heap       ] GC(49) Humongous regions: 147->147
[2026-06-17T22:57:35.088+0000][5371.852s][info][gc,metaspace  ] GC(49) Metaspace: 52120K(54784K)->52120K(54784K) NonClass: 46179K(47616K)->46179K(47616K) Class: 5940K(7168K)->5940K(7168K)
[2026-06-17T22:57:35.088+0000][5371.852s][info][gc            ] GC(49) Pause Young (Normal) (G1 Evacuation Pause) 446M->182M(512M) 4.925ms
[2026-06-17T22:57:35.088+0000][5371.852s][info][gc,cpu        ] GC(49) User=0.05s Sys=0.00s Real=0.00s
[2026-06-17T22:58:23.842+0000][5420.605s][info][gc,start      ] GC(50) Pause Young (Normal) (G1 Evacuation Pause)
[2026-06-17T22:58:23.842+0000][5420.606s][info][gc,task       ] GC(50) Using 13 workers of 13 for evacuation
[2026-06-17T22:58:23.846+0000][5420.610s][info][gc,phases     ] GC(50)   Pre Evacuate Collection Set: 0.0ms
[2026-06-17T22:58:23.846+0000][5420.610s][info][gc,phases     ] GC(50)   Evacuate Collection Set: 3.7ms
[2026-06-17T22:58:23.846+0000][5420.610s][info][gc,phases     ] GC(50)   Post Evacuate Collection Set: 0.4ms
[2026-06-17T22:58:23.846+0000][5420.610s][info][gc,phases     ] GC(50)   Other: 0.3ms
[2026-06-17T22:58:23.846+0000][5420.610s][info][gc,heap       ] GC(50) Eden regions: 261->0(261)
[2026-06-17T22:58:23.846+0000][5420.610s][info][gc,heap       ] GC(50) Survivor regions: 16->16(35)
[2026-06-17T22:58:23.846+0000][5420.610s][info][gc,heap       ] GC(50) Old regions: 20->20
[2026-06-17T22:58:23.846+0000][5420.610s][info][gc,heap       ] GC(50) Humongous regions: 147->147
[2026-06-17T22:58:23.846+0000][5420.610s][info][gc,metaspace  ] GC(50) Metaspace: 52122K(54784K)->52122K(54784K) NonClass: 46181K(47616K)->46181K(47616K) Class: 5940K(7168K)->5940K(7168K)
[2026-06-17T22:58:23.846+0000][5420.610s][info][gc            ] GC(50) Pause Young (Normal) (G1 Evacuation Pause) 443M->182M(512M) 4.854ms
[2026-06-17T22:58:23.847+0000][5420.610s][info][gc,cpu        ] GC(50) User=0.05s Sys=0.00s Real=0.00s
[2026-06-17T22:58:25.593+0000][5422.357s][info][gc,start      ] GC(51) Pause Young (Normal) (G1 Evacuation Pause)
[2026-06-17T22:58:25.593+0000][5422.357s][info][gc,task       ] GC(51) Using 13 workers of 13 for evacuation
[2026-06-17T22:58:25.598+0000][5422.362s][info][gc,phases     ] GC(51)   Pre Evacuate Collection Set: 0.0ms
[2026-06-17T22:58:25.598+0000][5422.362s][info][gc,phases     ] GC(51)   Evacuate Collection Set: 4.2ms
[2026-06-17T22:58:25.598+0000][5422.362s][info][gc,phases     ] GC(51)   Post Evacuate Collection Set: 0.5ms
[2026-06-17T22:58:25.599+0000][5422.362s][info][gc,phases     ] GC(51)   Other: 0.3ms
[2026-06-17T22:58:25.599+0000][5422.362s][info][gc,heap       ] GC(51) Eden regions: 261->0(262)
[2026-06-17T22:58:25.599+0000][5422.362s][info][gc,heap       ] GC(51) Survivor regions: 16->15(35)
[2026-06-17T22:58:25.599+0000][5422.362s][info][gc,heap       ] GC(51) Old regions: 20->21
[2026-06-17T22:58:25.599+0000][5422.363s][info][gc,heap       ] GC(51) Humongous regions: 147->147
[2026-06-17T22:58:25.599+0000][5422.363s][info][gc,metaspace  ] GC(51) Metaspace: 52122K(54784K)->52122K(54784K) NonClass: 46181K(47616K)->46181K(47616K) Class: 5940K(7168K)->5940K(7168K)
[2026-06-17T22:58:25.599+0000][5422.363s][info][gc            ] GC(51) Pause Young (Normal) (G1 Evacuation Pause) 443M->181M(512M) 5.649ms
[2026-06-17T22:58:25.599+0000][5422.363s][info][gc,cpu        ] GC(51) User=0.02s Sys=0.00s Real=0.01s
[2026-06-17T22:58:27.098+0000][5423.862s][info][gc,start      ] GC(52) Pause Young (Normal) (G1 Evacuation Pause)
[2026-06-17T22:58:27.098+0000][5423.862s][info][gc,task       ] GC(52) Using 13 workers of 13 for evacuation
[2026-06-17T22:58:27.102+0000][5423.866s][info][gc,phases     ] GC(52)   Pre Evacuate Collection Set: 0.0ms
[2026-06-17T22:58:27.102+0000][5423.866s][info][gc,phases     ] GC(52)   Evacuate Collection Set: 3.6ms
[2026-06-17T22:58:27.102+0000][5423.867s][info][gc,phases     ] GC(52)   Post Evacuate Collection Set: 0.4ms
[2026-06-17T22:58:27.103+0000][5423.867s][info][gc,phases     ] GC(52)   Other: 0.4ms
[2026-06-17T22:58:27.103+0000][5423.867s][info][gc,heap       ] GC(52) Eden regions: 262->0(264)
[2026-06-17T22:58:27.103+0000][5423.867s][info][gc,heap       ] GC(52) Survivor regions: 15->14(35)
[2026-06-17T22:58:27.103+0000][5423.867s][info][gc,heap       ] GC(52) Old regions: 21->21
[2026-06-17T22:58:27.103+0000][5423.867s][info][gc,heap       ] GC(52) Humongous regions: 147->147
[2026-06-17T22:58:27.103+0000][5423.867s][info][gc,metaspace  ] GC(52) Metaspace: 52122K(54784K)->52122K(54784K) NonClass: 46181K(47616K)->46181K(47616K) Class: 5940K(7168K)->5940K(7168K)
[2026-06-17T22:58:27.103+0000][5423.867s][info][gc            ] GC(52) Pause Young (Normal) (G1 Evacuation Pause) 443M->181M(512M) 4.993ms
[2026-06-17T22:58:27.103+0000][5423.867s][info][gc,cpu        ] GC(52) User=0.05s Sys=0.00s Real=0.01s
[2026-06-17T22:59:15.732+0000][5472.495s][info][gc,start      ] GC(53) Pause Young (Normal) (G1 Evacuation Pause)
[2026-06-17T22:59:15.732+0000][5472.496s][info][gc,task       ] GC(53) Using 13 workers of 13 for evacuation
[2026-06-17T22:59:15.735+0000][5472.498s][info][gc,phases     ] GC(53)   Pre Evacuate Collection Set: 0.0ms
[2026-06-17T22:59:15.735+0000][5472.498s][info][gc,phases     ] GC(53)   Evacuate Collection Set: 1.8ms
[2026-06-17T22:59:15.735+0000][5472.498s][info][gc,phases     ] GC(53)   Post Evacuate Collection Set: 0.3ms
[2026-06-17T22:59:15.735+0000][5472.498s][info][gc,phases     ] GC(53)   Other: 0.6ms
[2026-06-17T22:59:15.735+0000][5472.498s][info][gc,heap       ] GC(53) Eden regions: 264->0(267)
[2026-06-17T22:59:15.735+0000][5472.498s][info][gc,heap       ] GC(53) Survivor regions: 14->12(35)
[2026-06-17T22:59:15.735+0000][5472.498s][info][gc,heap       ] GC(53) Old regions: 21->22
[2026-06-17T22:59:15.735+0000][5472.498s][info][gc,heap       ] GC(53) Humongous regions: 147->147
[2026-06-17T22:59:15.735+0000][5472.498s][info][gc,metaspace  ] GC(53) Metaspace: 52123K(54784K)->52123K(54784K) NonClass: 46182K(47616K)->46182K(47616K) Class: 5940K(7168K)->5940K(7168K)
[2026-06-17T22:59:15.735+0000][5472.498s][info][gc            ] GC(53) Pause Young (Normal) (G1 Evacuation Pause) 445M->179M(512M) 3.326ms
[2026-06-17T22:59:15.735+0000][5472.498s][info][gc,cpu        ] GC(53) User=0.02s Sys=0.00s Real=0.00s
[2026-06-17T22:59:17.488+0000][5474.251s][info][gc,start      ] GC(54) Pause Young (Normal) (G1 Evacuation Pause)
[2026-06-17T22:59:17.488+0000][5474.251s][info][gc,task       ] GC(54) Using 13 workers of 13 for evacuation
[2026-06-17T22:59:17.491+0000][5474.254s][info][gc,phases     ] GC(54)   Pre Evacuate Collection Set: 0.0ms
[2026-06-17T22:59:17.491+0000][5474.255s][info][gc,phases     ] GC(54)   Evacuate Collection Set: 2.9ms
[2026-06-17T22:59:17.491+0000][5474.255s][info][gc,phases     ] GC(54)   Post Evacuate Collection Set: 0.3ms
[2026-06-17T22:59:17.492+0000][5474.255s][info][gc,phases     ] GC(54)   Other: 0.3ms
[2026-06-17T22:59:17.492+0000][5474.255s][info][gc,heap       ] GC(54) Eden regions: 267->0(254)
[2026-06-17T22:59:17.492+0000][5474.255s][info][gc,heap       ] GC(54) Survivor regions: 12->18(35)
[2026-06-17T22:59:17.492+0000][5474.255s][info][gc,heap       ] GC(54) Old regions: 22->23
[2026-06-17T22:59:17.492+0000][5474.255s][info][gc,heap       ] GC(54) Humongous regions: 147->147
[2026-06-17T22:59:17.492+0000][5474.255s][info][gc,metaspace  ] GC(54) Metaspace: 52123K(54784K)->52123K(54784K) NonClass: 46182K(47616K)->46182K(47616K) Class: 5940K(7168K)->5940K(7168K)
[2026-06-17T22:59:17.492+0000][5474.255s][info][gc            ] GC(54) Pause Young (Normal) (G1 Evacuation Pause) 446M->186M(512M) 4.077ms
[2026-06-17T22:59:17.492+0000][5474.255s][info][gc,cpu        ] GC(54) User=0.03s Sys=0.00s Real=0.01s
[2026-06-17T22:59:18.979+0000][5475.742s][info][gc,start      ] GC(55) Pause Young (Normal) (G1 Evacuation Pause)
[2026-06-17T22:59:18.979+0000][5475.742s][info][gc,task       ] GC(55) Using 13 workers of 13 for evacuation
[2026-06-17T22:59:18.983+0000][5475.746s][info][gc,phases     ] GC(55)   Pre Evacuate Collection Set: 0.0ms
[2026-06-17T22:59:18.983+0000][5475.746s][info][gc,phases     ] GC(55)   Evacuate Collection Set: 3.2ms
[2026-06-17T22:59:18.983+0000][5475.746s][info][gc,phases     ] GC(55)   Post Evacuate Collection Set: 0.6ms
[2026-06-17T22:59:18.983+0000][5475.747s][info][gc,phases     ] GC(55)   Other: 0.3ms
[2026-06-17T22:59:18.984+0000][5475.747s][info][gc,heap       ] GC(55) Eden regions: 254->0(258)
[2026-06-17T22:59:18.984+0000][5475.747s][info][gc,heap       ] GC(55) Survivor regions: 18->16(34)
[2026-06-17T22:59:18.984+0000][5475.747s][info][gc,heap       ] GC(55) Old regions: 23->23
[2026-06-17T22:59:18.984+0000][5475.747s][info][gc,heap       ] GC(55) Humongous regions: 147->147
[2026-06-17T22:59:18.984+0000][5475.747s][info][gc,metaspace  ] GC(55) Metaspace: 52123K(54784K)->52123K(54784K) NonClass: 46182K(47616K)->46182K(47616K) Class: 5940K(7168K)->5940K(7168K)
[2026-06-17T22:59:18.984+0000][5475.747s][info][gc            ] GC(55) Pause Young (Normal) (G1 Evacuation Pause) 440M->185M(512M) 5.169ms
[2026-06-17T22:59:18.984+0000][5475.747s][info][gc,cpu        ] GC(55) User=0.04s Sys=0.00s Real=0.01s
[2026-06-17T23:00:07.561+0000][5524.324s][info][gc,start      ] GC(56) Pause Young (Normal) (G1 Evacuation Pause)
[2026-06-17T23:00:07.562+0000][5524.324s][info][gc,task       ] GC(56) Using 13 workers of 13 for evacuation
[2026-06-17T23:00:07.564+0000][5524.327s][info][gc,phases     ] GC(56)   Pre Evacuate Collection Set: 0.0ms
[2026-06-17T23:00:07.564+0000][5524.327s][info][gc,phases     ] GC(56)   Evacuate Collection Set: 2.1ms
[2026-06-17T23:00:07.564+0000][5524.327s][info][gc,phases     ] GC(56)   Post Evacuate Collection Set: 0.3ms
[2026-06-17T23:00:07.565+0000][5524.327s][info][gc,phases     ] GC(56)   Other: 0.6ms
[2026-06-17T23:00:07.565+0000][5524.327s][info][gc,heap       ] GC(56) Eden regions: 258->0(257)
[2026-06-17T23:00:07.565+0000][5524.327s][info][gc,heap       ] GC(56) Survivor regions: 16->16(35)
[2026-06-17T23:00:07.565+0000][5524.327s][info][gc,heap       ] GC(56) Old regions: 23->24
[2026-06-17T23:00:07.565+0000][5524.327s][info][gc,heap       ] GC(56) Humongous regions: 147->147
[2026-06-17T23:00:07.565+0000][5524.327s][info][gc,metaspace  ] GC(56) Metaspace: 52129K(54784K)->52129K(54784K) NonClass: 46188K(47616K)->46188K(47616K) Class: 5940K(7168K)->5940K(7168K)
[2026-06-17T23:00:07.565+0000][5524.327s][info][gc            ] GC(56) Pause Young (Normal) (G1 Evacuation Pause) 443M->185M(512M) 3.285ms
[2026-06-17T23:00:07.565+0000][5524.327s][info][gc,cpu        ] GC(56) User=0.03s Sys=0.00s Real=0.00s
[2026-06-17T23:00:09.222+0000][5525.985s][info][gc,start      ] GC(57) Pause Young (Normal) (G1 Evacuation Pause)
[2026-06-17T23:00:09.223+0000][5525.985s][info][gc,task       ] GC(57) Using 13 workers of 13 for evacuation
[2026-06-17T23:00:09.228+0000][5525.991s][info][gc,phases     ] GC(57)   Pre Evacuate Collection Set: 0.0ms
[2026-06-17T23:00:09.229+0000][5525.991s][info][gc,phases     ] GC(57)   Evacuate Collection Set: 5.1ms
[2026-06-17T23:00:09.229+0000][5525.991s][info][gc,phases     ] GC(57)   Post Evacuate Collection Set: 0.4ms
[2026-06-17T23:00:09.229+0000][5525.991s][info][gc,phases     ] GC(57)   Other: 0.4ms
[2026-06-17T23:00:09.229+0000][5525.991s][info][gc,heap       ] GC(57) Eden regions: 257->0(261)
[2026-06-17T23:00:09.229+0000][5525.991s][info][gc,heap       ] GC(57) Survivor regions: 16->13(35)
[2026-06-17T23:00:09.229+0000][5525.991s][info][gc,heap       ] GC(57) Old regions: 24->25
[2026-06-17T23:00:09.229+0000][5525.991s][info][gc,heap       ] GC(57) Humongous regions: 147->147
[2026-06-17T23:00:09.229+0000][5525.991s][info][gc,metaspace  ] GC(57) Metaspace: 52129K(54784K)->52129K(54784K) NonClass: 46188K(47616K)->46188K(47616K) Class: 5940K(7168K)->5940K(7168K)
[2026-06-17T23:00:09.229+0000][5525.992s][info][gc            ] GC(57) Pause Young (Normal) (G1 Evacuation Pause) 442M->184M(512M) 6.379ms
[2026-06-17T23:00:09.229+0000][5525.992s][info][gc,cpu        ] GC(57) User=0.05s Sys=0.01s Real=0.00s
[2026-06-17T23:00:10.676+0000][5527.439s][info][gc,start      ] GC(58) Pause Young (Normal) (G1 Evacuation Pause)
[2026-06-17T23:00:10.677+0000][5527.439s][info][gc,task       ] GC(58) Using 13 workers of 13 for evacuation
[2026-06-17T23:00:10.679+0000][5527.441s][info][gc,phases     ] GC(58)   Pre Evacuate Collection Set: 0.0ms
[2026-06-17T23:00:10.679+0000][5527.442s][info][gc,phases     ] GC(58)   Evacuate Collection Set: 1.8ms
[2026-06-17T23:00:10.679+0000][5527.442s][info][gc,phases     ] GC(58)   Post Evacuate Collection Set: 0.3ms
[2026-06-17T23:00:10.679+0000][5527.442s][info][gc,phases     ] GC(58)   Other: 0.3ms
[2026-06-17T23:00:10.679+0000][5527.442s][info][gc,heap       ] GC(58) Eden regions: 261->0(263)
[2026-06-17T23:00:10.679+0000][5527.442s][info][gc,heap       ] GC(58) Survivor regions: 13->12(35)
[2026-06-17T23:00:10.679+0000][5527.442s][info][gc,heap       ] GC(58) Old regions: 25->25
[2026-06-17T23:00:10.679+0000][5527.442s][info][gc,heap       ] GC(58) Humongous regions: 147->147
[2026-06-17T23:00:10.679+0000][5527.442s][info][gc,metaspace  ] GC(58) Metaspace: 52129K(54784K)->52129K(54784K) NonClass: 46188K(47616K)->46188K(47616K) Class: 5940K(7168K)->5940K(7168K)
[2026-06-17T23:00:10.679+0000][5527.442s][info][gc            ] GC(58) Pause Young (Normal) (G1 Evacuation Pause) 445M->183M(512M) 3.075ms
[2026-06-17T23:00:10.680+0000][5527.442s][info][gc,cpu        ] GC(58) User=0.03s Sys=0.00s Real=0.00s
[2026-06-17T23:00:59.156+0000][5575.918s][info][gc,start      ] GC(59) Pause Young (Normal) (G1 Evacuation Pause)
[2026-06-17T23:00:59.157+0000][5575.919s][info][gc,task       ] GC(59) Using 13 workers of 13 for evacuation
[2026-06-17T23:00:59.164+0000][5575.926s][info][gc,phases     ] GC(59)   Pre Evacuate Collection Set: 0.0ms
[2026-06-17T23:00:59.164+0000][5575.926s][info][gc,phases     ] GC(59)   Evacuate Collection Set: 7.0ms
[2026-06-17T23:00:59.164+0000][5575.926s][info][gc,phases     ] GC(59)   Post Evacuate Collection Set: 0.3ms
[2026-06-17T23:00:59.164+0000][5575.926s][info][gc,phases     ] GC(59)   Other: 0.3ms
[2026-06-17T23:00:59.164+0000][5575.926s][info][gc,heap       ] GC(59) Eden regions: 263->0(255)
[2026-06-17T23:00:59.164+0000][5575.926s][info][gc,heap       ] GC(59) Survivor regions: 12->16(35)
[2026-06-17T23:00:59.164+0000][5575.927s][info][gc,heap       ] GC(59) Old regions: 25->26
[2026-06-17T23:00:59.165+0000][5575.927s][info][gc,heap       ] GC(59) Humongous regions: 147->147
[2026-06-17T23:00:59.165+0000][5575.927s][info][gc,metaspace  ] GC(59) Metaspace: 52130K(54784K)->52130K(54784K) NonClass: 46189K(47616K)->46189K(47616K) Class: 5940K(7168K)->5940K(7168K)
[2026-06-17T23:00:59.165+0000][5575.927s][info][gc            ] GC(59) Pause Young (Normal) (G1 Evacuation Pause) 446M->188M(512M) 8.196ms
[2026-06-17T23:00:59.165+0000][5575.927s][info][gc,cpu        ] GC(59) User=0.08s Sys=0.00s Real=0.01s
[2026-06-17T23:01:00.830+0000][5577.592s][info][gc,start      ] GC(60) Pause Young (Normal) (G1 Evacuation Pause)
[2026-06-17T23:01:00.830+0000][5577.592s][info][gc,task       ] GC(60) Using 13 workers of 13 for evacuation
[2026-06-17T23:01:00.834+0000][5577.596s][info][gc,phases     ] GC(60)   Pre Evacuate Collection Set: 0.0ms
[2026-06-17T23:01:00.834+0000][5577.596s][info][gc,phases     ] GC(60)   Evacuate Collection Set: 3.3ms
[2026-06-17T23:01:00.834+0000][5577.596s][info][gc,phases     ] GC(60)   Post Evacuate Collection Set: 0.4ms
[2026-06-17T23:01:00.834+0000][5577.596s][info][gc,phases     ] GC(60)   Other: 0.2ms
[2026-06-17T23:01:00.834+0000][5577.596s][info][gc,heap       ] GC(60) Eden regions: 255->0(258)
[2026-06-17T23:01:00.834+0000][5577.596s][info][gc,heap       ] GC(60) Survivor regions: 16->14(34)
[2026-06-17T23:01:00.834+0000][5577.596s][info][gc,heap       ] GC(60) Old regions: 26->27
[2026-06-17T23:01:00.834+0000][5577.596s][info][gc,heap       ] GC(60) Humongous regions: 147->147
[2026-06-17T23:01:00.834+0000][5577.596s][info][gc,metaspace  ] GC(60) Metaspace: 52130K(54784K)->52130K(54784K) NonClass: 46189K(47616K)->46189K(47616K) Class: 5940K(7168K)->5940K(7168K)
[2026-06-17T23:01:00.834+0000][5577.596s][info][gc            ] GC(60) Pause Young (Normal) (G1 Evacuation Pause) 443M->187M(512M) 4.514ms
[2026-06-17T23:01:00.834+0000][5577.597s][info][gc,cpu        ] GC(60) User=0.04s Sys=0.00s Real=0.01s
[2026-06-17T23:01:02.296+0000][5579.058s][info][gc,start      ] GC(61) Pause Young (Normal) (G1 Evacuation Pause)
[2026-06-17T23:01:02.296+0000][5579.058s][info][gc,task       ] GC(61) Using 13 workers of 13 for evacuation
[2026-06-17T23:01:02.299+0000][5579.061s][info][gc,phases     ] GC(61)   Pre Evacuate Collection Set: 0.0ms
[2026-06-17T23:01:02.299+0000][5579.061s][info][gc,phases     ] GC(61)   Evacuate Collection Set: 2.4ms
[2026-06-17T23:01:02.299+0000][5579.061s][info][gc,phases     ] GC(61)   Post Evacuate Collection Set: 0.3ms
[2026-06-17T23:01:02.299+0000][5579.061s][info][gc,phases     ] GC(61)   Other: 0.4ms
[2026-06-17T23:01:02.299+0000][5579.061s][info][gc,heap       ] GC(61) Eden regions: 258->0(259)
[2026-06-17T23:01:02.299+0000][5579.061s][info][gc,heap       ] GC(61) Survivor regions: 14->13(34)
[2026-06-17T23:01:02.299+0000][5579.061s][info][gc,heap       ] GC(61) Old regions: 27->27
[2026-06-17T23:01:02.299+0000][5579.061s][info][gc,heap       ] GC(61) Humongous regions: 147->147
[2026-06-17T23:01:02.299+0000][5579.061s][info][gc,metaspace  ] GC(61) Metaspace: 52130K(54784K)->52130K(54784K) NonClass: 46189K(47616K)->46189K(47616K) Class: 5940K(7168K)->5940K(7168K)
[2026-06-17T23:01:02.299+0000][5579.062s][info][gc            ] GC(61) Pause Young (Normal) (G1 Evacuation Pause) 445M->186M(512M) 3.887ms
[2026-06-17T23:01:02.300+0000][5579.062s][info][gc,cpu        ] GC(61) User=0.02s Sys=0.00s Real=0.00s
[2026-06-17T23:01:50.700+0000][5627.462s][info][gc,start      ] GC(62) Pause Young (Normal) (G1 Evacuation Pause)
[2026-06-17T23:01:50.701+0000][5627.463s][info][gc,task       ] GC(62) Using 13 workers of 13 for evacuation
[2026-06-17T23:01:50.711+0000][5627.473s][info][gc,phases     ] GC(62)   Pre Evacuate Collection Set: 0.0ms
[2026-06-17T23:01:50.711+0000][5627.473s][info][gc,phases     ] GC(62)   Evacuate Collection Set: 9.3ms
[2026-06-17T23:01:50.711+0000][5627.473s][info][gc,phases     ] GC(62)   Post Evacuate Collection Set: 0.4ms
[2026-06-17T23:01:50.711+0000][5627.473s][info][gc,phases     ] GC(62)   Other: 0.8ms
[2026-06-17T23:01:50.711+0000][5627.473s][info][gc,heap       ] GC(62) Eden regions: 259->0(260)
[2026-06-17T23:01:50.711+0000][5627.473s][info][gc,heap       ] GC(62) Survivor regions: 13->12(34)
[2026-06-17T23:01:50.711+0000][5627.473s][info][gc,heap       ] GC(62) Old regions: 27->28
[2026-06-17T23:01:50.711+0000][5627.473s][info][gc,heap       ] GC(62) Humongous regions: 147->147
[2026-06-17T23:01:50.711+0000][5627.473s][info][gc,metaspace  ] GC(62) Metaspace: 52131K(54784K)->52131K(54784K) NonClass: 46190K(47616K)->46190K(47616K) Class: 5940K(7168K)->5940K(7168K)
[2026-06-17T23:01:50.711+0000][5627.473s][info][gc            ] GC(62) Pause Young (Normal) (G1 Evacuation Pause) 445M->186M(512M) 11.163ms
[2026-06-17T23:01:50.711+0000][5627.473s][info][gc,cpu        ] GC(62) User=0.08s Sys=0.00s Real=0.02s
[2026-06-17T23:01:52.513+0000][5629.275s][info][gc,start      ] GC(63) Pause Young (Normal) (G1 Evacuation Pause)
[2026-06-17T23:01:52.513+0000][5629.275s][info][gc,task       ] GC(63) Using 13 workers of 13 for evacuation
[2026-06-17T23:01:52.519+0000][5629.281s][info][gc,phases     ] GC(63)   Pre Evacuate Collection Set: 0.0ms
[2026-06-17T23:01:52.519+0000][5629.281s][info][gc,phases     ] GC(63)   Evacuate Collection Set: 5.2ms
[2026-06-17T23:01:52.519+0000][5629.281s][info][gc,phases     ] GC(63)   Post Evacuate Collection Set: 0.4ms
[2026-06-17T23:01:52.519+0000][5629.281s][info][gc,phases     ] GC(63)   Other: 0.4ms
[2026-06-17T23:01:52.520+0000][5629.281s][info][gc,heap       ] GC(63) Eden regions: 260->0(250)
[2026-06-17T23:01:52.520+0000][5629.281s][info][gc,heap       ] GC(63) Survivor regions: 12->17(34)
[2026-06-17T23:01:52.520+0000][5629.281s][info][gc,heap       ] GC(63) Old regions: 28->29
[2026-06-17T23:01:52.520+0000][5629.281s][info][gc,heap       ] GC(63) Humongous regions: 147->147
[2026-06-17T23:01:52.520+0000][5629.282s][info][gc,metaspace  ] GC(63) Metaspace: 52131K(54784K)->52131K(54784K) NonClass: 46190K(47616K)->46190K(47616K) Class: 5940K(7168K)->5940K(7168K)
[2026-06-17T23:01:52.520+0000][5629.282s][info][gc            ] GC(63) Pause Young (Normal) (G1 Evacuation Pause) 446M->192M(512M) 6.598ms
[2026-06-17T23:01:52.520+0000][5629.282s][info][gc,cpu        ] GC(63) User=0.06s Sys=0.00s Real=0.00s
[2026-06-17T23:01:53.990+0000][5630.752s][info][gc,start      ] GC(64) Pause Young (Normal) (G1 Evacuation Pause)
[2026-06-17T23:01:53.990+0000][5630.752s][info][gc,task       ] GC(64) Using 13 workers of 13 for evacuation
[2026-06-17T23:01:53.993+0000][5630.755s][info][gc,phases     ] GC(64)   Pre Evacuate Collection Set: 0.0ms
[2026-06-17T23:01:53.993+0000][5630.755s][info][gc,phases     ] GC(64)   Evacuate Collection Set: 2.3ms
[2026-06-17T23:01:53.993+0000][5630.755s][info][gc,phases     ] GC(64)   Post Evacuate Collection Set: 0.3ms
[2026-06-17T23:01:53.993+0000][5630.755s][info][gc,phases     ] GC(64)   Other: 0.3ms
[2026-06-17T23:01:53.993+0000][5630.755s][info][gc,heap       ] GC(64) Eden regions: 250->0(255)
[2026-06-17T23:01:53.993+0000][5630.755s][info][gc,heap       ] GC(64) Survivor regions: 17->14(34)
[2026-06-17T23:01:53.993+0000][5630.755s][info][gc,heap       ] GC(64) Old regions: 29->30
[2026-06-17T23:01:53.993+0000][5630.755s][info][gc,heap       ] GC(64) Humongous regions: 147->147
[2026-06-17T23:01:53.993+0000][5630.755s][info][gc,metaspace  ] GC(64) Metaspace: 52131K(54784K)->52131K(54784K) NonClass: 46190K(47616K)->46190K(47616K) Class: 5940K(7168K)->5940K(7168K)
[2026-06-17T23:01:53.993+0000][5630.755s][info][gc            ] GC(64) Pause Young (Normal) (G1 Evacuation Pause) 442M->190M(512M) 3.394ms
[2026-06-17T23:01:53.993+0000][5630.755s][info][gc,cpu        ] GC(64) User=0.03s Sys=0.00s Real=0.01s
[2026-06-17T23:01:55.374+0000][5632.136s][info][gc,start      ] GC(65) Pause Young (Normal) (G1 Evacuation Pause)
[2026-06-17T23:01:55.374+0000][5632.136s][info][gc,task       ] GC(65) Using 13 workers of 13 for evacuation
[2026-06-17T23:01:55.377+0000][5632.139s][info][gc,phases     ] GC(65)   Pre Evacuate Collection Set: 0.0ms
[2026-06-17T23:01:55.377+0000][5632.139s][info][gc,phases     ] GC(65)   Evacuate Collection Set: 2.2ms
[2026-06-17T23:01:55.377+0000][5632.139s][info][gc,phases     ] GC(65)   Post Evacuate Collection Set: 0.4ms
[2026-06-17T23:01:55.377+0000][5632.139s][info][gc,phases     ] GC(65)   Other: 0.3ms
[2026-06-17T23:01:55.377+0000][5632.139s][info][gc,heap       ] GC(65) Eden regions: 255->0(257)
[2026-06-17T23:01:55.377+0000][5632.139s][info][gc,heap       ] GC(65) Survivor regions: 14->12(34)
[2026-06-17T23:01:55.377+0000][5632.139s][info][gc,heap       ] GC(65) Old regions: 30->30
[2026-06-17T23:01:55.377+0000][5632.139s][info][gc,heap       ] GC(65) Humongous regions: 147->147
[2026-06-17T23:01:55.377+0000][5632.139s][info][gc,metaspace  ] GC(65) Metaspace: 52131K(54784K)->52131K(54784K) NonClass: 46190K(47616K)->46190K(47616K) Class: 5940K(7168K)->5940K(7168K)
[2026-06-17T23:01:55.378+0000][5632.139s][info][gc            ] GC(65) Pause Young (Normal) (G1 Evacuation Pause) 445M->188M(512M) 3.458ms
[2026-06-17T23:01:55.378+0000][5632.139s][info][gc,cpu        ] GC(65) User=0.03s Sys=0.00s Real=0.00s
[2026-06-17T23:02:44.056+0000][5680.817s][info][gc,start      ] GC(66) Pause Young (Normal) (G1 Evacuation Pause)
[2026-06-17T23:02:44.056+0000][5680.817s][info][gc,task       ] GC(66) Using 13 workers of 13 for evacuation
[2026-06-17T23:02:44.060+0000][5680.821s][info][gc,phases     ] GC(66)   Pre Evacuate Collection Set: 0.0ms
[2026-06-17T23:02:44.060+0000][5680.821s][info][gc,phases     ] GC(66)   Evacuate Collection Set: 3.3ms
[2026-06-17T23:02:44.060+0000][5680.821s][info][gc,phases     ] GC(66)   Post Evacuate Collection Set: 0.3ms
[2026-06-17T23:02:44.060+0000][5680.821s][info][gc,phases     ] GC(66)   Other: 0.3ms
[2026-06-17T23:02:44.060+0000][5680.822s][info][gc,heap       ] GC(66) Eden regions: 257->0(250)
[2026-06-17T23:02:44.060+0000][5680.822s][info][gc,heap       ] GC(66) Survivor regions: 12->16(34)
[2026-06-17T23:02:44.060+0000][5680.822s][info][gc,heap       ] GC(66) Old regions: 30->31
[2026-06-17T23:02:44.061+0000][5680.822s][info][gc,heap       ] GC(66) Humongous regions: 147->147
[2026-06-17T23:02:44.061+0000][5680.822s][info][gc,metaspace  ] GC(66) Metaspace: 52136K(54784K)->52136K(54784K) NonClass: 46195K(47616K)->46195K(47616K) Class: 5940K(7168K)->5940K(7168K)
[2026-06-17T23:02:44.061+0000][5680.822s][info][gc            ] GC(66) Pause Young (Normal) (G1 Evacuation Pause) 445M->193M(512M) 4.535ms
[2026-06-17T23:02:44.061+0000][5680.822s][info][gc,cpu        ] GC(66) User=0.04s Sys=0.00s Real=0.00s
[2026-06-17T23:02:45.528+0000][5682.290s][info][gc,start      ] GC(67) Pause Young (Normal) (G1 Evacuation Pause)
[2026-06-17T23:02:45.529+0000][5682.290s][info][gc,task       ] GC(67) Using 13 workers of 13 for evacuation
[2026-06-17T23:02:45.540+0000][5682.302s][info][gc,phases     ] GC(67)   Pre Evacuate Collection Set: 0.0ms
[2026-06-17T23:02:45.541+0000][5682.302s][info][gc,phases     ] GC(67)   Evacuate Collection Set: 11.4ms
[2026-06-17T23:02:45.541+0000][5682.302s][info][gc,phases     ] GC(67)   Post Evacuate Collection Set: 0.4ms
[2026-06-17T23:02:45.541+0000][5682.302s][info][gc,phases     ] GC(67)   Other: 0.3ms
[2026-06-17T23:02:45.541+0000][5682.302s][info][gc,heap       ] GC(67) Eden regions: 250->0(250)
[2026-06-17T23:02:45.541+0000][5682.302s][info][gc,heap       ] GC(67) Survivor regions: 16->15(34)
[2026-06-17T23:02:45.541+0000][5682.302s][info][gc,heap       ] GC(67) Old regions: 31->32
[2026-06-17T23:02:45.541+0000][5682.302s][info][gc,heap       ] GC(67) Humongous regions: 147->147
[2026-06-17T23:02:45.541+0000][5682.302s][info][gc,metaspace  ] GC(67) Metaspace: 52136K(54784K)->52136K(54784K) NonClass: 46195K(47616K)->46195K(47616K) Class: 5940K(7168K)->5940K(7168K)
[2026-06-17T23:02:45.541+0000][5682.302s][info][gc            ] GC(67) Pause Young (Normal) (G1 Evacuation Pause) 443M->192M(512M) 12.560ms
[2026-06-17T23:02:45.541+0000][5682.302s][info][gc,cpu        ] GC(67) User=0.12s Sys=0.00s Real=0.01s
[2026-06-17T23:02:46.927+0000][5683.688s][info][gc,start      ] GC(68) Pause Young (Normal) (G1 Evacuation Pause)
[2026-06-17T23:02:46.927+0000][5683.688s][info][gc,task       ] GC(68) Using 13 workers of 13 for evacuation
[2026-06-17T23:02:46.933+0000][5683.694s][info][gc,phases     ] GC(68)   Pre Evacuate Collection Set: 0.0ms
[2026-06-17T23:02:46.933+0000][5683.694s][info][gc,phases     ] GC(68)   Evacuate Collection Set: 5.1ms
[2026-06-17T23:02:46.933+0000][5683.694s][info][gc,phases     ] GC(68)   Post Evacuate Collection Set: 0.4ms
[2026-06-17T23:02:46.933+0000][5683.694s][info][gc,phases     ] GC(68)   Other: 0.3ms
[2026-06-17T23:02:46.933+0000][5683.694s][info][gc,heap       ] GC(68) Eden regions: 250->0(252)
[2026-06-17T23:02:46.933+0000][5683.694s][info][gc,heap       ] GC(68) Survivor regions: 15->14(34)
[2026-06-17T23:02:46.933+0000][5683.694s][info][gc,heap       ] GC(68) Old regions: 32->32
[2026-06-17T23:02:46.933+0000][5683.694s][info][gc,heap       ] GC(68) Humongous regions: 147->147
[2026-06-17T23:02:46.933+0000][5683.694s][info][gc,metaspace  ] GC(68) Metaspace: 52136K(54784K)->52136K(54784K) NonClass: 46195K(47616K)->46195K(47616K) Class: 5940K(7168K)->5940K(7168K)
[2026-06-17T23:02:46.933+0000][5683.694s][info][gc            ] GC(68) Pause Young (Normal) (G1 Evacuation Pause) 442M->192M(512M) 6.291ms
[2026-06-17T23:02:46.933+0000][5683.695s][info][gc,cpu        ] GC(68) User=0.06s Sys=0.00s Real=0.01s
[2026-06-17T23:03:35.543+0000][5732.304s][info][gc,start      ] GC(69) Pause Young (Normal) (G1 Evacuation Pause)
[2026-06-17T23:03:35.544+0000][5732.304s][info][gc,task       ] GC(69) Using 13 workers of 13 for evacuation
[2026-06-17T23:03:35.546+0000][5732.307s][info][gc,phases     ] GC(69)   Pre Evacuate Collection Set: 0.0ms
[2026-06-17T23:03:35.546+0000][5732.307s][info][gc,phases     ] GC(69)   Evacuate Collection Set: 1.8ms
[2026-06-17T23:03:35.546+0000][5732.307s][info][gc,phases     ] GC(69)   Post Evacuate Collection Set: 0.3ms
[2026-06-17T23:03:35.546+0000][5732.307s][info][gc,phases     ] GC(69)   Other: 0.3ms
[2026-06-17T23:03:35.546+0000][5732.307s][info][gc,heap       ] GC(69) Eden regions: 252->0(255)
[2026-06-17T23:03:35.546+0000][5732.307s][info][gc,heap       ] GC(69) Survivor regions: 14->12(34)
[2026-06-17T23:03:35.546+0000][5732.307s][info][gc,heap       ] GC(69) Old regions: 32->33
[2026-06-17T23:03:35.546+0000][5732.307s][info][gc,heap       ] GC(69) Humongous regions: 147->147
[2026-06-17T23:03:35.546+0000][5732.307s][info][gc,metaspace  ] GC(69) Metaspace: 52137K(54784K)->52137K(54784K) NonClass: 46196K(47616K)->46196K(47616K) Class: 5940K(7168K)->5940K(7168K)
[2026-06-17T23:03:35.547+0000][5732.307s][info][gc            ] GC(69) Pause Young (Normal) (G1 Evacuation Pause) 444M->190M(512M) 3.085ms
[2026-06-17T23:03:35.547+0000][5732.307s][info][gc,cpu        ] GC(69) User=0.02s Sys=0.00s Real=0.00s
[2026-06-17T23:03:37.158+0000][5733.919s][info][gc,start      ] GC(70) Pause Young (Concurrent Start) (G1 Evacuation Pause)
[2026-06-17T23:03:37.158+0000][5733.919s][info][gc,task       ] GC(70) Using 13 workers of 13 for evacuation
[2026-06-17T23:03:37.162+0000][5733.923s][info][gc,phases     ] GC(70)   Pre Evacuate Collection Set: 0.3ms
[2026-06-17T23:03:37.162+0000][5733.923s][info][gc,phases     ] GC(70)   Evacuate Collection Set: 3.1ms
[2026-06-17T23:03:37.162+0000][5733.923s][info][gc,phases     ] GC(70)   Post Evacuate Collection Set: 0.3ms
[2026-06-17T23:03:37.163+0000][5733.923s][info][gc,phases     ] GC(70)   Other: 0.4ms
[2026-06-17T23:03:37.163+0000][5733.923s][info][gc,heap       ] GC(70) Eden regions: 255->0(247)
[2026-06-17T23:03:37.163+0000][5733.923s][info][gc,heap       ] GC(70) Survivor regions: 12->16(34)
[2026-06-17T23:03:37.163+0000][5733.923s][info][gc,heap       ] GC(70) Old regions: 33->34
[2026-06-17T23:03:37.163+0000][5733.923s][info][gc,heap       ] GC(70) Humongous regions: 147->147
[2026-06-17T23:03:37.163+0000][5733.923s][info][gc,metaspace  ] GC(70) Metaspace: 52137K(54784K)->52137K(54784K) NonClass: 46196K(47616K)->46196K(47616K) Class: 5940K(7168K)->5940K(7168K)
[2026-06-17T23:03:37.163+0000][5733.924s][info][gc            ] GC(70) Pause Young (Concurrent Start) (G1 Evacuation Pause) 445M->196M(512M) 4.546ms
[2026-06-17T23:03:37.163+0000][5733.924s][info][gc,cpu        ] GC(70) User=0.04s Sys=0.00s Real=0.01s
[2026-06-17T23:03:37.163+0000][5733.924s][info][gc            ] GC(71) Concurrent Cycle
[2026-06-17T23:03:37.163+0000][5733.924s][info][gc,marking    ] GC(71) Concurrent Clear Claimed Marks
[2026-06-17T23:03:37.163+0000][5733.924s][info][gc,marking    ] GC(71) Concurrent Clear Claimed Marks 0.205ms
[2026-06-17T23:03:37.163+0000][5733.924s][info][gc,marking    ] GC(71) Concurrent Scan Root Regions
[2026-06-17T23:03:37.166+0000][5733.926s][info][gc,marking    ] GC(71) Concurrent Scan Root Regions 2.279ms
[2026-06-17T23:03:37.166+0000][5733.926s][info][gc,marking    ] GC(71) Concurrent Mark (5733.926s)
[2026-06-17T23:03:37.166+0000][5733.926s][info][gc,marking    ] GC(71) Concurrent Mark From Roots
[2026-06-17T23:03:37.166+0000][5733.926s][info][gc,task       ] GC(71) Using 3 workers of 3 for marking
[2026-06-17T23:03:37.171+0000][5733.932s][info][gc,marking    ] GC(71) Concurrent Mark From Roots 5.664ms
[2026-06-17T23:03:37.171+0000][5733.932s][info][gc,marking    ] GC(71) Concurrent Preclean
[2026-06-17T23:03:37.172+0000][5733.932s][info][gc,marking    ] GC(71) Concurrent Preclean 0.215ms
[2026-06-17T23:03:37.172+0000][5733.932s][info][gc,marking    ] GC(71) Concurrent Mark (5733.926s, 5733.932s) 6.064ms
[2026-06-17T23:03:37.172+0000][5733.932s][info][gc,start      ] GC(71) Pause Remark
[2026-06-17T23:03:37.178+0000][5733.938s][info][gc,stringtable] GC(71) Cleaned string and symbol table, strings: 17437 processed, 262 removed, symbols: 125009 processed, 7 removed
[2026-06-17T23:03:37.178+0000][5733.939s][info][gc            ] GC(71) Pause Remark 200M->200M(512M) 6.026ms
[2026-06-17T23:03:37.178+0000][5733.939s][info][gc,cpu        ] GC(71) User=0.06s Sys=0.00s Real=0.01s
[2026-06-17T23:03:37.178+0000][5733.939s][info][gc,marking    ] GC(71) Concurrent Rebuild Remembered Sets
[2026-06-17T23:03:37.182+0000][5733.943s][info][gc,marking    ] GC(71) Concurrent Rebuild Remembered Sets 4.040ms
[2026-06-17T23:03:37.182+0000][5733.943s][info][gc,start      ] GC(71) Pause Cleanup
[2026-06-17T23:03:37.182+0000][5733.943s][info][gc            ] GC(71) Pause Cleanup 200M->200M(512M) 0.169ms
[2026-06-17T23:03:37.183+0000][5733.943s][info][gc,cpu        ] GC(71) User=0.00s Sys=0.00s Real=0.00s
[2026-06-17T23:03:37.183+0000][5733.943s][info][gc,marking    ] GC(71) Concurrent Cleanup for Next Mark
[2026-06-17T23:03:37.183+0000][5733.944s][info][gc,marking    ] GC(71) Concurrent Cleanup for Next Mark 0.384ms
[2026-06-17T23:03:37.183+0000][5733.944s][info][gc            ] GC(71) Concurrent Cycle 20.062ms
[2026-06-17T23:03:38.567+0000][5735.328s][info][gc,start      ] GC(72) Pause Young (Normal) (G1 Evacuation Pause)
[2026-06-17T23:03:38.567+0000][5735.328s][info][gc,task       ] GC(72) Using 13 workers of 13 for evacuation
[2026-06-17T23:03:38.570+0000][5735.331s][info][gc,phases     ] GC(72)   Pre Evacuate Collection Set: 0.0ms
[2026-06-17T23:03:38.570+0000][5735.331s][info][gc,phases     ] GC(72)   Evacuate Collection Set: 2.7ms
[2026-06-17T23:03:38.571+0000][5735.331s][info][gc,phases     ] GC(72)   Post Evacuate Collection Set: 0.4ms
[2026-06-17T23:03:38.571+0000][5735.331s][info][gc,phases     ] GC(72)   Other: 0.3ms
[2026-06-17T23:03:38.571+0000][5735.331s][info][gc,heap       ] GC(72) Eden regions: 247->0(247)
[2026-06-17T23:03:38.571+0000][5735.331s][info][gc,heap       ] GC(72) Survivor regions: 16->16(33)
[2026-06-17T23:03:38.571+0000][5735.331s][info][gc,heap       ] GC(72) Old regions: 34->34
[2026-06-17T23:03:38.571+0000][5735.331s][info][gc,heap       ] GC(72) Humongous regions: 147->147
[2026-06-17T23:03:38.571+0000][5735.331s][info][gc,metaspace  ] GC(72) Metaspace: 51961K(54784K)->51961K(54784K) NonClass: 46074K(47616K)->46074K(47616K) Class: 5886K(7168K)->5886K(7168K)
[2026-06-17T23:03:38.571+0000][5735.331s][info][gc            ] GC(72) Pause Young (Normal) (G1 Evacuation Pause) 443M->196M(512M) 3.950ms
[2026-06-17T23:03:38.571+0000][5735.332s][info][gc,cpu        ] GC(72) User=0.03s Sys=0.00s Real=0.00s
[2026-06-17T23:04:27.232+0000][5783.992s][info][gc,start      ] GC(73) Pause Young (Concurrent Start) (G1 Evacuation Pause)
[2026-06-17T23:04:27.232+0000][5783.992s][info][gc,task       ] GC(73) Using 13 workers of 13 for evacuation
[2026-06-17T23:04:27.235+0000][5783.995s][info][gc,phases     ] GC(73)   Pre Evacuate Collection Set: 0.2ms
[2026-06-17T23:04:27.235+0000][5783.995s][info][gc,phases     ] GC(73)   Evacuate Collection Set: 2.4ms
[2026-06-17T23:04:27.235+0000][5783.995s][info][gc,phases     ] GC(73)   Post Evacuate Collection Set: 0.3ms
[2026-06-17T23:04:27.236+0000][5783.995s][info][gc,phases     ] GC(73)   Other: 0.2ms
[2026-06-17T23:04:27.236+0000][5783.996s][info][gc,heap       ] GC(73) Eden regions: 247->0(250)
[2026-06-17T23:04:27.236+0000][5783.996s][info][gc,heap       ] GC(73) Survivor regions: 16->13(33)
[2026-06-17T23:04:27.236+0000][5783.996s][info][gc,heap       ] GC(73) Old regions: 34->35
[2026-06-17T23:04:27.236+0000][5783.996s][info][gc,heap       ] GC(73) Humongous regions: 147->147
[2026-06-17T23:04:27.236+0000][5783.996s][info][gc,metaspace  ] GC(73) Metaspace: 51964K(54784K)->51964K(54784K) NonClass: 46077K(47616K)->46077K(47616K) Class: 5886K(7168K)->5886K(7168K)
[2026-06-17T23:04:27.236+0000][5783.996s][info][gc            ] GC(73) Pause Young (Concurrent Start) (G1 Evacuation Pause) 443M->194M(512M) 3.517ms
[2026-06-17T23:04:27.236+0000][5783.996s][info][gc,cpu        ] GC(73) User=0.02s Sys=0.00s Real=0.01s
[2026-06-17T23:04:27.236+0000][5783.996s][info][gc            ] GC(74) Concurrent Cycle
[2026-06-17T23:04:27.236+0000][5783.996s][info][gc,marking    ] GC(74) Concurrent Clear Claimed Marks
[2026-06-17T23:04:27.236+0000][5783.996s][info][gc,marking    ] GC(74) Concurrent Clear Claimed Marks 0.279ms
[2026-06-17T23:04:27.236+0000][5783.996s][info][gc,marking    ] GC(74) Concurrent Scan Root Regions
[2026-06-17T23:04:27.238+0000][5783.998s][info][gc,marking    ] GC(74) Concurrent Scan Root Regions 1.863ms
[2026-06-17T23:04:27.238+0000][5783.998s][info][gc,marking    ] GC(74) Concurrent Mark (5783.998s)
[2026-06-17T23:04:27.238+0000][5783.998s][info][gc,marking    ] GC(74) Concurrent Mark From Roots
[2026-06-17T23:04:27.238+0000][5783.998s][info][gc,task       ] GC(74) Using 3 workers of 3 for marking
[2026-06-17T23:04:27.244+0000][5784.004s][info][gc,marking    ] GC(74) Concurrent Mark From Roots 5.477ms
[2026-06-17T23:04:27.244+0000][5784.004s][info][gc,marking    ] GC(74) Concurrent Preclean
[2026-06-17T23:04:27.244+0000][5784.004s][info][gc,marking    ] GC(74) Concurrent Preclean 0.137ms
[2026-06-17T23:04:27.244+0000][5784.004s][info][gc,marking    ] GC(74) Concurrent Mark (5783.998s, 5784.004s) 5.808ms
[2026-06-17T23:04:27.244+0000][5784.004s][info][gc,start      ] GC(74) Pause Remark
[2026-06-17T23:04:27.246+0000][5784.006s][info][gc,stringtable] GC(74) Cleaned string and symbol table, strings: 17175 processed, 0 removed, symbols: 125002 processed, 26 removed
[2026-06-17T23:04:27.247+0000][5784.007s][info][gc            ] GC(74) Pause Remark 198M->198M(512M) 2.466ms
[2026-06-17T23:04:27.247+0000][5784.007s][info][gc,cpu        ] GC(74) User=0.02s Sys=0.00s Real=0.00s
[2026-06-17T23:04:27.247+0000][5784.007s][info][gc,marking    ] GC(74) Concurrent Rebuild Remembered Sets
[2026-06-17T23:04:27.251+0000][5784.011s][info][gc,marking    ] GC(74) Concurrent Rebuild Remembered Sets 4.092ms
[2026-06-17T23:04:27.251+0000][5784.011s][info][gc,start      ] GC(74) Pause Cleanup
[2026-06-17T23:04:27.251+0000][5784.011s][info][gc            ] GC(74) Pause Cleanup 199M->199M(512M) 0.163ms
[2026-06-17T23:04:27.251+0000][5784.011s][info][gc,cpu        ] GC(74) User=0.00s Sys=0.00s Real=0.00s
[2026-06-17T23:04:27.251+0000][5784.011s][info][gc,marking    ] GC(74) Concurrent Cleanup for Next Mark
[2026-06-17T23:04:27.252+0000][5784.012s][info][gc,marking    ] GC(74) Concurrent Cleanup for Next Mark 0.514ms
[2026-06-17T23:04:27.252+0000][5784.012s][info][gc            ] GC(74) Concurrent Cycle 16.269ms
[2026-06-17T23:04:28.802+0000][5785.562s][info][gc,start      ] GC(75) Pause Young (Normal) (G1 Evacuation Pause)
[2026-06-17T23:04:28.802+0000][5785.562s][info][gc,task       ] GC(75) Using 13 workers of 13 for evacuation
[2026-06-17T23:04:28.813+0000][5785.573s][info][gc,phases     ] GC(75)   Pre Evacuate Collection Set: 0.0ms
[2026-06-17T23:04:28.814+0000][5785.574s][info][gc,phases     ] GC(75)   Evacuate Collection Set: 10.5ms
[2026-06-17T23:04:28.814+0000][5785.574s][info][gc,phases     ] GC(75)   Post Evacuate Collection Set: 0.3ms
[2026-06-17T23:04:28.814+0000][5785.574s][info][gc,phases     ] GC(75)   Other: 0.3ms
[2026-06-17T23:04:28.814+0000][5785.574s][info][gc,heap       ] GC(75) Eden regions: 250->0(253)
[2026-06-17T23:04:28.814+0000][5785.574s][info][gc,heap       ] GC(75) Survivor regions: 13->11(33)
[2026-06-17T23:04:28.814+0000][5785.574s][info][gc,heap       ] GC(75) Old regions: 35->36
[2026-06-17T23:04:28.814+0000][5785.574s][info][gc,heap       ] GC(75) Humongous regions: 147->147
[2026-06-17T23:04:28.814+0000][5785.574s][info][gc,metaspace  ] GC(75) Metaspace: 51964K(54784K)->51964K(54784K) NonClass: 46077K(47616K)->46077K(47616K) Class: 5886K(7168K)->5886K(7168K)
[2026-06-17T23:04:28.814+0000][5785.574s][info][gc            ] GC(75) Pause Young (Normal) (G1 Evacuation Pause) 444M->192M(512M) 11.778ms
[2026-06-17T23:04:28.814+0000][5785.574s][info][gc,cpu        ] GC(75) User=0.12s Sys=0.00s Real=0.02s
[2026-06-17T23:04:30.242+0000][5787.002s][info][gc,start      ] GC(76) Pause Young (Concurrent Start) (G1 Evacuation Pause)
[2026-06-17T23:04:30.243+0000][5787.003s][info][gc,task       ] GC(76) Using 13 workers of 13 for evacuation
[2026-06-17T23:04:30.246+0000][5787.006s][info][gc,phases     ] GC(76)   Pre Evacuate Collection Set: 0.3ms
[2026-06-17T23:04:30.247+0000][5787.007s][info][gc,phases     ] GC(76)   Evacuate Collection Set: 3.2ms
[2026-06-17T23:04:30.247+0000][5787.007s][info][gc,phases     ] GC(76)   Post Evacuate Collection Set: 0.3ms
[2026-06-17T23:04:30.247+0000][5787.007s][info][gc,phases     ] GC(76)   Other: 0.3ms
[2026-06-17T23:04:30.247+0000][5787.007s][info][gc,heap       ] GC(76) Eden regions: 253->0(245)
[2026-06-17T23:04:30.247+0000][5787.007s][info][gc,heap       ] GC(76) Survivor regions: 11->16(33)
[2026-06-17T23:04:30.247+0000][5787.007s][info][gc,heap       ] GC(76) Old regions: 36->36
[2026-06-17T23:04:30.247+0000][5787.007s][info][gc,heap       ] GC(76) Humongous regions: 147->147
[2026-06-17T23:04:30.247+0000][5787.007s][info][gc,metaspace  ] GC(76) Metaspace: 51964K(54784K)->51964K(54784K) NonClass: 46077K(47616K)->46077K(47616K) Class: 5886K(7168K)->5886K(7168K)
[2026-06-17T23:04:30.247+0000][5787.007s][info][gc            ] GC(76) Pause Young (Concurrent Start) (G1 Evacuation Pause) 445M->198M(512M) 4.413ms
[2026-06-17T23:04:30.247+0000][5787.007s][info][gc,cpu        ] GC(76) User=0.04s Sys=0.00s Real=0.01s
[2026-06-17T23:04:30.247+0000][5787.007s][info][gc            ] GC(77) Concurrent Cycle
[2026-06-17T23:04:30.247+0000][5787.007s][info][gc,marking    ] GC(77) Concurrent Clear Claimed Marks
[2026-06-17T23:04:30.247+0000][5787.007s][info][gc,marking    ] GC(77) Concurrent Clear Claimed Marks 0.240ms
[2026-06-17T23:04:30.247+0000][5787.007s][info][gc,marking    ] GC(77) Concurrent Scan Root Regions
[2026-06-17T23:04:30.250+0000][5787.010s][info][gc,marking    ] GC(77) Concurrent Scan Root Regions 2.185ms
[2026-06-17T23:04:30.250+0000][5787.010s][info][gc,marking    ] GC(77) Concurrent Mark (5787.010s)
[2026-06-17T23:04:30.250+0000][5787.010s][info][gc,marking    ] GC(77) Concurrent Mark From Roots
[2026-06-17T23:04:30.250+0000][5787.010s][info][gc,task       ] GC(77) Using 3 workers of 3 for marking
[2026-06-17T23:04:30.255+0000][5787.015s][info][gc,marking    ] GC(77) Concurrent Mark From Roots 5.108ms
[2026-06-17T23:04:30.255+0000][5787.015s][info][gc,marking    ] GC(77) Concurrent Preclean
[2026-06-17T23:04:30.255+0000][5787.015s][info][gc,marking    ] GC(77) Concurrent Preclean 0.257ms
[2026-06-17T23:04:30.255+0000][5787.015s][info][gc,marking    ] GC(77) Concurrent Mark (5787.010s, 5787.015s) 5.600ms
[2026-06-17T23:04:30.255+0000][5787.015s][info][gc,start      ] GC(77) Pause Remark
[2026-06-17T23:04:30.258+0000][5787.018s][info][gc,stringtable] GC(77) Cleaned string and symbol table, strings: 17175 processed, 0 removed, symbols: 124976 processed, 0 removed
[2026-06-17T23:04:30.258+0000][5787.018s][info][gc            ] GC(77) Pause Remark 202M->202M(512M) 2.369ms
[2026-06-17T23:04:30.258+0000][5787.018s][info][gc,cpu        ] GC(77) User=0.02s Sys=0.00s Real=0.00s
[2026-06-17T23:04:30.258+0000][5787.018s][info][gc,marking    ] GC(77) Concurrent Rebuild Remembered Sets
[2026-06-17T23:04:30.261+0000][5787.021s][info][gc,marking    ] GC(77) Concurrent Rebuild Remembered Sets 3.393ms
[2026-06-17T23:04:30.262+0000][5787.022s][info][gc,start      ] GC(77) Pause Cleanup
[2026-06-17T23:04:30.262+0000][5787.022s][info][gc            ] GC(77) Pause Cleanup 203M->203M(512M) 0.150ms
[2026-06-17T23:04:30.262+0000][5787.022s][info][gc,cpu        ] GC(77) User=0.00s Sys=0.00s Real=0.00s
[2026-06-17T23:04:30.262+0000][5787.022s][info][gc,marking    ] GC(77) Concurrent Cleanup for Next Mark
[2026-06-17T23:04:30.262+0000][5787.022s][info][gc,marking    ] GC(77) Concurrent Cleanup for Next Mark 0.155ms
[2026-06-17T23:04:30.262+0000][5787.022s][info][gc            ] GC(77) Concurrent Cycle 15.080ms
[2026-06-17T23:05:18.635+0000][5835.394s][info][gc,start      ] GC(78) Pause Young (Normal) (G1 Evacuation Pause)
[2026-06-17T23:05:18.635+0000][5835.394s][info][gc,task       ] GC(78) Using 13 workers of 13 for evacuation
[2026-06-17T23:05:18.638+0000][5835.398s][info][gc,phases     ] GC(78)   Pre Evacuate Collection Set: 0.0ms
[2026-06-17T23:05:18.639+0000][5835.398s][info][gc,phases     ] GC(78)   Evacuate Collection Set: 3.1ms
[2026-06-17T23:05:18.639+0000][5835.398s][info][gc,phases     ] GC(78)   Post Evacuate Collection Set: 0.4ms
[2026-06-17T23:05:18.639+0000][5835.398s][info][gc,phases     ] GC(78)   Other: 0.3ms
[2026-06-17T23:05:18.639+0000][5835.398s][info][gc,heap       ] GC(78) Eden regions: 245->0(249)
[2026-06-17T23:05:18.639+0000][5835.398s][info][gc,heap       ] GC(78) Survivor regions: 16->13(33)
[2026-06-17T23:05:18.639+0000][5835.399s][info][gc,heap       ] GC(78) Old regions: 36->37
[2026-06-17T23:05:18.639+0000][5835.399s][info][gc,heap       ] GC(78) Humongous regions: 147->147
[2026-06-17T23:05:18.639+0000][5835.399s][info][gc,metaspace  ] GC(78) Metaspace: 51964K(54784K)->51964K(54784K) NonClass: 46077K(47616K)->46077K(47616K) Class: 5886K(7168K)->5886K(7168K)
[2026-06-17T23:05:18.639+0000][5835.399s][info][gc            ] GC(78) Pause Young (Normal) (G1 Evacuation Pause) 443M->196M(512M) 4.385ms
[2026-06-17T23:05:18.639+0000][5835.399s][info][gc,cpu        ] GC(78) User=0.04s Sys=0.00s Real=0.00s
[2026-06-17T23:05:20.381+0000][5837.141s][info][gc,start      ] GC(79) Pause Young (Concurrent Start) (G1 Evacuation Pause)
[2026-06-17T23:05:20.381+0000][5837.141s][info][gc,task       ] GC(79) Using 13 workers of 13 for evacuation
[2026-06-17T23:05:20.384+0000][5837.144s][info][gc,phases     ] GC(79)   Pre Evacuate Collection Set: 0.3ms
[2026-06-17T23:05:20.384+0000][5837.144s][info][gc,phases     ] GC(79)   Evacuate Collection Set: 2.3ms
[2026-06-17T23:05:20.385+0000][5837.144s][info][gc,phases     ] GC(79)   Post Evacuate Collection Set: 0.3ms
[2026-06-17T23:05:20.385+0000][5837.144s][info][gc,phases     ] GC(79)   Other: 0.3ms
[2026-06-17T23:05:20.385+0000][5837.144s][info][gc,heap       ] GC(79) Eden regions: 249->0(251)
[2026-06-17T23:05:20.385+0000][5837.144s][info][gc,heap       ] GC(79) Survivor regions: 13->11(33)
[2026-06-17T23:05:20.385+0000][5837.144s][info][gc,heap       ] GC(79) Old regions: 37->38
[2026-06-17T23:05:20.385+0000][5837.144s][info][gc,heap       ] GC(79) Humongous regions: 147->147
[2026-06-17T23:05:20.385+0000][5837.145s][info][gc,metaspace  ] GC(79) Metaspace: 51964K(54784K)->51964K(54784K) NonClass: 46077K(47616K)->46077K(47616K) Class: 5886K(7168K)->5886K(7168K)
[2026-06-17T23:05:20.385+0000][5837.145s][info][gc            ] GC(79) Pause Young (Concurrent Start) (G1 Evacuation Pause) 445M->195M(512M) 3.791ms
[2026-06-17T23:05:20.385+0000][5837.145s][info][gc,cpu        ] GC(79) User=0.03s Sys=0.00s Real=0.01s
[2026-06-17T23:05:20.385+0000][5837.145s][info][gc            ] GC(80) Concurrent Cycle
[2026-06-17T23:05:20.385+0000][5837.145s][info][gc,marking    ] GC(80) Concurrent Clear Claimed Marks
[2026-06-17T23:05:20.385+0000][5837.145s][info][gc,marking    ] GC(80) Concurrent Clear Claimed Marks 0.211ms
[2026-06-17T23:05:20.385+0000][5837.145s][info][gc,marking    ] GC(80) Concurrent Scan Root Regions
[2026-06-17T23:05:20.387+0000][5837.147s][info][gc,marking    ] GC(80) Concurrent Scan Root Regions 1.795ms
[2026-06-17T23:05:20.387+0000][5837.147s][info][gc,marking    ] GC(80) Concurrent Mark (5837.147s)
[2026-06-17T23:05:20.387+0000][5837.147s][info][gc,marking    ] GC(80) Concurrent Mark From Roots
[2026-06-17T23:05:20.387+0000][5837.147s][info][gc,task       ] GC(80) Using 3 workers of 3 for marking
[2026-06-17T23:05:20.392+0000][5837.152s][info][gc,marking    ] GC(80) Concurrent Mark From Roots 4.842ms
[2026-06-17T23:05:20.392+0000][5837.152s][info][gc,marking    ] GC(80) Concurrent Preclean
[2026-06-17T23:05:20.393+0000][5837.152s][info][gc,marking    ] GC(80) Concurrent Preclean 0.175ms
[2026-06-17T23:05:20.393+0000][5837.152s][info][gc,marking    ] GC(80) Concurrent Mark (5837.147s, 5837.152s) 5.296ms
[2026-06-17T23:05:20.393+0000][5837.152s][info][gc,start      ] GC(80) Pause Remark
[2026-06-17T23:05:20.395+0000][5837.155s][info][gc,stringtable] GC(80) Cleaned string and symbol table, strings: 17175 processed, 0 removed, symbols: 124976 processed, 0 removed
[2026-06-17T23:05:20.395+0000][5837.155s][info][gc            ] GC(80) Pause Remark 199M->199M(512M) 2.308ms
[2026-06-17T23:05:20.395+0000][5837.155s][info][gc,cpu        ] GC(80) User=0.02s Sys=0.00s Real=0.01s
[2026-06-17T23:05:20.395+0000][5837.155s][info][gc,marking    ] GC(80) Concurrent Rebuild Remembered Sets
[2026-06-17T23:05:20.399+0000][5837.159s][info][gc,marking    ] GC(80) Concurrent Rebuild Remembered Sets 4.102ms
[2026-06-17T23:05:20.400+0000][5837.159s][info][gc,start      ] GC(80) Pause Cleanup
[2026-06-17T23:05:20.400+0000][5837.159s][info][gc            ] GC(80) Pause Cleanup 199M->199M(512M) 0.177ms
[2026-06-17T23:05:20.400+0000][5837.160s][info][gc,cpu        ] GC(80) User=0.00s Sys=0.00s Real=0.00s
[2026-06-17T23:05:20.400+0000][5837.160s][info][gc,marking    ] GC(80) Concurrent Cleanup for Next Mark
[2026-06-17T23:05:20.400+0000][5837.160s][info][gc,marking    ] GC(80) Concurrent Cleanup for Next Mark 0.157ms
[2026-06-17T23:05:20.400+0000][5837.160s][info][gc            ] GC(80) Concurrent Cycle 15.150ms
[2026-06-17T23:05:21.816+0000][5838.576s][info][gc,start      ] GC(81) Pause Young (Normal) (G1 Evacuation Pause)
[2026-06-17T23:05:21.816+0000][5838.576s][info][gc,task       ] GC(81) Using 13 workers of 13 for evacuation
[2026-06-17T23:05:21.821+0000][5838.581s][info][gc,phases     ] GC(81)   Pre Evacuate Collection Set: 0.0ms
[2026-06-17T23:05:21.821+0000][5838.581s][info][gc,phases     ] GC(81)   Evacuate Collection Set: 4.1ms
[2026-06-17T23:05:21.821+0000][5838.581s][info][gc,phases     ] GC(81)   Post Evacuate Collection Set: 0.4ms
[2026-06-17T23:05:21.821+0000][5838.581s][info][gc,phases     ] GC(81)   Other: 0.4ms
[2026-06-17T23:05:21.821+0000][5838.581s][info][gc,heap       ] GC(81) Eden regions: 251->0(245)
[2026-06-17T23:05:21.821+0000][5838.581s][info][gc,heap       ] GC(81) Survivor regions: 11->15(33)
[2026-06-17T23:05:21.822+0000][5838.581s][info][gc,heap       ] GC(81) Old regions: 38->38
[2026-06-17T23:05:21.822+0000][5838.581s][info][gc,heap       ] GC(81) Humongous regions: 147->147
[2026-06-17T23:05:21.822+0000][5838.581s][info][gc,metaspace  ] GC(81) Metaspace: 51964K(54784K)->51964K(54784K) NonClass: 46077K(47616K)->46077K(47616K) Class: 5886K(7168K)->5886K(7168K)
[2026-06-17T23:05:21.822+0000][5838.581s][info][gc            ] GC(81) Pause Young (Normal) (G1 Evacuation Pause) 446M->199M(512M) 5.578ms
[2026-06-17T23:05:21.822+0000][5838.581s][info][gc,cpu        ] GC(81) User=0.05s Sys=0.00s Real=0.00s
[2026-06-17T23:06:00.409+0000][5877.168s][info][gc,start      ] GC(82) Pause Young (Concurrent Start) (G1 Evacuation Pause)
[2026-06-17T23:06:00.409+0000][5877.168s][info][gc,task       ] GC(82) Using 13 workers of 13 for evacuation
[2026-06-17T23:06:00.421+0000][5877.180s][info][gc,phases     ] GC(82)   Pre Evacuate Collection Set: 0.4ms
[2026-06-17T23:06:00.421+0000][5877.180s][info][gc,phases     ] GC(82)   Evacuate Collection Set: 10.3ms
[2026-06-17T23:06:00.421+0000][5877.180s][info][gc,phases     ] GC(82)   Post Evacuate Collection Set: 0.5ms
[2026-06-17T23:06:00.421+0000][5877.180s][info][gc,phases     ] GC(82)   Other: 0.5ms
[2026-06-17T23:06:00.421+0000][5877.180s][info][gc,heap       ] GC(82) Eden regions: 245->0(246)
[2026-06-17T23:06:00.421+0000][5877.180s][info][gc,heap       ] GC(82) Survivor regions: 15->14(33)
[2026-06-17T23:06:00.421+0000][5877.180s][info][gc,heap       ] GC(82) Old regions: 38->39
[2026-06-17T23:06:00.421+0000][5877.180s][info][gc,heap       ] GC(82) Humongous regions: 147->147
[2026-06-17T23:06:00.421+0000][5877.180s][info][gc,metaspace  ] GC(82) Metaspace: 51964K(54784K)->51964K(54784K) NonClass: 46077K(47616K)->46077K(47616K) Class: 5886K(7168K)->5886K(7168K)
[2026-06-17T23:06:00.421+0000][5877.181s][info][gc            ] GC(82) Pause Young (Concurrent Start) (G1 Evacuation Pause) 444M->198M(512M) 12.446ms
[2026-06-17T23:06:00.422+0000][5877.181s][info][gc,cpu        ] GC(82) User=0.05s Sys=0.00s Real=0.01s
[2026-06-17T23:06:00.422+0000][5877.181s][info][gc            ] GC(83) Concurrent Cycle
[2026-06-17T23:06:00.422+0000][5877.181s][info][gc,marking    ] GC(83) Concurrent Clear Claimed Marks
[2026-06-17T23:06:00.422+0000][5877.181s][info][gc,marking    ] GC(83) Concurrent Clear Claimed Marks 0.318ms
[2026-06-17T23:06:00.422+0000][5877.181s][info][gc,marking    ] GC(83) Concurrent Scan Root Regions
[2026-06-17T23:06:00.425+0000][5877.184s][info][gc,marking    ] GC(83) Concurrent Scan Root Regions 2.280ms
[2026-06-17T23:06:00.425+0000][5877.184s][info][gc,marking    ] GC(83) Concurrent Mark (5877.184s)
[2026-06-17T23:06:00.425+0000][5877.184s][info][gc,marking    ] GC(83) Concurrent Mark From Roots
[2026-06-17T23:06:00.425+0000][5877.184s][info][gc,task       ] GC(83) Using 3 workers of 3 for marking
[2026-06-17T23:06:00.431+0000][5877.190s][info][gc,marking    ] GC(83) Concurrent Mark From Roots 6.189ms
[2026-06-17T23:06:00.431+0000][5877.190s][info][gc,marking    ] GC(83) Concurrent Preclean
[2026-06-17T23:06:00.431+0000][5877.190s][info][gc,marking    ] GC(83) Concurrent Preclean 0.180ms
[2026-06-17T23:06:00.431+0000][5877.190s][info][gc,marking    ] GC(83) Concurrent Mark (5877.184s, 5877.190s) 6.571ms
[2026-06-17T23:06:00.431+0000][5877.191s][info][gc,start      ] GC(83) Pause Remark
[2026-06-17T23:06:00.435+0000][5877.194s][info][gc,stringtable] GC(83) Cleaned string and symbol table, strings: 17177 processed, 0 removed, symbols: 124976 processed, 0 removed
[2026-06-17T23:06:00.435+0000][5877.194s][info][gc            ] GC(83) Pause Remark 198M->198M(512M) 3.472ms
[2026-06-17T23:06:00.435+0000][5877.194s][info][gc,cpu        ] GC(83) User=0.03s Sys=0.00s Real=0.01s
[2026-06-17T23:06:00.435+0000][5877.194s][info][gc,marking    ] GC(83) Concurrent Rebuild Remembered Sets
[2026-06-17T23:06:00.440+0000][5877.199s][info][gc,marking    ] GC(83) Concurrent Rebuild Remembered Sets 4.746ms
[2026-06-17T23:06:00.440+0000][5877.199s][info][gc,start      ] GC(83) Pause Cleanup
[2026-06-17T23:06:00.440+0000][5877.199s][info][gc            ] GC(83) Pause Cleanup 198M->198M(512M) 0.186ms
[2026-06-17T23:06:00.440+0000][5877.199s][info][gc,cpu        ] GC(83) User=0.00s Sys=0.00s Real=0.00s
[2026-06-17T23:06:00.440+0000][5877.200s][info][gc,marking    ] GC(83) Concurrent Cleanup for Next Mark
[2026-06-17T23:06:00.441+0000][5877.200s][info][gc,marking    ] GC(83) Concurrent Cleanup for Next Mark 0.150ms
[2026-06-17T23:06:00.441+0000][5877.200s][info][gc            ] GC(83) Concurrent Cycle 18.897ms
[2026-06-17T23:06:11.964+0000][5888.723s][info][gc,start      ] GC(84) Pause Young (Normal) (G1 Evacuation Pause)
[2026-06-17T23:06:11.964+0000][5888.723s][info][gc,task       ] GC(84) Using 13 workers of 13 for evacuation
[2026-06-17T23:06:11.967+0000][5888.726s][info][gc,phases     ] GC(84)   Pre Evacuate Collection Set: 0.0ms
[2026-06-17T23:06:11.967+0000][5888.726s][info][gc,phases     ] GC(84)   Evacuate Collection Set: 2.8ms
[2026-06-17T23:06:11.967+0000][5888.726s][info][gc,phases     ] GC(84)   Post Evacuate Collection Set: 0.3ms
[2026-06-17T23:06:11.967+0000][5888.726s][info][gc,phases     ] GC(84)   Other: 0.3ms
[2026-06-17T23:06:11.967+0000][5888.726s][info][gc,heap       ] GC(84) Eden regions: 246->0(240)
[2026-06-17T23:06:11.967+0000][5888.726s][info][gc,heap       ] GC(84) Survivor regions: 14->17(33)
[2026-06-17T23:06:11.967+0000][5888.726s][info][gc,heap       ] GC(84) Old regions: 39->39
[2026-06-17T23:06:11.967+0000][5888.726s][info][gc,heap       ] GC(84) Humongous regions: 147->147
[2026-06-17T23:06:11.967+0000][5888.726s][info][gc,metaspace  ] GC(84) Metaspace: 51964K(54784K)->51964K(54784K) NonClass: 46077K(47616K)->46077K(47616K) Class: 5886K(7168K)->5886K(7168K)
[2026-06-17T23:06:11.967+0000][5888.727s][info][gc            ] GC(84) Pause Young (Normal) (G1 Evacuation Pause) 444M->202M(512M) 3.804ms
[2026-06-17T23:06:11.967+0000][5888.727s][info][gc,cpu        ] GC(84) User=0.03s Sys=0.00s Real=0.00s
[2026-06-17T23:06:13.422+0000][5890.181s][info][gc,start      ] GC(85) Pause Young (Concurrent Start) (G1 Evacuation Pause)
[2026-06-17T23:06:13.422+0000][5890.181s][info][gc,task       ] GC(85) Using 13 workers of 13 for evacuation
[2026-06-17T23:06:13.427+0000][5890.186s][info][gc,phases     ] GC(85)   Pre Evacuate Collection Set: 0.2ms
[2026-06-17T23:06:13.427+0000][5890.186s][info][gc,phases     ] GC(85)   Evacuate Collection Set: 4.3ms
[2026-06-17T23:06:13.427+0000][5890.186s][info][gc,phases     ] GC(85)   Post Evacuate Collection Set: 0.3ms
[2026-06-17T23:06:13.427+0000][5890.186s][info][gc,phases     ] GC(85)   Other: 0.4ms
[2026-06-17T23:06:13.427+0000][5890.187s][info][gc,heap       ] GC(85) Eden regions: 240->0(244)
[2026-06-17T23:06:13.427+0000][5890.187s][info][gc,heap       ] GC(85) Survivor regions: 17->14(33)
[2026-06-17T23:06:13.428+0000][5890.187s][info][gc,heap       ] GC(85) Old regions: 39->40
[2026-06-17T23:06:13.428+0000][5890.187s][info][gc,heap       ] GC(85) Humongous regions: 147->147
[2026-06-17T23:06:13.428+0000][5890.187s][info][gc,metaspace  ] GC(85) Metaspace: 51964K(54784K)->51964K(54784K) NonClass: 46077K(47616K)->46077K(47616K) Class: 5886K(7168K)->5886K(7168K)
[2026-06-17T23:06:13.428+0000][5890.187s][info][gc            ] GC(85) Pause Young (Concurrent Start) (G1 Evacuation Pause) 442M->200M(512M) 5.814ms
[2026-06-17T23:06:13.428+0000][5890.187s][info][gc,cpu        ] GC(85) User=0.04s Sys=0.00s Real=0.01s
[2026-06-17T23:06:13.428+0000][5890.187s][info][gc            ] GC(86) Concurrent Cycle
[2026-06-17T23:06:13.428+0000][5890.187s][info][gc,marking    ] GC(86) Concurrent Clear Claimed Marks
[2026-06-17T23:06:13.428+0000][5890.187s][info][gc,marking    ] GC(86) Concurrent Clear Claimed Marks 0.142ms
[2026-06-17T23:06:13.428+0000][5890.187s][info][gc,marking    ] GC(86) Concurrent Scan Root Regions
[2026-06-17T23:06:13.430+0000][5890.189s][info][gc,marking    ] GC(86) Concurrent Scan Root Regions 2.044ms
[2026-06-17T23:06:13.430+0000][5890.190s][info][gc,marking    ] GC(86) Concurrent Mark (5890.190s)
[2026-06-17T23:06:13.431+0000][5890.190s][info][gc,marking    ] GC(86) Concurrent Mark From Roots
[2026-06-17T23:06:13.431+0000][5890.190s][info][gc,task       ] GC(86) Using 3 workers of 3 for marking
[2026-06-17T23:06:13.436+0000][5890.195s][info][gc,marking    ] GC(86) Concurrent Mark From Roots 5.486ms
[2026-06-17T23:06:13.436+0000][5890.195s][info][gc,marking    ] GC(86) Concurrent Preclean
[2026-06-17T23:06:13.436+0000][5890.196s][info][gc,marking    ] GC(86) Concurrent Preclean 0.229ms
[2026-06-17T23:06:13.436+0000][5890.196s][info][gc,marking    ] GC(86) Concurrent Mark (5890.190s, 5890.196s) 6.036ms
[2026-06-17T23:06:13.437+0000][5890.196s][info][gc,start      ] GC(86) Pause Remark
[2026-06-17T23:06:13.443+0000][5890.202s][info][gc,stringtable] GC(86) Cleaned string and symbol table, strings: 17177 processed, 0 removed, symbols: 124976 processed, 0 removed
[2026-06-17T23:06:13.443+0000][5890.202s][info][gc            ] GC(86) Pause Remark 203M->203M(512M) 6.441ms
[2026-06-17T23:06:13.443+0000][5890.202s][info][gc,cpu        ] GC(86) User=0.05s Sys=0.00s Real=0.00s
[2026-06-17T23:06:13.443+0000][5890.203s][info][gc,marking    ] GC(86) Concurrent Rebuild Remembered Sets
[2026-06-17T23:06:13.448+0000][5890.207s][info][gc,marking    ] GC(86) Concurrent Rebuild Remembered Sets 4.248ms
[2026-06-17T23:06:13.448+0000][5890.207s][info][gc,start      ] GC(86) Pause Cleanup
[2026-06-17T23:06:13.448+0000][5890.207s][info][gc            ] GC(86) Pause Cleanup 204M->204M(512M) 0.185ms
[2026-06-17T23:06:13.448+0000][5890.208s][info][gc,cpu        ] GC(86) User=0.00s Sys=0.00s Real=0.00s
[2026-06-17T23:06:13.448+0000][5890.208s][info][gc,marking    ] GC(86) Concurrent Cleanup for Next Mark
[2026-06-17T23:06:13.449+0000][5890.208s][info][gc,marking    ] GC(86) Concurrent Cleanup for Next Mark 0.198ms
[2026-06-17T23:06:13.449+0000][5890.208s][info][gc            ] GC(86) Concurrent Cycle 20.888ms
[2026-06-17T23:06:14.784+0000][5891.543s][info][gc,start      ] GC(87) Pause Young (Normal) (G1 Evacuation Pause)
[2026-06-17T23:06:14.784+0000][5891.543s][info][gc,task       ] GC(87) Using 13 workers of 13 for evacuation
[2026-06-17T23:06:14.790+0000][5891.549s][info][gc,phases     ] GC(87)   Pre Evacuate Collection Set: 0.0ms
[2026-06-17T23:06:14.790+0000][5891.549s][info][gc,phases     ] GC(87)   Evacuate Collection Set: 5.1ms
[2026-06-17T23:06:14.790+0000][5891.549s][info][gc,phases     ] GC(87)   Post Evacuate Collection Set: 0.5ms
[2026-06-17T23:06:14.790+0000][5891.549s][info][gc,phases     ] GC(87)   Other: 0.3ms
[2026-06-17T23:06:14.790+0000][5891.549s][info][gc,heap       ] GC(87) Eden regions: 244->0(246)
[2026-06-17T23:06:14.790+0000][5891.549s][info][gc,heap       ] GC(87) Survivor regions: 14->12(33)
[2026-06-17T23:06:14.790+0000][5891.549s][info][gc,heap       ] GC(87) Old regions: 40->41
[2026-06-17T23:06:14.790+0000][5891.550s][info][gc,heap       ] GC(87) Humongous regions: 147->147
[2026-06-17T23:06:14.790+0000][5891.550s][info][gc,metaspace  ] GC(87) Metaspace: 51964K(54784K)->51964K(54784K) NonClass: 46077K(47616K)->46077K(47616K) Class: 5886K(7168K)->5886K(7168K)
[2026-06-17T23:06:14.790+0000][5891.550s][info][gc            ] GC(87) Pause Young (Normal) (G1 Evacuation Pause) 444M->198M(512M) 6.513ms
[2026-06-17T23:06:14.791+0000][5891.550s][info][gc,cpu        ] GC(87) User=0.07s Sys=0.00s Real=0.00s
[2026-06-17T23:07:03.510+0000][5940.269s][info][gc,start      ] GC(88) Pause Young (Concurrent Start) (G1 Evacuation Pause)
[2026-06-17T23:07:03.510+0000][5940.269s][info][gc,task       ] GC(88) Using 13 workers of 13 for evacuation
[2026-06-17T23:07:03.514+0000][5940.272s][info][gc,phases     ] GC(88)   Pre Evacuate Collection Set: 0.3ms
[2026-06-17T23:07:03.514+0000][5940.272s][info][gc,phases     ] GC(88)   Evacuate Collection Set: 2.5ms
[2026-06-17T23:07:03.514+0000][5940.272s][info][gc,phases     ] GC(88)   Post Evacuate Collection Set: 0.3ms
[2026-06-17T23:07:03.514+0000][5940.272s][info][gc,phases     ] GC(88)   Other: 0.4ms
[2026-06-17T23:07:03.514+0000][5940.272s][info][gc,heap       ] GC(88) Eden regions: 246->0(242)
[2026-06-17T23:07:03.514+0000][5940.272s][info][gc,heap       ] GC(88) Survivor regions: 12->15(33)
[2026-06-17T23:07:03.514+0000][5940.272s][info][gc,heap       ] GC(88) Old regions: 41->41
[2026-06-17T23:07:03.514+0000][5940.273s][info][gc,heap       ] GC(88) Humongous regions: 147->147
[2026-06-17T23:07:03.514+0000][5940.273s][info][gc,metaspace  ] GC(88) Metaspace: 51971K(54784K)->51971K(54784K) NonClass: 46084K(47616K)->46084K(47616K) Class: 5886K(7168K)->5886K(7168K)
[2026-06-17T23:07:03.514+0000][5940.273s][info][gc            ] GC(88) Pause Young (Concurrent Start) (G1 Evacuation Pause) 444M->202M(512M) 3.931ms
[2026-06-17T23:07:03.514+0000][5940.273s][info][gc,cpu        ] GC(88) User=0.03s Sys=0.00s Real=0.00s
[2026-06-17T23:07:03.514+0000][5940.273s][info][gc            ] GC(89) Concurrent Cycle
[2026-06-17T23:07:03.514+0000][5940.273s][info][gc,marking    ] GC(89) Concurrent Clear Claimed Marks
[2026-06-17T23:07:03.515+0000][5940.273s][info][gc,marking    ] GC(89) Concurrent Clear Claimed Marks 0.313ms
[2026-06-17T23:07:03.515+0000][5940.273s][info][gc,marking    ] GC(89) Concurrent Scan Root Regions
[2026-06-17T23:07:03.517+0000][5940.275s][info][gc,marking    ] GC(89) Concurrent Scan Root Regions 2.180ms
[2026-06-17T23:07:03.517+0000][5940.276s][info][gc,marking    ] GC(89) Concurrent Mark (5940.276s)
[2026-06-17T23:07:03.517+0000][5940.276s][info][gc,marking    ] GC(89) Concurrent Mark From Roots
[2026-06-17T23:07:03.517+0000][5940.276s][info][gc,task       ] GC(89) Using 3 workers of 3 for marking
[2026-06-17T23:07:03.523+0000][5940.281s][info][gc,marking    ] GC(89) Concurrent Mark From Roots 5.614ms
[2026-06-17T23:07:03.523+0000][5940.281s][info][gc,marking    ] GC(89) Concurrent Preclean
[2026-06-17T23:07:03.523+0000][5940.282s][info][gc,marking    ] GC(89) Concurrent Preclean 0.212ms
[2026-06-17T23:07:03.523+0000][5940.282s][info][gc,marking    ] GC(89) Concurrent Mark (5940.276s, 5940.282s) 6.100ms
[2026-06-17T23:07:03.523+0000][5940.282s][info][gc,start      ] GC(89) Pause Remark
[2026-06-17T23:07:03.526+0000][5940.284s][info][gc,stringtable] GC(89) Cleaned string and symbol table, strings: 17182 processed, 0 removed, symbols: 124976 processed, 0 removed
[2026-06-17T23:07:03.526+0000][5940.284s][info][gc            ] GC(89) Pause Remark 206M->206M(512M) 2.417ms
[2026-06-17T23:07:03.526+0000][5940.284s][info][gc,cpu        ] GC(89) User=0.03s Sys=0.00s Real=0.01s
[2026-06-17T23:07:03.526+0000][5940.285s][info][gc,marking    ] GC(89) Concurrent Rebuild Remembered Sets
[2026-06-17T23:07:03.530+0000][5940.289s][info][gc,marking    ] GC(89) Concurrent Rebuild Remembered Sets 4.217ms
[2026-06-17T23:07:03.531+0000][5940.289s][info][gc,start      ] GC(89) Pause Cleanup
[2026-06-17T23:07:03.531+0000][5940.289s][info][gc            ] GC(89) Pause Cleanup 207M->207M(512M) 0.187ms
[2026-06-17T23:07:03.531+0000][5940.289s][info][gc,cpu        ] GC(89) User=0.00s Sys=0.00s Real=0.00s
[2026-06-17T23:07:03.531+0000][5940.290s][info][gc,marking    ] GC(89) Concurrent Cleanup for Next Mark
[2026-06-17T23:07:03.531+0000][5940.290s][info][gc,marking    ] GC(89) Concurrent Cleanup for Next Mark 0.178ms
[2026-06-17T23:07:03.531+0000][5940.290s][info][gc            ] GC(89) Concurrent Cycle 16.974ms
[2026-06-17T23:07:05.064+0000][5941.822s][info][gc,start      ] GC(90) Pause Young (Normal) (G1 Evacuation Pause)
[2026-06-17T23:07:05.064+0000][5941.822s][info][gc,task       ] GC(90) Using 13 workers of 13 for evacuation
[2026-06-17T23:07:05.067+0000][5941.825s][info][gc,phases     ] GC(90)   Pre Evacuate Collection Set: 0.0ms
[2026-06-17T23:07:05.067+0000][5941.825s][info][gc,phases     ] GC(90)   Evacuate Collection Set: 2.4ms
[2026-06-17T23:07:05.067+0000][5941.825s][info][gc,phases     ] GC(90)   Post Evacuate Collection Set: 0.3ms
[2026-06-17T23:07:05.067+0000][5941.826s][info][gc,phases     ] GC(90)   Other: 0.3ms
[2026-06-17T23:07:05.067+0000][5941.826s][info][gc,heap       ] GC(90) Eden regions: 242->0(244)
[2026-06-17T23:07:05.067+0000][5941.826s][info][gc,heap       ] GC(90) Survivor regions: 15->13(33)
[2026-06-17T23:07:05.067+0000][5941.826s][info][gc,heap       ] GC(90) Old regions: 41->42
[2026-06-17T23:07:05.067+0000][5941.826s][info][gc,heap       ] GC(90) Humongous regions: 147->147
[2026-06-17T23:07:05.067+0000][5941.826s][info][gc,metaspace  ] GC(90) Metaspace: 51971K(54784K)->51971K(54784K) NonClass: 46084K(47616K)->46084K(47616K) Class: 5886K(7168K)->5886K(7168K)
[2026-06-17T23:07:05.067+0000][5941.826s][info][gc            ] GC(90) Pause Young (Normal) (G1 Evacuation Pause) 444M->200M(512M) 3.546ms
[2026-06-17T23:07:05.067+0000][5941.826s][info][gc,cpu        ] GC(90) User=0.03s Sys=0.00s Real=0.01s
[2026-06-17T23:07:06.429+0000][5943.188s][info][gc,start      ] GC(91) Pause Young (Concurrent Start) (G1 Evacuation Pause)
[2026-06-17T23:07:06.429+0000][5943.188s][info][gc,task       ] GC(91) Using 13 workers of 13 for evacuation
[2026-06-17T23:07:06.439+0000][5943.197s][info][gc,phases     ] GC(91)   Pre Evacuate Collection Set: 0.3ms
[2026-06-17T23:07:06.439+0000][5943.198s][info][gc,phases     ] GC(91)   Evacuate Collection Set: 8.6ms
[2026-06-17T23:07:06.439+0000][5943.198s][info][gc,phases     ] GC(91)   Post Evacuate Collection Set: 0.4ms
[2026-06-17T23:07:06.439+0000][5943.198s][info][gc,phases     ] GC(91)   Other: 0.4ms
[2026-06-17T23:07:06.439+0000][5943.198s][info][gc,heap       ] GC(91) Eden regions: 244->0(248)
[2026-06-17T23:07:06.439+0000][5943.198s][info][gc,heap       ] GC(91) Survivor regions: 13->10(33)
[2026-06-17T23:07:06.439+0000][5943.198s][info][gc,heap       ] GC(91) Old regions: 42->43
[2026-06-17T23:07:06.439+0000][5943.198s][info][gc,heap       ] GC(91) Humongous regions: 147->147
[2026-06-17T23:07:06.439+0000][5943.198s][info][gc,metaspace  ] GC(91) Metaspace: 51971K(54784K)->51971K(54784K) NonClass: 46084K(47616K)->46084K(47616K) Class: 5886K(7168K)->5886K(7168K)
[2026-06-17T23:07:06.440+0000][5943.198s][info][gc            ] GC(91) Pause Young (Concurrent Start) (G1 Evacuation Pause) 444M->199M(512M) 10.178ms
[2026-06-17T23:07:06.440+0000][5943.198s][info][gc,cpu        ] GC(91) User=0.09s Sys=0.00s Real=0.01s
[2026-06-17T23:07:06.440+0000][5943.198s][info][gc            ] GC(92) Concurrent Cycle
[2026-06-17T23:07:06.440+0000][5943.198s][info][gc,marking    ] GC(92) Concurrent Clear Claimed Marks
[2026-06-17T23:07:06.440+0000][5943.199s][info][gc,marking    ] GC(92) Concurrent Clear Claimed Marks 0.285ms
[2026-06-17T23:07:06.440+0000][5943.199s][info][gc,marking    ] GC(92) Concurrent Scan Root Regions
[2026-06-17T23:07:06.442+0000][5943.200s][info][gc,marking    ] GC(92) Concurrent Scan Root Regions 1.623ms
[2026-06-17T23:07:06.442+0000][5943.200s][info][gc,marking    ] GC(92) Concurrent Mark (5943.200s)
[2026-06-17T23:07:06.442+0000][5943.200s][info][gc,marking    ] GC(92) Concurrent Mark From Roots
[2026-06-17T23:07:06.442+0000][5943.200s][info][gc,task       ] GC(92) Using 3 workers of 3 for marking
[2026-06-17T23:07:06.448+0000][5943.206s][info][gc,marking    ] GC(92) Concurrent Mark From Roots 5.679ms
[2026-06-17T23:07:06.448+0000][5943.206s][info][gc,marking    ] GC(92) Concurrent Preclean
[2026-06-17T23:07:06.448+0000][5943.206s][info][gc,marking    ] GC(92) Concurrent Preclean 0.264ms
[2026-06-17T23:07:06.448+0000][5943.207s][info][gc,marking    ] GC(92) Concurrent Mark (5943.200s, 5943.207s) 6.259ms
[2026-06-17T23:07:06.448+0000][5943.207s][info][gc,start      ] GC(92) Pause Remark
[2026-06-17T23:07:06.451+0000][5943.209s][info][gc,stringtable] GC(92) Cleaned string and symbol table, strings: 17182 processed, 0 removed, symbols: 124976 processed, 0 removed
[2026-06-17T23:07:06.451+0000][5943.209s][info][gc            ] GC(92) Pause Remark 203M->203M(512M) 2.631ms
[2026-06-17T23:07:06.451+0000][5943.210s][info][gc,cpu        ] GC(92) User=0.02s Sys=0.00s Real=0.00s
[2026-06-17T23:07:06.451+0000][5943.210s][info][gc,marking    ] GC(92) Concurrent Rebuild Remembered Sets
[2026-06-17T23:07:06.455+0000][5943.214s][info][gc,marking    ] GC(92) Concurrent Rebuild Remembered Sets 4.212ms
[2026-06-17T23:07:06.456+0000][5943.214s][info][gc,start      ] GC(92) Pause Cleanup
[2026-06-17T23:07:06.456+0000][5943.214s][info][gc            ] GC(92) Pause Cleanup 204M->204M(512M) 0.140ms
[2026-06-17T23:07:06.456+0000][5943.214s][info][gc,cpu        ] GC(92) User=0.00s Sys=0.00s Real=0.00s
[2026-06-17T23:07:06.456+0000][5943.214s][info][gc,marking    ] GC(92) Concurrent Cleanup for Next Mark
[2026-06-17T23:07:06.456+0000][5943.215s][info][gc,marking    ] GC(92) Concurrent Cleanup for Next Mark 0.126ms
[2026-06-17T23:07:06.456+0000][5943.215s][info][gc            ] GC(92) Concurrent Cycle 16.392ms
[2026-06-17T23:07:55.217+0000][5992.002s][info][gc,start      ] GC(93) Pause Young (Normal) (G1 Evacuation Pause)
[2026-06-17T23:07:55.217+0000][5992.003s][info][gc,task       ] GC(93) Using 13 workers of 13 for evacuation
[2026-06-17T23:07:55.221+0000][5992.006s][info][gc,phases     ] GC(93)   Pre Evacuate Collection Set: 0.0ms
[2026-06-17T23:07:55.221+0000][5992.006s][info][gc,phases     ] GC(93)   Evacuate Collection Set: 3.2ms
[2026-06-17T23:07:55.221+0000][5992.007s][info][gc,phases     ] GC(93)   Post Evacuate Collection Set: 0.3ms
[2026-06-17T23:07:55.221+0000][5992.007s][info][gc,phases     ] GC(93)   Other: 0.4ms
[2026-06-17T23:07:55.221+0000][5992.007s][info][gc,heap       ] GC(93) Eden regions: 248->0(242)
[2026-06-17T23:07:55.221+0000][5992.007s][info][gc,heap       ] GC(93) Survivor regions: 10->14(33)
[2026-06-17T23:07:55.221+0000][5992.007s][info][gc,heap       ] GC(93) Old regions: 43->43
[2026-06-17T23:07:55.221+0000][5992.007s][info][gc,heap       ] GC(93) Humongous regions: 147->147
[2026-06-17T23:07:55.221+0000][5992.007s][info][gc,metaspace  ] GC(93) Metaspace: 51971K(54784K)->51971K(54784K) NonClass: 46084K(47616K)->46084K(47616K) Class: 5886K(7168K)->5886K(7168K)
[2026-06-17T23:07:55.221+0000][5992.007s][info][gc            ] GC(93) Pause Young (Normal) (G1 Evacuation Pause) 447M->203M(512M) 4.460ms
[2026-06-17T23:07:55.222+0000][5992.007s][info][gc,cpu        ] GC(93) User=0.04s Sys=0.00s Real=0.01s
[2026-06-17T23:07:56.996+0000][5993.803s][info][gc,start      ] GC(94) Pause Young (Concurrent Start) (G1 Evacuation Pause)
[2026-06-17T23:07:56.997+0000][5993.805s][info][gc,task       ] GC(94) Using 13 workers of 13 for evacuation
[2026-06-17T23:07:57.002+0000][5993.809s][info][gc,phases     ] GC(94)   Pre Evacuate Collection Set: 0.3ms
[2026-06-17T23:07:57.002+0000][5993.809s][info][gc,phases     ] GC(94)   Evacuate Collection Set: 3.6ms
[2026-06-17T23:07:57.002+0000][5993.809s][info][gc,phases     ] GC(94)   Post Evacuate Collection Set: 0.4ms
[2026-06-17T23:07:57.002+0000][5993.809s][info][gc,phases     ] GC(94)   Other: 2.0ms
[2026-06-17T23:07:57.002+0000][5993.810s][info][gc,heap       ] GC(94) Eden regions: 242->0(244)
[2026-06-17T23:07:57.002+0000][5993.810s][info][gc,heap       ] GC(94) Survivor regions: 14->12(32)
[2026-06-17T23:07:57.002+0000][5993.810s][info][gc,heap       ] GC(94) Old regions: 43->44
[2026-06-17T23:07:57.003+0000][5993.810s][info][gc,heap       ] GC(94) Humongous regions: 147->147
[2026-06-17T23:07:57.003+0000][5993.810s][info][gc,metaspace  ] GC(94) Metaspace: 51972K(54784K)->51972K(54784K) NonClass: 46085K(47616K)->46085K(47616K) Class: 5886K(7168K)->5886K(7168K)
[2026-06-17T23:07:57.003+0000][5993.810s][info][gc            ] GC(94) Pause Young (Concurrent Start) (G1 Evacuation Pause) 445M->201M(512M) 7.310ms
[2026-06-17T23:07:57.003+0000][5993.810s][info][gc,cpu        ] GC(94) User=0.03s Sys=0.00s Real=0.00s
[2026-06-17T23:07:57.003+0000][5993.810s][info][gc            ] GC(95) Concurrent Cycle
[2026-06-17T23:07:57.003+0000][5993.810s][info][gc,marking    ] GC(95) Concurrent Clear Claimed Marks
[2026-06-17T23:07:57.003+0000][5993.811s][info][gc,marking    ] GC(95) Concurrent Clear Claimed Marks 0.267ms
[2026-06-17T23:07:57.004+0000][5993.811s][info][gc,marking    ] GC(95) Concurrent Scan Root Regions
[2026-06-17T23:07:57.007+0000][5993.814s][info][gc,marking    ] GC(95) Concurrent Scan Root Regions 2.938ms
[2026-06-17T23:07:57.008+0000][5993.815s][info][gc,marking    ] GC(95) Concurrent Mark (5993.815s)
[2026-06-17T23:07:57.008+0000][5993.815s][info][gc,marking    ] GC(95) Concurrent Mark From Roots
[2026-06-17T23:07:57.008+0000][5993.815s][info][gc,task       ] GC(95) Using 3 workers of 3 for marking
[2026-06-17T23:07:57.015+0000][5993.822s][info][gc,marking    ] GC(95) Concurrent Mark From Roots 6.951ms
[2026-06-17T23:07:57.015+0000][5993.822s][info][gc,marking    ] GC(95) Concurrent Preclean
[2026-06-17T23:07:57.015+0000][5993.822s][info][gc,marking    ] GC(95) Concurrent Preclean 0.238ms
[2026-06-17T23:07:57.015+0000][5993.823s][info][gc,marking    ] GC(95) Concurrent Mark (5993.815s, 5993.823s) 7.777ms
[2026-06-17T23:07:57.016+0000][5993.823s][info][gc,start      ] GC(95) Pause Remark
[2026-06-17T23:07:57.021+0000][5993.828s][info][gc,stringtable] GC(95) Cleaned string and symbol table, strings: 17182 processed, 0 removed, symbols: 124976 processed, 0 removed
[2026-06-17T23:07:57.021+0000][5993.828s][info][gc            ] GC(95) Pause Remark 206M->206M(512M) 5.430ms
[2026-06-17T23:07:57.021+0000][5993.829s][info][gc,cpu        ] GC(95) User=0.02s Sys=0.00s Real=0.00s
[2026-06-17T23:07:57.022+0000][5993.829s][info][gc,marking    ] GC(95) Concurrent Rebuild Remembered Sets
[2026-06-17T23:07:57.031+0000][5993.838s][info][gc,marking    ] GC(95) Concurrent Rebuild Remembered Sets 9.099ms
[2026-06-17T23:07:57.031+0000][5993.838s][info][gc,start      ] GC(95) Pause Cleanup
[2026-06-17T23:07:57.031+0000][5993.839s][info][gc            ] GC(95) Pause Cleanup 206M->206M(512M) 0.331ms
[2026-06-17T23:07:57.031+0000][5993.839s][info][gc,cpu        ] GC(95) User=0.00s Sys=0.00s Real=0.00s
[2026-06-17T23:07:57.032+0000][5993.839s][info][gc,marking    ] GC(95) Concurrent Cleanup for Next Mark
[2026-06-17T23:07:57.032+0000][5993.839s][info][gc,marking    ] GC(95) Concurrent Cleanup for Next Mark 0.237ms
[2026-06-17T23:07:57.032+0000][5993.839s][info][gc            ] GC(95) Concurrent Cycle 28.898ms
[2026-06-17T23:07:58.402+0000][5995.209s][info][gc,start      ] GC(96) Pause Young (Normal) (G1 Evacuation Pause)
[2026-06-17T23:07:58.402+0000][5995.209s][info][gc,task       ] GC(96) Using 13 workers of 13 for evacuation
[2026-06-17T23:07:58.405+0000][5995.213s][info][gc,phases     ] GC(96)   Pre Evacuate Collection Set: 0.0ms
[2026-06-17T23:07:58.405+0000][5995.213s][info][gc,phases     ] GC(96)   Evacuate Collection Set: 2.6ms
[2026-06-17T23:07:58.406+0000][5995.213s][info][gc,phases     ] GC(96)   Post Evacuate Collection Set: 0.3ms
[2026-06-17T23:07:58.406+0000][5995.213s][info][gc,phases     ] GC(96)   Other: 0.3ms
[2026-06-17T23:07:58.406+0000][5995.213s][info][gc,heap       ] GC(96) Eden regions: 244->0(237)
[2026-06-17T23:07:58.406+0000][5995.213s][info][gc,heap       ] GC(96) Survivor regions: 12->16(32)
[2026-06-17T23:07:58.406+0000][5995.213s][info][gc,heap       ] GC(96) Old regions: 44->44
[2026-06-17T23:07:58.406+0000][5995.213s][info][gc,heap       ] GC(96) Humongous regions: 147->147
[2026-06-17T23:07:58.406+0000][5995.213s][info][gc,metaspace  ] GC(96) Metaspace: 51972K(54784K)->51972K(54784K) NonClass: 46085K(47616K)->46085K(47616K) Class: 5886K(7168K)->5886K(7168K)
[2026-06-17T23:07:58.406+0000][5995.213s][info][gc            ] GC(96) Pause Young (Normal) (G1 Evacuation Pause) 445M->206M(512M) 3.944ms
[2026-06-17T23:07:58.406+0000][5995.213s][info][gc,cpu        ] GC(96) User=0.03s Sys=0.00s Real=0.01s
[2026-06-17T23:08:46.919+0000][6043.727s][info][gc,start      ] GC(97) Pause Young (Concurrent Start) (G1 Evacuation Pause)
[2026-06-17T23:08:46.919+0000][6043.727s][info][gc,task       ] GC(97) Using 13 workers of 13 for evacuation
[2026-06-17T23:08:46.929+0000][6043.737s][info][gc,phases     ] GC(97)   Pre Evacuate Collection Set: 0.2ms
[2026-06-17T23:08:46.929+0000][6043.737s][info][gc,phases     ] GC(97)   Evacuate Collection Set: 9.0ms
[2026-06-17T23:08:46.929+0000][6043.737s][info][gc,phases     ] GC(97)   Post Evacuate Collection Set: 0.4ms
[2026-06-17T23:08:46.929+0000][6043.737s][info][gc,phases     ] GC(97)   Other: 0.4ms
[2026-06-17T23:08:46.929+0000][6043.737s][info][gc,heap       ] GC(97) Eden regions: 237->0(242)
[2026-06-17T23:08:46.929+0000][6043.737s][info][gc,heap       ] GC(97) Survivor regions: 16->12(32)
[2026-06-17T23:08:46.929+0000][6043.737s][info][gc,heap       ] GC(97) Old regions: 44->45
[2026-06-17T23:08:46.929+0000][6043.737s][info][gc,heap       ] GC(97) Humongous regions: 147->147
[2026-06-17T23:08:46.929+0000][6043.737s][info][gc,metaspace  ] GC(97) Metaspace: 51978K(54784K)->51978K(54784K) NonClass: 46091K(47616K)->46091K(47616K) Class: 5886K(7168K)->5886K(7168K)
[2026-06-17T23:08:46.929+0000][6043.737s][info][gc            ] GC(97) Pause Young (Concurrent Start) (G1 Evacuation Pause) 443M->203M(512M) 10.705ms
[2026-06-17T23:08:46.930+0000][6043.738s][info][gc,cpu        ] GC(97) User=0.11s Sys=0.00s Real=0.01s
[2026-06-17T23:08:46.930+0000][6043.738s][info][gc            ] GC(98) Concurrent Cycle
[2026-06-17T23:08:46.930+0000][6043.738s][info][gc,marking    ] GC(98) Concurrent Clear Claimed Marks
[2026-06-17T23:08:46.930+0000][6043.738s][info][gc,marking    ] GC(98) Concurrent Clear Claimed Marks 0.252ms
[2026-06-17T23:08:46.930+0000][6043.738s][info][gc,marking    ] GC(98) Concurrent Scan Root Regions
[2026-06-17T23:08:46.932+0000][6043.740s][info][gc,marking    ] GC(98) Concurrent Scan Root Regions 1.921ms
[2026-06-17T23:08:46.932+0000][6043.740s][info][gc,marking    ] GC(98) Concurrent Mark (6043.740s)
[2026-06-17T23:08:46.932+0000][6043.740s][info][gc,marking    ] GC(98) Concurrent Mark From Roots
[2026-06-17T23:08:46.932+0000][6043.740s][info][gc,task       ] GC(98) Using 3 workers of 3 for marking
[2026-06-17T23:08:46.938+0000][6043.746s][info][gc,marking    ] GC(98) Concurrent Mark From Roots 5.443ms
[2026-06-17T23:08:46.938+0000][6043.746s][info][gc,marking    ] GC(98) Concurrent Preclean
[2026-06-17T23:08:46.938+0000][6043.746s][info][gc,marking    ] GC(98) Concurrent Preclean 0.211ms
[2026-06-17T23:08:46.938+0000][6043.746s][info][gc,marking    ] GC(98) Concurrent Mark (6043.740s, 6043.746s) 5.981ms
[2026-06-17T23:08:46.938+0000][6043.746s][info][gc,start      ] GC(98) Pause Remark
[2026-06-17T23:08:46.940+0000][6043.748s][info][gc,stringtable] GC(98) Cleaned string and symbol table, strings: 17182 processed, 0 removed, symbols: 124976 processed, 0 removed
[2026-06-17T23:08:46.941+0000][6043.749s][info][gc            ] GC(98) Pause Remark 208M->208M(512M) 2.509ms
[2026-06-17T23:08:46.941+0000][6043.749s][info][gc,cpu        ] GC(98) User=0.02s Sys=0.00s Real=0.00s
[2026-06-17T23:08:46.941+0000][6043.749s][info][gc,marking    ] GC(98) Concurrent Rebuild Remembered Sets
[2026-06-17T23:08:46.944+0000][6043.752s][info][gc,marking    ] GC(98) Concurrent Rebuild Remembered Sets 3.467ms
[2026-06-17T23:08:46.945+0000][6043.753s][info][gc,start      ] GC(98) Pause Cleanup
[2026-06-17T23:08:46.945+0000][6043.753s][info][gc            ] GC(98) Pause Cleanup 208M->208M(512M) 0.221ms
[2026-06-17T23:08:46.945+0000][6043.753s][info][gc,cpu        ] GC(98) User=0.00s Sys=0.00s Real=0.01s
[2026-06-17T23:08:46.945+0000][6043.753s][info][gc,marking    ] GC(98) Concurrent Cleanup for Next Mark
[2026-06-17T23:08:46.945+0000][6043.753s][info][gc,marking    ] GC(98) Concurrent Cleanup for Next Mark 0.158ms
[2026-06-17T23:08:46.945+0000][6043.753s][info][gc            ] GC(98) Concurrent Cycle 15.848ms
[2026-06-17T23:08:48.598+0000][6045.406s][info][gc,start      ] GC(99) Pause Young (Prepare Mixed) (G1 Evacuation Pause)
[2026-06-17T23:08:48.600+0000][6045.408s][info][gc,task       ] GC(99) Using 13 workers of 13 for evacuation
[2026-06-17T23:08:48.612+0000][6045.420s][info][gc,phases     ] GC(99)   Pre Evacuate Collection Set: 0.0ms
[2026-06-17T23:08:48.612+0000][6045.420s][info][gc,phases     ] GC(99)   Evacuate Collection Set: 10.1ms
[2026-06-17T23:08:48.612+0000][6045.420s][info][gc,phases     ] GC(99)   Post Evacuate Collection Set: 0.7ms
[2026-06-17T23:08:48.612+0000][6045.420s][info][gc,phases     ] GC(99)   Other: 3.2ms
[2026-06-17T23:08:48.613+0000][6045.421s][info][gc,heap       ] GC(99) Eden regions: 242->0(9)
[2026-06-17T23:08:48.613+0000][6045.421s][info][gc,heap       ] GC(99) Survivor regions: 12->16(32)
[2026-06-17T23:08:48.613+0000][6045.421s][info][gc,heap       ] GC(99) Old regions: 45->46
[2026-06-17T23:08:48.613+0000][6045.421s][info][gc,heap       ] GC(99) Humongous regions: 147->147
[2026-06-17T23:08:48.613+0000][6045.421s][info][gc,metaspace  ] GC(99) Metaspace: 51978K(54784K)->51978K(54784K) NonClass: 46091K(47616K)->46091K(47616K) Class: 5886K(7168K)->5886K(7168K)
[2026-06-17T23:08:48.613+0000][6045.421s][info][gc            ] GC(99) Pause Young (Prepare Mixed) (G1 Evacuation Pause) 445M->207M(512M) 15.596ms
[2026-06-17T23:08:48.614+0000][6045.422s][info][gc,cpu        ] GC(99) User=0.07s Sys=0.00s Real=0.01s
[2026-06-17T23:08:48.680+0000][6045.488s][info][gc,start      ] GC(100) Pause Young (Mixed) (G1 Evacuation Pause)
[2026-06-17T23:08:48.680+0000][6045.488s][info][gc,task       ] GC(100) Using 13 workers of 13 for evacuation
[2026-06-17T23:08:48.689+0000][6045.497s][info][gc,phases     ] GC(100)   Pre Evacuate Collection Set: 0.0ms
[2026-06-17T23:08:48.691+0000][6045.499s][info][gc,phases     ] GC(100)   Evacuate Collection Set: 8.4ms
[2026-06-17T23:08:48.691+0000][6045.499s][info][gc,phases     ] GC(100)   Post Evacuate Collection Set: 0.7ms
[2026-06-17T23:08:48.691+0000][6045.499s][info][gc,phases     ] GC(100)   Other: 0.5ms
[2026-06-17T23:08:48.691+0000][6045.499s][info][gc,heap       ] GC(100) Eden regions: 9->0(236)
[2026-06-17T23:08:48.691+0000][6045.499s][info][gc,heap       ] GC(100) Survivor regions: 16->3(4)
[2026-06-17T23:08:48.692+0000][6045.499s][info][gc,heap       ] GC(100) Old regions: 46->59
[2026-06-17T23:08:48.692+0000][6045.500s][info][gc,heap       ] GC(100) Humongous regions: 147->147
[2026-06-17T23:08:48.692+0000][6045.500s][info][gc,metaspace  ] GC(100) Metaspace: 51978K(54784K)->51978K(54784K) NonClass: 46091K(47616K)->46091K(47616K) Class: 5886K(7168K)->5886K(7168K)
[2026-06-17T23:08:48.692+0000][6045.500s][info][gc            ] GC(100) Pause Young (Mixed) (G1 Evacuation Pause) 216M->207M(512M) 12.233ms
[2026-06-17T23:08:48.692+0000][6045.500s][info][gc,cpu        ] GC(100) User=0.07s Sys=0.00s Real=0.01s
[2026-06-17T23:08:50.000+0000][6046.808s][info][gc,start      ] GC(101) Pause Young (Concurrent Start) (G1 Evacuation Pause)
[2026-06-17T23:08:50.000+0000][6046.808s][info][gc,task       ] GC(101) Using 13 workers of 13 for evacuation
[2026-06-17T23:08:50.004+0000][6046.812s][info][gc,phases     ] GC(101)   Pre Evacuate Collection Set: 0.3ms
[2026-06-17T23:08:50.005+0000][6046.812s][info][gc,phases     ] GC(101)   Evacuate Collection Set: 3.1ms
[2026-06-17T23:08:50.005+0000][6046.813s][info][gc,phases     ] GC(101)   Post Evacuate Collection Set: 0.4ms
[2026-06-17T23:08:50.005+0000][6046.813s][info][gc,phases     ] GC(101)   Other: 0.4ms
[2026-06-17T23:08:50.005+0000][6046.813s][info][gc,heap       ] GC(101) Eden regions: 236->0(233)
[2026-06-17T23:08:50.005+0000][6046.813s][info][gc,heap       ] GC(101) Survivor regions: 3->6(30)
[2026-06-17T23:08:50.005+0000][6046.813s][info][gc,heap       ] GC(101) Old regions: 59->59
[2026-06-17T23:08:50.005+0000][6046.813s][info][gc,heap       ] GC(101) Humongous regions: 147->147
[2026-06-17T23:08:50.005+0000][6046.813s][info][gc,metaspace  ] GC(101) Metaspace: 51978K(54784K)->51978K(54784K) NonClass: 46091K(47616K)->46091K(47616K) Class: 5886K(7168K)->5886K(7168K)
[2026-06-17T23:08:50.005+0000][6046.813s][info][gc            ] GC(101) Pause Young (Concurrent Start) (G1 Evacuation Pause) 443M->210M(512M) 4.842ms
[2026-06-17T23:08:50.005+0000][6046.813s][info][gc,cpu        ] GC(101) User=0.03s Sys=0.00s Real=0.01s
[2026-06-17T23:08:50.005+0000][6046.813s][info][gc            ] GC(102) Concurrent Cycle
[2026-06-17T23:08:50.005+0000][6046.813s][info][gc,marking    ] GC(102) Concurrent Clear Claimed Marks
[2026-06-17T23:08:50.006+0000][6046.814s][info][gc,marking    ] GC(102) Concurrent Clear Claimed Marks 0.226ms
[2026-06-17T23:08:50.006+0000][6046.814s][info][gc,marking    ] GC(102) Concurrent Scan Root Regions
[2026-06-17T23:08:50.006+0000][6046.814s][info][gc,marking    ] GC(102) Concurrent Scan Root Regions 0.824ms
[2026-06-17T23:08:50.007+0000][6046.815s][info][gc,marking    ] GC(102) Concurrent Mark (6046.815s)
[2026-06-17T23:08:50.007+0000][6046.815s][info][gc,marking    ] GC(102) Concurrent Mark From Roots
[2026-06-17T23:08:50.007+0000][6046.815s][info][gc,task       ] GC(102) Using 3 workers of 3 for marking
[2026-06-17T23:08:50.012+0000][6046.820s][info][gc,marking    ] GC(102) Concurrent Mark From Roots 5.573ms
[2026-06-17T23:08:50.012+0000][6046.820s][info][gc,marking    ] GC(102) Concurrent Preclean
[2026-06-17T23:08:50.013+0000][6046.821s][info][gc,marking    ] GC(102) Concurrent Preclean 0.209ms
[2026-06-17T23:08:50.013+0000][6046.821s][info][gc,marking    ] GC(102) Concurrent Mark (6046.815s, 6046.821s) 6.082ms
[2026-06-17T23:08:50.013+0000][6046.821s][info][gc,start      ] GC(102) Pause Remark
[2026-06-17T23:08:50.016+0000][6046.824s][info][gc,stringtable] GC(102) Cleaned string and symbol table, strings: 17182 processed, 0 removed, symbols: 124976 processed, 0 removed
[2026-06-17T23:08:50.016+0000][6046.824s][info][gc            ] GC(102) Pause Remark 214M->214M(512M) 3.207ms
[2026-06-17T23:08:50.016+0000][6046.824s][info][gc,cpu        ] GC(102) User=0.03s Sys=0.00s Real=0.01s
[2026-06-17T23:08:50.016+0000][6046.824s][info][gc,marking    ] GC(102) Concurrent Rebuild Remembered Sets
[2026-06-17T23:08:50.021+0000][6046.829s][info][gc,marking    ] GC(102) Concurrent Rebuild Remembered Sets 4.503ms
[2026-06-17T23:08:50.021+0000][6046.829s][info][gc,start      ] GC(102) Pause Cleanup
[2026-06-17T23:08:50.022+0000][6046.830s][info][gc            ] GC(102) Pause Cleanup 214M->214M(512M) 0.179ms
[2026-06-17T23:08:50.022+0000][6046.830s][info][gc,cpu        ] GC(102) User=0.00s Sys=0.00s Real=0.00s
[2026-06-17T23:08:50.022+0000][6046.830s][info][gc,marking    ] GC(102) Concurrent Cleanup for Next Mark
[2026-06-17T23:08:50.022+0000][6046.830s][info][gc,marking    ] GC(102) Concurrent Cleanup for Next Mark 0.245ms
[2026-06-17T23:08:50.022+0000][6046.830s][info][gc            ] GC(102) Concurrent Cycle 16.861ms
[2026-06-17T23:09:38.366+0000][6095.175s][info][gc,start      ] GC(103) Pause Young (Prepare Mixed) (G1 Evacuation Pause)
[2026-06-17T23:09:38.366+0000][6095.175s][info][gc,task       ] GC(103) Using 13 workers of 13 for evacuation
[2026-06-17T23:09:38.370+0000][6095.178s][info][gc,phases     ] GC(103)   Pre Evacuate Collection Set: 0.0ms
[2026-06-17T23:09:38.370+0000][6095.178s][info][gc,phases     ] GC(103)   Evacuate Collection Set: 2.9ms
[2026-06-17T23:09:38.370+0000][6095.178s][info][gc,phases     ] GC(103)   Post Evacuate Collection Set: 0.3ms
[2026-06-17T23:09:38.370+0000][6095.178s][info][gc,phases     ] GC(103)   Other: 0.3ms
[2026-06-17T23:09:38.370+0000][6095.178s][info][gc,heap       ] GC(103) Eden regions: 233->0(22)
[2026-06-17T23:09:38.370+0000][6095.179s][info][gc,heap       ] GC(103) Survivor regions: 6->3(30)
[2026-06-17T23:09:38.370+0000][6095.179s][info][gc,heap       ] GC(103) Old regions: 59->59
[2026-06-17T23:09:38.370+0000][6095.179s][info][gc,heap       ] GC(103) Humongous regions: 147->147
[2026-06-17T23:09:38.370+0000][6095.179s][info][gc,metaspace  ] GC(103) Metaspace: 51979K(54784K)->51979K(54784K) NonClass: 46092K(47616K)->46092K(47616K) Class: 5886K(7168K)->5886K(7168K)
[2026-06-17T23:09:38.370+0000][6095.179s][info][gc            ] GC(103) Pause Young (Prepare Mixed) (G1 Evacuation Pause) 443M->207M(512M) 4.125ms
[2026-06-17T23:09:38.370+0000][6095.179s][info][gc,cpu        ] GC(103) User=0.04s Sys=0.00s Real=0.00s
[2026-06-17T23:09:38.525+0000][6095.334s][info][gc,start      ] GC(104) Pause Young (Mixed) (G1 Evacuation Pause)
[2026-06-17T23:09:38.525+0000][6095.334s][info][gc,task       ] GC(104) Using 13 workers of 13 for evacuation
[2026-06-17T23:09:38.528+0000][6095.337s][info][gc,phases     ] GC(104)   Pre Evacuate Collection Set: 0.0ms
[2026-06-17T23:09:38.528+0000][6095.337s][info][gc,phases     ] GC(104)   Evacuate Collection Set: 2.8ms
[2026-06-17T23:09:38.529+0000][6095.337s][info][gc,phases     ] GC(104)   Post Evacuate Collection Set: 0.3ms
[2026-06-17T23:09:38.529+0000][6095.337s][info][gc,phases     ] GC(104)   Other: 0.4ms
[2026-06-17T23:09:38.529+0000][6095.337s][info][gc,heap       ] GC(104) Eden regions: 22->0(249)
[2026-06-17T23:09:38.529+0000][6095.337s][info][gc,heap       ] GC(104) Survivor regions: 3->4(4)
[2026-06-17T23:09:38.529+0000][6095.337s][info][gc,heap       ] GC(104) Old regions: 59->44
[2026-06-17T23:09:38.529+0000][6095.337s][info][gc,heap       ] GC(104) Humongous regions: 147->147
[2026-06-17T23:09:38.529+0000][6095.337s][info][gc,metaspace  ] GC(104) Metaspace: 51979K(54784K)->51979K(54784K) NonClass: 46092K(47616K)->46092K(47616K) Class: 5886K(7168K)->5886K(7168K)
[2026-06-17T23:09:38.529+0000][6095.338s][info][gc            ] GC(104) Pause Young (Mixed) (G1 Evacuation Pause) 229M->193M(512M) 4.023ms
[2026-06-17T23:09:38.529+0000][6095.338s][info][gc,cpu        ] GC(104) User=0.03s Sys=0.01s Real=0.00s
[2026-06-17T23:09:40.135+0000][6096.944s][info][gc,start      ] GC(105) Pause Young (Concurrent Start) (G1 Evacuation Pause)
[2026-06-17T23:09:40.135+0000][6096.944s][info][gc,task       ] GC(105) Using 13 workers of 13 for evacuation
[2026-06-17T23:09:40.139+0000][6096.948s][info][gc,phases     ] GC(105)   Pre Evacuate Collection Set: 0.2ms
[2026-06-17T23:09:40.139+0000][6096.948s][info][gc,phases     ] GC(105)   Evacuate Collection Set: 2.9ms
[2026-06-17T23:09:40.139+0000][6096.948s][info][gc,phases     ] GC(105)   Post Evacuate Collection Set: 0.3ms
[2026-06-17T23:09:40.139+0000][6096.948s][info][gc,phases     ] GC(105)   Other: 0.3ms
[2026-06-17T23:09:40.139+0000][6096.948s][info][gc,heap       ] GC(105) Eden regions: 249->0(244)
[2026-06-17T23:09:40.139+0000][6096.948s][info][gc,heap       ] GC(105) Survivor regions: 4->8(32)
[2026-06-17T23:09:40.139+0000][6096.948s][info][gc,heap       ] GC(105) Old regions: 44->44
[2026-06-17T23:09:40.139+0000][6096.948s][info][gc,heap       ] GC(105) Humongous regions: 147->147
[2026-06-17T23:09:40.140+0000][6096.948s][info][gc,metaspace  ] GC(105) Metaspace: 51979K(54784K)->51979K(54784K) NonClass: 46092K(47616K)->46092K(47616K) Class: 5886K(7168K)->5886K(7168K)
[2026-06-17T23:09:40.140+0000][6096.948s][info][gc            ] GC(105) Pause Young (Concurrent Start) (G1 Evacuation Pause) 442M->198M(512M) 4.242ms
[2026-06-17T23:09:40.140+0000][6096.948s][info][gc,cpu        ] GC(105) User=0.04s Sys=0.00s Real=0.00s
[2026-06-17T23:09:40.140+0000][6096.948s][info][gc            ] GC(106) Concurrent Cycle
[2026-06-17T23:09:40.140+0000][6096.948s][info][gc,marking    ] GC(106) Concurrent Clear Claimed Marks
[2026-06-17T23:09:40.140+0000][6096.949s][info][gc,marking    ] GC(106) Concurrent Clear Claimed Marks 0.199ms
[2026-06-17T23:09:40.140+0000][6096.949s][info][gc,marking    ] GC(106) Concurrent Scan Root Regions
[2026-06-17T23:09:40.141+0000][6096.950s][info][gc,marking    ] GC(106) Concurrent Scan Root Regions 1.160ms
[2026-06-17T23:09:40.142+0000][6096.950s][info][gc,marking    ] GC(106) Concurrent Mark (6096.950s)
[2026-06-17T23:09:40.142+0000][6096.950s][info][gc,marking    ] GC(106) Concurrent Mark From Roots
[2026-06-17T23:09:40.142+0000][6096.950s][info][gc,task       ] GC(106) Using 3 workers of 3 for marking
[2026-06-17T23:09:40.148+0000][6096.956s][info][gc,marking    ] GC(106) Concurrent Mark From Roots 5.914ms
[2026-06-17T23:09:40.148+0000][6096.956s][info][gc,marking    ] GC(106) Concurrent Preclean
[2026-06-17T23:09:40.148+0000][6096.956s][info][gc,marking    ] GC(106) Concurrent Preclean 0.150ms
[2026-06-17T23:09:40.148+0000][6096.957s][info][gc,marking    ] GC(106) Concurrent Mark (6096.950s, 6096.957s) 6.364ms
[2026-06-17T23:09:40.148+0000][6096.957s][info][gc,start      ] GC(106) Pause Remark
[2026-06-17T23:09:40.150+0000][6096.959s][info][gc,stringtable] GC(106) Cleaned string and symbol table, strings: 17182 processed, 0 removed, symbols: 124976 processed, 0 removed
[2026-06-17T23:09:40.150+0000][6096.959s][info][gc            ] GC(106) Pause Remark 202M->202M(512M) 2.297ms
[2026-06-17T23:09:40.150+0000][6096.959s][info][gc,cpu        ] GC(106) User=0.02s Sys=0.00s Real=0.00s
[2026-06-17T23:09:40.150+0000][6096.959s][info][gc,marking    ] GC(106) Concurrent Rebuild Remembered Sets
[2026-06-17T23:09:40.154+0000][6096.963s][info][gc,marking    ] GC(106) Concurrent Rebuild Remembered Sets 3.505ms
[2026-06-17T23:09:40.154+0000][6096.963s][info][gc,start      ] GC(106) Pause Cleanup
[2026-06-17T23:09:40.154+0000][6096.963s][info][gc            ] GC(106) Pause Cleanup 203M->203M(512M) 0.150ms
[2026-06-17T23:09:40.154+0000][6096.963s][info][gc,cpu        ] GC(106) User=0.00s Sys=0.00s Real=0.00s
[2026-06-17T23:09:40.154+0000][6096.963s][info][gc,marking    ] GC(106) Concurrent Cleanup for Next Mark
[2026-06-17T23:09:40.155+0000][6096.963s][info][gc,marking    ] GC(106) Concurrent Cleanup for Next Mark 0.154ms
[2026-06-17T23:09:40.155+0000][6096.963s][info][gc            ] GC(106) Concurrent Cycle 15.013ms
[2026-06-17T23:09:41.567+0000][6098.376s][info][gc,start      ] GC(107) Pause Young (Prepare Mixed) (G1 Evacuation Pause)
[2026-06-17T23:09:41.568+0000][6098.376s][info][gc,task       ] GC(107) Using 13 workers of 13 for evacuation
[2026-06-17T23:09:41.571+0000][6098.380s][info][gc,phases     ] GC(107)   Pre Evacuate Collection Set: 0.0ms
[2026-06-17T23:09:41.571+0000][6098.380s][info][gc,phases     ] GC(107)   Evacuate Collection Set: 3.1ms
[2026-06-17T23:09:41.571+0000][6098.380s][info][gc,phases     ] GC(107)   Post Evacuate Collection Set: 0.3ms
[2026-06-17T23:09:41.571+0000][6098.380s][info][gc,phases     ] GC(107)   Other: 0.3ms
[2026-06-17T23:09:41.571+0000][6098.380s][info][gc,heap       ] GC(107) Eden regions: 244->0(17)
[2026-06-17T23:09:41.571+0000][6098.380s][info][gc,heap       ] GC(107) Survivor regions: 8->8(32)
[2026-06-17T23:09:41.572+0000][6098.380s][info][gc,heap       ] GC(107) Old regions: 44->44
[2026-06-17T23:09:41.572+0000][6098.380s][info][gc,heap       ] GC(107) Humongous regions: 147->147
[2026-06-17T23:09:41.572+0000][6098.380s][info][gc,metaspace  ] GC(107) Metaspace: 51979K(54784K)->51979K(54784K) NonClass: 46092K(47616K)->46092K(47616K) Class: 5886K(7168K)->5886K(7168K)
[2026-06-17T23:09:41.572+0000][6098.380s][info][gc            ] GC(107) Pause Young (Prepare Mixed) (G1 Evacuation Pause) 442M->198M(512M) 4.203ms
[2026-06-17T23:09:41.572+0000][6098.380s][info][gc,cpu        ] GC(107) User=0.04s Sys=0.00s Real=0.00s
[2026-06-17T23:09:41.655+0000][6098.464s][info][gc,start      ] GC(108) Pause Young (Mixed) (G1 Evacuation Pause)
[2026-06-17T23:09:41.656+0000][6098.464s][info][gc,task       ] GC(108) Using 13 workers of 13 for evacuation
[2026-06-17T23:09:41.662+0000][6098.471s][info][gc,phases     ] GC(108)   Pre Evacuate Collection Set: 0.0ms
[2026-06-17T23:09:41.662+0000][6098.471s][info][gc,phases     ] GC(108)   Evacuate Collection Set: 6.0ms
[2026-06-17T23:09:41.662+0000][6098.471s][info][gc,phases     ] GC(108)   Post Evacuate Collection Set: 0.4ms
[2026-06-17T23:09:41.662+0000][6098.471s][info][gc,phases     ] GC(108)   Other: 0.4ms
[2026-06-17T23:09:41.662+0000][6098.471s][info][gc,heap       ] GC(108) Eden regions: 17->0(244)
[2026-06-17T23:09:41.662+0000][6098.471s][info][gc,heap       ] GC(108) Survivor regions: 8->2(4)
[2026-06-17T23:09:41.662+0000][6098.471s][info][gc,heap       ] GC(108) Old regions: 44->50
[2026-06-17T23:09:41.662+0000][6098.471s][info][gc,heap       ] GC(108) Humongous regions: 147->147
[2026-06-17T23:09:41.662+0000][6098.471s][info][gc,metaspace  ] GC(108) Metaspace: 51979K(54784K)->51979K(54784K) NonClass: 46092K(47616K)->46092K(47616K) Class: 5886K(7168K)->5886K(7168K)
[2026-06-17T23:09:41.662+0000][6098.471s][info][gc            ] GC(108) Pause Young (Mixed) (G1 Evacuation Pause) 215M->198M(512M) 7.058ms
[2026-06-17T23:09:41.663+0000][6098.471s][info][gc,cpu        ] GC(108) User=0.05s Sys=0.00s Real=0.00s
[2026-06-17T23:10:30.026+0000][6146.835s][info][gc,start      ] GC(109) Pause Young (Concurrent Start) (G1 Evacuation Pause)
[2026-06-17T23:10:30.026+0000][6146.835s][info][gc,task       ] GC(109) Using 13 workers of 13 for evacuation
[2026-06-17T23:10:30.035+0000][6146.844s][info][gc,phases     ] GC(109)   Pre Evacuate Collection Set: 0.2ms
[2026-06-17T23:10:30.035+0000][6146.845s][info][gc,phases     ] GC(109)   Evacuate Collection Set: 9.0ms
[2026-06-17T23:10:30.036+0000][6146.845s][info][gc,phases     ] GC(109)   Post Evacuate Collection Set: 0.3ms
[2026-06-17T23:10:30.036+0000][6146.845s][info][gc,phases     ] GC(109)   Other: 0.3ms
[2026-06-17T23:10:30.036+0000][6146.845s][info][gc,heap       ] GC(109) Eden regions: 244->0(243)
[2026-06-17T23:10:30.036+0000][6146.845s][info][gc,heap       ] GC(109) Survivor regions: 2->5(31)
[2026-06-17T23:10:30.036+0000][6146.845s][info][gc,heap       ] GC(109) Old regions: 50->50
[2026-06-17T23:10:30.036+0000][6146.845s][info][gc,heap       ] GC(109) Humongous regions: 147->147
[2026-06-17T23:10:30.036+0000][6146.845s][info][gc,metaspace  ] GC(109) Metaspace: 51980K(54784K)->51980K(54784K) NonClass: 46093K(47616K)->46093K(47616K) Class: 5886K(7168K)->5886K(7168K)
[2026-06-17T23:10:30.036+0000][6146.845s][info][gc            ] GC(109) Pause Young (Concurrent Start) (G1 Evacuation Pause) 442M->201M(512M) 10.350ms
[2026-06-17T23:10:30.036+0000][6146.845s][info][gc,cpu        ] GC(109) User=0.08s Sys=0.00s Real=0.01s
[2026-06-17T23:10:30.036+0000][6146.845s][info][gc            ] GC(110) Concurrent Cycle
[2026-06-17T23:10:30.036+0000][6146.845s][info][gc,marking    ] GC(110) Concurrent Clear Claimed Marks
[2026-06-17T23:10:30.036+0000][6146.845s][info][gc,marking    ] GC(110) Concurrent Clear Claimed Marks 0.172ms
[2026-06-17T23:10:30.036+0000][6146.845s][info][gc,marking    ] GC(110) Concurrent Scan Root Regions
[2026-06-17T23:10:30.037+0000][6146.846s][info][gc,marking    ] GC(110) Concurrent Scan Root Regions 0.787ms
[2026-06-17T23:10:30.037+0000][6146.846s][info][gc,marking    ] GC(110) Concurrent Mark (6146.846s)
[2026-06-17T23:10:30.037+0000][6146.846s][info][gc,marking    ] GC(110) Concurrent Mark From Roots
[2026-06-17T23:10:30.037+0000][6146.846s][info][gc,task       ] GC(110) Using 3 workers of 3 for marking
[2026-06-17T23:10:30.044+0000][6146.853s][info][gc,marking    ] GC(110) Concurrent Mark From Roots 6.329ms
[2026-06-17T23:10:30.044+0000][6146.853s][info][gc,marking    ] GC(110) Concurrent Preclean
[2026-06-17T23:10:30.044+0000][6146.853s][info][gc,marking    ] GC(110) Concurrent Preclean 0.210ms
[2026-06-17T23:10:30.044+0000][6146.853s][info][gc,marking    ] GC(110) Concurrent Mark (6146.846s, 6146.853s) 6.911ms
[2026-06-17T23:10:30.044+0000][6146.853s][info][gc,start      ] GC(110) Pause Remark
[2026-06-17T23:10:30.054+0000][6146.863s][info][gc,stringtable] GC(110) Cleaned string and symbol table, strings: 17182 processed, 0 removed, symbols: 124976 processed, 0 removed
[2026-06-17T23:10:30.054+0000][6146.863s][info][gc            ] GC(110) Pause Remark 205M->203M(512M) 9.437ms
[2026-06-17T23:10:30.054+0000][6146.863s][info][gc,cpu        ] GC(110) User=0.05s Sys=0.00s Real=0.01s
[2026-06-17T23:10:30.054+0000][6146.863s][info][gc,marking    ] GC(110) Concurrent Rebuild Remembered Sets
[2026-06-17T23:10:30.058+0000][6146.867s][info][gc,marking    ] GC(110) Concurrent Rebuild Remembered Sets 3.973ms
[2026-06-17T23:10:30.059+0000][6146.868s][info][gc,start      ] GC(110) Pause Cleanup
[2026-06-17T23:10:30.059+0000][6146.868s][info][gc            ] GC(110) Pause Cleanup 203M->203M(512M) 0.225ms
[2026-06-17T23:10:30.059+0000][6146.868s][info][gc,cpu        ] GC(110) User=0.00s Sys=0.00s Real=0.00s
[2026-06-17T23:10:30.059+0000][6146.868s][info][gc,marking    ] GC(110) Concurrent Cleanup for Next Mark
[2026-06-17T23:10:30.059+0000][6146.868s][info][gc,marking    ] GC(110) Concurrent Cleanup for Next Mark 0.164ms
[2026-06-17T23:10:30.059+0000][6146.868s][info][gc            ] GC(110) Concurrent Cycle 23.195ms
[2026-06-17T23:10:31.797+0000][6148.606s][info][gc,start      ] GC(111) Pause Young (Prepare Mixed) (G1 Evacuation Pause)
[2026-06-17T23:10:31.797+0000][6148.606s][info][gc,task       ] GC(111) Using 13 workers of 13 for evacuation
[2026-06-17T23:10:31.809+0000][6148.618s][info][gc,phases     ] GC(111)   Pre Evacuate Collection Set: 0.0ms
[2026-06-17T23:10:31.809+0000][6148.618s][info][gc,phases     ] GC(111)   Evacuate Collection Set: 10.3ms
[2026-06-17T23:10:31.809+0000][6148.618s][info][gc,phases     ] GC(111)   Post Evacuate Collection Set: 0.5ms
[2026-06-17T23:10:31.809+0000][6148.618s][info][gc,phases     ] GC(111)   Other: 1.0ms
[2026-06-17T23:10:31.809+0000][6148.618s][info][gc,heap       ] GC(111) Eden regions: 243->0(23)
[2026-06-17T23:10:31.809+0000][6148.618s][info][gc,heap       ] GC(111) Survivor regions: 5->2(31)
[2026-06-17T23:10:31.809+0000][6148.618s][info][gc,heap       ] GC(111) Old regions: 48->48
[2026-06-17T23:10:31.809+0000][6148.618s][info][gc,heap       ] GC(111) Humongous regions: 147->147
[2026-06-17T23:10:31.809+0000][6148.618s][info][gc,metaspace  ] GC(111) Metaspace: 51980K(54784K)->51980K(54784K) NonClass: 46093K(47616K)->46093K(47616K) Class: 5886K(7168K)->5886K(7168K)
[2026-06-17T23:10:31.809+0000][6148.618s][info][gc            ] GC(111) Pause Young (Prepare Mixed) (G1 Evacuation Pause) 442M->196M(512M) 12.314ms
[2026-06-17T23:10:31.809+0000][6148.619s][info][gc,cpu        ] GC(111) User=0.11s Sys=0.00s Real=0.01s
[2026-06-17T23:10:31.941+0000][6148.750s][info][gc,start      ] GC(112) Pause Young (Mixed) (G1 Evacuation Pause)
[2026-06-17T23:10:31.942+0000][6148.751s][info][gc,task       ] GC(112) Using 13 workers of 13 for evacuation
[2026-06-17T23:10:31.948+0000][6148.757s][info][gc,phases     ] GC(112)   Pre Evacuate Collection Set: 0.0ms
[2026-06-17T23:10:31.948+0000][6148.757s][info][gc,phases     ] GC(112)   Evacuate Collection Set: 3.6ms
[2026-06-17T23:10:31.948+0000][6148.757s][info][gc,phases     ] GC(112)   Post Evacuate Collection Set: 0.9ms
[2026-06-17T23:10:31.949+0000][6148.758s][info][gc,phases     ] GC(112)   Other: 2.0ms
[2026-06-17T23:10:31.949+0000][6148.758s][info][gc,heap       ] GC(112) Eden regions: 23->0(250)
[2026-06-17T23:10:31.949+0000][6148.758s][info][gc,heap       ] GC(112) Survivor regions: 2->3(4)
[2026-06-17T23:10:31.949+0000][6148.758s][info][gc,heap       ] GC(112) Old regions: 48->44
[2026-06-17T23:10:31.949+0000][6148.758s][info][gc,heap       ] GC(112) Humongous regions: 147->147
[2026-06-17T23:10:31.949+0000][6148.758s][info][gc,metaspace  ] GC(112) Metaspace: 51980K(54784K)->51980K(54784K) NonClass: 46093K(47616K)->46093K(47616K) Class: 5886K(7168K)->5886K(7168K)
[2026-06-17T23:10:31.949+0000][6148.758s][info][gc            ] GC(112) Pause Young (Mixed) (G1 Evacuation Pause) 219M->193M(512M) 8.501ms
[2026-06-17T23:10:31.949+0000][6148.759s][info][gc,cpu        ] GC(112) User=0.03s Sys=0.00s Real=0.01s
[2026-06-17T23:10:33.352+0000][6150.161s][info][gc,start      ] GC(113) Pause Young (Normal) (G1 Evacuation Pause)
[2026-06-17T23:10:33.353+0000][6150.162s][info][gc,task       ] GC(113) Using 13 workers of 13 for evacuation
[2026-06-17T23:10:33.355+0000][6150.164s][info][gc,phases     ] GC(113)   Pre Evacuate Collection Set: 0.0ms
[2026-06-17T23:10:33.355+0000][6150.164s][info][gc,phases     ] GC(113)   Evacuate Collection Set: 1.9ms
[2026-06-17T23:10:33.355+0000][6150.164s][info][gc,phases     ] GC(113)   Post Evacuate Collection Set: 0.3ms
[2026-06-17T23:10:33.355+0000][6150.164s][info][gc,phases     ] GC(113)   Other: 0.3ms
[2026-06-17T23:10:33.355+0000][6150.164s][info][gc,heap       ] GC(113) Eden regions: 250->0(252)
[2026-06-17T23:10:33.355+0000][6150.164s][info][gc,heap       ] GC(113) Survivor regions: 3->3(32)
[2026-06-17T23:10:33.355+0000][6150.164s][info][gc,heap       ] GC(113) Old regions: 44->44
[2026-06-17T23:10:33.355+0000][6150.164s][info][gc,heap       ] GC(113) Humongous regions: 147->147
[2026-06-17T23:10:33.355+0000][6150.164s][info][gc,metaspace  ] GC(113) Metaspace: 51980K(54784K)->51980K(54784K) NonClass: 46093K(47616K)->46093K(47616K) Class: 5886K(7168K)->5886K(7168K)
[2026-06-17T23:10:33.355+0000][6150.164s][info][gc            ] GC(113) Pause Young (Normal) (G1 Evacuation Pause) 443M->193M(512M) 3.029ms
[2026-06-17T23:10:33.355+0000][6150.164s][info][gc,cpu        ] GC(113) User=0.02s Sys=0.01s Real=0.01s
[2026-06-17T23:10:34.686+0000][6151.495s][info][gc,start      ] GC(114) Pause Young (Normal) (G1 Evacuation Pause)
[2026-06-17T23:10:34.686+0000][6151.495s][info][gc,task       ] GC(114) Using 13 workers of 13 for evacuation
[2026-06-17T23:10:34.688+0000][6151.497s][info][gc,phases     ] GC(114)   Pre Evacuate Collection Set: 0.0ms
[2026-06-17T23:10:34.688+0000][6151.497s][info][gc,phases     ] GC(114)   Evacuate Collection Set: 1.7ms
[2026-06-17T23:10:34.688+0000][6151.497s][info][gc,phases     ] GC(114)   Post Evacuate Collection Set: 0.3ms
[2026-06-17T23:10:34.688+0000][6151.497s][info][gc,phases     ] GC(114)   Other: 0.3ms
[2026-06-17T23:10:34.688+0000][6151.497s][info][gc,heap       ] GC(114) Eden regions: 252->0(247)
[2026-06-17T23:10:34.688+0000][6151.497s][info][gc,heap       ] GC(114) Survivor regions: 3->8(32)
[2026-06-17T23:10:34.688+0000][6151.497s][info][gc,heap       ] GC(114) Old regions: 44->44
[2026-06-17T23:10:34.688+0000][6151.497s][info][gc,heap       ] GC(114) Humongous regions: 147->147
[2026-06-17T23:10:34.688+0000][6151.497s][info][gc,metaspace  ] GC(114) Metaspace: 51980K(54784K)->51980K(54784K) NonClass: 46093K(47616K)->46093K(47616K) Class: 5886K(7168K)->5886K(7168K)
[2026-06-17T23:10:34.688+0000][6151.498s][info][gc            ] GC(114) Pause Young (Normal) (G1 Evacuation Pause) 445M->198M(512M) 2.947ms
[2026-06-17T23:10:34.689+0000][6151.498s][info][gc,cpu        ] GC(114) User=0.02s Sys=0.00s Real=0.00s
[2026-06-17T23:11:23.309+0000][6200.118s][info][gc,start      ] GC(115) Pause Young (Concurrent Start) (G1 Evacuation Pause)
[2026-06-17T23:11:23.309+0000][6200.118s][info][gc,task       ] GC(115) Using 13 workers of 13 for evacuation
[2026-06-17T23:11:23.315+0000][6200.124s][info][gc,phases     ] GC(115)   Pre Evacuate Collection Set: 0.2ms
[2026-06-17T23:11:23.315+0000][6200.124s][info][gc,phases     ] GC(115)   Evacuate Collection Set: 5.1ms
[2026-06-17T23:11:23.315+0000][6200.124s][info][gc,phases     ] GC(115)   Post Evacuate Collection Set: 0.3ms
[2026-06-17T23:11:23.315+0000][6200.124s][info][gc,phases     ] GC(115)   Other: 0.3ms
[2026-06-17T23:11:23.315+0000][6200.124s][info][gc,heap       ] GC(115) Eden regions: 247->0(249)
[2026-06-17T23:11:23.315+0000][6200.124s][info][gc,heap       ] GC(115) Survivor regions: 8->7(32)
[2026-06-17T23:11:23.315+0000][6200.124s][info][gc,heap       ] GC(115) Old regions: 44->44
[2026-06-17T23:11:23.315+0000][6200.124s][info][gc,heap       ] GC(115) Humongous regions: 147->147
[2026-06-17T23:11:23.315+0000][6200.124s][info][gc,metaspace  ] GC(115) Metaspace: 51981K(54784K)->51981K(54784K) NonClass: 46094K(47616K)->46094K(47616K) Class: 5886K(7168K)->5886K(7168K)
[2026-06-17T23:11:23.315+0000][6200.124s][info][gc            ] GC(115) Pause Young (Concurrent Start) (G1 Evacuation Pause) 445M->197M(512M) 6.510ms
[2026-06-17T23:11:23.315+0000][6200.124s][info][gc,cpu        ] GC(115) User=0.06s Sys=0.00s Real=0.01s
[2026-06-17T23:11:23.315+0000][6200.125s][info][gc            ] GC(116) Concurrent Cycle
[2026-06-17T23:11:23.316+0000][6200.125s][info][gc,marking    ] GC(116) Concurrent Clear Claimed Marks
[2026-06-17T23:11:23.316+0000][6200.125s][info][gc,marking    ] GC(116) Concurrent Clear Claimed Marks 0.206ms
[2026-06-17T23:11:23.316+0000][6200.125s][info][gc,marking    ] GC(116) Concurrent Scan Root Regions
[2026-06-17T23:11:23.317+0000][6200.126s][info][gc,marking    ] GC(116) Concurrent Scan Root Regions 1.299ms
[2026-06-17T23:11:23.317+0000][6200.126s][info][gc,marking    ] GC(116) Concurrent Mark (6200.126s)
[2026-06-17T23:11:23.317+0000][6200.126s][info][gc,marking    ] GC(116) Concurrent Mark From Roots
[2026-06-17T23:11:23.317+0000][6200.126s][info][gc,task       ] GC(116) Using 3 workers of 3 for marking
[2026-06-17T23:11:23.323+0000][6200.132s][info][gc,marking    ] GC(116) Concurrent Mark From Roots 5.465ms
[2026-06-17T23:11:23.323+0000][6200.132s][info][gc,marking    ] GC(116) Concurrent Preclean
[2026-06-17T23:11:23.323+0000][6200.132s][info][gc,marking    ] GC(116) Concurrent Preclean 0.201ms
[2026-06-17T23:11:23.323+0000][6200.132s][info][gc,marking    ] GC(116) Concurrent Mark (6200.126s, 6200.132s) 5.929ms
[2026-06-17T23:11:23.323+0000][6200.132s][info][gc,start      ] GC(116) Pause Remark
[2026-06-17T23:11:23.326+0000][6200.135s][info][gc,stringtable] GC(116) Cleaned string and symbol table, strings: 17182 processed, 0 removed, symbols: 124977 processed, 1 removed
[2026-06-17T23:11:23.326+0000][6200.135s][info][gc            ] GC(116) Pause Remark 200M->200M(512M) 2.441ms
[2026-06-17T23:11:23.328+0000][6200.137s][info][gc,cpu        ] GC(116) User=0.02s Sys=0.00s Real=0.01s
[2026-06-17T23:11:23.328+0000][6200.137s][info][gc,marking    ] GC(116) Concurrent Rebuild Remembered Sets
[2026-06-17T23:11:23.332+0000][6200.141s][info][gc,marking    ] GC(116) Concurrent Rebuild Remembered Sets 4.227ms
[2026-06-17T23:11:23.332+0000][6200.141s][info][gc,start      ] GC(116) Pause Cleanup
[2026-06-17T23:11:23.332+0000][6200.142s][info][gc            ] GC(116) Pause Cleanup 201M->201M(512M) 0.198ms
[2026-06-17T23:11:23.333+0000][6200.142s][info][gc,cpu        ] GC(116) User=0.00s Sys=0.00s Real=0.00s
[2026-06-17T23:11:23.333+0000][6200.142s][info][gc,marking    ] GC(116) Concurrent Cleanup for Next Mark
[2026-06-17T23:11:23.333+0000][6200.142s][info][gc,marking    ] GC(116) Concurrent Cleanup for Next Mark 0.152ms
[2026-06-17T23:11:23.333+0000][6200.142s][info][gc            ] GC(116) Concurrent Cycle 17.406ms
[2026-06-17T23:11:24.816+0000][6201.625s][info][gc,start      ] GC(117) Pause Young (Normal) (G1 Evacuation Pause)
[2026-06-17T23:11:24.816+0000][6201.625s][info][gc,task       ] GC(117) Using 13 workers of 13 for evacuation
[2026-06-17T23:11:24.820+0000][6201.629s][info][gc,phases     ] GC(117)   Pre Evacuate Collection Set: 0.0ms
[2026-06-17T23:11:24.820+0000][6201.629s][info][gc,phases     ] GC(117)   Evacuate Collection Set: 3.0ms
[2026-06-17T23:11:24.820+0000][6201.629s][info][gc,phases     ] GC(117)   Post Evacuate Collection Set: 0.4ms
[2026-06-17T23:11:24.820+0000][6201.629s][info][gc,phases     ] GC(117)   Other: 0.4ms
[2026-06-17T23:11:24.820+0000][6201.629s][info][gc,heap       ] GC(117) Eden regions: 249->0(252)
[2026-06-17T23:11:24.820+0000][6201.629s][info][gc,heap       ] GC(117) Survivor regions: 7->5(32)
[2026-06-17T23:11:24.820+0000][6201.629s][info][gc,heap       ] GC(117) Old regions: 44->44
[2026-06-17T23:11:24.820+0000][6201.629s][info][gc,heap       ] GC(117) Humongous regions: 147->147
[2026-06-17T23:11:24.820+0000][6201.629s][info][gc,metaspace  ] GC(117) Metaspace: 51981K(54784K)->51981K(54784K) NonClass: 46094K(47616K)->46094K(47616K) Class: 5886K(7168K)->5886K(7168K)
[2026-06-17T23:11:24.820+0000][6201.629s][info][gc            ] GC(117) Pause Young (Normal) (G1 Evacuation Pause) 446M->195M(512M) 4.317ms
[2026-06-17T23:11:24.820+0000][6201.629s][info][gc,cpu        ] GC(117) User=0.04s Sys=0.00s Real=0.00s
[2026-06-17T23:11:26.147+0000][6202.956s][info][gc,start      ] GC(118) Pause Young (Concurrent Start) (G1 Evacuation Pause)
[2026-06-17T23:11:26.147+0000][6202.956s][info][gc,task       ] GC(118) Using 13 workers of 13 for evacuation
[2026-06-17T23:11:26.150+0000][6202.959s][info][gc,phases     ] GC(118)   Pre Evacuate Collection Set: 0.3ms
[2026-06-17T23:11:26.150+0000][6202.959s][info][gc,phases     ] GC(118)   Evacuate Collection Set: 2.1ms
[2026-06-17T23:11:26.150+0000][6202.959s][info][gc,phases     ] GC(118)   Post Evacuate Collection Set: 0.4ms
[2026-06-17T23:11:26.150+0000][6202.959s][info][gc,phases     ] GC(118)   Other: 0.4ms
[2026-06-17T23:11:26.150+0000][6202.959s][info][gc,heap       ] GC(118) Eden regions: 252->0(246)
[2026-06-17T23:11:26.150+0000][6202.959s][info][gc,heap       ] GC(118) Survivor regions: 5->10(33)
[2026-06-17T23:11:26.150+0000][6202.959s][info][gc,heap       ] GC(118) Old regions: 44->44
[2026-06-17T23:11:26.150+0000][6202.959s][info][gc,heap       ] GC(118) Humongous regions: 147->147
[2026-06-17T23:11:26.150+0000][6202.959s][info][gc,metaspace  ] GC(118) Metaspace: 51981K(54784K)->51981K(54784K) NonClass: 46094K(47616K)->46094K(47616K) Class: 5886K(7168K)->5886K(7168K)
[2026-06-17T23:11:26.151+0000][6202.959s][info][gc            ] GC(118) Pause Young (Concurrent Start) (G1 Evacuation Pause) 447M->200M(512M) 3.703ms
[2026-06-17T23:11:26.151+0000][6202.959s][info][gc,cpu        ] GC(118) User=0.02s Sys=0.00s Real=0.00s
[2026-06-17T23:11:26.151+0000][6202.959s][info][gc            ] GC(119) Concurrent Cycle
[2026-06-17T23:11:26.151+0000][6202.960s][info][gc,marking    ] GC(119) Concurrent Clear Claimed Marks
[2026-06-17T23:11:26.151+0000][6202.960s][info][gc,marking    ] GC(119) Concurrent Clear Claimed Marks 0.256ms
[2026-06-17T23:11:26.151+0000][6202.960s][info][gc,marking    ] GC(119) Concurrent Scan Root Regions
[2026-06-17T23:11:26.153+0000][6202.961s][info][gc,marking    ] GC(119) Concurrent Scan Root Regions 1.562ms
[2026-06-17T23:11:26.153+0000][6202.962s][info][gc,marking    ] GC(119) Concurrent Mark (6202.962s)
[2026-06-17T23:11:26.153+0000][6202.962s][info][gc,marking    ] GC(119) Concurrent Mark From Roots
[2026-06-17T23:11:26.153+0000][6202.962s][info][gc,task       ] GC(119) Using 3 workers of 3 for marking
[2026-06-17T23:11:26.158+0000][6202.967s][info][gc,marking    ] GC(119) Concurrent Mark From Roots 5.675ms
[2026-06-17T23:11:26.159+0000][6202.967s][info][gc,marking    ] GC(119) Concurrent Preclean
[2026-06-17T23:11:26.159+0000][6202.968s][info][gc,marking    ] GC(119) Concurrent Preclean 0.178ms
[2026-06-17T23:11:26.159+0000][6202.968s][info][gc,marking    ] GC(119) Concurrent Mark (6202.962s, 6202.968s) 6.093ms
[2026-06-17T23:11:26.159+0000][6202.968s][info][gc,start      ] GC(119) Pause Remark
[2026-06-17T23:11:26.165+0000][6202.974s][info][gc,stringtable] GC(119) Cleaned string and symbol table, strings: 17182 processed, 0 removed, symbols: 124976 processed, 0 removed
[2026-06-17T23:11:26.166+0000][6202.974s][info][gc            ] GC(119) Pause Remark 204M->204M(512M) 6.636ms
[2026-06-17T23:11:26.166+0000][6202.975s][info][gc,cpu        ] GC(119) User=0.08s Sys=0.00s Real=0.01s
[2026-06-17T23:11:26.166+0000][6202.975s][info][gc,marking    ] GC(119) Concurrent Rebuild Remembered Sets
[2026-06-17T23:11:26.169+0000][6202.978s][info][gc,marking    ] GC(119) Concurrent Rebuild Remembered Sets 3.608ms
[2026-06-17T23:11:26.170+0000][6202.978s][info][gc,start      ] GC(119) Pause Cleanup
[2026-06-17T23:11:26.170+0000][6202.979s][info][gc            ] GC(119) Pause Cleanup 205M->205M(512M) 0.165ms
[2026-06-17T23:11:26.170+0000][6202.979s][info][gc,cpu        ] GC(119) User=0.00s Sys=0.00s Real=0.00s
[2026-06-17T23:11:26.170+0000][6202.979s][info][gc,marking    ] GC(119) Concurrent Cleanup for Next Mark
[2026-06-17T23:11:26.170+0000][6202.979s][info][gc,marking    ] GC(119) Concurrent Cleanup for Next Mark 0.140ms
[2026-06-17T23:11:26.170+0000][6202.979s][info][gc            ] GC(119) Concurrent Cycle 19.535ms
[2026-06-17T23:12:14.649+0000][6251.458s][info][gc,start      ] GC(120) Pause Young (Normal) (G1 Evacuation Pause)
[2026-06-17T23:12:14.649+0000][6251.458s][info][gc,task       ] GC(120) Using 13 workers of 13 for evacuation
[2026-06-17T23:12:14.652+0000][6251.461s][info][gc,phases     ] GC(120)   Pre Evacuate Collection Set: 0.0ms
[2026-06-17T23:12:14.652+0000][6251.461s][info][gc,phases     ] GC(120)   Evacuate Collection Set: 2.3ms
[2026-06-17T23:12:14.652+0000][6251.461s][info][gc,phases     ] GC(120)   Post Evacuate Collection Set: 0.3ms
[2026-06-17T23:12:14.652+0000][6251.461s][info][gc,phases     ] GC(120)   Other: 0.4ms
[2026-06-17T23:12:14.652+0000][6251.461s][info][gc,heap       ] GC(120) Eden regions: 246->0(248)
[2026-06-17T23:12:14.652+0000][6251.461s][info][gc,heap       ] GC(120) Survivor regions: 10->8(32)
[2026-06-17T23:12:14.652+0000][6251.461s][info][gc,heap       ] GC(120) Old regions: 44->44
[2026-06-17T23:12:14.652+0000][6251.461s][info][gc,heap       ] GC(120) Humongous regions: 147->147
[2026-06-17T23:12:14.652+0000][6251.462s][info][gc,metaspace  ] GC(120) Metaspace: 51983K(54784K)->51983K(54784K) NonClass: 46096K(47616K)->46096K(47616K) Class: 5886K(7168K)->5886K(7168K)
[2026-06-17T23:12:14.653+0000][6251.462s][info][gc            ] GC(120) Pause Young (Normal) (G1 Evacuation Pause) 446M->198M(512M) 3.643ms
[2026-06-17T23:12:14.653+0000][6251.462s][info][gc,cpu        ] GC(120) User=0.03s Sys=0.00s Real=0.00s
[2026-06-17T23:12:16.115+0000][6252.924s][info][gc,start      ] GC(121) Pause Young (Concurrent Start) (G1 Evacuation Pause)
[2026-06-17T23:12:16.115+0000][6252.924s][info][gc,task       ] GC(121) Using 13 workers of 13 for evacuation
[2026-06-17T23:12:16.119+0000][6252.928s][info][gc,phases     ] GC(121)   Pre Evacuate Collection Set: 0.3ms
[2026-06-17T23:12:16.119+0000][6252.928s][info][gc,phases     ] GC(121)   Evacuate Collection Set: 3.3ms
[2026-06-17T23:12:16.119+0000][6252.928s][info][gc,phases     ] GC(121)   Post Evacuate Collection Set: 0.4ms
[2026-06-17T23:12:16.120+0000][6252.929s][info][gc,phases     ] GC(121)   Other: 0.4ms
[2026-06-17T23:12:16.120+0000][6252.929s][info][gc,heap       ] GC(121) Eden regions: 248->0(241)
[2026-06-17T23:12:16.120+0000][6252.929s][info][gc,heap       ] GC(121) Survivor regions: 8->13(32)
[2026-06-17T23:12:16.120+0000][6252.929s][info][gc,heap       ] GC(121) Old regions: 44->44
[2026-06-17T23:12:16.120+0000][6252.929s][info][gc,heap       ] GC(121) Humongous regions: 147->147
[2026-06-17T23:12:16.120+0000][6252.929s][info][gc,metaspace  ] GC(121) Metaspace: 51983K(54784K)->51983K(54784K) NonClass: 46096K(47616K)->46096K(47616K) Class: 5886K(7168K)->5886K(7168K)
[2026-06-17T23:12:16.120+0000][6252.929s][info][gc            ] GC(121) Pause Young (Concurrent Start) (G1 Evacuation Pause) 446M->203M(512M) 4.759ms
[2026-06-17T23:12:16.120+0000][6252.929s][info][gc,cpu        ] GC(121) User=0.03s Sys=0.00s Real=0.00s
[2026-06-17T23:12:16.120+0000][6252.929s][info][gc            ] GC(122) Concurrent Cycle
[2026-06-17T23:12:16.120+0000][6252.929s][info][gc,marking    ] GC(122) Concurrent Clear Claimed Marks
[2026-06-17T23:12:16.120+0000][6252.929s][info][gc,marking    ] GC(122) Concurrent Clear Claimed Marks 0.100ms
[2026-06-17T23:12:16.120+0000][6252.929s][info][gc,marking    ] GC(122) Concurrent Scan Root Regions
[2026-06-17T23:12:16.122+0000][6252.931s][info][gc,marking    ] GC(122) Concurrent Scan Root Regions 1.706ms
[2026-06-17T23:12:16.122+0000][6252.931s][info][gc,marking    ] GC(122) Concurrent Mark (6252.931s)
[2026-06-17T23:12:16.122+0000][6252.931s][info][gc,marking    ] GC(122) Concurrent Mark From Roots
[2026-06-17T23:12:16.122+0000][6252.931s][info][gc,task       ] GC(122) Using 3 workers of 3 for marking
[2026-06-17T23:12:16.127+0000][6252.936s][info][gc,marking    ] GC(122) Concurrent Mark From Roots 4.849ms
[2026-06-17T23:12:16.127+0000][6252.936s][info][gc,marking    ] GC(122) Concurrent Preclean
[2026-06-17T23:12:16.127+0000][6252.936s][info][gc,marking    ] GC(122) Concurrent Preclean 0.144ms
[2026-06-17T23:12:16.127+0000][6252.936s][info][gc,marking    ] GC(122) Concurrent Mark (6252.931s, 6252.936s) 5.221ms
[2026-06-17T23:12:16.127+0000][6252.936s][info][gc,start      ] GC(122) Pause Remark
[2026-06-17T23:12:16.130+0000][6252.939s][info][gc,stringtable] GC(122) Cleaned string and symbol table, strings: 17182 processed, 0 removed, symbols: 124976 processed, 0 removed
[2026-06-17T23:12:16.130+0000][6252.939s][info][gc            ] GC(122) Pause Remark 207M->207M(512M) 2.706ms
[2026-06-17T23:12:16.130+0000][6252.939s][info][gc,cpu        ] GC(122) User=0.02s Sys=0.00s Real=0.00s
[2026-06-17T23:12:16.130+0000][6252.939s][info][gc,marking    ] GC(122) Concurrent Rebuild Remembered Sets
[2026-06-17T23:12:16.134+0000][6252.943s][info][gc,marking    ] GC(122) Concurrent Rebuild Remembered Sets 3.481ms
[2026-06-17T23:12:16.134+0000][6252.943s][info][gc,start      ] GC(122) Pause Cleanup
[2026-06-17T23:12:16.134+0000][6252.943s][info][gc            ] GC(122) Pause Cleanup 208M->208M(512M) 0.183ms
[2026-06-17T23:12:16.134+0000][6252.943s][info][gc,cpu        ] GC(122) User=0.00s Sys=0.00s Real=0.00s
[2026-06-17T23:12:16.134+0000][6252.943s][info][gc,marking    ] GC(122) Concurrent Cleanup for Next Mark
[2026-06-17T23:12:16.134+0000][6252.943s][info][gc,marking    ] GC(122) Concurrent Cleanup for Next Mark 0.137ms
[2026-06-17T23:12:16.134+0000][6252.944s][info][gc            ] GC(122) Concurrent Cycle 14.524ms
[2026-06-17T23:12:17.446+0000][6254.255s][info][gc,start      ] GC(123) Pause Young (Normal) (G1 Evacuation Pause)
[2026-06-17T23:12:17.446+0000][6254.255s][info][gc,task       ] GC(123) Using 13 workers of 13 for evacuation
[2026-06-17T23:12:17.448+0000][6254.257s][info][gc,phases     ] GC(123)   Pre Evacuate Collection Set: 0.0ms
[2026-06-17T23:12:17.448+0000][6254.258s][info][gc,phases     ] GC(123)   Evacuate Collection Set: 1.9ms
[2026-06-17T23:12:17.449+0000][6254.258s][info][gc,phases     ] GC(123)   Post Evacuate Collection Set: 0.3ms
[2026-06-17T23:12:17.449+0000][6254.258s][info][gc,phases     ] GC(123)   Other: 0.4ms
[2026-06-17T23:12:17.449+0000][6254.258s][info][gc,heap       ] GC(123) Eden regions: 241->0(242)
[2026-06-17T23:12:17.449+0000][6254.258s][info][gc,heap       ] GC(123) Survivor regions: 13->12(32)
[2026-06-17T23:12:17.449+0000][6254.258s][info][gc,heap       ] GC(123) Old regions: 44->44
[2026-06-17T23:12:17.449+0000][6254.258s][info][gc,heap       ] GC(123) Humongous regions: 147->147
[2026-06-17T23:12:17.449+0000][6254.258s][info][gc,metaspace  ] GC(123) Metaspace: 51983K(54784K)->51983K(54784K) NonClass: 46096K(47616K)->46096K(47616K) Class: 5886K(7168K)->5886K(7168K)
[2026-06-17T23:12:17.449+0000][6254.258s][info][gc            ] GC(123) Pause Young (Normal) (G1 Evacuation Pause) 444M->202M(512M) 3.349ms
[2026-06-17T23:12:17.449+0000][6254.258s][info][gc,cpu        ] GC(123) User=0.03s Sys=0.00s Real=0.00s
[2026-06-17T23:13:05.800+0000][6302.609s][info][gc,start      ] GC(124) Pause Young (Concurrent Start) (G1 Evacuation Pause)
[2026-06-17T23:13:05.800+0000][6302.609s][info][gc,task       ] GC(124) Using 13 workers of 13 for evacuation
[2026-06-17T23:13:05.809+0000][6302.619s][info][gc,phases     ] GC(124)   Pre Evacuate Collection Set: 0.3ms
[2026-06-17T23:13:05.809+0000][6302.619s][info][gc,phases     ] GC(124)   Evacuate Collection Set: 8.7ms
[2026-06-17T23:13:05.809+0000][6302.619s][info][gc,phases     ] GC(124)   Post Evacuate Collection Set: 0.3ms
[2026-06-17T23:13:05.809+0000][6302.619s][info][gc,phases     ] GC(124)   Other: 0.4ms
[2026-06-17T23:13:05.810+0000][6302.619s][info][gc,heap       ] GC(124) Eden regions: 242->0(246)
[2026-06-17T23:13:05.810+0000][6302.619s][info][gc,heap       ] GC(124) Survivor regions: 12->9(32)
[2026-06-17T23:13:05.810+0000][6302.619s][info][gc,heap       ] GC(124) Old regions: 44->44
[2026-06-17T23:13:05.810+0000][6302.619s][info][gc,heap       ] GC(124) Humongous regions: 147->147
[2026-06-17T23:13:05.810+0000][6302.619s][info][gc,metaspace  ] GC(124) Metaspace: 52005K(54784K)->52005K(54784K) NonClass: 46118K(47616K)->46118K(47616K) Class: 5886K(7168K)->5886K(7168K)
[2026-06-17T23:13:05.810+0000][6302.619s][info][gc            ] GC(124) Pause Young (Concurrent Start) (G1 Evacuation Pause) 444M->199M(512M) 10.095ms
[2026-06-17T23:13:05.810+0000][6302.619s][info][gc,cpu        ] GC(124) User=0.08s Sys=0.00s Real=0.01s
[2026-06-17T23:13:05.810+0000][6302.619s][info][gc            ] GC(125) Concurrent Cycle
[2026-06-17T23:13:05.810+0000][6302.619s][info][gc,marking    ] GC(125) Concurrent Clear Claimed Marks
[2026-06-17T23:13:05.810+0000][6302.620s][info][gc,marking    ] GC(125) Concurrent Clear Claimed Marks 0.255ms
[2026-06-17T23:13:05.810+0000][6302.620s][info][gc,marking    ] GC(125) Concurrent Scan Root Regions
[2026-06-17T23:13:05.812+0000][6302.621s][info][gc,marking    ] GC(125) Concurrent Scan Root Regions 1.474ms
[2026-06-17T23:13:05.812+0000][6302.621s][info][gc,marking    ] GC(125) Concurrent Mark (6302.621s)
[2026-06-17T23:13:05.812+0000][6302.621s][info][gc,marking    ] GC(125) Concurrent Mark From Roots
[2026-06-17T23:13:05.812+0000][6302.622s][info][gc,task       ] GC(125) Using 3 workers of 3 for marking
[2026-06-17T23:13:05.818+0000][6302.627s][info][gc,marking    ] GC(125) Concurrent Mark From Roots 5.734ms
[2026-06-17T23:13:05.818+0000][6302.627s][info][gc,marking    ] GC(125) Concurrent Preclean
[2026-06-17T23:13:05.818+0000][6302.627s][info][gc,marking    ] GC(125) Concurrent Preclean 0.152ms
[2026-06-17T23:13:05.818+0000][6302.627s][info][gc,marking    ] GC(125) Concurrent Mark (6302.621s, 6302.627s) 6.150ms
[2026-06-17T23:13:05.818+0000][6302.628s][info][gc,start      ] GC(125) Pause Remark
[2026-06-17T23:13:05.821+0000][6302.630s][info][gc,stringtable] GC(125) Cleaned string and symbol table, strings: 17182 processed, 0 removed, symbols: 124976 processed, 0 removed
[2026-06-17T23:13:05.821+0000][6302.630s][info][gc            ] GC(125) Pause Remark 204M->204M(512M) 2.754ms
[2026-06-17T23:13:05.821+0000][6302.630s][info][gc,cpu        ] GC(125) User=0.02s Sys=0.00s Real=0.00s
[2026-06-17T23:13:05.821+0000][6302.631s][info][gc,marking    ] GC(125) Concurrent Rebuild Remembered Sets
[2026-06-17T23:13:05.825+0000][6302.635s][info][gc,marking    ] GC(125) Concurrent Rebuild Remembered Sets 4.053ms
[2026-06-17T23:13:05.826+0000][6302.635s][info][gc,start      ] GC(125) Pause Cleanup
[2026-06-17T23:13:05.826+0000][6302.635s][info][gc            ] GC(125) Pause Cleanup 205M->205M(512M) 0.171ms
[2026-06-17T23:13:05.826+0000][6302.635s][info][gc,cpu        ] GC(125) User=0.00s Sys=0.00s Real=0.00s
[2026-06-17T23:13:05.826+0000][6302.635s][info][gc,marking    ] GC(125) Concurrent Cleanup for Next Mark
[2026-06-17T23:13:05.826+0000][6302.635s][info][gc,marking    ] GC(125) Concurrent Cleanup for Next Mark 0.147ms
[2026-06-17T23:13:05.826+0000][6302.635s][info][gc            ] GC(125) Concurrent Cycle 16.226ms
[2026-06-17T23:13:07.418+0000][6304.227s][info][gc,start      ] GC(126) Pause Young (Normal) (G1 Evacuation Pause)
[2026-06-17T23:13:07.418+0000][6304.227s][info][gc,task       ] GC(126) Using 13 workers of 13 for evacuation
[2026-06-17T23:13:07.421+0000][6304.230s][info][gc,phases     ] GC(126)   Pre Evacuate Collection Set: 0.0ms
[2026-06-17T23:13:07.421+0000][6304.230s][info][gc,phases     ] GC(126)   Evacuate Collection Set: 2.1ms
[2026-06-17T23:13:07.421+0000][6304.230s][info][gc,phases     ] GC(126)   Post Evacuate Collection Set: 0.3ms
[2026-06-17T23:13:07.421+0000][6304.230s][info][gc,phases     ] GC(126)   Other: 0.3ms
[2026-06-17T23:13:07.421+0000][6304.230s][info][gc,heap       ] GC(126) Eden regions: 246->0(239)
[2026-06-17T23:13:07.421+0000][6304.230s][info][gc,heap       ] GC(126) Survivor regions: 9->14(32)
[2026-06-17T23:13:07.421+0000][6304.230s][info][gc,heap       ] GC(126) Old regions: 44->44
[2026-06-17T23:13:07.421+0000][6304.230s][info][gc,heap       ] GC(126) Humongous regions: 147->147
[2026-06-17T23:13:07.421+0000][6304.230s][info][gc,metaspace  ] GC(126) Metaspace: 52005K(54784K)->52005K(54784K) NonClass: 46118K(47616K)->46118K(47616K) Class: 5886K(7168K)->5886K(7168K)
[2026-06-17T23:13:07.421+0000][6304.231s][info][gc            ] GC(126) Pause Young (Normal) (G1 Evacuation Pause) 445M->204M(512M) 3.460ms
[2026-06-17T23:13:07.421+0000][6304.231s][info][gc,cpu        ] GC(126) User=0.03s Sys=0.00s Real=0.00s
[2026-06-17T23:13:08.815+0000][6305.624s][info][gc,start      ] GC(127) Pause Young (Concurrent Start) (G1 Evacuation Pause)
[2026-06-17T23:13:08.815+0000][6305.624s][info][gc,task       ] GC(127) Using 13 workers of 13 for evacuation
[2026-06-17T23:13:08.818+0000][6305.627s][info][gc,phases     ] GC(127)   Pre Evacuate Collection Set: 0.2ms
[2026-06-17T23:13:08.818+0000][6305.627s][info][gc,phases     ] GC(127)   Evacuate Collection Set: 2.2ms
[2026-06-17T23:13:08.818+0000][6305.627s][info][gc,phases     ] GC(127)   Post Evacuate Collection Set: 0.3ms
[2026-06-17T23:13:08.818+0000][6305.627s][info][gc,phases     ] GC(127)   Other: 0.4ms
[2026-06-17T23:13:08.818+0000][6305.627s][info][gc,heap       ] GC(127) Eden regions: 239->0(242)
[2026-06-17T23:13:08.818+0000][6305.627s][info][gc,heap       ] GC(127) Survivor regions: 14->11(32)
[2026-06-17T23:13:08.818+0000][6305.627s][info][gc,heap       ] GC(127) Old regions: 44->44
[2026-06-17T23:13:08.818+0000][6305.627s][info][gc,heap       ] GC(127) Humongous regions: 147->147
[2026-06-17T23:13:08.818+0000][6305.628s][info][gc,metaspace  ] GC(127) Metaspace: 52005K(54784K)->52005K(54784K) NonClass: 46118K(47616K)->46118K(47616K) Class: 5886K(7168K)->5886K(7168K)
[2026-06-17T23:13:08.818+0000][6305.628s][info][gc            ] GC(127) Pause Young (Concurrent Start) (G1 Evacuation Pause) 443M->201M(512M) 3.695ms
[2026-06-17T23:13:08.818+0000][6305.628s][info][gc,cpu        ] GC(127) User=0.03s Sys=0.01s Real=0.00s
[2026-06-17T23:13:08.818+0000][6305.628s][info][gc            ] GC(128) Concurrent Cycle
[2026-06-17T23:13:08.819+0000][6305.628s][info][gc,marking    ] GC(128) Concurrent Clear Claimed Marks
[2026-06-17T23:13:08.819+0000][6305.628s][info][gc,marking    ] GC(128) Concurrent Clear Claimed Marks 0.221ms
[2026-06-17T23:13:08.819+0000][6305.628s][info][gc,marking    ] GC(128) Concurrent Scan Root Regions
[2026-06-17T23:13:08.821+0000][6305.630s][info][gc,marking    ] GC(128) Concurrent Scan Root Regions 1.736ms
[2026-06-17T23:13:08.821+0000][6305.630s][info][gc,marking    ] GC(128) Concurrent Mark (6305.630s)
[2026-06-17T23:13:08.821+0000][6305.630s][info][gc,marking    ] GC(128) Concurrent Mark From Roots
[2026-06-17T23:13:08.821+0000][6305.630s][info][gc,task       ] GC(128) Using 3 workers of 3 for marking
[2026-06-17T23:13:08.826+0000][6305.636s][info][gc,marking    ] GC(128) Concurrent Mark From Roots 5.583ms
[2026-06-17T23:13:08.826+0000][6305.636s][info][gc,marking    ] GC(128) Concurrent Preclean
[2026-06-17T23:13:08.827+0000][6305.636s][info][gc,marking    ] GC(128) Concurrent Preclean 0.162ms
[2026-06-17T23:13:08.827+0000][6305.636s][info][gc,marking    ] GC(128) Concurrent Mark (6305.630s, 6305.636s) 5.960ms
[2026-06-17T23:13:08.827+0000][6305.636s][info][gc,start      ] GC(128) Pause Remark
[2026-06-17T23:13:08.829+0000][6305.638s][info][gc,stringtable] GC(128) Cleaned string and symbol table, strings: 17182 processed, 0 removed, symbols: 124976 processed, 0 removed
[2026-06-17T23:13:08.829+0000][6305.639s][info][gc            ] GC(128) Pause Remark 205M->205M(512M) 2.425ms
[2026-06-17T23:13:08.829+0000][6305.639s][info][gc,cpu        ] GC(128) User=0.03s Sys=0.00s Real=0.00s
[2026-06-17T23:13:08.829+0000][6305.639s][info][gc,marking    ] GC(128) Concurrent Rebuild Remembered Sets
[2026-06-17T23:13:08.833+0000][6305.643s][info][gc,marking    ] GC(128) Concurrent Rebuild Remembered Sets 3.889ms
[2026-06-17T23:13:08.834+0000][6305.643s][info][gc,start      ] GC(128) Pause Cleanup
[2026-06-17T23:13:08.834+0000][6305.643s][info][gc            ] GC(128) Pause Cleanup 206M->206M(512M) 0.206ms
[2026-06-17T23:13:08.834+0000][6305.643s][info][gc,cpu        ] GC(128) User=0.00s Sys=0.00s Real=0.00s
[2026-06-17T23:13:08.834+0000][6305.643s][info][gc,marking    ] GC(128) Concurrent Cleanup for Next Mark
[2026-06-17T23:13:08.834+0000][6305.643s][info][gc,marking    ] GC(128) Concurrent Cleanup for Next Mark 0.142ms
[2026-06-17T23:13:08.834+0000][6305.643s][info][gc            ] GC(128) Concurrent Cycle 15.665ms
[2026-06-17T23:13:10.091+0000][6306.901s][info][gc,start      ] GC(129) Pause Young (Normal) (G1 Evacuation Pause)
[2026-06-17T23:13:10.091+0000][6306.901s][info][gc,task       ] GC(129) Using 13 workers of 13 for evacuation
[2026-06-17T23:13:10.101+0000][6306.910s][info][gc,phases     ] GC(129)   Pre Evacuate Collection Set: 0.0ms
[2026-06-17T23:13:10.101+0000][6306.910s][info][gc,phases     ] GC(129)   Evacuate Collection Set: 8.9ms
[2026-06-17T23:13:10.101+0000][6306.910s][info][gc,phases     ] GC(129)   Post Evacuate Collection Set: 0.4ms
[2026-06-17T23:13:10.101+0000][6306.910s][info][gc,phases     ] GC(129)   Other: 0.4ms
[2026-06-17T23:13:10.101+0000][6306.911s][info][gc,heap       ] GC(129) Eden regions: 242->0(237)
[2026-06-17T23:13:10.101+0000][6306.911s][info][gc,heap       ] GC(129) Survivor regions: 11->16(32)
[2026-06-17T23:13:10.101+0000][6306.911s][info][gc,heap       ] GC(129) Old regions: 44->44
[2026-06-17T23:13:10.101+0000][6306.911s][info][gc,heap       ] GC(129) Humongous regions: 147->147
[2026-06-17T23:13:10.101+0000][6306.911s][info][gc,metaspace  ] GC(129) Metaspace: 52005K(54784K)->52005K(54784K) NonClass: 46118K(47616K)->46118K(47616K) Class: 5886K(7168K)->5886K(7168K)
[2026-06-17T23:13:10.101+0000][6306.911s][info][gc            ] GC(129) Pause Young (Normal) (G1 Evacuation Pause) 443M->206M(512M) 10.252ms
[2026-06-17T23:13:10.102+0000][6306.911s][info][gc,cpu        ] GC(129) User=0.11s Sys=0.00s Real=0.01s
[2026-06-17T23:13:58.686+0000][6355.496s][info][gc,start      ] GC(130) Pause Young (Concurrent Start) (G1 Evacuation Pause)
[2026-06-17T23:13:58.686+0000][6355.496s][info][gc,task       ] GC(130) Using 13 workers of 13 for evacuation
[2026-06-17T23:13:58.691+0000][6355.501s][info][gc,phases     ] GC(130)   Pre Evacuate Collection Set: 0.3ms
[2026-06-17T23:13:58.692+0000][6355.501s][info][gc,phases     ] GC(130)   Evacuate Collection Set: 3.7ms
[2026-06-17T23:13:58.692+0000][6355.502s][info][gc,phases     ] GC(130)   Post Evacuate Collection Set: 0.7ms
[2026-06-17T23:13:58.692+0000][6355.502s][info][gc,phases     ] GC(130)   Other: 0.8ms
[2026-06-17T23:13:58.692+0000][6355.502s][info][gc,heap       ] GC(130) Eden regions: 237->0(240)
[2026-06-17T23:13:58.692+0000][6355.502s][info][gc,heap       ] GC(130) Survivor regions: 16->12(32)
[2026-06-17T23:13:58.692+0000][6355.502s][info][gc,heap       ] GC(130) Old regions: 44->45
[2026-06-17T23:13:58.692+0000][6355.502s][info][gc,heap       ] GC(130) Humongous regions: 147->147
[2026-06-17T23:13:58.692+0000][6355.502s][info][gc,metaspace  ] GC(130) Metaspace: 52005K(54784K)->52005K(54784K) NonClass: 46118K(47616K)->46118K(47616K) Class: 5886K(7168K)->5886K(7168K)
[2026-06-17T23:13:58.692+0000][6355.502s][info][gc            ] GC(130) Pause Young (Concurrent Start) (G1 Evacuation Pause) 443M->203M(512M) 6.303ms
[2026-06-17T23:13:58.692+0000][6355.502s][info][gc,cpu        ] GC(130) User=0.03s Sys=0.00s Real=0.00s
[2026-06-17T23:13:58.692+0000][6355.502s][info][gc            ] GC(131) Concurrent Cycle
[2026-06-17T23:13:58.693+0000][6355.502s][info][gc,marking    ] GC(131) Concurrent Clear Claimed Marks
[2026-06-17T23:13:58.693+0000][6355.503s][info][gc,marking    ] GC(131) Concurrent Clear Claimed Marks 0.163ms
[2026-06-17T23:13:58.693+0000][6355.503s][info][gc,marking    ] GC(131) Concurrent Scan Root Regions
[2026-06-17T23:13:58.695+0000][6355.505s][info][gc,marking    ] GC(131) Concurrent Scan Root Regions 2.244ms
[2026-06-17T23:13:58.695+0000][6355.505s][info][gc,marking    ] GC(131) Concurrent Mark (6355.505s)
[2026-06-17T23:13:58.695+0000][6355.505s][info][gc,marking    ] GC(131) Concurrent Mark From Roots
[2026-06-17T23:13:58.695+0000][6355.505s][info][gc,task       ] GC(131) Using 3 workers of 3 for marking
[2026-06-17T23:13:58.701+0000][6355.510s][info][gc,marking    ] GC(131) Concurrent Mark From Roots 5.371ms
[2026-06-17T23:13:58.701+0000][6355.511s][info][gc,marking    ] GC(131) Concurrent Preclean
[2026-06-17T23:13:58.701+0000][6355.511s][info][gc,marking    ] GC(131) Concurrent Preclean 0.185ms
[2026-06-17T23:13:58.701+0000][6355.511s][info][gc,marking    ] GC(131) Concurrent Mark (6355.505s, 6355.511s) 5.794ms
[2026-06-17T23:13:58.701+0000][6355.511s][info][gc,start      ] GC(131) Pause Remark
[2026-06-17T23:13:58.703+0000][6355.513s][info][gc,stringtable] GC(131) Cleaned string and symbol table, strings: 17182 processed, 0 removed, symbols: 124976 processed, 0 removed
[2026-06-17T23:13:58.704+0000][6355.514s][info][gc            ] GC(131) Pause Remark 207M->207M(512M) 2.627ms
[2026-06-17T23:13:58.704+0000][6355.514s][info][gc,cpu        ] GC(131) User=0.02s Sys=0.00s Real=0.01s
[2026-06-17T23:13:58.704+0000][6355.514s][info][gc,marking    ] GC(131) Concurrent Rebuild Remembered Sets
[2026-06-17T23:13:58.708+0000][6355.517s][info][gc,marking    ] GC(131) Concurrent Rebuild Remembered Sets 3.574ms
[2026-06-17T23:13:58.708+0000][6355.518s][info][gc,start      ] GC(131) Pause Cleanup
[2026-06-17T23:13:58.708+0000][6355.518s][info][gc            ] GC(131) Pause Cleanup 208M->208M(512M) 0.203ms
[2026-06-17T23:13:58.708+0000][6355.518s][info][gc,cpu        ] GC(131) User=0.00s Sys=0.01s Real=0.00s
[2026-06-17T23:13:58.708+0000][6355.518s][info][gc,marking    ] GC(131) Concurrent Cleanup for Next Mark
[2026-06-17T23:13:58.708+0000][6355.518s][info][gc,marking    ] GC(131) Concurrent Cleanup for Next Mark 0.154ms
[2026-06-17T23:13:58.708+0000][6355.518s][info][gc            ] GC(131) Concurrent Cycle 15.760ms
[2026-06-17T23:14:00.172+0000][6356.982s][info][gc,start      ] GC(132) Pause Young (Prepare Mixed) (G1 Evacuation Pause)
[2026-06-17T23:14:00.173+0000][6356.982s][info][gc,task       ] GC(132) Using 13 workers of 13 for evacuation
[2026-06-17T23:14:00.175+0000][6356.984s][info][gc,phases     ] GC(132)   Pre Evacuate Collection Set: 0.0ms
[2026-06-17T23:14:00.175+0000][6356.985s][info][gc,phases     ] GC(132)   Evacuate Collection Set: 1.6ms
[2026-06-17T23:14:00.175+0000][6356.985s][info][gc,phases     ] GC(132)   Post Evacuate Collection Set: 0.3ms
[2026-06-17T23:14:00.175+0000][6356.985s][info][gc,phases     ] GC(132)   Other: 0.3ms
[2026-06-17T23:14:00.175+0000][6356.985s][info][gc,heap       ] GC(132) Eden regions: 240->0(15)
[2026-06-17T23:14:00.175+0000][6356.985s][info][gc,heap       ] GC(132) Survivor regions: 12->10(32)
[2026-06-17T23:14:00.175+0000][6356.985s][info][gc,heap       ] GC(132) Old regions: 45->46
[2026-06-17T23:14:00.175+0000][6356.985s][info][gc,heap       ] GC(132) Humongous regions: 147->147
[2026-06-17T23:14:00.175+0000][6356.985s][info][gc,metaspace  ] GC(132) Metaspace: 52005K(54784K)->52005K(54784K) NonClass: 46118K(47616K)->46118K(47616K) Class: 5886K(7168K)->5886K(7168K)
[2026-06-17T23:14:00.175+0000][6356.985s][info][gc            ] GC(132) Pause Young (Prepare Mixed) (G1 Evacuation Pause) 443M->201M(512M) 2.735ms
[2026-06-17T23:14:00.175+0000][6356.985s][info][gc,cpu        ] GC(132) User=0.02s Sys=0.00s Real=0.01s
[2026-06-17T23:14:00.252+0000][6357.062s][info][gc,start      ] GC(133) Pause Young (Mixed) (G1 Evacuation Pause)
[2026-06-17T23:14:00.252+0000][6357.062s][info][gc,task       ] GC(133) Using 13 workers of 13 for evacuation
[2026-06-17T23:14:00.257+0000][6357.067s][info][gc,phases     ] GC(133)   Pre Evacuate Collection Set: 0.0ms
[2026-06-17T23:14:00.257+0000][6357.067s][info][gc,phases     ] GC(133)   Evacuate Collection Set: 3.9ms
[2026-06-17T23:14:00.257+0000][6357.067s][info][gc,phases     ] GC(133)   Post Evacuate Collection Set: 0.3ms
[2026-06-17T23:14:00.257+0000][6357.067s][info][gc,phases     ] GC(133)   Other: 0.4ms
[2026-06-17T23:14:00.257+0000][6357.067s][info][gc,heap       ] GC(133) Eden regions: 15->0(243)
[2026-06-17T23:14:00.257+0000][6357.067s][info][gc,heap       ] GC(133) Survivor regions: 10->4(4)
[2026-06-17T23:14:00.257+0000][6357.067s][info][gc,heap       ] GC(133) Old regions: 46->51
[2026-06-17T23:14:00.257+0000][6357.067s][info][gc,heap       ] GC(133) Humongous regions: 147->147
[2026-06-17T23:14:00.257+0000][6357.067s][info][gc,metaspace  ] GC(133) Metaspace: 52005K(54784K)->52005K(54784K) NonClass: 46118K(47616K)->46118K(47616K) Class: 5886K(7168K)->5886K(7168K)
[2026-06-17T23:14:00.257+0000][6357.067s][info][gc            ] GC(133) Pause Young (Mixed) (G1 Evacuation Pause) 216M->201M(512M) 5.047ms
[2026-06-17T23:14:00.257+0000][6357.067s][info][gc,cpu        ] GC(133) User=0.05s Sys=0.00s Real=0.01s
[2026-06-17T23:14:01.574+0000][6358.383s][info][gc,start      ] GC(134) Pause Young (Normal) (G1 Evacuation Pause)
[2026-06-17T23:14:01.574+0000][6358.384s][info][gc,task       ] GC(134) Using 13 workers of 13 for evacuation
[2026-06-17T23:14:01.576+0000][6358.386s][info][gc,phases     ] GC(134)   Pre Evacuate Collection Set: 0.0ms
[2026-06-17T23:14:01.576+0000][6358.386s][info][gc,phases     ] GC(134)   Evacuate Collection Set: 1.7ms
[2026-06-17T23:14:01.576+0000][6358.386s][info][gc,phases     ] GC(134)   Post Evacuate Collection Set: 0.3ms
[2026-06-17T23:14:01.576+0000][6358.386s][info][gc,phases     ] GC(134)   Other: 0.3ms
[2026-06-17T23:14:01.576+0000][6358.386s][info][gc,heap       ] GC(134) Eden regions: 243->0(239)
[2026-06-17T23:14:01.576+0000][6358.386s][info][gc,heap       ] GC(134) Survivor regions: 4->8(31)
[2026-06-17T23:14:01.576+0000][6358.386s][info][gc,heap       ] GC(134) Old regions: 51->51
[2026-06-17T23:14:01.576+0000][6358.386s][info][gc,heap       ] GC(134) Humongous regions: 147->147
[2026-06-17T23:14:01.576+0000][6358.386s][info][gc,metaspace  ] GC(134) Metaspace: 52005K(54784K)->52005K(54784K) NonClass: 46118K(47616K)->46118K(47616K) Class: 5886K(7168K)->5886K(7168K)
[2026-06-17T23:14:01.576+0000][6358.386s][info][gc            ] GC(134) Pause Young (Normal) (G1 Evacuation Pause) 444M->205M(512M) 2.792ms
[2026-06-17T23:14:01.576+0000][6358.386s][info][gc,cpu        ] GC(134) User=0.02s Sys=0.00s Real=0.00s
[2026-06-17T23:14:49.973+0000][6406.782s][info][gc,start      ] GC(135) Pause Young (Normal) (G1 Evacuation Pause)
[2026-06-17T23:14:49.973+0000][6406.782s][info][gc,task       ] GC(135) Using 13 workers of 13 for evacuation
[2026-06-17T23:14:49.975+0000][6406.784s][info][gc,phases     ] GC(135)   Pre Evacuate Collection Set: 0.0ms
[2026-06-17T23:14:49.975+0000][6406.784s][info][gc,phases     ] GC(135)   Evacuate Collection Set: 1.4ms
[2026-06-17T23:14:49.975+0000][6406.785s][info][gc,phases     ] GC(135)   Post Evacuate Collection Set: 0.3ms
[2026-06-17T23:14:49.975+0000][6406.785s][info][gc,phases     ] GC(135)   Other: 0.4ms
[2026-06-17T23:14:49.975+0000][6406.785s][info][gc,heap       ] GC(135) Eden regions: 239->0(241)
[2026-06-17T23:14:49.975+0000][6406.785s][info][gc,heap       ] GC(135) Survivor regions: 8->6(31)
[2026-06-17T23:14:49.976+0000][6406.785s][info][gc,heap       ] GC(135) Old regions: 51->51
[2026-06-17T23:14:49.976+0000][6406.785s][info][gc,heap       ] GC(135) Humongous regions: 147->147
[2026-06-17T23:14:49.976+0000][6406.785s][info][gc,metaspace  ] GC(135) Metaspace: 52006K(54784K)->52006K(54784K) NonClass: 46119K(47616K)->46119K(47616K) Class: 5886K(7168K)->5886K(7168K)
[2026-06-17T23:14:49.976+0000][6406.785s][info][gc            ] GC(135) Pause Young (Normal) (G1 Evacuation Pause) 444M->203M(512M) 2.916ms
[2026-06-17T23:14:49.976+0000][6406.785s][info][gc,cpu        ] GC(135) User=0.02s Sys=0.00s Real=0.01s
[2026-06-17T23:14:51.479+0000][6408.289s][info][gc,start      ] GC(136) Pause Young (Concurrent Start) (G1 Evacuation Pause)
[2026-06-17T23:14:51.479+0000][6408.289s][info][gc,task       ] GC(136) Using 13 workers of 13 for evacuation
[2026-06-17T23:14:51.483+0000][6408.292s][info][gc,phases     ] GC(136)   Pre Evacuate Collection Set: 0.3ms
[2026-06-17T23:14:51.483+0000][6408.292s][info][gc,phases     ] GC(136)   Evacuate Collection Set: 2.1ms
[2026-06-17T23:14:51.483+0000][6408.292s][info][gc,phases     ] GC(136)   Post Evacuate Collection Set: 0.5ms
[2026-06-17T23:14:51.483+0000][6408.292s][info][gc,phases     ] GC(136)   Other: 0.3ms
[2026-06-17T23:14:51.483+0000][6408.292s][info][gc,heap       ] GC(136) Eden regions: 241->0(243)
[2026-06-17T23:14:51.483+0000][6408.292s][info][gc,heap       ] GC(136) Survivor regions: 6->5(31)
[2026-06-17T23:14:51.483+0000][6408.292s][info][gc,heap       ] GC(136) Old regions: 51->51
[2026-06-17T23:14:51.483+0000][6408.292s][info][gc,heap       ] GC(136) Humongous regions: 147->147
[2026-06-17T23:14:51.483+0000][6408.292s][info][gc,metaspace  ] GC(136) Metaspace: 52006K(54784K)->52006K(54784K) NonClass: 46119K(47616K)->46119K(47616K) Class: 5886K(7168K)->5886K(7168K)
[2026-06-17T23:14:51.483+0000][6408.293s][info][gc            ] GC(136) Pause Young (Concurrent Start) (G1 Evacuation Pause) 444M->202M(512M) 4.004ms
[2026-06-17T23:14:51.483+0000][6408.293s][info][gc,cpu        ] GC(136) User=0.02s Sys=0.00s Real=0.00s
[2026-06-17T23:14:51.484+0000][6408.293s][info][gc            ] GC(137) Concurrent Cycle
[2026-06-17T23:14:51.484+0000][6408.293s][info][gc,marking    ] GC(137) Concurrent Clear Claimed Marks
[2026-06-17T23:14:51.484+0000][6408.293s][info][gc,marking    ] GC(137) Concurrent Clear Claimed Marks 0.268ms
[2026-06-17T23:14:51.484+0000][6408.293s][info][gc,marking    ] GC(137) Concurrent Scan Root Regions
[2026-06-17T23:14:51.485+0000][6408.294s][info][gc,marking    ] GC(137) Concurrent Scan Root Regions 1.080ms
[2026-06-17T23:14:51.485+0000][6408.294s][info][gc,marking    ] GC(137) Concurrent Mark (6408.294s)
[2026-06-17T23:14:51.485+0000][6408.294s][info][gc,marking    ] GC(137) Concurrent Mark From Roots
[2026-06-17T23:14:51.485+0000][6408.294s][info][gc,task       ] GC(137) Using 3 workers of 3 for marking
[2026-06-17T23:14:51.490+0000][6408.299s][info][gc,marking    ] GC(137) Concurrent Mark From Roots 5.049ms
[2026-06-17T23:14:51.490+0000][6408.299s][info][gc,marking    ] GC(137) Concurrent Preclean
[2026-06-17T23:14:51.490+0000][6408.300s][info][gc,marking    ] GC(137) Concurrent Preclean 0.158ms
[2026-06-17T23:14:51.491+0000][6408.300s][info][gc,marking    ] GC(137) Concurrent Mark (6408.294s, 6408.300s) 5.424ms
[2026-06-17T23:14:51.491+0000][6408.300s][info][gc,start      ] GC(137) Pause Remark
[2026-06-17T23:14:51.494+0000][6408.303s][info][gc,stringtable] GC(137) Cleaned string and symbol table, strings: 17185 processed, 0 removed, symbols: 124976 processed, 0 removed
[2026-06-17T23:14:51.494+0000][6408.304s][info][gc            ] GC(137) Pause Remark 206M->206M(512M) 3.435ms
[2026-06-17T23:14:51.495+0000][6408.304s][info][gc,cpu        ] GC(137) User=0.02s Sys=0.00s Real=0.01s
[2026-06-17T23:14:51.495+0000][6408.304s][info][gc,marking    ] GC(137) Concurrent Rebuild Remembered Sets
[2026-06-17T23:14:51.499+0000][6408.308s][info][gc,marking    ] GC(137) Concurrent Rebuild Remembered Sets 4.253ms
[2026-06-17T23:14:51.499+0000][6408.308s][info][gc,start      ] GC(137) Pause Cleanup
[2026-06-17T23:14:51.499+0000][6408.308s][info][gc            ] GC(137) Pause Cleanup 206M->206M(512M) 0.189ms
[2026-06-17T23:14:51.499+0000][6408.309s][info][gc,cpu        ] GC(137) User=0.00s Sys=0.00s Real=0.00s
[2026-06-17T23:14:51.499+0000][6408.309s][info][gc,marking    ] GC(137) Concurrent Cleanup for Next Mark
[2026-06-17T23:14:51.500+0000][6408.309s][info][gc,marking    ] GC(137) Concurrent Cleanup for Next Mark 0.181ms
[2026-06-17T23:14:51.500+0000][6408.309s][info][gc            ] GC(137) Concurrent Cycle 16.237ms
[2026-06-17T23:14:52.889+0000][6409.698s][info][gc,start      ] GC(138) Pause Young (Prepare Mixed) (G1 Evacuation Pause)
[2026-06-17T23:14:52.889+0000][6409.698s][info][gc,task       ] GC(138) Using 13 workers of 13 for evacuation
[2026-06-17T23:14:52.891+0000][6409.701s][info][gc,phases     ] GC(138)   Pre Evacuate Collection Set: 0.0ms
[2026-06-17T23:14:52.892+0000][6409.701s][info][gc,phases     ] GC(138)   Evacuate Collection Set: 2.0ms
[2026-06-17T23:14:52.892+0000][6409.701s][info][gc,phases     ] GC(138)   Post Evacuate Collection Set: 0.3ms
[2026-06-17T23:14:52.892+0000][6409.701s][info][gc,phases     ] GC(138)   Other: 0.3ms
[2026-06-17T23:14:52.892+0000][6409.701s][info][gc,heap       ] GC(138) Eden regions: 243->0(16)
[2026-06-17T23:14:52.892+0000][6409.701s][info][gc,heap       ] GC(138) Survivor regions: 5->9(31)
[2026-06-17T23:14:52.892+0000][6409.701s][info][gc,heap       ] GC(138) Old regions: 51->51
[2026-06-17T23:14:52.892+0000][6409.701s][info][gc,heap       ] GC(138) Humongous regions: 147->147
[2026-06-17T23:14:52.892+0000][6409.701s][info][gc,metaspace  ] GC(138) Metaspace: 52006K(54784K)->52006K(54784K) NonClass: 46119K(47616K)->46119K(47616K) Class: 5886K(7168K)->5886K(7168K)
[2026-06-17T23:14:52.892+0000][6409.701s][info][gc            ] GC(138) Pause Young (Prepare Mixed) (G1 Evacuation Pause) 445M->206M(512M) 3.189ms
[2026-06-17T23:14:52.892+0000][6409.701s][info][gc,cpu        ] GC(138) User=0.03s Sys=0.00s Real=0.00s
[2026-06-17T23:14:52.975+0000][6409.784s][info][gc,start      ] GC(139) Pause Young (Mixed) (G1 Evacuation Pause)
[2026-06-17T23:14:52.975+0000][6409.784s][info][gc,task       ] GC(139) Using 13 workers of 13 for evacuation
[2026-06-17T23:14:52.979+0000][6409.788s][info][gc,phases     ] GC(139)   Pre Evacuate Collection Set: 0.0ms
[2026-06-17T23:14:52.979+0000][6409.788s][info][gc,phases     ] GC(139)   Evacuate Collection Set: 3.7ms
[2026-06-17T23:14:52.979+0000][6409.788s][info][gc,phases     ] GC(139)   Post Evacuate Collection Set: 0.3ms
[2026-06-17T23:14:52.979+0000][6409.788s][info][gc,phases     ] GC(139)   Other: 0.2ms
[2026-06-17T23:14:52.979+0000][6409.788s][info][gc,heap       ] GC(139) Eden regions: 16->0(243)
[2026-06-17T23:14:52.979+0000][6409.788s][info][gc,heap       ] GC(139) Survivor regions: 9->2(4)
[2026-06-17T23:14:52.979+0000][6409.788s][info][gc,heap       ] GC(139) Old regions: 51->53
[2026-06-17T23:14:52.979+0000][6409.788s][info][gc,heap       ] GC(139) Humongous regions: 147->147
[2026-06-17T23:14:52.979+0000][6409.788s][info][gc,metaspace  ] GC(139) Metaspace: 52006K(54784K)->52006K(54784K) NonClass: 46119K(47616K)->46119K(47616K) Class: 5886K(7168K)->5886K(7168K)
[2026-06-17T23:14:52.979+0000][6409.789s][info][gc            ] GC(139) Pause Young (Mixed) (G1 Evacuation Pause) 222M->200M(512M) 4.569ms
[2026-06-17T23:14:52.979+0000][6409.789s][info][gc,cpu        ] GC(139) User=0.03s Sys=0.00s Real=0.00s
[2026-06-17T23:15:41.342+0000][6458.152s][info][gc,start      ] GC(140) Pause Young (Normal) (G1 Evacuation Pause)
[2026-06-17T23:15:41.342+0000][6458.152s][info][gc,task       ] GC(140) Using 13 workers of 13 for evacuation
[2026-06-17T23:15:41.348+0000][6458.158s][info][gc,phases     ] GC(140)   Pre Evacuate Collection Set: 0.0ms
[2026-06-17T23:15:41.348+0000][6458.158s][info][gc,phases     ] GC(140)   Evacuate Collection Set: 5.2ms
[2026-06-17T23:15:41.348+0000][6458.159s][info][gc,phases     ] GC(140)   Post Evacuate Collection Set: 0.3ms
[2026-06-17T23:15:41.348+0000][6458.159s][info][gc,phases     ] GC(140)   Other: 0.4ms
[2026-06-17T23:15:41.348+0000][6458.159s][info][gc,heap       ] GC(140) Eden regions: 243->0(242)
[2026-06-17T23:15:41.349+0000][6458.159s][info][gc,heap       ] GC(140) Survivor regions: 2->4(31)
[2026-06-17T23:15:41.349+0000][6458.159s][info][gc,heap       ] GC(140) Old regions: 53->53
[2026-06-17T23:15:41.349+0000][6458.159s][info][gc,heap       ] GC(140) Humongous regions: 147->147
[2026-06-17T23:15:41.349+0000][6458.159s][info][gc,metaspace  ] GC(140) Metaspace: 52009K(54784K)->52009K(54784K) NonClass: 46122K(47616K)->46122K(47616K) Class: 5886K(7168K)->5886K(7168K)
[2026-06-17T23:15:41.349+0000][6458.159s][info][gc            ] GC(140) Pause Young (Normal) (G1 Evacuation Pause) 443M->203M(512M) 6.664ms
[2026-06-17T23:15:41.349+0000][6458.159s][info][gc,cpu        ] GC(140) User=0.05s Sys=0.00s Real=0.01s
[2026-06-17T23:15:43.001+0000][6459.811s][info][gc,start      ] GC(141) Pause Young (Normal) (G1 Evacuation Pause)
[2026-06-17T23:15:43.001+0000][6459.811s][info][gc,task       ] GC(141) Using 13 workers of 13 for evacuation
[2026-06-17T23:15:43.003+0000][6459.813s][info][gc,phases     ] GC(141)   Pre Evacuate Collection Set: 0.0ms
[2026-06-17T23:15:43.003+0000][6459.813s][info][gc,phases     ] GC(141)   Evacuate Collection Set: 1.0ms
[2026-06-17T23:15:43.003+0000][6459.813s][info][gc,phases     ] GC(141)   Post Evacuate Collection Set: 0.3ms
[2026-06-17T23:15:43.003+0000][6459.813s][info][gc,phases     ] GC(141)   Other: 0.3ms
[2026-06-17T23:15:43.003+0000][6459.813s][info][gc,heap       ] GC(141) Eden regions: 242->0(244)
[2026-06-17T23:15:43.003+0000][6459.813s][info][gc,heap       ] GC(141) Survivor regions: 4->3(31)
[2026-06-17T23:15:43.003+0000][6459.813s][info][gc,heap       ] GC(141) Old regions: 53->53
[2026-06-17T23:15:43.003+0000][6459.814s][info][gc,heap       ] GC(141) Humongous regions: 147->147
[2026-06-17T23:15:43.003+0000][6459.814s][info][gc,metaspace  ] GC(141) Metaspace: 52009K(54784K)->52009K(54784K) NonClass: 46122K(47616K)->46122K(47616K) Class: 5886K(7168K)->5886K(7168K)
[2026-06-17T23:15:43.003+0000][6459.814s][info][gc            ] GC(141) Pause Young (Normal) (G1 Evacuation Pause) 445M->201M(512M) 2.397ms
[2026-06-17T23:15:43.004+0000][6459.814s][info][gc,cpu        ] GC(141) User=0.01s Sys=0.00s Real=0.01s
[2026-06-17T23:15:44.391+0000][6461.201s][info][gc,start      ] GC(142) Pause Young (Concurrent Start) (G1 Evacuation Pause)
[2026-06-17T23:15:44.391+0000][6461.202s][info][gc,task       ] GC(142) Using 13 workers of 13 for evacuation
[2026-06-17T23:15:44.398+0000][6461.209s][info][gc,phases     ] GC(142)   Pre Evacuate Collection Set: 0.3ms
[2026-06-17T23:15:44.399+0000][6461.209s][info][gc,phases     ] GC(142)   Evacuate Collection Set: 6.3ms
[2026-06-17T23:15:44.399+0000][6461.209s][info][gc,phases     ] GC(142)   Post Evacuate Collection Set: 0.3ms
[2026-06-17T23:15:44.399+0000][6461.209s][info][gc,phases     ] GC(142)   Other: 0.3ms
[2026-06-17T23:15:44.399+0000][6461.209s][info][gc,heap       ] GC(142) Eden regions: 244->0(239)
[2026-06-17T23:15:44.399+0000][6461.209s][info][gc,heap       ] GC(142) Survivor regions: 3->8(31)
[2026-06-17T23:15:44.399+0000][6461.209s][info][gc,heap       ] GC(142) Old regions: 53->53
[2026-06-17T23:15:44.399+0000][6461.209s][info][gc,heap       ] GC(142) Humongous regions: 147->147
[2026-06-17T23:15:44.399+0000][6461.209s][info][gc,metaspace  ] GC(142) Metaspace: 52009K(54784K)->52009K(54784K) NonClass: 46122K(47616K)->46122K(47616K) Class: 5886K(7168K)->5886K(7168K)
[2026-06-17T23:15:44.399+0000][6461.209s][info][gc            ] GC(142) Pause Young (Concurrent Start) (G1 Evacuation Pause) 445M->206M(512M) 7.766ms
[2026-06-17T23:15:44.399+0000][6461.209s][info][gc,cpu        ] GC(142) User=0.07s Sys=0.00s Real=0.01s
[2026-06-17T23:15:44.399+0000][6461.209s][info][gc            ] GC(143) Concurrent Cycle
[2026-06-17T23:15:44.399+0000][6461.209s][info][gc,marking    ] GC(143) Concurrent Clear Claimed Marks
[2026-06-17T23:15:44.399+0000][6461.210s][info][gc,marking    ] GC(143) Concurrent Clear Claimed Marks 0.133ms
[2026-06-17T23:15:44.399+0000][6461.210s][info][gc,marking    ] GC(143) Concurrent Scan Root Regions
[2026-06-17T23:15:44.401+0000][6461.211s][info][gc,marking    ] GC(143) Concurrent Scan Root Regions 1.287ms
[2026-06-17T23:15:44.401+0000][6461.211s][info][gc,marking    ] GC(143) Concurrent Mark (6461.211s)
[2026-06-17T23:15:44.401+0000][6461.211s][info][gc,marking    ] GC(143) Concurrent Mark From Roots
[2026-06-17T23:15:44.401+0000][6461.211s][info][gc,task       ] GC(143) Using 3 workers of 3 for marking
[2026-06-17T23:15:44.406+0000][6461.216s][info][gc,marking    ] GC(143) Concurrent Mark From Roots 5.333ms
[2026-06-17T23:15:44.406+0000][6461.217s][info][gc,marking    ] GC(143) Concurrent Preclean
[2026-06-17T23:15:44.407+0000][6461.217s][info][gc,marking    ] GC(143) Concurrent Preclean 0.225ms
[2026-06-17T23:15:44.407+0000][6461.217s][info][gc,marking    ] GC(143) Concurrent Mark (6461.211s, 6461.217s) 5.826ms
[2026-06-17T23:15:44.407+0000][6461.217s][info][gc,start      ] GC(143) Pause Remark
[2026-06-17T23:15:44.409+0000][6461.219s][info][gc,stringtable] GC(143) Cleaned string and symbol table, strings: 17185 processed, 0 removed, symbols: 124976 processed, 0 removed
[2026-06-17T23:15:44.409+0000][6461.219s][info][gc            ] GC(143) Pause Remark 210M->210M(512M) 2.471ms
[2026-06-17T23:15:44.409+0000][6461.220s][info][gc,cpu        ] GC(143) User=0.02s Sys=0.00s Real=0.00s
[2026-06-17T23:15:44.410+0000][6461.220s][info][gc,marking    ] GC(143) Concurrent Rebuild Remembered Sets
[2026-06-17T23:15:44.413+0000][6461.223s][info][gc,marking    ] GC(143) Concurrent Rebuild Remembered Sets 3.580ms
[2026-06-17T23:15:44.413+0000][6461.224s][info][gc,start      ] GC(143) Pause Cleanup
[2026-06-17T23:15:44.414+0000][6461.224s][info][gc            ] GC(143) Pause Cleanup 211M->211M(512M) 0.177ms
[2026-06-17T23:15:44.414+0000][6461.224s][info][gc,cpu        ] GC(143) User=0.00s Sys=0.00s Real=0.00s
[2026-06-17T23:15:44.414+0000][6461.224s][info][gc,marking    ] GC(143) Concurrent Cleanup for Next Mark
[2026-06-17T23:15:44.414+0000][6461.224s][info][gc,marking    ] GC(143) Concurrent Cleanup for Next Mark 0.135ms
[2026-06-17T23:15:44.414+0000][6461.224s][info][gc            ] GC(143) Concurrent Cycle 14.670ms
[2026-06-17T23:15:45.692+0000][6462.502s][info][gc,start      ] GC(144) Pause Young (Prepare Mixed) (G1 Evacuation Pause)
[2026-06-17T23:15:45.692+0000][6462.502s][info][gc,task       ] GC(144) Using 13 workers of 13 for evacuation
[2026-06-17T23:15:45.694+0000][6462.504s][info][gc,phases     ] GC(144)   Pre Evacuate Collection Set: 0.0ms
[2026-06-17T23:15:45.694+0000][6462.504s][info][gc,phases     ] GC(144)   Evacuate Collection Set: 1.5ms
[2026-06-17T23:15:45.694+0000][6462.505s][info][gc,phases     ] GC(144)   Post Evacuate Collection Set: 0.4ms
[2026-06-17T23:15:45.694+0000][6462.505s][info][gc,phases     ] GC(144)   Other: 0.3ms
[2026-06-17T23:15:45.695+0000][6462.505s][info][gc,heap       ] GC(144) Eden regions: 239->0(19)
[2026-06-17T23:15:45.695+0000][6462.505s][info][gc,heap       ] GC(144) Survivor regions: 8->6(31)
[2026-06-17T23:15:45.695+0000][6462.505s][info][gc,heap       ] GC(144) Old regions: 53->53
[2026-06-17T23:15:45.695+0000][6462.505s][info][gc,heap       ] GC(144) Humongous regions: 147->147
[2026-06-17T23:15:45.695+0000][6462.505s][info][gc,metaspace  ] GC(144) Metaspace: 52009K(54784K)->52009K(54784K) NonClass: 46122K(47616K)->46122K(47616K) Class: 5886K(7168K)->5886K(7168K)
[2026-06-17T23:15:45.695+0000][6462.505s][info][gc            ] GC(144) Pause Young (Prepare Mixed) (G1 Evacuation Pause) 445M->205M(512M) 3.005ms
[2026-06-17T23:15:45.695+0000][6462.505s][info][gc,cpu        ] GC(144) User=0.02s Sys=0.00s Real=0.01s
[2026-06-17T23:15:45.797+0000][6462.607s][info][gc,start      ] GC(145) Pause Young (Mixed) (G1 Evacuation Pause)
[2026-06-17T23:15:45.797+0000][6462.607s][info][gc,task       ] GC(145) Using 13 workers of 13 for evacuation
[2026-06-17T23:15:45.801+0000][6462.611s][info][gc,phases     ] GC(145)   Pre Evacuate Collection Set: 0.0ms
[2026-06-17T23:15:45.801+0000][6462.611s][info][gc,phases     ] GC(145)   Evacuate Collection Set: 3.2ms
[2026-06-17T23:15:45.801+0000][6462.611s][info][gc,phases     ] GC(145)   Post Evacuate Collection Set: 0.3ms
[2026-06-17T23:15:45.801+0000][6462.611s][info][gc,phases     ] GC(145)   Other: 0.3ms
[2026-06-17T23:15:45.801+0000][6462.611s][info][gc,heap       ] GC(145) Eden regions: 19->0(247)
[2026-06-17T23:15:45.801+0000][6462.611s][info][gc,heap       ] GC(145) Survivor regions: 6->2(4)
[2026-06-17T23:15:45.801+0000][6462.611s][info][gc,heap       ] GC(145) Old regions: 53->49
[2026-06-17T23:15:45.801+0000][6462.611s][info][gc,heap       ] GC(145) Humongous regions: 147->147
[2026-06-17T23:15:45.801+0000][6462.611s][info][gc,metaspace  ] GC(145) Metaspace: 52009K(54784K)->52009K(54784K) NonClass: 46122K(47616K)->46122K(47616K) Class: 5886K(7168K)->5886K(7168K)
[2026-06-17T23:15:45.801+0000][6462.611s][info][gc            ] GC(145) Pause Young (Mixed) (G1 Evacuation Pause) 224M->196M(512M) 4.384ms
[2026-06-17T23:15:45.801+0000][6462.612s][info][gc,cpu        ] GC(145) User=0.02s Sys=0.00s Real=0.00s
[2026-06-17T23:16:34.450+0000][6511.260s][info][gc,start      ] GC(146) Pause Young (Normal) (G1 Evacuation Pause)
[2026-06-17T23:16:34.450+0000][6511.260s][info][gc,task       ] GC(146) Using 13 workers of 13 for evacuation
[2026-06-17T23:16:34.452+0000][6511.262s][info][gc,phases     ] GC(146)   Pre Evacuate Collection Set: 0.0ms
[2026-06-17T23:16:34.452+0000][6511.262s][info][gc,phases     ] GC(146)   Evacuate Collection Set: 1.3ms
[2026-06-17T23:16:34.452+0000][6511.262s][info][gc,phases     ] GC(146)   Post Evacuate Collection Set: 0.3ms
[2026-06-17T23:16:34.452+0000][6511.262s][info][gc,phases     ] GC(146)   Other: 0.3ms
[2026-06-17T23:16:34.452+0000][6511.262s][info][gc,heap       ] GC(146) Eden regions: 247->0(247)
[2026-06-17T23:16:34.453+0000][6511.263s][info][gc,heap       ] GC(146) Survivor regions: 2->3(32)
[2026-06-17T23:16:34.453+0000][6511.263s][info][gc,heap       ] GC(146) Old regions: 49->49
[2026-06-17T23:16:34.453+0000][6511.263s][info][gc,heap       ] GC(146) Humongous regions: 147->147
[2026-06-17T23:16:34.453+0000][6511.263s][info][gc,metaspace  ] GC(146) Metaspace: 52013K(54784K)->52013K(54784K) NonClass: 46126K(47616K)->46126K(47616K) Class: 5886K(7168K)->5886K(7168K)
[2026-06-17T23:16:34.453+0000][6511.263s][info][gc            ] GC(146) Pause Young (Normal) (G1 Evacuation Pause) 443M->197M(512M) 2.746ms
[2026-06-17T23:16:34.453+0000][6511.263s][info][gc,cpu        ] GC(146) User=0.01s Sys=0.00s Real=0.01s
[2026-06-17T23:16:35.968+0000][6512.778s][info][gc,start      ] GC(147) Pause Young (Normal) (G1 Evacuation Pause)
[2026-06-17T23:16:35.968+0000][6512.778s][info][gc,task       ] GC(147) Using 13 workers of 13 for evacuation
[2026-06-17T23:16:35.972+0000][6512.782s][info][gc,phases     ] GC(147)   Pre Evacuate Collection Set: 0.0ms
[2026-06-17T23:16:35.972+0000][6512.783s][info][gc,phases     ] GC(147)   Evacuate Collection Set: 3.8ms
[2026-06-17T23:16:35.973+0000][6512.783s][info][gc,phases     ] GC(147)   Post Evacuate Collection Set: 0.4ms
[2026-06-17T23:16:35.973+0000][6512.783s][info][gc,phases     ] GC(147)   Other: 0.3ms
[2026-06-17T23:16:35.973+0000][6512.783s][info][gc,heap       ] GC(147) Eden regions: 247->0(243)
[2026-06-17T23:16:35.973+0000][6512.783s][info][gc,heap       ] GC(147) Survivor regions: 3->7(32)
[2026-06-17T23:16:35.973+0000][6512.783s][info][gc,heap       ] GC(147) Old regions: 49->49
[2026-06-17T23:16:35.973+0000][6512.783s][info][gc,heap       ] GC(147) Humongous regions: 147->147
[2026-06-17T23:16:35.973+0000][6512.783s][info][gc,metaspace  ] GC(147) Metaspace: 52013K(54784K)->52013K(54784K) NonClass: 46126K(47616K)->46126K(47616K) Class: 5886K(7168K)->5886K(7168K)
[2026-06-17T23:16:35.973+0000][6512.783s][info][gc            ] GC(147) Pause Young (Normal) (G1 Evacuation Pause) 444M->202M(512M) 5.097ms
[2026-06-17T23:16:35.973+0000][6512.783s][info][gc,cpu        ] GC(147) User=0.04s Sys=0.00s Real=0.01s
[2026-06-17T23:16:37.260+0000][6514.070s][info][gc,start      ] GC(148) Pause Young (Concurrent Start) (G1 Evacuation Pause)
[2026-06-17T23:16:37.260+0000][6514.071s][info][gc,task       ] GC(148) Using 13 workers of 13 for evacuation
[2026-06-17T23:16:37.263+0000][6514.073s][info][gc,phases     ] GC(148)   Pre Evacuate Collection Set: 0.3ms
[2026-06-17T23:16:37.263+0000][6514.073s][info][gc,phases     ] GC(148)   Evacuate Collection Set: 1.5ms
[2026-06-17T23:16:37.263+0000][6514.073s][info][gc,phases     ] GC(148)   Post Evacuate Collection Set: 0.3ms
[2026-06-17T23:16:37.263+0000][6514.073s][info][gc,phases     ] GC(148)   Other: 0.4ms
[2026-06-17T23:16:37.263+0000][6514.073s][info][gc,heap       ] GC(148) Eden regions: 243->0(244)
[2026-06-17T23:16:37.263+0000][6514.073s][info][gc,heap       ] GC(148) Survivor regions: 7->6(32)
[2026-06-17T23:16:37.263+0000][6514.073s][info][gc,heap       ] GC(148) Old regions: 49->49
[2026-06-17T23:16:37.263+0000][6514.073s][info][gc,heap       ] GC(148) Humongous regions: 147->147
[2026-06-17T23:16:37.263+0000][6514.073s][info][gc,metaspace  ] GC(148) Metaspace: 52013K(54784K)->52013K(54784K) NonClass: 46126K(47616K)->46126K(47616K) Class: 5886K(7168K)->5886K(7168K)
[2026-06-17T23:16:37.263+0000][6514.073s][info][gc            ] GC(148) Pause Young (Concurrent Start) (G1 Evacuation Pause) 445M->201M(512M) 2.966ms
[2026-06-17T23:16:37.263+0000][6514.073s][info][gc,cpu        ] GC(148) User=0.02s Sys=0.00s Real=0.01s
[2026-06-17T23:16:37.263+0000][6514.073s][info][gc            ] GC(149) Concurrent Cycle
[2026-06-17T23:16:37.263+0000][6514.074s][info][gc,marking    ] GC(149) Concurrent Clear Claimed Marks
[2026-06-17T23:16:37.264+0000][6514.074s][info][gc,marking    ] GC(149) Concurrent Clear Claimed Marks 0.174ms
[2026-06-17T23:16:37.264+0000][6514.074s][info][gc,marking    ] GC(149) Concurrent Scan Root Regions
[2026-06-17T23:16:37.265+0000][6514.075s][info][gc,marking    ] GC(149) Concurrent Scan Root Regions 1.097ms
[2026-06-17T23:16:37.265+0000][6514.075s][info][gc,marking    ] GC(149) Concurrent Mark (6514.075s)
[2026-06-17T23:16:37.265+0000][6514.075s][info][gc,marking    ] GC(149) Concurrent Mark From Roots
[2026-06-17T23:16:37.265+0000][6514.075s][info][gc,task       ] GC(149) Using 3 workers of 3 for marking
[2026-06-17T23:16:37.270+0000][6514.080s][info][gc,marking    ] GC(149) Concurrent Mark From Roots 4.994ms
[2026-06-17T23:16:37.270+0000][6514.080s][info][gc,marking    ] GC(149) Concurrent Preclean
[2026-06-17T23:16:37.270+0000][6514.080s][info][gc,marking    ] GC(149) Concurrent Preclean 0.143ms
[2026-06-17T23:16:37.270+0000][6514.080s][info][gc,marking    ] GC(149) Concurrent Mark (6514.075s, 6514.080s) 5.340ms
[2026-06-17T23:16:37.270+0000][6514.081s][info][gc,start      ] GC(149) Pause Remark
[2026-06-17T23:16:37.273+0000][6514.083s][info][gc,stringtable] GC(149) Cleaned string and symbol table, strings: 17185 processed, 0 removed, symbols: 124976 processed, 0 removed
[2026-06-17T23:16:37.273+0000][6514.083s][info][gc            ] GC(149) Pause Remark 204M->204M(512M) 2.407ms
[2026-06-17T23:16:37.273+0000][6514.083s][info][gc,cpu        ] GC(149) User=0.02s Sys=0.00s Real=0.01s
[2026-06-17T23:16:37.273+0000][6514.083s][info][gc,marking    ] GC(149) Concurrent Rebuild Remembered Sets
[2026-06-17T23:16:37.277+0000][6514.087s][info][gc,marking    ] GC(149) Concurrent Rebuild Remembered Sets 3.666ms
[2026-06-17T23:16:37.277+0000][6514.087s][info][gc,start      ] GC(149) Pause Cleanup
[2026-06-17T23:16:37.277+0000][6514.087s][info][gc            ] GC(149) Pause Cleanup 205M->205M(512M) 0.153ms
[2026-06-17T23:16:37.277+0000][6514.087s][info][gc,cpu        ] GC(149) User=0.00s Sys=0.00s Real=0.00s
[2026-06-17T23:16:37.277+0000][6514.087s][info][gc,marking    ] GC(149) Concurrent Cleanup for Next Mark
[2026-06-17T23:16:37.277+0000][6514.088s][info][gc,marking    ] GC(149) Concurrent Cleanup for Next Mark 0.146ms
[2026-06-17T23:16:37.278+0000][6514.088s][info][gc            ] GC(149) Concurrent Cycle 14.115ms
[2026-06-17T23:17:25.642+0000][6562.452s][info][gc,start      ] GC(150) Pause Young (Prepare Mixed) (G1 Evacuation Pause)
[2026-06-17T23:17:25.643+0000][6562.452s][info][gc,task       ] GC(150) Using 13 workers of 13 for evacuation
[2026-06-17T23:17:25.646+0000][6562.455s][info][gc,phases     ] GC(150)   Pre Evacuate Collection Set: 0.0ms
[2026-06-17T23:17:25.646+0000][6562.455s][info][gc,phases     ] GC(150)   Evacuate Collection Set: 2.8ms
[2026-06-17T23:17:25.646+0000][6562.456s][info][gc,phases     ] GC(150)   Post Evacuate Collection Set: 0.3ms
[2026-06-17T23:17:25.646+0000][6562.456s][info][gc,phases     ] GC(150)   Other: 0.3ms
[2026-06-17T23:17:25.646+0000][6562.456s][info][gc,heap       ] GC(150) Eden regions: 244->0(15)
[2026-06-17T23:17:25.646+0000][6562.456s][info][gc,heap       ] GC(150) Survivor regions: 6->10(32)
[2026-06-17T23:17:25.646+0000][6562.456s][info][gc,heap       ] GC(150) Old regions: 49->49
[2026-06-17T23:17:25.646+0000][6562.456s][info][gc,heap       ] GC(150) Humongous regions: 147->147
[2026-06-17T23:17:25.646+0000][6562.456s][info][gc,metaspace  ] GC(150) Metaspace: 52017K(54784K)->52017K(54784K) NonClass: 46130K(47616K)->46130K(47616K) Class: 5886K(7168K)->5886K(7168K)
[2026-06-17T23:17:25.647+0000][6562.456s][info][gc            ] GC(150) Pause Young (Prepare Mixed) (G1 Evacuation Pause) 445M->204M(512M) 4.073ms
[2026-06-17T23:17:25.647+0000][6562.456s][info][gc,cpu        ] GC(150) User=0.04s Sys=0.00s Real=0.01s
[2026-06-17T23:17:25.750+0000][6562.559s][info][gc,start      ] GC(151) Pause Young (Mixed) (G1 Evacuation Pause)
[2026-06-17T23:17:25.750+0000][6562.560s][info][gc,task       ] GC(151) Using 13 workers of 13 for evacuation
[2026-06-17T23:17:25.759+0000][6562.568s][info][gc,phases     ] GC(151)   Pre Evacuate Collection Set: 0.0ms
[2026-06-17T23:17:25.759+0000][6562.569s][info][gc,phases     ] GC(151)   Evacuate Collection Set: 8.4ms
[2026-06-17T23:17:25.759+0000][6562.569s][info][gc,phases     ] GC(151)   Post Evacuate Collection Set: 0.3ms
[2026-06-17T23:17:25.759+0000][6562.569s][info][gc,phases     ] GC(151)   Other: 0.3ms
[2026-06-17T23:17:25.759+0000][6562.569s][info][gc,heap       ] GC(151) Eden regions: 15->0(248)
[2026-06-17T23:17:25.759+0000][6562.569s][info][gc,heap       ] GC(151) Survivor regions: 10->2(4)
[2026-06-17T23:17:25.760+0000][6562.569s][info][gc,heap       ] GC(151) Old regions: 49->46
[2026-06-17T23:17:25.760+0000][6562.569s][info][gc,heap       ] GC(151) Humongous regions: 147->147
[2026-06-17T23:17:25.760+0000][6562.569s][info][gc,metaspace  ] GC(151) Metaspace: 52017K(54784K)->52017K(54784K) NonClass: 46130K(47616K)->46130K(47616K) Class: 5886K(7168K)->5886K(7168K)
[2026-06-17T23:17:25.760+0000][6562.569s][info][gc            ] GC(151) Pause Young (Mixed) (G1 Evacuation Pause) 219M->194M(512M) 9.711ms
[2026-06-17T23:17:25.760+0000][6562.569s][info][gc,cpu        ] GC(151) User=0.08s Sys=0.01s Real=0.01s
[2026-06-17T23:17:27.335+0000][6564.144s][info][gc,start      ] GC(152) Pause Young (Normal) (G1 Evacuation Pause)
[2026-06-17T23:17:27.335+0000][6564.144s][info][gc,task       ] GC(152) Using 13 workers of 13 for evacuation
[2026-06-17T23:17:27.339+0000][6564.148s][info][gc,phases     ] GC(152)   Pre Evacuate Collection Set: 0.0ms
[2026-06-17T23:17:27.339+0000][6564.148s][info][gc,phases     ] GC(152)   Evacuate Collection Set: 3.6ms
[2026-06-17T23:17:27.339+0000][6564.149s][info][gc,phases     ] GC(152)   Post Evacuate Collection Set: 0.3ms
[2026-06-17T23:17:27.339+0000][6564.149s][info][gc,phases     ] GC(152)   Other: 0.3ms
[2026-06-17T23:17:27.339+0000][6564.149s][info][gc,heap       ] GC(152) Eden regions: 248->0(245)
[2026-06-17T23:17:27.339+0000][6564.149s][info][gc,heap       ] GC(152) Survivor regions: 2->6(32)
[2026-06-17T23:17:27.339+0000][6564.149s][info][gc,heap       ] GC(152) Old regions: 46->46
[2026-06-17T23:17:27.339+0000][6564.149s][info][gc,heap       ] GC(152) Humongous regions: 147->147
[2026-06-17T23:17:27.339+0000][6564.149s][info][gc,metaspace  ] GC(152) Metaspace: 52017K(54784K)->52017K(54784K) NonClass: 46130K(47616K)->46130K(47616K) Class: 5886K(7168K)->5886K(7168K)
[2026-06-17T23:17:27.339+0000][6564.149s][info][gc            ] GC(152) Pause Young (Normal) (G1 Evacuation Pause) 442M->198M(512M) 4.823ms
[2026-06-17T23:17:27.340+0000][6564.149s][info][gc,cpu        ] GC(152) User=0.03s Sys=0.00s Real=0.00s
[2026-06-17T23:17:28.717+0000][6565.527s][info][gc,start      ] GC(153) Pause Young (Normal) (G1 Evacuation Pause)
[2026-06-17T23:17:28.717+0000][6565.527s][info][gc,task       ] GC(153) Using 13 workers of 13 for evacuation
[2026-06-17T23:17:28.720+0000][6565.529s][info][gc,phases     ] GC(153)   Pre Evacuate Collection Set: 0.0ms
[2026-06-17T23:17:28.720+0000][6565.529s][info][gc,phases     ] GC(153)   Evacuate Collection Set: 1.7ms
[2026-06-17T23:17:28.720+0000][6565.529s][info][gc,phases     ] GC(153)   Post Evacuate Collection Set: 0.3ms
[2026-06-17T23:17:28.720+0000][6565.529s][info][gc,phases     ] GC(153)   Other: 0.3ms
[2026-06-17T23:17:28.720+0000][6565.529s][info][gc,heap       ] GC(153) Eden regions: 245->0(246)
[2026-06-17T23:17:28.720+0000][6565.529s][info][gc,heap       ] GC(153) Survivor regions: 6->5(32)
[2026-06-17T23:17:28.720+0000][6565.530s][info][gc,heap       ] GC(153) Old regions: 46->46
[2026-06-17T23:17:28.720+0000][6565.530s][info][gc,heap       ] GC(153) Humongous regions: 147->147
[2026-06-17T23:17:28.720+0000][6565.530s][info][gc,metaspace  ] GC(153) Metaspace: 52017K(54784K)->52017K(54784K) NonClass: 46130K(47616K)->46130K(47616K) Class: 5886K(7168K)->5886K(7168K)
[2026-06-17T23:17:28.720+0000][6565.530s][info][gc            ] GC(153) Pause Young (Normal) (G1 Evacuation Pause) 443M->197M(512M) 2.780ms
[2026-06-17T23:17:28.720+0000][6565.530s][info][gc,cpu        ] GC(153) User=0.02s Sys=0.00s Real=0.00s
[2026-06-17T23:17:30.034+0000][6566.843s][info][gc,start      ] GC(154) Pause Young (Concurrent Start) (G1 Evacuation Pause)
[2026-06-17T23:17:30.034+0000][6566.844s][info][gc,task       ] GC(154) Using 13 workers of 13 for evacuation
[2026-06-17T23:17:30.036+0000][6566.846s][info][gc,phases     ] GC(154)   Pre Evacuate Collection Set: 0.2ms
[2026-06-17T23:17:30.036+0000][6566.846s][info][gc,phases     ] GC(154)   Evacuate Collection Set: 1.3ms
[2026-06-17T23:17:30.036+0000][6566.846s][info][gc,phases     ] GC(154)   Post Evacuate Collection Set: 0.4ms
[2026-06-17T23:17:30.036+0000][6566.846s][info][gc,phases     ] GC(154)   Other: 0.3ms
[2026-06-17T23:17:30.036+0000][6566.846s][info][gc,heap       ] GC(154) Eden regions: 246->0(250)
[2026-06-17T23:17:30.036+0000][6566.846s][info][gc,heap       ] GC(154) Survivor regions: 5->3(32)
[2026-06-17T23:17:30.036+0000][6566.846s][info][gc,heap       ] GC(154) Old regions: 46->46
[2026-06-17T23:17:30.036+0000][6566.846s][info][gc,heap       ] GC(154) Humongous regions: 147->147
[2026-06-17T23:17:30.037+0000][6566.846s][info][gc,metaspace  ] GC(154) Metaspace: 52105K(55040K)->52105K(55040K) NonClass: 46197K(47872K)->46197K(47872K) Class: 5907K(7168K)->5907K(7168K)
[2026-06-17T23:17:30.037+0000][6566.846s][info][gc            ] GC(154) Pause Young (Concurrent Start) (G1 Evacuation Pause) 443M->195M(512M) 2.732ms
[2026-06-17T23:17:30.037+0000][6566.846s][info][gc,cpu        ] GC(154) User=0.01s Sys=0.00s Real=0.00s
[2026-06-17T23:17:30.037+0000][6566.846s][info][gc            ] GC(155) Concurrent Cycle
[2026-06-17T23:17:30.037+0000][6566.846s][info][gc,marking    ] GC(155) Concurrent Clear Claimed Marks
[2026-06-17T23:17:30.037+0000][6566.847s][info][gc,marking    ] GC(155) Concurrent Clear Claimed Marks 0.199ms
[2026-06-17T23:17:30.037+0000][6566.847s][info][gc,marking    ] GC(155) Concurrent Scan Root Regions
[2026-06-17T23:17:30.038+0000][6566.847s][info][gc,marking    ] GC(155) Concurrent Scan Root Regions 0.744ms
[2026-06-17T23:17:30.038+0000][6566.847s][info][gc,marking    ] GC(155) Concurrent Mark (6566.847s)
[2026-06-17T23:17:30.038+0000][6566.848s][info][gc,marking    ] GC(155) Concurrent Mark From Roots
[2026-06-17T23:17:30.038+0000][6566.848s][info][gc,task       ] GC(155) Using 3 workers of 3 for marking
[2026-06-17T23:17:30.043+0000][6566.853s][info][gc,marking    ] GC(155) Concurrent Mark From Roots 5.056ms
[2026-06-17T23:17:30.043+0000][6566.853s][info][gc,marking    ] GC(155) Concurrent Preclean
[2026-06-17T23:17:30.043+0000][6566.853s][info][gc,marking    ] GC(155) Concurrent Preclean 0.150ms
[2026-06-17T23:17:30.043+0000][6566.853s][info][gc,marking    ] GC(155) Concurrent Mark (6566.847s, 6566.853s) 5.456ms
[2026-06-17T23:17:30.044+0000][6566.853s][info][gc,start      ] GC(155) Pause Remark
[2026-06-17T23:17:30.046+0000][6566.855s][info][gc,stringtable] GC(155) Cleaned string and symbol table, strings: 17242 processed, 0 removed, symbols: 125009 processed, 0 removed
[2026-06-17T23:17:30.046+0000][6566.856s][info][gc            ] GC(155) Pause Remark 199M->199M(512M) 2.432ms
[2026-06-17T23:17:30.046+0000][6566.856s][info][gc,cpu        ] GC(155) User=0.03s Sys=0.00s Real=0.00s
[2026-06-17T23:17:30.046+0000][6566.856s][info][gc,marking    ] GC(155) Concurrent Rebuild Remembered Sets
[2026-06-17T23:17:30.050+0000][6566.860s][info][gc,marking    ] GC(155) Concurrent Rebuild Remembered Sets 4.381ms
[2026-06-17T23:17:30.051+0000][6566.860s][info][gc,start      ] GC(155) Pause Cleanup
[2026-06-17T23:17:30.051+0000][6566.861s][info][gc            ] GC(155) Pause Cleanup 200M->200M(512M) 0.163ms
[2026-06-17T23:17:30.051+0000][6566.861s][info][gc,cpu        ] GC(155) User=0.00s Sys=0.00s Real=0.00s
[2026-06-17T23:17:30.051+0000][6566.861s][info][gc,marking    ] GC(155) Concurrent Cleanup for Next Mark
[2026-06-17T23:17:30.051+0000][6566.861s][info][gc,marking    ] GC(155) Concurrent Cleanup for Next Mark 0.139ms
[2026-06-17T23:17:30.051+0000][6566.861s][info][gc            ] GC(155) Concurrent Cycle 14.514ms
[2026-06-17T23:18:18.588+0000][6615.398s][info][gc,start      ] GC(156) Pause Young (Prepare Mixed) (G1 Evacuation Pause)
[2026-06-17T23:18:18.588+0000][6615.399s][info][gc,task       ] GC(156) Using 13 workers of 13 for evacuation
[2026-06-17T23:18:18.591+0000][6615.401s][info][gc,phases     ] GC(156)   Pre Evacuate Collection Set: 0.0ms
[2026-06-17T23:18:18.591+0000][6615.401s][info][gc,phases     ] GC(156)   Evacuate Collection Set: 1.8ms
[2026-06-17T23:18:18.591+0000][6615.401s][info][gc,phases     ] GC(156)   Post Evacuate Collection Set: 0.3ms
[2026-06-17T23:18:18.591+0000][6615.401s][info][gc,phases     ] GC(156)   Other: 0.4ms
[2026-06-17T23:18:18.591+0000][6615.401s][info][gc,heap       ] GC(156) Eden regions: 250->0(18)
[2026-06-17T23:18:18.591+0000][6615.401s][info][gc,heap       ] GC(156) Survivor regions: 3->7(32)
[2026-06-17T23:18:18.591+0000][6615.401s][info][gc,heap       ] GC(156) Old regions: 46->46
[2026-06-17T23:18:18.591+0000][6615.401s][info][gc,heap       ] GC(156) Humongous regions: 147->147
[2026-06-17T23:18:18.591+0000][6615.402s][info][gc,metaspace  ] GC(156) Metaspace: 52118K(55040K)->52118K(55040K) NonClass: 46210K(47872K)->46210K(47872K) Class: 5907K(7168K)->5907K(7168K)
[2026-06-17T23:18:18.591+0000][6615.402s][info][gc            ] GC(156) Pause Young (Prepare Mixed) (G1 Evacuation Pause) 445M->199M(512M) 3.115ms
[2026-06-17T23:18:18.591+0000][6615.402s][info][gc,cpu        ] GC(156) User=0.02s Sys=0.01s Real=0.00s
[2026-06-17T23:18:18.704+0000][6615.514s][info][gc,start      ] GC(157) Pause Young (Mixed) (G1 Evacuation Pause)
[2026-06-17T23:18:18.704+0000][6615.514s][info][gc,task       ] GC(157) Using 13 workers of 13 for evacuation
[2026-06-17T23:18:18.708+0000][6615.518s][info][gc,phases     ] GC(157)   Pre Evacuate Collection Set: 0.0ms
[2026-06-17T23:18:18.708+0000][6615.518s][info][gc,phases     ] GC(157)   Evacuate Collection Set: 3.5ms
[2026-06-17T23:18:18.708+0000][6615.518s][info][gc,phases     ] GC(157)   Post Evacuate Collection Set: 0.3ms
[2026-06-17T23:18:18.708+0000][6615.518s][info][gc,phases     ] GC(157)   Other: 0.3ms
[2026-06-17T23:18:18.708+0000][6615.519s][info][gc,heap       ] GC(157) Eden regions: 18->0(246)
[2026-06-17T23:18:18.708+0000][6615.519s][info][gc,heap       ] GC(157) Survivor regions: 7->2(4)
[2026-06-17T23:18:18.708+0000][6615.519s][info][gc,heap       ] GC(157) Old regions: 46->51
[2026-06-17T23:18:18.708+0000][6615.519s][info][gc,heap       ] GC(157) Humongous regions: 147->147
[2026-06-17T23:18:18.708+0000][6615.519s][info][gc,metaspace  ] GC(157) Metaspace: 52118K(55040K)->52118K(55040K) NonClass: 46210K(47872K)->46210K(47872K) Class: 5907K(7168K)->5907K(7168K)
[2026-06-17T23:18:18.708+0000][6615.519s][info][gc            ] GC(157) Pause Young (Mixed) (G1 Evacuation Pause) 217M->199M(512M) 4.610ms
[2026-06-17T23:18:18.708+0000][6615.519s][info][gc,cpu        ] GC(157) User=0.03s Sys=0.00s Real=0.00s
[2026-06-17T23:18:20.173+0000][6616.983s][info][gc,start      ] GC(158) Pause Young (Normal) (G1 Evacuation Pause)
[2026-06-17T23:18:20.173+0000][6616.983s][info][gc,task       ] GC(158) Using 13 workers of 13 for evacuation
[2026-06-17T23:18:20.175+0000][6616.985s][info][gc,phases     ] GC(158)   Pre Evacuate Collection Set: 0.0ms
[2026-06-17T23:18:20.175+0000][6616.985s][info][gc,phases     ] GC(158)   Evacuate Collection Set: 1.2ms
[2026-06-17T23:18:20.175+0000][6616.985s][info][gc,phases     ] GC(158)   Post Evacuate Collection Set: 0.3ms
[2026-06-17T23:18:20.175+0000][6616.985s][info][gc,phases     ] GC(158)   Other: 0.3ms
[2026-06-17T23:18:20.175+0000][6616.985s][info][gc,heap       ] GC(158) Eden regions: 246->0(246)
[2026-06-17T23:18:20.175+0000][6616.985s][info][gc,heap       ] GC(158) Survivor regions: 2->3(31)
[2026-06-17T23:18:20.175+0000][6616.985s][info][gc,heap       ] GC(158) Old regions: 51->51
[2026-06-17T23:18:20.175+0000][6616.985s][info][gc,heap       ] GC(158) Humongous regions: 147->147
[2026-06-17T23:18:20.175+0000][6616.986s][info][gc,metaspace  ] GC(158) Metaspace: 52126K(55040K)->52126K(55040K) NonClass: 46219K(47872K)->46219K(47872K) Class: 5907K(7168K)->5907K(7168K)
[2026-06-17T23:18:20.175+0000][6616.986s][info][gc            ] GC(158) Pause Young (Normal) (G1 Evacuation Pause) 445M->200M(512M) 2.325ms
[2026-06-17T23:18:20.175+0000][6616.986s][info][gc,cpu        ] GC(158) User=0.02s Sys=0.00s Real=0.00s
[2026-06-17T23:18:21.470+0000][6618.280s][info][gc,start      ] GC(159) Pause Young (Normal) (G1 Evacuation Pause)
[2026-06-17T23:18:21.470+0000][6618.281s][info][gc,task       ] GC(159) Using 13 workers of 13 for evacuation
[2026-06-17T23:18:21.474+0000][6618.284s][info][gc,phases     ] GC(159)   Pre Evacuate Collection Set: 0.0ms
[2026-06-17T23:18:21.474+0000][6618.284s][info][gc,phases     ] GC(159)   Evacuate Collection Set: 3.2ms
[2026-06-17T23:18:21.474+0000][6618.284s][info][gc,phases     ] GC(159)   Post Evacuate Collection Set: 0.3ms
[2026-06-17T23:18:21.474+0000][6618.284s][info][gc,phases     ] GC(159)   Other: 0.3ms
[2026-06-17T23:18:21.474+0000][6618.284s][info][gc,heap       ] GC(159) Eden regions: 246->0(239)
[2026-06-17T23:18:21.474+0000][6618.284s][info][gc,heap       ] GC(159) Survivor regions: 3->8(32)
[2026-06-17T23:18:21.474+0000][6618.284s][info][gc,heap       ] GC(159) Old regions: 51->51
[2026-06-17T23:18:21.474+0000][6618.284s][info][gc,heap       ] GC(159) Humongous regions: 147->147
[2026-06-17T23:18:21.474+0000][6618.285s][info][gc,metaspace  ] GC(159) Metaspace: 52126K(55040K)->52126K(55040K) NonClass: 46219K(47872K)->46219K(47872K) Class: 5907K(7168K)->5907K(7168K)
[2026-06-17T23:18:21.474+0000][6618.285s][info][gc            ] GC(159) Pause Young (Normal) (G1 Evacuation Pause) 446M->205M(512M) 4.173ms
[2026-06-17T23:18:21.474+0000][6618.285s][info][gc,cpu        ] GC(159) User=0.04s Sys=0.00s Real=0.01s
[2026-06-17T23:19:09.954+0000][6666.765s][info][gc,start      ] GC(160) Pause Young (Concurrent Start) (G1 Evacuation Pause)
[2026-06-17T23:19:09.954+0000][6666.765s][info][gc,task       ] GC(160) Using 13 workers of 13 for evacuation
[2026-06-17T23:19:09.956+0000][6666.767s][info][gc,phases     ] GC(160)   Pre Evacuate Collection Set: 0.2ms
[2026-06-17T23:19:09.957+0000][6666.767s][info][gc,phases     ] GC(160)   Evacuate Collection Set: 1.6ms
[2026-06-17T23:19:09.957+0000][6666.767s][info][gc,phases     ] GC(160)   Post Evacuate Collection Set: 0.3ms
[2026-06-17T23:19:09.957+0000][6666.767s][info][gc,phases     ] GC(160)   Other: 0.3ms
[2026-06-17T23:19:09.957+0000][6666.767s][info][gc,heap       ] GC(160) Eden regions: 239->0(243)
[2026-06-17T23:19:09.957+0000][6666.767s][info][gc,heap       ] GC(160) Survivor regions: 8->5(31)
[2026-06-17T23:19:09.957+0000][6666.767s][info][gc,heap       ] GC(160) Old regions: 51->51
[2026-06-17T23:19:09.957+0000][6666.767s][info][gc,heap       ] GC(160) Humongous regions: 147->147
[2026-06-17T23:19:09.957+0000][6666.768s][info][gc,metaspace  ] GC(160) Metaspace: 52141K(55040K)->52141K(55040K) NonClass: 46233K(47872K)->46233K(47872K) Class: 5907K(7168K)->5907K(7168K)
[2026-06-17T23:19:09.957+0000][6666.768s][info][gc            ] GC(160) Pause Young (Concurrent Start) (G1 Evacuation Pause) 444M->202M(512M) 2.964ms
[2026-06-17T23:19:09.957+0000][6666.768s][info][gc,cpu        ] GC(160) User=0.01s Sys=0.00s Real=0.00s
[2026-06-17T23:19:09.957+0000][6666.768s][info][gc            ] GC(161) Concurrent Cycle
[2026-06-17T23:19:09.957+0000][6666.768s][info][gc,marking    ] GC(161) Concurrent Clear Claimed Marks
[2026-06-17T23:19:09.957+0000][6666.768s][info][gc,marking    ] GC(161) Concurrent Clear Claimed Marks 0.174ms
[2026-06-17T23:19:09.957+0000][6666.768s][info][gc,marking    ] GC(161) Concurrent Scan Root Regions
[2026-06-17T23:19:09.958+0000][6666.769s][info][gc,marking    ] GC(161) Concurrent Scan Root Regions 0.772ms
[2026-06-17T23:19:09.958+0000][6666.769s][info][gc,marking    ] GC(161) Concurrent Mark (6666.769s)
[2026-06-17T23:19:09.958+0000][6666.769s][info][gc,marking    ] GC(161) Concurrent Mark From Roots
[2026-06-17T23:19:09.958+0000][6666.769s][info][gc,task       ] GC(161) Using 3 workers of 3 for marking
[2026-06-17T23:19:09.963+0000][6666.774s][info][gc,marking    ] GC(161) Concurrent Mark From Roots 4.941ms
[2026-06-17T23:19:09.963+0000][6666.774s][info][gc,marking    ] GC(161) Concurrent Preclean
[2026-06-17T23:19:09.964+0000][6666.774s][info][gc,marking    ] GC(161) Concurrent Preclean 0.150ms
[2026-06-17T23:19:09.964+0000][6666.774s][info][gc,marking    ] GC(161) Concurrent Mark (6666.769s, 6666.774s) 5.417ms
[2026-06-17T23:19:09.964+0000][6666.775s][info][gc,start      ] GC(161) Pause Remark
[2026-06-17T23:19:09.966+0000][6666.777s][info][gc,stringtable] GC(161) Cleaned string and symbol table, strings: 17250 processed, 2 removed, symbols: 125009 processed, 0 removed
[2026-06-17T23:19:09.967+0000][6666.777s][info][gc            ] GC(161) Pause Remark 205M->205M(512M) 2.587ms
[2026-06-17T23:19:09.967+0000][6666.777s][info][gc,cpu        ] GC(161) User=0.03s Sys=0.00s Real=0.00s
[2026-06-17T23:19:09.967+0000][6666.777s][info][gc,marking    ] GC(161) Concurrent Rebuild Remembered Sets
[2026-06-17T23:19:09.971+0000][6666.782s][info][gc,marking    ] GC(161) Concurrent Rebuild Remembered Sets 4.534ms
[2026-06-17T23:19:09.972+0000][6666.783s][info][gc,start      ] GC(161) Pause Cleanup
[2026-06-17T23:19:09.972+0000][6666.783s][info][gc            ] GC(161) Pause Cleanup 206M->206M(512M) 0.173ms
[2026-06-17T23:19:09.972+0000][6666.783s][info][gc,cpu        ] GC(161) User=0.00s Sys=0.00s Real=0.01s
[2026-06-17T23:19:09.972+0000][6666.783s][info][gc,marking    ] GC(161) Concurrent Cleanup for Next Mark
[2026-06-17T23:19:09.972+0000][6666.783s][info][gc,marking    ] GC(161) Concurrent Cleanup for Next Mark 0.141ms
[2026-06-17T23:19:09.972+0000][6666.783s][info][gc            ] GC(161) Concurrent Cycle 15.403ms
[2026-06-17T23:19:11.480+0000][6668.291s][info][gc,start      ] GC(162) Pause Young (Prepare Mixed) (G1 Evacuation Pause)
[2026-06-17T23:19:11.480+0000][6668.291s][info][gc,task       ] GC(162) Using 13 workers of 13 for evacuation
[2026-06-17T23:19:11.483+0000][6668.294s][info][gc,phases     ] GC(162)   Pre Evacuate Collection Set: 0.0ms
[2026-06-17T23:19:11.483+0000][6668.294s][info][gc,phases     ] GC(162)   Evacuate Collection Set: 2.0ms
[2026-06-17T23:19:11.483+0000][6668.294s][info][gc,phases     ] GC(162)   Post Evacuate Collection Set: 0.3ms
[2026-06-17T23:19:11.483+0000][6668.294s][info][gc,phases     ] GC(162)   Other: 0.4ms
[2026-06-17T23:19:11.483+0000][6668.294s][info][gc,heap       ] GC(162) Eden regions: 243->0(15)
[2026-06-17T23:19:11.483+0000][6668.294s][info][gc,heap       ] GC(162) Survivor regions: 5->10(31)
[2026-06-17T23:19:11.483+0000][6668.294s][info][gc,heap       ] GC(162) Old regions: 51->51
[2026-06-17T23:19:11.483+0000][6668.294s][info][gc,heap       ] GC(162) Humongous regions: 147->147
[2026-06-17T23:19:11.483+0000][6668.294s][info][gc,metaspace  ] GC(162) Metaspace: 52141K(55040K)->52141K(55040K) NonClass: 46233K(47872K)->46233K(47872K) Class: 5907K(7168K)->5907K(7168K)
[2026-06-17T23:19:11.484+0000][6668.294s][info][gc            ] GC(162) Pause Young (Prepare Mixed) (G1 Evacuation Pause) 445M->207M(512M) 3.197ms
[2026-06-17T23:19:11.484+0000][6668.294s][info][gc,cpu        ] GC(162) User=0.03s Sys=0.00s Real=0.01s
[2026-06-17T23:19:11.562+0000][6668.373s][info][gc,start      ] GC(163) Pause Young (Mixed) (G1 Evacuation Pause)
[2026-06-17T23:19:11.562+0000][6668.373s][info][gc,task       ] GC(163) Using 13 workers of 13 for evacuation
[2026-06-17T23:19:11.564+0000][6668.375s][info][gc,phases     ] GC(163)   Pre Evacuate Collection Set: 0.0ms
[2026-06-17T23:19:11.564+0000][6668.375s][info][gc,phases     ] GC(163)   Evacuate Collection Set: 1.6ms
[2026-06-17T23:19:11.564+0000][6668.375s][info][gc,phases     ] GC(163)   Post Evacuate Collection Set: 0.3ms
[2026-06-17T23:19:11.564+0000][6668.375s][info][gc,phases     ] GC(163)   Other: 0.4ms
[2026-06-17T23:19:11.564+0000][6668.375s][info][gc,heap       ] GC(163) Eden regions: 15->0(247)
[2026-06-17T23:19:11.564+0000][6668.375s][info][gc,heap       ] GC(163) Survivor regions: 10->2(4)
[2026-06-17T23:19:11.565+0000][6668.375s][info][gc,heap       ] GC(163) Old regions: 51->46
[2026-06-17T23:19:11.565+0000][6668.375s][info][gc,heap       ] GC(163) Humongous regions: 147->147
[2026-06-17T23:19:11.565+0000][6668.375s][info][gc,metaspace  ] GC(163) Metaspace: 52141K(55040K)->52141K(55040K) NonClass: 46233K(47872K)->46233K(47872K) Class: 5907K(7168K)->5907K(7168K)
[2026-06-17T23:19:11.565+0000][6668.375s][info][gc            ] GC(163) Pause Young (Mixed) (G1 Evacuation Pause) 222M->194M(512M) 2.725ms
[2026-06-17T23:19:11.565+0000][6668.375s][info][gc,cpu        ] GC(163) User=0.02s Sys=0.00s Real=0.01s
[2026-06-17T23:19:12.868+0000][6669.678s][info][gc,start      ] GC(164) Pause Young (Normal) (G1 Evacuation Pause)
[2026-06-17T23:19:12.868+0000][6669.678s][info][gc,task       ] GC(164) Using 13 workers of 13 for evacuation
[2026-06-17T23:19:12.870+0000][6669.680s][info][gc,phases     ] GC(164)   Pre Evacuate Collection Set: 0.0ms
[2026-06-17T23:19:12.870+0000][6669.680s][info][gc,phases     ] GC(164)   Evacuate Collection Set: 1.3ms
[2026-06-17T23:19:12.870+0000][6669.680s][info][gc,phases     ] GC(164)   Post Evacuate Collection Set: 0.3ms
[2026-06-17T23:19:12.870+0000][6669.680s][info][gc,phases     ] GC(164)   Other: 0.3ms
[2026-06-17T23:19:12.870+0000][6669.680s][info][gc,heap       ] GC(164) Eden regions: 247->0(244)
[2026-06-17T23:19:12.870+0000][6669.680s][info][gc,heap       ] GC(164) Survivor regions: 2->6(32)
[2026-06-17T23:19:12.870+0000][6669.681s][info][gc,heap       ] GC(164) Old regions: 46->46
[2026-06-17T23:19:12.870+0000][6669.681s][info][gc,heap       ] GC(164) Humongous regions: 147->147
[2026-06-17T23:19:12.870+0000][6669.681s][info][gc,metaspace  ] GC(164) Metaspace: 52141K(55040K)->52141K(55040K) NonClass: 46233K(47872K)->46233K(47872K) Class: 5907K(7168K)->5907K(7168K)
[2026-06-17T23:19:12.870+0000][6669.681s][info][gc            ] GC(164) Pause Young (Normal) (G1 Evacuation Pause) 441M->198M(512M) 2.403ms
[2026-06-17T23:19:12.870+0000][6669.681s][info][gc,cpu        ] GC(164) User=0.02s Sys=0.00s Real=0.00s
[2026-06-17T23:20:01.235+0000][6718.045s][info][gc,start      ] GC(165) Pause Young (Normal) (G1 Evacuation Pause)
[2026-06-17T23:20:01.236+0000][6718.045s][info][gc,task       ] GC(165) Using 13 workers of 13 for evacuation
[2026-06-17T23:20:01.241+0000][6718.051s][info][gc,phases     ] GC(165)   Pre Evacuate Collection Set: 0.0ms
[2026-06-17T23:20:01.241+0000][6718.051s][info][gc,phases     ] GC(165)   Evacuate Collection Set: 5.1ms
[2026-06-17T23:20:01.241+0000][6718.051s][info][gc,phases     ] GC(165)   Post Evacuate Collection Set: 0.3ms
[2026-06-17T23:20:01.241+0000][6718.051s][info][gc,phases     ] GC(165)   Other: 0.3ms
[2026-06-17T23:20:01.241+0000][6718.051s][info][gc,heap       ] GC(165) Eden regions: 244->0(247)
[2026-06-17T23:20:01.241+0000][6718.051s][info][gc,heap       ] GC(165) Survivor regions: 6->4(32)
[2026-06-17T23:20:01.241+0000][6718.051s][info][gc,heap       ] GC(165) Old regions: 46->46
[2026-06-17T23:20:01.242+0000][6718.051s][info][gc,heap       ] GC(165) Humongous regions: 147->147
[2026-06-17T23:20:01.242+0000][6718.051s][info][gc,metaspace  ] GC(165) Metaspace: 52143K(55040K)->52143K(55040K) NonClass: 46235K(47872K)->46235K(47872K) Class: 5907K(7168K)->5907K(7168K)
[2026-06-17T23:20:01.242+0000][6718.051s][info][gc            ] GC(165) Pause Young (Normal) (G1 Evacuation Pause) 442M->196M(512M) 6.241ms
[2026-06-17T23:20:01.242+0000][6718.052s][info][gc,cpu        ] GC(165) User=0.06s Sys=0.00s Real=0.00s
[2026-06-17T23:20:03.000+0000][6719.810s][info][gc,start      ] GC(166) Pause Young (Concurrent Start) (G1 Evacuation Pause)
[2026-06-17T23:20:03.000+0000][6719.810s][info][gc,task       ] GC(166) Using 13 workers of 13 for evacuation
[2026-06-17T23:20:03.005+0000][6719.815s][info][gc,phases     ] GC(166)   Pre Evacuate Collection Set: 0.3ms
[2026-06-17T23:20:03.005+0000][6719.815s][info][gc,phases     ] GC(166)   Evacuate Collection Set: 4.2ms
[2026-06-17T23:20:03.005+0000][6719.815s][info][gc,phases     ] GC(166)   Post Evacuate Collection Set: 0.3ms
[2026-06-17T23:20:03.005+0000][6719.815s][info][gc,phases     ] GC(166)   Other: 0.4ms
[2026-06-17T23:20:03.005+0000][6719.815s][info][gc,heap       ] GC(166) Eden regions: 247->0(243)
[2026-06-17T23:20:03.005+0000][6719.815s][info][gc,heap       ] GC(166) Survivor regions: 4->8(32)
[2026-06-17T23:20:03.005+0000][6719.815s][info][gc,heap       ] GC(166) Old regions: 46->46
[2026-06-17T23:20:03.005+0000][6719.815s][info][gc,heap       ] GC(166) Humongous regions: 147->147
[2026-06-17T23:20:03.005+0000][6719.815s][info][gc,metaspace  ] GC(166) Metaspace: 52143K(55040K)->52143K(55040K) NonClass: 46235K(47872K)->46235K(47872K) Class: 5907K(7168K)->5907K(7168K)
[2026-06-17T23:20:03.006+0000][6719.815s][info][gc            ] GC(166) Pause Young (Concurrent Start) (G1 Evacuation Pause) 443M->200M(512M) 5.792ms
[2026-06-17T23:20:03.006+0000][6719.815s][info][gc,cpu        ] GC(166) User=0.05s Sys=0.01s Real=0.01s
[2026-06-17T23:20:03.006+0000][6719.816s][info][gc            ] GC(167) Concurrent Cycle
[2026-06-17T23:20:03.006+0000][6719.816s][info][gc,marking    ] GC(167) Concurrent Clear Claimed Marks
[2026-06-17T23:20:03.006+0000][6719.816s][info][gc,marking    ] GC(167) Concurrent Clear Claimed Marks 0.173ms
[2026-06-17T23:20:03.006+0000][6719.816s][info][gc,marking    ] GC(167) Concurrent Scan Root Regions
[2026-06-17T23:20:03.007+0000][6719.817s][info][gc,marking    ] GC(167) Concurrent Scan Root Regions 1.241ms
[2026-06-17T23:20:03.007+0000][6719.817s][info][gc,marking    ] GC(167) Concurrent Mark (6719.817s)
[2026-06-17T23:20:03.007+0000][6719.817s][info][gc,marking    ] GC(167) Concurrent Mark From Roots
[2026-06-17T23:20:03.007+0000][6719.817s][info][gc,task       ] GC(167) Using 3 workers of 3 for marking
[2026-06-17T23:20:03.013+0000][6719.822s][info][gc,marking    ] GC(167) Concurrent Mark From Roots 5.105ms
[2026-06-17T23:20:03.013+0000][6719.823s][info][gc,marking    ] GC(167) Concurrent Preclean
[2026-06-17T23:20:03.013+0000][6719.823s][info][gc,marking    ] GC(167) Concurrent Preclean 0.204ms
[2026-06-17T23:20:03.013+0000][6719.823s][info][gc,marking    ] GC(167) Concurrent Mark (6719.817s, 6719.823s) 5.523ms
[2026-06-17T23:20:03.013+0000][6719.823s][info][gc,start      ] GC(167) Pause Remark
[2026-06-17T23:20:03.015+0000][6719.825s][info][gc,stringtable] GC(167) Cleaned string and symbol table, strings: 17249 processed, 0 removed, symbols: 125009 processed, 0 removed
[2026-06-17T23:20:03.016+0000][6719.825s][info][gc            ] GC(167) Pause Remark 204M->204M(512M) 2.440ms
[2026-06-17T23:20:03.016+0000][6719.825s][info][gc,cpu        ] GC(167) User=0.02s Sys=0.00s Real=0.00s
[2026-06-17T23:20:03.016+0000][6719.826s][info][gc,marking    ] GC(167) Concurrent Rebuild Remembered Sets
[2026-06-17T23:20:03.019+0000][6719.829s][info][gc,marking    ] GC(167) Concurrent Rebuild Remembered Sets 3.506ms
[2026-06-17T23:20:03.019+0000][6719.829s][info][gc,start      ] GC(167) Pause Cleanup
[2026-06-17T23:20:03.020+0000][6719.829s][info][gc            ] GC(167) Pause Cleanup 204M->204M(512M) 0.174ms
[2026-06-17T23:20:03.020+0000][6719.830s][info][gc,cpu        ] GC(167) User=0.00s Sys=0.00s Real=0.00s
[2026-06-17T23:20:03.020+0000][6719.830s][info][gc,marking    ] GC(167) Concurrent Cleanup for Next Mark
[2026-06-17T23:20:03.020+0000][6719.830s][info][gc,marking    ] GC(167) Concurrent Cleanup for Next Mark 0.158ms
[2026-06-17T23:20:03.020+0000][6719.830s][info][gc            ] GC(167) Concurrent Cycle 14.314ms
[2026-06-17T23:20:04.338+0000][6721.148s][info][gc,start      ] GC(168) Pause Young (Prepare Mixed) (G1 Evacuation Pause)
[2026-06-17T23:20:04.339+0000][6721.148s][info][gc,task       ] GC(168) Using 13 workers of 13 for evacuation
[2026-06-17T23:20:04.341+0000][6721.151s][info][gc,phases     ] GC(168)   Pre Evacuate Collection Set: 0.0ms
[2026-06-17T23:20:04.341+0000][6721.151s][info][gc,phases     ] GC(168)   Evacuate Collection Set: 1.7ms
[2026-06-17T23:20:04.341+0000][6721.151s][info][gc,phases     ] GC(168)   Post Evacuate Collection Set: 0.3ms
[2026-06-17T23:20:04.341+0000][6721.151s][info][gc,phases     ] GC(168)   Other: 0.3ms
[2026-06-17T23:20:04.341+0000][6721.151s][info][gc,heap       ] GC(168) Eden regions: 243->0(18)
[2026-06-17T23:20:04.341+0000][6721.151s][info][gc,heap       ] GC(168) Survivor regions: 8->7(32)
[2026-06-17T23:20:04.341+0000][6721.151s][info][gc,heap       ] GC(168) Old regions: 46->46
[2026-06-17T23:20:04.341+0000][6721.151s][info][gc,heap       ] GC(168) Humongous regions: 147->147
[2026-06-17T23:20:04.341+0000][6721.151s][info][gc,metaspace  ] GC(168) Metaspace: 52143K(55040K)->52143K(55040K) NonClass: 46235K(47872K)->46235K(47872K) Class: 5907K(7168K)->5907K(7168K)
[2026-06-17T23:20:04.341+0000][6721.151s][info][gc            ] GC(168) Pause Young (Prepare Mixed) (G1 Evacuation Pause) 443M->199M(512M) 2.783ms
[2026-06-17T23:20:04.341+0000][6721.151s][info][gc,cpu        ] GC(168) User=0.02s Sys=0.00s Real=0.00s
[2026-06-17T23:20:04.433+0000][6721.243s][info][gc,start      ] GC(169) Pause Young (Mixed) (G1 Evacuation Pause)
[2026-06-17T23:20:04.433+0000][6721.243s][info][gc,task       ] GC(169) Using 13 workers of 13 for evacuation
[2026-06-17T23:20:04.441+0000][6721.251s][info][gc,phases     ] GC(169)   Pre Evacuate Collection Set: 0.0ms
[2026-06-17T23:20:04.441+0000][6721.251s][info][gc,phases     ] GC(169)   Evacuate Collection Set: 7.5ms
[2026-06-17T23:20:04.441+0000][6721.251s][info][gc,phases     ] GC(169)   Post Evacuate Collection Set: 0.3ms
[2026-06-17T23:20:04.441+0000][6721.251s][info][gc,phases     ] GC(169)   Other: 0.4ms
[2026-06-17T23:20:04.442+0000][6721.251s][info][gc,heap       ] GC(169) Eden regions: 18->0(245)
[2026-06-17T23:20:04.442+0000][6721.251s][info][gc,heap       ] GC(169) Survivor regions: 7->2(4)
[2026-06-17T23:20:04.442+0000][6721.252s][info][gc,heap       ] GC(169) Old regions: 46->50
[2026-06-17T23:20:04.442+0000][6721.252s][info][gc,heap       ] GC(169) Humongous regions: 147->147
[2026-06-17T23:20:04.442+0000][6721.252s][info][gc,metaspace  ] GC(169) Metaspace: 52143K(55040K)->52143K(55040K) NonClass: 46235K(47872K)->46235K(47872K) Class: 5907K(7168K)->5907K(7168K)
[2026-06-17T23:20:04.442+0000][6721.252s][info][gc            ] GC(169) Pause Young (Mixed) (G1 Evacuation Pause) 217M->198M(512M) 8.744ms
[2026-06-17T23:20:04.442+0000][6721.252s][info][gc,cpu        ] GC(169) User=0.09s Sys=0.00s Real=0.00s
[2026-06-17T23:20:05.715+0000][6722.524s][info][gc,start      ] GC(170) Pause Young (Normal) (G1 Evacuation Pause)
[2026-06-17T23:20:05.715+0000][6722.525s][info][gc,task       ] GC(170) Using 13 workers of 13 for evacuation
[2026-06-17T23:20:05.716+0000][6722.526s][info][gc,phases     ] GC(170)   Pre Evacuate Collection Set: 0.0ms
[2026-06-17T23:20:05.716+0000][6722.526s][info][gc,phases     ] GC(170)   Evacuate Collection Set: 1.1ms
[2026-06-17T23:20:05.717+0000][6722.526s][info][gc,phases     ] GC(170)   Post Evacuate Collection Set: 0.4ms
[2026-06-17T23:20:05.717+0000][6722.526s][info][gc,phases     ] GC(170)   Other: 0.3ms
[2026-06-17T23:20:05.717+0000][6722.526s][info][gc,heap       ] GC(170) Eden regions: 245->0(246)
[2026-06-17T23:20:05.717+0000][6722.527s][info][gc,heap       ] GC(170) Survivor regions: 2->3(31)
[2026-06-17T23:20:05.717+0000][6722.527s][info][gc,heap       ] GC(170) Old regions: 50->50
[2026-06-17T23:20:05.717+0000][6722.527s][info][gc,heap       ] GC(170) Humongous regions: 147->147
[2026-06-17T23:20:05.717+0000][6722.527s][info][gc,metaspace  ] GC(170) Metaspace: 52143K(55040K)->52143K(55040K) NonClass: 46235K(47872K)->46235K(47872K) Class: 5907K(7168K)->5907K(7168K)
[2026-06-17T23:20:05.717+0000][6722.527s][info][gc            ] GC(170) Pause Young (Normal) (G1 Evacuation Pause) 443M->199M(512M) 2.348ms
[2026-06-17T23:20:05.717+0000][6722.527s][info][gc,cpu        ] GC(170) User=0.01s Sys=0.00s Real=0.00s
[2026-06-17T23:20:54.324+0000][6771.135s][info][gc,start      ] GC(171) Pause Young (Normal) (G1 Evacuation Pause)
[2026-06-17T23:20:54.325+0000][6771.135s][info][gc,task       ] GC(171) Using 13 workers of 13 for evacuation
[2026-06-17T23:20:54.327+0000][6771.137s][info][gc,phases     ] GC(171)   Pre Evacuate Collection Set: 0.0ms
[2026-06-17T23:20:54.327+0000][6771.137s][info][gc,phases     ] GC(171)   Evacuate Collection Set: 1.8ms
[2026-06-17T23:20:54.327+0000][6771.137s][info][gc,phases     ] GC(171)   Post Evacuate Collection Set: 0.3ms
[2026-06-17T23:20:54.327+0000][6771.137s][info][gc,phases     ] GC(171)   Other: 0.3ms
[2026-06-17T23:20:54.327+0000][6771.138s][info][gc,heap       ] GC(171) Eden regions: 246->0(241)
[2026-06-17T23:20:54.327+0000][6771.138s][info][gc,heap       ] GC(171) Survivor regions: 3->8(32)
[2026-06-17T23:20:54.327+0000][6771.138s][info][gc,heap       ] GC(171) Old regions: 50->50
[2026-06-17T23:20:54.327+0000][6771.138s][info][gc,heap       ] GC(171) Humongous regions: 147->147
[2026-06-17T23:20:54.327+0000][6771.138s][info][gc,metaspace  ] GC(171) Metaspace: 52147K(55040K)->52147K(55040K) NonClass: 46240K(47872K)->46240K(47872K) Class: 5907K(7168K)->5907K(7168K)
[2026-06-17T23:20:54.327+0000][6771.138s][info][gc            ] GC(171) Pause Young (Normal) (G1 Evacuation Pause) 445M->203M(512M) 2.988ms
[2026-06-17T23:20:54.328+0000][6771.138s][info][gc,cpu        ] GC(171) User=0.03s Sys=0.00s Real=0.00s
[2026-06-17T23:20:55.669+0000][6772.479s][info][gc,start      ] GC(172) Pause Young (Concurrent Start) (G1 Evacuation Pause)
[2026-06-17T23:20:55.669+0000][6772.479s][info][gc,task       ] GC(172) Using 13 workers of 13 for evacuation
[2026-06-17T23:20:55.684+0000][6772.494s][info][gc,phases     ] GC(172)   Pre Evacuate Collection Set: 0.3ms
[2026-06-17T23:20:55.684+0000][6772.494s][info][gc,phases     ] GC(172)   Evacuate Collection Set: 14.4ms
[2026-06-17T23:20:55.684+0000][6772.495s][info][gc,phases     ] GC(172)   Post Evacuate Collection Set: 0.4ms
[2026-06-17T23:20:55.684+0000][6772.495s][info][gc,phases     ] GC(172)   Other: 0.3ms
[2026-06-17T23:20:55.684+0000][6772.495s][info][gc,heap       ] GC(172) Eden regions: 241->0(243)
[2026-06-17T23:20:55.684+0000][6772.495s][info][gc,heap       ] GC(172) Survivor regions: 8->6(32)
[2026-06-17T23:20:55.684+0000][6772.495s][info][gc,heap       ] GC(172) Old regions: 50->50
[2026-06-17T23:20:55.685+0000][6772.495s][info][gc,heap       ] GC(172) Humongous regions: 147->147
[2026-06-17T23:20:55.685+0000][6772.495s][info][gc,metaspace  ] GC(172) Metaspace: 52147K(55040K)->52147K(55040K) NonClass: 46240K(47872K)->46240K(47872K) Class: 5907K(7168K)->5907K(7168K)
[2026-06-17T23:20:55.685+0000][6772.495s][info][gc            ] GC(172) Pause Young (Concurrent Start) (G1 Evacuation Pause) 444M->202M(512M) 15.957ms
[2026-06-17T23:20:55.685+0000][6772.495s][info][gc,cpu        ] GC(172) User=0.11s Sys=0.00s Real=0.02s
[2026-06-17T23:20:55.685+0000][6772.495s][info][gc            ] GC(173) Concurrent Cycle
[2026-06-17T23:20:55.685+0000][6772.495s][info][gc,marking    ] GC(173) Concurrent Clear Claimed Marks
[2026-06-17T23:20:55.685+0000][6772.495s][info][gc,marking    ] GC(173) Concurrent Clear Claimed Marks 0.201ms
[2026-06-17T23:20:55.685+0000][6772.495s][info][gc,marking    ] GC(173) Concurrent Scan Root Regions
[2026-06-17T23:20:55.686+0000][6772.497s][info][gc,marking    ] GC(173) Concurrent Scan Root Regions 1.299ms
[2026-06-17T23:20:55.686+0000][6772.497s][info][gc,marking    ] GC(173) Concurrent Mark (6772.497s)
[2026-06-17T23:20:55.687+0000][6772.497s][info][gc,marking    ] GC(173) Concurrent Mark From Roots
[2026-06-17T23:20:55.687+0000][6772.497s][info][gc,task       ] GC(173) Using 3 workers of 3 for marking
[2026-06-17T23:20:55.692+0000][6772.502s][info][gc,marking    ] GC(173) Concurrent Mark From Roots 5.472ms
[2026-06-17T23:20:55.692+0000][6772.503s][info][gc,marking    ] GC(173) Concurrent Preclean
[2026-06-17T23:20:55.692+0000][6772.503s][info][gc,marking    ] GC(173) Concurrent Preclean 0.207ms
[2026-06-17T23:20:55.693+0000][6772.503s][info][gc,marking    ] GC(173) Concurrent Mark (6772.497s, 6772.503s) 6.023ms
[2026-06-17T23:20:55.693+0000][6772.503s][info][gc,start      ] GC(173) Pause Remark
[2026-06-17T23:20:55.697+0000][6772.508s][info][gc,stringtable] GC(173) Cleaned string and symbol table, strings: 17249 processed, 0 removed, symbols: 125009 processed, 0 removed
[2026-06-17T23:20:55.698+0000][6772.508s][info][gc            ] GC(173) Pause Remark 206M->206M(512M) 5.056ms
[2026-06-17T23:20:55.698+0000][6772.508s][info][gc,cpu        ] GC(173) User=0.04s Sys=0.00s Real=0.00s
[2026-06-17T23:20:55.698+0000][6772.508s][info][gc,marking    ] GC(173) Concurrent Rebuild Remembered Sets
[2026-06-17T23:20:55.702+0000][6772.513s][info][gc,marking    ] GC(173) Concurrent Rebuild Remembered Sets 4.454ms
[2026-06-17T23:20:55.703+0000][6772.513s][info][gc,start      ] GC(173) Pause Cleanup
[2026-06-17T23:20:55.703+0000][6772.514s][info][gc            ] GC(173) Pause Cleanup 208M->208M(512M) 0.216ms
[2026-06-17T23:20:55.703+0000][6772.514s][info][gc,cpu        ] GC(173) User=0.00s Sys=0.00s Real=0.00s
[2026-06-17T23:20:55.703+0000][6772.514s][info][gc,marking    ] GC(173) Concurrent Cleanup for Next Mark
[2026-06-17T23:20:55.704+0000][6772.514s][info][gc,marking    ] GC(173) Concurrent Cleanup for Next Mark 0.540ms
[2026-06-17T23:20:55.704+0000][6772.514s][info][gc            ] GC(173) Concurrent Cycle 19.365ms
[2026-06-17T23:20:56.982+0000][6773.792s][info][gc,start      ] GC(174) Pause Young (Prepare Mixed) (G1 Evacuation Pause)
[2026-06-17T23:20:56.982+0000][6773.792s][info][gc,task       ] GC(174) Using 13 workers of 13 for evacuation
[2026-06-17T23:20:56.986+0000][6773.796s][info][gc,phases     ] GC(174)   Pre Evacuate Collection Set: 0.0ms
[2026-06-17T23:20:56.986+0000][6773.796s][info][gc,phases     ] GC(174)   Evacuate Collection Set: 3.2ms
[2026-06-17T23:20:56.986+0000][6773.796s][info][gc,phases     ] GC(174)   Post Evacuate Collection Set: 0.3ms
[2026-06-17T23:20:56.986+0000][6773.796s][info][gc,phases     ] GC(174)   Other: 0.3ms
[2026-06-17T23:20:56.986+0000][6773.796s][info][gc,heap       ] GC(174) Eden regions: 243->0(21)
[2026-06-17T23:20:56.986+0000][6773.796s][info][gc,heap       ] GC(174) Survivor regions: 6->4(32)
[2026-06-17T23:20:56.986+0000][6773.796s][info][gc,heap       ] GC(174) Old regions: 50->50
[2026-06-17T23:20:56.986+0000][6773.796s][info][gc,heap       ] GC(174) Humongous regions: 147->147
[2026-06-17T23:20:56.986+0000][6773.796s][info][gc,metaspace  ] GC(174) Metaspace: 52147K(55040K)->52147K(55040K) NonClass: 46240K(47872K)->46240K(47872K) Class: 5907K(7168K)->5907K(7168K)
[2026-06-17T23:20:56.986+0000][6773.796s][info][gc            ] GC(174) Pause Young (Prepare Mixed) (G1 Evacuation Pause) 445M->200M(512M) 4.349ms
[2026-06-17T23:20:56.986+0000][6773.796s][info][gc,cpu        ] GC(174) User=0.04s Sys=0.00s Real=0.01s
[2026-06-17T23:20:57.094+0000][6773.904s][info][gc,start      ] GC(175) Pause Young (Mixed) (G1 Evacuation Pause)
[2026-06-17T23:20:57.094+0000][6773.904s][info][gc,task       ] GC(175) Using 13 workers of 13 for evacuation
[2026-06-17T23:20:57.097+0000][6773.907s][info][gc,phases     ] GC(175)   Pre Evacuate Collection Set: 0.0ms
[2026-06-17T23:20:57.097+0000][6773.907s][info][gc,phases     ] GC(175)   Evacuate Collection Set: 2.2ms
[2026-06-17T23:20:57.097+0000][6773.907s][info][gc,phases     ] GC(175)   Post Evacuate Collection Set: 0.3ms
[2026-06-17T23:20:57.097+0000][6773.907s][info][gc,phases     ] GC(175)   Other: 0.4ms
[2026-06-17T23:20:57.097+0000][6773.907s][info][gc,heap       ] GC(175) Eden regions: 21->0(250)
[2026-06-17T23:20:57.097+0000][6773.907s][info][gc,heap       ] GC(175) Survivor regions: 4->3(4)
[2026-06-17T23:20:57.097+0000][6773.908s][info][gc,heap       ] GC(175) Old regions: 50->46
[2026-06-17T23:20:57.097+0000][6773.908s][info][gc,heap       ] GC(175) Humongous regions: 147->147
[2026-06-17T23:20:57.098+0000][6773.908s][info][gc,metaspace  ] GC(175) Metaspace: 52147K(55040K)->52147K(55040K) NonClass: 46240K(47872K)->46240K(47872K) Class: 5907K(7168K)->5907K(7168K)
[2026-06-17T23:20:57.098+0000][6773.908s][info][gc            ] GC(175) Pause Young (Mixed) (G1 Evacuation Pause) 221M->194M(512M) 3.381ms
[2026-06-17T23:20:57.098+0000][6773.908s][info][gc,cpu        ] GC(175) User=0.02s Sys=0.00s Real=0.00s
[2026-06-17T23:21:45.563+0000][6822.374s][info][gc,start      ] GC(176) Pause Young (Normal) (G1 Evacuation Pause)
[2026-06-17T23:21:45.563+0000][6822.374s][info][gc,task       ] GC(176) Using 13 workers of 13 for evacuation
[2026-06-17T23:21:45.565+0000][6822.376s][info][gc,phases     ] GC(176)   Pre Evacuate Collection Set: 0.0ms
[2026-06-17T23:21:45.566+0000][6822.376s][info][gc,phases     ] GC(176)   Evacuate Collection Set: 1.7ms
[2026-06-17T23:21:45.566+0000][6822.376s][info][gc,phases     ] GC(176)   Post Evacuate Collection Set: 0.3ms
[2026-06-17T23:21:45.566+0000][6822.376s][info][gc,phases     ] GC(176)   Other: 0.3ms
[2026-06-17T23:21:45.566+0000][6822.376s][info][gc,heap       ] GC(176) Eden regions: 250->0(245)
[2026-06-17T23:21:45.566+0000][6822.376s][info][gc,heap       ] GC(176) Survivor regions: 3->8(32)
[2026-06-17T23:21:45.566+0000][6822.376s][info][gc,heap       ] GC(176) Old regions: 46->46
[2026-06-17T23:21:45.566+0000][6822.377s][info][gc,heap       ] GC(176) Humongous regions: 147->147
[2026-06-17T23:21:45.566+0000][6822.377s][info][gc,metaspace  ] GC(176) Metaspace: 52149K(55040K)->52149K(55040K) NonClass: 46241K(47872K)->46241K(47872K) Class: 5907K(7168K)->5907K(7168K)
[2026-06-17T23:21:45.566+0000][6822.377s][info][gc            ] GC(176) Pause Young (Normal) (G1 Evacuation Pause) 444M->199M(512M) 2.897ms
[2026-06-17T23:21:45.566+0000][6822.377s][info][gc,cpu        ] GC(176) User=0.02s Sys=0.00s Real=0.00s
[2026-06-17T23:21:47.102+0000][6823.913s][info][gc,start      ] GC(177) Pause Young (Normal) (G1 Evacuation Pause)
[2026-06-17T23:21:47.104+0000][6823.915s][info][gc,task       ] GC(177) Using 13 workers of 13 for evacuation
[2026-06-17T23:21:47.106+0000][6823.917s][info][gc,phases     ] GC(177)   Pre Evacuate Collection Set: 0.0ms
[2026-06-17T23:21:47.106+0000][6823.917s][info][gc,phases     ] GC(177)   Evacuate Collection Set: 1.5ms
[2026-06-17T23:21:47.106+0000][6823.917s][info][gc,phases     ] GC(177)   Post Evacuate Collection Set: 0.4ms
[2026-06-17T23:21:47.106+0000][6823.917s][info][gc,phases     ] GC(177)   Other: 2.0ms
[2026-06-17T23:21:47.106+0000][6823.917s][info][gc,heap       ] GC(177) Eden regions: 245->0(247)
[2026-06-17T23:21:47.106+0000][6823.917s][info][gc,heap       ] GC(177) Survivor regions: 8->6(32)
[2026-06-17T23:21:47.107+0000][6823.917s][info][gc,heap       ] GC(177) Old regions: 46->46
[2026-06-17T23:21:47.107+0000][6823.917s][info][gc,heap       ] GC(177) Humongous regions: 147->147
[2026-06-17T23:21:47.107+0000][6823.917s][info][gc,metaspace  ] GC(177) Metaspace: 52149K(55040K)->52149K(55040K) NonClass: 46241K(47872K)->46241K(47872K) Class: 5907K(7168K)->5907K(7168K)
[2026-06-17T23:21:47.107+0000][6823.917s][info][gc            ] GC(177) Pause Young (Normal) (G1 Evacuation Pause) 444M->197M(512M) 4.359ms
[2026-06-17T23:21:47.107+0000][6823.917s][info][gc,cpu        ] GC(177) User=0.01s Sys=0.01s Real=0.00s
[2026-06-17T23:21:48.469+0000][6825.280s][info][gc,start      ] GC(178) Pause Young (Concurrent Start) (G1 Evacuation Pause)
[2026-06-17T23:21:48.469+0000][6825.280s][info][gc,task       ] GC(178) Using 13 workers of 13 for evacuation
[2026-06-17T23:21:48.472+0000][6825.283s][info][gc,phases     ] GC(178)   Pre Evacuate Collection Set: 0.2ms
[2026-06-17T23:21:48.473+0000][6825.283s][info][gc,phases     ] GC(178)   Evacuate Collection Set: 2.2ms
[2026-06-17T23:21:48.473+0000][6825.283s][info][gc,phases     ] GC(178)   Post Evacuate Collection Set: 0.4ms
[2026-06-17T23:21:48.473+0000][6825.283s][info][gc,phases     ] GC(178)   Other: 0.3ms
[2026-06-17T23:21:48.473+0000][6825.284s][info][gc,heap       ] GC(178) Eden regions: 247->0(242)
[2026-06-17T23:21:48.473+0000][6825.284s][info][gc,heap       ] GC(178) Survivor regions: 6->10(32)
[2026-06-17T23:21:48.473+0000][6825.284s][info][gc,heap       ] GC(178) Old regions: 46->46
[2026-06-17T23:21:48.473+0000][6825.284s][info][gc,heap       ] GC(178) Humongous regions: 147->147
[2026-06-17T23:21:48.473+0000][6825.284s][info][gc,metaspace  ] GC(178) Metaspace: 52149K(55040K)->52149K(55040K) NonClass: 46241K(47872K)->46241K(47872K) Class: 5907K(7168K)->5907K(7168K)
[2026-06-17T23:21:48.473+0000][6825.284s][info][gc            ] GC(178) Pause Young (Concurrent Start) (G1 Evacuation Pause) 444M->201M(512M) 3.949ms
[2026-06-17T23:21:48.473+0000][6825.284s][info][gc,cpu        ] GC(178) User=0.03s Sys=0.00s Real=0.01s
[2026-06-17T23:21:48.473+0000][6825.284s][info][gc            ] GC(179) Concurrent Cycle
[2026-06-17T23:21:48.473+0000][6825.284s][info][gc,marking    ] GC(179) Concurrent Clear Claimed Marks
[2026-06-17T23:21:48.474+0000][6825.284s][info][gc,marking    ] GC(179) Concurrent Clear Claimed Marks 0.211ms
[2026-06-17T23:21:48.474+0000][6825.284s][info][gc,marking    ] GC(179) Concurrent Scan Root Regions
[2026-06-17T23:21:48.475+0000][6825.286s][info][gc,marking    ] GC(179) Concurrent Scan Root Regions 1.710ms
[2026-06-17T23:21:48.476+0000][6825.286s][info][gc,marking    ] GC(179) Concurrent Mark (6825.286s)
[2026-06-17T23:21:48.476+0000][6825.286s][info][gc,marking    ] GC(179) Concurrent Mark From Roots
[2026-06-17T23:21:48.476+0000][6825.286s][info][gc,task       ] GC(179) Using 3 workers of 3 for marking
[2026-06-17T23:21:48.481+0000][6825.292s][info][gc,marking    ] GC(179) Concurrent Mark From Roots 5.491ms
[2026-06-17T23:21:48.481+0000][6825.292s][info][gc,marking    ] GC(179) Concurrent Preclean
[2026-06-17T23:21:48.481+0000][6825.292s][info][gc,marking    ] GC(179) Concurrent Preclean 0.167ms
[2026-06-17T23:21:48.481+0000][6825.292s][info][gc,marking    ] GC(179) Concurrent Mark (6825.286s, 6825.292s) 5.903ms
[2026-06-17T23:21:48.482+0000][6825.292s][info][gc,start      ] GC(179) Pause Remark
[2026-06-17T23:21:48.484+0000][6825.295s][info][gc,stringtable] GC(179) Cleaned string and symbol table, strings: 17249 processed, 0 removed, symbols: 125009 processed, 0 removed
[2026-06-17T23:21:48.484+0000][6825.295s][info][gc            ] GC(179) Pause Remark 206M->206M(512M) 2.536ms
[2026-06-17T23:21:48.484+0000][6825.295s][info][gc,cpu        ] GC(179) User=0.03s Sys=0.01s Real=0.01s
[2026-06-17T23:21:48.485+0000][6825.295s][info][gc,marking    ] GC(179) Concurrent Rebuild Remembered Sets
[2026-06-17T23:21:48.489+0000][6825.299s][info][gc,marking    ] GC(179) Concurrent Rebuild Remembered Sets 4.196ms
[2026-06-17T23:21:48.489+0000][6825.300s][info][gc,start      ] GC(179) Pause Cleanup
[2026-06-17T23:21:48.489+0000][6825.300s][info][gc            ] GC(179) Pause Cleanup 206M->206M(512M) 0.470ms
[2026-06-17T23:21:48.490+0000][6825.300s][info][gc,cpu        ] GC(179) User=0.00s Sys=0.00s Real=0.00s
[2026-06-17T23:21:48.490+0000][6825.300s][info][gc,marking    ] GC(179) Concurrent Cleanup for Next Mark
[2026-06-17T23:21:48.490+0000][6825.300s][info][gc,marking    ] GC(179) Concurrent Cleanup for Next Mark 0.169ms
[2026-06-17T23:21:48.490+0000][6825.301s][info][gc            ] GC(179) Concurrent Cycle 16.600ms
[2026-06-17T23:22:36.785+0000][6873.596s][info][gc,start      ] GC(180) Pause Young (Prepare Mixed) (G1 Evacuation Pause)
[2026-06-17T23:22:36.785+0000][6873.597s][info][gc,task       ] GC(180) Using 13 workers of 13 for evacuation
[2026-06-17T23:22:36.792+0000][6873.603s][info][gc,phases     ] GC(180)   Pre Evacuate Collection Set: 0.0ms
[2026-06-17T23:22:36.792+0000][6873.603s][info][gc,phases     ] GC(180)   Evacuate Collection Set: 5.6ms
[2026-06-17T23:22:36.792+0000][6873.603s][info][gc,phases     ] GC(180)   Post Evacuate Collection Set: 0.5ms
[2026-06-17T23:22:36.792+0000][6873.603s][info][gc,phases     ] GC(180)   Other: 0.4ms
[2026-06-17T23:22:36.792+0000][6873.603s][info][gc,heap       ] GC(180) Eden regions: 242->0(17)
[2026-06-17T23:22:36.792+0000][6873.603s][info][gc,heap       ] GC(180) Survivor regions: 10->8(32)
[2026-06-17T23:22:36.792+0000][6873.603s][info][gc,heap       ] GC(180) Old regions: 46->46
[2026-06-17T23:22:36.792+0000][6873.603s][info][gc,heap       ] GC(180) Humongous regions: 147->147
[2026-06-17T23:22:36.792+0000][6873.604s][info][gc,metaspace  ] GC(180) Metaspace: 52150K(55040K)->52150K(55040K) NonClass: 46242K(47872K)->46242K(47872K) Class: 5907K(7168K)->5907K(7168K)
[2026-06-17T23:22:36.792+0000][6873.604s][info][gc            ] GC(180) Pause Young (Prepare Mixed) (G1 Evacuation Pause) 443M->199M(512M) 7.186ms
[2026-06-17T23:22:36.793+0000][6873.604s][info][gc,cpu        ] GC(180) User=0.05s Sys=0.00s Real=0.01s
[2026-06-17T23:22:36.887+0000][6873.698s][info][gc,start      ] GC(181) Pause Young (Mixed) (G1 Evacuation Pause)
[2026-06-17T23:22:36.887+0000][6873.698s][info][gc,task       ] GC(181) Using 13 workers of 13 for evacuation
[2026-06-17T23:22:36.891+0000][6873.702s][info][gc,phases     ] GC(181)   Pre Evacuate Collection Set: 0.0ms
[2026-06-17T23:22:36.891+0000][6873.702s][info][gc,phases     ] GC(181)   Evacuate Collection Set: 3.2ms
[2026-06-17T23:22:36.891+0000][6873.702s][info][gc,phases     ] GC(181)   Post Evacuate Collection Set: 0.3ms
[2026-06-17T23:22:36.891+0000][6873.702s][info][gc,phases     ] GC(181)   Other: 0.3ms
[2026-06-17T23:22:36.891+0000][6873.702s][info][gc,heap       ] GC(181) Eden regions: 17->0(246)
[2026-06-17T23:22:36.891+0000][6873.702s][info][gc,heap       ] GC(181) Survivor regions: 8->2(4)
[2026-06-17T23:22:36.891+0000][6873.702s][info][gc,heap       ] GC(181) Old regions: 46->50
[2026-06-17T23:22:36.891+0000][6873.702s][info][gc,heap       ] GC(181) Humongous regions: 147->147
[2026-06-17T23:22:36.891+0000][6873.702s][info][gc,metaspace  ] GC(181) Metaspace: 52150K(55040K)->52150K(55040K) NonClass: 46242K(47872K)->46242K(47872K) Class: 5907K(7168K)->5907K(7168K)
[2026-06-17T23:22:36.891+0000][6873.702s][info][gc            ] GC(181) Pause Young (Mixed) (G1 Evacuation Pause) 216M->198M(512M) 4.364ms
[2026-06-17T23:22:36.891+0000][6873.703s][info][gc,cpu        ] GC(181) User=0.02s Sys=0.00s Real=0.00s
[2026-06-17T23:22:38.572+0000][6875.383s][info][gc,start      ] GC(182) Pause Young (Normal) (G1 Evacuation Pause)
[2026-06-17T23:22:38.572+0000][6875.384s][info][gc,task       ] GC(182) Using 13 workers of 13 for evacuation
[2026-06-17T23:22:38.575+0000][6875.386s][info][gc,phases     ] GC(182)   Pre Evacuate Collection Set: 0.0ms
[2026-06-17T23:22:38.575+0000][6875.386s][info][gc,phases     ] GC(182)   Evacuate Collection Set: 1.9ms
[2026-06-17T23:22:38.575+0000][6875.386s][info][gc,phases     ] GC(182)   Post Evacuate Collection Set: 0.3ms
[2026-06-17T23:22:38.575+0000][6875.386s][info][gc,phases     ] GC(182)   Other: 0.3ms
[2026-06-17T23:22:38.575+0000][6875.386s][info][gc,heap       ] GC(182) Eden regions: 246->0(247)
[2026-06-17T23:22:38.575+0000][6875.386s][info][gc,heap       ] GC(182) Survivor regions: 2->3(31)
[2026-06-17T23:22:38.575+0000][6875.386s][info][gc,heap       ] GC(182) Old regions: 50->50
[2026-06-17T23:22:38.575+0000][6875.386s][info][gc,heap       ] GC(182) Humongous regions: 147->147
[2026-06-17T23:22:38.575+0000][6875.386s][info][gc,metaspace  ] GC(182) Metaspace: 52150K(55040K)->52150K(55040K) NonClass: 46242K(47872K)->46242K(47872K) Class: 5907K(7168K)->5907K(7168K)
[2026-06-17T23:22:38.575+0000][6875.386s][info][gc            ] GC(182) Pause Young (Normal) (G1 Evacuation Pause) 444M->199M(512M) 2.963ms
[2026-06-17T23:22:38.575+0000][6875.386s][info][gc,cpu        ] GC(182) User=0.02s Sys=0.00s Real=0.00s
[2026-06-17T23:22:39.938+0000][6876.750s][info][gc,start      ] GC(183) Pause Young (Normal) (G1 Evacuation Pause)
[2026-06-17T23:22:39.939+0000][6876.750s][info][gc,task       ] GC(183) Using 13 workers of 13 for evacuation
[2026-06-17T23:22:39.941+0000][6876.752s][info][gc,phases     ] GC(183)   Pre Evacuate Collection Set: 0.0ms
[2026-06-17T23:22:39.941+0000][6876.752s][info][gc,phases     ] GC(183)   Evacuate Collection Set: 1.6ms
[2026-06-17T23:22:39.941+0000][6876.752s][info][gc,phases     ] GC(183)   Post Evacuate Collection Set: 0.3ms
[2026-06-17T23:22:39.941+0000][6876.752s][info][gc,phases     ] GC(183)   Other: 0.3ms
[2026-06-17T23:22:39.941+0000][6876.752s][info][gc,heap       ] GC(183) Eden regions: 247->0(239)
[2026-06-17T23:22:39.941+0000][6876.752s][info][gc,heap       ] GC(183) Survivor regions: 3->9(32)
[2026-06-17T23:22:39.941+0000][6876.752s][info][gc,heap       ] GC(183) Old regions: 50->50
[2026-06-17T23:22:39.941+0000][6876.752s][info][gc,heap       ] GC(183) Humongous regions: 147->147
[2026-06-17T23:22:39.941+0000][6876.752s][info][gc,metaspace  ] GC(183) Metaspace: 52150K(55040K)->52150K(55040K) NonClass: 46242K(47872K)->46242K(47872K) Class: 5907K(7168K)->5907K(7168K)
[2026-06-17T23:22:39.941+0000][6876.752s][info][gc            ] GC(183) Pause Young (Normal) (G1 Evacuation Pause) 446M->204M(512M) 2.701ms
[2026-06-17T23:22:39.941+0000][6876.752s][info][gc,cpu        ] GC(183) User=0.01s Sys=0.00s Real=0.00s
[2026-06-17T23:22:41.252+0000][6878.063s][info][gc,start      ] GC(184) Pause Young (Concurrent Start) (G1 Evacuation Pause)
[2026-06-17T23:22:41.252+0000][6878.064s][info][gc,task       ] GC(184) Using 13 workers of 13 for evacuation
[2026-06-17T23:22:41.256+0000][6878.067s][info][gc,phases     ] GC(184)   Pre Evacuate Collection Set: 0.3ms
[2026-06-17T23:22:41.256+0000][6878.067s][info][gc,phases     ] GC(184)   Evacuate Collection Set: 2.6ms
[2026-06-17T23:22:41.256+0000][6878.067s][info][gc,phases     ] GC(184)   Post Evacuate Collection Set: 0.3ms
[2026-06-17T23:22:41.256+0000][6878.067s][info][gc,phases     ] GC(184)   Other: 0.4ms
[2026-06-17T23:22:41.256+0000][6878.067s][info][gc,heap       ] GC(184) Eden regions: 239->0(241)
[2026-06-17T23:22:41.256+0000][6878.067s][info][gc,heap       ] GC(184) Survivor regions: 9->7(31)
[2026-06-17T23:22:41.256+0000][6878.067s][info][gc,heap       ] GC(184) Old regions: 50->50
[2026-06-17T23:22:41.256+0000][6878.067s][info][gc,heap       ] GC(184) Humongous regions: 147->147
[2026-06-17T23:22:41.256+0000][6878.067s][info][gc,metaspace  ] GC(184) Metaspace: 52150K(55040K)->52150K(55040K) NonClass: 46242K(47872K)->46242K(47872K) Class: 5907K(7168K)->5907K(7168K)
[2026-06-17T23:22:41.256+0000][6878.068s][info][gc            ] GC(184) Pause Young (Concurrent Start) (G1 Evacuation Pause) 443M->203M(512M) 4.173ms
[2026-06-17T23:22:41.256+0000][6878.068s][info][gc,cpu        ] GC(184) User=0.03s Sys=0.00s Real=0.00s
[2026-06-17T23:22:41.257+0000][6878.068s][info][gc            ] GC(185) Concurrent Cycle
[2026-06-17T23:22:41.257+0000][6878.068s][info][gc,marking    ] GC(185) Concurrent Clear Claimed Marks
[2026-06-17T23:22:41.257+0000][6878.068s][info][gc,marking    ] GC(185) Concurrent Clear Claimed Marks 0.241ms
[2026-06-17T23:22:41.257+0000][6878.068s][info][gc,marking    ] GC(185) Concurrent Scan Root Regions
[2026-06-17T23:22:41.258+0000][6878.069s][info][gc,marking    ] GC(185) Concurrent Scan Root Regions 1.255ms
[2026-06-17T23:22:41.258+0000][6878.069s][info][gc,marking    ] GC(185) Concurrent Mark (6878.069s)
[2026-06-17T23:22:41.258+0000][6878.069s][info][gc,marking    ] GC(185) Concurrent Mark From Roots
[2026-06-17T23:22:41.258+0000][6878.070s][info][gc,task       ] GC(185) Using 3 workers of 3 for marking
[2026-06-17T23:22:41.264+0000][6878.075s][info][gc,marking    ] GC(185) Concurrent Mark From Roots 5.936ms
[2026-06-17T23:22:41.264+0000][6878.076s][info][gc,marking    ] GC(185) Concurrent Preclean
[2026-06-17T23:22:41.265+0000][6878.076s][info][gc,marking    ] GC(185) Concurrent Preclean 0.227ms
[2026-06-17T23:22:41.265+0000][6878.076s][info][gc,marking    ] GC(185) Concurrent Mark (6878.069s, 6878.076s) 6.405ms
[2026-06-17T23:22:41.265+0000][6878.076s][info][gc,start      ] GC(185) Pause Remark
[2026-06-17T23:22:41.267+0000][6878.078s][info][gc,stringtable] GC(185) Cleaned string and symbol table, strings: 17249 processed, 1 removed, symbols: 125009 processed, 0 removed
[2026-06-17T23:22:41.267+0000][6878.079s][info][gc            ] GC(185) Pause Remark 207M->207M(512M) 2.537ms
[2026-06-17T23:22:41.268+0000][6878.079s][info][gc,cpu        ] GC(185) User=0.03s Sys=0.00s Real=0.00s
[2026-06-17T23:22:41.268+0000][6878.079s][info][gc,marking    ] GC(185) Concurrent Rebuild Remembered Sets
[2026-06-17T23:22:41.272+0000][6878.083s][info][gc,marking    ] GC(185) Concurrent Rebuild Remembered Sets 4.301ms
[2026-06-17T23:22:41.272+0000][6878.083s][info][gc,start      ] GC(185) Pause Cleanup
[2026-06-17T23:22:41.272+0000][6878.083s][info][gc            ] GC(185) Pause Cleanup 208M->208M(512M) 0.171ms
[2026-06-17T23:22:41.272+0000][6878.084s][info][gc,cpu        ] GC(185) User=0.00s Sys=0.00s Real=0.00s
[2026-06-17T23:22:41.272+0000][6878.084s][info][gc,marking    ] GC(185) Concurrent Cleanup for Next Mark
[2026-06-17T23:22:41.273+0000][6878.084s][info][gc,marking    ] GC(185) Concurrent Cleanup for Next Mark 0.176ms
[2026-06-17T23:22:41.273+0000][6878.084s][info][gc            ] GC(185) Concurrent Cycle 16.216ms
[2026-06-17T23:23:29.726+0000][6926.537s][info][gc,start      ] GC(186) Pause Young (Prepare Mixed) (G1 Evacuation Pause)
[2026-06-17T23:23:29.727+0000][6926.537s][info][gc,task       ] GC(186) Using 13 workers of 13 for evacuation
[2026-06-17T23:23:29.735+0000][6926.545s][info][gc,phases     ] GC(186)   Pre Evacuate Collection Set: 0.0ms
[2026-06-17T23:23:29.735+0000][6926.545s][info][gc,phases     ] GC(186)   Evacuate Collection Set: 7.8ms
[2026-06-17T23:23:29.735+0000][6926.545s][info][gc,phases     ] GC(186)   Post Evacuate Collection Set: 0.4ms
[2026-06-17T23:23:29.735+0000][6926.545s][info][gc,phases     ] GC(186)   Other: 0.4ms
[2026-06-17T23:23:29.735+0000][6926.545s][info][gc,heap       ] GC(186) Eden regions: 241->0(21)
[2026-06-17T23:23:29.735+0000][6926.546s][info][gc,heap       ] GC(186) Survivor regions: 7->4(31)
[2026-06-17T23:23:29.735+0000][6926.546s][info][gc,heap       ] GC(186) Old regions: 50->50
[2026-06-17T23:23:29.735+0000][6926.546s][info][gc,heap       ] GC(186) Humongous regions: 147->147
[2026-06-17T23:23:29.735+0000][6926.546s][info][gc,metaspace  ] GC(186) Metaspace: 52158K(55040K)->52158K(55040K) NonClass: 46250K(47872K)->46250K(47872K) Class: 5907K(7168K)->5907K(7168K)
[2026-06-17T23:23:29.735+0000][6926.546s][info][gc            ] GC(186) Pause Young (Prepare Mixed) (G1 Evacuation Pause) 444M->200M(512M) 9.083ms
[2026-06-17T23:23:29.735+0000][6926.546s][info][gc,cpu        ] GC(186) User=0.10s Sys=0.00s Real=0.01s
[2026-06-17T23:23:29.864+0000][6926.674s][info][gc,start      ] GC(187) Pause Young (Mixed) (G1 Evacuation Pause)
[2026-06-17T23:23:29.864+0000][6926.674s][info][gc,task       ] GC(187) Using 13 workers of 13 for evacuation
[2026-06-17T23:23:29.869+0000][6926.679s][info][gc,phases     ] GC(187)   Pre Evacuate Collection Set: 0.0ms
[2026-06-17T23:23:29.869+0000][6926.679s][info][gc,phases     ] GC(187)   Evacuate Collection Set: 4.3ms
[2026-06-17T23:23:29.869+0000][6926.680s][info][gc,phases     ] GC(187)   Post Evacuate Collection Set: 0.3ms
[2026-06-17T23:23:29.869+0000][6926.680s][info][gc,phases     ] GC(187)   Other: 0.4ms
[2026-06-17T23:23:29.869+0000][6926.680s][info][gc,heap       ] GC(187) Eden regions: 21->0(248)
[2026-06-17T23:23:29.869+0000][6926.680s][info][gc,heap       ] GC(187) Survivor regions: 4->4(4)
[2026-06-17T23:23:29.869+0000][6926.680s][info][gc,heap       ] GC(187) Old regions: 50->46
[2026-06-17T23:23:29.870+0000][6926.680s][info][gc,heap       ] GC(187) Humongous regions: 147->147
[2026-06-17T23:23:29.870+0000][6926.680s][info][gc,metaspace  ] GC(187) Metaspace: 52158K(55040K)->52158K(55040K) NonClass: 46250K(47872K)->46250K(47872K) Class: 5907K(7168K)->5907K(7168K)
[2026-06-17T23:23:29.870+0000][6926.680s][info][gc            ] GC(187) Pause Young (Mixed) (G1 Evacuation Pause) 221M->195M(512M) 5.624ms
[2026-06-17T23:23:29.870+0000][6926.680s][info][gc,cpu        ] GC(187) User=0.05s Sys=0.00s Real=0.00s
[2026-06-17T23:23:31.375+0000][6928.185s][info][gc,start      ] GC(188) Pause Young (Normal) (G1 Evacuation Pause)
[2026-06-17T23:23:31.375+0000][6928.185s][info][gc,task       ] GC(188) Using 13 workers of 13 for evacuation
[2026-06-17T23:23:31.378+0000][6928.188s][info][gc,phases     ] GC(188)   Pre Evacuate Collection Set: 0.0ms
[2026-06-17T23:23:31.378+0000][6928.188s][info][gc,phases     ] GC(188)   Evacuate Collection Set: 2.2ms
[2026-06-17T23:23:31.378+0000][6928.188s][info][gc,phases     ] GC(188)   Post Evacuate Collection Set: 0.3ms
[2026-06-17T23:23:31.378+0000][6928.188s][info][gc,phases     ] GC(188)   Other: 0.4ms
[2026-06-17T23:23:31.378+0000][6928.188s][info][gc,heap       ] GC(188) Eden regions: 248->0(243)
[2026-06-17T23:23:31.378+0000][6928.188s][info][gc,heap       ] GC(188) Survivor regions: 4->8(32)
[2026-06-17T23:23:31.378+0000][6928.188s][info][gc,heap       ] GC(188) Old regions: 46->46
[2026-06-17T23:23:31.378+0000][6928.188s][info][gc,heap       ] GC(188) Humongous regions: 147->147
[2026-06-17T23:23:31.378+0000][6928.188s][info][gc,metaspace  ] GC(188) Metaspace: 52158K(55040K)->52158K(55040K) NonClass: 46250K(47872K)->46250K(47872K) Class: 5907K(7168K)->5907K(7168K)
[2026-06-17T23:23:31.378+0000][6928.188s][info][gc            ] GC(188) Pause Young (Normal) (G1 Evacuation Pause) 443M->200M(512M) 3.517ms
[2026-06-17T23:23:31.378+0000][6928.189s][info][gc,cpu        ] GC(188) User=0.02s Sys=0.00s Real=0.00s
[2026-06-17T23:23:32.645+0000][6929.455s][info][gc,start      ] GC(189) Pause Young (Normal) (G1 Evacuation Pause)
[2026-06-17T23:23:32.645+0000][6929.456s][info][gc,task       ] GC(189) Using 13 workers of 13 for evacuation
[2026-06-17T23:23:32.647+0000][6929.457s][info][gc,phases     ] GC(189)   Pre Evacuate Collection Set: 0.0ms
[2026-06-17T23:23:32.647+0000][6929.457s][info][gc,phases     ] GC(189)   Evacuate Collection Set: 1.3ms
[2026-06-17T23:23:32.647+0000][6929.458s][info][gc,phases     ] GC(189)   Post Evacuate Collection Set: 0.3ms
[2026-06-17T23:23:32.647+0000][6929.458s][info][gc,phases     ] GC(189)   Other: 0.3ms
[2026-06-17T23:23:32.647+0000][6929.458s][info][gc,heap       ] GC(189) Eden regions: 243->0(246)
[2026-06-17T23:23:32.647+0000][6929.458s][info][gc,heap       ] GC(189) Survivor regions: 8->6(32)
[2026-06-17T23:23:32.647+0000][6929.458s][info][gc,heap       ] GC(189) Old regions: 46->46
[2026-06-17T23:23:32.648+0000][6929.458s][info][gc,heap       ] GC(189) Humongous regions: 147->147
[2026-06-17T23:23:32.648+0000][6929.458s][info][gc,metaspace  ] GC(189) Metaspace: 52158K(55040K)->52158K(55040K) NonClass: 46250K(47872K)->46250K(47872K) Class: 5907K(7168K)->5907K(7168K)
[2026-06-17T23:23:32.648+0000][6929.458s][info][gc            ] GC(189) Pause Young (Normal) (G1 Evacuation Pause) 443M->197M(512M) 2.443ms
[2026-06-17T23:23:32.648+0000][6929.458s][info][gc,cpu        ] GC(189) User=0.02s Sys=0.00s Real=0.00s
[2026-06-17T23:24:20.973+0000][6977.783s][info][gc,start      ] GC(190) Pause Young (Concurrent Start) (G1 Evacuation Pause)
[2026-06-17T23:24:20.973+0000][6977.783s][info][gc,task       ] GC(190) Using 13 workers of 13 for evacuation
[2026-06-17T23:24:20.976+0000][6977.786s][info][gc,phases     ] GC(190)   Pre Evacuate Collection Set: 0.3ms
[2026-06-17T23:24:20.976+0000][6977.786s][info][gc,phases     ] GC(190)   Evacuate Collection Set: 1.9ms
[2026-06-17T23:24:20.976+0000][6977.786s][info][gc,phases     ] GC(190)   Post Evacuate Collection Set: 0.4ms
[2026-06-17T23:24:20.976+0000][6977.786s][info][gc,phases     ] GC(190)   Other: 0.4ms
[2026-06-17T23:24:20.976+0000][6977.786s][info][gc,heap       ] GC(190) Eden regions: 246->0(250)
[2026-06-17T23:24:20.976+0000][6977.786s][info][gc,heap       ] GC(190) Survivor regions: 6->3(32)
[2026-06-17T23:24:20.976+0000][6977.786s][info][gc,heap       ] GC(190) Old regions: 46->46
[2026-06-17T23:24:20.976+0000][6977.787s][info][gc,heap       ] GC(190) Humongous regions: 147->147
[2026-06-17T23:24:20.976+0000][6977.787s][info][gc,metaspace  ] GC(190) Metaspace: 52159K(55040K)->52159K(55040K) NonClass: 46252K(47872K)->46252K(47872K) Class: 5907K(7168K)->5907K(7168K)
[2026-06-17T23:24:20.976+0000][6977.787s][info][gc            ] GC(190) Pause Young (Concurrent Start) (G1 Evacuation Pause) 443M->195M(512M) 3.559ms
[2026-06-17T23:24:20.976+0000][6977.787s][info][gc,cpu        ] GC(190) User=0.01s Sys=0.00s Real=0.00s
[2026-06-17T23:24:20.976+0000][6977.787s][info][gc            ] GC(191) Concurrent Cycle
[2026-06-17T23:24:20.977+0000][6977.787s][info][gc,marking    ] GC(191) Concurrent Clear Claimed Marks
[2026-06-17T23:24:20.977+0000][6977.787s][info][gc,marking    ] GC(191) Concurrent Clear Claimed Marks 0.350ms
[2026-06-17T23:24:20.977+0000][6977.787s][info][gc,marking    ] GC(191) Concurrent Scan Root Regions
[2026-06-17T23:24:20.978+0000][6977.788s][info][gc,marking    ] GC(191) Concurrent Scan Root Regions 1.096ms
[2026-06-17T23:24:20.978+0000][6977.789s][info][gc,marking    ] GC(191) Concurrent Mark (6977.789s)
[2026-06-17T23:24:20.978+0000][6977.789s][info][gc,marking    ] GC(191) Concurrent Mark From Roots
[2026-06-17T23:24:20.978+0000][6977.789s][info][gc,task       ] GC(191) Using 3 workers of 3 for marking
[2026-06-17T23:24:20.984+0000][6977.794s][info][gc,marking    ] GC(191) Concurrent Mark From Roots 5.276ms
[2026-06-17T23:24:20.984+0000][6977.794s][info][gc,marking    ] GC(191) Concurrent Preclean
[2026-06-17T23:24:20.984+0000][6977.794s][info][gc,marking    ] GC(191) Concurrent Preclean 0.348ms
[2026-06-17T23:24:20.984+0000][6977.794s][info][gc,marking    ] GC(191) Concurrent Mark (6977.789s, 6977.794s) 5.942ms
[2026-06-17T23:24:20.984+0000][6977.795s][info][gc,start      ] GC(191) Pause Remark
[2026-06-17T23:24:20.987+0000][6977.797s][info][gc,stringtable] GC(191) Cleaned string and symbol table, strings: 17252 processed, 0 removed, symbols: 125009 processed, 0 removed
[2026-06-17T23:24:20.987+0000][6977.798s][info][gc            ] GC(191) Pause Remark 198M->198M(512M) 2.898ms
[2026-06-17T23:24:20.987+0000][6977.798s][info][gc,cpu        ] GC(191) User=0.02s Sys=0.00s Real=0.00s
[2026-06-17T23:24:20.988+0000][6977.798s][info][gc,marking    ] GC(191) Concurrent Rebuild Remembered Sets
[2026-06-17T23:24:20.992+0000][6977.802s][info][gc,marking    ] GC(191) Concurrent Rebuild Remembered Sets 4.385ms
[2026-06-17T23:24:20.992+0000][6977.803s][info][gc,start      ] GC(191) Pause Cleanup
[2026-06-17T23:24:20.992+0000][6977.803s][info][gc            ] GC(191) Pause Cleanup 200M->200M(512M) 0.194ms
[2026-06-17T23:24:20.993+0000][6977.803s][info][gc,cpu        ] GC(191) User=0.00s Sys=0.00s Real=0.01s
[2026-06-17T23:24:20.993+0000][6977.803s][info][gc,marking    ] GC(191) Concurrent Cleanup for Next Mark
[2026-06-17T23:24:20.993+0000][6977.803s][info][gc,marking    ] GC(191) Concurrent Cleanup for Next Mark 0.207ms
[2026-06-17T23:24:20.993+0000][6977.803s][info][gc            ] GC(191) Concurrent Cycle 16.598ms
[2026-06-17T23:24:22.588+0000][6979.398s][info][gc,start      ] GC(192) Pause Young (Prepare Mixed) (G1 Evacuation Pause)
[2026-06-17T23:24:22.588+0000][6979.398s][info][gc,task       ] GC(192) Using 13 workers of 13 for evacuation
[2026-06-17T23:24:22.594+0000][6979.404s][info][gc,phases     ] GC(192)   Pre Evacuate Collection Set: 0.0ms
[2026-06-17T23:24:22.594+0000][6979.404s][info][gc,phases     ] GC(192)   Evacuate Collection Set: 5.8ms
[2026-06-17T23:24:22.594+0000][6979.405s][info][gc,phases     ] GC(192)   Post Evacuate Collection Set: 0.4ms
[2026-06-17T23:24:22.594+0000][6979.405s][info][gc,phases     ] GC(192)   Other: 0.3ms
[2026-06-17T23:24:22.594+0000][6979.405s][info][gc,heap       ] GC(192) Eden regions: 250->0(17)
[2026-06-17T23:24:22.594+0000][6979.405s][info][gc,heap       ] GC(192) Survivor regions: 3->8(32)
[2026-06-17T23:24:22.594+0000][6979.405s][info][gc,heap       ] GC(192) Old regions: 46->46
[2026-06-17T23:24:22.595+0000][6979.405s][info][gc,heap       ] GC(192) Humongous regions: 147->147
[2026-06-17T23:24:22.595+0000][6979.405s][info][gc,metaspace  ] GC(192) Metaspace: 52159K(55040K)->52159K(55040K) NonClass: 46252K(47872K)->46252K(47872K) Class: 5907K(7168K)->5907K(7168K)
[2026-06-17T23:24:22.595+0000][6979.405s][info][gc            ] GC(192) Pause Young (Prepare Mixed) (G1 Evacuation Pause) 445M->200M(512M) 7.098ms
[2026-06-17T23:24:22.595+0000][6979.405s][info][gc,cpu        ] GC(192) User=0.08s Sys=0.00s Real=0.01s
[2026-06-17T23:24:22.687+0000][6979.498s][info][gc,start      ] GC(193) Pause Young (Mixed) (G1 Evacuation Pause)
[2026-06-17T23:24:22.687+0000][6979.498s][info][gc,task       ] GC(193) Using 13 workers of 13 for evacuation
[2026-06-17T23:24:22.692+0000][6979.503s][info][gc,phases     ] GC(193)   Pre Evacuate Collection Set: 0.0ms
[2026-06-17T23:24:22.692+0000][6979.503s][info][gc,phases     ] GC(193)   Evacuate Collection Set: 4.4ms
[2026-06-17T23:24:22.692+0000][6979.503s][info][gc,phases     ] GC(193)   Post Evacuate Collection Set: 0.4ms
[2026-06-17T23:24:22.692+0000][6979.503s][info][gc,phases     ] GC(193)   Other: 0.3ms
[2026-06-17T23:24:22.693+0000][6979.503s][info][gc,heap       ] GC(193) Eden regions: 17->0(245)
[2026-06-17T23:24:22.693+0000][6979.503s][info][gc,heap       ] GC(193) Survivor regions: 8->2(4)
[2026-06-17T23:24:22.693+0000][6979.503s][info][gc,heap       ] GC(193) Old regions: 46->52
[2026-06-17T23:24:22.693+0000][6979.503s][info][gc,heap       ] GC(193) Humongous regions: 147->147
[2026-06-17T23:24:22.693+0000][6979.503s][info][gc,metaspace  ] GC(193) Metaspace: 52159K(55040K)->52159K(55040K) NonClass: 46252K(47872K)->46252K(47872K) Class: 5907K(7168K)->5907K(7168K)
[2026-06-17T23:24:22.693+0000][6979.503s][info][gc            ] GC(193) Pause Young (Mixed) (G1 Evacuation Pause) 217M->200M(512M) 5.634ms
[2026-06-17T23:24:22.693+0000][6979.503s][info][gc,cpu        ] GC(193) User=0.03s Sys=0.00s Real=0.01s
[2026-06-17T23:24:24.024+0000][6980.834s][info][gc,start      ] GC(194) Pause Young (Normal) (G1 Evacuation Pause)
[2026-06-17T23:24:24.024+0000][6980.834s][info][gc,task       ] GC(194) Using 13 workers of 13 for evacuation
[2026-06-17T23:24:24.030+0000][6980.841s][info][gc,phases     ] GC(194)   Pre Evacuate Collection Set: 0.0ms
[2026-06-17T23:24:24.031+0000][6980.841s][info][gc,phases     ] GC(194)   Evacuate Collection Set: 6.0ms
[2026-06-17T23:24:24.031+0000][6980.841s][info][gc,phases     ] GC(194)   Post Evacuate Collection Set: 0.3ms
[2026-06-17T23:24:24.031+0000][6980.841s][info][gc,phases     ] GC(194)   Other: 0.3ms
[2026-06-17T23:24:24.031+0000][6980.841s][info][gc,heap       ] GC(194) Eden regions: 245->0(244)
[2026-06-17T23:24:24.031+0000][6980.841s][info][gc,heap       ] GC(194) Survivor regions: 2->4(31)
[2026-06-17T23:24:24.031+0000][6980.841s][info][gc,heap       ] GC(194) Old regions: 52->52
[2026-06-17T23:24:24.031+0000][6980.841s][info][gc,heap       ] GC(194) Humongous regions: 147->147
[2026-06-17T23:24:24.031+0000][6980.841s][info][gc,metaspace  ] GC(194) Metaspace: 52159K(55040K)->52159K(55040K) NonClass: 46252K(47872K)->46252K(47872K) Class: 5907K(7168K)->5907K(7168K)
[2026-06-17T23:24:24.031+0000][6980.841s][info][gc            ] GC(194) Pause Young (Normal) (G1 Evacuation Pause) 445M->202M(512M) 7.068ms
[2026-06-17T23:24:24.031+0000][6980.841s][info][gc,cpu        ] GC(194) User=0.07s Sys=0.00s Real=0.00s
[2026-06-17T23:24:25.316+0000][6982.126s][info][gc,start      ] GC(195) Pause Young (Normal) (G1 Evacuation Pause)
[2026-06-17T23:24:25.316+0000][6982.126s][info][gc,task       ] GC(195) Using 13 workers of 13 for evacuation
[2026-06-17T23:24:25.318+0000][6982.128s][info][gc,phases     ] GC(195)   Pre Evacuate Collection Set: 0.0ms
[2026-06-17T23:24:25.318+0000][6982.128s][info][gc,phases     ] GC(195)   Evacuate Collection Set: 1.6ms
[2026-06-17T23:24:25.318+0000][6982.128s][info][gc,phases     ] GC(195)   Post Evacuate Collection Set: 0.3ms
[2026-06-17T23:24:25.318+0000][6982.128s][info][gc,phases     ] GC(195)   Other: 0.3ms
[2026-06-17T23:24:25.318+0000][6982.128s][info][gc,heap       ] GC(195) Eden regions: 244->0(236)
[2026-06-17T23:24:25.318+0000][6982.128s][info][gc,heap       ] GC(195) Survivor regions: 4->9(31)
[2026-06-17T23:24:25.318+0000][6982.128s][info][gc,heap       ] GC(195) Old regions: 52->52
[2026-06-17T23:24:25.318+0000][6982.128s][info][gc,heap       ] GC(195) Humongous regions: 147->147
[2026-06-17T23:24:25.318+0000][6982.129s][info][gc,metaspace  ] GC(195) Metaspace: 52159K(55040K)->52159K(55040K) NonClass: 46252K(47872K)->46252K(47872K) Class: 5907K(7168K)->5907K(7168K)
[2026-06-17T23:24:25.318+0000][6982.129s][info][gc            ] GC(195) Pause Young (Normal) (G1 Evacuation Pause) 446M->206M(512M) 2.660ms
[2026-06-17T23:24:25.318+0000][6982.129s][info][gc,cpu        ] GC(195) User=0.01s Sys=0.00s Real=0.00s
[2026-06-17T23:25:13.885+0000][7030.697s][info][gc,start      ] GC(196) Pause Young (Concurrent Start) (G1 Evacuation Pause)
[2026-06-17T23:25:13.885+0000][7030.697s][info][gc,task       ] GC(196) Using 13 workers of 13 for evacuation
[2026-06-17T23:25:13.888+0000][7030.699s][info][gc,phases     ] GC(196)   Pre Evacuate Collection Set: 0.2ms
[2026-06-17T23:25:13.888+0000][7030.699s][info][gc,phases     ] GC(196)   Evacuate Collection Set: 1.5ms
[2026-06-17T23:25:13.888+0000][7030.699s][info][gc,phases     ] GC(196)   Post Evacuate Collection Set: 0.3ms
[2026-06-17T23:25:13.888+0000][7030.699s][info][gc,phases     ] GC(196)   Other: 0.3ms
[2026-06-17T23:25:13.888+0000][7030.699s][info][gc,heap       ] GC(196) Eden regions: 236->0(242)
[2026-06-17T23:25:13.888+0000][7030.700s][info][gc,heap       ] GC(196) Survivor regions: 9->5(31)
[2026-06-17T23:25:13.888+0000][7030.700s][info][gc,heap       ] GC(196) Old regions: 52->52
[2026-06-17T23:25:13.888+0000][7030.700s][info][gc,heap       ] GC(196) Humongous regions: 147->147
[2026-06-17T23:25:13.888+0000][7030.700s][info][gc,metaspace  ] GC(196) Metaspace: 52160K(55040K)->52160K(55040K) NonClass: 46253K(47872K)->46253K(47872K) Class: 5907K(7168K)->5907K(7168K)
[2026-06-17T23:25:13.888+0000][7030.700s][info][gc            ] GC(196) Pause Young (Concurrent Start) (G1 Evacuation Pause) 442M->203M(512M) 3.007ms
[2026-06-17T23:25:13.888+0000][7030.700s][info][gc,cpu        ] GC(196) User=0.01s Sys=0.00s Real=0.00s
[2026-06-17T23:25:13.888+0000][7030.700s][info][gc            ] GC(197) Concurrent Cycle
[2026-06-17T23:25:13.888+0000][7030.700s][info][gc,marking    ] GC(197) Concurrent Clear Claimed Marks
[2026-06-17T23:25:13.889+0000][7030.700s][info][gc,marking    ] GC(197) Concurrent Clear Claimed Marks 0.183ms
[2026-06-17T23:25:13.889+0000][7030.700s][info][gc,marking    ] GC(197) Concurrent Scan Root Regions
[2026-06-17T23:25:13.890+0000][7030.701s][info][gc,marking    ] GC(197) Concurrent Scan Root Regions 0.973ms
[2026-06-17T23:25:13.890+0000][7030.701s][info][gc,marking    ] GC(197) Concurrent Mark (7030.701s)
[2026-06-17T23:25:13.890+0000][7030.701s][info][gc,marking    ] GC(197) Concurrent Mark From Roots
[2026-06-17T23:25:13.890+0000][7030.701s][info][gc,task       ] GC(197) Using 3 workers of 3 for marking
[2026-06-17T23:25:13.895+0000][7030.706s][info][gc,marking    ] GC(197) Concurrent Mark From Roots 5.002ms
[2026-06-17T23:25:13.895+0000][7030.707s][info][gc,marking    ] GC(197) Concurrent Preclean
[2026-06-17T23:25:13.895+0000][7030.707s][info][gc,marking    ] GC(197) Concurrent Preclean 0.159ms
[2026-06-17T23:25:13.895+0000][7030.707s][info][gc,marking    ] GC(197) Concurrent Mark (7030.701s, 7030.707s) 5.449ms
[2026-06-17T23:25:13.895+0000][7030.707s][info][gc,start      ] GC(197) Pause Remark
[2026-06-17T23:25:13.897+0000][7030.709s][info][gc,stringtable] GC(197) Cleaned string and symbol table, strings: 17252 processed, 0 removed, symbols: 125009 processed, 0 removed
[2026-06-17T23:25:13.898+0000][7030.709s][info][gc            ] GC(197) Pause Remark 207M->207M(512M) 2.417ms
[2026-06-17T23:25:13.898+0000][7030.709s][info][gc,cpu        ] GC(197) User=0.03s Sys=0.00s Real=0.00s
[2026-06-17T23:25:13.898+0000][7030.709s][info][gc,marking    ] GC(197) Concurrent Rebuild Remembered Sets
[2026-06-17T23:25:13.901+0000][7030.713s][info][gc,marking    ] GC(197) Concurrent Rebuild Remembered Sets 3.596ms
[2026-06-17T23:25:13.902+0000][7030.713s][info][gc,start      ] GC(197) Pause Cleanup
[2026-06-17T23:25:13.902+0000][7030.713s][info][gc            ] GC(197) Pause Cleanup 207M->207M(512M) 0.161ms
[2026-06-17T23:25:13.902+0000][7030.714s][info][gc,cpu        ] GC(197) User=0.00s Sys=0.00s Real=0.00s
[2026-06-17T23:25:13.902+0000][7030.714s][info][gc,marking    ] GC(197) Concurrent Cleanup for Next Mark
[2026-06-17T23:25:13.902+0000][7030.714s][info][gc,marking    ] GC(197) Concurrent Cleanup for Next Mark 0.149ms
[2026-06-17T23:25:13.902+0000][7030.714s][info][gc            ] GC(197) Concurrent Cycle 13.935ms
[2026-06-17T23:25:15.309+0000][7032.121s][info][gc,start      ] GC(198) Pause Young (Prepare Mixed) (G1 Evacuation Pause)
[2026-06-17T23:25:15.310+0000][7032.121s][info][gc,task       ] GC(198) Using 13 workers of 13 for evacuation
[2026-06-17T23:25:15.312+0000][7032.124s][info][gc,phases     ] GC(198)   Pre Evacuate Collection Set: 0.0ms
[2026-06-17T23:25:15.312+0000][7032.124s][info][gc,phases     ] GC(198)   Evacuate Collection Set: 2.0ms
[2026-06-17T23:25:15.312+0000][7032.124s][info][gc,phases     ] GC(198)   Post Evacuate Collection Set: 0.3ms
[2026-06-17T23:25:15.312+0000][7032.124s][info][gc,phases     ] GC(198)   Other: 0.4ms
[2026-06-17T23:25:15.312+0000][7032.124s][info][gc,heap       ] GC(198) Eden regions: 242->0(16)
[2026-06-17T23:25:15.312+0000][7032.124s][info][gc,heap       ] GC(198) Survivor regions: 5->9(31)
[2026-06-17T23:25:15.313+0000][7032.124s][info][gc,heap       ] GC(198) Old regions: 52->52
[2026-06-17T23:25:15.313+0000][7032.124s][info][gc,heap       ] GC(198) Humongous regions: 147->147
[2026-06-17T23:25:15.313+0000][7032.124s][info][gc,metaspace  ] GC(198) Metaspace: 52160K(55040K)->52160K(55040K) NonClass: 46253K(47872K)->46253K(47872K) Class: 5907K(7168K)->5907K(7168K)
[2026-06-17T23:25:15.313+0000][7032.124s][info][gc            ] GC(198) Pause Young (Prepare Mixed) (G1 Evacuation Pause) 445M->207M(512M) 3.251ms
[2026-06-17T23:25:15.313+0000][7032.124s][info][gc,cpu        ] GC(198) User=0.03s Sys=0.00s Real=0.01s
[2026-06-17T23:25:15.386+0000][7032.197s][info][gc,start      ] GC(199) Pause Young (Mixed) (G1 Evacuation Pause)
[2026-06-17T23:25:15.386+0000][7032.198s][info][gc,task       ] GC(199) Using 13 workers of 13 for evacuation
[2026-06-17T23:25:15.388+0000][7032.200s][info][gc,phases     ] GC(199)   Pre Evacuate Collection Set: 0.0ms
[2026-06-17T23:25:15.388+0000][7032.200s][info][gc,phases     ] GC(199)   Evacuate Collection Set: 1.5ms
[2026-06-17T23:25:15.388+0000][7032.200s][info][gc,phases     ] GC(199)   Post Evacuate Collection Set: 0.3ms
[2026-06-17T23:25:15.388+0000][7032.200s][info][gc,phases     ] GC(199)   Other: 0.4ms
[2026-06-17T23:25:15.388+0000][7032.200s][info][gc,heap       ] GC(199) Eden regions: 16->0(247)
[2026-06-17T23:25:15.388+0000][7032.200s][info][gc,heap       ] GC(199) Survivor regions: 9->2(4)
[2026-06-17T23:25:15.388+0000][7032.200s][info][gc,heap       ] GC(199) Old regions: 52->46
[2026-06-17T23:25:15.389+0000][7032.200s][info][gc,heap       ] GC(199) Humongous regions: 147->147
[2026-06-17T23:25:15.389+0000][7032.200s][info][gc,metaspace  ] GC(199) Metaspace: 52160K(55040K)->52160K(55040K) NonClass: 46253K(47872K)->46253K(47872K) Class: 5907K(7168K)->5907K(7168K)
[2026-06-17T23:25:15.389+0000][7032.200s][info][gc            ] GC(199) Pause Young (Mixed) (G1 Evacuation Pause) 223M->194M(512M) 2.814ms
[2026-06-17T23:25:15.389+0000][7032.200s][info][gc,cpu        ] GC(199) User=0.01s Sys=0.00s Real=0.00s
[2026-06-17T23:25:16.653+0000][7033.464s][info][gc,start      ] GC(200) Pause Young (Normal) (G1 Evacuation Pause)
[2026-06-17T23:25:16.653+0000][7033.464s][info][gc,task       ] GC(200) Using 13 workers of 13 for evacuation
[2026-06-17T23:25:16.662+0000][7033.474s][info][gc,phases     ] GC(200)   Pre Evacuate Collection Set: 0.0ms
[2026-06-17T23:25:16.662+0000][7033.474s][info][gc,phases     ] GC(200)   Evacuate Collection Set: 8.7ms
[2026-06-17T23:25:16.662+0000][7033.474s][info][gc,phases     ] GC(200)   Post Evacuate Collection Set: 0.3ms
[2026-06-17T23:25:16.662+0000][7033.474s][info][gc,phases     ] GC(200)   Other: 0.4ms
[2026-06-17T23:25:16.662+0000][7033.474s][info][gc,heap       ] GC(200) Eden regions: 247->0(245)
[2026-06-17T23:25:16.662+0000][7033.474s][info][gc,heap       ] GC(200) Survivor regions: 2->6(32)
[2026-06-17T23:25:16.662+0000][7033.474s][info][gc,heap       ] GC(200) Old regions: 46->46
[2026-06-17T23:25:16.663+0000][7033.474s][info][gc,heap       ] GC(200) Humongous regions: 147->147
[2026-06-17T23:25:16.663+0000][7033.474s][info][gc,metaspace  ] GC(200) Metaspace: 52160K(55040K)->52160K(55040K) NonClass: 46253K(47872K)->46253K(47872K) Class: 5907K(7168K)->5907K(7168K)
[2026-06-17T23:25:16.663+0000][7033.474s][info][gc            ] GC(200) Pause Young (Normal) (G1 Evacuation Pause) 441M->198M(512M) 9.973ms
[2026-06-17T23:25:16.663+0000][7033.474s][info][gc,cpu        ] GC(200) User=0.08s Sys=0.00s Real=0.01s
[2026-06-17T23:26:05.078+0000][7081.890s][info][gc,start      ] GC(201) Pause Young (Normal) (G1 Evacuation Pause)
[2026-06-17T23:26:05.078+0000][7081.890s][info][gc,task       ] GC(201) Using 13 workers of 13 for evacuation
[2026-06-17T23:26:05.082+0000][7081.894s][info][gc,phases     ] GC(201)   Pre Evacuate Collection Set: 0.0ms
[2026-06-17T23:26:05.082+0000][7081.894s][info][gc,phases     ] GC(201)   Evacuate Collection Set: 3.7ms
[2026-06-17T23:26:05.082+0000][7081.894s][info][gc,phases     ] GC(201)   Post Evacuate Collection Set: 0.3ms
[2026-06-17T23:26:05.082+0000][7081.894s][info][gc,phases     ] GC(201)   Other: 0.3ms
[2026-06-17T23:26:05.082+0000][7081.894s][info][gc,heap       ] GC(201) Eden regions: 245->0(248)
[2026-06-17T23:26:05.082+0000][7081.894s][info][gc,heap       ] GC(201) Survivor regions: 6->4(32)
[2026-06-17T23:26:05.082+0000][7081.894s][info][gc,heap       ] GC(201) Old regions: 46->46
[2026-06-17T23:26:05.082+0000][7081.894s][info][gc,heap       ] GC(201) Humongous regions: 147->147
[2026-06-17T23:26:05.083+0000][7081.894s][info][gc,metaspace  ] GC(201) Metaspace: 52160K(55040K)->52160K(55040K) NonClass: 46253K(47872K)->46253K(47872K) Class: 5907K(7168K)->5907K(7168K)
[2026-06-17T23:26:05.083+0000][7081.894s][info][gc            ] GC(201) Pause Young (Normal) (G1 Evacuation Pause) 443M->196M(512M) 4.796ms
[2026-06-17T23:26:05.083+0000][7081.894s][info][gc,cpu        ] GC(201) User=0.04s Sys=0.00s Real=0.01s
[2026-06-17T23:26:06.789+0000][7083.601s][info][gc,start      ] GC(202) Pause Young (Concurrent Start) (G1 Evacuation Pause)
[2026-06-17T23:26:06.789+0000][7083.601s][info][gc,task       ] GC(202) Using 13 workers of 13 for evacuation
[2026-06-17T23:26:06.796+0000][7083.608s][info][gc,phases     ] GC(202)   Pre Evacuate Collection Set: 0.2ms
[2026-06-17T23:26:06.796+0000][7083.608s][info][gc,phases     ] GC(202)   Evacuate Collection Set: 6.1ms
[2026-06-17T23:26:06.796+0000][7083.608s][info][gc,phases     ] GC(202)   Post Evacuate Collection Set: 0.4ms
[2026-06-17T23:26:06.796+0000][7083.608s][info][gc,phases     ] GC(202)   Other: 0.3ms
[2026-06-17T23:26:06.796+0000][7083.608s][info][gc,heap       ] GC(202) Eden regions: 248->0(243)
[2026-06-17T23:26:06.796+0000][7083.608s][info][gc,heap       ] GC(202) Survivor regions: 4->8(32)
[2026-06-17T23:26:06.797+0000][7083.608s][info][gc,heap       ] GC(202) Old regions: 46->46
[2026-06-17T23:26:06.797+0000][7083.608s][info][gc,heap       ] GC(202) Humongous regions: 147->147
[2026-06-17T23:26:06.797+0000][7083.608s][info][gc,metaspace  ] GC(202) Metaspace: 52160K(55040K)->52160K(55040K) NonClass: 46253K(47872K)->46253K(47872K) Class: 5907K(7168K)->5907K(7168K)
[2026-06-17T23:26:06.797+0000][7083.608s][info][gc            ] GC(202) Pause Young (Concurrent Start) (G1 Evacuation Pause) 444M->200M(512M) 7.438ms
[2026-06-17T23:26:06.797+0000][7083.609s][info][gc,cpu        ] GC(202) User=0.07s Sys=0.00s Real=0.01s
[2026-06-17T23:26:06.797+0000][7083.609s][info][gc            ] GC(203) Concurrent Cycle
[2026-06-17T23:26:06.797+0000][7083.609s][info][gc,marking    ] GC(203) Concurrent Clear Claimed Marks
[2026-06-17T23:26:06.797+0000][7083.609s][info][gc,marking    ] GC(203) Concurrent Clear Claimed Marks 0.134ms
[2026-06-17T23:26:06.797+0000][7083.609s][info][gc,marking    ] GC(203) Concurrent Scan Root Regions
[2026-06-17T23:26:06.798+0000][7083.610s][info][gc,marking    ] GC(203) Concurrent Scan Root Regions 1.188ms
[2026-06-17T23:26:06.798+0000][7083.610s][info][gc,marking    ] GC(203) Concurrent Mark (7083.610s)
[2026-06-17T23:26:06.798+0000][7083.610s][info][gc,marking    ] GC(203) Concurrent Mark From Roots
[2026-06-17T23:26:06.798+0000][7083.610s][info][gc,task       ] GC(203) Using 3 workers of 3 for marking
[2026-06-17T23:26:06.804+0000][7083.616s][info][gc,marking    ] GC(203) Concurrent Mark From Roots 5.328ms
[2026-06-17T23:26:06.804+0000][7083.616s][info][gc,marking    ] GC(203) Concurrent Preclean
[2026-06-17T23:26:06.804+0000][7083.616s][info][gc,marking    ] GC(203) Concurrent Preclean 0.192ms
[2026-06-17T23:26:06.804+0000][7083.616s][info][gc,marking    ] GC(203) Concurrent Mark (7083.610s, 7083.616s) 5.743ms
[2026-06-17T23:26:06.804+0000][7083.616s][info][gc,start      ] GC(203) Pause Remark
[2026-06-17T23:26:06.806+0000][7083.618s][info][gc,stringtable] GC(203) Cleaned string and symbol table, strings: 17252 processed, 0 removed, symbols: 125009 processed, 0 removed
[2026-06-17T23:26:06.807+0000][7083.618s][info][gc            ] GC(203) Pause Remark 204M->204M(512M) 2.420ms
[2026-06-17T23:26:06.807+0000][7083.619s][info][gc,cpu        ] GC(203) User=0.03s Sys=0.00s Real=0.00s
[2026-06-17T23:26:06.807+0000][7083.619s][info][gc,marking    ] GC(203) Concurrent Rebuild Remembered Sets
[2026-06-17T23:26:06.811+0000][7083.623s][info][gc,marking    ] GC(203) Concurrent Rebuild Remembered Sets 4.336ms
[2026-06-17T23:26:06.811+0000][7083.623s][info][gc,start      ] GC(203) Pause Cleanup
[2026-06-17T23:26:06.812+0000][7083.623s][info][gc            ] GC(203) Pause Cleanup 205M->205M(512M) 0.175ms
[2026-06-17T23:26:06.812+0000][7083.624s][info][gc,cpu        ] GC(203) User=0.00s Sys=0.00s Real=0.00s
[2026-06-17T23:26:06.812+0000][7083.624s][info][gc,marking    ] GC(203) Concurrent Cleanup for Next Mark
[2026-06-17T23:26:06.812+0000][7083.624s][info][gc,marking    ] GC(203) Concurrent Cleanup for Next Mark 0.130ms
[2026-06-17T23:26:06.812+0000][7083.624s][info][gc            ] GC(203) Concurrent Cycle 15.107ms
[2026-06-17T23:26:08.126+0000][7084.938s][info][gc,start      ] GC(204) Pause Young (Prepare Mixed) (G1 Evacuation Pause)
[2026-06-17T23:26:08.126+0000][7084.938s][info][gc,task       ] GC(204) Using 13 workers of 13 for evacuation
[2026-06-17T23:26:08.128+0000][7084.940s][info][gc,phases     ] GC(204)   Pre Evacuate Collection Set: 0.0ms
[2026-06-17T23:26:08.128+0000][7084.940s][info][gc,phases     ] GC(204)   Evacuate Collection Set: 1.6ms
[2026-06-17T23:26:08.128+0000][7084.940s][info][gc,phases     ] GC(204)   Post Evacuate Collection Set: 0.4ms
[2026-06-17T23:26:08.128+0000][7084.940s][info][gc,phases     ] GC(204)   Other: 0.3ms
[2026-06-17T23:26:08.128+0000][7084.940s][info][gc,heap       ] GC(204) Eden regions: 243->0(19)
[2026-06-17T23:26:08.129+0000][7084.940s][info][gc,heap       ] GC(204) Survivor regions: 8->6(32)
[2026-06-17T23:26:08.129+0000][7084.940s][info][gc,heap       ] GC(204) Old regions: 46->46
[2026-06-17T23:26:08.129+0000][7084.940s][info][gc,heap       ] GC(204) Humongous regions: 147->147
[2026-06-17T23:26:08.129+0000][7084.940s][info][gc,metaspace  ] GC(204) Metaspace: 52160K(55040K)->52160K(55040K) NonClass: 46253K(47872K)->46253K(47872K) Class: 5907K(7168K)->5907K(7168K)
[2026-06-17T23:26:08.129+0000][7084.941s][info][gc            ] GC(204) Pause Young (Prepare Mixed) (G1 Evacuation Pause) 443M->198M(512M) 2.800ms
[2026-06-17T23:26:08.129+0000][7084.941s][info][gc,cpu        ] GC(204) User=0.02s Sys=0.00s Real=0.00s
[2026-06-17T23:26:08.220+0000][7085.032s][info][gc,start      ] GC(205) Pause Young (Mixed) (G1 Evacuation Pause)
[2026-06-17T23:26:08.221+0000][7085.032s][info][gc,task       ] GC(205) Using 13 workers of 13 for evacuation
[2026-06-17T23:26:08.223+0000][7085.035s][info][gc,phases     ] GC(205)   Pre Evacuate Collection Set: 0.0ms
[2026-06-17T23:26:08.223+0000][7085.035s][info][gc,phases     ] GC(205)   Evacuate Collection Set: 2.3ms
[2026-06-17T23:26:08.223+0000][7085.035s][info][gc,phases     ] GC(205)   Post Evacuate Collection Set: 0.3ms
[2026-06-17T23:26:08.224+0000][7085.035s][info][gc,phases     ] GC(205)   Other: 0.3ms
[2026-06-17T23:26:08.224+0000][7085.035s][info][gc,heap       ] GC(205) Eden regions: 19->0(245)
[2026-06-17T23:26:08.224+0000][7085.035s][info][gc,heap       ] GC(205) Survivor regions: 6->2(4)
[2026-06-17T23:26:08.224+0000][7085.035s][info][gc,heap       ] GC(205) Old regions: 46->50
[2026-06-17T23:26:08.224+0000][7085.035s][info][gc,heap       ] GC(205) Humongous regions: 147->147
[2026-06-17T23:26:08.224+0000][7085.036s][info][gc,metaspace  ] GC(205) Metaspace: 52160K(55040K)->52160K(55040K) NonClass: 46253K(47872K)->46253K(47872K) Class: 5907K(7168K)->5907K(7168K)
[2026-06-17T23:26:08.224+0000][7085.036s][info][gc            ] GC(205) Pause Young (Mixed) (G1 Evacuation Pause) 217M->197M(512M) 3.344ms
[2026-06-17T23:26:08.224+0000][7085.036s][info][gc,cpu        ] GC(205) User=0.02s Sys=0.00s Real=0.01s
[2026-06-17T23:26:56.525+0000][7133.336s][info][gc,start      ] GC(206) Pause Young (Normal) (G1 Evacuation Pause)
[2026-06-17T23:26:56.525+0000][7133.336s][info][gc,task       ] GC(206) Using 13 workers of 13 for evacuation
[2026-06-17T23:26:56.534+0000][7133.345s][info][gc,phases     ] GC(206)   Pre Evacuate Collection Set: 0.0ms
[2026-06-17T23:26:56.534+0000][7133.345s][info][gc,phases     ] GC(206)   Evacuate Collection Set: 8.2ms
[2026-06-17T23:26:56.534+0000][7133.345s][info][gc,phases     ] GC(206)   Post Evacuate Collection Set: 0.3ms
[2026-06-17T23:26:56.534+0000][7133.345s][info][gc,phases     ] GC(206)   Other: 0.3ms
[2026-06-17T23:26:56.534+0000][7133.345s][info][gc,heap       ] GC(206) Eden regions: 245->0(246)
[2026-06-17T23:26:56.534+0000][7133.345s][info][gc,heap       ] GC(206) Survivor regions: 2->3(31)
[2026-06-17T23:26:56.534+0000][7133.345s][info][gc,heap       ] GC(206) Old regions: 50->50
[2026-06-17T23:26:56.534+0000][7133.345s][info][gc,heap       ] GC(206) Humongous regions: 147->147
[2026-06-17T23:26:56.534+0000][7133.345s][info][gc,metaspace  ] GC(206) Metaspace: 52160K(55040K)->52160K(55040K) NonClass: 46253K(47872K)->46253K(47872K) Class: 5907K(7168K)->5907K(7168K)
[2026-06-17T23:26:56.534+0000][7133.345s][info][gc            ] GC(206) Pause Young (Normal) (G1 Evacuation Pause) 442M->198M(512M) 9.395ms
[2026-06-17T23:26:56.534+0000][7133.345s][info][gc,cpu        ] GC(206) User=0.08s Sys=0.00s Real=0.01s
[2026-06-17T23:26:58.125+0000][7134.935s][info][gc,start      ] GC(207) Pause Young (Normal) (G1 Evacuation Pause)
[2026-06-17T23:26:58.125+0000][7134.935s][info][gc,task       ] GC(207) Using 13 workers of 13 for evacuation
[2026-06-17T23:26:58.127+0000][7134.938s][info][gc,phases     ] GC(207)   Pre Evacuate Collection Set: 0.0ms
[2026-06-17T23:26:58.127+0000][7134.938s][info][gc,phases     ] GC(207)   Evacuate Collection Set: 1.7ms
[2026-06-17T23:26:58.127+0000][7134.938s][info][gc,phases     ] GC(207)   Post Evacuate Collection Set: 0.3ms
[2026-06-17T23:26:58.127+0000][7134.938s][info][gc,phases     ] GC(207)   Other: 0.3ms
[2026-06-17T23:26:58.127+0000][7134.938s][info][gc,heap       ] GC(207) Eden regions: 246->0(240)
[2026-06-17T23:26:58.127+0000][7134.938s][info][gc,heap       ] GC(207) Survivor regions: 3->8(32)
[2026-06-17T23:26:58.127+0000][7134.938s][info][gc,heap       ] GC(207) Old regions: 50->50
[2026-06-17T23:26:58.127+0000][7134.938s][info][gc,heap       ] GC(207) Humongous regions: 147->147
[2026-06-17T23:26:58.127+0000][7134.938s][info][gc,metaspace  ] GC(207) Metaspace: 52160K(55040K)->52160K(55040K) NonClass: 46253K(47872K)->46253K(47872K) Class: 5907K(7168K)->5907K(7168K)
[2026-06-17T23:26:58.127+0000][7134.938s][info][gc            ] GC(207) Pause Young (Normal) (G1 Evacuation Pause) 444M->203M(512M) 2.910ms
[2026-06-17T23:26:58.128+0000][7134.938s][info][gc,cpu        ] GC(207) User=0.02s Sys=0.00s Real=0.00s
[2026-06-17T23:26:59.483+0000][7136.294s][info][gc,start      ] GC(208) Pause Young (Concurrent Start) (G1 Evacuation Pause)
[2026-06-17T23:26:59.483+0000][7136.294s][info][gc,task       ] GC(208) Using 13 workers of 13 for evacuation
[2026-06-17T23:26:59.486+0000][7136.297s][info][gc,phases     ] GC(208)   Pre Evacuate Collection Set: 0.3ms
[2026-06-17T23:26:59.486+0000][7136.297s][info][gc,phases     ] GC(208)   Evacuate Collection Set: 1.6ms
[2026-06-17T23:26:59.486+0000][7136.297s][info][gc,phases     ] GC(208)   Post Evacuate Collection Set: 0.3ms
[2026-06-17T23:26:59.486+0000][7136.297s][info][gc,phases     ] GC(208)   Other: 0.3ms
[2026-06-17T23:26:59.486+0000][7136.297s][info][gc,heap       ] GC(208) Eden regions: 240->0(243)
[2026-06-17T23:26:59.486+0000][7136.297s][info][gc,heap       ] GC(208) Survivor regions: 8->6(31)
[2026-06-17T23:26:59.486+0000][7136.297s][info][gc,heap       ] GC(208) Old regions: 50->50
[2026-06-17T23:26:59.486+0000][7136.297s][info][gc,heap       ] GC(208) Humongous regions: 147->147
[2026-06-17T23:26:59.486+0000][7136.297s][info][gc,metaspace  ] GC(208) Metaspace: 52160K(55040K)->52160K(55040K) NonClass: 46253K(47872K)->46253K(47872K) Class: 5907K(7168K)->5907K(7168K)
[2026-06-17T23:26:59.486+0000][7136.297s][info][gc            ] GC(208) Pause Young (Concurrent Start) (G1 Evacuation Pause) 443M->201M(512M) 3.110ms
[2026-06-17T23:26:59.486+0000][7136.297s][info][gc,cpu        ] GC(208) User=0.02s Sys=0.00s Real=0.00s
[2026-06-17T23:26:59.486+0000][7136.297s][info][gc            ] GC(209) Concurrent Cycle
[2026-06-17T23:26:59.487+0000][7136.297s][info][gc,marking    ] GC(209) Concurrent Clear Claimed Marks
[2026-06-17T23:26:59.487+0000][7136.297s][info][gc,marking    ] GC(209) Concurrent Clear Claimed Marks 0.169ms
[2026-06-17T23:26:59.487+0000][7136.298s][info][gc,marking    ] GC(209) Concurrent Scan Root Regions
[2026-06-17T23:26:59.488+0000][7136.298s][info][gc,marking    ] GC(209) Concurrent Scan Root Regions 0.904ms
[2026-06-17T23:26:59.488+0000][7136.298s][info][gc,marking    ] GC(209) Concurrent Mark (7136.298s)
[2026-06-17T23:26:59.488+0000][7136.299s][info][gc,marking    ] GC(209) Concurrent Mark From Roots
[2026-06-17T23:26:59.488+0000][7136.299s][info][gc,task       ] GC(209) Using 3 workers of 3 for marking
[2026-06-17T23:26:59.493+0000][7136.304s][info][gc,marking    ] GC(209) Concurrent Mark From Roots 5.504ms
[2026-06-17T23:26:59.493+0000][7136.304s][info][gc,marking    ] GC(209) Concurrent Preclean
[2026-06-17T23:26:59.494+0000][7136.304s][info][gc,marking    ] GC(209) Concurrent Preclean 0.137ms
[2026-06-17T23:26:59.494+0000][7136.304s][info][gc,marking    ] GC(209) Concurrent Mark (7136.298s, 7136.304s) 5.852ms
[2026-06-17T23:26:59.494+0000][7136.304s][info][gc,start      ] GC(209) Pause Remark
[2026-06-17T23:26:59.496+0000][7136.307s][info][gc,stringtable] GC(209) Cleaned string and symbol table, strings: 17252 processed, 0 removed, symbols: 125009 processed, 0 removed
[2026-06-17T23:26:59.496+0000][7136.307s][info][gc            ] GC(209) Pause Remark 205M->205M(512M) 2.559ms
[2026-06-17T23:26:59.496+0000][7136.307s][info][gc,cpu        ] GC(209) User=0.03s Sys=0.00s Real=0.00s
[2026-06-17T23:26:59.496+0000][7136.307s][info][gc,marking    ] GC(209) Concurrent Rebuild Remembered Sets
[2026-06-17T23:26:59.501+0000][7136.311s][info][gc,marking    ] GC(209) Concurrent Rebuild Remembered Sets 4.167ms
[2026-06-17T23:26:59.501+0000][7136.311s][info][gc,start      ] GC(209) Pause Cleanup
[2026-06-17T23:26:59.501+0000][7136.312s][info][gc            ] GC(209) Pause Cleanup 206M->206M(512M) 0.160ms
[2026-06-17T23:26:59.501+0000][7136.312s][info][gc,cpu        ] GC(209) User=0.00s Sys=0.00s Real=0.00s
[2026-06-17T23:26:59.501+0000][7136.312s][info][gc,marking    ] GC(209) Concurrent Cleanup for Next Mark
[2026-06-17T23:26:59.501+0000][7136.312s][info][gc,marking    ] GC(209) Concurrent Cleanup for Next Mark 0.131ms
[2026-06-17T23:26:59.501+0000][7136.312s][info][gc            ] GC(209) Concurrent Cycle 14.722ms
[2026-06-17T23:27:00.773+0000][7137.583s][info][gc,start      ] GC(210) Pause Young (Prepare Mixed) (G1 Evacuation Pause)
[2026-06-17T23:27:00.773+0000][7137.584s][info][gc,task       ] GC(210) Using 13 workers of 13 for evacuation
[2026-06-17T23:27:00.775+0000][7137.585s][info][gc,phases     ] GC(210)   Pre Evacuate Collection Set: 0.0ms
[2026-06-17T23:27:00.775+0000][7137.585s][info][gc,phases     ] GC(210)   Evacuate Collection Set: 1.4ms
[2026-06-17T23:27:00.775+0000][7137.586s][info][gc,phases     ] GC(210)   Post Evacuate Collection Set: 0.3ms
[2026-06-17T23:27:00.775+0000][7137.586s][info][gc,phases     ] GC(210)   Other: 0.3ms
[2026-06-17T23:27:00.775+0000][7137.586s][info][gc,heap       ] GC(210) Eden regions: 243->0(22)
[2026-06-17T23:27:00.775+0000][7137.586s][info][gc,heap       ] GC(210) Survivor regions: 6->3(32)
[2026-06-17T23:27:00.775+0000][7137.586s][info][gc,heap       ] GC(210) Old regions: 50->50
[2026-06-17T23:27:00.775+0000][7137.586s][info][gc,heap       ] GC(210) Humongous regions: 147->147
[2026-06-17T23:27:00.775+0000][7137.586s][info][gc,metaspace  ] GC(210) Metaspace: 52160K(55040K)->52160K(55040K) NonClass: 46253K(47872K)->46253K(47872K) Class: 5907K(7168K)->5907K(7168K)
[2026-06-17T23:27:00.775+0000][7137.586s][info][gc            ] GC(210) Pause Young (Prepare Mixed) (G1 Evacuation Pause) 444M->199M(512M) 2.438ms
[2026-06-17T23:27:00.775+0000][7137.586s][info][gc,cpu        ] GC(210) User=0.02s Sys=0.00s Real=0.00s
[2026-06-17T23:27:00.898+0000][7137.708s][info][gc,start      ] GC(211) Pause Young (Mixed) (G1 Evacuation Pause)
[2026-06-17T23:27:00.899+0000][7137.709s][info][gc,task       ] GC(211) Using 13 workers of 13 for evacuation
[2026-06-17T23:27:00.902+0000][7137.713s][info][gc,phases     ] GC(211)   Pre Evacuate Collection Set: 0.0ms
[2026-06-17T23:27:00.902+0000][7137.713s][info][gc,phases     ] GC(211)   Evacuate Collection Set: 3.0ms
[2026-06-17T23:27:00.902+0000][7137.713s][info][gc,phases     ] GC(211)   Post Evacuate Collection Set: 0.3ms
[2026-06-17T23:27:00.902+0000][7137.713s][info][gc,phases     ] GC(211)   Other: 1.1ms
[2026-06-17T23:27:00.902+0000][7137.713s][info][gc,heap       ] GC(211) Eden regions: 22->0(251)
[2026-06-17T23:27:00.902+0000][7137.713s][info][gc,heap       ] GC(211) Survivor regions: 3->4(4)
[2026-06-17T23:27:00.903+0000][7137.713s][info][gc,heap       ] GC(211) Old regions: 50->44
[2026-06-17T23:27:00.903+0000][7137.713s][info][gc,heap       ] GC(211) Humongous regions: 147->147
[2026-06-17T23:27:00.903+0000][7137.713s][info][gc,metaspace  ] GC(211) Metaspace: 52160K(55040K)->52160K(55040K) NonClass: 46253K(47872K)->46253K(47872K) Class: 5907K(7168K)->5907K(7168K)
[2026-06-17T23:27:00.903+0000][7137.713s][info][gc            ] GC(211) Pause Young (Mixed) (G1 Evacuation Pause) 221M->194M(512M) 5.031ms
[2026-06-17T23:27:00.903+0000][7137.714s][info][gc,cpu        ] GC(211) User=0.04s Sys=0.00s Real=0.01s
[2026-06-17T23:27:49.533+0000][7186.344s][info][gc,start      ] GC(212) Pause Young (Normal) (G1 Evacuation Pause)
[2026-06-17T23:27:49.533+0000][7186.344s][info][gc,task       ] GC(212) Using 13 workers of 13 for evacuation
[2026-06-17T23:27:49.536+0000][7186.347s][info][gc,phases     ] GC(212)   Pre Evacuate Collection Set: 0.0ms
[2026-06-17T23:27:49.536+0000][7186.347s][info][gc,phases     ] GC(212)   Evacuate Collection Set: 2.3ms
[2026-06-17T23:27:49.536+0000][7186.347s][info][gc,phases     ] GC(212)   Post Evacuate Collection Set: 0.3ms
[2026-06-17T23:27:49.536+0000][7186.348s][info][gc,phases     ] GC(212)   Other: 0.4ms
[2026-06-17T23:27:49.536+0000][7186.348s][info][gc,heap       ] GC(212) Eden regions: 251->0(246)
[2026-06-17T23:27:49.536+0000][7186.348s][info][gc,heap       ] GC(212) Survivor regions: 4->8(32)
[2026-06-17T23:27:49.536+0000][7186.348s][info][gc,heap       ] GC(212) Old regions: 44->44
[2026-06-17T23:27:49.536+0000][7186.348s][info][gc,heap       ] GC(212) Humongous regions: 147->147
[2026-06-17T23:27:49.536+0000][7186.348s][info][gc,metaspace  ] GC(212) Metaspace: 52160K(55040K)->52160K(55040K) NonClass: 46253K(47872K)->46253K(47872K) Class: 5907K(7168K)->5907K(7168K)
[2026-06-17T23:27:49.536+0000][7186.348s][info][gc            ] GC(212) Pause Young (Normal) (G1 Evacuation Pause) 445M->198M(512M) 3.485ms
[2026-06-17T23:27:49.536+0000][7186.348s][info][gc,cpu        ] GC(212) User=0.02s Sys=0.00s Real=0.00s
[2026-06-17T23:27:51.019+0000][7187.830s][info][gc,start      ] GC(213) Pause Young (Normal) (G1 Evacuation Pause)
[2026-06-17T23:27:51.019+0000][7187.830s][info][gc,task       ] GC(213) Using 13 workers of 13 for evacuation
[2026-06-17T23:27:51.021+0000][7187.833s][info][gc,phases     ] GC(213)   Pre Evacuate Collection Set: 0.0ms
[2026-06-17T23:27:51.022+0000][7187.833s][info][gc,phases     ] GC(213)   Evacuate Collection Set: 2.1ms
[2026-06-17T23:27:51.022+0000][7187.833s][info][gc,phases     ] GC(213)   Post Evacuate Collection Set: 0.4ms
[2026-06-17T23:27:51.022+0000][7187.833s][info][gc,phases     ] GC(213)   Other: 0.3ms
[2026-06-17T23:27:51.022+0000][7187.833s][info][gc,heap       ] GC(213) Eden regions: 246->0(248)
[2026-06-17T23:27:51.022+0000][7187.833s][info][gc,heap       ] GC(213) Survivor regions: 8->6(32)
[2026-06-17T23:27:51.022+0000][7187.833s][info][gc,heap       ] GC(213) Old regions: 44->44
[2026-06-17T23:27:51.022+0000][7187.833s][info][gc,heap       ] GC(213) Humongous regions: 147->147
[2026-06-17T23:27:51.022+0000][7187.833s][info][gc,metaspace  ] GC(213) Metaspace: 52160K(55040K)->52160K(55040K) NonClass: 46253K(47872K)->46253K(47872K) Class: 5907K(7168K)->5907K(7168K)
[2026-06-17T23:27:51.022+0000][7187.833s][info][gc            ] GC(213) Pause Young (Normal) (G1 Evacuation Pause) 444M->196M(512M) 3.248ms
[2026-06-17T23:27:51.022+0000][7187.834s][info][gc,cpu        ] GC(213) User=0.03s Sys=0.00s Real=0.01s
[2026-06-17T23:27:52.331+0000][7189.143s][info][gc,start      ] GC(214) Pause Young (Concurrent Start) (G1 Evacuation Pause)
[2026-06-17T23:27:52.331+0000][7189.143s][info][gc,task       ] GC(214) Using 13 workers of 13 for evacuation
[2026-06-17T23:27:52.337+0000][7189.149s][info][gc,phases     ] GC(214)   Pre Evacuate Collection Set: 0.2ms
[2026-06-17T23:27:52.338+0000][7189.150s][info][gc,phases     ] GC(214)   Evacuate Collection Set: 4.4ms
[2026-06-17T23:27:52.339+0000][7189.150s][info][gc,phases     ] GC(214)   Post Evacuate Collection Set: 1.2ms
[2026-06-17T23:27:52.339+0000][7189.150s][info][gc,phases     ] GC(214)   Other: 0.4ms
[2026-06-17T23:27:52.339+0000][7189.150s][info][gc,heap       ] GC(214) Eden regions: 248->0(243)
[2026-06-17T23:27:52.339+0000][7189.150s][info][gc,heap       ] GC(214) Survivor regions: 6->11(32)
[2026-06-17T23:27:52.339+0000][7189.151s][info][gc,heap       ] GC(214) Old regions: 44->44
[2026-06-17T23:27:52.340+0000][7189.151s][info][gc,heap       ] GC(214) Humongous regions: 147->147
[2026-06-17T23:27:52.340+0000][7189.152s][info][gc,metaspace  ] GC(214) Metaspace: 52160K(55040K)->52160K(55040K) NonClass: 46253K(47872K)->46253K(47872K) Class: 5907K(7168K)->5907K(7168K)
[2026-06-17T23:27:52.341+0000][7189.153s][info][gc            ] GC(214) Pause Young (Concurrent Start) (G1 Evacuation Pause) 444M->201M(512M) 10.374ms
[2026-06-17T23:27:52.342+0000][7189.153s][info][gc,cpu        ] GC(214) User=0.05s Sys=0.00s Real=0.02s
[2026-06-17T23:27:52.342+0000][7189.154s][info][gc            ] GC(215) Concurrent Cycle
[2026-06-17T23:27:52.342+0000][7189.154s][info][gc,marking    ] GC(215) Concurrent Clear Claimed Marks
[2026-06-17T23:27:52.343+0000][7189.154s][info][gc,marking    ] GC(215) Concurrent Clear Claimed Marks 0.359ms
[2026-06-17T23:27:52.343+0000][7189.154s][info][gc,marking    ] GC(215) Concurrent Scan Root Regions
[2026-06-17T23:27:52.344+0000][7189.156s][info][gc,marking    ] GC(215) Concurrent Scan Root Regions 1.826ms
[2026-06-17T23:27:52.345+0000][7189.156s][info][gc,marking    ] GC(215) Concurrent Mark (7189.156s)
[2026-06-17T23:27:52.345+0000][7189.156s][info][gc,marking    ] GC(215) Concurrent Mark From Roots
[2026-06-17T23:27:52.345+0000][7189.156s][info][gc,task       ] GC(215) Using 3 workers of 3 for marking
[2026-06-17T23:27:52.350+0000][7189.162s][info][gc,marking    ] GC(215) Concurrent Mark From Roots 5.552ms
[2026-06-17T23:27:52.350+0000][7189.162s][info][gc,marking    ] GC(215) Concurrent Preclean
[2026-06-17T23:27:52.350+0000][7189.162s][info][gc,marking    ] GC(215) Concurrent Preclean 0.189ms
[2026-06-17T23:27:52.351+0000][7189.162s][info][gc,marking    ] GC(215) Concurrent Mark (7189.156s, 7189.162s) 6.000ms
[2026-06-17T23:27:52.351+0000][7189.162s][info][gc,start      ] GC(215) Pause Remark
[2026-06-17T23:27:52.353+0000][7189.165s][info][gc,stringtable] GC(215) Cleaned string and symbol table, strings: 17252 processed, 0 removed, symbols: 125009 processed, 0 removed
[2026-06-17T23:27:52.354+0000][7189.165s][info][gc            ] GC(215) Pause Remark 205M->205M(512M) 2.819ms
[2026-06-17T23:27:52.354+0000][7189.165s][info][gc,cpu        ] GC(215) User=0.02s Sys=0.00s Real=0.01s
[2026-06-17T23:27:52.354+0000][7189.165s][info][gc,marking    ] GC(215) Concurrent Rebuild Remembered Sets
[2026-06-17T23:27:52.358+0000][7189.170s][info][gc,marking    ] GC(215) Concurrent Rebuild Remembered Sets 4.399ms
[2026-06-17T23:27:52.358+0000][7189.170s][info][gc,start      ] GC(215) Pause Cleanup
[2026-06-17T23:27:52.359+0000][7189.170s][info][gc            ] GC(215) Pause Cleanup 206M->206M(512M) 0.183ms
[2026-06-17T23:27:52.359+0000][7189.170s][info][gc,cpu        ] GC(215) User=0.00s Sys=0.00s Real=0.00s
[2026-06-17T23:27:52.359+0000][7189.170s][info][gc,marking    ] GC(215) Concurrent Cleanup for Next Mark
[2026-06-17T23:27:52.359+0000][7189.170s][info][gc,marking    ] GC(215) Concurrent Cleanup for Next Mark 0.137ms
[2026-06-17T23:27:52.359+0000][7189.170s][info][gc            ] GC(215) Concurrent Cycle 16.911ms
[2026-06-17T23:28:40.664+0000][7237.474s][info][gc,start      ] GC(216) Pause Young (Normal) (G1 Evacuation Pause)
[2026-06-17T23:28:40.664+0000][7237.475s][info][gc,task       ] GC(216) Using 13 workers of 13 for evacuation
[2026-06-17T23:28:40.666+0000][7237.477s][info][gc,phases     ] GC(216)   Pre Evacuate Collection Set: 0.0ms
[2026-06-17T23:28:40.666+0000][7237.477s][info][gc,phases     ] GC(216)   Evacuate Collection Set: 1.9ms
[2026-06-17T23:28:40.666+0000][7237.477s][info][gc,phases     ] GC(216)   Post Evacuate Collection Set: 0.4ms
[2026-06-17T23:28:40.666+0000][7237.477s][info][gc,phases     ] GC(216)   Other: 0.3ms
[2026-06-17T23:28:40.666+0000][7237.477s][info][gc,heap       ] GC(216) Eden regions: 243->0(243)
[2026-06-17T23:28:40.666+0000][7237.477s][info][gc,heap       ] GC(216) Survivor regions: 11->10(32)
[2026-06-17T23:28:40.666+0000][7237.477s][info][gc,heap       ] GC(216) Old regions: 44->44
[2026-06-17T23:28:40.666+0000][7237.477s][info][gc,heap       ] GC(216) Humongous regions: 147->147
[2026-06-17T23:28:40.666+0000][7237.477s][info][gc,metaspace  ] GC(216) Metaspace: 52176K(55040K)->52176K(55040K) NonClass: 46266K(47872K)->46266K(47872K) Class: 5910K(7168K)->5910K(7168K)
[2026-06-17T23:28:40.667+0000][7237.477s][info][gc            ] GC(216) Pause Young (Normal) (G1 Evacuation Pause) 444M->200M(512M) 2.983ms
[2026-06-17T23:28:40.667+0000][7237.478s][info][gc,cpu        ] GC(216) User=0.02s Sys=0.01s Real=0.00s
[2026-06-17T23:28:42.388+0000][7239.199s][info][gc,start      ] GC(217) Pause Young (Concurrent Start) (G1 Evacuation Pause)
[2026-06-17T23:28:42.388+0000][7239.199s][info][gc,task       ] GC(217) Using 13 workers of 13 for evacuation
[2026-06-17T23:28:42.394+0000][7239.204s][info][gc,phases     ] GC(217)   Pre Evacuate Collection Set: 0.3ms
[2026-06-17T23:28:42.394+0000][7239.205s][info][gc,phases     ] GC(217)   Evacuate Collection Set: 4.5ms
[2026-06-17T23:28:42.394+0000][7239.205s][info][gc,phases     ] GC(217)   Post Evacuate Collection Set: 0.3ms
[2026-06-17T23:28:42.394+0000][7239.205s][info][gc,phases     ] GC(217)   Other: 0.3ms
[2026-06-17T23:28:42.394+0000][7239.205s][info][gc,heap       ] GC(217) Eden regions: 243->0(238)
[2026-06-17T23:28:42.394+0000][7239.205s][info][gc,heap       ] GC(217) Survivor regions: 10->14(32)
[2026-06-17T23:28:42.394+0000][7239.205s][info][gc,heap       ] GC(217) Old regions: 44->44
[2026-06-17T23:28:42.394+0000][7239.205s][info][gc,heap       ] GC(217) Humongous regions: 147->147
[2026-06-17T23:28:42.394+0000][7239.205s][info][gc,metaspace  ] GC(217) Metaspace: 52176K(55040K)->52176K(55040K) NonClass: 46266K(47872K)->46266K(47872K) Class: 5910K(7168K)->5910K(7168K)
[2026-06-17T23:28:42.394+0000][7239.205s][info][gc            ] GC(217) Pause Young (Concurrent Start) (G1 Evacuation Pause) 443M->204M(512M) 6.002ms
[2026-06-17T23:28:42.394+0000][7239.205s][info][gc,cpu        ] GC(217) User=0.04s Sys=0.00s Real=0.01s
[2026-06-17T23:28:42.394+0000][7239.205s][info][gc            ] GC(218) Concurrent Cycle
[2026-06-17T23:28:42.394+0000][7239.205s][info][gc,marking    ] GC(218) Concurrent Clear Claimed Marks
[2026-06-17T23:28:42.395+0000][7239.205s][info][gc,marking    ] GC(218) Concurrent Clear Claimed Marks 0.140ms
[2026-06-17T23:28:42.395+0000][7239.206s][info][gc,marking    ] GC(218) Concurrent Scan Root Regions
[2026-06-17T23:28:42.397+0000][7239.207s][info][gc,marking    ] GC(218) Concurrent Scan Root Regions 1.807ms
[2026-06-17T23:28:42.397+0000][7239.208s][info][gc,marking    ] GC(218) Concurrent Mark (7239.208s)
[2026-06-17T23:28:42.397+0000][7239.208s][info][gc,marking    ] GC(218) Concurrent Mark From Roots
[2026-06-17T23:28:42.397+0000][7239.208s][info][gc,task       ] GC(218) Using 3 workers of 3 for marking
[2026-06-17T23:28:42.402+0000][7239.213s][info][gc,marking    ] GC(218) Concurrent Mark From Roots 5.404ms
[2026-06-17T23:28:42.402+0000][7239.213s][info][gc,marking    ] GC(218) Concurrent Preclean
[2026-06-17T23:28:42.402+0000][7239.213s][info][gc,marking    ] GC(218) Concurrent Preclean 0.204ms
[2026-06-17T23:28:42.403+0000][7239.213s][info][gc,marking    ] GC(218) Concurrent Mark (7239.208s, 7239.213s) 5.914ms
[2026-06-17T23:28:42.403+0000][7239.214s][info][gc,start      ] GC(218) Pause Remark
[2026-06-17T23:28:42.405+0000][7239.216s][info][gc,stringtable] GC(218) Cleaned string and symbol table, strings: 17262 processed, 0 removed, symbols: 125012 processed, 0 removed
[2026-06-17T23:28:42.406+0000][7239.217s][info][gc            ] GC(218) Pause Remark 207M->207M(512M) 2.844ms
[2026-06-17T23:28:42.406+0000][7239.217s][info][gc,cpu        ] GC(218) User=0.02s Sys=0.00s Real=0.00s
[2026-06-17T23:28:42.406+0000][7239.217s][info][gc,marking    ] GC(218) Concurrent Rebuild Remembered Sets
[2026-06-17T23:28:42.410+0000][7239.221s][info][gc,marking    ] GC(218) Concurrent Rebuild Remembered Sets 4.525ms
[2026-06-17T23:28:42.411+0000][7239.222s][info][gc,start      ] GC(218) Pause Cleanup
[2026-06-17T23:28:42.411+0000][7239.222s][info][gc            ] GC(218) Pause Cleanup 208M->208M(512M) 0.253ms
[2026-06-17T23:28:42.411+0000][7239.222s][info][gc,cpu        ] GC(218) User=0.00s Sys=0.00s Real=0.00s
[2026-06-17T23:28:42.412+0000][7239.222s][info][gc,marking    ] GC(218) Concurrent Cleanup for Next Mark
[2026-06-17T23:28:42.412+0000][7239.223s][info][gc,marking    ] GC(218) Concurrent Cleanup for Next Mark 0.168ms
[2026-06-17T23:28:42.412+0000][7239.223s][info][gc            ] GC(218) Concurrent Cycle 17.423ms
[2026-06-17T23:28:43.708+0000][7240.519s][info][gc,start      ] GC(219) Pause Young (Normal) (G1 Evacuation Pause)
[2026-06-17T23:28:43.708+0000][7240.519s][info][gc,task       ] GC(219) Using 13 workers of 13 for evacuation
[2026-06-17T23:28:43.711+0000][7240.522s][info][gc,phases     ] GC(219)   Pre Evacuate Collection Set: 0.0ms
[2026-06-17T23:28:43.711+0000][7240.522s][info][gc,phases     ] GC(219)   Evacuate Collection Set: 1.9ms
[2026-06-17T23:28:43.711+0000][7240.522s][info][gc,phases     ] GC(219)   Post Evacuate Collection Set: 0.4ms
[2026-06-17T23:28:43.711+0000][7240.522s][info][gc,phases     ] GC(219)   Other: 0.3ms
[2026-06-17T23:28:43.711+0000][7240.522s][info][gc,heap       ] GC(219) Eden regions: 238->0(241)
[2026-06-17T23:28:43.711+0000][7240.522s][info][gc,heap       ] GC(219) Survivor regions: 14->11(32)
[2026-06-17T23:28:43.711+0000][7240.522s][info][gc,heap       ] GC(219) Old regions: 44->44
[2026-06-17T23:28:43.711+0000][7240.522s][info][gc,heap       ] GC(219) Humongous regions: 147->147
[2026-06-17T23:28:43.711+0000][7240.522s][info][gc,metaspace  ] GC(219) Metaspace: 52176K(55040K)->52176K(55040K) NonClass: 46266K(47872K)->46266K(47872K) Class: 5910K(7168K)->5910K(7168K)
[2026-06-17T23:28:43.711+0000][7240.522s][info][gc            ] GC(219) Pause Young (Normal) (G1 Evacuation Pause) 442M->201M(512M) 3.237ms
[2026-06-17T23:28:43.711+0000][7240.522s][info][gc,cpu        ] GC(219) User=0.02s Sys=0.00s Real=0.00s
[2026-06-17T23:28:45.001+0000][7241.812s][info][gc,start      ] GC(220) Pause Young (Concurrent Start) (G1 Evacuation Pause)
[2026-06-17T23:28:45.001+0000][7241.812s][info][gc,task       ] GC(220) Using 13 workers of 13 for evacuation
[2026-06-17T23:28:45.004+0000][7241.815s][info][gc,phases     ] GC(220)   Pre Evacuate Collection Set: 0.3ms
[2026-06-17T23:28:45.004+0000][7241.815s][info][gc,phases     ] GC(220)   Evacuate Collection Set: 2.5ms
[2026-06-17T23:28:45.004+0000][7241.815s][info][gc,phases     ] GC(220)   Post Evacuate Collection Set: 0.3ms
[2026-06-17T23:28:45.004+0000][7241.815s][info][gc,phases     ] GC(220)   Other: 0.3ms
[2026-06-17T23:28:45.004+0000][7241.815s][info][gc,heap       ] GC(220) Eden regions: 241->0(245)
[2026-06-17T23:28:45.005+0000][7241.815s][info][gc,heap       ] GC(220) Survivor regions: 11->8(32)
[2026-06-17T23:28:45.005+0000][7241.815s][info][gc,heap       ] GC(220) Old regions: 44->44
[2026-06-17T23:28:45.005+0000][7241.816s][info][gc,heap       ] GC(220) Humongous regions: 147->147
[2026-06-17T23:28:45.005+0000][7241.816s][info][gc,metaspace  ] GC(220) Metaspace: 52176K(55040K)->52176K(55040K) NonClass: 46266K(47872K)->46266K(47872K) Class: 5910K(7168K)->5910K(7168K)
[2026-06-17T23:28:45.005+0000][7241.816s][info][gc            ] GC(220) Pause Young (Concurrent Start) (G1 Evacuation Pause) 442M->198M(512M) 4.023ms
[2026-06-17T23:28:45.005+0000][7241.816s][info][gc,cpu        ] GC(220) User=0.03s Sys=0.01s Real=0.01s
[2026-06-17T23:28:45.005+0000][7241.816s][info][gc            ] GC(221) Concurrent Cycle
[2026-06-17T23:28:45.005+0000][7241.816s][info][gc,marking    ] GC(221) Concurrent Clear Claimed Marks
[2026-06-17T23:28:45.005+0000][7241.816s][info][gc,marking    ] GC(221) Concurrent Clear Claimed Marks 0.197ms
[2026-06-17T23:28:45.005+0000][7241.816s][info][gc,marking    ] GC(221) Concurrent Scan Root Regions
[2026-06-17T23:28:45.007+0000][7241.818s][info][gc,marking    ] GC(221) Concurrent Scan Root Regions 1.583ms
[2026-06-17T23:28:45.007+0000][7241.818s][info][gc,marking    ] GC(221) Concurrent Mark (7241.818s)
[2026-06-17T23:28:45.007+0000][7241.818s][info][gc,marking    ] GC(221) Concurrent Mark From Roots
[2026-06-17T23:28:45.007+0000][7241.818s][info][gc,task       ] GC(221) Using 3 workers of 3 for marking
[2026-06-17T23:28:45.012+0000][7241.823s][info][gc,marking    ] GC(221) Concurrent Mark From Roots 4.882ms
[2026-06-17T23:28:45.012+0000][7241.823s][info][gc,marking    ] GC(221) Concurrent Preclean
[2026-06-17T23:28:45.012+0000][7241.823s][info][gc,marking    ] GC(221) Concurrent Preclean 0.133ms
[2026-06-17T23:28:45.012+0000][7241.823s][info][gc,marking    ] GC(221) Concurrent Mark (7241.818s, 7241.823s) 5.223ms
[2026-06-17T23:28:45.012+0000][7241.823s][info][gc,start      ] GC(221) Pause Remark
[2026-06-17T23:28:45.019+0000][7241.830s][info][gc,stringtable] GC(221) Cleaned string and symbol table, strings: 17262 processed, 0 removed, symbols: 125012 processed, 0 removed
[2026-06-17T23:28:45.019+0000][7241.830s][info][gc            ] GC(221) Pause Remark 202M->202M(512M) 6.655ms
[2026-06-17T23:28:45.019+0000][7241.830s][info][gc,cpu        ] GC(221) User=0.07s Sys=0.00s Real=0.00s
[2026-06-17T23:28:45.019+0000][7241.830s][info][gc,marking    ] GC(221) Concurrent Rebuild Remembered Sets
[2026-06-17T23:28:45.023+0000][7241.834s][info][gc,marking    ] GC(221) Concurrent Rebuild Remembered Sets 3.820ms
[2026-06-17T23:28:45.023+0000][7241.834s][info][gc,start      ] GC(221) Pause Cleanup
[2026-06-17T23:28:45.024+0000][7241.835s][info][gc            ] GC(221) Pause Cleanup 203M->203M(512M) 0.219ms
[2026-06-17T23:28:45.024+0000][7241.835s][info][gc,cpu        ] GC(221) User=0.00s Sys=0.00s Real=0.00s
[2026-06-17T23:28:45.024+0000][7241.835s][info][gc,marking    ] GC(221) Concurrent Cleanup for Next Mark
[2026-06-17T23:28:45.024+0000][7241.835s][info][gc,marking    ] GC(221) Concurrent Cleanup for Next Mark 0.162ms
[2026-06-17T23:28:45.024+0000][7241.835s][info][gc            ] GC(221) Concurrent Cycle 19.069ms
[2026-06-17T23:29:33.655+0000][7290.467s][info][gc,start      ] GC(222) Pause Young (Normal) (G1 Evacuation Pause)
[2026-06-17T23:29:33.656+0000][7290.467s][info][gc,task       ] GC(222) Using 13 workers of 13 for evacuation
[2026-06-17T23:29:33.658+0000][7290.470s][info][gc,phases     ] GC(222)   Pre Evacuate Collection Set: 0.0ms
[2026-06-17T23:29:33.658+0000][7290.470s][info][gc,phases     ] GC(222)   Evacuate Collection Set: 2.1ms
[2026-06-17T23:29:33.658+0000][7290.470s][info][gc,phases     ] GC(222)   Post Evacuate Collection Set: 0.3ms
[2026-06-17T23:29:33.658+0000][7290.470s][info][gc,phases     ] GC(222)   Other: 0.4ms
[2026-06-17T23:29:33.658+0000][7290.470s][info][gc,heap       ] GC(222) Eden regions: 245->0(244)
[2026-06-17T23:29:33.659+0000][7290.470s][info][gc,heap       ] GC(222) Survivor regions: 8->11(32)
[2026-06-17T23:29:33.659+0000][7290.470s][info][gc,heap       ] GC(222) Old regions: 44->44
[2026-06-17T23:29:33.659+0000][7290.470s][info][gc,heap       ] GC(222) Humongous regions: 147->147
[2026-06-17T23:29:33.659+0000][7290.470s][info][gc,metaspace  ] GC(222) Metaspace: 52251K(55040K)->52251K(55040K) NonClass: 46321K(47872K)->46321K(47872K) Class: 5929K(7168K)->5929K(7168K)
[2026-06-17T23:29:33.659+0000][7290.470s][info][gc            ] GC(222) Pause Young (Normal) (G1 Evacuation Pause) 443M->201M(512M) 3.364ms
[2026-06-17T23:29:33.659+0000][7290.470s][info][gc,cpu        ] GC(222) User=0.03s Sys=0.00s Real=0.00s
[2026-06-17T23:29:35.028+0000][7291.839s][info][gc,start      ] GC(223) Pause Young (Concurrent Start) (G1 Evacuation Pause)
[2026-06-17T23:29:35.028+0000][7291.839s][info][gc,task       ] GC(223) Using 13 workers of 13 for evacuation
[2026-06-17T23:29:35.034+0000][7291.845s][info][gc,phases     ] GC(223)   Pre Evacuate Collection Set: 0.3ms
[2026-06-17T23:29:35.034+0000][7291.846s][info][gc,phases     ] GC(223)   Evacuate Collection Set: 5.2ms
[2026-06-17T23:29:35.034+0000][7291.846s][info][gc,phases     ] GC(223)   Post Evacuate Collection Set: 0.4ms
[2026-06-17T23:29:35.034+0000][7291.846s][info][gc,phases     ] GC(223)   Other: 0.3ms
[2026-06-17T23:29:35.034+0000][7291.846s][info][gc,heap       ] GC(223) Eden regions: 244->0(245)
[2026-06-17T23:29:35.034+0000][7291.846s][info][gc,heap       ] GC(223) Survivor regions: 11->9(32)
[2026-06-17T23:29:35.034+0000][7291.846s][info][gc,heap       ] GC(223) Old regions: 44->44
[2026-06-17T23:29:35.034+0000][7291.846s][info][gc,heap       ] GC(223) Humongous regions: 147->147
[2026-06-17T23:29:35.034+0000][7291.846s][info][gc,metaspace  ] GC(223) Metaspace: 52251K(55040K)->52251K(55040K) NonClass: 46321K(47872K)->46321K(47872K) Class: 5929K(7168K)->5929K(7168K)
[2026-06-17T23:29:35.034+0000][7291.846s][info][gc            ] GC(223) Pause Young (Concurrent Start) (G1 Evacuation Pause) 445M->199M(512M) 6.717ms
[2026-06-17T23:29:35.034+0000][7291.846s][info][gc,cpu        ] GC(223) User=0.06s Sys=0.00s Real=0.01s
[2026-06-17T23:29:35.034+0000][7291.846s][info][gc            ] GC(224) Concurrent Cycle
[2026-06-17T23:29:35.035+0000][7291.846s][info][gc,marking    ] GC(224) Concurrent Clear Claimed Marks
[2026-06-17T23:29:35.035+0000][7291.846s][info][gc,marking    ] GC(224) Concurrent Clear Claimed Marks 0.186ms
[2026-06-17T23:29:35.035+0000][7291.846s][info][gc,marking    ] GC(224) Concurrent Scan Root Regions
[2026-06-17T23:29:35.036+0000][7291.848s][info][gc,marking    ] GC(224) Concurrent Scan Root Regions 1.553ms
[2026-06-17T23:29:35.036+0000][7291.848s][info][gc,marking    ] GC(224) Concurrent Mark (7291.848s)
[2026-06-17T23:29:35.037+0000][7291.848s][info][gc,marking    ] GC(224) Concurrent Mark From Roots
[2026-06-17T23:29:35.037+0000][7291.848s][info][gc,task       ] GC(224) Using 3 workers of 3 for marking
[2026-06-17T23:29:35.042+0000][7291.853s][info][gc,marking    ] GC(224) Concurrent Mark From Roots 5.068ms
[2026-06-17T23:29:35.042+0000][7291.853s][info][gc,marking    ] GC(224) Concurrent Preclean
[2026-06-17T23:29:35.042+0000][7291.853s][info][gc,marking    ] GC(224) Concurrent Preclean 0.121ms
[2026-06-17T23:29:35.042+0000][7291.853s][info][gc,marking    ] GC(224) Concurrent Mark (7291.848s, 7291.853s) 5.370ms
[2026-06-17T23:29:35.042+0000][7291.854s][info][gc,start      ] GC(224) Pause Remark
[2026-06-17T23:29:35.044+0000][7291.856s][info][gc,stringtable] GC(224) Cleaned string and symbol table, strings: 17268 processed, 0 removed, symbols: 125074 processed, 0 removed
[2026-06-17T23:29:35.045+0000][7291.856s][info][gc            ] GC(224) Pause Remark 203M->203M(512M) 2.548ms
[2026-06-17T23:29:35.045+0000][7291.856s][info][gc,cpu        ] GC(224) User=0.03s Sys=0.00s Real=0.00s
[2026-06-17T23:29:35.045+0000][7291.856s][info][gc,marking    ] GC(224) Concurrent Rebuild Remembered Sets
[2026-06-17T23:29:35.048+0000][7291.860s][info][gc,marking    ] GC(224) Concurrent Rebuild Remembered Sets 3.471ms
[2026-06-17T23:29:35.048+0000][7291.860s][info][gc,start      ] GC(224) Pause Cleanup
[2026-06-17T23:29:35.049+0000][7291.860s][info][gc            ] GC(224) Pause Cleanup 204M->204M(512M) 0.173ms
[2026-06-17T23:29:35.049+0000][7291.860s][info][gc,cpu        ] GC(224) User=0.00s Sys=0.00s Real=0.00s
[2026-06-17T23:29:35.049+0000][7291.860s][info][gc,marking    ] GC(224) Concurrent Cleanup for Next Mark
[2026-06-17T23:29:35.049+0000][7291.861s][info][gc,marking    ] GC(224) Concurrent Cleanup for Next Mark 0.220ms
[2026-06-17T23:29:35.049+0000][7291.861s][info][gc            ] GC(224) Concurrent Cycle 14.546ms
[2026-06-17T23:29:36.286+0000][7293.097s][info][gc,start      ] GC(225) Pause Young (Normal) (G1 Evacuation Pause)
[2026-06-17T23:29:36.286+0000][7293.097s][info][gc,task       ] GC(225) Using 13 workers of 13 for evacuation
[2026-06-17T23:29:36.290+0000][7293.102s][info][gc,phases     ] GC(225)   Pre Evacuate Collection Set: 0.0ms
[2026-06-17T23:29:36.290+0000][7293.102s][info][gc,phases     ] GC(225)   Evacuate Collection Set: 4.1ms
[2026-06-17T23:29:36.290+0000][7293.102s][info][gc,phases     ] GC(225)   Post Evacuate Collection Set: 0.3ms
[2026-06-17T23:29:36.291+0000][7293.102s][info][gc,phases     ] GC(225)   Other: 0.3ms
[2026-06-17T23:29:36.291+0000][7293.102s][info][gc,heap       ] GC(225) Eden regions: 245->0(241)
[2026-06-17T23:29:36.291+0000][7293.102s][info][gc,heap       ] GC(225) Survivor regions: 9->14(32)
[2026-06-17T23:29:36.291+0000][7293.102s][info][gc,heap       ] GC(225) Old regions: 44->44
[2026-06-17T23:29:36.291+0000][7293.102s][info][gc,heap       ] GC(225) Humongous regions: 147->147
[2026-06-17T23:29:36.291+0000][7293.102s][info][gc,metaspace  ] GC(225) Metaspace: 52251K(55040K)->52251K(55040K) NonClass: 46321K(47872K)->46321K(47872K) Class: 5929K(7168K)->5929K(7168K)
[2026-06-17T23:29:36.291+0000][7293.102s][info][gc            ] GC(225) Pause Young (Normal) (G1 Evacuation Pause) 444M->204M(512M) 5.342ms
[2026-06-17T23:29:36.291+0000][7293.103s][info][gc,cpu        ] GC(225) User=0.05s Sys=0.00s Real=0.00s
[2026-06-17T23:30:24.663+0000][7341.475s][info][gc,start      ] GC(226) Pause Young (Concurrent Start) (G1 Evacuation Pause)
[2026-06-17T23:30:24.663+0000][7341.475s][info][gc,task       ] GC(226) Using 13 workers of 13 for evacuation
[2026-06-17T23:30:24.666+0000][7341.479s][info][gc,phases     ] GC(226)   Pre Evacuate Collection Set: 0.3ms
[2026-06-17T23:30:24.667+0000][7341.479s][info][gc,phases     ] GC(226)   Evacuate Collection Set: 2.2ms
[2026-06-17T23:30:24.667+0000][7341.479s][info][gc,phases     ] GC(226)   Post Evacuate Collection Set: 0.4ms
[2026-06-17T23:30:24.667+0000][7341.479s][info][gc,phases     ] GC(226)   Other: 0.4ms
[2026-06-17T23:30:24.667+0000][7341.479s][info][gc,heap       ] GC(226) Eden regions: 241->0(245)
[2026-06-17T23:30:24.667+0000][7341.479s][info][gc,heap       ] GC(226) Survivor regions: 14->11(32)
[2026-06-17T23:30:24.667+0000][7341.479s][info][gc,heap       ] GC(226) Old regions: 44->44
[2026-06-17T23:30:24.667+0000][7341.479s][info][gc,heap       ] GC(226) Humongous regions: 147->147
[2026-06-17T23:30:24.667+0000][7341.479s][info][gc,metaspace  ] GC(226) Metaspace: 52251K(55040K)->52251K(55040K) NonClass: 46321K(47872K)->46321K(47872K) Class: 5929K(7168K)->5929K(7168K)
[2026-06-17T23:30:24.667+0000][7341.479s][info][gc            ] GC(226) Pause Young (Concurrent Start) (G1 Evacuation Pause) 445M->201M(512M) 4.109ms
[2026-06-17T23:30:24.667+0000][7341.479s][info][gc,cpu        ] GC(226) User=0.02s Sys=0.00s Real=0.00s
[2026-06-17T23:30:24.667+0000][7341.480s][info][gc            ] GC(227) Concurrent Cycle
[2026-06-17T23:30:24.667+0000][7341.480s][info][gc,marking    ] GC(227) Concurrent Clear Claimed Marks
[2026-06-17T23:30:24.668+0000][7341.480s][info][gc,marking    ] GC(227) Concurrent Clear Claimed Marks 0.214ms
[2026-06-17T23:30:24.668+0000][7341.480s][info][gc,marking    ] GC(227) Concurrent Scan Root Regions
[2026-06-17T23:30:24.670+0000][7341.482s][info][gc,marking    ] GC(227) Concurrent Scan Root Regions 1.795ms
[2026-06-17T23:30:24.670+0000][7341.482s][info][gc,marking    ] GC(227) Concurrent Mark (7341.482s)
[2026-06-17T23:30:24.670+0000][7341.482s][info][gc,marking    ] GC(227) Concurrent Mark From Roots
[2026-06-17T23:30:24.670+0000][7341.482s][info][gc,task       ] GC(227) Using 3 workers of 3 for marking
[2026-06-17T23:30:24.675+0000][7341.487s][info][gc,marking    ] GC(227) Concurrent Mark From Roots 5.469ms
[2026-06-17T23:30:24.675+0000][7341.487s][info][gc,marking    ] GC(227) Concurrent Preclean
[2026-06-17T23:30:24.676+0000][7341.488s][info][gc,marking    ] GC(227) Concurrent Preclean 0.300ms
[2026-06-17T23:30:24.676+0000][7341.488s][info][gc,marking    ] GC(227) Concurrent Mark (7341.482s, 7341.488s) 6.055ms
[2026-06-17T23:30:24.676+0000][7341.488s][info][gc,start      ] GC(227) Pause Remark
[2026-06-17T23:30:24.679+0000][7341.491s][info][gc,stringtable] GC(227) Cleaned string and symbol table, strings: 17268 processed, 0 removed, symbols: 125074 processed, 0 removed
[2026-06-17T23:30:24.679+0000][7341.491s][info][gc            ] GC(227) Pause Remark 205M->205M(512M) 2.910ms
[2026-06-17T23:30:24.679+0000][7341.491s][info][gc,cpu        ] GC(227) User=0.02s Sys=0.00s Real=0.00s
[2026-06-17T23:30:24.679+0000][7341.491s][info][gc,marking    ] GC(227) Concurrent Rebuild Remembered Sets
[2026-06-17T23:30:24.683+0000][7341.495s][info][gc,marking    ] GC(227) Concurrent Rebuild Remembered Sets 4.279ms
[2026-06-17T23:30:24.684+0000][7341.496s][info][gc,start      ] GC(227) Pause Cleanup
[2026-06-17T23:30:24.684+0000][7341.496s][info][gc            ] GC(227) Pause Cleanup 206M->206M(512M) 0.252ms
[2026-06-17T23:30:24.684+0000][7341.496s][info][gc,cpu        ] GC(227) User=0.00s Sys=0.00s Real=0.00s
[2026-06-17T23:30:24.684+0000][7341.496s][info][gc,marking    ] GC(227) Concurrent Cleanup for Next Mark
[2026-06-17T23:30:24.684+0000][7341.496s][info][gc,marking    ] GC(227) Concurrent Cleanup for Next Mark 0.189ms
[2026-06-17T23:30:24.684+0000][7341.496s][info][gc            ] GC(227) Concurrent Cycle 16.898ms
[2026-06-17T23:30:26.342+0000][7343.153s][info][gc,start      ] GC(228) Pause Young (Normal) (G1 Evacuation Pause)
[2026-06-17T23:30:26.342+0000][7343.153s][info][gc,task       ] GC(228) Using 13 workers of 13 for evacuation
[2026-06-17T23:30:26.346+0000][7343.157s][info][gc,phases     ] GC(228)   Pre Evacuate Collection Set: 0.0ms
[2026-06-17T23:30:26.346+0000][7343.157s][info][gc,phases     ] GC(228)   Evacuate Collection Set: 3.7ms
[2026-06-17T23:30:26.346+0000][7343.157s][info][gc,phases     ] GC(228)   Post Evacuate Collection Set: 0.4ms
[2026-06-17T23:30:26.346+0000][7343.157s][info][gc,phases     ] GC(228)   Other: 0.3ms
[2026-06-17T23:30:26.346+0000][7343.158s][info][gc,heap       ] GC(228) Eden regions: 245->0(240)
[2026-06-17T23:30:26.346+0000][7343.158s][info][gc,heap       ] GC(228) Survivor regions: 11->14(32)
[2026-06-17T23:30:26.347+0000][7343.158s][info][gc,heap       ] GC(228) Old regions: 44->45
[2026-06-17T23:30:26.347+0000][7343.158s][info][gc,heap       ] GC(228) Humongous regions: 147->147
[2026-06-17T23:30:26.347+0000][7343.158s][info][gc,metaspace  ] GC(228) Metaspace: 52251K(55040K)->52251K(55040K) NonClass: 46321K(47872K)->46321K(47872K) Class: 5929K(7168K)->5929K(7168K)
[2026-06-17T23:30:26.347+0000][7343.158s][info][gc            ] GC(228) Pause Young (Normal) (G1 Evacuation Pause) 446M->204M(512M) 5.014ms
[2026-06-17T23:30:26.347+0000][7343.158s][info][gc,cpu        ] GC(228) User=0.04s Sys=0.00s Real=0.00s
[2026-06-17T23:30:27.712+0000][7344.523s][info][gc,start      ] GC(229) Pause Young (Concurrent Start) (G1 Evacuation Pause)
[2026-06-17T23:30:27.712+0000][7344.524s][info][gc,task       ] GC(229) Using 13 workers of 13 for evacuation
[2026-06-17T23:30:27.716+0000][7344.527s][info][gc,phases     ] GC(229)   Pre Evacuate Collection Set: 0.3ms
[2026-06-17T23:30:27.716+0000][7344.527s][info][gc,phases     ] GC(229)   Evacuate Collection Set: 2.8ms
[2026-06-17T23:30:27.716+0000][7344.527s][info][gc,phases     ] GC(229)   Post Evacuate Collection Set: 0.4ms
[2026-06-17T23:30:27.716+0000][7344.527s][info][gc,phases     ] GC(229)   Other: 0.3ms
[2026-06-17T23:30:27.716+0000][7344.528s][info][gc,heap       ] GC(229) Eden regions: 240->0(245)
[2026-06-17T23:30:27.716+0000][7344.528s][info][gc,heap       ] GC(229) Survivor regions: 14->9(32)
[2026-06-17T23:30:27.716+0000][7344.528s][info][gc,heap       ] GC(229) Old regions: 45->46
[2026-06-17T23:30:27.717+0000][7344.528s][info][gc,heap       ] GC(229) Humongous regions: 147->147
[2026-06-17T23:30:27.717+0000][7344.528s][info][gc,metaspace  ] GC(229) Metaspace: 52251K(55040K)->52251K(55040K) NonClass: 46321K(47872K)->46321K(47872K) Class: 5929K(7168K)->5929K(7168K)
[2026-06-17T23:30:27.717+0000][7344.528s][info][gc            ] GC(229) Pause Young (Concurrent Start) (G1 Evacuation Pause) 444M->200M(512M) 4.359ms
[2026-06-17T23:30:27.717+0000][7344.528s][info][gc,cpu        ] GC(229) User=0.03s Sys=0.00s Real=0.00s
[2026-06-17T23:30:27.717+0000][7344.528s][info][gc            ] GC(230) Concurrent Cycle
[2026-06-17T23:30:27.717+0000][7344.528s][info][gc,marking    ] GC(230) Concurrent Clear Claimed Marks
[2026-06-17T23:30:27.717+0000][7344.528s][info][gc,marking    ] GC(230) Concurrent Clear Claimed Marks 0.195ms
[2026-06-17T23:30:27.717+0000][7344.528s][info][gc,marking    ] GC(230) Concurrent Scan Root Regions
[2026-06-17T23:30:27.719+0000][7344.530s][info][gc,marking    ] GC(230) Concurrent Scan Root Regions 1.581ms
[2026-06-17T23:30:27.719+0000][7344.530s][info][gc,marking    ] GC(230) Concurrent Mark (7344.530s)
[2026-06-17T23:30:27.719+0000][7344.530s][info][gc,marking    ] GC(230) Concurrent Mark From Roots
[2026-06-17T23:30:27.719+0000][7344.530s][info][gc,task       ] GC(230) Using 3 workers of 3 for marking
[2026-06-17T23:30:27.724+0000][7344.535s][info][gc,marking    ] GC(230) Concurrent Mark From Roots 5.017ms
[2026-06-17T23:30:27.724+0000][7344.535s][info][gc,marking    ] GC(230) Concurrent Preclean
[2026-06-17T23:30:27.724+0000][7344.535s][info][gc,marking    ] GC(230) Concurrent Preclean 0.190ms
[2026-06-17T23:30:27.724+0000][7344.535s][info][gc,marking    ] GC(230) Concurrent Mark (7344.530s, 7344.535s) 5.448ms
[2026-06-17T23:30:27.725+0000][7344.536s][info][gc,start      ] GC(230) Pause Remark
[2026-06-17T23:30:27.729+0000][7344.540s][info][gc,stringtable] GC(230) Cleaned string and symbol table, strings: 17268 processed, 0 removed, symbols: 125074 processed, 0 removed
[2026-06-17T23:30:27.729+0000][7344.540s][info][gc            ] GC(230) Pause Remark 204M->204M(512M) 4.665ms
[2026-06-17T23:30:27.729+0000][7344.540s][info][gc,cpu        ] GC(230) User=0.04s Sys=0.00s Real=0.00s
[2026-06-17T23:30:27.729+0000][7344.541s][info][gc,marking    ] GC(230) Concurrent Rebuild Remembered Sets
[2026-06-17T23:30:27.733+0000][7344.544s][info][gc,marking    ] GC(230) Concurrent Rebuild Remembered Sets 3.838ms
[2026-06-17T23:30:27.733+0000][7344.545s][info][gc,start      ] GC(230) Pause Cleanup
[2026-06-17T23:30:27.734+0000][7344.545s][info][gc            ] GC(230) Pause Cleanup 205M->205M(512M) 0.197ms
[2026-06-17T23:30:27.734+0000][7344.545s][info][gc,cpu        ] GC(230) User=0.00s Sys=0.00s Real=0.00s
[2026-06-17T23:30:27.734+0000][7344.545s][info][gc,marking    ] GC(230) Concurrent Cleanup for Next Mark
[2026-06-17T23:30:27.734+0000][7344.545s][info][gc,marking    ] GC(230) Concurrent Cleanup for Next Mark 0.146ms
[2026-06-17T23:30:27.734+0000][7344.545s][info][gc            ] GC(230) Concurrent Cycle 17.182ms
[2026-06-17T23:30:28.974+0000][7345.785s][info][gc,start      ] GC(231) Pause Young (Prepare Mixed) (G1 Evacuation Pause)
[2026-06-17T23:30:28.974+0000][7345.785s][info][gc,task       ] GC(231) Using 13 workers of 13 for evacuation
[2026-06-17T23:30:28.980+0000][7345.792s][info][gc,phases     ] GC(231)   Pre Evacuate Collection Set: 0.0ms
[2026-06-17T23:30:28.980+0000][7345.792s][info][gc,phases     ] GC(231)   Evacuate Collection Set: 5.9ms
[2026-06-17T23:30:28.981+0000][7345.792s][info][gc,phases     ] GC(231)   Post Evacuate Collection Set: 0.4ms
[2026-06-17T23:30:28.981+0000][7345.792s][info][gc,phases     ] GC(231)   Other: 0.3ms
[2026-06-17T23:30:28.981+0000][7345.792s][info][gc,heap       ] GC(231) Eden regions: 245->0(12)
[2026-06-17T23:30:28.981+0000][7345.792s][info][gc,heap       ] GC(231) Survivor regions: 9->13(32)
[2026-06-17T23:30:28.981+0000][7345.792s][info][gc,heap       ] GC(231) Old regions: 46->46
[2026-06-17T23:30:28.981+0000][7345.792s][info][gc,heap       ] GC(231) Humongous regions: 147->147
[2026-06-17T23:30:28.981+0000][7345.792s][info][gc,metaspace  ] GC(231) Metaspace: 52251K(55040K)->52251K(55040K) NonClass: 46321K(47872K)->46321K(47872K) Class: 5929K(7168K)->5929K(7168K)
[2026-06-17T23:30:28.981+0000][7345.792s][info][gc            ] GC(231) Pause Young (Prepare Mixed) (G1 Evacuation Pause) 445M->205M(512M) 7.038ms
[2026-06-17T23:30:28.981+0000][7345.792s][info][gc,cpu        ] GC(231) User=0.07s Sys=0.00s Real=0.00s
[2026-06-17T23:30:29.038+0000][7345.849s][info][gc,start      ] GC(232) Pause Young (Mixed) (G1 Evacuation Pause)
[2026-06-17T23:30:29.038+0000][7345.849s][info][gc,task       ] GC(232) Using 13 workers of 13 for evacuation
[2026-06-17T23:30:29.045+0000][7345.857s][info][gc,phases     ] GC(232)   Pre Evacuate Collection Set: 0.0ms
[2026-06-17T23:30:29.046+0000][7345.857s][info][gc,phases     ] GC(232)   Evacuate Collection Set: 6.7ms
[2026-06-17T23:30:29.046+0000][7345.857s][info][gc,phases     ] GC(232)   Post Evacuate Collection Set: 0.4ms
[2026-06-17T23:30:29.046+0000][7345.857s][info][gc,phases     ] GC(232)   Other: 0.3ms
[2026-06-17T23:30:29.046+0000][7345.857s][info][gc,heap       ] GC(232) Eden regions: 12->0(240)
[2026-06-17T23:30:29.046+0000][7345.857s][info][gc,heap       ] GC(232) Survivor regions: 13->3(4)
[2026-06-17T23:30:29.046+0000][7345.857s][info][gc,heap       ] GC(232) Old regions: 46->56
[2026-06-17T23:30:29.046+0000][7345.857s][info][gc,heap       ] GC(232) Humongous regions: 147->147
[2026-06-17T23:30:29.046+0000][7345.857s][info][gc,metaspace  ] GC(232) Metaspace: 52251K(55040K)->52251K(55040K) NonClass: 46321K(47872K)->46321K(47872K) Class: 5929K(7168K)->5929K(7168K)
[2026-06-17T23:30:29.046+0000][7345.857s][info][gc            ] GC(232) Pause Young (Mixed) (G1 Evacuation Pause) 217M->204M(512M) 8.176ms
[2026-06-17T23:30:29.046+0000][7345.858s][info][gc,cpu        ] GC(232) User=0.08s Sys=0.00s Real=0.01s
[2026-06-17T23:31:17.711+0000][7394.523s][info][gc,start      ] GC(233) Pause Young (Normal) (G1 Evacuation Pause)
[2026-06-17T23:31:17.712+0000][7394.523s][info][gc,task       ] GC(233) Using 13 workers of 13 for evacuation
[2026-06-17T23:31:17.714+0000][7394.525s][info][gc,phases     ] GC(233)   Pre Evacuate Collection Set: 0.0ms
[2026-06-17T23:31:17.714+0000][7394.525s][info][gc,phases     ] GC(233)   Evacuate Collection Set: 1.4ms
[2026-06-17T23:31:17.714+0000][7394.525s][info][gc,phases     ] GC(233)   Post Evacuate Collection Set: 0.3ms
[2026-06-17T23:31:17.714+0000][7394.525s][info][gc,phases     ] GC(233)   Other: 0.6ms
[2026-06-17T23:31:17.714+0000][7394.525s][info][gc,heap       ] GC(233) Eden regions: 240->0(240)
[2026-06-17T23:31:17.714+0000][7394.525s][info][gc,heap       ] GC(233) Survivor regions: 3->4(31)
[2026-06-17T23:31:17.714+0000][7394.525s][info][gc,heap       ] GC(233) Old regions: 56->56
[2026-06-17T23:31:17.714+0000][7394.525s][info][gc,heap       ] GC(233) Humongous regions: 147->147
[2026-06-17T23:31:17.714+0000][7394.525s][info][gc,metaspace  ] GC(233) Metaspace: 52251K(55040K)->52251K(55040K) NonClass: 46322K(47872K)->46322K(47872K) Class: 5929K(7168K)->5929K(7168K)
[2026-06-17T23:31:17.714+0000][7394.525s][info][gc            ] GC(233) Pause Young (Normal) (G1 Evacuation Pause) 444M->205M(512M) 2.791ms
[2026-06-17T23:31:17.714+0000][7394.525s][info][gc,cpu        ] GC(233) User=0.02s Sys=0.00s Real=0.01s
[2026-06-17T23:31:19.223+0000][7396.034s][info][gc,start      ] GC(234) Pause Young (Normal) (G1 Evacuation Pause)
[2026-06-17T23:31:19.223+0000][7396.034s][info][gc,task       ] GC(234) Using 13 workers of 13 for evacuation
[2026-06-17T23:31:19.225+0000][7396.036s][info][gc,phases     ] GC(234)   Pre Evacuate Collection Set: 0.0ms
[2026-06-17T23:31:19.225+0000][7396.036s][info][gc,phases     ] GC(234)   Evacuate Collection Set: 1.8ms
[2026-06-17T23:31:19.225+0000][7396.037s][info][gc,phases     ] GC(234)   Post Evacuate Collection Set: 0.3ms
[2026-06-17T23:31:19.225+0000][7396.037s][info][gc,phases     ] GC(234)   Other: 0.3ms
[2026-06-17T23:31:19.225+0000][7396.037s][info][gc,heap       ] GC(234) Eden regions: 240->0(236)
[2026-06-17T23:31:19.225+0000][7396.037s][info][gc,heap       ] GC(234) Survivor regions: 4->7(31)
[2026-06-17T23:31:19.226+0000][7396.037s][info][gc,heap       ] GC(234) Old regions: 56->56
[2026-06-17T23:31:19.226+0000][7396.037s][info][gc,heap       ] GC(234) Humongous regions: 147->147
[2026-06-17T23:31:19.226+0000][7396.037s][info][gc,metaspace  ] GC(234) Metaspace: 52251K(55040K)->52251K(55040K) NonClass: 46322K(47872K)->46322K(47872K) Class: 5929K(7168K)->5929K(7168K)
[2026-06-17T23:31:19.226+0000][7396.037s][info][gc            ] GC(234) Pause Young (Normal) (G1 Evacuation Pause) 445M->209M(512M) 2.881ms
[2026-06-17T23:31:19.226+0000][7396.037s][info][gc,cpu        ] GC(234) User=0.02s Sys=0.00s Real=0.00s
[2026-06-17T23:31:20.484+0000][7397.295s][info][gc,start      ] GC(235) Pause Young (Concurrent Start) (G1 Evacuation Pause)
[2026-06-17T23:31:20.484+0000][7397.295s][info][gc,task       ] GC(235) Using 13 workers of 13 for evacuation
[2026-06-17T23:31:20.488+0000][7397.299s][info][gc,phases     ] GC(235)   Pre Evacuate Collection Set: 0.3ms
[2026-06-17T23:31:20.488+0000][7397.299s][info][gc,phases     ] GC(235)   Evacuate Collection Set: 3.1ms
[2026-06-17T23:31:20.488+0000][7397.299s][info][gc,phases     ] GC(235)   Post Evacuate Collection Set: 0.3ms
[2026-06-17T23:31:20.488+0000][7397.299s][info][gc,phases     ] GC(235)   Other: 0.4ms
[2026-06-17T23:31:20.488+0000][7397.299s][info][gc,heap       ] GC(235) Eden regions: 236->0(241)
[2026-06-17T23:31:20.488+0000][7397.299s][info][gc,heap       ] GC(235) Survivor regions: 7->4(31)
[2026-06-17T23:31:20.488+0000][7397.299s][info][gc,heap       ] GC(235) Old regions: 56->56
[2026-06-17T23:31:20.488+0000][7397.299s][info][gc,heap       ] GC(235) Humongous regions: 147->147
[2026-06-17T23:31:20.488+0000][7397.299s][info][gc,metaspace  ] GC(235) Metaspace: 52251K(55040K)->52251K(55040K) NonClass: 46322K(47872K)->46322K(47872K) Class: 5929K(7168K)->5929K(7168K)
[2026-06-17T23:31:20.488+0000][7397.299s][info][gc            ] GC(235) Pause Young (Concurrent Start) (G1 Evacuation Pause) 445M->205M(512M) 4.640ms
[2026-06-17T23:31:20.488+0000][7397.299s][info][gc,cpu        ] GC(235) User=0.03s Sys=0.01s Real=0.00s
[2026-06-17T23:31:20.488+0000][7397.300s][info][gc            ] GC(236) Concurrent Cycle
[2026-06-17T23:31:20.488+0000][7397.300s][info][gc,marking    ] GC(236) Concurrent Clear Claimed Marks
[2026-06-17T23:31:20.489+0000][7397.300s][info][gc,marking    ] GC(236) Concurrent Clear Claimed Marks 0.200ms
[2026-06-17T23:31:20.489+0000][7397.300s][info][gc,marking    ] GC(236) Concurrent Scan Root Regions
[2026-06-17T23:31:20.489+0000][7397.301s][info][gc,marking    ] GC(236) Concurrent Scan Root Regions 0.696ms
[2026-06-17T23:31:20.489+0000][7397.301s][info][gc,marking    ] GC(236) Concurrent Mark (7397.301s)
[2026-06-17T23:31:20.489+0000][7397.301s][info][gc,marking    ] GC(236) Concurrent Mark From Roots
[2026-06-17T23:31:20.490+0000][7397.301s][info][gc,task       ] GC(236) Using 3 workers of 3 for marking
[2026-06-17T23:31:20.495+0000][7397.306s][info][gc,marking    ] GC(236) Concurrent Mark From Roots 5.494ms
[2026-06-17T23:31:20.495+0000][7397.306s][info][gc,marking    ] GC(236) Concurrent Preclean
[2026-06-17T23:31:20.495+0000][7397.307s][info][gc,marking    ] GC(236) Concurrent Preclean 0.231ms
[2026-06-17T23:31:20.495+0000][7397.307s][info][gc,marking    ] GC(236) Concurrent Mark (7397.301s, 7397.307s) 5.991ms
[2026-06-17T23:31:20.496+0000][7397.307s][info][gc,start      ] GC(236) Pause Remark
[2026-06-17T23:31:20.498+0000][7397.310s][info][gc,stringtable] GC(236) Cleaned string and symbol table, strings: 17268 processed, 1 removed, symbols: 125074 processed, 0 removed
[2026-06-17T23:31:20.499+0000][7397.310s][info][gc            ] GC(236) Pause Remark 209M->209M(512M) 2.943ms
[2026-06-17T23:31:20.499+0000][7397.310s][info][gc,cpu        ] GC(236) User=0.03s Sys=0.00s Real=0.00s
[2026-06-17T23:31:20.499+0000][7397.310s][info][gc,marking    ] GC(236) Concurrent Rebuild Remembered Sets
[2026-06-17T23:31:20.502+0000][7397.314s][info][gc,marking    ] GC(236) Concurrent Rebuild Remembered Sets 3.502ms
[2026-06-17T23:31:20.503+0000][7397.314s][info][gc,start      ] GC(236) Pause Cleanup
[2026-06-17T23:31:20.503+0000][7397.314s][info][gc            ] GC(236) Pause Cleanup 210M->210M(512M) 0.267ms
[2026-06-17T23:31:20.503+0000][7397.314s][info][gc,cpu        ] GC(236) User=0.00s Sys=0.00s Real=0.00s
[2026-06-17T23:31:20.503+0000][7397.314s][info][gc,marking    ] GC(236) Concurrent Cleanup for Next Mark
[2026-06-17T23:31:20.503+0000][7397.315s][info][gc,marking    ] GC(236) Concurrent Cleanup for Next Mark 0.185ms
[2026-06-17T23:31:20.503+0000][7397.315s][info][gc            ] GC(236) Concurrent Cycle 15.116ms
[2026-06-17T23:32:08.972+0000][7445.784s][info][gc,start      ] GC(237) Pause Young (Prepare Mixed) (G1 Evacuation Pause)
[2026-06-17T23:32:08.973+0000][7445.785s][info][gc,task       ] GC(237) Using 13 workers of 13 for evacuation
[2026-06-17T23:32:08.975+0000][7445.787s][info][gc,phases     ] GC(237)   Pre Evacuate Collection Set: 0.0ms
[2026-06-17T23:32:08.975+0000][7445.787s][info][gc,phases     ] GC(237)   Evacuate Collection Set: 1.7ms
[2026-06-17T23:32:08.975+0000][7445.787s][info][gc,phases     ] GC(237)   Post Evacuate Collection Set: 0.3ms
[2026-06-17T23:32:08.975+0000][7445.787s][info][gc,phases     ] GC(237)   Other: 0.9ms
[2026-06-17T23:32:08.975+0000][7445.787s][info][gc,heap       ] GC(237) Eden regions: 241->0(17)
[2026-06-17T23:32:08.975+0000][7445.787s][info][gc,heap       ] GC(237) Survivor regions: 4->8(31)
[2026-06-17T23:32:08.975+0000][7445.787s][info][gc,heap       ] GC(237) Old regions: 56->56
[2026-06-17T23:32:08.975+0000][7445.787s][info][gc,heap       ] GC(237) Humongous regions: 147->147
[2026-06-17T23:32:08.975+0000][7445.787s][info][gc,metaspace  ] GC(237) Metaspace: 52254K(55040K)->52254K(55040K) NonClass: 46325K(47872K)->46325K(47872K) Class: 5929K(7168K)->5929K(7168K)
[2026-06-17T23:32:08.975+0000][7445.787s][info][gc            ] GC(237) Pause Young (Prepare Mixed) (G1 Evacuation Pause) 446M->209M(512M) 3.435ms
[2026-06-17T23:32:08.975+0000][7445.787s][info][gc,cpu        ] GC(237) User=0.02s Sys=0.00s Real=0.00s
[2026-06-17T23:32:09.088+0000][7445.900s][info][gc,start      ] GC(238) Pause Young (Mixed) (G1 Evacuation Pause)
[2026-06-17T23:32:09.088+0000][7445.900s][info][gc,task       ] GC(238) Using 13 workers of 13 for evacuation
[2026-06-17T23:32:09.097+0000][7445.909s][info][gc,phases     ] GC(238)   Pre Evacuate Collection Set: 0.0ms
[2026-06-17T23:32:09.097+0000][7445.909s][info][gc,phases     ] GC(238)   Evacuate Collection Set: 8.2ms
[2026-06-17T23:32:09.097+0000][7445.909s][info][gc,phases     ] GC(238)   Post Evacuate Collection Set: 0.5ms
[2026-06-17T23:32:09.098+0000][7445.910s][info][gc,phases     ] GC(238)   Other: 0.4ms
[2026-06-17T23:32:09.098+0000][7445.910s][info][gc,heap       ] GC(238) Eden regions: 17->0(245)
[2026-06-17T23:32:09.098+0000][7445.910s][info][gc,heap       ] GC(238) Survivor regions: 8->2(4)
[2026-06-17T23:32:09.098+0000][7445.910s][info][gc,heap       ] GC(238) Old regions: 56->51
[2026-06-17T23:32:09.098+0000][7445.910s][info][gc,heap       ] GC(238) Humongous regions: 147->147
[2026-06-17T23:32:09.098+0000][7445.910s][info][gc,metaspace  ] GC(238) Metaspace: 52254K(55040K)->52254K(55040K) NonClass: 46325K(47872K)->46325K(47872K) Class: 5929K(7168K)->5929K(7168K)
[2026-06-17T23:32:09.098+0000][7445.910s][info][gc            ] GC(238) Pause Young (Mixed) (G1 Evacuation Pause) 226M->199M(512M) 9.795ms
[2026-06-17T23:32:09.098+0000][7445.910s][info][gc,cpu        ] GC(238) User=0.06s Sys=0.00s Real=0.01s
[2026-06-17T23:32:10.693+0000][7447.505s][info][gc,start      ] GC(239) Pause Young (Normal) (G1 Evacuation Pause)
[2026-06-17T23:32:10.693+0000][7447.505s][info][gc,task       ] GC(239) Using 13 workers of 13 for evacuation
[2026-06-17T23:32:10.695+0000][7447.507s][info][gc,phases     ] GC(239)   Pre Evacuate Collection Set: 0.0ms
[2026-06-17T23:32:10.695+0000][7447.507s][info][gc,phases     ] GC(239)   Evacuate Collection Set: 1.8ms
[2026-06-17T23:32:10.695+0000][7447.507s][info][gc,phases     ] GC(239)   Post Evacuate Collection Set: 0.3ms
[2026-06-17T23:32:10.695+0000][7447.507s][info][gc,phases     ] GC(239)   Other: 0.2ms
[2026-06-17T23:32:10.695+0000][7447.507s][info][gc,heap       ] GC(239) Eden regions: 245->0(246)
[2026-06-17T23:32:10.695+0000][7447.507s][info][gc,heap       ] GC(239) Survivor regions: 2->3(31)
[2026-06-17T23:32:10.695+0000][7447.507s][info][gc,heap       ] GC(239) Old regions: 51->51
[2026-06-17T23:32:10.695+0000][7447.507s][info][gc,heap       ] GC(239) Humongous regions: 147->147
[2026-06-17T23:32:10.695+0000][7447.507s][info][gc,metaspace  ] GC(239) Metaspace: 52254K(55040K)->52254K(55040K) NonClass: 46325K(47872K)->46325K(47872K) Class: 5929K(7168K)->5929K(7168K)
[2026-06-17T23:32:10.696+0000][7447.507s][info][gc            ] GC(239) Pause Young (Normal) (G1 Evacuation Pause) 444M->199M(512M) 2.844ms
[2026-06-17T23:32:10.696+0000][7447.508s][info][gc,cpu        ] GC(239) User=0.02s Sys=0.01s Real=0.00s
[2026-06-17T23:32:12.029+0000][7448.841s][info][gc,start      ] GC(240) Pause Young (Normal) (G1 Evacuation Pause)
[2026-06-17T23:32:12.029+0000][7448.841s][info][gc,task       ] GC(240) Using 13 workers of 13 for evacuation
[2026-06-17T23:32:12.033+0000][7448.845s][info][gc,phases     ] GC(240)   Pre Evacuate Collection Set: 0.0ms
[2026-06-17T23:32:12.033+0000][7448.845s][info][gc,phases     ] GC(240)   Evacuate Collection Set: 3.0ms
[2026-06-17T23:32:12.033+0000][7448.845s][info][gc,phases     ] GC(240)   Post Evacuate Collection Set: 0.3ms
[2026-06-17T23:32:12.033+0000][7448.845s][info][gc,phases     ] GC(240)   Other: 0.3ms
[2026-06-17T23:32:12.033+0000][7448.845s][info][gc,heap       ] GC(240) Eden regions: 246->0(243)
[2026-06-17T23:32:12.033+0000][7448.845s][info][gc,heap       ] GC(240) Survivor regions: 3->6(32)
[2026-06-17T23:32:12.033+0000][7448.845s][info][gc,heap       ] GC(240) Old regions: 51->51
[2026-06-17T23:32:12.033+0000][7448.845s][info][gc,heap       ] GC(240) Humongous regions: 147->147
[2026-06-17T23:32:12.033+0000][7448.845s][info][gc,metaspace  ] GC(240) Metaspace: 52254K(55040K)->52254K(55040K) NonClass: 46325K(47872K)->46325K(47872K) Class: 5929K(7168K)->5929K(7168K)
[2026-06-17T23:32:12.033+0000][7448.845s][info][gc            ] GC(240) Pause Young (Normal) (G1 Evacuation Pause) 445M->203M(512M) 4.183ms
[2026-06-17T23:32:12.033+0000][7448.845s][info][gc,cpu        ] GC(240) User=0.03s Sys=0.00s Real=0.01s
[2026-06-17T23:33:00.398+0000][7497.211s][info][gc,start      ] GC(241) Pause Young (Concurrent Start) (G1 Evacuation Pause)
[2026-06-17T23:33:00.399+0000][7497.211s][info][gc,task       ] GC(241) Using 13 workers of 13 for evacuation
[2026-06-17T23:33:00.401+0000][7497.213s][info][gc,phases     ] GC(241)   Pre Evacuate Collection Set: 0.2ms
[2026-06-17T23:33:00.401+0000][7497.213s][info][gc,phases     ] GC(241)   Evacuate Collection Set: 1.5ms
[2026-06-17T23:33:00.401+0000][7497.213s][info][gc,phases     ] GC(241)   Post Evacuate Collection Set: 0.3ms
[2026-06-17T23:33:00.401+0000][7497.213s][info][gc,phases     ] GC(241)   Other: 0.3ms
[2026-06-17T23:33:00.401+0000][7497.213s][info][gc,heap       ] GC(241) Eden regions: 243->0(245)
[2026-06-17T23:33:00.401+0000][7497.213s][info][gc,heap       ] GC(241) Survivor regions: 6->4(32)
[2026-06-17T23:33:00.401+0000][7497.214s][info][gc,heap       ] GC(241) Old regions: 51->51
[2026-06-17T23:33:00.401+0000][7497.214s][info][gc,heap       ] GC(241) Humongous regions: 147->147
[2026-06-17T23:33:00.401+0000][7497.214s][info][gc,metaspace  ] GC(241) Metaspace: 52255K(55040K)->52255K(55040K) NonClass: 46325K(47872K)->46325K(47872K) Class: 5929K(7168K)->5929K(7168K)
[2026-06-17T23:33:00.401+0000][7497.214s][info][gc            ] GC(241) Pause Young (Concurrent Start) (G1 Evacuation Pause) 446M->201M(512M) 2.795ms
[2026-06-17T23:33:00.401+0000][7497.214s][info][gc,cpu        ] GC(241) User=0.01s Sys=0.00s Real=0.01s
[2026-06-17T23:33:00.401+0000][7497.214s][info][gc            ] GC(242) Concurrent Cycle
[2026-06-17T23:33:00.401+0000][7497.214s][info][gc,marking    ] GC(242) Concurrent Clear Claimed Marks
[2026-06-17T23:33:00.402+0000][7497.214s][info][gc,marking    ] GC(242) Concurrent Clear Claimed Marks 0.111ms
[2026-06-17T23:33:00.402+0000][7497.214s][info][gc,marking    ] GC(242) Concurrent Scan Root Regions
[2026-06-17T23:33:00.403+0000][7497.215s][info][gc,marking    ] GC(242) Concurrent Scan Root Regions 0.848ms
[2026-06-17T23:33:00.403+0000][7497.215s][info][gc,marking    ] GC(242) Concurrent Mark (7497.215s)
[2026-06-17T23:33:00.403+0000][7497.215s][info][gc,marking    ] GC(242) Concurrent Mark From Roots
[2026-06-17T23:33:00.403+0000][7497.215s][info][gc,task       ] GC(242) Using 3 workers of 3 for marking
[2026-06-17T23:33:00.408+0000][7497.220s][info][gc,marking    ] GC(242) Concurrent Mark From Roots 5.058ms
[2026-06-17T23:33:00.408+0000][7497.220s][info][gc,marking    ] GC(242) Concurrent Preclean
[2026-06-17T23:33:00.408+0000][7497.220s][info][gc,marking    ] GC(242) Concurrent Preclean 0.160ms
[2026-06-17T23:33:00.408+0000][7497.220s][info][gc,marking    ] GC(242) Concurrent Mark (7497.215s, 7497.220s) 5.444ms
[2026-06-17T23:33:00.408+0000][7497.221s][info][gc,start      ] GC(242) Pause Remark
[2026-06-17T23:33:00.412+0000][7497.224s][info][gc,stringtable] GC(242) Cleaned string and symbol table, strings: 17267 processed, 0 removed, symbols: 125074 processed, 0 removed
[2026-06-17T23:33:00.412+0000][7497.225s][info][gc            ] GC(242) Pause Remark 205M->205M(512M) 3.901ms
[2026-06-17T23:33:00.412+0000][7497.225s][info][gc,cpu        ] GC(242) User=0.03s Sys=0.00s Real=0.01s
[2026-06-17T23:33:00.412+0000][7497.225s][info][gc,marking    ] GC(242) Concurrent Rebuild Remembered Sets
[2026-06-17T23:33:00.417+0000][7497.229s][info][gc,marking    ] GC(242) Concurrent Rebuild Remembered Sets 4.343ms
[2026-06-17T23:33:00.417+0000][7497.229s][info][gc,start      ] GC(242) Pause Cleanup
[2026-06-17T23:33:00.417+0000][7497.229s][info][gc            ] GC(242) Pause Cleanup 206M->206M(512M) 0.200ms
[2026-06-17T23:33:00.417+0000][7497.230s][info][gc,cpu        ] GC(242) User=0.00s Sys=0.00s Real=0.00s
[2026-06-17T23:33:00.417+0000][7497.230s][info][gc,marking    ] GC(242) Concurrent Cleanup for Next Mark
[2026-06-17T23:33:00.417+0000][7497.230s][info][gc,marking    ] GC(242) Concurrent Cleanup for Next Mark 0.150ms
[2026-06-17T23:33:00.418+0000][7497.230s][info][gc            ] GC(242) Concurrent Cycle 16.324ms
[2026-06-17T23:33:01.988+0000][7498.800s][info][gc,start      ] GC(243) Pause Young (Prepare Mixed) (G1 Evacuation Pause)
[2026-06-17T23:33:01.988+0000][7498.801s][info][gc,task       ] GC(243) Using 13 workers of 13 for evacuation
[2026-06-17T23:33:01.994+0000][7498.806s][info][gc,phases     ] GC(243)   Pre Evacuate Collection Set: 0.0ms
[2026-06-17T23:33:01.994+0000][7498.807s][info][gc,phases     ] GC(243)   Evacuate Collection Set: 5.4ms
[2026-06-17T23:33:01.994+0000][7498.807s][info][gc,phases     ] GC(243)   Post Evacuate Collection Set: 0.4ms
[2026-06-17T23:33:01.994+0000][7498.807s][info][gc,phases     ] GC(243)   Other: 0.4ms
[2026-06-17T23:33:01.994+0000][7498.807s][info][gc,heap       ] GC(243) Eden regions: 245->0(16)
[2026-06-17T23:33:01.994+0000][7498.807s][info][gc,heap       ] GC(243) Survivor regions: 4->9(32)
[2026-06-17T23:33:01.995+0000][7498.807s][info][gc,heap       ] GC(243) Old regions: 51->51
[2026-06-17T23:33:01.995+0000][7498.807s][info][gc,heap       ] GC(243) Humongous regions: 147->147
[2026-06-17T23:33:01.995+0000][7498.807s][info][gc,metaspace  ] GC(243) Metaspace: 52255K(55040K)->52255K(55040K) NonClass: 46325K(47872K)->46325K(47872K) Class: 5929K(7168K)->5929K(7168K)
[2026-06-17T23:33:01.995+0000][7498.807s][info][gc            ] GC(243) Pause Young (Prepare Mixed) (G1 Evacuation Pause) 446M->205M(512M) 6.730ms
[2026-06-17T23:33:01.995+0000][7498.807s][info][gc,cpu        ] GC(243) User=0.06s Sys=0.00s Real=0.01s
[2026-06-17T23:33:02.082+0000][7498.894s][info][gc,start      ] GC(244) Pause Young (Mixed) (G1 Evacuation Pause)
[2026-06-17T23:33:02.082+0000][7498.894s][info][gc,task       ] GC(244) Using 13 workers of 13 for evacuation
[2026-06-17T23:33:02.092+0000][7498.904s][info][gc,phases     ] GC(244)   Pre Evacuate Collection Set: 0.0ms
[2026-06-17T23:33:02.092+0000][7498.904s][info][gc,phases     ] GC(244)   Evacuate Collection Set: 9.7ms
[2026-06-17T23:33:02.092+0000][7498.905s][info][gc,phases     ] GC(244)   Post Evacuate Collection Set: 0.3ms
[2026-06-17T23:33:02.092+0000][7498.905s][info][gc,phases     ] GC(244)   Other: 0.3ms
[2026-06-17T23:33:02.092+0000][7498.905s][info][gc,heap       ] GC(244) Eden regions: 16->0(244)
[2026-06-17T23:33:02.092+0000][7498.905s][info][gc,heap       ] GC(244) Survivor regions: 9->2(4)
[2026-06-17T23:33:02.092+0000][7498.905s][info][gc,heap       ] GC(244) Old regions: 51->52
[2026-06-17T23:33:02.092+0000][7498.905s][info][gc,heap       ] GC(244) Humongous regions: 147->147
[2026-06-17T23:33:02.092+0000][7498.905s][info][gc,metaspace  ] GC(244) Metaspace: 52255K(55040K)->52255K(55040K) NonClass: 46325K(47872K)->46325K(47872K) Class: 5929K(7168K)->5929K(7168K)
[2026-06-17T23:33:02.093+0000][7498.905s][info][gc            ] GC(244) Pause Young (Mixed) (G1 Evacuation Pause) 221M->200M(512M) 10.861ms
[2026-06-17T23:33:02.093+0000][7498.905s][info][gc,cpu        ] GC(244) User=0.08s Sys=0.00s Real=0.01s
[2026-06-17T23:33:03.469+0000][7500.282s][info][gc,start      ] GC(245) Pause Young (Normal) (G1 Evacuation Pause)
[2026-06-17T23:33:03.469+0000][7500.282s][info][gc,task       ] GC(245) Using 13 workers of 13 for evacuation
[2026-06-17T23:33:03.471+0000][7500.284s][info][gc,phases     ] GC(245)   Pre Evacuate Collection Set: 0.0ms
[2026-06-17T23:33:03.471+0000][7500.284s][info][gc,phases     ] GC(245)   Evacuate Collection Set: 1.5ms
[2026-06-17T23:33:03.471+0000][7500.284s][info][gc,phases     ] GC(245)   Post Evacuate Collection Set: 0.3ms
[2026-06-17T23:33:03.471+0000][7500.284s][info][gc,phases     ] GC(245)   Other: 0.3ms
[2026-06-17T23:33:03.471+0000][7500.284s][info][gc,heap       ] GC(245) Eden regions: 244->0(242)
[2026-06-17T23:33:03.472+0000][7500.284s][info][gc,heap       ] GC(245) Survivor regions: 2->5(31)
[2026-06-17T23:33:03.472+0000][7500.284s][info][gc,heap       ] GC(245) Old regions: 52->52
[2026-06-17T23:33:03.472+0000][7500.284s][info][gc,heap       ] GC(245) Humongous regions: 147->147
[2026-06-17T23:33:03.472+0000][7500.284s][info][gc,metaspace  ] GC(245) Metaspace: 52255K(55040K)->52255K(55040K) NonClass: 46325K(47872K)->46325K(47872K) Class: 5929K(7168K)->5929K(7168K)
[2026-06-17T23:33:03.472+0000][7500.284s][info][gc            ] GC(245) Pause Young (Normal) (G1 Evacuation Pause) 444M->203M(512M) 2.558ms
[2026-06-17T23:33:03.472+0000][7500.284s][info][gc,cpu        ] GC(245) User=0.01s Sys=0.00s Real=0.01s
[2026-06-17T23:33:04.712+0000][7501.525s][info][gc,start      ] GC(246) Pause Young (Normal) (G1 Evacuation Pause)
[2026-06-17T23:33:04.712+0000][7501.525s][info][gc,task       ] GC(246) Using 13 workers of 13 for evacuation
[2026-06-17T23:33:04.714+0000][7501.526s][info][gc,phases     ] GC(246)   Pre Evacuate Collection Set: 0.0ms
[2026-06-17T23:33:04.714+0000][7501.526s][info][gc,phases     ] GC(246)   Evacuate Collection Set: 1.2ms
[2026-06-17T23:33:04.714+0000][7501.527s][info][gc,phases     ] GC(246)   Post Evacuate Collection Set: 0.3ms
[2026-06-17T23:33:04.714+0000][7501.527s][info][gc,phases     ] GC(246)   Other: 0.3ms
[2026-06-17T23:33:04.714+0000][7501.527s][info][gc,heap       ] GC(246) Eden regions: 242->0(244)
[2026-06-17T23:33:04.714+0000][7501.527s][info][gc,heap       ] GC(246) Survivor regions: 5->4(31)
[2026-06-17T23:33:04.714+0000][7501.527s][info][gc,heap       ] GC(246) Old regions: 52->52
[2026-06-17T23:33:04.715+0000][7501.527s][info][gc,heap       ] GC(246) Humongous regions: 147->147
[2026-06-17T23:33:04.715+0000][7501.527s][info][gc,metaspace  ] GC(246) Metaspace: 52255K(55040K)->52255K(55040K) NonClass: 46325K(47872K)->46325K(47872K) Class: 5929K(7168K)->5929K(7168K)
[2026-06-17T23:33:04.715+0000][7501.527s][info][gc            ] GC(246) Pause Young (Normal) (G1 Evacuation Pause) 445M->201M(512M) 2.558ms
[2026-06-17T23:33:04.715+0000][7501.527s][info][gc,cpu        ] GC(246) User=0.01s Sys=0.00s Real=0.00s
[2026-06-17T23:33:53.376+0000][7550.188s][info][gc,start      ] GC(247) Pause Young (Concurrent Start) (G1 Evacuation Pause)
[2026-06-17T23:33:53.376+0000][7550.188s][info][gc,task       ] GC(247) Using 13 workers of 13 for evacuation
[2026-06-17T23:33:53.383+0000][7550.194s][info][gc,phases     ] GC(247)   Pre Evacuate Collection Set: 0.3ms
[2026-06-17T23:33:53.383+0000][7550.194s][info][gc,phases     ] GC(247)   Evacuate Collection Set: 5.6ms
[2026-06-17T23:33:53.383+0000][7550.195s][info][gc,phases     ] GC(247)   Post Evacuate Collection Set: 0.3ms
[2026-06-17T23:33:53.383+0000][7550.195s][info][gc,phases     ] GC(247)   Other: 0.5ms
[2026-06-17T23:33:53.383+0000][7550.195s][info][gc,heap       ] GC(247) Eden regions: 244->0(241)
[2026-06-17T23:33:53.383+0000][7550.195s][info][gc,heap       ] GC(247) Survivor regions: 4->7(31)
[2026-06-17T23:33:53.384+0000][7550.195s][info][gc,heap       ] GC(247) Old regions: 52->52
[2026-06-17T23:33:53.384+0000][7550.195s][info][gc,heap       ] GC(247) Humongous regions: 147->147
[2026-06-17T23:33:53.384+0000][7550.195s][info][gc,metaspace  ] GC(247) Metaspace: 52256K(55040K)->52256K(55040K) NonClass: 46326K(47872K)->46326K(47872K) Class: 5929K(7168K)->5929K(7168K)
[2026-06-17T23:33:53.384+0000][7550.195s][info][gc            ] GC(247) Pause Young (Concurrent Start) (G1 Evacuation Pause) 445M->205M(512M) 7.648ms
[2026-06-17T23:33:53.384+0000][7550.195s][info][gc,cpu        ] GC(247) User=0.05s Sys=0.00s Real=0.01s
[2026-06-17T23:33:53.384+0000][7550.195s][info][gc            ] GC(248) Concurrent Cycle
[2026-06-17T23:33:53.384+0000][7550.196s][info][gc,marking    ] GC(248) Concurrent Clear Claimed Marks
[2026-06-17T23:33:53.384+0000][7550.196s][info][gc,marking    ] GC(248) Concurrent Clear Claimed Marks 0.191ms
[2026-06-17T23:33:53.384+0000][7550.196s][info][gc,marking    ] GC(248) Concurrent Scan Root Regions
[2026-06-17T23:33:53.386+0000][7550.197s][info][gc,marking    ] GC(248) Concurrent Scan Root Regions 1.366ms
[2026-06-17T23:33:53.386+0000][7550.197s][info][gc,marking    ] GC(248) Concurrent Mark (7550.197s)
[2026-06-17T23:33:53.386+0000][7550.197s][info][gc,marking    ] GC(248) Concurrent Mark From Roots
[2026-06-17T23:33:53.386+0000][7550.198s][info][gc,task       ] GC(248) Using 3 workers of 3 for marking
[2026-06-17T23:33:53.392+0000][7550.203s][info][gc,marking    ] GC(248) Concurrent Mark From Roots 5.888ms
[2026-06-17T23:33:53.392+0000][7550.204s][info][gc,marking    ] GC(248) Concurrent Preclean
[2026-06-17T23:33:53.393+0000][7550.204s][info][gc,marking    ] GC(248) Concurrent Preclean 0.236ms
[2026-06-17T23:33:53.393+0000][7550.204s][info][gc,marking    ] GC(248) Concurrent Mark (7550.197s, 7550.204s) 6.804ms
[2026-06-17T23:33:53.393+0000][7550.204s][info][gc,start      ] GC(248) Pause Remark
[2026-06-17T23:33:53.397+0000][7550.209s][info][gc,stringtable] GC(248) Cleaned string and symbol table, strings: 17267 processed, 0 removed, symbols: 125074 processed, 0 removed
[2026-06-17T23:33:53.398+0000][7550.209s][info][gc            ] GC(248) Pause Remark 209M->209M(512M) 4.630ms
[2026-06-17T23:33:53.398+0000][7550.209s][info][gc,cpu        ] GC(248) User=0.03s Sys=0.00s Real=0.00s
[2026-06-17T23:33:53.398+0000][7550.209s][info][gc,marking    ] GC(248) Concurrent Rebuild Remembered Sets
[2026-06-17T23:33:53.402+0000][7550.213s][info][gc,marking    ] GC(248) Concurrent Rebuild Remembered Sets 3.869ms
[2026-06-17T23:33:53.402+0000][7550.213s][info][gc,start      ] GC(248) Pause Cleanup
[2026-06-17T23:33:53.402+0000][7550.214s][info][gc            ] GC(248) Pause Cleanup 209M->209M(512M) 0.405ms
[2026-06-17T23:33:53.402+0000][7550.214s][info][gc,cpu        ] GC(248) User=0.00s Sys=0.00s Real=0.00s
[2026-06-17T23:33:53.403+0000][7550.214s][info][gc,marking    ] GC(248) Concurrent Cleanup for Next Mark
[2026-06-17T23:33:53.403+0000][7550.214s][info][gc,marking    ] GC(248) Concurrent Cleanup for Next Mark 0.144ms
[2026-06-17T23:33:53.403+0000][7550.214s][info][gc            ] GC(248) Concurrent Cycle 18.828ms
[2026-06-17T23:33:54.833+0000][7551.645s][info][gc,start      ] GC(249) Pause Young (Prepare Mixed) (G1 Evacuation Pause)
[2026-06-17T23:33:54.833+0000][7551.645s][info][gc,task       ] GC(249) Using 13 workers of 13 for evacuation
[2026-06-17T23:33:54.835+0000][7551.647s][info][gc,phases     ] GC(249)   Pre Evacuate Collection Set: 0.0ms
[2026-06-17T23:33:54.835+0000][7551.647s][info][gc,phases     ] GC(249)   Evacuate Collection Set: 1.5ms
[2026-06-17T23:33:54.835+0000][7551.647s][info][gc,phases     ] GC(249)   Post Evacuate Collection Set: 0.3ms
[2026-06-17T23:33:54.835+0000][7551.647s][info][gc,phases     ] GC(249)   Other: 0.4ms
[2026-06-17T23:33:54.835+0000][7551.647s][info][gc,heap       ] GC(249) Eden regions: 241->0(20)
[2026-06-17T23:33:54.836+0000][7551.647s][info][gc,heap       ] GC(249) Survivor regions: 7->5(31)
[2026-06-17T23:33:54.836+0000][7551.647s][info][gc,heap       ] GC(249) Old regions: 52->52
[2026-06-17T23:33:54.836+0000][7551.647s][info][gc,heap       ] GC(249) Humongous regions: 147->147
[2026-06-17T23:33:54.836+0000][7551.647s][info][gc,metaspace  ] GC(249) Metaspace: 52256K(55040K)->52256K(55040K) NonClass: 46326K(47872K)->46326K(47872K) Class: 5929K(7168K)->5929K(7168K)
[2026-06-17T23:33:54.836+0000][7551.647s][info][gc            ] GC(249) Pause Young (Prepare Mixed) (G1 Evacuation Pause) 446M->203M(512M) 2.658ms
[2026-06-17T23:33:54.836+0000][7551.647s][info][gc,cpu        ] GC(249) User=0.02s Sys=0.00s Real=0.00s
[2026-06-17T23:33:54.934+0000][7551.746s][info][gc,start      ] GC(250) Pause Young (Mixed) (G1 Evacuation Pause)
[2026-06-17T23:33:54.934+0000][7551.746s][info][gc,task       ] GC(250) Using 13 workers of 13 for evacuation
[2026-06-17T23:33:54.937+0000][7551.749s][info][gc,phases     ] GC(250)   Pre Evacuate Collection Set: 0.0ms
[2026-06-17T23:33:54.937+0000][7551.749s][info][gc,phases     ] GC(250)   Evacuate Collection Set: 2.6ms
[2026-06-17T23:33:54.937+0000][7551.749s][info][gc,phases     ] GC(250)   Post Evacuate Collection Set: 0.3ms
[2026-06-17T23:33:54.937+0000][7551.749s][info][gc,phases     ] GC(250)   Other: 0.3ms
[2026-06-17T23:33:54.938+0000][7551.749s][info][gc,heap       ] GC(250) Eden regions: 20->0(246)
[2026-06-17T23:33:54.938+0000][7551.749s][info][gc,heap       ] GC(250) Survivor regions: 5->2(4)
[2026-06-17T23:33:54.938+0000][7551.749s][info][gc,heap       ] GC(250) Old regions: 52->49
[2026-06-17T23:33:54.938+0000][7551.749s][info][gc,heap       ] GC(250) Humongous regions: 147->147
[2026-06-17T23:33:54.938+0000][7551.749s][info][gc,metaspace  ] GC(250) Metaspace: 52256K(55040K)->52256K(55040K) NonClass: 46326K(47872K)->46326K(47872K) Class: 5929K(7168K)->5929K(7168K)
[2026-06-17T23:33:54.938+0000][7551.749s][info][gc            ] GC(250) Pause Young (Mixed) (G1 Evacuation Pause) 223M->197M(512M) 3.726ms
[2026-06-17T23:33:54.938+0000][7551.749s][info][gc,cpu        ] GC(250) User=0.02s Sys=0.00s Real=0.00s
[2026-06-17T23:33:56.201+0000][7553.012s][info][gc,start      ] GC(251) Pause Young (Normal) (G1 Evacuation Pause)
[2026-06-17T23:33:56.201+0000][7553.013s][info][gc,task       ] GC(251) Using 13 workers of 13 for evacuation
[2026-06-17T23:33:56.205+0000][7553.016s][info][gc,phases     ] GC(251)   Pre Evacuate Collection Set: 0.0ms
[2026-06-17T23:33:56.205+0000][7553.017s][info][gc,phases     ] GC(251)   Evacuate Collection Set: 3.4ms
[2026-06-17T23:33:56.205+0000][7553.017s][info][gc,phases     ] GC(251)   Post Evacuate Collection Set: 0.3ms
[2026-06-17T23:33:56.205+0000][7553.017s][info][gc,phases     ] GC(251)   Other: 0.3ms
[2026-06-17T23:33:56.205+0000][7553.017s][info][gc,heap       ] GC(251) Eden regions: 246->0(247)
[2026-06-17T23:33:56.205+0000][7553.017s][info][gc,heap       ] GC(251) Survivor regions: 2->2(31)
[2026-06-17T23:33:56.205+0000][7553.017s][info][gc,heap       ] GC(251) Old regions: 49->49
[2026-06-17T23:33:56.205+0000][7553.017s][info][gc,heap       ] GC(251) Humongous regions: 147->147
[2026-06-17T23:33:56.205+0000][7553.017s][info][gc,metaspace  ] GC(251) Metaspace: 52256K(55040K)->52256K(55040K) NonClass: 46326K(47872K)->46326K(47872K) Class: 5929K(7168K)->5929K(7168K)
[2026-06-17T23:33:56.205+0000][7553.017s][info][gc            ] GC(251) Pause Young (Normal) (G1 Evacuation Pause) 443M->197M(512M) 4.598ms
[2026-06-17T23:33:56.206+0000][7553.017s][info][gc,cpu        ] GC(251) User=0.04s Sys=0.00s Real=0.01s
[2026-06-17T23:34:44.804+0000][7601.615s][info][gc,start      ] GC(252) Pause Young (Normal) (G1 Evacuation Pause)
[2026-06-17T23:34:44.804+0000][7601.616s][info][gc,task       ] GC(252) Using 13 workers of 13 for evacuation
[2026-06-17T23:34:44.815+0000][7601.626s][info][gc,phases     ] GC(252)   Pre Evacuate Collection Set: 0.0ms
[2026-06-17T23:34:44.815+0000][7601.626s][info][gc,phases     ] GC(252)   Evacuate Collection Set: 10.2ms
[2026-06-17T23:34:44.815+0000][7601.626s][info][gc,phases     ] GC(252)   Post Evacuate Collection Set: 0.4ms
[2026-06-17T23:34:44.815+0000][7601.626s][info][gc,phases     ] GC(252)   Other: 0.4ms
[2026-06-17T23:34:44.815+0000][7601.627s][info][gc,heap       ] GC(252) Eden regions: 247->0(244)
[2026-06-17T23:34:44.815+0000][7601.627s][info][gc,heap       ] GC(252) Survivor regions: 2->7(32)
[2026-06-17T23:34:44.815+0000][7601.627s][info][gc,heap       ] GC(252) Old regions: 49->49
[2026-06-17T23:34:44.815+0000][7601.627s][info][gc,heap       ] GC(252) Humongous regions: 147->147
[2026-06-17T23:34:44.815+0000][7601.627s][info][gc,metaspace  ] GC(252) Metaspace: 52258K(55040K)->52258K(55040K) NonClass: 46329K(47872K)->46329K(47872K) Class: 5929K(7168K)->5929K(7168K)
[2026-06-17T23:34:44.815+0000][7601.627s][info][gc            ] GC(252) Pause Young (Normal) (G1 Evacuation Pause) 444M->201M(512M) 11.396ms
[2026-06-17T23:34:44.815+0000][7601.627s][info][gc,cpu        ] GC(252) User=0.09s Sys=0.00s Real=0.01s
[2026-06-17T23:34:46.312+0000][7603.123s][info][gc,start      ] GC(253) Pause Young (Concurrent Start) (G1 Evacuation Pause)
[2026-06-17T23:34:46.312+0000][7603.123s][info][gc,task       ] GC(253) Using 13 workers of 13 for evacuation
[2026-06-17T23:34:46.321+0000][7603.132s][info][gc,phases     ] GC(253)   Pre Evacuate Collection Set: 0.3ms
[2026-06-17T23:34:46.321+0000][7603.133s][info][gc,phases     ] GC(253)   Evacuate Collection Set: 7.9ms
[2026-06-17T23:34:46.321+0000][7603.133s][info][gc,phases     ] GC(253)   Post Evacuate Collection Set: 0.6ms
[2026-06-17T23:34:46.321+0000][7603.133s][info][gc,phases     ] GC(253)   Other: 0.4ms
[2026-06-17T23:34:46.321+0000][7603.133s][info][gc,heap       ] GC(253) Eden regions: 244->0(247)
[2026-06-17T23:34:46.321+0000][7603.133s][info][gc,heap       ] GC(253) Survivor regions: 7->4(32)
[2026-06-17T23:34:46.321+0000][7603.133s][info][gc,heap       ] GC(253) Old regions: 49->49
[2026-06-17T23:34:46.321+0000][7603.133s][info][gc,heap       ] GC(253) Humongous regions: 147->147
[2026-06-17T23:34:46.322+0000][7603.133s][info][gc,metaspace  ] GC(253) Metaspace: 52258K(55040K)->52258K(55040K) NonClass: 46329K(47872K)->46329K(47872K) Class: 5929K(7168K)->5929K(7168K)
[2026-06-17T23:34:46.322+0000][7603.133s][info][gc            ] GC(253) Pause Young (Concurrent Start) (G1 Evacuation Pause) 445M->199M(512M) 10.134ms
[2026-06-17T23:34:46.322+0000][7603.134s][info][gc,cpu        ] GC(253) User=0.07s Sys=0.00s Real=0.01s
[2026-06-17T23:34:46.322+0000][7603.134s][info][gc            ] GC(254) Concurrent Cycle
[2026-06-17T23:34:46.322+0000][7603.134s][info][gc,marking    ] GC(254) Concurrent Clear Claimed Marks
[2026-06-17T23:34:46.322+0000][7603.134s][info][gc,marking    ] GC(254) Concurrent Clear Claimed Marks 0.267ms
[2026-06-17T23:34:46.322+0000][7603.134s][info][gc,marking    ] GC(254) Concurrent Scan Root Regions
[2026-06-17T23:34:46.324+0000][7603.136s][info][gc,marking    ] GC(254) Concurrent Scan Root Regions 1.636ms
[2026-06-17T23:34:46.324+0000][7603.136s][info][gc,marking    ] GC(254) Concurrent Mark (7603.136s)
[2026-06-17T23:34:46.324+0000][7603.136s][info][gc,marking    ] GC(254) Concurrent Mark From Roots
[2026-06-17T23:34:46.324+0000][7603.136s][info][gc,task       ] GC(254) Using 3 workers of 3 for marking
[2026-06-17T23:34:46.330+0000][7603.142s][info][gc,marking    ] GC(254) Concurrent Mark From Roots 5.606ms
[2026-06-17T23:34:46.330+0000][7603.142s][info][gc,marking    ] GC(254) Concurrent Preclean
[2026-06-17T23:34:46.330+0000][7603.142s][info][gc,marking    ] GC(254) Concurrent Preclean 0.306ms
[2026-06-17T23:34:46.330+0000][7603.142s][info][gc,marking    ] GC(254) Concurrent Mark (7603.136s, 7603.142s) 6.176ms
[2026-06-17T23:34:46.331+0000][7603.142s][info][gc,start      ] GC(254) Pause Remark
[2026-06-17T23:34:46.334+0000][7603.146s][info][gc,stringtable] GC(254) Cleaned string and symbol table, strings: 17268 processed, 4 removed, symbols: 125074 processed, 0 removed
[2026-06-17T23:34:46.334+0000][7603.146s][info][gc            ] GC(254) Pause Remark 204M->204M(512M) 3.352ms
[2026-06-17T23:34:46.334+0000][7603.146s][info][gc,cpu        ] GC(254) User=0.02s Sys=0.00s Real=0.01s
[2026-06-17T23:34:46.334+0000][7603.146s][info][gc,marking    ] GC(254) Concurrent Rebuild Remembered Sets
[2026-06-17T23:34:46.339+0000][7603.151s][info][gc,marking    ] GC(254) Concurrent Rebuild Remembered Sets 4.564ms
[2026-06-17T23:34:46.339+0000][7603.151s][info][gc,start      ] GC(254) Pause Cleanup
[2026-06-17T23:34:46.339+0000][7603.151s][info][gc            ] GC(254) Pause Cleanup 204M->204M(512M) 0.224ms
[2026-06-17T23:34:46.339+0000][7603.151s][info][gc,cpu        ] GC(254) User=0.00s Sys=0.00s Real=0.00s
[2026-06-17T23:34:46.340+0000][7603.151s][info][gc,marking    ] GC(254) Concurrent Cleanup for Next Mark
[2026-06-17T23:34:46.340+0000][7603.152s][info][gc,marking    ] GC(254) Concurrent Cleanup for Next Mark 0.186ms
[2026-06-17T23:34:46.340+0000][7603.152s][info][gc            ] GC(254) Concurrent Cycle 17.924ms
[2026-06-17T23:34:47.592+0000][7604.404s][info][gc,start      ] GC(255) Pause Young (Prepare Mixed) (G1 Evacuation Pause)
[2026-06-17T23:34:47.592+0000][7604.404s][info][gc,task       ] GC(255) Using 13 workers of 13 for evacuation
[2026-06-17T23:34:47.595+0000][7604.407s][info][gc,phases     ] GC(255)   Pre Evacuate Collection Set: 0.0ms
[2026-06-17T23:34:47.595+0000][7604.407s][info][gc,phases     ] GC(255)   Evacuate Collection Set: 2.8ms
[2026-06-17T23:34:47.595+0000][7604.407s][info][gc,phases     ] GC(255)   Post Evacuate Collection Set: 0.4ms
[2026-06-17T23:34:47.596+0000][7604.407s][info][gc,phases     ] GC(255)   Other: 0.2ms
[2026-06-17T23:34:47.596+0000][7604.408s][info][gc,heap       ] GC(255) Eden regions: 247->0(18)
[2026-06-17T23:34:47.596+0000][7604.408s][info][gc,heap       ] GC(255) Survivor regions: 4->7(32)
[2026-06-17T23:34:47.596+0000][7604.408s][info][gc,heap       ] GC(255) Old regions: 49->49
[2026-06-17T23:34:47.596+0000][7604.408s][info][gc,heap       ] GC(255) Humongous regions: 147->147
[2026-06-17T23:34:47.596+0000][7604.408s][info][gc,metaspace  ] GC(255) Metaspace: 52258K(55040K)->52258K(55040K) NonClass: 46329K(47872K)->46329K(47872K) Class: 5929K(7168K)->5929K(7168K)
[2026-06-17T23:34:47.597+0000][7604.408s][info][gc            ] GC(255) Pause Young (Prepare Mixed) (G1 Evacuation Pause) 446M->202M(512M) 4.802ms
[2026-06-17T23:34:47.597+0000][7604.408s][info][gc,cpu        ] GC(255) User=0.03s Sys=0.00s Real=0.00s
[2026-06-17T23:34:47.679+0000][7604.490s][info][gc,start      ] GC(256) Pause Young (Mixed) (G1 Evacuation Pause)
[2026-06-17T23:34:47.679+0000][7604.491s][info][gc,task       ] GC(256) Using 13 workers of 13 for evacuation
[2026-06-17T23:34:47.682+0000][7604.494s][info][gc,phases     ] GC(256)   Pre Evacuate Collection Set: 0.0ms
[2026-06-17T23:34:47.682+0000][7604.494s][info][gc,phases     ] GC(256)   Evacuate Collection Set: 3.1ms
[2026-06-17T23:34:47.682+0000][7604.494s][info][gc,phases     ] GC(256)   Post Evacuate Collection Set: 0.3ms
[2026-06-17T23:34:47.683+0000][7604.494s][info][gc,phases     ] GC(256)   Other: 0.3ms
[2026-06-17T23:34:47.683+0000][7604.494s][info][gc,heap       ] GC(256) Eden regions: 18->0(246)
[2026-06-17T23:34:47.683+0000][7604.494s][info][gc,heap       ] GC(256) Survivor regions: 7->2(4)
[2026-06-17T23:34:47.683+0000][7604.494s][info][gc,heap       ] GC(256) Old regions: 49->51
[2026-06-17T23:34:47.683+0000][7604.494s][info][gc,heap       ] GC(256) Humongous regions: 147->147
[2026-06-17T23:34:47.683+0000][7604.494s][info][gc,metaspace  ] GC(256) Metaspace: 52258K(55040K)->52258K(55040K) NonClass: 46329K(47872K)->46329K(47872K) Class: 5929K(7168K)->5929K(7168K)
[2026-06-17T23:34:47.683+0000][7604.495s][info][gc            ] GC(256) Pause Young (Mixed) (G1 Evacuation Pause) 220M->198M(512M) 4.164ms
[2026-06-17T23:34:47.683+0000][7604.495s][info][gc,cpu        ] GC(256) User=0.03s Sys=0.00s Real=0.01s
[2026-06-17T23:34:48.930+0000][7605.741s][info][gc,start      ] GC(257) Pause Young (Normal) (G1 Evacuation Pause)
[2026-06-17T23:34:48.930+0000][7605.742s][info][gc,task       ] GC(257) Using 13 workers of 13 for evacuation
[2026-06-17T23:34:48.932+0000][7605.743s][info][gc,phases     ] GC(257)   Pre Evacuate Collection Set: 0.0ms
[2026-06-17T23:34:48.932+0000][7605.743s][info][gc,phases     ] GC(257)   Evacuate Collection Set: 1.4ms
[2026-06-17T23:34:48.932+0000][7605.744s][info][gc,phases     ] GC(257)   Post Evacuate Collection Set: 0.3ms
[2026-06-17T23:34:48.932+0000][7605.744s][info][gc,phases     ] GC(257)   Other: 0.2ms
[2026-06-17T23:34:48.932+0000][7605.744s][info][gc,heap       ] GC(257) Eden regions: 246->0(246)
[2026-06-17T23:34:48.932+0000][7605.744s][info][gc,heap       ] GC(257) Survivor regions: 2->3(31)
[2026-06-17T23:34:48.932+0000][7605.744s][info][gc,heap       ] GC(257) Old regions: 51->51
[2026-06-17T23:34:48.932+0000][7605.744s][info][gc,heap       ] GC(257) Humongous regions: 147->147
[2026-06-17T23:34:48.932+0000][7605.744s][info][gc,metaspace  ] GC(257) Metaspace: 52258K(55040K)->52258K(55040K) NonClass: 46329K(47872K)->46329K(47872K) Class: 5929K(7168K)->5929K(7168K)
[2026-06-17T23:34:48.932+0000][7605.744s][info][gc            ] GC(257) Pause Young (Normal) (G1 Evacuation Pause) 444M->199M(512M) 2.488ms
[2026-06-17T23:34:48.932+0000][7605.744s][info][gc,cpu        ] GC(257) User=0.01s Sys=0.00s Real=0.01s
[2026-06-17T23:35:37.579+0000][7654.391s][info][gc,start      ] GC(258) Pause Young (Normal) (G1 Evacuation Pause)
[2026-06-17T23:35:37.579+0000][7654.391s][info][gc,task       ] GC(258) Using 13 workers of 13 for evacuation
[2026-06-17T23:35:37.581+0000][7654.393s][info][gc,phases     ] GC(258)   Pre Evacuate Collection Set: 0.0ms
[2026-06-17T23:35:37.581+0000][7654.393s][info][gc,phases     ] GC(258)   Evacuate Collection Set: 1.5ms
[2026-06-17T23:35:37.581+0000][7654.393s][info][gc,phases     ] GC(258)   Post Evacuate Collection Set: 0.3ms
[2026-06-17T23:35:37.581+0000][7654.393s][info][gc,phases     ] GC(258)   Other: 0.5ms
[2026-06-17T23:35:37.581+0000][7654.393s][info][gc,heap       ] GC(258) Eden regions: 246->0(243)
[2026-06-17T23:35:37.581+0000][7654.393s][info][gc,heap       ] GC(258) Survivor regions: 3->6(32)
[2026-06-17T23:35:37.581+0000][7654.394s][info][gc,heap       ] GC(258) Old regions: 51->51
[2026-06-17T23:35:37.581+0000][7654.394s][info][gc,heap       ] GC(258) Humongous regions: 147->147
[2026-06-17T23:35:37.581+0000][7654.394s][info][gc,metaspace  ] GC(258) Metaspace: 52265K(55040K)->52265K(55040K) NonClass: 46335K(47872K)->46335K(47872K) Class: 5929K(7168K)->5929K(7168K)
[2026-06-17T23:35:37.581+0000][7654.394s][info][gc            ] GC(258) Pause Young (Normal) (G1 Evacuation Pause) 445M->203M(512M) 2.692ms
[2026-06-17T23:35:37.581+0000][7654.394s][info][gc,cpu        ] GC(258) User=0.02s Sys=0.00s Real=0.01s
[2026-06-17T23:35:38.934+0000][7655.746s][info][gc,start      ] GC(259) Pause Young (Concurrent Start) (G1 Evacuation Pause)
[2026-06-17T23:35:38.934+0000][7655.746s][info][gc,task       ] GC(259) Using 13 workers of 13 for evacuation
[2026-06-17T23:35:38.937+0000][7655.749s][info][gc,phases     ] GC(259)   Pre Evacuate Collection Set: 0.3ms
[2026-06-17T23:35:38.937+0000][7655.750s][info][gc,phases     ] GC(259)   Evacuate Collection Set: 2.4ms
[2026-06-17T23:35:38.937+0000][7655.750s][info][gc,phases     ] GC(259)   Post Evacuate Collection Set: 0.3ms
[2026-06-17T23:35:38.937+0000][7655.750s][info][gc,phases     ] GC(259)   Other: 0.3ms
[2026-06-17T23:35:38.937+0000][7655.750s][info][gc,heap       ] GC(259) Eden regions: 243->0(245)
[2026-06-17T23:35:38.937+0000][7655.750s][info][gc,heap       ] GC(259) Survivor regions: 6->5(32)
[2026-06-17T23:35:38.937+0000][7655.750s][info][gc,heap       ] GC(259) Old regions: 51->51
[2026-06-17T23:35:38.938+0000][7655.750s][info][gc,heap       ] GC(259) Humongous regions: 147->147
[2026-06-17T23:35:38.938+0000][7655.750s][info][gc,metaspace  ] GC(259) Metaspace: 52276K(55040K)->52276K(55040K) NonClass: 46346K(47872K)->46346K(47872K) Class: 5929K(7168K)->5929K(7168K)
[2026-06-17T23:35:38.938+0000][7655.750s][info][gc            ] GC(259) Pause Young (Concurrent Start) (G1 Evacuation Pause) 446M->201M(512M) 3.880ms
[2026-06-17T23:35:38.938+0000][7655.750s][info][gc,cpu        ] GC(259) User=0.02s Sys=0.01s Real=0.00s
[2026-06-17T23:35:38.938+0000][7655.750s][info][gc            ] GC(260) Concurrent Cycle
[2026-06-17T23:35:38.938+0000][7655.750s][info][gc,marking    ] GC(260) Concurrent Clear Claimed Marks
[2026-06-17T23:35:38.938+0000][7655.751s][info][gc,marking    ] GC(260) Concurrent Clear Claimed Marks 0.189ms
[2026-06-17T23:35:38.938+0000][7655.751s][info][gc,marking    ] GC(260) Concurrent Scan Root Regions
[2026-06-17T23:35:38.939+0000][7655.752s][info][gc,marking    ] GC(260) Concurrent Scan Root Regions 1.090ms
[2026-06-17T23:35:38.939+0000][7655.752s][info][gc,marking    ] GC(260) Concurrent Mark (7655.752s)
[2026-06-17T23:35:38.939+0000][7655.752s][info][gc,marking    ] GC(260) Concurrent Mark From Roots
[2026-06-17T23:35:38.939+0000][7655.752s][info][gc,task       ] GC(260) Using 3 workers of 3 for marking
[2026-06-17T23:35:38.945+0000][7655.757s][info][gc,marking    ] GC(260) Concurrent Mark From Roots 5.159ms
[2026-06-17T23:35:38.945+0000][7655.757s][info][gc,marking    ] GC(260) Concurrent Preclean
[2026-06-17T23:35:38.945+0000][7655.757s][info][gc,marking    ] GC(260) Concurrent Preclean 0.177ms
[2026-06-17T23:35:38.945+0000][7655.757s][info][gc,marking    ] GC(260) Concurrent Mark (7655.752s, 7655.757s) 5.556ms
[2026-06-17T23:35:38.945+0000][7655.758s][info][gc,start      ] GC(260) Pause Remark
[2026-06-17T23:35:38.947+0000][7655.760s][info][gc,stringtable] GC(260) Cleaned string and symbol table, strings: 17264 processed, 0 removed, symbols: 125074 processed, 0 removed
[2026-06-17T23:35:38.948+0000][7655.760s][info][gc            ] GC(260) Pause Remark 205M->205M(512M) 2.467ms
[2026-06-17T23:35:38.948+0000][7655.760s][info][gc,cpu        ] GC(260) User=0.03s Sys=0.00s Real=0.00s
[2026-06-17T23:35:38.948+0000][7655.760s][info][gc,marking    ] GC(260) Concurrent Rebuild Remembered Sets
[2026-06-17T23:35:38.952+0000][7655.764s][info][gc,marking    ] GC(260) Concurrent Rebuild Remembered Sets 3.831ms
[2026-06-17T23:35:38.952+0000][7655.764s][info][gc,start      ] GC(260) Pause Cleanup
[2026-06-17T23:35:38.952+0000][7655.764s][info][gc            ] GC(260) Pause Cleanup 205M->205M(512M) 0.198ms
[2026-06-17T23:35:38.952+0000][7655.765s][info][gc,cpu        ] GC(260) User=0.00s Sys=0.00s Real=0.00s
[2026-06-17T23:35:38.952+0000][7655.765s][info][gc,marking    ] GC(260) Concurrent Cleanup for Next Mark
[2026-06-17T23:35:38.952+0000][7655.765s][info][gc,marking    ] GC(260) Concurrent Cleanup for Next Mark 0.157ms
[2026-06-17T23:35:38.952+0000][7655.765s][info][gc            ] GC(260) Concurrent Cycle 14.620ms
[2026-06-17T23:35:40.230+0000][7657.042s][info][gc,start      ] GC(261) Pause Young (Prepare Mixed) (G1 Evacuation Pause)
[2026-06-17T23:35:40.230+0000][7657.042s][info][gc,task       ] GC(261) Using 13 workers of 13 for evacuation
[2026-06-17T23:35:40.233+0000][7657.046s][info][gc,phases     ] GC(261)   Pre Evacuate Collection Set: 0.0ms
[2026-06-17T23:35:40.233+0000][7657.046s][info][gc,phases     ] GC(261)   Evacuate Collection Set: 2.6ms
[2026-06-17T23:35:40.233+0000][7657.046s][info][gc,phases     ] GC(261)   Post Evacuate Collection Set: 0.3ms
[2026-06-17T23:35:40.233+0000][7657.046s][info][gc,phases     ] GC(261)   Other: 0.4ms
[2026-06-17T23:35:40.233+0000][7657.046s][info][gc,heap       ] GC(261) Eden regions: 245->0(16)
[2026-06-17T23:35:40.234+0000][7657.046s][info][gc,heap       ] GC(261) Survivor regions: 5->9(32)
[2026-06-17T23:35:40.234+0000][7657.046s][info][gc,heap       ] GC(261) Old regions: 51->51
[2026-06-17T23:35:40.234+0000][7657.046s][info][gc,heap       ] GC(261) Humongous regions: 147->147
[2026-06-17T23:35:40.234+0000][7657.046s][info][gc,metaspace  ] GC(261) Metaspace: 52276K(55040K)->52276K(55040K) NonClass: 46346K(47872K)->46346K(47872K) Class: 5929K(7168K)->5929K(7168K)
[2026-06-17T23:35:40.234+0000][7657.046s][info][gc            ] GC(261) Pause Young (Prepare Mixed) (G1 Evacuation Pause) 446M->205M(512M) 3.940ms
[2026-06-17T23:35:40.234+0000][7657.046s][info][gc,cpu        ] GC(261) User=0.03s Sys=0.00s Real=0.01s
[2026-06-17T23:35:40.321+0000][7657.133s][info][gc,start      ] GC(262) Pause Young (Mixed) (G1 Evacuation Pause)
[2026-06-17T23:35:40.321+0000][7657.133s][info][gc,task       ] GC(262) Using 13 workers of 13 for evacuation
[2026-06-17T23:35:40.325+0000][7657.137s][info][gc,phases     ] GC(262)   Pre Evacuate Collection Set: 0.0ms
[2026-06-17T23:35:40.325+0000][7657.137s][info][gc,phases     ] GC(262)   Evacuate Collection Set: 3.3ms
[2026-06-17T23:35:40.325+0000][7657.137s][info][gc,phases     ] GC(262)   Post Evacuate Collection Set: 0.3ms
[2026-06-17T23:35:40.325+0000][7657.137s][info][gc,phases     ] GC(262)   Other: 0.3ms
[2026-06-17T23:35:40.325+0000][7657.137s][info][gc,heap       ] GC(262) Eden regions: 16->0(245)
[2026-06-17T23:35:40.325+0000][7657.137s][info][gc,heap       ] GC(262) Survivor regions: 9->2(4)
[2026-06-17T23:35:40.325+0000][7657.137s][info][gc,heap       ] GC(262) Old regions: 51->52
[2026-06-17T23:35:40.325+0000][7657.137s][info][gc,heap       ] GC(262) Humongous regions: 147->147
[2026-06-17T23:35:40.325+0000][7657.137s][info][gc,metaspace  ] GC(262) Metaspace: 52276K(55040K)->52276K(55040K) NonClass: 46346K(47872K)->46346K(47872K) Class: 5929K(7168K)->5929K(7168K)
[2026-06-17T23:35:40.325+0000][7657.138s][info][gc            ] GC(262) Pause Young (Mixed) (G1 Evacuation Pause) 221M->200M(512M) 4.455ms
[2026-06-17T23:35:40.325+0000][7657.138s][info][gc,cpu        ] GC(262) User=0.02s Sys=0.00s Real=0.00s
[2026-06-17T23:36:28.823+0000][7705.635s][info][gc,start      ] GC(263) Pause Young (Normal) (G1 Evacuation Pause)
[2026-06-17T23:36:28.823+0000][7705.636s][info][gc,task       ] GC(263) Using 13 workers of 13 for evacuation
[2026-06-17T23:36:28.826+0000][7705.638s][info][gc,phases     ] GC(263)   Pre Evacuate Collection Set: 0.0ms
[2026-06-17T23:36:28.826+0000][7705.638s][info][gc,phases     ] GC(263)   Evacuate Collection Set: 1.8ms
[2026-06-17T23:36:28.826+0000][7705.638s][info][gc,phases     ] GC(263)   Post Evacuate Collection Set: 0.4ms
[2026-06-17T23:36:28.826+0000][7705.638s][info][gc,phases     ] GC(263)   Other: 0.4ms
[2026-06-17T23:36:28.826+0000][7705.639s][info][gc,heap       ] GC(263) Eden regions: 245->0(243)
[2026-06-17T23:36:28.826+0000][7705.639s][info][gc,heap       ] GC(263) Survivor regions: 2->5(31)
[2026-06-17T23:36:28.826+0000][7705.639s][info][gc,heap       ] GC(263) Old regions: 52->52
[2026-06-17T23:36:28.826+0000][7705.639s][info][gc,heap       ] GC(263) Humongous regions: 147->147
[2026-06-17T23:36:28.826+0000][7705.639s][info][gc,metaspace  ] GC(263) Metaspace: 52276K(55040K)->52276K(55040K) NonClass: 46346K(47872K)->46346K(47872K) Class: 5929K(7168K)->5929K(7168K)
[2026-06-17T23:36:28.827+0000][7705.639s][info][gc            ] GC(263) Pause Young (Normal) (G1 Evacuation Pause) 445M->202M(512M) 3.295ms
[2026-06-17T23:36:28.827+0000][7705.639s][info][gc,cpu        ] GC(263) User=0.01s Sys=0.00s Real=0.00s
[2026-06-17T23:36:30.361+0000][7707.173s][info][gc,start      ] GC(264) Pause Young (Normal) (G1 Evacuation Pause)
[2026-06-17T23:36:30.361+0000][7707.173s][info][gc,task       ] GC(264) Using 13 workers of 13 for evacuation
[2026-06-17T23:36:30.362+0000][7707.175s][info][gc,phases     ] GC(264)   Pre Evacuate Collection Set: 0.0ms
[2026-06-17T23:36:30.362+0000][7707.175s][info][gc,phases     ] GC(264)   Evacuate Collection Set: 1.1ms
[2026-06-17T23:36:30.363+0000][7707.175s][info][gc,phases     ] GC(264)   Post Evacuate Collection Set: 0.3ms
[2026-06-17T23:36:30.363+0000][7707.175s][info][gc,phases     ] GC(264)   Other: 0.2ms
[2026-06-17T23:36:30.363+0000][7707.175s][info][gc,heap       ] GC(264) Eden regions: 243->0(247)
[2026-06-17T23:36:30.363+0000][7707.175s][info][gc,heap       ] GC(264) Survivor regions: 5->2(31)
[2026-06-17T23:36:30.363+0000][7707.175s][info][gc,heap       ] GC(264) Old regions: 52->52
[2026-06-17T23:36:30.363+0000][7707.175s][info][gc,heap       ] GC(264) Humongous regions: 147->147
[2026-06-17T23:36:30.363+0000][7707.175s][info][gc,metaspace  ] GC(264) Metaspace: 52276K(55040K)->52276K(55040K) NonClass: 46346K(47872K)->46346K(47872K) Class: 5929K(7168K)->5929K(7168K)
[2026-06-17T23:36:30.363+0000][7707.175s][info][gc            ] GC(264) Pause Young (Normal) (G1 Evacuation Pause) 445M->200M(512M) 2.029ms
[2026-06-17T23:36:30.363+0000][7707.175s][info][gc,cpu        ] GC(264) User=0.02s Sys=0.00s Real=0.00s
[2026-06-17T23:36:31.649+0000][7708.461s][info][gc,start      ] GC(265) Pause Young (Concurrent Start) (G1 Evacuation Pause)
[2026-06-17T23:36:31.649+0000][7708.461s][info][gc,task       ] GC(265) Using 13 workers of 13 for evacuation
[2026-06-17T23:36:31.652+0000][7708.464s][info][gc,phases     ] GC(265)   Pre Evacuate Collection Set: 0.2ms
[2026-06-17T23:36:31.652+0000][7708.464s][info][gc,phases     ] GC(265)   Evacuate Collection Set: 1.8ms
[2026-06-17T23:36:31.652+0000][7708.464s][info][gc,phases     ] GC(265)   Post Evacuate Collection Set: 0.4ms
[2026-06-17T23:36:31.652+0000][7708.464s][info][gc,phases     ] GC(265)   Other: 0.3ms
[2026-06-17T23:36:31.652+0000][7708.464s][info][gc,heap       ] GC(265) Eden regions: 247->0(242)
[2026-06-17T23:36:31.652+0000][7708.464s][info][gc,heap       ] GC(265) Survivor regions: 2->7(32)
[2026-06-17T23:36:31.652+0000][7708.464s][info][gc,heap       ] GC(265) Old regions: 52->52
[2026-06-17T23:36:31.652+0000][7708.464s][info][gc,heap       ] GC(265) Humongous regions: 147->147
[2026-06-17T23:36:31.652+0000][7708.464s][info][gc,metaspace  ] GC(265) Metaspace: 52276K(55040K)->52276K(55040K) NonClass: 46346K(47872K)->46346K(47872K) Class: 5929K(7168K)->5929K(7168K)
[2026-06-17T23:36:31.652+0000][7708.464s][info][gc            ] GC(265) Pause Young (Concurrent Start) (G1 Evacuation Pause) 447M->204M(512M) 3.268ms
[2026-06-17T23:36:31.652+0000][7708.465s][info][gc,cpu        ] GC(265) User=0.02s Sys=0.01s Real=0.01s
[2026-06-17T23:36:31.652+0000][7708.465s][info][gc            ] GC(266) Concurrent Cycle
[2026-06-17T23:36:31.652+0000][7708.465s][info][gc,marking    ] GC(266) Concurrent Clear Claimed Marks
[2026-06-17T23:36:31.653+0000][7708.465s][info][gc,marking    ] GC(266) Concurrent Clear Claimed Marks 0.184ms
[2026-06-17T23:36:31.653+0000][7708.465s][info][gc,marking    ] GC(266) Concurrent Scan Root Regions
[2026-06-17T23:36:31.654+0000][7708.466s][info][gc,marking    ] GC(266) Concurrent Scan Root Regions 1.258ms
[2026-06-17T23:36:31.654+0000][7708.466s][info][gc,marking    ] GC(266) Concurrent Mark (7708.466s)
[2026-06-17T23:36:31.654+0000][7708.466s][info][gc,marking    ] GC(266) Concurrent Mark From Roots
[2026-06-17T23:36:31.654+0000][7708.466s][info][gc,task       ] GC(266) Using 3 workers of 3 for marking
[2026-06-17T23:36:31.659+0000][7708.472s][info][gc,marking    ] GC(266) Concurrent Mark From Roots 5.464ms
[2026-06-17T23:36:31.660+0000][7708.472s][info][gc,marking    ] GC(266) Concurrent Preclean
[2026-06-17T23:36:31.660+0000][7708.472s][info][gc,marking    ] GC(266) Concurrent Preclean 0.174ms
[2026-06-17T23:36:31.660+0000][7708.472s][info][gc,marking    ] GC(266) Concurrent Mark (7708.466s, 7708.472s) 5.840ms
[2026-06-17T23:36:31.660+0000][7708.472s][info][gc,start      ] GC(266) Pause Remark
[2026-06-17T23:36:31.662+0000][7708.474s][info][gc,stringtable] GC(266) Cleaned string and symbol table, strings: 17264 processed, 0 removed, symbols: 125074 processed, 0 removed
[2026-06-17T23:36:31.662+0000][7708.475s][info][gc            ] GC(266) Pause Remark 208M->208M(512M) 2.427ms
[2026-06-17T23:36:31.662+0000][7708.475s][info][gc,cpu        ] GC(266) User=0.02s Sys=0.00s Real=0.01s
[2026-06-17T23:36:31.663+0000][7708.475s][info][gc,marking    ] GC(266) Concurrent Rebuild Remembered Sets
[2026-06-17T23:36:31.667+0000][7708.479s][info][gc,marking    ] GC(266) Concurrent Rebuild Remembered Sets 4.532ms
[2026-06-17T23:36:31.667+0000][7708.480s][info][gc,start      ] GC(266) Pause Cleanup
[2026-06-17T23:36:31.668+0000][7708.480s][info][gc            ] GC(266) Pause Cleanup 209M->209M(512M) 0.245ms
[2026-06-17T23:36:31.668+0000][7708.480s][info][gc,cpu        ] GC(266) User=0.00s Sys=0.00s Real=0.00s
[2026-06-17T23:36:31.668+0000][7708.480s][info][gc,marking    ] GC(266) Concurrent Cleanup for Next Mark
[2026-06-17T23:36:31.668+0000][7708.480s][info][gc,marking    ] GC(266) Concurrent Cleanup for Next Mark 0.143ms
[2026-06-17T23:36:31.668+0000][7708.480s][info][gc            ] GC(266) Concurrent Cycle 15.700ms
[2026-06-17T23:36:32.892+0000][7709.705s][info][gc,start      ] GC(267) Pause Young (Prepare Mixed) (G1 Evacuation Pause)
[2026-06-17T23:36:32.893+0000][7709.705s][info][gc,task       ] GC(267) Using 13 workers of 13 for evacuation
[2026-06-17T23:36:32.895+0000][7709.707s][info][gc,phases     ] GC(267)   Pre Evacuate Collection Set: 0.0ms
[2026-06-17T23:36:32.895+0000][7709.707s][info][gc,phases     ] GC(267)   Evacuate Collection Set: 1.5ms
[2026-06-17T23:36:32.895+0000][7709.707s][info][gc,phases     ] GC(267)   Post Evacuate Collection Set: 0.4ms
[2026-06-17T23:36:32.895+0000][7709.707s][info][gc,phases     ] GC(267)   Other: 0.3ms
[2026-06-17T23:36:32.895+0000][7709.707s][info][gc,heap       ] GC(267) Eden regions: 242->0(21)
[2026-06-17T23:36:32.895+0000][7709.707s][info][gc,heap       ] GC(267) Survivor regions: 7->4(32)
[2026-06-17T23:36:32.895+0000][7709.707s][info][gc,heap       ] GC(267) Old regions: 52->52
[2026-06-17T23:36:32.895+0000][7709.707s][info][gc,heap       ] GC(267) Humongous regions: 147->147
[2026-06-17T23:36:32.895+0000][7709.707s][info][gc,metaspace  ] GC(267) Metaspace: 52276K(55040K)->52276K(55040K) NonClass: 46346K(47872K)->46346K(47872K) Class: 5929K(7168K)->5929K(7168K)
[2026-06-17T23:36:32.895+0000][7709.707s][info][gc            ] GC(267) Pause Young (Prepare Mixed) (G1 Evacuation Pause) 446M->202M(512M) 2.807ms
[2026-06-17T23:36:32.895+0000][7709.708s][info][gc,cpu        ] GC(267) User=0.02s Sys=0.00s Real=0.00s
[2026-06-17T23:37:06.209+0000][7743.022s][info][gc,start      ] GC(268) Pause Young (Mixed) (G1 Evacuation Pause)
[2026-06-17T23:37:06.209+0000][7743.022s][info][gc,task       ] GC(268) Using 13 workers of 13 for evacuation
[2026-06-17T23:37:06.214+0000][7743.026s][info][gc,phases     ] GC(268)   Pre Evacuate Collection Set: 0.0ms
[2026-06-17T23:37:06.214+0000][7743.027s][info][gc,phases     ] GC(268)   Evacuate Collection Set: 4.0ms
[2026-06-17T23:37:06.214+0000][7743.027s][info][gc,phases     ] GC(268)   Post Evacuate Collection Set: 0.3ms
[2026-06-17T23:37:06.214+0000][7743.027s][info][gc,phases     ] GC(268)   Other: 0.3ms
[2026-06-17T23:37:06.214+0000][7743.027s][info][gc,heap       ] GC(268) Eden regions: 21->0(250)
[2026-06-17T23:37:06.214+0000][7743.027s][info][gc,heap       ] GC(268) Survivor regions: 4->3(4)
[2026-06-17T23:37:06.214+0000][7743.027s][info][gc,heap       ] GC(268) Old regions: 52->46
[2026-06-17T23:37:06.214+0000][7743.027s][info][gc,heap       ] GC(268) Humongous regions: 147->147
[2026-06-17T23:37:06.214+0000][7743.027s][info][gc,metaspace  ] GC(268) Metaspace: 52280K(55040K)->52280K(55040K) NonClass: 46350K(47872K)->46350K(47872K) Class: 5929K(7168K)->5929K(7168K)
[2026-06-17T23:37:06.214+0000][7743.027s][info][gc            ] GC(268) Pause Young (Mixed) (G1 Evacuation Pause) 223M->195M(512M) 5.360ms
[2026-06-17T23:37:06.214+0000][7743.027s][info][gc,cpu        ] GC(268) User=0.02s Sys=0.00s Real=0.01s
[2026-06-17T23:37:06.698+0000][7743.511s][info][gc,start      ] GC(269) Pause Young (Normal) (G1 Evacuation Pause)
[2026-06-17T23:37:06.698+0000][7743.511s][info][gc,task       ] GC(269) Using 13 workers of 13 for evacuation
[2026-06-17T23:37:06.707+0000][7743.519s][info][gc,phases     ] GC(269)   Pre Evacuate Collection Set: 0.0ms
[2026-06-17T23:37:06.707+0000][7743.520s][info][gc,phases     ] GC(269)   Evacuate Collection Set: 7.6ms
[2026-06-17T23:37:06.707+0000][7743.520s][info][gc,phases     ] GC(269)   Post Evacuate Collection Set: 0.4ms
[2026-06-17T23:37:06.707+0000][7743.520s][info][gc,phases     ] GC(269)   Other: 0.4ms
[2026-06-17T23:37:06.707+0000][7743.520s][info][gc,heap       ] GC(269) Eden regions: 250->0(250)
[2026-06-17T23:37:06.707+0000][7743.520s][info][gc,heap       ] GC(269) Survivor regions: 3->4(32)
[2026-06-17T23:37:06.707+0000][7743.520s][info][gc,heap       ] GC(269) Old regions: 46->46
[2026-06-17T23:37:06.707+0000][7743.520s][info][gc,heap       ] GC(269) Humongous regions: 147->147
[2026-06-17T23:37:06.707+0000][7743.520s][info][gc,metaspace  ] GC(269) Metaspace: 52280K(55040K)->52280K(55040K) NonClass: 46350K(47872K)->46350K(47872K) Class: 5929K(7168K)->5929K(7168K)
[2026-06-17T23:37:06.707+0000][7743.520s][info][gc            ] GC(269) Pause Young (Normal) (G1 Evacuation Pause) 445M->195M(512M) 9.064ms
[2026-06-17T23:37:06.707+0000][7743.520s][info][gc,cpu        ] GC(269) User=0.06s Sys=0.00s Real=0.01s
[2026-06-17T23:37:07.204+0000][7744.017s][info][gc,start      ] GC(270) Pause Young (Normal) (G1 Evacuation Pause)
[2026-06-17T23:37:07.204+0000][7744.017s][info][gc,task       ] GC(270) Using 13 workers of 13 for evacuation
[2026-06-17T23:37:07.206+0000][7744.019s][info][gc,phases     ] GC(270)   Pre Evacuate Collection Set: 0.0ms
[2026-06-17T23:37:07.206+0000][7744.019s][info][gc,phases     ] GC(270)   Evacuate Collection Set: 1.3ms
[2026-06-17T23:37:07.206+0000][7744.019s][info][gc,phases     ] GC(270)   Post Evacuate Collection Set: 0.3ms
[2026-06-17T23:37:07.206+0000][7744.019s][info][gc,phases     ] GC(270)   Other: 0.3ms
[2026-06-17T23:37:07.206+0000][7744.019s][info][gc,heap       ] GC(270) Eden regions: 250->0(252)
[2026-06-17T23:37:07.206+0000][7744.019s][info][gc,heap       ] GC(270) Survivor regions: 4->3(32)
[2026-06-17T23:37:07.206+0000][7744.019s][info][gc,heap       ] GC(270) Old regions: 46->46
[2026-06-17T23:37:07.206+0000][7744.019s][info][gc,heap       ] GC(270) Humongous regions: 147->147
[2026-06-17T23:37:07.206+0000][7744.019s][info][gc,metaspace  ] GC(270) Metaspace: 52280K(55040K)->52280K(55040K) NonClass: 46350K(47872K)->46350K(47872K) Class: 5929K(7168K)->5929K(7168K)
[2026-06-17T23:37:07.207+0000][7744.019s][info][gc            ] GC(270) Pause Young (Normal) (G1 Evacuation Pause) 445M->195M(512M) 2.397ms
[2026-06-17T23:37:07.207+0000][7744.019s][info][gc,cpu        ] GC(270) User=0.02s Sys=0.00s Real=0.00s
[2026-06-17T23:37:07.683+0000][7744.495s][info][gc,start      ] GC(271) Pause Young (Concurrent Start) (G1 Evacuation Pause)
[2026-06-17T23:37:07.683+0000][7744.495s][info][gc,task       ] GC(271) Using 13 workers of 13 for evacuation
[2026-06-17T23:37:07.686+0000][7744.498s][info][gc,phases     ] GC(271)   Pre Evacuate Collection Set: 0.3ms
[2026-06-17T23:37:07.686+0000][7744.499s][info][gc,phases     ] GC(271)   Evacuate Collection Set: 2.2ms
[2026-06-17T23:37:07.686+0000][7744.499s][info][gc,phases     ] GC(271)   Post Evacuate Collection Set: 0.3ms
[2026-06-17T23:37:07.686+0000][7744.499s][info][gc,phases     ] GC(271)   Other: 0.4ms
[2026-06-17T23:37:07.686+0000][7744.499s][info][gc,heap       ] GC(271) Eden regions: 252->0(251)
[2026-06-17T23:37:07.686+0000][7744.499s][info][gc,heap       ] GC(271) Survivor regions: 3->5(32)
[2026-06-17T23:37:07.686+0000][7744.499s][info][gc,heap       ] GC(271) Old regions: 46->46
[2026-06-17T23:37:07.686+0000][7744.499s][info][gc,heap       ] GC(271) Humongous regions: 147->147
[2026-06-17T23:37:07.686+0000][7744.499s][info][gc,metaspace  ] GC(271) Metaspace: 52280K(55040K)->52280K(55040K) NonClass: 46350K(47872K)->46350K(47872K) Class: 5929K(7168K)->5929K(7168K)
[2026-06-17T23:37:07.686+0000][7744.499s][info][gc            ] GC(271) Pause Young (Concurrent Start) (G1 Evacuation Pause) 447M->197M(512M) 3.807ms
[2026-06-17T23:37:07.686+0000][7744.499s][info][gc,cpu        ] GC(271) User=0.02s Sys=0.00s Real=0.00s
[2026-06-17T23:37:07.686+0000][7744.499s][info][gc            ] GC(272) Concurrent Cycle
[2026-06-17T23:37:07.687+0000][7744.499s][info][gc,marking    ] GC(272) Concurrent Clear Claimed Marks
[2026-06-17T23:37:07.687+0000][7744.500s][info][gc,marking    ] GC(272) Concurrent Clear Claimed Marks 0.181ms
[2026-06-17T23:37:07.687+0000][7744.500s][info][gc,marking    ] GC(272) Concurrent Scan Root Regions
[2026-06-17T23:37:07.688+0000][7744.501s][info][gc,marking    ] GC(272) Concurrent Scan Root Regions 0.972ms
[2026-06-17T23:37:07.688+0000][7744.501s][info][gc,marking    ] GC(272) Concurrent Mark (7744.501s)
[2026-06-17T23:37:07.688+0000][7744.501s][info][gc,marking    ] GC(272) Concurrent Mark From Roots
[2026-06-17T23:37:07.688+0000][7744.501s][info][gc,task       ] GC(272) Using 3 workers of 3 for marking
[2026-06-17T23:37:07.693+0000][7744.506s][info][gc,marking    ] GC(272) Concurrent Mark From Roots 5.058ms
[2026-06-17T23:37:07.693+0000][7744.506s][info][gc,marking    ] GC(272) Concurrent Preclean
[2026-06-17T23:37:07.693+0000][7744.506s][info][gc,marking    ] GC(272) Concurrent Preclean 0.217ms
[2026-06-17T23:37:07.693+0000][7744.506s][info][gc,marking    ] GC(272) Concurrent Mark (7744.501s, 7744.506s) 5.500ms
[2026-06-17T23:37:07.694+0000][7744.506s][info][gc,start      ] GC(272) Pause Remark
[2026-06-17T23:37:07.696+0000][7744.509s][info][gc,stringtable] GC(272) Cleaned string and symbol table, strings: 17264 processed, 0 removed, symbols: 125075 processed, 1 removed
[2026-06-17T23:37:07.696+0000][7744.509s][info][gc            ] GC(272) Pause Remark 202M->202M(512M) 2.514ms
[2026-06-17T23:37:07.696+0000][7744.509s][info][gc,cpu        ] GC(272) User=0.02s Sys=0.00s Real=0.00s
[2026-06-17T23:37:07.696+0000][7744.509s][info][gc,marking    ] GC(272) Concurrent Rebuild Remembered Sets
[2026-06-17T23:37:07.700+0000][7744.513s][info][gc,marking    ] GC(272) Concurrent Rebuild Remembered Sets 3.668ms
[2026-06-17T23:37:07.700+0000][7744.513s][info][gc,start      ] GC(272) Pause Cleanup
[2026-06-17T23:37:07.700+0000][7744.513s][info][gc            ] GC(272) Pause Cleanup 205M->205M(512M) 0.189ms
[2026-06-17T23:37:07.700+0000][7744.513s][info][gc,cpu        ] GC(272) User=0.00s Sys=0.00s Real=0.00s
[2026-06-17T23:37:07.701+0000][7744.513s][info][gc,marking    ] GC(272) Concurrent Cleanup for Next Mark
[2026-06-17T23:37:07.701+0000][7744.513s][info][gc,marking    ] GC(272) Concurrent Cleanup for Next Mark 0.142ms
[2026-06-17T23:37:07.701+0000][7744.514s][info][gc            ] GC(272) Concurrent Cycle 14.308ms
[2026-06-17T23:37:08.178+0000][7744.990s][info][gc,start      ] GC(273) Pause Young (Prepare Mixed) (G1 Evacuation Pause)
[2026-06-17T23:37:08.178+0000][7744.991s][info][gc,task       ] GC(273) Using 13 workers of 13 for evacuation
[2026-06-17T23:37:08.180+0000][7744.993s][info][gc,phases     ] GC(273)   Pre Evacuate Collection Set: 0.0ms
[2026-06-17T23:37:08.180+0000][7744.993s][info][gc,phases     ] GC(273)   Evacuate Collection Set: 1.8ms
[2026-06-17T23:37:08.180+0000][7744.993s][info][gc,phases     ] GC(273)   Post Evacuate Collection Set: 0.4ms
[2026-06-17T23:37:08.180+0000][7744.993s][info][gc,phases     ] GC(273)   Other: 0.4ms
[2026-06-17T23:37:08.180+0000][7744.993s][info][gc,heap       ] GC(273) Eden regions: 251->0(18)
[2026-06-17T23:37:08.180+0000][7744.993s][info][gc,heap       ] GC(273) Survivor regions: 5->7(32)
[2026-06-17T23:37:08.180+0000][7744.993s][info][gc,heap       ] GC(273) Old regions: 46->46
[2026-06-17T23:37:08.181+0000][7744.993s][info][gc,heap       ] GC(273) Humongous regions: 147->147
[2026-06-17T23:37:08.181+0000][7744.993s][info][gc,metaspace  ] GC(273) Metaspace: 52280K(55040K)->52280K(55040K) NonClass: 46350K(47872K)->46350K(47872K) Class: 5929K(7168K)->5929K(7168K)
[2026-06-17T23:37:08.181+0000][7744.993s][info][gc            ] GC(273) Pause Young (Prepare Mixed) (G1 Evacuation Pause) 448M->199M(512M) 3.030ms
[2026-06-17T23:37:08.181+0000][7744.993s][info][gc,cpu        ] GC(273) User=0.02s Sys=0.00s Real=0.01s
[2026-06-17T23:37:08.213+0000][7745.026s][info][gc,start      ] GC(274) Pause Young (Mixed) (G1 Evacuation Pause)
[2026-06-17T23:37:08.213+0000][7745.026s][info][gc,task       ] GC(274) Using 13 workers of 13 for evacuation
[2026-06-17T23:37:08.217+0000][7745.030s][info][gc,phases     ] GC(274)   Pre Evacuate Collection Set: 0.0ms
[2026-06-17T23:37:08.217+0000][7745.030s][info][gc,phases     ] GC(274)   Evacuate Collection Set: 3.3ms
[2026-06-17T23:37:08.217+0000][7745.030s][info][gc,phases     ] GC(274)   Post Evacuate Collection Set: 0.3ms
[2026-06-17T23:37:08.217+0000][7745.030s][info][gc,phases     ] GC(274)   Other: 0.4ms
[2026-06-17T23:37:08.218+0000][7745.030s][info][gc,heap       ] GC(274) Eden regions: 18->0(247)
[2026-06-17T23:37:08.218+0000][7745.030s][info][gc,heap       ] GC(274) Survivor regions: 7->2(4)
[2026-06-17T23:37:08.218+0000][7745.030s][info][gc,heap       ] GC(274) Old regions: 46->51
[2026-06-17T23:37:08.218+0000][7745.030s][info][gc,heap       ] GC(274) Humongous regions: 147->147
[2026-06-17T23:37:08.218+0000][7745.031s][info][gc,metaspace  ] GC(274) Metaspace: 52280K(55040K)->52280K(55040K) NonClass: 46350K(47872K)->46350K(47872K) Class: 5929K(7168K)->5929K(7168K)
[2026-06-17T23:37:08.218+0000][7745.031s][info][gc            ] GC(274) Pause Young (Mixed) (G1 Evacuation Pause) 217M->198M(512M) 4.610ms
[2026-06-17T23:37:08.218+0000][7745.031s][info][gc,cpu        ] GC(274) User=0.02s Sys=0.00s Real=0.00s
[2026-06-17T23:37:08.713+0000][7745.526s][info][gc,start      ] GC(275) Pause Young (Normal) (G1 Evacuation Pause)
[2026-06-17T23:37:08.713+0000][7745.526s][info][gc,task       ] GC(275) Using 13 workers of 13 for evacuation
[2026-06-17T23:37:08.716+0000][7745.529s][info][gc,phases     ] GC(275)   Pre Evacuate Collection Set: 0.0ms
[2026-06-17T23:37:08.716+0000][7745.529s][info][gc,phases     ] GC(275)   Evacuate Collection Set: 1.8ms
[2026-06-17T23:37:08.716+0000][7745.529s][info][gc,phases     ] GC(275)   Post Evacuate Collection Set: 0.4ms
[2026-06-17T23:37:08.716+0000][7745.529s][info][gc,phases     ] GC(275)   Other: 0.3ms
[2026-06-17T23:37:08.716+0000][7745.529s][info][gc,heap       ] GC(275) Eden regions: 247->0(239)
[2026-06-17T23:37:08.716+0000][7745.529s][info][gc,heap       ] GC(275) Survivor regions: 2->8(32)
[2026-06-17T23:37:08.716+0000][7745.529s][info][gc,heap       ] GC(275) Old regions: 51->51
[2026-06-17T23:37:08.716+0000][7745.529s][info][gc,heap       ] GC(275) Humongous regions: 147->147
[2026-06-17T23:37:08.716+0000][7745.529s][info][gc,metaspace  ] GC(275) Metaspace: 52280K(55040K)->52280K(55040K) NonClass: 46350K(47872K)->46350K(47872K) Class: 5929K(7168K)->5929K(7168K)
[2026-06-17T23:37:08.716+0000][7745.529s][info][gc            ] GC(275) Pause Young (Normal) (G1 Evacuation Pause) 445M->205M(512M) 3.000ms
[2026-06-17T23:37:08.716+0000][7745.529s][info][gc,cpu        ] GC(275) User=0.02s Sys=0.00s Real=0.00s
[2026-06-17T23:37:20.537+0000][7757.350s][info][gc,start      ] GC(276) Pause Young (Normal) (G1 Evacuation Pause)
[2026-06-17T23:37:20.537+0000][7757.350s][info][gc,task       ] GC(276) Using 13 workers of 13 for evacuation
[2026-06-17T23:37:20.538+0000][7757.351s][info][gc,phases     ] GC(276)   Pre Evacuate Collection Set: 0.0ms
[2026-06-17T23:37:20.538+0000][7757.351s][info][gc,phases     ] GC(276)   Evacuate Collection Set: 1.0ms
[2026-06-17T23:37:20.538+0000][7757.351s][info][gc,phases     ] GC(276)   Post Evacuate Collection Set: 0.3ms
[2026-06-17T23:37:20.539+0000][7757.351s][info][gc,phases     ] GC(276)   Other: 0.3ms
[2026-06-17T23:37:20.539+0000][7757.351s][info][gc,heap       ] GC(276) Eden regions: 239->0(245)
[2026-06-17T23:37:20.539+0000][7757.351s][info][gc,heap       ] GC(276) Survivor regions: 8->3(31)
[2026-06-17T23:37:20.539+0000][7757.351s][info][gc,heap       ] GC(276) Old regions: 51->51
[2026-06-17T23:37:20.539+0000][7757.352s][info][gc,heap       ] GC(276) Humongous regions: 147->147
[2026-06-17T23:37:20.539+0000][7757.352s][info][gc,metaspace  ] GC(276) Metaspace: 52282K(55040K)->52282K(55040K) NonClass: 46353K(47872K)->46353K(47872K) Class: 5929K(7168K)->5929K(7168K)
[2026-06-17T23:37:20.539+0000][7757.352s][info][gc            ] GC(276) Pause Young (Normal) (G1 Evacuation Pause) 444M->200M(512M) 2.096ms
[2026-06-17T23:37:20.539+0000][7757.352s][info][gc,cpu        ] GC(276) User=0.02s Sys=0.00s Real=0.00s
[2026-06-17T23:37:22.087+0000][7758.899s][info][gc,start      ] GC(277) Pause Young (Concurrent Start) (G1 Evacuation Pause)
[2026-06-17T23:37:22.087+0000][7758.900s][info][gc,task       ] GC(277) Using 13 workers of 13 for evacuation
[2026-06-17T23:37:22.096+0000][7758.908s][info][gc,phases     ] GC(277)   Pre Evacuate Collection Set: 0.3ms
[2026-06-17T23:37:22.096+0000][7758.909s][info][gc,phases     ] GC(277)   Evacuate Collection Set: 8.1ms
[2026-06-17T23:37:22.096+0000][7758.909s][info][gc,phases     ] GC(277)   Post Evacuate Collection Set: 0.3ms
[2026-06-17T23:37:22.096+0000][7758.909s][info][gc,phases     ] GC(277)   Other: 0.3ms
[2026-06-17T23:37:22.096+0000][7758.909s][info][gc,heap       ] GC(277) Eden regions: 245->0(241)
[2026-06-17T23:37:22.096+0000][7758.909s][info][gc,heap       ] GC(277) Survivor regions: 3->7(31)
[2026-06-17T23:37:22.096+0000][7758.909s][info][gc,heap       ] GC(277) Old regions: 51->51
[2026-06-17T23:37:22.096+0000][7758.909s][info][gc,heap       ] GC(277) Humongous regions: 147->147
[2026-06-17T23:37:22.096+0000][7758.909s][info][gc,metaspace  ] GC(277) Metaspace: 52282K(55040K)->52282K(55040K) NonClass: 46353K(47872K)->46353K(47872K) Class: 5929K(7168K)->5929K(7168K)
[2026-06-17T23:37:22.096+0000][7758.909s][info][gc            ] GC(277) Pause Young (Concurrent Start) (G1 Evacuation Pause) 445M->204M(512M) 9.450ms
[2026-06-17T23:37:22.096+0000][7758.909s][info][gc,cpu        ] GC(277) User=0.08s Sys=0.00s Real=0.01s
[2026-06-17T23:37:22.096+0000][7758.909s][info][gc            ] GC(278) Concurrent Cycle
[2026-06-17T23:37:22.096+0000][7758.909s][info][gc,marking    ] GC(278) Concurrent Clear Claimed Marks
[2026-06-17T23:37:22.097+0000][7758.909s][info][gc,marking    ] GC(278) Concurrent Clear Claimed Marks 0.236ms
[2026-06-17T23:37:22.097+0000][7758.910s][info][gc,marking    ] GC(278) Concurrent Scan Root Regions
[2026-06-17T23:37:22.098+0000][7758.911s][info][gc,marking    ] GC(278) Concurrent Scan Root Regions 1.165ms
[2026-06-17T23:37:22.098+0000][7758.911s][info][gc,marking    ] GC(278) Concurrent Mark (7758.911s)
[2026-06-17T23:37:22.098+0000][7758.911s][info][gc,marking    ] GC(278) Concurrent Mark From Roots
[2026-06-17T23:37:22.098+0000][7758.911s][info][gc,task       ] GC(278) Using 3 workers of 3 for marking
[2026-06-17T23:37:22.104+0000][7758.916s][info][gc,marking    ] GC(278) Concurrent Mark From Roots 5.441ms
[2026-06-17T23:37:22.104+0000][7758.916s][info][gc,marking    ] GC(278) Concurrent Preclean
[2026-06-17T23:37:22.104+0000][7758.917s][info][gc,marking    ] GC(278) Concurrent Preclean 0.146ms
[2026-06-17T23:37:22.104+0000][7758.917s][info][gc,marking    ] GC(278) Concurrent Mark (7758.911s, 7758.917s) 5.784ms
[2026-06-17T23:37:22.104+0000][7758.917s][info][gc,start      ] GC(278) Pause Remark
[2026-06-17T23:37:22.107+0000][7758.919s][info][gc,stringtable] GC(278) Cleaned string and symbol table, strings: 17264 processed, 0 removed, symbols: 125074 processed, 0 removed
[2026-06-17T23:37:22.107+0000][7758.920s][info][gc            ] GC(278) Pause Remark 208M->208M(512M) 2.817ms
[2026-06-17T23:37:22.107+0000][7758.920s][info][gc,cpu        ] GC(278) User=0.03s Sys=0.00s Real=0.00s
[2026-06-17T23:37:22.107+0000][7758.920s][info][gc,marking    ] GC(278) Concurrent Rebuild Remembered Sets
[2026-06-17T23:37:22.112+0000][7758.925s][info][gc,marking    ] GC(278) Concurrent Rebuild Remembered Sets 4.722ms
[2026-06-17T23:37:22.112+0000][7758.925s][info][gc,start      ] GC(278) Pause Cleanup
[2026-06-17T23:37:22.112+0000][7758.925s][info][gc            ] GC(278) Pause Cleanup 209M->209M(512M) 0.223ms
[2026-06-17T23:37:22.112+0000][7758.925s][info][gc,cpu        ] GC(278) User=0.00s Sys=0.00s Real=0.00s
[2026-06-17T23:37:22.112+0000][7758.925s][info][gc,marking    ] GC(278) Concurrent Cleanup for Next Mark
[2026-06-17T23:37:22.113+0000][7758.925s][info][gc,marking    ] GC(278) Concurrent Cleanup for Next Mark 0.173ms
[2026-06-17T23:37:22.113+0000][7758.926s][info][gc            ] GC(278) Concurrent Cycle 16.556ms
[2026-06-17T23:37:23.447+0000][7760.260s][info][gc,start      ] GC(279) Pause Young (Prepare Mixed) (G1 Evacuation Pause)
[2026-06-17T23:37:23.447+0000][7760.260s][info][gc,task       ] GC(279) Using 13 workers of 13 for evacuation
[2026-06-17T23:37:23.449+0000][7760.261s][info][gc,phases     ] GC(279)   Pre Evacuate Collection Set: 0.0ms
[2026-06-17T23:37:23.449+0000][7760.262s][info][gc,phases     ] GC(279)   Evacuate Collection Set: 1.3ms
[2026-06-17T23:37:23.449+0000][7760.262s][info][gc,phases     ] GC(279)   Post Evacuate Collection Set: 0.3ms
[2026-06-17T23:37:23.449+0000][7760.262s][info][gc,phases     ] GC(279)   Other: 0.3ms
[2026-06-17T23:37:23.449+0000][7760.262s][info][gc,heap       ] GC(279) Eden regions: 241->0(22)
[2026-06-17T23:37:23.449+0000][7760.262s][info][gc,heap       ] GC(279) Survivor regions: 7->3(31)
[2026-06-17T23:37:23.449+0000][7760.262s][info][gc,heap       ] GC(279) Old regions: 51->51
[2026-06-17T23:37:23.449+0000][7760.262s][info][gc,heap       ] GC(279) Humongous regions: 147->147
[2026-06-17T23:37:23.449+0000][7760.262s][info][gc,metaspace  ] GC(279) Metaspace: 52282K(55040K)->52282K(55040K) NonClass: 46353K(47872K)->46353K(47872K) Class: 5929K(7168K)->5929K(7168K)
[2026-06-17T23:37:23.449+0000][7760.262s][info][gc            ] GC(279) Pause Young (Prepare Mixed) (G1 Evacuation Pause) 445M->199M(512M) 2.449ms
[2026-06-17T23:37:23.449+0000][7760.262s][info][gc,cpu        ] GC(279) User=0.01s Sys=0.00s Real=0.00s
[2026-06-17T23:37:23.559+0000][7760.372s][info][gc,start      ] GC(280) Pause Young (Mixed) (G1 Evacuation Pause)
[2026-06-17T23:37:23.559+0000][7760.372s][info][gc,task       ] GC(280) Using 13 workers of 13 for evacuation
[2026-06-17T23:37:23.561+0000][7760.374s][info][gc,phases     ] GC(280)   Pre Evacuate Collection Set: 0.0ms
[2026-06-17T23:37:23.561+0000][7760.374s][info][gc,phases     ] GC(280)   Evacuate Collection Set: 1.1ms
[2026-06-17T23:37:23.561+0000][7760.374s][info][gc,phases     ] GC(280)   Post Evacuate Collection Set: 0.3ms
[2026-06-17T23:37:23.561+0000][7760.374s][info][gc,phases     ] GC(280)   Other: 0.3ms
[2026-06-17T23:37:23.561+0000][7760.374s][info][gc,heap       ] GC(280) Eden regions: 22->0(250)
[2026-06-17T23:37:23.561+0000][7760.374s][info][gc,heap       ] GC(280) Survivor regions: 3->4(4)
[2026-06-17T23:37:23.561+0000][7760.374s][info][gc,heap       ] GC(280) Old regions: 51->44
[2026-06-17T23:37:23.561+0000][7760.374s][info][gc,heap       ] GC(280) Humongous regions: 147->147
[2026-06-17T23:37:23.561+0000][7760.374s][info][gc,metaspace  ] GC(280) Metaspace: 52282K(55040K)->52282K(55040K) NonClass: 46353K(47872K)->46353K(47872K) Class: 5929K(7168K)->5929K(7168K)
[2026-06-17T23:37:23.561+0000][7760.374s][info][gc            ] GC(280) Pause Young (Mixed) (G1 Evacuation Pause) 221M->193M(512M) 2.128ms
[2026-06-17T23:37:23.561+0000][7760.374s][info][gc,cpu        ] GC(280) User=0.01s Sys=0.00s Real=0.01s
[2026-06-17T23:37:24.882+0000][7761.695s][info][gc,start      ] GC(281) Pause Young (Normal) (G1 Evacuation Pause)
[2026-06-17T23:37:24.882+0000][7761.695s][info][gc,task       ] GC(281) Using 13 workers of 13 for evacuation
[2026-06-17T23:37:24.884+0000][7761.697s][info][gc,phases     ] GC(281)   Pre Evacuate Collection Set: 0.0ms
[2026-06-17T23:37:24.884+0000][7761.697s][info][gc,phases     ] GC(281)   Evacuate Collection Set: 1.6ms
[2026-06-17T23:37:24.884+0000][7761.697s][info][gc,phases     ] GC(281)   Post Evacuate Collection Set: 0.3ms
[2026-06-17T23:37:24.884+0000][7761.697s][info][gc,phases     ] GC(281)   Other: 0.3ms
[2026-06-17T23:37:24.884+0000][7761.697s][info][gc,heap       ] GC(281) Eden regions: 250->0(246)
[2026-06-17T23:37:24.885+0000][7761.697s][info][gc,heap       ] GC(281) Survivor regions: 4->8(32)
[2026-06-17T23:37:24.885+0000][7761.697s][info][gc,heap       ] GC(281) Old regions: 44->44
[2026-06-17T23:37:24.885+0000][7761.697s][info][gc,heap       ] GC(281) Humongous regions: 147->147
[2026-06-17T23:37:24.885+0000][7761.697s][info][gc,metaspace  ] GC(281) Metaspace: 52282K(55040K)->52282K(55040K) NonClass: 46353K(47872K)->46353K(47872K) Class: 5929K(7168K)->5929K(7168K)
[2026-06-17T23:37:24.885+0000][7761.698s][info][gc            ] GC(281) Pause Young (Normal) (G1 Evacuation Pause) 443M->198M(512M) 2.715ms
[2026-06-17T23:37:24.885+0000][7761.698s][info][gc,cpu        ] GC(281) User=0.02s Sys=0.00s Real=0.00s
[2026-06-17T23:38:13.552+0000][7810.367s][info][gc,start      ] GC(282) Pause Young (Normal) (G1 Evacuation Pause)
[2026-06-17T23:38:13.553+0000][7810.368s][info][gc,task       ] GC(282) Using 13 workers of 13 for evacuation
[2026-06-17T23:38:13.561+0000][7810.377s][info][gc,phases     ] GC(282)   Pre Evacuate Collection Set: 0.0ms
[2026-06-17T23:38:13.562+0000][7810.377s][info][gc,phases     ] GC(282)   Evacuate Collection Set: 8.3ms
[2026-06-17T23:38:13.562+0000][7810.377s][info][gc,phases     ] GC(282)   Post Evacuate Collection Set: 0.4ms
[2026-06-17T23:38:13.562+0000][7810.377s][info][gc,phases     ] GC(282)   Other: 0.6ms
[2026-06-17T23:38:13.562+0000][7810.377s][info][gc,heap       ] GC(282) Eden regions: 246->0(249)
[2026-06-17T23:38:13.562+0000][7810.377s][info][gc,heap       ] GC(282) Survivor regions: 8->5(32)
[2026-06-17T23:38:13.562+0000][7810.377s][info][gc,heap       ] GC(282) Old regions: 44->44
[2026-06-17T23:38:13.562+0000][7810.377s][info][gc,heap       ] GC(282) Humongous regions: 147->147
[2026-06-17T23:38:13.562+0000][7810.377s][info][gc,metaspace  ] GC(282) Metaspace: 52287K(55040K)->52287K(55040K) NonClass: 46358K(47872K)->46358K(47872K) Class: 5929K(7168K)->5929K(7168K)
[2026-06-17T23:38:13.562+0000][7810.377s][info][gc            ] GC(282) Pause Young (Normal) (G1 Evacuation Pause) 444M->195M(512M) 10.153ms
[2026-06-17T23:38:13.562+0000][7810.378s][info][gc,cpu        ] GC(282) User=0.07s Sys=0.00s Real=0.01s
[2026-06-17T23:38:15.066+0000][7811.881s][info][gc,start      ] GC(283) Pause Young (Concurrent Start) (G1 Evacuation Pause)
[2026-06-17T23:38:15.066+0000][7811.881s][info][gc,task       ] GC(283) Using 13 workers of 13 for evacuation
[2026-06-17T23:38:15.070+0000][7811.885s][info][gc,phases     ] GC(283)   Pre Evacuate Collection Set: 0.3ms
[2026-06-17T23:38:15.070+0000][7811.885s][info][gc,phases     ] GC(283)   Evacuate Collection Set: 3.2ms
[2026-06-17T23:38:15.070+0000][7811.885s][info][gc,phases     ] GC(283)   Post Evacuate Collection Set: 0.3ms
[2026-06-17T23:38:15.070+0000][7811.885s][info][gc,phases     ] GC(283)   Other: 0.4ms
[2026-06-17T23:38:15.070+0000][7811.885s][info][gc,heap       ] GC(283) Eden regions: 249->0(243)
[2026-06-17T23:38:15.070+0000][7811.885s][info][gc,heap       ] GC(283) Survivor regions: 5->10(32)
[2026-06-17T23:38:15.070+0000][7811.885s][info][gc,heap       ] GC(283) Old regions: 44->44
[2026-06-17T23:38:15.070+0000][7811.886s][info][gc,heap       ] GC(283) Humongous regions: 147->147
[2026-06-17T23:38:15.071+0000][7811.886s][info][gc,metaspace  ] GC(283) Metaspace: 52287K(55040K)->52287K(55040K) NonClass: 46358K(47872K)->46358K(47872K) Class: 5929K(7168K)->5929K(7168K)
[2026-06-17T23:38:15.071+0000][7811.886s][info][gc            ] GC(283) Pause Young (Concurrent Start) (G1 Evacuation Pause) 444M->199M(512M) 4.881ms
[2026-06-17T23:38:15.071+0000][7811.886s][info][gc,cpu        ] GC(283) User=0.04s Sys=0.00s Real=0.01s
[2026-06-17T23:38:15.071+0000][7811.886s][info][gc            ] GC(284) Concurrent Cycle
[2026-06-17T23:38:15.071+0000][7811.886s][info][gc,marking    ] GC(284) Concurrent Clear Claimed Marks
[2026-06-17T23:38:15.071+0000][7811.886s][info][gc,marking    ] GC(284) Concurrent Clear Claimed Marks 0.136ms
[2026-06-17T23:38:15.071+0000][7811.886s][info][gc,marking    ] GC(284) Concurrent Scan Root Regions
[2026-06-17T23:38:15.073+0000][7811.888s][info][gc,marking    ] GC(284) Concurrent Scan Root Regions 1.571ms
[2026-06-17T23:38:15.073+0000][7811.888s][info][gc,marking    ] GC(284) Concurrent Mark (7811.888s)
[2026-06-17T23:38:15.073+0000][7811.888s][info][gc,marking    ] GC(284) Concurrent Mark From Roots
[2026-06-17T23:38:15.073+0000][7811.888s][info][gc,task       ] GC(284) Using 3 workers of 3 for marking
[2026-06-17T23:38:15.078+0000][7811.894s][info][gc,marking    ] GC(284) Concurrent Mark From Roots 5.522ms
[2026-06-17T23:38:15.079+0000][7811.894s][info][gc,marking    ] GC(284) Concurrent Preclean
[2026-06-17T23:38:15.079+0000][7811.894s][info][gc,marking    ] GC(284) Concurrent Preclean 0.177ms
[2026-06-17T23:38:15.079+0000][7811.894s][info][gc,marking    ] GC(284) Concurrent Mark (7811.888s, 7811.894s) 6.078ms
[2026-06-17T23:38:15.079+0000][7811.894s][info][gc,start      ] GC(284) Pause Remark
[2026-06-17T23:38:15.082+0000][7811.898s][info][gc,stringtable] GC(284) Cleaned string and symbol table, strings: 17264 processed, 0 removed, symbols: 125074 processed, 0 removed
[2026-06-17T23:38:15.083+0000][7811.898s][info][gc            ] GC(284) Pause Remark 203M->203M(512M) 3.627ms
[2026-06-17T23:38:15.083+0000][7811.898s][info][gc,cpu        ] GC(284) User=0.03s Sys=0.00s Real=0.00s
[2026-06-17T23:38:15.083+0000][7811.898s][info][gc,marking    ] GC(284) Concurrent Rebuild Remembered Sets
[2026-06-17T23:38:15.088+0000][7811.903s][info][gc,marking    ] GC(284) Concurrent Rebuild Remembered Sets 4.685ms
[2026-06-17T23:38:15.088+0000][7811.903s][info][gc,start      ] GC(284) Pause Cleanup
[2026-06-17T23:38:15.088+0000][7811.903s][info][gc            ] GC(284) Pause Cleanup 204M->204M(512M) 0.181ms
[2026-06-17T23:38:15.088+0000][7811.904s][info][gc,cpu        ] GC(284) User=0.00s Sys=0.00s Real=0.00s
[2026-06-17T23:38:15.088+0000][7811.904s][info][gc,marking    ] GC(284) Concurrent Cleanup for Next Mark
[2026-06-17T23:38:15.089+0000][7811.904s][info][gc,marking    ] GC(284) Concurrent Cleanup for Next Mark 0.345ms
[2026-06-17T23:38:15.089+0000][7811.904s][info][gc            ] GC(284) Concurrent Cycle 18.098ms
[2026-06-17T23:38:16.308+0000][7813.123s][info][gc,start      ] GC(285) Pause Young (Normal) (G1 Evacuation Pause)
[2026-06-17T23:38:16.308+0000][7813.123s][info][gc,task       ] GC(285) Using 13 workers of 13 for evacuation
[2026-06-17T23:38:16.310+0000][7813.125s][info][gc,phases     ] GC(285)   Pre Evacuate Collection Set: 0.0ms
[2026-06-17T23:38:16.310+0000][7813.125s][info][gc,phases     ] GC(285)   Evacuate Collection Set: 1.8ms
[2026-06-17T23:38:16.310+0000][7813.125s][info][gc,phases     ] GC(285)   Post Evacuate Collection Set: 0.4ms
[2026-06-17T23:38:16.310+0000][7813.125s][info][gc,phases     ] GC(285)   Other: 0.3ms
[2026-06-17T23:38:16.310+0000][7813.125s][info][gc,heap       ] GC(285) Eden regions: 243->0(247)
[2026-06-17T23:38:16.310+0000][7813.125s][info][gc,heap       ] GC(285) Survivor regions: 10->7(32)
[2026-06-17T23:38:16.310+0000][7813.125s][info][gc,heap       ] GC(285) Old regions: 44->44
[2026-06-17T23:38:16.310+0000][7813.126s][info][gc,heap       ] GC(285) Humongous regions: 147->147
[2026-06-17T23:38:16.310+0000][7813.126s][info][gc,metaspace  ] GC(285) Metaspace: 52287K(55040K)->52287K(55040K) NonClass: 46358K(47872K)->46358K(47872K) Class: 5929K(7168K)->5929K(7168K)
[2026-06-17T23:38:16.310+0000][7813.126s][info][gc            ] GC(285) Pause Young (Normal) (G1 Evacuation Pause) 442M->196M(512M) 2.900ms
[2026-06-17T23:38:16.311+0000][7813.126s][info][gc,cpu        ] GC(285) User=0.02s Sys=0.00s Real=0.00s
[2026-06-17T23:39:04.783+0000][7861.596s][info][gc,start      ] GC(286) Pause Young (Concurrent Start) (G1 Evacuation Pause)
[2026-06-17T23:39:04.783+0000][7861.596s][info][gc,task       ] GC(286) Using 13 workers of 13 for evacuation
[2026-06-17T23:39:04.795+0000][7861.609s][info][gc,phases     ] GC(286)   Pre Evacuate Collection Set: 0.4ms
[2026-06-17T23:39:04.796+0000][7861.609s][info][gc,phases     ] GC(286)   Evacuate Collection Set: 11.2ms
[2026-06-17T23:39:04.796+0000][7861.609s][info][gc,phases     ] GC(286)   Post Evacuate Collection Set: 0.5ms
[2026-06-17T23:39:04.796+0000][7861.609s][info][gc,phases     ] GC(286)   Other: 0.8ms
[2026-06-17T23:39:04.796+0000][7861.609s][info][gc,heap       ] GC(286) Eden regions: 247->0(242)
[2026-06-17T23:39:04.796+0000][7861.609s][info][gc,heap       ] GC(286) Survivor regions: 7->11(32)
[2026-06-17T23:39:04.796+0000][7861.609s][info][gc,heap       ] GC(286) Old regions: 44->44
[2026-06-17T23:39:04.796+0000][7861.609s][info][gc,heap       ] GC(286) Humongous regions: 147->147
[2026-06-17T23:39:04.796+0000][7861.610s][info][gc,metaspace  ] GC(286) Metaspace: 52288K(55040K)->52288K(55040K) NonClass: 46359K(47872K)->46359K(47872K) Class: 5929K(7168K)->5929K(7168K)
[2026-06-17T23:39:04.797+0000][7861.610s][info][gc            ] GC(286) Pause Young (Concurrent Start) (G1 Evacuation Pause) 443M->200M(512M) 13.930ms
[2026-06-17T23:39:04.797+0000][7861.610s][info][gc,cpu        ] GC(286) User=0.10s Sys=0.00s Real=0.01s
[2026-06-17T23:39:04.797+0000][7861.610s][info][gc            ] GC(287) Concurrent Cycle
[2026-06-17T23:39:04.797+0000][7861.610s][info][gc,marking    ] GC(287) Concurrent Clear Claimed Marks
[2026-06-17T23:39:04.797+0000][7861.611s][info][gc,marking    ] GC(287) Concurrent Clear Claimed Marks 0.363ms
[2026-06-17T23:39:04.798+0000][7861.611s][info][gc,marking    ] GC(287) Concurrent Scan Root Regions
[2026-06-17T23:39:04.799+0000][7861.613s][info][gc,marking    ] GC(287) Concurrent Scan Root Regions 1.878ms
[2026-06-17T23:39:04.800+0000][7861.613s][info][gc,marking    ] GC(287) Concurrent Mark (7861.613s)
[2026-06-17T23:39:04.800+0000][7861.613s][info][gc,marking    ] GC(287) Concurrent Mark From Roots
[2026-06-17T23:39:04.800+0000][7861.613s][info][gc,task       ] GC(287) Using 3 workers of 3 for marking
[2026-06-17T23:39:04.805+0000][7861.618s][info][gc,marking    ] GC(287) Concurrent Mark From Roots 5.647ms
[2026-06-17T23:39:04.806+0000][7861.619s][info][gc,marking    ] GC(287) Concurrent Preclean
[2026-06-17T23:39:04.806+0000][7861.619s][info][gc,marking    ] GC(287) Concurrent Preclean 0.515ms
[2026-06-17T23:39:04.806+0000][7861.620s][info][gc,marking    ] GC(287) Concurrent Mark (7861.613s, 7861.620s) 6.899ms
[2026-06-17T23:39:04.807+0000][7861.620s][info][gc,start      ] GC(287) Pause Remark
[2026-06-17T23:39:04.813+0000][7861.627s][info][gc,stringtable] GC(287) Cleaned string and symbol table, strings: 17264 processed, 0 removed, symbols: 125074 processed, 0 removed
[2026-06-17T23:39:04.814+0000][7861.627s][info][gc            ] GC(287) Pause Remark 204M->204M(512M) 7.421ms
[2026-06-17T23:39:04.814+0000][7861.628s][info][gc,cpu        ] GC(287) User=0.05s Sys=0.00s Real=0.01s
[2026-06-17T23:39:04.815+0000][7861.628s][info][gc,marking    ] GC(287) Concurrent Rebuild Remembered Sets
[2026-06-17T23:39:04.819+0000][7861.632s][info][gc,marking    ] GC(287) Concurrent Rebuild Remembered Sets 4.337ms
[2026-06-17T23:39:04.819+0000][7861.632s][info][gc,start      ] GC(287) Pause Cleanup
[2026-06-17T23:39:04.819+0000][7861.633s][info][gc            ] GC(287) Pause Cleanup 205M->205M(512M) 0.209ms
[2026-06-17T23:39:04.820+0000][7861.633s][info][gc,cpu        ] GC(287) User=0.00s Sys=0.00s Real=0.00s
[2026-06-17T23:39:04.820+0000][7861.633s][info][gc,marking    ] GC(287) Concurrent Cleanup for Next Mark
[2026-06-17T23:39:04.820+0000][7861.633s][info][gc,marking    ] GC(287) Concurrent Cleanup for Next Mark 0.307ms
[2026-06-17T23:39:04.820+0000][7861.633s][info][gc            ] GC(287) Concurrent Cycle 23.029ms
[2026-06-17T23:39:06.228+0000][7863.041s][info][gc,start      ] GC(288) Pause Young (Normal) (G1 Evacuation Pause)
[2026-06-17T23:39:06.228+0000][7863.041s][info][gc,task       ] GC(288) Using 13 workers of 13 for evacuation
[2026-06-17T23:39:06.230+0000][7863.043s][info][gc,phases     ] GC(288)   Pre Evacuate Collection Set: 0.0ms
[2026-06-17T23:39:06.230+0000][7863.044s][info][gc,phases     ] GC(288)   Evacuate Collection Set: 1.8ms
[2026-06-17T23:39:06.231+0000][7863.044s][info][gc,phases     ] GC(288)   Post Evacuate Collection Set: 0.3ms
[2026-06-17T23:39:06.231+0000][7863.044s][info][gc,phases     ] GC(288)   Other: 0.3ms
[2026-06-17T23:39:06.231+0000][7863.044s][info][gc,heap       ] GC(288) Eden regions: 242->0(247)
[2026-06-17T23:39:06.231+0000][7863.044s][info][gc,heap       ] GC(288) Survivor regions: 11->7(32)
[2026-06-17T23:39:06.231+0000][7863.044s][info][gc,heap       ] GC(288) Old regions: 44->44
[2026-06-17T23:39:06.231+0000][7863.044s][info][gc,heap       ] GC(288) Humongous regions: 147->147
[2026-06-17T23:39:06.231+0000][7863.044s][info][gc,metaspace  ] GC(288) Metaspace: 52288K(55040K)->52288K(55040K) NonClass: 46359K(47872K)->46359K(47872K) Class: 5929K(7168K)->5929K(7168K)
[2026-06-17T23:39:06.231+0000][7863.044s][info][gc            ] GC(288) Pause Young (Normal) (G1 Evacuation Pause) 442M->197M(512M) 3.038ms
[2026-06-17T23:39:06.231+0000][7863.044s][info][gc,cpu        ] GC(288) User=0.02s Sys=0.00s Real=0.01s
[2026-06-17T23:39:07.517+0000][7864.330s][info][gc,start      ] GC(289) Pause Young (Concurrent Start) (G1 Evacuation Pause)
[2026-06-17T23:39:07.517+0000][7864.330s][info][gc,task       ] GC(289) Using 13 workers of 13 for evacuation
[2026-06-17T23:39:07.529+0000][7864.343s][info][gc,phases     ] GC(289)   Pre Evacuate Collection Set: 0.2ms
[2026-06-17T23:39:07.530+0000][7864.343s][info][gc,phases     ] GC(289)   Evacuate Collection Set: 11.6ms
[2026-06-17T23:39:07.530+0000][7864.343s][info][gc,phases     ] GC(289)   Post Evacuate Collection Set: 0.3ms
[2026-06-17T23:39:07.530+0000][7864.343s][info][gc,phases     ] GC(289)   Other: 0.4ms
[2026-06-17T23:39:07.530+0000][7864.343s][info][gc,heap       ] GC(289) Eden regions: 247->0(240)
[2026-06-17T23:39:07.530+0000][7864.343s][info][gc,heap       ] GC(289) Survivor regions: 7->12(32)
[2026-06-17T23:39:07.530+0000][7864.343s][info][gc,heap       ] GC(289) Old regions: 44->44
[2026-06-17T23:39:07.530+0000][7864.343s][info][gc,heap       ] GC(289) Humongous regions: 147->147
[2026-06-17T23:39:07.530+0000][7864.343s][info][gc,metaspace  ] GC(289) Metaspace: 52288K(55040K)->52288K(55040K) NonClass: 46359K(47872K)->46359K(47872K) Class: 5929K(7168K)->5929K(7168K)
[2026-06-17T23:39:07.530+0000][7864.343s][info][gc            ] GC(289) Pause Young (Concurrent Start) (G1 Evacuation Pause) 444M->201M(512M) 12.979ms
[2026-06-17T23:39:07.530+0000][7864.343s][info][gc,cpu        ] GC(289) User=0.12s Sys=0.00s Real=0.02s
[2026-06-17T23:39:07.530+0000][7864.343s][info][gc            ] GC(290) Concurrent Cycle
[2026-06-17T23:39:07.530+0000][7864.343s][info][gc,marking    ] GC(290) Concurrent Clear Claimed Marks
[2026-06-17T23:39:07.530+0000][7864.344s][info][gc,marking    ] GC(290) Concurrent Clear Claimed Marks 0.261ms
[2026-06-17T23:39:07.531+0000][7864.344s][info][gc,marking    ] GC(290) Concurrent Scan Root Regions
[2026-06-17T23:39:07.533+0000][7864.346s][info][gc,marking    ] GC(290) Concurrent Scan Root Regions 1.890ms
[2026-06-17T23:39:07.533+0000][7864.346s][info][gc,marking    ] GC(290) Concurrent Mark (7864.346s)
[2026-06-17T23:39:07.533+0000][7864.346s][info][gc,marking    ] GC(290) Concurrent Mark From Roots
[2026-06-17T23:39:07.533+0000][7864.346s][info][gc,task       ] GC(290) Using 3 workers of 3 for marking
[2026-06-17T23:39:07.538+0000][7864.351s][info][gc,marking    ] GC(290) Concurrent Mark From Roots 5.384ms
[2026-06-17T23:39:07.538+0000][7864.351s][info][gc,marking    ] GC(290) Concurrent Preclean
[2026-06-17T23:39:07.538+0000][7864.351s][info][gc,marking    ] GC(290) Concurrent Preclean 0.210ms
[2026-06-17T23:39:07.538+0000][7864.352s][info][gc,marking    ] GC(290) Concurrent Mark (7864.346s, 7864.352s) 5.848ms
[2026-06-17T23:39:07.539+0000][7864.352s][info][gc,start      ] GC(290) Pause Remark
[2026-06-17T23:39:07.541+0000][7864.354s][info][gc,stringtable] GC(290) Cleaned string and symbol table, strings: 17264 processed, 0 removed, symbols: 125074 processed, 0 removed
[2026-06-17T23:39:07.542+0000][7864.355s][info][gc            ] GC(290) Pause Remark 206M->206M(512M) 3.001ms
[2026-06-17T23:39:07.542+0000][7864.355s][info][gc,cpu        ] GC(290) User=0.03s Sys=0.01s Real=0.01s
[2026-06-17T23:39:07.542+0000][7864.355s][info][gc,marking    ] GC(290) Concurrent Rebuild Remembered Sets
[2026-06-17T23:39:07.546+0000][7864.359s][info][gc,marking    ] GC(290) Concurrent Rebuild Remembered Sets 4.408ms
[2026-06-17T23:39:07.546+0000][7864.359s][info][gc,start      ] GC(290) Pause Cleanup
[2026-06-17T23:39:07.547+0000][7864.360s][info][gc            ] GC(290) Pause Cleanup 208M->208M(512M) 0.144ms
[2026-06-17T23:39:07.547+0000][7864.360s][info][gc,cpu        ] GC(290) User=0.00s Sys=0.00s Real=0.00s
[2026-06-17T23:39:07.547+0000][7864.360s][info][gc,marking    ] GC(290) Concurrent Cleanup for Next Mark
[2026-06-17T23:39:07.547+0000][7864.360s][info][gc,marking    ] GC(290) Concurrent Cleanup for Next Mark 0.141ms
[2026-06-17T23:39:07.547+0000][7864.360s][info][gc            ] GC(290) Concurrent Cycle 16.883ms
[2026-06-17T23:39:08.736+0000][7865.549s][info][gc,start      ] GC(291) Pause Young (Normal) (G1 Evacuation Pause)
[2026-06-17T23:39:08.736+0000][7865.549s][info][gc,task       ] GC(291) Using 13 workers of 13 for evacuation
[2026-06-17T23:39:08.739+0000][7865.553s][info][gc,phases     ] GC(291)   Pre Evacuate Collection Set: 0.0ms
[2026-06-17T23:39:08.740+0000][7865.553s][info][gc,phases     ] GC(291)   Evacuate Collection Set: 2.7ms
[2026-06-17T23:39:08.740+0000][7865.553s][info][gc,phases     ] GC(291)   Post Evacuate Collection Set: 0.4ms
[2026-06-17T23:39:08.740+0000][7865.553s][info][gc,phases     ] GC(291)   Other: 0.3ms
[2026-06-17T23:39:08.740+0000][7865.553s][info][gc,heap       ] GC(291) Eden regions: 240->0(244)
[2026-06-17T23:39:08.740+0000][7865.553s][info][gc,heap       ] GC(291) Survivor regions: 12->9(32)
[2026-06-17T23:39:08.740+0000][7865.553s][info][gc,heap       ] GC(291) Old regions: 44->44
[2026-06-17T23:39:08.740+0000][7865.553s][info][gc,heap       ] GC(291) Humongous regions: 147->147
[2026-06-17T23:39:08.740+0000][7865.553s][info][gc,metaspace  ] GC(291) Metaspace: 52288K(55040K)->52288K(55040K) NonClass: 46359K(47872K)->46359K(47872K) Class: 5929K(7168K)->5929K(7168K)
[2026-06-17T23:39:08.740+0000][7865.553s][info][gc            ] GC(291) Pause Young (Normal) (G1 Evacuation Pause) 441M->199M(512M) 4.033ms
[2026-06-17T23:39:08.740+0000][7865.553s][info][gc,cpu        ] GC(291) User=0.03s Sys=0.00s Real=0.01s
[2026-06-17T23:39:57.454+0000][7914.267s][info][gc,start      ] GC(292) Pause Young (Concurrent Start) (G1 Evacuation Pause)
[2026-06-17T23:39:57.454+0000][7914.267s][info][gc,task       ] GC(292) Using 13 workers of 13 for evacuation
[2026-06-17T23:39:57.459+0000][7914.272s][info][gc,phases     ] GC(292)   Pre Evacuate Collection Set: 0.3ms
[2026-06-17T23:39:57.459+0000][7914.272s][info][gc,phases     ] GC(292)   Evacuate Collection Set: 4.2ms
[2026-06-17T23:39:57.459+0000][7914.272s][info][gc,phases     ] GC(292)   Post Evacuate Collection Set: 0.4ms
[2026-06-17T23:39:57.459+0000][7914.272s][info][gc,phases     ] GC(292)   Other: 0.4ms
[2026-06-17T23:39:57.459+0000][7914.272s][info][gc,heap       ] GC(292) Eden regions: 244->0(240)
[2026-06-17T23:39:57.459+0000][7914.272s][info][gc,heap       ] GC(292) Survivor regions: 9->12(32)
[2026-06-17T23:39:57.459+0000][7914.272s][info][gc,heap       ] GC(292) Old regions: 44->44
[2026-06-17T23:39:57.460+0000][7914.272s][info][gc,heap       ] GC(292) Humongous regions: 147->147
[2026-06-17T23:39:57.460+0000][7914.273s][info][gc,metaspace  ] GC(292) Metaspace: 52289K(55040K)->52289K(55040K) NonClass: 46360K(47872K)->46360K(47872K) Class: 5929K(7168K)->5929K(7168K)
[2026-06-17T23:39:57.460+0000][7914.273s][info][gc            ] GC(292) Pause Young (Concurrent Start) (G1 Evacuation Pause) 443M->202M(512M) 5.852ms
[2026-06-17T23:39:57.460+0000][7914.273s][info][gc,cpu        ] GC(292) User=0.03s Sys=0.01s Real=0.00s
[2026-06-17T23:39:57.460+0000][7914.273s][info][gc            ] GC(293) Concurrent Cycle
[2026-06-17T23:39:57.460+0000][7914.273s][info][gc,marking    ] GC(293) Concurrent Clear Claimed Marks
[2026-06-17T23:39:57.460+0000][7914.273s][info][gc,marking    ] GC(293) Concurrent Clear Claimed Marks 0.228ms
[2026-06-17T23:39:57.460+0000][7914.273s][info][gc,marking    ] GC(293) Concurrent Scan Root Regions
[2026-06-17T23:39:57.462+0000][7914.275s][info][gc,marking    ] GC(293) Concurrent Scan Root Regions 1.938ms
[2026-06-17T23:39:57.462+0000][7914.275s][info][gc,marking    ] GC(293) Concurrent Mark (7914.275s)
[2026-06-17T23:39:57.462+0000][7914.275s][info][gc,marking    ] GC(293) Concurrent Mark From Roots
[2026-06-17T23:39:57.462+0000][7914.275s][info][gc,task       ] GC(293) Using 3 workers of 3 for marking
[2026-06-17T23:39:57.468+0000][7914.281s][info][gc,marking    ] GC(293) Concurrent Mark From Roots 6.113ms
[2026-06-17T23:39:57.469+0000][7914.282s][info][gc,marking    ] GC(293) Concurrent Preclean
[2026-06-17T23:39:57.469+0000][7914.282s][info][gc,marking    ] GC(293) Concurrent Preclean 0.230ms
[2026-06-17T23:39:57.469+0000][7914.282s][info][gc,marking    ] GC(293) Concurrent Mark (7914.275s, 7914.282s) 6.666ms
[2026-06-17T23:39:57.469+0000][7914.282s][info][gc,start      ] GC(293) Pause Remark
[2026-06-17T23:39:57.472+0000][7914.285s][info][gc,stringtable] GC(293) Cleaned string and symbol table, strings: 17264 processed, 0 removed, symbols: 125074 processed, 0 removed
[2026-06-17T23:39:57.472+0000][7914.285s][info][gc            ] GC(293) Pause Remark 206M->206M(512M) 3.046ms
[2026-06-17T23:39:57.472+0000][7914.285s][info][gc,cpu        ] GC(293) User=0.01s Sys=0.00s Real=0.01s
[2026-06-17T23:39:57.472+0000][7914.285s][info][gc,marking    ] GC(293) Concurrent Rebuild Remembered Sets
[2026-06-17T23:39:57.477+0000][7914.290s][info][gc,marking    ] GC(293) Concurrent Rebuild Remembered Sets 4.640ms
[2026-06-17T23:39:57.477+0000][7914.290s][info][gc,start      ] GC(293) Pause Cleanup
[2026-06-17T23:39:57.477+0000][7914.290s][info][gc            ] GC(293) Pause Cleanup 206M->206M(512M) 0.180ms
[2026-06-17T23:39:57.478+0000][7914.291s][info][gc,cpu        ] GC(293) User=0.00s Sys=0.00s Real=0.00s
[2026-06-17T23:39:57.478+0000][7914.291s][info][gc,marking    ] GC(293) Concurrent Cleanup for Next Mark
[2026-06-17T23:39:57.478+0000][7914.291s][info][gc,marking    ] GC(293) Concurrent Cleanup for Next Mark 0.158ms
[2026-06-17T23:39:57.478+0000][7914.291s][info][gc            ] GC(293) Concurrent Cycle 18.146ms
[2026-06-17T23:39:58.890+0000][7915.703s][info][gc,start      ] GC(294) Pause Young (Normal) (G1 Evacuation Pause)
[2026-06-17T23:39:58.891+0000][7915.704s][info][gc,task       ] GC(294) Using 13 workers of 13 for evacuation
[2026-06-17T23:39:58.895+0000][7915.708s][info][gc,phases     ] GC(294)   Pre Evacuate Collection Set: 0.0ms
[2026-06-17T23:39:58.895+0000][7915.708s][info][gc,phases     ] GC(294)   Evacuate Collection Set: 4.1ms
[2026-06-17T23:39:58.895+0000][7915.708s][info][gc,phases     ] GC(294)   Post Evacuate Collection Set: 0.4ms
[2026-06-17T23:39:58.895+0000][7915.708s][info][gc,phases     ] GC(294)   Other: 0.4ms
[2026-06-17T23:39:58.896+0000][7915.709s][info][gc,heap       ] GC(294) Eden regions: 240->0(246)
[2026-06-17T23:39:58.896+0000][7915.709s][info][gc,heap       ] GC(294) Survivor regions: 12->8(32)
[2026-06-17T23:39:58.896+0000][7915.709s][info][gc,heap       ] GC(294) Old regions: 44->44
[2026-06-17T23:39:58.896+0000][7915.709s][info][gc,heap       ] GC(294) Humongous regions: 147->147
[2026-06-17T23:39:58.896+0000][7915.709s][info][gc,metaspace  ] GC(294) Metaspace: 52289K(55040K)->52289K(55040K) NonClass: 46360K(47872K)->46360K(47872K) Class: 5929K(7168K)->5929K(7168K)
[2026-06-17T23:39:58.896+0000][7915.709s][info][gc            ] GC(294) Pause Young (Normal) (G1 Evacuation Pause) 442M->197M(512M) 5.330ms
[2026-06-17T23:39:58.896+0000][7915.709s][info][gc,cpu        ] GC(294) User=0.05s Sys=0.00s Real=0.00s
[2026-06-17T23:40:00.241+0000][7917.054s][info][gc,start      ] GC(295) Pause Young (Concurrent Start) (G1 Evacuation Pause)
[2026-06-17T23:40:00.241+0000][7917.054s][info][gc,task       ] GC(295) Using 13 workers of 13 for evacuation
[2026-06-17T23:40:00.246+0000][7917.059s][info][gc,phases     ] GC(295)   Pre Evacuate Collection Set: 0.3ms
[2026-06-17T23:40:00.246+0000][7917.059s][info][gc,phases     ] GC(295)   Evacuate Collection Set: 3.4ms
[2026-06-17T23:40:00.246+0000][7917.059s][info][gc,phases     ] GC(295)   Post Evacuate Collection Set: 0.4ms
[2026-06-17T23:40:00.246+0000][7917.059s][info][gc,phases     ] GC(295)   Other: 0.3ms
[2026-06-17T23:40:00.246+0000][7917.059s][info][gc,heap       ] GC(295) Eden regions: 246->0(242)
[2026-06-17T23:40:00.246+0000][7917.059s][info][gc,heap       ] GC(295) Survivor regions: 8->12(32)
[2026-06-17T23:40:00.246+0000][7917.059s][info][gc,heap       ] GC(295) Old regions: 44->44
[2026-06-17T23:40:00.246+0000][7917.059s][info][gc,heap       ] GC(295) Humongous regions: 147->147
[2026-06-17T23:40:00.246+0000][7917.059s][info][gc,metaspace  ] GC(295) Metaspace: 52289K(55040K)->52289K(55040K) NonClass: 46360K(47872K)->46360K(47872K) Class: 5929K(7168K)->5929K(7168K)
[2026-06-17T23:40:00.246+0000][7917.059s][info][gc            ] GC(295) Pause Young (Concurrent Start) (G1 Evacuation Pause) 443M->202M(512M) 4.907ms
[2026-06-17T23:40:00.246+0000][7917.059s][info][gc,cpu        ] GC(295) User=0.04s Sys=0.00s Real=0.00s
[2026-06-17T23:40:00.246+0000][7917.059s][info][gc            ] GC(296) Concurrent Cycle
[2026-06-17T23:40:00.246+0000][7917.059s][info][gc,marking    ] GC(296) Concurrent Clear Claimed Marks
[2026-06-17T23:40:00.247+0000][7917.060s][info][gc,marking    ] GC(296) Concurrent Clear Claimed Marks 0.255ms
[2026-06-17T23:40:00.247+0000][7917.060s][info][gc,marking    ] GC(296) Concurrent Scan Root Regions
[2026-06-17T23:40:00.249+0000][7917.062s][info][gc,marking    ] GC(296) Concurrent Scan Root Regions 1.924ms
[2026-06-17T23:40:00.249+0000][7917.062s][info][gc,marking    ] GC(296) Concurrent Mark (7917.062s)
[2026-06-17T23:40:00.249+0000][7917.062s][info][gc,marking    ] GC(296) Concurrent Mark From Roots
[2026-06-17T23:40:00.249+0000][7917.062s][info][gc,task       ] GC(296) Using 3 workers of 3 for marking
[2026-06-17T23:40:00.254+0000][7917.067s][info][gc,marking    ] GC(296) Concurrent Mark From Roots 5.478ms
[2026-06-17T23:40:00.255+0000][7917.067s][info][gc,marking    ] GC(296) Concurrent Preclean
[2026-06-17T23:40:00.255+0000][7917.068s][info][gc,marking    ] GC(296) Concurrent Preclean 0.237ms
[2026-06-17T23:40:00.255+0000][7917.068s][info][gc,marking    ] GC(296) Concurrent Mark (7917.062s, 7917.068s) 5.987ms
[2026-06-17T23:40:00.255+0000][7917.068s][info][gc,start      ] GC(296) Pause Remark
[2026-06-17T23:40:00.258+0000][7917.070s][info][gc,stringtable] GC(296) Cleaned string and symbol table, strings: 17264 processed, 0 removed, symbols: 125074 processed, 0 removed
[2026-06-17T23:40:00.258+0000][7917.071s][info][gc            ] GC(296) Pause Remark 206M->206M(512M) 2.705ms
[2026-06-17T23:40:00.258+0000][7917.071s][info][gc,cpu        ] GC(296) User=0.03s Sys=0.00s Real=0.00s
[2026-06-17T23:40:00.258+0000][7917.071s][info][gc,marking    ] GC(296) Concurrent Rebuild Remembered Sets
[2026-06-17T23:40:00.262+0000][7917.075s][info][gc,marking    ] GC(296) Concurrent Rebuild Remembered Sets 4.276ms
[2026-06-17T23:40:00.262+0000][7917.075s][info][gc,start      ] GC(296) Pause Cleanup
[2026-06-17T23:40:00.263+0000][7917.076s][info][gc            ] GC(296) Pause Cleanup 207M->207M(512M) 0.192ms
[2026-06-17T23:40:00.263+0000][7917.076s][info][gc,cpu        ] GC(296) User=0.00s Sys=0.00s Real=0.00s
[2026-06-17T23:40:00.263+0000][7917.076s][info][gc,marking    ] GC(296) Concurrent Cleanup for Next Mark
[2026-06-17T23:40:00.263+0000][7917.076s][info][gc,marking    ] GC(296) Concurrent Cleanup for Next Mark 0.195ms
[2026-06-17T23:40:00.263+0000][7917.076s][info][gc            ] GC(296) Concurrent Cycle 16.566ms
[2026-06-17T23:40:48.677+0000][7965.489s][info][gc,start      ] GC(297) Pause Young (Normal) (G1 Evacuation Pause)
[2026-06-17T23:40:48.677+0000][7965.490s][info][gc,task       ] GC(297) Using 13 workers of 13 for evacuation
[2026-06-17T23:40:48.680+0000][7965.492s][info][gc,phases     ] GC(297)   Pre Evacuate Collection Set: 0.0ms
[2026-06-17T23:40:48.680+0000][7965.493s][info][gc,phases     ] GC(297)   Evacuate Collection Set: 2.2ms
[2026-06-17T23:40:48.680+0000][7965.493s][info][gc,phases     ] GC(297)   Post Evacuate Collection Set: 0.4ms
[2026-06-17T23:40:48.680+0000][7965.493s][info][gc,phases     ] GC(297)   Other: 0.4ms
[2026-06-17T23:40:48.680+0000][7965.493s][info][gc,heap       ] GC(297) Eden regions: 242->0(244)
[2026-06-17T23:40:48.680+0000][7965.493s][info][gc,heap       ] GC(297) Survivor regions: 12->10(32)
[2026-06-17T23:40:48.680+0000][7965.493s][info][gc,heap       ] GC(297) Old regions: 44->44
[2026-06-17T23:40:48.680+0000][7965.493s][info][gc,heap       ] GC(297) Humongous regions: 147->147
[2026-06-17T23:40:48.680+0000][7965.493s][info][gc,metaspace  ] GC(297) Metaspace: 52289K(55040K)->52289K(55040K) NonClass: 46360K(47872K)->46360K(47872K) Class: 5929K(7168K)->5929K(7168K)
[2026-06-17T23:40:48.680+0000][7965.493s][info][gc            ] GC(297) Pause Young (Normal) (G1 Evacuation Pause) 444M->200M(512M) 3.517ms
[2026-06-17T23:40:48.680+0000][7965.493s][info][gc,cpu        ] GC(297) User=0.03s Sys=0.00s Real=0.01s
[2026-06-17T23:40:50.091+0000][7966.904s][info][gc,start      ] GC(298) Pause Young (Concurrent Start) (G1 Evacuation Pause)
[2026-06-17T23:40:50.091+0000][7966.904s][info][gc,task       ] GC(298) Using 13 workers of 13 for evacuation
[2026-06-17T23:40:50.102+0000][7966.914s][info][gc,phases     ] GC(298)   Pre Evacuate Collection Set: 0.3ms
[2026-06-17T23:40:50.102+0000][7966.915s][info][gc,phases     ] GC(298)   Evacuate Collection Set: 9.3ms
[2026-06-17T23:40:50.102+0000][7966.915s][info][gc,phases     ] GC(298)   Post Evacuate Collection Set: 0.4ms
[2026-06-17T23:40:50.102+0000][7966.915s][info][gc,phases     ] GC(298)   Other: 0.4ms
[2026-06-17T23:40:50.102+0000][7966.915s][info][gc,heap       ] GC(298) Eden regions: 244->0(240)
[2026-06-17T23:40:50.102+0000][7966.915s][info][gc,heap       ] GC(298) Survivor regions: 10->13(32)
[2026-06-17T23:40:50.102+0000][7966.915s][info][gc,heap       ] GC(298) Old regions: 44->45
[2026-06-17T23:40:50.102+0000][7966.915s][info][gc,heap       ] GC(298) Humongous regions: 147->147
[2026-06-17T23:40:50.102+0000][7966.915s][info][gc,metaspace  ] GC(298) Metaspace: 52289K(55040K)->52289K(55040K) NonClass: 46360K(47872K)->46360K(47872K) Class: 5929K(7168K)->5929K(7168K)
[2026-06-17T23:40:50.102+0000][7966.915s][info][gc            ] GC(298) Pause Young (Concurrent Start) (G1 Evacuation Pause) 444M->204M(512M) 11.116ms
[2026-06-17T23:40:50.102+0000][7966.915s][info][gc,cpu        ] GC(298) User=0.11s Sys=0.00s Real=0.01s
[2026-06-17T23:40:50.102+0000][7966.915s][info][gc            ] GC(299) Concurrent Cycle
[2026-06-17T23:40:50.103+0000][7966.915s][info][gc,marking    ] GC(299) Concurrent Clear Claimed Marks
[2026-06-17T23:40:50.103+0000][7966.916s][info][gc,marking    ] GC(299) Concurrent Clear Claimed Marks 0.299ms
[2026-06-17T23:40:50.103+0000][7966.916s][info][gc,marking    ] GC(299) Concurrent Scan Root Regions
[2026-06-17T23:40:50.105+0000][7966.918s][info][gc,marking    ] GC(299) Concurrent Scan Root Regions 2.104ms
[2026-06-17T23:40:50.106+0000][7966.918s][info][gc,marking    ] GC(299) Concurrent Mark (7966.918s)
[2026-06-17T23:40:50.106+0000][7966.919s][info][gc,marking    ] GC(299) Concurrent Mark From Roots
[2026-06-17T23:40:50.106+0000][7966.919s][info][gc,task       ] GC(299) Using 3 workers of 3 for marking
[2026-06-17T23:40:50.111+0000][7966.924s][info][gc,marking    ] GC(299) Concurrent Mark From Roots 5.400ms
[2026-06-17T23:40:50.111+0000][7966.924s][info][gc,marking    ] GC(299) Concurrent Preclean
[2026-06-17T23:40:50.111+0000][7966.924s][info][gc,marking    ] GC(299) Concurrent Preclean 0.170ms
[2026-06-17T23:40:50.111+0000][7966.924s][info][gc,marking    ] GC(299) Concurrent Mark (7966.918s, 7966.924s) 5.885ms
[2026-06-17T23:40:50.112+0000][7966.924s][info][gc,start      ] GC(299) Pause Remark
[2026-06-17T23:40:50.114+0000][7966.927s][info][gc,stringtable] GC(299) Cleaned string and symbol table, strings: 17264 processed, 0 removed, symbols: 125074 processed, 0 removed
[2026-06-17T23:40:50.114+0000][7966.927s][info][gc            ] GC(299) Pause Remark 208M->208M(512M) 2.701ms
[2026-06-17T23:40:50.114+0000][7966.927s][info][gc,cpu        ] GC(299) User=0.02s Sys=0.00s Real=0.00s
[2026-06-17T23:40:50.114+0000][7966.927s][info][gc,marking    ] GC(299) Concurrent Rebuild Remembered Sets
[2026-06-17T23:40:50.119+0000][7966.931s][info][gc,marking    ] GC(299) Concurrent Rebuild Remembered Sets 4.070ms
[2026-06-17T23:40:50.119+0000][7966.932s][info][gc,start      ] GC(299) Pause Cleanup
[2026-06-17T23:40:50.119+0000][7966.932s][info][gc            ] GC(299) Pause Cleanup 209M->209M(512M) 0.350ms
[2026-06-17T23:40:50.119+0000][7966.932s][info][gc,cpu        ] GC(299) User=0.00s Sys=0.00s Real=0.00s
[2026-06-17T23:40:50.119+0000][7966.932s][info][gc,marking    ] GC(299) Concurrent Cleanup for Next Mark
[2026-06-17T23:40:50.120+0000][7966.932s][info][gc,marking    ] GC(299) Concurrent Cleanup for Next Mark 0.172ms
[2026-06-17T23:40:50.120+0000][7966.932s][info][gc            ] GC(299) Concurrent Cycle 17.128ms
[2026-06-17T23:40:51.369+0000][7968.182s][info][gc,start      ] GC(300) Pause Young (Prepare Mixed) (G1 Evacuation Pause)
[2026-06-17T23:40:51.369+0000][7968.182s][info][gc,task       ] GC(300) Using 13 workers of 13 for evacuation
[2026-06-17T23:40:51.372+0000][7968.184s][info][gc,phases     ] GC(300)   Pre Evacuate Collection Set: 0.0ms
[2026-06-17T23:40:51.372+0000][7968.185s][info][gc,phases     ] GC(300)   Evacuate Collection Set: 2.2ms
[2026-06-17T23:40:51.372+0000][7968.185s][info][gc,phases     ] GC(300)   Post Evacuate Collection Set: 0.3ms
[2026-06-17T23:40:51.372+0000][7968.185s][info][gc,phases     ] GC(300)   Other: 0.3ms
[2026-06-17T23:40:51.372+0000][7968.185s][info][gc,heap       ] GC(300) Eden regions: 240->0(14)
[2026-06-17T23:40:51.372+0000][7968.185s][info][gc,heap       ] GC(300) Survivor regions: 13->11(32)
[2026-06-17T23:40:51.372+0000][7968.185s][info][gc,heap       ] GC(300) Old regions: 45->45
[2026-06-17T23:40:51.372+0000][7968.185s][info][gc,heap       ] GC(300) Humongous regions: 147->147
[2026-06-17T23:40:51.372+0000][7968.185s][info][gc,metaspace  ] GC(300) Metaspace: 52289K(55040K)->52289K(55040K) NonClass: 46360K(47872K)->46360K(47872K) Class: 5929K(7168K)->5929K(7168K)
[2026-06-17T23:40:51.372+0000][7968.185s][info][gc            ] GC(300) Pause Young (Prepare Mixed) (G1 Evacuation Pause) 444M->202M(512M) 3.541ms
[2026-06-17T23:40:51.372+0000][7968.185s][info][gc,cpu        ] GC(300) User=0.03s Sys=0.00s Real=0.01s
[2026-06-17T23:40:51.438+0000][7968.251s][info][gc,start      ] GC(301) Pause Young (Mixed) (G1 Evacuation Pause)
[2026-06-17T23:40:51.438+0000][7968.251s][info][gc,task       ] GC(301) Using 13 workers of 13 for evacuation
[2026-06-17T23:40:51.442+0000][7968.255s][info][gc,phases     ] GC(301)   Pre Evacuate Collection Set: 0.0ms
[2026-06-17T23:40:51.442+0000][7968.255s][info][gc,phases     ] GC(301)   Evacuate Collection Set: 2.9ms
[2026-06-17T23:40:51.442+0000][7968.255s][info][gc,phases     ] GC(301)   Post Evacuate Collection Set: 0.3ms
[2026-06-17T23:40:51.442+0000][7968.255s][info][gc,phases     ] GC(301)   Other: 0.3ms
[2026-06-17T23:40:51.442+0000][7968.255s][info][gc,heap       ] GC(301) Eden regions: 14->0(241)
[2026-06-17T23:40:51.442+0000][7968.255s][info][gc,heap       ] GC(301) Survivor regions: 11->2(4)
[2026-06-17T23:40:51.442+0000][7968.255s][info][gc,heap       ] GC(301) Old regions: 45->54
[2026-06-17T23:40:51.442+0000][7968.255s][info][gc,heap       ] GC(301) Humongous regions: 147->147
[2026-06-17T23:40:51.442+0000][7968.255s][info][gc,metaspace  ] GC(301) Metaspace: 52289K(55040K)->52289K(55040K) NonClass: 46360K(47872K)->46360K(47872K) Class: 5929K(7168K)->5929K(7168K)
[2026-06-17T23:40:51.442+0000][7968.255s][info][gc            ] GC(301) Pause Young (Mixed) (G1 Evacuation Pause) 216M->202M(512M) 3.995ms
[2026-06-17T23:40:51.442+0000][7968.255s][info][gc,cpu        ] GC(301) User=0.03s Sys=0.00s Real=0.01s
[2026-06-17T23:40:52.641+0000][7969.454s][info][gc,start      ] GC(302) Pause Young (Normal) (G1 Evacuation Pause)
[2026-06-17T23:40:52.642+0000][7969.454s][info][gc,task       ] GC(302) Using 13 workers of 13 for evacuation
[2026-06-17T23:40:52.643+0000][7969.456s][info][gc,phases     ] GC(302)   Pre Evacuate Collection Set: 0.0ms
[2026-06-17T23:40:52.643+0000][7969.456s][info][gc,phases     ] GC(302)   Evacuate Collection Set: 1.3ms
[2026-06-17T23:40:52.643+0000][7969.456s][info][gc,phases     ] GC(302)   Post Evacuate Collection Set: 0.3ms
[2026-06-17T23:40:52.643+0000][7969.456s][info][gc,phases     ] GC(302)   Other: 0.3ms
[2026-06-17T23:40:52.644+0000][7969.456s][info][gc,heap       ] GC(302) Eden regions: 241->0(242)
[2026-06-17T23:40:52.644+0000][7969.456s][info][gc,heap       ] GC(302) Survivor regions: 2->3(31)
[2026-06-17T23:40:52.644+0000][7969.457s][info][gc,heap       ] GC(302) Old regions: 54->54
[2026-06-17T23:40:52.644+0000][7969.457s][info][gc,heap       ] GC(302) Humongous regions: 147->147
[2026-06-17T23:40:52.644+0000][7969.457s][info][gc,metaspace  ] GC(302) Metaspace: 52289K(55040K)->52289K(55040K) NonClass: 46360K(47872K)->46360K(47872K) Class: 5929K(7168K)->5929K(7168K)
[2026-06-17T23:40:52.644+0000][7969.457s][info][gc            ] GC(302) Pause Young (Normal) (G1 Evacuation Pause) 443M->202M(512M) 2.389ms
[2026-06-17T23:40:52.644+0000][7969.457s][info][gc,cpu        ] GC(302) User=0.01s Sys=0.00s Real=0.00s
[2026-06-17T23:41:41.185+0000][8017.997s][info][gc,start      ] GC(303) Pause Young (Normal) (G1 Evacuation Pause)
[2026-06-17T23:41:41.185+0000][8017.997s][info][gc,task       ] GC(303) Using 13 workers of 13 for evacuation
[2026-06-17T23:41:41.187+0000][8017.999s][info][gc,phases     ] GC(303)   Pre Evacuate Collection Set: 0.0ms
[2026-06-17T23:41:41.187+0000][8017.999s][info][gc,phases     ] GC(303)   Evacuate Collection Set: 1.5ms
[2026-06-17T23:41:41.187+0000][8018.000s][info][gc,phases     ] GC(303)   Post Evacuate Collection Set: 0.3ms
[2026-06-17T23:41:41.187+0000][8018.000s][info][gc,phases     ] GC(303)   Other: 0.3ms
[2026-06-17T23:41:41.187+0000][8018.000s][info][gc,heap       ] GC(303) Eden regions: 242->0(239)
[2026-06-17T23:41:41.187+0000][8018.000s][info][gc,heap       ] GC(303) Survivor regions: 3->6(31)
[2026-06-17T23:41:41.187+0000][8018.000s][info][gc,heap       ] GC(303) Old regions: 54->54
[2026-06-17T23:41:41.187+0000][8018.000s][info][gc,heap       ] GC(303) Humongous regions: 147->147
[2026-06-17T23:41:41.187+0000][8018.000s][info][gc,metaspace  ] GC(303) Metaspace: 52290K(55040K)->52290K(55040K) NonClass: 46361K(47872K)->46361K(47872K) Class: 5929K(7168K)->5929K(7168K)
[2026-06-17T23:41:41.188+0000][8018.000s][info][gc            ] GC(303) Pause Young (Normal) (G1 Evacuation Pause) 444M->206M(512M) 2.727ms
[2026-06-17T23:41:41.188+0000][8018.000s][info][gc,cpu        ] GC(303) User=0.02s Sys=0.00s Real=0.00s
[2026-06-17T23:41:42.659+0000][8019.471s][info][gc,start      ] GC(304) Pause Young (Concurrent Start) (G1 Evacuation Pause)
[2026-06-17T23:41:42.659+0000][8019.471s][info][gc,task       ] GC(304) Using 13 workers of 13 for evacuation
[2026-06-17T23:41:42.662+0000][8019.475s][info][gc,phases     ] GC(304)   Pre Evacuate Collection Set: 0.3ms
[2026-06-17T23:41:42.662+0000][8019.475s][info][gc,phases     ] GC(304)   Evacuate Collection Set: 2.6ms
[2026-06-17T23:41:42.662+0000][8019.475s][info][gc,phases     ] GC(304)   Post Evacuate Collection Set: 0.4ms
[2026-06-17T23:41:42.662+0000][8019.475s][info][gc,phases     ] GC(304)   Other: 0.4ms
[2026-06-17T23:41:42.662+0000][8019.475s][info][gc,heap       ] GC(304) Eden regions: 239->0(243)
[2026-06-17T23:41:42.663+0000][8019.475s][info][gc,heap       ] GC(304) Survivor regions: 6->4(31)
[2026-06-17T23:41:42.663+0000][8019.475s][info][gc,heap       ] GC(304) Old regions: 54->54
[2026-06-17T23:41:42.663+0000][8019.475s][info][gc,heap       ] GC(304) Humongous regions: 147->147
[2026-06-17T23:41:42.663+0000][8019.475s][info][gc,metaspace  ] GC(304) Metaspace: 52290K(55040K)->52290K(55040K) NonClass: 46361K(47872K)->46361K(47872K) Class: 5929K(7168K)->5929K(7168K)
[2026-06-17T23:41:42.663+0000][8019.475s][info][gc            ] GC(304) Pause Young (Concurrent Start) (G1 Evacuation Pause) 445M->204M(512M) 4.139ms
[2026-06-17T23:41:42.663+0000][8019.475s][info][gc,cpu        ] GC(304) User=0.02s Sys=0.00s Real=0.01s
[2026-06-17T23:41:42.663+0000][8019.475s][info][gc            ] GC(305) Concurrent Cycle
[2026-06-17T23:41:42.663+0000][8019.475s][info][gc,marking    ] GC(305) Concurrent Clear Claimed Marks
[2026-06-17T23:41:42.663+0000][8019.476s][info][gc,marking    ] GC(305) Concurrent Clear Claimed Marks 0.181ms
[2026-06-17T23:41:42.663+0000][8019.476s][info][gc,marking    ] GC(305) Concurrent Scan Root Regions
[2026-06-17T23:41:42.664+0000][8019.476s][info][gc,marking    ] GC(305) Concurrent Scan Root Regions 0.791ms
[2026-06-17T23:41:42.664+0000][8019.476s][info][gc,marking    ] GC(305) Concurrent Mark (8019.476s)
[2026-06-17T23:41:42.664+0000][8019.477s][info][gc,marking    ] GC(305) Concurrent Mark From Roots
[2026-06-17T23:41:42.664+0000][8019.477s][info][gc,task       ] GC(305) Using 3 workers of 3 for marking
[2026-06-17T23:41:42.669+0000][8019.482s][info][gc,marking    ] GC(305) Concurrent Mark From Roots 5.069ms
[2026-06-17T23:41:42.669+0000][8019.482s][info][gc,marking    ] GC(305) Concurrent Preclean
[2026-06-17T23:41:42.669+0000][8019.482s][info][gc,marking    ] GC(305) Concurrent Preclean 0.157ms
[2026-06-17T23:41:42.669+0000][8019.482s][info][gc,marking    ] GC(305) Concurrent Mark (8019.476s, 8019.482s) 5.441ms
[2026-06-17T23:41:42.670+0000][8019.482s][info][gc,start      ] GC(305) Pause Remark
[2026-06-17T23:41:42.672+0000][8019.484s][info][gc,stringtable] GC(305) Cleaned string and symbol table, strings: 17266 processed, 0 removed, symbols: 125074 processed, 0 removed
[2026-06-17T23:41:42.672+0000][8019.485s][info][gc            ] GC(305) Pause Remark 208M->208M(512M) 2.562ms
[2026-06-17T23:41:42.672+0000][8019.485s][info][gc,cpu        ] GC(305) User=0.02s Sys=0.00s Real=0.01s
[2026-06-17T23:41:42.672+0000][8019.485s][info][gc,marking    ] GC(305) Concurrent Rebuild Remembered Sets
[2026-06-17T23:41:42.676+0000][8019.489s][info][gc,marking    ] GC(305) Concurrent Rebuild Remembered Sets 3.728ms
[2026-06-17T23:41:42.676+0000][8019.489s][info][gc,start      ] GC(305) Pause Cleanup
[2026-06-17T23:41:42.677+0000][8019.489s][info][gc            ] GC(305) Pause Cleanup 208M->208M(512M) 0.157ms
[2026-06-17T23:41:42.677+0000][8019.489s][info][gc,cpu        ] GC(305) User=0.00s Sys=0.00s Real=0.00s
[2026-06-17T23:41:42.677+0000][8019.489s][info][gc,marking    ] GC(305) Concurrent Cleanup for Next Mark
[2026-06-17T23:41:42.677+0000][8019.489s][info][gc,marking    ] GC(305) Concurrent Cleanup for Next Mark 0.141ms
[2026-06-17T23:41:42.677+0000][8019.489s][info][gc            ] GC(305) Concurrent Cycle 14.064ms
[2026-06-17T23:41:43.905+0000][8020.718s][info][gc,start      ] GC(306) Pause Young (Prepare Mixed) (G1 Evacuation Pause)
[2026-06-17T23:41:43.906+0000][8020.718s][info][gc,task       ] GC(306) Using 13 workers of 13 for evacuation
[2026-06-17T23:41:43.908+0000][8020.721s][info][gc,phases     ] GC(306)   Pre Evacuate Collection Set: 0.0ms
[2026-06-17T23:41:43.908+0000][8020.721s][info][gc,phases     ] GC(306)   Evacuate Collection Set: 1.9ms
[2026-06-17T23:41:43.908+0000][8020.721s][info][gc,phases     ] GC(306)   Post Evacuate Collection Set: 0.4ms
[2026-06-17T23:41:43.908+0000][8020.721s][info][gc,phases     ] GC(306)   Other: 0.4ms
[2026-06-17T23:41:43.908+0000][8020.721s][info][gc,heap       ] GC(306) Eden regions: 243->0(17)
[2026-06-17T23:41:43.909+0000][8020.721s][info][gc,heap       ] GC(306) Survivor regions: 4->8(31)
[2026-06-17T23:41:43.909+0000][8020.721s][info][gc,heap       ] GC(306) Old regions: 54->54
[2026-06-17T23:41:43.909+0000][8020.721s][info][gc,heap       ] GC(306) Humongous regions: 147->147
[2026-06-17T23:41:43.909+0000][8020.721s][info][gc,metaspace  ] GC(306) Metaspace: 52290K(55040K)->52290K(55040K) NonClass: 46361K(47872K)->46361K(47872K) Class: 5929K(7168K)->5929K(7168K)
[2026-06-17T23:41:43.909+0000][8020.721s][info][gc            ] GC(306) Pause Young (Prepare Mixed) (G1 Evacuation Pause) 447M->208M(512M) 3.267ms
[2026-06-17T23:41:43.909+0000][8020.721s][info][gc,cpu        ] GC(306) User=0.03s Sys=0.00s Real=0.00s
[2026-06-17T23:41:43.986+0000][8020.799s][info][gc,start      ] GC(307) Pause Young (Mixed) (G1 Evacuation Pause)
[2026-06-17T23:41:43.986+0000][8020.799s][info][gc,task       ] GC(307) Using 13 workers of 13 for evacuation
[2026-06-17T23:41:43.990+0000][8020.803s][info][gc,phases     ] GC(307)   Pre Evacuate Collection Set: 0.0ms
[2026-06-17T23:41:43.990+0000][8020.803s][info][gc,phases     ] GC(307)   Evacuate Collection Set: 3.3ms
[2026-06-17T23:41:43.991+0000][8020.803s][info][gc,phases     ] GC(307)   Post Evacuate Collection Set: 0.3ms
[2026-06-17T23:41:43.991+0000][8020.803s][info][gc,phases     ] GC(307)   Other: 0.4ms
[2026-06-17T23:41:43.991+0000][8020.803s][info][gc,heap       ] GC(307) Eden regions: 17->0(246)
[2026-06-17T23:41:43.991+0000][8020.803s][info][gc,heap       ] GC(307) Survivor regions: 8->2(4)
[2026-06-17T23:41:43.991+0000][8020.803s][info][gc,heap       ] GC(307) Old regions: 54->51
[2026-06-17T23:41:43.991+0000][8020.803s][info][gc,heap       ] GC(307) Humongous regions: 147->147
[2026-06-17T23:41:43.991+0000][8020.803s][info][gc,metaspace  ] GC(307) Metaspace: 52290K(55040K)->52290K(55040K) NonClass: 46361K(47872K)->46361K(47872K) Class: 5929K(7168K)->5929K(7168K)
[2026-06-17T23:41:43.991+0000][8020.803s][info][gc            ] GC(307) Pause Young (Mixed) (G1 Evacuation Pause) 225M->199M(512M) 4.821ms
[2026-06-17T23:41:43.991+0000][8020.803s][info][gc,cpu        ] GC(307) User=0.02s Sys=0.00s Real=0.01s
[2026-06-17T23:42:32.486+0000][8069.302s][info][gc,start      ] GC(308) Pause Young (Normal) (G1 Evacuation Pause)
[2026-06-17T23:42:32.486+0000][8069.302s][info][gc,task       ] GC(308) Using 13 workers of 13 for evacuation
[2026-06-17T23:42:32.488+0000][8069.304s][info][gc,phases     ] GC(308)   Pre Evacuate Collection Set: 0.0ms
[2026-06-17T23:42:32.488+0000][8069.304s][info][gc,phases     ] GC(308)   Evacuate Collection Set: 1.4ms
[2026-06-17T23:42:32.488+0000][8069.304s][info][gc,phases     ] GC(308)   Post Evacuate Collection Set: 0.3ms
[2026-06-17T23:42:32.488+0000][8069.304s][info][gc,phases     ] GC(308)   Other: 0.3ms
[2026-06-17T23:42:32.488+0000][8069.304s][info][gc,heap       ] GC(308) Eden regions: 246->0(245)
[2026-06-17T23:42:32.489+0000][8069.304s][info][gc,heap       ] GC(308) Survivor regions: 2->4(31)
[2026-06-17T23:42:32.489+0000][8069.304s][info][gc,heap       ] GC(308) Old regions: 51->51
[2026-06-17T23:42:32.489+0000][8069.304s][info][gc,heap       ] GC(308) Humongous regions: 147->147
[2026-06-17T23:42:32.489+0000][8069.304s][info][gc,metaspace  ] GC(308) Metaspace: 52290K(55040K)->52290K(55040K) NonClass: 46361K(47872K)->46361K(47872K) Class: 5929K(7168K)->5929K(7168K)
[2026-06-17T23:42:32.489+0000][8069.304s][info][gc            ] GC(308) Pause Young (Normal) (G1 Evacuation Pause) 445M->201M(512M) 2.523ms
[2026-06-17T23:42:32.489+0000][8069.304s][info][gc,cpu        ] GC(308) User=0.02s Sys=0.00s Real=0.01s
[2026-06-17T23:42:33.925+0000][8070.740s][info][gc,start      ] GC(309) Pause Young (Normal) (G1 Evacuation Pause)
[2026-06-17T23:42:33.925+0000][8070.740s][info][gc,task       ] GC(309) Using 13 workers of 13 for evacuation
[2026-06-17T23:42:33.927+0000][8070.742s][info][gc,phases     ] GC(309)   Pre Evacuate Collection Set: 0.0ms
[2026-06-17T23:42:33.927+0000][8070.742s][info][gc,phases     ] GC(309)   Evacuate Collection Set: 1.5ms
[2026-06-17T23:42:33.927+0000][8070.742s][info][gc,phases     ] GC(309)   Post Evacuate Collection Set: 0.3ms
[2026-06-17T23:42:33.927+0000][8070.742s][info][gc,phases     ] GC(309)   Other: 0.3ms
[2026-06-17T23:42:33.927+0000][8070.742s][info][gc,heap       ] GC(309) Eden regions: 245->0(240)
[2026-06-17T23:42:33.927+0000][8070.742s][info][gc,heap       ] GC(309) Survivor regions: 4->8(32)
[2026-06-17T23:42:33.927+0000][8070.742s][info][gc,heap       ] GC(309) Old regions: 51->51
[2026-06-17T23:42:33.927+0000][8070.742s][info][gc,heap       ] GC(309) Humongous regions: 147->147
[2026-06-17T23:42:33.927+0000][8070.742s][info][gc,metaspace  ] GC(309) Metaspace: 52290K(55040K)->52290K(55040K) NonClass: 46361K(47872K)->46361K(47872K) Class: 5929K(7168K)->5929K(7168K)
[2026-06-17T23:42:33.927+0000][8070.742s][info][gc            ] GC(309) Pause Young (Normal) (G1 Evacuation Pause) 446M->205M(512M) 2.598ms
[2026-06-17T23:42:33.927+0000][8070.743s][info][gc,cpu        ] GC(309) User=0.02s Sys=0.00s Real=0.00s
[2026-06-17T23:42:35.141+0000][8071.957s][info][gc,start      ] GC(310) Pause Young (Concurrent Start) (G1 Evacuation Pause)
[2026-06-17T23:42:35.142+0000][8071.957s][info][gc,task       ] GC(310) Using 13 workers of 13 for evacuation
[2026-06-17T23:42:35.144+0000][8071.959s][info][gc,phases     ] GC(310)   Pre Evacuate Collection Set: 0.3ms
[2026-06-17T23:42:35.144+0000][8071.959s][info][gc,phases     ] GC(310)   Evacuate Collection Set: 1.6ms
[2026-06-17T23:42:35.144+0000][8071.959s][info][gc,phases     ] GC(310)   Post Evacuate Collection Set: 0.3ms
[2026-06-17T23:42:35.144+0000][8071.960s][info][gc,phases     ] GC(310)   Other: 0.4ms
[2026-06-17T23:42:35.144+0000][8071.960s][info][gc,heap       ] GC(310) Eden regions: 240->0(243)
[2026-06-17T23:42:35.144+0000][8071.960s][info][gc,heap       ] GC(310) Survivor regions: 8->5(31)
[2026-06-17T23:42:35.144+0000][8071.960s][info][gc,heap       ] GC(310) Old regions: 51->51
[2026-06-17T23:42:35.144+0000][8071.960s][info][gc,heap       ] GC(310) Humongous regions: 147->147
[2026-06-17T23:42:35.144+0000][8071.960s][info][gc,metaspace  ] GC(310) Metaspace: 52290K(55040K)->52290K(55040K) NonClass: 46361K(47872K)->46361K(47872K) Class: 5929K(7168K)->5929K(7168K)
[2026-06-17T23:42:35.145+0000][8071.960s][info][gc            ] GC(310) Pause Young (Concurrent Start) (G1 Evacuation Pause) 445M->202M(512M) 3.154ms
[2026-06-17T23:42:35.145+0000][8071.960s][info][gc,cpu        ] GC(310) User=0.02s Sys=0.00s Real=0.00s
[2026-06-17T23:42:35.145+0000][8071.960s][info][gc            ] GC(311) Concurrent Cycle
[2026-06-17T23:42:35.145+0000][8071.960s][info][gc,marking    ] GC(311) Concurrent Clear Claimed Marks
[2026-06-17T23:42:35.145+0000][8071.960s][info][gc,marking    ] GC(311) Concurrent Clear Claimed Marks 0.158ms
[2026-06-17T23:42:35.145+0000][8071.960s][info][gc,marking    ] GC(311) Concurrent Scan Root Regions
[2026-06-17T23:42:35.146+0000][8071.961s][info][gc,marking    ] GC(311) Concurrent Scan Root Regions 0.872ms
[2026-06-17T23:42:35.146+0000][8071.961s][info][gc,marking    ] GC(311) Concurrent Mark (8071.961s)
[2026-06-17T23:42:35.146+0000][8071.961s][info][gc,marking    ] GC(311) Concurrent Mark From Roots
[2026-06-17T23:42:35.146+0000][8071.961s][info][gc,task       ] GC(311) Using 3 workers of 3 for marking
[2026-06-17T23:42:35.152+0000][8071.967s][info][gc,marking    ] GC(311) Concurrent Mark From Roots 5.691ms
[2026-06-17T23:42:35.152+0000][8071.967s][info][gc,marking    ] GC(311) Concurrent Preclean
[2026-06-17T23:42:35.152+0000][8071.967s][info][gc,marking    ] GC(311) Concurrent Preclean 0.203ms
[2026-06-17T23:42:35.152+0000][8071.967s][info][gc,marking    ] GC(311) Concurrent Mark (8071.961s, 8071.967s) 6.151ms
[2026-06-17T23:42:35.152+0000][8071.968s][info][gc,start      ] GC(311) Pause Remark
[2026-06-17T23:42:35.155+0000][8071.970s][info][gc,stringtable] GC(311) Cleaned string and symbol table, strings: 17266 processed, 0 removed, symbols: 125074 processed, 0 removed
[2026-06-17T23:42:35.155+0000][8071.970s][info][gc            ] GC(311) Pause Remark 206M->206M(512M) 2.843ms
[2026-06-17T23:42:35.155+0000][8071.971s][info][gc,cpu        ] GC(311) User=0.03s Sys=0.00s Real=0.00s
[2026-06-17T23:42:35.155+0000][8071.971s][info][gc,marking    ] GC(311) Concurrent Rebuild Remembered Sets
[2026-06-17T23:42:35.160+0000][8071.975s][info][gc,marking    ] GC(311) Concurrent Rebuild Remembered Sets 4.660ms
[2026-06-17T23:42:35.160+0000][8071.976s][info][gc,start      ] GC(311) Pause Cleanup
[2026-06-17T23:42:35.160+0000][8071.976s][info][gc            ] GC(311) Pause Cleanup 207M->207M(512M) 0.170ms
[2026-06-17T23:42:35.160+0000][8071.976s][info][gc,cpu        ] GC(311) User=0.00s Sys=0.00s Real=0.00s
[2026-06-17T23:42:35.160+0000][8071.976s][info][gc,marking    ] GC(311) Concurrent Cleanup for Next Mark
[2026-06-17T23:42:35.161+0000][8071.976s][info][gc,marking    ] GC(311) Concurrent Cleanup for Next Mark 0.167ms
[2026-06-17T23:42:35.161+0000][8071.976s][info][gc            ] GC(311) Concurrent Cycle 16.008ms
[2026-06-17T23:42:36.365+0000][8073.180s][info][gc,start      ] GC(312) Pause Young (Prepare Mixed) (G1 Evacuation Pause)
[2026-06-17T23:42:36.365+0000][8073.180s][info][gc,task       ] GC(312) Using 13 workers of 13 for evacuation
[2026-06-17T23:42:36.368+0000][8073.183s][info][gc,phases     ] GC(312)   Pre Evacuate Collection Set: 0.0ms
[2026-06-17T23:42:36.368+0000][8073.184s][info][gc,phases     ] GC(312)   Evacuate Collection Set: 2.6ms
[2026-06-17T23:42:36.368+0000][8073.184s][info][gc,phases     ] GC(312)   Post Evacuate Collection Set: 0.4ms
[2026-06-17T23:42:36.368+0000][8073.184s][info][gc,phases     ] GC(312)   Other: 0.4ms
[2026-06-17T23:42:36.368+0000][8073.184s][info][gc,heap       ] GC(312) Eden regions: 243->0(16)
[2026-06-17T23:42:36.368+0000][8073.184s][info][gc,heap       ] GC(312) Survivor regions: 5->9(31)
[2026-06-17T23:42:36.369+0000][8073.184s][info][gc,heap       ] GC(312) Old regions: 51->51
[2026-06-17T23:42:36.369+0000][8073.184s][info][gc,heap       ] GC(312) Humongous regions: 147->147
[2026-06-17T23:42:36.369+0000][8073.184s][info][gc,metaspace  ] GC(312) Metaspace: 52290K(55040K)->52290K(55040K) NonClass: 46361K(47872K)->46361K(47872K) Class: 5929K(7168K)->5929K(7168K)
[2026-06-17T23:42:36.369+0000][8073.184s][info][gc            ] GC(312) Pause Young (Prepare Mixed) (G1 Evacuation Pause) 445M->206M(512M) 4.064ms
[2026-06-17T23:42:36.369+0000][8073.184s][info][gc,cpu        ] GC(312) User=0.03s Sys=0.00s Real=0.01s
[2026-06-17T23:42:36.438+0000][8073.254s][info][gc,start      ] GC(313) Pause Young (Mixed) (G1 Evacuation Pause)
[2026-06-17T23:42:36.438+0000][8073.254s][info][gc,task       ] GC(313) Using 13 workers of 13 for evacuation
[2026-06-17T23:42:36.442+0000][8073.258s][info][gc,phases     ] GC(313)   Pre Evacuate Collection Set: 0.0ms
[2026-06-17T23:42:36.443+0000][8073.258s][info][gc,phases     ] GC(313)   Evacuate Collection Set: 3.5ms
[2026-06-17T23:42:36.443+0000][8073.258s][info][gc,phases     ] GC(313)   Post Evacuate Collection Set: 0.3ms
[2026-06-17T23:42:36.443+0000][8073.258s][info][gc,phases     ] GC(313)   Other: 0.3ms
[2026-06-17T23:42:36.443+0000][8073.258s][info][gc,heap       ] GC(313) Eden regions: 16->0(243)
[2026-06-17T23:42:36.443+0000][8073.258s][info][gc,heap       ] GC(313) Survivor regions: 9->2(4)
[2026-06-17T23:42:36.443+0000][8073.258s][info][gc,heap       ] GC(313) Old regions: 51->53
[2026-06-17T23:42:36.443+0000][8073.258s][info][gc,heap       ] GC(313) Humongous regions: 147->147
[2026-06-17T23:42:36.443+0000][8073.258s][info][gc,metaspace  ] GC(313) Metaspace: 52290K(55040K)->52290K(55040K) NonClass: 46361K(47872K)->46361K(47872K) Class: 5929K(7168K)->5929K(7168K)
[2026-06-17T23:42:36.443+0000][8073.258s][info][gc            ] GC(313) Pause Young (Mixed) (G1 Evacuation Pause) 222M->200M(512M) 4.647ms
[2026-06-17T23:42:36.443+0000][8073.258s][info][gc,cpu        ] GC(313) User=0.02s Sys=0.01s Real=0.00s
[2026-06-17T23:43:24.994+0000][8121.806s][info][gc,start      ] GC(314) Pause Young (Normal) (G1 Evacuation Pause)
[2026-06-17T23:43:24.994+0000][8121.807s][info][gc,task       ] GC(314) Using 13 workers of 13 for evacuation
[2026-06-17T23:43:24.996+0000][8121.809s][info][gc,phases     ] GC(314)   Pre Evacuate Collection Set: 0.0ms
[2026-06-17T23:43:24.996+0000][8121.809s][info][gc,phases     ] GC(314)   Evacuate Collection Set: 1.4ms
[2026-06-17T23:43:24.996+0000][8121.809s][info][gc,phases     ] GC(314)   Post Evacuate Collection Set: 0.4ms
[2026-06-17T23:43:24.996+0000][8121.809s][info][gc,phases     ] GC(314)   Other: 0.4ms
[2026-06-17T23:43:24.996+0000][8121.809s][info][gc,heap       ] GC(314) Eden regions: 243->0(242)
[2026-06-17T23:43:24.996+0000][8121.809s][info][gc,heap       ] GC(314) Survivor regions: 2->4(31)
[2026-06-17T23:43:24.996+0000][8121.809s][info][gc,heap       ] GC(314) Old regions: 53->53
[2026-06-17T23:43:24.996+0000][8121.809s][info][gc,heap       ] GC(314) Humongous regions: 147->147
[2026-06-17T23:43:24.996+0000][8121.809s][info][gc,metaspace  ] GC(314) Metaspace: 52295K(55040K)->52295K(55040K) NonClass: 46365K(47872K)->46365K(47872K) Class: 5929K(7168K)->5929K(7168K)
[2026-06-17T23:43:24.996+0000][8121.809s][info][gc            ] GC(314) Pause Young (Normal) (G1 Evacuation Pause) 443M->202M(512M) 2.766ms
[2026-06-17T23:43:24.996+0000][8121.809s][info][gc,cpu        ] GC(314) User=0.02s Sys=0.00s Real=0.00s
[2026-06-17T23:43:26.456+0000][8123.268s][info][gc,start      ] GC(315) Pause Young (Normal) (G1 Evacuation Pause)
[2026-06-17T23:43:26.456+0000][8123.268s][info][gc,task       ] GC(315) Using 13 workers of 13 for evacuation
[2026-06-17T23:43:26.458+0000][8123.270s][info][gc,phases     ] GC(315)   Pre Evacuate Collection Set: 0.0ms
[2026-06-17T23:43:26.458+0000][8123.270s][info][gc,phases     ] GC(315)   Evacuate Collection Set: 1.9ms
[2026-06-17T23:43:26.458+0000][8123.271s][info][gc,phases     ] GC(315)   Post Evacuate Collection Set: 0.4ms
[2026-06-17T23:43:26.458+0000][8123.271s][info][gc,phases     ] GC(315)   Other: 0.3ms
[2026-06-17T23:43:26.458+0000][8123.271s][info][gc,heap       ] GC(315) Eden regions: 242->0(235)
[2026-06-17T23:43:26.459+0000][8123.271s][info][gc,heap       ] GC(315) Survivor regions: 4->9(31)
[2026-06-17T23:43:26.459+0000][8123.271s][info][gc,heap       ] GC(315) Old regions: 53->53
[2026-06-17T23:43:26.459+0000][8123.271s][info][gc,heap       ] GC(315) Humongous regions: 147->147
[2026-06-17T23:43:26.459+0000][8123.271s][info][gc,metaspace  ] GC(315) Metaspace: 52295K(55040K)->52295K(55040K) NonClass: 46365K(47872K)->46365K(47872K) Class: 5929K(7168K)->5929K(7168K)
[2026-06-17T23:43:26.459+0000][8123.271s][info][gc            ] GC(315) Pause Young (Normal) (G1 Evacuation Pause) 444M->207M(512M) 3.304ms
[2026-06-17T23:43:26.459+0000][8123.271s][info][gc,cpu        ] GC(315) User=0.02s Sys=0.00s Real=0.00s
[2026-06-17T23:43:27.648+0000][8124.460s][info][gc,start      ] GC(316) Pause Young (Concurrent Start) (G1 Evacuation Pause)
[2026-06-17T23:43:27.648+0000][8124.460s][info][gc,task       ] GC(316) Using 13 workers of 13 for evacuation
[2026-06-17T23:43:27.651+0000][8124.463s][info][gc,phases     ] GC(316)   Pre Evacuate Collection Set: 0.3ms
[2026-06-17T23:43:27.651+0000][8124.463s][info][gc,phases     ] GC(316)   Evacuate Collection Set: 2.3ms
[2026-06-17T23:43:27.651+0000][8124.463s][info][gc,phases     ] GC(316)   Post Evacuate Collection Set: 0.4ms
[2026-06-17T23:43:27.651+0000][8124.463s][info][gc,phases     ] GC(316)   Other: 0.4ms
[2026-06-17T23:43:27.651+0000][8124.463s][info][gc,heap       ] GC(316) Eden regions: 235->0(239)
[2026-06-17T23:43:27.651+0000][8124.464s][info][gc,heap       ] GC(316) Survivor regions: 9->6(31)
[2026-06-17T23:43:27.651+0000][8124.464s][info][gc,heap       ] GC(316) Old regions: 53->53
[2026-06-17T23:43:27.651+0000][8124.464s][info][gc,heap       ] GC(316) Humongous regions: 147->147
[2026-06-17T23:43:27.651+0000][8124.464s][info][gc,metaspace  ] GC(316) Metaspace: 52295K(55040K)->52295K(55040K) NonClass: 46365K(47872K)->46365K(47872K) Class: 5929K(7168K)->5929K(7168K)
[2026-06-17T23:43:27.651+0000][8124.464s][info][gc            ] GC(316) Pause Young (Concurrent Start) (G1 Evacuation Pause) 442M->204M(512M) 3.847ms
[2026-06-17T23:43:27.652+0000][8124.464s][info][gc,cpu        ] GC(316) User=0.02s Sys=0.00s Real=0.01s
[2026-06-17T23:43:27.652+0000][8124.464s][info][gc            ] GC(317) Concurrent Cycle
[2026-06-17T23:43:27.652+0000][8124.464s][info][gc,marking    ] GC(317) Concurrent Clear Claimed Marks
[2026-06-17T23:43:27.652+0000][8124.464s][info][gc,marking    ] GC(317) Concurrent Clear Claimed Marks 0.355ms
[2026-06-17T23:43:27.652+0000][8124.464s][info][gc,marking    ] GC(317) Concurrent Scan Root Regions
[2026-06-17T23:43:27.653+0000][8124.466s][info][gc,marking    ] GC(317) Concurrent Scan Root Regions 1.160ms
[2026-06-17T23:43:27.653+0000][8124.466s][info][gc,marking    ] GC(317) Concurrent Mark (8124.466s)
[2026-06-17T23:43:27.654+0000][8124.466s][info][gc,marking    ] GC(317) Concurrent Mark From Roots
[2026-06-17T23:43:27.654+0000][8124.466s][info][gc,task       ] GC(317) Using 3 workers of 3 for marking
[2026-06-17T23:43:27.659+0000][8124.471s][info][gc,marking    ] GC(317) Concurrent Mark From Roots 5.470ms
[2026-06-17T23:43:27.659+0000][8124.471s][info][gc,marking    ] GC(317) Concurrent Preclean
[2026-06-17T23:43:27.659+0000][8124.472s][info][gc,marking    ] GC(317) Concurrent Preclean 0.196ms
[2026-06-17T23:43:27.660+0000][8124.472s][info][gc,marking    ] GC(317) Concurrent Mark (8124.466s, 8124.472s) 6.124ms
[2026-06-17T23:43:27.660+0000][8124.472s][info][gc,start      ] GC(317) Pause Remark
[2026-06-17T23:43:27.663+0000][8124.475s][info][gc,stringtable] GC(317) Cleaned string and symbol table, strings: 17266 processed, 0 removed, symbols: 125074 processed, 0 removed
[2026-06-17T23:43:27.663+0000][8124.475s][info][gc            ] GC(317) Pause Remark 208M->208M(512M) 3.041ms
[2026-06-17T23:43:27.663+0000][8124.475s][info][gc,cpu        ] GC(317) User=0.02s Sys=0.00s Real=0.01s
[2026-06-17T23:43:27.663+0000][8124.475s][info][gc,marking    ] GC(317) Concurrent Rebuild Remembered Sets
[2026-06-17T23:43:27.668+0000][8124.480s][info][gc,marking    ] GC(317) Concurrent Rebuild Remembered Sets 4.703ms
[2026-06-17T23:43:27.668+0000][8124.480s][info][gc,start      ] GC(317) Pause Cleanup
[2026-06-17T23:43:27.668+0000][8124.481s][info][gc            ] GC(317) Pause Cleanup 208M->208M(512M) 0.219ms
[2026-06-17T23:43:27.669+0000][8124.481s][info][gc,cpu        ] GC(317) User=0.00s Sys=0.00s Real=0.00s
[2026-06-17T23:43:27.669+0000][8124.481s][info][gc,marking    ] GC(317) Concurrent Cleanup for Next Mark
[2026-06-17T23:43:27.669+0000][8124.481s][info][gc,marking    ] GC(317) Concurrent Cleanup for Next Mark 0.292ms
[2026-06-17T23:43:27.669+0000][8124.481s][info][gc            ] GC(317) Concurrent Cycle 17.419ms
[2026-06-17T23:44:15.914+0000][8172.728s][info][gc,start      ] GC(318) Pause Young (Prepare Mixed) (G1 Evacuation Pause)
[2026-06-17T23:44:15.914+0000][8172.728s][info][gc,task       ] GC(318) Using 13 workers of 13 for evacuation
[2026-06-17T23:44:15.922+0000][8172.737s][info][gc,phases     ] GC(318)   Pre Evacuate Collection Set: 0.0ms
[2026-06-17T23:44:15.922+0000][8172.737s][info][gc,phases     ] GC(318)   Evacuate Collection Set: 7.8ms
[2026-06-17T23:44:15.922+0000][8172.737s][info][gc,phases     ] GC(318)   Post Evacuate Collection Set: 0.4ms
[2026-06-17T23:44:15.923+0000][8172.737s][info][gc,phases     ] GC(318)   Other: 0.3ms
[2026-06-17T23:44:15.923+0000][8172.737s][info][gc,heap       ] GC(318) Eden regions: 239->0(16)
[2026-06-17T23:44:15.923+0000][8172.737s][info][gc,heap       ] GC(318) Survivor regions: 6->9(31)
[2026-06-17T23:44:15.923+0000][8172.737s][info][gc,heap       ] GC(318) Old regions: 52->52
[2026-06-17T23:44:15.923+0000][8172.737s][info][gc,heap       ] GC(318) Humongous regions: 147->147
[2026-06-17T23:44:15.923+0000][8172.737s][info][gc,metaspace  ] GC(318) Metaspace: 52296K(55040K)->52296K(55040K) NonClass: 46366K(47872K)->46366K(47872K) Class: 5929K(7168K)->5929K(7168K)
[2026-06-17T23:44:15.923+0000][8172.738s][info][gc            ] GC(318) Pause Young (Prepare Mixed) (G1 Evacuation Pause) 443M->207M(512M) 9.424ms
[2026-06-17T23:44:15.923+0000][8172.738s][info][gc,cpu        ] GC(318) User=0.02s Sys=0.00s Real=0.01s
[2026-06-17T23:44:16.042+0000][8172.856s][info][gc,start      ] GC(319) Pause Young (Mixed) (G1 Evacuation Pause)
[2026-06-17T23:44:16.042+0000][8172.856s][info][gc,task       ] GC(319) Using 13 workers of 13 for evacuation
[2026-06-17T23:44:16.056+0000][8172.870s][info][gc,phases     ] GC(319)   Pre Evacuate Collection Set: 0.0ms
[2026-06-17T23:44:16.056+0000][8172.870s][info][gc,phases     ] GC(319)   Evacuate Collection Set: 13.1ms
[2026-06-17T23:44:16.056+0000][8172.870s][info][gc,phases     ] GC(319)   Post Evacuate Collection Set: 0.3ms
[2026-06-17T23:44:16.056+0000][8172.871s][info][gc,phases     ] GC(319)   Other: 0.3ms
[2026-06-17T23:44:16.057+0000][8172.871s][info][gc,heap       ] GC(319) Eden regions: 16->0(243)
[2026-06-17T23:44:16.057+0000][8172.871s][info][gc,heap       ] GC(319) Survivor regions: 9->2(4)
[2026-06-17T23:44:16.057+0000][8172.871s][info][gc,heap       ] GC(319) Old regions: 52->52
[2026-06-17T23:44:16.057+0000][8172.871s][info][gc,heap       ] GC(319) Humongous regions: 147->147
[2026-06-17T23:44:16.057+0000][8172.871s][info][gc,metaspace  ] GC(319) Metaspace: 52296K(55040K)->52296K(55040K) NonClass: 46366K(47872K)->46366K(47872K) Class: 5929K(7168K)->5929K(7168K)
[2026-06-17T23:44:16.057+0000][8172.872s][info][gc            ] GC(319) Pause Young (Mixed) (G1 Evacuation Pause) 223M->200M(512M) 15.292ms
[2026-06-17T23:44:16.057+0000][8172.872s][info][gc,cpu        ] GC(319) User=0.04s Sys=0.00s Real=0.01s
[2026-06-17T23:44:17.687+0000][8174.502s][info][gc,start      ] GC(320) Pause Young (Normal) (G1 Evacuation Pause)
[2026-06-17T23:44:17.687+0000][8174.502s][info][gc,task       ] GC(320) Using 13 workers of 13 for evacuation
[2026-06-17T23:44:17.690+0000][8174.505s][info][gc,phases     ] GC(320)   Pre Evacuate Collection Set: 0.0ms
[2026-06-17T23:44:17.691+0000][8174.505s][info][gc,phases     ] GC(320)   Evacuate Collection Set: 2.8ms
[2026-06-17T23:44:17.691+0000][8174.505s][info][gc,phases     ] GC(320)   Post Evacuate Collection Set: 0.3ms
[2026-06-17T23:44:17.691+0000][8174.505s][info][gc,phases     ] GC(320)   Other: 0.3ms
[2026-06-17T23:44:17.691+0000][8174.505s][info][gc,heap       ] GC(320) Eden regions: 243->0(242)
[2026-06-17T23:44:17.691+0000][8174.505s][info][gc,heap       ] GC(320) Survivor regions: 2->4(31)
[2026-06-17T23:44:17.691+0000][8174.505s][info][gc,heap       ] GC(320) Old regions: 52->52
[2026-06-17T23:44:17.691+0000][8174.505s][info][gc,heap       ] GC(320) Humongous regions: 147->147
[2026-06-17T23:44:17.691+0000][8174.505s][info][gc,metaspace  ] GC(320) Metaspace: 52296K(55040K)->52296K(55040K) NonClass: 46366K(47872K)->46366K(47872K) Class: 5929K(7168K)->5929K(7168K)
[2026-06-17T23:44:17.691+0000][8174.505s][info][gc            ] GC(320) Pause Young (Normal) (G1 Evacuation Pause) 443M->201M(512M) 3.867ms
[2026-06-17T23:44:17.691+0000][8174.505s][info][gc,cpu        ] GC(320) User=0.04s Sys=0.01s Real=0.01s
[2026-06-17T23:44:19.061+0000][8175.876s][info][gc,start      ] GC(321) Pause Young (Normal) (G1 Evacuation Pause)
[2026-06-17T23:44:19.062+0000][8175.876s][info][gc,task       ] GC(321) Using 13 workers of 13 for evacuation
[2026-06-17T23:44:19.064+0000][8175.879s][info][gc,phases     ] GC(321)   Pre Evacuate Collection Set: 0.0ms
[2026-06-17T23:44:19.064+0000][8175.879s][info][gc,phases     ] GC(321)   Evacuate Collection Set: 1.9ms
[2026-06-17T23:44:19.064+0000][8175.879s][info][gc,phases     ] GC(321)   Post Evacuate Collection Set: 0.4ms
[2026-06-17T23:44:19.065+0000][8175.879s][info][gc,phases     ] GC(321)   Other: 0.4ms
[2026-06-17T23:44:19.065+0000][8175.879s][info][gc,heap       ] GC(321) Eden regions: 242->0(238)
[2026-06-17T23:44:19.065+0000][8175.879s][info][gc,heap       ] GC(321) Survivor regions: 4->8(31)
[2026-06-17T23:44:19.065+0000][8175.879s][info][gc,heap       ] GC(321) Old regions: 52->52
[2026-06-17T23:44:19.065+0000][8175.879s][info][gc,heap       ] GC(321) Humongous regions: 147->147
[2026-06-17T23:44:19.065+0000][8175.879s][info][gc,metaspace  ] GC(321) Metaspace: 52296K(55040K)->52296K(55040K) NonClass: 46366K(47872K)->46366K(47872K) Class: 5929K(7168K)->5929K(7168K)
[2026-06-17T23:44:19.065+0000][8175.879s][info][gc            ] GC(321) Pause Young (Normal) (G1 Evacuation Pause) 443M->205M(512M) 3.502ms
[2026-06-17T23:44:19.065+0000][8175.879s][info][gc,cpu        ] GC(321) User=0.02s Sys=0.00s Real=0.00s
[2026-06-17T23:44:20.240+0000][8177.054s][info][gc,start      ] GC(322) Pause Young (Concurrent Start) (G1 Evacuation Pause)
[2026-06-17T23:44:20.240+0000][8177.054s][info][gc,task       ] GC(322) Using 13 workers of 13 for evacuation
[2026-06-17T23:44:20.242+0000][8177.057s][info][gc,phases     ] GC(322)   Pre Evacuate Collection Set: 0.3ms
[2026-06-17T23:44:20.242+0000][8177.057s][info][gc,phases     ] GC(322)   Evacuate Collection Set: 1.5ms
[2026-06-17T23:44:20.242+0000][8177.057s][info][gc,phases     ] GC(322)   Post Evacuate Collection Set: 0.3ms
[2026-06-17T23:44:20.242+0000][8177.057s][info][gc,phases     ] GC(322)   Other: 0.4ms
[2026-06-17T23:44:20.242+0000][8177.057s][info][gc,heap       ] GC(322) Eden regions: 238->0(241)
[2026-06-17T23:44:20.242+0000][8177.057s][info][gc,heap       ] GC(322) Survivor regions: 8->6(31)
[2026-06-17T23:44:20.243+0000][8177.057s][info][gc,heap       ] GC(322) Old regions: 52->52
[2026-06-17T23:44:20.243+0000][8177.057s][info][gc,heap       ] GC(322) Humongous regions: 147->147
[2026-06-17T23:44:20.243+0000][8177.057s][info][gc,metaspace  ] GC(322) Metaspace: 52296K(55040K)->52296K(55040K) NonClass: 46366K(47872K)->46366K(47872K) Class: 5929K(7168K)->5929K(7168K)
[2026-06-17T23:44:20.243+0000][8177.057s][info][gc            ] GC(322) Pause Young (Concurrent Start) (G1 Evacuation Pause) 443M->203M(512M) 3.167ms
[2026-06-17T23:44:20.243+0000][8177.057s][info][gc,cpu        ] GC(322) User=0.02s Sys=0.00s Real=0.00s
[2026-06-17T23:44:20.243+0000][8177.057s][info][gc            ] GC(323) Concurrent Cycle
[2026-06-17T23:44:20.243+0000][8177.058s][info][gc,marking    ] GC(323) Concurrent Clear Claimed Marks
[2026-06-17T23:44:20.243+0000][8177.058s][info][gc,marking    ] GC(323) Concurrent Clear Claimed Marks 0.173ms
[2026-06-17T23:44:20.243+0000][8177.058s][info][gc,marking    ] GC(323) Concurrent Scan Root Regions
[2026-06-17T23:44:20.244+0000][8177.059s][info][gc,marking    ] GC(323) Concurrent Scan Root Regions 1.018ms
[2026-06-17T23:44:20.245+0000][8177.059s][info][gc,marking    ] GC(323) Concurrent Mark (8177.059s)
[2026-06-17T23:44:20.245+0000][8177.059s][info][gc,marking    ] GC(323) Concurrent Mark From Roots
[2026-06-17T23:44:20.245+0000][8177.059s][info][gc,task       ] GC(323) Using 3 workers of 3 for marking
[2026-06-17T23:44:20.250+0000][8177.065s][info][gc,marking    ] GC(323) Concurrent Mark From Roots 5.695ms
[2026-06-17T23:44:20.250+0000][8177.065s][info][gc,marking    ] GC(323) Concurrent Preclean
[2026-06-17T23:44:20.251+0000][8177.065s][info][gc,marking    ] GC(323) Concurrent Preclean 0.176ms
[2026-06-17T23:44:20.251+0000][8177.065s][info][gc,marking    ] GC(323) Concurrent Mark (8177.059s, 8177.065s) 6.116ms
[2026-06-17T23:44:20.251+0000][8177.065s][info][gc,start      ] GC(323) Pause Remark
[2026-06-17T23:44:20.253+0000][8177.068s][info][gc,stringtable] GC(323) Cleaned string and symbol table, strings: 17273 processed, 0 removed, symbols: 125074 processed, 0 removed
[2026-06-17T23:44:20.254+0000][8177.068s][info][gc            ] GC(323) Pause Remark 207M->206M(512M) 2.792ms
[2026-06-17T23:44:20.254+0000][8177.068s][info][gc,cpu        ] GC(323) User=0.03s Sys=0.00s Real=0.00s
[2026-06-17T23:44:20.254+0000][8177.068s][info][gc,marking    ] GC(323) Concurrent Rebuild Remembered Sets
[2026-06-17T23:44:20.258+0000][8177.072s][info][gc,marking    ] GC(323) Concurrent Rebuild Remembered Sets 3.694ms
[2026-06-17T23:44:20.258+0000][8177.072s][info][gc,start      ] GC(323) Pause Cleanup
[2026-06-17T23:44:20.258+0000][8177.072s][info][gc            ] GC(323) Pause Cleanup 207M->207M(512M) 0.156ms
[2026-06-17T23:44:20.258+0000][8177.072s][info][gc,cpu        ] GC(323) User=0.00s Sys=0.00s Real=0.00s
[2026-06-17T23:44:20.258+0000][8177.072s][info][gc,marking    ] GC(323) Concurrent Cleanup for Next Mark
[2026-06-17T23:44:20.258+0000][8177.073s][info][gc,marking    ] GC(323) Concurrent Cleanup for Next Mark 0.137ms
[2026-06-17T23:44:20.258+0000][8177.073s][info][gc            ] GC(323) Concurrent Cycle 15.242ms
[2026-06-17T23:45:08.706+0000][8225.518s][info][gc,start      ] GC(324) Pause Young (Prepare Mixed) (G1 Evacuation Pause)
[2026-06-17T23:45:08.706+0000][8225.519s][info][gc,task       ] GC(324) Using 13 workers of 13 for evacuation
[2026-06-17T23:45:08.709+0000][8225.521s][info][gc,phases     ] GC(324)   Pre Evacuate Collection Set: 0.0ms
[2026-06-17T23:45:08.709+0000][8225.521s][info][gc,phases     ] GC(324)   Evacuate Collection Set: 2.3ms
[2026-06-17T23:45:08.709+0000][8225.522s][info][gc,phases     ] GC(324)   Post Evacuate Collection Set: 0.3ms
[2026-06-17T23:45:08.709+0000][8225.522s][info][gc,phases     ] GC(324)   Other: 0.3ms
[2026-06-17T23:45:08.709+0000][8225.522s][info][gc,heap       ] GC(324) Eden regions: 241->0(16)
[2026-06-17T23:45:08.709+0000][8225.522s][info][gc,heap       ] GC(324) Survivor regions: 6->9(31)
[2026-06-17T23:45:08.709+0000][8225.522s][info][gc,heap       ] GC(324) Old regions: 51->51
[2026-06-17T23:45:08.710+0000][8225.522s][info][gc,heap       ] GC(324) Humongous regions: 147->147
[2026-06-17T23:45:08.710+0000][8225.522s][info][gc,metaspace  ] GC(324) Metaspace: 52301K(55040K)->52301K(55040K) NonClass: 46372K(47872K)->46372K(47872K) Class: 5929K(7168K)->5929K(7168K)
[2026-06-17T23:45:08.710+0000][8225.522s][info][gc            ] GC(324) Pause Young (Prepare Mixed) (G1 Evacuation Pause) 443M->205M(512M) 3.747ms
[2026-06-17T23:45:08.710+0000][8225.522s][info][gc,cpu        ] GC(324) User=0.03s Sys=0.00s Real=0.00s
[2026-06-17T23:45:08.817+0000][8225.630s][info][gc,start      ] GC(325) Pause Young (Mixed) (G1 Evacuation Pause)
[2026-06-17T23:45:08.817+0000][8225.630s][info][gc,task       ] GC(325) Using 13 workers of 13 for evacuation
[2026-06-17T23:45:08.823+0000][8225.636s][info][gc,phases     ] GC(325)   Pre Evacuate Collection Set: 0.0ms
[2026-06-17T23:45:08.823+0000][8225.636s][info][gc,phases     ] GC(325)   Evacuate Collection Set: 5.3ms
[2026-06-17T23:45:08.823+0000][8225.636s][info][gc,phases     ] GC(325)   Post Evacuate Collection Set: 0.3ms
[2026-06-17T23:45:08.823+0000][8225.636s][info][gc,phases     ] GC(325)   Other: 0.4ms
[2026-06-17T23:45:08.823+0000][8225.636s][info][gc,heap       ] GC(325) Eden regions: 16->0(243)
[2026-06-17T23:45:08.824+0000][8225.636s][info][gc,heap       ] GC(325) Survivor regions: 9->2(4)
[2026-06-17T23:45:08.824+0000][8225.636s][info][gc,heap       ] GC(325) Old regions: 51->52
[2026-06-17T23:45:08.824+0000][8225.636s][info][gc,heap       ] GC(325) Humongous regions: 147->147
[2026-06-17T23:45:08.824+0000][8225.636s][info][gc,metaspace  ] GC(325) Metaspace: 52301K(55040K)->52301K(55040K) NonClass: 46372K(47872K)->46372K(47872K) Class: 5929K(7168K)->5929K(7168K)
[2026-06-17T23:45:08.824+0000][8225.636s][info][gc            ] GC(325) Pause Young (Mixed) (G1 Evacuation Pause) 221M->200M(512M) 6.760ms
[2026-06-17T23:45:08.824+0000][8225.636s][info][gc,cpu        ] GC(325) User=0.04s Sys=0.01s Real=0.01s
[2026-06-17T23:45:10.168+0000][8226.980s][info][gc,start      ] GC(326) Pause Young (Normal) (G1 Evacuation Pause)
[2026-06-17T23:45:10.168+0000][8226.980s][info][gc,task       ] GC(326) Using 13 workers of 13 for evacuation
[2026-06-17T23:45:10.170+0000][8226.983s][info][gc,phases     ] GC(326)   Pre Evacuate Collection Set: 0.0ms
[2026-06-17T23:45:10.170+0000][8226.983s][info][gc,phases     ] GC(326)   Evacuate Collection Set: 1.8ms
[2026-06-17T23:45:10.170+0000][8226.983s][info][gc,phases     ] GC(326)   Post Evacuate Collection Set: 0.4ms
[2026-06-17T23:45:10.170+0000][8226.983s][info][gc,phases     ] GC(326)   Other: 0.3ms
[2026-06-17T23:45:10.170+0000][8226.983s][info][gc,heap       ] GC(326) Eden regions: 243->0(241)
[2026-06-17T23:45:10.171+0000][8226.983s][info][gc,heap       ] GC(326) Survivor regions: 2->5(31)
[2026-06-17T23:45:10.171+0000][8226.983s][info][gc,heap       ] GC(326) Old regions: 52->52
[2026-06-17T23:45:10.171+0000][8226.983s][info][gc,heap       ] GC(326) Humongous regions: 147->147
[2026-06-17T23:45:10.171+0000][8226.983s][info][gc,metaspace  ] GC(326) Metaspace: 52301K(55040K)->52301K(55040K) NonClass: 46372K(47872K)->46372K(47872K) Class: 5929K(7168K)->5929K(7168K)
[2026-06-17T23:45:10.171+0000][8226.983s][info][gc            ] GC(326) Pause Young (Normal) (G1 Evacuation Pause) 443M->203M(512M) 3.083ms
[2026-06-17T23:45:10.171+0000][8226.983s][info][gc,cpu        ] GC(326) User=0.03s Sys=0.00s Real=0.01s
[2026-06-17T23:45:11.411+0000][8228.223s][info][gc,start      ] GC(327) Pause Young (Normal) (G1 Evacuation Pause)
[2026-06-17T23:45:11.411+0000][8228.223s][info][gc,task       ] GC(327) Using 13 workers of 13 for evacuation
[2026-06-17T23:45:11.419+0000][8228.231s][info][gc,phases     ] GC(327)   Pre Evacuate Collection Set: 0.0ms
[2026-06-17T23:45:11.419+0000][8228.231s][info][gc,phases     ] GC(327)   Evacuate Collection Set: 7.4ms
[2026-06-17T23:45:11.419+0000][8228.232s][info][gc,phases     ] GC(327)   Post Evacuate Collection Set: 0.4ms
[2026-06-17T23:45:11.419+0000][8228.232s][info][gc,phases     ] GC(327)   Other: 0.3ms
[2026-06-17T23:45:11.419+0000][8228.232s][info][gc,heap       ] GC(327) Eden regions: 241->0(244)
[2026-06-17T23:45:11.419+0000][8228.232s][info][gc,heap       ] GC(327) Survivor regions: 5->3(31)
[2026-06-17T23:45:11.419+0000][8228.232s][info][gc,heap       ] GC(327) Old regions: 52->52
[2026-06-17T23:45:11.419+0000][8228.232s][info][gc,heap       ] GC(327) Humongous regions: 147->147
[2026-06-17T23:45:11.419+0000][8228.232s][info][gc,metaspace  ] GC(327) Metaspace: 52301K(55040K)->52301K(55040K) NonClass: 46372K(47872K)->46372K(47872K) Class: 5929K(7168K)->5929K(7168K)
[2026-06-17T23:45:11.420+0000][8228.232s][info][gc            ] GC(327) Pause Young (Normal) (G1 Evacuation Pause) 444M->200M(512M) 8.646ms
[2026-06-17T23:45:11.420+0000][8228.232s][info][gc,cpu        ] GC(327) User=0.07s Sys=0.00s Real=0.00s
[2026-06-17T23:45:59.633+0000][8276.445s][info][gc,start      ] GC(328) Pause Young (Concurrent Start) (G1 Evacuation Pause)
[2026-06-17T23:45:59.633+0000][8276.445s][info][gc,task       ] GC(328) Using 13 workers of 13 for evacuation
[2026-06-17T23:45:59.635+0000][8276.448s][info][gc,phases     ] GC(328)   Pre Evacuate Collection Set: 0.3ms
[2026-06-17T23:45:59.636+0000][8276.448s][info][gc,phases     ] GC(328)   Evacuate Collection Set: 1.7ms
[2026-06-17T23:45:59.636+0000][8276.448s][info][gc,phases     ] GC(328)   Post Evacuate Collection Set: 0.3ms
[2026-06-17T23:45:59.636+0000][8276.448s][info][gc,phases     ] GC(328)   Other: 0.4ms
[2026-06-17T23:45:59.636+0000][8276.449s][info][gc,heap       ] GC(328) Eden regions: 244->0(242)
[2026-06-17T23:45:59.636+0000][8276.449s][info][gc,heap       ] GC(328) Survivor regions: 3->6(31)
[2026-06-17T23:45:59.636+0000][8276.449s][info][gc,heap       ] GC(328) Old regions: 52->52
[2026-06-17T23:45:59.636+0000][8276.449s][info][gc,heap       ] GC(328) Humongous regions: 147->147
[2026-06-17T23:45:59.636+0000][8276.449s][info][gc,metaspace  ] GC(328) Metaspace: 52302K(55040K)->52302K(55040K) NonClass: 46373K(47872K)->46373K(47872K) Class: 5929K(7168K)->5929K(7168K)
[2026-06-17T23:45:59.636+0000][8276.449s][info][gc            ] GC(328) Pause Young (Concurrent Start) (G1 Evacuation Pause) 444M->204M(512M) 3.505ms
[2026-06-17T23:45:59.636+0000][8276.449s][info][gc,cpu        ] GC(328) User=0.02s Sys=0.00s Real=0.00s
[2026-06-17T23:45:59.636+0000][8276.449s][info][gc            ] GC(329) Concurrent Cycle
[2026-06-17T23:45:59.636+0000][8276.449s][info][gc,marking    ] GC(329) Concurrent Clear Claimed Marks
[2026-06-17T23:45:59.637+0000][8276.449s][info][gc,marking    ] GC(329) Concurrent Clear Claimed Marks 0.200ms
[2026-06-17T23:45:59.637+0000][8276.449s][info][gc,marking    ] GC(329) Concurrent Scan Root Regions
[2026-06-17T23:45:59.638+0000][8276.451s][info][gc,marking    ] GC(329) Concurrent Scan Root Regions 1.287ms
[2026-06-17T23:45:59.638+0000][8276.451s][info][gc,marking    ] GC(329) Concurrent Mark (8276.451s)
[2026-06-17T23:45:59.638+0000][8276.451s][info][gc,marking    ] GC(329) Concurrent Mark From Roots
[2026-06-17T23:45:59.638+0000][8276.451s][info][gc,task       ] GC(329) Using 3 workers of 3 for marking
[2026-06-17T23:45:59.644+0000][8276.456s][info][gc,marking    ] GC(329) Concurrent Mark From Roots 5.400ms
[2026-06-17T23:45:59.644+0000][8276.456s][info][gc,marking    ] GC(329) Concurrent Preclean
[2026-06-17T23:45:59.644+0000][8276.457s][info][gc,marking    ] GC(329) Concurrent Preclean 0.180ms
[2026-06-17T23:45:59.644+0000][8276.457s][info][gc,marking    ] GC(329) Concurrent Mark (8276.451s, 8276.457s) 5.850ms
[2026-06-17T23:45:59.644+0000][8276.457s][info][gc,start      ] GC(329) Pause Remark
[2026-06-17T23:45:59.646+0000][8276.459s][info][gc,stringtable] GC(329) Cleaned string and symbol table, strings: 17276 processed, 0 removed, symbols: 125074 processed, 0 removed
[2026-06-17T23:45:59.647+0000][8276.459s][info][gc            ] GC(329) Pause Remark 208M->207M(512M) 2.434ms
[2026-06-17T23:45:59.647+0000][8276.459s][info][gc,cpu        ] GC(329) User=0.02s Sys=0.00s Real=0.00s
[2026-06-17T23:45:59.647+0000][8276.459s][info][gc,marking    ] GC(329) Concurrent Rebuild Remembered Sets
[2026-06-17T23:45:59.651+0000][8276.464s][info][gc,marking    ] GC(329) Concurrent Rebuild Remembered Sets 4.440ms
[2026-06-17T23:45:59.651+0000][8276.464s][info][gc,start      ] GC(329) Pause Cleanup
[2026-06-17T23:45:59.652+0000][8276.464s][info][gc            ] GC(329) Pause Cleanup 207M->207M(512M) 0.165ms
[2026-06-17T23:45:59.652+0000][8276.464s][info][gc,cpu        ] GC(329) User=0.01s Sys=0.00s Real=0.00s
[2026-06-17T23:45:59.652+0000][8276.464s][info][gc,marking    ] GC(329) Concurrent Cleanup for Next Mark
[2026-06-17T23:45:59.652+0000][8276.465s][info][gc,marking    ] GC(329) Concurrent Cleanup for Next Mark 0.152ms
[2026-06-17T23:45:59.652+0000][8276.465s][info][gc            ] GC(329) Concurrent Cycle 15.651ms
[2026-06-17T23:46:01.221+0000][8278.034s][info][gc,start      ] GC(330) Pause Young (Prepare Mixed) (G1 Evacuation Pause)
[2026-06-17T23:46:01.221+0000][8278.034s][info][gc,task       ] GC(330) Using 13 workers of 13 for evacuation
[2026-06-17T23:46:01.223+0000][8278.036s][info][gc,phases     ] GC(330)   Pre Evacuate Collection Set: 0.0ms
[2026-06-17T23:46:01.223+0000][8278.036s][info][gc,phases     ] GC(330)   Evacuate Collection Set: 1.6ms
[2026-06-17T23:46:01.223+0000][8278.036s][info][gc,phases     ] GC(330)   Post Evacuate Collection Set: 0.3ms
[2026-06-17T23:46:01.223+0000][8278.036s][info][gc,phases     ] GC(330)   Other: 0.3ms
[2026-06-17T23:46:01.223+0000][8278.036s][info][gc,heap       ] GC(330) Eden regions: 242->0(21)
[2026-06-17T23:46:01.224+0000][8278.036s][info][gc,heap       ] GC(330) Survivor regions: 6->4(31)
[2026-06-17T23:46:01.224+0000][8278.036s][info][gc,heap       ] GC(330) Old regions: 51->51
[2026-06-17T23:46:01.224+0000][8278.036s][info][gc,heap       ] GC(330) Humongous regions: 147->147
[2026-06-17T23:46:01.224+0000][8278.036s][info][gc,metaspace  ] GC(330) Metaspace: 52302K(55040K)->52302K(55040K) NonClass: 46373K(47872K)->46373K(47872K) Class: 5929K(7168K)->5929K(7168K)
[2026-06-17T23:46:01.224+0000][8278.036s][info][gc            ] GC(330) Pause Young (Prepare Mixed) (G1 Evacuation Pause) 445M->200M(512M) 2.685ms
[2026-06-17T23:46:01.224+0000][8278.036s][info][gc,cpu        ] GC(330) User=0.02s Sys=0.00s Real=0.00s
[2026-06-17T23:46:01.340+0000][8278.152s][info][gc,start      ] GC(331) Pause Young (Mixed) (G1 Evacuation Pause)
[2026-06-17T23:46:01.340+0000][8278.152s][info][gc,task       ] GC(331) Using 13 workers of 13 for evacuation
[2026-06-17T23:46:01.342+0000][8278.154s][info][gc,phases     ] GC(331)   Pre Evacuate Collection Set: 0.0ms
[2026-06-17T23:46:01.342+0000][8278.154s][info][gc,phases     ] GC(331)   Evacuate Collection Set: 1.4ms
[2026-06-17T23:46:01.342+0000][8278.155s][info][gc,phases     ] GC(331)   Post Evacuate Collection Set: 0.3ms
[2026-06-17T23:46:01.342+0000][8278.155s][info][gc,phases     ] GC(331)   Other: 0.3ms
[2026-06-17T23:46:01.342+0000][8278.155s][info][gc,heap       ] GC(331) Eden regions: 21->0(250)
[2026-06-17T23:46:01.342+0000][8278.155s][info][gc,heap       ] GC(331) Survivor regions: 4->3(4)
[2026-06-17T23:46:01.342+0000][8278.155s][info][gc,heap       ] GC(331) Old regions: 51->45
[2026-06-17T23:46:01.342+0000][8278.155s][info][gc,heap       ] GC(331) Humongous regions: 147->147
[2026-06-17T23:46:01.342+0000][8278.155s][info][gc,metaspace  ] GC(331) Metaspace: 52302K(55040K)->52302K(55040K) NonClass: 46373K(47872K)->46373K(47872K) Class: 5929K(7168K)->5929K(7168K)
[2026-06-17T23:46:01.342+0000][8278.155s][info][gc            ] GC(331) Pause Young (Mixed) (G1 Evacuation Pause) 221M->194M(512M) 2.488ms
[2026-06-17T23:46:01.342+0000][8278.155s][info][gc,cpu        ] GC(331) User=0.02s Sys=0.00s Real=0.01s
[2026-06-17T23:46:02.655+0000][8279.468s][info][gc,start      ] GC(332) Pause Young (Normal) (G1 Evacuation Pause)
[2026-06-17T23:46:02.655+0000][8279.468s][info][gc,task       ] GC(332) Using 13 workers of 13 for evacuation
[2026-06-17T23:46:02.659+0000][8279.472s][info][gc,phases     ] GC(332)   Pre Evacuate Collection Set: 0.0ms
[2026-06-17T23:46:02.660+0000][8279.472s][info][gc,phases     ] GC(332)   Evacuate Collection Set: 3.8ms
[2026-06-17T23:46:02.660+0000][8279.472s][info][gc,phases     ] GC(332)   Post Evacuate Collection Set: 0.4ms
[2026-06-17T23:46:02.660+0000][8279.472s][info][gc,phases     ] GC(332)   Other: 0.3ms
[2026-06-17T23:46:02.660+0000][8279.472s][info][gc,heap       ] GC(332) Eden regions: 250->0(244)
[2026-06-17T23:46:02.660+0000][8279.472s][info][gc,heap       ] GC(332) Survivor regions: 3->9(32)
[2026-06-17T23:46:02.660+0000][8279.472s][info][gc,heap       ] GC(332) Old regions: 45->45
[2026-06-17T23:46:02.660+0000][8279.473s][info][gc,heap       ] GC(332) Humongous regions: 147->147
[2026-06-17T23:46:02.660+0000][8279.473s][info][gc,metaspace  ] GC(332) Metaspace: 52302K(55040K)->52302K(55040K) NonClass: 46373K(47872K)->46373K(47872K) Class: 5929K(7168K)->5929K(7168K)
[2026-06-17T23:46:02.660+0000][8279.473s][info][gc            ] GC(332) Pause Young (Normal) (G1 Evacuation Pause) 444M->200M(512M) 5.056ms
[2026-06-17T23:46:02.660+0000][8279.473s][info][gc,cpu        ] GC(332) User=0.04s Sys=0.00s Real=0.00s
[2026-06-17T23:46:03.886+0000][8280.698s][info][gc,start      ] GC(333) Pause Young (Normal) (G1 Evacuation Pause)
[2026-06-17T23:46:03.886+0000][8280.699s][info][gc,task       ] GC(333) Using 13 workers of 13 for evacuation
[2026-06-17T23:46:03.889+0000][8280.702s][info][gc,phases     ] GC(333)   Pre Evacuate Collection Set: 0.0ms
[2026-06-17T23:46:03.889+0000][8280.702s][info][gc,phases     ] GC(333)   Evacuate Collection Set: 2.4ms
[2026-06-17T23:46:03.889+0000][8280.702s][info][gc,phases     ] GC(333)   Post Evacuate Collection Set: 0.4ms
[2026-06-17T23:46:03.889+0000][8280.702s][info][gc,phases     ] GC(333)   Other: 0.6ms
[2026-06-17T23:46:03.889+0000][8280.702s][info][gc,heap       ] GC(333) Eden regions: 244->0(247)
[2026-06-17T23:46:03.890+0000][8280.702s][info][gc,heap       ] GC(333) Survivor regions: 9->6(32)
[2026-06-17T23:46:03.890+0000][8280.702s][info][gc,heap       ] GC(333) Old regions: 45->45
[2026-06-17T23:46:03.890+0000][8280.702s][info][gc,heap       ] GC(333) Humongous regions: 147->147
[2026-06-17T23:46:03.890+0000][8280.702s][info][gc,metaspace  ] GC(333) Metaspace: 52302K(55040K)->52302K(55040K) NonClass: 46373K(47872K)->46373K(47872K) Class: 5929K(7168K)->5929K(7168K)
[2026-06-17T23:46:03.890+0000][8280.702s][info][gc            ] GC(333) Pause Young (Normal) (G1 Evacuation Pause) 444M->197M(512M) 3.971ms
[2026-06-17T23:46:03.890+0000][8280.702s][info][gc,cpu        ] GC(333) User=0.02s Sys=0.01s Real=0.00s
[2026-06-17T23:46:52.294+0000][8329.108s][info][gc,start      ] GC(334) Pause Young (Concurrent Start) (G1 Evacuation Pause)
[2026-06-17T23:46:52.294+0000][8329.108s][info][gc,task       ] GC(334) Using 13 workers of 13 for evacuation
[2026-06-17T23:46:52.300+0000][8329.113s][info][gc,phases     ] GC(334)   Pre Evacuate Collection Set: 0.3ms
[2026-06-17T23:46:52.300+0000][8329.113s][info][gc,phases     ] GC(334)   Evacuate Collection Set: 4.4ms
[2026-06-17T23:46:52.300+0000][8329.113s][info][gc,phases     ] GC(334)   Post Evacuate Collection Set: 0.4ms
[2026-06-17T23:46:52.300+0000][8329.113s][info][gc,phases     ] GC(334)   Other: 0.4ms
[2026-06-17T23:46:52.300+0000][8329.114s][info][gc,heap       ] GC(334) Eden regions: 247->0(242)
[2026-06-17T23:46:52.300+0000][8329.114s][info][gc,heap       ] GC(334) Survivor regions: 6->10(32)
[2026-06-17T23:46:52.300+0000][8329.114s][info][gc,heap       ] GC(334) Old regions: 45->45
[2026-06-17T23:46:52.300+0000][8329.114s][info][gc,heap       ] GC(334) Humongous regions: 147->147
[2026-06-17T23:46:52.300+0000][8329.114s][info][gc,metaspace  ] GC(334) Metaspace: 52302K(55040K)->52302K(55040K) NonClass: 46373K(47872K)->46373K(47872K) Class: 5929K(7168K)->5929K(7168K)
[2026-06-17T23:46:52.300+0000][8329.114s][info][gc            ] GC(334) Pause Young (Concurrent Start) (G1 Evacuation Pause) 444M->201M(512M) 5.855ms
[2026-06-17T23:46:52.300+0000][8329.114s][info][gc,cpu        ] GC(334) User=0.05s Sys=0.00s Real=0.01s
[2026-06-17T23:46:52.300+0000][8329.114s][info][gc            ] GC(335) Concurrent Cycle
[2026-06-17T23:46:52.300+0000][8329.114s][info][gc,marking    ] GC(335) Concurrent Clear Claimed Marks
[2026-06-17T23:46:52.301+0000][8329.114s][info][gc,marking    ] GC(335) Concurrent Clear Claimed Marks 0.280ms
[2026-06-17T23:46:52.301+0000][8329.114s][info][gc,marking    ] GC(335) Concurrent Scan Root Regions
[2026-06-17T23:46:52.302+0000][8329.116s][info][gc,marking    ] GC(335) Concurrent Scan Root Regions 1.548ms
[2026-06-17T23:46:52.302+0000][8329.116s][info][gc,marking    ] GC(335) Concurrent Mark (8329.116s)
[2026-06-17T23:46:52.303+0000][8329.116s][info][gc,marking    ] GC(335) Concurrent Mark From Roots
[2026-06-17T23:46:52.303+0000][8329.116s][info][gc,task       ] GC(335) Using 3 workers of 3 for marking
[2026-06-17T23:46:52.308+0000][8329.121s][info][gc,marking    ] GC(335) Concurrent Mark From Roots 5.269ms
[2026-06-17T23:46:52.308+0000][8329.122s][info][gc,marking    ] GC(335) Concurrent Preclean
[2026-06-17T23:46:52.308+0000][8329.122s][info][gc,marking    ] GC(335) Concurrent Preclean 0.189ms
[2026-06-17T23:46:52.308+0000][8329.122s][info][gc,marking    ] GC(335) Concurrent Mark (8329.116s, 8329.122s) 5.979ms
[2026-06-17T23:46:52.309+0000][8329.122s][info][gc,start      ] GC(335) Pause Remark
[2026-06-17T23:46:52.311+0000][8329.125s][info][gc,stringtable] GC(335) Cleaned string and symbol table, strings: 17276 processed, 0 removed, symbols: 125074 processed, 0 removed
[2026-06-17T23:46:52.311+0000][8329.125s][info][gc            ] GC(335) Pause Remark 205M->205M(512M) 2.678ms
[2026-06-17T23:46:52.311+0000][8329.125s][info][gc,cpu        ] GC(335) User=0.03s Sys=0.00s Real=0.01s
[2026-06-17T23:46:52.312+0000][8329.125s][info][gc,marking    ] GC(335) Concurrent Rebuild Remembered Sets
[2026-06-17T23:46:52.316+0000][8329.130s][info][gc,marking    ] GC(335) Concurrent Rebuild Remembered Sets 4.576ms
[2026-06-17T23:46:52.316+0000][8329.130s][info][gc,start      ] GC(335) Pause Cleanup
[2026-06-17T23:46:52.317+0000][8329.130s][info][gc            ] GC(335) Pause Cleanup 206M->206M(512M) 0.219ms
[2026-06-17T23:46:52.317+0000][8329.130s][info][gc,cpu        ] GC(335) User=0.00s Sys=0.00s Real=0.00s
[2026-06-17T23:46:52.317+0000][8329.130s][info][gc,marking    ] GC(335) Concurrent Cleanup for Next Mark
[2026-06-17T23:46:52.317+0000][8329.130s][info][gc,marking    ] GC(335) Concurrent Cleanup for Next Mark 0.149ms
[2026-06-17T23:46:52.317+0000][8329.131s][info][gc            ] GC(335) Concurrent Cycle 16.665ms
[2026-06-17T23:46:53.697+0000][8330.511s][info][gc,start      ] GC(336) Pause Young (Prepare Mixed) (G1 Evacuation Pause)
[2026-06-17T23:46:53.698+0000][8330.511s][info][gc,task       ] GC(336) Using 13 workers of 13 for evacuation
[2026-06-17T23:46:53.702+0000][8330.515s][info][gc,phases     ] GC(336)   Pre Evacuate Collection Set: 0.0ms
[2026-06-17T23:46:53.702+0000][8330.515s][info][gc,phases     ] GC(336)   Evacuate Collection Set: 3.5ms
[2026-06-17T23:46:53.702+0000][8330.516s][info][gc,phases     ] GC(336)   Post Evacuate Collection Set: 0.4ms
[2026-06-17T23:46:53.702+0000][8330.516s][info][gc,phases     ] GC(336)   Other: 0.4ms
[2026-06-17T23:46:53.702+0000][8330.516s][info][gc,heap       ] GC(336) Eden regions: 242->0(18)
[2026-06-17T23:46:53.702+0000][8330.516s][info][gc,heap       ] GC(336) Survivor regions: 10->7(32)
[2026-06-17T23:46:53.702+0000][8330.516s][info][gc,heap       ] GC(336) Old regions: 45->45
[2026-06-17T23:46:53.702+0000][8330.516s][info][gc,heap       ] GC(336) Humongous regions: 147->147
[2026-06-17T23:46:53.703+0000][8330.516s][info][gc,metaspace  ] GC(336) Metaspace: 52302K(55040K)->52302K(55040K) NonClass: 46373K(47872K)->46373K(47872K) Class: 5929K(7168K)->5929K(7168K)
[2026-06-17T23:46:53.703+0000][8330.516s][info][gc            ] GC(336) Pause Young (Prepare Mixed) (G1 Evacuation Pause) 443M->198M(512M) 5.246ms
[2026-06-17T23:46:53.703+0000][8330.516s][info][gc,cpu        ] GC(336) User=0.03s Sys=0.00s Real=0.01s
[2026-06-17T23:46:53.821+0000][8330.635s][info][gc,start      ] GC(337) Pause Young (Mixed) (G1 Evacuation Pause)
[2026-06-17T23:46:53.821+0000][8330.635s][info][gc,task       ] GC(337) Using 13 workers of 13 for evacuation
[2026-06-17T23:46:53.826+0000][8330.640s][info][gc,phases     ] GC(337)   Pre Evacuate Collection Set: 0.0ms
[2026-06-17T23:46:53.827+0000][8330.640s][info][gc,phases     ] GC(337)   Evacuate Collection Set: 4.7ms
[2026-06-17T23:46:53.827+0000][8330.640s][info][gc,phases     ] GC(337)   Post Evacuate Collection Set: 0.3ms
[2026-06-17T23:46:53.827+0000][8330.640s][info][gc,phases     ] GC(337)   Other: 0.5ms
[2026-06-17T23:46:53.827+0000][8330.640s][info][gc,heap       ] GC(337) Eden regions: 18->0(245)
[2026-06-17T23:46:53.827+0000][8330.640s][info][gc,heap       ] GC(337) Survivor regions: 7->2(4)
[2026-06-17T23:46:53.827+0000][8330.641s][info][gc,heap       ] GC(337) Old regions: 45->51
[2026-06-17T23:46:53.827+0000][8330.641s][info][gc,heap       ] GC(337) Humongous regions: 147->147
[2026-06-17T23:46:53.827+0000][8330.641s][info][gc,metaspace  ] GC(337) Metaspace: 52302K(55040K)->52302K(55040K) NonClass: 46373K(47872K)->46373K(47872K) Class: 5929K(7168K)->5929K(7168K)
[2026-06-17T23:46:53.827+0000][8330.641s][info][gc            ] GC(337) Pause Young (Mixed) (G1 Evacuation Pause) 216M->199M(512M) 6.269ms
[2026-06-17T23:46:53.827+0000][8330.641s][info][gc,cpu        ] GC(337) User=0.02s Sys=0.00s Real=0.00s
[2026-06-17T23:46:55.082+0000][8331.895s][info][gc,start      ] GC(338) Pause Young (Normal) (G1 Evacuation Pause)
[2026-06-17T23:46:55.082+0000][8331.896s][info][gc,task       ] GC(338) Using 13 workers of 13 for evacuation
[2026-06-17T23:46:55.084+0000][8331.897s][info][gc,phases     ] GC(338)   Pre Evacuate Collection Set: 0.0ms
[2026-06-17T23:46:55.084+0000][8331.897s][info][gc,phases     ] GC(338)   Evacuate Collection Set: 1.3ms
[2026-06-17T23:46:55.084+0000][8331.898s][info][gc,phases     ] GC(338)   Post Evacuate Collection Set: 0.3ms
[2026-06-17T23:46:55.084+0000][8331.898s][info][gc,phases     ] GC(338)   Other: 0.3ms
[2026-06-17T23:46:55.084+0000][8331.898s][info][gc,heap       ] GC(338) Eden regions: 245->0(246)
[2026-06-17T23:46:55.084+0000][8331.898s][info][gc,heap       ] GC(338) Survivor regions: 2->3(31)
[2026-06-17T23:46:55.084+0000][8331.898s][info][gc,heap       ] GC(338) Old regions: 51->51
[2026-06-17T23:46:55.084+0000][8331.898s][info][gc,heap       ] GC(338) Humongous regions: 147->147
[2026-06-17T23:46:55.084+0000][8331.898s][info][gc,metaspace  ] GC(338) Metaspace: 52302K(55040K)->52302K(55040K) NonClass: 46373K(47872K)->46373K(47872K) Class: 5929K(7168K)->5929K(7168K)
[2026-06-17T23:46:55.084+0000][8331.898s][info][gc            ] GC(338) Pause Young (Normal) (G1 Evacuation Pause) 444M->199M(512M) 2.465ms
[2026-06-17T23:46:55.084+0000][8331.898s][info][gc,cpu        ] GC(338) User=0.02s Sys=0.00s Real=0.00s
[2026-06-17T23:47:31.608+0000][8368.420s][info][gc,start      ] GC(339) Pause Young (Normal) (G1 Evacuation Pause)
[2026-06-17T23:47:31.608+0000][8368.420s][info][gc,task       ] GC(339) Using 13 workers of 13 for evacuation
[2026-06-17T23:47:31.614+0000][8368.427s][info][gc,phases     ] GC(339)   Pre Evacuate Collection Set: 0.0ms
[2026-06-17T23:47:31.614+0000][8368.427s][info][gc,phases     ] GC(339)   Evacuate Collection Set: 5.8ms
[2026-06-17T23:47:31.614+0000][8368.427s][info][gc,phases     ] GC(339)   Post Evacuate Collection Set: 0.3ms
[2026-06-17T23:47:31.614+0000][8368.427s][info][gc,phases     ] GC(339)   Other: 0.3ms
[2026-06-17T23:47:31.614+0000][8368.427s][info][gc,heap       ] GC(339) Eden regions: 246->0(241)
[2026-06-17T23:47:31.614+0000][8368.427s][info][gc,heap       ] GC(339) Survivor regions: 3->7(32)
[2026-06-17T23:47:31.614+0000][8368.427s][info][gc,heap       ] GC(339) Old regions: 51->51
[2026-06-17T23:47:31.614+0000][8368.427s][info][gc,heap       ] GC(339) Humongous regions: 147->147
[2026-06-17T23:47:31.614+0000][8368.427s][info][gc,metaspace  ] GC(339) Metaspace: 52312K(55040K)->52312K(55040K) NonClass: 46383K(47872K)->46383K(47872K) Class: 5929K(7168K)->5929K(7168K)
[2026-06-17T23:47:31.614+0000][8368.427s][info][gc            ] GC(339) Pause Young (Normal) (G1 Evacuation Pause) 445M->203M(512M) 6.682ms
[2026-06-17T23:47:31.614+0000][8368.427s][info][gc,cpu        ] GC(339) User=0.07s Sys=0.00s Real=0.01s
[2026-06-17T23:47:44.832+0000][8381.645s][info][gc,start      ] GC(340) Pause Young (Concurrent Start) (G1 Evacuation Pause)
[2026-06-17T23:47:44.832+0000][8381.645s][info][gc,task       ] GC(340) Using 13 workers of 13 for evacuation
[2026-06-17T23:47:44.835+0000][8381.647s][info][gc,phases     ] GC(340)   Pre Evacuate Collection Set: 0.3ms
[2026-06-17T23:47:44.835+0000][8381.648s][info][gc,phases     ] GC(340)   Evacuate Collection Set: 1.9ms
[2026-06-17T23:47:44.835+0000][8381.648s][info][gc,phases     ] GC(340)   Post Evacuate Collection Set: 0.3ms
[2026-06-17T23:47:44.835+0000][8381.648s][info][gc,phases     ] GC(340)   Other: 0.4ms
[2026-06-17T23:47:44.835+0000][8381.648s][info][gc,heap       ] GC(340) Eden regions: 241->0(244)
[2026-06-17T23:47:44.835+0000][8381.648s][info][gc,heap       ] GC(340) Survivor regions: 7->5(31)
[2026-06-17T23:47:44.835+0000][8381.648s][info][gc,heap       ] GC(340) Old regions: 51->51
[2026-06-17T23:47:44.835+0000][8381.648s][info][gc,heap       ] GC(340) Humongous regions: 147->147
[2026-06-17T23:47:44.836+0000][8381.648s][info][gc,metaspace  ] GC(340) Metaspace: 52312K(55040K)->52312K(55040K) NonClass: 46383K(47872K)->46383K(47872K) Class: 5929K(7168K)->5929K(7168K)
[2026-06-17T23:47:44.836+0000][8381.648s][info][gc            ] GC(340) Pause Young (Concurrent Start) (G1 Evacuation Pause) 444M->201M(512M) 3.612ms
[2026-06-17T23:47:44.836+0000][8381.648s][info][gc,cpu        ] GC(340) User=0.02s Sys=0.00s Real=0.00s
[2026-06-17T23:47:44.836+0000][8381.648s][info][gc            ] GC(341) Concurrent Cycle
[2026-06-17T23:47:44.836+0000][8381.648s][info][gc,marking    ] GC(341) Concurrent Clear Claimed Marks
[2026-06-17T23:47:44.836+0000][8381.649s][info][gc,marking    ] GC(341) Concurrent Clear Claimed Marks 0.287ms
[2026-06-17T23:47:44.836+0000][8381.649s][info][gc,marking    ] GC(341) Concurrent Scan Root Regions
[2026-06-17T23:47:44.837+0000][8381.650s][info][gc,marking    ] GC(341) Concurrent Scan Root Regions 1.096ms
[2026-06-17T23:47:44.837+0000][8381.650s][info][gc,marking    ] GC(341) Concurrent Mark (8381.650s)
[2026-06-17T23:47:44.837+0000][8381.650s][info][gc,marking    ] GC(341) Concurrent Mark From Roots
[2026-06-17T23:47:44.837+0000][8381.650s][info][gc,task       ] GC(341) Using 3 workers of 3 for marking
[2026-06-17T23:47:44.843+0000][8381.656s][info][gc,marking    ] GC(341) Concurrent Mark From Roots 5.414ms
[2026-06-17T23:47:44.843+0000][8381.656s][info][gc,marking    ] GC(341) Concurrent Preclean
[2026-06-17T23:47:44.843+0000][8381.656s][info][gc,marking    ] GC(341) Concurrent Preclean 0.255ms
[2026-06-17T23:47:44.843+0000][8381.656s][info][gc,marking    ] GC(341) Concurrent Mark (8381.650s, 8381.656s) 5.956ms
[2026-06-17T23:47:44.844+0000][8381.656s][info][gc,start      ] GC(341) Pause Remark
[2026-06-17T23:47:44.846+0000][8381.659s][info][gc,stringtable] GC(341) Cleaned string and symbol table, strings: 17286 processed, 0 removed, symbols: 125074 processed, 0 removed
[2026-06-17T23:47:44.846+0000][8381.659s][info][gc            ] GC(341) Pause Remark 205M->205M(512M) 2.789ms
[2026-06-17T23:47:44.846+0000][8381.659s][info][gc,cpu        ] GC(341) User=0.02s Sys=0.00s Real=0.00s
[2026-06-17T23:47:44.847+0000][8381.659s][info][gc,marking    ] GC(341) Concurrent Rebuild Remembered Sets
[2026-06-17T23:47:44.851+0000][8381.664s][info][gc,marking    ] GC(341) Concurrent Rebuild Remembered Sets 4.661ms
[2026-06-17T23:47:44.851+0000][8381.664s][info][gc,start      ] GC(341) Pause Cleanup
[2026-06-17T23:47:44.852+0000][8381.664s][info][gc            ] GC(341) Pause Cleanup 206M->206M(512M) 0.286ms
[2026-06-17T23:47:44.852+0000][8381.665s][info][gc,cpu        ] GC(341) User=0.00s Sys=0.00s Real=0.00s
[2026-06-17T23:47:44.852+0000][8381.665s][info][gc,marking    ] GC(341) Concurrent Cleanup for Next Mark
[2026-06-17T23:47:44.852+0000][8381.665s][info][gc,marking    ] GC(341) Concurrent Cleanup for Next Mark 0.408ms
[2026-06-17T23:47:44.853+0000][8381.665s][info][gc            ] GC(341) Concurrent Cycle 16.857ms
[2026-06-17T23:47:46.167+0000][8382.979s][info][gc,start      ] GC(342) Pause Young (Prepare Mixed) (G1 Evacuation Pause)
[2026-06-17T23:47:46.167+0000][8382.980s][info][gc,task       ] GC(342) Using 13 workers of 13 for evacuation
[2026-06-17T23:47:46.169+0000][8382.982s][info][gc,phases     ] GC(342)   Pre Evacuate Collection Set: 0.0ms
[2026-06-17T23:47:46.169+0000][8382.982s][info][gc,phases     ] GC(342)   Evacuate Collection Set: 1.9ms
[2026-06-17T23:47:46.170+0000][8382.982s][info][gc,phases     ] GC(342)   Post Evacuate Collection Set: 0.4ms
[2026-06-17T23:47:46.170+0000][8382.982s][info][gc,phases     ] GC(342)   Other: 0.3ms
[2026-06-17T23:47:46.170+0000][8382.982s][info][gc,heap       ] GC(342) Eden regions: 244->0(17)
[2026-06-17T23:47:46.170+0000][8382.982s][info][gc,heap       ] GC(342) Survivor regions: 5->8(32)
[2026-06-17T23:47:46.170+0000][8382.983s][info][gc,heap       ] GC(342) Old regions: 51->51
[2026-06-17T23:47:46.170+0000][8382.983s][info][gc,heap       ] GC(342) Humongous regions: 147->147
[2026-06-17T23:47:46.170+0000][8382.983s][info][gc,metaspace  ] GC(342) Metaspace: 52312K(55040K)->52312K(55040K) NonClass: 46383K(47872K)->46383K(47872K) Class: 5929K(7168K)->5929K(7168K)
[2026-06-17T23:47:46.170+0000][8382.983s][info][gc            ] GC(342) Pause Young (Prepare Mixed) (G1 Evacuation Pause) 445M->204M(512M) 3.234ms
[2026-06-17T23:47:46.170+0000][8382.983s][info][gc,cpu        ] GC(342) User=0.02s Sys=0.00s Real=0.01s
[2026-06-17T23:47:46.254+0000][8383.067s][info][gc,start      ] GC(343) Pause Young (Mixed) (G1 Evacuation Pause)
[2026-06-17T23:47:46.255+0000][8383.067s][info][gc,task       ] GC(343) Using 13 workers of 13 for evacuation
[2026-06-17T23:47:46.258+0000][8383.071s][info][gc,phases     ] GC(343)   Pre Evacuate Collection Set: 0.0ms
[2026-06-17T23:47:46.258+0000][8383.071s][info][gc,phases     ] GC(343)   Evacuate Collection Set: 2.9ms
[2026-06-17T23:47:46.258+0000][8383.071s][info][gc,phases     ] GC(343)   Post Evacuate Collection Set: 0.3ms
[2026-06-17T23:47:46.258+0000][8383.071s][info][gc,phases     ] GC(343)   Other: 0.3ms
[2026-06-17T23:47:46.258+0000][8383.071s][info][gc,heap       ] GC(343) Eden regions: 17->0(245)
[2026-06-17T23:47:46.258+0000][8383.071s][info][gc,heap       ] GC(343) Survivor regions: 8->2(4)
[2026-06-17T23:47:46.258+0000][8383.071s][info][gc,heap       ] GC(343) Old regions: 51->51
[2026-06-17T23:47:46.258+0000][8383.071s][info][gc,heap       ] GC(343) Humongous regions: 147->147
[2026-06-17T23:47:46.258+0000][8383.071s][info][gc,metaspace  ] GC(343) Metaspace: 52312K(55040K)->52312K(55040K) NonClass: 46383K(47872K)->46383K(47872K) Class: 5929K(7168K)->5929K(7168K)
[2026-06-17T23:47:46.258+0000][8383.071s][info][gc            ] GC(343) Pause Young (Mixed) (G1 Evacuation Pause) 221M->199M(512M) 4.024ms
[2026-06-17T23:47:46.259+0000][8383.071s][info][gc,cpu        ] GC(343) User=0.03s Sys=0.00s Real=0.00s
[2026-06-17T23:47:47.554+0000][8384.366s][info][gc,start      ] GC(344) Pause Young (Normal) (G1 Evacuation Pause)
[2026-06-17T23:47:47.554+0000][8384.366s][info][gc,task       ] GC(344) Using 13 workers of 13 for evacuation
[2026-06-17T23:47:47.556+0000][8384.369s][info][gc,phases     ] GC(344)   Pre Evacuate Collection Set: 0.0ms
[2026-06-17T23:47:47.556+0000][8384.369s][info][gc,phases     ] GC(344)   Evacuate Collection Set: 1.6ms
[2026-06-17T23:47:47.556+0000][8384.369s][info][gc,phases     ] GC(344)   Post Evacuate Collection Set: 0.3ms
[2026-06-17T23:47:47.556+0000][8384.369s][info][gc,phases     ] GC(344)   Other: 0.4ms
[2026-06-17T23:47:47.556+0000][8384.369s][info][gc,heap       ] GC(344) Eden regions: 245->0(243)
[2026-06-17T23:47:47.556+0000][8384.369s][info][gc,heap       ] GC(344) Survivor regions: 2->5(31)
[2026-06-17T23:47:47.556+0000][8384.369s][info][gc,heap       ] GC(344) Old regions: 51->51
[2026-06-17T23:47:47.556+0000][8384.369s][info][gc,heap       ] GC(344) Humongous regions: 147->147
[2026-06-17T23:47:47.556+0000][8384.369s][info][gc,metaspace  ] GC(344) Metaspace: 52312K(55040K)->52312K(55040K) NonClass: 46383K(47872K)->46383K(47872K) Class: 5929K(7168K)->5929K(7168K)
[2026-06-17T23:47:47.556+0000][8384.369s][info][gc            ] GC(344) Pause Young (Normal) (G1 Evacuation Pause) 444M->202M(512M) 2.861ms
[2026-06-17T23:47:47.557+0000][8384.369s][info][gc,cpu        ] GC(344) User=0.02s Sys=0.00s Real=0.00s
[2026-06-17T23:48:35.946+0000][8432.759s][info][gc,start      ] GC(345) Pause Young (Normal) (G1 Evacuation Pause)
[2026-06-17T23:48:35.946+0000][8432.759s][info][gc,task       ] GC(345) Using 13 workers of 13 for evacuation
[2026-06-17T23:48:35.947+0000][8432.760s][info][gc,phases     ] GC(345)   Pre Evacuate Collection Set: 0.0ms
[2026-06-17T23:48:35.947+0000][8432.761s][info][gc,phases     ] GC(345)   Evacuate Collection Set: 0.9ms
[2026-06-17T23:48:35.947+0000][8432.761s][info][gc,phases     ] GC(345)   Post Evacuate Collection Set: 0.3ms
[2026-06-17T23:48:35.947+0000][8432.761s][info][gc,phases     ] GC(345)   Other: 0.3ms
[2026-06-17T23:48:35.947+0000][8432.761s][info][gc,heap       ] GC(345) Eden regions: 243->0(247)
[2026-06-17T23:48:35.947+0000][8432.761s][info][gc,heap       ] GC(345) Survivor regions: 5->2(31)
[2026-06-17T23:48:35.947+0000][8432.761s][info][gc,heap       ] GC(345) Old regions: 51->51
[2026-06-17T23:48:35.947+0000][8432.761s][info][gc,heap       ] GC(345) Humongous regions: 147->147
[2026-06-17T23:48:35.948+0000][8432.761s][info][gc,metaspace  ] GC(345) Metaspace: 52327K(55040K)->52327K(55040K) NonClass: 46398K(47872K)->46398K(47872K) Class: 5929K(7168K)->5929K(7168K)
[2026-06-17T23:48:35.948+0000][8432.761s][info][gc            ] GC(345) Pause Young (Normal) (G1 Evacuation Pause) 445M->199M(512M) 1.996ms
[2026-06-17T23:48:35.948+0000][8432.761s][info][gc,cpu        ] GC(345) User=0.01s Sys=0.00s Real=0.00s
[2026-06-17T23:48:37.465+0000][8434.279s][info][gc,start      ] GC(346) Pause Young (Concurrent Start) (G1 Evacuation Pause)
[2026-06-17T23:48:37.465+0000][8434.279s][info][gc,task       ] GC(346) Using 13 workers of 13 for evacuation
[2026-06-17T23:48:37.468+0000][8434.281s][info][gc,phases     ] GC(346)   Pre Evacuate Collection Set: 0.3ms
[2026-06-17T23:48:37.468+0000][8434.281s][info][gc,phases     ] GC(346)   Evacuate Collection Set: 1.8ms
[2026-06-17T23:48:37.468+0000][8434.281s][info][gc,phases     ] GC(346)   Post Evacuate Collection Set: 0.3ms
[2026-06-17T23:48:37.468+0000][8434.281s][info][gc,phases     ] GC(346)   Other: 0.3ms
[2026-06-17T23:48:37.468+0000][8434.282s][info][gc,heap       ] GC(346) Eden regions: 247->0(244)
[2026-06-17T23:48:37.468+0000][8434.282s][info][gc,heap       ] GC(346) Survivor regions: 2->6(32)
[2026-06-17T23:48:37.468+0000][8434.282s][info][gc,heap       ] GC(346) Old regions: 51->51
[2026-06-17T23:48:37.468+0000][8434.282s][info][gc,heap       ] GC(346) Humongous regions: 147->147
[2026-06-17T23:48:37.468+0000][8434.282s][info][gc,metaspace  ] GC(346) Metaspace: 52327K(55040K)->52327K(55040K) NonClass: 46398K(47872K)->46398K(47872K) Class: 5929K(7168K)->5929K(7168K)
[2026-06-17T23:48:37.469+0000][8434.282s][info][gc            ] GC(346) Pause Young (Concurrent Start) (G1 Evacuation Pause) 446M->203M(512M) 3.379ms
[2026-06-17T23:48:37.469+0000][8434.282s][info][gc,cpu        ] GC(346) User=0.02s Sys=0.00s Real=0.00s
[2026-06-17T23:48:37.469+0000][8434.282s][info][gc            ] GC(347) Concurrent Cycle
[2026-06-17T23:48:37.469+0000][8434.282s][info][gc,marking    ] GC(347) Concurrent Clear Claimed Marks
[2026-06-17T23:48:37.469+0000][8434.282s][info][gc,marking    ] GC(347) Concurrent Clear Claimed Marks 0.192ms
[2026-06-17T23:48:37.469+0000][8434.282s][info][gc,marking    ] GC(347) Concurrent Scan Root Regions
[2026-06-17T23:48:37.470+0000][8434.284s][info][gc,marking    ] GC(347) Concurrent Scan Root Regions 1.185ms
[2026-06-17T23:48:37.470+0000][8434.284s][info][gc,marking    ] GC(347) Concurrent Mark (8434.284s)
[2026-06-17T23:48:37.470+0000][8434.284s][info][gc,marking    ] GC(347) Concurrent Mark From Roots
[2026-06-17T23:48:37.470+0000][8434.284s][info][gc,task       ] GC(347) Using 3 workers of 3 for marking
[2026-06-17T23:48:37.475+0000][8434.289s][info][gc,marking    ] GC(347) Concurrent Mark From Roots 5.105ms
[2026-06-17T23:48:37.476+0000][8434.289s][info][gc,marking    ] GC(347) Concurrent Preclean
[2026-06-17T23:48:37.476+0000][8434.289s][info][gc,marking    ] GC(347) Concurrent Preclean 0.147ms
[2026-06-17T23:48:37.476+0000][8434.289s][info][gc,marking    ] GC(347) Concurrent Mark (8434.284s, 8434.289s) 5.517ms
[2026-06-17T23:48:37.476+0000][8434.289s][info][gc,start      ] GC(347) Pause Remark
[2026-06-17T23:48:37.479+0000][8434.292s][info][gc,stringtable] GC(347) Cleaned string and symbol table, strings: 17286 processed, 0 removed, symbols: 125074 processed, 0 removed
[2026-06-17T23:48:37.479+0000][8434.293s][info][gc            ] GC(347) Pause Remark 207M->206M(512M) 3.334ms
[2026-06-17T23:48:37.479+0000][8434.293s][info][gc,cpu        ] GC(347) User=0.03s Sys=0.00s Real=0.00s
[2026-06-17T23:48:37.479+0000][8434.293s][info][gc,marking    ] GC(347) Concurrent Rebuild Remembered Sets
[2026-06-17T23:48:37.483+0000][8434.297s][info][gc,marking    ] GC(347) Concurrent Rebuild Remembered Sets 3.921ms
[2026-06-17T23:48:37.484+0000][8434.297s][info][gc,start      ] GC(347) Pause Cleanup
[2026-06-17T23:48:37.484+0000][8434.297s][info][gc            ] GC(347) Pause Cleanup 207M->207M(512M) 0.167ms
[2026-06-17T23:48:37.484+0000][8434.297s][info][gc,cpu        ] GC(347) User=0.00s Sys=0.00s Real=0.00s
[2026-06-17T23:48:37.484+0000][8434.297s][info][gc,marking    ] GC(347) Concurrent Cleanup for Next Mark
[2026-06-17T23:48:37.484+0000][8434.297s][info][gc,marking    ] GC(347) Concurrent Cleanup for Next Mark 0.130ms
[2026-06-17T23:48:37.484+0000][8434.297s][info][gc            ] GC(347) Concurrent Cycle 15.366ms
[2026-06-17T23:48:38.731+0000][8435.545s][info][gc,start      ] GC(348) Pause Young (Prepare Mixed) (G1 Evacuation Pause)
[2026-06-17T23:48:38.731+0000][8435.545s][info][gc,task       ] GC(348) Using 13 workers of 13 for evacuation
[2026-06-17T23:48:38.735+0000][8435.548s][info][gc,phases     ] GC(348)   Pre Evacuate Collection Set: 0.0ms
[2026-06-17T23:48:38.735+0000][8435.548s][info][gc,phases     ] GC(348)   Evacuate Collection Set: 2.8ms
[2026-06-17T23:48:38.735+0000][8435.548s][info][gc,phases     ] GC(348)   Post Evacuate Collection Set: 0.4ms
[2026-06-17T23:48:38.735+0000][8435.548s][info][gc,phases     ] GC(348)   Other: 0.3ms
[2026-06-17T23:48:38.735+0000][8435.548s][info][gc,heap       ] GC(348) Eden regions: 244->0(15)
[2026-06-17T23:48:38.735+0000][8435.548s][info][gc,heap       ] GC(348) Survivor regions: 6->10(32)
[2026-06-17T23:48:38.735+0000][8435.548s][info][gc,heap       ] GC(348) Old regions: 50->50
[2026-06-17T23:48:38.735+0000][8435.549s][info][gc,heap       ] GC(348) Humongous regions: 147->147
[2026-06-17T23:48:38.735+0000][8435.549s][info][gc,metaspace  ] GC(348) Metaspace: 52327K(55040K)->52327K(55040K) NonClass: 46398K(47872K)->46398K(47872K) Class: 5929K(7168K)->5929K(7168K)
[2026-06-17T23:48:38.735+0000][8435.549s][info][gc            ] GC(348) Pause Young (Prepare Mixed) (G1 Evacuation Pause) 446M->206M(512M) 4.122ms
[2026-06-17T23:48:38.735+0000][8435.549s][info][gc,cpu        ] GC(348) User=0.03s Sys=0.01s Real=0.00s
[2026-06-17T23:48:38.797+0000][8435.610s][info][gc,start      ] GC(349) Pause Young (Mixed) (G1 Evacuation Pause)
[2026-06-17T23:48:38.797+0000][8435.610s][info][gc,task       ] GC(349) Using 13 workers of 13 for evacuation
[2026-06-17T23:48:38.799+0000][8435.612s][info][gc,phases     ] GC(349)   Pre Evacuate Collection Set: 0.0ms
[2026-06-17T23:48:38.799+0000][8435.612s][info][gc,phases     ] GC(349)   Evacuate Collection Set: 1.7ms
[2026-06-17T23:48:38.799+0000][8435.612s][info][gc,phases     ] GC(349)   Post Evacuate Collection Set: 0.3ms
[2026-06-17T23:48:38.799+0000][8435.612s][info][gc,phases     ] GC(349)   Other: 0.3ms
[2026-06-17T23:48:38.799+0000][8435.612s][info][gc,heap       ] GC(349) Eden regions: 15->0(248)
[2026-06-17T23:48:38.799+0000][8435.613s][info][gc,heap       ] GC(349) Survivor regions: 10->2(4)
[2026-06-17T23:48:38.799+0000][8435.613s][info][gc,heap       ] GC(349) Old regions: 50->46
[2026-06-17T23:48:38.799+0000][8435.613s][info][gc,heap       ] GC(349) Humongous regions: 147->147
[2026-06-17T23:48:38.799+0000][8435.613s][info][gc,metaspace  ] GC(349) Metaspace: 52327K(55040K)->52327K(55040K) NonClass: 46398K(47872K)->46398K(47872K) Class: 5929K(7168K)->5929K(7168K)
[2026-06-17T23:48:38.799+0000][8435.613s][info][gc            ] GC(349) Pause Young (Mixed) (G1 Evacuation Pause) 221M->194M(512M) 2.748ms
[2026-06-17T23:48:38.799+0000][8435.613s][info][gc,cpu        ] GC(349) User=0.02s Sys=0.00s Real=0.01s
[2026-06-17T23:48:40.037+0000][8436.851s][info][gc,start      ] GC(350) Pause Young (Normal) (G1 Evacuation Pause)
[2026-06-17T23:48:40.037+0000][8436.851s][info][gc,task       ] GC(350) Using 13 workers of 13 for evacuation
[2026-06-17T23:48:40.042+0000][8436.855s][info][gc,phases     ] GC(350)   Pre Evacuate Collection Set: 0.0ms
[2026-06-17T23:48:40.042+0000][8436.855s][info][gc,phases     ] GC(350)   Evacuate Collection Set: 4.1ms
[2026-06-17T23:48:40.042+0000][8436.855s][info][gc,phases     ] GC(350)   Post Evacuate Collection Set: 0.3ms
[2026-06-17T23:48:40.042+0000][8436.855s][info][gc,phases     ] GC(350)   Other: 0.3ms
[2026-06-17T23:48:40.042+0000][8436.855s][info][gc,heap       ] GC(350) Eden regions: 248->0(245)
[2026-06-17T23:48:40.042+0000][8436.856s][info][gc,heap       ] GC(350) Survivor regions: 2->6(32)
[2026-06-17T23:48:40.042+0000][8436.856s][info][gc,heap       ] GC(350) Old regions: 46->46
[2026-06-17T23:48:40.042+0000][8436.856s][info][gc,heap       ] GC(350) Humongous regions: 147->147
[2026-06-17T23:48:40.042+0000][8436.856s][info][gc,metaspace  ] GC(350) Metaspace: 52327K(55040K)->52327K(55040K) NonClass: 46398K(47872K)->46398K(47872K) Class: 5929K(7168K)->5929K(7168K)
[2026-06-17T23:48:40.042+0000][8436.856s][info][gc            ] GC(350) Pause Young (Normal) (G1 Evacuation Pause) 442M->198M(512M) 5.211ms
[2026-06-17T23:48:40.042+0000][8436.856s][info][gc,cpu        ] GC(350) User=0.05s Sys=0.00s Real=0.01s
[2026-06-17T23:49:28.702+0000][8485.516s][info][gc,start      ] GC(351) Pause Young (Normal) (G1 Evacuation Pause)
[2026-06-17T23:49:28.703+0000][8485.516s][info][gc,task       ] GC(351) Using 13 workers of 13 for evacuation
[2026-06-17T23:49:28.706+0000][8485.519s][info][gc,phases     ] GC(351)   Pre Evacuate Collection Set: 0.0ms
[2026-06-17T23:49:28.706+0000][8485.519s][info][gc,phases     ] GC(351)   Evacuate Collection Set: 2.8ms
[2026-06-17T23:49:28.706+0000][8485.519s][info][gc,phases     ] GC(351)   Post Evacuate Collection Set: 0.3ms
[2026-06-17T23:49:28.706+0000][8485.520s][info][gc,phases     ] GC(351)   Other: 0.4ms
[2026-06-17T23:49:28.706+0000][8485.520s][info][gc,heap       ] GC(351) Eden regions: 245->0(248)
[2026-06-17T23:49:28.706+0000][8485.520s][info][gc,heap       ] GC(351) Survivor regions: 6->4(32)
[2026-06-17T23:49:28.706+0000][8485.520s][info][gc,heap       ] GC(351) Old regions: 46->46
[2026-06-17T23:49:28.706+0000][8485.520s][info][gc,heap       ] GC(351) Humongous regions: 147->147
[2026-06-17T23:49:28.706+0000][8485.520s][info][gc,metaspace  ] GC(351) Metaspace: 52333K(55040K)->52333K(55040K) NonClass: 46403K(47872K)->46403K(47872K) Class: 5929K(7168K)->5929K(7168K)
[2026-06-17T23:49:28.707+0000][8485.520s][info][gc            ] GC(351) Pause Young (Normal) (G1 Evacuation Pause) 443M->196M(512M) 4.117ms
[2026-06-17T23:49:28.707+0000][8485.520s][info][gc,cpu        ] GC(351) User=0.03s Sys=0.00s Real=0.00s
[2026-06-17T23:49:30.112+0000][8486.925s][info][gc,start      ] GC(352) Pause Young (Concurrent Start) (G1 Evacuation Pause)
[2026-06-17T23:49:30.112+0000][8486.925s][info][gc,task       ] GC(352) Using 13 workers of 13 for evacuation
[2026-06-17T23:49:30.114+0000][8486.928s][info][gc,phases     ] GC(352)   Pre Evacuate Collection Set: 0.3ms
[2026-06-17T23:49:30.114+0000][8486.928s][info][gc,phases     ] GC(352)   Evacuate Collection Set: 1.8ms
[2026-06-17T23:49:30.115+0000][8486.928s][info][gc,phases     ] GC(352)   Post Evacuate Collection Set: 0.4ms
[2026-06-17T23:49:30.115+0000][8486.928s][info][gc,phases     ] GC(352)   Other: 0.4ms
[2026-06-17T23:49:30.115+0000][8486.928s][info][gc,heap       ] GC(352) Eden regions: 248->0(245)
[2026-06-17T23:49:30.115+0000][8486.928s][info][gc,heap       ] GC(352) Survivor regions: 4->7(32)
[2026-06-17T23:49:30.115+0000][8486.928s][info][gc,heap       ] GC(352) Old regions: 46->46
[2026-06-17T23:49:30.115+0000][8486.928s][info][gc,heap       ] GC(352) Humongous regions: 147->147
[2026-06-17T23:49:30.115+0000][8486.928s][info][gc,metaspace  ] GC(352) Metaspace: 52333K(55040K)->52333K(55040K) NonClass: 46403K(47872K)->46403K(47872K) Class: 5929K(7168K)->5929K(7168K)
[2026-06-17T23:49:30.115+0000][8486.928s][info][gc            ] GC(352) Pause Young (Concurrent Start) (G1 Evacuation Pause) 444M->199M(512M) 3.573ms
[2026-06-17T23:49:30.115+0000][8486.928s][info][gc,cpu        ] GC(352) User=0.02s Sys=0.00s Real=0.00s
[2026-06-17T23:49:30.115+0000][8486.929s][info][gc            ] GC(353) Concurrent Cycle
[2026-06-17T23:49:30.115+0000][8486.929s][info][gc,marking    ] GC(353) Concurrent Clear Claimed Marks
[2026-06-17T23:49:30.115+0000][8486.929s][info][gc,marking    ] GC(353) Concurrent Clear Claimed Marks 0.206ms
[2026-06-17T23:49:30.116+0000][8486.929s][info][gc,marking    ] GC(353) Concurrent Scan Root Regions
[2026-06-17T23:49:30.117+0000][8486.930s][info][gc,marking    ] GC(353) Concurrent Scan Root Regions 1.311ms
[2026-06-17T23:49:30.117+0000][8486.930s][info][gc,marking    ] GC(353) Concurrent Mark (8486.930s)
[2026-06-17T23:49:30.117+0000][8486.931s][info][gc,marking    ] GC(353) Concurrent Mark From Roots
[2026-06-17T23:49:30.117+0000][8486.931s][info][gc,task       ] GC(353) Using 3 workers of 3 for marking
[2026-06-17T23:49:30.123+0000][8486.936s][info][gc,marking    ] GC(353) Concurrent Mark From Roots 5.501ms
[2026-06-17T23:49:30.123+0000][8486.936s][info][gc,marking    ] GC(353) Concurrent Preclean
[2026-06-17T23:49:30.123+0000][8486.936s][info][gc,marking    ] GC(353) Concurrent Preclean 0.218ms
[2026-06-17T23:49:30.123+0000][8486.936s][info][gc,marking    ] GC(353) Concurrent Mark (8486.930s, 8486.936s) 6.018ms
[2026-06-17T23:49:30.123+0000][8486.937s][info][gc,start      ] GC(353) Pause Remark
[2026-06-17T23:49:30.126+0000][8486.939s][info][gc,stringtable] GC(353) Cleaned string and symbol table, strings: 17286 processed, 0 removed, symbols: 125074 processed, 0 removed
[2026-06-17T23:49:30.126+0000][8486.939s][info][gc            ] GC(353) Pause Remark 204M->204M(512M) 2.691ms
[2026-06-17T23:49:30.126+0000][8486.939s][info][gc,cpu        ] GC(353) User=0.02s Sys=0.00s Real=0.00s
[2026-06-17T23:49:30.126+0000][8486.940s][info][gc,marking    ] GC(353) Concurrent Rebuild Remembered Sets
[2026-06-17T23:49:30.131+0000][8486.944s][info][gc,marking    ] GC(353) Concurrent Rebuild Remembered Sets 4.503ms
[2026-06-17T23:49:30.131+0000][8486.944s][info][gc,start      ] GC(353) Pause Cleanup
[2026-06-17T23:49:30.131+0000][8486.945s][info][gc            ] GC(353) Pause Cleanup 205M->205M(512M) 0.250ms
[2026-06-17T23:49:30.131+0000][8486.945s][info][gc,cpu        ] GC(353) User=0.00s Sys=0.00s Real=0.00s
[2026-06-17T23:49:30.132+0000][8486.945s][info][gc,marking    ] GC(353) Concurrent Cleanup for Next Mark
[2026-06-17T23:49:30.132+0000][8486.945s][info][gc,marking    ] GC(353) Concurrent Cleanup for Next Mark 0.297ms
[2026-06-17T23:49:30.132+0000][8486.945s][info][gc            ] GC(353) Concurrent Cycle 16.815ms
[2026-06-17T23:49:31.396+0000][8488.209s][info][gc,start      ] GC(354) Pause Young (Prepare Mixed) (G1 Evacuation Pause)
[2026-06-17T23:49:31.396+0000][8488.209s][info][gc,task       ] GC(354) Using 13 workers of 13 for evacuation
[2026-06-17T23:49:31.398+0000][8488.211s][info][gc,phases     ] GC(354)   Pre Evacuate Collection Set: 0.0ms
[2026-06-17T23:49:31.398+0000][8488.212s][info][gc,phases     ] GC(354)   Evacuate Collection Set: 1.7ms
[2026-06-17T23:49:31.398+0000][8488.212s][info][gc,phases     ] GC(354)   Post Evacuate Collection Set: 0.4ms
[2026-06-17T23:49:31.398+0000][8488.212s][info][gc,phases     ] GC(354)   Other: 0.3ms
[2026-06-17T23:49:31.398+0000][8488.212s][info][gc,heap       ] GC(354) Eden regions: 245->0(21)
[2026-06-17T23:49:31.399+0000][8488.212s][info][gc,heap       ] GC(354) Survivor regions: 7->4(32)
[2026-06-17T23:49:31.399+0000][8488.212s][info][gc,heap       ] GC(354) Old regions: 46->46
[2026-06-17T23:49:31.399+0000][8488.212s][info][gc,heap       ] GC(354) Humongous regions: 147->147
[2026-06-17T23:49:31.399+0000][8488.212s][info][gc,metaspace  ] GC(354) Metaspace: 52333K(55040K)->52333K(55040K) NonClass: 46403K(47872K)->46403K(47872K) Class: 5929K(7168K)->5929K(7168K)
[2026-06-17T23:49:31.399+0000][8488.212s][info][gc            ] GC(354) Pause Young (Prepare Mixed) (G1 Evacuation Pause) 444M->196M(512M) 3.042ms
[2026-06-17T23:49:31.399+0000][8488.212s][info][gc,cpu        ] GC(354) User=0.03s Sys=0.00s Real=0.00s
[2026-06-17T23:49:31.497+0000][8488.310s][info][gc,start      ] GC(355) Pause Young (Mixed) (G1 Evacuation Pause)
[2026-06-17T23:49:31.497+0000][8488.310s][info][gc,task       ] GC(355) Using 13 workers of 13 for evacuation
[2026-06-17T23:49:31.499+0000][8488.313s][info][gc,phases     ] GC(355)   Pre Evacuate Collection Set: 0.0ms
[2026-06-17T23:49:31.500+0000][8488.313s][info][gc,phases     ] GC(355)   Evacuate Collection Set: 2.2ms
[2026-06-17T23:49:31.500+0000][8488.313s][info][gc,phases     ] GC(355)   Post Evacuate Collection Set: 0.3ms
[2026-06-17T23:49:31.500+0000][8488.313s][info][gc,phases     ] GC(355)   Other: 0.3ms
[2026-06-17T23:49:31.500+0000][8488.313s][info][gc,heap       ] GC(355) Eden regions: 21->0(250)
[2026-06-17T23:49:31.500+0000][8488.313s][info][gc,heap       ] GC(355) Survivor regions: 4->3(4)
[2026-06-17T23:49:31.500+0000][8488.313s][info][gc,heap       ] GC(355) Old regions: 46->46
[2026-06-17T23:49:31.500+0000][8488.313s][info][gc,heap       ] GC(355) Humongous regions: 147->147
[2026-06-17T23:49:31.500+0000][8488.313s][info][gc,metaspace  ] GC(355) Metaspace: 52333K(55040K)->52333K(55040K) NonClass: 46403K(47872K)->46403K(47872K) Class: 5929K(7168K)->5929K(7168K)
[2026-06-17T23:49:31.500+0000][8488.313s][info][gc            ] GC(355) Pause Young (Mixed) (G1 Evacuation Pause) 217M->195M(512M) 3.269ms
[2026-06-17T23:49:31.500+0000][8488.313s][info][gc,cpu        ] GC(355) User=0.02s Sys=0.00s Real=0.01s
[2026-06-17T23:50:20.018+0000][8536.833s][info][gc,start      ] GC(356) Pause Young (Normal) (G1 Evacuation Pause)
[2026-06-17T23:50:20.018+0000][8536.833s][info][gc,task       ] GC(356) Using 13 workers of 13 for evacuation
[2026-06-17T23:50:20.020+0000][8536.836s][info][gc,phases     ] GC(356)   Pre Evacuate Collection Set: 0.0ms
[2026-06-17T23:50:20.021+0000][8536.836s][info][gc,phases     ] GC(356)   Evacuate Collection Set: 2.2ms
[2026-06-17T23:50:20.021+0000][8536.836s][info][gc,phases     ] GC(356)   Post Evacuate Collection Set: 0.3ms
[2026-06-17T23:50:20.021+0000][8536.836s][info][gc,phases     ] GC(356)   Other: 0.3ms
[2026-06-17T23:50:20.021+0000][8536.836s][info][gc,heap       ] GC(356) Eden regions: 250->0(244)
[2026-06-17T23:50:20.021+0000][8536.836s][info][gc,heap       ] GC(356) Survivor regions: 3->8(32)
[2026-06-17T23:50:20.021+0000][8536.836s][info][gc,heap       ] GC(356) Old regions: 46->46
[2026-06-17T23:50:20.021+0000][8536.836s][info][gc,heap       ] GC(356) Humongous regions: 147->147
[2026-06-17T23:50:20.021+0000][8536.836s][info][gc,metaspace  ] GC(356) Metaspace: 52354K(55040K)->52354K(55040K) NonClass: 46424K(47872K)->46424K(47872K) Class: 5929K(7168K)->5929K(7168K)
[2026-06-17T23:50:20.021+0000][8536.836s][info][gc            ] GC(356) Pause Young (Normal) (G1 Evacuation Pause) 445M->199M(512M) 3.625ms
[2026-06-17T23:50:20.021+0000][8536.836s][info][gc,cpu        ] GC(356) User=0.02s Sys=0.00s Real=0.00s
[2026-06-17T23:50:21.526+0000][8538.341s][info][gc,start      ] GC(357) Pause Young (Normal) (G1 Evacuation Pause)
[2026-06-17T23:50:21.526+0000][8538.341s][info][gc,task       ] GC(357) Using 13 workers of 13 for evacuation
[2026-06-17T23:50:21.528+0000][8538.343s][info][gc,phases     ] GC(357)   Pre Evacuate Collection Set: 0.0ms
[2026-06-17T23:50:21.528+0000][8538.343s][info][gc,phases     ] GC(357)   Evacuate Collection Set: 1.3ms
[2026-06-17T23:50:21.528+0000][8538.343s][info][gc,phases     ] GC(357)   Post Evacuate Collection Set: 0.3ms
[2026-06-17T23:50:21.528+0000][8538.343s][info][gc,phases     ] GC(357)   Other: 0.2ms
[2026-06-17T23:50:21.528+0000][8538.343s][info][gc,heap       ] GC(357) Eden regions: 244->0(249)
[2026-06-17T23:50:21.528+0000][8538.343s][info][gc,heap       ] GC(357) Survivor regions: 8->5(32)
[2026-06-17T23:50:21.528+0000][8538.343s][info][gc,heap       ] GC(357) Old regions: 46->46
[2026-06-17T23:50:21.528+0000][8538.343s][info][gc,heap       ] GC(357) Humongous regions: 147->147
[2026-06-17T23:50:21.528+0000][8538.343s][info][gc,metaspace  ] GC(357) Metaspace: 52354K(55040K)->52354K(55040K) NonClass: 46424K(47872K)->46424K(47872K) Class: 5929K(7168K)->5929K(7168K)
[2026-06-17T23:50:21.528+0000][8538.343s][info][gc            ] GC(357) Pause Young (Normal) (G1 Evacuation Pause) 443M->197M(512M) 2.449ms
[2026-06-17T23:50:21.528+0000][8538.344s][info][gc,cpu        ] GC(357) User=0.01s Sys=0.00s Real=0.01s
[2026-06-17T23:50:22.841+0000][8539.657s][info][gc,start      ] GC(358) Pause Young (Concurrent Start) (G1 Evacuation Pause)
[2026-06-17T23:50:22.842+0000][8539.657s][info][gc,task       ] GC(358) Using 13 workers of 13 for evacuation
[2026-06-17T23:50:22.844+0000][8539.660s][info][gc,phases     ] GC(358)   Pre Evacuate Collection Set: 0.3ms
[2026-06-17T23:50:22.845+0000][8539.660s][info][gc,phases     ] GC(358)   Evacuate Collection Set: 2.1ms
[2026-06-17T23:50:22.845+0000][8539.660s][info][gc,phases     ] GC(358)   Post Evacuate Collection Set: 0.3ms
[2026-06-17T23:50:22.845+0000][8539.660s][info][gc,phases     ] GC(358)   Other: 0.3ms
[2026-06-17T23:50:22.845+0000][8539.660s][info][gc,heap       ] GC(358) Eden regions: 249->0(242)
[2026-06-17T23:50:22.845+0000][8539.660s][info][gc,heap       ] GC(358) Survivor regions: 5->10(32)
[2026-06-17T23:50:22.845+0000][8539.660s][info][gc,heap       ] GC(358) Old regions: 46->46
[2026-06-17T23:50:22.845+0000][8539.660s][info][gc,heap       ] GC(358) Humongous regions: 147->147
[2026-06-17T23:50:22.845+0000][8539.660s][info][gc,metaspace  ] GC(358) Metaspace: 52354K(55040K)->52354K(55040K) NonClass: 46424K(47872K)->46424K(47872K) Class: 5929K(7168K)->5929K(7168K)
[2026-06-17T23:50:22.845+0000][8539.660s][info][gc            ] GC(358) Pause Young (Concurrent Start) (G1 Evacuation Pause) 446M->202M(512M) 3.437ms
[2026-06-17T23:50:22.845+0000][8539.660s][info][gc,cpu        ] GC(358) User=0.02s Sys=0.00s Real=0.00s
[2026-06-17T23:50:22.845+0000][8539.660s][info][gc            ] GC(359) Concurrent Cycle
[2026-06-17T23:50:22.845+0000][8539.660s][info][gc,marking    ] GC(359) Concurrent Clear Claimed Marks
[2026-06-17T23:50:22.845+0000][8539.660s][info][gc,marking    ] GC(359) Concurrent Clear Claimed Marks 0.168ms
[2026-06-17T23:50:22.845+0000][8539.661s][info][gc,marking    ] GC(359) Concurrent Scan Root Regions
[2026-06-17T23:50:22.847+0000][8539.662s][info][gc,marking    ] GC(359) Concurrent Scan Root Regions 1.367ms
[2026-06-17T23:50:22.847+0000][8539.662s][info][gc,marking    ] GC(359) Concurrent Mark (8539.662s)
[2026-06-17T23:50:22.847+0000][8539.662s][info][gc,marking    ] GC(359) Concurrent Mark From Roots
[2026-06-17T23:50:22.847+0000][8539.662s][info][gc,task       ] GC(359) Using 3 workers of 3 for marking
[2026-06-17T23:50:22.852+0000][8539.667s][info][gc,marking    ] GC(359) Concurrent Mark From Roots 5.143ms
[2026-06-17T23:50:22.852+0000][8539.667s][info][gc,marking    ] GC(359) Concurrent Preclean
[2026-06-17T23:50:22.852+0000][8539.667s][info][gc,marking    ] GC(359) Concurrent Preclean 0.189ms
[2026-06-17T23:50:22.852+0000][8539.668s][info][gc,marking    ] GC(359) Concurrent Mark (8539.662s, 8539.668s) 5.516ms
[2026-06-17T23:50:22.852+0000][8539.668s][info][gc,start      ] GC(359) Pause Remark
[2026-06-17T23:50:22.855+0000][8539.670s][info][gc,stringtable] GC(359) Cleaned string and symbol table, strings: 17286 processed, 0 removed, symbols: 125075 processed, 1 removed
[2026-06-17T23:50:22.855+0000][8539.670s][info][gc            ] GC(359) Pause Remark 206M->206M(512M) 2.477ms
[2026-06-17T23:50:22.855+0000][8539.670s][info][gc,cpu        ] GC(359) User=0.02s Sys=0.00s Real=0.00s
[2026-06-17T23:50:22.855+0000][8539.670s][info][gc,marking    ] GC(359) Concurrent Rebuild Remembered Sets
[2026-06-17T23:50:22.859+0000][8539.674s][info][gc,marking    ] GC(359) Concurrent Rebuild Remembered Sets 3.495ms
[2026-06-17T23:50:22.859+0000][8539.674s][info][gc,start      ] GC(359) Pause Cleanup
[2026-06-17T23:50:22.859+0000][8539.674s][info][gc            ] GC(359) Pause Cleanup 207M->207M(512M) 0.208ms
[2026-06-17T23:50:22.859+0000][8539.674s][info][gc,cpu        ] GC(359) User=0.00s Sys=0.00s Real=0.00s
[2026-06-17T23:50:22.859+0000][8539.674s][info][gc,marking    ] GC(359) Concurrent Cleanup for Next Mark
[2026-06-17T23:50:22.859+0000][8539.675s][info][gc,marking    ] GC(359) Concurrent Cleanup for Next Mark 0.135ms
[2026-06-17T23:50:22.859+0000][8539.675s][info][gc            ] GC(359) Concurrent Cycle 14.360ms
[2026-06-17T23:50:24.056+0000][8540.871s][info][gc,start      ] GC(360) Pause Young (Prepare Mixed) (G1 Evacuation Pause)
[2026-06-17T23:50:24.056+0000][8540.871s][info][gc,task       ] GC(360) Using 13 workers of 13 for evacuation
[2026-06-17T23:50:24.058+0000][8540.873s][info][gc,phases     ] GC(360)   Pre Evacuate Collection Set: 0.0ms
[2026-06-17T23:50:24.058+0000][8540.873s][info][gc,phases     ] GC(360)   Evacuate Collection Set: 1.6ms
[2026-06-17T23:50:24.058+0000][8540.873s][info][gc,phases     ] GC(360)   Post Evacuate Collection Set: 0.4ms
[2026-06-17T23:50:24.058+0000][8540.873s][info][gc,phases     ] GC(360)   Other: 0.3ms
[2026-06-17T23:50:24.058+0000][8540.873s][info][gc,heap       ] GC(360) Eden regions: 242->0(18)
[2026-06-17T23:50:24.058+0000][8540.873s][info][gc,heap       ] GC(360) Survivor regions: 10->7(32)
[2026-06-17T23:50:24.058+0000][8540.874s][info][gc,heap       ] GC(360) Old regions: 46->46
[2026-06-17T23:50:24.058+0000][8540.874s][info][gc,heap       ] GC(360) Humongous regions: 147->147
[2026-06-17T23:50:24.058+0000][8540.874s][info][gc,metaspace  ] GC(360) Metaspace: 52354K(55040K)->52354K(55040K) NonClass: 46424K(47872K)->46424K(47872K) Class: 5929K(7168K)->5929K(7168K)
[2026-06-17T23:50:24.058+0000][8540.874s][info][gc            ] GC(360) Pause Young (Prepare Mixed) (G1 Evacuation Pause) 444M->199M(512M) 2.775ms
[2026-06-17T23:50:24.059+0000][8540.874s][info][gc,cpu        ] GC(360) User=0.02s Sys=0.00s Real=0.01s
[2026-06-17T23:51:01.481+0000][8578.295s][info][gc,start      ] GC(361) Pause Young (Mixed) (G1 Evacuation Pause)
[2026-06-17T23:51:01.481+0000][8578.295s][info][gc,task       ] GC(361) Using 13 workers of 13 for evacuation
[2026-06-17T23:51:01.496+0000][8578.310s][info][gc,phases     ] GC(361)   Pre Evacuate Collection Set: 0.0ms
[2026-06-17T23:51:01.496+0000][8578.310s][info][gc,phases     ] GC(361)   Evacuate Collection Set: 13.6ms
[2026-06-17T23:51:01.496+0000][8578.310s][info][gc,phases     ] GC(361)   Post Evacuate Collection Set: 0.4ms
[2026-06-17T23:51:01.496+0000][8578.310s][info][gc,phases     ] GC(361)   Other: 0.9ms
[2026-06-17T23:51:01.496+0000][8578.310s][info][gc,heap       ] GC(361) Eden regions: 18->0(246)
[2026-06-17T23:51:01.496+0000][8578.310s][info][gc,heap       ] GC(361) Survivor regions: 7->2(4)
[2026-06-17T23:51:01.496+0000][8578.310s][info][gc,heap       ] GC(361) Old regions: 46->51
[2026-06-17T23:51:01.496+0000][8578.310s][info][gc,heap       ] GC(361) Humongous regions: 147->147
[2026-06-17T23:51:01.497+0000][8578.310s][info][gc,metaspace  ] GC(361) Metaspace: 52356K(55040K)->52356K(55040K) NonClass: 46426K(47872K)->46426K(47872K) Class: 5929K(7168K)->5929K(7168K)
[2026-06-17T23:51:01.497+0000][8578.310s][info][gc            ] GC(361) Pause Young (Mixed) (G1 Evacuation Pause) 217M->198M(512M) 15.701ms
[2026-06-17T23:51:01.497+0000][8578.310s][info][gc,cpu        ] GC(361) User=0.08s Sys=0.00s Real=0.01s
[2026-06-17T23:51:12.723+0000][8589.536s][info][gc,start      ] GC(362) Pause Young (Normal) (G1 Evacuation Pause)
[2026-06-17T23:51:12.723+0000][8589.537s][info][gc,task       ] GC(362) Using 13 workers of 13 for evacuation
[2026-06-17T23:51:12.725+0000][8589.539s][info][gc,phases     ] GC(362)   Pre Evacuate Collection Set: 0.0ms
[2026-06-17T23:51:12.725+0000][8589.539s][info][gc,phases     ] GC(362)   Evacuate Collection Set: 2.2ms
[2026-06-17T23:51:12.726+0000][8589.539s][info][gc,phases     ] GC(362)   Post Evacuate Collection Set: 0.3ms
[2026-06-17T23:51:12.726+0000][8589.539s][info][gc,phases     ] GC(362)   Other: 0.3ms
[2026-06-17T23:51:12.726+0000][8589.539s][info][gc,heap       ] GC(362) Eden regions: 246->0(238)
[2026-06-17T23:51:12.726+0000][8589.539s][info][gc,heap       ] GC(362) Survivor regions: 2->8(31)
[2026-06-17T23:51:12.726+0000][8589.540s][info][gc,heap       ] GC(362) Old regions: 51->51
[2026-06-17T23:51:12.726+0000][8589.540s][info][gc,heap       ] GC(362) Humongous regions: 147->147
[2026-06-17T23:51:12.726+0000][8589.540s][info][gc,metaspace  ] GC(362) Metaspace: 52365K(55040K)->52365K(55040K) NonClass: 46436K(47872K)->46436K(47872K) Class: 5929K(7168K)->5929K(7168K)
[2026-06-17T23:51:12.726+0000][8589.540s][info][gc            ] GC(362) Pause Young (Normal) (G1 Evacuation Pause) 444M->205M(512M) 3.251ms
[2026-06-17T23:51:12.726+0000][8589.540s][info][gc,cpu        ] GC(362) User=0.02s Sys=0.00s Real=0.00s
[2026-06-17T23:51:14.009+0000][8590.823s][info][gc,start      ] GC(363) Pause Young (Normal) (G1 Evacuation Pause)
[2026-06-17T23:51:14.009+0000][8590.823s][info][gc,task       ] GC(363) Using 13 workers of 13 for evacuation
[2026-06-17T23:51:14.012+0000][8590.825s][info][gc,phases     ] GC(363)   Pre Evacuate Collection Set: 0.0ms
[2026-06-17T23:51:14.012+0000][8590.826s][info][gc,phases     ] GC(363)   Evacuate Collection Set: 1.9ms
[2026-06-17T23:51:14.012+0000][8590.826s][info][gc,phases     ] GC(363)   Post Evacuate Collection Set: 0.3ms
[2026-06-17T23:51:14.012+0000][8590.826s][info][gc,phases     ] GC(363)   Other: 0.3ms
[2026-06-17T23:51:14.012+0000][8590.826s][info][gc,heap       ] GC(363) Eden regions: 238->0(239)
[2026-06-17T23:51:14.012+0000][8590.826s][info][gc,heap       ] GC(363) Survivor regions: 8->6(31)
[2026-06-17T23:51:14.012+0000][8590.826s][info][gc,heap       ] GC(363) Old regions: 51->51
[2026-06-17T23:51:14.012+0000][8590.826s][info][gc,heap       ] GC(363) Humongous regions: 147->147
[2026-06-17T23:51:14.012+0000][8590.826s][info][gc,metaspace  ] GC(363) Metaspace: 52365K(55040K)->52365K(55040K) NonClass: 46436K(47872K)->46436K(47872K) Class: 5929K(7168K)->5929K(7168K)
[2026-06-17T23:51:14.012+0000][8590.826s][info][gc            ] GC(363) Pause Young (Normal) (G1 Evacuation Pause) 443M->203M(512M) 3.134ms
[2026-06-17T23:51:14.012+0000][8590.826s][info][gc,cpu        ] GC(363) User=0.02s Sys=0.00s Real=0.00s
[2026-06-17T23:51:15.221+0000][8592.035s][info][gc,start      ] GC(364) Pause Young (Concurrent Start) (G1 Evacuation Pause)
[2026-06-17T23:51:15.221+0000][8592.035s][info][gc,task       ] GC(364) Using 13 workers of 13 for evacuation
[2026-06-17T23:51:15.231+0000][8592.045s][info][gc,phases     ] GC(364)   Pre Evacuate Collection Set: 0.3ms
[2026-06-17T23:51:15.231+0000][8592.045s][info][gc,phases     ] GC(364)   Evacuate Collection Set: 8.8ms
[2026-06-17T23:51:15.231+0000][8592.045s][info][gc,phases     ] GC(364)   Post Evacuate Collection Set: 0.3ms
[2026-06-17T23:51:15.231+0000][8592.045s][info][gc,phases     ] GC(364)   Other: 0.3ms
[2026-06-17T23:51:15.231+0000][8592.045s][info][gc,heap       ] GC(364) Eden regions: 239->0(242)
[2026-06-17T23:51:15.231+0000][8592.045s][info][gc,heap       ] GC(364) Survivor regions: 6->4(31)
[2026-06-17T23:51:15.231+0000][8592.045s][info][gc,heap       ] GC(364) Old regions: 51->51
[2026-06-17T23:51:15.231+0000][8592.045s][info][gc,heap       ] GC(364) Humongous regions: 147->147
[2026-06-17T23:51:15.231+0000][8592.045s][info][gc,metaspace  ] GC(364) Metaspace: 52367K(55040K)->52367K(55040K) NonClass: 46437K(47872K)->46437K(47872K) Class: 5929K(7168K)->5929K(7168K)
[2026-06-17T23:51:15.231+0000][8592.045s][info][gc            ] GC(364) Pause Young (Concurrent Start) (G1 Evacuation Pause) 442M->200M(512M) 10.272ms
[2026-06-17T23:51:15.231+0000][8592.045s][info][gc,cpu        ] GC(364) User=0.08s Sys=0.00s Real=0.01s
[2026-06-17T23:51:15.231+0000][8592.045s][info][gc            ] GC(365) Concurrent Cycle
[2026-06-17T23:51:15.232+0000][8592.045s][info][gc,marking    ] GC(365) Concurrent Clear Claimed Marks
[2026-06-17T23:51:15.232+0000][8592.046s][info][gc,marking    ] GC(365) Concurrent Clear Claimed Marks 0.252ms
[2026-06-17T23:51:15.232+0000][8592.046s][info][gc,marking    ] GC(365) Concurrent Scan Root Regions
[2026-06-17T23:51:15.233+0000][8592.046s][info][gc,marking    ] GC(365) Concurrent Scan Root Regions 0.836ms
[2026-06-17T23:51:15.233+0000][8592.047s][info][gc,marking    ] GC(365) Concurrent Mark (8592.047s)
[2026-06-17T23:51:15.233+0000][8592.047s][info][gc,marking    ] GC(365) Concurrent Mark From Roots
[2026-06-17T23:51:15.233+0000][8592.047s][info][gc,task       ] GC(365) Using 3 workers of 3 for marking
[2026-06-17T23:51:15.238+0000][8592.052s][info][gc,marking    ] GC(365) Concurrent Mark From Roots 5.336ms
[2026-06-17T23:51:15.238+0000][8592.052s][info][gc,marking    ] GC(365) Concurrent Preclean
[2026-06-17T23:51:15.238+0000][8592.052s][info][gc,marking    ] GC(365) Concurrent Preclean 0.200ms
[2026-06-17T23:51:15.239+0000][8592.052s][info][gc,marking    ] GC(365) Concurrent Mark (8592.047s, 8592.052s) 5.778ms
[2026-06-17T23:51:15.239+0000][8592.052s][info][gc,start      ] GC(365) Pause Remark
[2026-06-17T23:51:15.241+0000][8592.055s][info][gc,stringtable] GC(365) Cleaned string and symbol table, strings: 17300 processed, 0 removed, symbols: 125074 processed, 0 removed
[2026-06-17T23:51:15.241+0000][8592.055s][info][gc            ] GC(365) Pause Remark 205M->205M(512M) 2.559ms
[2026-06-17T23:51:15.241+0000][8592.055s][info][gc,cpu        ] GC(365) User=0.02s Sys=0.01s Real=0.01s
[2026-06-17T23:51:15.242+0000][8592.055s][info][gc,marking    ] GC(365) Concurrent Rebuild Remembered Sets
[2026-06-17T23:51:15.246+0000][8592.060s][info][gc,marking    ] GC(365) Concurrent Rebuild Remembered Sets 4.358ms
[2026-06-17T23:51:15.246+0000][8592.060s][info][gc,start      ] GC(365) Pause Cleanup
[2026-06-17T23:51:15.246+0000][8592.060s][info][gc            ] GC(365) Pause Cleanup 205M->205M(512M) 0.176ms
[2026-06-17T23:51:15.246+0000][8592.060s][info][gc,cpu        ] GC(365) User=0.00s Sys=0.00s Real=0.00s
[2026-06-17T23:51:15.246+0000][8592.060s][info][gc,marking    ] GC(365) Concurrent Cleanup for Next Mark
[2026-06-17T23:51:15.246+0000][8592.060s][info][gc,marking    ] GC(365) Concurrent Cleanup for Next Mark 0.129ms
[2026-06-17T23:51:15.247+0000][8592.060s][info][gc            ] GC(365) Concurrent Cycle 15.120ms
[2026-06-17T23:52:03.578+0000][8640.391s][info][gc,start      ] GC(366) Pause Young (Prepare Mixed) (G1 Evacuation Pause)
[2026-06-17T23:52:03.578+0000][8640.391s][info][gc,task       ] GC(366) Using 13 workers of 13 for evacuation
[2026-06-17T23:52:03.583+0000][8640.396s][info][gc,phases     ] GC(366)   Pre Evacuate Collection Set: 0.0ms
[2026-06-17T23:52:03.583+0000][8640.396s][info][gc,phases     ] GC(366)   Evacuate Collection Set: 4.4ms
[2026-06-17T23:52:03.583+0000][8640.396s][info][gc,phases     ] GC(366)   Post Evacuate Collection Set: 0.4ms
[2026-06-17T23:52:03.583+0000][8640.396s][info][gc,phases     ] GC(366)   Other: 0.3ms
[2026-06-17T23:52:03.583+0000][8640.397s][info][gc,heap       ] GC(366) Eden regions: 242->0(18)
[2026-06-17T23:52:03.583+0000][8640.397s][info][gc,heap       ] GC(366) Survivor regions: 4->7(31)
[2026-06-17T23:52:03.583+0000][8640.397s][info][gc,heap       ] GC(366) Old regions: 51->51
[2026-06-17T23:52:03.583+0000][8640.397s][info][gc,heap       ] GC(366) Humongous regions: 147->147
[2026-06-17T23:52:03.584+0000][8640.397s][info][gc,metaspace  ] GC(366) Metaspace: 52379K(55040K)->52379K(55040K) NonClass: 46449K(47872K)->46449K(47872K) Class: 5929K(7168K)->5929K(7168K)
[2026-06-17T23:52:03.584+0000][8640.397s][info][gc            ] GC(366) Pause Young (Prepare Mixed) (G1 Evacuation Pause) 442M->203M(512M) 5.693ms
[2026-06-17T23:52:03.584+0000][8640.397s][info][gc,cpu        ] GC(366) User=0.05s Sys=0.00s Real=0.01s
[2026-06-17T23:52:03.705+0000][8640.518s][info][gc,start      ] GC(367) Pause Young (Mixed) (G1 Evacuation Pause)
[2026-06-17T23:52:03.705+0000][8640.518s][info][gc,task       ] GC(367) Using 13 workers of 13 for evacuation
[2026-06-17T23:52:03.709+0000][8640.522s][info][gc,phases     ] GC(367)   Pre Evacuate Collection Set: 0.0ms
[2026-06-17T23:52:03.709+0000][8640.522s][info][gc,phases     ] GC(367)   Evacuate Collection Set: 3.5ms
[2026-06-17T23:52:03.709+0000][8640.522s][info][gc,phases     ] GC(367)   Post Evacuate Collection Set: 0.3ms
[2026-06-17T23:52:03.709+0000][8640.522s][info][gc,phases     ] GC(367)   Other: 0.4ms
[2026-06-17T23:52:03.709+0000][8640.523s][info][gc,heap       ] GC(367) Eden regions: 18->0(244)
[2026-06-17T23:52:03.709+0000][8640.523s][info][gc,heap       ] GC(367) Survivor regions: 7->2(4)
[2026-06-17T23:52:03.709+0000][8640.523s][info][gc,heap       ] GC(367) Old regions: 51->50
[2026-06-17T23:52:03.709+0000][8640.523s][info][gc,heap       ] GC(367) Humongous regions: 147->147
[2026-06-17T23:52:03.710+0000][8640.523s][info][gc,metaspace  ] GC(367) Metaspace: 52379K(55040K)->52379K(55040K) NonClass: 46449K(47872K)->46449K(47872K) Class: 5929K(7168K)->5929K(7168K)
[2026-06-17T23:52:03.710+0000][8640.523s][info][gc            ] GC(367) Pause Young (Mixed) (G1 Evacuation Pause) 221M->197M(512M) 4.804ms
[2026-06-17T23:52:03.710+0000][8640.523s][info][gc,cpu        ] GC(367) User=0.03s Sys=0.00s Real=0.01s
[2026-06-17T23:52:05.242+0000][8642.055s][info][gc,start      ] GC(368) Pause Young (Normal) (G1 Evacuation Pause)
[2026-06-17T23:52:05.242+0000][8642.055s][info][gc,task       ] GC(368) Using 13 workers of 13 for evacuation
[2026-06-17T23:52:05.244+0000][8642.057s][info][gc,phases     ] GC(368)   Pre Evacuate Collection Set: 0.0ms
[2026-06-17T23:52:05.244+0000][8642.057s][info][gc,phases     ] GC(368)   Evacuate Collection Set: 1.2ms
[2026-06-17T23:52:05.244+0000][8642.057s][info][gc,phases     ] GC(368)   Post Evacuate Collection Set: 0.3ms
[2026-06-17T23:52:05.244+0000][8642.057s][info][gc,phases     ] GC(368)   Other: 0.3ms
[2026-06-17T23:52:05.244+0000][8642.057s][info][gc,heap       ] GC(368) Eden regions: 244->0(244)
[2026-06-17T23:52:05.244+0000][8642.057s][info][gc,heap       ] GC(368) Survivor regions: 2->4(31)
[2026-06-17T23:52:05.244+0000][8642.057s][info][gc,heap       ] GC(368) Old regions: 50->50
[2026-06-17T23:52:05.244+0000][8642.057s][info][gc,heap       ] GC(368) Humongous regions: 147->147
[2026-06-17T23:52:05.244+0000][8642.057s][info][gc,metaspace  ] GC(368) Metaspace: 52379K(55040K)->52379K(55040K) NonClass: 46449K(47872K)->46449K(47872K) Class: 5929K(7168K)->5929K(7168K)
[2026-06-17T23:52:05.244+0000][8642.057s][info][gc            ] GC(368) Pause Young (Normal) (G1 Evacuation Pause) 441M->199M(512M) 2.436ms
[2026-06-17T23:52:05.244+0000][8642.058s][info][gc,cpu        ] GC(368) User=0.01s Sys=0.00s Real=0.00s
[2026-06-17T23:52:06.548+0000][8643.361s][info][gc,start      ] GC(369) Pause Young (Normal) (G1 Evacuation Pause)
[2026-06-17T23:52:06.548+0000][8643.361s][info][gc,task       ] GC(369) Using 13 workers of 13 for evacuation
[2026-06-17T23:52:06.550+0000][8643.363s][info][gc,phases     ] GC(369)   Pre Evacuate Collection Set: 0.0ms
[2026-06-17T23:52:06.550+0000][8643.363s][info][gc,phases     ] GC(369)   Evacuate Collection Set: 1.3ms
[2026-06-17T23:52:06.550+0000][8643.363s][info][gc,phases     ] GC(369)   Post Evacuate Collection Set: 0.3ms
[2026-06-17T23:52:06.550+0000][8643.363s][info][gc,phases     ] GC(369)   Other: 0.4ms
[2026-06-17T23:52:06.550+0000][8643.363s][info][gc,heap       ] GC(369) Eden regions: 244->0(247)
[2026-06-17T23:52:06.550+0000][8643.363s][info][gc,heap       ] GC(369) Survivor regions: 4->2(31)
[2026-06-17T23:52:06.550+0000][8643.363s][info][gc,heap       ] GC(369) Old regions: 50->50
[2026-06-17T23:52:06.550+0000][8643.363s][info][gc,heap       ] GC(369) Humongous regions: 147->147
[2026-06-17T23:52:06.550+0000][8643.363s][info][gc,metaspace  ] GC(369) Metaspace: 52379K(55040K)->52379K(55040K) NonClass: 46449K(47872K)->46449K(47872K) Class: 5929K(7168K)->5929K(7168K)
[2026-06-17T23:52:06.550+0000][8643.364s][info][gc            ] GC(369) Pause Young (Normal) (G1 Evacuation Pause) 443M->198M(512M) 2.658ms
[2026-06-17T23:52:06.550+0000][8643.364s][info][gc,cpu        ] GC(369) User=0.01s Sys=0.00s Real=0.01s
[2026-06-17T23:52:07.841+0000][8644.655s][info][gc,start      ] GC(370) Pause Young (Concurrent Start) (G1 Evacuation Pause)
[2026-06-17T23:52:07.842+0000][8644.655s][info][gc,task       ] GC(370) Using 13 workers of 13 for evacuation
[2026-06-17T23:52:07.845+0000][8644.658s][info][gc,phases     ] GC(370)   Pre Evacuate Collection Set: 0.3ms
[2026-06-17T23:52:07.845+0000][8644.659s][info][gc,phases     ] GC(370)   Evacuate Collection Set: 2.8ms
[2026-06-17T23:52:07.845+0000][8644.659s][info][gc,phases     ] GC(370)   Post Evacuate Collection Set: 0.4ms
[2026-06-17T23:52:07.846+0000][8644.659s][info][gc,phases     ] GC(370)   Other: 0.4ms
[2026-06-17T23:52:07.846+0000][8644.659s][info][gc,heap       ] GC(370) Eden regions: 247->0(244)
[2026-06-17T23:52:07.846+0000][8644.659s][info][gc,heap       ] GC(370) Survivor regions: 2->6(32)
[2026-06-17T23:52:07.846+0000][8644.659s][info][gc,heap       ] GC(370) Old regions: 50->50
[2026-06-17T23:52:07.846+0000][8644.659s][info][gc,heap       ] GC(370) Humongous regions: 147->147
[2026-06-17T23:52:07.846+0000][8644.659s][info][gc,metaspace  ] GC(370) Metaspace: 52379K(55040K)->52379K(55040K) NonClass: 46449K(47872K)->46449K(47872K) Class: 5929K(7168K)->5929K(7168K)
[2026-06-17T23:52:07.846+0000][8644.659s][info][gc            ] GC(370) Pause Young (Concurrent Start) (G1 Evacuation Pause) 445M->201M(512M) 4.715ms
[2026-06-17T23:52:07.846+0000][8644.659s][info][gc,cpu        ] GC(370) User=0.03s Sys=0.00s Real=0.00s
[2026-06-17T23:52:07.846+0000][8644.660s][info][gc            ] GC(371) Concurrent Cycle
[2026-06-17T23:52:07.847+0000][8644.660s][info][gc,marking    ] GC(371) Concurrent Clear Claimed Marks
[2026-06-17T23:52:07.847+0000][8644.660s][info][gc,marking    ] GC(371) Concurrent Clear Claimed Marks 0.441ms
[2026-06-17T23:52:07.847+0000][8644.661s][info][gc,marking    ] GC(371) Concurrent Scan Root Regions
[2026-06-17T23:52:07.849+0000][8644.662s][info][gc,marking    ] GC(371) Concurrent Scan Root Regions 1.652ms
[2026-06-17T23:52:07.849+0000][8644.662s][info][gc,marking    ] GC(371) Concurrent Mark (8644.662s)
[2026-06-17T23:52:07.849+0000][8644.662s][info][gc,marking    ] GC(371) Concurrent Mark From Roots
[2026-06-17T23:52:07.849+0000][8644.663s][info][gc,task       ] GC(371) Using 3 workers of 3 for marking
[2026-06-17T23:52:07.856+0000][8644.669s][info][gc,marking    ] GC(371) Concurrent Mark From Roots 6.292ms
[2026-06-17T23:52:07.856+0000][8644.669s][info][gc,marking    ] GC(371) Concurrent Preclean
[2026-06-17T23:52:07.856+0000][8644.669s][info][gc,marking    ] GC(371) Concurrent Preclean 0.247ms
[2026-06-17T23:52:07.856+0000][8644.669s][info][gc,marking    ] GC(371) Concurrent Mark (8644.662s, 8644.669s) 6.953ms
[2026-06-17T23:52:07.856+0000][8644.670s][info][gc,start      ] GC(371) Pause Remark
[2026-06-17T23:52:07.859+0000][8644.672s][info][gc,stringtable] GC(371) Cleaned string and symbol table, strings: 17304 processed, 0 removed, symbols: 125074 processed, 0 removed
[2026-06-17T23:52:07.859+0000][8644.673s][info][gc            ] GC(371) Pause Remark 205M->205M(512M) 3.105ms
[2026-06-17T23:52:07.860+0000][8644.673s][info][gc,cpu        ] GC(371) User=0.02s Sys=0.00s Real=0.01s
[2026-06-17T23:52:07.860+0000][8644.673s][info][gc,marking    ] GC(371) Concurrent Rebuild Remembered Sets
[2026-06-17T23:52:07.864+0000][8644.677s][info][gc,marking    ] GC(371) Concurrent Rebuild Remembered Sets 4.303ms
[2026-06-17T23:52:07.865+0000][8644.678s][info][gc,start      ] GC(371) Pause Cleanup
[2026-06-17T23:52:07.865+0000][8644.679s][info][gc            ] GC(371) Pause Cleanup 207M->207M(512M) 0.753ms
[2026-06-17T23:52:07.866+0000][8644.679s][info][gc,cpu        ] GC(371) User=0.00s Sys=0.00s Real=0.00s
[2026-06-17T23:52:07.866+0000][8644.679s][info][gc,marking    ] GC(371) Concurrent Cleanup for Next Mark
[2026-06-17T23:52:07.867+0000][8644.680s][info][gc,marking    ] GC(371) Concurrent Cleanup for Next Mark 0.968ms
[2026-06-17T23:52:07.867+0000][8644.680s][info][gc            ] GC(371) Concurrent Cycle 20.827ms
[2026-06-17T23:52:56.572+0000][8693.385s][info][gc,start      ] GC(372) Pause Young (Prepare Mixed) (G1 Evacuation Pause)
[2026-06-17T23:52:56.572+0000][8693.385s][info][gc,task       ] GC(372) Using 13 workers of 13 for evacuation
[2026-06-17T23:52:56.574+0000][8693.387s][info][gc,phases     ] GC(372)   Pre Evacuate Collection Set: 0.0ms
[2026-06-17T23:52:56.574+0000][8693.387s][info][gc,phases     ] GC(372)   Evacuate Collection Set: 1.4ms
[2026-06-17T23:52:56.574+0000][8693.387s][info][gc,phases     ] GC(372)   Post Evacuate Collection Set: 0.3ms
[2026-06-17T23:52:56.574+0000][8693.387s][info][gc,phases     ] GC(372)   Other: 0.3ms
[2026-06-17T23:52:56.574+0000][8693.387s][info][gc,heap       ] GC(372) Eden regions: 244->0(22)
[2026-06-17T23:52:56.574+0000][8693.387s][info][gc,heap       ] GC(372) Survivor regions: 6->3(32)
[2026-06-17T23:52:56.574+0000][8693.388s][info][gc,heap       ] GC(372) Old regions: 50->50
[2026-06-17T23:52:56.574+0000][8693.388s][info][gc,heap       ] GC(372) Humongous regions: 147->147
[2026-06-17T23:52:56.574+0000][8693.388s][info][gc,metaspace  ] GC(372) Metaspace: 52387K(55040K)->52387K(55040K) NonClass: 46457K(47872K)->46457K(47872K) Class: 5929K(7168K)->5929K(7168K)
[2026-06-17T23:52:56.574+0000][8693.388s][info][gc            ] GC(372) Pause Young (Prepare Mixed) (G1 Evacuation Pause) 445M->199M(512M) 2.624ms
[2026-06-17T23:52:56.574+0000][8693.388s][info][gc,cpu        ] GC(372) User=0.02s Sys=0.00s Real=0.00s
[2026-06-17T23:52:56.737+0000][8693.550s][info][gc,start      ] GC(373) Pause Young (Mixed) (G1 Evacuation Pause)
[2026-06-17T23:52:56.737+0000][8693.550s][info][gc,task       ] GC(373) Using 13 workers of 13 for evacuation
[2026-06-17T23:52:56.740+0000][8693.554s][info][gc,phases     ] GC(373)   Pre Evacuate Collection Set: 0.0ms
[2026-06-17T23:52:56.740+0000][8693.554s][info][gc,phases     ] GC(373)   Evacuate Collection Set: 2.9ms
[2026-06-17T23:52:56.741+0000][8693.554s][info][gc,phases     ] GC(373)   Post Evacuate Collection Set: 0.3ms
[2026-06-17T23:52:56.741+0000][8693.554s][info][gc,phases     ] GC(373)   Other: 0.3ms
[2026-06-17T23:52:56.741+0000][8693.554s][info][gc,heap       ] GC(373) Eden regions: 22->0(250)
[2026-06-17T23:52:56.741+0000][8693.554s][info][gc,heap       ] GC(373) Survivor regions: 3->4(4)
[2026-06-17T23:52:56.741+0000][8693.554s][info][gc,heap       ] GC(373) Old regions: 50->45
[2026-06-17T23:52:56.741+0000][8693.554s][info][gc,heap       ] GC(373) Humongous regions: 147->147
[2026-06-17T23:52:56.741+0000][8693.554s][info][gc,metaspace  ] GC(373) Metaspace: 52387K(55040K)->52387K(55040K) NonClass: 46457K(47872K)->46457K(47872K) Class: 5929K(7168K)->5929K(7168K)
[2026-06-17T23:52:56.741+0000][8693.554s][info][gc            ] GC(373) Pause Young (Mixed) (G1 Evacuation Pause) 221M->194M(512M) 4.237ms
[2026-06-17T23:52:56.741+0000][8693.554s][info][gc,cpu        ] GC(373) User=0.04s Sys=0.00s Real=0.01s
[2026-06-17T23:52:58.281+0000][8695.095s][info][gc,start      ] GC(374) Pause Young (Normal) (G1 Evacuation Pause)
[2026-06-17T23:52:58.282+0000][8695.095s][info][gc,task       ] GC(374) Using 13 workers of 13 for evacuation
[2026-06-17T23:52:58.284+0000][8695.097s][info][gc,phases     ] GC(374)   Pre Evacuate Collection Set: 0.0ms
[2026-06-17T23:52:58.284+0000][8695.097s][info][gc,phases     ] GC(374)   Evacuate Collection Set: 1.7ms
[2026-06-17T23:52:58.284+0000][8695.097s][info][gc,phases     ] GC(374)   Post Evacuate Collection Set: 0.4ms
[2026-06-17T23:52:58.284+0000][8695.097s][info][gc,phases     ] GC(374)   Other: 0.3ms
[2026-06-17T23:52:58.284+0000][8695.097s][info][gc,heap       ] GC(374) Eden regions: 250->0(246)
[2026-06-17T23:52:58.284+0000][8695.097s][info][gc,heap       ] GC(374) Survivor regions: 4->8(32)
[2026-06-17T23:52:58.284+0000][8695.097s][info][gc,heap       ] GC(374) Old regions: 45->45
[2026-06-17T23:52:58.284+0000][8695.098s][info][gc,heap       ] GC(374) Humongous regions: 147->147
[2026-06-17T23:52:58.284+0000][8695.098s][info][gc,metaspace  ] GC(374) Metaspace: 52387K(55040K)->52387K(55040K) NonClass: 46457K(47872K)->46457K(47872K) Class: 5929K(7168K)->5929K(7168K)
[2026-06-17T23:52:58.284+0000][8695.098s][info][gc            ] GC(374) Pause Young (Normal) (G1 Evacuation Pause) 444M->198M(512M) 2.995ms
[2026-06-17T23:52:58.284+0000][8695.098s][info][gc,cpu        ] GC(374) User=0.02s Sys=0.00s Real=0.00s
[2026-06-17T23:52:59.532+0000][8696.345s][info][gc,start      ] GC(375) Pause Young (Normal) (G1 Evacuation Pause)
[2026-06-17T23:52:59.532+0000][8696.345s][info][gc,task       ] GC(375) Using 13 workers of 13 for evacuation
[2026-06-17T23:52:59.534+0000][8696.347s][info][gc,phases     ] GC(375)   Pre Evacuate Collection Set: 0.0ms
[2026-06-17T23:52:59.534+0000][8696.347s][info][gc,phases     ] GC(375)   Evacuate Collection Set: 1.3ms
[2026-06-17T23:52:59.534+0000][8696.347s][info][gc,phases     ] GC(375)   Post Evacuate Collection Set: 0.4ms
[2026-06-17T23:52:59.534+0000][8696.347s][info][gc,phases     ] GC(375)   Other: 0.3ms
[2026-06-17T23:52:59.534+0000][8696.347s][info][gc,heap       ] GC(375) Eden regions: 246->0(250)
[2026-06-17T23:52:59.534+0000][8696.347s][info][gc,heap       ] GC(375) Survivor regions: 8->5(32)
[2026-06-17T23:52:59.534+0000][8696.347s][info][gc,heap       ] GC(375) Old regions: 45->45
[2026-06-17T23:52:59.534+0000][8696.347s][info][gc,heap       ] GC(375) Humongous regions: 147->147
[2026-06-17T23:52:59.534+0000][8696.347s][info][gc,metaspace  ] GC(375) Metaspace: 52387K(55040K)->52387K(55040K) NonClass: 46457K(47872K)->46457K(47872K) Class: 5929K(7168K)->5929K(7168K)
[2026-06-17T23:52:59.534+0000][8696.348s][info][gc            ] GC(375) Pause Young (Normal) (G1 Evacuation Pause) 444M->196M(512M) 2.515ms
[2026-06-17T23:52:59.534+0000][8696.348s][info][gc,cpu        ] GC(375) User=0.02s Sys=0.00s Real=0.00s
[2026-06-17T23:53:48.089+0000][8744.904s][info][gc,start      ] GC(376) Pause Young (Concurrent Start) (G1 Evacuation Pause)
[2026-06-17T23:53:48.089+0000][8744.904s][info][gc,task       ] GC(376) Using 13 workers of 13 for evacuation
[2026-06-17T23:53:48.094+0000][8744.909s][info][gc,phases     ] GC(376)   Pre Evacuate Collection Set: 0.3ms
[2026-06-17T23:53:48.094+0000][8744.909s][info][gc,phases     ] GC(376)   Evacuate Collection Set: 3.8ms
[2026-06-17T23:53:48.094+0000][8744.909s][info][gc,phases     ] GC(376)   Post Evacuate Collection Set: 0.4ms
[2026-06-17T23:53:48.094+0000][8744.909s][info][gc,phases     ] GC(376)   Other: 0.4ms
[2026-06-17T23:53:48.095+0000][8744.909s][info][gc,heap       ] GC(376) Eden regions: 250->0(243)
[2026-06-17T23:53:48.095+0000][8744.909s][info][gc,heap       ] GC(376) Survivor regions: 5->11(32)
[2026-06-17T23:53:48.095+0000][8744.909s][info][gc,heap       ] GC(376) Old regions: 45->45
[2026-06-17T23:53:48.095+0000][8744.909s][info][gc,heap       ] GC(376) Humongous regions: 147->147
[2026-06-17T23:53:48.095+0000][8744.909s][info][gc,metaspace  ] GC(376) Metaspace: 52390K(55040K)->52390K(55040K) NonClass: 46461K(47872K)->46461K(47872K) Class: 5929K(7168K)->5929K(7168K)
[2026-06-17T23:53:48.095+0000][8744.909s][info][gc            ] GC(376) Pause Young (Concurrent Start) (G1 Evacuation Pause) 446M->201M(512M) 5.595ms
[2026-06-17T23:53:48.095+0000][8744.909s][info][gc,cpu        ] GC(376) User=0.03s Sys=0.00s Real=0.00s
[2026-06-17T23:53:48.095+0000][8744.910s][info][gc            ] GC(377) Concurrent Cycle
[2026-06-17T23:53:48.095+0000][8744.910s][info][gc,marking    ] GC(377) Concurrent Clear Claimed Marks
[2026-06-17T23:53:48.096+0000][8744.910s][info][gc,marking    ] GC(377) Concurrent Clear Claimed Marks 0.216ms
[2026-06-17T23:53:48.096+0000][8744.910s][info][gc,marking    ] GC(377) Concurrent Scan Root Regions
[2026-06-17T23:53:48.098+0000][8744.912s][info][gc,marking    ] GC(377) Concurrent Scan Root Regions 1.949ms
[2026-06-17T23:53:48.098+0000][8744.912s][info][gc,marking    ] GC(377) Concurrent Mark (8744.912s)
[2026-06-17T23:53:48.098+0000][8744.912s][info][gc,marking    ] GC(377) Concurrent Mark From Roots
[2026-06-17T23:53:48.098+0000][8744.913s][info][gc,task       ] GC(377) Using 3 workers of 3 for marking
[2026-06-17T23:53:48.104+0000][8744.918s][info][gc,marking    ] GC(377) Concurrent Mark From Roots 5.980ms
[2026-06-17T23:53:48.104+0000][8744.919s][info][gc,marking    ] GC(377) Concurrent Preclean
[2026-06-17T23:53:48.104+0000][8744.919s][info][gc,marking    ] GC(377) Concurrent Preclean 0.161ms
[2026-06-17T23:53:48.104+0000][8744.919s][info][gc,marking    ] GC(377) Concurrent Mark (8744.912s, 8744.919s) 6.440ms
[2026-06-17T23:53:48.105+0000][8744.919s][info][gc,start      ] GC(377) Pause Remark
[2026-06-17T23:53:48.107+0000][8744.922s][info][gc,stringtable] GC(377) Cleaned string and symbol table, strings: 17308 processed, 0 removed, symbols: 125074 processed, 0 removed
[2026-06-17T23:53:48.108+0000][8744.922s][info][gc            ] GC(377) Pause Remark 205M->205M(512M) 3.102ms
[2026-06-17T23:53:48.108+0000][8744.922s][info][gc,cpu        ] GC(377) User=0.02s Sys=0.00s Real=0.00s
[2026-06-17T23:53:48.108+0000][8744.922s][info][gc,marking    ] GC(377) Concurrent Rebuild Remembered Sets
[2026-06-17T23:53:48.112+0000][8744.927s][info][gc,marking    ] GC(377) Concurrent Rebuild Remembered Sets 4.421ms
[2026-06-17T23:53:48.113+0000][8744.927s][info][gc,start      ] GC(377) Pause Cleanup
[2026-06-17T23:53:48.113+0000][8744.927s][info][gc            ] GC(377) Pause Cleanup 206M->206M(512M) 0.250ms
[2026-06-17T23:53:48.113+0000][8744.928s][info][gc,cpu        ] GC(377) User=0.00s Sys=0.00s Real=0.00s
[2026-06-17T23:53:48.113+0000][8744.928s][info][gc,marking    ] GC(377) Concurrent Cleanup for Next Mark
[2026-06-17T23:53:48.113+0000][8744.928s][info][gc,marking    ] GC(377) Concurrent Cleanup for Next Mark 0.157ms
[2026-06-17T23:53:48.113+0000][8744.928s][info][gc            ] GC(377) Concurrent Cycle 18.214ms
[2026-06-17T23:53:49.503+0000][8746.317s][info][gc,start      ] GC(378) Pause Young (Prepare Mixed) (G1 Evacuation Pause)
[2026-06-17T23:53:49.503+0000][8746.318s][info][gc,task       ] GC(378) Using 13 workers of 13 for evacuation
[2026-06-17T23:53:49.506+0000][8746.320s][info][gc,phases     ] GC(378)   Pre Evacuate Collection Set: 0.0ms
[2026-06-17T23:53:49.506+0000][8746.320s][info][gc,phases     ] GC(378)   Evacuate Collection Set: 2.0ms
[2026-06-17T23:53:49.506+0000][8746.320s][info][gc,phases     ] GC(378)   Post Evacuate Collection Set: 0.4ms
[2026-06-17T23:53:49.506+0000][8746.320s][info][gc,phases     ] GC(378)   Other: 0.4ms
[2026-06-17T23:53:49.506+0000][8746.320s][info][gc,heap       ] GC(378) Eden regions: 243->0(17)
[2026-06-17T23:53:49.506+0000][8746.320s][info][gc,heap       ] GC(378) Survivor regions: 11->8(32)
[2026-06-17T23:53:49.506+0000][8746.320s][info][gc,heap       ] GC(378) Old regions: 45->45
[2026-06-17T23:53:49.506+0000][8746.320s][info][gc,heap       ] GC(378) Humongous regions: 147->147
[2026-06-17T23:53:49.506+0000][8746.320s][info][gc,metaspace  ] GC(378) Metaspace: 52390K(55040K)->52390K(55040K) NonClass: 46461K(47872K)->46461K(47872K) Class: 5929K(7168K)->5929K(7168K)
[2026-06-17T23:53:49.506+0000][8746.320s][info][gc            ] GC(378) Pause Young (Prepare Mixed) (G1 Evacuation Pause) 444M->199M(512M) 3.145ms
[2026-06-17T23:53:49.506+0000][8746.321s][info][gc,cpu        ] GC(378) User=0.03s Sys=0.00s Real=0.00s
[2026-06-17T23:53:49.589+0000][8746.404s][info][gc,start      ] GC(379) Pause Young (Mixed) (G1 Evacuation Pause)
[2026-06-17T23:53:49.589+0000][8746.404s][info][gc,task       ] GC(379) Using 13 workers of 13 for evacuation
[2026-06-17T23:53:49.593+0000][8746.407s][info][gc,phases     ] GC(379)   Pre Evacuate Collection Set: 0.0ms
[2026-06-17T23:53:49.593+0000][8746.407s][info][gc,phases     ] GC(379)   Evacuate Collection Set: 2.9ms
[2026-06-17T23:53:49.593+0000][8746.407s][info][gc,phases     ] GC(379)   Post Evacuate Collection Set: 0.3ms
[2026-06-17T23:53:49.593+0000][8746.407s][info][gc,phases     ] GC(379)   Other: 0.4ms
[2026-06-17T23:53:49.593+0000][8746.407s][info][gc,heap       ] GC(379) Eden regions: 17->0(246)
[2026-06-17T23:53:49.593+0000][8746.408s][info][gc,heap       ] GC(379) Survivor regions: 8->2(4)
[2026-06-17T23:53:49.593+0000][8746.408s][info][gc,heap       ] GC(379) Old regions: 45->51
[2026-06-17T23:53:49.593+0000][8746.408s][info][gc,heap       ] GC(379) Humongous regions: 147->147
[2026-06-17T23:53:49.593+0000][8746.408s][info][gc,metaspace  ] GC(379) Metaspace: 52390K(55040K)->52390K(55040K) NonClass: 46461K(47872K)->46461K(47872K) Class: 5929K(7168K)->5929K(7168K)
[2026-06-17T23:53:49.593+0000][8746.408s][info][gc            ] GC(379) Pause Young (Mixed) (G1 Evacuation Pause) 216M->198M(512M) 4.160ms
[2026-06-17T23:53:49.593+0000][8746.408s][info][gc,cpu        ] GC(379) User=0.03s Sys=0.00s Real=0.00s
[2026-06-17T23:53:50.885+0000][8747.699s][info][gc,start      ] GC(380) Pause Young (Normal) (G1 Evacuation Pause)
[2026-06-17T23:53:50.885+0000][8747.699s][info][gc,task       ] GC(380) Using 13 workers of 13 for evacuation
[2026-06-17T23:53:50.888+0000][8747.702s][info][gc,phases     ] GC(380)   Pre Evacuate Collection Set: 0.0ms
[2026-06-17T23:53:50.888+0000][8747.702s][info][gc,phases     ] GC(380)   Evacuate Collection Set: 2.2ms
[2026-06-17T23:53:50.888+0000][8747.702s][info][gc,phases     ] GC(380)   Post Evacuate Collection Set: 0.4ms
[2026-06-17T23:53:50.888+0000][8747.702s][info][gc,phases     ] GC(380)   Other: 0.3ms
[2026-06-17T23:53:50.888+0000][8747.702s][info][gc,heap       ] GC(380) Eden regions: 246->0(246)
[2026-06-17T23:53:50.888+0000][8747.702s][info][gc,heap       ] GC(380) Survivor regions: 2->3(31)
[2026-06-17T23:53:50.888+0000][8747.702s][info][gc,heap       ] GC(380) Old regions: 51->51
[2026-06-17T23:53:50.888+0000][8747.703s][info][gc,heap       ] GC(380) Humongous regions: 147->147
[2026-06-17T23:53:50.888+0000][8747.703s][info][gc,metaspace  ] GC(380) Metaspace: 52390K(55040K)->52390K(55040K) NonClass: 46461K(47872K)->46461K(47872K) Class: 5929K(7168K)->5929K(7168K)
[2026-06-17T23:53:50.888+0000][8747.703s][info][gc            ] GC(380) Pause Young (Normal) (G1 Evacuation Pause) 444M->199M(512M) 3.435ms
[2026-06-17T23:53:50.888+0000][8747.703s][info][gc,cpu        ] GC(380) User=0.02s Sys=0.00s Real=0.00s
[2026-06-17T23:54:39.149+0000][8795.962s][info][gc,start      ] GC(381) Pause Young (Normal) (G1 Evacuation Pause)
[2026-06-17T23:54:39.149+0000][8795.963s][info][gc,task       ] GC(381) Using 13 workers of 13 for evacuation
[2026-06-17T23:54:39.152+0000][8795.965s][info][gc,phases     ] GC(381)   Pre Evacuate Collection Set: 0.0ms
[2026-06-17T23:54:39.152+0000][8795.966s][info][gc,phases     ] GC(381)   Evacuate Collection Set: 2.2ms
[2026-06-17T23:54:39.152+0000][8795.966s][info][gc,phases     ] GC(381)   Post Evacuate Collection Set: 0.4ms
[2026-06-17T23:54:39.152+0000][8795.966s][info][gc,phases     ] GC(381)   Other: 0.4ms
[2026-06-17T23:54:39.152+0000][8795.966s][info][gc,heap       ] GC(381) Eden regions: 246->0(242)
[2026-06-17T23:54:39.152+0000][8795.966s][info][gc,heap       ] GC(381) Survivor regions: 3->7(32)
[2026-06-17T23:54:39.152+0000][8795.966s][info][gc,heap       ] GC(381) Old regions: 51->51
[2026-06-17T23:54:39.152+0000][8795.966s][info][gc,heap       ] GC(381) Humongous regions: 147->147
[2026-06-17T23:54:39.152+0000][8795.966s][info][gc,metaspace  ] GC(381) Metaspace: 52392K(55040K)->52392K(55040K) NonClass: 46463K(47872K)->46463K(47872K) Class: 5929K(7168K)->5929K(7168K)
[2026-06-17T23:54:39.152+0000][8795.966s][info][gc            ] GC(381) Pause Young (Normal) (G1 Evacuation Pause) 445M->203M(512M) 3.792ms
[2026-06-17T23:54:39.152+0000][8795.966s][info][gc,cpu        ] GC(381) User=0.02s Sys=0.00s Real=0.01s
[2026-06-17T23:54:40.791+0000][8797.605s][info][gc,start      ] GC(382) Pause Young (Concurrent Start) (G1 Evacuation Pause)
[2026-06-17T23:54:40.791+0000][8797.605s][info][gc,task       ] GC(382) Using 13 workers of 13 for evacuation
[2026-06-17T23:54:40.794+0000][8797.608s][info][gc,phases     ] GC(382)   Pre Evacuate Collection Set: 0.3ms
[2026-06-17T23:54:40.794+0000][8797.608s][info][gc,phases     ] GC(382)   Evacuate Collection Set: 1.9ms
[2026-06-17T23:54:40.794+0000][8797.608s][info][gc,phases     ] GC(382)   Post Evacuate Collection Set: 0.3ms
[2026-06-17T23:54:40.794+0000][8797.608s][info][gc,phases     ] GC(382)   Other: 0.4ms
[2026-06-17T23:54:40.794+0000][8797.608s][info][gc,heap       ] GC(382) Eden regions: 242->0(247)
[2026-06-17T23:54:40.794+0000][8797.608s][info][gc,heap       ] GC(382) Survivor regions: 7->3(32)
[2026-06-17T23:54:40.794+0000][8797.608s][info][gc,heap       ] GC(382) Old regions: 51->51
[2026-06-17T23:54:40.794+0000][8797.608s][info][gc,heap       ] GC(382) Humongous regions: 147->147
[2026-06-17T23:54:40.795+0000][8797.608s][info][gc,metaspace  ] GC(382) Metaspace: 52392K(55040K)->52392K(55040K) NonClass: 46463K(47872K)->46463K(47872K) Class: 5929K(7168K)->5929K(7168K)
[2026-06-17T23:54:40.795+0000][8797.609s][info][gc            ] GC(382) Pause Young (Concurrent Start) (G1 Evacuation Pause) 445M->200M(512M) 3.370ms
[2026-06-17T23:54:40.795+0000][8797.609s][info][gc,cpu        ] GC(382) User=0.02s Sys=0.00s Real=0.00s
[2026-06-17T23:54:40.795+0000][8797.609s][info][gc            ] GC(383) Concurrent Cycle
[2026-06-17T23:54:40.795+0000][8797.609s][info][gc,marking    ] GC(383) Concurrent Clear Claimed Marks
[2026-06-17T23:54:40.795+0000][8797.609s][info][gc,marking    ] GC(383) Concurrent Clear Claimed Marks 0.230ms
[2026-06-17T23:54:40.795+0000][8797.609s][info][gc,marking    ] GC(383) Concurrent Scan Root Regions
[2026-06-17T23:54:40.796+0000][8797.610s][info][gc,marking    ] GC(383) Concurrent Scan Root Regions 0.931ms
[2026-06-17T23:54:40.796+0000][8797.610s][info][gc,marking    ] GC(383) Concurrent Mark (8797.610s)
[2026-06-17T23:54:40.796+0000][8797.610s][info][gc,marking    ] GC(383) Concurrent Mark From Roots
[2026-06-17T23:54:40.796+0000][8797.610s][info][gc,task       ] GC(383) Using 3 workers of 3 for marking
[2026-06-17T23:54:40.802+0000][8797.615s][info][gc,marking    ] GC(383) Concurrent Mark From Roots 5.339ms
[2026-06-17T23:54:40.802+0000][8797.616s][info][gc,marking    ] GC(383) Concurrent Preclean
[2026-06-17T23:54:40.802+0000][8797.616s][info][gc,marking    ] GC(383) Concurrent Preclean 0.225ms
[2026-06-17T23:54:40.802+0000][8797.616s][info][gc,marking    ] GC(383) Concurrent Mark (8797.610s, 8797.616s) 5.836ms
[2026-06-17T23:54:40.802+0000][8797.616s][info][gc,start      ] GC(383) Pause Remark
[2026-06-17T23:54:40.805+0000][8797.619s][info][gc,stringtable] GC(383) Cleaned string and symbol table, strings: 17308 processed, 0 removed, symbols: 125074 processed, 0 removed
[2026-06-17T23:54:40.805+0000][8797.619s][info][gc            ] GC(383) Pause Remark 204M->204M(512M) 2.760ms
[2026-06-17T23:54:40.805+0000][8797.619s][info][gc,cpu        ] GC(383) User=0.02s Sys=0.00s Real=0.00s
[2026-06-17T23:54:40.805+0000][8797.619s][info][gc,marking    ] GC(383) Concurrent Rebuild Remembered Sets
[2026-06-17T23:54:40.810+0000][8797.623s][info][gc,marking    ] GC(383) Concurrent Rebuild Remembered Sets 4.473ms
[2026-06-17T23:54:40.810+0000][8797.624s][info][gc,start      ] GC(383) Pause Cleanup
[2026-06-17T23:54:40.810+0000][8797.624s][info][gc            ] GC(383) Pause Cleanup 205M->205M(512M) 0.204ms
[2026-06-17T23:54:40.810+0000][8797.624s][info][gc,cpu        ] GC(383) User=0.00s Sys=0.00s Real=0.00s
[2026-06-17T23:54:40.810+0000][8797.624s][info][gc,marking    ] GC(383) Concurrent Cleanup for Next Mark
[2026-06-17T23:54:40.810+0000][8797.624s][info][gc,marking    ] GC(383) Concurrent Cleanup for Next Mark 0.194ms
[2026-06-17T23:54:40.811+0000][8797.624s][info][gc            ] GC(383) Concurrent Cycle 15.823ms
[2026-06-17T23:54:42.158+0000][8798.972s][info][gc,start      ] GC(384) Pause Young (Prepare Mixed) (G1 Evacuation Pause)
[2026-06-17T23:54:42.158+0000][8798.972s][info][gc,task       ] GC(384) Using 13 workers of 13 for evacuation
[2026-06-17T23:54:42.162+0000][8798.976s][info][gc,phases     ] GC(384)   Pre Evacuate Collection Set: 0.0ms
[2026-06-17T23:54:42.163+0000][8798.977s][info][gc,phases     ] GC(384)   Evacuate Collection Set: 3.6ms
[2026-06-17T23:54:42.163+0000][8798.977s][info][gc,phases     ] GC(384)   Post Evacuate Collection Set: 0.3ms
[2026-06-17T23:54:42.163+0000][8798.977s][info][gc,phases     ] GC(384)   Other: 0.3ms
[2026-06-17T23:54:42.163+0000][8798.977s][info][gc,heap       ] GC(384) Eden regions: 247->0(18)
[2026-06-17T23:54:42.163+0000][8798.977s][info][gc,heap       ] GC(384) Survivor regions: 3->7(32)
[2026-06-17T23:54:42.163+0000][8798.977s][info][gc,heap       ] GC(384) Old regions: 51->51
[2026-06-17T23:54:42.163+0000][8798.977s][info][gc,heap       ] GC(384) Humongous regions: 147->147
[2026-06-17T23:54:42.163+0000][8798.977s][info][gc,metaspace  ] GC(384) Metaspace: 52392K(55040K)->52392K(55040K) NonClass: 46463K(47872K)->46463K(47872K) Class: 5929K(7168K)->5929K(7168K)
[2026-06-17T23:54:42.163+0000][8798.977s][info][gc            ] GC(384) Pause Young (Prepare Mixed) (G1 Evacuation Pause) 447M->203M(512M) 4.801ms
[2026-06-17T23:54:42.163+0000][8798.977s][info][gc,cpu        ] GC(384) User=0.05s Sys=0.00s Real=0.01s
[2026-06-17T23:54:42.247+0000][8799.061s][info][gc,start      ] GC(385) Pause Young (Mixed) (G1 Evacuation Pause)
[2026-06-17T23:54:42.248+0000][8799.062s][info][gc,task       ] GC(385) Using 13 workers of 13 for evacuation
[2026-06-17T23:54:42.251+0000][8799.065s][info][gc,phases     ] GC(385)   Pre Evacuate Collection Set: 0.0ms
[2026-06-17T23:54:42.251+0000][8799.065s][info][gc,phases     ] GC(385)   Evacuate Collection Set: 2.8ms
[2026-06-17T23:54:42.251+0000][8799.065s][info][gc,phases     ] GC(385)   Post Evacuate Collection Set: 0.4ms
[2026-06-17T23:54:42.251+0000][8799.065s][info][gc,phases     ] GC(385)   Other: 0.3ms
[2026-06-17T23:54:42.251+0000][8799.065s][info][gc,heap       ] GC(385) Eden regions: 18->0(248)
[2026-06-17T23:54:42.251+0000][8799.065s][info][gc,heap       ] GC(385) Survivor regions: 7->2(4)
[2026-06-17T23:54:42.251+0000][8799.065s][info][gc,heap       ] GC(385) Old regions: 51->50
[2026-06-17T23:54:42.251+0000][8799.065s][info][gc,heap       ] GC(385) Humongous regions: 147->147
[2026-06-17T23:54:42.251+0000][8799.065s][info][gc,metaspace  ] GC(385) Metaspace: 52392K(55040K)->52392K(55040K) NonClass: 46463K(47872K)->46463K(47872K) Class: 5929K(7168K)->5929K(7168K)
[2026-06-17T23:54:42.251+0000][8799.065s][info][gc            ] GC(385) Pause Young (Mixed) (G1 Evacuation Pause) 221M->197M(512M) 4.038ms
[2026-06-17T23:54:42.252+0000][8799.065s][info][gc,cpu        ] GC(385) User=0.02s Sys=0.00s Real=0.01s
[2026-06-17T23:54:43.470+0000][8800.284s][info][gc,start      ] GC(386) Pause Young (Normal) (G1 Evacuation Pause)
[2026-06-17T23:54:43.470+0000][8800.284s][info][gc,task       ] GC(386) Using 13 workers of 13 for evacuation
[2026-06-17T23:54:43.473+0000][8800.286s][info][gc,phases     ] GC(386)   Pre Evacuate Collection Set: 0.0ms
[2026-06-17T23:54:43.473+0000][8800.287s][info][gc,phases     ] GC(386)   Evacuate Collection Set: 2.1ms
[2026-06-17T23:54:43.473+0000][8800.287s][info][gc,phases     ] GC(386)   Post Evacuate Collection Set: 0.4ms
[2026-06-17T23:54:43.473+0000][8800.287s][info][gc,phases     ] GC(386)   Other: 0.3ms
[2026-06-17T23:54:43.473+0000][8800.287s][info][gc,heap       ] GC(386) Eden regions: 248->0(248)
[2026-06-17T23:54:43.473+0000][8800.287s][info][gc,heap       ] GC(386) Survivor regions: 2->3(32)
[2026-06-17T23:54:43.473+0000][8800.287s][info][gc,heap       ] GC(386) Old regions: 50->50
[2026-06-17T23:54:43.473+0000][8800.287s][info][gc,heap       ] GC(386) Humongous regions: 147->147
[2026-06-17T23:54:43.473+0000][8800.287s][info][gc,metaspace  ] GC(386) Metaspace: 52392K(55040K)->52392K(55040K) NonClass: 46463K(47872K)->46463K(47872K) Class: 5929K(7168K)->5929K(7168K)
[2026-06-17T23:54:43.473+0000][8800.287s][info][gc            ] GC(386) Pause Young (Normal) (G1 Evacuation Pause) 445M->198M(512M) 3.406ms
[2026-06-17T23:54:43.473+0000][8800.287s][info][gc,cpu        ] GC(386) User=0.03s Sys=0.00s Real=0.00s
[2026-06-17T23:55:32.123+0000][8848.937s][info][gc,start      ] GC(387) Pause Young (Normal) (G1 Evacuation Pause)
[2026-06-17T23:55:32.123+0000][8848.937s][info][gc,task       ] GC(387) Using 13 workers of 13 for evacuation
[2026-06-17T23:55:32.125+0000][8848.939s][info][gc,phases     ] GC(387)   Pre Evacuate Collection Set: 0.0ms
[2026-06-17T23:55:32.125+0000][8848.939s][info][gc,phases     ] GC(387)   Evacuate Collection Set: 1.6ms
[2026-06-17T23:55:32.125+0000][8848.939s][info][gc,phases     ] GC(387)   Post Evacuate Collection Set: 0.3ms
[2026-06-17T23:55:32.125+0000][8848.940s][info][gc,phases     ] GC(387)   Other: 0.3ms
[2026-06-17T23:55:32.125+0000][8848.940s][info][gc,heap       ] GC(387) Eden regions: 248->0(243)
[2026-06-17T23:55:32.125+0000][8848.940s][info][gc,heap       ] GC(387) Survivor regions: 3->7(32)
[2026-06-17T23:55:32.125+0000][8848.940s][info][gc,heap       ] GC(387) Old regions: 50->50
[2026-06-17T23:55:32.125+0000][8848.940s][info][gc,heap       ] GC(387) Humongous regions: 147->147
[2026-06-17T23:55:32.125+0000][8848.940s][info][gc,metaspace  ] GC(387) Metaspace: 52393K(55040K)->52393K(55040K) NonClass: 46464K(47872K)->46464K(47872K) Class: 5929K(7168K)->5929K(7168K)
[2026-06-17T23:55:32.125+0000][8848.940s][info][gc            ] GC(387) Pause Young (Normal) (G1 Evacuation Pause) 446M->203M(512M) 2.952ms
[2026-06-17T23:55:32.126+0000][8848.940s][info][gc,cpu        ] GC(387) User=0.02s Sys=0.00s Real=0.00s
[2026-06-17T23:55:33.613+0000][8850.427s][info][gc,start      ] GC(388) Pause Young (Concurrent Start) (G1 Evacuation Pause)
[2026-06-17T23:55:33.613+0000][8850.428s][info][gc,task       ] GC(388) Using 13 workers of 13 for evacuation
[2026-06-17T23:55:33.616+0000][8850.430s][info][gc,phases     ] GC(388)   Pre Evacuate Collection Set: 0.3ms
[2026-06-17T23:55:33.616+0000][8850.430s][info][gc,phases     ] GC(388)   Evacuate Collection Set: 1.5ms
[2026-06-17T23:55:33.616+0000][8850.430s][info][gc,phases     ] GC(388)   Post Evacuate Collection Set: 0.3ms
[2026-06-17T23:55:33.616+0000][8850.430s][info][gc,phases     ] GC(388)   Other: 0.4ms
[2026-06-17T23:55:33.616+0000][8850.430s][info][gc,heap       ] GC(388) Eden regions: 243->0(245)
[2026-06-17T23:55:33.616+0000][8850.430s][info][gc,heap       ] GC(388) Survivor regions: 7->5(32)
[2026-06-17T23:55:33.616+0000][8850.430s][info][gc,heap       ] GC(388) Old regions: 50->50
[2026-06-17T23:55:33.616+0000][8850.430s][info][gc,heap       ] GC(388) Humongous regions: 147->147
[2026-06-17T23:55:33.616+0000][8850.430s][info][gc,metaspace  ] GC(388) Metaspace: 52393K(55040K)->52393K(55040K) NonClass: 46464K(47872K)->46464K(47872K) Class: 5929K(7168K)->5929K(7168K)
[2026-06-17T23:55:33.616+0000][8850.431s][info][gc            ] GC(388) Pause Young (Concurrent Start) (G1 Evacuation Pause) 446M->201M(512M) 3.057ms
[2026-06-17T23:55:33.616+0000][8850.431s][info][gc,cpu        ] GC(388) User=0.02s Sys=0.00s Real=0.00s
[2026-06-17T23:55:33.616+0000][8850.431s][info][gc            ] GC(389) Concurrent Cycle
[2026-06-17T23:55:33.616+0000][8850.431s][info][gc,marking    ] GC(389) Concurrent Clear Claimed Marks
[2026-06-17T23:55:33.616+0000][8850.431s][info][gc,marking    ] GC(389) Concurrent Clear Claimed Marks 0.188ms
[2026-06-17T23:55:33.617+0000][8850.431s][info][gc,marking    ] GC(389) Concurrent Scan Root Regions
[2026-06-17T23:55:33.618+0000][8850.432s][info][gc,marking    ] GC(389) Concurrent Scan Root Regions 1.033ms
[2026-06-17T23:55:33.618+0000][8850.432s][info][gc,marking    ] GC(389) Concurrent Mark (8850.432s)
[2026-06-17T23:55:33.618+0000][8850.432s][info][gc,marking    ] GC(389) Concurrent Mark From Roots
[2026-06-17T23:55:33.618+0000][8850.432s][info][gc,task       ] GC(389) Using 3 workers of 3 for marking
[2026-06-17T23:55:33.623+0000][8850.437s][info][gc,marking    ] GC(389) Concurrent Mark From Roots 5.136ms
[2026-06-17T23:55:33.623+0000][8850.437s][info][gc,marking    ] GC(389) Concurrent Preclean
[2026-06-17T23:55:33.623+0000][8850.438s][info][gc,marking    ] GC(389) Concurrent Preclean 0.149ms
[2026-06-17T23:55:33.623+0000][8850.438s][info][gc,marking    ] GC(389) Concurrent Mark (8850.432s, 8850.438s) 5.497ms
[2026-06-17T23:55:33.623+0000][8850.438s][info][gc,start      ] GC(389) Pause Remark
[2026-06-17T23:55:33.626+0000][8850.440s][info][gc,stringtable] GC(389) Cleaned string and symbol table, strings: 17308 processed, 0 removed, symbols: 125074 processed, 0 removed
[2026-06-17T23:55:33.626+0000][8850.440s][info][gc            ] GC(389) Pause Remark 204M->204M(512M) 2.601ms
[2026-06-17T23:55:33.626+0000][8850.440s][info][gc,cpu        ] GC(389) User=0.02s Sys=0.00s Real=0.00s
[2026-06-17T23:55:33.626+0000][8850.440s][info][gc,marking    ] GC(389) Concurrent Rebuild Remembered Sets
[2026-06-17T23:55:33.630+0000][8850.444s][info][gc,marking    ] GC(389) Concurrent Rebuild Remembered Sets 3.658ms
[2026-06-17T23:55:33.630+0000][8850.444s][info][gc,start      ] GC(389) Pause Cleanup
[2026-06-17T23:55:33.630+0000][8850.445s][info][gc            ] GC(389) Pause Cleanup 206M->206M(512M) 0.206ms
[2026-06-17T23:55:33.630+0000][8850.445s][info][gc,cpu        ] GC(389) User=0.00s Sys=0.00s Real=0.00s
[2026-06-17T23:55:33.630+0000][8850.445s][info][gc,marking    ] GC(389) Concurrent Cleanup for Next Mark
[2026-06-17T23:55:33.630+0000][8850.445s][info][gc,marking    ] GC(389) Concurrent Cleanup for Next Mark 0.164ms
[2026-06-17T23:55:33.631+0000][8850.445s][info][gc            ] GC(389) Concurrent Cycle 14.289ms
[2026-06-17T23:55:34.881+0000][8851.695s][info][gc,start      ] GC(390) Pause Young (Prepare Mixed) (G1 Evacuation Pause)
[2026-06-17T23:55:34.881+0000][8851.696s][info][gc,task       ] GC(390) Using 13 workers of 13 for evacuation
[2026-06-17T23:55:34.884+0000][8851.698s][info][gc,phases     ] GC(390)   Pre Evacuate Collection Set: 0.0ms
[2026-06-17T23:55:34.884+0000][8851.698s][info][gc,phases     ] GC(390)   Evacuate Collection Set: 2.1ms
[2026-06-17T23:55:34.884+0000][8851.698s][info][gc,phases     ] GC(390)   Post Evacuate Collection Set: 0.3ms
[2026-06-17T23:55:34.884+0000][8851.698s][info][gc,phases     ] GC(390)   Other: 0.3ms
[2026-06-17T23:55:34.884+0000][8851.698s][info][gc,heap       ] GC(390) Eden regions: 245->0(16)
[2026-06-17T23:55:34.884+0000][8851.699s][info][gc,heap       ] GC(390) Survivor regions: 5->9(32)
[2026-06-17T23:55:34.884+0000][8851.699s][info][gc,heap       ] GC(390) Old regions: 50->50
[2026-06-17T23:55:34.884+0000][8851.699s][info][gc,heap       ] GC(390) Humongous regions: 147->147
[2026-06-17T23:55:34.884+0000][8851.699s][info][gc,metaspace  ] GC(390) Metaspace: 52393K(55040K)->52393K(55040K) NonClass: 46464K(47872K)->46464K(47872K) Class: 5929K(7168K)->5929K(7168K)
[2026-06-17T23:55:34.884+0000][8851.699s][info][gc            ] GC(390) Pause Young (Prepare Mixed) (G1 Evacuation Pause) 446M->205M(512M) 3.334ms
[2026-06-17T23:55:34.884+0000][8851.699s][info][gc,cpu        ] GC(390) User=0.03s Sys=0.00s Real=0.00s
[2026-06-17T23:55:34.960+0000][8851.775s][info][gc,start      ] GC(391) Pause Young (Mixed) (G1 Evacuation Pause)
[2026-06-17T23:55:34.961+0000][8851.775s][info][gc,task       ] GC(391) Using 13 workers of 13 for evacuation
[2026-06-17T23:55:34.963+0000][8851.777s][info][gc,phases     ] GC(391)   Pre Evacuate Collection Set: 0.0ms
[2026-06-17T23:55:34.963+0000][8851.777s][info][gc,phases     ] GC(391)   Evacuate Collection Set: 1.5ms
[2026-06-17T23:55:34.963+0000][8851.777s][info][gc,phases     ] GC(391)   Post Evacuate Collection Set: 0.3ms
[2026-06-17T23:55:34.963+0000][8851.777s][info][gc,phases     ] GC(391)   Other: 0.3ms
[2026-06-17T23:55:34.963+0000][8851.777s][info][gc,heap       ] GC(391) Eden regions: 16->0(248)
[2026-06-17T23:55:34.963+0000][8851.777s][info][gc,heap       ] GC(391) Survivor regions: 9->2(4)
[2026-06-17T23:55:34.963+0000][8851.777s][info][gc,heap       ] GC(391) Old regions: 50->46
[2026-06-17T23:55:34.963+0000][8851.777s][info][gc,heap       ] GC(391) Humongous regions: 147->147
[2026-06-17T23:55:34.963+0000][8851.778s][info][gc,metaspace  ] GC(391) Metaspace: 52393K(55040K)->52393K(55040K) NonClass: 46464K(47872K)->46464K(47872K) Class: 5929K(7168K)->5929K(7168K)
[2026-06-17T23:55:34.963+0000][8851.778s][info][gc            ] GC(391) Pause Young (Mixed) (G1 Evacuation Pause) 221M->194M(512M) 2.715ms
[2026-06-17T23:55:34.963+0000][8851.778s][info][gc,cpu        ] GC(391) User=0.01s Sys=0.00s Real=0.00s
[2026-06-17T23:56:23.258+0000][8900.072s][info][gc,start      ] GC(392) Pause Young (Normal) (G1 Evacuation Pause)
[2026-06-17T23:56:23.258+0000][8900.073s][info][gc,task       ] GC(392) Using 13 workers of 13 for evacuation
[2026-06-17T23:56:23.260+0000][8900.074s][info][gc,phases     ] GC(392)   Pre Evacuate Collection Set: 0.0ms
[2026-06-17T23:56:23.260+0000][8900.075s][info][gc,phases     ] GC(392)   Evacuate Collection Set: 1.4ms
[2026-06-17T23:56:23.260+0000][8900.075s][info][gc,phases     ] GC(392)   Post Evacuate Collection Set: 0.4ms
[2026-06-17T23:56:23.260+0000][8900.075s][info][gc,phases     ] GC(392)   Other: 0.4ms
[2026-06-17T23:56:23.260+0000][8900.075s][info][gc,heap       ] GC(392) Eden regions: 248->0(247)
[2026-06-17T23:56:23.260+0000][8900.075s][info][gc,heap       ] GC(392) Survivor regions: 2->5(32)
[2026-06-17T23:56:23.260+0000][8900.075s][info][gc,heap       ] GC(392) Old regions: 46->46
[2026-06-17T23:56:23.261+0000][8900.075s][info][gc,heap       ] GC(392) Humongous regions: 147->147
[2026-06-17T23:56:23.261+0000][8900.075s][info][gc,metaspace  ] GC(392) Metaspace: 52394K(55040K)->52394K(55040K) NonClass: 46465K(47872K)->46465K(47872K) Class: 5929K(7168K)->5929K(7168K)
[2026-06-17T23:56:23.261+0000][8900.075s][info][gc            ] GC(392) Pause Young (Normal) (G1 Evacuation Pause) 442M->196M(512M) 2.737ms
[2026-06-17T23:56:23.261+0000][8900.075s][info][gc,cpu        ] GC(392) User=0.02s Sys=0.00s Real=0.01s
[2026-06-17T23:56:24.934+0000][8901.748s][info][gc,start      ] GC(393) Pause Young (Normal) (G1 Evacuation Pause)
[2026-06-17T23:56:24.934+0000][8901.748s][info][gc,task       ] GC(393) Using 13 workers of 13 for evacuation
[2026-06-17T23:56:24.937+0000][8901.752s][info][gc,phases     ] GC(393)   Pre Evacuate Collection Set: 0.0ms
[2026-06-17T23:56:24.937+0000][8901.752s][info][gc,phases     ] GC(393)   Evacuate Collection Set: 2.7ms
[2026-06-17T23:56:24.937+0000][8901.752s][info][gc,phases     ] GC(393)   Post Evacuate Collection Set: 0.3ms
[2026-06-17T23:56:24.938+0000][8901.752s][info][gc,phases     ] GC(393)   Other: 0.3ms
[2026-06-17T23:56:24.938+0000][8901.752s][info][gc,heap       ] GC(393) Eden regions: 247->0(241)
[2026-06-17T23:56:24.938+0000][8901.752s][info][gc,heap       ] GC(393) Survivor regions: 5->9(32)
[2026-06-17T23:56:24.938+0000][8901.752s][info][gc,heap       ] GC(393) Old regions: 46->46
[2026-06-17T23:56:24.938+0000][8901.752s][info][gc,heap       ] GC(393) Humongous regions: 147->147
[2026-06-17T23:56:24.938+0000][8901.752s][info][gc,metaspace  ] GC(393) Metaspace: 52394K(55040K)->52394K(55040K) NonClass: 46465K(47872K)->46465K(47872K) Class: 5929K(7168K)->5929K(7168K)
[2026-06-17T23:56:24.938+0000][8901.752s][info][gc            ] GC(393) Pause Young (Normal) (G1 Evacuation Pause) 443M->201M(512M) 4.022ms
[2026-06-17T23:56:24.938+0000][8901.752s][info][gc,cpu        ] GC(393) User=0.03s Sys=0.00s Real=0.00s
[2026-06-17T23:56:26.304+0000][8903.118s][info][gc,start      ] GC(394) Pause Young (Concurrent Start) (G1 Evacuation Pause)
[2026-06-17T23:56:26.304+0000][8903.118s][info][gc,task       ] GC(394) Using 13 workers of 13 for evacuation
[2026-06-17T23:56:26.307+0000][8903.122s][info][gc,phases     ] GC(394)   Pre Evacuate Collection Set: 0.3ms
[2026-06-17T23:56:26.307+0000][8903.122s][info][gc,phases     ] GC(394)   Evacuate Collection Set: 2.5ms
[2026-06-17T23:56:26.307+0000][8903.122s][info][gc,phases     ] GC(394)   Post Evacuate Collection Set: 0.3ms
[2026-06-17T23:56:26.308+0000][8903.122s][info][gc,phases     ] GC(394)   Other: 0.3ms
[2026-06-17T23:56:26.308+0000][8903.122s][info][gc,heap       ] GC(394) Eden regions: 241->0(244)
[2026-06-17T23:56:26.308+0000][8903.122s][info][gc,heap       ] GC(394) Survivor regions: 9->6(32)
[2026-06-17T23:56:26.308+0000][8903.122s][info][gc,heap       ] GC(394) Old regions: 46->46
[2026-06-17T23:56:26.308+0000][8903.122s][info][gc,heap       ] GC(394) Humongous regions: 147->147
[2026-06-17T23:56:26.308+0000][8903.122s][info][gc,metaspace  ] GC(394) Metaspace: 52394K(55040K)->52394K(55040K) NonClass: 46465K(47872K)->46465K(47872K) Class: 5929K(7168K)->5929K(7168K)
[2026-06-17T23:56:26.308+0000][8903.122s][info][gc            ] GC(394) Pause Young (Concurrent Start) (G1 Evacuation Pause) 442M->198M(512M) 4.158ms
[2026-06-17T23:56:26.308+0000][8903.122s][info][gc,cpu        ] GC(394) User=0.03s Sys=0.00s Real=0.00s
[2026-06-17T23:56:26.308+0000][8903.123s][info][gc            ] GC(395) Concurrent Cycle
[2026-06-17T23:56:26.308+0000][8903.123s][info][gc,marking    ] GC(395) Concurrent Clear Claimed Marks
[2026-06-17T23:56:26.308+0000][8903.123s][info][gc,marking    ] GC(395) Concurrent Clear Claimed Marks 0.267ms
[2026-06-17T23:56:26.308+0000][8903.123s][info][gc,marking    ] GC(395) Concurrent Scan Root Regions
[2026-06-17T23:56:26.309+0000][8903.124s][info][gc,marking    ] GC(395) Concurrent Scan Root Regions 0.994ms
[2026-06-17T23:56:26.310+0000][8903.124s][info][gc,marking    ] GC(395) Concurrent Mark (8903.124s)
[2026-06-17T23:56:26.310+0000][8903.124s][info][gc,marking    ] GC(395) Concurrent Mark From Roots
[2026-06-17T23:56:26.310+0000][8903.124s][info][gc,task       ] GC(395) Using 3 workers of 3 for marking
[2026-06-17T23:56:26.315+0000][8903.130s][info][gc,marking    ] GC(395) Concurrent Mark From Roots 5.824ms
[2026-06-17T23:56:26.316+0000][8903.130s][info][gc,marking    ] GC(395) Concurrent Preclean
[2026-06-17T23:56:26.316+0000][8903.130s][info][gc,marking    ] GC(395) Concurrent Preclean 0.196ms
[2026-06-17T23:56:26.316+0000][8903.130s][info][gc,marking    ] GC(395) Concurrent Mark (8903.124s, 8903.130s) 6.259ms
[2026-06-17T23:56:26.316+0000][8903.130s][info][gc,start      ] GC(395) Pause Remark
[2026-06-17T23:56:26.318+0000][8903.133s][info][gc,stringtable] GC(395) Cleaned string and symbol table, strings: 17308 processed, 0 removed, symbols: 125074 processed, 0 removed
[2026-06-17T23:56:26.319+0000][8903.133s][info][gc            ] GC(395) Pause Remark 201M->201M(512M) 2.733ms
[2026-06-17T23:56:26.319+0000][8903.133s][info][gc,cpu        ] GC(395) User=0.03s Sys=0.00s Real=0.01s
[2026-06-17T23:56:26.319+0000][8903.133s][info][gc,marking    ] GC(395) Concurrent Rebuild Remembered Sets
[2026-06-17T23:56:26.323+0000][8903.137s][info][gc,marking    ] GC(395) Concurrent Rebuild Remembered Sets 3.749ms
[2026-06-17T23:56:26.323+0000][8903.137s][info][gc,start      ] GC(395) Pause Cleanup
[2026-06-17T23:56:26.323+0000][8903.138s][info][gc            ] GC(395) Pause Cleanup 203M->203M(512M) 0.250ms
[2026-06-17T23:56:26.323+0000][8903.138s][info][gc,cpu        ] GC(395) User=0.00s Sys=0.00s Real=0.00s
[2026-06-17T23:56:26.323+0000][8903.138s][info][gc,marking    ] GC(395) Concurrent Cleanup for Next Mark
[2026-06-17T23:56:26.324+0000][8903.138s][info][gc,marking    ] GC(395) Concurrent Cleanup for Next Mark 0.151ms
[2026-06-17T23:56:26.324+0000][8903.138s][info][gc            ] GC(395) Concurrent Cycle 15.588ms
[2026-06-17T23:56:27.591+0000][8904.405s][info][gc,start      ] GC(396) Pause Young (Prepare Mixed) (G1 Evacuation Pause)
[2026-06-17T23:56:27.591+0000][8904.405s][info][gc,task       ] GC(396) Using 13 workers of 13 for evacuation
[2026-06-17T23:56:27.593+0000][8904.407s][info][gc,phases     ] GC(396)   Pre Evacuate Collection Set: 0.0ms
[2026-06-17T23:56:27.593+0000][8904.407s][info][gc,phases     ] GC(396)   Evacuate Collection Set: 1.4ms
[2026-06-17T23:56:27.593+0000][8904.407s][info][gc,phases     ] GC(396)   Post Evacuate Collection Set: 0.4ms
[2026-06-17T23:56:27.593+0000][8904.407s][info][gc,phases     ] GC(396)   Other: 0.3ms
[2026-06-17T23:56:27.593+0000][8904.407s][info][gc,heap       ] GC(396) Eden regions: 244->0(22)
[2026-06-17T23:56:27.593+0000][8904.407s][info][gc,heap       ] GC(396) Survivor regions: 6->3(32)
[2026-06-17T23:56:27.593+0000][8904.407s][info][gc,heap       ] GC(396) Old regions: 46->46
[2026-06-17T23:56:27.593+0000][8904.407s][info][gc,heap       ] GC(396) Humongous regions: 147->147
[2026-06-17T23:56:27.594+0000][8904.407s][info][gc,metaspace  ] GC(396) Metaspace: 52394K(55040K)->52394K(55040K) NonClass: 46465K(47872K)->46465K(47872K) Class: 5929K(7168K)->5929K(7168K)
[2026-06-17T23:56:27.594+0000][8904.407s][info][gc            ] GC(396) Pause Young (Prepare Mixed) (G1 Evacuation Pause) 442M->195M(512M) 2.770ms
[2026-06-17T23:56:27.594+0000][8904.408s][info][gc,cpu        ] GC(396) User=0.02s Sys=0.00s Real=0.00s
[2026-06-17T23:56:27.701+0000][8904.515s][info][gc,start      ] GC(397) Pause Young (Mixed) (G1 Evacuation Pause)
[2026-06-17T23:56:27.701+0000][8904.515s][info][gc,task       ] GC(397) Using 13 workers of 13 for evacuation
[2026-06-17T23:56:27.703+0000][8904.517s][info][gc,phases     ] GC(397)   Pre Evacuate Collection Set: 0.0ms
[2026-06-17T23:56:27.703+0000][8904.517s][info][gc,phases     ] GC(397)   Evacuate Collection Set: 1.4ms
[2026-06-17T23:56:27.703+0000][8904.517s][info][gc,phases     ] GC(397)   Post Evacuate Collection Set: 0.3ms
[2026-06-17T23:56:27.703+0000][8904.517s][info][gc,phases     ] GC(397)   Other: 0.4ms
[2026-06-17T23:56:27.703+0000][8904.517s][info][gc,heap       ] GC(397) Eden regions: 22->0(248)
[2026-06-17T23:56:27.703+0000][8904.517s][info][gc,heap       ] GC(397) Survivor regions: 3->4(4)
[2026-06-17T23:56:27.703+0000][8904.517s][info][gc,heap       ] GC(397) Old regions: 46->45
[2026-06-17T23:56:27.703+0000][8904.517s][info][gc,heap       ] GC(397) Humongous regions: 147->147
[2026-06-17T23:56:27.703+0000][8904.517s][info][gc,metaspace  ] GC(397) Metaspace: 52394K(55040K)->52394K(55040K) NonClass: 46465K(47872K)->46465K(47872K) Class: 5929K(7168K)->5929K(7168K)
[2026-06-17T23:56:27.703+0000][8904.517s][info][gc            ] GC(397) Pause Young (Mixed) (G1 Evacuation Pause) 217M->194M(512M) 2.596ms
[2026-06-17T23:56:27.704+0000][8904.517s][info][gc,cpu        ] GC(397) User=0.01s Sys=0.00s Real=0.00s
[2026-06-17T23:57:16.256+0000][8953.070s][info][gc,start      ] GC(398) Pause Young (Normal) (G1 Evacuation Pause)
[2026-06-17T23:57:16.256+0000][8953.070s][info][gc,task       ] GC(398) Using 13 workers of 13 for evacuation
[2026-06-17T23:57:16.258+0000][8953.072s][info][gc,phases     ] GC(398)   Pre Evacuate Collection Set: 0.0ms
[2026-06-17T23:57:16.258+0000][8953.072s][info][gc,phases     ] GC(398)   Evacuate Collection Set: 1.6ms
[2026-06-17T23:57:16.258+0000][8953.072s][info][gc,phases     ] GC(398)   Post Evacuate Collection Set: 0.3ms
[2026-06-17T23:57:16.258+0000][8953.072s][info][gc,phases     ] GC(398)   Other: 0.3ms
[2026-06-17T23:57:16.258+0000][8953.072s][info][gc,heap       ] GC(398) Eden regions: 248->0(244)
[2026-06-17T23:57:16.258+0000][8953.072s][info][gc,heap       ] GC(398) Survivor regions: 4->8(32)
[2026-06-17T23:57:16.258+0000][8953.072s][info][gc,heap       ] GC(398) Old regions: 45->45
[2026-06-17T23:57:16.258+0000][8953.073s][info][gc,heap       ] GC(398) Humongous regions: 147->147
[2026-06-17T23:57:16.258+0000][8953.073s][info][gc,metaspace  ] GC(398) Metaspace: 52399K(55040K)->52399K(55040K) NonClass: 46470K(47872K)->46470K(47872K) Class: 5929K(7168K)->5929K(7168K)
[2026-06-17T23:57:16.258+0000][8953.073s][info][gc            ] GC(398) Pause Young (Normal) (G1 Evacuation Pause) 442M->198M(512M) 2.692ms
[2026-06-17T23:57:16.258+0000][8953.073s][info][gc,cpu        ] GC(398) User=0.02s Sys=0.00s Real=0.00s
[2026-06-17T23:57:17.627+0000][8954.441s][info][gc,start      ] GC(399) Pause Young (Normal) (G1 Evacuation Pause)
[2026-06-17T23:57:17.627+0000][8954.441s][info][gc,task       ] GC(399) Using 13 workers of 13 for evacuation
[2026-06-17T23:57:17.628+0000][8954.443s][info][gc,phases     ] GC(399)   Pre Evacuate Collection Set: 0.0ms
[2026-06-17T23:57:17.629+0000][8954.443s][info][gc,phases     ] GC(399)   Evacuate Collection Set: 1.2ms
[2026-06-17T23:57:17.629+0000][8954.443s][info][gc,phases     ] GC(399)   Post Evacuate Collection Set: 0.4ms
[2026-06-17T23:57:17.629+0000][8954.443s][info][gc,phases     ] GC(399)   Other: 0.3ms
[2026-06-17T23:57:17.629+0000][8954.443s][info][gc,heap       ] GC(399) Eden regions: 244->0(249)
[2026-06-17T23:57:17.629+0000][8954.443s][info][gc,heap       ] GC(399) Survivor regions: 8->5(32)
[2026-06-17T23:57:17.629+0000][8954.443s][info][gc,heap       ] GC(399) Old regions: 45->45
[2026-06-17T23:57:17.629+0000][8954.443s][info][gc,heap       ] GC(399) Humongous regions: 147->147
[2026-06-17T23:57:17.629+0000][8954.443s][info][gc,metaspace  ] GC(399) Metaspace: 52399K(55040K)->52399K(55040K) NonClass: 46470K(47872K)->46470K(47872K) Class: 5929K(7168K)->5929K(7168K)
[2026-06-17T23:57:17.629+0000][8954.443s][info][gc            ] GC(399) Pause Young (Normal) (G1 Evacuation Pause) 442M->195M(512M) 2.477ms
[2026-06-17T23:57:17.629+0000][8954.443s][info][gc,cpu        ] GC(399) User=0.02s Sys=0.00s Real=0.01s
[2026-06-17T23:57:18.854+0000][8955.668s][info][gc,start      ] GC(400) Pause Young (Concurrent Start) (G1 Evacuation Pause)
[2026-06-17T23:57:18.854+0000][8955.668s][info][gc,task       ] GC(400) Using 13 workers of 13 for evacuation
[2026-06-17T23:57:18.858+0000][8955.672s][info][gc,phases     ] GC(400)   Pre Evacuate Collection Set: 0.3ms
[2026-06-17T23:57:18.858+0000][8955.673s][info][gc,phases     ] GC(400)   Evacuate Collection Set: 2.7ms
[2026-06-17T23:57:18.858+0000][8955.673s][info][gc,phases     ] GC(400)   Post Evacuate Collection Set: 0.8ms
[2026-06-17T23:57:18.858+0000][8955.673s][info][gc,phases     ] GC(400)   Other: 0.3ms
[2026-06-17T23:57:18.859+0000][8955.673s][info][gc,heap       ] GC(400) Eden regions: 249->0(245)
[2026-06-17T23:57:18.859+0000][8955.673s][info][gc,heap       ] GC(400) Survivor regions: 5->9(32)
[2026-06-17T23:57:18.859+0000][8955.673s][info][gc,heap       ] GC(400) Old regions: 45->45
[2026-06-17T23:57:18.859+0000][8955.673s][info][gc,heap       ] GC(400) Humongous regions: 147->147
[2026-06-17T23:57:18.859+0000][8955.673s][info][gc,metaspace  ] GC(400) Metaspace: 52399K(55040K)->52399K(55040K) NonClass: 46470K(47872K)->46470K(47872K) Class: 5929K(7168K)->5929K(7168K)
[2026-06-17T23:57:18.860+0000][8955.674s][info][gc            ] GC(400) Pause Young (Concurrent Start) (G1 Evacuation Pause) 444M->199M(512M) 5.959ms
[2026-06-17T23:57:18.860+0000][8955.674s][info][gc,cpu        ] GC(400) User=0.03s Sys=0.00s Real=0.01s
[2026-06-17T23:57:18.860+0000][8955.674s][info][gc            ] GC(401) Concurrent Cycle
[2026-06-17T23:57:18.860+0000][8955.675s][info][gc,marking    ] GC(401) Concurrent Clear Claimed Marks
[2026-06-17T23:57:18.861+0000][8955.676s][info][gc,marking    ] GC(401) Concurrent Clear Claimed Marks 0.813ms
[2026-06-17T23:57:18.861+0000][8955.676s][info][gc,marking    ] GC(401) Concurrent Scan Root Regions
[2026-06-17T23:57:18.863+0000][8955.678s][info][gc,marking    ] GC(401) Concurrent Scan Root Regions 1.962ms
[2026-06-17T23:57:18.863+0000][8955.678s][info][gc,marking    ] GC(401) Concurrent Mark (8955.678s)
[2026-06-17T23:57:18.864+0000][8955.678s][info][gc,marking    ] GC(401) Concurrent Mark From Roots
[2026-06-17T23:57:18.864+0000][8955.678s][info][gc,task       ] GC(401) Using 3 workers of 3 for marking
[2026-06-17T23:57:18.870+0000][8955.684s][info][gc,marking    ] GC(401) Concurrent Mark From Roots 5.977ms
[2026-06-17T23:57:18.870+0000][8955.684s][info][gc,marking    ] GC(401) Concurrent Preclean
[2026-06-17T23:57:18.870+0000][8955.684s][info][gc,marking    ] GC(401) Concurrent Preclean 0.382ms
[2026-06-17T23:57:18.870+0000][8955.685s][info][gc,marking    ] GC(401) Concurrent Mark (8955.678s, 8955.685s) 6.788ms
[2026-06-17T23:57:18.870+0000][8955.685s][info][gc,start      ] GC(401) Pause Remark
[2026-06-17T23:57:18.875+0000][8955.689s][info][gc,stringtable] GC(401) Cleaned string and symbol table, strings: 17308 processed, 0 removed, symbols: 125074 processed, 0 removed
[2026-06-17T23:57:18.875+0000][8955.689s][info][gc            ] GC(401) Pause Remark 203M->203M(512M) 4.411ms
[2026-06-17T23:57:18.875+0000][8955.689s][info][gc,cpu        ] GC(401) User=0.01s Sys=0.00s Real=0.00s
[2026-06-17T23:57:18.875+0000][8955.689s][info][gc,marking    ] GC(401) Concurrent Rebuild Remembered Sets
[2026-06-17T23:57:18.879+0000][8955.693s][info][gc,marking    ] GC(401) Concurrent Rebuild Remembered Sets 3.649ms
[2026-06-17T23:57:18.879+0000][8955.693s][info][gc,start      ] GC(401) Pause Cleanup
[2026-06-17T23:57:18.879+0000][8955.694s][info][gc            ] GC(401) Pause Cleanup 205M->205M(512M) 0.271ms
[2026-06-17T23:57:18.880+0000][8955.694s][info][gc,cpu        ] GC(401) User=0.00s Sys=0.00s Real=0.00s
[2026-06-17T23:57:18.880+0000][8955.694s][info][gc,marking    ] GC(401) Concurrent Cleanup for Next Mark
[2026-06-17T23:57:18.880+0000][8955.694s][info][gc,marking    ] GC(401) Concurrent Cleanup for Next Mark 0.162ms
[2026-06-17T23:57:18.880+0000][8955.695s][info][gc            ] GC(401) Concurrent Cycle 20.050ms
[2026-06-17T23:58:07.171+0000][9003.985s][info][gc,start      ] GC(402) Pause Young (Prepare Mixed) (G1 Evacuation Pause)
[2026-06-17T23:58:07.171+0000][9003.985s][info][gc,task       ] GC(402) Using 13 workers of 13 for evacuation
[2026-06-17T23:58:07.174+0000][9003.988s][info][gc,phases     ] GC(402)   Pre Evacuate Collection Set: 0.0ms
[2026-06-17T23:58:07.174+0000][9003.988s][info][gc,phases     ] GC(402)   Evacuate Collection Set: 2.7ms
[2026-06-17T23:58:07.174+0000][9003.989s][info][gc,phases     ] GC(402)   Post Evacuate Collection Set: 0.3ms
[2026-06-17T23:58:07.174+0000][9003.989s][info][gc,phases     ] GC(402)   Other: 0.4ms
[2026-06-17T23:58:07.174+0000][9003.989s][info][gc,heap       ] GC(402) Eden regions: 245->0(19)
[2026-06-17T23:58:07.174+0000][9003.989s][info][gc,heap       ] GC(402) Survivor regions: 9->6(32)
[2026-06-17T23:58:07.174+0000][9003.989s][info][gc,heap       ] GC(402) Old regions: 45->45
[2026-06-17T23:58:07.174+0000][9003.989s][info][gc,heap       ] GC(402) Humongous regions: 147->147
[2026-06-17T23:58:07.175+0000][9003.989s][info][gc,metaspace  ] GC(402) Metaspace: 52403K(55040K)->52403K(55040K) NonClass: 46474K(47872K)->46474K(47872K) Class: 5929K(7168K)->5929K(7168K)
[2026-06-17T23:58:07.175+0000][9003.989s][info][gc            ] GC(402) Pause Young (Prepare Mixed) (G1 Evacuation Pause) 444M->196M(512M) 3.770ms
[2026-06-17T23:58:07.175+0000][9003.989s][info][gc,cpu        ] GC(402) User=0.02s Sys=0.00s Real=0.00s
[2026-06-17T23:58:07.321+0000][9004.135s][info][gc,start      ] GC(403) Pause Young (Mixed) (G1 Evacuation Pause)
[2026-06-17T23:58:07.321+0000][9004.136s][info][gc,task       ] GC(403) Using 13 workers of 13 for evacuation
[2026-06-17T23:58:07.324+0000][9004.138s][info][gc,phases     ] GC(403)   Pre Evacuate Collection Set: 0.0ms
[2026-06-17T23:58:07.324+0000][9004.138s][info][gc,phases     ] GC(403)   Evacuate Collection Set: 2.2ms
[2026-06-17T23:58:07.324+0000][9004.138s][info][gc,phases     ] GC(403)   Post Evacuate Collection Set: 0.3ms
[2026-06-17T23:58:07.324+0000][9004.138s][info][gc,phases     ] GC(403)   Other: 0.3ms
[2026-06-17T23:58:07.324+0000][9004.138s][info][gc,heap       ] GC(403) Eden regions: 19->0(250)
[2026-06-17T23:58:07.324+0000][9004.139s][info][gc,heap       ] GC(403) Survivor regions: 6->3(4)
[2026-06-17T23:58:07.324+0000][9004.139s][info][gc,heap       ] GC(403) Old regions: 45->47
[2026-06-17T23:58:07.324+0000][9004.139s][info][gc,heap       ] GC(403) Humongous regions: 147->147
[2026-06-17T23:58:07.324+0000][9004.139s][info][gc,metaspace  ] GC(403) Metaspace: 52403K(55040K)->52403K(55040K) NonClass: 46474K(47872K)->46474K(47872K) Class: 5929K(7168K)->5929K(7168K)
[2026-06-17T23:58:07.325+0000][9004.139s][info][gc            ] GC(403) Pause Young (Mixed) (G1 Evacuation Pause) 215M->196M(512M) 3.360ms
[2026-06-17T23:58:07.325+0000][9004.139s][info][gc,cpu        ] GC(403) User=0.02s Sys=0.00s Real=0.00s
[2026-06-17T23:58:09.072+0000][9005.886s][info][gc,start      ] GC(404) Pause Young (Normal) (G1 Evacuation Pause)
[2026-06-17T23:58:09.072+0000][9005.887s][info][gc,task       ] GC(404) Using 13 workers of 13 for evacuation
[2026-06-17T23:58:09.078+0000][9005.892s][info][gc,phases     ] GC(404)   Pre Evacuate Collection Set: 0.0ms
[2026-06-17T23:58:09.078+0000][9005.892s][info][gc,phases     ] GC(404)   Evacuate Collection Set: 5.2ms
[2026-06-17T23:58:09.078+0000][9005.893s][info][gc,phases     ] GC(404)   Post Evacuate Collection Set: 0.5ms
[2026-06-17T23:58:09.078+0000][9005.893s][info][gc,phases     ] GC(404)   Other: 0.3ms
[2026-06-17T23:58:09.078+0000][9005.893s][info][gc,heap       ] GC(404) Eden regions: 250->0(245)
[2026-06-17T23:58:09.079+0000][9005.893s][info][gc,heap       ] GC(404) Survivor regions: 3->7(32)
[2026-06-17T23:58:09.079+0000][9005.893s][info][gc,heap       ] GC(404) Old regions: 47->47
[2026-06-17T23:58:09.079+0000][9005.893s][info][gc,heap       ] GC(404) Humongous regions: 147->147
[2026-06-17T23:58:09.079+0000][9005.893s][info][gc,metaspace  ] GC(404) Metaspace: 52403K(55040K)->52403K(55040K) NonClass: 46474K(47872K)->46474K(47872K) Class: 5929K(7168K)->5929K(7168K)
[2026-06-17T23:58:09.079+0000][9005.893s][info][gc            ] GC(404) Pause Young (Normal) (G1 Evacuation Pause) 446M->200M(512M) 7.009ms
[2026-06-17T23:58:09.079+0000][9005.894s][info][gc,cpu        ] GC(404) User=0.03s Sys=0.00s Real=0.01s
[2026-06-17T23:58:10.513+0000][9007.327s][info][gc,start      ] GC(405) Pause Young (Normal) (G1 Evacuation Pause)
[2026-06-17T23:58:10.513+0000][9007.327s][info][gc,task       ] GC(405) Using 13 workers of 13 for evacuation
[2026-06-17T23:58:10.521+0000][9007.336s][info][gc,phases     ] GC(405)   Pre Evacuate Collection Set: 0.0ms
[2026-06-17T23:58:10.522+0000][9007.336s][info][gc,phases     ] GC(405)   Evacuate Collection Set: 8.0ms
[2026-06-17T23:58:10.522+0000][9007.336s][info][gc,phases     ] GC(405)   Post Evacuate Collection Set: 0.4ms
[2026-06-17T23:58:10.522+0000][9007.336s][info][gc,phases     ] GC(405)   Other: 0.3ms
[2026-06-17T23:58:10.522+0000][9007.336s][info][gc,heap       ] GC(405) Eden regions: 245->0(248)
[2026-06-17T23:58:10.522+0000][9007.336s][info][gc,heap       ] GC(405) Survivor regions: 7->4(32)
[2026-06-17T23:58:10.522+0000][9007.336s][info][gc,heap       ] GC(405) Old regions: 47->47
[2026-06-17T23:58:10.522+0000][9007.336s][info][gc,heap       ] GC(405) Humongous regions: 147->147
[2026-06-17T23:58:10.522+0000][9007.336s][info][gc,metaspace  ] GC(405) Metaspace: 52403K(55040K)->52403K(55040K) NonClass: 46474K(47872K)->46474K(47872K) Class: 5929K(7168K)->5929K(7168K)
[2026-06-17T23:58:10.522+0000][9007.336s][info][gc            ] GC(405) Pause Young (Normal) (G1 Evacuation Pause) 445M->197M(512M) 9.456ms
[2026-06-17T23:58:10.522+0000][9007.337s][info][gc,cpu        ] GC(405) User=0.06s Sys=0.00s Real=0.01s
[2026-06-17T23:58:11.768+0000][9008.582s][info][gc,start      ] GC(406) Pause Young (Concurrent Start) (G1 Evacuation Pause)
[2026-06-17T23:58:11.768+0000][9008.582s][info][gc,task       ] GC(406) Using 13 workers of 13 for evacuation
[2026-06-17T23:58:11.771+0000][9008.585s][info][gc,phases     ] GC(406)   Pre Evacuate Collection Set: 0.3ms
[2026-06-17T23:58:11.771+0000][9008.585s][info][gc,phases     ] GC(406)   Evacuate Collection Set: 2.2ms
[2026-06-17T23:58:11.771+0000][9008.585s][info][gc,phases     ] GC(406)   Post Evacuate Collection Set: 0.3ms
[2026-06-17T23:58:11.771+0000][9008.585s][info][gc,phases     ] GC(406)   Other: 0.3ms
[2026-06-17T23:58:11.771+0000][9008.585s][info][gc,heap       ] GC(406) Eden regions: 248->0(244)
[2026-06-17T23:58:11.771+0000][9008.586s][info][gc,heap       ] GC(406) Survivor regions: 4->8(32)
[2026-06-17T23:58:11.771+0000][9008.586s][info][gc,heap       ] GC(406) Old regions: 47->47
[2026-06-17T23:58:11.771+0000][9008.586s][info][gc,heap       ] GC(406) Humongous regions: 147->147
[2026-06-17T23:58:11.771+0000][9008.586s][info][gc,metaspace  ] GC(406) Metaspace: 52403K(55040K)->52403K(55040K) NonClass: 46474K(47872K)->46474K(47872K) Class: 5929K(7168K)->5929K(7168K)
[2026-06-17T23:58:11.772+0000][9008.586s][info][gc            ] GC(406) Pause Young (Concurrent Start) (G1 Evacuation Pause) 445M->201M(512M) 3.670ms
[2026-06-17T23:58:11.772+0000][9008.586s][info][gc,cpu        ] GC(406) User=0.03s Sys=0.00s Real=0.01s
[2026-06-17T23:58:11.772+0000][9008.586s][info][gc            ] GC(407) Concurrent Cycle
[2026-06-17T23:58:11.772+0000][9008.586s][info][gc,marking    ] GC(407) Concurrent Clear Claimed Marks
[2026-06-17T23:58:11.772+0000][9008.586s][info][gc,marking    ] GC(407) Concurrent Clear Claimed Marks 0.214ms
[2026-06-17T23:58:11.772+0000][9008.586s][info][gc,marking    ] GC(407) Concurrent Scan Root Regions
[2026-06-17T23:58:11.773+0000][9008.587s][info][gc,marking    ] GC(407) Concurrent Scan Root Regions 1.214ms
[2026-06-17T23:58:11.773+0000][9008.588s][info][gc,marking    ] GC(407) Concurrent Mark (9008.588s)
[2026-06-17T23:58:11.773+0000][9008.588s][info][gc,marking    ] GC(407) Concurrent Mark From Roots
[2026-06-17T23:58:11.773+0000][9008.588s][info][gc,task       ] GC(407) Using 3 workers of 3 for marking
[2026-06-17T23:58:11.779+0000][9008.593s][info][gc,marking    ] GC(407) Concurrent Mark From Roots 5.355ms
[2026-06-17T23:58:11.779+0000][9008.593s][info][gc,marking    ] GC(407) Concurrent Preclean
[2026-06-17T23:58:11.779+0000][9008.593s][info][gc,marking    ] GC(407) Concurrent Preclean 0.184ms
[2026-06-17T23:58:11.779+0000][9008.593s][info][gc,marking    ] GC(407) Concurrent Mark (9008.588s, 9008.593s) 5.788ms
[2026-06-17T23:58:11.779+0000][9008.594s][info][gc,start      ] GC(407) Pause Remark
[2026-06-17T23:58:11.782+0000][9008.596s][info][gc,stringtable] GC(407) Cleaned string and symbol table, strings: 17308 processed, 0 removed, symbols: 125074 processed, 0 removed
[2026-06-17T23:58:11.782+0000][9008.596s][info][gc            ] GC(407) Pause Remark 205M->205M(512M) 2.572ms
[2026-06-17T23:58:11.782+0000][9008.596s][info][gc,cpu        ] GC(407) User=0.02s Sys=0.00s Real=0.00s
[2026-06-17T23:58:11.782+0000][9008.596s][info][gc,marking    ] GC(407) Concurrent Rebuild Remembered Sets
[2026-06-17T23:58:11.786+0000][9008.600s][info][gc,marking    ] GC(407) Concurrent Rebuild Remembered Sets 3.807ms
[2026-06-17T23:58:11.786+0000][9008.600s][info][gc,start      ] GC(407) Pause Cleanup
[2026-06-17T23:58:11.786+0000][9008.601s][info][gc            ] GC(407) Pause Cleanup 206M->206M(512M) 0.162ms
[2026-06-17T23:58:11.786+0000][9008.601s][info][gc,cpu        ] GC(407) User=0.00s Sys=0.00s Real=0.00s
[2026-06-17T23:58:11.786+0000][9008.601s][info][gc,marking    ] GC(407) Concurrent Cleanup for Next Mark
[2026-06-17T23:58:11.787+0000][9008.601s][info][gc,marking    ] GC(407) Concurrent Cleanup for Next Mark 0.157ms
[2026-06-17T23:58:11.787+0000][9008.601s][info][gc            ] GC(407) Concurrent Cycle 15.013ms
[2026-06-17T23:59:00.385+0000][9057.199s][info][gc,start      ] GC(408) Pause Young (Prepare Mixed) (G1 Evacuation Pause)
[2026-06-17T23:59:00.385+0000][9057.199s][info][gc,task       ] GC(408) Using 13 workers of 13 for evacuation
[2026-06-17T23:59:00.387+0000][9057.201s][info][gc,phases     ] GC(408)   Pre Evacuate Collection Set: 0.0ms
[2026-06-17T23:59:00.387+0000][9057.202s][info][gc,phases     ] GC(408)   Evacuate Collection Set: 1.6ms
[2026-06-17T23:59:00.387+0000][9057.202s][info][gc,phases     ] GC(408)   Post Evacuate Collection Set: 0.3ms
[2026-06-17T23:59:00.387+0000][9057.202s][info][gc,phases     ] GC(408)   Other: 0.3ms
[2026-06-17T23:59:00.387+0000][9057.202s][info][gc,heap       ] GC(408) Eden regions: 244->0(19)
[2026-06-17T23:59:00.387+0000][9057.202s][info][gc,heap       ] GC(408) Survivor regions: 8->6(32)
[2026-06-17T23:59:00.387+0000][9057.202s][info][gc,heap       ] GC(408) Old regions: 47->47
[2026-06-17T23:59:00.388+0000][9057.202s][info][gc,heap       ] GC(408) Humongous regions: 147->147
[2026-06-17T23:59:00.388+0000][9057.202s][info][gc,metaspace  ] GC(408) Metaspace: 52404K(55040K)->52404K(55040K) NonClass: 46475K(47872K)->46475K(47872K) Class: 5929K(7168K)->5929K(7168K)
[2026-06-17T23:59:00.388+0000][9057.202s][info][gc            ] GC(408) Pause Young (Prepare Mixed) (G1 Evacuation Pause) 445M->198M(512M) 2.766ms
[2026-06-17T23:59:00.388+0000][9057.202s][info][gc,cpu        ] GC(408) User=0.02s Sys=0.00s Real=0.00s
[2026-06-17T23:59:00.490+0000][9057.304s][info][gc,start      ] GC(409) Pause Young (Mixed) (G1 Evacuation Pause)
[2026-06-17T23:59:00.490+0000][9057.304s][info][gc,task       ] GC(409) Using 13 workers of 13 for evacuation
[2026-06-17T23:59:00.494+0000][9057.308s][info][gc,phases     ] GC(409)   Pre Evacuate Collection Set: 0.0ms
[2026-06-17T23:59:00.494+0000][9057.308s][info][gc,phases     ] GC(409)   Evacuate Collection Set: 3.3ms
[2026-06-17T23:59:00.494+0000][9057.308s][info][gc,phases     ] GC(409)   Post Evacuate Collection Set: 0.3ms
[2026-06-17T23:59:00.494+0000][9057.308s][info][gc,phases     ] GC(409)   Other: 0.3ms
[2026-06-17T23:59:00.494+0000][9057.308s][info][gc,heap       ] GC(409) Eden regions: 19->0(248)
[2026-06-17T23:59:00.494+0000][9057.308s][info][gc,heap       ] GC(409) Survivor regions: 6->2(4)
[2026-06-17T23:59:00.494+0000][9057.308s][info][gc,heap       ] GC(409) Old regions: 47->49
[2026-06-17T23:59:00.494+0000][9057.308s][info][gc,heap       ] GC(409) Humongous regions: 147->147
[2026-06-17T23:59:00.494+0000][9057.308s][info][gc,metaspace  ] GC(409) Metaspace: 52404K(55040K)->52404K(55040K) NonClass: 46475K(47872K)->46475K(47872K) Class: 5929K(7168K)->5929K(7168K)
[2026-06-17T23:59:00.494+0000][9057.308s][info][gc            ] GC(409) Pause Young (Mixed) (G1 Evacuation Pause) 217M->196M(512M) 4.429ms
[2026-06-17T23:59:00.494+0000][9057.309s][info][gc,cpu        ] GC(409) User=0.03s Sys=0.00s Real=0.00s
[2026-06-17T23:59:01.854+0000][9058.669s][info][gc,start      ] GC(410) Pause Young (Normal) (G1 Evacuation Pause)
[2026-06-17T23:59:01.855+0000][9058.669s][info][gc,task       ] GC(410) Using 13 workers of 13 for evacuation
[2026-06-17T23:59:01.857+0000][9058.671s][info][gc,phases     ] GC(410)   Pre Evacuate Collection Set: 0.0ms
[2026-06-17T23:59:01.857+0000][9058.671s][info][gc,phases     ] GC(410)   Evacuate Collection Set: 1.8ms
[2026-06-17T23:59:01.857+0000][9058.672s][info][gc,phases     ] GC(410)   Post Evacuate Collection Set: 0.3ms
[2026-06-17T23:59:01.857+0000][9058.672s][info][gc,phases     ] GC(410)   Other: 0.4ms
[2026-06-17T23:59:01.857+0000][9058.672s][info][gc,heap       ] GC(410) Eden regions: 248->0(241)
[2026-06-17T23:59:01.857+0000][9058.672s][info][gc,heap       ] GC(410) Survivor regions: 2->8(32)
[2026-06-17T23:59:01.857+0000][9058.672s][info][gc,heap       ] GC(410) Old regions: 49->49
[2026-06-17T23:59:01.858+0000][9058.672s][info][gc,heap       ] GC(410) Humongous regions: 147->147
[2026-06-17T23:59:01.858+0000][9058.672s][info][gc,metaspace  ] GC(410) Metaspace: 52404K(55040K)->52404K(55040K) NonClass: 46475K(47872K)->46475K(47872K) Class: 5929K(7168K)->5929K(7168K)
[2026-06-17T23:59:01.858+0000][9058.672s][info][gc            ] GC(410) Pause Young (Normal) (G1 Evacuation Pause) 444M->202M(512M) 3.167ms
[2026-06-17T23:59:01.858+0000][9058.672s][info][gc,cpu        ] GC(410) User=0.02s Sys=0.00s Real=0.00s
[2026-06-17T23:59:03.138+0000][9059.952s][info][gc,start      ] GC(411) Pause Young (Normal) (G1 Evacuation Pause)
[2026-06-17T23:59:03.138+0000][9059.952s][info][gc,task       ] GC(411) Using 13 workers of 13 for evacuation
[2026-06-17T23:59:03.143+0000][9059.957s][info][gc,phases     ] GC(411)   Pre Evacuate Collection Set: 0.0ms
[2026-06-17T23:59:03.143+0000][9059.957s][info][gc,phases     ] GC(411)   Evacuate Collection Set: 4.5ms
[2026-06-17T23:59:03.143+0000][9059.957s][info][gc,phases     ] GC(411)   Post Evacuate Collection Set: 0.3ms
[2026-06-17T23:59:03.143+0000][9059.957s][info][gc,phases     ] GC(411)   Other: 0.3ms
[2026-06-17T23:59:03.143+0000][9059.958s][info][gc,heap       ] GC(411) Eden regions: 241->0(244)
[2026-06-17T23:59:03.143+0000][9059.958s][info][gc,heap       ] GC(411) Survivor regions: 8->6(32)
[2026-06-17T23:59:03.143+0000][9059.958s][info][gc,heap       ] GC(411) Old regions: 49->49
[2026-06-17T23:59:03.143+0000][9059.958s][info][gc,heap       ] GC(411) Humongous regions: 147->147
[2026-06-17T23:59:03.143+0000][9059.958s][info][gc,metaspace  ] GC(411) Metaspace: 52404K(55040K)->52404K(55040K) NonClass: 46475K(47872K)->46475K(47872K) Class: 5929K(7168K)->5929K(7168K)
[2026-06-17T23:59:03.143+0000][9059.958s][info][gc            ] GC(411) Pause Young (Normal) (G1 Evacuation Pause) 443M->200M(512M) 5.735ms
[2026-06-17T23:59:03.144+0000][9059.958s][info][gc,cpu        ] GC(411) User=0.06s Sys=0.00s Real=0.01s
[2026-06-17T23:59:51.591+0000][9108.406s][info][gc,start      ] GC(412) Pause Young (Concurrent Start) (G1 Evacuation Pause)
[2026-06-17T23:59:51.591+0000][9108.406s][info][gc,task       ] GC(412) Using 13 workers of 13 for evacuation
[2026-06-17T23:59:51.593+0000][9108.408s][info][gc,phases     ] GC(412)   Pre Evacuate Collection Set: 0.3ms
[2026-06-17T23:59:51.593+0000][9108.408s][info][gc,phases     ] GC(412)   Evacuate Collection Set: 1.3ms
[2026-06-17T23:59:51.593+0000][9108.408s][info][gc,phases     ] GC(412)   Post Evacuate Collection Set: 0.4ms
[2026-06-17T23:59:51.594+0000][9108.408s][info][gc,phases     ] GC(412)   Other: 0.3ms
[2026-06-17T23:59:51.594+0000][9108.409s][info][gc,heap       ] GC(412) Eden regions: 244->0(248)
[2026-06-17T23:59:51.594+0000][9108.409s][info][gc,heap       ] GC(412) Survivor regions: 6->3(32)
[2026-06-17T23:59:51.594+0000][9108.409s][info][gc,heap       ] GC(412) Old regions: 49->49
[2026-06-17T23:59:51.594+0000][9108.409s][info][gc,heap       ] GC(412) Humongous regions: 147->147
[2026-06-17T23:59:51.594+0000][9108.409s][info][gc,metaspace  ] GC(412) Metaspace: 52404K(55040K)->52404K(55040K) NonClass: 46475K(47872K)->46475K(47872K) Class: 5929K(7168K)->5929K(7168K)
[2026-06-17T23:59:51.594+0000][9108.409s][info][gc            ] GC(412) Pause Young (Concurrent Start) (G1 Evacuation Pause) 444M->197M(512M) 2.902ms
[2026-06-17T23:59:51.594+0000][9108.409s][info][gc,cpu        ] GC(412) User=0.01s Sys=0.00s Real=0.00s
[2026-06-17T23:59:51.594+0000][9108.409s][info][gc            ] GC(413) Concurrent Cycle
[2026-06-17T23:59:51.594+0000][9108.409s][info][gc,marking    ] GC(413) Concurrent Clear Claimed Marks
[2026-06-17T23:59:51.594+0000][9108.409s][info][gc,marking    ] GC(413) Concurrent Clear Claimed Marks 0.217ms
[2026-06-17T23:59:51.595+0000][9108.410s][info][gc,marking    ] GC(413) Concurrent Scan Root Regions
[2026-06-17T23:59:51.595+0000][9108.410s][info][gc,marking    ] GC(413) Concurrent Scan Root Regions 0.932ms
[2026-06-17T23:59:51.596+0000][9108.411s][info][gc,marking    ] GC(413) Concurrent Mark (9108.411s)
[2026-06-17T23:59:51.596+0000][9108.411s][info][gc,marking    ] GC(413) Concurrent Mark From Roots
[2026-06-17T23:59:51.596+0000][9108.411s][info][gc,task       ] GC(413) Using 3 workers of 3 for marking
[2026-06-17T23:59:51.601+0000][9108.416s][info][gc,marking    ] GC(413) Concurrent Mark From Roots 5.108ms
[2026-06-17T23:59:51.601+0000][9108.416s][info][gc,marking    ] GC(413) Concurrent Preclean
[2026-06-17T23:59:51.601+0000][9108.416s][info][gc,marking    ] GC(413) Concurrent Preclean 0.180ms
[2026-06-17T23:59:51.601+0000][9108.416s][info][gc,marking    ] GC(413) Concurrent Mark (9108.411s, 9108.416s) 5.562ms
[2026-06-17T23:59:51.601+0000][9108.416s][info][gc,start      ] GC(413) Pause Remark
[2026-06-17T23:59:51.604+0000][9108.419s][info][gc,stringtable] GC(413) Cleaned string and symbol table, strings: 17308 processed, 0 removed, symbols: 125074 processed, 0 removed
[2026-06-17T23:59:51.604+0000][9108.419s][info][gc            ] GC(413) Pause Remark 201M->201M(512M) 2.973ms
[2026-06-17T23:59:51.604+0000][9108.419s][info][gc,cpu        ] GC(413) User=0.03s Sys=0.00s Real=0.00s
[2026-06-17T23:59:51.604+0000][9108.419s][info][gc,marking    ] GC(413) Concurrent Rebuild Remembered Sets
[2026-06-17T23:59:51.608+0000][9108.423s][info][gc,marking    ] GC(413) Concurrent Rebuild Remembered Sets 3.738ms
[2026-06-17T23:59:51.608+0000][9108.423s][info][gc,start      ] GC(413) Pause Cleanup
[2026-06-17T23:59:51.609+0000][9108.424s][info][gc            ] GC(413) Pause Cleanup 202M->202M(512M) 0.211ms
[2026-06-17T23:59:51.609+0000][9108.424s][info][gc,cpu        ] GC(413) User=0.00s Sys=0.00s Real=0.00s
[2026-06-17T23:59:51.609+0000][9108.424s][info][gc,marking    ] GC(413) Concurrent Cleanup for Next Mark
[2026-06-17T23:59:51.609+0000][9108.424s][info][gc,marking    ] GC(413) Concurrent Cleanup for Next Mark 0.155ms
[2026-06-17T23:59:51.609+0000][9108.424s][info][gc            ] GC(413) Concurrent Cycle 14.998ms
[2026-06-17T23:59:53.199+0000][9110.014s][info][gc,start      ] GC(414) Pause Young (Prepare Mixed) (G1 Evacuation Pause)
[2026-06-17T23:59:53.199+0000][9110.014s][info][gc,task       ] GC(414) Using 13 workers of 13 for evacuation
[2026-06-17T23:59:53.201+0000][9110.016s][info][gc,phases     ] GC(414)   Pre Evacuate Collection Set: 0.0ms
[2026-06-17T23:59:53.201+0000][9110.016s][info][gc,phases     ] GC(414)   Evacuate Collection Set: 1.5ms
[2026-06-17T23:59:53.201+0000][9110.016s][info][gc,phases     ] GC(414)   Post Evacuate Collection Set: 0.4ms
[2026-06-17T23:59:53.201+0000][9110.016s][info][gc,phases     ] GC(414)   Other: 0.3ms
[2026-06-17T23:59:53.201+0000][9110.016s][info][gc,heap       ] GC(414) Eden regions: 248->0(19)
[2026-06-17T23:59:53.201+0000][9110.016s][info][gc,heap       ] GC(414) Survivor regions: 3->6(32)
[2026-06-17T23:59:53.201+0000][9110.016s][info][gc,heap       ] GC(414) Old regions: 49->49
[2026-06-17T23:59:53.201+0000][9110.016s][info][gc,heap       ] GC(414) Humongous regions: 147->147
[2026-06-17T23:59:53.201+0000][9110.016s][info][gc,metaspace  ] GC(414) Metaspace: 52404K(55040K)->52404K(55040K) NonClass: 46475K(47872K)->46475K(47872K) Class: 5929K(7168K)->5929K(7168K)
[2026-06-17T23:59:53.201+0000][9110.016s][info][gc            ] GC(414) Pause Young (Prepare Mixed) (G1 Evacuation Pause) 445M->201M(512M) 2.744ms
[2026-06-17T23:59:53.201+0000][9110.016s][info][gc,cpu        ] GC(414) User=0.02s Sys=0.00s Real=0.00s
[2026-06-17T23:59:53.305+0000][9110.120s][info][gc,start      ] GC(415) Pause Young (Mixed) (G1 Evacuation Pause)
[2026-06-17T23:59:53.305+0000][9110.120s][info][gc,task       ] GC(415) Using 13 workers of 13 for evacuation
[2026-06-17T23:59:53.309+0000][9110.124s][info][gc,phases     ] GC(415)   Pre Evacuate Collection Set: 0.0ms
[2026-06-17T23:59:53.309+0000][9110.124s][info][gc,phases     ] GC(415)   Evacuate Collection Set: 3.6ms
[2026-06-17T23:59:53.309+0000][9110.124s][info][gc,phases     ] GC(415)   Post Evacuate Collection Set: 0.3ms
[2026-06-17T23:59:53.309+0000][9110.124s][info][gc,phases     ] GC(415)   Other: 0.3ms
[2026-06-17T23:59:53.309+0000][9110.124s][info][gc,heap       ] GC(415) Eden regions: 19->0(248)
[2026-06-17T23:59:53.310+0000][9110.124s][info][gc,heap       ] GC(415) Survivor regions: 6->2(4)
[2026-06-17T23:59:53.310+0000][9110.125s][info][gc,heap       ] GC(415) Old regions: 49->49
[2026-06-17T23:59:53.310+0000][9110.125s][info][gc,heap       ] GC(415) Humongous regions: 147->147
[2026-06-17T23:59:53.310+0000][9110.125s][info][gc,metaspace  ] GC(415) Metaspace: 52404K(55040K)->52404K(55040K) NonClass: 46475K(47872K)->46475K(47872K) Class: 5929K(7168K)->5929K(7168K)
[2026-06-17T23:59:53.310+0000][9110.125s][info][gc            ] GC(415) Pause Young (Mixed) (G1 Evacuation Pause) 220M->197M(512M) 4.731ms
[2026-06-17T23:59:53.310+0000][9110.125s][info][gc,cpu        ] GC(415) User=0.04s Sys=0.00s Real=0.01s
[2026-06-17T23:59:54.638+0000][9111.453s][info][gc,start      ] GC(416) Pause Young (Normal) (G1 Evacuation Pause)
[2026-06-17T23:59:54.639+0000][9111.454s][info][gc,task       ] GC(416) Using 13 workers of 13 for evacuation
[2026-06-17T23:59:54.641+0000][9111.456s][info][gc,phases     ] GC(416)   Pre Evacuate Collection Set: 0.0ms
[2026-06-17T23:59:54.641+0000][9111.456s][info][gc,phases     ] GC(416)   Evacuate Collection Set: 1.7ms
[2026-06-17T23:59:54.641+0000][9111.456s][info][gc,phases     ] GC(416)   Post Evacuate Collection Set: 0.4ms
[2026-06-17T23:59:54.641+0000][9111.456s][info][gc,phases     ] GC(416)   Other: 0.3ms
[2026-06-17T23:59:54.641+0000][9111.456s][info][gc,heap       ] GC(416) Eden regions: 248->0(248)
[2026-06-17T23:59:54.641+0000][9111.456s][info][gc,heap       ] GC(416) Survivor regions: 2->3(32)
[2026-06-17T23:59:54.641+0000][9111.456s][info][gc,heap       ] GC(416) Old regions: 49->49
[2026-06-17T23:59:54.641+0000][9111.456s][info][gc,heap       ] GC(416) Humongous regions: 147->147
[2026-06-17T23:59:54.641+0000][9111.456s][info][gc,metaspace  ] GC(416) Metaspace: 52404K(55040K)->52404K(55040K) NonClass: 46475K(47872K)->46475K(47872K) Class: 5929K(7168K)->5929K(7168K)
[2026-06-17T23:59:54.641+0000][9111.456s][info][gc            ] GC(416) Pause Young (Normal) (G1 Evacuation Pause) 445M->198M(512M) 2.868ms
[2026-06-17T23:59:54.641+0000][9111.456s][info][gc,cpu        ] GC(416) User=0.02s Sys=0.00s Real=0.00s
[2026-06-17T23:59:55.898+0000][9112.713s][info][gc,start      ] GC(417) Pause Young (Normal) (G1 Evacuation Pause)
[2026-06-17T23:59:55.898+0000][9112.713s][info][gc,task       ] GC(417) Using 13 workers of 13 for evacuation
[2026-06-17T23:59:55.901+0000][9112.716s][info][gc,phases     ] GC(417)   Pre Evacuate Collection Set: 0.0ms
[2026-06-17T23:59:55.901+0000][9112.716s][info][gc,phases     ] GC(417)   Evacuate Collection Set: 2.3ms
[2026-06-17T23:59:55.901+0000][9112.716s][info][gc,phases     ] GC(417)   Post Evacuate Collection Set: 0.3ms
[2026-06-17T23:59:55.902+0000][9112.716s][info][gc,phases     ] GC(417)   Other: 0.3ms
[2026-06-17T23:59:55.902+0000][9112.717s][info][gc,heap       ] GC(417) Eden regions: 248->0(244)
[2026-06-17T23:59:55.902+0000][9112.717s][info][gc,heap       ] GC(417) Survivor regions: 3->7(32)
[2026-06-17T23:59:55.902+0000][9112.717s][info][gc,heap       ] GC(417) Old regions: 49->49
[2026-06-17T23:59:55.902+0000][9112.717s][info][gc,heap       ] GC(417) Humongous regions: 147->147
[2026-06-17T23:59:55.902+0000][9112.717s][info][gc,metaspace  ] GC(417) Metaspace: 52404K(55040K)->52404K(55040K) NonClass: 46475K(47872K)->46475K(47872K) Class: 5929K(7168K)->5929K(7168K)
[2026-06-17T23:59:55.902+0000][9112.717s][info][gc            ] GC(417) Pause Young (Normal) (G1 Evacuation Pause) 446M->202M(512M) 3.588ms
[2026-06-17T23:59:55.902+0000][9112.717s][info][gc,cpu        ] GC(417) User=0.03s Sys=0.00s Real=0.00s
[2026-06-18T00:00:44.492+0000][9161.345s][info][gc,start      ] GC(418) Pause Young (Concurrent Start) (G1 Evacuation Pause)
[2026-06-18T00:00:44.492+0000][9161.345s][info][gc,task       ] GC(418) Using 13 workers of 13 for evacuation
[2026-06-18T00:00:44.496+0000][9161.348s][info][gc,phases     ] GC(418)   Pre Evacuate Collection Set: 0.3ms
[2026-06-18T00:00:44.496+0000][9161.349s][info][gc,phases     ] GC(418)   Evacuate Collection Set: 2.3ms
[2026-06-18T00:00:44.496+0000][9161.349s][info][gc,phases     ] GC(418)   Post Evacuate Collection Set: 0.4ms
[2026-06-18T00:00:44.496+0000][9161.349s][info][gc,phases     ] GC(418)   Other: 0.4ms
[2026-06-18T00:00:44.496+0000][9161.349s][info][gc,heap       ] GC(418) Eden regions: 244->0(248)
[2026-06-18T00:00:44.496+0000][9161.349s][info][gc,heap       ] GC(418) Survivor regions: 7->4(32)
[2026-06-18T00:00:44.496+0000][9161.349s][info][gc,heap       ] GC(418) Old regions: 49->49
[2026-06-18T00:00:44.496+0000][9161.349s][info][gc,heap       ] GC(418) Humongous regions: 147->147
[2026-06-18T00:00:44.496+0000][9161.349s][info][gc,metaspace  ] GC(418) Metaspace: 52405K(55040K)->52405K(55040K) NonClass: 46475K(47872K)->46475K(47872K) Class: 5929K(7168K)->5929K(7168K)
[2026-06-18T00:00:44.496+0000][9161.349s][info][gc            ] GC(418) Pause Young (Concurrent Start) (G1 Evacuation Pause) 446M->199M(512M) 3.956ms
[2026-06-18T00:00:44.496+0000][9161.349s][info][gc,cpu        ] GC(418) User=0.03s Sys=0.00s Real=0.00s
[2026-06-18T00:00:44.496+0000][9161.349s][info][gc            ] GC(419) Concurrent Cycle
[2026-06-18T00:00:44.496+0000][9161.349s][info][gc,marking    ] GC(419) Concurrent Clear Claimed Marks
[2026-06-18T00:00:44.497+0000][9161.350s][info][gc,marking    ] GC(419) Concurrent Clear Claimed Marks 0.228ms
[2026-06-18T00:00:44.497+0000][9161.350s][info][gc,marking    ] GC(419) Concurrent Scan Root Regions
[2026-06-18T00:00:44.498+0000][9161.351s][info][gc,marking    ] GC(419) Concurrent Scan Root Regions 0.967ms
[2026-06-18T00:00:44.498+0000][9161.351s][info][gc,marking    ] GC(419) Concurrent Mark (9161.351s)
[2026-06-18T00:00:44.498+0000][9161.351s][info][gc,marking    ] GC(419) Concurrent Mark From Roots
[2026-06-18T00:00:44.498+0000][9161.351s][info][gc,task       ] GC(419) Using 3 workers of 3 for marking
[2026-06-18T00:00:44.503+0000][9161.356s][info][gc,marking    ] GC(419) Concurrent Mark From Roots 5.223ms
[2026-06-18T00:00:44.503+0000][9161.356s][info][gc,marking    ] GC(419) Concurrent Preclean
[2026-06-18T00:00:44.503+0000][9161.356s][info][gc,marking    ] GC(419) Concurrent Preclean 0.138ms
[2026-06-18T00:00:44.503+0000][9161.356s][info][gc,marking    ] GC(419) Concurrent Mark (9161.351s, 9161.356s) 5.546ms
[2026-06-18T00:00:44.503+0000][9161.356s][info][gc,start      ] GC(419) Pause Remark
[2026-06-18T00:00:44.506+0000][9161.359s][info][gc,stringtable] GC(419) Cleaned string and symbol table, strings: 17308 processed, 0 removed, symbols: 125074 processed, 0 removed
[2026-06-18T00:00:44.506+0000][9161.359s][info][gc            ] GC(419) Pause Remark 203M->203M(512M) 2.633ms
[2026-06-18T00:00:44.506+0000][9161.359s][info][gc,cpu        ] GC(419) User=0.02s Sys=0.00s Real=0.00s
[2026-06-18T00:00:44.506+0000][9161.359s][info][gc,marking    ] GC(419) Concurrent Rebuild Remembered Sets
[2026-06-18T00:00:44.511+0000][9161.363s][info][gc,marking    ] GC(419) Concurrent Rebuild Remembered Sets 4.303ms
[2026-06-18T00:00:44.511+0000][9161.364s][info][gc,start      ] GC(419) Pause Cleanup
[2026-06-18T00:00:44.511+0000][9161.364s][info][gc            ] GC(419) Pause Cleanup 204M->204M(512M) 0.194ms
[2026-06-18T00:00:44.511+0000][9161.364s][info][gc,cpu        ] GC(419) User=0.01s Sys=0.00s Real=0.00s
[2026-06-18T00:00:44.511+0000][9161.364s][info][gc,marking    ] GC(419) Concurrent Cleanup for Next Mark
[2026-06-18T00:00:44.511+0000][9161.364s][info][gc,marking    ] GC(419) Concurrent Cleanup for Next Mark 0.153ms
[2026-06-18T00:00:44.511+0000][9161.364s][info][gc            ] GC(419) Concurrent Cycle 15.239ms
[2026-06-18T00:00:45.926+0000][9162.779s][info][gc,start      ] GC(420) Pause Young (Prepare Mixed) (G1 Evacuation Pause)
[2026-06-18T00:00:45.926+0000][9162.779s][info][gc,task       ] GC(420) Using 13 workers of 13 for evacuation
[2026-06-18T00:00:45.931+0000][9162.784s][info][gc,phases     ] GC(420)   Pre Evacuate Collection Set: 0.0ms
[2026-06-18T00:00:45.931+0000][9162.784s][info][gc,phases     ] GC(420)   Evacuate Collection Set: 4.1ms
[2026-06-18T00:00:45.931+0000][9162.784s][info][gc,phases     ] GC(420)   Post Evacuate Collection Set: 0.4ms
[2026-06-18T00:00:45.931+0000][9162.784s][info][gc,phases     ] GC(420)   Other: 0.3ms
[2026-06-18T00:00:45.931+0000][9162.784s][info][gc,heap       ] GC(420) Eden regions: 248->0(17)
[2026-06-18T00:00:45.931+0000][9162.784s][info][gc,heap       ] GC(420) Survivor regions: 4->8(32)
[2026-06-18T00:00:45.931+0000][9162.784s][info][gc,heap       ] GC(420) Old regions: 49->49
[2026-06-18T00:00:45.931+0000][9162.784s][info][gc,heap       ] GC(420) Humongous regions: 147->147
[2026-06-18T00:00:45.931+0000][9162.784s][info][gc,metaspace  ] GC(420) Metaspace: 52405K(55040K)->52405K(55040K) NonClass: 46475K(47872K)->46475K(47872K) Class: 5929K(7168K)->5929K(7168K)
[2026-06-18T00:00:45.931+0000][9162.784s][info][gc            ] GC(420) Pause Young (Prepare Mixed) (G1 Evacuation Pause) 447M->203M(512M) 5.377ms
[2026-06-18T00:00:45.931+0000][9162.784s][info][gc,cpu        ] GC(420) User=0.05s Sys=0.00s Real=0.01s
[2026-06-18T00:00:46.013+0000][9162.866s][info][gc,start      ] GC(421) Pause Young (Mixed) (G1 Evacuation Pause)
[2026-06-18T00:00:46.013+0000][9162.866s][info][gc,task       ] GC(421) Using 13 workers of 13 for evacuation
[2026-06-18T00:00:46.019+0000][9162.872s][info][gc,phases     ] GC(421)   Pre Evacuate Collection Set: 0.0ms
[2026-06-18T00:00:46.019+0000][9162.872s][info][gc,phases     ] GC(421)   Evacuate Collection Set: 5.4ms
[2026-06-18T00:00:46.019+0000][9162.872s][info][gc,phases     ] GC(421)   Post Evacuate Collection Set: 0.3ms
[2026-06-18T00:00:46.019+0000][9162.872s][info][gc,phases     ] GC(421)   Other: 0.4ms
[2026-06-18T00:00:46.019+0000][9162.872s][info][gc,heap       ] GC(421) Eden regions: 17->0(246)
[2026-06-18T00:00:46.019+0000][9162.872s][info][gc,heap       ] GC(421) Survivor regions: 8->2(4)
[2026-06-18T00:00:46.020+0000][9162.872s][info][gc,heap       ] GC(421) Old regions: 49->52
[2026-06-18T00:00:46.020+0000][9162.872s][info][gc,heap       ] GC(421) Humongous regions: 147->147
[2026-06-18T00:00:46.020+0000][9162.873s][info][gc,metaspace  ] GC(421) Metaspace: 52405K(55040K)->52405K(55040K) NonClass: 46475K(47872K)->46475K(47872K) Class: 5929K(7168K)->5929K(7168K)
[2026-06-18T00:00:46.020+0000][9162.873s][info][gc            ] GC(421) Pause Young (Mixed) (G1 Evacuation Pause) 220M->199M(512M) 6.754ms
[2026-06-18T00:00:46.020+0000][9162.873s][info][gc,cpu        ] GC(421) User=0.05s Sys=0.00s Real=0.00s
[2026-06-18T00:00:47.215+0000][9164.068s][info][gc,start      ] GC(422) Pause Young (Normal) (G1 Evacuation Pause)
[2026-06-18T00:00:47.215+0000][9164.068s][info][gc,task       ] GC(422) Using 13 workers of 13 for evacuation
[2026-06-18T00:00:47.217+0000][9164.070s][info][gc,phases     ] GC(422)   Pre Evacuate Collection Set: 0.0ms
[2026-06-18T00:00:47.217+0000][9164.070s][info][gc,phases     ] GC(422)   Evacuate Collection Set: 1.5ms
[2026-06-18T00:00:47.217+0000][9164.070s][info][gc,phases     ] GC(422)   Post Evacuate Collection Set: 0.3ms
[2026-06-18T00:00:47.217+0000][9164.070s][info][gc,phases     ] GC(422)   Other: 0.3ms
[2026-06-18T00:00:47.217+0000][9164.070s][info][gc,heap       ] GC(422) Eden regions: 246->0(245)
[2026-06-18T00:00:47.218+0000][9164.070s][info][gc,heap       ] GC(422) Survivor regions: 2->4(31)
[2026-06-18T00:00:47.218+0000][9164.070s][info][gc,heap       ] GC(422) Old regions: 52->52
[2026-06-18T00:00:47.218+0000][9164.071s][info][gc,heap       ] GC(422) Humongous regions: 147->147
[2026-06-18T00:00:47.218+0000][9164.071s][info][gc,metaspace  ] GC(422) Metaspace: 52405K(55040K)->52405K(55040K) NonClass: 46475K(47872K)->46475K(47872K) Class: 5929K(7168K)->5929K(7168K)
[2026-06-18T00:00:47.218+0000][9164.071s][info][gc            ] GC(422) Pause Young (Normal) (G1 Evacuation Pause) 445M->202M(512M) 2.687ms
[2026-06-18T00:00:47.218+0000][9164.071s][info][gc,cpu        ] GC(422) User=0.02s Sys=0.00s Real=0.00s
[2026-06-18T00:01:35.616+0000][9212.473s][info][gc,start      ] GC(423) Pause Young (Normal) (G1 Evacuation Pause)
[2026-06-18T00:01:35.616+0000][9212.473s][info][gc,task       ] GC(423) Using 13 workers of 13 for evacuation
[2026-06-18T00:01:35.620+0000][9212.477s][info][gc,phases     ] GC(423)   Pre Evacuate Collection Set: 0.0ms
[2026-06-18T00:01:35.620+0000][9212.478s][info][gc,phases     ] GC(423)   Evacuate Collection Set: 3.5ms
[2026-06-18T00:01:35.620+0000][9212.478s][info][gc,phases     ] GC(423)   Post Evacuate Collection Set: 0.3ms
[2026-06-18T00:01:35.620+0000][9212.478s][info][gc,phases     ] GC(423)   Other: 0.3ms
[2026-06-18T00:01:35.620+0000][9212.478s][info][gc,heap       ] GC(423) Eden regions: 245->0(239)
[2026-06-18T00:01:35.620+0000][9212.478s][info][gc,heap       ] GC(423) Survivor regions: 4->8(32)
[2026-06-18T00:01:35.620+0000][9212.478s][info][gc,heap       ] GC(423) Old regions: 52->52
[2026-06-18T00:01:35.621+0000][9212.478s][info][gc,heap       ] GC(423) Humongous regions: 147->147
[2026-06-18T00:01:35.621+0000][9212.478s][info][gc,metaspace  ] GC(423) Metaspace: 52410K(55040K)->52410K(55040K) NonClass: 46481K(47872K)->46481K(47872K) Class: 5929K(7168K)->5929K(7168K)
[2026-06-18T00:01:35.621+0000][9212.478s][info][gc            ] GC(423) Pause Young (Normal) (G1 Evacuation Pause) 447M->205M(512M) 5.047ms
[2026-06-18T00:01:35.621+0000][9212.479s][info][gc,cpu        ] GC(423) User=0.03s Sys=0.00s Real=0.00s
[2026-06-18T00:01:37.281+0000][9214.139s][info][gc,start      ] GC(424) Pause Young (Concurrent Start) (G1 Evacuation Pause)
[2026-06-18T00:01:37.281+0000][9214.139s][info][gc,task       ] GC(424) Using 13 workers of 13 for evacuation
[2026-06-18T00:01:37.284+0000][9214.142s][info][gc,phases     ] GC(424)   Pre Evacuate Collection Set: 0.3ms
[2026-06-18T00:01:37.284+0000][9214.142s][info][gc,phases     ] GC(424)   Evacuate Collection Set: 1.9ms
[2026-06-18T00:01:37.284+0000][9214.142s][info][gc,phases     ] GC(424)   Post Evacuate Collection Set: 0.3ms
[2026-06-18T00:01:37.284+0000][9214.142s][info][gc,phases     ] GC(424)   Other: 0.4ms
[2026-06-18T00:01:37.284+0000][9214.142s][info][gc,heap       ] GC(424) Eden regions: 239->0(243)
[2026-06-18T00:01:37.284+0000][9214.142s][info][gc,heap       ] GC(424) Survivor regions: 8->5(31)
[2026-06-18T00:01:37.284+0000][9214.142s][info][gc,heap       ] GC(424) Old regions: 52->52
[2026-06-18T00:01:37.284+0000][9214.142s][info][gc,heap       ] GC(424) Humongous regions: 147->147
[2026-06-18T00:01:37.285+0000][9214.142s][info][gc,metaspace  ] GC(424) Metaspace: 52410K(55040K)->52410K(55040K) NonClass: 46481K(47872K)->46481K(47872K) Class: 5929K(7168K)->5929K(7168K)
[2026-06-18T00:01:37.285+0000][9214.142s][info][gc            ] GC(424) Pause Young (Concurrent Start) (G1 Evacuation Pause) 444M->203M(512M) 3.703ms
[2026-06-18T00:01:37.285+0000][9214.142s][info][gc,cpu        ] GC(424) User=0.03s Sys=0.00s Real=0.00s
[2026-06-18T00:01:37.285+0000][9214.142s][info][gc            ] GC(425) Concurrent Cycle
[2026-06-18T00:01:37.285+0000][9214.143s][info][gc,marking    ] GC(425) Concurrent Clear Claimed Marks
[2026-06-18T00:01:37.285+0000][9214.143s][info][gc,marking    ] GC(425) Concurrent Clear Claimed Marks 0.200ms
[2026-06-18T00:01:37.285+0000][9214.143s][info][gc,marking    ] GC(425) Concurrent Scan Root Regions
[2026-06-18T00:01:37.286+0000][9214.144s][info][gc,marking    ] GC(425) Concurrent Scan Root Regions 1.086ms
[2026-06-18T00:01:37.286+0000][9214.144s][info][gc,marking    ] GC(425) Concurrent Mark (9214.144s)
[2026-06-18T00:01:37.286+0000][9214.144s][info][gc,marking    ] GC(425) Concurrent Mark From Roots
[2026-06-18T00:01:37.286+0000][9214.144s][info][gc,task       ] GC(425) Using 3 workers of 3 for marking
[2026-06-18T00:01:37.292+0000][9214.149s][info][gc,marking    ] GC(425) Concurrent Mark From Roots 5.390ms
[2026-06-18T00:01:37.292+0000][9214.150s][info][gc,marking    ] GC(425) Concurrent Preclean
[2026-06-18T00:01:37.292+0000][9214.150s][info][gc,marking    ] GC(425) Concurrent Preclean 0.219ms
[2026-06-18T00:01:37.292+0000][9214.150s][info][gc,marking    ] GC(425) Concurrent Mark (9214.144s, 9214.150s) 5.865ms
[2026-06-18T00:01:37.292+0000][9214.150s][info][gc,start      ] GC(425) Pause Remark
[2026-06-18T00:01:37.295+0000][9214.153s][info][gc,stringtable] GC(425) Cleaned string and symbol table, strings: 17308 processed, 0 removed, symbols: 125074 processed, 0 removed
[2026-06-18T00:01:37.295+0000][9214.153s][info][gc            ] GC(425) Pause Remark 207M->207M(512M) 2.688ms
[2026-06-18T00:01:37.295+0000][9214.153s][info][gc,cpu        ] GC(425) User=0.02s Sys=0.00s Real=0.01s
[2026-06-18T00:01:37.295+0000][9214.153s][info][gc,marking    ] GC(425) Concurrent Rebuild Remembered Sets
[2026-06-18T00:01:37.300+0000][9214.157s][info][gc,marking    ] GC(425) Concurrent Rebuild Remembered Sets 4.457ms
[2026-06-18T00:01:37.300+0000][9214.158s][info][gc,start      ] GC(425) Pause Cleanup
[2026-06-18T00:01:37.300+0000][9214.158s][info][gc            ] GC(425) Pause Cleanup 207M->207M(512M) 0.208ms
[2026-06-18T00:01:37.300+0000][9214.158s][info][gc,cpu        ] GC(425) User=0.00s Sys=0.00s Real=0.00s
[2026-06-18T00:01:37.300+0000][9214.158s][info][gc,marking    ] GC(425) Concurrent Cleanup for Next Mark
[2026-06-18T00:01:37.300+0000][9214.158s][info][gc,marking    ] GC(425) Concurrent Cleanup for Next Mark 0.155ms
[2026-06-18T00:01:37.301+0000][9214.158s][info][gc            ] GC(425) Concurrent Cycle 15.818ms
[2026-06-18T00:01:38.617+0000][9215.474s][info][gc,start      ] GC(426) Pause Young (Prepare Mixed) (G1 Evacuation Pause)
[2026-06-18T00:01:38.617+0000][9215.475s][info][gc,task       ] GC(426) Using 13 workers of 13 for evacuation
[2026-06-18T00:01:38.620+0000][9215.478s][info][gc,phases     ] GC(426)   Pre Evacuate Collection Set: 0.0ms
[2026-06-18T00:01:38.620+0000][9215.478s][info][gc,phases     ] GC(426)   Evacuate Collection Set: 2.7ms
[2026-06-18T00:01:38.620+0000][9215.478s][info][gc,phases     ] GC(426)   Post Evacuate Collection Set: 0.5ms
[2026-06-18T00:01:38.620+0000][9215.478s][info][gc,phases     ] GC(426)   Other: 0.4ms
[2026-06-18T00:01:38.620+0000][9215.478s][info][gc,heap       ] GC(426) Eden regions: 243->0(16)
[2026-06-18T00:01:38.620+0000][9215.478s][info][gc,heap       ] GC(426) Survivor regions: 5->9(31)
[2026-06-18T00:01:38.621+0000][9215.478s][info][gc,heap       ] GC(426) Old regions: 52->52
[2026-06-18T00:01:38.621+0000][9215.478s][info][gc,heap       ] GC(426) Humongous regions: 147->147
[2026-06-18T00:01:38.621+0000][9215.478s][info][gc,metaspace  ] GC(426) Metaspace: 52410K(55040K)->52410K(55040K) NonClass: 46481K(47872K)->46481K(47872K) Class: 5929K(7168K)->5929K(7168K)
[2026-06-18T00:01:38.621+0000][9215.479s][info][gc            ] GC(426) Pause Young (Prepare Mixed) (G1 Evacuation Pause) 446M->206M(512M) 4.167ms
[2026-06-18T00:01:38.621+0000][9215.479s][info][gc,cpu        ] GC(426) User=0.04s Sys=0.00s Real=0.00s
[2026-06-18T00:01:38.703+0000][9215.560s][info][gc,start      ] GC(427) Pause Young (Mixed) (G1 Evacuation Pause)
[2026-06-18T00:01:38.703+0000][9215.561s][info][gc,task       ] GC(427) Using 13 workers of 13 for evacuation
[2026-06-18T00:01:38.705+0000][9215.563s][info][gc,phases     ] GC(427)   Pre Evacuate Collection Set: 0.0ms
[2026-06-18T00:01:38.705+0000][9215.563s][info][gc,phases     ] GC(427)   Evacuate Collection Set: 1.7ms
[2026-06-18T00:01:38.705+0000][9215.563s][info][gc,phases     ] GC(427)   Post Evacuate Collection Set: 0.3ms
[2026-06-18T00:01:38.705+0000][9215.563s][info][gc,phases     ] GC(427)   Other: 0.4ms
[2026-06-18T00:01:38.705+0000][9215.563s][info][gc,heap       ] GC(427) Eden regions: 16->0(249)
[2026-06-18T00:01:38.706+0000][9215.563s][info][gc,heap       ] GC(427) Survivor regions: 9->2(4)
[2026-06-18T00:01:38.706+0000][9215.563s][info][gc,heap       ] GC(427) Old regions: 52->46
[2026-06-18T00:01:38.706+0000][9215.563s][info][gc,heap       ] GC(427) Humongous regions: 147->147
[2026-06-18T00:01:38.706+0000][9215.564s][info][gc,metaspace  ] GC(427) Metaspace: 52410K(55040K)->52410K(55040K) NonClass: 46481K(47872K)->46481K(47872K) Class: 5929K(7168K)->5929K(7168K)
[2026-06-18T00:01:38.706+0000][9215.564s][info][gc            ] GC(427) Pause Young (Mixed) (G1 Evacuation Pause) 222M->194M(512M) 3.124ms
[2026-06-18T00:01:38.706+0000][9215.564s][info][gc,cpu        ] GC(427) User=0.02s Sys=0.00s Real=0.01s
[2026-06-18T00:02:27.590+0000][9264.449s][info][gc,start      ] GC(428) Pause Young (Normal) (G1 Evacuation Pause)
[2026-06-18T00:02:27.591+0000][9264.449s][info][gc,task       ] GC(428) Using 13 workers of 13 for evacuation
[2026-06-18T00:02:27.595+0000][9264.453s][info][gc,phases     ] GC(428)   Pre Evacuate Collection Set: 0.1ms
[2026-06-18T00:02:27.595+0000][9264.453s][info][gc,phases     ] GC(428)   Evacuate Collection Set: 3.9ms
[2026-06-18T00:02:27.595+0000][9264.454s][info][gc,phases     ] GC(428)   Post Evacuate Collection Set: 0.4ms
[2026-06-18T00:02:27.595+0000][9264.454s][info][gc,phases     ] GC(428)   Other: 0.4ms
[2026-06-18T00:02:27.595+0000][9264.454s][info][gc,heap       ] GC(428) Eden regions: 249->0(246)
[2026-06-18T00:02:27.595+0000][9264.454s][info][gc,heap       ] GC(428) Survivor regions: 2->6(32)
[2026-06-18T00:02:27.596+0000][9264.454s][info][gc,heap       ] GC(428) Old regions: 46->46
[2026-06-18T00:02:27.596+0000][9264.454s][info][gc,heap       ] GC(428) Humongous regions: 147->147
[2026-06-18T00:02:27.596+0000][9264.454s][info][gc,metaspace  ] GC(428) Metaspace: 52421K(55296K)->52421K(55296K) NonClass: 46491K(48128K)->46491K(48128K) Class: 5929K(7168K)->5929K(7168K)
[2026-06-18T00:02:27.596+0000][9264.454s][info][gc            ] GC(428) Pause Young (Normal) (G1 Evacuation Pause) 443M->197M(512M) 5.377ms
[2026-06-18T00:02:27.596+0000][9264.454s][info][gc,cpu        ] GC(428) User=0.01s Sys=0.00s Real=0.01s
[2026-06-18T00:02:29.251+0000][9266.109s][info][gc,start      ] GC(429) Pause Young (Normal) (G1 Evacuation Pause)
[2026-06-18T00:02:29.251+0000][9266.109s][info][gc,task       ] GC(429) Using 13 workers of 13 for evacuation
[2026-06-18T00:02:29.260+0000][9266.118s][info][gc,phases     ] GC(429)   Pre Evacuate Collection Set: 0.0ms
[2026-06-18T00:02:29.260+0000][9266.118s][info][gc,phases     ] GC(429)   Evacuate Collection Set: 8.3ms
[2026-06-18T00:02:29.260+0000][9266.118s][info][gc,phases     ] GC(429)   Post Evacuate Collection Set: 0.4ms
[2026-06-18T00:02:29.260+0000][9266.118s][info][gc,phases     ] GC(429)   Other: 0.4ms
[2026-06-18T00:02:29.260+0000][9266.118s][info][gc,heap       ] GC(429) Eden regions: 246->0(241)
[2026-06-18T00:02:29.260+0000][9266.119s][info][gc,heap       ] GC(429) Survivor regions: 6->9(32)
[2026-06-18T00:02:29.260+0000][9266.119s][info][gc,heap       ] GC(429) Old regions: 46->46
[2026-06-18T00:02:29.260+0000][9266.119s][info][gc,heap       ] GC(429) Humongous regions: 147->147
[2026-06-18T00:02:29.260+0000][9266.119s][info][gc,metaspace  ] GC(429) Metaspace: 52421K(55296K)->52421K(55296K) NonClass: 46491K(48128K)->46491K(48128K) Class: 5929K(7168K)->5929K(7168K)
[2026-06-18T00:02:29.261+0000][9266.119s][info][gc            ] GC(429) Pause Young (Normal) (G1 Evacuation Pause) 443M->201M(512M) 9.731ms
[2026-06-18T00:02:29.261+0000][9266.119s][info][gc,cpu        ] GC(429) User=0.07s Sys=0.00s Real=0.01s
[2026-06-18T00:02:30.609+0000][9267.468s][info][gc,start      ] GC(430) Pause Young (Concurrent Start) (G1 Evacuation Pause)
[2026-06-18T00:02:30.610+0000][9267.468s][info][gc,task       ] GC(430) Using 13 workers of 13 for evacuation
[2026-06-18T00:02:30.612+0000][9267.471s][info][gc,phases     ] GC(430)   Pre Evacuate Collection Set: 0.3ms
[2026-06-18T00:02:30.612+0000][9267.471s][info][gc,phases     ] GC(430)   Evacuate Collection Set: 1.9ms
[2026-06-18T00:02:30.613+0000][9267.471s][info][gc,phases     ] GC(430)   Post Evacuate Collection Set: 0.3ms
[2026-06-18T00:02:30.613+0000][9267.471s][info][gc,phases     ] GC(430)   Other: 0.4ms
[2026-06-18T00:02:30.613+0000][9267.471s][info][gc,heap       ] GC(430) Eden regions: 241->0(245)
[2026-06-18T00:02:30.613+0000][9267.471s][info][gc,heap       ] GC(430) Survivor regions: 9->6(32)
[2026-06-18T00:02:30.613+0000][9267.471s][info][gc,heap       ] GC(430) Old regions: 46->46
[2026-06-18T00:02:30.613+0000][9267.471s][info][gc,heap       ] GC(430) Humongous regions: 147->147
[2026-06-18T00:02:30.613+0000][9267.471s][info][gc,metaspace  ] GC(430) Metaspace: 52421K(55296K)->52421K(55296K) NonClass: 46491K(48128K)->46491K(48128K) Class: 5929K(7168K)->5929K(7168K)
[2026-06-18T00:02:30.613+0000][9267.471s][info][gc            ] GC(430) Pause Young (Concurrent Start) (G1 Evacuation Pause) 442M->198M(512M) 3.591ms
[2026-06-18T00:02:30.613+0000][9267.471s][info][gc,cpu        ] GC(430) User=0.02s Sys=0.01s Real=0.00s
[2026-06-18T00:02:30.613+0000][9267.471s][info][gc            ] GC(431) Concurrent Cycle
[2026-06-18T00:02:30.613+0000][9267.472s][info][gc,marking    ] GC(431) Concurrent Clear Claimed Marks
[2026-06-18T00:02:30.613+0000][9267.472s][info][gc,marking    ] GC(431) Concurrent Clear Claimed Marks 0.210ms
[2026-06-18T00:02:30.614+0000][9267.472s][info][gc,marking    ] GC(431) Concurrent Scan Root Regions
[2026-06-18T00:02:30.615+0000][9267.473s][info][gc,marking    ] GC(431) Concurrent Scan Root Regions 1.122ms
[2026-06-18T00:02:30.615+0000][9267.473s][info][gc,marking    ] GC(431) Concurrent Mark (9267.473s)
[2026-06-18T00:02:30.615+0000][9267.473s][info][gc,marking    ] GC(431) Concurrent Mark From Roots
[2026-06-18T00:02:30.615+0000][9267.473s][info][gc,task       ] GC(431) Using 3 workers of 3 for marking
[2026-06-18T00:02:30.621+0000][9267.479s][info][gc,marking    ] GC(431) Concurrent Mark From Roots 5.910ms
[2026-06-18T00:02:30.621+0000][9267.479s][info][gc,marking    ] GC(431) Concurrent Preclean
[2026-06-18T00:02:30.621+0000][9267.479s][info][gc,marking    ] GC(431) Concurrent Preclean 0.268ms
[2026-06-18T00:02:30.621+0000][9267.480s][info][gc,marking    ] GC(431) Concurrent Mark (9267.473s, 9267.480s) 6.482ms
[2026-06-18T00:02:30.622+0000][9267.480s][info][gc,start      ] GC(431) Pause Remark
[2026-06-18T00:02:30.624+0000][9267.482s][info][gc,stringtable] GC(431) Cleaned string and symbol table, strings: 17309 processed, 0 removed, symbols: 125074 processed, 0 removed
[2026-06-18T00:02:30.624+0000][9267.483s][info][gc            ] GC(431) Pause Remark 202M->202M(512M) 2.798ms
[2026-06-18T00:02:30.624+0000][9267.483s][info][gc,cpu        ] GC(431) User=0.03s Sys=0.00s Real=0.00s
[2026-06-18T00:02:30.624+0000][9267.483s][info][gc,marking    ] GC(431) Concurrent Rebuild Remembered Sets
[2026-06-18T00:02:30.628+0000][9267.486s][info][gc,marking    ] GC(431) Concurrent Rebuild Remembered Sets 3.622ms
[2026-06-18T00:02:30.628+0000][9267.487s][info][gc,start      ] GC(431) Pause Cleanup
[2026-06-18T00:02:30.629+0000][9267.487s][info][gc            ] GC(431) Pause Cleanup 202M->202M(512M) 0.177ms
[2026-06-18T00:02:30.629+0000][9267.487s][info][gc,cpu        ] GC(431) User=0.00s Sys=0.00s Real=0.00s
[2026-06-18T00:02:30.629+0000][9267.487s][info][gc,marking    ] GC(431) Concurrent Cleanup for Next Mark
[2026-06-18T00:02:30.629+0000][9267.487s][info][gc,marking    ] GC(431) Concurrent Cleanup for Next Mark 0.150ms
[2026-06-18T00:02:30.629+0000][9267.487s][info][gc            ] GC(431) Concurrent Cycle 15.796ms
[2026-06-18T00:02:31.917+0000][9268.776s][info][gc,start      ] GC(432) Pause Young (Prepare Mixed) (G1 Evacuation Pause)
[2026-06-18T00:02:31.917+0000][9268.776s][info][gc,task       ] GC(432) Using 13 workers of 13 for evacuation
[2026-06-18T00:02:31.919+0000][9268.777s][info][gc,phases     ] GC(432)   Pre Evacuate Collection Set: 0.0ms
[2026-06-18T00:02:31.919+0000][9268.778s][info][gc,phases     ] GC(432)   Evacuate Collection Set: 1.3ms
[2026-06-18T00:02:31.919+0000][9268.778s][info][gc,phases     ] GC(432)   Post Evacuate Collection Set: 0.3ms
[2026-06-18T00:02:31.919+0000][9268.778s][info][gc,phases     ] GC(432)   Other: 0.3ms
[2026-06-18T00:02:31.919+0000][9268.778s][info][gc,heap       ] GC(432) Eden regions: 245->0(22)
[2026-06-18T00:02:31.920+0000][9268.778s][info][gc,heap       ] GC(432) Survivor regions: 6->3(32)
[2026-06-18T00:02:31.920+0000][9268.778s][info][gc,heap       ] GC(432) Old regions: 46->46
[2026-06-18T00:02:31.920+0000][9268.778s][info][gc,heap       ] GC(432) Humongous regions: 147->147
[2026-06-18T00:02:31.920+0000][9268.778s][info][gc,metaspace  ] GC(432) Metaspace: 52421K(55296K)->52421K(55296K) NonClass: 46491K(48128K)->46491K(48128K) Class: 5929K(7168K)->5929K(7168K)
[2026-06-18T00:02:31.920+0000][9268.778s][info][gc            ] GC(432) Pause Young (Prepare Mixed) (G1 Evacuation Pause) 443M->195M(512M) 2.506ms
[2026-06-18T00:02:31.920+0000][9268.778s][info][gc,cpu        ] GC(432) User=0.01s Sys=0.00s Real=0.00s
[2026-06-18T00:02:32.026+0000][9268.885s][info][gc,start      ] GC(433) Pause Young (Mixed) (G1 Evacuation Pause)
[2026-06-18T00:02:32.026+0000][9268.885s][info][gc,task       ] GC(433) Using 13 workers of 13 for evacuation
[2026-06-18T00:02:32.028+0000][9268.886s][info][gc,phases     ] GC(433)   Pre Evacuate Collection Set: 0.0ms
[2026-06-18T00:02:32.028+0000][9268.886s][info][gc,phases     ] GC(433)   Evacuate Collection Set: 1.2ms
[2026-06-18T00:02:32.028+0000][9268.887s][info][gc,phases     ] GC(433)   Post Evacuate Collection Set: 0.3ms
[2026-06-18T00:02:32.028+0000][9268.887s][info][gc,phases     ] GC(433)   Other: 0.3ms
[2026-06-18T00:02:32.028+0000][9268.887s][info][gc,heap       ] GC(433) Eden regions: 22->0(249)
[2026-06-18T00:02:32.028+0000][9268.887s][info][gc,heap       ] GC(433) Survivor regions: 3->4(4)
[2026-06-18T00:02:32.029+0000][9268.887s][info][gc,heap       ] GC(433) Old regions: 46->45
[2026-06-18T00:02:32.029+0000][9268.887s][info][gc,heap       ] GC(433) Humongous regions: 147->147
[2026-06-18T00:02:32.029+0000][9268.887s][info][gc,metaspace  ] GC(433) Metaspace: 52421K(55296K)->52421K(55296K) NonClass: 46491K(48128K)->46491K(48128K) Class: 5929K(7168K)->5929K(7168K)
[2026-06-18T00:02:32.029+0000][9268.887s][info][gc            ] GC(433) Pause Young (Mixed) (G1 Evacuation Pause) 217M->194M(512M) 2.335ms
[2026-06-18T00:02:32.029+0000][9268.887s][info][gc,cpu        ] GC(433) User=0.01s Sys=0.00s Real=0.00s
[2026-06-18T00:03:20.739+0000][9317.598s][info][gc,start      ] GC(434) Pause Young (Normal) (G1 Evacuation Pause)
[2026-06-18T00:03:20.739+0000][9317.598s][info][gc,task       ] GC(434) Using 13 workers of 13 for evacuation
[2026-06-18T00:03:20.741+0000][9317.600s][info][gc,phases     ] GC(434)   Pre Evacuate Collection Set: 0.0ms
[2026-06-18T00:03:20.741+0000][9317.600s][info][gc,phases     ] GC(434)   Evacuate Collection Set: 1.7ms
[2026-06-18T00:03:20.741+0000][9317.600s][info][gc,phases     ] GC(434)   Post Evacuate Collection Set: 0.3ms
[2026-06-18T00:03:20.742+0000][9317.600s][info][gc,phases     ] GC(434)   Other: 0.3ms
[2026-06-18T00:03:20.742+0000][9317.600s][info][gc,heap       ] GC(434) Eden regions: 249->0(245)
[2026-06-18T00:03:20.742+0000][9317.600s][info][gc,heap       ] GC(434) Survivor regions: 4->8(32)
[2026-06-18T00:03:20.742+0000][9317.600s][info][gc,heap       ] GC(434) Old regions: 45->45
[2026-06-18T00:03:20.742+0000][9317.600s][info][gc,heap       ] GC(434) Humongous regions: 147->147
[2026-06-18T00:03:20.742+0000][9317.600s][info][gc,metaspace  ] GC(434) Metaspace: 52421K(55296K)->52421K(55296K) NonClass: 46492K(48128K)->46492K(48128K) Class: 5929K(7168K)->5929K(7168K)
[2026-06-18T00:03:20.742+0000][9317.600s][info][gc            ] GC(434) Pause Young (Normal) (G1 Evacuation Pause) 443M->198M(512M) 2.899ms
[2026-06-18T00:03:20.742+0000][9317.601s][info][gc,cpu        ] GC(434) User=0.02s Sys=0.00s Real=0.00s
[2026-06-18T00:03:22.247+0000][9319.105s][info][gc,start      ] GC(435) Pause Young (Normal) (G1 Evacuation Pause)
[2026-06-18T00:03:22.247+0000][9319.106s][info][gc,task       ] GC(435) Using 13 workers of 13 for evacuation
[2026-06-18T00:03:22.249+0000][9319.108s][info][gc,phases     ] GC(435)   Pre Evacuate Collection Set: 0.0ms
[2026-06-18T00:03:22.249+0000][9319.108s][info][gc,phases     ] GC(435)   Evacuate Collection Set: 1.6ms
[2026-06-18T00:03:22.249+0000][9319.108s][info][gc,phases     ] GC(435)   Post Evacuate Collection Set: 0.4ms
[2026-06-18T00:03:22.250+0000][9319.108s][info][gc,phases     ] GC(435)   Other: 0.7ms
[2026-06-18T00:03:22.250+0000][9319.108s][info][gc,heap       ] GC(435) Eden regions: 245->0(249)
[2026-06-18T00:03:22.250+0000][9319.108s][info][gc,heap       ] GC(435) Survivor regions: 8->5(32)
[2026-06-18T00:03:22.250+0000][9319.108s][info][gc,heap       ] GC(435) Old regions: 45->45
[2026-06-18T00:03:22.250+0000][9319.108s][info][gc,heap       ] GC(435) Humongous regions: 147->147
[2026-06-18T00:03:22.250+0000][9319.108s][info][gc,metaspace  ] GC(435) Metaspace: 52421K(55296K)->52421K(55296K) NonClass: 46492K(48128K)->46492K(48128K) Class: 5929K(7168K)->5929K(7168K)
[2026-06-18T00:03:22.250+0000][9319.108s][info][gc            ] GC(435) Pause Young (Normal) (G1 Evacuation Pause) 443M->195M(512M) 3.155ms
[2026-06-18T00:03:22.250+0000][9319.108s][info][gc,cpu        ] GC(435) User=0.02s Sys=0.01s Real=0.00s
[2026-06-18T00:03:23.524+0000][9320.382s][info][gc,start      ] GC(436) Pause Young (Concurrent Start) (G1 Evacuation Pause)
[2026-06-18T00:03:23.524+0000][9320.382s][info][gc,task       ] GC(436) Using 13 workers of 13 for evacuation
[2026-06-18T00:03:23.527+0000][9320.386s][info][gc,phases     ] GC(436)   Pre Evacuate Collection Set: 0.3ms
[2026-06-18T00:03:23.527+0000][9320.386s][info][gc,phases     ] GC(436)   Evacuate Collection Set: 2.3ms
[2026-06-18T00:03:23.527+0000][9320.386s][info][gc,phases     ] GC(436)   Post Evacuate Collection Set: 0.4ms
[2026-06-18T00:03:23.527+0000][9320.386s][info][gc,phases     ] GC(436)   Other: 0.3ms
[2026-06-18T00:03:23.527+0000][9320.386s][info][gc,heap       ] GC(436) Eden regions: 249->0(244)
[2026-06-18T00:03:23.527+0000][9320.386s][info][gc,heap       ] GC(436) Survivor regions: 5->10(32)
[2026-06-18T00:03:23.527+0000][9320.386s][info][gc,heap       ] GC(436) Old regions: 45->45
[2026-06-18T00:03:23.527+0000][9320.386s][info][gc,heap       ] GC(436) Humongous regions: 147->147
[2026-06-18T00:03:23.527+0000][9320.386s][info][gc,metaspace  ] GC(436) Metaspace: 52421K(55296K)->52421K(55296K) NonClass: 46492K(48128K)->46492K(48128K) Class: 5929K(7168K)->5929K(7168K)
[2026-06-18T00:03:23.527+0000][9320.386s][info][gc            ] GC(436) Pause Young (Concurrent Start) (G1 Evacuation Pause) 444M->200M(512M) 3.742ms
[2026-06-18T00:03:23.527+0000][9320.386s][info][gc,cpu        ] GC(436) User=0.03s Sys=0.00s Real=0.01s
[2026-06-18T00:03:23.528+0000][9320.386s][info][gc            ] GC(437) Concurrent Cycle
[2026-06-18T00:03:23.528+0000][9320.386s][info][gc,marking    ] GC(437) Concurrent Clear Claimed Marks
[2026-06-18T00:03:23.528+0000][9320.387s][info][gc,marking    ] GC(437) Concurrent Clear Claimed Marks 0.254ms
[2026-06-18T00:03:23.528+0000][9320.387s][info][gc,marking    ] GC(437) Concurrent Scan Root Regions
[2026-06-18T00:03:23.530+0000][9320.389s][info][gc,marking    ] GC(437) Concurrent Scan Root Regions 1.783ms
[2026-06-18T00:03:23.530+0000][9320.389s][info][gc,marking    ] GC(437) Concurrent Mark (9320.389s)
[2026-06-18T00:03:23.530+0000][9320.389s][info][gc,marking    ] GC(437) Concurrent Mark From Roots
[2026-06-18T00:03:23.530+0000][9320.389s][info][gc,task       ] GC(437) Using 3 workers of 3 for marking
[2026-06-18T00:03:23.536+0000][9320.394s][info][gc,marking    ] GC(437) Concurrent Mark From Roots 5.733ms
[2026-06-18T00:03:23.536+0000][9320.395s][info][gc,marking    ] GC(437) Concurrent Preclean
[2026-06-18T00:03:23.536+0000][9320.395s][info][gc,marking    ] GC(437) Concurrent Preclean 0.204ms
[2026-06-18T00:03:23.536+0000][9320.395s][info][gc,marking    ] GC(437) Concurrent Mark (9320.389s, 9320.395s) 6.229ms
[2026-06-18T00:03:23.536+0000][9320.395s][info][gc,start      ] GC(437) Pause Remark
[2026-06-18T00:03:23.540+0000][9320.399s][info][gc,stringtable] GC(437) Cleaned string and symbol table, strings: 17317 processed, 0 removed, symbols: 125074 processed, 0 removed
[2026-06-18T00:03:23.540+0000][9320.399s][info][gc            ] GC(437) Pause Remark 205M->205M(512M) 3.943ms
[2026-06-18T00:03:23.540+0000][9320.399s][info][gc,cpu        ] GC(437) User=0.04s Sys=0.00s Real=0.00s
[2026-06-18T00:03:23.541+0000][9320.399s][info][gc,marking    ] GC(437) Concurrent Rebuild Remembered Sets
[2026-06-18T00:03:23.545+0000][9320.403s][info][gc,marking    ] GC(437) Concurrent Rebuild Remembered Sets 4.078ms
[2026-06-18T00:03:23.545+0000][9320.403s][info][gc,start      ] GC(437) Pause Cleanup
[2026-06-18T00:03:23.545+0000][9320.404s][info][gc            ] GC(437) Pause Cleanup 206M->206M(512M) 0.213ms
[2026-06-18T00:03:23.545+0000][9320.404s][info][gc,cpu        ] GC(437) User=0.00s Sys=0.00s Real=0.00s
[2026-06-18T00:03:23.545+0000][9320.404s][info][gc,marking    ] GC(437) Concurrent Cleanup for Next Mark
[2026-06-18T00:03:23.545+0000][9320.404s][info][gc,marking    ] GC(437) Concurrent Cleanup for Next Mark 0.166ms
[2026-06-18T00:03:23.546+0000][9320.404s][info][gc            ] GC(437) Concurrent Cycle 17.965ms
[2026-06-18T00:04:11.799+0000][9368.659s][info][gc,start      ] GC(438) Pause Young (Prepare Mixed) (G1 Evacuation Pause)
[2026-06-18T00:04:11.800+0000][9368.659s][info][gc,task       ] GC(438) Using 13 workers of 13 for evacuation
[2026-06-18T00:04:11.802+0000][9368.662s][info][gc,phases     ] GC(438)   Pre Evacuate Collection Set: 0.0ms
[2026-06-18T00:04:11.802+0000][9368.662s][info][gc,phases     ] GC(438)   Evacuate Collection Set: 2.0ms
[2026-06-18T00:04:11.802+0000][9368.662s][info][gc,phases     ] GC(438)   Post Evacuate Collection Set: 0.5ms
[2026-06-18T00:04:11.803+0000][9368.662s][info][gc,phases     ] GC(438)   Other: 0.3ms
[2026-06-18T00:04:11.803+0000][9368.662s][info][gc,heap       ] GC(438) Eden regions: 244->0(18)
[2026-06-18T00:04:11.803+0000][9368.662s][info][gc,heap       ] GC(438) Survivor regions: 10->7(32)
[2026-06-18T00:04:11.803+0000][9368.662s][info][gc,heap       ] GC(438) Old regions: 45->45
[2026-06-18T00:04:11.803+0000][9368.663s][info][gc,heap       ] GC(438) Humongous regions: 147->147
[2026-06-18T00:04:11.803+0000][9368.663s][info][gc,metaspace  ] GC(438) Metaspace: 52423K(55296K)->52423K(55296K) NonClass: 46493K(48128K)->46493K(48128K) Class: 5929K(7168K)->5929K(7168K)
[2026-06-18T00:04:11.803+0000][9368.663s][info][gc            ] GC(438) Pause Young (Prepare Mixed) (G1 Evacuation Pause) 444M->197M(512M) 3.585ms
[2026-06-18T00:04:11.803+0000][9368.663s][info][gc,cpu        ] GC(438) User=0.02s Sys=0.00s Real=0.01s
[2026-06-18T00:04:11.932+0000][9368.792s][info][gc,start      ] GC(439) Pause Young (Mixed) (G1 Evacuation Pause)
[2026-06-18T00:04:11.932+0000][9368.792s][info][gc,task       ] GC(439) Using 13 workers of 13 for evacuation
[2026-06-18T00:04:11.936+0000][9368.795s][info][gc,phases     ] GC(439)   Pre Evacuate Collection Set: 0.0ms
[2026-06-18T00:04:11.936+0000][9368.796s][info][gc,phases     ] GC(439)   Evacuate Collection Set: 3.0ms
[2026-06-18T00:04:11.936+0000][9368.796s][info][gc,phases     ] GC(439)   Post Evacuate Collection Set: 0.3ms
[2026-06-18T00:04:11.936+0000][9368.796s][info][gc,phases     ] GC(439)   Other: 0.3ms
[2026-06-18T00:04:11.936+0000][9368.796s][info][gc,heap       ] GC(439) Eden regions: 18->0(248)
[2026-06-18T00:04:11.936+0000][9368.796s][info][gc,heap       ] GC(439) Survivor regions: 7->2(4)
[2026-06-18T00:04:11.936+0000][9368.796s][info][gc,heap       ] GC(439) Old regions: 45->49
[2026-06-18T00:04:11.936+0000][9368.796s][info][gc,heap       ] GC(439) Humongous regions: 147->147
[2026-06-18T00:04:11.936+0000][9368.796s][info][gc,metaspace  ] GC(439) Metaspace: 52423K(55296K)->52423K(55296K) NonClass: 46493K(48128K)->46493K(48128K) Class: 5929K(7168K)->5929K(7168K)
[2026-06-18T00:04:11.936+0000][9368.796s][info][gc            ] GC(439) Pause Young (Mixed) (G1 Evacuation Pause) 215M->197M(512M) 4.282ms
[2026-06-18T00:04:11.936+0000][9368.796s][info][gc,cpu        ] GC(439) User=0.03s Sys=0.00s Real=0.01s
[2026-06-18T00:04:13.654+0000][9370.514s][info][gc,start      ] GC(440) Pause Young (Normal) (G1 Evacuation Pause)
[2026-06-18T00:04:13.655+0000][9370.514s][info][gc,task       ] GC(440) Using 13 workers of 13 for evacuation
[2026-06-18T00:04:13.664+0000][9370.524s][info][gc,phases     ] GC(440)   Pre Evacuate Collection Set: 0.0ms
[2026-06-18T00:04:13.664+0000][9370.524s][info][gc,phases     ] GC(440)   Evacuate Collection Set: 8.9ms
[2026-06-18T00:04:13.664+0000][9370.524s][info][gc,phases     ] GC(440)   Post Evacuate Collection Set: 0.4ms
[2026-06-18T00:04:13.664+0000][9370.524s][info][gc,phases     ] GC(440)   Other: 0.3ms
[2026-06-18T00:04:13.664+0000][9370.524s][info][gc,heap       ] GC(440) Eden regions: 248->0(242)
[2026-06-18T00:04:13.664+0000][9370.524s][info][gc,heap       ] GC(440) Survivor regions: 2->7(32)
[2026-06-18T00:04:13.664+0000][9370.524s][info][gc,heap       ] GC(440) Old regions: 49->49
[2026-06-18T00:04:13.665+0000][9370.524s][info][gc,heap       ] GC(440) Humongous regions: 147->147
[2026-06-18T00:04:13.665+0000][9370.524s][info][gc,metaspace  ] GC(440) Metaspace: 52423K(55296K)->52423K(55296K) NonClass: 46493K(48128K)->46493K(48128K) Class: 5929K(7168K)->5929K(7168K)
[2026-06-18T00:04:13.665+0000][9370.524s][info][gc            ] GC(440) Pause Young (Normal) (G1 Evacuation Pause) 445M->202M(512M) 10.261ms
[2026-06-18T00:04:13.665+0000][9370.524s][info][gc,cpu        ] GC(440) User=0.07s Sys=0.00s Real=0.01s
[2026-06-18T00:04:15.002+0000][9371.862s][info][gc,start      ] GC(441) Pause Young (Normal) (G1 Evacuation Pause)
[2026-06-18T00:04:15.002+0000][9371.862s][info][gc,task       ] GC(441) Using 13 workers of 13 for evacuation
[2026-06-18T00:04:15.004+0000][9371.864s][info][gc,phases     ] GC(441)   Pre Evacuate Collection Set: 0.0ms
[2026-06-18T00:04:15.004+0000][9371.864s][info][gc,phases     ] GC(441)   Evacuate Collection Set: 1.2ms
[2026-06-18T00:04:15.004+0000][9371.864s][info][gc,phases     ] GC(441)   Post Evacuate Collection Set: 0.4ms
[2026-06-18T00:04:15.004+0000][9371.864s][info][gc,phases     ] GC(441)   Other: 0.3ms
[2026-06-18T00:04:15.004+0000][9371.864s][info][gc,heap       ] GC(441) Eden regions: 242->0(245)
[2026-06-18T00:04:15.004+0000][9371.864s][info][gc,heap       ] GC(441) Survivor regions: 7->3(32)
[2026-06-18T00:04:15.004+0000][9371.864s][info][gc,heap       ] GC(441) Old regions: 49->49
[2026-06-18T00:04:15.004+0000][9371.864s][info][gc,heap       ] GC(441) Humongous regions: 147->147
[2026-06-18T00:04:15.004+0000][9371.864s][info][gc,metaspace  ] GC(441) Metaspace: 52423K(55296K)->52423K(55296K) NonClass: 46493K(48128K)->46493K(48128K) Class: 5929K(7168K)->5929K(7168K)
[2026-06-18T00:04:15.005+0000][9371.864s][info][gc            ] GC(441) Pause Young (Normal) (G1 Evacuation Pause) 444M->198M(512M) 2.459ms
[2026-06-18T00:04:15.005+0000][9371.864s][info][gc,cpu        ] GC(441) User=0.01s Sys=0.00s Real=0.01s
[2026-06-18T00:04:16.251+0000][9373.111s][info][gc,start      ] GC(442) Pause Young (Concurrent Start) (G1 Evacuation Pause)
[2026-06-18T00:04:16.251+0000][9373.111s][info][gc,task       ] GC(442) Using 13 workers of 13 for evacuation
[2026-06-18T00:04:16.254+0000][9373.113s][info][gc,phases     ] GC(442)   Pre Evacuate Collection Set: 0.3ms
[2026-06-18T00:04:16.254+0000][9373.114s][info][gc,phases     ] GC(442)   Evacuate Collection Set: 1.7ms
[2026-06-18T00:04:16.254+0000][9373.114s][info][gc,phases     ] GC(442)   Post Evacuate Collection Set: 0.3ms
[2026-06-18T00:04:16.254+0000][9373.114s][info][gc,phases     ] GC(442)   Other: 0.4ms
[2026-06-18T00:04:16.254+0000][9373.114s][info][gc,heap       ] GC(442) Eden regions: 245->0(242)
[2026-06-18T00:04:16.254+0000][9373.114s][info][gc,heap       ] GC(442) Survivor regions: 3->8(31)
[2026-06-18T00:04:16.254+0000][9373.114s][info][gc,heap       ] GC(442) Old regions: 49->49
[2026-06-18T00:04:16.254+0000][9373.114s][info][gc,heap       ] GC(442) Humongous regions: 147->147
[2026-06-18T00:04:16.254+0000][9373.114s][info][gc,metaspace  ] GC(442) Metaspace: 52423K(55296K)->52423K(55296K) NonClass: 46493K(48128K)->46493K(48128K) Class: 5929K(7168K)->5929K(7168K)
[2026-06-18T00:04:16.254+0000][9373.114s][info][gc            ] GC(442) Pause Young (Concurrent Start) (G1 Evacuation Pause) 443M->203M(512M) 3.150ms
[2026-06-18T00:04:16.254+0000][9373.114s][info][gc,cpu        ] GC(442) User=0.02s Sys=0.00s Real=0.01s
[2026-06-18T00:04:16.254+0000][9373.114s][info][gc            ] GC(443) Concurrent Cycle
[2026-06-18T00:04:16.254+0000][9373.114s][info][gc,marking    ] GC(443) Concurrent Clear Claimed Marks
[2026-06-18T00:04:16.255+0000][9373.114s][info][gc,marking    ] GC(443) Concurrent Clear Claimed Marks 0.156ms
[2026-06-18T00:04:16.255+0000][9373.114s][info][gc,marking    ] GC(443) Concurrent Scan Root Regions
[2026-06-18T00:04:16.256+0000][9373.115s][info][gc,marking    ] GC(443) Concurrent Scan Root Regions 1.168ms
[2026-06-18T00:04:16.256+0000][9373.116s][info][gc,marking    ] GC(443) Concurrent Mark (9373.116s)
[2026-06-18T00:04:16.256+0000][9373.116s][info][gc,marking    ] GC(443) Concurrent Mark From Roots
[2026-06-18T00:04:16.256+0000][9373.116s][info][gc,task       ] GC(443) Using 3 workers of 3 for marking
[2026-06-18T00:04:16.261+0000][9373.121s][info][gc,marking    ] GC(443) Concurrent Mark From Roots 5.439ms
[2026-06-18T00:04:16.262+0000][9373.121s][info][gc,marking    ] GC(443) Concurrent Preclean
[2026-06-18T00:04:16.262+0000][9373.122s][info][gc,marking    ] GC(443) Concurrent Preclean 0.192ms
[2026-06-18T00:04:16.262+0000][9373.122s][info][gc,marking    ] GC(443) Concurrent Mark (9373.116s, 9373.122s) 6.089ms
[2026-06-18T00:04:16.262+0000][9373.122s][info][gc,start      ] GC(443) Pause Remark
[2026-06-18T00:04:16.265+0000][9373.125s][info][gc,stringtable] GC(443) Cleaned string and symbol table, strings: 17317 processed, 0 removed, symbols: 125074 processed, 0 removed
[2026-06-18T00:04:16.265+0000][9373.125s][info][gc            ] GC(443) Pause Remark 207M->207M(512M) 3.084ms
[2026-06-18T00:04:16.265+0000][9373.125s][info][gc,cpu        ] GC(443) User=0.02s Sys=0.00s Real=0.01s
[2026-06-18T00:04:16.266+0000][9373.125s][info][gc,marking    ] GC(443) Concurrent Rebuild Remembered Sets
[2026-06-18T00:04:16.270+0000][9373.130s][info][gc,marking    ] GC(443) Concurrent Rebuild Remembered Sets 4.421ms
[2026-06-18T00:04:16.270+0000][9373.130s][info][gc,start      ] GC(443) Pause Cleanup
[2026-06-18T00:04:16.270+0000][9373.130s][info][gc            ] GC(443) Pause Cleanup 208M->208M(512M) 0.214ms
[2026-06-18T00:04:16.271+0000][9373.130s][info][gc,cpu        ] GC(443) User=0.00s Sys=0.00s Real=0.00s
[2026-06-18T00:04:16.271+0000][9373.130s][info][gc,marking    ] GC(443) Concurrent Cleanup for Next Mark
[2026-06-18T00:04:16.271+0000][9373.130s][info][gc,marking    ] GC(443) Concurrent Cleanup for Next Mark 0.162ms
[2026-06-18T00:04:16.271+0000][9373.131s][info][gc            ] GC(443) Concurrent Cycle 16.456ms
[2026-06-18T00:05:04.985+0000][9421.845s][info][gc,start      ] GC(444) Pause Young (Prepare Mixed) (G1 Evacuation Pause)
[2026-06-18T00:05:04.985+0000][9421.845s][info][gc,task       ] GC(444) Using 13 workers of 13 for evacuation
[2026-06-18T00:05:04.987+0000][9421.847s][info][gc,phases     ] GC(444)   Pre Evacuate Collection Set: 0.0ms
[2026-06-18T00:05:04.988+0000][9421.848s][info][gc,phases     ] GC(444)   Evacuate Collection Set: 1.8ms
[2026-06-18T00:05:04.988+0000][9421.848s][info][gc,phases     ] GC(444)   Post Evacuate Collection Set: 0.4ms
[2026-06-18T00:05:04.988+0000][9421.848s][info][gc,phases     ] GC(444)   Other: 0.4ms
[2026-06-18T00:05:04.988+0000][9421.848s][info][gc,heap       ] GC(444) Eden regions: 242->0(21)
[2026-06-18T00:05:04.988+0000][9421.848s][info][gc,heap       ] GC(444) Survivor regions: 8->4(32)
[2026-06-18T00:05:04.988+0000][9421.848s][info][gc,heap       ] GC(444) Old regions: 49->49
[2026-06-18T00:05:04.988+0000][9421.848s][info][gc,heap       ] GC(444) Humongous regions: 147->147
[2026-06-18T00:05:04.988+0000][9421.848s][info][gc,metaspace  ] GC(444) Metaspace: 52423K(55296K)->52423K(55296K) NonClass: 46494K(48128K)->46494K(48128K) Class: 5929K(7168K)->5929K(7168K)
[2026-06-18T00:05:04.988+0000][9421.848s][info][gc            ] GC(444) Pause Young (Prepare Mixed) (G1 Evacuation Pause) 445M->199M(512M) 3.209ms
[2026-06-18T00:05:04.988+0000][9421.848s][info][gc,cpu        ] GC(444) User=0.02s Sys=0.00s Real=0.00s
[2026-06-18T00:05:05.149+0000][9422.009s][info][gc,start      ] GC(445) Pause Young (Mixed) (G1 Evacuation Pause)
[2026-06-18T00:05:05.149+0000][9422.009s][info][gc,task       ] GC(445) Using 13 workers of 13 for evacuation
[2026-06-18T00:05:05.151+0000][9422.011s][info][gc,phases     ] GC(445)   Pre Evacuate Collection Set: 0.0ms
[2026-06-18T00:05:05.152+0000][9422.012s][info][gc,phases     ] GC(445)   Evacuate Collection Set: 1.7ms
[2026-06-18T00:05:05.152+0000][9422.012s][info][gc,phases     ] GC(445)   Post Evacuate Collection Set: 0.4ms
[2026-06-18T00:05:05.152+0000][9422.012s][info][gc,phases     ] GC(445)   Other: 0.4ms
[2026-06-18T00:05:05.152+0000][9422.012s][info][gc,heap       ] GC(445) Eden regions: 21->0(249)
[2026-06-18T00:05:05.152+0000][9422.012s][info][gc,heap       ] GC(445) Survivor regions: 4->3(4)
[2026-06-18T00:05:05.152+0000][9422.012s][info][gc,heap       ] GC(445) Old regions: 49->46
[2026-06-18T00:05:05.152+0000][9422.012s][info][gc,heap       ] GC(445) Humongous regions: 147->147
[2026-06-18T00:05:05.152+0000][9422.012s][info][gc,metaspace  ] GC(445) Metaspace: 52423K(55296K)->52423K(55296K) NonClass: 46494K(48128K)->46494K(48128K) Class: 5929K(7168K)->5929K(7168K)
[2026-06-18T00:05:05.152+0000][9422.012s][info][gc            ] GC(445) Pause Young (Mixed) (G1 Evacuation Pause) 220M->194M(512M) 3.282ms
[2026-06-18T00:05:05.152+0000][9422.012s][info][gc,cpu        ] GC(445) User=0.02s Sys=0.00s Real=0.00s
[2026-06-18T00:05:06.760+0000][9423.620s][info][gc,start      ] GC(446) Pause Young (Normal) (G1 Evacuation Pause)
[2026-06-18T00:05:06.760+0000][9423.620s][info][gc,task       ] GC(446) Using 13 workers of 13 for evacuation
[2026-06-18T00:05:06.764+0000][9423.624s][info][gc,phases     ] GC(446)   Pre Evacuate Collection Set: 0.0ms
[2026-06-18T00:05:06.764+0000][9423.624s][info][gc,phases     ] GC(446)   Evacuate Collection Set: 2.8ms
[2026-06-18T00:05:06.764+0000][9423.624s][info][gc,phases     ] GC(446)   Post Evacuate Collection Set: 0.4ms
[2026-06-18T00:05:06.764+0000][9423.624s][info][gc,phases     ] GC(446)   Other: 0.3ms
[2026-06-18T00:05:06.764+0000][9423.624s][info][gc,heap       ] GC(446) Eden regions: 249->0(246)
[2026-06-18T00:05:06.764+0000][9423.624s][info][gc,heap       ] GC(446) Survivor regions: 3->7(32)
[2026-06-18T00:05:06.764+0000][9423.624s][info][gc,heap       ] GC(446) Old regions: 46->46
[2026-06-18T00:05:06.764+0000][9423.624s][info][gc,heap       ] GC(446) Humongous regions: 147->147
[2026-06-18T00:05:06.764+0000][9423.624s][info][gc,metaspace  ] GC(446) Metaspace: 52423K(55296K)->52423K(55296K) NonClass: 46494K(48128K)->46494K(48128K) Class: 5929K(7168K)->5929K(7168K)
[2026-06-18T00:05:06.764+0000][9423.624s][info][gc            ] GC(446) Pause Young (Normal) (G1 Evacuation Pause) 443M->198M(512M) 4.196ms
[2026-06-18T00:05:06.764+0000][9423.624s][info][gc,cpu        ] GC(446) User=0.03s Sys=0.00s Real=0.01s
[2026-06-18T00:05:08.109+0000][9424.969s][info][gc,start      ] GC(447) Pause Young (Normal) (G1 Evacuation Pause)
[2026-06-18T00:05:08.109+0000][9424.969s][info][gc,task       ] GC(447) Using 13 workers of 13 for evacuation
[2026-06-18T00:05:08.111+0000][9424.971s][info][gc,phases     ] GC(447)   Pre Evacuate Collection Set: 0.0ms
[2026-06-18T00:05:08.111+0000][9424.971s][info][gc,phases     ] GC(447)   Evacuate Collection Set: 1.6ms
[2026-06-18T00:05:08.112+0000][9424.971s][info][gc,phases     ] GC(447)   Post Evacuate Collection Set: 0.4ms
[2026-06-18T00:05:08.112+0000][9424.972s][info][gc,phases     ] GC(447)   Other: 0.4ms
[2026-06-18T00:05:08.112+0000][9424.972s][info][gc,heap       ] GC(447) Eden regions: 246->0(248)
[2026-06-18T00:05:08.112+0000][9424.972s][info][gc,heap       ] GC(447) Survivor regions: 7->5(32)
[2026-06-18T00:05:08.112+0000][9424.972s][info][gc,heap       ] GC(447) Old regions: 46->46
[2026-06-18T00:05:08.112+0000][9424.972s][info][gc,heap       ] GC(447) Humongous regions: 147->147
[2026-06-18T00:05:08.112+0000][9424.972s][info][gc,metaspace  ] GC(447) Metaspace: 52423K(55296K)->52423K(55296K) NonClass: 46494K(48128K)->46494K(48128K) Class: 5929K(7168K)->5929K(7168K)
[2026-06-18T00:05:08.112+0000][9424.972s][info][gc            ] GC(447) Pause Young (Normal) (G1 Evacuation Pause) 444M->196M(512M) 3.176ms
[2026-06-18T00:05:08.112+0000][9424.972s][info][gc,cpu        ] GC(447) User=0.02s Sys=0.00s Real=0.00s
[2026-06-18T00:05:56.870+0000][9473.731s][info][gc,start      ] GC(448) Pause Young (Concurrent Start) (G1 Evacuation Pause)
[2026-06-18T00:05:56.871+0000][9473.731s][info][gc,task       ] GC(448) Using 13 workers of 13 for evacuation
[2026-06-18T00:05:56.873+0000][9473.734s][info][gc,phases     ] GC(448)   Pre Evacuate Collection Set: 0.3ms
[2026-06-18T00:05:56.874+0000][9473.734s][info][gc,phases     ] GC(448)   Evacuate Collection Set: 2.0ms
[2026-06-18T00:05:56.874+0000][9473.734s][info][gc,phases     ] GC(448)   Post Evacuate Collection Set: 0.4ms
[2026-06-18T00:05:56.874+0000][9473.734s][info][gc,phases     ] GC(448)   Other: 0.4ms
[2026-06-18T00:05:56.874+0000][9473.734s][info][gc,heap       ] GC(448) Eden regions: 248->0(244)
[2026-06-18T00:05:56.874+0000][9473.734s][info][gc,heap       ] GC(448) Survivor regions: 5->9(32)
[2026-06-18T00:05:56.874+0000][9473.734s][info][gc,heap       ] GC(448) Old regions: 46->46
[2026-06-18T00:05:56.874+0000][9473.735s][info][gc,heap       ] GC(448) Humongous regions: 147->147
[2026-06-18T00:05:56.874+0000][9473.735s][info][gc,metaspace  ] GC(448) Metaspace: 52428K(55296K)->52428K(55296K) NonClass: 46499K(48128K)->46499K(48128K) Class: 5929K(7168K)->5929K(7168K)
[2026-06-18T00:05:56.874+0000][9473.735s][info][gc            ] GC(448) Pause Young (Concurrent Start) (G1 Evacuation Pause) 444M->200M(512M) 3.608ms
[2026-06-18T00:05:56.874+0000][9473.735s][info][gc,cpu        ] GC(448) User=0.02s Sys=0.00s Real=0.01s
[2026-06-18T00:05:56.874+0000][9473.735s][info][gc            ] GC(449) Concurrent Cycle
[2026-06-18T00:05:56.874+0000][9473.735s][info][gc,marking    ] GC(449) Concurrent Clear Claimed Marks
[2026-06-18T00:05:56.874+0000][9473.735s][info][gc,marking    ] GC(449) Concurrent Clear Claimed Marks 0.239ms
[2026-06-18T00:05:56.875+0000][9473.735s][info][gc,marking    ] GC(449) Concurrent Scan Root Regions
[2026-06-18T00:05:56.876+0000][9473.737s][info][gc,marking    ] GC(449) Concurrent Scan Root Regions 1.461ms
[2026-06-18T00:05:56.876+0000][9473.737s][info][gc,marking    ] GC(449) Concurrent Mark (9473.737s)
[2026-06-18T00:05:56.876+0000][9473.737s][info][gc,marking    ] GC(449) Concurrent Mark From Roots
[2026-06-18T00:05:56.876+0000][9473.737s][info][gc,task       ] GC(449) Using 3 workers of 3 for marking
[2026-06-18T00:05:56.882+0000][9473.742s][info][gc,marking    ] GC(449) Concurrent Mark From Roots 5.439ms
[2026-06-18T00:05:56.882+0000][9473.742s][info][gc,marking    ] GC(449) Concurrent Preclean
[2026-06-18T00:05:56.882+0000][9473.743s][info][gc,marking    ] GC(449) Concurrent Preclean 0.237ms
[2026-06-18T00:05:56.882+0000][9473.743s][info][gc,marking    ] GC(449) Concurrent Mark (9473.737s, 9473.743s) 5.979ms
[2026-06-18T00:05:56.882+0000][9473.743s][info][gc,start      ] GC(449) Pause Remark
[2026-06-18T00:05:56.885+0000][9473.746s][info][gc,stringtable] GC(449) Cleaned string and symbol table, strings: 17317 processed, 0 removed, symbols: 125074 processed, 0 removed
[2026-06-18T00:05:56.885+0000][9473.746s][info][gc            ] GC(449) Pause Remark 204M->204M(512M) 3.015ms
[2026-06-18T00:05:56.885+0000][9473.746s][info][gc,cpu        ] GC(449) User=0.02s Sys=0.01s Real=0.00s
[2026-06-18T00:05:56.886+0000][9473.746s][info][gc,marking    ] GC(449) Concurrent Rebuild Remembered Sets
[2026-06-18T00:05:56.889+0000][9473.750s][info][gc,marking    ] GC(449) Concurrent Rebuild Remembered Sets 3.885ms
[2026-06-18T00:05:56.890+0000][9473.750s][info][gc,start      ] GC(449) Pause Cleanup
[2026-06-18T00:05:56.890+0000][9473.750s][info][gc            ] GC(449) Pause Cleanup 205M->205M(512M) 0.167ms
[2026-06-18T00:05:56.890+0000][9473.751s][info][gc,cpu        ] GC(449) User=0.00s Sys=0.00s Real=0.00s
[2026-06-18T00:05:56.890+0000][9473.751s][info][gc,marking    ] GC(449) Concurrent Cleanup for Next Mark
[2026-06-18T00:05:56.890+0000][9473.751s][info][gc,marking    ] GC(449) Concurrent Cleanup for Next Mark 0.171ms
[2026-06-18T00:05:56.890+0000][9473.751s][info][gc            ] GC(449) Concurrent Cycle 16.051ms
[2026-06-18T00:05:58.405+0000][9475.265s][info][gc,start      ] GC(450) Pause Young (Prepare Mixed) (G1 Evacuation Pause)
[2026-06-18T00:05:58.405+0000][9475.265s][info][gc,task       ] GC(450) Using 13 workers of 13 for evacuation
[2026-06-18T00:05:58.408+0000][9475.268s][info][gc,phases     ] GC(450)   Pre Evacuate Collection Set: 0.0ms
[2026-06-18T00:05:58.408+0000][9475.268s][info][gc,phases     ] GC(450)   Evacuate Collection Set: 2.4ms
[2026-06-18T00:05:58.408+0000][9475.269s][info][gc,phases     ] GC(450)   Post Evacuate Collection Set: 0.3ms
[2026-06-18T00:05:58.408+0000][9475.269s][info][gc,phases     ] GC(450)   Other: 0.3ms
[2026-06-18T00:05:58.408+0000][9475.269s][info][gc,heap       ] GC(450) Eden regions: 244->0(18)
[2026-06-18T00:05:58.408+0000][9475.269s][info][gc,heap       ] GC(450) Survivor regions: 9->7(32)
[2026-06-18T00:05:58.408+0000][9475.269s][info][gc,heap       ] GC(450) Old regions: 46->46
[2026-06-18T00:05:58.408+0000][9475.269s][info][gc,heap       ] GC(450) Humongous regions: 147->147
[2026-06-18T00:05:58.408+0000][9475.269s][info][gc,metaspace  ] GC(450) Metaspace: 52428K(55296K)->52428K(55296K) NonClass: 46499K(48128K)->46499K(48128K) Class: 5929K(7168K)->5929K(7168K)
[2026-06-18T00:05:58.408+0000][9475.269s][info][gc            ] GC(450) Pause Young (Prepare Mixed) (G1 Evacuation Pause) 444M->198M(512M) 3.656ms
[2026-06-18T00:05:58.408+0000][9475.269s][info][gc,cpu        ] GC(450) User=0.03s Sys=0.00s Real=0.00s
[2026-06-18T00:05:58.497+0000][9475.357s][info][gc,start      ] GC(451) Pause Young (Mixed) (G1 Evacuation Pause)
[2026-06-18T00:05:58.497+0000][9475.358s][info][gc,task       ] GC(451) Using 13 workers of 13 for evacuation
[2026-06-18T00:05:58.501+0000][9475.361s][info][gc,phases     ] GC(451)   Pre Evacuate Collection Set: 0.0ms
[2026-06-18T00:05:58.501+0000][9475.361s][info][gc,phases     ] GC(451)   Evacuate Collection Set: 3.2ms
[2026-06-18T00:05:58.501+0000][9475.361s][info][gc,phases     ] GC(451)   Post Evacuate Collection Set: 0.3ms
[2026-06-18T00:05:58.501+0000][9475.361s][info][gc,phases     ] GC(451)   Other: 0.3ms
[2026-06-18T00:05:58.501+0000][9475.362s][info][gc,heap       ] GC(451) Eden regions: 18->0(247)
[2026-06-18T00:05:58.501+0000][9475.362s][info][gc,heap       ] GC(451) Survivor regions: 7->2(4)
[2026-06-18T00:05:58.501+0000][9475.362s][info][gc,heap       ] GC(451) Old regions: 46->50
[2026-06-18T00:05:58.501+0000][9475.362s][info][gc,heap       ] GC(451) Humongous regions: 147->147
[2026-06-18T00:05:58.501+0000][9475.362s][info][gc,metaspace  ] GC(451) Metaspace: 52428K(55296K)->52428K(55296K) NonClass: 46499K(48128K)->46499K(48128K) Class: 5929K(7168K)->5929K(7168K)
[2026-06-18T00:05:58.501+0000][9475.362s][info][gc            ] GC(451) Pause Young (Mixed) (G1 Evacuation Pause) 216M->197M(512M) 4.392ms
[2026-06-18T00:05:58.501+0000][9475.362s][info][gc,cpu        ] GC(451) User=0.03s Sys=0.00s Real=0.00s
[2026-06-18T00:05:59.876+0000][9476.737s][info][gc,start      ] GC(452) Pause Young (Normal) (G1 Evacuation Pause)
[2026-06-18T00:05:59.876+0000][9476.737s][info][gc,task       ] GC(452) Using 13 workers of 13 for evacuation
[2026-06-18T00:05:59.882+0000][9476.743s][info][gc,phases     ] GC(452)   Pre Evacuate Collection Set: 0.0ms
[2026-06-18T00:05:59.882+0000][9476.743s][info][gc,phases     ] GC(452)   Evacuate Collection Set: 5.5ms
[2026-06-18T00:05:59.882+0000][9476.743s][info][gc,phases     ] GC(452)   Post Evacuate Collection Set: 0.4ms
[2026-06-18T00:05:59.883+0000][9476.743s][info][gc,phases     ] GC(452)   Other: 0.3ms
[2026-06-18T00:05:59.883+0000][9476.743s][info][gc,heap       ] GC(452) Eden regions: 247->0(238)
[2026-06-18T00:05:59.883+0000][9476.743s][info][gc,heap       ] GC(452) Survivor regions: 2->9(32)
[2026-06-18T00:05:59.883+0000][9476.743s][info][gc,heap       ] GC(452) Old regions: 50->50
[2026-06-18T00:05:59.883+0000][9476.743s][info][gc,heap       ] GC(452) Humongous regions: 147->147
[2026-06-18T00:05:59.883+0000][9476.744s][info][gc,metaspace  ] GC(452) Metaspace: 52428K(55296K)->52428K(55296K) NonClass: 46499K(48128K)->46499K(48128K) Class: 5929K(7168K)->5929K(7168K)
[2026-06-18T00:05:59.883+0000][9476.744s][info][gc            ] GC(452) Pause Young (Normal) (G1 Evacuation Pause) 444M->204M(512M) 6.922ms
[2026-06-18T00:05:59.883+0000][9476.744s][info][gc,cpu        ] GC(452) User=0.07s Sys=0.01s Real=0.01s
[2026-06-18T00:06:48.465+0000][9525.327s][info][gc,start      ] GC(453) Pause Young (Normal) (G1 Evacuation Pause)
[2026-06-18T00:06:48.465+0000][9525.327s][info][gc,task       ] GC(453) Using 13 workers of 13 for evacuation
[2026-06-18T00:06:48.467+0000][9525.328s][info][gc,phases     ] GC(453)   Pre Evacuate Collection Set: 0.0ms
[2026-06-18T00:06:48.467+0000][9525.329s][info][gc,phases     ] GC(453)   Evacuate Collection Set: 1.3ms
[2026-06-18T00:06:48.467+0000][9525.329s][info][gc,phases     ] GC(453)   Post Evacuate Collection Set: 0.4ms
[2026-06-18T00:06:48.467+0000][9525.329s][info][gc,phases     ] GC(453)   Other: 0.3ms
[2026-06-18T00:06:48.467+0000][9525.329s][info][gc,heap       ] GC(453) Eden regions: 238->0(242)
[2026-06-18T00:06:48.467+0000][9525.329s][info][gc,heap       ] GC(453) Survivor regions: 9->6(31)
[2026-06-18T00:06:48.468+0000][9525.329s][info][gc,heap       ] GC(453) Old regions: 50->50
[2026-06-18T00:06:48.468+0000][9525.329s][info][gc,heap       ] GC(453) Humongous regions: 147->147
[2026-06-18T00:06:48.468+0000][9525.329s][info][gc,metaspace  ] GC(453) Metaspace: 52429K(55296K)->52429K(55296K) NonClass: 46499K(48128K)->46499K(48128K) Class: 5929K(7168K)->5929K(7168K)
[2026-06-18T00:06:48.468+0000][9525.329s][info][gc            ] GC(453) Pause Young (Normal) (G1 Evacuation Pause) 442M->201M(512M) 2.486ms
[2026-06-18T00:06:48.468+0000][9525.329s][info][gc,cpu        ] GC(453) User=0.02s Sys=0.00s Real=0.00s
[2026-06-18T00:06:49.946+0000][9526.807s][info][gc,start      ] GC(454) Pause Young (Concurrent Start) (G1 Evacuation Pause)
[2026-06-18T00:06:49.946+0000][9526.807s][info][gc,task       ] GC(454) Using 13 workers of 13 for evacuation
[2026-06-18T00:06:49.952+0000][9526.813s][info][gc,phases     ] GC(454)   Pre Evacuate Collection Set: 0.3ms
[2026-06-18T00:06:49.952+0000][9526.813s][info][gc,phases     ] GC(454)   Evacuate Collection Set: 4.8ms
[2026-06-18T00:06:49.952+0000][9526.813s][info][gc,phases     ] GC(454)   Post Evacuate Collection Set: 0.4ms
[2026-06-18T00:06:49.952+0000][9526.813s][info][gc,phases     ] GC(454)   Other: 0.3ms
[2026-06-18T00:06:49.952+0000][9526.813s][info][gc,heap       ] GC(454) Eden regions: 242->0(238)
[2026-06-18T00:06:49.952+0000][9526.813s][info][gc,heap       ] GC(454) Survivor regions: 6->9(31)
[2026-06-18T00:06:49.952+0000][9526.814s][info][gc,heap       ] GC(454) Old regions: 50->50
[2026-06-18T00:06:49.952+0000][9526.814s][info][gc,heap       ] GC(454) Humongous regions: 147->147
[2026-06-18T00:06:49.952+0000][9526.814s][info][gc,metaspace  ] GC(454) Metaspace: 52429K(55296K)->52429K(55296K) NonClass: 46499K(48128K)->46499K(48128K) Class: 5929K(7168K)->5929K(7168K)
[2026-06-18T00:06:49.952+0000][9526.814s][info][gc            ] GC(454) Pause Young (Concurrent Start) (G1 Evacuation Pause) 443M->204M(512M) 6.474ms
[2026-06-18T00:06:49.953+0000][9526.814s][info][gc,cpu        ] GC(454) User=0.05s Sys=0.00s Real=0.01s
[2026-06-18T00:06:49.953+0000][9526.814s][info][gc            ] GC(455) Concurrent Cycle
[2026-06-18T00:06:49.953+0000][9526.814s][info][gc,marking    ] GC(455) Concurrent Clear Claimed Marks
[2026-06-18T00:06:49.953+0000][9526.814s][info][gc,marking    ] GC(455) Concurrent Clear Claimed Marks 0.160ms
[2026-06-18T00:06:49.953+0000][9526.814s][info][gc,marking    ] GC(455) Concurrent Scan Root Regions
[2026-06-18T00:06:49.954+0000][9526.815s][info][gc,marking    ] GC(455) Concurrent Scan Root Regions 1.274ms
[2026-06-18T00:06:49.954+0000][9526.816s][info][gc,marking    ] GC(455) Concurrent Mark (9526.816s)
[2026-06-18T00:06:49.954+0000][9526.816s][info][gc,marking    ] GC(455) Concurrent Mark From Roots
[2026-06-18T00:06:49.955+0000][9526.816s][info][gc,task       ] GC(455) Using 3 workers of 3 for marking
[2026-06-18T00:06:49.960+0000][9526.821s][info][gc,marking    ] GC(455) Concurrent Mark From Roots 5.804ms
[2026-06-18T00:06:49.960+0000][9526.822s][info][gc,marking    ] GC(455) Concurrent Preclean
[2026-06-18T00:06:49.961+0000][9526.822s][info][gc,marking    ] GC(455) Concurrent Preclean 0.282ms
[2026-06-18T00:06:49.961+0000][9526.822s][info][gc,marking    ] GC(455) Concurrent Mark (9526.816s, 9526.822s) 6.494ms
[2026-06-18T00:06:49.961+0000][9526.822s][info][gc,start      ] GC(455) Pause Remark
[2026-06-18T00:06:49.963+0000][9526.825s][info][gc,stringtable] GC(455) Cleaned string and symbol table, strings: 17317 processed, 0 removed, symbols: 125074 processed, 0 removed
[2026-06-18T00:06:49.964+0000][9526.825s][info][gc            ] GC(455) Pause Remark 208M->208M(512M) 2.727ms
[2026-06-18T00:06:49.964+0000][9526.825s][info][gc,cpu        ] GC(455) User=0.03s Sys=0.00s Real=0.01s
[2026-06-18T00:06:49.964+0000][9526.825s][info][gc,marking    ] GC(455) Concurrent Rebuild Remembered Sets
[2026-06-18T00:06:49.968+0000][9526.829s][info][gc,marking    ] GC(455) Concurrent Rebuild Remembered Sets 3.879ms
[2026-06-18T00:06:49.968+0000][9526.829s][info][gc,start      ] GC(455) Pause Cleanup
[2026-06-18T00:06:49.968+0000][9526.830s][info][gc            ] GC(455) Pause Cleanup 208M->208M(512M) 0.253ms
[2026-06-18T00:06:49.968+0000][9526.830s][info][gc,cpu        ] GC(455) User=0.00s Sys=0.00s Real=0.00s
[2026-06-18T00:06:49.969+0000][9526.830s][info][gc,marking    ] GC(455) Concurrent Cleanup for Next Mark
[2026-06-18T00:06:49.969+0000][9526.830s][info][gc,marking    ] GC(455) Concurrent Cleanup for Next Mark 0.266ms
[2026-06-18T00:06:49.969+0000][9526.830s][info][gc            ] GC(455) Concurrent Cycle 16.295ms
[2026-06-18T00:06:51.253+0000][9528.114s][info][gc,start      ] GC(456) Pause Young (Prepare Mixed) (G1 Evacuation Pause)
[2026-06-18T00:06:51.253+0000][9528.115s][info][gc,task       ] GC(456) Using 13 workers of 13 for evacuation
[2026-06-18T00:06:51.257+0000][9528.118s][info][gc,phases     ] GC(456)   Pre Evacuate Collection Set: 0.0ms
[2026-06-18T00:06:51.257+0000][9528.118s][info][gc,phases     ] GC(456)   Evacuate Collection Set: 2.7ms
[2026-06-18T00:06:51.257+0000][9528.118s][info][gc,phases     ] GC(456)   Post Evacuate Collection Set: 0.4ms
[2026-06-18T00:06:51.257+0000][9528.118s][info][gc,phases     ] GC(456)   Other: 0.4ms
[2026-06-18T00:06:51.257+0000][9528.118s][info][gc,heap       ] GC(456) Eden regions: 238->0(21)
[2026-06-18T00:06:51.257+0000][9528.118s][info][gc,heap       ] GC(456) Survivor regions: 9->4(31)
[2026-06-18T00:06:51.257+0000][9528.118s][info][gc,heap       ] GC(456) Old regions: 50->50
[2026-06-18T00:06:51.257+0000][9528.118s][info][gc,heap       ] GC(456) Humongous regions: 147->147
[2026-06-18T00:06:51.257+0000][9528.118s][info][gc,metaspace  ] GC(456) Metaspace: 52429K(55296K)->52429K(55296K) NonClass: 46499K(48128K)->46499K(48128K) Class: 5929K(7168K)->5929K(7168K)
[2026-06-18T00:06:51.257+0000][9528.118s][info][gc            ] GC(456) Pause Young (Prepare Mixed) (G1 Evacuation Pause) 442M->200M(512M) 4.026ms
[2026-06-18T00:06:51.257+0000][9528.119s][info][gc,cpu        ] GC(456) User=0.03s Sys=0.00s Real=0.00s
[2026-06-18T00:06:51.375+0000][9528.237s][info][gc,start      ] GC(457) Pause Young (Mixed) (G1 Evacuation Pause)
[2026-06-18T00:06:51.375+0000][9528.237s][info][gc,task       ] GC(457) Using 13 workers of 13 for evacuation
[2026-06-18T00:06:51.379+0000][9528.240s][info][gc,phases     ] GC(457)   Pre Evacuate Collection Set: 0.0ms
[2026-06-18T00:06:51.379+0000][9528.240s][info][gc,phases     ] GC(457)   Evacuate Collection Set: 2.8ms
[2026-06-18T00:06:51.379+0000][9528.240s][info][gc,phases     ] GC(457)   Post Evacuate Collection Set: 0.4ms
[2026-06-18T00:06:51.379+0000][9528.240s][info][gc,phases     ] GC(457)   Other: 0.4ms
[2026-06-18T00:06:51.379+0000][9528.240s][info][gc,heap       ] GC(457) Eden regions: 21->0(247)
[2026-06-18T00:06:51.379+0000][9528.240s][info][gc,heap       ] GC(457) Survivor regions: 4->4(4)
[2026-06-18T00:06:51.379+0000][9528.241s][info][gc,heap       ] GC(457) Old regions: 50->46
[2026-06-18T00:06:51.379+0000][9528.241s][info][gc,heap       ] GC(457) Humongous regions: 147->147
[2026-06-18T00:06:51.379+0000][9528.241s][info][gc,metaspace  ] GC(457) Metaspace: 52429K(55296K)->52429K(55296K) NonClass: 46499K(48128K)->46499K(48128K) Class: 5929K(7168K)->5929K(7168K)
[2026-06-18T00:06:51.379+0000][9528.241s][info][gc            ] GC(457) Pause Young (Mixed) (G1 Evacuation Pause) 221M->195M(512M) 4.070ms
[2026-06-18T00:06:51.379+0000][9528.241s][info][gc,cpu        ] GC(457) User=0.01s Sys=0.00s Real=0.00s
[2026-06-18T00:06:58.649+0000][9535.511s][info][gc,start      ] GC(458) Pause Young (Normal) (G1 Evacuation Pause)
[2026-06-18T00:06:58.649+0000][9535.511s][info][gc,task       ] GC(458) Using 13 workers of 13 for evacuation
[2026-06-18T00:06:58.662+0000][9535.524s][info][gc,phases     ] GC(458)   Pre Evacuate Collection Set: 0.0ms
[2026-06-18T00:06:58.662+0000][9535.524s][info][gc,phases     ] GC(458)   Evacuate Collection Set: 12.1ms
[2026-06-18T00:06:58.662+0000][9535.524s][info][gc,phases     ] GC(458)   Post Evacuate Collection Set: 0.4ms
[2026-06-18T00:06:58.662+0000][9535.524s][info][gc,phases     ] GC(458)   Other: 0.7ms
[2026-06-18T00:06:58.663+0000][9535.524s][info][gc,heap       ] GC(458) Eden regions: 247->0(252)
[2026-06-18T00:06:58.663+0000][9535.524s][info][gc,heap       ] GC(458) Survivor regions: 4->2(32)
[2026-06-18T00:06:58.663+0000][9535.525s][info][gc,heap       ] GC(458) Old regions: 46->46
[2026-06-18T00:06:58.663+0000][9535.525s][info][gc,heap       ] GC(458) Humongous regions: 147->147
[2026-06-18T00:06:58.663+0000][9535.525s][info][gc,metaspace  ] GC(458) Metaspace: 52429K(55296K)->52429K(55296K) NonClass: 46499K(48128K)->46499K(48128K) Class: 5929K(7168K)->5929K(7168K)
[2026-06-18T00:06:58.663+0000][9535.525s][info][gc            ] GC(458) Pause Young (Normal) (G1 Evacuation Pause) 442M->193M(512M) 13.858ms
[2026-06-18T00:06:58.663+0000][9535.525s][info][gc,cpu        ] GC(458) User=0.06s Sys=0.01s Real=0.02s
[2026-06-18T00:07:41.481+0000][9578.344s][info][gc,start      ] GC(459) Pause Young (Normal) (G1 Evacuation Pause)
[2026-06-18T00:07:41.481+0000][9578.344s][info][gc,task       ] GC(459) Using 13 workers of 13 for evacuation
[2026-06-18T00:07:41.484+0000][9578.347s][info][gc,phases     ] GC(459)   Pre Evacuate Collection Set: 0.0ms
[2026-06-18T00:07:41.484+0000][9578.347s][info][gc,phases     ] GC(459)   Evacuate Collection Set: 2.0ms
[2026-06-18T00:07:41.484+0000][9578.348s][info][gc,phases     ] GC(459)   Post Evacuate Collection Set: 0.9ms
[2026-06-18T00:07:41.484+0000][9578.348s][info][gc,phases     ] GC(459)   Other: 0.3ms
[2026-06-18T00:07:41.484+0000][9578.348s][info][gc,heap       ] GC(459) Eden regions: 252->0(248)
[2026-06-18T00:07:41.484+0000][9578.348s][info][gc,heap       ] GC(459) Survivor regions: 2->6(32)
[2026-06-18T00:07:41.484+0000][9578.348s][info][gc,heap       ] GC(459) Old regions: 46->46
[2026-06-18T00:07:41.485+0000][9578.348s][info][gc,heap       ] GC(459) Humongous regions: 147->147
[2026-06-18T00:07:41.485+0000][9578.348s][info][gc,metaspace  ] GC(459) Metaspace: 52429K(55296K)->52429K(55296K) NonClass: 46499K(48128K)->46499K(48128K) Class: 5929K(7168K)->5929K(7168K)
[2026-06-18T00:07:41.485+0000][9578.348s][info][gc            ] GC(459) Pause Young (Normal) (G1 Evacuation Pause) 445M->197M(512M) 4.122ms
[2026-06-18T00:07:41.485+0000][9578.348s][info][gc,cpu        ] GC(459) User=0.02s Sys=0.00s Real=0.00s
[2026-06-18T00:07:42.921+0000][9579.785s][info][gc,start      ] GC(460) Pause Young (Concurrent Start) (G1 Evacuation Pause)
[2026-06-18T00:07:42.921+0000][9579.785s][info][gc,task       ] GC(460) Using 13 workers of 13 for evacuation
[2026-06-18T00:07:42.924+0000][9579.788s][info][gc,phases     ] GC(460)   Pre Evacuate Collection Set: 0.3ms
[2026-06-18T00:07:42.924+0000][9579.788s][info][gc,phases     ] GC(460)   Evacuate Collection Set: 2.0ms
[2026-06-18T00:07:42.924+0000][9579.788s][info][gc,phases     ] GC(460)   Post Evacuate Collection Set: 0.3ms
[2026-06-18T00:07:42.925+0000][9579.788s][info][gc,phases     ] GC(460)   Other: 0.5ms
[2026-06-18T00:07:42.925+0000][9579.788s][info][gc,heap       ] GC(460) Eden regions: 248->0(243)
[2026-06-18T00:07:42.925+0000][9579.788s][info][gc,heap       ] GC(460) Survivor regions: 6->9(32)
[2026-06-18T00:07:42.925+0000][9579.788s][info][gc,heap       ] GC(460) Old regions: 46->46
[2026-06-18T00:07:42.925+0000][9579.788s][info][gc,heap       ] GC(460) Humongous regions: 147->147
[2026-06-18T00:07:42.925+0000][9579.788s][info][gc,metaspace  ] GC(460) Metaspace: 52429K(55296K)->52429K(55296K) NonClass: 46499K(48128K)->46499K(48128K) Class: 5929K(7168K)->5929K(7168K)
[2026-06-18T00:07:42.925+0000][9579.788s][info][gc            ] GC(460) Pause Young (Concurrent Start) (G1 Evacuation Pause) 445M->200M(512M) 3.636ms
[2026-06-18T00:07:42.925+0000][9579.788s][info][gc,cpu        ] GC(460) User=0.02s Sys=0.01s Real=0.00s
[2026-06-18T00:07:42.925+0000][9579.788s][info][gc            ] GC(461) Concurrent Cycle
[2026-06-18T00:07:42.925+0000][9579.789s][info][gc,marking    ] GC(461) Concurrent Clear Claimed Marks
[2026-06-18T00:07:42.925+0000][9579.789s][info][gc,marking    ] GC(461) Concurrent Clear Claimed Marks 0.214ms
[2026-06-18T00:07:42.925+0000][9579.789s][info][gc,marking    ] GC(461) Concurrent Scan Root Regions
[2026-06-18T00:07:42.927+0000][9579.790s][info][gc,marking    ] GC(461) Concurrent Scan Root Regions 1.433ms
[2026-06-18T00:07:42.927+0000][9579.790s][info][gc,marking    ] GC(461) Concurrent Mark (9579.790s)
[2026-06-18T00:07:42.927+0000][9579.790s][info][gc,marking    ] GC(461) Concurrent Mark From Roots
[2026-06-18T00:07:42.927+0000][9579.790s][info][gc,task       ] GC(461) Using 3 workers of 3 for marking
[2026-06-18T00:07:42.932+0000][9579.796s][info][gc,marking    ] GC(461) Concurrent Mark From Roots 5.412ms
[2026-06-18T00:07:42.932+0000][9579.796s][info][gc,marking    ] GC(461) Concurrent Preclean
[2026-06-18T00:07:42.933+0000][9579.796s][info][gc,marking    ] GC(461) Concurrent Preclean 0.157ms
[2026-06-18T00:07:42.933+0000][9579.796s][info][gc,marking    ] GC(461) Concurrent Mark (9579.790s, 9579.796s) 5.778ms
[2026-06-18T00:07:42.933+0000][9579.796s][info][gc,start      ] GC(461) Pause Remark
[2026-06-18T00:07:42.935+0000][9579.799s][info][gc,stringtable] GC(461) Cleaned string and symbol table, strings: 17317 processed, 0 removed, symbols: 125074 processed, 0 removed
[2026-06-18T00:07:42.935+0000][9579.799s][info][gc            ] GC(461) Pause Remark 204M->204M(512M) 2.568ms
[2026-06-18T00:07:42.935+0000][9579.799s][info][gc,cpu        ] GC(461) User=0.02s Sys=0.00s Real=0.00s
[2026-06-18T00:07:42.936+0000][9579.799s][info][gc,marking    ] GC(461) Concurrent Rebuild Remembered Sets
[2026-06-18T00:07:42.940+0000][9579.804s][info][gc,marking    ] GC(461) Concurrent Rebuild Remembered Sets 4.597ms
[2026-06-18T00:07:42.940+0000][9579.804s][info][gc,start      ] GC(461) Pause Cleanup
[2026-06-18T00:07:42.941+0000][9579.804s][info][gc            ] GC(461) Pause Cleanup 205M->205M(512M) 0.201ms
[2026-06-18T00:07:42.941+0000][9579.804s][info][gc,cpu        ] GC(461) User=0.00s Sys=0.00s Real=0.00s
[2026-06-18T00:07:42.941+0000][9579.804s][info][gc,marking    ] GC(461) Concurrent Cleanup for Next Mark
[2026-06-18T00:07:42.941+0000][9579.804s][info][gc,marking    ] GC(461) Concurrent Cleanup for Next Mark 0.140ms
[2026-06-18T00:07:42.941+0000][9579.805s][info][gc            ] GC(461) Concurrent Cycle 16.049ms
[2026-06-18T00:07:44.183+0000][9581.047s][info][gc,start      ] GC(462) Pause Young (Prepare Mixed) (G1 Evacuation Pause)
[2026-06-18T00:07:44.183+0000][9581.047s][info][gc,task       ] GC(462) Using 13 workers of 13 for evacuation
[2026-06-18T00:07:44.188+0000][9581.051s][info][gc,phases     ] GC(462)   Pre Evacuate Collection Set: 0.0ms
[2026-06-18T00:07:44.188+0000][9581.051s][info][gc,phases     ] GC(462)   Evacuate Collection Set: 3.6ms
[2026-06-18T00:07:44.188+0000][9581.051s][info][gc,phases     ] GC(462)   Post Evacuate Collection Set: 0.4ms
[2026-06-18T00:07:44.188+0000][9581.051s][info][gc,phases     ] GC(462)   Other: 0.4ms
[2026-06-18T00:07:44.188+0000][9581.051s][info][gc,heap       ] GC(462) Eden regions: 243->0(18)
[2026-06-18T00:07:44.188+0000][9581.051s][info][gc,heap       ] GC(462) Survivor regions: 9->7(32)
[2026-06-18T00:07:44.188+0000][9581.051s][info][gc,heap       ] GC(462) Old regions: 46->46
[2026-06-18T00:07:44.188+0000][9581.052s][info][gc,heap       ] GC(462) Humongous regions: 147->147
[2026-06-18T00:07:44.188+0000][9581.052s][info][gc,metaspace  ] GC(462) Metaspace: 52429K(55296K)->52429K(55296K) NonClass: 46499K(48128K)->46499K(48128K) Class: 5929K(7168K)->5929K(7168K)
[2026-06-18T00:07:44.188+0000][9581.052s][info][gc            ] GC(462) Pause Young (Prepare Mixed) (G1 Evacuation Pause) 443M->198M(512M) 4.948ms
[2026-06-18T00:07:44.188+0000][9581.052s][info][gc,cpu        ] GC(462) User=0.04s Sys=0.00s Real=0.00s
[2026-06-18T00:07:44.283+0000][9581.146s][info][gc,start      ] GC(463) Pause Young (Mixed) (G1 Evacuation Pause)
[2026-06-18T00:07:44.285+0000][9581.148s][info][gc,task       ] GC(463) Using 13 workers of 13 for evacuation
[2026-06-18T00:07:44.291+0000][9581.155s][info][gc,phases     ] GC(463)   Pre Evacuate Collection Set: 0.0ms
[2026-06-18T00:07:44.291+0000][9581.155s][info][gc,phases     ] GC(463)   Evacuate Collection Set: 5.8ms
[2026-06-18T00:07:44.292+0000][9581.155s][info][gc,phases     ] GC(463)   Post Evacuate Collection Set: 0.4ms
[2026-06-18T00:07:44.292+0000][9581.155s][info][gc,phases     ] GC(463)   Other: 2.6ms
[2026-06-18T00:07:44.292+0000][9581.155s][info][gc,heap       ] GC(463) Eden regions: 18->0(247)
[2026-06-18T00:07:44.292+0000][9581.155s][info][gc,heap       ] GC(463) Survivor regions: 7->2(4)
[2026-06-18T00:07:44.292+0000][9581.155s][info][gc,heap       ] GC(463) Old regions: 46->49
[2026-06-18T00:07:44.292+0000][9581.155s][info][gc,heap       ] GC(463) Humongous regions: 147->147
[2026-06-18T00:07:44.292+0000][9581.156s][info][gc,metaspace  ] GC(463) Metaspace: 52429K(55296K)->52429K(55296K) NonClass: 46499K(48128K)->46499K(48128K) Class: 5929K(7168K)->5929K(7168K)
[2026-06-18T00:07:44.292+0000][9581.156s][info][gc            ] GC(463) Pause Young (Mixed) (G1 Evacuation Pause) 216M->197M(512M) 9.532ms
[2026-06-18T00:07:44.292+0000][9581.156s][info][gc,cpu        ] GC(463) User=0.04s Sys=0.00s Real=0.01s
[2026-06-18T00:08:33.104+0000][9629.968s][info][gc,start      ] GC(464) Pause Young (Normal) (G1 Evacuation Pause)
[2026-06-18T00:08:33.105+0000][9629.968s][info][gc,task       ] GC(464) Using 13 workers of 13 for evacuation
[2026-06-18T00:08:33.106+0000][9629.970s][info][gc,phases     ] GC(464)   Pre Evacuate Collection Set: 0.0ms
[2026-06-18T00:08:33.106+0000][9629.970s][info][gc,phases     ] GC(464)   Evacuate Collection Set: 1.3ms
[2026-06-18T00:08:33.107+0000][9629.970s][info][gc,phases     ] GC(464)   Post Evacuate Collection Set: 0.4ms
[2026-06-18T00:08:33.107+0000][9629.970s][info][gc,phases     ] GC(464)   Other: 0.3ms
[2026-06-18T00:08:33.107+0000][9629.970s][info][gc,heap       ] GC(464) Eden regions: 247->0(249)
[2026-06-18T00:08:33.107+0000][9629.970s][info][gc,heap       ] GC(464) Survivor regions: 2->2(32)
[2026-06-18T00:08:33.107+0000][9629.970s][info][gc,heap       ] GC(464) Old regions: 49->49
[2026-06-18T00:08:33.107+0000][9629.970s][info][gc,heap       ] GC(464) Humongous regions: 147->147
[2026-06-18T00:08:33.107+0000][9629.971s][info][gc,metaspace  ] GC(464) Metaspace: 52455K(55296K)->52455K(55296K) NonClass: 46526K(48128K)->46526K(48128K) Class: 5929K(7168K)->5929K(7168K)
[2026-06-18T00:08:33.107+0000][9629.971s][info][gc            ] GC(464) Pause Young (Normal) (G1 Evacuation Pause) 444M->196M(512M) 2.530ms
[2026-06-18T00:08:33.107+0000][9629.971s][info][gc,cpu        ] GC(464) User=0.02s Sys=0.00s Real=0.00s
[2026-06-18T00:08:34.623+0000][9631.486s][info][gc,start      ] GC(465) Pause Young (Normal) (G1 Evacuation Pause)
[2026-06-18T00:08:34.623+0000][9631.486s][info][gc,task       ] GC(465) Using 13 workers of 13 for evacuation
[2026-06-18T00:08:34.626+0000][9631.489s][info][gc,phases     ] GC(465)   Pre Evacuate Collection Set: 0.0ms
[2026-06-18T00:08:34.626+0000][9631.490s][info][gc,phases     ] GC(465)   Evacuate Collection Set: 2.5ms
[2026-06-18T00:08:34.626+0000][9631.490s][info][gc,phases     ] GC(465)   Post Evacuate Collection Set: 0.4ms
[2026-06-18T00:08:34.626+0000][9631.490s][info][gc,phases     ] GC(465)   Other: 0.3ms
[2026-06-18T00:08:34.626+0000][9631.490s][info][gc,heap       ] GC(465) Eden regions: 249->0(247)
[2026-06-18T00:08:34.626+0000][9631.490s][info][gc,heap       ] GC(465) Survivor regions: 2->5(32)
[2026-06-18T00:08:34.626+0000][9631.490s][info][gc,heap       ] GC(465) Old regions: 49->49
[2026-06-18T00:08:34.626+0000][9631.490s][info][gc,heap       ] GC(465) Humongous regions: 147->147
[2026-06-18T00:08:34.627+0000][9631.490s][info][gc,metaspace  ] GC(465) Metaspace: 52455K(55296K)->52455K(55296K) NonClass: 46526K(48128K)->46526K(48128K) Class: 5929K(7168K)->5929K(7168K)
[2026-06-18T00:08:34.627+0000][9631.490s][info][gc            ] GC(465) Pause Young (Normal) (G1 Evacuation Pause) 445M->199M(512M) 4.107ms
[2026-06-18T00:08:34.627+0000][9631.490s][info][gc,cpu        ] GC(465) User=0.02s Sys=0.00s Real=0.00s
[2026-06-18T00:08:35.890+0000][9632.754s][info][gc,start      ] GC(466) Pause Young (Concurrent Start) (G1 Evacuation Pause)
[2026-06-18T00:08:35.890+0000][9632.754s][info][gc,task       ] GC(466) Using 13 workers of 13 for evacuation
[2026-06-18T00:08:35.893+0000][9632.757s][info][gc,phases     ] GC(466)   Pre Evacuate Collection Set: 0.2ms
[2026-06-18T00:08:35.893+0000][9632.757s][info][gc,phases     ] GC(466)   Evacuate Collection Set: 2.1ms
[2026-06-18T00:08:35.893+0000][9632.757s][info][gc,phases     ] GC(466)   Post Evacuate Collection Set: 0.3ms
[2026-06-18T00:08:35.893+0000][9632.757s][info][gc,phases     ] GC(466)   Other: 0.3ms
[2026-06-18T00:08:35.893+0000][9632.757s][info][gc,heap       ] GC(466) Eden regions: 247->0(250)
[2026-06-18T00:08:35.893+0000][9632.757s][info][gc,heap       ] GC(466) Survivor regions: 5->3(32)
[2026-06-18T00:08:35.893+0000][9632.757s][info][gc,heap       ] GC(466) Old regions: 49->49
[2026-06-18T00:08:35.893+0000][9632.757s][info][gc,heap       ] GC(466) Humongous regions: 147->147
[2026-06-18T00:08:35.893+0000][9632.757s][info][gc,metaspace  ] GC(466) Metaspace: 52455K(55296K)->52455K(55296K) NonClass: 46526K(48128K)->46526K(48128K) Class: 5929K(7168K)->5929K(7168K)
[2026-06-18T00:08:35.894+0000][9632.757s][info][gc            ] GC(466) Pause Young (Concurrent Start) (G1 Evacuation Pause) 446M->197M(512M) 3.668ms
[2026-06-18T00:08:35.894+0000][9632.757s][info][gc,cpu        ] GC(466) User=0.02s Sys=0.00s Real=0.00s
[2026-06-18T00:08:35.894+0000][9632.757s][info][gc            ] GC(467) Concurrent Cycle
[2026-06-18T00:08:35.894+0000][9632.757s][info][gc,marking    ] GC(467) Concurrent Clear Claimed Marks
[2026-06-18T00:08:35.894+0000][9632.758s][info][gc,marking    ] GC(467) Concurrent Clear Claimed Marks 0.167ms
[2026-06-18T00:08:35.894+0000][9632.758s][info][gc,marking    ] GC(467) Concurrent Scan Root Regions
[2026-06-18T00:08:35.895+0000][9632.759s][info][gc,marking    ] GC(467) Concurrent Scan Root Regions 0.848ms
[2026-06-18T00:08:35.895+0000][9632.759s][info][gc,marking    ] GC(467) Concurrent Mark (9632.759s)
[2026-06-18T00:08:35.895+0000][9632.759s][info][gc,marking    ] GC(467) Concurrent Mark From Roots
[2026-06-18T00:08:35.895+0000][9632.759s][info][gc,task       ] GC(467) Using 3 workers of 3 for marking
[2026-06-18T00:08:35.900+0000][9632.764s][info][gc,marking    ] GC(467) Concurrent Mark From Roots 5.277ms
[2026-06-18T00:08:35.900+0000][9632.764s][info][gc,marking    ] GC(467) Concurrent Preclean
[2026-06-18T00:08:35.901+0000][9632.764s][info][gc,marking    ] GC(467) Concurrent Preclean 0.256ms
[2026-06-18T00:08:35.901+0000][9632.764s][info][gc,marking    ] GC(467) Concurrent Mark (9632.759s, 9632.764s) 5.839ms
[2026-06-18T00:08:35.901+0000][9632.765s][info][gc,start      ] GC(467) Pause Remark
[2026-06-18T00:08:35.904+0000][9632.767s][info][gc,stringtable] GC(467) Cleaned string and symbol table, strings: 17319 processed, 0 removed, symbols: 125074 processed, 0 removed
[2026-06-18T00:08:35.904+0000][9632.768s][info][gc            ] GC(467) Pause Remark 201M->201M(512M) 2.869ms
[2026-06-18T00:08:35.904+0000][9632.768s][info][gc,cpu        ] GC(467) User=0.03s Sys=0.00s Real=0.00s
[2026-06-18T00:08:35.904+0000][9632.768s][info][gc,marking    ] GC(467) Concurrent Rebuild Remembered Sets
[2026-06-18T00:08:35.908+0000][9632.772s][info][gc,marking    ] GC(467) Concurrent Rebuild Remembered Sets 4.394ms
[2026-06-18T00:08:35.909+0000][9632.772s][info][gc,start      ] GC(467) Pause Cleanup
[2026-06-18T00:08:35.909+0000][9632.773s][info][gc            ] GC(467) Pause Cleanup 202M->202M(512M) 0.189ms
[2026-06-18T00:08:35.909+0000][9632.773s][info][gc,cpu        ] GC(467) User=0.01s Sys=0.00s Real=0.01s
[2026-06-18T00:08:35.909+0000][9632.773s][info][gc,marking    ] GC(467) Concurrent Cleanup for Next Mark
[2026-06-18T00:08:35.909+0000][9632.773s][info][gc,marking    ] GC(467) Concurrent Cleanup for Next Mark 0.162ms
[2026-06-18T00:08:35.909+0000][9632.773s][info][gc            ] GC(467) Concurrent Cycle 15.745ms
[2026-06-18T00:09:24.371+0000][9681.234s][info][gc,start      ] GC(468) Pause Young (Prepare Mixed) (G1 Evacuation Pause)
[2026-06-18T00:09:24.371+0000][9681.234s][info][gc,task       ] GC(468) Using 13 workers of 13 for evacuation
[2026-06-18T00:09:24.373+0000][9681.237s][info][gc,phases     ] GC(468)   Pre Evacuate Collection Set: 0.0ms
[2026-06-18T00:09:24.374+0000][9681.237s][info][gc,phases     ] GC(468)   Evacuate Collection Set: 1.6ms
[2026-06-18T00:09:24.374+0000][9681.237s][info][gc,phases     ] GC(468)   Post Evacuate Collection Set: 0.3ms
[2026-06-18T00:09:24.374+0000][9681.237s][info][gc,phases     ] GC(468)   Other: 0.3ms
[2026-06-18T00:09:24.374+0000][9681.237s][info][gc,heap       ] GC(468) Eden regions: 250->0(19)
[2026-06-18T00:09:24.374+0000][9681.237s][info][gc,heap       ] GC(468) Survivor regions: 3->6(32)
[2026-06-18T00:09:24.374+0000][9681.237s][info][gc,heap       ] GC(468) Old regions: 49->49
[2026-06-18T00:09:24.374+0000][9681.237s][info][gc,heap       ] GC(468) Humongous regions: 147->147
[2026-06-18T00:09:24.374+0000][9681.237s][info][gc,metaspace  ] GC(468) Metaspace: 52455K(55296K)->52455K(55296K) NonClass: 46526K(48128K)->46526K(48128K) Class: 5929K(7168K)->5929K(7168K)
[2026-06-18T00:09:24.374+0000][9681.237s][info][gc            ] GC(468) Pause Young (Prepare Mixed) (G1 Evacuation Pause) 447M->201M(512M) 2.808ms
[2026-06-18T00:09:24.374+0000][9681.237s][info][gc,cpu        ] GC(468) User=0.02s Sys=0.00s Real=0.00s
[2026-06-18T00:09:24.514+0000][9681.377s][info][gc,start      ] GC(469) Pause Young (Mixed) (G1 Evacuation Pause)
[2026-06-18T00:09:24.514+0000][9681.377s][info][gc,task       ] GC(469) Using 13 workers of 13 for evacuation
[2026-06-18T00:09:24.518+0000][9681.381s][info][gc,phases     ] GC(469)   Pre Evacuate Collection Set: 0.0ms
[2026-06-18T00:09:24.518+0000][9681.381s][info][gc,phases     ] GC(469)   Evacuate Collection Set: 3.2ms
[2026-06-18T00:09:24.518+0000][9681.381s][info][gc,phases     ] GC(469)   Post Evacuate Collection Set: 0.3ms
[2026-06-18T00:09:24.518+0000][9681.381s][info][gc,phases     ] GC(469)   Other: 0.5ms
[2026-06-18T00:09:24.518+0000][9681.381s][info][gc,heap       ] GC(469) Eden regions: 19->0(249)
[2026-06-18T00:09:24.518+0000][9681.382s][info][gc,heap       ] GC(469) Survivor regions: 6->2(4)
[2026-06-18T00:09:24.519+0000][9681.382s][info][gc,heap       ] GC(469) Old regions: 49->50
[2026-06-18T00:09:24.519+0000][9681.382s][info][gc,heap       ] GC(469) Humongous regions: 147->147
[2026-06-18T00:09:24.519+0000][9681.382s][info][gc,metaspace  ] GC(469) Metaspace: 52455K(55296K)->52455K(55296K) NonClass: 46526K(48128K)->46526K(48128K) Class: 5929K(7168K)->5929K(7168K)
[2026-06-18T00:09:24.519+0000][9681.382s][info][gc            ] GC(469) Pause Young (Mixed) (G1 Evacuation Pause) 220M->197M(512M) 4.707ms
[2026-06-18T00:09:24.519+0000][9681.382s][info][gc,cpu        ] GC(469) User=0.02s Sys=0.00s Real=0.00s
[2026-06-18T00:09:26.203+0000][9683.066s][info][gc,start      ] GC(470) Pause Young (Normal) (G1 Evacuation Pause)
[2026-06-18T00:09:26.203+0000][9683.066s][info][gc,task       ] GC(470) Using 13 workers of 13 for evacuation
[2026-06-18T00:09:26.206+0000][9683.069s][info][gc,phases     ] GC(470)   Pre Evacuate Collection Set: 0.0ms
[2026-06-18T00:09:26.206+0000][9683.069s][info][gc,phases     ] GC(470)   Evacuate Collection Set: 2.0ms
[2026-06-18T00:09:26.206+0000][9683.069s][info][gc,phases     ] GC(470)   Post Evacuate Collection Set: 0.4ms
[2026-06-18T00:09:26.206+0000][9683.069s][info][gc,phases     ] GC(470)   Other: 0.3ms
[2026-06-18T00:09:26.206+0000][9683.069s][info][gc,heap       ] GC(470) Eden regions: 249->0(240)
[2026-06-18T00:09:26.206+0000][9683.069s][info][gc,heap       ] GC(470) Survivor regions: 2->8(32)
[2026-06-18T00:09:26.206+0000][9683.069s][info][gc,heap       ] GC(470) Old regions: 50->50
[2026-06-18T00:09:26.206+0000][9683.069s][info][gc,heap       ] GC(470) Humongous regions: 147->147
[2026-06-18T00:09:26.206+0000][9683.069s][info][gc,metaspace  ] GC(470) Metaspace: 52455K(55296K)->52455K(55296K) NonClass: 46526K(48128K)->46526K(48128K) Class: 5929K(7168K)->5929K(7168K)
[2026-06-18T00:09:26.207+0000][9683.070s][info][gc            ] GC(470) Pause Young (Normal) (G1 Evacuation Pause) 446M->204M(512M) 3.633ms
[2026-06-18T00:09:26.207+0000][9683.070s][info][gc,cpu        ] GC(470) User=0.02s Sys=0.00s Real=0.00s
[2026-06-18T00:09:27.471+0000][9684.335s][info][gc,start      ] GC(471) Pause Young (Normal) (G1 Evacuation Pause)
[2026-06-18T00:09:27.472+0000][9684.335s][info][gc,task       ] GC(471) Using 13 workers of 13 for evacuation
[2026-06-18T00:09:27.473+0000][9684.336s][info][gc,phases     ] GC(471)   Pre Evacuate Collection Set: 0.0ms
[2026-06-18T00:09:27.473+0000][9684.336s][info][gc,phases     ] GC(471)   Evacuate Collection Set: 1.2ms
[2026-06-18T00:09:27.473+0000][9684.337s][info][gc,phases     ] GC(471)   Post Evacuate Collection Set: 0.3ms
[2026-06-18T00:09:27.474+0000][9684.337s][info][gc,phases     ] GC(471)   Other: 0.3ms
[2026-06-18T00:09:27.474+0000][9684.337s][info][gc,heap       ] GC(471) Eden regions: 240->0(242)
[2026-06-18T00:09:27.474+0000][9684.337s][info][gc,heap       ] GC(471) Survivor regions: 8->6(31)
[2026-06-18T00:09:27.474+0000][9684.337s][info][gc,heap       ] GC(471) Old regions: 50->50
[2026-06-18T00:09:27.474+0000][9684.337s][info][gc,heap       ] GC(471) Humongous regions: 147->147
[2026-06-18T00:09:27.474+0000][9684.337s][info][gc,metaspace  ] GC(471) Metaspace: 52455K(55296K)->52455K(55296K) NonClass: 46526K(48128K)->46526K(48128K) Class: 5929K(7168K)->5929K(7168K)
[2026-06-18T00:09:27.474+0000][9684.337s][info][gc            ] GC(471) Pause Young (Normal) (G1 Evacuation Pause) 444M->201M(512M) 2.376ms
[2026-06-18T00:09:27.474+0000][9684.337s][info][gc,cpu        ] GC(471) User=0.02s Sys=0.00s Real=0.00s
[2026-06-18T00:09:28.692+0000][9685.555s][info][gc,start      ] GC(472) Pause Young (Concurrent Start) (G1 Evacuation Pause)
[2026-06-18T00:09:28.692+0000][9685.555s][info][gc,task       ] GC(472) Using 13 workers of 13 for evacuation
[2026-06-18T00:09:28.694+0000][9685.557s][info][gc,phases     ] GC(472)   Pre Evacuate Collection Set: 0.3ms
[2026-06-18T00:09:28.694+0000][9685.557s][info][gc,phases     ] GC(472)   Evacuate Collection Set: 1.4ms
[2026-06-18T00:09:28.694+0000][9685.557s][info][gc,phases     ] GC(472)   Post Evacuate Collection Set: 0.3ms
[2026-06-18T00:09:28.694+0000][9685.557s][info][gc,phases     ] GC(472)   Other: 0.4ms
[2026-06-18T00:09:28.694+0000][9685.557s][info][gc,heap       ] GC(472) Eden regions: 242->0(246)
[2026-06-18T00:09:28.694+0000][9685.557s][info][gc,heap       ] GC(472) Survivor regions: 6->3(31)
[2026-06-18T00:09:28.694+0000][9685.558s][info][gc,heap       ] GC(472) Old regions: 50->50
[2026-06-18T00:09:28.695+0000][9685.558s][info][gc,heap       ] GC(472) Humongous regions: 147->147
[2026-06-18T00:09:28.695+0000][9685.558s][info][gc,metaspace  ] GC(472) Metaspace: 52455K(55296K)->52455K(55296K) NonClass: 46526K(48128K)->46526K(48128K) Class: 5929K(7168K)->5929K(7168K)
[2026-06-18T00:09:28.695+0000][9685.558s][info][gc            ] GC(472) Pause Young (Concurrent Start) (G1 Evacuation Pause) 443M->198M(512M) 3.011ms
[2026-06-18T00:09:28.695+0000][9685.558s][info][gc,cpu        ] GC(472) User=0.02s Sys=0.01s Real=0.00s
[2026-06-18T00:09:28.695+0000][9685.558s][info][gc            ] GC(473) Concurrent Cycle
[2026-06-18T00:09:28.695+0000][9685.558s][info][gc,marking    ] GC(473) Concurrent Clear Claimed Marks
[2026-06-18T00:09:28.695+0000][9685.558s][info][gc,marking    ] GC(473) Concurrent Clear Claimed Marks 0.154ms
[2026-06-18T00:09:28.695+0000][9685.558s][info][gc,marking    ] GC(473) Concurrent Scan Root Regions
[2026-06-18T00:09:28.696+0000][9685.559s][info][gc,marking    ] GC(473) Concurrent Scan Root Regions 1.147ms
[2026-06-18T00:09:28.696+0000][9685.559s][info][gc,marking    ] GC(473) Concurrent Mark (9685.559s)
[2026-06-18T00:09:28.696+0000][9685.560s][info][gc,marking    ] GC(473) Concurrent Mark From Roots
[2026-06-18T00:09:28.697+0000][9685.560s][info][gc,task       ] GC(473) Using 3 workers of 3 for marking
[2026-06-18T00:09:28.702+0000][9685.565s][info][gc,marking    ] GC(473) Concurrent Mark From Roots 5.104ms
[2026-06-18T00:09:28.702+0000][9685.565s][info][gc,marking    ] GC(473) Concurrent Preclean
[2026-06-18T00:09:28.702+0000][9685.565s][info][gc,marking    ] GC(473) Concurrent Preclean 0.197ms
[2026-06-18T00:09:28.702+0000][9685.565s][info][gc,marking    ] GC(473) Concurrent Mark (9685.559s, 9685.565s) 5.573ms
[2026-06-18T00:09:28.702+0000][9685.565s][info][gc,start      ] GC(473) Pause Remark
[2026-06-18T00:09:28.705+0000][9685.568s][info][gc,stringtable] GC(473) Cleaned string and symbol table, strings: 17320 processed, 0 removed, symbols: 125074 processed, 0 removed
[2026-06-18T00:09:28.705+0000][9685.568s][info][gc            ] GC(473) Pause Remark 202M->202M(512M) 2.689ms
[2026-06-18T00:09:28.705+0000][9685.568s][info][gc,cpu        ] GC(473) User=0.02s Sys=0.00s Real=0.00s
[2026-06-18T00:09:28.705+0000][9685.568s][info][gc,marking    ] GC(473) Concurrent Rebuild Remembered Sets
[2026-06-18T00:09:28.709+0000][9685.572s][info][gc,marking    ] GC(473) Concurrent Rebuild Remembered Sets 4.263ms
[2026-06-18T00:09:28.710+0000][9685.573s][info][gc,start      ] GC(473) Pause Cleanup
[2026-06-18T00:09:28.710+0000][9685.573s][info][gc            ] GC(473) Pause Cleanup 203M->203M(512M) 0.178ms
[2026-06-18T00:09:28.710+0000][9685.573s][info][gc,cpu        ] GC(473) User=0.00s Sys=0.00s Real=0.00s
[2026-06-18T00:09:28.710+0000][9685.573s][info][gc,marking    ] GC(473) Concurrent Cleanup for Next Mark
[2026-06-18T00:09:28.710+0000][9685.573s][info][gc,marking    ] GC(473) Concurrent Cleanup for Next Mark 0.151ms
[2026-06-18T00:09:28.710+0000][9685.573s][info][gc            ] GC(473) Concurrent Cycle 15.427ms
[2026-06-18T00:10:17.269+0000][9734.132s][info][gc,start      ] GC(474) Pause Young (Prepare Mixed) (G1 Evacuation Pause)
[2026-06-18T00:10:17.269+0000][9734.132s][info][gc,task       ] GC(474) Using 13 workers of 13 for evacuation
[2026-06-18T00:10:17.271+0000][9734.134s][info][gc,phases     ] GC(474)   Pre Evacuate Collection Set: 0.0ms
[2026-06-18T00:10:17.271+0000][9734.134s][info][gc,phases     ] GC(474)   Evacuate Collection Set: 1.6ms
[2026-06-18T00:10:17.271+0000][9734.134s][info][gc,phases     ] GC(474)   Post Evacuate Collection Set: 0.3ms
[2026-06-18T00:10:17.271+0000][9734.135s][info][gc,phases     ] GC(474)   Other: 0.4ms
[2026-06-18T00:10:17.271+0000][9734.135s][info][gc,heap       ] GC(474) Eden regions: 246->0(19)
[2026-06-18T00:10:17.271+0000][9734.135s][info][gc,heap       ] GC(474) Survivor regions: 3->6(32)
[2026-06-18T00:10:17.271+0000][9734.135s][info][gc,heap       ] GC(474) Old regions: 50->50
[2026-06-18T00:10:17.271+0000][9734.135s][info][gc,heap       ] GC(474) Humongous regions: 147->147
[2026-06-18T00:10:17.271+0000][9734.135s][info][gc,metaspace  ] GC(474) Metaspace: 52455K(55296K)->52455K(55296K) NonClass: 46526K(48128K)->46526K(48128K) Class: 5929K(7168K)->5929K(7168K)
[2026-06-18T00:10:17.271+0000][9734.135s][info][gc            ] GC(474) Pause Young (Prepare Mixed) (G1 Evacuation Pause) 444M->201M(512M) 2.851ms
[2026-06-18T00:10:17.271+0000][9734.135s][info][gc,cpu        ] GC(474) User=0.02s Sys=0.00s Real=0.01s
[2026-06-18T00:10:17.398+0000][9734.261s][info][gc,start      ] GC(475) Pause Young (Mixed) (G1 Evacuation Pause)
[2026-06-18T00:10:17.398+0000][9734.261s][info][gc,task       ] GC(475) Using 13 workers of 13 for evacuation
[2026-06-18T00:10:17.402+0000][9734.266s][info][gc,phases     ] GC(475)   Pre Evacuate Collection Set: 0.0ms
[2026-06-18T00:10:17.403+0000][9734.266s][info][gc,phases     ] GC(475)   Evacuate Collection Set: 4.4ms
[2026-06-18T00:10:17.403+0000][9734.266s][info][gc,phases     ] GC(475)   Post Evacuate Collection Set: 0.3ms
[2026-06-18T00:10:17.403+0000][9734.266s][info][gc,phases     ] GC(475)   Other: 0.2ms
[2026-06-18T00:10:17.403+0000][9734.266s][info][gc,heap       ] GC(475) Eden regions: 19->0(248)
[2026-06-18T00:10:17.403+0000][9734.266s][info][gc,heap       ] GC(475) Survivor regions: 6->2(4)
[2026-06-18T00:10:17.403+0000][9734.266s][info][gc,heap       ] GC(475) Old regions: 50->49
[2026-06-18T00:10:17.403+0000][9734.266s][info][gc,heap       ] GC(475) Humongous regions: 147->147
[2026-06-18T00:10:17.403+0000][9734.266s][info][gc,metaspace  ] GC(475) Metaspace: 52455K(55296K)->52455K(55296K) NonClass: 46526K(48128K)->46526K(48128K) Class: 5929K(7168K)->5929K(7168K)
[2026-06-18T00:10:17.403+0000][9734.266s][info][gc            ] GC(475) Pause Young (Mixed) (G1 Evacuation Pause) 220M->196M(512M) 5.361ms
[2026-06-18T00:10:17.403+0000][9734.266s][info][gc,cpu        ] GC(475) User=0.04s Sys=0.01s Real=0.01s
[2026-06-18T00:10:18.749+0000][9735.612s][info][gc,start      ] GC(476) Pause Young (Normal) (G1 Evacuation Pause)
[2026-06-18T00:10:18.749+0000][9735.612s][info][gc,task       ] GC(476) Using 13 workers of 13 for evacuation
[2026-06-18T00:10:18.751+0000][9735.614s][info][gc,phases     ] GC(476)   Pre Evacuate Collection Set: 0.0ms
[2026-06-18T00:10:18.751+0000][9735.614s][info][gc,phases     ] GC(476)   Evacuate Collection Set: 1.3ms
[2026-06-18T00:10:18.751+0000][9735.614s][info][gc,phases     ] GC(476)   Post Evacuate Collection Set: 0.4ms
[2026-06-18T00:10:18.751+0000][9735.614s][info][gc,phases     ] GC(476)   Other: 0.3ms
[2026-06-18T00:10:18.751+0000][9735.614s][info][gc,heap       ] GC(476) Eden regions: 248->0(250)
[2026-06-18T00:10:18.751+0000][9735.614s][info][gc,heap       ] GC(476) Survivor regions: 2->2(32)
[2026-06-18T00:10:18.751+0000][9735.614s][info][gc,heap       ] GC(476) Old regions: 49->49
[2026-06-18T00:10:18.751+0000][9735.614s][info][gc,heap       ] GC(476) Humongous regions: 147->147
[2026-06-18T00:10:18.751+0000][9735.614s][info][gc,metaspace  ] GC(476) Metaspace: 52455K(55296K)->52455K(55296K) NonClass: 46526K(48128K)->46526K(48128K) Class: 5929K(7168K)->5929K(7168K)
[2026-06-18T00:10:18.751+0000][9735.615s][info][gc            ] GC(476) Pause Young (Normal) (G1 Evacuation Pause) 444M->197M(512M) 2.512ms
[2026-06-18T00:10:18.751+0000][9735.615s][info][gc,cpu        ] GC(476) User=0.02s Sys=0.00s Real=0.01s
[2026-06-18T00:10:20.034+0000][9736.897s][info][gc,start      ] GC(477) Pause Young (Normal) (G1 Evacuation Pause)
[2026-06-18T00:10:20.034+0000][9736.897s][info][gc,task       ] GC(477) Using 13 workers of 13 for evacuation
[2026-06-18T00:10:20.036+0000][9736.899s][info][gc,phases     ] GC(477)   Pre Evacuate Collection Set: 0.0ms
[2026-06-18T00:10:20.036+0000][9736.899s][info][gc,phases     ] GC(477)   Evacuate Collection Set: 1.4ms
[2026-06-18T00:10:20.036+0000][9736.899s][info][gc,phases     ] GC(477)   Post Evacuate Collection Set: 0.3ms
[2026-06-18T00:10:20.036+0000][9736.899s][info][gc,phases     ] GC(477)   Other: 0.4ms
[2026-06-18T00:10:20.036+0000][9736.899s][info][gc,heap       ] GC(477) Eden regions: 250->0(245)
[2026-06-18T00:10:20.036+0000][9736.900s][info][gc,heap       ] GC(477) Survivor regions: 2->7(32)
[2026-06-18T00:10:20.036+0000][9736.900s][info][gc,heap       ] GC(477) Old regions: 49->49
[2026-06-18T00:10:20.036+0000][9736.900s][info][gc,heap       ] GC(477) Humongous regions: 147->147
[2026-06-18T00:10:20.036+0000][9736.900s][info][gc,metaspace  ] GC(477) Metaspace: 52455K(55296K)->52455K(55296K) NonClass: 46526K(48128K)->46526K(48128K) Class: 5929K(7168K)->5929K(7168K)
[2026-06-18T00:10:20.036+0000][9736.900s][info][gc            ] GC(477) Pause Young (Normal) (G1 Evacuation Pause) 447M->201M(512M) 2.724ms
[2026-06-18T00:10:20.036+0000][9736.900s][info][gc,cpu        ] GC(477) User=0.02s Sys=0.00s Real=0.00s
[2026-06-18T00:11:08.482+0000][9785.347s][info][gc,start      ] GC(478) Pause Young (Concurrent Start) (G1 Evacuation Pause)
[2026-06-18T00:11:08.482+0000][9785.347s][info][gc,task       ] GC(478) Using 13 workers of 13 for evacuation
[2026-06-18T00:11:08.486+0000][9785.350s][info][gc,phases     ] GC(478)   Pre Evacuate Collection Set: 0.3ms
[2026-06-18T00:11:08.486+0000][9785.350s][info][gc,phases     ] GC(478)   Evacuate Collection Set: 2.6ms
[2026-06-18T00:11:08.486+0000][9785.350s][info][gc,phases     ] GC(478)   Post Evacuate Collection Set: 0.4ms
[2026-06-18T00:11:08.486+0000][9785.351s][info][gc,phases     ] GC(478)   Other: 0.4ms
[2026-06-18T00:11:08.486+0000][9785.351s][info][gc,heap       ] GC(478) Eden regions: 245->0(249)
[2026-06-18T00:11:08.486+0000][9785.351s][info][gc,heap       ] GC(478) Survivor regions: 7->4(32)
[2026-06-18T00:11:08.486+0000][9785.351s][info][gc,heap       ] GC(478) Old regions: 49->49
[2026-06-18T00:11:08.486+0000][9785.351s][info][gc,heap       ] GC(478) Humongous regions: 147->147
[2026-06-18T00:11:08.486+0000][9785.351s][info][gc,metaspace  ] GC(478) Metaspace: 52455K(55296K)->52455K(55296K) NonClass: 46526K(48128K)->46526K(48128K) Class: 5929K(7168K)->5929K(7168K)
[2026-06-18T00:11:08.486+0000][9785.351s][info][gc            ] GC(478) Pause Young (Concurrent Start) (G1 Evacuation Pause) 446M->199M(512M) 4.152ms
[2026-06-18T00:11:08.486+0000][9785.351s][info][gc,cpu        ] GC(478) User=0.03s Sys=0.00s Real=0.00s
[2026-06-18T00:11:08.486+0000][9785.351s][info][gc            ] GC(479) Concurrent Cycle
[2026-06-18T00:11:08.486+0000][9785.351s][info][gc,marking    ] GC(479) Concurrent Clear Claimed Marks
[2026-06-18T00:11:08.487+0000][9785.351s][info][gc,marking    ] GC(479) Concurrent Clear Claimed Marks 0.250ms
[2026-06-18T00:11:08.487+0000][9785.351s][info][gc,marking    ] GC(479) Concurrent Scan Root Regions
[2026-06-18T00:11:08.488+0000][9785.353s][info][gc,marking    ] GC(479) Concurrent Scan Root Regions 1.083ms
[2026-06-18T00:11:08.488+0000][9785.353s][info][gc,marking    ] GC(479) Concurrent Mark (9785.353s)
[2026-06-18T00:11:08.488+0000][9785.353s][info][gc,marking    ] GC(479) Concurrent Mark From Roots
[2026-06-18T00:11:08.488+0000][9785.353s][info][gc,task       ] GC(479) Using 3 workers of 3 for marking
[2026-06-18T00:11:08.494+0000][9785.358s][info][gc,marking    ] GC(479) Concurrent Mark From Roots 5.723ms
[2026-06-18T00:11:08.494+0000][9785.359s][info][gc,marking    ] GC(479) Concurrent Preclean
[2026-06-18T00:11:08.494+0000][9785.359s][info][gc,marking    ] GC(479) Concurrent Preclean 0.289ms
[2026-06-18T00:11:08.494+0000][9785.359s][info][gc,marking    ] GC(479) Concurrent Mark (9785.353s, 9785.359s) 6.326ms
[2026-06-18T00:11:08.495+0000][9785.359s][info][gc,start      ] GC(479) Pause Remark
[2026-06-18T00:11:08.497+0000][9785.362s][info][gc,stringtable] GC(479) Cleaned string and symbol table, strings: 17321 processed, 0 removed, symbols: 125074 processed, 0 removed
[2026-06-18T00:11:08.498+0000][9785.362s][info][gc            ] GC(479) Pause Remark 202M->202M(512M) 3.216ms
[2026-06-18T00:11:08.498+0000][9785.362s][info][gc,cpu        ] GC(479) User=0.02s Sys=0.00s Real=0.00s
[2026-06-18T00:11:08.498+0000][9785.363s][info][gc,marking    ] GC(479) Concurrent Rebuild Remembered Sets
[2026-06-18T00:11:08.502+0000][9785.367s][info][gc,marking    ] GC(479) Concurrent Rebuild Remembered Sets 4.084ms
[2026-06-18T00:11:08.502+0000][9785.367s][info][gc,start      ] GC(479) Pause Cleanup
[2026-06-18T00:11:08.503+0000][9785.367s][info][gc            ] GC(479) Pause Cleanup 203M->203M(512M) 0.231ms
[2026-06-18T00:11:08.503+0000][9785.367s][info][gc,cpu        ] GC(479) User=0.00s Sys=0.00s Real=0.00s
[2026-06-18T00:11:08.503+0000][9785.367s][info][gc,marking    ] GC(479) Concurrent Cleanup for Next Mark
[2026-06-18T00:11:08.503+0000][9785.368s][info][gc,marking    ] GC(479) Concurrent Cleanup for Next Mark 0.161ms
[2026-06-18T00:11:08.503+0000][9785.368s][info][gc            ] GC(479) Concurrent Cycle 16.716ms
[2026-06-18T00:11:10.162+0000][9787.027s][info][gc,start      ] GC(480) Pause Young (Prepare Mixed) (G1 Evacuation Pause)
[2026-06-18T00:11:10.162+0000][9787.027s][info][gc,task       ] GC(480) Using 13 workers of 13 for evacuation
[2026-06-18T00:11:10.165+0000][9787.030s][info][gc,phases     ] GC(480)   Pre Evacuate Collection Set: 0.0ms
[2026-06-18T00:11:10.165+0000][9787.030s][info][gc,phases     ] GC(480)   Evacuate Collection Set: 2.5ms
[2026-06-18T00:11:10.165+0000][9787.030s][info][gc,phases     ] GC(480)   Post Evacuate Collection Set: 0.4ms
[2026-06-18T00:11:10.165+0000][9787.030s][info][gc,phases     ] GC(480)   Other: 0.4ms
[2026-06-18T00:11:10.166+0000][9787.030s][info][gc,heap       ] GC(480) Eden regions: 249->0(18)
[2026-06-18T00:11:10.166+0000][9787.030s][info][gc,heap       ] GC(480) Survivor regions: 4->7(32)
[2026-06-18T00:11:10.166+0000][9787.030s][info][gc,heap       ] GC(480) Old regions: 49->49
[2026-06-18T00:11:10.166+0000][9787.030s][info][gc,heap       ] GC(480) Humongous regions: 147->147
[2026-06-18T00:11:10.166+0000][9787.030s][info][gc,metaspace  ] GC(480) Metaspace: 52455K(55296K)->52455K(55296K) NonClass: 46526K(48128K)->46526K(48128K) Class: 5929K(7168K)->5929K(7168K)
[2026-06-18T00:11:10.166+0000][9787.030s][info][gc            ] GC(480) Pause Young (Prepare Mixed) (G1 Evacuation Pause) 448M->202M(512M) 3.778ms
[2026-06-18T00:11:10.166+0000][9787.030s][info][gc,cpu        ] GC(480) User=0.03s Sys=0.00s Real=0.00s
[2026-06-18T00:11:10.272+0000][9787.137s][info][gc,start      ] GC(481) Pause Young (Mixed) (G1 Evacuation Pause)
[2026-06-18T00:11:10.272+0000][9787.137s][info][gc,task       ] GC(481) Using 13 workers of 13 for evacuation
[2026-06-18T00:11:10.276+0000][9787.140s][info][gc,phases     ] GC(481)   Pre Evacuate Collection Set: 0.0ms
[2026-06-18T00:11:10.276+0000][9787.140s][info][gc,phases     ] GC(481)   Evacuate Collection Set: 3.0ms
[2026-06-18T00:11:10.276+0000][9787.140s][info][gc,phases     ] GC(481)   Post Evacuate Collection Set: 0.3ms
[2026-06-18T00:11:10.276+0000][9787.140s][info][gc,phases     ] GC(481)   Other: 0.3ms
[2026-06-18T00:11:10.276+0000][9787.141s][info][gc,heap       ] GC(481) Eden regions: 18->0(247)
[2026-06-18T00:11:10.276+0000][9787.141s][info][gc,heap       ] GC(481) Survivor regions: 7->2(4)
[2026-06-18T00:11:10.276+0000][9787.141s][info][gc,heap       ] GC(481) Old regions: 49->51
[2026-06-18T00:11:10.276+0000][9787.141s][info][gc,heap       ] GC(481) Humongous regions: 147->147
[2026-06-18T00:11:10.276+0000][9787.141s][info][gc,metaspace  ] GC(481) Metaspace: 52455K(55296K)->52455K(55296K) NonClass: 46526K(48128K)->46526K(48128K) Class: 5929K(7168K)->5929K(7168K)
[2026-06-18T00:11:10.276+0000][9787.141s][info][gc            ] GC(481) Pause Young (Mixed) (G1 Evacuation Pause) 220M->198M(512M) 4.278ms
[2026-06-18T00:11:10.276+0000][9787.141s][info][gc,cpu        ] GC(481) User=0.02s Sys=0.00s Real=0.00s
[2026-06-18T00:11:11.580+0000][9788.445s][info][gc,start      ] GC(482) Pause Young (Normal) (G1 Evacuation Pause)
[2026-06-18T00:11:11.580+0000][9788.445s][info][gc,task       ] GC(482) Using 13 workers of 13 for evacuation
[2026-06-18T00:11:11.584+0000][9788.449s][info][gc,phases     ] GC(482)   Pre Evacuate Collection Set: 0.0ms
[2026-06-18T00:11:11.585+0000][9788.449s][info][gc,phases     ] GC(482)   Evacuate Collection Set: 3.7ms
[2026-06-18T00:11:11.585+0000][9788.449s][info][gc,phases     ] GC(482)   Post Evacuate Collection Set: 0.3ms
[2026-06-18T00:11:11.585+0000][9788.449s][info][gc,phases     ] GC(482)   Other: 0.4ms
[2026-06-18T00:11:11.585+0000][9788.449s][info][gc,heap       ] GC(482) Eden regions: 247->0(246)
[2026-06-18T00:11:11.585+0000][9788.450s][info][gc,heap       ] GC(482) Survivor regions: 2->4(32)
[2026-06-18T00:11:11.585+0000][9788.450s][info][gc,heap       ] GC(482) Old regions: 51->51
[2026-06-18T00:11:11.585+0000][9788.450s][info][gc,heap       ] GC(482) Humongous regions: 147->147
[2026-06-18T00:11:11.585+0000][9788.450s][info][gc,metaspace  ] GC(482) Metaspace: 52455K(55296K)->52455K(55296K) NonClass: 46526K(48128K)->46526K(48128K) Class: 5929K(7168K)->5929K(7168K)
[2026-06-18T00:11:11.585+0000][9788.450s][info][gc            ] GC(482) Pause Young (Normal) (G1 Evacuation Pause) 445M->200M(512M) 5.139ms
[2026-06-18T00:11:11.585+0000][9788.450s][info][gc,cpu        ] GC(482) User=0.03s Sys=0.00s Real=0.00s
[2026-06-18T00:11:20.117+0000][9796.982s][info][gc,start      ] GC(483) Pause Young (Normal) (G1 Evacuation Pause)
[2026-06-18T00:11:20.117+0000][9796.982s][info][gc,task       ] GC(483) Using 13 workers of 13 for evacuation
[2026-06-18T00:11:20.119+0000][9796.984s][info][gc,phases     ] GC(483)   Pre Evacuate Collection Set: 0.0ms
[2026-06-18T00:11:20.119+0000][9796.984s][info][gc,phases     ] GC(483)   Evacuate Collection Set: 1.3ms
[2026-06-18T00:11:20.119+0000][9796.984s][info][gc,phases     ] GC(483)   Post Evacuate Collection Set: 0.4ms
[2026-06-18T00:11:20.119+0000][9796.984s][info][gc,phases     ] GC(483)   Other: 0.4ms
[2026-06-18T00:11:20.119+0000][9796.984s][info][gc,heap       ] GC(483) Eden regions: 246->0(249)
[2026-06-18T00:11:20.119+0000][9796.984s][info][gc,heap       ] GC(483) Survivor regions: 4->2(32)
[2026-06-18T00:11:20.119+0000][9796.984s][info][gc,heap       ] GC(483) Old regions: 51->51
[2026-06-18T00:11:20.119+0000][9796.984s][info][gc,heap       ] GC(483) Humongous regions: 147->147
[2026-06-18T00:11:20.119+0000][9796.984s][info][gc,metaspace  ] GC(483) Metaspace: 52455K(55296K)->52455K(55296K) NonClass: 46526K(48128K)->46526K(48128K) Class: 5929K(7168K)->5929K(7168K)
[2026-06-18T00:11:20.120+0000][9796.984s][info][gc            ] GC(483) Pause Young (Normal) (G1 Evacuation Pause) 446M->198M(512M) 2.571ms
[2026-06-18T00:11:20.120+0000][9796.984s][info][gc,cpu        ] GC(483) User=0.01s Sys=0.01s Real=0.01s
[2026-06-18T00:12:01.543+0000][9838.408s][info][gc,start      ] GC(484) Pause Young (Concurrent Start) (G1 Evacuation Pause)
[2026-06-18T00:12:01.543+0000][9838.408s][info][gc,task       ] GC(484) Using 13 workers of 13 for evacuation
[2026-06-18T00:12:01.545+0000][9838.411s][info][gc,phases     ] GC(484)   Pre Evacuate Collection Set: 0.3ms
[2026-06-18T00:12:01.546+0000][9838.411s][info][gc,phases     ] GC(484)   Evacuate Collection Set: 2.1ms
[2026-06-18T00:12:01.546+0000][9838.411s][info][gc,phases     ] GC(484)   Post Evacuate Collection Set: 0.3ms
[2026-06-18T00:12:01.546+0000][9838.411s][info][gc,phases     ] GC(484)   Other: 0.4ms
[2026-06-18T00:12:01.546+0000][9838.411s][info][gc,heap       ] GC(484) Eden regions: 249->0(246)
[2026-06-18T00:12:01.546+0000][9838.411s][info][gc,heap       ] GC(484) Survivor regions: 2->5(32)
[2026-06-18T00:12:01.546+0000][9838.411s][info][gc,heap       ] GC(484) Old regions: 51->51
[2026-06-18T00:12:01.546+0000][9838.411s][info][gc,heap       ] GC(484) Humongous regions: 147->147
[2026-06-18T00:12:01.546+0000][9838.411s][info][gc,metaspace  ] GC(484) Metaspace: 52455K(55296K)->52455K(55296K) NonClass: 46526K(48128K)->46526K(48128K) Class: 5929K(7168K)->5929K(7168K)
[2026-06-18T00:12:01.546+0000][9838.411s][info][gc            ] GC(484) Pause Young (Concurrent Start) (G1 Evacuation Pause) 447M->202M(512M) 3.488ms
[2026-06-18T00:12:01.546+0000][9838.411s][info][gc,cpu        ] GC(484) User=0.02s Sys=0.01s Real=0.00s
[2026-06-18T00:12:01.546+0000][9838.411s][info][gc            ] GC(485) Concurrent Cycle
[2026-06-18T00:12:01.546+0000][9838.411s][info][gc,marking    ] GC(485) Concurrent Clear Claimed Marks
[2026-06-18T00:12:01.546+0000][9838.412s][info][gc,marking    ] GC(485) Concurrent Clear Claimed Marks 0.207ms
[2026-06-18T00:12:01.546+0000][9838.412s][info][gc,marking    ] GC(485) Concurrent Scan Root Regions
[2026-06-18T00:12:01.548+0000][9838.413s][info][gc,marking    ] GC(485) Concurrent Scan Root Regions 1.204ms
[2026-06-18T00:12:01.548+0000][9838.413s][info][gc,marking    ] GC(485) Concurrent Mark (9838.413s)
[2026-06-18T00:12:01.548+0000][9838.413s][info][gc,marking    ] GC(485) Concurrent Mark From Roots
[2026-06-18T00:12:01.548+0000][9838.413s][info][gc,task       ] GC(485) Using 3 workers of 3 for marking
[2026-06-18T00:12:01.553+0000][9838.418s][info][gc,marking    ] GC(485) Concurrent Mark From Roots 5.418ms
[2026-06-18T00:12:01.553+0000][9838.418s][info][gc,marking    ] GC(485) Concurrent Preclean
[2026-06-18T00:12:01.553+0000][9838.419s][info][gc,marking    ] GC(485) Concurrent Preclean 0.160ms
[2026-06-18T00:12:01.554+0000][9838.419s][info][gc,marking    ] GC(485) Concurrent Mark (9838.413s, 9838.419s) 5.797ms
[2026-06-18T00:12:01.554+0000][9838.419s][info][gc,start      ] GC(485) Pause Remark
[2026-06-18T00:12:01.556+0000][9838.421s][info][gc,stringtable] GC(485) Cleaned string and symbol table, strings: 17321 processed, 0 removed, symbols: 125074 processed, 0 removed
[2026-06-18T00:12:01.556+0000][9838.421s][info][gc            ] GC(485) Pause Remark 206M->206M(512M) 2.537ms
[2026-06-18T00:12:01.556+0000][9838.421s][info][gc,cpu        ] GC(485) User=0.03s Sys=0.00s Real=0.00s
[2026-06-18T00:12:01.557+0000][9838.422s][info][gc,marking    ] GC(485) Concurrent Rebuild Remembered Sets
[2026-06-18T00:12:01.561+0000][9838.426s][info][gc,marking    ] GC(485) Concurrent Rebuild Remembered Sets 4.327ms
[2026-06-18T00:12:01.561+0000][9838.426s][info][gc,start      ] GC(485) Pause Cleanup
[2026-06-18T00:12:01.561+0000][9838.426s][info][gc            ] GC(485) Pause Cleanup 207M->207M(512M) 0.197ms
[2026-06-18T00:12:01.561+0000][9838.426s][info][gc,cpu        ] GC(485) User=0.00s Sys=0.00s Real=0.00s
[2026-06-18T00:12:01.561+0000][9838.427s][info][gc,marking    ] GC(485) Concurrent Cleanup for Next Mark
[2026-06-18T00:12:01.562+0000][9838.427s][info][gc,marking    ] GC(485) Concurrent Cleanup for Next Mark 0.158ms
[2026-06-18T00:12:01.562+0000][9838.427s][info][gc            ] GC(485) Concurrent Cycle 15.523ms
[2026-06-18T00:12:03.050+0000][9839.915s][info][gc,start      ] GC(486) Pause Young (Prepare Mixed) (G1 Evacuation Pause)
[2026-06-18T00:12:03.050+0000][9839.916s][info][gc,task       ] GC(486) Using 13 workers of 13 for evacuation
[2026-06-18T00:12:03.053+0000][9839.918s][info][gc,phases     ] GC(486)   Pre Evacuate Collection Set: 0.0ms
[2026-06-18T00:12:03.053+0000][9839.918s][info][gc,phases     ] GC(486)   Evacuate Collection Set: 2.2ms
[2026-06-18T00:12:03.053+0000][9839.919s][info][gc,phases     ] GC(486)   Post Evacuate Collection Set: 0.3ms
[2026-06-18T00:12:03.053+0000][9839.919s][info][gc,phases     ] GC(486)   Other: 0.4ms
[2026-06-18T00:12:03.054+0000][9839.919s][info][gc,heap       ] GC(486) Eden regions: 246->0(16)
[2026-06-18T00:12:03.054+0000][9839.919s][info][gc,heap       ] GC(486) Survivor regions: 5->9(32)
[2026-06-18T00:12:03.054+0000][9839.919s][info][gc,heap       ] GC(486) Old regions: 51->51
[2026-06-18T00:12:03.054+0000][9839.919s][info][gc,heap       ] GC(486) Humongous regions: 147->147
[2026-06-18T00:12:03.054+0000][9839.919s][info][gc,metaspace  ] GC(486) Metaspace: 52455K(55296K)->52455K(55296K) NonClass: 46526K(48128K)->46526K(48128K) Class: 5929K(7168K)->5929K(7168K)
[2026-06-18T00:12:03.054+0000][9839.919s][info][gc            ] GC(486) Pause Young (Prepare Mixed) (G1 Evacuation Pause) 448M->206M(512M) 3.552ms
[2026-06-18T00:12:03.054+0000][9839.919s][info][gc,cpu        ] GC(486) User=0.03s Sys=0.00s Real=0.00s
[2026-06-18T00:12:03.138+0000][9840.003s][info][gc,start      ] GC(487) Pause Young (Mixed) (G1 Evacuation Pause)
[2026-06-18T00:12:03.138+0000][9840.004s][info][gc,task       ] GC(487) Using 13 workers of 13 for evacuation
[2026-06-18T00:12:03.140+0000][9840.005s][info][gc,phases     ] GC(487)   Pre Evacuate Collection Set: 0.0ms
[2026-06-18T00:12:03.140+0000][9840.005s][info][gc,phases     ] GC(487)   Evacuate Collection Set: 1.3ms
[2026-06-18T00:12:03.140+0000][9840.006s][info][gc,phases     ] GC(487)   Post Evacuate Collection Set: 0.3ms
[2026-06-18T00:12:03.140+0000][9840.006s][info][gc,phases     ] GC(487)   Other: 0.3ms
[2026-06-18T00:12:03.140+0000][9840.006s][info][gc,heap       ] GC(487) Eden regions: 16->0(250)
[2026-06-18T00:12:03.141+0000][9840.006s][info][gc,heap       ] GC(487) Survivor regions: 9->2(4)
[2026-06-18T00:12:03.141+0000][9840.006s][info][gc,heap       ] GC(487) Old regions: 51->46
[2026-06-18T00:12:03.141+0000][9840.006s][info][gc,heap       ] GC(487) Humongous regions: 147->147
[2026-06-18T00:12:03.141+0000][9840.006s][info][gc,metaspace  ] GC(487) Metaspace: 52455K(55296K)->52455K(55296K) NonClass: 46526K(48128K)->46526K(48128K) Class: 5929K(7168K)->5929K(7168K)
[2026-06-18T00:12:03.141+0000][9840.006s][info][gc            ] GC(487) Pause Young (Mixed) (G1 Evacuation Pause) 222M->194M(512M) 2.474ms
[2026-06-18T00:12:03.141+0000][9840.006s][info][gc,cpu        ] GC(487) User=0.01s Sys=0.01s Real=0.00s
[2026-06-18T00:12:04.427+0000][9841.292s][info][gc,start      ] GC(488) Pause Young (Normal) (G1 Evacuation Pause)
[2026-06-18T00:12:04.427+0000][9841.292s][info][gc,task       ] GC(488) Using 13 workers of 13 for evacuation
[2026-06-18T00:12:04.430+0000][9841.295s][info][gc,phases     ] GC(488)   Pre Evacuate Collection Set: 0.0ms
[2026-06-18T00:12:04.430+0000][9841.295s][info][gc,phases     ] GC(488)   Evacuate Collection Set: 2.1ms
[2026-06-18T00:12:04.430+0000][9841.295s][info][gc,phases     ] GC(488)   Post Evacuate Collection Set: 0.3ms
[2026-06-18T00:12:04.430+0000][9841.296s][info][gc,phases     ] GC(488)   Other: 0.4ms
[2026-06-18T00:12:04.431+0000][9841.296s][info][gc,heap       ] GC(488) Eden regions: 250->0(246)
[2026-06-18T00:12:04.431+0000][9841.296s][info][gc,heap       ] GC(488) Survivor regions: 2->6(32)
[2026-06-18T00:12:04.431+0000][9841.296s][info][gc,heap       ] GC(488) Old regions: 46->46
[2026-06-18T00:12:04.431+0000][9841.296s][info][gc,heap       ] GC(488) Humongous regions: 147->147
[2026-06-18T00:12:04.431+0000][9841.296s][info][gc,metaspace  ] GC(488) Metaspace: 52455K(55296K)->52455K(55296K) NonClass: 46526K(48128K)->46526K(48128K) Class: 5929K(7168K)->5929K(7168K)
[2026-06-18T00:12:04.431+0000][9841.296s][info][gc            ] GC(488) Pause Young (Normal) (G1 Evacuation Pause) 444M->198M(512M) 3.984ms
[2026-06-18T00:12:04.431+0000][9841.296s][info][gc,cpu        ] GC(488) User=0.02s Sys=0.00s Real=0.01s
[2026-06-18T00:12:53.134+0000][9889.999s][info][gc,start      ] GC(489) Pause Young (Normal) (G1 Evacuation Pause)
[2026-06-18T00:12:53.134+0000][9890.000s][info][gc,task       ] GC(489) Using 13 workers of 13 for evacuation
[2026-06-18T00:12:53.135+0000][9890.001s][info][gc,phases     ] GC(489)   Pre Evacuate Collection Set: 0.0ms
[2026-06-18T00:12:53.136+0000][9890.001s][info][gc,phases     ] GC(489)   Evacuate Collection Set: 1.2ms
[2026-06-18T00:12:53.136+0000][9890.001s][info][gc,phases     ] GC(489)   Post Evacuate Collection Set: 0.3ms
[2026-06-18T00:12:53.136+0000][9890.001s][info][gc,phases     ] GC(489)   Other: 0.2ms
[2026-06-18T00:12:53.136+0000][9890.001s][info][gc,heap       ] GC(489) Eden regions: 246->0(250)
[2026-06-18T00:12:53.136+0000][9890.001s][info][gc,heap       ] GC(489) Survivor regions: 6->3(32)
[2026-06-18T00:12:53.136+0000][9890.001s][info][gc,heap       ] GC(489) Old regions: 46->46
[2026-06-18T00:12:53.136+0000][9890.001s][info][gc,heap       ] GC(489) Humongous regions: 147->147
[2026-06-18T00:12:53.136+0000][9890.001s][info][gc,metaspace  ] GC(489) Metaspace: 52455K(55296K)->52455K(55296K) NonClass: 46526K(48128K)->46526K(48128K) Class: 5929K(7168K)->5929K(7168K)
[2026-06-18T00:12:53.136+0000][9890.001s][info][gc            ] GC(489) Pause Young (Normal) (G1 Evacuation Pause) 444M->195M(512M) 1.966ms
[2026-06-18T00:12:53.136+0000][9890.001s][info][gc,cpu        ] GC(489) User=0.01s Sys=0.00s Real=0.00s
[2026-06-18T00:12:54.601+0000][9891.466s][info][gc,start      ] GC(490) Pause Young (Concurrent Start) (G1 Evacuation Pause)
[2026-06-18T00:12:54.601+0000][9891.466s][info][gc,task       ] GC(490) Using 13 workers of 13 for evacuation
[2026-06-18T00:12:54.603+0000][9891.469s][info][gc,phases     ] GC(490)   Pre Evacuate Collection Set: 0.3ms
[2026-06-18T00:12:54.603+0000][9891.469s][info][gc,phases     ] GC(490)   Evacuate Collection Set: 1.8ms
[2026-06-18T00:12:54.604+0000][9891.469s][info][gc,phases     ] GC(490)   Post Evacuate Collection Set: 0.4ms
[2026-06-18T00:12:54.604+0000][9891.469s][info][gc,phases     ] GC(490)   Other: 0.4ms
[2026-06-18T00:12:54.604+0000][9891.469s][info][gc,heap       ] GC(490) Eden regions: 250->0(247)
[2026-06-18T00:12:54.604+0000][9891.469s][info][gc,heap       ] GC(490) Survivor regions: 3->7(32)
[2026-06-18T00:12:54.604+0000][9891.469s][info][gc,heap       ] GC(490) Old regions: 46->46
[2026-06-18T00:12:54.604+0000][9891.469s][info][gc,heap       ] GC(490) Humongous regions: 147->147
[2026-06-18T00:12:54.604+0000][9891.469s][info][gc,metaspace  ] GC(490) Metaspace: 52455K(55296K)->52455K(55296K) NonClass: 46526K(48128K)->46526K(48128K) Class: 5929K(7168K)->5929K(7168K)
[2026-06-18T00:12:54.604+0000][9891.470s][info][gc            ] GC(490) Pause Young (Concurrent Start) (G1 Evacuation Pause) 445M->198M(512M) 3.312ms
[2026-06-18T00:12:54.604+0000][9891.470s][info][gc,cpu        ] GC(490) User=0.02s Sys=0.01s Real=0.00s
[2026-06-18T00:12:54.604+0000][9891.470s][info][gc            ] GC(491) Concurrent Cycle
[2026-06-18T00:12:54.604+0000][9891.470s][info][gc,marking    ] GC(491) Concurrent Clear Claimed Marks
[2026-06-18T00:12:54.604+0000][9891.470s][info][gc,marking    ] GC(491) Concurrent Clear Claimed Marks 0.169ms
[2026-06-18T00:12:54.604+0000][9891.470s][info][gc,marking    ] GC(491) Concurrent Scan Root Regions
[2026-06-18T00:12:54.606+0000][9891.471s][info][gc,marking    ] GC(491) Concurrent Scan Root Regions 1.272ms
[2026-06-18T00:12:54.606+0000][9891.471s][info][gc,marking    ] GC(491) Concurrent Mark (9891.471s)
[2026-06-18T00:12:54.606+0000][9891.471s][info][gc,marking    ] GC(491) Concurrent Mark From Roots
[2026-06-18T00:12:54.606+0000][9891.471s][info][gc,task       ] GC(491) Using 3 workers of 3 for marking
[2026-06-18T00:12:54.612+0000][9891.477s][info][gc,marking    ] GC(491) Concurrent Mark From Roots 5.737ms
[2026-06-18T00:12:54.612+0000][9891.477s][info][gc,marking    ] GC(491) Concurrent Preclean
[2026-06-18T00:12:54.612+0000][9891.477s][info][gc,marking    ] GC(491) Concurrent Preclean 0.195ms
[2026-06-18T00:12:54.612+0000][9891.477s][info][gc,marking    ] GC(491) Concurrent Mark (9891.471s, 9891.477s) 6.156ms
[2026-06-18T00:12:54.612+0000][9891.478s][info][gc,start      ] GC(491) Pause Remark
[2026-06-18T00:12:54.614+0000][9891.480s][info][gc,stringtable] GC(491) Cleaned string and symbol table, strings: 17329 processed, 0 removed, symbols: 125074 processed, 0 removed
[2026-06-18T00:12:54.615+0000][9891.480s][info][gc            ] GC(491) Pause Remark 202M->202M(512M) 2.737ms
[2026-06-18T00:12:54.615+0000][9891.480s][info][gc,cpu        ] GC(491) User=0.03s Sys=0.00s Real=0.00s
[2026-06-18T00:12:54.615+0000][9891.481s][info][gc,marking    ] GC(491) Concurrent Rebuild Remembered Sets
[2026-06-18T00:12:54.619+0000][9891.485s][info][gc,marking    ] GC(491) Concurrent Rebuild Remembered Sets 4.324ms
[2026-06-18T00:12:54.620+0000][9891.485s][info][gc,start      ] GC(491) Pause Cleanup
[2026-06-18T00:12:54.620+0000][9891.485s][info][gc            ] GC(491) Pause Cleanup 203M->203M(512M) 0.180ms
[2026-06-18T00:12:54.620+0000][9891.486s][info][gc,cpu        ] GC(491) User=0.00s Sys=0.00s Real=0.00s
[2026-06-18T00:12:54.620+0000][9891.486s][info][gc,marking    ] GC(491) Concurrent Cleanup for Next Mark
[2026-06-18T00:12:54.620+0000][9891.486s][info][gc,marking    ] GC(491) Concurrent Cleanup for Next Mark 0.154ms
[2026-06-18T00:12:54.620+0000][9891.486s][info][gc            ] GC(491) Concurrent Cycle 16.200ms
[2026-06-18T00:12:55.877+0000][9892.742s][info][gc,start      ] GC(492) Pause Young (Prepare Mixed) (G1 Evacuation Pause)
[2026-06-18T00:12:55.877+0000][9892.743s][info][gc,task       ] GC(492) Using 13 workers of 13 for evacuation
[2026-06-18T00:12:55.879+0000][9892.745s][info][gc,phases     ] GC(492)   Pre Evacuate Collection Set: 0.0ms
[2026-06-18T00:12:55.879+0000][9892.745s][info][gc,phases     ] GC(492)   Evacuate Collection Set: 1.5ms
[2026-06-18T00:12:55.879+0000][9892.745s][info][gc,phases     ] GC(492)   Post Evacuate Collection Set: 0.3ms
[2026-06-18T00:12:55.879+0000][9892.745s][info][gc,phases     ] GC(492)   Other: 0.4ms
[2026-06-18T00:12:55.879+0000][9892.745s][info][gc,heap       ] GC(492) Eden regions: 247->0(20)
[2026-06-18T00:12:55.879+0000][9892.745s][info][gc,heap       ] GC(492) Survivor regions: 7->5(32)
[2026-06-18T00:12:55.879+0000][9892.745s][info][gc,heap       ] GC(492) Old regions: 46->46
[2026-06-18T00:12:55.879+0000][9892.745s][info][gc,heap       ] GC(492) Humongous regions: 147->147
[2026-06-18T00:12:55.879+0000][9892.745s][info][gc,metaspace  ] GC(492) Metaspace: 52455K(55296K)->52455K(55296K) NonClass: 46526K(48128K)->46526K(48128K) Class: 5929K(7168K)->5929K(7168K)
[2026-06-18T00:12:55.879+0000][9892.745s][info][gc            ] GC(492) Pause Young (Prepare Mixed) (G1 Evacuation Pause) 445M->197M(512M) 2.706ms
[2026-06-18T00:12:55.880+0000][9892.745s][info][gc,cpu        ] GC(492) User=0.02s Sys=0.00s Real=0.01s
[2026-06-18T00:12:55.966+0000][9892.832s][info][gc,start      ] GC(493) Pause Young (Mixed) (G1 Evacuation Pause)
[2026-06-18T00:12:55.966+0000][9892.832s][info][gc,task       ] GC(493) Using 13 workers of 13 for evacuation
[2026-06-18T00:12:55.969+0000][9892.834s][info][gc,phases     ] GC(493)   Pre Evacuate Collection Set: 0.0ms
[2026-06-18T00:12:55.969+0000][9892.834s][info][gc,phases     ] GC(493)   Evacuate Collection Set: 2.0ms
[2026-06-18T00:12:55.969+0000][9892.834s][info][gc,phases     ] GC(493)   Post Evacuate Collection Set: 0.3ms
[2026-06-18T00:12:55.969+0000][9892.834s][info][gc,phases     ] GC(493)   Other: 0.3ms
[2026-06-18T00:12:55.969+0000][9892.834s][info][gc,heap       ] GC(493) Eden regions: 20->0(250)
[2026-06-18T00:12:55.969+0000][9892.834s][info][gc,heap       ] GC(493) Survivor regions: 5->2(4)
[2026-06-18T00:12:55.969+0000][9892.834s][info][gc,heap       ] GC(493) Old regions: 46->48
[2026-06-18T00:12:55.969+0000][9892.835s][info][gc,heap       ] GC(493) Humongous regions: 147->147
[2026-06-18T00:12:55.969+0000][9892.835s][info][gc,metaspace  ] GC(493) Metaspace: 52455K(55296K)->52455K(55296K) NonClass: 46526K(48128K)->46526K(48128K) Class: 5929K(7168K)->5929K(7168K)
[2026-06-18T00:12:55.969+0000][9892.835s][info][gc            ] GC(493) Pause Young (Mixed) (G1 Evacuation Pause) 217M->196M(512M) 2.980ms
[2026-06-18T00:12:55.969+0000][9892.835s][info][gc,cpu        ] GC(493) User=0.02s Sys=0.00s Real=0.01s
[2026-06-18T00:13:44.401+0000][9941.267s][info][gc,start      ] GC(494) Pause Young (Normal) (G1 Evacuation Pause)
[2026-06-18T00:13:44.401+0000][9941.267s][info][gc,task       ] GC(494) Using 13 workers of 13 for evacuation
[2026-06-18T00:13:44.403+0000][9941.270s][info][gc,phases     ] GC(494)   Pre Evacuate Collection Set: 0.0ms
[2026-06-18T00:13:44.404+0000][9941.270s][info][gc,phases     ] GC(494)   Evacuate Collection Set: 1.8ms
[2026-06-18T00:13:44.404+0000][9941.270s][info][gc,phases     ] GC(494)   Post Evacuate Collection Set: 0.4ms
[2026-06-18T00:13:44.404+0000][9941.270s][info][gc,phases     ] GC(494)   Other: 0.4ms
[2026-06-18T00:13:44.404+0000][9941.270s][info][gc,heap       ] GC(494) Eden regions: 250->0(243)
[2026-06-18T00:13:44.404+0000][9941.270s][info][gc,heap       ] GC(494) Survivor regions: 2->8(32)
[2026-06-18T00:13:44.404+0000][9941.270s][info][gc,heap       ] GC(494) Old regions: 48->48
[2026-06-18T00:13:44.404+0000][9941.270s][info][gc,heap       ] GC(494) Humongous regions: 147->147
[2026-06-18T00:13:44.404+0000][9941.270s][info][gc,metaspace  ] GC(494) Metaspace: 52458K(55296K)->52458K(55296K) NonClass: 46528K(48128K)->46528K(48128K) Class: 5929K(7168K)->5929K(7168K)
[2026-06-18T00:13:44.404+0000][9941.270s][info][gc            ] GC(494) Pause Young (Normal) (G1 Evacuation Pause) 446M->201M(512M) 3.188ms
[2026-06-18T00:13:44.404+0000][9941.270s][info][gc,cpu        ] GC(494) User=0.02s Sys=0.00s Real=0.00s
[2026-06-18T00:13:46.005+0000][9942.871s][info][gc,start      ] GC(495) Pause Young (Normal) (G1 Evacuation Pause)
[2026-06-18T00:13:46.005+0000][9942.871s][info][gc,task       ] GC(495) Using 13 workers of 13 for evacuation
[2026-06-18T00:13:46.007+0000][9942.873s][info][gc,phases     ] GC(495)   Pre Evacuate Collection Set: 0.0ms
[2026-06-18T00:13:46.007+0000][9942.873s][info][gc,phases     ] GC(495)   Evacuate Collection Set: 1.6ms
[2026-06-18T00:13:46.007+0000][9942.874s][info][gc,phases     ] GC(495)   Post Evacuate Collection Set: 0.3ms
[2026-06-18T00:13:46.007+0000][9942.874s][info][gc,phases     ] GC(495)   Other: 0.4ms
[2026-06-18T00:13:46.007+0000][9942.874s][info][gc,heap       ] GC(495) Eden regions: 243->0(247)
[2026-06-18T00:13:46.007+0000][9942.874s][info][gc,heap       ] GC(495) Survivor regions: 8->5(32)
[2026-06-18T00:13:46.007+0000][9942.874s][info][gc,heap       ] GC(495) Old regions: 48->48
[2026-06-18T00:13:46.008+0000][9942.874s][info][gc,heap       ] GC(495) Humongous regions: 147->147
[2026-06-18T00:13:46.008+0000][9942.874s][info][gc,metaspace  ] GC(495) Metaspace: 52458K(55296K)->52458K(55296K) NonClass: 46528K(48128K)->46528K(48128K) Class: 5929K(7168K)->5929K(7168K)
[2026-06-18T00:13:46.008+0000][9942.874s][info][gc            ] GC(495) Pause Young (Normal) (G1 Evacuation Pause) 444M->198M(512M) 2.933ms
[2026-06-18T00:13:46.008+0000][9942.874s][info][gc,cpu        ] GC(495) User=0.02s Sys=0.00s Real=0.01s
[2026-06-18T00:13:47.352+0000][9944.219s][info][gc,start      ] GC(496) Pause Young (Concurrent Start) (G1 Evacuation Pause)
[2026-06-18T00:13:47.353+0000][9944.219s][info][gc,task       ] GC(496) Using 13 workers of 13 for evacuation
[2026-06-18T00:13:47.356+0000][9944.222s][info][gc,phases     ] GC(496)   Pre Evacuate Collection Set: 0.3ms
[2026-06-18T00:13:47.356+0000][9944.222s][info][gc,phases     ] GC(496)   Evacuate Collection Set: 2.3ms
[2026-06-18T00:13:47.356+0000][9944.222s][info][gc,phases     ] GC(496)   Post Evacuate Collection Set: 0.4ms
[2026-06-18T00:13:47.356+0000][9944.222s][info][gc,phases     ] GC(496)   Other: 0.4ms
[2026-06-18T00:13:47.356+0000][9944.223s][info][gc,heap       ] GC(496) Eden regions: 247->0(243)
[2026-06-18T00:13:47.356+0000][9944.223s][info][gc,heap       ] GC(496) Survivor regions: 5->8(32)
[2026-06-18T00:13:47.356+0000][9944.223s][info][gc,heap       ] GC(496) Old regions: 48->48
[2026-06-18T00:13:47.356+0000][9944.223s][info][gc,heap       ] GC(496) Humongous regions: 147->147
[2026-06-18T00:13:47.356+0000][9944.223s][info][gc,metaspace  ] GC(496) Metaspace: 52458K(55296K)->52458K(55296K) NonClass: 46528K(48128K)->46528K(48128K) Class: 5929K(7168K)->5929K(7168K)
[2026-06-18T00:13:47.357+0000][9944.223s][info][gc            ] GC(496) Pause Young (Concurrent Start) (G1 Evacuation Pause) 445M->202M(512M) 4.105ms
[2026-06-18T00:13:47.357+0000][9944.223s][info][gc,cpu        ] GC(496) User=0.03s Sys=0.01s Real=0.01s
[2026-06-18T00:13:47.357+0000][9944.223s][info][gc            ] GC(497) Concurrent Cycle
[2026-06-18T00:13:47.357+0000][9944.223s][info][gc,marking    ] GC(497) Concurrent Clear Claimed Marks
[2026-06-18T00:13:47.357+0000][9944.223s][info][gc,marking    ] GC(497) Concurrent Clear Claimed Marks 0.197ms
[2026-06-18T00:13:47.357+0000][9944.223s][info][gc,marking    ] GC(497) Concurrent Scan Root Regions
[2026-06-18T00:13:47.359+0000][9944.225s][info][gc,marking    ] GC(497) Concurrent Scan Root Regions 1.466ms
[2026-06-18T00:13:47.359+0000][9944.225s][info][gc,marking    ] GC(497) Concurrent Mark (9944.225s)
[2026-06-18T00:13:47.359+0000][9944.225s][info][gc,marking    ] GC(497) Concurrent Mark From Roots
[2026-06-18T00:13:47.359+0000][9944.225s][info][gc,task       ] GC(497) Using 3 workers of 3 for marking
[2026-06-18T00:13:47.365+0000][9944.231s][info][gc,marking    ] GC(497) Concurrent Mark From Roots 5.716ms
[2026-06-18T00:13:47.365+0000][9944.231s][info][gc,marking    ] GC(497) Concurrent Preclean
[2026-06-18T00:13:47.365+0000][9944.231s][info][gc,marking    ] GC(497) Concurrent Preclean 0.254ms
[2026-06-18T00:13:47.365+0000][9944.231s][info][gc,marking    ] GC(497) Concurrent Mark (9944.225s, 9944.231s) 6.384ms
[2026-06-18T00:13:47.365+0000][9944.232s][info][gc,start      ] GC(497) Pause Remark
[2026-06-18T00:13:47.368+0000][9944.234s][info][gc,stringtable] GC(497) Cleaned string and symbol table, strings: 17329 processed, 0 removed, symbols: 125074 processed, 0 removed
[2026-06-18T00:13:47.368+0000][9944.234s][info][gc            ] GC(497) Pause Remark 206M->206M(512M) 2.771ms
[2026-06-18T00:13:47.368+0000][9944.235s][info][gc,cpu        ] GC(497) User=0.02s Sys=0.00s Real=0.01s
[2026-06-18T00:13:47.368+0000][9944.235s][info][gc,marking    ] GC(497) Concurrent Rebuild Remembered Sets
[2026-06-18T00:13:47.372+0000][9944.239s][info][gc,marking    ] GC(497) Concurrent Rebuild Remembered Sets 3.986ms
[2026-06-18T00:13:47.373+0000][9944.239s][info][gc,start      ] GC(497) Pause Cleanup
[2026-06-18T00:13:47.373+0000][9944.239s][info][gc            ] GC(497) Pause Cleanup 207M->207M(512M) 0.214ms
[2026-06-18T00:13:47.373+0000][9944.239s][info][gc,cpu        ] GC(497) User=0.00s Sys=0.00s Real=0.00s
[2026-06-18T00:13:47.373+0000][9944.239s][info][gc,marking    ] GC(497) Concurrent Cleanup for Next Mark
[2026-06-18T00:13:47.373+0000][9944.240s][info][gc,marking    ] GC(497) Concurrent Cleanup for Next Mark 0.166ms
[2026-06-18T00:13:47.373+0000][9944.240s][info][gc            ] GC(497) Concurrent Cycle 16.480ms
[2026-06-18T00:13:48.568+0000][9945.435s][info][gc,start      ] GC(498) Pause Young (Prepare Mixed) (G1 Evacuation Pause)
[2026-06-18T00:13:48.569+0000][9945.435s][info][gc,task       ] GC(498) Using 13 workers of 13 for evacuation
[2026-06-18T00:13:48.571+0000][9945.437s][info][gc,phases     ] GC(498)   Pre Evacuate Collection Set: 0.0ms
[2026-06-18T00:13:48.571+0000][9945.437s][info][gc,phases     ] GC(498)   Evacuate Collection Set: 1.6ms
[2026-06-18T00:13:48.571+0000][9945.437s][info][gc,phases     ] GC(498)   Post Evacuate Collection Set: 0.4ms
[2026-06-18T00:13:48.571+0000][9945.437s][info][gc,phases     ] GC(498)   Other: 0.3ms
[2026-06-18T00:13:48.571+0000][9945.437s][info][gc,heap       ] GC(498) Eden regions: 243->0(21)
[2026-06-18T00:13:48.571+0000][9945.437s][info][gc,heap       ] GC(498) Survivor regions: 8->4(32)
[2026-06-18T00:13:48.571+0000][9945.438s][info][gc,heap       ] GC(498) Old regions: 48->48
[2026-06-18T00:13:48.571+0000][9945.438s][info][gc,heap       ] GC(498) Humongous regions: 147->147
[2026-06-18T00:13:48.571+0000][9945.438s][info][gc,metaspace  ] GC(498) Metaspace: 52458K(55296K)->52458K(55296K) NonClass: 46528K(48128K)->46528K(48128K) Class: 5929K(7168K)->5929K(7168K)
[2026-06-18T00:13:48.571+0000][9945.438s][info][gc            ] GC(498) Pause Young (Prepare Mixed) (G1 Evacuation Pause) 445M->198M(512M) 2.920ms
[2026-06-18T00:13:48.571+0000][9945.438s][info][gc,cpu        ] GC(498) User=0.02s Sys=0.00s Real=0.00s
[2026-06-18T00:13:48.684+0000][9945.550s][info][gc,start      ] GC(499) Pause Young (Mixed) (G1 Evacuation Pause)
[2026-06-18T00:13:48.684+0000][9945.550s][info][gc,task       ] GC(499) Using 13 workers of 13 for evacuation
[2026-06-18T00:13:48.686+0000][9945.552s][info][gc,phases     ] GC(499)   Pre Evacuate Collection Set: 0.0ms
[2026-06-18T00:13:48.686+0000][9945.552s][info][gc,phases     ] GC(499)   Evacuate Collection Set: 1.3ms
[2026-06-18T00:13:48.686+0000][9945.552s][info][gc,phases     ] GC(499)   Post Evacuate Collection Set: 0.3ms
[2026-06-18T00:13:48.686+0000][9945.552s][info][gc,phases     ] GC(499)   Other: 0.3ms
[2026-06-18T00:13:48.686+0000][9945.552s][info][gc,heap       ] GC(499) Eden regions: 21->0(251)
[2026-06-18T00:13:48.686+0000][9945.552s][info][gc,heap       ] GC(499) Survivor regions: 4->3(4)
[2026-06-18T00:13:48.686+0000][9945.552s][info][gc,heap       ] GC(499) Old regions: 48->46
[2026-06-18T00:13:48.686+0000][9945.552s][info][gc,heap       ] GC(499) Humongous regions: 147->147
[2026-06-18T00:13:48.686+0000][9945.552s][info][gc,metaspace  ] GC(499) Metaspace: 52458K(55296K)->52458K(55296K) NonClass: 46528K(48128K)->46528K(48128K) Class: 5929K(7168K)->5929K(7168K)
[2026-06-18T00:13:48.686+0000][9945.552s][info][gc            ] GC(499) Pause Young (Mixed) (G1 Evacuation Pause) 219M->194M(512M) 2.353ms
[2026-06-18T00:13:48.686+0000][9945.552s][info][gc,cpu        ] GC(499) User=0.02s Sys=0.01s Real=0.00s
[2026-06-18T00:14:37.477+0000][9994.344s][info][gc,start      ] GC(500) Pause Young (Normal) (G1 Evacuation Pause)
[2026-06-18T00:14:37.478+0000][9994.344s][info][gc,task       ] GC(500) Using 13 workers of 13 for evacuation
[2026-06-18T00:14:37.480+0000][9994.346s][info][gc,phases     ] GC(500)   Pre Evacuate Collection Set: 0.0ms
[2026-06-18T00:14:37.480+0000][9994.346s][info][gc,phases     ] GC(500)   Evacuate Collection Set: 1.6ms
[2026-06-18T00:14:37.480+0000][9994.346s][info][gc,phases     ] GC(500)   Post Evacuate Collection Set: 0.3ms
[2026-06-18T00:14:37.480+0000][9994.346s][info][gc,phases     ] GC(500)   Other: 0.3ms
[2026-06-18T00:14:37.480+0000][9994.346s][info][gc,heap       ] GC(500) Eden regions: 251->0(247)
[2026-06-18T00:14:37.480+0000][9994.347s][info][gc,heap       ] GC(500) Survivor regions: 3->7(32)
[2026-06-18T00:14:37.480+0000][9994.347s][info][gc,heap       ] GC(500) Old regions: 46->46
[2026-06-18T00:14:37.480+0000][9994.347s][info][gc,heap       ] GC(500) Humongous regions: 147->147
[2026-06-18T00:14:37.480+0000][9994.347s][info][gc,metaspace  ] GC(500) Metaspace: 52458K(55296K)->52458K(55296K) NonClass: 46529K(48128K)->46529K(48128K) Class: 5929K(7168K)->5929K(7168K)
[2026-06-18T00:14:37.480+0000][9994.347s][info][gc            ] GC(500) Pause Young (Normal) (G1 Evacuation Pause) 445M->198M(512M) 2.805ms
[2026-06-18T00:14:37.480+0000][9994.347s][info][gc,cpu        ] GC(500) User=0.02s Sys=0.00s Real=0.00s
[2026-06-18T00:14:38.958+0000][9995.824s][info][gc,start      ] GC(501) Pause Young (Normal) (G1 Evacuation Pause)
[2026-06-18T00:14:38.958+0000][9995.824s][info][gc,task       ] GC(501) Using 13 workers of 13 for evacuation
[2026-06-18T00:14:38.960+0000][9995.826s][info][gc,phases     ] GC(501)   Pre Evacuate Collection Set: 0.0ms
[2026-06-18T00:14:38.960+0000][9995.826s][info][gc,phases     ] GC(501)   Evacuate Collection Set: 1.2ms
[2026-06-18T00:14:38.960+0000][9995.826s][info][gc,phases     ] GC(501)   Post Evacuate Collection Set: 0.3ms
[2026-06-18T00:14:38.960+0000][9995.826s][info][gc,phases     ] GC(501)   Other: 0.3ms
[2026-06-18T00:14:38.960+0000][9995.826s][info][gc,heap       ] GC(501) Eden regions: 247->0(251)
[2026-06-18T00:14:38.960+0000][9995.826s][info][gc,heap       ] GC(501) Survivor regions: 7->4(32)
[2026-06-18T00:14:38.960+0000][9995.826s][info][gc,heap       ] GC(501) Old regions: 46->46
[2026-06-18T00:14:38.960+0000][9995.826s][info][gc,heap       ] GC(501) Humongous regions: 147->147
[2026-06-18T00:14:38.960+0000][9995.826s][info][gc,metaspace  ] GC(501) Metaspace: 52458K(55296K)->52458K(55296K) NonClass: 46529K(48128K)->46529K(48128K) Class: 5929K(7168K)->5929K(7168K)
[2026-06-18T00:14:38.960+0000][9995.827s][info][gc            ] GC(501) Pause Young (Normal) (G1 Evacuation Pause) 445M->195M(512M) 2.362ms
[2026-06-18T00:14:38.960+0000][9995.827s][info][gc,cpu        ] GC(501) User=0.01s Sys=0.00s Real=0.00s
[2026-06-18T00:14:40.222+0000][9997.088s][info][gc,start      ] GC(502) Pause Young (Concurrent Start) (G1 Evacuation Pause)
[2026-06-18T00:14:40.222+0000][9997.089s][info][gc,task       ] GC(502) Using 13 workers of 13 for evacuation
[2026-06-18T00:14:40.235+0000][9997.102s][info][gc,phases     ] GC(502)   Pre Evacuate Collection Set: 0.3ms
[2026-06-18T00:14:40.235+0000][9997.102s][info][gc,phases     ] GC(502)   Evacuate Collection Set: 12.2ms
[2026-06-18T00:14:40.235+0000][9997.102s][info][gc,phases     ] GC(502)   Post Evacuate Collection Set: 0.4ms
[2026-06-18T00:14:40.235+0000][9997.102s][info][gc,phases     ] GC(502)   Other: 0.3ms
[2026-06-18T00:14:40.236+0000][9997.102s][info][gc,heap       ] GC(502) Eden regions: 251->0(246)
[2026-06-18T00:14:40.236+0000][9997.102s][info][gc,heap       ] GC(502) Survivor regions: 4->8(32)
[2026-06-18T00:14:40.236+0000][9997.102s][info][gc,heap       ] GC(502) Old regions: 46->46
[2026-06-18T00:14:40.236+0000][9997.102s][info][gc,heap       ] GC(502) Humongous regions: 147->147
[2026-06-18T00:14:40.236+0000][9997.102s][info][gc,metaspace  ] GC(502) Metaspace: 52458K(55296K)->52458K(55296K) NonClass: 46529K(48128K)->46529K(48128K) Class: 5929K(7168K)->5929K(7168K)
[2026-06-18T00:14:40.236+0000][9997.102s][info][gc            ] GC(502) Pause Young (Concurrent Start) (G1 Evacuation Pause) 446M->199M(512M) 13.874ms
[2026-06-18T00:14:40.236+0000][9997.102s][info][gc,cpu        ] GC(502) User=0.14s Sys=0.00s Real=0.01s
[2026-06-18T00:14:40.236+0000][9997.102s][info][gc            ] GC(503) Concurrent Cycle
[2026-06-18T00:14:40.236+0000][9997.103s][info][gc,marking    ] GC(503) Concurrent Clear Claimed Marks
[2026-06-18T00:14:40.236+0000][9997.103s][info][gc,marking    ] GC(503) Concurrent Clear Claimed Marks 0.338ms
[2026-06-18T00:14:40.237+0000][9997.103s][info][gc,marking    ] GC(503) Concurrent Scan Root Regions
[2026-06-18T00:14:40.238+0000][9997.104s][info][gc,marking    ] GC(503) Concurrent Scan Root Regions 1.529ms
[2026-06-18T00:14:40.238+0000][9997.105s][info][gc,marking    ] GC(503) Concurrent Mark (9997.105s)
[2026-06-18T00:14:40.238+0000][9997.105s][info][gc,marking    ] GC(503) Concurrent Mark From Roots
[2026-06-18T00:14:40.238+0000][9997.105s][info][gc,task       ] GC(503) Using 3 workers of 3 for marking
[2026-06-18T00:14:40.244+0000][9997.110s][info][gc,marking    ] GC(503) Concurrent Mark From Roots 5.744ms
[2026-06-18T00:14:40.244+0000][9997.111s][info][gc,marking    ] GC(503) Concurrent Preclean
[2026-06-18T00:14:40.244+0000][9997.111s][info][gc,marking    ] GC(503) Concurrent Preclean 0.222ms
[2026-06-18T00:14:40.244+0000][9997.111s][info][gc,marking    ] GC(503) Concurrent Mark (9997.105s, 9997.111s) 6.231ms
[2026-06-18T00:14:40.245+0000][9997.111s][info][gc,start      ] GC(503) Pause Remark
[2026-06-18T00:14:40.247+0000][9997.114s][info][gc,stringtable] GC(503) Cleaned string and symbol table, strings: 17329 processed, 0 removed, symbols: 125074 processed, 0 removed
[2026-06-18T00:14:40.247+0000][9997.114s][info][gc            ] GC(503) Pause Remark 204M->204M(512M) 2.759ms
[2026-06-18T00:14:40.247+0000][9997.114s][info][gc,cpu        ] GC(503) User=0.03s Sys=0.01s Real=0.01s
[2026-06-18T00:14:40.248+0000][9997.114s][info][gc,marking    ] GC(503) Concurrent Rebuild Remembered Sets
[2026-06-18T00:14:40.252+0000][9997.118s][info][gc,marking    ] GC(503) Concurrent Rebuild Remembered Sets 4.287ms
[2026-06-18T00:14:40.252+0000][9997.119s][info][gc,start      ] GC(503) Pause Cleanup
[2026-06-18T00:14:40.252+0000][9997.119s][info][gc            ] GC(503) Pause Cleanup 205M->205M(512M) 0.157ms
[2026-06-18T00:14:40.252+0000][9997.119s][info][gc,cpu        ] GC(503) User=0.00s Sys=0.00s Real=0.00s
[2026-06-18T00:14:40.252+0000][9997.119s][info][gc,marking    ] GC(503) Concurrent Cleanup for Next Mark
[2026-06-18T00:14:40.253+0000][9997.119s][info][gc,marking    ] GC(503) Concurrent Cleanup for Next Mark 0.198ms
[2026-06-18T00:14:40.253+0000][9997.119s][info][gc            ] GC(503) Concurrent Cycle 16.645ms
[2026-06-18T00:15:28.662+0000][10045.529s][info][gc,start      ] GC(504) Pause Young (Prepare Mixed) (G1 Evacuation Pause)
[2026-06-18T00:15:28.662+0000][10045.530s][info][gc,task       ] GC(504) Using 13 workers of 13 for evacuation
[2026-06-18T00:15:28.664+0000][10045.532s][info][gc,phases     ] GC(504)   Pre Evacuate Collection Set: 0.0ms
[2026-06-18T00:15:28.664+0000][10045.532s][info][gc,phases     ] GC(504)   Evacuate Collection Set: 1.7ms
[2026-06-18T00:15:28.664+0000][10045.532s][info][gc,phases     ] GC(504)   Post Evacuate Collection Set: 0.3ms
[2026-06-18T00:15:28.664+0000][10045.532s][info][gc,phases     ] GC(504)   Other: 0.4ms
[2026-06-18T00:15:28.664+0000][10045.532s][info][gc,heap       ] GC(504) Eden regions: 246->0(20)
[2026-06-18T00:15:28.665+0000][10045.532s][info][gc,heap       ] GC(504) Survivor regions: 8->5(32)
[2026-06-18T00:15:28.665+0000][10045.532s][info][gc,heap       ] GC(504) Old regions: 46->46
[2026-06-18T00:15:28.665+0000][10045.532s][info][gc,heap       ] GC(504) Humongous regions: 147->147
[2026-06-18T00:15:28.665+0000][10045.532s][info][gc,metaspace  ] GC(504) Metaspace: 52459K(55296K)->52459K(55296K) NonClass: 46530K(48128K)->46530K(48128K) Class: 5929K(7168K)->5929K(7168K)
[2026-06-18T00:15:28.665+0000][10045.532s][info][gc            ] GC(504) Pause Young (Prepare Mixed) (G1 Evacuation Pause) 445M->196M(512M) 2.968ms
[2026-06-18T00:15:28.665+0000][10045.532s][info][gc,cpu        ] GC(504) User=0.02s Sys=0.00s Real=0.00s
[2026-06-18T00:15:28.790+0000][10045.658s][info][gc,start      ] GC(505) Pause Young (Mixed) (G1 Evacuation Pause)
[2026-06-18T00:15:28.790+0000][10045.658s][info][gc,task       ] GC(505) Using 13 workers of 13 for evacuation
[2026-06-18T00:15:28.795+0000][10045.662s][info][gc,phases     ] GC(505)   Pre Evacuate Collection Set: 0.0ms
[2026-06-18T00:15:28.795+0000][10045.662s][info][gc,phases     ] GC(505)   Evacuate Collection Set: 3.9ms
[2026-06-18T00:15:28.795+0000][10045.662s][info][gc,phases     ] GC(505)   Post Evacuate Collection Set: 0.3ms
[2026-06-18T00:15:28.795+0000][10045.663s][info][gc,phases     ] GC(505)   Other: 0.4ms
[2026-06-18T00:15:28.795+0000][10045.663s][info][gc,heap       ] GC(505) Eden regions: 20->0(251)
[2026-06-18T00:15:28.795+0000][10045.663s][info][gc,heap       ] GC(505) Survivor regions: 5->3(4)
[2026-06-18T00:15:28.795+0000][10045.663s][info][gc,heap       ] GC(505) Old regions: 46->47
[2026-06-18T00:15:28.795+0000][10045.663s][info][gc,heap       ] GC(505) Humongous regions: 147->147
[2026-06-18T00:15:28.795+0000][10045.663s][info][gc,metaspace  ] GC(505) Metaspace: 52459K(55296K)->52459K(55296K) NonClass: 46530K(48128K)->46530K(48128K) Class: 5929K(7168K)->5929K(7168K)
[2026-06-18T00:15:28.795+0000][10045.663s][info][gc            ] GC(505) Pause Young (Mixed) (G1 Evacuation Pause) 216M->196M(512M) 5.190ms
[2026-06-18T00:15:28.795+0000][10045.663s][info][gc,cpu        ] GC(505) User=0.04s Sys=0.00s Real=0.01s
[2026-06-18T00:15:30.347+0000][10047.215s][info][gc,start      ] GC(506) Pause Young (Normal) (G1 Evacuation Pause)
[2026-06-18T00:15:30.347+0000][10047.215s][info][gc,task       ] GC(506) Using 13 workers of 13 for evacuation
[2026-06-18T00:15:30.351+0000][10047.218s][info][gc,phases     ] GC(506)   Pre Evacuate Collection Set: 0.0ms
[2026-06-18T00:15:30.351+0000][10047.218s][info][gc,phases     ] GC(506)   Evacuate Collection Set: 2.7ms
[2026-06-18T00:15:30.351+0000][10047.218s][info][gc,phases     ] GC(506)   Post Evacuate Collection Set: 0.4ms
[2026-06-18T00:15:30.351+0000][10047.218s][info][gc,phases     ] GC(506)   Other: 0.3ms
[2026-06-18T00:15:30.351+0000][10047.218s][info][gc,heap       ] GC(506) Eden regions: 251->0(246)
[2026-06-18T00:15:30.351+0000][10047.218s][info][gc,heap       ] GC(506) Survivor regions: 3->7(32)
[2026-06-18T00:15:30.351+0000][10047.218s][info][gc,heap       ] GC(506) Old regions: 47->47
[2026-06-18T00:15:30.351+0000][10047.219s][info][gc,heap       ] GC(506) Humongous regions: 147->147
[2026-06-18T00:15:30.351+0000][10047.219s][info][gc,metaspace  ] GC(506) Metaspace: 52459K(55296K)->52459K(55296K) NonClass: 46530K(48128K)->46530K(48128K) Class: 5929K(7168K)->5929K(7168K)
[2026-06-18T00:15:30.351+0000][10047.219s][info][gc            ] GC(506) Pause Young (Normal) (G1 Evacuation Pause) 447M->200M(512M) 3.827ms
[2026-06-18T00:15:30.351+0000][10047.219s][info][gc,cpu        ] GC(506) User=0.03s Sys=0.00s Real=0.00s
[2026-06-18T00:15:31.639+0000][10048.507s][info][gc,start      ] GC(507) Pause Young (Normal) (G1 Evacuation Pause)
[2026-06-18T00:15:31.639+0000][10048.507s][info][gc,task       ] GC(507) Using 13 workers of 13 for evacuation
[2026-06-18T00:15:31.647+0000][10048.515s][info][gc,phases     ] GC(507)   Pre Evacuate Collection Set: 0.0ms
[2026-06-18T00:15:31.648+0000][10048.515s][info][gc,phases     ] GC(507)   Evacuate Collection Set: 7.4ms
[2026-06-18T00:15:31.648+0000][10048.515s][info][gc,phases     ] GC(507)   Post Evacuate Collection Set: 0.5ms
[2026-06-18T00:15:31.648+0000][10048.515s][info][gc,phases     ] GC(507)   Other: 0.3ms
[2026-06-18T00:15:31.648+0000][10048.515s][info][gc,heap       ] GC(507) Eden regions: 246->0(247)
[2026-06-18T00:15:31.648+0000][10048.515s][info][gc,heap       ] GC(507) Survivor regions: 7->6(32)
[2026-06-18T00:15:31.648+0000][10048.515s][info][gc,heap       ] GC(507) Old regions: 47->47
[2026-06-18T00:15:31.648+0000][10048.516s][info][gc,heap       ] GC(507) Humongous regions: 147->147
[2026-06-18T00:15:31.648+0000][10048.516s][info][gc,metaspace  ] GC(507) Metaspace: 52459K(55296K)->52459K(55296K) NonClass: 46530K(48128K)->46530K(48128K) Class: 5929K(7168K)->5929K(7168K)
[2026-06-18T00:15:31.648+0000][10048.516s][info][gc            ] GC(507) Pause Young (Normal) (G1 Evacuation Pause) 446M->198M(512M) 8.958ms
[2026-06-18T00:15:31.648+0000][10048.516s][info][gc,cpu        ] GC(507) User=0.08s Sys=0.00s Real=0.01s
[2026-06-18T00:15:32.934+0000][10049.802s][info][gc,start      ] GC(508) Pause Young (Concurrent Start) (G1 Evacuation Pause)
[2026-06-18T00:15:32.934+0000][10049.802s][info][gc,task       ] GC(508) Using 13 workers of 13 for evacuation
[2026-06-18T00:15:32.937+0000][10049.805s][info][gc,phases     ] GC(508)   Pre Evacuate Collection Set: 0.3ms
[2026-06-18T00:15:32.937+0000][10049.805s][info][gc,phases     ] GC(508)   Evacuate Collection Set: 1.7ms
[2026-06-18T00:15:32.937+0000][10049.805s][info][gc,phases     ] GC(508)   Post Evacuate Collection Set: 0.4ms
[2026-06-18T00:15:32.937+0000][10049.805s][info][gc,phases     ] GC(508)   Other: 0.4ms
[2026-06-18T00:15:32.937+0000][10049.805s][info][gc,heap       ] GC(508) Eden regions: 247->0(251)
[2026-06-18T00:15:32.937+0000][10049.805s][info][gc,heap       ] GC(508) Survivor regions: 6->3(32)
[2026-06-18T00:15:32.938+0000][10049.805s][info][gc,heap       ] GC(508) Old regions: 47->47
[2026-06-18T00:15:32.938+0000][10049.805s][info][gc,heap       ] GC(508) Humongous regions: 147->147
[2026-06-18T00:15:32.938+0000][10049.805s][info][gc,metaspace  ] GC(508) Metaspace: 52459K(55296K)->52459K(55296K) NonClass: 46530K(48128K)->46530K(48128K) Class: 5929K(7168K)->5929K(7168K)
[2026-06-18T00:15:32.938+0000][10049.805s][info][gc            ] GC(508) Pause Young (Concurrent Start) (G1 Evacuation Pause) 445M->196M(512M) 3.390ms
[2026-06-18T00:15:32.938+0000][10049.805s][info][gc,cpu        ] GC(508) User=0.02s Sys=0.00s Real=0.01s
[2026-06-18T00:15:32.938+0000][10049.805s][info][gc            ] GC(509) Concurrent Cycle
[2026-06-18T00:15:32.938+0000][10049.805s][info][gc,marking    ] GC(509) Concurrent Clear Claimed Marks
[2026-06-18T00:15:32.938+0000][10049.806s][info][gc,marking    ] GC(509) Concurrent Clear Claimed Marks 0.203ms
[2026-06-18T00:15:32.938+0000][10049.806s][info][gc,marking    ] GC(509) Concurrent Scan Root Regions
[2026-06-18T00:15:32.939+0000][10049.806s][info][gc,marking    ] GC(509) Concurrent Scan Root Regions 0.796ms
[2026-06-18T00:15:32.939+0000][10049.807s][info][gc,marking    ] GC(509) Concurrent Mark (10049.807s)
[2026-06-18T00:15:32.939+0000][10049.807s][info][gc,marking    ] GC(509) Concurrent Mark From Roots
[2026-06-18T00:15:32.939+0000][10049.807s][info][gc,task       ] GC(509) Using 3 workers of 3 for marking
[2026-06-18T00:15:32.945+0000][10049.812s][info][gc,marking    ] GC(509) Concurrent Mark From Roots 5.757ms
[2026-06-18T00:15:32.945+0000][10049.813s][info][gc,marking    ] GC(509) Concurrent Preclean
[2026-06-18T00:15:32.945+0000][10049.813s][info][gc,marking    ] GC(509) Concurrent Preclean 0.202ms
[2026-06-18T00:15:32.945+0000][10049.813s][info][gc,marking    ] GC(509) Concurrent Mark (10049.807s, 10049.813s) 6.230ms
[2026-06-18T00:15:32.946+0000][10049.813s][info][gc,start      ] GC(509) Pause Remark
[2026-06-18T00:15:32.948+0000][10049.815s][info][gc,stringtable] GC(509) Cleaned string and symbol table, strings: 17329 processed, 0 removed, symbols: 125074 processed, 0 removed
[2026-06-18T00:15:32.948+0000][10049.816s][info][gc            ] GC(509) Pause Remark 200M->200M(512M) 2.571ms
[2026-06-18T00:15:32.948+0000][10049.816s][info][gc,cpu        ] GC(509) User=0.03s Sys=0.00s Real=0.00s
[2026-06-18T00:15:32.948+0000][10049.816s][info][gc,marking    ] GC(509) Concurrent Rebuild Remembered Sets
[2026-06-18T00:15:32.953+0000][10049.820s][info][gc,marking    ] GC(509) Concurrent Rebuild Remembered Sets 4.540ms
[2026-06-18T00:15:32.953+0000][10049.821s][info][gc,start      ] GC(509) Pause Cleanup
[2026-06-18T00:15:32.953+0000][10049.821s][info][gc            ] GC(509) Pause Cleanup 201M->201M(512M) 0.197ms
[2026-06-18T00:15:32.953+0000][10049.821s][info][gc,cpu        ] GC(509) User=0.00s Sys=0.00s Real=0.00s
[2026-06-18T00:15:32.953+0000][10049.821s][info][gc,marking    ] GC(509) Concurrent Cleanup for Next Mark
[2026-06-18T00:15:32.954+0000][10049.821s][info][gc,marking    ] GC(509) Concurrent Cleanup for Next Mark 0.146ms
[2026-06-18T00:15:32.954+0000][10049.821s][info][gc            ] GC(509) Concurrent Cycle 15.788ms
[2026-06-18T00:16:21.789+0000][10098.657s][info][gc,start      ] GC(510) Pause Young (Prepare Mixed) (G1 Evacuation Pause)
[2026-06-18T00:16:21.789+0000][10098.657s][info][gc,task       ] GC(510) Using 13 workers of 13 for evacuation
[2026-06-18T00:16:21.792+0000][10098.659s][info][gc,phases     ] GC(510)   Pre Evacuate Collection Set: 0.0ms
[2026-06-18T00:16:21.792+0000][10098.659s][info][gc,phases     ] GC(510)   Evacuate Collection Set: 1.9ms
[2026-06-18T00:16:21.792+0000][10098.659s][info][gc,phases     ] GC(510)   Post Evacuate Collection Set: 0.4ms
[2026-06-18T00:16:21.792+0000][10098.660s][info][gc,phases     ] GC(510)   Other: 0.3ms
[2026-06-18T00:16:21.792+0000][10098.660s][info][gc,heap       ] GC(510) Eden regions: 251->0(18)
[2026-06-18T00:16:21.792+0000][10098.660s][info][gc,heap       ] GC(510) Survivor regions: 3->7(32)
[2026-06-18T00:16:21.792+0000][10098.660s][info][gc,heap       ] GC(510) Old regions: 47->47
[2026-06-18T00:16:21.792+0000][10098.660s][info][gc,heap       ] GC(510) Humongous regions: 147->147
[2026-06-18T00:16:21.792+0000][10098.660s][info][gc,metaspace  ] GC(510) Metaspace: 52459K(55296K)->52459K(55296K) NonClass: 46530K(48128K)->46530K(48128K) Class: 5929K(7168K)->5929K(7168K)
[2026-06-18T00:16:21.792+0000][10098.660s][info][gc            ] GC(510) Pause Young (Prepare Mixed) (G1 Evacuation Pause) 447M->200M(512M) 3.094ms
[2026-06-18T00:16:21.792+0000][10098.660s][info][gc,cpu        ] GC(510) User=0.03s Sys=0.00s Real=0.00s
[2026-06-18T00:16:21.900+0000][10098.768s][info][gc,start      ] GC(511) Pause Young (Mixed) (G1 Evacuation Pause)
[2026-06-18T00:16:21.900+0000][10098.768s][info][gc,task       ] GC(511) Using 13 workers of 13 for evacuation
[2026-06-18T00:16:21.907+0000][10098.775s][info][gc,phases     ] GC(511)   Pre Evacuate Collection Set: 0.0ms
[2026-06-18T00:16:21.907+0000][10098.775s][info][gc,phases     ] GC(511)   Evacuate Collection Set: 6.4ms
[2026-06-18T00:16:21.907+0000][10098.775s][info][gc,phases     ] GC(511)   Post Evacuate Collection Set: 0.3ms
[2026-06-18T00:16:21.907+0000][10098.775s][info][gc,phases     ] GC(511)   Other: 0.3ms
[2026-06-18T00:16:21.907+0000][10098.775s][info][gc,heap       ] GC(511) Eden regions: 18->0(248)
[2026-06-18T00:16:21.908+0000][10098.775s][info][gc,heap       ] GC(511) Survivor regions: 7->2(4)
[2026-06-18T00:16:21.908+0000][10098.775s][info][gc,heap       ] GC(511) Old regions: 47->51
[2026-06-18T00:16:21.908+0000][10098.775s][info][gc,heap       ] GC(511) Humongous regions: 147->147
[2026-06-18T00:16:21.908+0000][10098.775s][info][gc,metaspace  ] GC(511) Metaspace: 52459K(55296K)->52459K(55296K) NonClass: 46530K(48128K)->46530K(48128K) Class: 5929K(7168K)->5929K(7168K)
[2026-06-18T00:16:21.908+0000][10098.775s][info][gc            ] GC(511) Pause Young (Mixed) (G1 Evacuation Pause) 218M->198M(512M) 7.784ms
[2026-06-18T00:16:21.908+0000][10098.775s][info][gc,cpu        ] GC(511) User=0.07s Sys=0.01s Real=0.01s
[2026-06-18T00:16:23.448+0000][10100.315s][info][gc,start      ] GC(512) Pause Young (Normal) (G1 Evacuation Pause)
[2026-06-18T00:16:23.448+0000][10100.315s][info][gc,task       ] GC(512) Using 13 workers of 13 for evacuation
[2026-06-18T00:16:23.452+0000][10100.319s][info][gc,phases     ] GC(512)   Pre Evacuate Collection Set: 0.0ms
[2026-06-18T00:16:23.452+0000][10100.319s][info][gc,phases     ] GC(512)   Evacuate Collection Set: 3.1ms
[2026-06-18T00:16:23.452+0000][10100.319s][info][gc,phases     ] GC(512)   Post Evacuate Collection Set: 0.6ms
[2026-06-18T00:16:23.452+0000][10100.320s][info][gc,phases     ] GC(512)   Other: 0.4ms
[2026-06-18T00:16:23.452+0000][10100.320s][info][gc,heap       ] GC(512) Eden regions: 248->0(248)
[2026-06-18T00:16:23.452+0000][10100.320s][info][gc,heap       ] GC(512) Survivor regions: 2->3(32)
[2026-06-18T00:16:23.452+0000][10100.320s][info][gc,heap       ] GC(512) Old regions: 51->51
[2026-06-18T00:16:23.453+0000][10100.320s][info][gc,heap       ] GC(512) Humongous regions: 147->147
[2026-06-18T00:16:23.453+0000][10100.320s][info][gc,metaspace  ] GC(512) Metaspace: 52459K(55296K)->52459K(55296K) NonClass: 46530K(48128K)->46530K(48128K) Class: 5929K(7168K)->5929K(7168K)
[2026-06-18T00:16:23.453+0000][10100.320s][info][gc            ] GC(512) Pause Young (Normal) (G1 Evacuation Pause) 446M->199M(512M) 5.070ms
[2026-06-18T00:16:23.453+0000][10100.320s][info][gc,cpu        ] GC(512) User=0.02s Sys=0.00s Real=0.00s
[2026-06-18T00:16:24.826+0000][10101.694s][info][gc,start      ] GC(513) Pause Young (Normal) (G1 Evacuation Pause)
[2026-06-18T00:16:24.826+0000][10101.694s][info][gc,task       ] GC(513) Using 13 workers of 13 for evacuation
[2026-06-18T00:16:24.828+0000][10101.696s][info][gc,phases     ] GC(513)   Pre Evacuate Collection Set: 0.0ms
[2026-06-18T00:16:24.828+0000][10101.696s][info][gc,phases     ] GC(513)   Evacuate Collection Set: 1.6ms
[2026-06-18T00:16:24.828+0000][10101.696s][info][gc,phases     ] GC(513)   Post Evacuate Collection Set: 0.3ms
[2026-06-18T00:16:24.828+0000][10101.696s][info][gc,phases     ] GC(513)   Other: 0.3ms
[2026-06-18T00:16:24.829+0000][10101.696s][info][gc,heap       ] GC(513) Eden regions: 248->0(244)
[2026-06-18T00:16:24.829+0000][10101.696s][info][gc,heap       ] GC(513) Survivor regions: 3->6(32)
[2026-06-18T00:16:24.829+0000][10101.696s][info][gc,heap       ] GC(513) Old regions: 51->51
[2026-06-18T00:16:24.829+0000][10101.696s][info][gc,heap       ] GC(513) Humongous regions: 147->147
[2026-06-18T00:16:24.829+0000][10101.696s][info][gc,metaspace  ] GC(513) Metaspace: 52459K(55296K)->52459K(55296K) NonClass: 46530K(48128K)->46530K(48128K) Class: 5929K(7168K)->5929K(7168K)
[2026-06-18T00:16:24.829+0000][10101.696s][info][gc            ] GC(513) Pause Young (Normal) (G1 Evacuation Pause) 447M->203M(512M) 2.744ms
[2026-06-18T00:16:24.829+0000][10101.696s][info][gc,cpu        ] GC(513) User=0.02s Sys=0.01s Real=0.00s
[2026-06-18T00:17:13.467+0000][10150.335s][info][gc,start      ] GC(514) Pause Young (Concurrent Start) (G1 Evacuation Pause)
[2026-06-18T00:17:13.467+0000][10150.335s][info][gc,task       ] GC(514) Using 13 workers of 13 for evacuation
[2026-06-18T00:17:13.469+0000][10150.337s][info][gc,phases     ] GC(514)   Pre Evacuate Collection Set: 0.2ms
[2026-06-18T00:17:13.469+0000][10150.337s][info][gc,phases     ] GC(514)   Evacuate Collection Set: 1.4ms
[2026-06-18T00:17:13.469+0000][10150.337s][info][gc,phases     ] GC(514)   Post Evacuate Collection Set: 0.3ms
[2026-06-18T00:17:13.469+0000][10150.337s][info][gc,phases     ] GC(514)   Other: 0.4ms
[2026-06-18T00:17:13.469+0000][10150.337s][info][gc,heap       ] GC(514) Eden regions: 244->0(247)
[2026-06-18T00:17:13.469+0000][10150.338s][info][gc,heap       ] GC(514) Survivor regions: 6->4(32)
[2026-06-18T00:17:13.469+0000][10150.338s][info][gc,heap       ] GC(514) Old regions: 51->51
[2026-06-18T00:17:13.469+0000][10150.338s][info][gc,heap       ] GC(514) Humongous regions: 147->147
[2026-06-18T00:17:13.469+0000][10150.338s][info][gc,metaspace  ] GC(514) Metaspace: 52461K(55296K)->52461K(55296K) NonClass: 46532K(48128K)->46532K(48128K) Class: 5929K(7168K)->5929K(7168K)
[2026-06-18T00:17:13.469+0000][10150.338s][info][gc            ] GC(514) Pause Young (Concurrent Start) (G1 Evacuation Pause) 447M->200M(512M) 2.729ms
[2026-06-18T00:17:13.470+0000][10150.338s][info][gc,cpu        ] GC(514) User=0.01s Sys=0.00s Real=0.00s
[2026-06-18T00:17:13.470+0000][10150.338s][info][gc            ] GC(515) Concurrent Cycle
[2026-06-18T00:17:13.470+0000][10150.338s][info][gc,marking    ] GC(515) Concurrent Clear Claimed Marks
[2026-06-18T00:17:13.470+0000][10150.338s][info][gc,marking    ] GC(515) Concurrent Clear Claimed Marks 0.171ms
[2026-06-18T00:17:13.470+0000][10150.338s][info][gc,marking    ] GC(515) Concurrent Scan Root Regions
[2026-06-18T00:17:13.471+0000][10150.339s][info][gc,marking    ] GC(515) Concurrent Scan Root Regions 0.935ms
[2026-06-18T00:17:13.471+0000][10150.339s][info][gc,marking    ] GC(515) Concurrent Mark (10150.339s)
[2026-06-18T00:17:13.471+0000][10150.339s][info][gc,marking    ] GC(515) Concurrent Mark From Roots
[2026-06-18T00:17:13.471+0000][10150.339s][info][gc,task       ] GC(515) Using 3 workers of 3 for marking
[2026-06-18T00:17:13.477+0000][10150.345s][info][gc,marking    ] GC(515) Concurrent Mark From Roots 5.612ms
[2026-06-18T00:17:13.477+0000][10150.345s][info][gc,marking    ] GC(515) Concurrent Preclean
[2026-06-18T00:17:13.477+0000][10150.345s][info][gc,marking    ] GC(515) Concurrent Preclean 0.197ms
[2026-06-18T00:17:13.477+0000][10150.345s][info][gc,marking    ] GC(515) Concurrent Mark (10150.339s, 10150.345s) 6.046ms
[2026-06-18T00:17:13.477+0000][10150.345s][info][gc,start      ] GC(515) Pause Remark
[2026-06-18T00:17:13.480+0000][10150.348s][info][gc,stringtable] GC(515) Cleaned string and symbol table, strings: 17330 processed, 0 removed, symbols: 125074 processed, 0 removed
[2026-06-18T00:17:13.480+0000][10150.348s][info][gc            ] GC(515) Pause Remark 204M->204M(512M) 2.882ms
[2026-06-18T00:17:13.480+0000][10150.348s][info][gc,cpu        ] GC(515) User=0.02s Sys=0.00s Real=0.00s
[2026-06-18T00:17:13.480+0000][10150.348s][info][gc,marking    ] GC(515) Concurrent Rebuild Remembered Sets
[2026-06-18T00:17:13.484+0000][10150.352s][info][gc,marking    ] GC(515) Concurrent Rebuild Remembered Sets 3.876ms
[2026-06-18T00:17:13.484+0000][10150.353s][info][gc,start      ] GC(515) Pause Cleanup
[2026-06-18T00:17:13.485+0000][10150.353s][info][gc            ] GC(515) Pause Cleanup 205M->205M(512M) 0.192ms
[2026-06-18T00:17:13.485+0000][10150.353s][info][gc,cpu        ] GC(515) User=0.00s Sys=0.00s Real=0.01s
[2026-06-18T00:17:13.485+0000][10150.353s][info][gc,marking    ] GC(515) Concurrent Cleanup for Next Mark
[2026-06-18T00:17:13.485+0000][10150.353s][info][gc,marking    ] GC(515) Concurrent Cleanup for Next Mark 0.149ms
[2026-06-18T00:17:13.485+0000][10150.353s][info][gc            ] GC(515) Concurrent Cycle 15.279ms
[2026-06-18T00:17:14.955+0000][10151.824s][info][gc,start      ] GC(516) Pause Young (Prepare Mixed) (G1 Evacuation Pause)
[2026-06-18T00:17:14.956+0000][10151.824s][info][gc,task       ] GC(516) Using 13 workers of 13 for evacuation
[2026-06-18T00:17:14.958+0000][10151.827s][info][gc,phases     ] GC(516)   Pre Evacuate Collection Set: 0.0ms
[2026-06-18T00:17:14.958+0000][10151.827s][info][gc,phases     ] GC(516)   Evacuate Collection Set: 2.1ms
[2026-06-18T00:17:14.959+0000][10151.827s][info][gc,phases     ] GC(516)   Post Evacuate Collection Set: 0.4ms
[2026-06-18T00:17:14.959+0000][10151.827s][info][gc,phases     ] GC(516)   Other: 0.3ms
[2026-06-18T00:17:14.959+0000][10151.827s][info][gc,heap       ] GC(516) Eden regions: 247->0(17)
[2026-06-18T00:17:14.959+0000][10151.827s][info][gc,heap       ] GC(516) Survivor regions: 4->8(32)
[2026-06-18T00:17:14.959+0000][10151.827s][info][gc,heap       ] GC(516) Old regions: 51->51
[2026-06-18T00:17:14.959+0000][10151.827s][info][gc,heap       ] GC(516) Humongous regions: 147->147
[2026-06-18T00:17:14.959+0000][10151.827s][info][gc,metaspace  ] GC(516) Metaspace: 52461K(55296K)->52461K(55296K) NonClass: 46532K(48128K)->46532K(48128K) Class: 5929K(7168K)->5929K(7168K)
[2026-06-18T00:17:14.959+0000][10151.827s][info][gc            ] GC(516) Pause Young (Prepare Mixed) (G1 Evacuation Pause) 447M->204M(512M) 3.535ms
[2026-06-18T00:17:14.959+0000][10151.827s][info][gc,cpu        ] GC(516) User=0.03s Sys=0.00s Real=0.00s
[2026-06-18T00:17:15.044+0000][10151.913s][info][gc,start      ] GC(517) Pause Young (Mixed) (G1 Evacuation Pause)
[2026-06-18T00:17:15.045+0000][10151.913s][info][gc,task       ] GC(517) Using 13 workers of 13 for evacuation
[2026-06-18T00:17:15.049+0000][10151.917s][info][gc,phases     ] GC(517)   Pre Evacuate Collection Set: 0.0ms
[2026-06-18T00:17:15.049+0000][10151.917s][info][gc,phases     ] GC(517)   Evacuate Collection Set: 3.6ms
[2026-06-18T00:17:15.049+0000][10151.917s][info][gc,phases     ] GC(517)   Post Evacuate Collection Set: 0.3ms
[2026-06-18T00:17:15.049+0000][10151.917s][info][gc,phases     ] GC(517)   Other: 0.6ms
[2026-06-18T00:17:15.049+0000][10151.917s][info][gc,heap       ] GC(517) Eden regions: 17->0(247)
[2026-06-18T00:17:15.049+0000][10151.917s][info][gc,heap       ] GC(517) Survivor regions: 8->2(4)
[2026-06-18T00:17:15.049+0000][10151.917s][info][gc,heap       ] GC(517) Old regions: 51->51
[2026-06-18T00:17:15.049+0000][10151.918s][info][gc,heap       ] GC(517) Humongous regions: 147->147
[2026-06-18T00:17:15.049+0000][10151.918s][info][gc,metaspace  ] GC(517) Metaspace: 52461K(55296K)->52461K(55296K) NonClass: 46532K(48128K)->46532K(48128K) Class: 5929K(7168K)->5929K(7168K)
[2026-06-18T00:17:15.049+0000][10151.918s][info][gc            ] GC(517) Pause Young (Mixed) (G1 Evacuation Pause) 221M->199M(512M) 5.045ms
[2026-06-18T00:17:15.050+0000][10151.918s][info][gc,cpu        ] GC(517) User=0.02s Sys=0.00s Real=0.01s
[2026-06-18T00:17:16.361+0000][10153.229s][info][gc,start      ] GC(518) Pause Young (Normal) (G1 Evacuation Pause)
[2026-06-18T00:17:16.361+0000][10153.229s][info][gc,task       ] GC(518) Using 13 workers of 13 for evacuation
[2026-06-18T00:17:16.363+0000][10153.231s][info][gc,phases     ] GC(518)   Pre Evacuate Collection Set: 0.0ms
[2026-06-18T00:17:16.363+0000][10153.231s][info][gc,phases     ] GC(518)   Evacuate Collection Set: 1.9ms
[2026-06-18T00:17:16.363+0000][10153.232s][info][gc,phases     ] GC(518)   Post Evacuate Collection Set: 0.4ms
[2026-06-18T00:17:16.363+0000][10153.232s][info][gc,phases     ] GC(518)   Other: 0.4ms
[2026-06-18T00:17:16.363+0000][10153.232s][info][gc,heap       ] GC(518) Eden regions: 247->0(246)
[2026-06-18T00:17:16.363+0000][10153.232s][info][gc,heap       ] GC(518) Survivor regions: 2->4(32)
[2026-06-18T00:17:16.364+0000][10153.232s][info][gc,heap       ] GC(518) Old regions: 51->51
[2026-06-18T00:17:16.364+0000][10153.232s][info][gc,heap       ] GC(518) Humongous regions: 147->147
[2026-06-18T00:17:16.364+0000][10153.232s][info][gc,metaspace  ] GC(518) Metaspace: 52461K(55296K)->52461K(55296K) NonClass: 46532K(48128K)->46532K(48128K) Class: 5929K(7168K)->5929K(7168K)
[2026-06-18T00:17:16.364+0000][10153.232s][info][gc            ] GC(518) Pause Young (Normal) (G1 Evacuation Pause) 446M->201M(512M) 3.319ms
[2026-06-18T00:17:16.364+0000][10153.232s][info][gc,cpu        ] GC(518) User=0.03s Sys=0.00s Real=0.00s
[2026-06-18T00:18:04.927+0000][10201.796s][info][gc,start      ] GC(519) Pause Young (Normal) (G1 Evacuation Pause)
[2026-06-18T00:18:04.927+0000][10201.796s][info][gc,task       ] GC(519) Using 13 workers of 13 for evacuation
[2026-06-18T00:18:04.929+0000][10201.798s][info][gc,phases     ] GC(519)   Pre Evacuate Collection Set: 0.0ms
[2026-06-18T00:18:04.929+0000][10201.798s][info][gc,phases     ] GC(519)   Evacuate Collection Set: 1.6ms
[2026-06-18T00:18:04.929+0000][10201.798s][info][gc,phases     ] GC(519)   Post Evacuate Collection Set: 0.3ms
[2026-06-18T00:18:04.929+0000][10201.798s][info][gc,phases     ] GC(519)   Other: 0.3ms
[2026-06-18T00:18:04.929+0000][10201.798s][info][gc,heap       ] GC(519) Eden regions: 246->0(240)
[2026-06-18T00:18:04.929+0000][10201.798s][info][gc,heap       ] GC(519) Survivor regions: 4->8(32)
[2026-06-18T00:18:04.930+0000][10201.798s][info][gc,heap       ] GC(519) Old regions: 51->51
[2026-06-18T00:18:04.930+0000][10201.799s][info][gc,heap       ] GC(519) Humongous regions: 147->147
[2026-06-18T00:18:04.930+0000][10201.799s][info][gc,metaspace  ] GC(519) Metaspace: 52472K(55296K)->52472K(55296K) NonClass: 46543K(48128K)->46543K(48128K) Class: 5929K(7168K)->5929K(7168K)
[2026-06-18T00:18:04.930+0000][10201.799s][info][gc            ] GC(519) Pause Young (Normal) (G1 Evacuation Pause) 447M->205M(512M) 2.811ms
[2026-06-18T00:18:04.930+0000][10201.799s][info][gc,cpu        ] GC(519) User=0.02s Sys=0.00s Real=0.00s
[2026-06-18T00:18:06.336+0000][10203.205s][info][gc,start      ] GC(520) Pause Young (Concurrent Start) (G1 Evacuation Pause)
[2026-06-18T00:18:06.337+0000][10203.206s][info][gc,task       ] GC(520) Using 13 workers of 13 for evacuation
[2026-06-18T00:18:06.339+0000][10203.208s][info][gc,phases     ] GC(520)   Pre Evacuate Collection Set: 0.3ms
[2026-06-18T00:18:06.339+0000][10203.208s][info][gc,phases     ] GC(520)   Evacuate Collection Set: 1.8ms
[2026-06-18T00:18:06.339+0000][10203.208s][info][gc,phases     ] GC(520)   Post Evacuate Collection Set: 0.3ms
[2026-06-18T00:18:06.339+0000][10203.208s][info][gc,phases     ] GC(520)   Other: 0.4ms
[2026-06-18T00:18:06.339+0000][10203.208s][info][gc,heap       ] GC(520) Eden regions: 240->0(244)
[2026-06-18T00:18:06.339+0000][10203.208s][info][gc,heap       ] GC(520) Survivor regions: 8->5(31)
[2026-06-18T00:18:06.340+0000][10203.208s][info][gc,heap       ] GC(520) Old regions: 51->51
[2026-06-18T00:18:06.340+0000][10203.209s][info][gc,heap       ] GC(520) Humongous regions: 147->147
[2026-06-18T00:18:06.340+0000][10203.209s][info][gc,metaspace  ] GC(520) Metaspace: 52472K(55296K)->52472K(55296K) NonClass: 46543K(48128K)->46543K(48128K) Class: 5929K(7168K)->5929K(7168K)
[2026-06-18T00:18:06.340+0000][10203.209s][info][gc            ] GC(520) Pause Young (Concurrent Start) (G1 Evacuation Pause) 445M->202M(512M) 3.145ms
[2026-06-18T00:18:06.340+0000][10203.209s][info][gc,cpu        ] GC(520) User=0.02s Sys=0.00s Real=0.00s
[2026-06-18T00:18:06.340+0000][10203.209s][info][gc            ] GC(521) Concurrent Cycle
[2026-06-18T00:18:06.340+0000][10203.209s][info][gc,marking    ] GC(521) Concurrent Clear Claimed Marks
[2026-06-18T00:18:06.340+0000][10203.209s][info][gc,marking    ] GC(521) Concurrent Clear Claimed Marks 0.224ms
[2026-06-18T00:18:06.340+0000][10203.209s][info][gc,marking    ] GC(521) Concurrent Scan Root Regions
[2026-06-18T00:18:06.341+0000][10203.210s][info][gc,marking    ] GC(521) Concurrent Scan Root Regions 1.080ms
[2026-06-18T00:18:06.341+0000][10203.210s][info][gc,marking    ] GC(521) Concurrent Mark (10203.210s)
[2026-06-18T00:18:06.342+0000][10203.211s][info][gc,marking    ] GC(521) Concurrent Mark From Roots
[2026-06-18T00:18:06.342+0000][10203.211s][info][gc,task       ] GC(521) Using 3 workers of 3 for marking
[2026-06-18T00:18:06.347+0000][10203.216s][info][gc,marking    ] GC(521) Concurrent Mark From Roots 5.583ms
[2026-06-18T00:18:06.347+0000][10203.216s][info][gc,marking    ] GC(521) Concurrent Preclean
[2026-06-18T00:18:06.347+0000][10203.216s][info][gc,marking    ] GC(521) Concurrent Preclean 0.187ms
[2026-06-18T00:18:06.348+0000][10203.217s][info][gc,marking    ] GC(521) Concurrent Mark (10203.210s, 10203.217s) 6.151ms
[2026-06-18T00:18:06.348+0000][10203.217s][info][gc,start      ] GC(521) Pause Remark
[2026-06-18T00:18:06.350+0000][10203.219s][info][gc,stringtable] GC(521) Cleaned string and symbol table, strings: 17331 processed, 0 removed, symbols: 125074 processed, 0 removed
[2026-06-18T00:18:06.350+0000][10203.219s][info][gc            ] GC(521) Pause Remark 206M->203M(512M) 2.416ms
[2026-06-18T00:18:06.350+0000][10203.219s][info][gc,cpu        ] GC(521) User=0.02s Sys=0.00s Real=0.00s
[2026-06-18T00:18:06.350+0000][10203.219s][info][gc,marking    ] GC(521) Concurrent Rebuild Remembered Sets
[2026-06-18T00:18:06.355+0000][10203.224s][info][gc,marking    ] GC(521) Concurrent Rebuild Remembered Sets 4.459ms
[2026-06-18T00:18:06.355+0000][10203.224s][info][gc,start      ] GC(521) Pause Cleanup
[2026-06-18T00:18:06.355+0000][10203.224s][info][gc            ] GC(521) Pause Cleanup 204M->204M(512M) 0.162ms
[2026-06-18T00:18:06.355+0000][10203.224s][info][gc,cpu        ] GC(521) User=0.00s Sys=0.00s Real=0.00s
[2026-06-18T00:18:06.355+0000][10203.224s][info][gc,marking    ] GC(521) Concurrent Cleanup for Next Mark
[2026-06-18T00:18:06.355+0000][10203.224s][info][gc,marking    ] GC(521) Concurrent Cleanup for Next Mark 0.106ms
[2026-06-18T00:18:06.355+0000][10203.224s][info][gc            ] GC(521) Concurrent Cycle 15.607ms
[2026-06-18T00:18:07.626+0000][10204.494s][info][gc,start      ] GC(522) Pause Young (Prepare Mixed) (G1 Evacuation Pause)
[2026-06-18T00:18:07.626+0000][10204.495s][info][gc,task       ] GC(522) Using 13 workers of 13 for evacuation
[2026-06-18T00:18:07.630+0000][10204.499s][info][gc,phases     ] GC(522)   Pre Evacuate Collection Set: 0.0ms
[2026-06-18T00:18:07.630+0000][10204.499s][info][gc,phases     ] GC(522)   Evacuate Collection Set: 3.8ms
[2026-06-18T00:18:07.630+0000][10204.499s][info][gc,phases     ] GC(522)   Post Evacuate Collection Set: 0.4ms
[2026-06-18T00:18:07.630+0000][10204.499s][info][gc,phases     ] GC(522)   Other: 0.3ms
[2026-06-18T00:18:07.630+0000][10204.499s][info][gc,heap       ] GC(522) Eden regions: 244->0(16)
[2026-06-18T00:18:07.630+0000][10204.499s][info][gc,heap       ] GC(522) Survivor regions: 5->9(32)
[2026-06-18T00:18:07.630+0000][10204.499s][info][gc,heap       ] GC(522) Old regions: 48->48
[2026-06-18T00:18:07.630+0000][10204.499s][info][gc,heap       ] GC(522) Humongous regions: 147->147
[2026-06-18T00:18:07.631+0000][10204.499s][info][gc,metaspace  ] GC(522) Metaspace: 52472K(55296K)->52472K(55296K) NonClass: 46543K(48128K)->46543K(48128K) Class: 5929K(7168K)->5929K(7168K)
[2026-06-18T00:18:07.631+0000][10204.500s][info][gc            ] GC(522) Pause Young (Prepare Mixed) (G1 Evacuation Pause) 443M->203M(512M) 5.053ms
[2026-06-18T00:18:07.631+0000][10204.500s][info][gc,cpu        ] GC(522) User=0.05s Sys=0.00s Real=0.00s
[2026-06-18T00:18:07.709+0000][10204.578s][info][gc,start      ] GC(523) Pause Young (Mixed) (G1 Evacuation Pause)
[2026-06-18T00:18:07.709+0000][10204.578s][info][gc,task       ] GC(523) Using 13 workers of 13 for evacuation
[2026-06-18T00:18:07.711+0000][10204.580s][info][gc,phases     ] GC(523)   Pre Evacuate Collection Set: 0.0ms
[2026-06-18T00:18:07.711+0000][10204.580s][info][gc,phases     ] GC(523)   Evacuate Collection Set: 1.3ms
[2026-06-18T00:18:07.711+0000][10204.580s][info][gc,phases     ] GC(523)   Post Evacuate Collection Set: 0.3ms
[2026-06-18T00:18:07.711+0000][10204.580s][info][gc,phases     ] GC(523)   Other: 0.4ms
[2026-06-18T00:18:07.711+0000][10204.580s][info][gc,heap       ] GC(523) Eden regions: 16->0(247)
[2026-06-18T00:18:07.711+0000][10204.580s][info][gc,heap       ] GC(523) Survivor regions: 9->2(4)
[2026-06-18T00:18:07.711+0000][10204.580s][info][gc,heap       ] GC(523) Old regions: 48->47
[2026-06-18T00:18:07.711+0000][10204.580s][info][gc,heap       ] GC(523) Humongous regions: 147->147
[2026-06-18T00:18:07.711+0000][10204.580s][info][gc,metaspace  ] GC(523) Metaspace: 52472K(55296K)->52472K(55296K) NonClass: 46543K(48128K)->46543K(48128K) Class: 5929K(7168K)->5929K(7168K)
[2026-06-18T00:18:07.711+0000][10204.580s][info][gc            ] GC(523) Pause Young (Mixed) (G1 Evacuation Pause) 219M->194M(512M) 2.542ms
[2026-06-18T00:18:07.711+0000][10204.580s][info][gc,cpu        ] GC(523) User=0.01s Sys=0.00s Real=0.00s
[2026-06-18T00:18:08.921+0000][10205.790s][info][gc,start      ] GC(524) Pause Young (Normal) (G1 Evacuation Pause)
[2026-06-18T00:18:08.921+0000][10205.790s][info][gc,task       ] GC(524) Using 13 workers of 13 for evacuation
[2026-06-18T00:18:08.923+0000][10205.792s][info][gc,phases     ] GC(524)   Pre Evacuate Collection Set: 0.0ms
[2026-06-18T00:18:08.923+0000][10205.792s][info][gc,phases     ] GC(524)   Evacuate Collection Set: 1.4ms
[2026-06-18T00:18:08.923+0000][10205.792s][info][gc,phases     ] GC(524)   Post Evacuate Collection Set: 0.4ms
[2026-06-18T00:18:08.923+0000][10205.792s][info][gc,phases     ] GC(524)   Other: 0.4ms
[2026-06-18T00:18:08.923+0000][10205.792s][info][gc,heap       ] GC(524) Eden regions: 247->0(245)
[2026-06-18T00:18:08.923+0000][10205.792s][info][gc,heap       ] GC(524) Survivor regions: 2->5(32)
[2026-06-18T00:18:08.923+0000][10205.792s][info][gc,heap       ] GC(524) Old regions: 47->47
[2026-06-18T00:18:08.923+0000][10205.792s][info][gc,heap       ] GC(524) Humongous regions: 147->147
[2026-06-18T00:18:08.924+0000][10205.792s][info][gc,metaspace  ] GC(524) Metaspace: 52472K(55296K)->52472K(55296K) NonClass: 46543K(48128K)->46543K(48128K) Class: 5929K(7168K)->5929K(7168K)
[2026-06-18T00:18:08.924+0000][10205.793s][info][gc            ] GC(524) Pause Young (Normal) (G1 Evacuation Pause) 441M->198M(512M) 2.691ms
[2026-06-18T00:18:08.924+0000][10205.793s][info][gc,cpu        ] GC(524) User=0.01s Sys=0.00s Real=0.00s
[2026-06-18T00:18:57.502+0000][10254.371s][info][gc,start      ] GC(525) Pause Young (Normal) (G1 Evacuation Pause)
[2026-06-18T00:18:57.502+0000][10254.372s][info][gc,task       ] GC(525) Using 13 workers of 13 for evacuation
[2026-06-18T00:18:57.503+0000][10254.373s][info][gc,phases     ] GC(525)   Pre Evacuate Collection Set: 0.0ms
[2026-06-18T00:18:57.504+0000][10254.373s][info][gc,phases     ] GC(525)   Evacuate Collection Set: 0.9ms
[2026-06-18T00:18:57.504+0000][10254.373s][info][gc,phases     ] GC(525)   Post Evacuate Collection Set: 0.3ms
[2026-06-18T00:18:57.504+0000][10254.373s][info][gc,phases     ] GC(525)   Other: 0.4ms
[2026-06-18T00:18:57.504+0000][10254.373s][info][gc,heap       ] GC(525) Eden regions: 245->0(249)
[2026-06-18T00:18:57.504+0000][10254.373s][info][gc,heap       ] GC(525) Survivor regions: 5->2(32)
[2026-06-18T00:18:57.504+0000][10254.373s][info][gc,heap       ] GC(525) Old regions: 47->47
[2026-06-18T00:18:57.504+0000][10254.373s][info][gc,heap       ] GC(525) Humongous regions: 147->147
[2026-06-18T00:18:57.504+0000][10254.373s][info][gc,metaspace  ] GC(525) Metaspace: 52474K(55296K)->52474K(55296K) NonClass: 46545K(48128K)->46545K(48128K) Class: 5929K(7168K)->5929K(7168K)
[2026-06-18T00:18:57.504+0000][10254.374s][info][gc            ] GC(525) Pause Young (Normal) (G1 Evacuation Pause) 443M->194M(512M) 2.026ms
[2026-06-18T00:18:57.504+0000][10254.374s][info][gc,cpu        ] GC(525) User=0.01s Sys=0.01s Real=0.01s
[2026-06-18T00:18:58.911+0000][10255.781s][info][gc,start      ] GC(526) Pause Young (Concurrent Start) (G1 Evacuation Pause)
[2026-06-18T00:18:58.911+0000][10255.781s][info][gc,task       ] GC(526) Using 13 workers of 13 for evacuation
[2026-06-18T00:18:58.914+0000][10255.783s][info][gc,phases     ] GC(526)   Pre Evacuate Collection Set: 0.3ms
[2026-06-18T00:18:58.914+0000][10255.783s][info][gc,phases     ] GC(526)   Evacuate Collection Set: 1.7ms
[2026-06-18T00:18:58.914+0000][10255.783s][info][gc,phases     ] GC(526)   Post Evacuate Collection Set: 0.4ms
[2026-06-18T00:18:58.914+0000][10255.784s][info][gc,phases     ] GC(526)   Other: 0.4ms
[2026-06-18T00:18:58.914+0000][10255.784s][info][gc,heap       ] GC(526) Eden regions: 249->0(247)
[2026-06-18T00:18:58.914+0000][10255.784s][info][gc,heap       ] GC(526) Survivor regions: 2->6(32)
[2026-06-18T00:18:58.914+0000][10255.784s][info][gc,heap       ] GC(526) Old regions: 47->47
[2026-06-18T00:18:58.914+0000][10255.784s][info][gc,heap       ] GC(526) Humongous regions: 147->147
[2026-06-18T00:18:58.914+0000][10255.784s][info][gc,metaspace  ] GC(526) Metaspace: 52474K(55296K)->52474K(55296K) NonClass: 46545K(48128K)->46545K(48128K) Class: 5929K(7168K)->5929K(7168K)
[2026-06-18T00:18:58.914+0000][10255.784s][info][gc            ] GC(526) Pause Young (Concurrent Start) (G1 Evacuation Pause) 443M->198M(512M) 3.158ms
[2026-06-18T00:18:58.914+0000][10255.784s][info][gc,cpu        ] GC(526) User=0.02s Sys=0.00s Real=0.01s
[2026-06-18T00:18:58.914+0000][10255.784s][info][gc            ] GC(527) Concurrent Cycle
[2026-06-18T00:18:58.914+0000][10255.784s][info][gc,marking    ] GC(527) Concurrent Clear Claimed Marks
[2026-06-18T00:18:58.915+0000][10255.784s][info][gc,marking    ] GC(527) Concurrent Clear Claimed Marks 0.273ms
[2026-06-18T00:18:58.915+0000][10255.784s][info][gc,marking    ] GC(527) Concurrent Scan Root Regions
[2026-06-18T00:18:58.916+0000][10255.786s][info][gc,marking    ] GC(527) Concurrent Scan Root Regions 1.326ms
[2026-06-18T00:18:58.916+0000][10255.786s][info][gc,marking    ] GC(527) Concurrent Mark (10255.786s)
[2026-06-18T00:18:58.916+0000][10255.786s][info][gc,marking    ] GC(527) Concurrent Mark From Roots
[2026-06-18T00:18:58.916+0000][10255.786s][info][gc,task       ] GC(527) Using 3 workers of 3 for marking
[2026-06-18T00:18:58.922+0000][10255.791s][info][gc,marking    ] GC(527) Concurrent Mark From Roots 5.254ms
[2026-06-18T00:18:58.922+0000][10255.791s][info][gc,marking    ] GC(527) Concurrent Preclean
[2026-06-18T00:18:58.922+0000][10255.792s][info][gc,marking    ] GC(527) Concurrent Preclean 0.265ms
[2026-06-18T00:18:58.922+0000][10255.792s][info][gc,marking    ] GC(527) Concurrent Mark (10255.786s, 10255.792s) 5.804ms
[2026-06-18T00:18:58.922+0000][10255.792s][info][gc,start      ] GC(527) Pause Remark
[2026-06-18T00:18:58.925+0000][10255.794s][info][gc,stringtable] GC(527) Cleaned string and symbol table, strings: 17331 processed, 0 removed, symbols: 125074 processed, 0 removed
[2026-06-18T00:18:58.925+0000][10255.795s][info][gc            ] GC(527) Pause Remark 202M->202M(512M) 2.655ms
[2026-06-18T00:18:58.925+0000][10255.795s][info][gc,cpu        ] GC(527) User=0.02s Sys=0.00s Real=0.01s
[2026-06-18T00:18:58.925+0000][10255.795s][info][gc,marking    ] GC(527) Concurrent Rebuild Remembered Sets
[2026-06-18T00:18:58.930+0000][10255.799s][info][gc,marking    ] GC(527) Concurrent Rebuild Remembered Sets 4.584ms
[2026-06-18T00:18:58.930+0000][10255.800s][info][gc,start      ] GC(527) Pause Cleanup
[2026-06-18T00:18:58.930+0000][10255.800s][info][gc            ] GC(527) Pause Cleanup 203M->203M(512M) 0.205ms
[2026-06-18T00:18:58.930+0000][10255.800s][info][gc,cpu        ] GC(527) User=0.00s Sys=0.00s Real=0.00s
[2026-06-18T00:18:58.930+0000][10255.800s][info][gc,marking    ] GC(527) Concurrent Cleanup for Next Mark
[2026-06-18T00:18:58.931+0000][10255.800s][info][gc,marking    ] GC(527) Concurrent Cleanup for Next Mark 0.177ms
[2026-06-18T00:18:58.931+0000][10255.800s][info][gc            ] GC(527) Concurrent Cycle 16.272ms
[2026-06-18T00:19:00.134+0000][10257.004s][info][gc,start      ] GC(528) Pause Young (Prepare Mixed) (G1 Evacuation Pause)
[2026-06-18T00:19:00.135+0000][10257.004s][info][gc,task       ] GC(528) Using 13 workers of 13 for evacuation
[2026-06-18T00:19:00.136+0000][10257.006s][info][gc,phases     ] GC(528)   Pre Evacuate Collection Set: 0.0ms
[2026-06-18T00:19:00.137+0000][10257.006s][info][gc,phases     ] GC(528)   Evacuate Collection Set: 1.4ms
[2026-06-18T00:19:00.137+0000][10257.006s][info][gc,phases     ] GC(528)   Post Evacuate Collection Set: 0.4ms
[2026-06-18T00:19:00.137+0000][10257.006s][info][gc,phases     ] GC(528)   Other: 0.3ms
[2026-06-18T00:19:00.137+0000][10257.006s][info][gc,heap       ] GC(528) Eden regions: 247->0(21)
[2026-06-18T00:19:00.137+0000][10257.006s][info][gc,heap       ] GC(528) Survivor regions: 6->4(32)
[2026-06-18T00:19:00.137+0000][10257.006s][info][gc,heap       ] GC(528) Old regions: 47->47
[2026-06-18T00:19:00.137+0000][10257.006s][info][gc,heap       ] GC(528) Humongous regions: 147->147
[2026-06-18T00:19:00.137+0000][10257.007s][info][gc,metaspace  ] GC(528) Metaspace: 52474K(55296K)->52474K(55296K) NonClass: 46545K(48128K)->46545K(48128K) Class: 5929K(7168K)->5929K(7168K)
[2026-06-18T00:19:00.137+0000][10257.007s][info][gc            ] GC(528) Pause Young (Prepare Mixed) (G1 Evacuation Pause) 445M->196M(512M) 2.599ms
[2026-06-18T00:19:00.137+0000][10257.007s][info][gc,cpu        ] GC(528) User=0.02s Sys=0.00s Real=0.00s
[2026-06-18T00:19:00.236+0000][10257.106s][info][gc,start      ] GC(529) Pause Young (Mixed) (G1 Evacuation Pause)
[2026-06-18T00:19:00.236+0000][10257.106s][info][gc,task       ] GC(529) Using 13 workers of 13 for evacuation
[2026-06-18T00:19:00.239+0000][10257.108s][info][gc,phases     ] GC(529)   Pre Evacuate Collection Set: 0.0ms
[2026-06-18T00:19:00.239+0000][10257.108s][info][gc,phases     ] GC(529)   Evacuate Collection Set: 1.9ms
[2026-06-18T00:19:00.239+0000][10257.108s][info][gc,phases     ] GC(529)   Post Evacuate Collection Set: 0.3ms
[2026-06-18T00:19:00.239+0000][10257.109s][info][gc,phases     ] GC(529)   Other: 0.3ms
[2026-06-18T00:19:00.239+0000][10257.109s][info][gc,heap       ] GC(529) Eden regions: 21->0(252)
[2026-06-18T00:19:00.239+0000][10257.109s][info][gc,heap       ] GC(529) Survivor regions: 4->3(4)
[2026-06-18T00:19:00.239+0000][10257.109s][info][gc,heap       ] GC(529) Old regions: 47->45
[2026-06-18T00:19:00.239+0000][10257.109s][info][gc,heap       ] GC(529) Humongous regions: 147->147
[2026-06-18T00:19:00.239+0000][10257.109s][info][gc,metaspace  ] GC(529) Metaspace: 52474K(55296K)->52474K(55296K) NonClass: 46545K(48128K)->46545K(48128K) Class: 5929K(7168K)->5929K(7168K)
[2026-06-18T00:19:00.239+0000][10257.109s][info][gc            ] GC(529) Pause Young (Mixed) (G1 Evacuation Pause) 217M->194M(512M) 3.067ms
[2026-06-18T00:19:00.239+0000][10257.109s][info][gc,cpu        ] GC(529) User=0.02s Sys=0.00s Real=0.00s
[2026-06-18T00:19:48.600+0000][10305.470s][info][gc,start      ] GC(530) Pause Young (Normal) (G1 Evacuation Pause)
[2026-06-18T00:19:48.600+0000][10305.470s][info][gc,task       ] GC(530) Using 13 workers of 13 for evacuation
[2026-06-18T00:19:48.602+0000][10305.473s][info][gc,phases     ] GC(530)   Pre Evacuate Collection Set: 0.0ms
[2026-06-18T00:19:48.602+0000][10305.473s][info][gc,phases     ] GC(530)   Evacuate Collection Set: 1.8ms
[2026-06-18T00:19:48.602+0000][10305.473s][info][gc,phases     ] GC(530)   Post Evacuate Collection Set: 0.3ms
[2026-06-18T00:19:48.602+0000][10305.473s][info][gc,phases     ] GC(530)   Other: 0.5ms
[2026-06-18T00:19:48.602+0000][10305.473s][info][gc,heap       ] GC(530) Eden regions: 252->0(248)
[2026-06-18T00:19:48.603+0000][10305.474s][info][gc,heap       ] GC(530) Survivor regions: 3->7(32)
[2026-06-18T00:19:48.603+0000][10305.474s][info][gc,heap       ] GC(530) Old regions: 45->45
[2026-06-18T00:19:48.603+0000][10305.474s][info][gc,heap       ] GC(530) Humongous regions: 147->147
[2026-06-18T00:19:48.603+0000][10305.474s][info][gc,metaspace  ] GC(530) Metaspace: 52474K(55296K)->52474K(55296K) NonClass: 46545K(48128K)->46545K(48128K) Class: 5929K(7168K)->5929K(7168K)
[2026-06-18T00:19:48.604+0000][10305.474s][info][gc            ] GC(530) Pause Young (Normal) (G1 Evacuation Pause) 446M->198M(512M) 3.896ms
[2026-06-18T00:19:48.604+0000][10305.474s][info][gc,cpu        ] GC(530) User=0.02s Sys=0.00s Real=0.01s
[2026-06-18T00:19:50.242+0000][10307.112s][info][gc,start      ] GC(531) Pause Young (Normal) (G1 Evacuation Pause)
[2026-06-18T00:19:50.242+0000][10307.112s][info][gc,task       ] GC(531) Using 13 workers of 13 for evacuation
[2026-06-18T00:19:50.244+0000][10307.114s][info][gc,phases     ] GC(531)   Pre Evacuate Collection Set: 0.0ms
[2026-06-18T00:19:50.244+0000][10307.114s][info][gc,phases     ] GC(531)   Evacuate Collection Set: 1.5ms
[2026-06-18T00:19:50.244+0000][10307.114s][info][gc,phases     ] GC(531)   Post Evacuate Collection Set: 0.3ms
[2026-06-18T00:19:50.244+0000][10307.114s][info][gc,phases     ] GC(531)   Other: 0.2ms
[2026-06-18T00:19:50.244+0000][10307.114s][info][gc,heap       ] GC(531) Eden regions: 248->0(249)
[2026-06-18T00:19:50.244+0000][10307.115s][info][gc,heap       ] GC(531) Survivor regions: 7->6(32)
[2026-06-18T00:19:50.244+0000][10307.115s][info][gc,heap       ] GC(531) Old regions: 45->45
[2026-06-18T00:19:50.244+0000][10307.115s][info][gc,heap       ] GC(531) Humongous regions: 147->147
[2026-06-18T00:19:50.244+0000][10307.115s][info][gc,metaspace  ] GC(531) Metaspace: 52474K(55296K)->52474K(55296K) NonClass: 46545K(48128K)->46545K(48128K) Class: 5929K(7168K)->5929K(7168K)
[2026-06-18T00:19:50.244+0000][10307.115s][info][gc            ] GC(531) Pause Young (Normal) (G1 Evacuation Pause) 446M->196M(512M) 2.438ms
[2026-06-18T00:19:50.244+0000][10307.115s][info][gc,cpu        ] GC(531) User=0.02s Sys=0.00s Real=0.01s
[2026-06-18T00:19:51.581+0000][10308.452s][info][gc,start      ] GC(532) Pause Young (Concurrent Start) (G1 Evacuation Pause)
[2026-06-18T00:19:51.581+0000][10308.452s][info][gc,task       ] GC(532) Using 13 workers of 13 for evacuation
[2026-06-18T00:19:51.591+0000][10308.461s][info][gc,phases     ] GC(532)   Pre Evacuate Collection Set: 0.3ms
[2026-06-18T00:19:51.591+0000][10308.462s][info][gc,phases     ] GC(532)   Evacuate Collection Set: 8.7ms
[2026-06-18T00:19:51.591+0000][10308.462s][info][gc,phases     ] GC(532)   Post Evacuate Collection Set: 0.5ms
[2026-06-18T00:19:51.592+0000][10308.462s][info][gc,phases     ] GC(532)   Other: 0.4ms
[2026-06-18T00:19:51.592+0000][10308.462s][info][gc,heap       ] GC(532) Eden regions: 249->0(245)
[2026-06-18T00:19:51.592+0000][10308.462s][info][gc,heap       ] GC(532) Survivor regions: 6->9(32)
[2026-06-18T00:19:51.592+0000][10308.462s][info][gc,heap       ] GC(532) Old regions: 45->45
[2026-06-18T00:19:51.592+0000][10308.462s][info][gc,heap       ] GC(532) Humongous regions: 147->147
[2026-06-18T00:19:51.592+0000][10308.462s][info][gc,metaspace  ] GC(532) Metaspace: 52474K(55296K)->52474K(55296K) NonClass: 46545K(48128K)->46545K(48128K) Class: 5929K(7168K)->5929K(7168K)
[2026-06-18T00:19:51.592+0000][10308.462s][info][gc            ] GC(532) Pause Young (Concurrent Start) (G1 Evacuation Pause) 445M->200M(512M) 10.793ms
[2026-06-18T00:19:51.592+0000][10308.462s][info][gc,cpu        ] GC(532) User=0.08s Sys=0.00s Real=0.01s
[2026-06-18T00:19:51.592+0000][10308.463s][info][gc            ] GC(533) Concurrent Cycle
[2026-06-18T00:19:51.592+0000][10308.463s][info][gc,marking    ] GC(533) Concurrent Clear Claimed Marks
[2026-06-18T00:19:51.593+0000][10308.463s][info][gc,marking    ] GC(533) Concurrent Clear Claimed Marks 0.428ms
[2026-06-18T00:19:51.593+0000][10308.463s][info][gc,marking    ] GC(533) Concurrent Scan Root Regions
[2026-06-18T00:19:51.595+0000][10308.465s][info][gc,marking    ] GC(533) Concurrent Scan Root Regions 1.744ms
[2026-06-18T00:19:51.595+0000][10308.465s][info][gc,marking    ] GC(533) Concurrent Mark (10308.465s)
[2026-06-18T00:19:51.595+0000][10308.465s][info][gc,marking    ] GC(533) Concurrent Mark From Roots
[2026-06-18T00:19:51.595+0000][10308.465s][info][gc,task       ] GC(533) Using 3 workers of 3 for marking
[2026-06-18T00:19:51.600+0000][10308.470s][info][gc,marking    ] GC(533) Concurrent Mark From Roots 5.348ms
[2026-06-18T00:19:51.600+0000][10308.471s][info][gc,marking    ] GC(533) Concurrent Preclean
[2026-06-18T00:19:51.600+0000][10308.471s][info][gc,marking    ] GC(533) Concurrent Preclean 0.232ms
[2026-06-18T00:19:51.601+0000][10308.471s][info][gc,marking    ] GC(533) Concurrent Mark (10308.465s, 10308.471s) 5.895ms
[2026-06-18T00:19:51.601+0000][10308.471s][info][gc,start      ] GC(533) Pause Remark
[2026-06-18T00:19:51.603+0000][10308.474s][info][gc,stringtable] GC(533) Cleaned string and symbol table, strings: 17331 processed, 0 removed, symbols: 125074 processed, 0 removed
[2026-06-18T00:19:51.604+0000][10308.474s][info][gc            ] GC(533) Pause Remark 204M->204M(512M) 2.867ms
[2026-06-18T00:19:51.604+0000][10308.474s][info][gc,cpu        ] GC(533) User=0.02s Sys=0.00s Real=0.01s
[2026-06-18T00:19:51.604+0000][10308.474s][info][gc,marking    ] GC(533) Concurrent Rebuild Remembered Sets
[2026-06-18T00:19:51.608+0000][10308.479s][info][gc,marking    ] GC(533) Concurrent Rebuild Remembered Sets 4.458ms
[2026-06-18T00:19:51.609+0000][10308.479s][info][gc,start      ] GC(533) Pause Cleanup
[2026-06-18T00:19:51.609+0000][10308.479s][info][gc            ] GC(533) Pause Cleanup 205M->205M(512M) 0.271ms
[2026-06-18T00:19:51.609+0000][10308.479s][info][gc,cpu        ] GC(533) User=0.00s Sys=0.00s Real=0.00s
[2026-06-18T00:19:51.609+0000][10308.479s][info][gc,marking    ] GC(533) Concurrent Cleanup for Next Mark
[2026-06-18T00:19:51.609+0000][10308.480s][info][gc,marking    ] GC(533) Concurrent Cleanup for Next Mark 0.172ms
[2026-06-18T00:19:51.609+0000][10308.480s][info][gc            ] GC(533) Concurrent Cycle 17.165ms
[2026-06-18T00:19:52.806+0000][10309.676s][info][gc,start      ] GC(534) Pause Young (Prepare Mixed) (G1 Evacuation Pause)
[2026-06-18T00:19:52.806+0000][10309.677s][info][gc,task       ] GC(534) Using 13 workers of 13 for evacuation
[2026-06-18T00:19:52.809+0000][10309.679s][info][gc,phases     ] GC(534)   Pre Evacuate Collection Set: 0.0ms
[2026-06-18T00:19:52.809+0000][10309.679s][info][gc,phases     ] GC(534)   Evacuate Collection Set: 1.9ms
[2026-06-18T00:19:52.809+0000][10309.679s][info][gc,phases     ] GC(534)   Post Evacuate Collection Set: 0.4ms
[2026-06-18T00:19:52.809+0000][10309.679s][info][gc,phases     ] GC(534)   Other: 0.4ms
[2026-06-18T00:19:52.809+0000][10309.680s][info][gc,heap       ] GC(534) Eden regions: 245->0(18)
[2026-06-18T00:19:52.809+0000][10309.680s][info][gc,heap       ] GC(534) Survivor regions: 9->7(32)
[2026-06-18T00:19:52.809+0000][10309.680s][info][gc,heap       ] GC(534) Old regions: 45->45
[2026-06-18T00:19:52.809+0000][10309.680s][info][gc,heap       ] GC(534) Humongous regions: 147->147
[2026-06-18T00:19:52.809+0000][10309.680s][info][gc,metaspace  ] GC(534) Metaspace: 52474K(55296K)->52474K(55296K) NonClass: 46545K(48128K)->46545K(48128K) Class: 5929K(7168K)->5929K(7168K)
[2026-06-18T00:19:52.810+0000][10309.680s][info][gc            ] GC(534) Pause Young (Prepare Mixed) (G1 Evacuation Pause) 445M->198M(512M) 3.447ms
[2026-06-18T00:19:52.810+0000][10309.680s][info][gc,cpu        ] GC(534) User=0.02s Sys=0.00s Real=0.00s
[2026-06-18T00:19:52.899+0000][10309.769s][info][gc,start      ] GC(535) Pause Young (Mixed) (G1 Evacuation Pause)
[2026-06-18T00:19:52.899+0000][10309.769s][info][gc,task       ] GC(535) Using 13 workers of 13 for evacuation
[2026-06-18T00:19:52.903+0000][10309.773s][info][gc,phases     ] GC(535)   Pre Evacuate Collection Set: 0.0ms
[2026-06-18T00:19:52.903+0000][10309.773s][info][gc,phases     ] GC(535)   Evacuate Collection Set: 3.2ms
[2026-06-18T00:19:52.903+0000][10309.773s][info][gc,phases     ] GC(535)   Post Evacuate Collection Set: 0.3ms
[2026-06-18T00:19:52.903+0000][10309.773s][info][gc,phases     ] GC(535)   Other: 0.3ms
[2026-06-18T00:19:52.903+0000][10309.773s][info][gc,heap       ] GC(535) Eden regions: 18->0(246)
[2026-06-18T00:19:52.903+0000][10309.773s][info][gc,heap       ] GC(535) Survivor regions: 7->2(4)
[2026-06-18T00:19:52.903+0000][10309.773s][info][gc,heap       ] GC(535) Old regions: 45->50
[2026-06-18T00:19:52.903+0000][10309.773s][info][gc,heap       ] GC(535) Humongous regions: 147->147
[2026-06-18T00:19:52.903+0000][10309.773s][info][gc,metaspace  ] GC(535) Metaspace: 52474K(55296K)->52474K(55296K) NonClass: 46545K(48128K)->46545K(48128K) Class: 5929K(7168K)->5929K(7168K)
[2026-06-18T00:19:52.903+0000][10309.774s][info][gc            ] GC(535) Pause Young (Mixed) (G1 Evacuation Pause) 216M->198M(512M) 4.453ms
[2026-06-18T00:19:52.903+0000][10309.774s][info][gc,cpu        ] GC(535) User=0.02s Sys=0.01s Real=0.01s
[2026-06-18T00:20:41.664+0000][10358.457s][info][gc,start      ] GC(536) Pause Young (Normal) (G1 Evacuation Pause)
[2026-06-18T00:20:41.664+0000][10358.457s][info][gc,task       ] GC(536) Using 13 workers of 13 for evacuation
[2026-06-18T00:20:41.666+0000][10358.459s][info][gc,phases     ] GC(536)   Pre Evacuate Collection Set: 0.0ms
[2026-06-18T00:20:41.666+0000][10358.460s][info][gc,phases     ] GC(536)   Evacuate Collection Set: 1.4ms
[2026-06-18T00:20:41.666+0000][10358.460s][info][gc,phases     ] GC(536)   Post Evacuate Collection Set: 0.3ms
[2026-06-18T00:20:41.666+0000][10358.460s][info][gc,phases     ] GC(536)   Other: 0.4ms
[2026-06-18T00:20:41.666+0000][10358.460s][info][gc,heap       ] GC(536) Eden regions: 246->0(248)
[2026-06-18T00:20:41.666+0000][10358.460s][info][gc,heap       ] GC(536) Survivor regions: 2->2(31)
[2026-06-18T00:20:41.667+0000][10358.460s][info][gc,heap       ] GC(536) Old regions: 50->50
[2026-06-18T00:20:41.667+0000][10358.460s][info][gc,heap       ] GC(536) Humongous regions: 147->147
[2026-06-18T00:20:41.667+0000][10358.460s][info][gc,metaspace  ] GC(536) Metaspace: 52481K(55296K)->52481K(55296K) NonClass: 46552K(48128K)->46552K(48128K) Class: 5929K(7168K)->5929K(7168K)
[2026-06-18T00:20:41.667+0000][10358.460s][info][gc            ] GC(536) Pause Young (Normal) (G1 Evacuation Pause) 444M->198M(512M) 2.675ms
[2026-06-18T00:20:41.667+0000][10358.460s][info][gc,cpu        ] GC(536) User=0.02s Sys=0.00s Real=0.00s
[2026-06-18T00:20:43.183+0000][10359.977s][info][gc,start      ] GC(537) Pause Young (Normal) (G1 Evacuation Pause)
[2026-06-18T00:20:43.183+0000][10359.977s][info][gc,task       ] GC(537) Using 13 workers of 13 for evacuation
[2026-06-18T00:20:43.185+0000][10359.979s][info][gc,phases     ] GC(537)   Pre Evacuate Collection Set: 0.0ms
[2026-06-18T00:20:43.185+0000][10359.979s][info][gc,phases     ] GC(537)   Evacuate Collection Set: 1.3ms
[2026-06-18T00:20:43.185+0000][10359.979s][info][gc,phases     ] GC(537)   Post Evacuate Collection Set: 0.4ms
[2026-06-18T00:20:43.186+0000][10359.979s][info][gc,phases     ] GC(537)   Other: 0.4ms
[2026-06-18T00:20:43.186+0000][10359.979s][info][gc,heap       ] GC(537) Eden regions: 248->0(246)
[2026-06-18T00:20:43.186+0000][10359.979s][info][gc,heap       ] GC(537) Survivor regions: 2->5(32)
[2026-06-18T00:20:43.186+0000][10359.979s][info][gc,heap       ] GC(537) Old regions: 50->50
[2026-06-18T00:20:43.186+0000][10359.979s][info][gc,heap       ] GC(537) Humongous regions: 147->147
[2026-06-18T00:20:43.186+0000][10359.979s][info][gc,metaspace  ] GC(537) Metaspace: 52481K(55296K)->52481K(55296K) NonClass: 46552K(48128K)->46552K(48128K) Class: 5929K(7168K)->5929K(7168K)
[2026-06-18T00:20:43.186+0000][10359.979s][info][gc            ] GC(537) Pause Young (Normal) (G1 Evacuation Pause) 446M->201M(512M) 2.586ms
[2026-06-18T00:20:43.186+0000][10359.979s][info][gc,cpu        ] GC(537) User=0.02s Sys=0.00s Real=0.00s
[2026-06-18T00:20:44.471+0000][10361.265s][info][gc,start      ] GC(538) Pause Young (Concurrent Start) (G1 Evacuation Pause)
[2026-06-18T00:20:44.471+0000][10361.265s][info][gc,task       ] GC(538) Using 13 workers of 13 for evacuation
[2026-06-18T00:20:44.474+0000][10361.268s][info][gc,phases     ] GC(538)   Pre Evacuate Collection Set: 0.3ms
[2026-06-18T00:20:44.474+0000][10361.268s][info][gc,phases     ] GC(538)   Evacuate Collection Set: 2.2ms
[2026-06-18T00:20:44.475+0000][10361.268s][info][gc,phases     ] GC(538)   Post Evacuate Collection Set: 0.3ms
[2026-06-18T00:20:44.475+0000][10361.268s][info][gc,phases     ] GC(538)   Other: 0.3ms
[2026-06-18T00:20:44.475+0000][10361.268s][info][gc,heap       ] GC(538) Eden regions: 246->0(240)
[2026-06-18T00:20:44.475+0000][10361.268s][info][gc,heap       ] GC(538) Survivor regions: 5->9(32)
[2026-06-18T00:20:44.475+0000][10361.268s][info][gc,heap       ] GC(538) Old regions: 50->50
[2026-06-18T00:20:44.475+0000][10361.268s][info][gc,heap       ] GC(538) Humongous regions: 147->147
[2026-06-18T00:20:44.475+0000][10361.268s][info][gc,metaspace  ] GC(538) Metaspace: 52481K(55296K)->52481K(55296K) NonClass: 46552K(48128K)->46552K(48128K) Class: 5929K(7168K)->5929K(7168K)
[2026-06-18T00:20:44.475+0000][10361.268s][info][gc            ] GC(538) Pause Young (Concurrent Start) (G1 Evacuation Pause) 447M->205M(512M) 3.724ms
[2026-06-18T00:20:44.475+0000][10361.268s][info][gc,cpu        ] GC(538) User=0.02s Sys=0.00s Real=0.00s
[2026-06-18T00:20:44.475+0000][10361.268s][info][gc            ] GC(539) Concurrent Cycle
[2026-06-18T00:20:44.475+0000][10361.269s][info][gc,marking    ] GC(539) Concurrent Clear Claimed Marks
[2026-06-18T00:20:44.475+0000][10361.269s][info][gc,marking    ] GC(539) Concurrent Clear Claimed Marks 0.236ms
[2026-06-18T00:20:44.476+0000][10361.269s][info][gc,marking    ] GC(539) Concurrent Scan Root Regions
[2026-06-18T00:20:44.477+0000][10361.270s][info][gc,marking    ] GC(539) Concurrent Scan Root Regions 1.612ms
[2026-06-18T00:20:44.477+0000][10361.271s][info][gc,marking    ] GC(539) Concurrent Mark (10361.271s)
[2026-06-18T00:20:44.477+0000][10361.271s][info][gc,marking    ] GC(539) Concurrent Mark From Roots
[2026-06-18T00:20:44.477+0000][10361.271s][info][gc,task       ] GC(539) Using 3 workers of 3 for marking
[2026-06-18T00:20:44.483+0000][10361.276s][info][gc,marking    ] GC(539) Concurrent Mark From Roots 5.451ms
[2026-06-18T00:20:44.483+0000][10361.276s][info][gc,marking    ] GC(539) Concurrent Preclean
[2026-06-18T00:20:44.483+0000][10361.276s][info][gc,marking    ] GC(539) Concurrent Preclean 0.223ms
[2026-06-18T00:20:44.483+0000][10361.276s][info][gc,marking    ] GC(539) Concurrent Mark (10361.271s, 10361.276s) 5.977ms
[2026-06-18T00:20:44.483+0000][10361.277s][info][gc,start      ] GC(539) Pause Remark
[2026-06-18T00:20:44.486+0000][10361.279s][info][gc,stringtable] GC(539) Cleaned string and symbol table, strings: 17331 processed, 0 removed, symbols: 125074 processed, 0 removed
[2026-06-18T00:20:44.486+0000][10361.279s][info][gc            ] GC(539) Pause Remark 209M->209M(512M) 2.540ms
[2026-06-18T00:20:44.486+0000][10361.279s][info][gc,cpu        ] GC(539) User=0.02s Sys=0.00s Real=0.00s
[2026-06-18T00:20:44.486+0000][10361.279s][info][gc,marking    ] GC(539) Concurrent Rebuild Remembered Sets
[2026-06-18T00:20:44.490+0000][10361.283s][info][gc,marking    ] GC(539) Concurrent Rebuild Remembered Sets 3.889ms
[2026-06-18T00:20:44.490+0000][10361.284s][info][gc,start      ] GC(539) Pause Cleanup
[2026-06-18T00:20:44.490+0000][10361.284s][info][gc            ] GC(539) Pause Cleanup 210M->210M(512M) 0.174ms
[2026-06-18T00:20:44.491+0000][10361.284s][info][gc,cpu        ] GC(539) User=0.00s Sys=0.00s Real=0.00s
[2026-06-18T00:20:44.491+0000][10361.284s][info][gc,marking    ] GC(539) Concurrent Cleanup for Next Mark
[2026-06-18T00:20:44.491+0000][10361.284s][info][gc,marking    ] GC(539) Concurrent Cleanup for Next Mark 0.163ms
[2026-06-18T00:20:44.491+0000][10361.284s][info][gc            ] GC(539) Concurrent Cycle 15.734ms
[2026-06-18T00:21:32.968+0000][10409.761s][info][gc,start      ] GC(540) Pause Young (Prepare Mixed) (G1 Evacuation Pause)
[2026-06-18T00:21:32.968+0000][10409.761s][info][gc,task       ] GC(540) Using 13 workers of 13 for evacuation
[2026-06-18T00:21:32.970+0000][10409.763s][info][gc,phases     ] GC(540)   Pre Evacuate Collection Set: 0.0ms
[2026-06-18T00:21:32.971+0000][10409.763s][info][gc,phases     ] GC(540)   Evacuate Collection Set: 1.8ms
[2026-06-18T00:21:32.971+0000][10409.763s][info][gc,phases     ] GC(540)   Post Evacuate Collection Set: 0.3ms
[2026-06-18T00:21:32.971+0000][10409.763s][info][gc,phases     ] GC(540)   Other: 0.3ms
[2026-06-18T00:21:32.971+0000][10409.763s][info][gc,heap       ] GC(540) Eden regions: 240->0(19)
[2026-06-18T00:21:32.971+0000][10409.764s][info][gc,heap       ] GC(540) Survivor regions: 9->6(32)
[2026-06-18T00:21:32.971+0000][10409.764s][info][gc,heap       ] GC(540) Old regions: 50->50
[2026-06-18T00:21:32.971+0000][10409.764s][info][gc,heap       ] GC(540) Humongous regions: 147->147
[2026-06-18T00:21:32.971+0000][10409.764s][info][gc,metaspace  ] GC(540) Metaspace: 52488K(55296K)->52488K(55296K) NonClass: 46559K(48128K)->46559K(48128K) Class: 5929K(7168K)->5929K(7168K)
[2026-06-18T00:21:32.971+0000][10409.764s][info][gc            ] GC(540) Pause Young (Prepare Mixed) (G1 Evacuation Pause) 445M->202M(512M) 3.037ms
[2026-06-18T00:21:32.971+0000][10409.764s][info][gc,cpu        ] GC(540) User=0.03s Sys=0.00s Real=0.01s
[2026-06-18T00:21:33.102+0000][10409.895s][info][gc,start      ] GC(541) Pause Young (Mixed) (G1 Evacuation Pause)
[2026-06-18T00:21:33.102+0000][10409.895s][info][gc,task       ] GC(541) Using 13 workers of 13 for evacuation
[2026-06-18T00:21:33.105+0000][10409.898s][info][gc,phases     ] GC(541)   Pre Evacuate Collection Set: 0.0ms
[2026-06-18T00:21:33.106+0000][10409.898s][info][gc,phases     ] GC(541)   Evacuate Collection Set: 2.9ms
[2026-06-18T00:21:33.106+0000][10409.898s][info][gc,phases     ] GC(541)   Post Evacuate Collection Set: 0.4ms
[2026-06-18T00:21:33.106+0000][10409.898s][info][gc,phases     ] GC(541)   Other: 0.4ms
[2026-06-18T00:21:33.106+0000][10409.899s][info][gc,heap       ] GC(541) Eden regions: 19->0(247)
[2026-06-18T00:21:33.106+0000][10409.899s][info][gc,heap       ] GC(541) Survivor regions: 6->2(4)
[2026-06-18T00:21:33.106+0000][10409.899s][info][gc,heap       ] GC(541) Old regions: 50->49
[2026-06-18T00:21:33.106+0000][10409.899s][info][gc,heap       ] GC(541) Humongous regions: 147->147
[2026-06-18T00:21:33.106+0000][10409.899s][info][gc,metaspace  ] GC(541) Metaspace: 52488K(55296K)->52488K(55296K) NonClass: 46559K(48128K)->46559K(48128K) Class: 5929K(7168K)->5929K(7168K)
[2026-06-18T00:21:33.106+0000][10409.899s][info][gc            ] GC(541) Pause Young (Mixed) (G1 Evacuation Pause) 221M->197M(512M) 4.654ms
[2026-06-18T00:21:33.107+0000][10409.899s][info][gc,cpu        ] GC(541) User=0.02s Sys=0.00s Real=0.00s
[2026-06-18T00:21:34.778+0000][10411.571s][info][gc,start      ] GC(542) Pause Young (Normal) (G1 Evacuation Pause)
[2026-06-18T00:21:34.778+0000][10411.571s][info][gc,task       ] GC(542) Using 13 workers of 13 for evacuation
[2026-06-18T00:21:34.780+0000][10411.573s][info][gc,phases     ] GC(542)   Pre Evacuate Collection Set: 0.0ms
[2026-06-18T00:21:34.780+0000][10411.573s][info][gc,phases     ] GC(542)   Evacuate Collection Set: 1.4ms
[2026-06-18T00:21:34.780+0000][10411.573s][info][gc,phases     ] GC(542)   Post Evacuate Collection Set: 0.3ms
[2026-06-18T00:21:34.780+0000][10411.573s][info][gc,phases     ] GC(542)   Other: 0.3ms
[2026-06-18T00:21:34.780+0000][10411.573s][info][gc,heap       ] GC(542) Eden regions: 247->0(248)
[2026-06-18T00:21:34.780+0000][10411.573s][info][gc,heap       ] GC(542) Survivor regions: 2->2(32)
[2026-06-18T00:21:34.781+0000][10411.573s][info][gc,heap       ] GC(542) Old regions: 49->49
[2026-06-18T00:21:34.781+0000][10411.573s][info][gc,heap       ] GC(542) Humongous regions: 147->147
[2026-06-18T00:21:34.781+0000][10411.573s][info][gc,metaspace  ] GC(542) Metaspace: 52488K(55296K)->52488K(55296K) NonClass: 46559K(48128K)->46559K(48128K) Class: 5929K(7168K)->5929K(7168K)
[2026-06-18T00:21:34.781+0000][10411.573s][info][gc            ] GC(542) Pause Young (Normal) (G1 Evacuation Pause) 444M->197M(512M) 2.486ms
[2026-06-18T00:21:34.781+0000][10411.573s][info][gc,cpu        ] GC(542) User=0.02s Sys=0.00s Real=0.01s
[2026-06-18T00:21:36.197+0000][10412.990s][info][gc,start      ] GC(543) Pause Young (Normal) (G1 Evacuation Pause)
[2026-06-18T00:21:36.197+0000][10412.990s][info][gc,task       ] GC(543) Using 13 workers of 13 for evacuation
[2026-06-18T00:21:36.199+0000][10412.992s][info][gc,phases     ] GC(543)   Pre Evacuate Collection Set: 0.0ms
[2026-06-18T00:21:36.199+0000][10412.992s][info][gc,phases     ] GC(543)   Evacuate Collection Set: 1.4ms
[2026-06-18T00:21:36.199+0000][10412.992s][info][gc,phases     ] GC(543)   Post Evacuate Collection Set: 0.4ms
[2026-06-18T00:21:36.199+0000][10412.992s][info][gc,phases     ] GC(543)   Other: 0.4ms
[2026-06-18T00:21:36.199+0000][10412.992s][info][gc,heap       ] GC(543) Eden regions: 248->0(246)
[2026-06-18T00:21:36.200+0000][10412.992s][info][gc,heap       ] GC(543) Survivor regions: 2->6(32)
[2026-06-18T00:21:36.200+0000][10412.992s][info][gc,heap       ] GC(543) Old regions: 49->49
[2026-06-18T00:21:36.200+0000][10412.992s][info][gc,heap       ] GC(543) Humongous regions: 147->147
[2026-06-18T00:21:36.200+0000][10412.992s][info][gc,metaspace  ] GC(543) Metaspace: 52488K(55296K)->52488K(55296K) NonClass: 46559K(48128K)->46559K(48128K) Class: 5929K(7168K)->5929K(7168K)
[2026-06-18T00:21:36.200+0000][10412.993s][info][gc            ] GC(543) Pause Young (Normal) (G1 Evacuation Pause) 445M->200M(512M) 2.899ms
[2026-06-18T00:21:36.200+0000][10412.993s][info][gc,cpu        ] GC(543) User=0.02s Sys=0.00s Real=0.00s
[2026-06-18T00:21:52.987+0000][10429.780s][info][gc,start      ] GC(544) Pause Young (Concurrent Start) (G1 Evacuation Pause)
[2026-06-18T00:21:52.987+0000][10429.780s][info][gc,task       ] GC(544) Using 13 workers of 13 for evacuation
[2026-06-18T00:21:53.000+0000][10429.792s][info][gc,phases     ] GC(544)   Pre Evacuate Collection Set: 0.4ms
[2026-06-18T00:21:53.000+0000][10429.792s][info][gc,phases     ] GC(544)   Evacuate Collection Set: 10.7ms
[2026-06-18T00:21:53.000+0000][10429.793s][info][gc,phases     ] GC(544)   Post Evacuate Collection Set: 0.5ms
[2026-06-18T00:21:53.000+0000][10429.793s][info][gc,phases     ] GC(544)   Other: 0.8ms
[2026-06-18T00:21:53.000+0000][10429.793s][info][gc,heap       ] GC(544) Eden regions: 246->0(249)
[2026-06-18T00:21:53.000+0000][10429.793s][info][gc,heap       ] GC(544) Survivor regions: 6->3(32)
[2026-06-18T00:21:53.000+0000][10429.793s][info][gc,heap       ] GC(544) Old regions: 49->49
[2026-06-18T00:21:53.000+0000][10429.793s][info][gc,heap       ] GC(544) Humongous regions: 147->147
[2026-06-18T00:21:53.000+0000][10429.793s][info][gc,metaspace  ] GC(544) Metaspace: 52524K(55296K)->52524K(55296K) NonClass: 46595K(48128K)->46595K(48128K) Class: 5929K(7168K)->5929K(7168K)
[2026-06-18T00:21:53.001+0000][10429.793s][info][gc            ] GC(544) Pause Young (Concurrent Start) (G1 Evacuation Pause) 446M->198M(512M) 13.518ms
[2026-06-18T00:21:53.001+0000][10429.793s][info][gc,cpu        ] GC(544) User=0.05s Sys=0.00s Real=0.02s
[2026-06-18T00:21:53.001+0000][10429.794s][info][gc            ] GC(545) Concurrent Cycle
[2026-06-18T00:21:53.001+0000][10429.794s][info][gc,marking    ] GC(545) Concurrent Clear Claimed Marks
[2026-06-18T00:21:53.001+0000][10429.794s][info][gc,marking    ] GC(545) Concurrent Clear Claimed Marks 0.158ms
[2026-06-18T00:21:53.001+0000][10429.794s][info][gc,marking    ] GC(545) Concurrent Scan Root Regions
[2026-06-18T00:21:53.002+0000][10429.795s][info][gc,marking    ] GC(545) Concurrent Scan Root Regions 0.937ms
[2026-06-18T00:21:53.002+0000][10429.795s][info][gc,marking    ] GC(545) Concurrent Mark (10429.795s)
[2026-06-18T00:21:53.002+0000][10429.795s][info][gc,marking    ] GC(545) Concurrent Mark From Roots
[2026-06-18T00:21:53.002+0000][10429.795s][info][gc,task       ] GC(545) Using 3 workers of 3 for marking
[2026-06-18T00:21:53.008+0000][10429.800s][info][gc,marking    ] GC(545) Concurrent Mark From Roots 5.268ms
[2026-06-18T00:21:53.008+0000][10429.800s][info][gc,marking    ] GC(545) Concurrent Preclean
[2026-06-18T00:21:53.008+0000][10429.800s][info][gc,marking    ] GC(545) Concurrent Preclean 0.148ms
[2026-06-18T00:21:53.008+0000][10429.800s][info][gc,marking    ] GC(545) Concurrent Mark (10429.795s, 10429.800s) 5.621ms
[2026-06-18T00:21:53.008+0000][10429.801s][info][gc,start      ] GC(545) Pause Remark
[2026-06-18T00:21:53.012+0000][10429.805s][info][gc,stringtable] GC(545) Cleaned string and symbol table, strings: 17333 processed, 0 removed, symbols: 125074 processed, 0 removed
[2026-06-18T00:21:53.012+0000][10429.805s][info][gc            ] GC(545) Pause Remark 198M->198M(512M) 4.163ms
[2026-06-18T00:21:53.012+0000][10429.805s][info][gc,cpu        ] GC(545) User=0.03s Sys=0.01s Real=0.01s
[2026-06-18T00:21:53.012+0000][10429.805s][info][gc,marking    ] GC(545) Concurrent Rebuild Remembered Sets
[2026-06-18T00:21:53.016+0000][10429.809s][info][gc,marking    ] GC(545) Concurrent Rebuild Remembered Sets 3.656ms
[2026-06-18T00:21:53.016+0000][10429.809s][info][gc,start      ] GC(545) Pause Cleanup
[2026-06-18T00:21:53.016+0000][10429.809s][info][gc            ] GC(545) Pause Cleanup 198M->198M(512M) 0.175ms
[2026-06-18T00:21:53.017+0000][10429.809s][info][gc,cpu        ] GC(545) User=0.00s Sys=0.00s Real=0.00s
[2026-06-18T00:21:53.017+0000][10429.809s][info][gc,marking    ] GC(545) Concurrent Cleanup for Next Mark
[2026-06-18T00:21:53.017+0000][10429.810s][info][gc,marking    ] GC(545) Concurrent Cleanup for Next Mark 0.148ms
[2026-06-18T00:21:53.017+0000][10429.810s][info][gc            ] GC(545) Concurrent Cycle 16.111ms
[2026-06-18T00:22:26.223+0000][10463.016s][info][gc,start      ] GC(546) Pause Young (Prepare Mixed) (G1 Evacuation Pause)
[2026-06-18T00:22:26.223+0000][10463.016s][info][gc,task       ] GC(546) Using 13 workers of 13 for evacuation
[2026-06-18T00:22:26.229+0000][10463.022s][info][gc,phases     ] GC(546)   Pre Evacuate Collection Set: 0.0ms
[2026-06-18T00:22:26.229+0000][10463.022s][info][gc,phases     ] GC(546)   Evacuate Collection Set: 5.2ms
[2026-06-18T00:22:26.229+0000][10463.022s][info][gc,phases     ] GC(546)   Post Evacuate Collection Set: 0.3ms
[2026-06-18T00:22:26.229+0000][10463.022s][info][gc,phases     ] GC(546)   Other: 0.3ms
[2026-06-18T00:22:26.229+0000][10463.022s][info][gc,heap       ] GC(546) Eden regions: 249->0(18)
[2026-06-18T00:22:26.229+0000][10463.022s][info][gc,heap       ] GC(546) Survivor regions: 3->7(32)
[2026-06-18T00:22:26.229+0000][10463.022s][info][gc,heap       ] GC(546) Old regions: 49->49
[2026-06-18T00:22:26.229+0000][10463.022s][info][gc,heap       ] GC(546) Humongous regions: 147->147
[2026-06-18T00:22:26.230+0000][10463.023s][info][gc,metaspace  ] GC(546) Metaspace: 52524K(55296K)->52524K(55296K) NonClass: 46595K(48128K)->46595K(48128K) Class: 5929K(7168K)->5929K(7168K)
[2026-06-18T00:22:26.230+0000][10463.023s][info][gc            ] GC(546) Pause Young (Prepare Mixed) (G1 Evacuation Pause) 447M->202M(512M) 6.314ms
[2026-06-18T00:22:26.230+0000][10463.023s][info][gc,cpu        ] GC(546) User=0.06s Sys=0.00s Real=0.00s
[2026-06-18T00:22:26.333+0000][10463.126s][info][gc,start      ] GC(547) Pause Young (Mixed) (G1 Evacuation Pause)
[2026-06-18T00:22:26.333+0000][10463.126s][info][gc,task       ] GC(547) Using 13 workers of 13 for evacuation
[2026-06-18T00:22:26.337+0000][10463.130s][info][gc,phases     ] GC(547)   Pre Evacuate Collection Set: 0.0ms
[2026-06-18T00:22:26.337+0000][10463.130s][info][gc,phases     ] GC(547)   Evacuate Collection Set: 2.9ms
[2026-06-18T00:22:26.337+0000][10463.130s][info][gc,phases     ] GC(547)   Post Evacuate Collection Set: 0.3ms
[2026-06-18T00:22:26.337+0000][10463.130s][info][gc,phases     ] GC(547)   Other: 0.4ms
[2026-06-18T00:22:26.337+0000][10463.130s][info][gc,heap       ] GC(547) Eden regions: 18->0(247)
[2026-06-18T00:22:26.337+0000][10463.130s][info][gc,heap       ] GC(547) Survivor regions: 7->2(4)
[2026-06-18T00:22:26.337+0000][10463.130s][info][gc,heap       ] GC(547) Old regions: 49->51
[2026-06-18T00:22:26.337+0000][10463.130s][info][gc,heap       ] GC(547) Humongous regions: 147->147
[2026-06-18T00:22:26.337+0000][10463.130s][info][gc,metaspace  ] GC(547) Metaspace: 52524K(55296K)->52524K(55296K) NonClass: 46595K(48128K)->46595K(48128K) Class: 5929K(7168K)->5929K(7168K)
[2026-06-18T00:22:26.337+0000][10463.130s][info][gc            ] GC(547) Pause Young (Mixed) (G1 Evacuation Pause) 220M->198M(512M) 4.251ms
[2026-06-18T00:22:26.337+0000][10463.130s][info][gc,cpu        ] GC(547) User=0.02s Sys=0.00s Real=0.00s
[2026-06-18T00:22:27.615+0000][10464.407s][info][gc,start      ] GC(548) Pause Young (Normal) (G1 Evacuation Pause)
[2026-06-18T00:22:27.615+0000][10464.407s][info][gc,task       ] GC(548) Using 13 workers of 13 for evacuation
[2026-06-18T00:22:27.617+0000][10464.409s][info][gc,phases     ] GC(548)   Pre Evacuate Collection Set: 0.0ms
[2026-06-18T00:22:27.617+0000][10464.409s][info][gc,phases     ] GC(548)   Evacuate Collection Set: 1.6ms
[2026-06-18T00:22:27.617+0000][10464.409s][info][gc,phases     ] GC(548)   Post Evacuate Collection Set: 0.3ms
[2026-06-18T00:22:27.617+0000][10464.409s][info][gc,phases     ] GC(548)   Other: 0.3ms
[2026-06-18T00:22:27.617+0000][10464.409s][info][gc,heap       ] GC(548) Eden regions: 247->0(246)
[2026-06-18T00:22:27.617+0000][10464.410s][info][gc,heap       ] GC(548) Survivor regions: 2->4(32)
[2026-06-18T00:22:27.617+0000][10464.410s][info][gc,heap       ] GC(548) Old regions: 51->51
[2026-06-18T00:22:27.617+0000][10464.410s][info][gc,heap       ] GC(548) Humongous regions: 147->147
[2026-06-18T00:22:27.617+0000][10464.410s][info][gc,metaspace  ] GC(548) Metaspace: 52524K(55296K)->52524K(55296K) NonClass: 46595K(48128K)->46595K(48128K) Class: 5929K(7168K)->5929K(7168K)
[2026-06-18T00:22:27.618+0000][10464.410s][info][gc            ] GC(548) Pause Young (Normal) (G1 Evacuation Pause) 445M->200M(512M) 2.735ms
[2026-06-18T00:22:27.618+0000][10464.410s][info][gc,cpu        ] GC(548) User=0.02s Sys=0.00s Real=0.00s
[2026-06-18T00:22:28.828+0000][10465.620s][info][gc,start      ] GC(549) Pause Young (Normal) (G1 Evacuation Pause)
[2026-06-18T00:22:28.828+0000][10465.620s][info][gc,task       ] GC(549) Using 13 workers of 13 for evacuation
[2026-06-18T00:22:28.831+0000][10465.623s][info][gc,phases     ] GC(549)   Pre Evacuate Collection Set: 0.0ms
[2026-06-18T00:22:28.831+0000][10465.623s][info][gc,phases     ] GC(549)   Evacuate Collection Set: 2.0ms
[2026-06-18T00:22:28.831+0000][10465.623s][info][gc,phases     ] GC(549)   Post Evacuate Collection Set: 0.4ms
[2026-06-18T00:22:28.831+0000][10465.623s][info][gc,phases     ] GC(549)   Other: 0.4ms
[2026-06-18T00:22:28.831+0000][10465.623s][info][gc,heap       ] GC(549) Eden regions: 246->0(240)
[2026-06-18T00:22:28.831+0000][10465.623s][info][gc,heap       ] GC(549) Survivor regions: 4->8(32)
[2026-06-18T00:22:28.831+0000][10465.623s][info][gc,heap       ] GC(549) Old regions: 51->51
[2026-06-18T00:22:28.831+0000][10465.623s][info][gc,heap       ] GC(549) Humongous regions: 147->147
[2026-06-18T00:22:28.831+0000][10465.624s][info][gc,metaspace  ] GC(549) Metaspace: 52524K(55296K)->52524K(55296K) NonClass: 46595K(48128K)->46595K(48128K) Class: 5929K(7168K)->5929K(7168K)
[2026-06-18T00:22:28.831+0000][10465.624s][info][gc            ] GC(549) Pause Young (Normal) (G1 Evacuation Pause) 446M->204M(512M) 3.410ms
[2026-06-18T00:22:28.831+0000][10465.624s][info][gc,cpu        ] GC(549) User=0.03s Sys=0.00s Real=0.01s
[2026-06-18T00:23:17.267+0000][10514.059s][info][gc,start      ] GC(550) Pause Young (Concurrent Start) (G1 Evacuation Pause)
[2026-06-18T00:23:17.267+0000][10514.059s][info][gc,task       ] GC(550) Using 13 workers of 13 for evacuation
[2026-06-18T00:23:17.270+0000][10514.062s][info][gc,phases     ] GC(550)   Pre Evacuate Collection Set: 0.2ms
[2026-06-18T00:23:17.270+0000][10514.062s][info][gc,phases     ] GC(550)   Evacuate Collection Set: 2.1ms
[2026-06-18T00:23:17.270+0000][10514.062s][info][gc,phases     ] GC(550)   Post Evacuate Collection Set: 0.4ms
[2026-06-18T00:23:17.270+0000][10514.062s][info][gc,phases     ] GC(550)   Other: 0.4ms
[2026-06-18T00:23:17.270+0000][10514.062s][info][gc,heap       ] GC(550) Eden regions: 240->0(243)
[2026-06-18T00:23:17.270+0000][10514.062s][info][gc,heap       ] GC(550) Survivor regions: 8->5(31)
[2026-06-18T00:23:17.270+0000][10514.063s][info][gc,heap       ] GC(550) Old regions: 51->51
[2026-06-18T00:23:17.270+0000][10514.063s][info][gc,heap       ] GC(550) Humongous regions: 147->147
[2026-06-18T00:23:17.270+0000][10514.063s][info][gc,metaspace  ] GC(550) Metaspace: 52527K(55296K)->52527K(55296K) NonClass: 46597K(48128K)->46597K(48128K) Class: 5929K(7168K)->5929K(7168K)
[2026-06-18T00:23:17.270+0000][10514.063s][info][gc            ] GC(550) Pause Young (Concurrent Start) (G1 Evacuation Pause) 444M->202M(512M) 3.701ms
[2026-06-18T00:23:17.270+0000][10514.063s][info][gc,cpu        ] GC(550) User=0.02s Sys=0.00s Real=0.01s
[2026-06-18T00:23:17.270+0000][10514.063s][info][gc            ] GC(551) Concurrent Cycle
[2026-06-18T00:23:17.271+0000][10514.063s][info][gc,marking    ] GC(551) Concurrent Clear Claimed Marks
[2026-06-18T00:23:17.271+0000][10514.063s][info][gc,marking    ] GC(551) Concurrent Clear Claimed Marks 0.189ms
[2026-06-18T00:23:17.271+0000][10514.063s][info][gc,marking    ] GC(551) Concurrent Scan Root Regions
[2026-06-18T00:23:17.272+0000][10514.064s][info][gc,marking    ] GC(551) Concurrent Scan Root Regions 1.047ms
[2026-06-18T00:23:17.272+0000][10514.064s][info][gc,marking    ] GC(551) Concurrent Mark (10514.064s)
[2026-06-18T00:23:17.272+0000][10514.065s][info][gc,marking    ] GC(551) Concurrent Mark From Roots
[2026-06-18T00:23:17.272+0000][10514.065s][info][gc,task       ] GC(551) Using 3 workers of 3 for marking
[2026-06-18T00:23:17.278+0000][10514.070s][info][gc,marking    ] GC(551) Concurrent Mark From Roots 5.951ms
[2026-06-18T00:23:17.278+0000][10514.071s][info][gc,marking    ] GC(551) Concurrent Preclean
[2026-06-18T00:23:17.278+0000][10514.071s][info][gc,marking    ] GC(551) Concurrent Preclean 0.161ms
[2026-06-18T00:23:17.278+0000][10514.071s][info][gc,marking    ] GC(551) Concurrent Mark (10514.064s, 10514.071s) 6.388ms
[2026-06-18T00:23:17.279+0000][10514.071s][info][gc,start      ] GC(551) Pause Remark
[2026-06-18T00:23:17.288+0000][10514.080s][info][gc,stringtable] GC(551) Cleaned string and symbol table, strings: 17333 processed, 0 removed, symbols: 125074 processed, 0 removed
[2026-06-18T00:23:17.288+0000][10514.081s][info][gc            ] GC(551) Pause Remark 206M->205M(512M) 9.475ms
[2026-06-18T00:23:17.288+0000][10514.081s][info][gc,cpu        ] GC(551) User=0.08s Sys=0.00s Real=0.01s
[2026-06-18T00:23:17.288+0000][10514.081s][info][gc,marking    ] GC(551) Concurrent Rebuild Remembered Sets
[2026-06-18T00:23:17.293+0000][10514.085s][info][gc,marking    ] GC(551) Concurrent Rebuild Remembered Sets 4.228ms
[2026-06-18T00:23:17.293+0000][10514.085s][info][gc,start      ] GC(551) Pause Cleanup
[2026-06-18T00:23:17.293+0000][10514.085s][info][gc            ] GC(551) Pause Cleanup 206M->206M(512M) 0.215ms
[2026-06-18T00:23:17.293+0000][10514.086s][info][gc,cpu        ] GC(551) User=0.00s Sys=0.00s Real=0.00s
[2026-06-18T00:23:17.293+0000][10514.086s][info][gc,marking    ] GC(551) Concurrent Cleanup for Next Mark
[2026-06-18T00:23:17.293+0000][10514.086s][info][gc,marking    ] GC(551) Concurrent Cleanup for Next Mark 0.140ms
[2026-06-18T00:23:17.293+0000][10514.086s][info][gc            ] GC(551) Concurrent Cycle 22.864ms
[2026-06-18T00:23:18.699+0000][10515.492s][info][gc,start      ] GC(552) Pause Young (Prepare Mixed) (G1 Evacuation Pause)
[2026-06-18T00:23:18.699+0000][10515.492s][info][gc,task       ] GC(552) Using 13 workers of 13 for evacuation
[2026-06-18T00:23:18.702+0000][10515.495s][info][gc,phases     ] GC(552)   Pre Evacuate Collection Set: 0.0ms
[2026-06-18T00:23:18.702+0000][10515.495s][info][gc,phases     ] GC(552)   Evacuate Collection Set: 2.4ms
[2026-06-18T00:23:18.702+0000][10515.495s][info][gc,phases     ] GC(552)   Post Evacuate Collection Set: 0.3ms
[2026-06-18T00:23:18.703+0000][10515.495s][info][gc,phases     ] GC(552)   Other: 0.3ms
[2026-06-18T00:23:18.703+0000][10515.495s][info][gc,heap       ] GC(552) Eden regions: 243->0(16)
[2026-06-18T00:23:18.703+0000][10515.495s][info][gc,heap       ] GC(552) Survivor regions: 5->9(31)
[2026-06-18T00:23:18.703+0000][10515.495s][info][gc,heap       ] GC(552) Old regions: 50->50
[2026-06-18T00:23:18.703+0000][10515.495s][info][gc,heap       ] GC(552) Humongous regions: 147->147
[2026-06-18T00:23:18.703+0000][10515.495s][info][gc,metaspace  ] GC(552) Metaspace: 52527K(55296K)->52527K(55296K) NonClass: 46597K(48128K)->46597K(48128K) Class: 5929K(7168K)->5929K(7168K)
[2026-06-18T00:23:18.703+0000][10515.495s][info][gc            ] GC(552) Pause Young (Prepare Mixed) (G1 Evacuation Pause) 444M->204M(512M) 3.613ms
[2026-06-18T00:23:18.703+0000][10515.495s][info][gc,cpu        ] GC(552) User=0.03s Sys=0.00s Real=0.01s
[2026-06-18T00:23:18.791+0000][10515.584s][info][gc,start      ] GC(553) Pause Young (Mixed) (G1 Evacuation Pause)
[2026-06-18T00:23:18.791+0000][10515.584s][info][gc,task       ] GC(553) Using 13 workers of 13 for evacuation
[2026-06-18T00:23:18.796+0000][10515.588s][info][gc,phases     ] GC(553)   Pre Evacuate Collection Set: 0.0ms
[2026-06-18T00:23:18.796+0000][10515.589s][info][gc,phases     ] GC(553)   Evacuate Collection Set: 4.1ms
[2026-06-18T00:23:18.796+0000][10515.589s][info][gc,phases     ] GC(553)   Post Evacuate Collection Set: 0.3ms
[2026-06-18T00:23:18.796+0000][10515.589s][info][gc,phases     ] GC(553)   Other: 0.3ms
[2026-06-18T00:23:18.796+0000][10515.589s][info][gc,heap       ] GC(553) Eden regions: 16->0(243)
[2026-06-18T00:23:18.796+0000][10515.589s][info][gc,heap       ] GC(553) Survivor regions: 9->2(4)
[2026-06-18T00:23:18.796+0000][10515.589s][info][gc,heap       ] GC(553) Old regions: 50->53
[2026-06-18T00:23:18.796+0000][10515.589s][info][gc,heap       ] GC(553) Humongous regions: 147->147
[2026-06-18T00:23:18.796+0000][10515.589s][info][gc,metaspace  ] GC(553) Metaspace: 52527K(55296K)->52527K(55296K) NonClass: 46597K(48128K)->46597K(48128K) Class: 5929K(7168K)->5929K(7168K)
[2026-06-18T00:23:18.797+0000][10515.589s][info][gc            ] GC(553) Pause Young (Mixed) (G1 Evacuation Pause) 220M->200M(512M) 5.218ms
[2026-06-18T00:23:18.797+0000][10515.589s][info][gc,cpu        ] GC(553) User=0.03s Sys=0.00s Real=0.00s
[2026-06-18T00:23:20.007+0000][10516.799s][info][gc,start      ] GC(554) Pause Young (Normal) (G1 Evacuation Pause)
[2026-06-18T00:23:20.007+0000][10516.799s][info][gc,task       ] GC(554) Using 13 workers of 13 for evacuation
[2026-06-18T00:23:20.009+0000][10516.802s][info][gc,phases     ] GC(554)   Pre Evacuate Collection Set: 0.0ms
[2026-06-18T00:23:20.009+0000][10516.802s][info][gc,phases     ] GC(554)   Evacuate Collection Set: 1.9ms
[2026-06-18T00:23:20.009+0000][10516.802s][info][gc,phases     ] GC(554)   Post Evacuate Collection Set: 0.3ms
[2026-06-18T00:23:20.009+0000][10516.802s][info][gc,phases     ] GC(554)   Other: 0.3ms
[2026-06-18T00:23:20.009+0000][10516.802s][info][gc,heap       ] GC(554) Eden regions: 243->0(242)
[2026-06-18T00:23:20.009+0000][10516.802s][info][gc,heap       ] GC(554) Survivor regions: 2->4(31)
[2026-06-18T00:23:20.009+0000][10516.802s][info][gc,heap       ] GC(554) Old regions: 53->53
[2026-06-18T00:23:20.010+0000][10516.802s][info][gc,heap       ] GC(554) Humongous regions: 147->147
[2026-06-18T00:23:20.010+0000][10516.802s][info][gc,metaspace  ] GC(554) Metaspace: 52527K(55296K)->52527K(55296K) NonClass: 46597K(48128K)->46597K(48128K) Class: 5929K(7168K)->5929K(7168K)
[2026-06-18T00:23:20.010+0000][10516.802s][info][gc            ] GC(554) Pause Young (Normal) (G1 Evacuation Pause) 443M->202M(512M) 3.156ms
[2026-06-18T00:23:20.010+0000][10516.802s][info][gc,cpu        ] GC(554) User=0.03s Sys=0.00s Real=0.00s
[2026-06-18T00:23:21.207+0000][10517.999s][info][gc,start      ] GC(555) Pause Young (Normal) (G1 Evacuation Pause)
[2026-06-18T00:23:21.207+0000][10518.000s][info][gc,task       ] GC(555) Using 13 workers of 13 for evacuation
[2026-06-18T00:23:21.209+0000][10518.002s][info][gc,phases     ] GC(555)   Pre Evacuate Collection Set: 0.0ms
[2026-06-18T00:23:21.209+0000][10518.002s][info][gc,phases     ] GC(555)   Evacuate Collection Set: 1.5ms
[2026-06-18T00:23:21.209+0000][10518.002s][info][gc,phases     ] GC(555)   Post Evacuate Collection Set: 0.4ms
[2026-06-18T00:23:21.209+0000][10518.002s][info][gc,phases     ] GC(555)   Other: 0.3ms
[2026-06-18T00:23:21.209+0000][10518.002s][info][gc,heap       ] GC(555) Eden regions: 242->0(237)
[2026-06-18T00:23:21.209+0000][10518.002s][info][gc,heap       ] GC(555) Survivor regions: 4->8(31)
[2026-06-18T00:23:21.209+0000][10518.002s][info][gc,heap       ] GC(555) Old regions: 53->53
[2026-06-18T00:23:21.210+0000][10518.002s][info][gc,heap       ] GC(555) Humongous regions: 147->147
[2026-06-18T00:23:21.210+0000][10518.002s][info][gc,metaspace  ] GC(555) Metaspace: 52527K(55296K)->52527K(55296K) NonClass: 46597K(48128K)->46597K(48128K) Class: 5929K(7168K)->5929K(7168K)
[2026-06-18T00:23:21.210+0000][10518.002s][info][gc            ] GC(555) Pause Young (Normal) (G1 Evacuation Pause) 444M->206M(512M) 2.714ms
[2026-06-18T00:23:21.210+0000][10518.002s][info][gc,cpu        ] GC(555) User=0.02s Sys=0.00s Real=0.00s
[2026-06-18T00:24:09.737+0000][10566.529s][info][gc,start      ] GC(556) Pause Young (Concurrent Start) (G1 Evacuation Pause)
[2026-06-18T00:24:09.737+0000][10566.529s][info][gc,task       ] GC(556) Using 13 workers of 13 for evacuation
[2026-06-18T00:24:09.741+0000][10566.533s][info][gc,phases     ] GC(556)   Pre Evacuate Collection Set: 0.3ms
[2026-06-18T00:24:09.741+0000][10566.533s][info][gc,phases     ] GC(556)   Evacuate Collection Set: 3.0ms
[2026-06-18T00:24:09.741+0000][10566.533s][info][gc,phases     ] GC(556)   Post Evacuate Collection Set: 0.4ms
[2026-06-18T00:24:09.741+0000][10566.533s][info][gc,phases     ] GC(556)   Other: 0.4ms
[2026-06-18T00:24:09.741+0000][10566.533s][info][gc,heap       ] GC(556) Eden regions: 237->0(242)
[2026-06-18T00:24:09.741+0000][10566.533s][info][gc,heap       ] GC(556) Survivor regions: 8->4(31)
[2026-06-18T00:24:09.741+0000][10566.533s][info][gc,heap       ] GC(556) Old regions: 53->53
[2026-06-18T00:24:09.741+0000][10566.533s][info][gc,heap       ] GC(556) Humongous regions: 147->147
[2026-06-18T00:24:09.741+0000][10566.533s][info][gc,metaspace  ] GC(556) Metaspace: 52527K(55296K)->52527K(55296K) NonClass: 46598K(48128K)->46598K(48128K) Class: 5929K(7168K)->5929K(7168K)
[2026-06-18T00:24:09.741+0000][10566.533s][info][gc            ] GC(556) Pause Young (Concurrent Start) (G1 Evacuation Pause) 443M->202M(512M) 4.571ms
[2026-06-18T00:24:09.741+0000][10566.533s][info][gc,cpu        ] GC(556) User=0.03s Sys=0.00s Real=0.01s
[2026-06-18T00:24:09.741+0000][10566.533s][info][gc            ] GC(557) Concurrent Cycle
[2026-06-18T00:24:09.741+0000][10566.534s][info][gc,marking    ] GC(557) Concurrent Clear Claimed Marks
[2026-06-18T00:24:09.742+0000][10566.534s][info][gc,marking    ] GC(557) Concurrent Clear Claimed Marks 0.202ms
[2026-06-18T00:24:09.742+0000][10566.534s][info][gc,marking    ] GC(557) Concurrent Scan Root Regions
[2026-06-18T00:24:09.742+0000][10566.535s][info][gc,marking    ] GC(557) Concurrent Scan Root Regions 0.846ms
[2026-06-18T00:24:09.743+0000][10566.535s][info][gc,marking    ] GC(557) Concurrent Mark (10566.535s)
[2026-06-18T00:24:09.743+0000][10566.535s][info][gc,marking    ] GC(557) Concurrent Mark From Roots
[2026-06-18T00:24:09.743+0000][10566.535s][info][gc,task       ] GC(557) Using 3 workers of 3 for marking
[2026-06-18T00:24:09.748+0000][10566.540s][info][gc,marking    ] GC(557) Concurrent Mark From Roots 5.359ms
[2026-06-18T00:24:09.748+0000][10566.540s][info][gc,marking    ] GC(557) Concurrent Preclean
[2026-06-18T00:24:09.748+0000][10566.541s][info][gc,marking    ] GC(557) Concurrent Preclean 0.203ms
[2026-06-18T00:24:09.748+0000][10566.541s][info][gc,marking    ] GC(557) Concurrent Mark (10566.535s, 10566.541s) 5.883ms
[2026-06-18T00:24:09.749+0000][10566.541s][info][gc,start      ] GC(557) Pause Remark
[2026-06-18T00:24:09.753+0000][10566.545s][info][gc,stringtable] GC(557) Cleaned string and symbol table, strings: 17333 processed, 0 removed, symbols: 125074 processed, 0 removed
[2026-06-18T00:24:09.753+0000][10566.546s][info][gc            ] GC(557) Pause Remark 206M->205M(512M) 4.674ms
[2026-06-18T00:24:09.753+0000][10566.546s][info][gc,cpu        ] GC(557) User=0.04s Sys=0.00s Real=0.01s
[2026-06-18T00:24:09.754+0000][10566.546s][info][gc,marking    ] GC(557) Concurrent Rebuild Remembered Sets
[2026-06-18T00:24:09.758+0000][10566.550s][info][gc,marking    ] GC(557) Concurrent Rebuild Remembered Sets 4.566ms
[2026-06-18T00:24:09.758+0000][10566.551s][info][gc,start      ] GC(557) Pause Cleanup
[2026-06-18T00:24:09.759+0000][10566.551s][info][gc            ] GC(557) Pause Cleanup 206M->206M(512M) 0.216ms
[2026-06-18T00:24:09.759+0000][10566.551s][info][gc,cpu        ] GC(557) User=0.00s Sys=0.00s Real=0.00s
[2026-06-18T00:24:09.759+0000][10566.551s][info][gc,marking    ] GC(557) Concurrent Cleanup for Next Mark
[2026-06-18T00:24:09.759+0000][10566.551s][info][gc,marking    ] GC(557) Concurrent Cleanup for Next Mark 0.147ms
[2026-06-18T00:24:09.759+0000][10566.551s][info][gc            ] GC(557) Concurrent Cycle 17.813ms
[2026-06-18T00:24:11.288+0000][10568.080s][info][gc,start      ] GC(558) Pause Young (Prepare Mixed) (G1 Evacuation Pause)
[2026-06-18T00:24:11.288+0000][10568.080s][info][gc,task       ] GC(558) Using 13 workers of 13 for evacuation
[2026-06-18T00:24:11.291+0000][10568.083s][info][gc,phases     ] GC(558)   Pre Evacuate Collection Set: 0.0ms
[2026-06-18T00:24:11.292+0000][10568.084s][info][gc,phases     ] GC(558)   Evacuate Collection Set: 2.1ms
[2026-06-18T00:24:11.292+0000][10568.085s][info][gc,phases     ] GC(558)   Post Evacuate Collection Set: 0.4ms
[2026-06-18T00:24:11.292+0000][10568.085s][info][gc,phases     ] GC(558)   Other: 0.4ms
[2026-06-18T00:24:11.292+0000][10568.085s][info][gc,heap       ] GC(558) Eden regions: 242->0(18)
[2026-06-18T00:24:11.292+0000][10568.085s][info][gc,heap       ] GC(558) Survivor regions: 4->7(31)
[2026-06-18T00:24:11.293+0000][10568.085s][info][gc,heap       ] GC(558) Old regions: 52->52
[2026-06-18T00:24:11.293+0000][10568.085s][info][gc,heap       ] GC(558) Humongous regions: 147->147
[2026-06-18T00:24:11.293+0000][10568.085s][info][gc,metaspace  ] GC(558) Metaspace: 52527K(55296K)->52527K(55296K) NonClass: 46598K(48128K)->46598K(48128K) Class: 5929K(7168K)->5929K(7168K)
[2026-06-18T00:24:11.293+0000][10568.085s][info][gc            ] GC(558) Pause Young (Prepare Mixed) (G1 Evacuation Pause) 443M->204M(512M) 4.553ms
[2026-06-18T00:24:11.293+0000][10568.085s][info][gc,cpu        ] GC(558) User=0.03s Sys=0.00s Real=0.01s
[2026-06-18T00:24:11.400+0000][10568.192s][info][gc,start      ] GC(559) Pause Young (Mixed) (G1 Evacuation Pause)
[2026-06-18T00:24:11.400+0000][10568.192s][info][gc,task       ] GC(559) Using 13 workers of 13 for evacuation
[2026-06-18T00:24:11.405+0000][10568.197s][info][gc,phases     ] GC(559)   Pre Evacuate Collection Set: 0.0ms
[2026-06-18T00:24:11.405+0000][10568.197s][info][gc,phases     ] GC(559)   Evacuate Collection Set: 4.0ms
[2026-06-18T00:24:11.405+0000][10568.197s][info][gc,phases     ] GC(559)   Post Evacuate Collection Set: 0.4ms
[2026-06-18T00:24:11.405+0000][10568.197s][info][gc,phases     ] GC(559)   Other: 0.4ms
[2026-06-18T00:24:11.405+0000][10568.197s][info][gc,heap       ] GC(559) Eden regions: 18->0(246)
[2026-06-18T00:24:11.405+0000][10568.197s][info][gc,heap       ] GC(559) Survivor regions: 7->2(4)
[2026-06-18T00:24:11.405+0000][10568.197s][info][gc,heap       ] GC(559) Old regions: 52->50
[2026-06-18T00:24:11.405+0000][10568.197s][info][gc,heap       ] GC(559) Humongous regions: 147->147
[2026-06-18T00:24:11.405+0000][10568.197s][info][gc,metaspace  ] GC(559) Metaspace: 52527K(55296K)->52527K(55296K) NonClass: 46598K(48128K)->46598K(48128K) Class: 5929K(7168K)->5929K(7168K)
[2026-06-18T00:24:11.405+0000][10568.197s][info][gc            ] GC(559) Pause Young (Mixed) (G1 Evacuation Pause) 222M->197M(512M) 5.213ms
[2026-06-18T00:24:11.405+0000][10568.197s][info][gc,cpu        ] GC(559) User=0.03s Sys=0.00s Real=0.01s
[2026-06-18T00:24:12.735+0000][10569.528s][info][gc,start      ] GC(560) Pause Young (Normal) (G1 Evacuation Pause)
[2026-06-18T00:24:12.735+0000][10569.528s][info][gc,task       ] GC(560) Using 13 workers of 13 for evacuation
[2026-06-18T00:24:12.738+0000][10569.530s][info][gc,phases     ] GC(560)   Pre Evacuate Collection Set: 0.0ms
[2026-06-18T00:24:12.738+0000][10569.530s][info][gc,phases     ] GC(560)   Evacuate Collection Set: 1.9ms
[2026-06-18T00:24:12.738+0000][10569.530s][info][gc,phases     ] GC(560)   Post Evacuate Collection Set: 0.3ms
[2026-06-18T00:24:12.738+0000][10569.530s][info][gc,phases     ] GC(560)   Other: 0.3ms
[2026-06-18T00:24:12.738+0000][10569.530s][info][gc,heap       ] GC(560) Eden regions: 246->0(247)
[2026-06-18T00:24:12.738+0000][10569.530s][info][gc,heap       ] GC(560) Survivor regions: 2->3(31)
[2026-06-18T00:24:12.738+0000][10569.530s][info][gc,heap       ] GC(560) Old regions: 50->50
[2026-06-18T00:24:12.738+0000][10569.530s][info][gc,heap       ] GC(560) Humongous regions: 147->147
[2026-06-18T00:24:12.738+0000][10569.530s][info][gc,metaspace  ] GC(560) Metaspace: 52527K(55296K)->52527K(55296K) NonClass: 46598K(48128K)->46598K(48128K) Class: 5929K(7168K)->5929K(7168K)
[2026-06-18T00:24:12.738+0000][10569.530s][info][gc            ] GC(560) Pause Young (Normal) (G1 Evacuation Pause) 443M->198M(512M) 2.890ms
[2026-06-18T00:24:12.738+0000][10569.531s][info][gc,cpu        ] GC(560) User=0.03s Sys=0.00s Real=0.00s
[2026-06-18T00:25:01.166+0000][10617.958s][info][gc,start      ] GC(561) Pause Young (Normal) (G1 Evacuation Pause)
[2026-06-18T00:25:01.166+0000][10617.958s][info][gc,task       ] GC(561) Using 13 workers of 13 for evacuation
[2026-06-18T00:25:01.170+0000][10617.961s][info][gc,phases     ] GC(561)   Pre Evacuate Collection Set: 0.0ms
[2026-06-18T00:25:01.170+0000][10617.962s][info][gc,phases     ] GC(561)   Evacuate Collection Set: 3.3ms
[2026-06-18T00:25:01.170+0000][10617.962s][info][gc,phases     ] GC(561)   Post Evacuate Collection Set: 0.3ms
[2026-06-18T00:25:01.170+0000][10617.962s][info][gc,phases     ] GC(561)   Other: 0.3ms
[2026-06-18T00:25:01.170+0000][10617.962s][info][gc,heap       ] GC(561) Eden regions: 247->0(243)
[2026-06-18T00:25:01.170+0000][10617.962s][info][gc,heap       ] GC(561) Survivor regions: 3->7(32)
[2026-06-18T00:25:01.171+0000][10617.962s][info][gc,heap       ] GC(561) Old regions: 50->50
[2026-06-18T00:25:01.171+0000][10617.962s][info][gc,heap       ] GC(561) Humongous regions: 147->147
[2026-06-18T00:25:01.171+0000][10617.962s][info][gc,metaspace  ] GC(561) Metaspace: 52528K(55296K)->52528K(55296K) NonClass: 46599K(48128K)->46599K(48128K) Class: 5929K(7168K)->5929K(7168K)
[2026-06-18T00:25:01.171+0000][10617.962s][info][gc            ] GC(561) Pause Young (Normal) (G1 Evacuation Pause) 445M->202M(512M) 4.354ms
[2026-06-18T00:25:01.171+0000][10617.962s][info][gc,cpu        ] GC(561) User=0.03s Sys=0.00s Real=0.00s
[2026-06-18T00:25:02.685+0000][10619.476s][info][gc,start      ] GC(562) Pause Young (Concurrent Start) (G1 Evacuation Pause)
[2026-06-18T00:25:02.685+0000][10619.476s][info][gc,task       ] GC(562) Using 13 workers of 13 for evacuation
[2026-06-18T00:25:02.688+0000][10619.479s][info][gc,phases     ] GC(562)   Pre Evacuate Collection Set: 0.3ms
[2026-06-18T00:25:02.688+0000][10619.480s][info][gc,phases     ] GC(562)   Evacuate Collection Set: 2.7ms
[2026-06-18T00:25:02.688+0000][10619.480s][info][gc,phases     ] GC(562)   Post Evacuate Collection Set: 0.3ms
[2026-06-18T00:25:02.688+0000][10619.480s][info][gc,phases     ] GC(562)   Other: 0.4ms
[2026-06-18T00:25:02.688+0000][10619.480s][info][gc,heap       ] GC(562) Eden regions: 243->0(247)
[2026-06-18T00:25:02.689+0000][10619.480s][info][gc,heap       ] GC(562) Survivor regions: 7->4(32)
[2026-06-18T00:25:02.689+0000][10619.480s][info][gc,heap       ] GC(562) Old regions: 50->50
[2026-06-18T00:25:02.689+0000][10619.480s][info][gc,heap       ] GC(562) Humongous regions: 147->147
[2026-06-18T00:25:02.689+0000][10619.480s][info][gc,metaspace  ] GC(562) Metaspace: 52528K(55296K)->52528K(55296K) NonClass: 46599K(48128K)->46599K(48128K) Class: 5929K(7168K)->5929K(7168K)
[2026-06-18T00:25:02.689+0000][10619.480s][info][gc            ] GC(562) Pause Young (Concurrent Start) (G1 Evacuation Pause) 445M->199M(512M) 4.354ms
[2026-06-18T00:25:02.689+0000][10619.480s][info][gc,cpu        ] GC(562) User=0.03s Sys=0.00s Real=0.00s
[2026-06-18T00:25:02.689+0000][10619.480s][info][gc            ] GC(563) Concurrent Cycle
[2026-06-18T00:25:02.689+0000][10619.481s][info][gc,marking    ] GC(563) Concurrent Clear Claimed Marks
[2026-06-18T00:25:02.689+0000][10619.481s][info][gc,marking    ] GC(563) Concurrent Clear Claimed Marks 0.162ms
[2026-06-18T00:25:02.690+0000][10619.481s][info][gc,marking    ] GC(563) Concurrent Scan Root Regions
[2026-06-18T00:25:02.691+0000][10619.482s][info][gc,marking    ] GC(563) Concurrent Scan Root Regions 0.994ms
[2026-06-18T00:25:02.691+0000][10619.482s][info][gc,marking    ] GC(563) Concurrent Mark (10619.482s)
[2026-06-18T00:25:02.691+0000][10619.482s][info][gc,marking    ] GC(563) Concurrent Mark From Roots
[2026-06-18T00:25:02.691+0000][10619.482s][info][gc,task       ] GC(563) Using 3 workers of 3 for marking
[2026-06-18T00:25:02.697+0000][10619.488s][info][gc,marking    ] GC(563) Concurrent Mark From Roots 5.824ms
[2026-06-18T00:25:02.697+0000][10619.488s][info][gc,marking    ] GC(563) Concurrent Preclean
[2026-06-18T00:25:02.697+0000][10619.488s][info][gc,marking    ] GC(563) Concurrent Preclean 0.306ms
[2026-06-18T00:25:02.697+0000][10619.488s][info][gc,marking    ] GC(563) Concurrent Mark (10619.482s, 10619.488s) 6.394ms
[2026-06-18T00:25:02.697+0000][10619.489s][info][gc,start      ] GC(563) Pause Remark
[2026-06-18T00:25:02.700+0000][10619.491s][info][gc,stringtable] GC(563) Cleaned string and symbol table, strings: 17333 processed, 0 removed, symbols: 125074 processed, 0 removed
[2026-06-18T00:25:02.700+0000][10619.491s][info][gc            ] GC(563) Pause Remark 203M->203M(512M) 2.675ms
[2026-06-18T00:25:02.700+0000][10619.491s][info][gc,cpu        ] GC(563) User=0.03s Sys=0.00s Real=0.00s
[2026-06-18T00:25:02.700+0000][10619.491s][info][gc,marking    ] GC(563) Concurrent Rebuild Remembered Sets
[2026-06-18T00:25:02.704+0000][10619.496s][info][gc,marking    ] GC(563) Concurrent Rebuild Remembered Sets 4.287ms
[2026-06-18T00:25:02.705+0000][10619.496s][info][gc,start      ] GC(563) Pause Cleanup
[2026-06-18T00:25:02.705+0000][10619.496s][info][gc            ] GC(563) Pause Cleanup 204M->204M(512M) 0.209ms
[2026-06-18T00:25:02.705+0000][10619.496s][info][gc,cpu        ] GC(563) User=0.00s Sys=0.00s Real=0.00s
[2026-06-18T00:25:02.705+0000][10619.496s][info][gc,marking    ] GC(563) Concurrent Cleanup for Next Mark
[2026-06-18T00:25:02.705+0000][10619.496s][info][gc,marking    ] GC(563) Concurrent Cleanup for Next Mark 0.138ms
[2026-06-18T00:25:02.705+0000][10619.497s][info][gc            ] GC(563) Concurrent Cycle 16.260ms
[2026-06-18T00:25:03.978+0000][10620.769s][info][gc,start      ] GC(564) Pause Young (Prepare Mixed) (G1 Evacuation Pause)
[2026-06-18T00:25:03.978+0000][10620.770s][info][gc,task       ] GC(564) Using 13 workers of 13 for evacuation
[2026-06-18T00:25:03.981+0000][10620.772s][info][gc,phases     ] GC(564)   Pre Evacuate Collection Set: 0.0ms
[2026-06-18T00:25:03.981+0000][10620.772s][info][gc,phases     ] GC(564)   Evacuate Collection Set: 2.0ms
[2026-06-18T00:25:03.981+0000][10620.772s][info][gc,phases     ] GC(564)   Post Evacuate Collection Set: 0.4ms
[2026-06-18T00:25:03.981+0000][10620.772s][info][gc,phases     ] GC(564)   Other: 0.3ms
[2026-06-18T00:25:03.981+0000][10620.772s][info][gc,heap       ] GC(564) Eden regions: 247->0(17)
[2026-06-18T00:25:03.981+0000][10620.772s][info][gc,heap       ] GC(564) Survivor regions: 4->8(32)
[2026-06-18T00:25:03.981+0000][10620.772s][info][gc,heap       ] GC(564) Old regions: 50->50
[2026-06-18T00:25:03.981+0000][10620.772s][info][gc,heap       ] GC(564) Humongous regions: 147->147
[2026-06-18T00:25:03.981+0000][10620.772s][info][gc,metaspace  ] GC(564) Metaspace: 52528K(55296K)->52528K(55296K) NonClass: 46599K(48128K)->46599K(48128K) Class: 5929K(7168K)->5929K(7168K)
[2026-06-18T00:25:03.981+0000][10620.773s][info][gc            ] GC(564) Pause Young (Prepare Mixed) (G1 Evacuation Pause) 446M->204M(512M) 3.166ms
[2026-06-18T00:25:03.981+0000][10620.773s][info][gc,cpu        ] GC(564) User=0.03s Sys=0.00s Real=0.00s
[2026-06-18T00:25:04.055+0000][10620.847s][info][gc,start      ] GC(565) Pause Young (Mixed) (G1 Evacuation Pause)
[2026-06-18T00:25:04.055+0000][10620.847s][info][gc,task       ] GC(565) Using 13 workers of 13 for evacuation
[2026-06-18T00:25:04.062+0000][10620.853s][info][gc,phases     ] GC(565)   Pre Evacuate Collection Set: 0.0ms
[2026-06-18T00:25:04.062+0000][10620.853s][info][gc,phases     ] GC(565)   Evacuate Collection Set: 6.1ms
[2026-06-18T00:25:04.062+0000][10620.854s][info][gc,phases     ] GC(565)   Post Evacuate Collection Set: 0.4ms
[2026-06-18T00:25:04.062+0000][10620.854s][info][gc,phases     ] GC(565)   Other: 0.3ms
[2026-06-18T00:25:04.062+0000][10620.854s][info][gc,heap       ] GC(565) Eden regions: 17->0(245)
[2026-06-18T00:25:04.062+0000][10620.854s][info][gc,heap       ] GC(565) Survivor regions: 8->2(4)
[2026-06-18T00:25:04.062+0000][10620.854s][info][gc,heap       ] GC(565) Old regions: 50->52
[2026-06-18T00:25:04.063+0000][10620.854s][info][gc,heap       ] GC(565) Humongous regions: 147->147
[2026-06-18T00:25:04.063+0000][10620.854s][info][gc,metaspace  ] GC(565) Metaspace: 52528K(55296K)->52528K(55296K) NonClass: 46599K(48128K)->46599K(48128K) Class: 5929K(7168K)->5929K(7168K)
[2026-06-18T00:25:04.063+0000][10620.854s][info][gc            ] GC(565) Pause Young (Mixed) (G1 Evacuation Pause) 221M->199M(512M) 7.444ms
[2026-06-18T00:25:04.063+0000][10620.854s][info][gc,cpu        ] GC(565) User=0.05s Sys=0.00s Real=0.01s
[2026-06-18T00:25:05.213+0000][10622.004s][info][gc,start      ] GC(566) Pause Young (Normal) (G1 Evacuation Pause)
[2026-06-18T00:25:05.213+0000][10622.005s][info][gc,task       ] GC(566) Using 13 workers of 13 for evacuation
[2026-06-18T00:25:05.216+0000][10622.007s][info][gc,phases     ] GC(566)   Pre Evacuate Collection Set: 0.0ms
[2026-06-18T00:25:05.216+0000][10622.008s][info][gc,phases     ] GC(566)   Evacuate Collection Set: 2.3ms
[2026-06-18T00:25:05.216+0000][10622.008s][info][gc,phases     ] GC(566)   Post Evacuate Collection Set: 0.4ms
[2026-06-18T00:25:05.216+0000][10622.008s][info][gc,phases     ] GC(566)   Other: 0.4ms
[2026-06-18T00:25:05.217+0000][10622.008s][info][gc,heap       ] GC(566) Eden regions: 245->0(244)
[2026-06-18T00:25:05.217+0000][10622.008s][info][gc,heap       ] GC(566) Survivor regions: 2->4(31)
[2026-06-18T00:25:05.217+0000][10622.008s][info][gc,heap       ] GC(566) Old regions: 52->52
[2026-06-18T00:25:05.217+0000][10622.008s][info][gc,heap       ] GC(566) Humongous regions: 147->147
[2026-06-18T00:25:05.217+0000][10622.008s][info][gc,metaspace  ] GC(566) Metaspace: 52528K(55296K)->52528K(55296K) NonClass: 46599K(48128K)->46599K(48128K) Class: 5929K(7168K)->5929K(7168K)
[2026-06-18T00:25:05.217+0000][10622.008s][info][gc            ] GC(566) Pause Young (Normal) (G1 Evacuation Pause) 444M->201M(512M) 3.792ms
[2026-06-18T00:25:05.217+0000][10622.008s][info][gc,cpu        ] GC(566) User=0.03s Sys=0.00s Real=0.00s
[2026-06-18T00:25:53.790+0000][10670.582s][info][gc,start      ] GC(567) Pause Young (Normal) (G1 Evacuation Pause)
[2026-06-18T00:25:53.790+0000][10670.582s][info][gc,task       ] GC(567) Using 13 workers of 13 for evacuation
[2026-06-18T00:25:53.792+0000][10670.584s][info][gc,phases     ] GC(567)   Pre Evacuate Collection Set: 0.0ms
[2026-06-18T00:25:53.793+0000][10670.584s][info][gc,phases     ] GC(567)   Evacuate Collection Set: 1.8ms
[2026-06-18T00:25:53.793+0000][10670.584s][info][gc,phases     ] GC(567)   Post Evacuate Collection Set: 0.4ms
[2026-06-18T00:25:53.793+0000][10670.584s][info][gc,phases     ] GC(567)   Other: 0.4ms
[2026-06-18T00:25:53.793+0000][10670.584s][info][gc,heap       ] GC(567) Eden regions: 244->0(238)
[2026-06-18T00:25:53.793+0000][10670.584s][info][gc,heap       ] GC(567) Survivor regions: 4->8(31)
[2026-06-18T00:25:53.793+0000][10670.585s][info][gc,heap       ] GC(567) Old regions: 52->52
[2026-06-18T00:25:53.793+0000][10670.585s][info][gc,heap       ] GC(567) Humongous regions: 147->147
[2026-06-18T00:25:53.793+0000][10670.585s][info][gc,metaspace  ] GC(567) Metaspace: 52529K(55296K)->52529K(55296K) NonClass: 46599K(48128K)->46599K(48128K) Class: 5929K(7168K)->5929K(7168K)
[2026-06-18T00:25:53.793+0000][10670.585s][info][gc            ] GC(567) Pause Young (Normal) (G1 Evacuation Pause) 445M->205M(512M) 3.121ms
[2026-06-18T00:25:53.793+0000][10670.585s][info][gc,cpu        ] GC(567) User=0.02s Sys=0.00s Real=0.01s
[2026-06-18T00:25:55.206+0000][10671.998s][info][gc,start      ] GC(568) Pause Young (Concurrent Start) (G1 Evacuation Pause)
[2026-06-18T00:25:55.206+0000][10671.998s][info][gc,task       ] GC(568) Using 13 workers of 13 for evacuation
[2026-06-18T00:25:55.209+0000][10672.001s][info][gc,phases     ] GC(568)   Pre Evacuate Collection Set: 0.3ms
[2026-06-18T00:25:55.209+0000][10672.001s][info][gc,phases     ] GC(568)   Evacuate Collection Set: 1.8ms
[2026-06-18T00:25:55.209+0000][10672.001s][info][gc,phases     ] GC(568)   Post Evacuate Collection Set: 0.4ms
[2026-06-18T00:25:55.209+0000][10672.001s][info][gc,phases     ] GC(568)   Other: 0.3ms
[2026-06-18T00:25:55.209+0000][10672.001s][info][gc,heap       ] GC(568) Eden regions: 238->0(242)
[2026-06-18T00:25:55.210+0000][10672.001s][info][gc,heap       ] GC(568) Survivor regions: 8->5(31)
[2026-06-18T00:25:55.210+0000][10672.001s][info][gc,heap       ] GC(568) Old regions: 52->52
[2026-06-18T00:25:55.210+0000][10672.001s][info][gc,heap       ] GC(568) Humongous regions: 147->147
[2026-06-18T00:25:55.210+0000][10672.001s][info][gc,metaspace  ] GC(568) Metaspace: 52529K(55296K)->52529K(55296K) NonClass: 46599K(48128K)->46599K(48128K) Class: 5929K(7168K)->5929K(7168K)
[2026-06-18T00:25:55.210+0000][10672.001s][info][gc            ] GC(568) Pause Young (Concurrent Start) (G1 Evacuation Pause) 443M->202M(512M) 3.470ms
[2026-06-18T00:25:55.210+0000][10672.001s][info][gc,cpu        ] GC(568) User=0.02s Sys=0.00s Real=0.00s
[2026-06-18T00:25:55.210+0000][10672.002s][info][gc            ] GC(569) Concurrent Cycle
[2026-06-18T00:25:55.210+0000][10672.002s][info][gc,marking    ] GC(569) Concurrent Clear Claimed Marks
[2026-06-18T00:25:55.210+0000][10672.002s][info][gc,marking    ] GC(569) Concurrent Clear Claimed Marks 0.193ms
[2026-06-18T00:25:55.210+0000][10672.002s][info][gc,marking    ] GC(569) Concurrent Scan Root Regions
[2026-06-18T00:25:55.211+0000][10672.003s][info][gc,marking    ] GC(569) Concurrent Scan Root Regions 1.040ms
[2026-06-18T00:25:55.211+0000][10672.003s][info][gc,marking    ] GC(569) Concurrent Mark (10672.003s)
[2026-06-18T00:25:55.212+0000][10672.003s][info][gc,marking    ] GC(569) Concurrent Mark From Roots
[2026-06-18T00:25:55.212+0000][10672.003s][info][gc,task       ] GC(569) Using 3 workers of 3 for marking
[2026-06-18T00:25:55.217+0000][10672.009s][info][gc,marking    ] GC(569) Concurrent Mark From Roots 5.748ms
[2026-06-18T00:25:55.218+0000][10672.009s][info][gc,marking    ] GC(569) Concurrent Preclean
[2026-06-18T00:25:55.218+0000][10672.010s][info][gc,marking    ] GC(569) Concurrent Preclean 0.226ms
[2026-06-18T00:25:55.218+0000][10672.010s][info][gc,marking    ] GC(569) Concurrent Mark (10672.003s, 10672.010s) 6.576ms
[2026-06-18T00:25:55.218+0000][10672.010s][info][gc,start      ] GC(569) Pause Remark
[2026-06-18T00:25:55.221+0000][10672.013s][info][gc,stringtable] GC(569) Cleaned string and symbol table, strings: 17333 processed, 0 removed, symbols: 125074 processed, 0 removed
[2026-06-18T00:25:55.221+0000][10672.013s][info][gc            ] GC(569) Pause Remark 206M->206M(512M) 2.999ms
[2026-06-18T00:25:55.221+0000][10672.013s][info][gc,cpu        ] GC(569) User=0.03s Sys=0.01s Real=0.01s
[2026-06-18T00:25:55.221+0000][10672.013s][info][gc,marking    ] GC(569) Concurrent Rebuild Remembered Sets
[2026-06-18T00:25:55.226+0000][10672.017s][info][gc,marking    ] GC(569) Concurrent Rebuild Remembered Sets 4.337ms
[2026-06-18T00:25:55.226+0000][10672.018s][info][gc,start      ] GC(569) Pause Cleanup
[2026-06-18T00:25:55.226+0000][10672.018s][info][gc            ] GC(569) Pause Cleanup 207M->207M(512M) 0.237ms
[2026-06-18T00:25:55.227+0000][10672.018s][info][gc,cpu        ] GC(569) User=0.00s Sys=0.00s Real=0.00s
[2026-06-18T00:25:55.227+0000][10672.018s][info][gc,marking    ] GC(569) Concurrent Cleanup for Next Mark
[2026-06-18T00:25:55.227+0000][10672.018s][info][gc,marking    ] GC(569) Concurrent Cleanup for Next Mark 0.185ms
[2026-06-18T00:25:55.227+0000][10672.018s][info][gc            ] GC(569) Concurrent Cycle 16.906ms
[2026-06-18T00:25:56.698+0000][10673.488s][info][gc,start      ] GC(570) Pause Young (Prepare Mixed) (G1 Evacuation Pause)
[2026-06-18T00:25:56.698+0000][10673.488s][info][gc,task       ] GC(570) Using 13 workers of 13 for evacuation
[2026-06-18T00:25:56.700+0000][10673.491s][info][gc,phases     ] GC(570)   Pre Evacuate Collection Set: 0.0ms
[2026-06-18T00:25:56.700+0000][10673.491s][info][gc,phases     ] GC(570)   Evacuate Collection Set: 2.0ms
[2026-06-18T00:25:56.700+0000][10673.491s][info][gc,phases     ] GC(570)   Post Evacuate Collection Set: 0.3ms
[2026-06-18T00:25:56.700+0000][10673.491s][info][gc,phases     ] GC(570)   Other: 0.3ms
[2026-06-18T00:25:56.700+0000][10673.491s][info][gc,heap       ] GC(570) Eden regions: 242->0(17)
[2026-06-18T00:25:56.700+0000][10673.491s][info][gc,heap       ] GC(570) Survivor regions: 5->8(31)
[2026-06-18T00:25:56.700+0000][10673.491s][info][gc,heap       ] GC(570) Old regions: 52->52
[2026-06-18T00:25:56.701+0000][10673.491s][info][gc,heap       ] GC(570) Humongous regions: 147->147
[2026-06-18T00:25:56.701+0000][10673.491s][info][gc,metaspace  ] GC(570) Metaspace: 52529K(55296K)->52529K(55296K) NonClass: 46599K(48128K)->46599K(48128K) Class: 5929K(7168K)->5929K(7168K)
[2026-06-18T00:25:56.701+0000][10673.491s][info][gc            ] GC(570) Pause Young (Prepare Mixed) (G1 Evacuation Pause) 444M->205M(512M) 3.116ms
[2026-06-18T00:25:56.701+0000][10673.492s][info][gc,cpu        ] GC(570) User=0.02s Sys=0.00s Real=0.00s
[2026-06-18T00:25:56.789+0000][10673.580s][info][gc,start      ] GC(571) Pause Young (Mixed) (G1 Evacuation Pause)
[2026-06-18T00:25:56.790+0000][10673.580s][info][gc,task       ] GC(571) Using 13 workers of 13 for evacuation
[2026-06-18T00:25:56.796+0000][10673.587s][info][gc,phases     ] GC(571)   Pre Evacuate Collection Set: 0.0ms
[2026-06-18T00:25:56.796+0000][10673.587s][info][gc,phases     ] GC(571)   Evacuate Collection Set: 6.1ms
[2026-06-18T00:25:56.796+0000][10673.587s][info][gc,phases     ] GC(571)   Post Evacuate Collection Set: 0.4ms
[2026-06-18T00:25:56.796+0000][10673.587s][info][gc,phases     ] GC(571)   Other: 0.3ms
[2026-06-18T00:25:56.797+0000][10673.587s][info][gc,heap       ] GC(571) Eden regions: 17->0(245)
[2026-06-18T00:25:56.797+0000][10673.587s][info][gc,heap       ] GC(571) Survivor regions: 8->2(4)
[2026-06-18T00:25:56.797+0000][10673.587s][info][gc,heap       ] GC(571) Old regions: 52->51
[2026-06-18T00:25:56.797+0000][10673.587s][info][gc,heap       ] GC(571) Humongous regions: 147->147
[2026-06-18T00:25:56.797+0000][10673.588s][info][gc,metaspace  ] GC(571) Metaspace: 52529K(55296K)->52529K(55296K) NonClass: 46599K(48128K)->46599K(48128K) Class: 5929K(7168K)->5929K(7168K)
[2026-06-18T00:25:56.797+0000][10673.588s][info][gc            ] GC(571) Pause Young (Mixed) (G1 Evacuation Pause) 222M->199M(512M) 7.244ms
[2026-06-18T00:25:56.797+0000][10673.588s][info][gc,cpu        ] GC(571) User=0.06s Sys=0.00s Real=0.01s
[2026-06-18T00:26:45.258+0000][10722.048s][info][gc,start      ] GC(572) Pause Young (Normal) (G1 Evacuation Pause)
[2026-06-18T00:26:45.258+0000][10722.048s][info][gc,task       ] GC(572) Using 13 workers of 13 for evacuation
[2026-06-18T00:26:45.260+0000][10722.051s][info][gc,phases     ] GC(572)   Pre Evacuate Collection Set: 0.0ms
[2026-06-18T00:26:45.260+0000][10722.051s][info][gc,phases     ] GC(572)   Evacuate Collection Set: 2.0ms
[2026-06-18T00:26:45.260+0000][10722.051s][info][gc,phases     ] GC(572)   Post Evacuate Collection Set: 0.3ms
[2026-06-18T00:26:45.260+0000][10722.051s][info][gc,phases     ] GC(572)   Other: 0.3ms
[2026-06-18T00:26:45.261+0000][10722.051s][info][gc,heap       ] GC(572) Eden regions: 245->0(244)
[2026-06-18T00:26:45.261+0000][10722.051s][info][gc,heap       ] GC(572) Survivor regions: 2->4(31)
[2026-06-18T00:26:45.261+0000][10722.051s][info][gc,heap       ] GC(572) Old regions: 51->51
[2026-06-18T00:26:45.261+0000][10722.051s][info][gc,heap       ] GC(572) Humongous regions: 147->147
[2026-06-18T00:26:45.261+0000][10722.051s][info][gc,metaspace  ] GC(572) Metaspace: 52532K(55296K)->52532K(55296K) NonClass: 46603K(48128K)->46603K(48128K) Class: 5929K(7168K)->5929K(7168K)
[2026-06-18T00:26:45.261+0000][10722.051s][info][gc            ] GC(572) Pause Young (Normal) (G1 Evacuation Pause) 444M->200M(512M) 3.191ms
[2026-06-18T00:26:45.261+0000][10722.052s][info][gc,cpu        ] GC(572) User=0.03s Sys=0.00s Real=0.00s
[2026-06-18T00:26:46.881+0000][10723.671s][info][gc,start      ] GC(573) Pause Young (Normal) (G1 Evacuation Pause)
[2026-06-18T00:26:46.881+0000][10723.672s][info][gc,task       ] GC(573) Using 13 workers of 13 for evacuation
[2026-06-18T00:26:46.885+0000][10723.676s][info][gc,phases     ] GC(573)   Pre Evacuate Collection Set: 0.0ms
[2026-06-18T00:26:46.885+0000][10723.676s][info][gc,phases     ] GC(573)   Evacuate Collection Set: 3.6ms
[2026-06-18T00:26:46.885+0000][10723.676s][info][gc,phases     ] GC(573)   Post Evacuate Collection Set: 0.4ms
[2026-06-18T00:26:46.885+0000][10723.676s][info][gc,phases     ] GC(573)   Other: 0.3ms
[2026-06-18T00:26:46.885+0000][10723.676s][info][gc,heap       ] GC(573) Eden regions: 244->0(239)
[2026-06-18T00:26:46.886+0000][10723.676s][info][gc,heap       ] GC(573) Survivor regions: 4->8(31)
[2026-06-18T00:26:46.886+0000][10723.676s][info][gc,heap       ] GC(573) Old regions: 51->51
[2026-06-18T00:26:46.886+0000][10723.676s][info][gc,heap       ] GC(573) Humongous regions: 147->147
[2026-06-18T00:26:46.886+0000][10723.676s][info][gc,metaspace  ] GC(573) Metaspace: 52535K(55296K)->52535K(55296K) NonClass: 46605K(48128K)->46605K(48128K) Class: 5929K(7168K)->5929K(7168K)
[2026-06-18T00:26:46.886+0000][10723.676s][info][gc            ] GC(573) Pause Young (Normal) (G1 Evacuation Pause) 444M->204M(512M) 4.896ms
[2026-06-18T00:26:46.886+0000][10723.676s][info][gc,cpu        ] GC(573) User=0.04s Sys=0.00s Real=0.01s
[2026-06-18T00:26:48.123+0000][10724.913s][info][gc,start      ] GC(574) Pause Young (Concurrent Start) (G1 Evacuation Pause)
[2026-06-18T00:26:48.123+0000][10724.913s][info][gc,task       ] GC(574) Using 13 workers of 13 for evacuation
[2026-06-18T00:26:48.125+0000][10724.916s][info][gc,phases     ] GC(574)   Pre Evacuate Collection Set: 0.3ms
[2026-06-18T00:26:48.125+0000][10724.916s][info][gc,phases     ] GC(574)   Evacuate Collection Set: 1.5ms
[2026-06-18T00:26:48.125+0000][10724.916s][info][gc,phases     ] GC(574)   Post Evacuate Collection Set: 0.3ms
[2026-06-18T00:26:48.125+0000][10724.916s][info][gc,phases     ] GC(574)   Other: 0.3ms
[2026-06-18T00:26:48.125+0000][10724.916s][info][gc,heap       ] GC(574) Eden regions: 239->0(244)
[2026-06-18T00:26:48.125+0000][10724.916s][info][gc,heap       ] GC(574) Survivor regions: 8->5(31)
[2026-06-18T00:26:48.125+0000][10724.916s][info][gc,heap       ] GC(574) Old regions: 51->51
[2026-06-18T00:26:48.126+0000][10724.916s][info][gc,heap       ] GC(574) Humongous regions: 147->147
[2026-06-18T00:26:48.126+0000][10724.916s][info][gc,metaspace  ] GC(574) Metaspace: 52535K(55296K)->52535K(55296K) NonClass: 46605K(48128K)->46605K(48128K) Class: 5929K(7168K)->5929K(7168K)
[2026-06-18T00:26:48.126+0000][10724.916s][info][gc            ] GC(574) Pause Young (Concurrent Start) (G1 Evacuation Pause) 443M->201M(512M) 3.028ms
[2026-06-18T00:26:48.126+0000][10724.916s][info][gc,cpu        ] GC(574) User=0.01s Sys=0.00s Real=0.00s
[2026-06-18T00:26:48.126+0000][10724.916s][info][gc            ] GC(575) Concurrent Cycle
[2026-06-18T00:26:48.126+0000][10724.917s][info][gc,marking    ] GC(575) Concurrent Clear Claimed Marks
[2026-06-18T00:26:48.126+0000][10724.917s][info][gc,marking    ] GC(575) Concurrent Clear Claimed Marks 0.228ms
[2026-06-18T00:26:48.126+0000][10724.917s][info][gc,marking    ] GC(575) Concurrent Scan Root Regions
[2026-06-18T00:26:48.127+0000][10724.918s][info][gc,marking    ] GC(575) Concurrent Scan Root Regions 1.055ms
[2026-06-18T00:26:48.127+0000][10724.918s][info][gc,marking    ] GC(575) Concurrent Mark (10724.918s)
[2026-06-18T00:26:48.127+0000][10724.918s][info][gc,marking    ] GC(575) Concurrent Mark From Roots
[2026-06-18T00:26:48.127+0000][10724.918s][info][gc,task       ] GC(575) Using 3 workers of 3 for marking
[2026-06-18T00:26:48.133+0000][10724.923s][info][gc,marking    ] GC(575) Concurrent Mark From Roots 5.334ms
[2026-06-18T00:26:48.133+0000][10724.923s][info][gc,marking    ] GC(575) Concurrent Preclean
[2026-06-18T00:26:48.133+0000][10724.924s][info][gc,marking    ] GC(575) Concurrent Preclean 0.153ms
[2026-06-18T00:26:48.133+0000][10724.924s][info][gc,marking    ] GC(575) Concurrent Mark (10724.918s, 10724.924s) 5.720ms
[2026-06-18T00:26:48.133+0000][10724.924s][info][gc,start      ] GC(575) Pause Remark
[2026-06-18T00:26:48.136+0000][10724.926s][info][gc,stringtable] GC(575) Cleaned string and symbol table, strings: 17337 processed, 0 removed, symbols: 125074 processed, 0 removed
[2026-06-18T00:26:48.136+0000][10724.927s][info][gc            ] GC(575) Pause Remark 205M->204M(512M) 2.680ms
[2026-06-18T00:26:48.136+0000][10724.927s][info][gc,cpu        ] GC(575) User=0.03s Sys=0.00s Real=0.00s
[2026-06-18T00:26:48.136+0000][10724.927s][info][gc,marking    ] GC(575) Concurrent Rebuild Remembered Sets
[2026-06-18T00:26:48.141+0000][10724.931s][info][gc,marking    ] GC(575) Concurrent Rebuild Remembered Sets 4.516ms
[2026-06-18T00:26:48.141+0000][10724.932s][info][gc,start      ] GC(575) Pause Cleanup
[2026-06-18T00:26:48.141+0000][10724.932s][info][gc            ] GC(575) Pause Cleanup 205M->205M(512M) 0.203ms
[2026-06-18T00:26:48.141+0000][10724.932s][info][gc,cpu        ] GC(575) User=0.00s Sys=0.00s Real=0.00s
[2026-06-18T00:26:48.141+0000][10724.932s][info][gc,marking    ] GC(575) Concurrent Cleanup for Next Mark
[2026-06-18T00:26:48.141+0000][10724.932s][info][gc,marking    ] GC(575) Concurrent Cleanup for Next Mark 0.153ms
[2026-06-18T00:26:48.142+0000][10724.932s][info][gc            ] GC(575) Concurrent Cycle 15.702ms
[2026-06-18T00:26:49.361+0000][10726.152s][info][gc,start      ] GC(576) Pause Young (Prepare Mixed) (G1 Evacuation Pause)
[2026-06-18T00:26:49.361+0000][10726.152s][info][gc,task       ] GC(576) Using 13 workers of 13 for evacuation
[2026-06-18T00:26:49.364+0000][10726.154s][info][gc,phases     ] GC(576)   Pre Evacuate Collection Set: 0.0ms
[2026-06-18T00:26:49.364+0000][10726.154s][info][gc,phases     ] GC(576)   Evacuate Collection Set: 1.9ms
[2026-06-18T00:26:49.364+0000][10726.154s][info][gc,phases     ] GC(576)   Post Evacuate Collection Set: 0.3ms
[2026-06-18T00:26:49.364+0000][10726.154s][info][gc,phases     ] GC(576)   Other: 0.3ms
[2026-06-18T00:26:49.364+0000][10726.155s][info][gc,heap       ] GC(576) Eden regions: 244->0(17)
[2026-06-18T00:26:49.364+0000][10726.155s][info][gc,heap       ] GC(576) Survivor regions: 5->8(32)
[2026-06-18T00:26:49.364+0000][10726.155s][info][gc,heap       ] GC(576) Old regions: 50->50
[2026-06-18T00:26:49.364+0000][10726.155s][info][gc,heap       ] GC(576) Humongous regions: 147->147
[2026-06-18T00:26:49.364+0000][10726.155s][info][gc,metaspace  ] GC(576) Metaspace: 52535K(55296K)->52535K(55296K) NonClass: 46605K(48128K)->46605K(48128K) Class: 5929K(7168K)->5929K(7168K)
[2026-06-18T00:26:49.364+0000][10726.155s][info][gc            ] GC(576) Pause Young (Prepare Mixed) (G1 Evacuation Pause) 444M->203M(512M) 2.994ms
[2026-06-18T00:26:49.364+0000][10726.155s][info][gc,cpu        ] GC(576) User=0.03s Sys=0.00s Real=0.01s
[2026-06-18T00:26:49.441+0000][10726.232s][info][gc,start      ] GC(577) Pause Young (Mixed) (G1 Evacuation Pause)
[2026-06-18T00:26:49.442+0000][10726.232s][info][gc,task       ] GC(577) Using 13 workers of 13 for evacuation
[2026-06-18T00:26:49.445+0000][10726.236s][info][gc,phases     ] GC(577)   Pre Evacuate Collection Set: 0.0ms
[2026-06-18T00:26:49.446+0000][10726.236s][info][gc,phases     ] GC(577)   Evacuate Collection Set: 3.3ms
[2026-06-18T00:26:49.446+0000][10726.236s][info][gc,phases     ] GC(577)   Post Evacuate Collection Set: 0.4ms
[2026-06-18T00:26:49.446+0000][10726.236s][info][gc,phases     ] GC(577)   Other: 0.4ms
[2026-06-18T00:26:49.446+0000][10726.236s][info][gc,heap       ] GC(577) Eden regions: 17->0(245)
[2026-06-18T00:26:49.446+0000][10726.237s][info][gc,heap       ] GC(577) Survivor regions: 8->2(4)
[2026-06-18T00:26:49.446+0000][10726.237s][info][gc,heap       ] GC(577) Old regions: 50->52
[2026-06-18T00:26:49.446+0000][10726.237s][info][gc,heap       ] GC(577) Humongous regions: 147->147
[2026-06-18T00:26:49.446+0000][10726.237s][info][gc,metaspace  ] GC(577) Metaspace: 52535K(55296K)->52535K(55296K) NonClass: 46605K(48128K)->46605K(48128K) Class: 5929K(7168K)->5929K(7168K)
[2026-06-18T00:26:49.446+0000][10726.237s][info][gc            ] GC(577) Pause Young (Mixed) (G1 Evacuation Pause) 220M->200M(512M) 4.675ms
[2026-06-18T00:26:49.446+0000][10726.237s][info][gc,cpu        ] GC(577) User=0.03s Sys=0.00s Real=0.01s
[2026-06-18T00:27:38.131+0000][10774.921s][info][gc,start      ] GC(578) Pause Young (Normal) (G1 Evacuation Pause)
[2026-06-18T00:27:38.131+0000][10774.922s][info][gc,task       ] GC(578) Using 13 workers of 13 for evacuation
[2026-06-18T00:27:38.133+0000][10774.923s][info][gc,phases     ] GC(578)   Pre Evacuate Collection Set: 0.0ms
[2026-06-18T00:27:38.133+0000][10774.924s][info][gc,phases     ] GC(578)   Evacuate Collection Set: 1.5ms
[2026-06-18T00:27:38.133+0000][10774.924s][info][gc,phases     ] GC(578)   Post Evacuate Collection Set: 0.3ms
[2026-06-18T00:27:38.133+0000][10774.924s][info][gc,phases     ] GC(578)   Other: 0.4ms
[2026-06-18T00:27:38.133+0000][10774.924s][info][gc,heap       ] GC(578) Eden regions: 245->0(244)
[2026-06-18T00:27:38.134+0000][10774.924s][info][gc,heap       ] GC(578) Survivor regions: 2->4(31)
[2026-06-18T00:27:38.134+0000][10774.924s][info][gc,heap       ] GC(578) Old regions: 52->52
[2026-06-18T00:27:38.134+0000][10774.924s][info][gc,heap       ] GC(578) Humongous regions: 147->147
[2026-06-18T00:27:38.134+0000][10774.924s][info][gc,metaspace  ] GC(578) Metaspace: 52537K(55296K)->52537K(55296K) NonClass: 46608K(48128K)->46608K(48128K) Class: 5929K(7168K)->5929K(7168K)
[2026-06-18T00:27:38.134+0000][10774.924s][info][gc            ] GC(578) Pause Young (Normal) (G1 Evacuation Pause) 445M->201M(512M) 3.025ms
[2026-06-18T00:27:38.134+0000][10774.924s][info][gc,cpu        ] GC(578) User=0.02s Sys=0.00s Real=0.01s
[2026-06-18T00:27:39.628+0000][10776.419s][info][gc,start      ] GC(579) Pause Young (Normal) (G1 Evacuation Pause)
[2026-06-18T00:27:39.628+0000][10776.419s][info][gc,task       ] GC(579) Using 13 workers of 13 for evacuation
[2026-06-18T00:27:39.633+0000][10776.424s][info][gc,phases     ] GC(579)   Pre Evacuate Collection Set: 0.0ms
[2026-06-18T00:27:39.633+0000][10776.424s][info][gc,phases     ] GC(579)   Evacuate Collection Set: 4.3ms
[2026-06-18T00:27:39.633+0000][10776.424s][info][gc,phases     ] GC(579)   Post Evacuate Collection Set: 0.4ms
[2026-06-18T00:27:39.633+0000][10776.424s][info][gc,phases     ] GC(579)   Other: 0.3ms
[2026-06-18T00:27:39.633+0000][10776.424s][info][gc,heap       ] GC(579) Eden regions: 244->0(240)
[2026-06-18T00:27:39.633+0000][10776.424s][info][gc,heap       ] GC(579) Survivor regions: 4->7(31)
[2026-06-18T00:27:39.634+0000][10776.424s][info][gc,heap       ] GC(579) Old regions: 52->52
[2026-06-18T00:27:39.634+0000][10776.424s][info][gc,heap       ] GC(579) Humongous regions: 147->147
[2026-06-18T00:27:39.634+0000][10776.424s][info][gc,metaspace  ] GC(579) Metaspace: 52537K(55296K)->52537K(55296K) NonClass: 46608K(48128K)->46608K(48128K) Class: 5929K(7168K)->5929K(7168K)
[2026-06-18T00:27:39.634+0000][10776.424s][info][gc            ] GC(579) Pause Young (Normal) (G1 Evacuation Pause) 445M->205M(512M) 5.687ms
[2026-06-18T00:27:39.634+0000][10776.424s][info][gc,cpu        ] GC(579) User=0.05s Sys=0.00s Real=0.01s
[2026-06-18T00:27:40.852+0000][10777.643s][info][gc,start      ] GC(580) Pause Young (Concurrent Start) (G1 Evacuation Pause)
[2026-06-18T00:27:40.852+0000][10777.643s][info][gc,task       ] GC(580) Using 13 workers of 13 for evacuation
[2026-06-18T00:27:40.865+0000][10777.656s][info][gc,phases     ] GC(580)   Pre Evacuate Collection Set: 0.3ms
[2026-06-18T00:27:40.865+0000][10777.656s][info][gc,phases     ] GC(580)   Evacuate Collection Set: 12.1ms
[2026-06-18T00:27:40.865+0000][10777.656s][info][gc,phases     ] GC(580)   Post Evacuate Collection Set: 0.4ms
[2026-06-18T00:27:40.865+0000][10777.656s][info][gc,phases     ] GC(580)   Other: 0.3ms
[2026-06-18T00:27:40.865+0000][10777.656s][info][gc,heap       ] GC(580) Eden regions: 240->0(244)
[2026-06-18T00:27:40.865+0000][10777.656s][info][gc,heap       ] GC(580) Survivor regions: 7->4(31)
[2026-06-18T00:27:40.865+0000][10777.656s][info][gc,heap       ] GC(580) Old regions: 52->52
[2026-06-18T00:27:40.865+0000][10777.656s][info][gc,heap       ] GC(580) Humongous regions: 147->147
[2026-06-18T00:27:40.866+0000][10777.656s][info][gc,metaspace  ] GC(580) Metaspace: 52537K(55296K)->52537K(55296K) NonClass: 46608K(48128K)->46608K(48128K) Class: 5929K(7168K)->5929K(7168K)
[2026-06-18T00:27:40.866+0000][10777.656s][info][gc            ] GC(580) Pause Young (Concurrent Start) (G1 Evacuation Pause) 445M->201M(512M) 13.573ms
[2026-06-18T00:27:40.866+0000][10777.656s][info][gc,cpu        ] GC(580) User=0.11s Sys=0.00s Real=0.02s
[2026-06-18T00:27:40.866+0000][10777.656s][info][gc            ] GC(581) Concurrent Cycle
[2026-06-18T00:27:40.866+0000][10777.656s][info][gc,marking    ] GC(581) Concurrent Clear Claimed Marks
[2026-06-18T00:27:40.866+0000][10777.657s][info][gc,marking    ] GC(581) Concurrent Clear Claimed Marks 0.256ms
[2026-06-18T00:27:40.866+0000][10777.657s][info][gc,marking    ] GC(581) Concurrent Scan Root Regions
[2026-06-18T00:27:40.867+0000][10777.658s][info][gc,marking    ] GC(581) Concurrent Scan Root Regions 0.898ms
[2026-06-18T00:27:40.867+0000][10777.658s][info][gc,marking    ] GC(581) Concurrent Mark (10777.658s)
[2026-06-18T00:27:40.867+0000][10777.658s][info][gc,marking    ] GC(581) Concurrent Mark From Roots
[2026-06-18T00:27:40.867+0000][10777.658s][info][gc,task       ] GC(581) Using 3 workers of 3 for marking
[2026-06-18T00:27:40.872+0000][10777.663s][info][gc,marking    ] GC(581) Concurrent Mark From Roots 5.178ms
[2026-06-18T00:27:40.873+0000][10777.663s][info][gc,marking    ] GC(581) Concurrent Preclean
[2026-06-18T00:27:40.873+0000][10777.663s][info][gc,marking    ] GC(581) Concurrent Preclean 0.210ms
[2026-06-18T00:27:40.873+0000][10777.663s][info][gc,marking    ] GC(581) Concurrent Mark (10777.658s, 10777.663s) 5.611ms
[2026-06-18T00:27:40.873+0000][10777.664s][info][gc,start      ] GC(581) Pause Remark
[2026-06-18T00:27:40.876+0000][10777.666s][info][gc,stringtable] GC(581) Cleaned string and symbol table, strings: 17337 processed, 0 removed, symbols: 125074 processed, 0 removed
[2026-06-18T00:27:40.876+0000][10777.666s][info][gc            ] GC(581) Pause Remark 206M->205M(512M) 2.707ms
[2026-06-18T00:27:40.876+0000][10777.666s][info][gc,cpu        ] GC(581) User=0.02s Sys=0.00s Real=0.00s
[2026-06-18T00:27:40.876+0000][10777.666s][info][gc,marking    ] GC(581) Concurrent Rebuild Remembered Sets
[2026-06-18T00:27:40.881+0000][10777.671s][info][gc,marking    ] GC(581) Concurrent Rebuild Remembered Sets 4.667ms
[2026-06-18T00:27:40.881+0000][10777.671s][info][gc,start      ] GC(581) Pause Cleanup
[2026-06-18T00:27:40.881+0000][10777.672s][info][gc            ] GC(581) Pause Cleanup 205M->205M(512M) 0.179ms
[2026-06-18T00:27:40.881+0000][10777.672s][info][gc,cpu        ] GC(581) User=0.00s Sys=0.00s Real=0.00s
[2026-06-18T00:27:40.881+0000][10777.672s][info][gc,marking    ] GC(581) Concurrent Cleanup for Next Mark
[2026-06-18T00:27:40.881+0000][10777.672s][info][gc,marking    ] GC(581) Concurrent Cleanup for Next Mark 0.177ms
[2026-06-18T00:27:40.881+0000][10777.672s][info][gc            ] GC(581) Concurrent Cycle 15.670ms
[2026-06-18T00:28:29.281+0000][10826.071s][info][gc,start      ] GC(582) Pause Young (Prepare Mixed) (G1 Evacuation Pause)
[2026-06-18T00:28:29.281+0000][10826.071s][info][gc,task       ] GC(582) Using 13 workers of 13 for evacuation
[2026-06-18T00:28:29.284+0000][10826.074s][info][gc,phases     ] GC(582)   Pre Evacuate Collection Set: 0.0ms
[2026-06-18T00:28:29.284+0000][10826.074s][info][gc,phases     ] GC(582)   Evacuate Collection Set: 2.0ms
[2026-06-18T00:28:29.284+0000][10826.074s][info][gc,phases     ] GC(582)   Post Evacuate Collection Set: 0.3ms
[2026-06-18T00:28:29.284+0000][10826.074s][info][gc,phases     ] GC(582)   Other: 0.4ms
[2026-06-18T00:28:29.284+0000][10826.074s][info][gc,heap       ] GC(582) Eden regions: 244->0(17)
[2026-06-18T00:28:29.284+0000][10826.074s][info][gc,heap       ] GC(582) Survivor regions: 4->8(31)
[2026-06-18T00:28:29.284+0000][10826.074s][info][gc,heap       ] GC(582) Old regions: 51->51
[2026-06-18T00:28:29.284+0000][10826.074s][info][gc,heap       ] GC(582) Humongous regions: 147->147
[2026-06-18T00:28:29.284+0000][10826.074s][info][gc,metaspace  ] GC(582) Metaspace: 52554K(55296K)->52554K(55296K) NonClass: 46624K(48128K)->46624K(48128K) Class: 5929K(7168K)->5929K(7168K)
[2026-06-18T00:28:29.285+0000][10826.074s][info][gc            ] GC(582) Pause Young (Prepare Mixed) (G1 Evacuation Pause) 444M->205M(512M) 3.326ms
[2026-06-18T00:28:29.285+0000][10826.074s][info][gc,cpu        ] GC(582) User=0.02s Sys=0.00s Real=0.01s
[2026-06-18T00:28:29.384+0000][10826.174s][info][gc,start      ] GC(583) Pause Young (Mixed) (G1 Evacuation Pause)
[2026-06-18T00:28:29.384+0000][10826.174s][info][gc,task       ] GC(583) Using 13 workers of 13 for evacuation
[2026-06-18T00:28:29.388+0000][10826.178s][info][gc,phases     ] GC(583)   Pre Evacuate Collection Set: 0.0ms
[2026-06-18T00:28:29.389+0000][10826.178s][info][gc,phases     ] GC(583)   Evacuate Collection Set: 3.5ms
[2026-06-18T00:28:29.389+0000][10826.178s][info][gc,phases     ] GC(583)   Post Evacuate Collection Set: 0.3ms
[2026-06-18T00:28:29.389+0000][10826.179s][info][gc,phases     ] GC(583)   Other: 0.4ms
[2026-06-18T00:28:29.389+0000][10826.179s][info][gc,heap       ] GC(583) Eden regions: 17->0(244)
[2026-06-18T00:28:29.389+0000][10826.179s][info][gc,heap       ] GC(583) Survivor regions: 8->2(4)
[2026-06-18T00:28:29.389+0000][10826.179s][info][gc,heap       ] GC(583) Old regions: 51->52
[2026-06-18T00:28:29.389+0000][10826.179s][info][gc,heap       ] GC(583) Humongous regions: 147->147
[2026-06-18T00:28:29.389+0000][10826.179s][info][gc,metaspace  ] GC(583) Metaspace: 52554K(55296K)->52554K(55296K) NonClass: 46624K(48128K)->46624K(48128K) Class: 5929K(7168K)->5929K(7168K)
[2026-06-18T00:28:29.389+0000][10826.179s][info][gc            ] GC(583) Pause Young (Mixed) (G1 Evacuation Pause) 222M->200M(512M) 4.985ms
[2026-06-18T00:28:29.389+0000][10826.179s][info][gc,cpu        ] GC(583) User=0.03s Sys=0.00s Real=0.00s
[2026-06-18T00:28:30.968+0000][10827.758s][info][gc,start      ] GC(584) Pause Young (Normal) (G1 Evacuation Pause)
[2026-06-18T00:28:30.968+0000][10827.758s][info][gc,task       ] GC(584) Using 13 workers of 13 for evacuation
[2026-06-18T00:28:30.970+0000][10827.760s][info][gc,phases     ] GC(584)   Pre Evacuate Collection Set: 0.0ms
[2026-06-18T00:28:30.970+0000][10827.760s][info][gc,phases     ] GC(584)   Evacuate Collection Set: 1.7ms
[2026-06-18T00:28:30.970+0000][10827.760s][info][gc,phases     ] GC(584)   Post Evacuate Collection Set: 0.3ms
[2026-06-18T00:28:30.970+0000][10827.760s][info][gc,phases     ] GC(584)   Other: 0.4ms
[2026-06-18T00:28:30.971+0000][10827.760s][info][gc,heap       ] GC(584) Eden regions: 244->0(245)
[2026-06-18T00:28:30.971+0000][10827.760s][info][gc,heap       ] GC(584) Survivor regions: 2->3(31)
[2026-06-18T00:28:30.971+0000][10827.760s][info][gc,heap       ] GC(584) Old regions: 52->52
[2026-06-18T00:28:30.971+0000][10827.760s][info][gc,heap       ] GC(584) Humongous regions: 147->147
[2026-06-18T00:28:30.971+0000][10827.761s][info][gc,metaspace  ] GC(584) Metaspace: 52554K(55296K)->52554K(55296K) NonClass: 46624K(48128K)->46624K(48128K) Class: 5929K(7168K)->5929K(7168K)
[2026-06-18T00:28:30.971+0000][10827.761s][info][gc            ] GC(584) Pause Young (Normal) (G1 Evacuation Pause) 444M->200M(512M) 2.896ms
[2026-06-18T00:28:30.971+0000][10827.761s][info][gc,cpu        ] GC(584) User=0.01s Sys=0.00s Real=0.00s
[2026-06-18T00:28:32.258+0000][10829.048s][info][gc,start      ] GC(585) Pause Young (Normal) (G1 Evacuation Pause)
[2026-06-18T00:28:32.258+0000][10829.048s][info][gc,task       ] GC(585) Using 13 workers of 13 for evacuation
[2026-06-18T00:28:32.260+0000][10829.050s][info][gc,phases     ] GC(585)   Pre Evacuate Collection Set: 0.0ms
[2026-06-18T00:28:32.260+0000][10829.050s][info][gc,phases     ] GC(585)   Evacuate Collection Set: 1.3ms
[2026-06-18T00:28:32.260+0000][10829.050s][info][gc,phases     ] GC(585)   Post Evacuate Collection Set: 0.3ms
[2026-06-18T00:28:32.260+0000][10829.050s][info][gc,phases     ] GC(585)   Other: 0.3ms
[2026-06-18T00:28:32.260+0000][10829.050s][info][gc,heap       ] GC(585) Eden regions: 245->0(241)
[2026-06-18T00:28:32.261+0000][10829.050s][info][gc,heap       ] GC(585) Survivor regions: 3->6(31)
[2026-06-18T00:28:32.261+0000][10829.050s][info][gc,heap       ] GC(585) Old regions: 52->52
[2026-06-18T00:28:32.261+0000][10829.051s][info][gc,heap       ] GC(585) Humongous regions: 147->147
[2026-06-18T00:28:32.261+0000][10829.051s][info][gc,metaspace  ] GC(585) Metaspace: 52554K(55296K)->52554K(55296K) NonClass: 46624K(48128K)->46624K(48128K) Class: 5929K(7168K)->5929K(7168K)
[2026-06-18T00:28:32.261+0000][10829.051s][info][gc            ] GC(585) Pause Young (Normal) (G1 Evacuation Pause) 445M->204M(512M) 2.818ms
[2026-06-18T00:28:32.261+0000][10829.051s][info][gc,cpu        ] GC(585) User=0.02s Sys=0.00s Real=0.00s
[2026-06-18T00:28:33.436+0000][10830.226s][info][gc,start      ] GC(586) Pause Young (Concurrent Start) (G1 Evacuation Pause)
[2026-06-18T00:28:33.436+0000][10830.226s][info][gc,task       ] GC(586) Using 13 workers of 13 for evacuation
[2026-06-18T00:28:33.438+0000][10830.228s][info][gc,phases     ] GC(586)   Pre Evacuate Collection Set: 0.3ms
[2026-06-18T00:28:33.439+0000][10830.229s][info][gc,phases     ] GC(586)   Evacuate Collection Set: 1.3ms
[2026-06-18T00:28:33.439+0000][10830.229s][info][gc,phases     ] GC(586)   Post Evacuate Collection Set: 0.3ms
[2026-06-18T00:28:33.439+0000][10830.229s][info][gc,phases     ] GC(586)   Other: 0.4ms
[2026-06-18T00:28:33.439+0000][10830.229s][info][gc,heap       ] GC(586) Eden regions: 241->0(246)
[2026-06-18T00:28:33.439+0000][10830.229s][info][gc,heap       ] GC(586) Survivor regions: 6->3(31)
[2026-06-18T00:28:33.439+0000][10830.229s][info][gc,heap       ] GC(586) Old regions: 52->52
[2026-06-18T00:28:33.439+0000][10830.229s][info][gc,heap       ] GC(586) Humongous regions: 147->147
[2026-06-18T00:28:33.439+0000][10830.229s][info][gc,metaspace  ] GC(586) Metaspace: 52554K(55296K)->52554K(55296K) NonClass: 46624K(48128K)->46624K(48128K) Class: 5929K(7168K)->5929K(7168K)
[2026-06-18T00:28:33.439+0000][10830.229s][info][gc            ] GC(586) Pause Young (Concurrent Start) (G1 Evacuation Pause) 445M->201M(512M) 3.003ms
[2026-06-18T00:28:33.439+0000][10830.229s][info][gc,cpu        ] GC(586) User=0.01s Sys=0.00s Real=0.00s
[2026-06-18T00:28:33.439+0000][10830.229s][info][gc            ] GC(587) Concurrent Cycle
[2026-06-18T00:28:33.439+0000][10830.229s][info][gc,marking    ] GC(587) Concurrent Clear Claimed Marks
[2026-06-18T00:28:33.440+0000][10830.230s][info][gc,marking    ] GC(587) Concurrent Clear Claimed Marks 0.182ms
[2026-06-18T00:28:33.440+0000][10830.230s][info][gc,marking    ] GC(587) Concurrent Scan Root Regions
[2026-06-18T00:28:33.441+0000][10830.231s][info][gc,marking    ] GC(587) Concurrent Scan Root Regions 0.929ms
[2026-06-18T00:28:33.441+0000][10830.231s][info][gc,marking    ] GC(587) Concurrent Mark (10830.231s)
[2026-06-18T00:28:33.441+0000][10830.231s][info][gc,marking    ] GC(587) Concurrent Mark From Roots
[2026-06-18T00:28:33.441+0000][10830.231s][info][gc,task       ] GC(587) Using 3 workers of 3 for marking
[2026-06-18T00:28:33.447+0000][10830.236s][info][gc,marking    ] GC(587) Concurrent Mark From Roots 5.695ms
[2026-06-18T00:28:33.447+0000][10830.237s][info][gc,marking    ] GC(587) Concurrent Preclean
[2026-06-18T00:28:33.447+0000][10830.237s][info][gc,marking    ] GC(587) Concurrent Preclean 0.203ms
[2026-06-18T00:28:33.447+0000][10830.237s][info][gc,marking    ] GC(587) Concurrent Mark (10830.231s, 10830.237s) 6.220ms
[2026-06-18T00:28:33.447+0000][10830.237s][info][gc,start      ] GC(587) Pause Remark
[2026-06-18T00:28:33.450+0000][10830.240s][info][gc,stringtable] GC(587) Cleaned string and symbol table, strings: 17338 processed, 0 removed, symbols: 125074 processed, 0 removed
[2026-06-18T00:28:33.451+0000][10830.240s][info][gc            ] GC(587) Pause Remark 206M->206M(512M) 3.277ms
[2026-06-18T00:28:33.451+0000][10830.240s][info][gc,cpu        ] GC(587) User=0.03s Sys=0.00s Real=0.00s
[2026-06-18T00:28:33.451+0000][10830.241s][info][gc,marking    ] GC(587) Concurrent Rebuild Remembered Sets
[2026-06-18T00:28:33.455+0000][10830.245s][info][gc,marking    ] GC(587) Concurrent Rebuild Remembered Sets 3.999ms
[2026-06-18T00:28:33.455+0000][10830.245s][info][gc,start      ] GC(587) Pause Cleanup
[2026-06-18T00:28:33.455+0000][10830.245s][info][gc            ] GC(587) Pause Cleanup 206M->206M(512M) 0.212ms
[2026-06-18T00:28:33.455+0000][10830.245s][info][gc,cpu        ] GC(587) User=0.00s Sys=0.00s Real=0.00s
[2026-06-18T00:28:33.456+0000][10830.245s][info][gc,marking    ] GC(587) Concurrent Cleanup for Next Mark
[2026-06-18T00:28:33.456+0000][10830.246s][info][gc,marking    ] GC(587) Concurrent Cleanup for Next Mark 0.160ms
[2026-06-18T00:28:33.456+0000][10830.246s][info][gc            ] GC(587) Concurrent Cycle 16.322ms
[2026-06-18T00:29:22.013+0000][10878.802s][info][gc,start      ] GC(588) Pause Young (Prepare Mixed) (G1 Evacuation Pause)
[2026-06-18T00:29:22.013+0000][10878.803s][info][gc,task       ] GC(588) Using 13 workers of 13 for evacuation
[2026-06-18T00:29:22.015+0000][10878.805s][info][gc,phases     ] GC(588)   Pre Evacuate Collection Set: 0.0ms
[2026-06-18T00:29:22.015+0000][10878.805s][info][gc,phases     ] GC(588)   Evacuate Collection Set: 1.6ms
[2026-06-18T00:29:22.015+0000][10878.805s][info][gc,phases     ] GC(588)   Post Evacuate Collection Set: 0.3ms
[2026-06-18T00:29:22.015+0000][10878.805s][info][gc,phases     ] GC(588)   Other: 0.4ms
[2026-06-18T00:29:22.015+0000][10878.805s][info][gc,heap       ] GC(588) Eden regions: 246->0(18)
[2026-06-18T00:29:22.015+0000][10878.805s][info][gc,heap       ] GC(588) Survivor regions: 3->7(32)
[2026-06-18T00:29:22.015+0000][10878.805s][info][gc,heap       ] GC(588) Old regions: 52->52
[2026-06-18T00:29:22.015+0000][10878.805s][info][gc,heap       ] GC(588) Humongous regions: 147->147
[2026-06-18T00:29:22.015+0000][10878.805s][info][gc,metaspace  ] GC(588) Metaspace: 52554K(55296K)->52554K(55296K) NonClass: 46625K(48128K)->46625K(48128K) Class: 5929K(7168K)->5929K(7168K)
[2026-06-18T00:29:22.016+0000][10878.805s][info][gc            ] GC(588) Pause Young (Prepare Mixed) (G1 Evacuation Pause) 447M->204M(512M) 2.812ms
[2026-06-18T00:29:22.016+0000][10878.805s][info][gc,cpu        ] GC(588) User=0.02s Sys=0.00s Real=0.01s
[2026-06-18T00:29:22.115+0000][10878.905s][info][gc,start      ] GC(589) Pause Young (Mixed) (G1 Evacuation Pause)
[2026-06-18T00:29:22.115+0000][10878.905s][info][gc,task       ] GC(589) Using 13 workers of 13 for evacuation
[2026-06-18T00:29:22.120+0000][10878.909s][info][gc,phases     ] GC(589)   Pre Evacuate Collection Set: 0.0ms
[2026-06-18T00:29:22.120+0000][10878.909s][info][gc,phases     ] GC(589)   Evacuate Collection Set: 3.8ms
[2026-06-18T00:29:22.120+0000][10878.909s][info][gc,phases     ] GC(589)   Post Evacuate Collection Set: 0.3ms
[2026-06-18T00:29:22.120+0000][10878.909s][info][gc,phases     ] GC(589)   Other: 0.3ms
[2026-06-18T00:29:22.120+0000][10878.909s][info][gc,heap       ] GC(589) Eden regions: 18->0(247)
[2026-06-18T00:29:22.120+0000][10878.910s][info][gc,heap       ] GC(589) Survivor regions: 7->2(4)
[2026-06-18T00:29:22.120+0000][10878.910s][info][gc,heap       ] GC(589) Old regions: 52->50
[2026-06-18T00:29:22.120+0000][10878.910s][info][gc,heap       ] GC(589) Humongous regions: 147->147
[2026-06-18T00:29:22.120+0000][10878.910s][info][gc,metaspace  ] GC(589) Metaspace: 52554K(55296K)->52554K(55296K) NonClass: 46625K(48128K)->46625K(48128K) Class: 5929K(7168K)->5929K(7168K)
[2026-06-18T00:29:22.120+0000][10878.910s][info][gc            ] GC(589) Pause Young (Mixed) (G1 Evacuation Pause) 222M->198M(512M) 5.125ms
[2026-06-18T00:29:22.120+0000][10878.910s][info][gc,cpu        ] GC(589) User=0.04s Sys=0.00s Real=0.00s
[2026-06-18T00:29:23.562+0000][10880.351s][info][gc,start      ] GC(590) Pause Young (Normal) (G1 Evacuation Pause)
[2026-06-18T00:29:23.562+0000][10880.352s][info][gc,task       ] GC(590) Using 13 workers of 13 for evacuation
[2026-06-18T00:29:23.565+0000][10880.354s][info][gc,phases     ] GC(590)   Pre Evacuate Collection Set: 0.0ms
[2026-06-18T00:29:23.565+0000][10880.355s][info][gc,phases     ] GC(590)   Evacuate Collection Set: 2.3ms
[2026-06-18T00:29:23.565+0000][10880.355s][info][gc,phases     ] GC(590)   Post Evacuate Collection Set: 0.3ms
[2026-06-18T00:29:23.565+0000][10880.355s][info][gc,phases     ] GC(590)   Other: 0.6ms
[2026-06-18T00:29:23.565+0000][10880.355s][info][gc,heap       ] GC(590) Eden regions: 247->0(238)
[2026-06-18T00:29:23.565+0000][10880.355s][info][gc,heap       ] GC(590) Survivor regions: 2->9(32)
[2026-06-18T00:29:23.565+0000][10880.355s][info][gc,heap       ] GC(590) Old regions: 50->50
[2026-06-18T00:29:23.565+0000][10880.355s][info][gc,heap       ] GC(590) Humongous regions: 147->147
[2026-06-18T00:29:23.565+0000][10880.355s][info][gc,metaspace  ] GC(590) Metaspace: 52554K(55296K)->52554K(55296K) NonClass: 46625K(48128K)->46625K(48128K) Class: 5929K(7168K)->5929K(7168K)
[2026-06-18T00:29:23.566+0000][10880.355s][info][gc            ] GC(590) Pause Young (Normal) (G1 Evacuation Pause) 445M->205M(512M) 3.843ms
[2026-06-18T00:29:23.566+0000][10880.355s][info][gc,cpu        ] GC(590) User=0.03s Sys=0.00s Real=0.01s
[2026-06-18T00:29:24.791+0000][10881.581s][info][gc,start      ] GC(591) Pause Young (Normal) (G1 Evacuation Pause)
[2026-06-18T00:29:24.791+0000][10881.581s][info][gc,task       ] GC(591) Using 13 workers of 13 for evacuation
[2026-06-18T00:29:24.793+0000][10881.583s][info][gc,phases     ] GC(591)   Pre Evacuate Collection Set: 0.0ms
[2026-06-18T00:29:24.793+0000][10881.583s][info][gc,phases     ] GC(591)   Evacuate Collection Set: 1.3ms
[2026-06-18T00:29:24.793+0000][10881.583s][info][gc,phases     ] GC(591)   Post Evacuate Collection Set: 0.3ms
[2026-06-18T00:29:24.793+0000][10881.583s][info][gc,phases     ] GC(591)   Other: 0.3ms
[2026-06-18T00:29:24.794+0000][10881.583s][info][gc,heap       ] GC(591) Eden regions: 238->0(241)
[2026-06-18T00:29:24.794+0000][10881.583s][info][gc,heap       ] GC(591) Survivor regions: 9->6(31)
[2026-06-18T00:29:24.794+0000][10881.583s][info][gc,heap       ] GC(591) Old regions: 50->50
[2026-06-18T00:29:24.794+0000][10881.583s][info][gc,heap       ] GC(591) Humongous regions: 147->147
[2026-06-18T00:29:24.794+0000][10881.583s][info][gc,metaspace  ] GC(591) Metaspace: 52554K(55296K)->52554K(55296K) NonClass: 46625K(48128K)->46625K(48128K) Class: 5929K(7168K)->5929K(7168K)
[2026-06-18T00:29:24.794+0000][10881.583s][info][gc            ] GC(591) Pause Young (Normal) (G1 Evacuation Pause) 443M->202M(512M) 2.508ms
[2026-06-18T00:29:24.794+0000][10881.583s][info][gc,cpu        ] GC(591) User=0.01s Sys=0.00s Real=0.01s
[2026-06-18T00:30:13.220+0000][10930.009s][info][gc,start      ] GC(592) Pause Young (Concurrent Start) (G1 Evacuation Pause)
[2026-06-18T00:30:13.220+0000][10930.009s][info][gc,task       ] GC(592) Using 13 workers of 13 for evacuation
[2026-06-18T00:30:13.223+0000][10930.012s][info][gc,phases     ] GC(592)   Pre Evacuate Collection Set: 0.3ms
[2026-06-18T00:30:13.223+0000][10930.013s][info][gc,phases     ] GC(592)   Evacuate Collection Set: 2.1ms
[2026-06-18T00:30:13.223+0000][10930.013s][info][gc,phases     ] GC(592)   Post Evacuate Collection Set: 0.4ms
[2026-06-18T00:30:13.223+0000][10930.013s][info][gc,phases     ] GC(592)   Other: 0.4ms
[2026-06-18T00:30:13.223+0000][10930.013s][info][gc,heap       ] GC(592) Eden regions: 241->0(247)
[2026-06-18T00:30:13.223+0000][10930.013s][info][gc,heap       ] GC(592) Survivor regions: 6->3(31)
[2026-06-18T00:30:13.223+0000][10930.013s][info][gc,heap       ] GC(592) Old regions: 50->50
[2026-06-18T00:30:13.223+0000][10930.013s][info][gc,heap       ] GC(592) Humongous regions: 147->147
[2026-06-18T00:30:13.224+0000][10930.013s][info][gc,metaspace  ] GC(592) Metaspace: 52556K(55296K)->52556K(55296K) NonClass: 46626K(48128K)->46626K(48128K) Class: 5929K(7168K)->5929K(7168K)
[2026-06-18T00:30:13.224+0000][10930.013s][info][gc            ] GC(592) Pause Young (Concurrent Start) (G1 Evacuation Pause) 443M->199M(512M) 3.823ms
[2026-06-18T00:30:13.224+0000][10930.013s][info][gc,cpu        ] GC(592) User=0.02s Sys=0.00s Real=0.01s
[2026-06-18T00:30:13.224+0000][10930.013s][info][gc            ] GC(593) Concurrent Cycle
[2026-06-18T00:30:13.224+0000][10930.013s][info][gc,marking    ] GC(593) Concurrent Clear Claimed Marks
[2026-06-18T00:30:13.224+0000][10930.014s][info][gc,marking    ] GC(593) Concurrent Clear Claimed Marks 0.241ms
[2026-06-18T00:30:13.224+0000][10930.014s][info][gc,marking    ] GC(593) Concurrent Scan Root Regions
[2026-06-18T00:30:13.225+0000][10930.014s][info][gc,marking    ] GC(593) Concurrent Scan Root Regions 0.844ms
[2026-06-18T00:30:13.225+0000][10930.015s][info][gc,marking    ] GC(593) Concurrent Mark (10930.015s)
[2026-06-18T00:30:13.225+0000][10930.015s][info][gc,marking    ] GC(593) Concurrent Mark From Roots
[2026-06-18T00:30:13.225+0000][10930.015s][info][gc,task       ] GC(593) Using 3 workers of 3 for marking
[2026-06-18T00:30:13.231+0000][10930.020s][info][gc,marking    ] GC(593) Concurrent Mark From Roots 5.424ms
[2026-06-18T00:30:13.231+0000][10930.020s][info][gc,marking    ] GC(593) Concurrent Preclean
[2026-06-18T00:30:13.231+0000][10930.020s][info][gc,marking    ] GC(593) Concurrent Preclean 0.207ms
[2026-06-18T00:30:13.231+0000][10930.020s][info][gc,marking    ] GC(593) Concurrent Mark (10930.015s, 10930.020s) 5.877ms
[2026-06-18T00:30:13.231+0000][10930.021s][info][gc,start      ] GC(593) Pause Remark
[2026-06-18T00:30:13.234+0000][10930.024s][info][gc,stringtable] GC(593) Cleaned string and symbol table, strings: 17338 processed, 0 removed, symbols: 125074 processed, 0 removed
[2026-06-18T00:30:13.235+0000][10930.024s][info][gc            ] GC(593) Pause Remark 203M->203M(512M) 3.525ms
[2026-06-18T00:30:13.235+0000][10930.024s][info][gc,cpu        ] GC(593) User=0.04s Sys=0.00s Real=0.01s
[2026-06-18T00:30:13.235+0000][10930.024s][info][gc,marking    ] GC(593) Concurrent Rebuild Remembered Sets
[2026-06-18T00:30:13.239+0000][10930.028s][info][gc,marking    ] GC(593) Concurrent Rebuild Remembered Sets 3.980ms
[2026-06-18T00:30:13.239+0000][10930.029s][info][gc,start      ] GC(593) Pause Cleanup
[2026-06-18T00:30:13.239+0000][10930.029s][info][gc            ] GC(593) Pause Cleanup 203M->203M(512M) 0.256ms
[2026-06-18T00:30:13.240+0000][10930.029s][info][gc,cpu        ] GC(593) User=0.00s Sys=0.00s Real=0.00s
[2026-06-18T00:30:13.240+0000][10930.029s][info][gc,marking    ] GC(593) Concurrent Cleanup for Next Mark
[2026-06-18T00:30:13.240+0000][10930.029s][info][gc,marking    ] GC(593) Concurrent Cleanup for Next Mark 0.153ms
[2026-06-18T00:30:13.240+0000][10930.029s][info][gc            ] GC(593) Concurrent Cycle 16.132ms
[2026-06-18T00:30:15.019+0000][10931.809s][info][gc,start      ] GC(594) Pause Young (Prepare Mixed) (G1 Evacuation Pause)
[2026-06-18T00:30:15.019+0000][10931.809s][info][gc,task       ] GC(594) Using 13 workers of 13 for evacuation
[2026-06-18T00:30:15.022+0000][10931.812s][info][gc,phases     ] GC(594)   Pre Evacuate Collection Set: 0.0ms
[2026-06-18T00:30:15.022+0000][10931.812s][info][gc,phases     ] GC(594)   Evacuate Collection Set: 2.3ms
[2026-06-18T00:30:15.023+0000][10931.812s][info][gc,phases     ] GC(594)   Post Evacuate Collection Set: 0.4ms
[2026-06-18T00:30:15.023+0000][10931.812s][info][gc,phases     ] GC(594)   Other: 0.4ms
[2026-06-18T00:30:15.023+0000][10931.812s][info][gc,heap       ] GC(594) Eden regions: 247->0(20)
[2026-06-18T00:30:15.023+0000][10931.812s][info][gc,heap       ] GC(594) Survivor regions: 3->5(32)
[2026-06-18T00:30:15.023+0000][10931.812s][info][gc,heap       ] GC(594) Old regions: 50->50
[2026-06-18T00:30:15.023+0000][10931.812s][info][gc,heap       ] GC(594) Humongous regions: 147->147
[2026-06-18T00:30:15.023+0000][10931.813s][info][gc,metaspace  ] GC(594) Metaspace: 52556K(55296K)->52556K(55296K) NonClass: 46626K(48128K)->46626K(48128K) Class: 5929K(7168K)->5929K(7168K)
[2026-06-18T00:30:15.023+0000][10931.813s][info][gc            ] GC(594) Pause Young (Prepare Mixed) (G1 Evacuation Pause) 446M->201M(512M) 3.820ms
[2026-06-18T00:30:15.023+0000][10931.813s][info][gc,cpu        ] GC(594) User=0.02s Sys=0.00s Real=0.00s
[2026-06-18T00:30:15.155+0000][10931.944s][info][gc,start      ] GC(595) Pause Young (Mixed) (G1 Evacuation Pause)
[2026-06-18T00:30:15.155+0000][10931.944s][info][gc,task       ] GC(595) Using 13 workers of 13 for evacuation
[2026-06-18T00:30:15.158+0000][10931.947s][info][gc,phases     ] GC(595)   Pre Evacuate Collection Set: 0.0ms
[2026-06-18T00:30:15.158+0000][10931.948s][info][gc,phases     ] GC(595)   Evacuate Collection Set: 2.9ms
[2026-06-18T00:30:15.158+0000][10931.948s][info][gc,phases     ] GC(595)   Post Evacuate Collection Set: 0.3ms
[2026-06-18T00:30:15.158+0000][10931.948s][info][gc,phases     ] GC(595)   Other: 0.3ms
[2026-06-18T00:30:15.158+0000][10931.948s][info][gc,heap       ] GC(595) Eden regions: 20->0(248)
[2026-06-18T00:30:15.158+0000][10931.948s][info][gc,heap       ] GC(595) Survivor regions: 5->2(4)
[2026-06-18T00:30:15.158+0000][10931.948s][info][gc,heap       ] GC(595) Old regions: 50->49
[2026-06-18T00:30:15.158+0000][10931.948s][info][gc,heap       ] GC(595) Humongous regions: 147->147
[2026-06-18T00:30:15.159+0000][10931.948s][info][gc,metaspace  ] GC(595) Metaspace: 52556K(55296K)->52556K(55296K) NonClass: 46626K(48128K)->46626K(48128K) Class: 5929K(7168K)->5929K(7168K)
[2026-06-18T00:30:15.159+0000][10931.948s][info][gc            ] GC(595) Pause Young (Mixed) (G1 Evacuation Pause) 221M->196M(512M) 4.038ms
[2026-06-18T00:30:15.159+0000][10931.948s][info][gc,cpu        ] GC(595) User=0.02s Sys=0.00s Real=0.00s
[2026-06-18T00:30:16.667+0000][10933.457s][info][gc,start      ] GC(596) Pause Young (Normal) (G1 Evacuation Pause)
[2026-06-18T00:30:16.668+0000][10933.458s][info][gc,task       ] GC(596) Using 13 workers of 13 for evacuation
[2026-06-18T00:30:16.671+0000][10933.461s][info][gc,phases     ] GC(596)   Pre Evacuate Collection Set: 0.0ms
[2026-06-18T00:30:16.671+0000][10933.461s][info][gc,phases     ] GC(596)   Evacuate Collection Set: 2.3ms
[2026-06-18T00:30:16.671+0000][10933.461s][info][gc,phases     ] GC(596)   Post Evacuate Collection Set: 0.3ms
[2026-06-18T00:30:16.671+0000][10933.461s][info][gc,phases     ] GC(596)   Other: 1.2ms
[2026-06-18T00:30:16.671+0000][10933.461s][info][gc,heap       ] GC(596) Eden regions: 248->0(241)
[2026-06-18T00:30:16.671+0000][10933.461s][info][gc,heap       ] GC(596) Survivor regions: 2->8(32)
[2026-06-18T00:30:16.671+0000][10933.461s][info][gc,heap       ] GC(596) Old regions: 49->49
[2026-06-18T00:30:16.671+0000][10933.461s][info][gc,heap       ] GC(596) Humongous regions: 147->147
[2026-06-18T00:30:16.671+0000][10933.461s][info][gc,metaspace  ] GC(596) Metaspace: 52556K(55296K)->52556K(55296K) NonClass: 46626K(48128K)->46626K(48128K) Class: 5929K(7168K)->5929K(7168K)
[2026-06-18T00:30:16.672+0000][10933.461s][info][gc            ] GC(596) Pause Young (Normal) (G1 Evacuation Pause) 444M->203M(512M) 4.246ms
[2026-06-18T00:30:16.672+0000][10933.461s][info][gc,cpu        ] GC(596) User=0.03s Sys=0.00s Real=0.00s
[2026-06-18T00:30:43.313+0000][10960.102s][info][gc,start      ] GC(597) Pause Young (Normal) (G1 Evacuation Pause)
[2026-06-18T00:30:43.313+0000][10960.102s][info][gc,task       ] GC(597) Using 13 workers of 13 for evacuation
[2026-06-18T00:30:43.315+0000][10960.104s][info][gc,phases     ] GC(597)   Pre Evacuate Collection Set: 0.0ms
[2026-06-18T00:30:43.315+0000][10960.104s][info][gc,phases     ] GC(597)   Evacuate Collection Set: 1.1ms
[2026-06-18T00:30:43.315+0000][10960.104s][info][gc,phases     ] GC(597)   Post Evacuate Collection Set: 0.4ms
[2026-06-18T00:30:43.315+0000][10960.104s][info][gc,phases     ] GC(597)   Other: 0.3ms
[2026-06-18T00:30:43.315+0000][10960.104s][info][gc,heap       ] GC(597) Eden regions: 241->0(246)
[2026-06-18T00:30:43.315+0000][10960.104s][info][gc,heap       ] GC(597) Survivor regions: 8->4(32)
[2026-06-18T00:30:43.315+0000][10960.104s][info][gc,heap       ] GC(597) Old regions: 49->49
[2026-06-18T00:30:43.315+0000][10960.104s][info][gc,heap       ] GC(597) Humongous regions: 147->147
[2026-06-18T00:30:43.315+0000][10960.104s][info][gc,metaspace  ] GC(597) Metaspace: 52556K(55296K)->52556K(55296K) NonClass: 46627K(48128K)->46627K(48128K) Class: 5929K(7168K)->5929K(7168K)
[2026-06-18T00:30:43.315+0000][10960.104s][info][gc            ] GC(597) Pause Young (Normal) (G1 Evacuation Pause) 444M->199M(512M) 2.502ms
[2026-06-18T00:30:43.315+0000][10960.104s][info][gc,cpu        ] GC(597) User=0.01s Sys=0.00s Real=0.01s
[2026-06-18T00:31:06.751+0000][10983.539s][info][gc,start      ] GC(598) Pause Young (Concurrent Start) (G1 Evacuation Pause)
[2026-06-18T00:31:06.751+0000][10983.540s][info][gc,task       ] GC(598) Using 13 workers of 13 for evacuation
[2026-06-18T00:31:06.757+0000][10983.546s][info][gc,phases     ] GC(598)   Pre Evacuate Collection Set: 0.3ms
[2026-06-18T00:31:06.757+0000][10983.546s][info][gc,phases     ] GC(598)   Evacuate Collection Set: 5.6ms
[2026-06-18T00:31:06.757+0000][10983.546s][info][gc,phases     ] GC(598)   Post Evacuate Collection Set: 0.3ms
[2026-06-18T00:31:06.758+0000][10983.546s][info][gc,phases     ] GC(598)   Other: 0.4ms
[2026-06-18T00:31:06.758+0000][10983.546s][info][gc,heap       ] GC(598) Eden regions: 246->0(243)
[2026-06-18T00:31:06.758+0000][10983.546s][info][gc,heap       ] GC(598) Survivor regions: 4->7(32)
[2026-06-18T00:31:06.758+0000][10983.547s][info][gc,heap       ] GC(598) Old regions: 49->49
[2026-06-18T00:31:06.758+0000][10983.547s][info][gc,heap       ] GC(598) Humongous regions: 147->147
[2026-06-18T00:31:06.758+0000][10983.547s][info][gc,metaspace  ] GC(598) Metaspace: 52558K(55296K)->52558K(55296K) NonClass: 46628K(48128K)->46628K(48128K) Class: 5929K(7168K)->5929K(7168K)
[2026-06-18T00:31:06.758+0000][10983.547s][info][gc            ] GC(598) Pause Young (Concurrent Start) (G1 Evacuation Pause) 445M->202M(512M) 7.294ms
[2026-06-18T00:31:06.758+0000][10983.547s][info][gc,cpu        ] GC(598) User=0.07s Sys=0.00s Real=0.01s
[2026-06-18T00:31:06.758+0000][10983.547s][info][gc            ] GC(599) Concurrent Cycle
[2026-06-18T00:31:06.758+0000][10983.547s][info][gc,marking    ] GC(599) Concurrent Clear Claimed Marks
[2026-06-18T00:31:06.759+0000][10983.547s][info][gc,marking    ] GC(599) Concurrent Clear Claimed Marks 0.503ms
[2026-06-18T00:31:06.759+0000][10983.548s][info][gc,marking    ] GC(599) Concurrent Scan Root Regions
[2026-06-18T00:31:06.760+0000][10983.549s][info][gc,marking    ] GC(599) Concurrent Scan Root Regions 1.409ms
[2026-06-18T00:31:06.760+0000][10983.549s][info][gc,marking    ] GC(599) Concurrent Mark (10983.549s)
[2026-06-18T00:31:06.760+0000][10983.549s][info][gc,marking    ] GC(599) Concurrent Mark From Roots
[2026-06-18T00:31:06.761+0000][10983.549s][info][gc,task       ] GC(599) Using 3 workers of 3 for marking
[2026-06-18T00:31:06.766+0000][10983.555s][info][gc,marking    ] GC(599) Concurrent Mark From Roots 5.571ms
[2026-06-18T00:31:06.766+0000][10983.555s][info][gc,marking    ] GC(599) Concurrent Preclean
[2026-06-18T00:31:06.766+0000][10983.555s][info][gc,marking    ] GC(599) Concurrent Preclean 0.229ms
[2026-06-18T00:31:06.766+0000][10983.555s][info][gc,marking    ] GC(599) Concurrent Mark (10983.549s, 10983.555s) 6.164ms
[2026-06-18T00:31:06.767+0000][10983.555s][info][gc,start      ] GC(599) Pause Remark
[2026-06-18T00:31:06.769+0000][10983.558s][info][gc,stringtable] GC(599) Cleaned string and symbol table, strings: 17338 processed, 0 removed, symbols: 125074 processed, 0 removed
[2026-06-18T00:31:06.770+0000][10983.558s][info][gc            ] GC(599) Pause Remark 207M->207M(512M) 2.974ms
[2026-06-18T00:31:06.770+0000][10983.559s][info][gc,cpu        ] GC(599) User=0.03s Sys=0.00s Real=0.00s
[2026-06-18T00:31:06.770+0000][10983.559s][info][gc,marking    ] GC(599) Concurrent Rebuild Remembered Sets
[2026-06-18T00:31:06.774+0000][10983.563s][info][gc,marking    ] GC(599) Concurrent Rebuild Remembered Sets 4.247ms
[2026-06-18T00:31:06.774+0000][10983.563s][info][gc,start      ] GC(599) Pause Cleanup
[2026-06-18T00:31:06.775+0000][10983.563s][info][gc            ] GC(599) Pause Cleanup 207M->207M(512M) 0.233ms
[2026-06-18T00:31:06.775+0000][10983.563s][info][gc,cpu        ] GC(599) User=0.00s Sys=0.00s Real=0.00s
[2026-06-18T00:31:06.775+0000][10983.564s][info][gc,marking    ] GC(599) Concurrent Cleanup for Next Mark
[2026-06-18T00:31:06.775+0000][10983.564s][info][gc,marking    ] GC(599) Concurrent Cleanup for Next Mark 0.199ms
[2026-06-18T00:31:06.775+0000][10983.564s][info][gc            ] GC(599) Concurrent Cycle 16.953ms
[2026-06-18T00:31:08.271+0000][10985.060s][info][gc,start      ] GC(600) Pause Young (Prepare Mixed) (G1 Evacuation Pause)
[2026-06-18T00:31:08.271+0000][10985.060s][info][gc,task       ] GC(600) Using 13 workers of 13 for evacuation
[2026-06-18T00:31:08.273+0000][10985.062s][info][gc,phases     ] GC(600)   Pre Evacuate Collection Set: 0.0ms
[2026-06-18T00:31:08.273+0000][10985.062s][info][gc,phases     ] GC(600)   Evacuate Collection Set: 1.3ms
[2026-06-18T00:31:08.273+0000][10985.062s][info][gc,phases     ] GC(600)   Post Evacuate Collection Set: 0.4ms
[2026-06-18T00:31:08.273+0000][10985.062s][info][gc,phases     ] GC(600)   Other: 0.3ms
[2026-06-18T00:31:08.273+0000][10985.062s][info][gc,heap       ] GC(600) Eden regions: 243->0(21)
[2026-06-18T00:31:08.273+0000][10985.062s][info][gc,heap       ] GC(600) Survivor regions: 7->4(32)
[2026-06-18T00:31:08.273+0000][10985.062s][info][gc,heap       ] GC(600) Old regions: 49->49
[2026-06-18T00:31:08.273+0000][10985.062s][info][gc,heap       ] GC(600) Humongous regions: 147->147
[2026-06-18T00:31:08.273+0000][10985.062s][info][gc,metaspace  ] GC(600) Metaspace: 52558K(55296K)->52558K(55296K) NonClass: 46628K(48128K)->46628K(48128K) Class: 5929K(7168K)->5929K(7168K)
[2026-06-18T00:31:08.273+0000][10985.062s][info][gc            ] GC(600) Pause Young (Prepare Mixed) (G1 Evacuation Pause) 445M->199M(512M) 2.481ms
[2026-06-18T00:31:08.273+0000][10985.062s][info][gc,cpu        ] GC(600) User=0.01s Sys=0.00s Real=0.00s
[2026-06-18T00:31:08.389+0000][10985.178s][info][gc,start      ] GC(601) Pause Young (Mixed) (G1 Evacuation Pause)
[2026-06-18T00:31:08.389+0000][10985.178s][info][gc,task       ] GC(601) Using 13 workers of 13 for evacuation
[2026-06-18T00:31:08.391+0000][10985.180s][info][gc,phases     ] GC(601)   Pre Evacuate Collection Set: 0.0ms
[2026-06-18T00:31:08.391+0000][10985.180s][info][gc,phases     ] GC(601)   Evacuate Collection Set: 1.6ms
[2026-06-18T00:31:08.391+0000][10985.180s][info][gc,phases     ] GC(601)   Post Evacuate Collection Set: 0.3ms
[2026-06-18T00:31:08.391+0000][10985.180s][info][gc,phases     ] GC(601)   Other: 0.3ms
[2026-06-18T00:31:08.391+0000][10985.180s][info][gc,heap       ] GC(601) Eden regions: 21->0(249)
[2026-06-18T00:31:08.391+0000][10985.180s][info][gc,heap       ] GC(601) Survivor regions: 4->3(4)
[2026-06-18T00:31:08.391+0000][10985.180s][info][gc,heap       ] GC(601) Old regions: 49->46
[2026-06-18T00:31:08.391+0000][10985.180s][info][gc,heap       ] GC(601) Humongous regions: 147->147
[2026-06-18T00:31:08.391+0000][10985.180s][info][gc,metaspace  ] GC(601) Metaspace: 52558K(55296K)->52558K(55296K) NonClass: 46628K(48128K)->46628K(48128K) Class: 5929K(7168K)->5929K(7168K)
[2026-06-18T00:31:08.392+0000][10985.180s][info][gc            ] GC(601) Pause Young (Mixed) (G1 Evacuation Pause) 220M->195M(512M) 2.724ms
[2026-06-18T00:31:08.392+0000][10985.180s][info][gc,cpu        ] GC(601) User=0.01s Sys=0.00s Real=0.00s
[2026-06-18T00:31:09.726+0000][10986.515s][info][gc,start      ] GC(602) Pause Young (Normal) (G1 Evacuation Pause)
[2026-06-18T00:31:09.726+0000][10986.515s][info][gc,task       ] GC(602) Using 13 workers of 13 for evacuation
[2026-06-18T00:31:09.729+0000][10986.518s][info][gc,phases     ] GC(602)   Pre Evacuate Collection Set: 0.0ms
[2026-06-18T00:31:09.729+0000][10986.518s][info][gc,phases     ] GC(602)   Evacuate Collection Set: 2.8ms
[2026-06-18T00:31:09.729+0000][10986.518s][info][gc,phases     ] GC(602)   Post Evacuate Collection Set: 0.3ms
[2026-06-18T00:31:09.729+0000][10986.518s][info][gc,phases     ] GC(602)   Other: 0.3ms
[2026-06-18T00:31:09.729+0000][10986.518s][info][gc,heap       ] GC(602) Eden regions: 249->0(244)
[2026-06-18T00:31:09.730+0000][10986.518s][info][gc,heap       ] GC(602) Survivor regions: 3->8(32)
[2026-06-18T00:31:09.730+0000][10986.518s][info][gc,heap       ] GC(602) Old regions: 46->46
[2026-06-18T00:31:09.730+0000][10986.518s][info][gc,heap       ] GC(602) Humongous regions: 147->147
[2026-06-18T00:31:09.730+0000][10986.519s][info][gc,metaspace  ] GC(602) Metaspace: 52558K(55296K)->52558K(55296K) NonClass: 46628K(48128K)->46628K(48128K) Class: 5929K(7168K)->5929K(7168K)
[2026-06-18T00:31:09.730+0000][10986.519s][info][gc            ] GC(602) Pause Young (Normal) (G1 Evacuation Pause) 444M->200M(512M) 4.087ms
[2026-06-18T00:31:09.730+0000][10986.519s][info][gc,cpu        ] GC(602) User=0.03s Sys=0.00s Real=0.00s
[2026-06-18T00:31:58.521+0000][11035.309s][info][gc,start      ] GC(603) Pause Young (Normal) (G1 Evacuation Pause)
[2026-06-18T00:31:58.521+0000][11035.310s][info][gc,task       ] GC(603) Using 13 workers of 13 for evacuation
[2026-06-18T00:31:58.523+0000][11035.312s][info][gc,phases     ] GC(603)   Pre Evacuate Collection Set: 0.0ms
[2026-06-18T00:31:58.523+0000][11035.312s][info][gc,phases     ] GC(603)   Evacuate Collection Set: 1.5ms
[2026-06-18T00:31:58.523+0000][11035.312s][info][gc,phases     ] GC(603)   Post Evacuate Collection Set: 0.3ms
[2026-06-18T00:31:58.523+0000][11035.312s][info][gc,phases     ] GC(603)   Other: 0.4ms
[2026-06-18T00:31:58.523+0000][11035.312s][info][gc,heap       ] GC(603) Eden regions: 244->0(248)
[2026-06-18T00:31:58.524+0000][11035.312s][info][gc,heap       ] GC(603) Survivor regions: 8->5(32)
[2026-06-18T00:31:58.524+0000][11035.312s][info][gc,heap       ] GC(603) Old regions: 46->46
[2026-06-18T00:31:58.524+0000][11035.312s][info][gc,heap       ] GC(603) Humongous regions: 147->147
[2026-06-18T00:31:58.524+0000][11035.312s][info][gc,metaspace  ] GC(603) Metaspace: 52558K(55296K)->52558K(55296K) NonClass: 46629K(48128K)->46629K(48128K) Class: 5929K(7168K)->5929K(7168K)
[2026-06-18T00:31:58.524+0000][11035.312s][info][gc            ] GC(603) Pause Young (Normal) (G1 Evacuation Pause) 444M->197M(512M) 2.717ms
[2026-06-18T00:31:58.524+0000][11035.312s][info][gc,cpu        ] GC(603) User=0.02s Sys=0.00s Real=0.00s
[2026-06-18T00:31:59.986+0000][11036.775s][info][gc,start      ] GC(604) Pause Young (Concurrent Start) (G1 Evacuation Pause)
[2026-06-18T00:31:59.986+0000][11036.775s][info][gc,task       ] GC(604) Using 13 workers of 13 for evacuation
[2026-06-18T00:31:59.990+0000][11036.778s][info][gc,phases     ] GC(604)   Pre Evacuate Collection Set: 0.3ms
[2026-06-18T00:31:59.990+0000][11036.778s][info][gc,phases     ] GC(604)   Evacuate Collection Set: 2.6ms
[2026-06-18T00:31:59.990+0000][11036.778s][info][gc,phases     ] GC(604)   Post Evacuate Collection Set: 0.3ms
[2026-06-18T00:31:59.990+0000][11036.779s][info][gc,phases     ] GC(604)   Other: 0.5ms
[2026-06-18T00:31:59.990+0000][11036.779s][info][gc,heap       ] GC(604) Eden regions: 248->0(243)
[2026-06-18T00:31:59.990+0000][11036.779s][info][gc,heap       ] GC(604) Survivor regions: 5->9(32)
[2026-06-18T00:31:59.990+0000][11036.779s][info][gc,heap       ] GC(604) Old regions: 46->46
[2026-06-18T00:31:59.990+0000][11036.779s][info][gc,heap       ] GC(604) Humongous regions: 147->147
[2026-06-18T00:31:59.991+0000][11036.779s][info][gc,metaspace  ] GC(604) Metaspace: 52558K(55296K)->52558K(55296K) NonClass: 46629K(48128K)->46629K(48128K) Class: 5929K(7168K)->5929K(7168K)
[2026-06-18T00:31:59.991+0000][11036.779s][info][gc            ] GC(604) Pause Young (Concurrent Start) (G1 Evacuation Pause) 445M->201M(512M) 4.389ms
[2026-06-18T00:31:59.991+0000][11036.779s][info][gc,cpu        ] GC(604) User=0.03s Sys=0.00s Real=0.00s
[2026-06-18T00:31:59.991+0000][11036.779s][info][gc            ] GC(605) Concurrent Cycle
[2026-06-18T00:31:59.991+0000][11036.779s][info][gc,marking    ] GC(605) Concurrent Clear Claimed Marks
[2026-06-18T00:31:59.991+0000][11036.780s][info][gc,marking    ] GC(605) Concurrent Clear Claimed Marks 0.378ms
[2026-06-18T00:31:59.991+0000][11036.780s][info][gc,marking    ] GC(605) Concurrent Scan Root Regions
[2026-06-18T00:31:59.993+0000][11036.781s][info][gc,marking    ] GC(605) Concurrent Scan Root Regions 1.610ms
[2026-06-18T00:31:59.993+0000][11036.781s][info][gc,marking    ] GC(605) Concurrent Mark (11036.781s)
[2026-06-18T00:31:59.993+0000][11036.782s][info][gc,marking    ] GC(605) Concurrent Mark From Roots
[2026-06-18T00:31:59.993+0000][11036.782s][info][gc,task       ] GC(605) Using 3 workers of 3 for marking
[2026-06-18T00:31:59.999+0000][11036.787s][info][gc,marking    ] GC(605) Concurrent Mark From Roots 5.856ms
[2026-06-18T00:31:59.999+0000][11036.788s][info][gc,marking    ] GC(605) Concurrent Preclean
[2026-06-18T00:31:59.999+0000][11036.788s][info][gc,marking    ] GC(605) Concurrent Preclean 0.281ms
[2026-06-18T00:32:00.000+0000][11036.788s][info][gc,marking    ] GC(605) Concurrent Mark (11036.781s, 11036.788s) 6.528ms
[2026-06-18T00:32:00.000+0000][11036.788s][info][gc,start      ] GC(605) Pause Remark
[2026-06-18T00:32:00.005+0000][11036.793s][info][gc,stringtable] GC(605) Cleaned string and symbol table, strings: 17338 processed, 0 removed, symbols: 125074 processed, 0 removed
[2026-06-18T00:32:00.006+0000][11036.794s][info][gc            ] GC(605) Pause Remark 204M->204M(512M) 5.742ms
[2026-06-18T00:32:00.006+0000][11036.794s][info][gc,cpu        ] GC(605) User=0.03s Sys=0.00s Real=0.01s
[2026-06-18T00:32:00.006+0000][11036.794s][info][gc,marking    ] GC(605) Concurrent Rebuild Remembered Sets
[2026-06-18T00:32:00.013+0000][11036.801s][info][gc,marking    ] GC(605) Concurrent Rebuild Remembered Sets 6.903ms
[2026-06-18T00:32:00.013+0000][11036.801s][info][gc,start      ] GC(605) Pause Cleanup
[2026-06-18T00:32:00.013+0000][11036.802s][info][gc            ] GC(605) Pause Cleanup 206M->206M(512M) 0.305ms
[2026-06-18T00:32:00.013+0000][11036.802s][info][gc,cpu        ] GC(605) User=0.00s Sys=0.00s Real=0.00s
[2026-06-18T00:32:00.014+0000][11036.802s][info][gc,marking    ] GC(605) Concurrent Cleanup for Next Mark
[2026-06-18T00:32:00.014+0000][11036.802s][info][gc,marking    ] GC(605) Concurrent Cleanup for Next Mark 0.212ms
[2026-06-18T00:32:00.014+0000][11036.802s][info][gc            ] GC(605) Concurrent Cycle 23.163ms
[2026-06-18T00:32:01.189+0000][11037.977s][info][gc,start      ] GC(606) Pause Young (Prepare Mixed) (G1 Evacuation Pause)
[2026-06-18T00:32:01.189+0000][11037.978s][info][gc,task       ] GC(606) Using 13 workers of 13 for evacuation
[2026-06-18T00:32:01.198+0000][11037.987s][info][gc,phases     ] GC(606)   Pre Evacuate Collection Set: 0.0ms
[2026-06-18T00:32:01.198+0000][11037.987s][info][gc,phases     ] GC(606)   Evacuate Collection Set: 8.6ms
[2026-06-18T00:32:01.198+0000][11037.987s][info][gc,phases     ] GC(606)   Post Evacuate Collection Set: 0.4ms
[2026-06-18T00:32:01.198+0000][11037.987s][info][gc,phases     ] GC(606)   Other: 0.3ms
[2026-06-18T00:32:01.199+0000][11037.987s][info][gc,heap       ] GC(606) Eden regions: 243->0(19)
[2026-06-18T00:32:01.199+0000][11037.987s][info][gc,heap       ] GC(606) Survivor regions: 9->6(32)
[2026-06-18T00:32:01.199+0000][11037.987s][info][gc,heap       ] GC(606) Old regions: 46->46
[2026-06-18T00:32:01.199+0000][11037.987s][info][gc,heap       ] GC(606) Humongous regions: 147->147
[2026-06-18T00:32:01.199+0000][11037.987s][info][gc,metaspace  ] GC(606) Metaspace: 52558K(55296K)->52558K(55296K) NonClass: 46629K(48128K)->46629K(48128K) Class: 5929K(7168K)->5929K(7168K)
[2026-06-18T00:32:01.199+0000][11037.987s][info][gc            ] GC(606) Pause Young (Prepare Mixed) (G1 Evacuation Pause) 444M->198M(512M) 9.923ms
[2026-06-18T00:32:01.199+0000][11037.987s][info][gc,cpu        ] GC(606) User=0.08s Sys=0.00s Real=0.01s
[2026-06-18T00:32:01.285+0000][11038.073s][info][gc,start      ] GC(607) Pause Young (Mixed) (G1 Evacuation Pause)
[2026-06-18T00:32:01.285+0000][11038.073s][info][gc,task       ] GC(607) Using 13 workers of 13 for evacuation
[2026-06-18T00:32:01.287+0000][11038.076s][info][gc,phases     ] GC(607)   Pre Evacuate Collection Set: 0.0ms
[2026-06-18T00:32:01.287+0000][11038.076s][info][gc,phases     ] GC(607)   Evacuate Collection Set: 2.2ms
[2026-06-18T00:32:01.288+0000][11038.076s][info][gc,phases     ] GC(607)   Post Evacuate Collection Set: 0.3ms
[2026-06-18T00:32:01.288+0000][11038.076s][info][gc,phases     ] GC(607)   Other: 0.3ms
[2026-06-18T00:32:01.288+0000][11038.076s][info][gc,heap       ] GC(607) Eden regions: 19->0(248)
[2026-06-18T00:32:01.288+0000][11038.076s][info][gc,heap       ] GC(607) Survivor regions: 6->2(4)
[2026-06-18T00:32:01.288+0000][11038.076s][info][gc,heap       ] GC(607) Old regions: 46->49
[2026-06-18T00:32:01.288+0000][11038.076s][info][gc,heap       ] GC(607) Humongous regions: 147->147
[2026-06-18T00:32:01.288+0000][11038.076s][info][gc,metaspace  ] GC(607) Metaspace: 52558K(55296K)->52558K(55296K) NonClass: 46629K(48128K)->46629K(48128K) Class: 5929K(7168K)->5929K(7168K)
[2026-06-18T00:32:01.288+0000][11038.076s][info][gc            ] GC(607) Pause Young (Mixed) (G1 Evacuation Pause) 217M->197M(512M) 3.489ms
[2026-06-18T00:32:01.288+0000][11038.077s][info][gc,cpu        ] GC(607) User=0.01s Sys=0.01s Real=0.00s
[2026-06-18T00:32:49.750+0000][11086.538s][info][gc,start      ] GC(608) Pause Young (Normal) (G1 Evacuation Pause)
[2026-06-18T00:32:49.750+0000][11086.539s][info][gc,task       ] GC(608) Using 13 workers of 13 for evacuation
[2026-06-18T00:32:49.753+0000][11086.541s][info][gc,phases     ] GC(608)   Pre Evacuate Collection Set: 0.0ms
[2026-06-18T00:32:49.753+0000][11086.541s][info][gc,phases     ] GC(608)   Evacuate Collection Set: 1.8ms
[2026-06-18T00:32:49.753+0000][11086.541s][info][gc,phases     ] GC(608)   Post Evacuate Collection Set: 0.5ms
[2026-06-18T00:32:49.753+0000][11086.541s][info][gc,phases     ] GC(608)   Other: 0.4ms
[2026-06-18T00:32:49.753+0000][11086.542s][info][gc,heap       ] GC(608) Eden regions: 248->0(241)
[2026-06-18T00:32:49.753+0000][11086.542s][info][gc,heap       ] GC(608) Survivor regions: 2->8(32)
[2026-06-18T00:32:49.754+0000][11086.542s][info][gc,heap       ] GC(608) Old regions: 49->49
[2026-06-18T00:32:49.754+0000][11086.542s][info][gc,heap       ] GC(608) Humongous regions: 147->147
[2026-06-18T00:32:49.754+0000][11086.542s][info][gc,metaspace  ] GC(608) Metaspace: 52568K(55296K)->52568K(55296K) NonClass: 46639K(48128K)->46639K(48128K) Class: 5929K(7168K)->5929K(7168K)
[2026-06-18T00:32:49.754+0000][11086.542s][info][gc            ] GC(608) Pause Young (Normal) (G1 Evacuation Pause) 445M->202M(512M) 3.529ms
[2026-06-18T00:32:49.754+0000][11086.542s][info][gc,cpu        ] GC(608) User=0.02s Sys=0.01s Real=0.00s
[2026-06-18T00:32:51.374+0000][11088.162s][info][gc,start      ] GC(609) Pause Young (Normal) (G1 Evacuation Pause)
[2026-06-18T00:32:51.374+0000][11088.162s][info][gc,task       ] GC(609) Using 13 workers of 13 for evacuation
[2026-06-18T00:32:51.376+0000][11088.165s][info][gc,phases     ] GC(609)   Pre Evacuate Collection Set: 0.0ms
[2026-06-18T00:32:51.376+0000][11088.165s][info][gc,phases     ] GC(609)   Evacuate Collection Set: 1.6ms
[2026-06-18T00:32:51.377+0000][11088.165s][info][gc,phases     ] GC(609)   Post Evacuate Collection Set: 0.3ms
[2026-06-18T00:32:51.377+0000][11088.165s][info][gc,phases     ] GC(609)   Other: 0.3ms
[2026-06-18T00:32:51.377+0000][11088.165s][info][gc,heap       ] GC(609) Eden regions: 241->0(246)
[2026-06-18T00:32:51.377+0000][11088.165s][info][gc,heap       ] GC(609) Survivor regions: 8->4(32)
[2026-06-18T00:32:51.377+0000][11088.165s][info][gc,heap       ] GC(609) Old regions: 49->49
[2026-06-18T00:32:51.377+0000][11088.165s][info][gc,heap       ] GC(609) Humongous regions: 147->147
[2026-06-18T00:32:51.377+0000][11088.165s][info][gc,metaspace  ] GC(609) Metaspace: 52568K(55296K)->52568K(55296K) NonClass: 46639K(48128K)->46639K(48128K) Class: 5929K(7168K)->5929K(7168K)
[2026-06-18T00:32:51.377+0000][11088.165s][info][gc            ] GC(609) Pause Young (Normal) (G1 Evacuation Pause) 443M->199M(512M) 2.860ms
[2026-06-18T00:32:51.377+0000][11088.165s][info][gc,cpu        ] GC(609) User=0.01s Sys=0.00s Real=0.01s
[2026-06-18T00:32:52.721+0000][11089.510s][info][gc,start      ] GC(610) Pause Young (Concurrent Start) (G1 Evacuation Pause)
[2026-06-18T00:32:52.722+0000][11089.510s][info][gc,task       ] GC(610) Using 13 workers of 13 for evacuation
[2026-06-18T00:32:52.725+0000][11089.514s][info][gc,phases     ] GC(610)   Pre Evacuate Collection Set: 0.3ms
[2026-06-18T00:32:52.725+0000][11089.514s][info][gc,phases     ] GC(610)   Evacuate Collection Set: 3.1ms
[2026-06-18T00:32:52.726+0000][11089.514s][info][gc,phases     ] GC(610)   Post Evacuate Collection Set: 0.3ms
[2026-06-18T00:32:52.726+0000][11089.514s][info][gc,phases     ] GC(610)   Other: 0.3ms
[2026-06-18T00:32:52.726+0000][11089.514s][info][gc,heap       ] GC(610) Eden regions: 246->0(242)
[2026-06-18T00:32:52.726+0000][11089.514s][info][gc,heap       ] GC(610) Survivor regions: 4->8(32)
[2026-06-18T00:32:52.726+0000][11089.514s][info][gc,heap       ] GC(610) Old regions: 49->49
[2026-06-18T00:32:52.726+0000][11089.514s][info][gc,heap       ] GC(610) Humongous regions: 147->147
[2026-06-18T00:32:52.726+0000][11089.514s][info][gc,metaspace  ] GC(610) Metaspace: 52568K(55296K)->52568K(55296K) NonClass: 46639K(48128K)->46639K(48128K) Class: 5929K(7168K)->5929K(7168K)
[2026-06-18T00:32:52.726+0000][11089.514s][info][gc            ] GC(610) Pause Young (Concurrent Start) (G1 Evacuation Pause) 445M->202M(512M) 4.586ms
[2026-06-18T00:32:52.726+0000][11089.514s][info][gc,cpu        ] GC(610) User=0.04s Sys=0.00s Real=0.01s
[2026-06-18T00:32:52.726+0000][11089.514s][info][gc            ] GC(611) Concurrent Cycle
[2026-06-18T00:32:52.726+0000][11089.514s][info][gc,marking    ] GC(611) Concurrent Clear Claimed Marks
[2026-06-18T00:32:52.726+0000][11089.515s][info][gc,marking    ] GC(611) Concurrent Clear Claimed Marks 0.281ms
[2026-06-18T00:32:52.727+0000][11089.515s][info][gc,marking    ] GC(611) Concurrent Scan Root Regions
[2026-06-18T00:32:52.728+0000][11089.516s][info][gc,marking    ] GC(611) Concurrent Scan Root Regions 1.324ms
[2026-06-18T00:32:52.728+0000][11089.516s][info][gc,marking    ] GC(611) Concurrent Mark (11089.516s)
[2026-06-18T00:32:52.728+0000][11089.516s][info][gc,marking    ] GC(611) Concurrent Mark From Roots
[2026-06-18T00:32:52.728+0000][11089.516s][info][gc,task       ] GC(611) Using 3 workers of 3 for marking
[2026-06-18T00:32:52.734+0000][11089.522s][info][gc,marking    ] GC(611) Concurrent Mark From Roots 5.648ms
[2026-06-18T00:32:52.734+0000][11089.522s][info][gc,marking    ] GC(611) Concurrent Preclean
[2026-06-18T00:32:52.734+0000][11089.522s][info][gc,marking    ] GC(611) Concurrent Preclean 0.201ms
[2026-06-18T00:32:52.734+0000][11089.522s][info][gc,marking    ] GC(611) Concurrent Mark (11089.516s, 11089.522s) 6.198ms
[2026-06-18T00:32:52.734+0000][11089.522s][info][gc,start      ] GC(611) Pause Remark
[2026-06-18T00:32:52.737+0000][11089.525s][info][gc,stringtable] GC(611) Cleaned string and symbol table, strings: 17338 processed, 0 removed, symbols: 125074 processed, 0 removed
[2026-06-18T00:32:52.737+0000][11089.525s][info][gc            ] GC(611) Pause Remark 206M->206M(512M) 2.774ms
[2026-06-18T00:32:52.737+0000][11089.525s][info][gc,cpu        ] GC(611) User=0.03s Sys=0.00s Real=0.01s
[2026-06-18T00:32:52.737+0000][11089.525s][info][gc,marking    ] GC(611) Concurrent Rebuild Remembered Sets
[2026-06-18T00:32:52.742+0000][11089.530s][info][gc,marking    ] GC(611) Concurrent Rebuild Remembered Sets 4.608ms
[2026-06-18T00:32:52.742+0000][11089.530s][info][gc,start      ] GC(611) Pause Cleanup
[2026-06-18T00:32:52.742+0000][11089.530s][info][gc            ] GC(611) Pause Cleanup 207M->207M(512M) 0.211ms
[2026-06-18T00:32:52.742+0000][11089.531s][info][gc,cpu        ] GC(611) User=0.00s Sys=0.00s Real=0.00s
[2026-06-18T00:32:52.743+0000][11089.531s][info][gc,marking    ] GC(611) Concurrent Cleanup for Next Mark
[2026-06-18T00:32:52.743+0000][11089.531s][info][gc,marking    ] GC(611) Concurrent Cleanup for Next Mark 0.161ms
[2026-06-18T00:32:52.743+0000][11089.531s][info][gc            ] GC(611) Concurrent Cycle 16.626ms
[2026-06-18T00:32:53.931+0000][11090.719s][info][gc,start      ] GC(612) Pause Young (Prepare Mixed) (G1 Evacuation Pause)
[2026-06-18T00:32:53.931+0000][11090.720s][info][gc,task       ] GC(612) Using 13 workers of 13 for evacuation
[2026-06-18T00:32:53.934+0000][11090.722s][info][gc,phases     ] GC(612)   Pre Evacuate Collection Set: 0.0ms
[2026-06-18T00:32:53.934+0000][11090.722s][info][gc,phases     ] GC(612)   Evacuate Collection Set: 1.9ms
[2026-06-18T00:32:53.934+0000][11090.722s][info][gc,phases     ] GC(612)   Post Evacuate Collection Set: 0.4ms
[2026-06-18T00:32:53.934+0000][11090.722s][info][gc,phases     ] GC(612)   Other: 0.3ms
[2026-06-18T00:32:53.934+0000][11090.723s][info][gc,heap       ] GC(612) Eden regions: 242->0(20)
[2026-06-18T00:32:53.934+0000][11090.723s][info][gc,heap       ] GC(612) Survivor regions: 8->5(32)
[2026-06-18T00:32:53.935+0000][11090.723s][info][gc,heap       ] GC(612) Old regions: 49->49
[2026-06-18T00:32:53.935+0000][11090.723s][info][gc,heap       ] GC(612) Humongous regions: 147->147
[2026-06-18T00:32:53.935+0000][11090.723s][info][gc,metaspace  ] GC(612) Metaspace: 52568K(55296K)->52568K(55296K) NonClass: 46639K(48128K)->46639K(48128K) Class: 5929K(7168K)->5929K(7168K)
[2026-06-18T00:32:53.935+0000][11090.723s][info][gc            ] GC(612) Pause Young (Prepare Mixed) (G1 Evacuation Pause) 444M->199M(512M) 3.387ms
[2026-06-18T00:32:53.935+0000][11090.723s][info][gc,cpu        ] GC(612) User=0.02s Sys=0.01s Real=0.01s
[2026-06-18T00:32:54.027+0000][11090.815s][info][gc,start      ] GC(613) Pause Young (Mixed) (G1 Evacuation Pause)
[2026-06-18T00:32:54.027+0000][11090.815s][info][gc,task       ] GC(613) Using 13 workers of 13 for evacuation
[2026-06-18T00:32:54.029+0000][11090.818s][info][gc,phases     ] GC(613)   Pre Evacuate Collection Set: 0.0ms
[2026-06-18T00:32:54.030+0000][11090.818s][info][gc,phases     ] GC(613)   Evacuate Collection Set: 1.8ms
[2026-06-18T00:32:54.030+0000][11090.818s][info][gc,phases     ] GC(613)   Post Evacuate Collection Set: 0.3ms
[2026-06-18T00:32:54.030+0000][11090.818s][info][gc,phases     ] GC(613)   Other: 0.4ms
[2026-06-18T00:32:54.030+0000][11090.818s][info][gc,heap       ] GC(613) Eden regions: 20->0(249)
[2026-06-18T00:32:54.030+0000][11090.818s][info][gc,heap       ] GC(613) Survivor regions: 5->4(4)
[2026-06-18T00:32:54.030+0000][11090.818s][info][gc,heap       ] GC(613) Old regions: 49->46
[2026-06-18T00:32:54.030+0000][11090.818s][info][gc,heap       ] GC(613) Humongous regions: 147->147
[2026-06-18T00:32:54.030+0000][11090.818s][info][gc,metaspace  ] GC(613) Metaspace: 52568K(55296K)->52568K(55296K) NonClass: 46639K(48128K)->46639K(48128K) Class: 5929K(7168K)->5929K(7168K)
[2026-06-18T00:32:54.030+0000][11090.818s][info][gc            ] GC(613) Pause Young (Mixed) (G1 Evacuation Pause) 219M->195M(512M) 3.168ms
[2026-06-18T00:32:54.030+0000][11090.818s][info][gc,cpu        ] GC(613) User=0.02s Sys=0.00s Real=0.00s
[2026-06-18T00:33:42.840+0000][11139.628s][info][gc,start      ] GC(614) Pause Young (Normal) (G1 Evacuation Pause)
[2026-06-18T00:33:42.840+0000][11139.628s][info][gc,task       ] GC(614) Using 13 workers of 13 for evacuation
[2026-06-18T00:33:42.844+0000][11139.631s][info][gc,phases     ] GC(614)   Pre Evacuate Collection Set: 0.0ms
[2026-06-18T00:33:42.844+0000][11139.632s][info][gc,phases     ] GC(614)   Evacuate Collection Set: 3.0ms
[2026-06-18T00:33:42.844+0000][11139.632s][info][gc,phases     ] GC(614)   Post Evacuate Collection Set: 0.3ms
[2026-06-18T00:33:42.844+0000][11139.632s][info][gc,phases     ] GC(614)   Other: 0.3ms
[2026-06-18T00:33:42.844+0000][11139.632s][info][gc,heap       ] GC(614) Eden regions: 249->0(246)
[2026-06-18T00:33:42.844+0000][11139.632s][info][gc,heap       ] GC(614) Survivor regions: 4->7(32)
[2026-06-18T00:33:42.844+0000][11139.632s][info][gc,heap       ] GC(614) Old regions: 46->46
[2026-06-18T00:33:42.844+0000][11139.632s][info][gc,heap       ] GC(614) Humongous regions: 147->147
[2026-06-18T00:33:42.844+0000][11139.632s][info][gc,metaspace  ] GC(614) Metaspace: 52568K(55296K)->52568K(55296K) NonClass: 46639K(48128K)->46639K(48128K) Class: 5929K(7168K)->5929K(7168K)
[2026-06-18T00:33:42.844+0000][11139.632s][info][gc            ] GC(614) Pause Young (Normal) (G1 Evacuation Pause) 444M->198M(512M) 4.220ms
[2026-06-18T00:33:42.844+0000][11139.632s][info][gc,cpu        ] GC(614) User=0.03s Sys=0.00s Real=0.00s
[2026-06-18T00:33:44.290+0000][11141.078s][info][gc,start      ] GC(615) Pause Young (Normal) (G1 Evacuation Pause)
[2026-06-18T00:33:44.290+0000][11141.078s][info][gc,task       ] GC(615) Using 13 workers of 13 for evacuation
[2026-06-18T00:33:44.293+0000][11141.080s][info][gc,phases     ] GC(615)   Pre Evacuate Collection Set: 0.0ms
[2026-06-18T00:33:44.293+0000][11141.081s][info][gc,phases     ] GC(615)   Evacuate Collection Set: 2.0ms
[2026-06-18T00:33:44.293+0000][11141.081s][info][gc,phases     ] GC(615)   Post Evacuate Collection Set: 0.4ms
[2026-06-18T00:33:44.293+0000][11141.081s][info][gc,phases     ] GC(615)   Other: 0.4ms
[2026-06-18T00:33:44.293+0000][11141.081s][info][gc,heap       ] GC(615) Eden regions: 246->0(251)
[2026-06-18T00:33:44.293+0000][11141.081s][info][gc,heap       ] GC(615) Survivor regions: 7->4(32)
[2026-06-18T00:33:44.293+0000][11141.081s][info][gc,heap       ] GC(615) Old regions: 46->46
[2026-06-18T00:33:44.293+0000][11141.081s][info][gc,heap       ] GC(615) Humongous regions: 147->147
[2026-06-18T00:33:44.293+0000][11141.081s][info][gc,metaspace  ] GC(615) Metaspace: 52568K(55296K)->52568K(55296K) NonClass: 46639K(48128K)->46639K(48128K) Class: 5929K(7168K)->5929K(7168K)
[2026-06-18T00:33:44.293+0000][11141.081s][info][gc            ] GC(615) Pause Young (Normal) (G1 Evacuation Pause) 444M->195M(512M) 3.328ms
[2026-06-18T00:33:44.293+0000][11141.081s][info][gc,cpu        ] GC(615) User=0.02s Sys=0.00s Real=0.00s
[2026-06-18T00:33:45.563+0000][11142.351s][info][gc,start      ] GC(616) Pause Young (Concurrent Start) (G1 Evacuation Pause)
[2026-06-18T00:33:45.563+0000][11142.351s][info][gc,task       ] GC(616) Using 13 workers of 13 for evacuation
[2026-06-18T00:33:45.566+0000][11142.354s][info][gc,phases     ] GC(616)   Pre Evacuate Collection Set: 0.3ms
[2026-06-18T00:33:45.566+0000][11142.354s][info][gc,phases     ] GC(616)   Evacuate Collection Set: 2.1ms
[2026-06-18T00:33:45.566+0000][11142.354s][info][gc,phases     ] GC(616)   Post Evacuate Collection Set: 0.4ms
[2026-06-18T00:33:45.567+0000][11142.354s][info][gc,phases     ] GC(616)   Other: 0.4ms
[2026-06-18T00:33:45.567+0000][11142.354s][info][gc,heap       ] GC(616) Eden regions: 251->0(246)
[2026-06-18T00:33:45.567+0000][11142.354s][info][gc,heap       ] GC(616) Survivor regions: 4->8(32)
[2026-06-18T00:33:45.567+0000][11142.354s][info][gc,heap       ] GC(616) Old regions: 46->46
[2026-06-18T00:33:45.567+0000][11142.355s][info][gc,heap       ] GC(616) Humongous regions: 147->147
[2026-06-18T00:33:45.567+0000][11142.355s][info][gc,metaspace  ] GC(616) Metaspace: 52568K(55296K)->52568K(55296K) NonClass: 46639K(48128K)->46639K(48128K) Class: 5929K(7168K)->5929K(7168K)
[2026-06-18T00:33:45.567+0000][11142.355s][info][gc            ] GC(616) Pause Young (Concurrent Start) (G1 Evacuation Pause) 446M->199M(512M) 3.897ms
[2026-06-18T00:33:45.567+0000][11142.355s][info][gc,cpu        ] GC(616) User=0.03s Sys=0.00s Real=0.01s
[2026-06-18T00:33:45.567+0000][11142.355s][info][gc            ] GC(617) Concurrent Cycle
[2026-06-18T00:33:45.567+0000][11142.355s][info][gc,marking    ] GC(617) Concurrent Clear Claimed Marks
[2026-06-18T00:33:45.567+0000][11142.355s][info][gc,marking    ] GC(617) Concurrent Clear Claimed Marks 0.269ms
[2026-06-18T00:33:45.567+0000][11142.355s][info][gc,marking    ] GC(617) Concurrent Scan Root Regions
[2026-06-18T00:33:45.569+0000][11142.357s][info][gc,marking    ] GC(617) Concurrent Scan Root Regions 1.452ms
[2026-06-18T00:33:45.569+0000][11142.357s][info][gc,marking    ] GC(617) Concurrent Mark (11142.357s)
[2026-06-18T00:33:45.569+0000][11142.357s][info][gc,marking    ] GC(617) Concurrent Mark From Roots
[2026-06-18T00:33:45.569+0000][11142.357s][info][gc,task       ] GC(617) Using 3 workers of 3 for marking
[2026-06-18T00:33:45.574+0000][11142.362s][info][gc,marking    ] GC(617) Concurrent Mark From Roots 5.353ms
[2026-06-18T00:33:45.575+0000][11142.362s][info][gc,marking    ] GC(617) Concurrent Preclean
[2026-06-18T00:33:45.575+0000][11142.363s][info][gc,marking    ] GC(617) Concurrent Preclean 0.205ms
[2026-06-18T00:33:45.575+0000][11142.363s][info][gc,marking    ] GC(617) Concurrent Mark (11142.357s, 11142.363s) 5.830ms
[2026-06-18T00:33:45.575+0000][11142.363s][info][gc,start      ] GC(617) Pause Remark
[2026-06-18T00:33:45.578+0000][11142.365s][info][gc,stringtable] GC(617) Cleaned string and symbol table, strings: 17338 processed, 0 removed, symbols: 125074 processed, 0 removed
[2026-06-18T00:33:45.578+0000][11142.366s][info][gc            ] GC(617) Pause Remark 203M->203M(512M) 2.810ms
[2026-06-18T00:33:45.578+0000][11142.366s][info][gc,cpu        ] GC(617) User=0.02s Sys=0.00s Real=0.00s
[2026-06-18T00:33:45.578+0000][11142.366s][info][gc,marking    ] GC(617) Concurrent Rebuild Remembered Sets
[2026-06-18T00:33:45.582+0000][11142.370s][info][gc,marking    ] GC(617) Concurrent Rebuild Remembered Sets 3.795ms
[2026-06-18T00:33:45.582+0000][11142.370s][info][gc,start      ] GC(617) Pause Cleanup
[2026-06-18T00:33:45.582+0000][11142.370s][info][gc            ] GC(617) Pause Cleanup 204M->204M(512M) 0.242ms
[2026-06-18T00:33:45.582+0000][11142.370s][info][gc,cpu        ] GC(617) User=0.00s Sys=0.00s Real=0.00s
[2026-06-18T00:33:45.583+0000][11142.370s][info][gc,marking    ] GC(617) Concurrent Cleanup for Next Mark
[2026-06-18T00:33:45.583+0000][11142.371s][info][gc,marking    ] GC(617) Concurrent Cleanup for Next Mark 0.182ms
[2026-06-18T00:33:45.583+0000][11142.371s][info][gc            ] GC(617) Concurrent Cycle 15.785ms
[2026-06-18T00:34:34.160+0000][11190.948s][info][gc,start      ] GC(618) Pause Young (Prepare Mixed) (G1 Evacuation Pause)
[2026-06-18T00:34:34.160+0000][11190.948s][info][gc,task       ] GC(618) Using 13 workers of 13 for evacuation
[2026-06-18T00:34:34.166+0000][11190.954s][info][gc,phases     ] GC(618)   Pre Evacuate Collection Set: 0.0ms
[2026-06-18T00:34:34.166+0000][11190.954s][info][gc,phases     ] GC(618)   Evacuate Collection Set: 5.3ms
[2026-06-18T00:34:34.166+0000][11190.954s][info][gc,phases     ] GC(618)   Post Evacuate Collection Set: 0.3ms
[2026-06-18T00:34:34.166+0000][11190.954s][info][gc,phases     ] GC(618)   Other: 0.3ms
[2026-06-18T00:34:34.166+0000][11190.954s][info][gc,heap       ] GC(618) Eden regions: 246->0(20)
[2026-06-18T00:34:34.166+0000][11190.954s][info][gc,heap       ] GC(618) Survivor regions: 8->5(32)
[2026-06-18T00:34:34.166+0000][11190.954s][info][gc,heap       ] GC(618) Old regions: 46->46
[2026-06-18T00:34:34.166+0000][11190.954s][info][gc,heap       ] GC(618) Humongous regions: 147->147
[2026-06-18T00:34:34.167+0000][11190.954s][info][gc,metaspace  ] GC(618) Metaspace: 52570K(55296K)->52570K(55296K) NonClass: 46640K(48128K)->46640K(48128K) Class: 5929K(7168K)->5929K(7168K)
[2026-06-18T00:34:34.167+0000][11190.954s][info][gc            ] GC(618) Pause Young (Prepare Mixed) (G1 Evacuation Pause) 445M->197M(512M) 6.338ms
[2026-06-18T00:34:34.167+0000][11190.954s][info][gc,cpu        ] GC(618) User=0.07s Sys=0.00s Real=0.01s
[2026-06-18T00:34:34.284+0000][11191.072s][info][gc,start      ] GC(619) Pause Young (Mixed) (G1 Evacuation Pause)
[2026-06-18T00:34:34.284+0000][11191.072s][info][gc,task       ] GC(619) Using 13 workers of 13 for evacuation
[2026-06-18T00:34:34.287+0000][11191.074s][info][gc,phases     ] GC(619)   Pre Evacuate Collection Set: 0.0ms
[2026-06-18T00:34:34.287+0000][11191.074s][info][gc,phases     ] GC(619)   Evacuate Collection Set: 1.8ms
[2026-06-18T00:34:34.287+0000][11191.074s][info][gc,phases     ] GC(619)   Post Evacuate Collection Set: 0.3ms
[2026-06-18T00:34:34.287+0000][11191.074s][info][gc,phases     ] GC(619)   Other: 0.4ms
[2026-06-18T00:34:34.287+0000][11191.074s][info][gc,heap       ] GC(619) Eden regions: 20->0(252)
[2026-06-18T00:34:34.287+0000][11191.075s][info][gc,heap       ] GC(619) Survivor regions: 5->3(4)
[2026-06-18T00:34:34.287+0000][11191.075s][info][gc,heap       ] GC(619) Old regions: 46->46
[2026-06-18T00:34:34.287+0000][11191.075s][info][gc,heap       ] GC(619) Humongous regions: 147->147
[2026-06-18T00:34:34.287+0000][11191.075s][info][gc,metaspace  ] GC(619) Metaspace: 52570K(55296K)->52570K(55296K) NonClass: 46640K(48128K)->46640K(48128K) Class: 5929K(7168K)->5929K(7168K)
[2026-06-18T00:34:34.287+0000][11191.075s][info][gc            ] GC(619) Pause Young (Mixed) (G1 Evacuation Pause) 217M->195M(512M) 2.978ms
[2026-06-18T00:34:34.287+0000][11191.075s][info][gc,cpu        ] GC(619) User=0.02s Sys=0.00s Real=0.01s
[2026-06-18T00:34:35.775+0000][11192.562s][info][gc,start      ] GC(620) Pause Young (Normal) (G1 Evacuation Pause)
[2026-06-18T00:34:35.775+0000][11192.563s][info][gc,task       ] GC(620) Using 13 workers of 13 for evacuation
[2026-06-18T00:34:35.778+0000][11192.566s][info][gc,phases     ] GC(620)   Pre Evacuate Collection Set: 0.0ms
[2026-06-18T00:34:35.778+0000][11192.566s][info][gc,phases     ] GC(620)   Evacuate Collection Set: 2.5ms
[2026-06-18T00:34:35.778+0000][11192.566s][info][gc,phases     ] GC(620)   Post Evacuate Collection Set: 0.4ms
[2026-06-18T00:34:35.779+0000][11192.566s][info][gc,phases     ] GC(620)   Other: 0.3ms
[2026-06-18T00:34:35.779+0000][11192.566s][info][gc,heap       ] GC(620) Eden regions: 252->0(245)
[2026-06-18T00:34:35.779+0000][11192.566s][info][gc,heap       ] GC(620) Survivor regions: 3->8(32)
[2026-06-18T00:34:35.779+0000][11192.566s][info][gc,heap       ] GC(620) Old regions: 46->46
[2026-06-18T00:34:35.779+0000][11192.566s][info][gc,heap       ] GC(620) Humongous regions: 147->147
[2026-06-18T00:34:35.779+0000][11192.566s][info][gc,metaspace  ] GC(620) Metaspace: 52570K(55296K)->52570K(55296K) NonClass: 46640K(48128K)->46640K(48128K) Class: 5929K(7168K)->5929K(7168K)
[2026-06-18T00:34:35.779+0000][11192.566s][info][gc            ] GC(620) Pause Young (Normal) (G1 Evacuation Pause) 447M->200M(512M) 3.933ms
[2026-06-18T00:34:35.779+0000][11192.566s][info][gc,cpu        ] GC(620) User=0.02s Sys=0.00s Real=0.01s
[2026-06-18T00:34:37.016+0000][11193.803s][info][gc,start      ] GC(621) Pause Young (Normal) (G1 Evacuation Pause)
[2026-06-18T00:34:37.016+0000][11193.803s][info][gc,task       ] GC(621) Using 13 workers of 13 for evacuation
[2026-06-18T00:34:37.018+0000][11193.805s][info][gc,phases     ] GC(621)   Pre Evacuate Collection Set: 0.0ms
[2026-06-18T00:34:37.018+0000][11193.805s][info][gc,phases     ] GC(621)   Evacuate Collection Set: 1.4ms
[2026-06-18T00:34:37.018+0000][11193.805s][info][gc,phases     ] GC(621)   Post Evacuate Collection Set: 0.3ms
[2026-06-18T00:34:37.018+0000][11193.805s][info][gc,phases     ] GC(621)   Other: 0.3ms
[2026-06-18T00:34:37.018+0000][11193.805s][info][gc,heap       ] GC(621) Eden regions: 245->0(249)
[2026-06-18T00:34:37.018+0000][11193.806s][info][gc,heap       ] GC(621) Survivor regions: 8->5(32)
[2026-06-18T00:34:37.018+0000][11193.806s][info][gc,heap       ] GC(621) Old regions: 46->46
[2026-06-18T00:34:37.018+0000][11193.806s][info][gc,heap       ] GC(621) Humongous regions: 147->147
[2026-06-18T00:34:37.018+0000][11193.806s][info][gc,metaspace  ] GC(621) Metaspace: 52570K(55296K)->52570K(55296K) NonClass: 46640K(48128K)->46640K(48128K) Class: 5929K(7168K)->5929K(7168K)
[2026-06-18T00:34:37.018+0000][11193.806s][info][gc            ] GC(621) Pause Young (Normal) (G1 Evacuation Pause) 445M->197M(512M) 2.527ms
[2026-06-18T00:34:37.018+0000][11193.806s][info][gc,cpu        ] GC(621) User=0.02s Sys=0.00s Real=0.00s
[2026-06-18T00:34:38.222+0000][11195.009s][info][gc,start      ] GC(622) Pause Young (Concurrent Start) (G1 Evacuation Pause)
[2026-06-18T00:34:38.222+0000][11195.009s][info][gc,task       ] GC(622) Using 13 workers of 13 for evacuation
[2026-06-18T00:34:38.225+0000][11195.012s][info][gc,phases     ] GC(622)   Pre Evacuate Collection Set: 0.3ms
[2026-06-18T00:34:38.225+0000][11195.013s][info][gc,phases     ] GC(622)   Evacuate Collection Set: 2.4ms
[2026-06-18T00:34:38.225+0000][11195.013s][info][gc,phases     ] GC(622)   Post Evacuate Collection Set: 0.3ms
[2026-06-18T00:34:38.225+0000][11195.013s][info][gc,phases     ] GC(622)   Other: 0.4ms
[2026-06-18T00:34:38.225+0000][11195.013s][info][gc,heap       ] GC(622) Eden regions: 249->0(243)
[2026-06-18T00:34:38.225+0000][11195.013s][info][gc,heap       ] GC(622) Survivor regions: 5->9(32)
[2026-06-18T00:34:38.226+0000][11195.013s][info][gc,heap       ] GC(622) Old regions: 46->46
[2026-06-18T00:34:38.226+0000][11195.013s][info][gc,heap       ] GC(622) Humongous regions: 147->147
[2026-06-18T00:34:38.226+0000][11195.013s][info][gc,metaspace  ] GC(622) Metaspace: 52570K(55296K)->52570K(55296K) NonClass: 46640K(48128K)->46640K(48128K) Class: 5929K(7168K)->5929K(7168K)
[2026-06-18T00:34:38.226+0000][11195.013s][info][gc            ] GC(622) Pause Young (Concurrent Start) (G1 Evacuation Pause) 446M->201M(512M) 4.193ms
[2026-06-18T00:34:38.226+0000][11195.013s][info][gc,cpu        ] GC(622) User=0.02s Sys=0.00s Real=0.01s
[2026-06-18T00:34:38.226+0000][11195.013s][info][gc            ] GC(623) Concurrent Cycle
[2026-06-18T00:34:38.226+0000][11195.014s][info][gc,marking    ] GC(623) Concurrent Clear Claimed Marks
[2026-06-18T00:34:38.226+0000][11195.014s][info][gc,marking    ] GC(623) Concurrent Clear Claimed Marks 0.154ms
[2026-06-18T00:34:38.226+0000][11195.014s][info][gc,marking    ] GC(623) Concurrent Scan Root Regions
[2026-06-18T00:34:38.228+0000][11195.015s][info][gc,marking    ] GC(623) Concurrent Scan Root Regions 1.682ms
[2026-06-18T00:34:38.228+0000][11195.016s][info][gc,marking    ] GC(623) Concurrent Mark (11195.016s)
[2026-06-18T00:34:38.228+0000][11195.016s][info][gc,marking    ] GC(623) Concurrent Mark From Roots
[2026-06-18T00:34:38.228+0000][11195.016s][info][gc,task       ] GC(623) Using 3 workers of 3 for marking
[2026-06-18T00:34:38.234+0000][11195.022s][info][gc,marking    ] GC(623) Concurrent Mark From Roots 6.097ms
[2026-06-18T00:34:38.234+0000][11195.022s][info][gc,marking    ] GC(623) Concurrent Preclean
[2026-06-18T00:34:38.235+0000][11195.022s][info][gc,marking    ] GC(623) Concurrent Preclean 0.266ms
[2026-06-18T00:34:38.235+0000][11195.022s][info][gc,marking    ] GC(623) Concurrent Mark (11195.016s, 11195.022s) 6.768ms
[2026-06-18T00:34:38.235+0000][11195.022s][info][gc,start      ] GC(623) Pause Remark
[2026-06-18T00:34:38.239+0000][11195.026s][info][gc,stringtable] GC(623) Cleaned string and symbol table, strings: 17338 processed, 0 removed, symbols: 125074 processed, 0 removed
[2026-06-18T00:34:38.239+0000][11195.026s][info][gc            ] GC(623) Pause Remark 205M->205M(512M) 3.897ms
[2026-06-18T00:34:38.239+0000][11195.026s][info][gc,cpu        ] GC(623) User=0.02s Sys=0.00s Real=0.01s
[2026-06-18T00:34:38.239+0000][11195.027s][info][gc,marking    ] GC(623) Concurrent Rebuild Remembered Sets
[2026-06-18T00:34:38.244+0000][11195.031s][info][gc,marking    ] GC(623) Concurrent Rebuild Remembered Sets 4.640ms
[2026-06-18T00:34:38.244+0000][11195.032s][info][gc,start      ] GC(623) Pause Cleanup
[2026-06-18T00:34:38.245+0000][11195.032s][info][gc            ] GC(623) Pause Cleanup 206M->206M(512M) 0.391ms
[2026-06-18T00:34:38.245+0000][11195.032s][info][gc,cpu        ] GC(623) User=0.00s Sys=0.00s Real=0.00s
[2026-06-18T00:34:38.245+0000][11195.032s][info][gc,marking    ] GC(623) Concurrent Cleanup for Next Mark
[2026-06-18T00:34:38.245+0000][11195.033s][info][gc,marking    ] GC(623) Concurrent Cleanup for Next Mark 0.265ms
[2026-06-18T00:34:38.246+0000][11195.033s][info][gc            ] GC(623) Concurrent Cycle 19.999ms
[2026-06-18T00:35:26.956+0000][11243.743s][info][gc,start      ] GC(624) Pause Young (Prepare Mixed) (G1 Evacuation Pause)
[2026-06-18T00:35:26.956+0000][11243.743s][info][gc,task       ] GC(624) Using 13 workers of 13 for evacuation
[2026-06-18T00:35:26.958+0000][11243.745s][info][gc,phases     ] GC(624)   Pre Evacuate Collection Set: 0.0ms
[2026-06-18T00:35:26.958+0000][11243.745s][info][gc,phases     ] GC(624)   Evacuate Collection Set: 1.7ms
[2026-06-18T00:35:26.958+0000][11243.745s][info][gc,phases     ] GC(624)   Post Evacuate Collection Set: 0.3ms
[2026-06-18T00:35:26.958+0000][11243.745s][info][gc,phases     ] GC(624)   Other: 0.3ms
[2026-06-18T00:35:26.958+0000][11243.745s][info][gc,heap       ] GC(624) Eden regions: 243->0(19)
[2026-06-18T00:35:26.958+0000][11243.745s][info][gc,heap       ] GC(624) Survivor regions: 9->6(32)
[2026-06-18T00:35:26.958+0000][11243.745s][info][gc,heap       ] GC(624) Old regions: 46->46
[2026-06-18T00:35:26.958+0000][11243.745s][info][gc,heap       ] GC(624) Humongous regions: 147->147
[2026-06-18T00:35:26.958+0000][11243.745s][info][gc,metaspace  ] GC(624) Metaspace: 52570K(55296K)->52570K(55296K) NonClass: 46640K(48128K)->46640K(48128K) Class: 5929K(7168K)->5929K(7168K)
[2026-06-18T00:35:26.958+0000][11243.745s][info][gc            ] GC(624) Pause Young (Prepare Mixed) (G1 Evacuation Pause) 444M->198M(512M) 2.752ms
[2026-06-18T00:35:26.958+0000][11243.745s][info][gc,cpu        ] GC(624) User=0.02s Sys=0.00s Real=0.01s
[2026-06-18T00:35:27.075+0000][11243.862s][info][gc,start      ] GC(625) Pause Young (Mixed) (G1 Evacuation Pause)
[2026-06-18T00:35:27.075+0000][11243.862s][info][gc,task       ] GC(625) Using 13 workers of 13 for evacuation
[2026-06-18T00:35:27.079+0000][11243.866s][info][gc,phases     ] GC(625)   Pre Evacuate Collection Set: 0.0ms
[2026-06-18T00:35:27.079+0000][11243.866s][info][gc,phases     ] GC(625)   Evacuate Collection Set: 3.1ms
[2026-06-18T00:35:27.079+0000][11243.866s][info][gc,phases     ] GC(625)   Post Evacuate Collection Set: 0.3ms
[2026-06-18T00:35:27.079+0000][11243.866s][info][gc,phases     ] GC(625)   Other: 0.4ms
[2026-06-18T00:35:27.079+0000][11243.866s][info][gc,heap       ] GC(625) Eden regions: 19->0(248)
[2026-06-18T00:35:27.079+0000][11243.866s][info][gc,heap       ] GC(625) Survivor regions: 6->2(4)
[2026-06-18T00:35:27.079+0000][11243.866s][info][gc,heap       ] GC(625) Old regions: 46->49
[2026-06-18T00:35:27.080+0000][11243.867s][info][gc,heap       ] GC(625) Humongous regions: 147->147
[2026-06-18T00:35:27.080+0000][11243.867s][info][gc,metaspace  ] GC(625) Metaspace: 52570K(55296K)->52570K(55296K) NonClass: 46640K(48128K)->46640K(48128K) Class: 5929K(7168K)->5929K(7168K)
[2026-06-18T00:35:27.080+0000][11243.867s][info][gc            ] GC(625) Pause Young (Mixed) (G1 Evacuation Pause) 217M->197M(512M) 4.397ms
[2026-06-18T00:35:27.080+0000][11243.867s][info][gc,cpu        ] GC(625) User=0.02s Sys=0.00s Real=0.01s
[2026-06-18T00:35:28.516+0000][11245.303s][info][gc,start      ] GC(626) Pause Young (Normal) (G1 Evacuation Pause)
[2026-06-18T00:35:28.516+0000][11245.303s][info][gc,task       ] GC(626) Using 13 workers of 13 for evacuation
[2026-06-18T00:35:28.522+0000][11245.309s][info][gc,phases     ] GC(626)   Pre Evacuate Collection Set: 0.0ms
[2026-06-18T00:35:28.522+0000][11245.309s][info][gc,phases     ] GC(626)   Evacuate Collection Set: 4.7ms
[2026-06-18T00:35:28.522+0000][11245.309s][info][gc,phases     ] GC(626)   Post Evacuate Collection Set: 0.8ms
[2026-06-18T00:35:28.523+0000][11245.310s][info][gc,phases     ] GC(626)   Other: 0.4ms
[2026-06-18T00:35:28.523+0000][11245.310s][info][gc,heap       ] GC(626) Eden regions: 248->0(240)
[2026-06-18T00:35:28.523+0000][11245.310s][info][gc,heap       ] GC(626) Survivor regions: 2->8(32)
[2026-06-18T00:35:28.523+0000][11245.310s][info][gc,heap       ] GC(626) Old regions: 49->49
[2026-06-18T00:35:28.523+0000][11245.310s][info][gc,heap       ] GC(626) Humongous regions: 147->147
[2026-06-18T00:35:28.523+0000][11245.310s][info][gc,metaspace  ] GC(626) Metaspace: 52570K(55296K)->52570K(55296K) NonClass: 46640K(48128K)->46640K(48128K) Class: 5929K(7168K)->5929K(7168K)
[2026-06-18T00:35:28.523+0000][11245.310s][info][gc            ] GC(626) Pause Young (Normal) (G1 Evacuation Pause) 445M->203M(512M) 7.213ms
[2026-06-18T00:35:28.523+0000][11245.310s][info][gc,cpu        ] GC(626) User=0.04s Sys=0.00s Real=0.00s
[2026-06-18T00:35:29.742+0000][11246.529s][info][gc,start      ] GC(627) Pause Young (Normal) (G1 Evacuation Pause)
[2026-06-18T00:35:29.742+0000][11246.529s][info][gc,task       ] GC(627) Using 13 workers of 13 for evacuation
[2026-06-18T00:35:29.744+0000][11246.531s][info][gc,phases     ] GC(627)   Pre Evacuate Collection Set: 0.0ms
[2026-06-18T00:35:29.744+0000][11246.531s][info][gc,phases     ] GC(627)   Evacuate Collection Set: 1.3ms
[2026-06-18T00:35:29.744+0000][11246.531s][info][gc,phases     ] GC(627)   Post Evacuate Collection Set: 0.3ms
[2026-06-18T00:35:29.744+0000][11246.531s][info][gc,phases     ] GC(627)   Other: 0.3ms
[2026-06-18T00:35:29.744+0000][11246.531s][info][gc,heap       ] GC(627) Eden regions: 240->0(241)
[2026-06-18T00:35:29.744+0000][11246.531s][info][gc,heap       ] GC(627) Survivor regions: 8->6(31)
[2026-06-18T00:35:29.744+0000][11246.531s][info][gc,heap       ] GC(627) Old regions: 49->49
[2026-06-18T00:35:29.744+0000][11246.531s][info][gc,heap       ] GC(627) Humongous regions: 147->147
[2026-06-18T00:35:29.744+0000][11246.531s][info][gc,metaspace  ] GC(627) Metaspace: 52570K(55296K)->52570K(55296K) NonClass: 46640K(48128K)->46640K(48128K) Class: 5929K(7168K)->5929K(7168K)
[2026-06-18T00:35:29.744+0000][11246.531s][info][gc            ] GC(627) Pause Young (Normal) (G1 Evacuation Pause) 443M->201M(512M) 2.204ms
[2026-06-18T00:35:29.744+0000][11246.531s][info][gc,cpu        ] GC(627) User=0.01s Sys=0.00s Real=0.00s
[2026-06-18T00:36:18.222+0000][11295.010s][info][gc,start      ] GC(628) Pause Young (Concurrent Start) (G1 Evacuation Pause)
[2026-06-18T00:36:18.222+0000][11295.010s][info][gc,task       ] GC(628) Using 13 workers of 13 for evacuation
[2026-06-18T00:36:18.225+0000][11295.013s][info][gc,phases     ] GC(628)   Pre Evacuate Collection Set: 0.3ms
[2026-06-18T00:36:18.225+0000][11295.013s][info][gc,phases     ] GC(628)   Evacuate Collection Set: 2.1ms
[2026-06-18T00:36:18.225+0000][11295.013s][info][gc,phases     ] GC(628)   Post Evacuate Collection Set: 0.3ms
[2026-06-18T00:36:18.226+0000][11295.013s][info][gc,phases     ] GC(628)   Other: 0.4ms
[2026-06-18T00:36:18.226+0000][11295.013s][info][gc,heap       ] GC(628) Eden regions: 241->0(238)
[2026-06-18T00:36:18.226+0000][11295.013s][info][gc,heap       ] GC(628) Survivor regions: 6->9(31)
[2026-06-18T00:36:18.226+0000][11295.013s][info][gc,heap       ] GC(628) Old regions: 49->49
[2026-06-18T00:36:18.226+0000][11295.013s][info][gc,heap       ] GC(628) Humongous regions: 147->147
[2026-06-18T00:36:18.226+0000][11295.013s][info][gc,metaspace  ] GC(628) Metaspace: 52570K(55296K)->52570K(55296K) NonClass: 46641K(48128K)->46641K(48128K) Class: 5929K(7168K)->5929K(7168K)
[2026-06-18T00:36:18.226+0000][11295.013s][info][gc            ] GC(628) Pause Young (Concurrent Start) (G1 Evacuation Pause) 442M->204M(512M) 3.644ms
[2026-06-18T00:36:18.226+0000][11295.013s][info][gc,cpu        ] GC(628) User=0.02s Sys=0.00s Real=0.01s
[2026-06-18T00:36:18.226+0000][11295.013s][info][gc            ] GC(629) Concurrent Cycle
[2026-06-18T00:36:18.226+0000][11295.013s][info][gc,marking    ] GC(629) Concurrent Clear Claimed Marks
[2026-06-18T00:36:18.226+0000][11295.014s][info][gc,marking    ] GC(629) Concurrent Clear Claimed Marks 0.186ms
[2026-06-18T00:36:18.226+0000][11295.014s][info][gc,marking    ] GC(629) Concurrent Scan Root Regions
[2026-06-18T00:36:18.228+0000][11295.015s][info][gc,marking    ] GC(629) Concurrent Scan Root Regions 1.378ms
[2026-06-18T00:36:18.228+0000][11295.015s][info][gc,marking    ] GC(629) Concurrent Mark (11295.015s)
[2026-06-18T00:36:18.228+0000][11295.015s][info][gc,marking    ] GC(629) Concurrent Mark From Roots
[2026-06-18T00:36:18.228+0000][11295.015s][info][gc,task       ] GC(629) Using 3 workers of 3 for marking
[2026-06-18T00:36:18.234+0000][11295.021s][info][gc,marking    ] GC(629) Concurrent Mark From Roots 5.730ms
[2026-06-18T00:36:18.234+0000][11295.021s][info][gc,marking    ] GC(629) Concurrent Preclean
[2026-06-18T00:36:18.234+0000][11295.021s][info][gc,marking    ] GC(629) Concurrent Preclean 0.185ms
[2026-06-18T00:36:18.234+0000][11295.021s][info][gc,marking    ] GC(629) Concurrent Mark (11295.015s, 11295.021s) 6.160ms
[2026-06-18T00:36:18.234+0000][11295.021s][info][gc,start      ] GC(629) Pause Remark
[2026-06-18T00:36:18.236+0000][11295.024s][info][gc,stringtable] GC(629) Cleaned string and symbol table, strings: 17338 processed, 0 removed, symbols: 125074 processed, 0 removed
[2026-06-18T00:36:18.237+0000][11295.024s][info][gc            ] GC(629) Pause Remark 208M->208M(512M) 2.499ms
[2026-06-18T00:36:18.237+0000][11295.024s][info][gc,cpu        ] GC(629) User=0.02s Sys=0.00s Real=0.01s
[2026-06-18T00:36:18.237+0000][11295.024s][info][gc,marking    ] GC(629) Concurrent Rebuild Remembered Sets
[2026-06-18T00:36:18.241+0000][11295.029s][info][gc,marking    ] GC(629) Concurrent Rebuild Remembered Sets 4.646ms
[2026-06-18T00:36:18.242+0000][11295.029s][info][gc,start      ] GC(629) Pause Cleanup
[2026-06-18T00:36:18.242+0000][11295.029s][info][gc            ] GC(629) Pause Cleanup 208M->208M(512M) 0.174ms
[2026-06-18T00:36:18.242+0000][11295.029s][info][gc,cpu        ] GC(629) User=0.00s Sys=0.00s Real=0.00s
[2026-06-18T00:36:18.242+0000][11295.029s][info][gc,marking    ] GC(629) Concurrent Cleanup for Next Mark
[2026-06-18T00:36:18.242+0000][11295.030s][info][gc,marking    ] GC(629) Concurrent Cleanup for Next Mark 0.145ms
[2026-06-18T00:36:18.242+0000][11295.030s][info][gc            ] GC(629) Concurrent Cycle 16.351ms
[2026-06-18T00:36:19.671+0000][11296.458s][info][gc,start      ] GC(630) Pause Young (Prepare Mixed) (G1 Evacuation Pause)
[2026-06-18T00:36:19.671+0000][11296.458s][info][gc,task       ] GC(630) Using 13 workers of 13 for evacuation
[2026-06-18T00:36:19.679+0000][11296.467s][info][gc,phases     ] GC(630)   Pre Evacuate Collection Set: 0.0ms
[2026-06-18T00:36:19.679+0000][11296.467s][info][gc,phases     ] GC(630)   Evacuate Collection Set: 7.7ms
[2026-06-18T00:36:19.679+0000][11296.467s][info][gc,phases     ] GC(630)   Post Evacuate Collection Set: 0.4ms
[2026-06-18T00:36:19.679+0000][11296.467s][info][gc,phases     ] GC(630)   Other: 0.3ms
[2026-06-18T00:36:19.679+0000][11296.467s][info][gc,heap       ] GC(630) Eden regions: 238->0(19)
[2026-06-18T00:36:19.680+0000][11296.467s][info][gc,heap       ] GC(630) Survivor regions: 9->6(31)
[2026-06-18T00:36:19.680+0000][11296.467s][info][gc,heap       ] GC(630) Old regions: 49->49
[2026-06-18T00:36:19.680+0000][11296.467s][info][gc,heap       ] GC(630) Humongous regions: 147->147
[2026-06-18T00:36:19.680+0000][11296.467s][info][gc,metaspace  ] GC(630) Metaspace: 52570K(55296K)->52570K(55296K) NonClass: 46641K(48128K)->46641K(48128K) Class: 5929K(7168K)->5929K(7168K)
[2026-06-18T00:36:19.680+0000][11296.467s][info][gc            ] GC(630) Pause Young (Prepare Mixed) (G1 Evacuation Pause) 442M->201M(512M) 8.922ms
[2026-06-18T00:36:19.680+0000][11296.467s][info][gc,cpu        ] GC(630) User=0.07s Sys=0.00s Real=0.01s
[2026-06-18T00:36:19.776+0000][11296.563s][info][gc,start      ] GC(631) Pause Young (Mixed) (G1 Evacuation Pause)
[2026-06-18T00:36:19.776+0000][11296.563s][info][gc,task       ] GC(631) Using 13 workers of 13 for evacuation
[2026-06-18T00:36:19.779+0000][11296.566s][info][gc,phases     ] GC(631)   Pre Evacuate Collection Set: 0.0ms
[2026-06-18T00:36:19.779+0000][11296.566s][info][gc,phases     ] GC(631)   Evacuate Collection Set: 2.2ms
[2026-06-18T00:36:19.779+0000][11296.566s][info][gc,phases     ] GC(631)   Post Evacuate Collection Set: 0.3ms
[2026-06-18T00:36:19.779+0000][11296.566s][info][gc,phases     ] GC(631)   Other: 0.4ms
[2026-06-18T00:36:19.779+0000][11296.566s][info][gc,heap       ] GC(631) Eden regions: 19->0(244)
[2026-06-18T00:36:19.779+0000][11296.566s][info][gc,heap       ] GC(631) Survivor regions: 6->2(4)
[2026-06-18T00:36:19.779+0000][11296.566s][info][gc,heap       ] GC(631) Old regions: 49->50
[2026-06-18T00:36:19.779+0000][11296.566s][info][gc,heap       ] GC(631) Humongous regions: 147->147
[2026-06-18T00:36:19.779+0000][11296.567s][info][gc,metaspace  ] GC(631) Metaspace: 52570K(55296K)->52570K(55296K) NonClass: 46641K(48128K)->46641K(48128K) Class: 5929K(7168K)->5929K(7168K)
[2026-06-18T00:36:19.779+0000][11296.567s][info][gc            ] GC(631) Pause Young (Mixed) (G1 Evacuation Pause) 220M->198M(512M) 3.419ms
[2026-06-18T00:36:19.779+0000][11296.567s][info][gc,cpu        ] GC(631) User=0.02s Sys=0.00s Real=0.00s
[2026-06-18T00:36:21.008+0000][11297.795s][info][gc,start      ] GC(632) Pause Young (Normal) (G1 Evacuation Pause)
[2026-06-18T00:36:21.008+0000][11297.795s][info][gc,task       ] GC(632) Using 13 workers of 13 for evacuation
[2026-06-18T00:36:21.010+0000][11297.797s][info][gc,phases     ] GC(632)   Pre Evacuate Collection Set: 0.0ms
[2026-06-18T00:36:21.010+0000][11297.797s][info][gc,phases     ] GC(632)   Evacuate Collection Set: 1.2ms
[2026-06-18T00:36:21.010+0000][11297.797s][info][gc,phases     ] GC(632)   Post Evacuate Collection Set: 0.4ms
[2026-06-18T00:36:21.010+0000][11297.798s][info][gc,phases     ] GC(632)   Other: 0.3ms
[2026-06-18T00:36:21.010+0000][11297.798s][info][gc,heap       ] GC(632) Eden regions: 244->0(246)
[2026-06-18T00:36:21.010+0000][11297.798s][info][gc,heap       ] GC(632) Survivor regions: 2->2(31)
[2026-06-18T00:36:21.010+0000][11297.798s][info][gc,heap       ] GC(632) Old regions: 50->50
[2026-06-18T00:36:21.010+0000][11297.798s][info][gc,heap       ] GC(632) Humongous regions: 147->147
[2026-06-18T00:36:21.011+0000][11297.798s][info][gc,metaspace  ] GC(632) Metaspace: 52570K(55296K)->52570K(55296K) NonClass: 46641K(48128K)->46641K(48128K) Class: 5929K(7168K)->5929K(7168K)
[2026-06-18T00:36:21.011+0000][11297.798s][info][gc            ] GC(632) Pause Young (Normal) (G1 Evacuation Pause) 442M->198M(512M) 2.653ms
[2026-06-18T00:36:21.011+0000][11297.798s][info][gc,cpu        ] GC(632) User=0.02s Sys=0.00s Real=0.00s
[2026-06-18T00:36:22.233+0000][11299.020s][info][gc,start      ] GC(633) Pause Young (Normal) (G1 Evacuation Pause)
[2026-06-18T00:36:22.233+0000][11299.020s][info][gc,task       ] GC(633) Using 13 workers of 13 for evacuation
[2026-06-18T00:36:22.235+0000][11299.023s][info][gc,phases     ] GC(633)   Pre Evacuate Collection Set: 0.0ms
[2026-06-18T00:36:22.235+0000][11299.023s][info][gc,phases     ] GC(633)   Evacuate Collection Set: 1.7ms
[2026-06-18T00:36:22.236+0000][11299.023s][info][gc,phases     ] GC(633)   Post Evacuate Collection Set: 0.3ms
[2026-06-18T00:36:22.236+0000][11299.023s][info][gc,phases     ] GC(633)   Other: 0.4ms
[2026-06-18T00:36:22.236+0000][11299.023s][info][gc,heap       ] GC(633) Eden regions: 246->0(243)
[2026-06-18T00:36:22.236+0000][11299.023s][info][gc,heap       ] GC(633) Survivor regions: 2->6(31)
[2026-06-18T00:36:22.236+0000][11299.023s][info][gc,heap       ] GC(633) Old regions: 50->50
[2026-06-18T00:36:22.236+0000][11299.023s][info][gc,heap       ] GC(633) Humongous regions: 147->147
[2026-06-18T00:36:22.236+0000][11299.023s][info][gc,metaspace  ] GC(633) Metaspace: 52570K(55296K)->52570K(55296K) NonClass: 46641K(48128K)->46641K(48128K) Class: 5929K(7168K)->5929K(7168K)
[2026-06-18T00:36:22.236+0000][11299.023s][info][gc            ] GC(633) Pause Young (Normal) (G1 Evacuation Pause) 444M->202M(512M) 2.978ms
[2026-06-18T00:36:22.236+0000][11299.023s][info][gc,cpu        ] GC(633) User=0.02s Sys=0.00s Real=0.01s
[2026-06-18T00:37:10.895+0000][11347.682s][info][gc,start      ] GC(634) Pause Young (Concurrent Start) (G1 Evacuation Pause)
[2026-06-18T00:37:10.895+0000][11347.682s][info][gc,task       ] GC(634) Using 13 workers of 13 for evacuation
[2026-06-18T00:37:10.900+0000][11347.687s][info][gc,phases     ] GC(634)   Pre Evacuate Collection Set: 0.3ms
[2026-06-18T00:37:10.900+0000][11347.687s][info][gc,phases     ] GC(634)   Evacuate Collection Set: 4.1ms
[2026-06-18T00:37:10.900+0000][11347.687s][info][gc,phases     ] GC(634)   Post Evacuate Collection Set: 0.3ms
[2026-06-18T00:37:10.901+0000][11347.687s][info][gc,phases     ] GC(634)   Other: 0.4ms
[2026-06-18T00:37:10.901+0000][11347.687s][info][gc,heap       ] GC(634) Eden regions: 243->0(246)
[2026-06-18T00:37:10.901+0000][11347.687s][info][gc,heap       ] GC(634) Survivor regions: 6->4(32)
[2026-06-18T00:37:10.901+0000][11347.687s][info][gc,heap       ] GC(634) Old regions: 50->50
[2026-06-18T00:37:10.901+0000][11347.687s][info][gc,heap       ] GC(634) Humongous regions: 147->147
[2026-06-18T00:37:10.901+0000][11347.687s][info][gc,metaspace  ] GC(634) Metaspace: 52570K(55296K)->52570K(55296K) NonClass: 46641K(48128K)->46641K(48128K) Class: 5929K(7168K)->5929K(7168K)
[2026-06-18T00:37:10.901+0000][11347.687s][info][gc            ] GC(634) Pause Young (Concurrent Start) (G1 Evacuation Pause) 445M->199M(512M) 5.618ms
[2026-06-18T00:37:10.901+0000][11347.687s][info][gc,cpu        ] GC(634) User=0.05s Sys=0.00s Real=0.01s
[2026-06-18T00:37:10.901+0000][11347.687s][info][gc            ] GC(635) Concurrent Cycle
[2026-06-18T00:37:10.901+0000][11347.687s][info][gc,marking    ] GC(635) Concurrent Clear Claimed Marks
[2026-06-18T00:37:10.901+0000][11347.688s][info][gc,marking    ] GC(635) Concurrent Clear Claimed Marks 0.254ms
[2026-06-18T00:37:10.901+0000][11347.688s][info][gc,marking    ] GC(635) Concurrent Scan Root Regions
[2026-06-18T00:37:10.902+0000][11347.689s][info][gc,marking    ] GC(635) Concurrent Scan Root Regions 0.989ms
[2026-06-18T00:37:10.902+0000][11347.689s][info][gc,marking    ] GC(635) Concurrent Mark (11347.689s)
[2026-06-18T00:37:10.902+0000][11347.689s][info][gc,marking    ] GC(635) Concurrent Mark From Roots
[2026-06-18T00:37:10.903+0000][11347.689s][info][gc,task       ] GC(635) Using 3 workers of 3 for marking
[2026-06-18T00:37:10.908+0000][11347.695s][info][gc,marking    ] GC(635) Concurrent Mark From Roots 5.995ms
[2026-06-18T00:37:10.909+0000][11347.695s][info][gc,marking    ] GC(635) Concurrent Preclean
[2026-06-18T00:37:10.909+0000][11347.695s][info][gc,marking    ] GC(635) Concurrent Preclean 0.185ms
[2026-06-18T00:37:10.909+0000][11347.695s][info][gc,marking    ] GC(635) Concurrent Mark (11347.689s, 11347.695s) 6.455ms
[2026-06-18T00:37:10.909+0000][11347.695s][info][gc,start      ] GC(635) Pause Remark
[2026-06-18T00:37:10.911+0000][11347.698s][info][gc,stringtable] GC(635) Cleaned string and symbol table, strings: 17338 processed, 0 removed, symbols: 125074 processed, 0 removed
[2026-06-18T00:37:10.912+0000][11347.698s][info][gc            ] GC(635) Pause Remark 204M->204M(512M) 2.649ms
[2026-06-18T00:37:10.912+0000][11347.698s][info][gc,cpu        ] GC(635) User=0.03s Sys=0.00s Real=0.00s
[2026-06-18T00:37:10.912+0000][11347.698s][info][gc,marking    ] GC(635) Concurrent Rebuild Remembered Sets
[2026-06-18T00:37:10.916+0000][11347.702s][info][gc,marking    ] GC(635) Concurrent Rebuild Remembered Sets 3.939ms
[2026-06-18T00:37:10.916+0000][11347.702s][info][gc,start      ] GC(635) Pause Cleanup
[2026-06-18T00:37:10.916+0000][11347.703s][info][gc            ] GC(635) Pause Cleanup 205M->205M(512M) 0.196ms
[2026-06-18T00:37:10.916+0000][11347.703s][info][gc,cpu        ] GC(635) User=0.00s Sys=0.00s Real=0.00s
[2026-06-18T00:37:10.916+0000][11347.703s][info][gc,marking    ] GC(635) Concurrent Cleanup for Next Mark
[2026-06-18T00:37:10.917+0000][11347.703s][info][gc,marking    ] GC(635) Concurrent Cleanup for Next Mark 0.193ms
[2026-06-18T00:37:10.917+0000][11347.703s][info][gc            ] GC(635) Concurrent Cycle 15.723ms
[2026-06-18T00:37:12.373+0000][11349.159s][info][gc,start      ] GC(636) Pause Young (Prepare Mixed) (G1 Evacuation Pause)
[2026-06-18T00:37:12.373+0000][11349.159s][info][gc,task       ] GC(636) Using 13 workers of 13 for evacuation
[2026-06-18T00:37:12.377+0000][11349.163s][info][gc,phases     ] GC(636)   Pre Evacuate Collection Set: 0.0ms
[2026-06-18T00:37:12.377+0000][11349.163s][info][gc,phases     ] GC(636)   Evacuate Collection Set: 3.3ms
[2026-06-18T00:37:12.377+0000][11349.164s][info][gc,phases     ] GC(636)   Post Evacuate Collection Set: 0.3ms
[2026-06-18T00:37:12.377+0000][11349.164s][info][gc,phases     ] GC(636)   Other: 0.4ms
[2026-06-18T00:37:12.377+0000][11349.164s][info][gc,heap       ] GC(636) Eden regions: 246->0(18)
[2026-06-18T00:37:12.377+0000][11349.164s][info][gc,heap       ] GC(636) Survivor regions: 4->7(32)
[2026-06-18T00:37:12.377+0000][11349.164s][info][gc,heap       ] GC(636) Old regions: 50->50
[2026-06-18T00:37:12.377+0000][11349.164s][info][gc,heap       ] GC(636) Humongous regions: 147->147
[2026-06-18T00:37:12.377+0000][11349.164s][info][gc,metaspace  ] GC(636) Metaspace: 52570K(55296K)->52570K(55296K) NonClass: 46641K(48128K)->46641K(48128K) Class: 5929K(7168K)->5929K(7168K)
[2026-06-18T00:37:12.378+0000][11349.164s][info][gc            ] GC(636) Pause Young (Prepare Mixed) (G1 Evacuation Pause) 445M->202M(512M) 4.571ms
[2026-06-18T00:37:12.378+0000][11349.164s][info][gc,cpu        ] GC(636) User=0.04s Sys=0.00s Real=0.01s
[2026-06-18T00:37:12.468+0000][11349.254s][info][gc,start      ] GC(637) Pause Young (Mixed) (G1 Evacuation Pause)
[2026-06-18T00:37:12.468+0000][11349.254s][info][gc,task       ] GC(637) Using 13 workers of 13 for evacuation
[2026-06-18T00:37:12.471+0000][11349.257s][info][gc,phases     ] GC(637)   Pre Evacuate Collection Set: 0.0ms
[2026-06-18T00:37:12.471+0000][11349.257s][info][gc,phases     ] GC(637)   Evacuate Collection Set: 2.8ms
[2026-06-18T00:37:12.471+0000][11349.258s][info][gc,phases     ] GC(637)   Post Evacuate Collection Set: 0.3ms
[2026-06-18T00:37:12.471+0000][11349.258s][info][gc,phases     ] GC(637)   Other: 0.4ms
[2026-06-18T00:37:12.471+0000][11349.258s][info][gc,heap       ] GC(637) Eden regions: 18->0(247)
[2026-06-18T00:37:12.471+0000][11349.258s][info][gc,heap       ] GC(637) Survivor regions: 7->2(4)
[2026-06-18T00:37:12.471+0000][11349.258s][info][gc,heap       ] GC(637) Old regions: 50->50
[2026-06-18T00:37:12.471+0000][11349.258s][info][gc,heap       ] GC(637) Humongous regions: 147->147
[2026-06-18T00:37:12.472+0000][11349.258s][info][gc,metaspace  ] GC(637) Metaspace: 52570K(55296K)->52570K(55296K) NonClass: 46641K(48128K)->46641K(48128K) Class: 5929K(7168K)->5929K(7168K)
[2026-06-18T00:37:12.472+0000][11349.258s][info][gc            ] GC(637) Pause Young (Mixed) (G1 Evacuation Pause) 220M->198M(512M) 4.065ms
[2026-06-18T00:37:12.472+0000][11349.258s][info][gc,cpu        ] GC(637) User=0.02s Sys=0.00s Real=0.00s
[2026-06-18T00:37:13.715+0000][11350.501s][info][gc,start      ] GC(638) Pause Young (Normal) (G1 Evacuation Pause)
[2026-06-18T00:37:13.715+0000][11350.502s][info][gc,task       ] GC(638) Using 13 workers of 13 for evacuation
[2026-06-18T00:37:13.717+0000][11350.504s][info][gc,phases     ] GC(638)   Pre Evacuate Collection Set: 0.0ms
[2026-06-18T00:37:13.717+0000][11350.504s][info][gc,phases     ] GC(638)   Evacuate Collection Set: 1.5ms
[2026-06-18T00:37:13.717+0000][11350.504s][info][gc,phases     ] GC(638)   Post Evacuate Collection Set: 0.3ms
[2026-06-18T00:37:13.717+0000][11350.504s][info][gc,phases     ] GC(638)   Other: 0.3ms
[2026-06-18T00:37:13.718+0000][11350.504s][info][gc,heap       ] GC(638) Eden regions: 247->0(248)
[2026-06-18T00:37:13.718+0000][11350.504s][info][gc,heap       ] GC(638) Survivor regions: 2->3(32)
[2026-06-18T00:37:13.718+0000][11350.504s][info][gc,heap       ] GC(638) Old regions: 50->50
[2026-06-18T00:37:13.718+0000][11350.504s][info][gc,heap       ] GC(638) Humongous regions: 147->147
[2026-06-18T00:37:13.718+0000][11350.504s][info][gc,metaspace  ] GC(638) Metaspace: 52570K(55296K)->52570K(55296K) NonClass: 46641K(48128K)->46641K(48128K) Class: 5929K(7168K)->5929K(7168K)
[2026-06-18T00:37:13.718+0000][11350.504s][info][gc            ] GC(638) Pause Young (Normal) (G1 Evacuation Pause) 445M->198M(512M) 2.754ms
[2026-06-18T00:37:13.718+0000][11350.504s][info][gc,cpu        ] GC(638) User=0.02s Sys=0.00s Real=0.01s
[2026-06-18T00:38:02.310+0000][11399.096s][info][gc,start      ] GC(639) Pause Young (Normal) (G1 Evacuation Pause)
[2026-06-18T00:38:02.310+0000][11399.096s][info][gc,task       ] GC(639) Using 13 workers of 13 for evacuation
[2026-06-18T00:38:02.312+0000][11399.098s][info][gc,phases     ] GC(639)   Pre Evacuate Collection Set: 0.0ms
[2026-06-18T00:38:02.312+0000][11399.098s][info][gc,phases     ] GC(639)   Evacuate Collection Set: 1.4ms
[2026-06-18T00:38:02.312+0000][11399.098s][info][gc,phases     ] GC(639)   Post Evacuate Collection Set: 0.4ms
[2026-06-18T00:38:02.312+0000][11399.098s][info][gc,phases     ] GC(639)   Other: 0.3ms
[2026-06-18T00:38:02.312+0000][11399.098s][info][gc,heap       ] GC(639) Eden regions: 248->0(244)
[2026-06-18T00:38:02.312+0000][11399.098s][info][gc,heap       ] GC(639) Survivor regions: 3->6(32)
[2026-06-18T00:38:02.313+0000][11399.098s][info][gc,heap       ] GC(639) Old regions: 50->50
[2026-06-18T00:38:02.313+0000][11399.099s][info][gc,heap       ] GC(639) Humongous regions: 147->147
[2026-06-18T00:38:02.313+0000][11399.099s][info][gc,metaspace  ] GC(639) Metaspace: 52571K(55296K)->52571K(55296K) NonClass: 46642K(48128K)->46642K(48128K) Class: 5929K(7168K)->5929K(7168K)
[2026-06-18T00:38:02.313+0000][11399.099s][info][gc            ] GC(639) Pause Young (Normal) (G1 Evacuation Pause) 446M->202M(512M) 2.822ms
[2026-06-18T00:38:02.313+0000][11399.099s][info][gc,cpu        ] GC(639) User=0.01s Sys=0.00s Real=0.00s
[2026-06-18T00:38:03.835+0000][11400.621s][info][gc,start      ] GC(640) Pause Young (Concurrent Start) (G1 Evacuation Pause)
[2026-06-18T00:38:03.835+0000][11400.621s][info][gc,task       ] GC(640) Using 13 workers of 13 for evacuation
[2026-06-18T00:38:03.838+0000][11400.624s][info][gc,phases     ] GC(640)   Pre Evacuate Collection Set: 0.3ms
[2026-06-18T00:38:03.838+0000][11400.624s][info][gc,phases     ] GC(640)   Evacuate Collection Set: 1.7ms
[2026-06-18T00:38:03.838+0000][11400.624s][info][gc,phases     ] GC(640)   Post Evacuate Collection Set: 0.3ms
[2026-06-18T00:38:03.838+0000][11400.624s][info][gc,phases     ] GC(640)   Other: 0.3ms
[2026-06-18T00:38:03.838+0000][11400.624s][info][gc,heap       ] GC(640) Eden regions: 244->0(247)
[2026-06-18T00:38:03.838+0000][11400.624s][info][gc,heap       ] GC(640) Survivor regions: 6->3(32)
[2026-06-18T00:38:03.838+0000][11400.624s][info][gc,heap       ] GC(640) Old regions: 50->50
[2026-06-18T00:38:03.838+0000][11400.624s][info][gc,heap       ] GC(640) Humongous regions: 147->147
[2026-06-18T00:38:03.838+0000][11400.624s][info][gc,metaspace  ] GC(640) Metaspace: 52571K(55296K)->52571K(55296K) NonClass: 46642K(48128K)->46642K(48128K) Class: 5929K(7168K)->5929K(7168K)
[2026-06-18T00:38:03.838+0000][11400.624s][info][gc            ] GC(640) Pause Young (Concurrent Start) (G1 Evacuation Pause) 446M->199M(512M) 3.251ms
[2026-06-18T00:38:03.838+0000][11400.624s][info][gc,cpu        ] GC(640) User=0.02s Sys=0.00s Real=0.01s
[2026-06-18T00:38:03.839+0000][11400.624s][info][gc            ] GC(641) Concurrent Cycle
[2026-06-18T00:38:03.839+0000][11400.625s][info][gc,marking    ] GC(641) Concurrent Clear Claimed Marks
[2026-06-18T00:38:03.839+0000][11400.625s][info][gc,marking    ] GC(641) Concurrent Clear Claimed Marks 0.203ms
[2026-06-18T00:38:03.839+0000][11400.625s][info][gc,marking    ] GC(641) Concurrent Scan Root Regions
[2026-06-18T00:38:03.840+0000][11400.626s][info][gc,marking    ] GC(641) Concurrent Scan Root Regions 0.939ms
[2026-06-18T00:38:03.840+0000][11400.626s][info][gc,marking    ] GC(641) Concurrent Mark (11400.626s)
[2026-06-18T00:38:03.840+0000][11400.626s][info][gc,marking    ] GC(641) Concurrent Mark From Roots
[2026-06-18T00:38:03.840+0000][11400.626s][info][gc,task       ] GC(641) Using 3 workers of 3 for marking
[2026-06-18T00:38:03.846+0000][11400.632s][info][gc,marking    ] GC(641) Concurrent Mark From Roots 5.742ms
[2026-06-18T00:38:03.846+0000][11400.632s][info][gc,marking    ] GC(641) Concurrent Preclean
[2026-06-18T00:38:03.846+0000][11400.632s][info][gc,marking    ] GC(641) Concurrent Preclean 0.226ms
[2026-06-18T00:38:03.846+0000][11400.632s][info][gc,marking    ] GC(641) Concurrent Mark (11400.626s, 11400.632s) 6.324ms
[2026-06-18T00:38:03.847+0000][11400.633s][info][gc,start      ] GC(641) Pause Remark
[2026-06-18T00:38:03.849+0000][11400.635s][info][gc,stringtable] GC(641) Cleaned string and symbol table, strings: 17338 processed, 0 removed, symbols: 125074 processed, 0 removed
[2026-06-18T00:38:03.850+0000][11400.636s][info][gc            ] GC(641) Pause Remark 203M->203M(512M) 2.922ms
[2026-06-18T00:38:03.850+0000][11400.636s][info][gc,cpu        ] GC(641) User=0.02s Sys=0.00s Real=0.01s
[2026-06-18T00:38:03.850+0000][11400.636s][info][gc,marking    ] GC(641) Concurrent Rebuild Remembered Sets
[2026-06-18T00:38:03.854+0000][11400.640s][info][gc,marking    ] GC(641) Concurrent Rebuild Remembered Sets 4.156ms
[2026-06-18T00:38:03.854+0000][11400.640s][info][gc,start      ] GC(641) Pause Cleanup
[2026-06-18T00:38:03.856+0000][11400.642s][info][gc            ] GC(641) Pause Cleanup 204M->204M(512M) 1.892ms
[2026-06-18T00:38:03.856+0000][11400.642s][info][gc,cpu        ] GC(641) User=0.00s Sys=0.00s Real=0.00s
[2026-06-18T00:38:03.856+0000][11400.642s][info][gc,marking    ] GC(641) Concurrent Cleanup for Next Mark
[2026-06-18T00:38:03.857+0000][11400.642s][info][gc,marking    ] GC(641) Concurrent Cleanup for Next Mark 0.199ms
[2026-06-18T00:38:03.857+0000][11400.643s][info][gc            ] GC(641) Concurrent Cycle 18.103ms
[2026-06-18T00:38:05.116+0000][11401.902s][info][gc,start      ] GC(642) Pause Young (Prepare Mixed) (G1 Evacuation Pause)
[2026-06-18T00:38:05.116+0000][11401.902s][info][gc,task       ] GC(642) Using 13 workers of 13 for evacuation
[2026-06-18T00:38:05.120+0000][11401.906s][info][gc,phases     ] GC(642)   Pre Evacuate Collection Set: 0.0ms
[2026-06-18T00:38:05.120+0000][11401.906s][info][gc,phases     ] GC(642)   Evacuate Collection Set: 3.8ms
[2026-06-18T00:38:05.120+0000][11401.906s][info][gc,phases     ] GC(642)   Post Evacuate Collection Set: 0.3ms
[2026-06-18T00:38:05.120+0000][11401.906s][info][gc,phases     ] GC(642)   Other: 0.3ms
[2026-06-18T00:38:05.120+0000][11401.906s][info][gc,heap       ] GC(642) Eden regions: 247->0(18)
[2026-06-18T00:38:05.120+0000][11401.906s][info][gc,heap       ] GC(642) Survivor regions: 3->7(32)
[2026-06-18T00:38:05.120+0000][11401.906s][info][gc,heap       ] GC(642) Old regions: 50->50
[2026-06-18T00:38:05.120+0000][11401.906s][info][gc,heap       ] GC(642) Humongous regions: 147->147
[2026-06-18T00:38:05.120+0000][11401.906s][info][gc,metaspace  ] GC(642) Metaspace: 52571K(55296K)->52571K(55296K) NonClass: 46642K(48128K)->46642K(48128K) Class: 5929K(7168K)->5929K(7168K)
[2026-06-18T00:38:05.120+0000][11401.906s][info][gc            ] GC(642) Pause Young (Prepare Mixed) (G1 Evacuation Pause) 446M->203M(512M) 4.857ms
[2026-06-18T00:38:05.121+0000][11401.906s][info][gc,cpu        ] GC(642) User=0.05s Sys=0.00s Real=0.01s
[2026-06-18T00:38:05.198+0000][11401.984s][info][gc,start      ] GC(643) Pause Young (Mixed) (G1 Evacuation Pause)
[2026-06-18T00:38:05.198+0000][11401.984s][info][gc,task       ] GC(643) Using 13 workers of 13 for evacuation
[2026-06-18T00:38:05.204+0000][11401.990s][info][gc,phases     ] GC(643)   Pre Evacuate Collection Set: 0.0ms
[2026-06-18T00:38:05.204+0000][11401.990s][info][gc,phases     ] GC(643)   Evacuate Collection Set: 5.2ms
[2026-06-18T00:38:05.204+0000][11401.990s][info][gc,phases     ] GC(643)   Post Evacuate Collection Set: 0.3ms
[2026-06-18T00:38:05.204+0000][11401.990s][info][gc,phases     ] GC(643)   Other: 0.3ms
[2026-06-18T00:38:05.204+0000][11401.990s][info][gc,heap       ] GC(643) Eden regions: 18->0(245)
[2026-06-18T00:38:05.204+0000][11401.990s][info][gc,heap       ] GC(643) Survivor regions: 7->2(4)
[2026-06-18T00:38:05.204+0000][11401.990s][info][gc,heap       ] GC(643) Old regions: 50->52
[2026-06-18T00:38:05.204+0000][11401.990s][info][gc,heap       ] GC(643) Humongous regions: 147->147
[2026-06-18T00:38:05.204+0000][11401.990s][info][gc,metaspace  ] GC(643) Metaspace: 52571K(55296K)->52571K(55296K) NonClass: 46642K(48128K)->46642K(48128K) Class: 5929K(7168K)->5929K(7168K)
[2026-06-18T00:38:05.204+0000][11401.990s][info][gc            ] GC(643) Pause Young (Mixed) (G1 Evacuation Pause) 221M->200M(512M) 6.252ms
[2026-06-18T00:38:05.204+0000][11401.990s][info][gc,cpu        ] GC(643) User=0.05s Sys=0.00s Real=0.00s
[2026-06-18T00:38:06.360+0000][11403.146s][info][gc,start      ] GC(644) Pause Young (Normal) (G1 Evacuation Pause)
[2026-06-18T00:38:06.360+0000][11403.146s][info][gc,task       ] GC(644) Using 13 workers of 13 for evacuation
[2026-06-18T00:38:06.362+0000][11403.148s][info][gc,phases     ] GC(644)   Pre Evacuate Collection Set: 0.0ms
[2026-06-18T00:38:06.362+0000][11403.148s][info][gc,phases     ] GC(644)   Evacuate Collection Set: 1.3ms
[2026-06-18T00:38:06.362+0000][11403.148s][info][gc,phases     ] GC(644)   Post Evacuate Collection Set: 0.4ms
[2026-06-18T00:38:06.362+0000][11403.148s][info][gc,phases     ] GC(644)   Other: 0.3ms
[2026-06-18T00:38:06.362+0000][11403.148s][info][gc,heap       ] GC(644) Eden regions: 245->0(245)
[2026-06-18T00:38:06.362+0000][11403.148s][info][gc,heap       ] GC(644) Survivor regions: 2->3(31)
[2026-06-18T00:38:06.362+0000][11403.148s][info][gc,heap       ] GC(644) Old regions: 52->52
[2026-06-18T00:38:06.362+0000][11403.148s][info][gc,heap       ] GC(644) Humongous regions: 147->147
[2026-06-18T00:38:06.362+0000][11403.148s][info][gc,metaspace  ] GC(644) Metaspace: 52571K(55296K)->52571K(55296K) NonClass: 46642K(48128K)->46642K(48128K) Class: 5929K(7168K)->5929K(7168K)
[2026-06-18T00:38:06.362+0000][11403.148s][info][gc            ] GC(644) Pause Young (Normal) (G1 Evacuation Pause) 445M->201M(512M) 2.558ms
[2026-06-18T00:38:06.362+0000][11403.148s][info][gc,cpu        ] GC(644) User=0.02s Sys=0.00s Real=0.00s
[2026-06-18T00:38:54.996+0000][11451.782s][info][gc,start      ] GC(645) Pause Young (Normal) (G1 Evacuation Pause)
[2026-06-18T00:38:54.996+0000][11451.782s][info][gc,task       ] GC(645) Using 13 workers of 13 for evacuation
[2026-06-18T00:38:54.999+0000][11451.784s][info][gc,phases     ] GC(645)   Pre Evacuate Collection Set: 0.0ms
[2026-06-18T00:38:54.999+0000][11451.784s][info][gc,phases     ] GC(645)   Evacuate Collection Set: 1.6ms
[2026-06-18T00:38:54.999+0000][11451.785s][info][gc,phases     ] GC(645)   Post Evacuate Collection Set: 0.3ms
[2026-06-18T00:38:54.999+0000][11451.785s][info][gc,phases     ] GC(645)   Other: 0.3ms
[2026-06-18T00:38:54.999+0000][11451.785s][info][gc,heap       ] GC(645) Eden regions: 245->0(241)
[2026-06-18T00:38:54.999+0000][11451.785s][info][gc,heap       ] GC(645) Survivor regions: 3->7(31)
[2026-06-18T00:38:54.999+0000][11451.785s][info][gc,heap       ] GC(645) Old regions: 52->52
[2026-06-18T00:38:54.999+0000][11451.785s][info][gc,heap       ] GC(645) Humongous regions: 147->147
[2026-06-18T00:38:54.999+0000][11451.785s][info][gc,metaspace  ] GC(645) Metaspace: 52590K(55296K)->52590K(55296K) NonClass: 46661K(48128K)->46661K(48128K) Class: 5929K(7168K)->5929K(7168K)
[2026-06-18T00:38:54.999+0000][11451.785s][info][gc            ] GC(645) Pause Young (Normal) (G1 Evacuation Pause) 446M->205M(512M) 2.941ms
[2026-06-18T00:38:54.999+0000][11451.785s][info][gc,cpu        ] GC(645) User=0.02s Sys=0.00s Real=0.01s
[2026-06-18T00:38:56.361+0000][11453.147s][info][gc,start      ] GC(646) Pause Young (Concurrent Start) (G1 Evacuation Pause)
[2026-06-18T00:38:56.361+0000][11453.147s][info][gc,task       ] GC(646) Using 13 workers of 13 for evacuation
[2026-06-18T00:38:56.365+0000][11453.150s][info][gc,phases     ] GC(646)   Pre Evacuate Collection Set: 0.3ms
[2026-06-18T00:38:56.365+0000][11453.150s][info][gc,phases     ] GC(646)   Evacuate Collection Set: 2.5ms
[2026-06-18T00:38:56.365+0000][11453.150s][info][gc,phases     ] GC(646)   Post Evacuate Collection Set: 0.3ms
[2026-06-18T00:38:56.365+0000][11453.150s][info][gc,phases     ] GC(646)   Other: 0.3ms
[2026-06-18T00:38:56.365+0000][11453.151s][info][gc,heap       ] GC(646) Eden regions: 241->0(234)
[2026-06-18T00:38:56.365+0000][11453.151s][info][gc,heap       ] GC(646) Survivor regions: 7->10(31)
[2026-06-18T00:38:56.365+0000][11453.151s][info][gc,heap       ] GC(646) Old regions: 52->52
[2026-06-18T00:38:56.365+0000][11453.151s][info][gc,heap       ] GC(646) Humongous regions: 147->147
[2026-06-18T00:38:56.365+0000][11453.151s][info][gc,metaspace  ] GC(646) Metaspace: 52590K(55296K)->52590K(55296K) NonClass: 46661K(48128K)->46661K(48128K) Class: 5929K(7168K)->5929K(7168K)
[2026-06-18T00:38:56.365+0000][11453.151s][info][gc            ] GC(646) Pause Young (Concurrent Start) (G1 Evacuation Pause) 446M->208M(512M) 3.932ms
[2026-06-18T00:38:56.365+0000][11453.151s][info][gc,cpu        ] GC(646) User=0.03s Sys=0.00s Real=0.00s
[2026-06-18T00:38:56.365+0000][11453.151s][info][gc            ] GC(647) Concurrent Cycle
[2026-06-18T00:38:56.365+0000][11453.151s][info][gc,marking    ] GC(647) Concurrent Clear Claimed Marks
[2026-06-18T00:38:56.365+0000][11453.151s][info][gc,marking    ] GC(647) Concurrent Clear Claimed Marks 0.217ms
[2026-06-18T00:38:56.366+0000][11453.151s][info][gc,marking    ] GC(647) Concurrent Scan Root Regions
[2026-06-18T00:38:56.367+0000][11453.153s][info][gc,marking    ] GC(647) Concurrent Scan Root Regions 1.523ms
[2026-06-18T00:38:56.367+0000][11453.153s][info][gc,marking    ] GC(647) Concurrent Mark (11453.153s)
[2026-06-18T00:38:56.367+0000][11453.153s][info][gc,marking    ] GC(647) Concurrent Mark From Roots
[2026-06-18T00:38:56.367+0000][11453.153s][info][gc,task       ] GC(647) Using 3 workers of 3 for marking
[2026-06-18T00:38:56.373+0000][11453.158s][info][gc,marking    ] GC(647) Concurrent Mark From Roots 5.505ms
[2026-06-18T00:38:56.373+0000][11453.158s][info][gc,marking    ] GC(647) Concurrent Preclean
[2026-06-18T00:38:56.373+0000][11453.159s][info][gc,marking    ] GC(647) Concurrent Preclean 0.152ms
[2026-06-18T00:38:56.373+0000][11453.159s][info][gc,marking    ] GC(647) Concurrent Mark (11453.153s, 11453.159s) 5.814ms
[2026-06-18T00:38:56.373+0000][11453.159s][info][gc,start      ] GC(647) Pause Remark
[2026-06-18T00:38:56.375+0000][11453.161s][info][gc,stringtable] GC(647) Cleaned string and symbol table, strings: 17338 processed, 0 removed, symbols: 125074 processed, 0 removed
[2026-06-18T00:38:56.376+0000][11453.161s][info][gc            ] GC(647) Pause Remark 212M->212M(512M) 2.534ms
[2026-06-18T00:38:56.376+0000][11453.161s][info][gc,cpu        ] GC(647) User=0.03s Sys=0.00s Real=0.00s
[2026-06-18T00:38:56.376+0000][11453.162s][info][gc,marking    ] GC(647) Concurrent Rebuild Remembered Sets
[2026-06-18T00:38:56.380+0000][11453.165s][info][gc,marking    ] GC(647) Concurrent Rebuild Remembered Sets 3.948ms
[2026-06-18T00:38:56.380+0000][11453.166s][info][gc,start      ] GC(647) Pause Cleanup
[2026-06-18T00:38:56.380+0000][11453.166s][info][gc            ] GC(647) Pause Cleanup 213M->213M(512M) 0.200ms
[2026-06-18T00:38:56.380+0000][11453.166s][info][gc,cpu        ] GC(647) User=0.00s Sys=0.00s Real=0.00s
[2026-06-18T00:38:56.380+0000][11453.166s][info][gc,marking    ] GC(647) Concurrent Cleanup for Next Mark
[2026-06-18T00:38:56.380+0000][11453.166s][info][gc,marking    ] GC(647) Concurrent Cleanup for Next Mark 0.156ms
[2026-06-18T00:38:56.381+0000][11453.166s][info][gc            ] GC(647) Concurrent Cycle 15.398ms
[2026-06-18T00:38:57.570+0000][11454.355s][info][gc,start      ] GC(648) Pause Young (Prepare Mixed) (G1 Evacuation Pause)
[2026-06-18T00:38:57.570+0000][11454.356s][info][gc,task       ] GC(648) Using 13 workers of 13 for evacuation
[2026-06-18T00:38:57.573+0000][11454.359s][info][gc,phases     ] GC(648)   Pre Evacuate Collection Set: 0.0ms
[2026-06-18T00:38:57.573+0000][11454.359s][info][gc,phases     ] GC(648)   Evacuate Collection Set: 2.4ms
[2026-06-18T00:38:57.573+0000][11454.359s][info][gc,phases     ] GC(648)   Post Evacuate Collection Set: 0.4ms
[2026-06-18T00:38:57.573+0000][11454.359s][info][gc,phases     ] GC(648)   Other: 0.4ms
[2026-06-18T00:38:57.573+0000][11454.359s][info][gc,heap       ] GC(648) Eden regions: 234->0(18)
[2026-06-18T00:38:57.573+0000][11454.359s][info][gc,heap       ] GC(648) Survivor regions: 10->7(31)
[2026-06-18T00:38:57.573+0000][11454.359s][info][gc,heap       ] GC(648) Old regions: 52->52
[2026-06-18T00:38:57.573+0000][11454.359s][info][gc,heap       ] GC(648) Humongous regions: 147->147
[2026-06-18T00:38:57.573+0000][11454.359s][info][gc,metaspace  ] GC(648) Metaspace: 52590K(55296K)->52590K(55296K) NonClass: 46661K(48128K)->46661K(48128K) Class: 5929K(7168K)->5929K(7168K)
[2026-06-18T00:38:57.574+0000][11454.359s][info][gc            ] GC(648) Pause Young (Prepare Mixed) (G1 Evacuation Pause) 442M->204M(512M) 3.763ms
[2026-06-18T00:38:57.574+0000][11454.360s][info][gc,cpu        ] GC(648) User=0.03s Sys=0.00s Real=0.00s
[2026-06-18T00:38:57.653+0000][11454.439s][info][gc,start      ] GC(649) Pause Young (Mixed) (G1 Evacuation Pause)
[2026-06-18T00:38:57.653+0000][11454.439s][info][gc,task       ] GC(649) Using 13 workers of 13 for evacuation
[2026-06-18T00:38:57.657+0000][11454.442s][info][gc,phases     ] GC(649)   Pre Evacuate Collection Set: 0.0ms
[2026-06-18T00:38:57.657+0000][11454.442s][info][gc,phases     ] GC(649)   Evacuate Collection Set: 2.9ms
[2026-06-18T00:38:57.657+0000][11454.442s][info][gc,phases     ] GC(649)   Post Evacuate Collection Set: 0.3ms
[2026-06-18T00:38:57.657+0000][11454.442s][info][gc,phases     ] GC(649)   Other: 0.3ms
[2026-06-18T00:38:57.657+0000][11454.442s][info][gc,heap       ] GC(649) Eden regions: 18->0(241)
[2026-06-18T00:38:57.657+0000][11454.443s][info][gc,heap       ] GC(649) Survivor regions: 7->2(4)
[2026-06-18T00:38:57.657+0000][11454.443s][info][gc,heap       ] GC(649) Old regions: 52->51
[2026-06-18T00:38:57.657+0000][11454.443s][info][gc,heap       ] GC(649) Humongous regions: 147->147
[2026-06-18T00:38:57.657+0000][11454.443s][info][gc,metaspace  ] GC(649) Metaspace: 52590K(55296K)->52590K(55296K) NonClass: 46661K(48128K)->46661K(48128K) Class: 5929K(7168K)->5929K(7168K)
[2026-06-18T00:38:57.657+0000][11454.443s][info][gc            ] GC(649) Pause Young (Mixed) (G1 Evacuation Pause) 222M->198M(512M) 4.121ms
[2026-06-18T00:38:57.657+0000][11454.443s][info][gc,cpu        ] GC(649) User=0.02s Sys=0.00s Real=0.01s
[2026-06-18T00:39:46.035+0000][11502.820s][info][gc,start      ] GC(650) Pause Young (Normal) (G1 Evacuation Pause)
[2026-06-18T00:39:46.035+0000][11502.820s][info][gc,task       ] GC(650) Using 13 workers of 13 for evacuation
[2026-06-18T00:39:46.037+0000][11502.822s][info][gc,phases     ] GC(650)   Pre Evacuate Collection Set: 0.0ms
[2026-06-18T00:39:46.037+0000][11502.822s][info][gc,phases     ] GC(650)   Evacuate Collection Set: 1.4ms
[2026-06-18T00:39:46.037+0000][11502.822s][info][gc,phases     ] GC(650)   Post Evacuate Collection Set: 0.3ms
[2026-06-18T00:39:46.037+0000][11502.822s][info][gc,phases     ] GC(650)   Other: 0.4ms
[2026-06-18T00:39:46.037+0000][11502.823s][info][gc,heap       ] GC(650) Eden regions: 241->0(244)
[2026-06-18T00:39:46.037+0000][11502.823s][info][gc,heap       ] GC(650) Survivor regions: 2->2(31)
[2026-06-18T00:39:46.037+0000][11502.823s][info][gc,heap       ] GC(650) Old regions: 51->51
[2026-06-18T00:39:46.037+0000][11502.823s][info][gc,heap       ] GC(650) Humongous regions: 147->147
[2026-06-18T00:39:46.037+0000][11502.823s][info][gc,metaspace  ] GC(650) Metaspace: 52592K(55296K)->52592K(55296K) NonClass: 46663K(48128K)->46663K(48128K) Class: 5929K(7168K)->5929K(7168K)
[2026-06-18T00:39:46.037+0000][11502.823s][info][gc            ] GC(650) Pause Young (Normal) (G1 Evacuation Pause) 439M->198M(512M) 2.671ms
[2026-06-18T00:39:46.038+0000][11502.823s][info][gc,cpu        ] GC(650) User=0.02s Sys=0.00s Real=0.01s
[2026-06-18T00:39:47.675+0000][11504.461s][info][gc,start      ] GC(651) Pause Young (Normal) (G1 Evacuation Pause)
[2026-06-18T00:39:47.676+0000][11504.461s][info][gc,task       ] GC(651) Using 13 workers of 13 for evacuation
[2026-06-18T00:39:47.677+0000][11504.463s][info][gc,phases     ] GC(651)   Pre Evacuate Collection Set: 0.0ms
[2026-06-18T00:39:47.677+0000][11504.463s][info][gc,phases     ] GC(651)   Evacuate Collection Set: 1.3ms
[2026-06-18T00:39:47.678+0000][11504.463s][info][gc,phases     ] GC(651)   Post Evacuate Collection Set: 0.3ms
[2026-06-18T00:39:47.678+0000][11504.463s][info][gc,phases     ] GC(651)   Other: 0.3ms
[2026-06-18T00:39:47.678+0000][11504.463s][info][gc,heap       ] GC(651) Eden regions: 244->0(242)
[2026-06-18T00:39:47.678+0000][11504.463s][info][gc,heap       ] GC(651) Survivor regions: 2->5(31)
[2026-06-18T00:39:47.678+0000][11504.463s][info][gc,heap       ] GC(651) Old regions: 51->51
[2026-06-18T00:39:47.678+0000][11504.463s][info][gc,heap       ] GC(651) Humongous regions: 147->147
[2026-06-18T00:39:47.678+0000][11504.463s][info][gc,metaspace  ] GC(651) Metaspace: 52592K(55296K)->52592K(55296K) NonClass: 46663K(48128K)->46663K(48128K) Class: 5929K(7168K)->5929K(7168K)
[2026-06-18T00:39:47.678+0000][11504.463s][info][gc            ] GC(651) Pause Young (Normal) (G1 Evacuation Pause) 442M->202M(512M) 2.470ms
[2026-06-18T00:39:47.678+0000][11504.463s][info][gc,cpu        ] GC(651) User=0.02s Sys=0.00s Real=0.01s
[2026-06-18T00:39:48.966+0000][11505.752s][info][gc,start      ] GC(652) Pause Young (Concurrent Start) (G1 Evacuation Pause)
[2026-06-18T00:39:48.966+0000][11505.752s][info][gc,task       ] GC(652) Using 13 workers of 13 for evacuation
[2026-06-18T00:39:48.969+0000][11505.755s][info][gc,phases     ] GC(652)   Pre Evacuate Collection Set: 0.3ms
[2026-06-18T00:39:48.969+0000][11505.755s][info][gc,phases     ] GC(652)   Evacuate Collection Set: 2.0ms
[2026-06-18T00:39:48.969+0000][11505.755s][info][gc,phases     ] GC(652)   Post Evacuate Collection Set: 0.4ms
[2026-06-18T00:39:48.969+0000][11505.755s][info][gc,phases     ] GC(652)   Other: 0.4ms
[2026-06-18T00:39:48.970+0000][11505.755s][info][gc,heap       ] GC(652) Eden regions: 242->0(237)
[2026-06-18T00:39:48.970+0000][11505.755s][info][gc,heap       ] GC(652) Survivor regions: 5->9(31)
[2026-06-18T00:39:48.970+0000][11505.755s][info][gc,heap       ] GC(652) Old regions: 51->51
[2026-06-18T00:39:48.970+0000][11505.755s][info][gc,heap       ] GC(652) Humongous regions: 147->147
[2026-06-18T00:39:48.970+0000][11505.755s][info][gc,metaspace  ] GC(652) Metaspace: 52592K(55296K)->52592K(55296K) NonClass: 46663K(48128K)->46663K(48128K) Class: 5929K(7168K)->5929K(7168K)
[2026-06-18T00:39:48.970+0000][11505.755s][info][gc            ] GC(652) Pause Young (Concurrent Start) (G1 Evacuation Pause) 444M->206M(512M) 3.563ms
[2026-06-18T00:39:48.970+0000][11505.755s][info][gc,cpu        ] GC(652) User=0.02s Sys=0.00s Real=0.01s
[2026-06-18T00:39:48.970+0000][11505.755s][info][gc            ] GC(653) Concurrent Cycle
[2026-06-18T00:39:48.970+0000][11505.755s][info][gc,marking    ] GC(653) Concurrent Clear Claimed Marks
[2026-06-18T00:39:48.970+0000][11505.756s][info][gc,marking    ] GC(653) Concurrent Clear Claimed Marks 0.232ms
[2026-06-18T00:39:48.970+0000][11505.756s][info][gc,marking    ] GC(653) Concurrent Scan Root Regions
[2026-06-18T00:39:48.972+0000][11505.757s][info][gc,marking    ] GC(653) Concurrent Scan Root Regions 1.266ms
[2026-06-18T00:39:48.972+0000][11505.757s][info][gc,marking    ] GC(653) Concurrent Mark (11505.757s)
[2026-06-18T00:39:48.972+0000][11505.757s][info][gc,marking    ] GC(653) Concurrent Mark From Roots
[2026-06-18T00:39:48.972+0000][11505.757s][info][gc,task       ] GC(653) Using 3 workers of 3 for marking
[2026-06-18T00:39:48.978+0000][11505.763s][info][gc,marking    ] GC(653) Concurrent Mark From Roots 5.875ms
[2026-06-18T00:39:48.978+0000][11505.763s][info][gc,marking    ] GC(653) Concurrent Preclean
[2026-06-18T00:39:48.978+0000][11505.763s][info][gc,marking    ] GC(653) Concurrent Preclean 0.183ms
[2026-06-18T00:39:48.978+0000][11505.763s][info][gc,marking    ] GC(653) Concurrent Mark (11505.757s, 11505.763s) 6.351ms
[2026-06-18T00:39:48.978+0000][11505.764s][info][gc,start      ] GC(653) Pause Remark
[2026-06-18T00:39:48.981+0000][11505.766s][info][gc,stringtable] GC(653) Cleaned string and symbol table, strings: 17338 processed, 0 removed, symbols: 125074 processed, 0 removed
[2026-06-18T00:39:48.981+0000][11505.766s][info][gc            ] GC(653) Pause Remark 210M->210M(512M) 2.725ms
[2026-06-18T00:39:48.981+0000][11505.766s][info][gc,cpu        ] GC(653) User=0.02s Sys=0.00s Real=0.00s
[2026-06-18T00:39:48.981+0000][11505.767s][info][gc,marking    ] GC(653) Concurrent Rebuild Remembered Sets
[2026-06-18T00:39:48.986+0000][11505.771s][info][gc,marking    ] GC(653) Concurrent Rebuild Remembered Sets 4.641ms
[2026-06-18T00:39:48.986+0000][11505.772s][info][gc,start      ] GC(653) Pause Cleanup
[2026-06-18T00:39:48.986+0000][11505.772s][info][gc            ] GC(653) Pause Cleanup 211M->211M(512M) 0.205ms
[2026-06-18T00:39:48.986+0000][11505.772s][info][gc,cpu        ] GC(653) User=0.00s Sys=0.00s Real=0.00s
[2026-06-18T00:39:48.987+0000][11505.772s][info][gc,marking    ] GC(653) Concurrent Cleanup for Next Mark
[2026-06-18T00:39:48.987+0000][11505.772s][info][gc,marking    ] GC(653) Concurrent Cleanup for Next Mark 0.147ms
[2026-06-18T00:39:48.987+0000][11505.772s][info][gc            ] GC(653) Concurrent Cycle 16.755ms
[2026-06-18T00:39:50.186+0000][11506.972s][info][gc,start      ] GC(654) Pause Young (Prepare Mixed) (G1 Evacuation Pause)
[2026-06-18T00:39:50.186+0000][11506.972s][info][gc,task       ] GC(654) Using 13 workers of 13 for evacuation
[2026-06-18T00:39:50.190+0000][11506.975s][info][gc,phases     ] GC(654)   Pre Evacuate Collection Set: 0.0ms
[2026-06-18T00:39:50.190+0000][11506.975s][info][gc,phases     ] GC(654)   Evacuate Collection Set: 3.0ms
[2026-06-18T00:39:50.190+0000][11506.975s][info][gc,phases     ] GC(654)   Post Evacuate Collection Set: 0.3ms
[2026-06-18T00:39:50.190+0000][11506.975s][info][gc,phases     ] GC(654)   Other: 0.3ms
[2026-06-18T00:39:50.190+0000][11506.975s][info][gc,heap       ] GC(654) Eden regions: 237->0(19)
[2026-06-18T00:39:50.190+0000][11506.975s][info][gc,heap       ] GC(654) Survivor regions: 9->6(31)
[2026-06-18T00:39:50.190+0000][11506.976s][info][gc,heap       ] GC(654) Old regions: 51->51
[2026-06-18T00:39:50.190+0000][11506.976s][info][gc,heap       ] GC(654) Humongous regions: 147->147
[2026-06-18T00:39:50.190+0000][11506.976s][info][gc,metaspace  ] GC(654) Metaspace: 52592K(55296K)->52592K(55296K) NonClass: 46663K(48128K)->46663K(48128K) Class: 5929K(7168K)->5929K(7168K)
[2026-06-18T00:39:50.190+0000][11506.976s][info][gc            ] GC(654) Pause Young (Prepare Mixed) (G1 Evacuation Pause) 443M->203M(512M) 4.084ms
[2026-06-18T00:39:50.190+0000][11506.976s][info][gc,cpu        ] GC(654) User=0.04s Sys=0.00s Real=0.01s
[2026-06-18T00:39:50.278+0000][11507.063s][info][gc,start      ] GC(655) Pause Young (Mixed) (G1 Evacuation Pause)
[2026-06-18T00:39:50.278+0000][11507.063s][info][gc,task       ] GC(655) Using 13 workers of 13 for evacuation
[2026-06-18T00:39:50.281+0000][11507.066s][info][gc,phases     ] GC(655)   Pre Evacuate Collection Set: 0.0ms
[2026-06-18T00:39:50.281+0000][11507.067s][info][gc,phases     ] GC(655)   Evacuate Collection Set: 2.7ms
[2026-06-18T00:39:50.281+0000][11507.067s][info][gc,phases     ] GC(655)   Post Evacuate Collection Set: 0.3ms
[2026-06-18T00:39:50.281+0000][11507.067s][info][gc,phases     ] GC(655)   Other: 0.3ms
[2026-06-18T00:39:50.281+0000][11507.067s][info][gc,heap       ] GC(655) Eden regions: 19->0(244)
[2026-06-18T00:39:50.281+0000][11507.067s][info][gc,heap       ] GC(655) Survivor regions: 6->2(4)
[2026-06-18T00:39:50.282+0000][11507.067s][info][gc,heap       ] GC(655) Old regions: 51->50
[2026-06-18T00:39:50.282+0000][11507.067s][info][gc,heap       ] GC(655) Humongous regions: 147->147
[2026-06-18T00:39:50.282+0000][11507.067s][info][gc,metaspace  ] GC(655) Metaspace: 52592K(55296K)->52592K(55296K) NonClass: 46663K(48128K)->46663K(48128K) Class: 5929K(7168K)->5929K(7168K)
[2026-06-18T00:39:50.282+0000][11507.067s][info][gc            ] GC(655) Pause Young (Mixed) (G1 Evacuation Pause) 222M->197M(512M) 3.890ms
[2026-06-18T00:39:50.282+0000][11507.067s][info][gc,cpu        ] GC(655) User=0.02s Sys=0.00s Real=0.00s
[2026-06-18T00:40:38.964+0000][11555.749s][info][gc,start      ] GC(656) Pause Young (Normal) (G1 Evacuation Pause)
[2026-06-18T00:40:38.965+0000][11555.750s][info][gc,task       ] GC(656) Using 13 workers of 13 for evacuation
[2026-06-18T00:40:38.968+0000][11555.753s][info][gc,phases     ] GC(656)   Pre Evacuate Collection Set: 0.0ms
[2026-06-18T00:40:38.968+0000][11555.753s][info][gc,phases     ] GC(656)   Evacuate Collection Set: 2.7ms
[2026-06-18T00:40:38.968+0000][11555.753s][info][gc,phases     ] GC(656)   Post Evacuate Collection Set: 0.3ms
[2026-06-18T00:40:38.968+0000][11555.753s][info][gc,phases     ] GC(656)   Other: 0.4ms
[2026-06-18T00:40:38.968+0000][11555.753s][info][gc,heap       ] GC(656) Eden regions: 244->0(237)
[2026-06-18T00:40:38.968+0000][11555.753s][info][gc,heap       ] GC(656) Survivor regions: 2->8(31)
[2026-06-18T00:40:38.968+0000][11555.753s][info][gc,heap       ] GC(656) Old regions: 50->50
[2026-06-18T00:40:38.969+0000][11555.753s][info][gc,heap       ] GC(656) Humongous regions: 147->147
[2026-06-18T00:40:38.969+0000][11555.754s][info][gc,metaspace  ] GC(656) Metaspace: 52592K(55296K)->52592K(55296K) NonClass: 46663K(48128K)->46663K(48128K) Class: 5929K(7168K)->5929K(7168K)
[2026-06-18T00:40:38.969+0000][11555.754s][info][gc            ] GC(656) Pause Young (Normal) (G1 Evacuation Pause) 441M->204M(512M) 4.143ms
[2026-06-18T00:40:38.969+0000][11555.754s][info][gc,cpu        ] GC(656) User=0.03s Sys=0.00s Real=0.01s
[2026-06-18T00:40:40.468+0000][11557.252s][info][gc,start      ] GC(657) Pause Young (Normal) (G1 Evacuation Pause)
[2026-06-18T00:40:40.468+0000][11557.253s][info][gc,task       ] GC(657) Using 13 workers of 13 for evacuation
[2026-06-18T00:40:40.469+0000][11557.254s][info][gc,phases     ] GC(657)   Pre Evacuate Collection Set: 0.0ms
[2026-06-18T00:40:40.470+0000][11557.255s][info][gc,phases     ] GC(657)   Evacuate Collection Set: 1.4ms
[2026-06-18T00:40:40.470+0000][11557.255s][info][gc,phases     ] GC(657)   Post Evacuate Collection Set: 0.3ms
[2026-06-18T00:40:40.470+0000][11557.255s][info][gc,phases     ] GC(657)   Other: 0.3ms
[2026-06-18T00:40:40.470+0000][11557.255s][info][gc,heap       ] GC(657) Eden regions: 237->0(241)
[2026-06-18T00:40:40.470+0000][11557.255s][info][gc,heap       ] GC(657) Survivor regions: 8->5(31)
[2026-06-18T00:40:40.470+0000][11557.255s][info][gc,heap       ] GC(657) Old regions: 50->50
[2026-06-18T00:40:40.470+0000][11557.255s][info][gc,heap       ] GC(657) Humongous regions: 147->147
[2026-06-18T00:40:40.470+0000][11557.255s][info][gc,metaspace  ] GC(657) Metaspace: 52592K(55296K)->52592K(55296K) NonClass: 46663K(48128K)->46663K(48128K) Class: 5929K(7168K)->5929K(7168K)
[2026-06-18T00:40:40.470+0000][11557.255s][info][gc            ] GC(657) Pause Young (Normal) (G1 Evacuation Pause) 441M->200M(512M) 2.490ms
[2026-06-18T00:40:40.470+0000][11557.255s][info][gc,cpu        ] GC(657) User=0.01s Sys=0.00s Real=0.01s
[2026-06-18T00:40:41.723+0000][11558.508s][info][gc,start      ] GC(658) Pause Young (Concurrent Start) (G1 Evacuation Pause)
[2026-06-18T00:40:41.723+0000][11558.508s][info][gc,task       ] GC(658) Using 13 workers of 13 for evacuation
[2026-06-18T00:40:41.726+0000][11558.511s][info][gc,phases     ] GC(658)   Pre Evacuate Collection Set: 0.3ms
[2026-06-18T00:40:41.727+0000][11558.511s][info][gc,phases     ] GC(658)   Evacuate Collection Set: 2.6ms
[2026-06-18T00:40:41.727+0000][11558.512s][info][gc,phases     ] GC(658)   Post Evacuate Collection Set: 0.3ms
[2026-06-18T00:40:41.727+0000][11558.512s][info][gc,phases     ] GC(658)   Other: 0.3ms
[2026-06-18T00:40:41.727+0000][11558.512s][info][gc,heap       ] GC(658) Eden regions: 241->0(237)
[2026-06-18T00:40:41.727+0000][11558.512s][info][gc,heap       ] GC(658) Survivor regions: 5->9(31)
[2026-06-18T00:40:41.727+0000][11558.512s][info][gc,heap       ] GC(658) Old regions: 50->50
[2026-06-18T00:40:41.727+0000][11558.512s][info][gc,heap       ] GC(658) Humongous regions: 147->147
[2026-06-18T00:40:41.727+0000][11558.512s][info][gc,metaspace  ] GC(658) Metaspace: 52592K(55296K)->52592K(55296K) NonClass: 46663K(48128K)->46663K(48128K) Class: 5929K(7168K)->5929K(7168K)
[2026-06-18T00:40:41.727+0000][11558.512s][info][gc            ] GC(658) Pause Young (Concurrent Start) (G1 Evacuation Pause) 441M->205M(512M) 4.019ms
[2026-06-18T00:40:41.727+0000][11558.512s][info][gc,cpu        ] GC(658) User=0.03s Sys=0.00s Real=0.00s
[2026-06-18T00:40:41.727+0000][11558.512s][info][gc            ] GC(659) Concurrent Cycle
[2026-06-18T00:40:41.727+0000][11558.512s][info][gc,marking    ] GC(659) Concurrent Clear Claimed Marks
[2026-06-18T00:40:41.727+0000][11558.512s][info][gc,marking    ] GC(659) Concurrent Clear Claimed Marks 0.107ms
[2026-06-18T00:40:41.727+0000][11558.512s][info][gc,marking    ] GC(659) Concurrent Scan Root Regions
[2026-06-18T00:40:41.729+0000][11558.514s][info][gc,marking    ] GC(659) Concurrent Scan Root Regions 1.400ms
[2026-06-18T00:40:41.729+0000][11558.514s][info][gc,marking    ] GC(659) Concurrent Mark (11558.514s)
[2026-06-18T00:40:41.729+0000][11558.514s][info][gc,marking    ] GC(659) Concurrent Mark From Roots
[2026-06-18T00:40:41.729+0000][11558.514s][info][gc,task       ] GC(659) Using 3 workers of 3 for marking
[2026-06-18T00:40:41.735+0000][11558.520s][info][gc,marking    ] GC(659) Concurrent Mark From Roots 5.829ms
[2026-06-18T00:40:41.735+0000][11558.520s][info][gc,marking    ] GC(659) Concurrent Preclean
[2026-06-18T00:40:41.735+0000][11558.520s][info][gc,marking    ] GC(659) Concurrent Preclean 0.210ms
[2026-06-18T00:40:41.735+0000][11558.520s][info][gc,marking    ] GC(659) Concurrent Mark (11558.514s, 11558.520s) 6.306ms
[2026-06-18T00:40:41.735+0000][11558.520s][info][gc,start      ] GC(659) Pause Remark
[2026-06-18T00:40:41.738+0000][11558.523s][info][gc,stringtable] GC(659) Cleaned string and symbol table, strings: 17338 processed, 0 removed, symbols: 125074 processed, 0 removed
[2026-06-18T00:40:41.738+0000][11558.523s][info][gc            ] GC(659) Pause Remark 209M->209M(512M) 2.895ms
[2026-06-18T00:40:41.738+0000][11558.523s][info][gc,cpu        ] GC(659) User=0.03s Sys=0.00s Real=0.01s
[2026-06-18T00:40:41.738+0000][11558.523s][info][gc,marking    ] GC(659) Concurrent Rebuild Remembered Sets
[2026-06-18T00:40:41.743+0000][11558.528s][info][gc,marking    ] GC(659) Concurrent Rebuild Remembered Sets 4.589ms
[2026-06-18T00:40:41.743+0000][11558.528s][info][gc,start      ] GC(659) Pause Cleanup
[2026-06-18T00:40:41.744+0000][11558.529s][info][gc            ] GC(659) Pause Cleanup 210M->210M(512M) 0.202ms
[2026-06-18T00:40:41.744+0000][11558.529s][info][gc,cpu        ] GC(659) User=0.00s Sys=0.00s Real=0.00s
[2026-06-18T00:40:41.744+0000][11558.529s][info][gc,marking    ] GC(659) Concurrent Cleanup for Next Mark
[2026-06-18T00:40:41.744+0000][11558.529s][info][gc,marking    ] GC(659) Concurrent Cleanup for Next Mark 0.157ms
[2026-06-18T00:40:41.744+0000][11558.529s][info][gc            ] GC(659) Concurrent Cycle 16.847ms
[2026-06-18T00:41:30.071+0000][11606.857s][info][gc,start      ] GC(660) Pause Young (Prepare Mixed) (G1 Evacuation Pause)
[2026-06-18T00:41:30.071+0000][11606.857s][info][gc,task       ] GC(660) Using 13 workers of 13 for evacuation
[2026-06-18T00:41:30.076+0000][11606.862s][info][gc,phases     ] GC(660)   Pre Evacuate Collection Set: 0.0ms
[2026-06-18T00:41:30.076+0000][11606.862s][info][gc,phases     ] GC(660)   Evacuate Collection Set: 4.4ms
[2026-06-18T00:41:30.076+0000][11606.863s][info][gc,phases     ] GC(660)   Post Evacuate Collection Set: 0.4ms
[2026-06-18T00:41:30.076+0000][11606.863s][info][gc,phases     ] GC(660)   Other: 0.4ms
[2026-06-18T00:41:30.076+0000][11606.863s][info][gc,heap       ] GC(660) Eden regions: 237->0(20)
[2026-06-18T00:41:30.076+0000][11606.863s][info][gc,heap       ] GC(660) Survivor regions: 9->5(31)
[2026-06-18T00:41:30.077+0000][11606.863s][info][gc,heap       ] GC(660) Old regions: 50->50
[2026-06-18T00:41:30.077+0000][11606.863s][info][gc,heap       ] GC(660) Humongous regions: 147->147
[2026-06-18T00:41:30.077+0000][11606.863s][info][gc,metaspace  ] GC(660) Metaspace: 52592K(55296K)->52592K(55296K) NonClass: 46663K(48128K)->46663K(48128K) Class: 5929K(7168K)->5929K(7168K)
[2026-06-18T00:41:30.077+0000][11606.863s][info][gc            ] GC(660) Pause Young (Prepare Mixed) (G1 Evacuation Pause) 442M->201M(512M) 5.949ms
[2026-06-18T00:41:30.077+0000][11606.863s][info][gc,cpu        ] GC(660) User=0.02s Sys=0.00s Real=0.01s
[2026-06-18T00:41:30.218+0000][11607.004s][info][gc,start      ] GC(661) Pause Young (Mixed) (G1 Evacuation Pause)
[2026-06-18T00:41:30.218+0000][11607.004s][info][gc,task       ] GC(661) Using 13 workers of 13 for evacuation
[2026-06-18T00:41:30.223+0000][11607.009s][info][gc,phases     ] GC(661)   Pre Evacuate Collection Set: 0.0ms
[2026-06-18T00:41:30.225+0000][11607.011s][info][gc,phases     ] GC(661)   Evacuate Collection Set: 4.5ms
[2026-06-18T00:41:30.225+0000][11607.011s][info][gc,phases     ] GC(661)   Post Evacuate Collection Set: 0.3ms
[2026-06-18T00:41:30.225+0000][11607.011s][info][gc,phases     ] GC(661)   Other: 0.5ms
[2026-06-18T00:41:30.225+0000][11607.011s][info][gc,heap       ] GC(661) Eden regions: 20->0(243)
[2026-06-18T00:41:30.225+0000][11607.011s][info][gc,heap       ] GC(661) Survivor regions: 5->2(4)
[2026-06-18T00:41:30.225+0000][11607.011s][info][gc,heap       ] GC(661) Old regions: 50->50
[2026-06-18T00:41:30.225+0000][11607.011s][info][gc,heap       ] GC(661) Humongous regions: 147->147
[2026-06-18T00:41:30.225+0000][11607.012s][info][gc,metaspace  ] GC(661) Metaspace: 52592K(55296K)->52592K(55296K) NonClass: 46663K(48128K)->46663K(48128K) Class: 5929K(7168K)->5929K(7168K)
[2026-06-18T00:41:30.225+0000][11607.012s][info][gc            ] GC(661) Pause Young (Mixed) (G1 Evacuation Pause) 221M->197M(512M) 7.529ms
[2026-06-18T00:41:30.225+0000][11607.012s][info][gc,cpu        ] GC(661) User=0.01s Sys=0.00s Real=0.00s
[2026-06-18T00:41:31.751+0000][11608.538s][info][gc,start      ] GC(662) Pause Young (Normal) (G1 Evacuation Pause)
[2026-06-18T00:41:31.751+0000][11608.538s][info][gc,task       ] GC(662) Using 13 workers of 13 for evacuation
[2026-06-18T00:41:31.755+0000][11608.542s][info][gc,phases     ] GC(662)   Pre Evacuate Collection Set: 0.0ms
[2026-06-18T00:41:31.756+0000][11608.542s][info][gc,phases     ] GC(662)   Evacuate Collection Set: 3.5ms
[2026-06-18T00:41:31.756+0000][11608.542s][info][gc,phases     ] GC(662)   Post Evacuate Collection Set: 0.3ms
[2026-06-18T00:41:31.756+0000][11608.542s][info][gc,phases     ] GC(662)   Other: 0.4ms
[2026-06-18T00:41:31.756+0000][11608.542s][info][gc,heap       ] GC(662) Eden regions: 243->0(237)
[2026-06-18T00:41:31.756+0000][11608.542s][info][gc,heap       ] GC(662) Survivor regions: 2->8(31)
[2026-06-18T00:41:31.756+0000][11608.542s][info][gc,heap       ] GC(662) Old regions: 50->50
[2026-06-18T00:41:31.756+0000][11608.542s][info][gc,heap       ] GC(662) Humongous regions: 147->147
[2026-06-18T00:41:31.756+0000][11608.542s][info][gc,metaspace  ] GC(662) Metaspace: 52592K(55296K)->52592K(55296K) NonClass: 46663K(48128K)->46663K(48128K) Class: 5929K(7168K)->5929K(7168K)
[2026-06-18T00:41:31.756+0000][11608.542s][info][gc            ] GC(662) Pause Young (Normal) (G1 Evacuation Pause) 440M->204M(512M) 4.836ms
[2026-06-18T00:41:31.756+0000][11608.542s][info][gc,cpu        ] GC(662) User=0.04s Sys=0.01s Real=0.00s
[2026-06-18T00:41:32.967+0000][11609.753s][info][gc,start      ] GC(663) Pause Young (Normal) (G1 Evacuation Pause)
[2026-06-18T00:41:32.967+0000][11609.753s][info][gc,task       ] GC(663) Using 13 workers of 13 for evacuation
[2026-06-18T00:41:32.970+0000][11609.756s][info][gc,phases     ] GC(663)   Pre Evacuate Collection Set: 0.0ms
[2026-06-18T00:41:32.970+0000][11609.756s][info][gc,phases     ] GC(663)   Evacuate Collection Set: 2.4ms
[2026-06-18T00:41:32.970+0000][11609.756s][info][gc,phases     ] GC(663)   Post Evacuate Collection Set: 0.4ms
[2026-06-18T00:41:32.970+0000][11609.757s][info][gc,phases     ] GC(663)   Other: 0.4ms
[2026-06-18T00:41:32.970+0000][11609.757s][info][gc,heap       ] GC(663) Eden regions: 237->0(239)
[2026-06-18T00:41:32.970+0000][11609.757s][info][gc,heap       ] GC(663) Survivor regions: 8->6(31)
[2026-06-18T00:41:32.970+0000][11609.757s][info][gc,heap       ] GC(663) Old regions: 50->50
[2026-06-18T00:41:32.971+0000][11609.757s][info][gc,heap       ] GC(663) Humongous regions: 147->147
[2026-06-18T00:41:32.971+0000][11609.757s][info][gc,metaspace  ] GC(663) Metaspace: 52592K(55296K)->52592K(55296K) NonClass: 46663K(48128K)->46663K(48128K) Class: 5929K(7168K)->5929K(7168K)
[2026-06-18T00:41:32.971+0000][11609.757s][info][gc            ] GC(663) Pause Young (Normal) (G1 Evacuation Pause) 441M->201M(512M) 3.865ms
[2026-06-18T00:41:32.971+0000][11609.757s][info][gc,cpu        ] GC(663) User=0.03s Sys=0.00s Real=0.00s
[2026-06-18T00:41:34.118+0000][11610.905s][info][gc,start      ] GC(664) Pause Young (Concurrent Start) (G1 Evacuation Pause)
[2026-06-18T00:41:34.119+0000][11610.905s][info][gc,task       ] GC(664) Using 13 workers of 13 for evacuation
[2026-06-18T00:41:34.121+0000][11610.908s][info][gc,phases     ] GC(664)   Pre Evacuate Collection Set: 0.3ms
[2026-06-18T00:41:34.122+0000][11610.908s][info][gc,phases     ] GC(664)   Evacuate Collection Set: 2.1ms
[2026-06-18T00:41:34.122+0000][11610.908s][info][gc,phases     ] GC(664)   Post Evacuate Collection Set: 0.4ms
[2026-06-18T00:41:34.122+0000][11610.908s][info][gc,phases     ] GC(664)   Other: 0.4ms
[2026-06-18T00:41:34.122+0000][11610.908s][info][gc,heap       ] GC(664) Eden regions: 239->0(235)
[2026-06-18T00:41:34.122+0000][11610.908s][info][gc,heap       ] GC(664) Survivor regions: 6->10(31)
[2026-06-18T00:41:34.122+0000][11610.908s][info][gc,heap       ] GC(664) Old regions: 50->50
[2026-06-18T00:41:34.122+0000][11610.908s][info][gc,heap       ] GC(664) Humongous regions: 147->147
[2026-06-18T00:41:34.122+0000][11610.908s][info][gc,metaspace  ] GC(664) Metaspace: 52592K(55296K)->52592K(55296K) NonClass: 46663K(48128K)->46663K(48128K) Class: 5929K(7168K)->5929K(7168K)
[2026-06-18T00:41:34.122+0000][11610.908s][info][gc            ] GC(664) Pause Young (Concurrent Start) (G1 Evacuation Pause) 440M->205M(512M) 3.770ms
[2026-06-18T00:41:34.122+0000][11610.908s][info][gc,cpu        ] GC(664) User=0.03s Sys=0.00s Real=0.00s
[2026-06-18T00:41:34.122+0000][11610.909s][info][gc            ] GC(665) Concurrent Cycle
[2026-06-18T00:41:34.122+0000][11610.909s][info][gc,marking    ] GC(665) Concurrent Clear Claimed Marks
[2026-06-18T00:41:34.123+0000][11610.909s][info][gc,marking    ] GC(665) Concurrent Clear Claimed Marks 0.334ms
[2026-06-18T00:41:34.123+0000][11610.909s][info][gc,marking    ] GC(665) Concurrent Scan Root Regions
[2026-06-18T00:41:34.124+0000][11610.910s][info][gc,marking    ] GC(665) Concurrent Scan Root Regions 1.267ms
[2026-06-18T00:41:34.124+0000][11610.910s][info][gc,marking    ] GC(665) Concurrent Mark (11610.910s)
[2026-06-18T00:41:34.124+0000][11610.910s][info][gc,marking    ] GC(665) Concurrent Mark From Roots
[2026-06-18T00:41:34.124+0000][11610.910s][info][gc,task       ] GC(665) Using 3 workers of 3 for marking
[2026-06-18T00:41:34.130+0000][11610.917s][info][gc,marking    ] GC(665) Concurrent Mark From Roots 6.256ms
[2026-06-18T00:41:34.131+0000][11610.917s][info][gc,marking    ] GC(665) Concurrent Preclean
[2026-06-18T00:41:34.131+0000][11610.917s][info][gc,marking    ] GC(665) Concurrent Preclean 0.191ms
[2026-06-18T00:41:34.131+0000][11610.917s][info][gc,marking    ] GC(665) Concurrent Mark (11610.910s, 11610.917s) 6.680ms
[2026-06-18T00:41:34.131+0000][11610.917s][info][gc,start      ] GC(665) Pause Remark
[2026-06-18T00:41:34.133+0000][11610.920s][info][gc,stringtable] GC(665) Cleaned string and symbol table, strings: 17338 processed, 0 removed, symbols: 125074 processed, 0 removed
[2026-06-18T00:41:34.134+0000][11610.920s][info][gc            ] GC(665) Pause Remark 209M->208M(512M) 2.595ms
[2026-06-18T00:41:34.134+0000][11610.920s][info][gc,cpu        ] GC(665) User=0.02s Sys=0.00s Real=0.00s
[2026-06-18T00:41:34.134+0000][11610.920s][info][gc,marking    ] GC(665) Concurrent Rebuild Remembered Sets
[2026-06-18T00:41:34.138+0000][11610.925s][info][gc,marking    ] GC(665) Concurrent Rebuild Remembered Sets 4.734ms
[2026-06-18T00:41:34.139+0000][11610.925s][info][gc,start      ] GC(665) Pause Cleanup
[2026-06-18T00:41:34.139+0000][11610.925s][info][gc            ] GC(665) Pause Cleanup 209M->209M(512M) 0.213ms
[2026-06-18T00:41:34.139+0000][11610.925s][info][gc,cpu        ] GC(665) User=0.00s Sys=0.00s Real=0.00s
[2026-06-18T00:41:34.139+0000][11610.925s][info][gc,marking    ] GC(665) Concurrent Cleanup for Next Mark
[2026-06-18T00:41:34.139+0000][11610.926s][info][gc,marking    ] GC(665) Concurrent Cleanup for Next Mark 0.155ms
[2026-06-18T00:41:34.139+0000][11610.926s][info][gc            ] GC(665) Concurrent Cycle 17.129ms
[2026-06-18T00:42:22.491+0000][11659.277s][info][gc,start      ] GC(666) Pause Young (Prepare Mixed) (G1 Evacuation Pause)
[2026-06-18T00:42:22.491+0000][11659.277s][info][gc,task       ] GC(666) Using 13 workers of 13 for evacuation
[2026-06-18T00:42:22.493+0000][11659.279s][info][gc,phases     ] GC(666)   Pre Evacuate Collection Set: 0.0ms
[2026-06-18T00:42:22.493+0000][11659.279s][info][gc,phases     ] GC(666)   Evacuate Collection Set: 1.8ms
[2026-06-18T00:42:22.493+0000][11659.279s][info][gc,phases     ] GC(666)   Post Evacuate Collection Set: 0.4ms
[2026-06-18T00:42:22.493+0000][11659.279s][info][gc,phases     ] GC(666)   Other: 0.4ms
[2026-06-18T00:42:22.493+0000][11659.279s][info][gc,heap       ] GC(666) Eden regions: 235->0(19)
[2026-06-18T00:42:22.493+0000][11659.279s][info][gc,heap       ] GC(666) Survivor regions: 10->6(31)
[2026-06-18T00:42:22.493+0000][11659.280s][info][gc,heap       ] GC(666) Old regions: 49->49
[2026-06-18T00:42:22.493+0000][11659.280s][info][gc,heap       ] GC(666) Humongous regions: 147->147
[2026-06-18T00:42:22.494+0000][11659.280s][info][gc,metaspace  ] GC(666) Metaspace: 52594K(55296K)->52594K(55296K) NonClass: 46664K(48128K)->46664K(48128K) Class: 5929K(7168K)->5929K(7168K)
[2026-06-18T00:42:22.494+0000][11659.280s][info][gc            ] GC(666) Pause Young (Prepare Mixed) (G1 Evacuation Pause) 439M->201M(512M) 2.992ms
[2026-06-18T00:42:22.494+0000][11659.280s][info][gc,cpu        ] GC(666) User=0.02s Sys=0.00s Real=0.00s
[2026-06-18T00:42:22.606+0000][11659.392s][info][gc,start      ] GC(667) Pause Young (Mixed) (G1 Evacuation Pause)
[2026-06-18T00:42:22.606+0000][11659.392s][info][gc,task       ] GC(667) Using 13 workers of 13 for evacuation
[2026-06-18T00:42:22.609+0000][11659.395s][info][gc,phases     ] GC(667)   Pre Evacuate Collection Set: 0.0ms
[2026-06-18T00:42:22.609+0000][11659.395s][info][gc,phases     ] GC(667)   Evacuate Collection Set: 2.5ms
[2026-06-18T00:42:22.609+0000][11659.395s][info][gc,phases     ] GC(667)   Post Evacuate Collection Set: 0.3ms
[2026-06-18T00:42:22.609+0000][11659.395s][info][gc,phases     ] GC(667)   Other: 0.4ms
[2026-06-18T00:42:22.609+0000][11659.395s][info][gc,heap       ] GC(667) Eden regions: 19->0(242)
[2026-06-18T00:42:22.609+0000][11659.395s][info][gc,heap       ] GC(667) Survivor regions: 6->2(4)
[2026-06-18T00:42:22.609+0000][11659.395s][info][gc,heap       ] GC(667) Old regions: 49->50
[2026-06-18T00:42:22.609+0000][11659.395s][info][gc,heap       ] GC(667) Humongous regions: 147->147
[2026-06-18T00:42:22.609+0000][11659.396s][info][gc,metaspace  ] GC(667) Metaspace: 52594K(55296K)->52594K(55296K) NonClass: 46664K(48128K)->46664K(48128K) Class: 5929K(7168K)->5929K(7168K)
[2026-06-18T00:42:22.610+0000][11659.396s][info][gc            ] GC(667) Pause Young (Mixed) (G1 Evacuation Pause) 220M->198M(512M) 3.784ms
[2026-06-18T00:42:22.610+0000][11659.396s][info][gc,cpu        ] GC(667) User=0.02s Sys=0.00s Real=0.01s
[2026-06-18T00:42:24.037+0000][11660.823s][info][gc,start      ] GC(668) Pause Young (Normal) (G1 Evacuation Pause)
[2026-06-18T00:42:24.037+0000][11660.823s][info][gc,task       ] GC(668) Using 13 workers of 13 for evacuation
[2026-06-18T00:42:24.040+0000][11660.826s][info][gc,phases     ] GC(668)   Pre Evacuate Collection Set: 0.0ms
[2026-06-18T00:42:24.040+0000][11660.826s][info][gc,phases     ] GC(668)   Evacuate Collection Set: 2.4ms
[2026-06-18T00:42:24.040+0000][11660.826s][info][gc,phases     ] GC(668)   Post Evacuate Collection Set: 0.5ms
[2026-06-18T00:42:24.040+0000][11660.826s][info][gc,phases     ] GC(668)   Other: 0.4ms
[2026-06-18T00:42:24.040+0000][11660.826s][info][gc,heap       ] GC(668) Eden regions: 242->0(237)
[2026-06-18T00:42:24.040+0000][11660.827s][info][gc,heap       ] GC(668) Survivor regions: 2->8(31)
[2026-06-18T00:42:24.041+0000][11660.827s][info][gc,heap       ] GC(668) Old regions: 50->50
[2026-06-18T00:42:24.041+0000][11660.827s][info][gc,heap       ] GC(668) Humongous regions: 147->147
[2026-06-18T00:42:24.041+0000][11660.827s][info][gc,metaspace  ] GC(668) Metaspace: 52594K(55296K)->52594K(55296K) NonClass: 46664K(48128K)->46664K(48128K) Class: 5929K(7168K)->5929K(7168K)
[2026-06-18T00:42:24.041+0000][11660.827s][info][gc            ] GC(668) Pause Young (Normal) (G1 Evacuation Pause) 440M->204M(512M) 3.913ms
[2026-06-18T00:42:24.041+0000][11660.827s][info][gc,cpu        ] GC(668) User=0.03s Sys=0.00s Real=0.00s
[2026-06-18T00:42:25.283+0000][11662.069s][info][gc,start      ] GC(669) Pause Young (Normal) (G1 Evacuation Pause)
[2026-06-18T00:42:25.283+0000][11662.069s][info][gc,task       ] GC(669) Using 13 workers of 13 for evacuation
[2026-06-18T00:42:25.285+0000][11662.071s][info][gc,phases     ] GC(669)   Pre Evacuate Collection Set: 0.0ms
[2026-06-18T00:42:25.285+0000][11662.071s][info][gc,phases     ] GC(669)   Evacuate Collection Set: 1.2ms
[2026-06-18T00:42:25.285+0000][11662.071s][info][gc,phases     ] GC(669)   Post Evacuate Collection Set: 0.4ms
[2026-06-18T00:42:25.285+0000][11662.071s][info][gc,phases     ] GC(669)   Other: 0.3ms
[2026-06-18T00:42:25.285+0000][11662.071s][info][gc,heap       ] GC(669) Eden regions: 237->0(240)
[2026-06-18T00:42:25.285+0000][11662.071s][info][gc,heap       ] GC(669) Survivor regions: 8->5(31)
[2026-06-18T00:42:25.285+0000][11662.071s][info][gc,heap       ] GC(669) Old regions: 50->50
[2026-06-18T00:42:25.285+0000][11662.071s][info][gc,heap       ] GC(669) Humongous regions: 147->147
[2026-06-18T00:42:25.285+0000][11662.071s][info][gc,metaspace  ] GC(669) Metaspace: 52594K(55296K)->52594K(55296K) NonClass: 46664K(48128K)->46664K(48128K) Class: 5929K(7168K)->5929K(7168K)
[2026-06-18T00:42:25.285+0000][11662.071s][info][gc            ] GC(669) Pause Young (Normal) (G1 Evacuation Pause) 441M->201M(512M) 2.437ms
[2026-06-18T00:42:25.285+0000][11662.071s][info][gc,cpu        ] GC(669) User=0.01s Sys=0.00s Real=0.00s
[2026-06-18T00:42:26.432+0000][11663.218s][info][gc,start      ] GC(670) Pause Young (Concurrent Start) (G1 Evacuation Pause)
[2026-06-18T00:42:26.432+0000][11663.218s][info][gc,task       ] GC(670) Using 13 workers of 13 for evacuation
[2026-06-18T00:42:26.436+0000][11663.222s][info][gc,phases     ] GC(670)   Pre Evacuate Collection Set: 0.3ms
[2026-06-18T00:42:26.436+0000][11663.222s][info][gc,phases     ] GC(670)   Evacuate Collection Set: 2.9ms
[2026-06-18T00:42:26.436+0000][11663.222s][info][gc,phases     ] GC(670)   Post Evacuate Collection Set: 0.4ms
[2026-06-18T00:42:26.436+0000][11663.222s][info][gc,phases     ] GC(670)   Other: 0.3ms
[2026-06-18T00:42:26.436+0000][11663.222s][info][gc,heap       ] GC(670) Eden regions: 240->0(236)
[2026-06-18T00:42:26.436+0000][11663.222s][info][gc,heap       ] GC(670) Survivor regions: 5->9(31)
[2026-06-18T00:42:26.436+0000][11663.222s][info][gc,heap       ] GC(670) Old regions: 50->50
[2026-06-18T00:42:26.436+0000][11663.222s][info][gc,heap       ] GC(670) Humongous regions: 147->147
[2026-06-18T00:42:26.436+0000][11663.222s][info][gc,metaspace  ] GC(670) Metaspace: 52594K(55296K)->52594K(55296K) NonClass: 46664K(48128K)->46664K(48128K) Class: 5929K(7168K)->5929K(7168K)
[2026-06-18T00:42:26.436+0000][11663.222s][info][gc            ] GC(670) Pause Young (Concurrent Start) (G1 Evacuation Pause) 441M->205M(512M) 4.389ms
[2026-06-18T00:42:26.436+0000][11663.223s][info][gc,cpu        ] GC(670) User=0.03s Sys=0.00s Real=0.00s
[2026-06-18T00:42:26.437+0000][11663.223s][info][gc            ] GC(671) Concurrent Cycle
[2026-06-18T00:42:26.437+0000][11663.223s][info][gc,marking    ] GC(671) Concurrent Clear Claimed Marks
[2026-06-18T00:42:26.437+0000][11663.223s][info][gc,marking    ] GC(671) Concurrent Clear Claimed Marks 0.265ms
[2026-06-18T00:42:26.437+0000][11663.223s][info][gc,marking    ] GC(671) Concurrent Scan Root Regions
[2026-06-18T00:42:26.438+0000][11663.224s][info][gc,marking    ] GC(671) Concurrent Scan Root Regions 1.304ms
[2026-06-18T00:42:26.438+0000][11663.224s][info][gc,marking    ] GC(671) Concurrent Mark (11663.224s)
[2026-06-18T00:42:26.438+0000][11663.224s][info][gc,marking    ] GC(671) Concurrent Mark From Roots
[2026-06-18T00:42:26.438+0000][11663.225s][info][gc,task       ] GC(671) Using 3 workers of 3 for marking
[2026-06-18T00:42:26.444+0000][11663.230s][info][gc,marking    ] GC(671) Concurrent Mark From Roots 6.004ms
[2026-06-18T00:42:26.444+0000][11663.231s][info][gc,marking    ] GC(671) Concurrent Preclean
[2026-06-18T00:42:26.445+0000][11663.231s][info][gc,marking    ] GC(671) Concurrent Preclean 0.217ms
[2026-06-18T00:42:26.445+0000][11663.231s][info][gc,marking    ] GC(671) Concurrent Mark (11663.224s, 11663.231s) 6.440ms
[2026-06-18T00:42:26.445+0000][11663.231s][info][gc,start      ] GC(671) Pause Remark
[2026-06-18T00:42:26.447+0000][11663.233s][info][gc,stringtable] GC(671) Cleaned string and symbol table, strings: 17338 processed, 0 removed, symbols: 125074 processed, 0 removed
[2026-06-18T00:42:26.448+0000][11663.234s][info][gc            ] GC(671) Pause Remark 209M->209M(512M) 2.603ms
[2026-06-18T00:42:26.448+0000][11663.234s][info][gc,cpu        ] GC(671) User=0.03s Sys=0.00s Real=0.01s
[2026-06-18T00:42:26.448+0000][11663.234s][info][gc,marking    ] GC(671) Concurrent Rebuild Remembered Sets
[2026-06-18T00:42:26.452+0000][11663.238s][info][gc,marking    ] GC(671) Concurrent Rebuild Remembered Sets 4.316ms
[2026-06-18T00:42:26.452+0000][11663.238s][info][gc,start      ] GC(671) Pause Cleanup
[2026-06-18T00:42:26.453+0000][11663.239s][info][gc            ] GC(671) Pause Cleanup 210M->210M(512M) 0.209ms
[2026-06-18T00:42:26.453+0000][11663.239s][info][gc,cpu        ] GC(671) User=0.00s Sys=0.00s Real=0.00s
[2026-06-18T00:42:26.453+0000][11663.239s][info][gc,marking    ] GC(671) Concurrent Cleanup for Next Mark
[2026-06-18T00:42:26.453+0000][11663.239s][info][gc,marking    ] GC(671) Concurrent Cleanup for Next Mark 0.155ms
[2026-06-18T00:42:26.453+0000][11663.239s][info][gc            ] GC(671) Concurrent Cycle 16.477ms
[2026-06-18T00:43:15.000+0000][11711.785s][info][gc,start      ] GC(672) Pause Young (Prepare Mixed) (G1 Evacuation Pause)
[2026-06-18T00:43:15.000+0000][11711.786s][info][gc,task       ] GC(672) Using 13 workers of 13 for evacuation
[2026-06-18T00:43:15.004+0000][11711.790s][info][gc,phases     ] GC(672)   Pre Evacuate Collection Set: 0.0ms
[2026-06-18T00:43:15.005+0000][11711.790s][info][gc,phases     ] GC(672)   Evacuate Collection Set: 4.0ms
[2026-06-18T00:43:15.005+0000][11711.790s][info][gc,phases     ] GC(672)   Post Evacuate Collection Set: 0.4ms
[2026-06-18T00:43:15.005+0000][11711.790s][info][gc,phases     ] GC(672)   Other: 0.3ms
[2026-06-18T00:43:15.005+0000][11711.790s][info][gc,heap       ] GC(672) Eden regions: 236->0(20)
[2026-06-18T00:43:15.005+0000][11711.791s][info][gc,heap       ] GC(672) Survivor regions: 9->5(31)
[2026-06-18T00:43:15.005+0000][11711.791s][info][gc,heap       ] GC(672) Old regions: 50->50
[2026-06-18T00:43:15.005+0000][11711.791s][info][gc,heap       ] GC(672) Humongous regions: 147->147
[2026-06-18T00:43:15.005+0000][11711.791s][info][gc,metaspace  ] GC(672) Metaspace: 52594K(55296K)->52594K(55296K) NonClass: 46665K(48128K)->46665K(48128K) Class: 5929K(7168K)->5929K(7168K)
[2026-06-18T00:43:15.005+0000][11711.791s][info][gc            ] GC(672) Pause Young (Prepare Mixed) (G1 Evacuation Pause) 441M->200M(512M) 5.418ms
[2026-06-18T00:43:15.005+0000][11711.791s][info][gc,cpu        ] GC(672) User=0.05s Sys=0.00s Real=0.00s
[2026-06-18T00:43:15.146+0000][11711.932s][info][gc,start      ] GC(673) Pause Young (Mixed) (G1 Evacuation Pause)
[2026-06-18T00:43:15.146+0000][11711.932s][info][gc,task       ] GC(673) Using 13 workers of 13 for evacuation
[2026-06-18T00:43:15.151+0000][11711.936s][info][gc,phases     ] GC(673)   Pre Evacuate Collection Set: 0.0ms
[2026-06-18T00:43:15.151+0000][11711.936s][info][gc,phases     ] GC(673)   Evacuate Collection Set: 3.8ms
[2026-06-18T00:43:15.151+0000][11711.937s][info][gc,phases     ] GC(673)   Post Evacuate Collection Set: 0.4ms
[2026-06-18T00:43:15.151+0000][11711.937s][info][gc,phases     ] GC(673)   Other: 0.3ms
[2026-06-18T00:43:15.151+0000][11711.937s][info][gc,heap       ] GC(673) Eden regions: 20->0(244)
[2026-06-18T00:43:15.151+0000][11711.937s][info][gc,heap       ] GC(673) Survivor regions: 5->4(4)
[2026-06-18T00:43:15.151+0000][11711.937s][info][gc,heap       ] GC(673) Old regions: 50->47
[2026-06-18T00:43:15.151+0000][11711.937s][info][gc,heap       ] GC(673) Humongous regions: 147->147
[2026-06-18T00:43:15.151+0000][11711.937s][info][gc,metaspace  ] GC(673) Metaspace: 52594K(55296K)->52594K(55296K) NonClass: 46665K(48128K)->46665K(48128K) Class: 5929K(7168K)->5929K(7168K)
[2026-06-18T00:43:15.151+0000][11711.937s][info][gc            ] GC(673) Pause Young (Mixed) (G1 Evacuation Pause) 220M->196M(512M) 5.507ms
[2026-06-18T00:43:15.152+0000][11711.937s][info][gc,cpu        ] GC(673) User=0.03s Sys=0.00s Real=0.01s
[2026-06-18T00:43:16.689+0000][11713.474s][info][gc,start      ] GC(674) Pause Young (Normal) (G1 Evacuation Pause)
[2026-06-18T00:43:16.689+0000][11713.475s][info][gc,task       ] GC(674) Using 13 workers of 13 for evacuation
[2026-06-18T00:43:16.691+0000][11713.477s][info][gc,phases     ] GC(674)   Pre Evacuate Collection Set: 0.0ms
[2026-06-18T00:43:16.691+0000][11713.477s][info][gc,phases     ] GC(674)   Evacuate Collection Set: 1.6ms
[2026-06-18T00:43:16.691+0000][11713.477s][info][gc,phases     ] GC(674)   Post Evacuate Collection Set: 0.4ms
[2026-06-18T00:43:16.691+0000][11713.477s][info][gc,phases     ] GC(674)   Other: 0.3ms
[2026-06-18T00:43:16.691+0000][11713.477s][info][gc,heap       ] GC(674) Eden regions: 244->0(242)
[2026-06-18T00:43:16.691+0000][11713.477s][info][gc,heap       ] GC(674) Survivor regions: 4->7(31)
[2026-06-18T00:43:16.691+0000][11713.477s][info][gc,heap       ] GC(674) Old regions: 47->47
[2026-06-18T00:43:16.691+0000][11713.477s][info][gc,heap       ] GC(674) Humongous regions: 147->147
[2026-06-18T00:43:16.691+0000][11713.477s][info][gc,metaspace  ] GC(674) Metaspace: 52594K(55296K)->52594K(55296K) NonClass: 46665K(48128K)->46665K(48128K) Class: 5929K(7168K)->5929K(7168K)
[2026-06-18T00:43:16.692+0000][11713.477s][info][gc            ] GC(674) Pause Young (Normal) (G1 Evacuation Pause) 440M->199M(512M) 2.835ms
[2026-06-18T00:43:16.692+0000][11713.477s][info][gc,cpu        ] GC(674) User=0.02s Sys=0.00s Real=0.00s
[2026-06-18T00:43:17.906+0000][11714.692s][info][gc,start      ] GC(675) Pause Young (Normal) (G1 Evacuation Pause)
[2026-06-18T00:43:17.906+0000][11714.692s][info][gc,task       ] GC(675) Using 13 workers of 13 for evacuation
[2026-06-18T00:43:17.909+0000][11714.695s][info][gc,phases     ] GC(675)   Pre Evacuate Collection Set: 0.0ms
[2026-06-18T00:43:17.910+0000][11714.695s][info][gc,phases     ] GC(675)   Evacuate Collection Set: 2.6ms
[2026-06-18T00:43:17.910+0000][11714.695s][info][gc,phases     ] GC(675)   Post Evacuate Collection Set: 0.4ms
[2026-06-18T00:43:17.910+0000][11714.695s][info][gc,phases     ] GC(675)   Other: 0.3ms
[2026-06-18T00:43:17.910+0000][11714.696s][info][gc,heap       ] GC(675) Eden regions: 242->0(246)
[2026-06-18T00:43:17.910+0000][11714.696s][info][gc,heap       ] GC(675) Survivor regions: 7->4(32)
[2026-06-18T00:43:17.910+0000][11714.696s][info][gc,heap       ] GC(675) Old regions: 47->47
[2026-06-18T00:43:17.910+0000][11714.696s][info][gc,heap       ] GC(675) Humongous regions: 147->147
[2026-06-18T00:43:17.910+0000][11714.696s][info][gc,metaspace  ] GC(675) Metaspace: 52594K(55296K)->52594K(55296K) NonClass: 46665K(48128K)->46665K(48128K) Class: 5929K(7168K)->5929K(7168K)
[2026-06-18T00:43:17.910+0000][11714.696s][info][gc            ] GC(675) Pause Young (Normal) (G1 Evacuation Pause) 441M->196M(512M) 3.933ms
[2026-06-18T00:43:17.910+0000][11714.696s][info][gc,cpu        ] GC(675) User=0.03s Sys=0.00s Real=0.01s
[2026-06-18T00:44:06.216+0000][11763.002s][info][gc,start      ] GC(676) Pause Young (Concurrent Start) (G1 Evacuation Pause)
[2026-06-18T00:44:06.216+0000][11763.002s][info][gc,task       ] GC(676) Using 13 workers of 13 for evacuation
[2026-06-18T00:44:06.219+0000][11763.005s][info][gc,phases     ] GC(676)   Pre Evacuate Collection Set: 0.3ms
[2026-06-18T00:44:06.219+0000][11763.005s][info][gc,phases     ] GC(676)   Evacuate Collection Set: 2.1ms
[2026-06-18T00:44:06.219+0000][11763.005s][info][gc,phases     ] GC(676)   Post Evacuate Collection Set: 0.3ms
[2026-06-18T00:44:06.219+0000][11763.005s][info][gc,phases     ] GC(676)   Other: 0.3ms
[2026-06-18T00:44:06.220+0000][11763.005s][info][gc,heap       ] GC(676) Eden regions: 246->0(243)
[2026-06-18T00:44:06.220+0000][11763.005s][info][gc,heap       ] GC(676) Survivor regions: 4->8(32)
[2026-06-18T00:44:06.220+0000][11763.005s][info][gc,heap       ] GC(676) Old regions: 47->47
[2026-06-18T00:44:06.220+0000][11763.005s][info][gc,heap       ] GC(676) Humongous regions: 147->147
[2026-06-18T00:44:06.220+0000][11763.005s][info][gc,metaspace  ] GC(676) Metaspace: 52598K(55296K)->52598K(55296K) NonClass: 46669K(48128K)->46669K(48128K) Class: 5929K(7168K)->5929K(7168K)
[2026-06-18T00:44:06.220+0000][11763.005s][info][gc            ] GC(676) Pause Young (Concurrent Start) (G1 Evacuation Pause) 442M->200M(512M) 3.526ms
[2026-06-18T00:44:06.220+0000][11763.005s][info][gc,cpu        ] GC(676) User=0.02s Sys=0.00s Real=0.01s
[2026-06-18T00:44:06.220+0000][11763.005s][info][gc            ] GC(677) Concurrent Cycle
[2026-06-18T00:44:06.220+0000][11763.005s][info][gc,marking    ] GC(677) Concurrent Clear Claimed Marks
[2026-06-18T00:44:06.220+0000][11763.005s][info][gc,marking    ] GC(677) Concurrent Clear Claimed Marks 0.171ms
[2026-06-18T00:44:06.220+0000][11763.006s][info][gc,marking    ] GC(677) Concurrent Scan Root Regions
[2026-06-18T00:44:06.222+0000][11763.007s][info][gc,marking    ] GC(677) Concurrent Scan Root Regions 1.370ms
[2026-06-18T00:44:06.222+0000][11763.007s][info][gc,marking    ] GC(677) Concurrent Mark (11763.007s)
[2026-06-18T00:44:06.222+0000][11763.007s][info][gc,marking    ] GC(677) Concurrent Mark From Roots
[2026-06-18T00:44:06.222+0000][11763.007s][info][gc,task       ] GC(677) Using 3 workers of 3 for marking
[2026-06-18T00:44:06.228+0000][11763.013s][info][gc,marking    ] GC(677) Concurrent Mark From Roots 6.177ms
[2026-06-18T00:44:06.228+0000][11763.013s][info][gc,marking    ] GC(677) Concurrent Preclean
[2026-06-18T00:44:06.228+0000][11763.014s][info][gc,marking    ] GC(677) Concurrent Preclean 0.209ms
[2026-06-18T00:44:06.228+0000][11763.014s][info][gc,marking    ] GC(677) Concurrent Mark (11763.007s, 11763.014s) 6.705ms
[2026-06-18T00:44:06.229+0000][11763.014s][info][gc,start      ] GC(677) Pause Remark
[2026-06-18T00:44:06.231+0000][11763.017s][info][gc,stringtable] GC(677) Cleaned string and symbol table, strings: 17340 processed, 0 removed, symbols: 125074 processed, 0 removed
[2026-06-18T00:44:06.232+0000][11763.017s][info][gc            ] GC(677) Pause Remark 203M->203M(512M) 2.817ms
[2026-06-18T00:44:06.232+0000][11763.017s][info][gc,cpu        ] GC(677) User=0.02s Sys=0.00s Real=0.00s
[2026-06-18T00:44:06.232+0000][11763.017s][info][gc,marking    ] GC(677) Concurrent Rebuild Remembered Sets
[2026-06-18T00:44:06.236+0000][11763.022s][info][gc,marking    ] GC(677) Concurrent Rebuild Remembered Sets 4.656ms
[2026-06-18T00:44:06.237+0000][11763.022s][info][gc,start      ] GC(677) Pause Cleanup
[2026-06-18T00:44:06.237+0000][11763.022s][info][gc            ] GC(677) Pause Cleanup 206M->206M(512M) 0.222ms
[2026-06-18T00:44:06.237+0000][11763.022s][info][gc,cpu        ] GC(677) User=0.00s Sys=0.00s Real=0.00s
[2026-06-18T00:44:06.237+0000][11763.022s][info][gc,marking    ] GC(677) Concurrent Cleanup for Next Mark
[2026-06-18T00:44:06.237+0000][11763.023s][info][gc,marking    ] GC(677) Concurrent Cleanup for Next Mark 0.168ms
[2026-06-18T00:44:06.237+0000][11763.023s][info][gc            ] GC(677) Concurrent Cycle 17.485ms
[2026-06-18T00:44:07.836+0000][11764.621s][info][gc,start      ] GC(678) Pause Young (Prepare Mixed) (G1 Evacuation Pause)
[2026-06-18T00:44:07.836+0000][11764.621s][info][gc,task       ] GC(678) Using 13 workers of 13 for evacuation
[2026-06-18T00:44:07.838+0000][11764.623s][info][gc,phases     ] GC(678)   Pre Evacuate Collection Set: 0.0ms
[2026-06-18T00:44:07.838+0000][11764.623s][info][gc,phases     ] GC(678)   Evacuate Collection Set: 1.6ms
[2026-06-18T00:44:07.838+0000][11764.623s][info][gc,phases     ] GC(678)   Post Evacuate Collection Set: 0.3ms
[2026-06-18T00:44:07.838+0000][11764.623s][info][gc,phases     ] GC(678)   Other: 0.3ms
[2026-06-18T00:44:07.838+0000][11764.624s][info][gc,heap       ] GC(678) Eden regions: 243->0(21)
[2026-06-18T00:44:07.838+0000][11764.624s][info][gc,heap       ] GC(678) Survivor regions: 8->4(32)
[2026-06-18T00:44:07.838+0000][11764.624s][info][gc,heap       ] GC(678) Old regions: 47->47
[2026-06-18T00:44:07.838+0000][11764.624s][info][gc,heap       ] GC(678) Humongous regions: 147->147
[2026-06-18T00:44:07.838+0000][11764.624s][info][gc,metaspace  ] GC(678) Metaspace: 52598K(55296K)->52598K(55296K) NonClass: 46669K(48128K)->46669K(48128K) Class: 5929K(7168K)->5929K(7168K)
[2026-06-18T00:44:07.838+0000][11764.624s][info][gc            ] GC(678) Pause Young (Prepare Mixed) (G1 Evacuation Pause) 443M->197M(512M) 2.705ms
[2026-06-18T00:44:07.838+0000][11764.624s][info][gc,cpu        ] GC(678) User=0.02s Sys=0.00s Real=0.01s
[2026-06-18T00:44:07.950+0000][11764.736s][info][gc,start      ] GC(679) Pause Young (Mixed) (G1 Evacuation Pause)
[2026-06-18T00:44:07.950+0000][11764.736s][info][gc,task       ] GC(679) Using 13 workers of 13 for evacuation
[2026-06-18T00:44:07.952+0000][11764.738s][info][gc,phases     ] GC(679)   Pre Evacuate Collection Set: 0.0ms
[2026-06-18T00:44:07.952+0000][11764.738s][info][gc,phases     ] GC(679)   Evacuate Collection Set: 1.4ms
[2026-06-18T00:44:07.952+0000][11764.738s][info][gc,phases     ] GC(679)   Post Evacuate Collection Set: 0.3ms
[2026-06-18T00:44:07.952+0000][11764.738s][info][gc,phases     ] GC(679)   Other: 0.4ms
[2026-06-18T00:44:07.953+0000][11764.738s][info][gc,heap       ] GC(679) Eden regions: 21->0(249)
[2026-06-18T00:44:07.953+0000][11764.738s][info][gc,heap       ] GC(679) Survivor regions: 4->3(4)
[2026-06-18T00:44:07.953+0000][11764.738s][info][gc,heap       ] GC(679) Old regions: 47->46
[2026-06-18T00:44:07.953+0000][11764.738s][info][gc,heap       ] GC(679) Humongous regions: 147->147
[2026-06-18T00:44:07.953+0000][11764.738s][info][gc,metaspace  ] GC(679) Metaspace: 52598K(55296K)->52598K(55296K) NonClass: 46669K(48128K)->46669K(48128K) Class: 5929K(7168K)->5929K(7168K)
[2026-06-18T00:44:07.953+0000][11764.738s][info][gc            ] GC(679) Pause Young (Mixed) (G1 Evacuation Pause) 218M->195M(512M) 2.490ms
[2026-06-18T00:44:07.953+0000][11764.738s][info][gc,cpu        ] GC(679) User=0.02s Sys=0.00s Real=0.00s
[2026-06-18T00:44:09.342+0000][11766.128s][info][gc,start      ] GC(680) Pause Young (Normal) (G1 Evacuation Pause)
[2026-06-18T00:44:09.342+0000][11766.128s][info][gc,task       ] GC(680) Using 13 workers of 13 for evacuation
[2026-06-18T00:44:09.345+0000][11766.130s][info][gc,phases     ] GC(680)   Pre Evacuate Collection Set: 0.0ms
[2026-06-18T00:44:09.345+0000][11766.130s][info][gc,phases     ] GC(680)   Evacuate Collection Set: 1.9ms
[2026-06-18T00:44:09.345+0000][11766.130s][info][gc,phases     ] GC(680)   Post Evacuate Collection Set: 0.4ms
[2026-06-18T00:44:09.345+0000][11766.130s][info][gc,phases     ] GC(680)   Other: 0.4ms
[2026-06-18T00:44:09.345+0000][11766.130s][info][gc,heap       ] GC(680) Eden regions: 249->0(246)
[2026-06-18T00:44:09.345+0000][11766.131s][info][gc,heap       ] GC(680) Survivor regions: 3->7(32)
[2026-06-18T00:44:09.345+0000][11766.131s][info][gc,heap       ] GC(680) Old regions: 46->46
[2026-06-18T00:44:09.345+0000][11766.131s][info][gc,heap       ] GC(680) Humongous regions: 147->147
[2026-06-18T00:44:09.345+0000][11766.131s][info][gc,metaspace  ] GC(680) Metaspace: 52598K(55296K)->52598K(55296K) NonClass: 46669K(48128K)->46669K(48128K) Class: 5929K(7168K)->5929K(7168K)
[2026-06-18T00:44:09.345+0000][11766.131s][info][gc            ] GC(680) Pause Young (Normal) (G1 Evacuation Pause) 444M->199M(512M) 3.250ms
[2026-06-18T00:44:09.346+0000][11766.131s][info][gc,cpu        ] GC(680) User=0.01s Sys=0.00s Real=0.00s
[2026-06-18T00:44:10.652+0000][11767.438s][info][gc,start      ] GC(681) Pause Young (Normal) (G1 Evacuation Pause)
[2026-06-18T00:44:10.652+0000][11767.438s][info][gc,task       ] GC(681) Using 13 workers of 13 for evacuation
[2026-06-18T00:44:10.655+0000][11767.441s][info][gc,phases     ] GC(681)   Pre Evacuate Collection Set: 0.0ms
[2026-06-18T00:44:10.655+0000][11767.441s][info][gc,phases     ] GC(681)   Evacuate Collection Set: 2.1ms
[2026-06-18T00:44:10.656+0000][11767.441s][info][gc,phases     ] GC(681)   Post Evacuate Collection Set: 0.6ms
[2026-06-18T00:44:10.656+0000][11767.441s][info][gc,phases     ] GC(681)   Other: 0.4ms
[2026-06-18T00:44:10.656+0000][11767.441s][info][gc,heap       ] GC(681) Eden regions: 246->0(249)
[2026-06-18T00:44:10.656+0000][11767.441s][info][gc,heap       ] GC(681) Survivor regions: 7->5(32)
[2026-06-18T00:44:10.656+0000][11767.441s][info][gc,heap       ] GC(681) Old regions: 46->46
[2026-06-18T00:44:10.656+0000][11767.441s][info][gc,heap       ] GC(681) Humongous regions: 147->147
[2026-06-18T00:44:10.656+0000][11767.442s][info][gc,metaspace  ] GC(681) Metaspace: 52598K(55296K)->52598K(55296K) NonClass: 46669K(48128K)->46669K(48128K) Class: 5929K(7168K)->5929K(7168K)
[2026-06-18T00:44:10.656+0000][11767.442s][info][gc            ] GC(681) Pause Young (Normal) (G1 Evacuation Pause) 445M->197M(512M) 4.000ms
[2026-06-18T00:44:10.656+0000][11767.442s][info][gc,cpu        ] GC(681) User=0.02s Sys=0.00s Real=0.00s
[2026-06-18T00:44:59.297+0000][11816.082s][info][gc,start      ] GC(682) Pause Young (Concurrent Start) (G1 Evacuation Pause)
[2026-06-18T00:44:59.297+0000][11816.082s][info][gc,task       ] GC(682) Using 13 workers of 13 for evacuation
[2026-06-18T00:44:59.300+0000][11816.085s][info][gc,phases     ] GC(682)   Pre Evacuate Collection Set: 0.3ms
[2026-06-18T00:44:59.300+0000][11816.085s][info][gc,phases     ] GC(682)   Evacuate Collection Set: 2.0ms
[2026-06-18T00:44:59.300+0000][11816.085s][info][gc,phases     ] GC(682)   Post Evacuate Collection Set: 0.4ms
[2026-06-18T00:44:59.301+0000][11816.086s][info][gc,phases     ] GC(682)   Other: 0.3ms
[2026-06-18T00:44:59.301+0000][11816.086s][info][gc,heap       ] GC(682) Eden regions: 249->0(244)
[2026-06-18T00:44:59.301+0000][11816.086s][info][gc,heap       ] GC(682) Survivor regions: 5->9(32)
[2026-06-18T00:44:59.301+0000][11816.086s][info][gc,heap       ] GC(682) Old regions: 46->46
[2026-06-18T00:44:59.301+0000][11816.086s][info][gc,heap       ] GC(682) Humongous regions: 147->147
[2026-06-18T00:44:59.301+0000][11816.086s][info][gc,metaspace  ] GC(682) Metaspace: 52598K(55296K)->52598K(55296K) NonClass: 46669K(48128K)->46669K(48128K) Class: 5929K(7168K)->5929K(7168K)
[2026-06-18T00:44:59.301+0000][11816.086s][info][gc            ] GC(682) Pause Young (Concurrent Start) (G1 Evacuation Pause) 446M->201M(512M) 3.482ms
[2026-06-18T00:44:59.301+0000][11816.086s][info][gc,cpu        ] GC(682) User=0.02s Sys=0.00s Real=0.01s
[2026-06-18T00:44:59.301+0000][11816.086s][info][gc            ] GC(683) Concurrent Cycle
[2026-06-18T00:44:59.301+0000][11816.086s][info][gc,marking    ] GC(683) Concurrent Clear Claimed Marks
[2026-06-18T00:44:59.301+0000][11816.086s][info][gc,marking    ] GC(683) Concurrent Clear Claimed Marks 0.224ms
[2026-06-18T00:44:59.301+0000][11816.086s][info][gc,marking    ] GC(683) Concurrent Scan Root Regions
[2026-06-18T00:44:59.303+0000][11816.088s][info][gc,marking    ] GC(683) Concurrent Scan Root Regions 1.629ms
[2026-06-18T00:44:59.303+0000][11816.088s][info][gc,marking    ] GC(683) Concurrent Mark (11816.088s)
[2026-06-18T00:44:59.303+0000][11816.088s][info][gc,marking    ] GC(683) Concurrent Mark From Roots
[2026-06-18T00:44:59.303+0000][11816.088s][info][gc,task       ] GC(683) Using 3 workers of 3 for marking
[2026-06-18T00:44:59.309+0000][11816.094s][info][gc,marking    ] GC(683) Concurrent Mark From Roots 6.041ms
[2026-06-18T00:44:59.309+0000][11816.094s][info][gc,marking    ] GC(683) Concurrent Preclean
[2026-06-18T00:44:59.310+0000][11816.095s][info][gc,marking    ] GC(683) Concurrent Preclean 0.201ms
[2026-06-18T00:44:59.310+0000][11816.095s][info][gc,marking    ] GC(683) Concurrent Mark (11816.088s, 11816.095s) 6.489ms
[2026-06-18T00:44:59.310+0000][11816.095s][info][gc,start      ] GC(683) Pause Remark
[2026-06-18T00:44:59.312+0000][11816.097s][info][gc,stringtable] GC(683) Cleaned string and symbol table, strings: 17340 processed, 0 removed, symbols: 125074 processed, 0 removed
[2026-06-18T00:44:59.312+0000][11816.097s][info][gc            ] GC(683) Pause Remark 205M->205M(512M) 2.609ms
[2026-06-18T00:44:59.312+0000][11816.097s][info][gc,cpu        ] GC(683) User=0.02s Sys=0.00s Real=0.00s
[2026-06-18T00:44:59.312+0000][11816.097s][info][gc,marking    ] GC(683) Concurrent Rebuild Remembered Sets
[2026-06-18T00:44:59.317+0000][11816.102s][info][gc,marking    ] GC(683) Concurrent Rebuild Remembered Sets 4.643ms
[2026-06-18T00:44:59.317+0000][11816.102s][info][gc,start      ] GC(683) Pause Cleanup
[2026-06-18T00:44:59.317+0000][11816.102s][info][gc            ] GC(683) Pause Cleanup 206M->206M(512M) 0.175ms
[2026-06-18T00:44:59.318+0000][11816.103s][info][gc,cpu        ] GC(683) User=0.00s Sys=0.00s Real=0.00s
[2026-06-18T00:44:59.318+0000][11816.103s][info][gc,marking    ] GC(683) Concurrent Cleanup for Next Mark
[2026-06-18T00:44:59.318+0000][11816.103s][info][gc,marking    ] GC(683) Concurrent Cleanup for Next Mark 0.123ms
[2026-06-18T00:44:59.318+0000][11816.103s][info][gc            ] GC(683) Concurrent Cycle 16.837ms
[2026-06-18T00:45:00.707+0000][11817.492s][info][gc,start      ] GC(684) Pause Young (Prepare Mixed) (G1 Evacuation Pause)
[2026-06-18T00:45:00.707+0000][11817.492s][info][gc,task       ] GC(684) Using 13 workers of 13 for evacuation
[2026-06-18T00:45:00.710+0000][11817.495s][info][gc,phases     ] GC(684)   Pre Evacuate Collection Set: 0.0ms
[2026-06-18T00:45:00.710+0000][11817.495s][info][gc,phases     ] GC(684)   Evacuate Collection Set: 2.1ms
[2026-06-18T00:45:00.710+0000][11817.495s][info][gc,phases     ] GC(684)   Post Evacuate Collection Set: 0.3ms
[2026-06-18T00:45:00.710+0000][11817.495s][info][gc,phases     ] GC(684)   Other: 0.3ms
[2026-06-18T00:45:00.710+0000][11817.495s][info][gc,heap       ] GC(684) Eden regions: 244->0(20)
[2026-06-18T00:45:00.710+0000][11817.495s][info][gc,heap       ] GC(684) Survivor regions: 9->5(32)
[2026-06-18T00:45:00.710+0000][11817.495s][info][gc,heap       ] GC(684) Old regions: 46->46
[2026-06-18T00:45:00.710+0000][11817.495s][info][gc,heap       ] GC(684) Humongous regions: 147->147
[2026-06-18T00:45:00.710+0000][11817.495s][info][gc,metaspace  ] GC(684) Metaspace: 52598K(55296K)->52598K(55296K) NonClass: 46669K(48128K)->46669K(48128K) Class: 5929K(7168K)->5929K(7168K)
[2026-06-18T00:45:00.710+0000][11817.495s][info][gc            ] GC(684) Pause Young (Prepare Mixed) (G1 Evacuation Pause) 445M->197M(512M) 3.293ms
[2026-06-18T00:45:00.710+0000][11817.495s][info][gc,cpu        ] GC(684) User=0.03s Sys=0.00s Real=0.01s
[2026-06-18T00:45:00.835+0000][11817.620s][info][gc,start      ] GC(685) Pause Young (Mixed) (G1 Evacuation Pause)
[2026-06-18T00:45:00.835+0000][11817.620s][info][gc,task       ] GC(685) Using 13 workers of 13 for evacuation
[2026-06-18T00:45:00.839+0000][11817.624s][info][gc,phases     ] GC(685)   Pre Evacuate Collection Set: 0.0ms
[2026-06-18T00:45:00.839+0000][11817.624s][info][gc,phases     ] GC(685)   Evacuate Collection Set: 3.4ms
[2026-06-18T00:45:00.840+0000][11817.625s][info][gc,phases     ] GC(685)   Post Evacuate Collection Set: 0.3ms
[2026-06-18T00:45:00.840+0000][11817.625s][info][gc,phases     ] GC(685)   Other: 0.4ms
[2026-06-18T00:45:00.840+0000][11817.625s][info][gc,heap       ] GC(685) Eden regions: 20->0(248)
[2026-06-18T00:45:00.840+0000][11817.625s][info][gc,heap       ] GC(685) Survivor regions: 5->4(4)
[2026-06-18T00:45:00.840+0000][11817.625s][info][gc,heap       ] GC(685) Old regions: 46->47
[2026-06-18T00:45:00.840+0000][11817.625s][info][gc,heap       ] GC(685) Humongous regions: 147->147
[2026-06-18T00:45:00.840+0000][11817.625s][info][gc,metaspace  ] GC(685) Metaspace: 52598K(55296K)->52598K(55296K) NonClass: 46669K(48128K)->46669K(48128K) Class: 5929K(7168K)->5929K(7168K)
[2026-06-18T00:45:00.840+0000][11817.625s][info][gc            ] GC(685) Pause Young (Mixed) (G1 Evacuation Pause) 217M->196M(512M) 5.164ms
[2026-06-18T00:45:00.841+0000][11817.626s][info][gc,cpu        ] GC(685) User=0.02s Sys=0.00s Real=0.01s
[2026-06-18T00:45:02.087+0000][11818.872s][info][gc,start      ] GC(686) Pause Young (Normal) (G1 Evacuation Pause)
[2026-06-18T00:45:02.087+0000][11818.872s][info][gc,task       ] GC(686) Using 13 workers of 13 for evacuation
[2026-06-18T00:45:02.090+0000][11818.875s][info][gc,phases     ] GC(686)   Pre Evacuate Collection Set: 0.0ms
[2026-06-18T00:45:02.090+0000][11818.875s][info][gc,phases     ] GC(686)   Evacuate Collection Set: 1.8ms
[2026-06-18T00:45:02.090+0000][11818.875s][info][gc,phases     ] GC(686)   Post Evacuate Collection Set: 0.4ms
[2026-06-18T00:45:02.090+0000][11818.875s][info][gc,phases     ] GC(686)   Other: 0.3ms
[2026-06-18T00:45:02.090+0000][11818.875s][info][gc,heap       ] GC(686) Eden regions: 248->0(243)
[2026-06-18T00:45:02.090+0000][11818.875s][info][gc,heap       ] GC(686) Survivor regions: 4->8(32)
[2026-06-18T00:45:02.090+0000][11818.875s][info][gc,heap       ] GC(686) Old regions: 47->47
[2026-06-18T00:45:02.090+0000][11818.875s][info][gc,heap       ] GC(686) Humongous regions: 147->147
[2026-06-18T00:45:02.090+0000][11818.875s][info][gc,metaspace  ] GC(686) Metaspace: 52598K(55296K)->52598K(55296K) NonClass: 46669K(48128K)->46669K(48128K) Class: 5929K(7168K)->5929K(7168K)
[2026-06-18T00:45:02.090+0000][11818.875s][info][gc            ] GC(686) Pause Young (Normal) (G1 Evacuation Pause) 444M->201M(512M) 3.087ms
[2026-06-18T00:45:02.090+0000][11818.875s][info][gc,cpu        ] GC(686) User=0.02s Sys=0.00s Real=0.01s
[2026-06-18T00:45:50.552+0000][11867.337s][info][gc,start      ] GC(687) Pause Young (Normal) (G1 Evacuation Pause)
[2026-06-18T00:45:50.552+0000][11867.337s][info][gc,task       ] GC(687) Using 13 workers of 13 for evacuation
[2026-06-18T00:45:50.557+0000][11867.342s][info][gc,phases     ] GC(687)   Pre Evacuate Collection Set: 0.0ms
[2026-06-18T00:45:50.557+0000][11867.342s][info][gc,phases     ] GC(687)   Evacuate Collection Set: 4.0ms
[2026-06-18T00:45:50.557+0000][11867.342s][info][gc,phases     ] GC(687)   Post Evacuate Collection Set: 0.4ms
[2026-06-18T00:45:50.557+0000][11867.342s][info][gc,phases     ] GC(687)   Other: 0.5ms
[2026-06-18T00:45:50.557+0000][11867.342s][info][gc,heap       ] GC(687) Eden regions: 243->0(247)
[2026-06-18T00:45:50.557+0000][11867.342s][info][gc,heap       ] GC(687) Survivor regions: 8->5(32)
[2026-06-18T00:45:50.557+0000][11867.342s][info][gc,heap       ] GC(687) Old regions: 47->47
[2026-06-18T00:45:50.557+0000][11867.342s][info][gc,heap       ] GC(687) Humongous regions: 147->147
[2026-06-18T00:45:50.557+0000][11867.342s][info][gc,metaspace  ] GC(687) Metaspace: 52598K(55296K)->52598K(55296K) NonClass: 46669K(48128K)->46669K(48128K) Class: 5929K(7168K)->5929K(7168K)
[2026-06-18T00:45:50.558+0000][11867.342s][info][gc            ] GC(687) Pause Young (Normal) (G1 Evacuation Pause) 444M->198M(512M) 5.631ms
[2026-06-18T00:45:50.558+0000][11867.343s][info][gc,cpu        ] GC(687) User=0.02s Sys=0.00s Real=0.00s
[2026-06-18T00:45:52.245+0000][11869.030s][info][gc,start      ] GC(688) Pause Young (Concurrent Start) (G1 Evacuation Pause)
[2026-06-18T00:45:52.245+0000][11869.030s][info][gc,task       ] GC(688) Using 13 workers of 13 for evacuation
[2026-06-18T00:45:52.248+0000][11869.033s][info][gc,phases     ] GC(688)   Pre Evacuate Collection Set: 0.3ms
[2026-06-18T00:45:52.248+0000][11869.033s][info][gc,phases     ] GC(688)   Evacuate Collection Set: 2.3ms
[2026-06-18T00:45:52.248+0000][11869.033s][info][gc,phases     ] GC(688)   Post Evacuate Collection Set: 0.3ms
[2026-06-18T00:45:52.248+0000][11869.033s][info][gc,phases     ] GC(688)   Other: 0.4ms
[2026-06-18T00:45:52.248+0000][11869.033s][info][gc,heap       ] GC(688) Eden regions: 247->0(242)
[2026-06-18T00:45:52.248+0000][11869.033s][info][gc,heap       ] GC(688) Survivor regions: 5->9(32)
[2026-06-18T00:45:52.249+0000][11869.033s][info][gc,heap       ] GC(688) Old regions: 47->47
[2026-06-18T00:45:52.249+0000][11869.034s][info][gc,heap       ] GC(688) Humongous regions: 147->147
[2026-06-18T00:45:52.249+0000][11869.034s][info][gc,metaspace  ] GC(688) Metaspace: 52598K(55296K)->52598K(55296K) NonClass: 46669K(48128K)->46669K(48128K) Class: 5929K(7168K)->5929K(7168K)
[2026-06-18T00:45:52.249+0000][11869.034s][info][gc            ] GC(688) Pause Young (Concurrent Start) (G1 Evacuation Pause) 445M->202M(512M) 3.874ms
[2026-06-18T00:45:52.249+0000][11869.034s][info][gc,cpu        ] GC(688) User=0.03s Sys=0.00s Real=0.01s
[2026-06-18T00:45:52.249+0000][11869.034s][info][gc            ] GC(689) Concurrent Cycle
[2026-06-18T00:45:52.249+0000][11869.034s][info][gc,marking    ] GC(689) Concurrent Clear Claimed Marks
[2026-06-18T00:45:52.249+0000][11869.034s][info][gc,marking    ] GC(689) Concurrent Clear Claimed Marks 0.255ms
[2026-06-18T00:45:52.249+0000][11869.034s][info][gc,marking    ] GC(689) Concurrent Scan Root Regions
[2026-06-18T00:45:52.251+0000][11869.036s][info][gc,marking    ] GC(689) Concurrent Scan Root Regions 1.474ms
[2026-06-18T00:45:52.251+0000][11869.036s][info][gc,marking    ] GC(689) Concurrent Mark (11869.036s)
[2026-06-18T00:45:52.251+0000][11869.036s][info][gc,marking    ] GC(689) Concurrent Mark From Roots
[2026-06-18T00:45:52.251+0000][11869.036s][info][gc,task       ] GC(689) Using 3 workers of 3 for marking
[2026-06-18T00:45:52.256+0000][11869.041s][info][gc,marking    ] GC(689) Concurrent Mark From Roots 5.377ms
[2026-06-18T00:45:52.256+0000][11869.041s][info][gc,marking    ] GC(689) Concurrent Preclean
[2026-06-18T00:45:52.257+0000][11869.042s][info][gc,marking    ] GC(689) Concurrent Preclean 0.193ms
[2026-06-18T00:45:52.257+0000][11869.042s][info][gc,marking    ] GC(689) Concurrent Mark (11869.036s, 11869.042s) 5.865ms
[2026-06-18T00:45:52.257+0000][11869.042s][info][gc,start      ] GC(689) Pause Remark
[2026-06-18T00:45:52.260+0000][11869.045s][info][gc,stringtable] GC(689) Cleaned string and symbol table, strings: 17340 processed, 0 removed, symbols: 125074 processed, 0 removed
[2026-06-18T00:45:52.260+0000][11869.045s][info][gc            ] GC(689) Pause Remark 206M->206M(512M) 3.032ms
[2026-06-18T00:45:52.260+0000][11869.045s][info][gc,cpu        ] GC(689) User=0.03s Sys=0.00s Real=0.01s
[2026-06-18T00:45:52.260+0000][11869.045s][info][gc,marking    ] GC(689) Concurrent Rebuild Remembered Sets
[2026-06-18T00:45:52.265+0000][11869.050s][info][gc,marking    ] GC(689) Concurrent Rebuild Remembered Sets 4.849ms
[2026-06-18T00:45:52.265+0000][11869.050s][info][gc,start      ] GC(689) Pause Cleanup
[2026-06-18T00:45:52.266+0000][11869.050s][info][gc            ] GC(689) Pause Cleanup 206M->206M(512M) 0.221ms
[2026-06-18T00:45:52.266+0000][11869.051s][info][gc,cpu        ] GC(689) User=0.00s Sys=0.00s Real=0.00s
[2026-06-18T00:45:52.266+0000][11869.051s][info][gc,marking    ] GC(689) Concurrent Cleanup for Next Mark
[2026-06-18T00:45:52.266+0000][11869.051s][info][gc,marking    ] GC(689) Concurrent Cleanup for Next Mark 0.161ms
[2026-06-18T00:45:52.266+0000][11869.051s][info][gc            ] GC(689) Concurrent Cycle 17.092ms
[2026-06-18T00:45:53.605+0000][11870.390s][info][gc,start      ] GC(690) Pause Young (Prepare Mixed) (G1 Evacuation Pause)
[2026-06-18T00:45:53.605+0000][11870.390s][info][gc,task       ] GC(690) Using 13 workers of 13 for evacuation
[2026-06-18T00:45:53.608+0000][11870.392s][info][gc,phases     ] GC(690)   Pre Evacuate Collection Set: 0.0ms
[2026-06-18T00:45:53.608+0000][11870.393s][info][gc,phases     ] GC(690)   Evacuate Collection Set: 1.7ms
[2026-06-18T00:45:53.608+0000][11870.393s][info][gc,phases     ] GC(690)   Post Evacuate Collection Set: 0.4ms
[2026-06-18T00:45:53.608+0000][11870.393s][info][gc,phases     ] GC(690)   Other: 0.3ms
[2026-06-18T00:45:53.608+0000][11870.393s][info][gc,heap       ] GC(690) Eden regions: 242->0(19)
[2026-06-18T00:45:53.608+0000][11870.393s][info][gc,heap       ] GC(690) Survivor regions: 9->6(32)
[2026-06-18T00:45:53.608+0000][11870.393s][info][gc,heap       ] GC(690) Old regions: 47->47
[2026-06-18T00:45:53.608+0000][11870.393s][info][gc,heap       ] GC(690) Humongous regions: 147->147
[2026-06-18T00:45:53.608+0000][11870.393s][info][gc,metaspace  ] GC(690) Metaspace: 52598K(55296K)->52598K(55296K) NonClass: 46669K(48128K)->46669K(48128K) Class: 5929K(7168K)->5929K(7168K)
[2026-06-18T00:45:53.608+0000][11870.393s][info][gc            ] GC(690) Pause Young (Prepare Mixed) (G1 Evacuation Pause) 444M->198M(512M) 2.975ms
[2026-06-18T00:45:53.608+0000][11870.393s][info][gc,cpu        ] GC(690) User=0.02s Sys=0.00s Real=0.01s
[2026-06-18T00:45:53.699+0000][11870.484s][info][gc,start      ] GC(691) Pause Young (Mixed) (G1 Evacuation Pause)
[2026-06-18T00:45:53.700+0000][11870.485s][info][gc,task       ] GC(691) Using 13 workers of 13 for evacuation
[2026-06-18T00:45:53.703+0000][11870.488s][info][gc,phases     ] GC(691)   Pre Evacuate Collection Set: 0.0ms
[2026-06-18T00:45:53.703+0000][11870.488s][info][gc,phases     ] GC(691)   Evacuate Collection Set: 2.9ms
[2026-06-18T00:45:53.703+0000][11870.488s][info][gc,phases     ] GC(691)   Post Evacuate Collection Set: 0.4ms
[2026-06-18T00:45:53.703+0000][11870.488s][info][gc,phases     ] GC(691)   Other: 0.3ms
[2026-06-18T00:45:53.703+0000][11870.488s][info][gc,heap       ] GC(691) Eden regions: 19->0(247)
[2026-06-18T00:45:53.703+0000][11870.488s][info][gc,heap       ] GC(691) Survivor regions: 6->2(4)
[2026-06-18T00:45:53.703+0000][11870.488s][info][gc,heap       ] GC(691) Old regions: 47->50
[2026-06-18T00:45:53.704+0000][11870.488s][info][gc,heap       ] GC(691) Humongous regions: 147->147
[2026-06-18T00:45:53.704+0000][11870.489s][info][gc,metaspace  ] GC(691) Metaspace: 52598K(55296K)->52598K(55296K) NonClass: 46669K(48128K)->46669K(48128K) Class: 5929K(7168K)->5929K(7168K)
[2026-06-18T00:45:53.704+0000][11870.489s][info][gc            ] GC(691) Pause Young (Mixed) (G1 Evacuation Pause) 217M->197M(512M) 4.212ms
[2026-06-18T00:45:53.704+0000][11870.489s][info][gc,cpu        ] GC(691) User=0.03s Sys=0.01s Real=0.00s
[2026-06-18T00:45:54.958+0000][11871.743s][info][gc,start      ] GC(692) Pause Young (Normal) (G1 Evacuation Pause)
[2026-06-18T00:45:54.958+0000][11871.743s][info][gc,task       ] GC(692) Using 13 workers of 13 for evacuation
[2026-06-18T00:45:54.963+0000][11871.748s][info][gc,phases     ] GC(692)   Pre Evacuate Collection Set: 0.0ms
[2026-06-18T00:45:54.963+0000][11871.748s][info][gc,phases     ] GC(692)   Evacuate Collection Set: 3.8ms
[2026-06-18T00:45:54.963+0000][11871.748s][info][gc,phases     ] GC(692)   Post Evacuate Collection Set: 0.4ms
[2026-06-18T00:45:54.963+0000][11871.748s][info][gc,phases     ] GC(692)   Other: 0.3ms
[2026-06-18T00:45:54.963+0000][11871.748s][info][gc,heap       ] GC(692) Eden regions: 247->0(239)
[2026-06-18T00:45:54.963+0000][11871.748s][info][gc,heap       ] GC(692) Survivor regions: 2->8(32)
[2026-06-18T00:45:54.963+0000][11871.748s][info][gc,heap       ] GC(692) Old regions: 50->50
[2026-06-18T00:45:54.963+0000][11871.748s][info][gc,heap       ] GC(692) Humongous regions: 147->147
[2026-06-18T00:45:54.963+0000][11871.748s][info][gc,metaspace  ] GC(692) Metaspace: 52598K(55296K)->52598K(55296K) NonClass: 46669K(48128K)->46669K(48128K) Class: 5929K(7168K)->5929K(7168K)
[2026-06-18T00:45:54.963+0000][11871.748s][info][gc            ] GC(692) Pause Young (Normal) (G1 Evacuation Pause) 444M->204M(512M) 5.213ms
[2026-06-18T00:45:54.963+0000][11871.748s][info][gc,cpu        ] GC(692) User=0.03s Sys=0.00s Real=0.00s
[2026-06-18T00:46:43.864+0000][11920.649s][info][gc,start      ] GC(693) Pause Young (Normal) (G1 Evacuation Pause)
[2026-06-18T00:46:43.866+0000][11920.650s][info][gc,task       ] GC(693) Using 13 workers of 13 for evacuation
[2026-06-18T00:46:43.876+0000][11920.661s][info][gc,phases     ] GC(693)   Pre Evacuate Collection Set: 0.0ms
[2026-06-18T00:46:43.876+0000][11920.661s][info][gc,phases     ] GC(693)   Evacuate Collection Set: 9.6ms
[2026-06-18T00:46:43.876+0000][11920.661s][info][gc,phases     ] GC(693)   Post Evacuate Collection Set: 0.5ms
[2026-06-18T00:46:43.876+0000][11920.661s][info][gc,phases     ] GC(693)   Other: 1.8ms
[2026-06-18T00:46:43.877+0000][11920.661s][info][gc,heap       ] GC(693) Eden regions: 239->0(242)
[2026-06-18T00:46:43.877+0000][11920.661s][info][gc,heap       ] GC(693) Survivor regions: 8->5(31)
[2026-06-18T00:46:43.877+0000][11920.661s][info][gc,heap       ] GC(693) Old regions: 50->50
[2026-06-18T00:46:43.877+0000][11920.661s][info][gc,heap       ] GC(693) Humongous regions: 147->147
[2026-06-18T00:46:43.877+0000][11920.661s][info][gc,metaspace  ] GC(693) Metaspace: 52598K(55296K)->52598K(55296K) NonClass: 46669K(48128K)->46669K(48128K) Class: 5929K(7168K)->5929K(7168K)
[2026-06-18T00:46:43.877+0000][11920.661s][info][gc            ] GC(693) Pause Young (Normal) (G1 Evacuation Pause) 443M->201M(512M) 12.562ms
[2026-06-18T00:46:43.877+0000][11920.661s][info][gc,cpu        ] GC(693) User=0.08s Sys=0.00s Real=0.01s
[2026-06-18T00:46:45.488+0000][11922.272s][info][gc,start      ] GC(694) Pause Young (Concurrent Start) (G1 Evacuation Pause)
[2026-06-18T00:46:45.488+0000][11922.272s][info][gc,task       ] GC(694) Using 13 workers of 13 for evacuation
[2026-06-18T00:46:45.491+0000][11922.276s][info][gc,phases     ] GC(694)   Pre Evacuate Collection Set: 0.3ms
[2026-06-18T00:46:45.492+0000][11922.276s][info][gc,phases     ] GC(694)   Evacuate Collection Set: 2.8ms
[2026-06-18T00:46:45.492+0000][11922.276s][info][gc,phases     ] GC(694)   Post Evacuate Collection Set: 0.3ms
[2026-06-18T00:46:45.492+0000][11922.276s][info][gc,phases     ] GC(694)   Other: 0.3ms
[2026-06-18T00:46:45.492+0000][11922.276s][info][gc,heap       ] GC(694) Eden regions: 242->0(239)
[2026-06-18T00:46:45.492+0000][11922.276s][info][gc,heap       ] GC(694) Survivor regions: 5->8(31)
[2026-06-18T00:46:45.492+0000][11922.276s][info][gc,heap       ] GC(694) Old regions: 50->50
[2026-06-18T00:46:45.492+0000][11922.276s][info][gc,heap       ] GC(694) Humongous regions: 147->147
[2026-06-18T00:46:45.492+0000][11922.276s][info][gc,metaspace  ] GC(694) Metaspace: 52598K(55296K)->52598K(55296K) NonClass: 46669K(48128K)->46669K(48128K) Class: 5929K(7168K)->5929K(7168K)
[2026-06-18T00:46:45.492+0000][11922.276s][info][gc            ] GC(694) Pause Young (Concurrent Start) (G1 Evacuation Pause) 443M->204M(512M) 4.338ms
[2026-06-18T00:46:45.492+0000][11922.276s][info][gc,cpu        ] GC(694) User=0.03s Sys=0.00s Real=0.01s
[2026-06-18T00:46:45.492+0000][11922.277s][info][gc            ] GC(695) Concurrent Cycle
[2026-06-18T00:46:45.492+0000][11922.277s][info][gc,marking    ] GC(695) Concurrent Clear Claimed Marks
[2026-06-18T00:46:45.492+0000][11922.277s][info][gc,marking    ] GC(695) Concurrent Clear Claimed Marks 0.179ms
[2026-06-18T00:46:45.492+0000][11922.277s][info][gc,marking    ] GC(695) Concurrent Scan Root Regions
[2026-06-18T00:46:45.494+0000][11922.278s][info][gc,marking    ] GC(695) Concurrent Scan Root Regions 1.410ms
[2026-06-18T00:46:45.494+0000][11922.278s][info][gc,marking    ] GC(695) Concurrent Mark (11922.278s)
[2026-06-18T00:46:45.494+0000][11922.278s][info][gc,marking    ] GC(695) Concurrent Mark From Roots
[2026-06-18T00:46:45.494+0000][11922.278s][info][gc,task       ] GC(695) Using 3 workers of 3 for marking
[2026-06-18T00:46:45.500+0000][11922.284s][info][gc,marking    ] GC(695) Concurrent Mark From Roots 5.767ms
[2026-06-18T00:46:45.500+0000][11922.284s][info][gc,marking    ] GC(695) Concurrent Preclean
[2026-06-18T00:46:45.500+0000][11922.284s][info][gc,marking    ] GC(695) Concurrent Preclean 0.178ms
[2026-06-18T00:46:45.500+0000][11922.285s][info][gc,marking    ] GC(695) Concurrent Mark (11922.278s, 11922.285s) 6.158ms
[2026-06-18T00:46:45.500+0000][11922.285s][info][gc,start      ] GC(695) Pause Remark
[2026-06-18T00:46:45.504+0000][11922.288s][info][gc,stringtable] GC(695) Cleaned string and symbol table, strings: 17340 processed, 0 removed, symbols: 125074 processed, 0 removed
[2026-06-18T00:46:45.504+0000][11922.288s][info][gc            ] GC(695) Pause Remark 208M->208M(512M) 3.642ms
[2026-06-18T00:46:45.504+0000][11922.288s][info][gc,cpu        ] GC(695) User=0.03s Sys=0.00s Real=0.00s
[2026-06-18T00:46:45.504+0000][11922.289s][info][gc,marking    ] GC(695) Concurrent Rebuild Remembered Sets
[2026-06-18T00:46:45.509+0000][11922.293s][info][gc,marking    ] GC(695) Concurrent Rebuild Remembered Sets 4.543ms
[2026-06-18T00:46:45.509+0000][11922.293s][info][gc,start      ] GC(695) Pause Cleanup
[2026-06-18T00:46:45.509+0000][11922.294s][info][gc            ] GC(695) Pause Cleanup 208M->208M(512M) 0.513ms
[2026-06-18T00:46:45.509+0000][11922.294s][info][gc,cpu        ] GC(695) User=0.00s Sys=0.00s Real=0.00s
[2026-06-18T00:46:45.510+0000][11922.294s][info][gc,marking    ] GC(695) Concurrent Cleanup for Next Mark
[2026-06-18T00:46:45.510+0000][11922.294s][info][gc,marking    ] GC(695) Concurrent Cleanup for Next Mark 0.147ms
[2026-06-18T00:46:45.510+0000][11922.294s][info][gc            ] GC(695) Concurrent Cycle 17.596ms
[2026-06-18T00:46:46.689+0000][11923.474s][info][gc,start      ] GC(696) Pause Young (Prepare Mixed) (G1 Evacuation Pause)
[2026-06-18T00:46:46.689+0000][11923.474s][info][gc,task       ] GC(696) Using 13 workers of 13 for evacuation
[2026-06-18T00:46:46.692+0000][11923.476s][info][gc,phases     ] GC(696)   Pre Evacuate Collection Set: 0.0ms
[2026-06-18T00:46:46.692+0000][11923.476s][info][gc,phases     ] GC(696)   Evacuate Collection Set: 1.6ms
[2026-06-18T00:46:46.692+0000][11923.476s][info][gc,phases     ] GC(696)   Post Evacuate Collection Set: 0.3ms
[2026-06-18T00:46:46.692+0000][11923.476s][info][gc,phases     ] GC(696)   Other: 0.3ms
[2026-06-18T00:46:46.692+0000][11923.476s][info][gc,heap       ] GC(696) Eden regions: 239->0(19)
[2026-06-18T00:46:46.692+0000][11923.476s][info][gc,heap       ] GC(696) Survivor regions: 8->6(31)
[2026-06-18T00:46:46.692+0000][11923.476s][info][gc,heap       ] GC(696) Old regions: 50->50
[2026-06-18T00:46:46.692+0000][11923.476s][info][gc,heap       ] GC(696) Humongous regions: 147->147
[2026-06-18T00:46:46.692+0000][11923.476s][info][gc,metaspace  ] GC(696) Metaspace: 52598K(55296K)->52598K(55296K) NonClass: 46669K(48128K)->46669K(48128K) Class: 5929K(7168K)->5929K(7168K)
[2026-06-18T00:46:46.692+0000][11923.477s][info][gc            ] GC(696) Pause Young (Prepare Mixed) (G1 Evacuation Pause) 443M->202M(512M) 2.807ms
[2026-06-18T00:46:46.692+0000][11923.477s][info][gc,cpu        ] GC(696) User=0.02s Sys=0.01s Real=0.00s
[2026-06-18T00:46:46.790+0000][11923.575s][info][gc,start      ] GC(697) Pause Young (Mixed) (G1 Evacuation Pause)
[2026-06-18T00:46:46.791+0000][11923.575s][info][gc,task       ] GC(697) Using 13 workers of 13 for evacuation
[2026-06-18T00:46:46.794+0000][11923.578s][info][gc,phases     ] GC(697)   Pre Evacuate Collection Set: 0.0ms
[2026-06-18T00:46:46.794+0000][11923.578s][info][gc,phases     ] GC(697)   Evacuate Collection Set: 2.7ms
[2026-06-18T00:46:46.794+0000][11923.578s][info][gc,phases     ] GC(697)   Post Evacuate Collection Set: 0.3ms
[2026-06-18T00:46:46.794+0000][11923.578s][info][gc,phases     ] GC(697)   Other: 0.3ms
[2026-06-18T00:46:46.794+0000][11923.578s][info][gc,heap       ] GC(697) Eden regions: 19->0(244)
[2026-06-18T00:46:46.794+0000][11923.578s][info][gc,heap       ] GC(697) Survivor regions: 6->2(4)
[2026-06-18T00:46:46.794+0000][11923.579s][info][gc,heap       ] GC(697) Old regions: 50->50
[2026-06-18T00:46:46.794+0000][11923.579s][info][gc,heap       ] GC(697) Humongous regions: 147->147
[2026-06-18T00:46:46.794+0000][11923.579s][info][gc,metaspace  ] GC(697) Metaspace: 52598K(55296K)->52598K(55296K) NonClass: 46669K(48128K)->46669K(48128K) Class: 5929K(7168K)->5929K(7168K)
[2026-06-18T00:46:46.794+0000][11923.579s][info][gc            ] GC(697) Pause Young (Mixed) (G1 Evacuation Pause) 221M->198M(512M) 3.811ms
[2026-06-18T00:46:46.794+0000][11923.579s][info][gc,cpu        ] GC(697) User=0.03s Sys=0.00s Real=0.00s
[2026-06-18T00:47:35.351+0000][11972.135s][info][gc,start      ] GC(698) Pause Young (Normal) (G1 Evacuation Pause)
[2026-06-18T00:47:35.351+0000][11972.135s][info][gc,task       ] GC(698) Using 13 workers of 13 for evacuation
[2026-06-18T00:47:35.353+0000][11972.137s][info][gc,phases     ] GC(698)   Pre Evacuate Collection Set: 0.0ms
[2026-06-18T00:47:35.353+0000][11972.137s][info][gc,phases     ] GC(698)   Evacuate Collection Set: 1.9ms
[2026-06-18T00:47:35.353+0000][11972.137s][info][gc,phases     ] GC(698)   Post Evacuate Collection Set: 0.3ms
[2026-06-18T00:47:35.354+0000][11972.138s][info][gc,phases     ] GC(698)   Other: 0.3ms
[2026-06-18T00:47:35.354+0000][11972.138s][info][gc,heap       ] GC(698) Eden regions: 244->0(238)
[2026-06-18T00:47:35.354+0000][11972.138s][info][gc,heap       ] GC(698) Survivor regions: 2->8(31)
[2026-06-18T00:47:35.354+0000][11972.138s][info][gc,heap       ] GC(698) Old regions: 50->50
[2026-06-18T00:47:35.354+0000][11972.138s][info][gc,heap       ] GC(698) Humongous regions: 147->147
[2026-06-18T00:47:35.354+0000][11972.138s][info][gc,metaspace  ] GC(698) Metaspace: 52652K(55552K)->52652K(55552K) NonClass: 46723K(48384K)->46723K(48384K) Class: 5929K(7168K)->5929K(7168K)
[2026-06-18T00:47:35.354+0000][11972.138s][info][gc            ] GC(698) Pause Young (Normal) (G1 Evacuation Pause) 442M->204M(512M) 2.774ms
[2026-06-18T00:47:35.354+0000][11972.138s][info][gc,cpu        ] GC(698) User=0.03s Sys=0.00s Real=0.00s
[2026-06-18T00:47:36.840+0000][11973.624s][info][gc,start      ] GC(699) Pause Young (Normal) (G1 Evacuation Pause)
[2026-06-18T00:47:36.840+0000][11973.624s][info][gc,task       ] GC(699) Using 13 workers of 13 for evacuation
[2026-06-18T00:47:36.842+0000][11973.626s][info][gc,phases     ] GC(699)   Pre Evacuate Collection Set: 0.0ms
[2026-06-18T00:47:36.842+0000][11973.626s][info][gc,phases     ] GC(699)   Evacuate Collection Set: 1.4ms
[2026-06-18T00:47:36.842+0000][11973.626s][info][gc,phases     ] GC(699)   Post Evacuate Collection Set: 0.3ms
[2026-06-18T00:47:36.842+0000][11973.626s][info][gc,phases     ] GC(699)   Other: 0.4ms
[2026-06-18T00:47:36.843+0000][11973.627s][info][gc,heap       ] GC(699) Eden regions: 238->0(242)
[2026-06-18T00:47:36.843+0000][11973.627s][info][gc,heap       ] GC(699) Survivor regions: 8->5(31)
[2026-06-18T00:47:36.843+0000][11973.627s][info][gc,heap       ] GC(699) Old regions: 50->50
[2026-06-18T00:47:36.843+0000][11973.627s][info][gc,heap       ] GC(699) Humongous regions: 147->147
[2026-06-18T00:47:36.843+0000][11973.627s][info][gc,metaspace  ] GC(699) Metaspace: 52652K(55552K)->52652K(55552K) NonClass: 46723K(48384K)->46723K(48384K) Class: 5929K(7168K)->5929K(7168K)
[2026-06-18T00:47:36.843+0000][11973.627s][info][gc            ] GC(699) Pause Young (Normal) (G1 Evacuation Pause) 442M->200M(512M) 2.463ms
[2026-06-18T00:47:36.843+0000][11973.627s][info][gc,cpu        ] GC(699) User=0.02s Sys=0.00s Real=0.00s
[2026-06-18T00:47:38.120+0000][11974.904s][info][gc,start      ] GC(700) Pause Young (Concurrent Start) (G1 Evacuation Pause)
[2026-06-18T00:47:38.120+0000][11974.904s][info][gc,task       ] GC(700) Using 13 workers of 13 for evacuation
[2026-06-18T00:47:38.124+0000][11974.908s][info][gc,phases     ] GC(700)   Pre Evacuate Collection Set: 0.3ms
[2026-06-18T00:47:38.124+0000][11974.908s][info][gc,phases     ] GC(700)   Evacuate Collection Set: 3.5ms
[2026-06-18T00:47:38.124+0000][11974.908s][info][gc,phases     ] GC(700)   Post Evacuate Collection Set: 0.4ms
[2026-06-18T00:47:38.125+0000][11974.909s][info][gc,phases     ] GC(700)   Other: 0.3ms
[2026-06-18T00:47:38.125+0000][11974.909s][info][gc,heap       ] GC(700) Eden regions: 242->0(238)
[2026-06-18T00:47:38.125+0000][11974.909s][info][gc,heap       ] GC(700) Survivor regions: 5->9(31)
[2026-06-18T00:47:38.125+0000][11974.909s][info][gc,heap       ] GC(700) Old regions: 50->50
[2026-06-18T00:47:38.125+0000][11974.909s][info][gc,heap       ] GC(700) Humongous regions: 147->147
[2026-06-18T00:47:38.125+0000][11974.909s][info][gc,metaspace  ] GC(700) Metaspace: 52652K(55552K)->52652K(55552K) NonClass: 46723K(48384K)->46723K(48384K) Class: 5929K(7168K)->5929K(7168K)
[2026-06-18T00:47:38.125+0000][11974.909s][info][gc            ] GC(700) Pause Young (Concurrent Start) (G1 Evacuation Pause) 442M->205M(512M) 5.080ms
[2026-06-18T00:47:38.125+0000][11974.909s][info][gc,cpu        ] GC(700) User=0.04s Sys=0.00s Real=0.00s
[2026-06-18T00:47:38.125+0000][11974.909s][info][gc            ] GC(701) Concurrent Cycle
[2026-06-18T00:47:38.125+0000][11974.909s][info][gc,marking    ] GC(701) Concurrent Clear Claimed Marks
[2026-06-18T00:47:38.125+0000][11974.909s][info][gc,marking    ] GC(701) Concurrent Clear Claimed Marks 0.267ms
[2026-06-18T00:47:38.125+0000][11974.909s][info][gc,marking    ] GC(701) Concurrent Scan Root Regions
[2026-06-18T00:47:38.127+0000][11974.911s][info][gc,marking    ] GC(701) Concurrent Scan Root Regions 1.475ms
[2026-06-18T00:47:38.127+0000][11974.911s][info][gc,marking    ] GC(701) Concurrent Mark (11974.911s)
[2026-06-18T00:47:38.127+0000][11974.911s][info][gc,marking    ] GC(701) Concurrent Mark From Roots
[2026-06-18T00:47:38.127+0000][11974.911s][info][gc,task       ] GC(701) Using 3 workers of 3 for marking
[2026-06-18T00:47:38.133+0000][11974.917s][info][gc,marking    ] GC(701) Concurrent Mark From Roots 5.903ms
[2026-06-18T00:47:38.133+0000][11974.917s][info][gc,marking    ] GC(701) Concurrent Preclean
[2026-06-18T00:47:38.133+0000][11974.917s][info][gc,marking    ] GC(701) Concurrent Preclean 0.202ms
[2026-06-18T00:47:38.133+0000][11974.917s][info][gc,marking    ] GC(701) Concurrent Mark (11974.911s, 11974.917s) 6.391ms
[2026-06-18T00:47:38.134+0000][11974.918s][info][gc,start      ] GC(701) Pause Remark
[2026-06-18T00:47:38.136+0000][11974.920s][info][gc,stringtable] GC(701) Cleaned string and symbol table, strings: 17343 processed, 0 removed, symbols: 125074 processed, 0 removed
[2026-06-18T00:47:38.136+0000][11974.921s][info][gc            ] GC(701) Pause Remark 209M->209M(512M) 2.803ms
[2026-06-18T00:47:38.137+0000][11974.921s][info][gc,cpu        ] GC(701) User=0.03s Sys=0.00s Real=0.00s
[2026-06-18T00:47:38.137+0000][11974.921s][info][gc,marking    ] GC(701) Concurrent Rebuild Remembered Sets
[2026-06-18T00:47:38.141+0000][11974.925s][info][gc,marking    ] GC(701) Concurrent Rebuild Remembered Sets 3.890ms
[2026-06-18T00:47:38.141+0000][11974.925s][info][gc,start      ] GC(701) Pause Cleanup
[2026-06-18T00:47:38.141+0000][11974.925s][info][gc            ] GC(701) Pause Cleanup 210M->210M(512M) 0.183ms
[2026-06-18T00:47:38.141+0000][11974.925s][info][gc,cpu        ] GC(701) User=0.00s Sys=0.00s Real=0.00s
[2026-06-18T00:47:38.141+0000][11974.925s][info][gc,marking    ] GC(701) Concurrent Cleanup for Next Mark
[2026-06-18T00:47:38.141+0000][11974.925s][info][gc,marking    ] GC(701) Concurrent Cleanup for Next Mark 0.141ms
[2026-06-18T00:47:38.141+0000][11974.925s][info][gc            ] GC(701) Concurrent Cycle 16.246ms
[2026-06-18T00:47:39.305+0000][11976.089s][info][gc,start      ] GC(702) Pause Young (Prepare Mixed) (G1 Evacuation Pause)
[2026-06-18T00:47:39.305+0000][11976.089s][info][gc,task       ] GC(702) Using 13 workers of 13 for evacuation
[2026-06-18T00:47:39.307+0000][11976.092s][info][gc,phases     ] GC(702)   Pre Evacuate Collection Set: 0.0ms
[2026-06-18T00:47:39.308+0000][11976.092s][info][gc,phases     ] GC(702)   Evacuate Collection Set: 1.9ms
[2026-06-18T00:47:39.308+0000][11976.092s][info][gc,phases     ] GC(702)   Post Evacuate Collection Set: 0.3ms
[2026-06-18T00:47:39.308+0000][11976.092s][info][gc,phases     ] GC(702)   Other: 0.4ms
[2026-06-18T00:47:39.308+0000][11976.092s][info][gc,heap       ] GC(702) Eden regions: 238->0(19)
[2026-06-18T00:47:39.308+0000][11976.092s][info][gc,heap       ] GC(702) Survivor regions: 9->6(31)
[2026-06-18T00:47:39.308+0000][11976.092s][info][gc,heap       ] GC(702) Old regions: 50->50
[2026-06-18T00:47:39.308+0000][11976.092s][info][gc,heap       ] GC(702) Humongous regions: 147->147
[2026-06-18T00:47:39.308+0000][11976.092s][info][gc,metaspace  ] GC(702) Metaspace: 52652K(55552K)->52652K(55552K) NonClass: 46723K(48384K)->46723K(48384K) Class: 5929K(7168K)->5929K(7168K)
[2026-06-18T00:47:39.308+0000][11976.092s][info][gc            ] GC(702) Pause Young (Prepare Mixed) (G1 Evacuation Pause) 443M->202M(512M) 3.122ms
[2026-06-18T00:47:39.308+0000][11976.092s][info][gc,cpu        ] GC(702) User=0.02s Sys=0.00s Real=0.00s
[2026-06-18T00:47:39.407+0000][11976.191s][info][gc,start      ] GC(703) Pause Young (Mixed) (G1 Evacuation Pause)
[2026-06-18T00:47:39.407+0000][11976.191s][info][gc,task       ] GC(703) Using 13 workers of 13 for evacuation
[2026-06-18T00:47:39.412+0000][11976.196s][info][gc,phases     ] GC(703)   Pre Evacuate Collection Set: 0.0ms
[2026-06-18T00:47:39.412+0000][11976.196s][info][gc,phases     ] GC(703)   Evacuate Collection Set: 4.2ms
[2026-06-18T00:47:39.412+0000][11976.196s][info][gc,phases     ] GC(703)   Post Evacuate Collection Set: 0.4ms
[2026-06-18T00:47:39.412+0000][11976.196s][info][gc,phases     ] GC(703)   Other: 0.3ms
[2026-06-18T00:47:39.412+0000][11976.196s][info][gc,heap       ] GC(703) Eden regions: 19->0(245)
[2026-06-18T00:47:39.412+0000][11976.196s][info][gc,heap       ] GC(703) Survivor regions: 6->2(4)
[2026-06-18T00:47:39.412+0000][11976.196s][info][gc,heap       ] GC(703) Old regions: 50->50
[2026-06-18T00:47:39.412+0000][11976.196s][info][gc,heap       ] GC(703) Humongous regions: 147->147
[2026-06-18T00:47:39.412+0000][11976.196s][info][gc,metaspace  ] GC(703) Metaspace: 52652K(55552K)->52652K(55552K) NonClass: 46723K(48384K)->46723K(48384K) Class: 5929K(7168K)->5929K(7168K)
[2026-06-18T00:47:39.412+0000][11976.196s][info][gc            ] GC(703) Pause Young (Mixed) (G1 Evacuation Pause) 221M->198M(512M) 5.573ms
[2026-06-18T00:47:39.412+0000][11976.196s][info][gc,cpu        ] GC(703) User=0.04s Sys=0.00s Real=0.01s
[2026-06-18T00:48:28.265+0000][12025.049s][info][gc,start      ] GC(704) Pause Young (Normal) (G1 Evacuation Pause)
[2026-06-18T00:48:28.265+0000][12025.049s][info][gc,task       ] GC(704) Using 13 workers of 13 for evacuation
[2026-06-18T00:48:28.267+0000][12025.051s][info][gc,phases     ] GC(704)   Pre Evacuate Collection Set: 0.0ms
[2026-06-18T00:48:28.268+0000][12025.051s][info][gc,phases     ] GC(704)   Evacuate Collection Set: 1.9ms
[2026-06-18T00:48:28.268+0000][12025.051s][info][gc,phases     ] GC(704)   Post Evacuate Collection Set: 0.4ms
[2026-06-18T00:48:28.268+0000][12025.051s][info][gc,phases     ] GC(704)   Other: 0.3ms
[2026-06-18T00:48:28.268+0000][12025.051s][info][gc,heap       ] GC(704) Eden regions: 245->0(238)
[2026-06-18T00:48:28.268+0000][12025.051s][info][gc,heap       ] GC(704) Survivor regions: 2->8(31)
[2026-06-18T00:48:28.268+0000][12025.052s][info][gc,heap       ] GC(704) Old regions: 50->50
[2026-06-18T00:48:28.268+0000][12025.052s][info][gc,heap       ] GC(704) Humongous regions: 147->147
[2026-06-18T00:48:28.268+0000][12025.052s][info][gc,metaspace  ] GC(704) Metaspace: 52675K(55552K)->52675K(55552K) NonClass: 46745K(48384K)->46745K(48384K) Class: 5929K(7168K)->5929K(7168K)
[2026-06-18T00:48:28.268+0000][12025.052s][info][gc            ] GC(704) Pause Young (Normal) (G1 Evacuation Pause) 443M->204M(512M) 3.043ms
[2026-06-18T00:48:28.268+0000][12025.052s][info][gc,cpu        ] GC(704) User=0.02s Sys=0.00s Real=0.00s
[2026-06-18T00:48:29.597+0000][12026.380s][info][gc,start      ] GC(705) Pause Young (Normal) (G1 Evacuation Pause)
[2026-06-18T00:48:29.597+0000][12026.380s][info][gc,task       ] GC(705) Using 13 workers of 13 for evacuation
[2026-06-18T00:48:29.598+0000][12026.382s][info][gc,phases     ] GC(705)   Pre Evacuate Collection Set: 0.0ms
[2026-06-18T00:48:29.598+0000][12026.382s][info][gc,phases     ] GC(705)   Evacuate Collection Set: 1.2ms
[2026-06-18T00:48:29.598+0000][12026.382s][info][gc,phases     ] GC(705)   Post Evacuate Collection Set: 0.3ms
[2026-06-18T00:48:29.598+0000][12026.382s][info][gc,phases     ] GC(705)   Other: 0.3ms
[2026-06-18T00:48:29.598+0000][12026.382s][info][gc,heap       ] GC(705) Eden regions: 238->0(241)
[2026-06-18T00:48:29.599+0000][12026.382s][info][gc,heap       ] GC(705) Survivor regions: 8->5(31)
[2026-06-18T00:48:29.599+0000][12026.382s][info][gc,heap       ] GC(705) Old regions: 50->50
[2026-06-18T00:48:29.599+0000][12026.382s][info][gc,heap       ] GC(705) Humongous regions: 147->147
[2026-06-18T00:48:29.599+0000][12026.382s][info][gc,metaspace  ] GC(705) Metaspace: 52675K(55552K)->52675K(55552K) NonClass: 46745K(48384K)->46745K(48384K) Class: 5929K(7168K)->5929K(7168K)
[2026-06-18T00:48:29.599+0000][12026.382s][info][gc            ] GC(705) Pause Young (Normal) (G1 Evacuation Pause) 442M->200M(512M) 2.118ms
[2026-06-18T00:48:29.599+0000][12026.382s][info][gc,cpu        ] GC(705) User=0.01s Sys=0.00s Real=0.00s
[2026-06-18T00:48:30.795+0000][12027.578s][info][gc,start      ] GC(706) Pause Young (Concurrent Start) (G1 Evacuation Pause)
[2026-06-18T00:48:30.795+0000][12027.578s][info][gc,task       ] GC(706) Using 13 workers of 13 for evacuation
[2026-06-18T00:48:30.798+0000][12027.581s][info][gc,phases     ] GC(706)   Pre Evacuate Collection Set: 0.3ms
[2026-06-18T00:48:30.798+0000][12027.582s][info][gc,phases     ] GC(706)   Evacuate Collection Set: 2.2ms
[2026-06-18T00:48:30.798+0000][12027.582s][info][gc,phases     ] GC(706)   Post Evacuate Collection Set: 0.4ms
[2026-06-18T00:48:30.798+0000][12027.582s][info][gc,phases     ] GC(706)   Other: 0.3ms
[2026-06-18T00:48:30.798+0000][12027.582s][info][gc,heap       ] GC(706) Eden regions: 241->0(239)
[2026-06-18T00:48:30.798+0000][12027.582s][info][gc,heap       ] GC(706) Survivor regions: 5->8(31)
[2026-06-18T00:48:30.798+0000][12027.582s][info][gc,heap       ] GC(706) Old regions: 50->50
[2026-06-18T00:48:30.798+0000][12027.582s][info][gc,heap       ] GC(706) Humongous regions: 147->147
[2026-06-18T00:48:30.798+0000][12027.582s][info][gc,metaspace  ] GC(706) Metaspace: 52675K(55552K)->52675K(55552K) NonClass: 46745K(48384K)->46745K(48384K) Class: 5929K(7168K)->5929K(7168K)
[2026-06-18T00:48:30.798+0000][12027.582s][info][gc            ] GC(706) Pause Young (Concurrent Start) (G1 Evacuation Pause) 441M->204M(512M) 3.902ms
[2026-06-18T00:48:30.799+0000][12027.582s][info][gc,cpu        ] GC(706) User=0.02s Sys=0.00s Real=0.00s
[2026-06-18T00:48:30.799+0000][12027.582s][info][gc            ] GC(707) Concurrent Cycle
[2026-06-18T00:48:30.799+0000][12027.582s][info][gc,marking    ] GC(707) Concurrent Clear Claimed Marks
[2026-06-18T00:48:30.799+0000][12027.583s][info][gc,marking    ] GC(707) Concurrent Clear Claimed Marks 0.216ms
[2026-06-18T00:48:30.799+0000][12027.583s][info][gc,marking    ] GC(707) Concurrent Scan Root Regions
[2026-06-18T00:48:30.800+0000][12027.584s][info][gc,marking    ] GC(707) Concurrent Scan Root Regions 1.448ms
[2026-06-18T00:48:30.801+0000][12027.584s][info][gc,marking    ] GC(707) Concurrent Mark (12027.584s)
[2026-06-18T00:48:30.801+0000][12027.584s][info][gc,marking    ] GC(707) Concurrent Mark From Roots
[2026-06-18T00:48:30.801+0000][12027.584s][info][gc,task       ] GC(707) Using 3 workers of 3 for marking
[2026-06-18T00:48:30.806+0000][12027.590s][info][gc,marking    ] GC(707) Concurrent Mark From Roots 5.733ms
[2026-06-18T00:48:30.807+0000][12027.590s][info][gc,marking    ] GC(707) Concurrent Preclean
[2026-06-18T00:48:30.807+0000][12027.590s][info][gc,marking    ] GC(707) Concurrent Preclean 0.228ms
[2026-06-18T00:48:30.807+0000][12027.591s][info][gc,marking    ] GC(707) Concurrent Mark (12027.584s, 12027.591s) 6.287ms
[2026-06-18T00:48:30.807+0000][12027.591s][info][gc,start      ] GC(707) Pause Remark
[2026-06-18T00:48:30.810+0000][12027.593s][info][gc,stringtable] GC(707) Cleaned string and symbol table, strings: 17343 processed, 0 removed, symbols: 125074 processed, 0 removed
[2026-06-18T00:48:30.810+0000][12027.593s][info][gc            ] GC(707) Pause Remark 208M->208M(512M) 2.659ms
[2026-06-18T00:48:30.810+0000][12027.594s][info][gc,cpu        ] GC(707) User=0.02s Sys=0.00s Real=0.01s
[2026-06-18T00:48:30.810+0000][12027.594s][info][gc,marking    ] GC(707) Concurrent Rebuild Remembered Sets
[2026-06-18T00:48:30.815+0000][12027.598s][info][gc,marking    ] GC(707) Concurrent Rebuild Remembered Sets 4.842ms
[2026-06-18T00:48:30.815+0000][12027.599s][info][gc,start      ] GC(707) Pause Cleanup
[2026-06-18T00:48:30.815+0000][12027.599s][info][gc            ] GC(707) Pause Cleanup 210M->210M(512M) 0.205ms
[2026-06-18T00:48:30.815+0000][12027.599s][info][gc,cpu        ] GC(707) User=0.00s Sys=0.00s Real=0.00s
[2026-06-18T00:48:30.815+0000][12027.599s][info][gc,marking    ] GC(707) Concurrent Cleanup for Next Mark
[2026-06-18T00:48:30.816+0000][12027.599s][info][gc,marking    ] GC(707) Concurrent Cleanup for Next Mark 0.169ms
[2026-06-18T00:48:30.816+0000][12027.599s][info][gc            ] GC(707) Concurrent Cycle 16.982ms
[2026-06-18T00:49:19.218+0000][12076.002s][info][gc,start      ] GC(708) Pause Young (Prepare Mixed) (G1 Evacuation Pause)
[2026-06-18T00:49:19.218+0000][12076.002s][info][gc,task       ] GC(708) Using 13 workers of 13 for evacuation
[2026-06-18T00:49:19.220+0000][12076.004s][info][gc,phases     ] GC(708)   Pre Evacuate Collection Set: 0.0ms
[2026-06-18T00:49:19.221+0000][12076.004s][info][gc,phases     ] GC(708)   Evacuate Collection Set: 1.7ms
[2026-06-18T00:49:19.221+0000][12076.004s][info][gc,phases     ] GC(708)   Post Evacuate Collection Set: 0.3ms
[2026-06-18T00:49:19.221+0000][12076.004s][info][gc,phases     ] GC(708)   Other: 0.3ms
[2026-06-18T00:49:19.221+0000][12076.004s][info][gc,heap       ] GC(708) Eden regions: 239->0(20)
[2026-06-18T00:49:19.221+0000][12076.005s][info][gc,heap       ] GC(708) Survivor regions: 8->5(31)
[2026-06-18T00:49:19.221+0000][12076.005s][info][gc,heap       ] GC(708) Old regions: 50->50
[2026-06-18T00:49:19.221+0000][12076.005s][info][gc,heap       ] GC(708) Humongous regions: 147->147
[2026-06-18T00:49:19.221+0000][12076.005s][info][gc,metaspace  ] GC(708) Metaspace: 52675K(55552K)->52675K(55552K) NonClass: 46745K(48384K)->46745K(48384K) Class: 5929K(7168K)->5929K(7168K)
[2026-06-18T00:49:19.221+0000][12076.005s][info][gc            ] GC(708) Pause Young (Prepare Mixed) (G1 Evacuation Pause) 443M->201M(512M) 2.917ms
[2026-06-18T00:49:19.221+0000][12076.005s][info][gc,cpu        ] GC(708) User=0.02s Sys=0.00s Real=0.01s
[2026-06-18T00:49:19.339+0000][12076.123s][info][gc,start      ] GC(709) Pause Young (Mixed) (G1 Evacuation Pause)
[2026-06-18T00:49:19.339+0000][12076.123s][info][gc,task       ] GC(709) Using 13 workers of 13 for evacuation
[2026-06-18T00:49:19.342+0000][12076.126s][info][gc,phases     ] GC(709)   Pre Evacuate Collection Set: 0.0ms
[2026-06-18T00:49:19.342+0000][12076.126s][info][gc,phases     ] GC(709)   Evacuate Collection Set: 2.4ms
[2026-06-18T00:49:19.342+0000][12076.126s][info][gc,phases     ] GC(709)   Post Evacuate Collection Set: 0.3ms
[2026-06-18T00:49:19.343+0000][12076.126s][info][gc,phases     ] GC(709)   Other: 0.3ms
[2026-06-18T00:49:19.343+0000][12076.126s][info][gc,heap       ] GC(709) Eden regions: 20->0(245)
[2026-06-18T00:49:19.343+0000][12076.127s][info][gc,heap       ] GC(709) Survivor regions: 5->2(4)
[2026-06-18T00:49:19.343+0000][12076.127s][info][gc,heap       ] GC(709) Old regions: 50->49
[2026-06-18T00:49:19.343+0000][12076.127s][info][gc,heap       ] GC(709) Humongous regions: 147->147
[2026-06-18T00:49:19.343+0000][12076.127s][info][gc,metaspace  ] GC(709) Metaspace: 52675K(55552K)->52675K(55552K) NonClass: 46745K(48384K)->46745K(48384K) Class: 5929K(7168K)->5929K(7168K)
[2026-06-18T00:49:19.343+0000][12076.127s][info][gc            ] GC(709) Pause Young (Mixed) (G1 Evacuation Pause) 221M->197M(512M) 3.867ms
[2026-06-18T00:49:19.343+0000][12076.127s][info][gc,cpu        ] GC(709) User=0.02s Sys=0.00s Real=0.00s
[2026-06-18T00:49:20.852+0000][12077.635s][info][gc,start      ] GC(710) Pause Young (Normal) (G1 Evacuation Pause)
[2026-06-18T00:49:20.852+0000][12077.636s][info][gc,task       ] GC(710) Using 13 workers of 13 for evacuation
[2026-06-18T00:49:20.854+0000][12077.638s][info][gc,phases     ] GC(710)   Pre Evacuate Collection Set: 0.0ms
[2026-06-18T00:49:20.854+0000][12077.638s][info][gc,phases     ] GC(710)   Evacuate Collection Set: 1.8ms
[2026-06-18T00:49:20.854+0000][12077.638s][info][gc,phases     ] GC(710)   Post Evacuate Collection Set: 0.3ms
[2026-06-18T00:49:20.854+0000][12077.638s][info][gc,phases     ] GC(710)   Other: 0.4ms
[2026-06-18T00:49:20.854+0000][12077.638s][info][gc,heap       ] GC(710) Eden regions: 245->0(239)
[2026-06-18T00:49:20.855+0000][12077.638s][info][gc,heap       ] GC(710) Survivor regions: 2->8(31)
[2026-06-18T00:49:20.855+0000][12077.638s][info][gc,heap       ] GC(710) Old regions: 49->49
[2026-06-18T00:49:20.855+0000][12077.638s][info][gc,heap       ] GC(710) Humongous regions: 147->147
[2026-06-18T00:49:20.855+0000][12077.638s][info][gc,metaspace  ] GC(710) Metaspace: 52675K(55552K)->52675K(55552K) NonClass: 46745K(48384K)->46745K(48384K) Class: 5929K(7168K)->5929K(7168K)
[2026-06-18T00:49:20.855+0000][12077.639s][info][gc            ] GC(710) Pause Young (Normal) (G1 Evacuation Pause) 442M->203M(512M) 3.071ms
[2026-06-18T00:49:20.855+0000][12077.639s][info][gc,cpu        ] GC(710) User=0.02s Sys=0.00s Real=0.00s
[2026-06-18T00:49:22.168+0000][12078.952s][info][gc,start      ] GC(711) Pause Young (Normal) (G1 Evacuation Pause)
[2026-06-18T00:49:22.168+0000][12078.952s][info][gc,task       ] GC(711) Using 13 workers of 13 for evacuation
[2026-06-18T00:49:22.171+0000][12078.954s][info][gc,phases     ] GC(711)   Pre Evacuate Collection Set: 0.0ms
[2026-06-18T00:49:22.171+0000][12078.955s][info][gc,phases     ] GC(711)   Evacuate Collection Set: 1.6ms
[2026-06-18T00:49:22.171+0000][12078.955s][info][gc,phases     ] GC(711)   Post Evacuate Collection Set: 0.4ms
[2026-06-18T00:49:22.172+0000][12078.955s][info][gc,phases     ] GC(711)   Other: 0.3ms
[2026-06-18T00:49:22.172+0000][12078.955s][info][gc,heap       ] GC(711) Eden regions: 239->0(241)
[2026-06-18T00:49:22.172+0000][12078.955s][info][gc,heap       ] GC(711) Survivor regions: 8->6(31)
[2026-06-18T00:49:22.172+0000][12078.955s][info][gc,heap       ] GC(711) Old regions: 49->49
[2026-06-18T00:49:22.172+0000][12078.956s][info][gc,heap       ] GC(711) Humongous regions: 147->147
[2026-06-18T00:49:22.172+0000][12078.956s][info][gc,metaspace  ] GC(711) Metaspace: 52675K(55552K)->52675K(55552K) NonClass: 46745K(48384K)->46745K(48384K) Class: 5929K(7168K)->5929K(7168K)
[2026-06-18T00:49:22.172+0000][12078.956s][info][gc            ] GC(711) Pause Young (Normal) (G1 Evacuation Pause) 442M->200M(512M) 3.622ms
[2026-06-18T00:49:22.172+0000][12078.956s][info][gc,cpu        ] GC(711) User=0.02s Sys=0.00s Real=0.01s
[2026-06-18T00:49:23.361+0000][12080.145s][info][gc,start      ] GC(712) Pause Young (Concurrent Start) (G1 Evacuation Pause)
[2026-06-18T00:49:23.361+0000][12080.145s][info][gc,task       ] GC(712) Using 13 workers of 13 for evacuation
[2026-06-18T00:49:23.364+0000][12080.148s][info][gc,phases     ] GC(712)   Pre Evacuate Collection Set: 0.3ms
[2026-06-18T00:49:23.364+0000][12080.148s][info][gc,phases     ] GC(712)   Evacuate Collection Set: 2.0ms
[2026-06-18T00:49:23.364+0000][12080.148s][info][gc,phases     ] GC(712)   Post Evacuate Collection Set: 0.4ms
[2026-06-18T00:49:23.364+0000][12080.148s][info][gc,phases     ] GC(712)   Other: 0.3ms
[2026-06-18T00:49:23.364+0000][12080.148s][info][gc,heap       ] GC(712) Eden regions: 241->0(240)
[2026-06-18T00:49:23.364+0000][12080.148s][info][gc,heap       ] GC(712) Survivor regions: 6->8(31)
[2026-06-18T00:49:23.364+0000][12080.148s][info][gc,heap       ] GC(712) Old regions: 49->49
[2026-06-18T00:49:23.364+0000][12080.148s][info][gc,heap       ] GC(712) Humongous regions: 147->147
[2026-06-18T00:49:23.364+0000][12080.148s][info][gc,metaspace  ] GC(712) Metaspace: 52675K(55552K)->52675K(55552K) NonClass: 46745K(48384K)->46745K(48384K) Class: 5929K(7168K)->5929K(7168K)
[2026-06-18T00:49:23.364+0000][12080.148s][info][gc            ] GC(712) Pause Young (Concurrent Start) (G1 Evacuation Pause) 441M->203M(512M) 3.480ms
[2026-06-18T00:49:23.364+0000][12080.148s][info][gc,cpu        ] GC(712) User=0.02s Sys=0.00s Real=0.00s
[2026-06-18T00:49:23.365+0000][12080.148s][info][gc            ] GC(713) Concurrent Cycle
[2026-06-18T00:49:23.365+0000][12080.148s][info][gc,marking    ] GC(713) Concurrent Clear Claimed Marks
[2026-06-18T00:49:23.365+0000][12080.149s][info][gc,marking    ] GC(713) Concurrent Clear Claimed Marks 0.202ms
[2026-06-18T00:49:23.365+0000][12080.149s][info][gc,marking    ] GC(713) Concurrent Scan Root Regions
[2026-06-18T00:49:23.366+0000][12080.150s][info][gc,marking    ] GC(713) Concurrent Scan Root Regions 1.365ms
[2026-06-18T00:49:23.366+0000][12080.150s][info][gc,marking    ] GC(713) Concurrent Mark (12080.150s)
[2026-06-18T00:49:23.366+0000][12080.150s][info][gc,marking    ] GC(713) Concurrent Mark From Roots
[2026-06-18T00:49:23.367+0000][12080.150s][info][gc,task       ] GC(713) Using 3 workers of 3 for marking
[2026-06-18T00:49:23.373+0000][12080.156s][info][gc,marking    ] GC(713) Concurrent Mark From Roots 6.173ms
[2026-06-18T00:49:23.373+0000][12080.157s][info][gc,marking    ] GC(713) Concurrent Preclean
[2026-06-18T00:49:23.373+0000][12080.157s][info][gc,marking    ] GC(713) Concurrent Preclean 0.174ms
[2026-06-18T00:49:23.373+0000][12080.157s][info][gc,marking    ] GC(713) Concurrent Mark (12080.150s, 12080.157s) 6.563ms
[2026-06-18T00:49:23.373+0000][12080.157s][info][gc,start      ] GC(713) Pause Remark
[2026-06-18T00:49:23.376+0000][12080.160s][info][gc,stringtable] GC(713) Cleaned string and symbol table, strings: 17343 processed, 0 removed, symbols: 125074 processed, 0 removed
[2026-06-18T00:49:23.376+0000][12080.160s][info][gc            ] GC(713) Pause Remark 207M->207M(512M) 2.921ms
[2026-06-18T00:49:23.376+0000][12080.160s][info][gc,cpu        ] GC(713) User=0.02s Sys=0.01s Real=0.00s
[2026-06-18T00:49:23.376+0000][12080.160s][info][gc,marking    ] GC(713) Concurrent Rebuild Remembered Sets
[2026-06-18T00:49:23.381+0000][12080.165s][info][gc,marking    ] GC(713) Concurrent Rebuild Remembered Sets 4.406ms
[2026-06-18T00:49:23.381+0000][12080.165s][info][gc,start      ] GC(713) Pause Cleanup
[2026-06-18T00:49:23.381+0000][12080.165s][info][gc            ] GC(713) Pause Cleanup 208M->208M(512M) 0.194ms
[2026-06-18T00:49:23.381+0000][12080.165s][info][gc,cpu        ] GC(713) User=0.00s Sys=0.00s Real=0.00s
[2026-06-18T00:49:23.381+0000][12080.165s][info][gc,marking    ] GC(713) Concurrent Cleanup for Next Mark
[2026-06-18T00:49:23.381+0000][12080.165s][info][gc,marking    ] GC(713) Concurrent Cleanup for Next Mark 0.155ms
[2026-06-18T00:49:23.382+0000][12080.165s][info][gc            ] GC(713) Concurrent Cycle 16.997ms
[2026-06-18T00:50:11.872+0000][12128.655s][info][gc,start      ] GC(714) Pause Young (Prepare Mixed) (G1 Evacuation Pause)
[2026-06-18T00:50:11.872+0000][12128.655s][info][gc,task       ] GC(714) Using 13 workers of 13 for evacuation
[2026-06-18T00:50:11.882+0000][12128.665s][info][gc,phases     ] GC(714)   Pre Evacuate Collection Set: 0.0ms
[2026-06-18T00:50:11.882+0000][12128.665s][info][gc,phases     ] GC(714)   Evacuate Collection Set: 8.7ms
[2026-06-18T00:50:11.882+0000][12128.665s][info][gc,phases     ] GC(714)   Post Evacuate Collection Set: 0.4ms
[2026-06-18T00:50:11.882+0000][12128.665s][info][gc,phases     ] GC(714)   Other: 0.4ms
[2026-06-18T00:50:11.882+0000][12128.665s][info][gc,heap       ] GC(714) Eden regions: 240->0(20)
[2026-06-18T00:50:11.882+0000][12128.665s][info][gc,heap       ] GC(714) Survivor regions: 8->5(31)
[2026-06-18T00:50:11.882+0000][12128.665s][info][gc,heap       ] GC(714) Old regions: 49->49
[2026-06-18T00:50:11.882+0000][12128.665s][info][gc,heap       ] GC(714) Humongous regions: 147->147
[2026-06-18T00:50:11.882+0000][12128.665s][info][gc,metaspace  ] GC(714) Metaspace: 52675K(55552K)->52675K(55552K) NonClass: 46746K(48384K)->46746K(48384K) Class: 5929K(7168K)->5929K(7168K)
[2026-06-18T00:50:11.882+0000][12128.665s][info][gc            ] GC(714) Pause Young (Prepare Mixed) (G1 Evacuation Pause) 443M->200M(512M) 9.937ms
[2026-06-18T00:50:11.882+0000][12128.665s][info][gc,cpu        ] GC(714) User=0.08s Sys=0.00s Real=0.01s
[2026-06-18T00:50:11.993+0000][12128.776s][info][gc,start      ] GC(715) Pause Young (Mixed) (G1 Evacuation Pause)
[2026-06-18T00:50:11.995+0000][12128.778s][info][gc,task       ] GC(715) Using 13 workers of 13 for evacuation
[2026-06-18T00:50:11.999+0000][12128.782s][info][gc,phases     ] GC(715)   Pre Evacuate Collection Set: 0.0ms
[2026-06-18T00:50:12.001+0000][12128.784s][info][gc,phases     ] GC(715)   Evacuate Collection Set: 2.7ms
[2026-06-18T00:50:12.001+0000][12128.784s][info][gc,phases     ] GC(715)   Post Evacuate Collection Set: 0.3ms
[2026-06-18T00:50:12.007+0000][12128.790s][info][gc,phases     ] GC(715)   Other: 2.3ms
[2026-06-18T00:50:12.007+0000][12128.790s][info][gc,heap       ] GC(715) Eden regions: 20->0(246)
[2026-06-18T00:50:12.007+0000][12128.790s][info][gc,heap       ] GC(715) Survivor regions: 5->2(4)
[2026-06-18T00:50:12.007+0000][12128.790s][info][gc,heap       ] GC(715) Old regions: 49->48
[2026-06-18T00:50:12.007+0000][12128.790s][info][gc,heap       ] GC(715) Humongous regions: 147->147
[2026-06-18T00:50:12.007+0000][12128.790s][info][gc,metaspace  ] GC(715) Metaspace: 52675K(55552K)->52675K(55552K) NonClass: 46746K(48384K)->46746K(48384K) Class: 5929K(7168K)->5929K(7168K)
[2026-06-18T00:50:12.012+0000][12128.795s][info][gc            ] GC(715) Pause Young (Mixed) (G1 Evacuation Pause) 220M->196M(512M) 19.187ms
[2026-06-18T00:50:12.012+0000][12128.796s][info][gc,cpu        ] GC(715) User=0.02s Sys=0.00s Real=0.02s
[2026-06-18T00:50:13.532+0000][12130.315s][info][gc,start      ] GC(716) Pause Young (Normal) (G1 Evacuation Pause)
[2026-06-18T00:50:13.532+0000][12130.315s][info][gc,task       ] GC(716) Using 13 workers of 13 for evacuation
[2026-06-18T00:50:13.536+0000][12130.319s][info][gc,phases     ] GC(716)   Pre Evacuate Collection Set: 0.0ms
[2026-06-18T00:50:13.536+0000][12130.319s][info][gc,phases     ] GC(716)   Evacuate Collection Set: 2.0ms
[2026-06-18T00:50:13.536+0000][12130.319s][info][gc,phases     ] GC(716)   Post Evacuate Collection Set: 0.3ms
[2026-06-18T00:50:13.536+0000][12130.319s][info][gc,phases     ] GC(716)   Other: 2.2ms
[2026-06-18T00:50:13.536+0000][12130.319s][info][gc,heap       ] GC(716) Eden regions: 246->0(243)
[2026-06-18T00:50:13.536+0000][12130.320s][info][gc,heap       ] GC(716) Survivor regions: 2->6(31)
[2026-06-18T00:50:13.537+0000][12130.320s][info][gc,heap       ] GC(716) Old regions: 48->48
[2026-06-18T00:50:13.537+0000][12130.320s][info][gc,heap       ] GC(716) Humongous regions: 147->147
[2026-06-18T00:50:13.537+0000][12130.320s][info][gc,metaspace  ] GC(716) Metaspace: 52675K(55552K)->52675K(55552K) NonClass: 46746K(48384K)->46746K(48384K) Class: 5929K(7168K)->5929K(7168K)
[2026-06-18T00:50:13.537+0000][12130.320s][info][gc            ] GC(716) Pause Young (Normal) (G1 Evacuation Pause) 442M->200M(512M) 5.136ms
[2026-06-18T00:50:13.537+0000][12130.320s][info][gc,cpu        ] GC(716) User=0.02s Sys=0.00s Real=0.00s
[2026-06-18T00:50:14.737+0000][12131.520s][info][gc,start      ] GC(717) Pause Young (Normal) (G1 Evacuation Pause)
[2026-06-18T00:50:14.737+0000][12131.520s][info][gc,task       ] GC(717) Using 13 workers of 13 for evacuation
[2026-06-18T00:50:14.739+0000][12131.522s][info][gc,phases     ] GC(717)   Pre Evacuate Collection Set: 0.0ms
[2026-06-18T00:50:14.739+0000][12131.522s][info][gc,phases     ] GC(717)   Evacuate Collection Set: 1.8ms
[2026-06-18T00:50:14.739+0000][12131.522s][info][gc,phases     ] GC(717)   Post Evacuate Collection Set: 0.3ms
[2026-06-18T00:50:14.739+0000][12131.522s][info][gc,phases     ] GC(717)   Other: 0.3ms
[2026-06-18T00:50:14.739+0000][12131.522s][info][gc,heap       ] GC(717) Eden regions: 243->0(239)
[2026-06-18T00:50:14.739+0000][12131.523s][info][gc,heap       ] GC(717) Survivor regions: 6->9(32)
[2026-06-18T00:50:14.740+0000][12131.523s][info][gc,heap       ] GC(717) Old regions: 48->48
[2026-06-18T00:50:14.740+0000][12131.523s][info][gc,heap       ] GC(717) Humongous regions: 147->147
[2026-06-18T00:50:14.740+0000][12131.523s][info][gc,metaspace  ] GC(717) Metaspace: 52675K(55552K)->52675K(55552K) NonClass: 46746K(48384K)->46746K(48384K) Class: 5929K(7168K)->5929K(7168K)
[2026-06-18T00:50:14.740+0000][12131.523s][info][gc            ] GC(717) Pause Young (Normal) (G1 Evacuation Pause) 443M->203M(512M) 3.010ms
[2026-06-18T00:50:14.740+0000][12131.523s][info][gc,cpu        ] GC(717) User=0.02s Sys=0.00s Real=0.01s
[2026-06-18T00:51:03.026+0000][12179.809s][info][gc,start      ] GC(718) Pause Young (Concurrent Start) (G1 Evacuation Pause)
[2026-06-18T00:51:03.026+0000][12179.809s][info][gc,task       ] GC(718) Using 13 workers of 13 for evacuation
[2026-06-18T00:51:03.031+0000][12179.813s][info][gc,phases     ] GC(718)   Pre Evacuate Collection Set: 0.3ms
[2026-06-18T00:51:03.031+0000][12179.814s][info][gc,phases     ] GC(718)   Evacuate Collection Set: 3.2ms
[2026-06-18T00:51:03.031+0000][12179.814s][info][gc,phases     ] GC(718)   Post Evacuate Collection Set: 0.4ms
[2026-06-18T00:51:03.031+0000][12179.814s][info][gc,phases     ] GC(718)   Other: 0.8ms
[2026-06-18T00:51:03.032+0000][12179.814s][info][gc,heap       ] GC(718) Eden regions: 239->0(242)
[2026-06-18T00:51:03.032+0000][12179.814s][info][gc,heap       ] GC(718) Survivor regions: 9->7(31)
[2026-06-18T00:51:03.032+0000][12179.814s][info][gc,heap       ] GC(718) Old regions: 48->48
[2026-06-18T00:51:03.032+0000][12179.815s][info][gc,heap       ] GC(718) Humongous regions: 147->147
[2026-06-18T00:51:03.032+0000][12179.815s][info][gc,metaspace  ] GC(718) Metaspace: 52675K(55552K)->52675K(55552K) NonClass: 46746K(48384K)->46746K(48384K) Class: 5929K(7168K)->5929K(7168K)
[2026-06-18T00:51:03.032+0000][12179.815s][info][gc            ] GC(718) Pause Young (Concurrent Start) (G1 Evacuation Pause) 442M->200M(512M) 6.226ms
[2026-06-18T00:51:03.032+0000][12179.815s][info][gc,cpu        ] GC(718) User=0.03s Sys=0.00s Real=0.01s
[2026-06-18T00:51:03.032+0000][12179.815s][info][gc            ] GC(719) Concurrent Cycle
[2026-06-18T00:51:03.032+0000][12179.815s][info][gc,marking    ] GC(719) Concurrent Clear Claimed Marks
[2026-06-18T00:51:03.033+0000][12179.815s][info][gc,marking    ] GC(719) Concurrent Clear Claimed Marks 0.209ms
[2026-06-18T00:51:03.033+0000][12179.815s][info][gc,marking    ] GC(719) Concurrent Scan Root Regions
[2026-06-18T00:51:03.034+0000][12179.817s][info][gc,marking    ] GC(719) Concurrent Scan Root Regions 1.153ms
[2026-06-18T00:51:03.034+0000][12179.817s][info][gc,marking    ] GC(719) Concurrent Mark (12179.817s)
[2026-06-18T00:51:03.034+0000][12179.817s][info][gc,marking    ] GC(719) Concurrent Mark From Roots
[2026-06-18T00:51:03.034+0000][12179.817s][info][gc,task       ] GC(719) Using 3 workers of 3 for marking
[2026-06-18T00:51:03.040+0000][12179.822s][info][gc,marking    ] GC(719) Concurrent Mark From Roots 5.788ms
[2026-06-18T00:51:03.040+0000][12179.823s][info][gc,marking    ] GC(719) Concurrent Preclean
[2026-06-18T00:51:03.040+0000][12179.823s][info][gc,marking    ] GC(719) Concurrent Preclean 0.213ms
[2026-06-18T00:51:03.040+0000][12179.823s][info][gc,marking    ] GC(719) Concurrent Mark (12179.817s, 12179.823s) 6.254ms
[2026-06-18T00:51:03.040+0000][12179.823s][info][gc,start      ] GC(719) Pause Remark
[2026-06-18T00:51:03.043+0000][12179.826s][info][gc,stringtable] GC(719) Cleaned string and symbol table, strings: 17343 processed, 0 removed, symbols: 125074 processed, 0 removed
[2026-06-18T00:51:03.043+0000][12179.826s][info][gc            ] GC(719) Pause Remark 205M->205M(512M) 2.800ms
[2026-06-18T00:51:03.043+0000][12179.826s][info][gc,cpu        ] GC(719) User=0.03s Sys=0.00s Real=0.00s
[2026-06-18T00:51:03.043+0000][12179.826s][info][gc,marking    ] GC(719) Concurrent Rebuild Remembered Sets
[2026-06-18T00:51:03.047+0000][12179.830s][info][gc,marking    ] GC(719) Concurrent Rebuild Remembered Sets 3.753ms
[2026-06-18T00:51:03.047+0000][12179.830s][info][gc,start      ] GC(719) Pause Cleanup
[2026-06-18T00:51:03.048+0000][12179.830s][info][gc            ] GC(719) Pause Cleanup 206M->206M(512M) 0.228ms
[2026-06-18T00:51:03.048+0000][12179.830s][info][gc,cpu        ] GC(719) User=0.00s Sys=0.00s Real=0.00s
[2026-06-18T00:51:03.048+0000][12179.830s][info][gc,marking    ] GC(719) Concurrent Cleanup for Next Mark
[2026-06-18T00:51:03.048+0000][12179.831s][info][gc,marking    ] GC(719) Concurrent Cleanup for Next Mark 0.139ms
[2026-06-18T00:51:03.048+0000][12179.831s][info][gc            ] GC(719) Concurrent Cycle 15.631ms
[2026-06-18T00:51:04.588+0000][12181.371s][info][gc,start      ] GC(720) Pause Young (Prepare Mixed) (G1 Evacuation Pause)
[2026-06-18T00:51:04.588+0000][12181.371s][info][gc,task       ] GC(720) Using 13 workers of 13 for evacuation
[2026-06-18T00:51:04.592+0000][12181.375s][info][gc,phases     ] GC(720)   Pre Evacuate Collection Set: 0.0ms
[2026-06-18T00:51:04.593+0000][12181.375s][info][gc,phases     ] GC(720)   Evacuate Collection Set: 3.6ms
[2026-06-18T00:51:04.593+0000][12181.375s][info][gc,phases     ] GC(720)   Post Evacuate Collection Set: 0.3ms
[2026-06-18T00:51:04.593+0000][12181.375s][info][gc,phases     ] GC(720)   Other: 0.3ms
[2026-06-18T00:51:04.593+0000][12181.376s][info][gc,heap       ] GC(720) Eden regions: 242->0(16)
[2026-06-18T00:51:04.593+0000][12181.376s][info][gc,heap       ] GC(720) Survivor regions: 7->9(32)
[2026-06-18T00:51:04.593+0000][12181.376s][info][gc,heap       ] GC(720) Old regions: 48->48
[2026-06-18T00:51:04.593+0000][12181.376s][info][gc,heap       ] GC(720) Humongous regions: 147->147
[2026-06-18T00:51:04.593+0000][12181.376s][info][gc,metaspace  ] GC(720) Metaspace: 52675K(55552K)->52675K(55552K) NonClass: 46746K(48384K)->46746K(48384K) Class: 5929K(7168K)->5929K(7168K)
[2026-06-18T00:51:04.593+0000][12181.376s][info][gc            ] GC(720) Pause Young (Prepare Mixed) (G1 Evacuation Pause) 442M->203M(512M) 4.897ms
[2026-06-18T00:51:04.593+0000][12181.376s][info][gc,cpu        ] GC(720) User=0.04s Sys=0.00s Real=0.01s
[2026-06-18T00:51:04.696+0000][12181.478s][info][gc,start      ] GC(721) Pause Young (Mixed) (G1 Evacuation Pause)
[2026-06-18T00:51:04.696+0000][12181.479s][info][gc,task       ] GC(721) Using 13 workers of 13 for evacuation
[2026-06-18T00:51:04.701+0000][12181.484s][info][gc,phases     ] GC(721)   Pre Evacuate Collection Set: 0.0ms
[2026-06-18T00:51:04.701+0000][12181.484s][info][gc,phases     ] GC(721)   Evacuate Collection Set: 4.5ms
[2026-06-18T00:51:04.701+0000][12181.484s][info][gc,phases     ] GC(721)   Post Evacuate Collection Set: 0.3ms
[2026-06-18T00:51:04.701+0000][12181.484s][info][gc,phases     ] GC(721)   Other: 0.4ms
[2026-06-18T00:51:04.701+0000][12181.484s][info][gc,heap       ] GC(721) Eden regions: 16->0(241)
[2026-06-18T00:51:04.701+0000][12181.484s][info][gc,heap       ] GC(721) Survivor regions: 9->2(4)
[2026-06-18T00:51:04.701+0000][12181.484s][info][gc,heap       ] GC(721) Old regions: 48->53
[2026-06-18T00:51:04.701+0000][12181.484s][info][gc,heap       ] GC(721) Humongous regions: 147->147
[2026-06-18T00:51:04.701+0000][12181.484s][info][gc,metaspace  ] GC(721) Metaspace: 52675K(55552K)->52675K(55552K) NonClass: 46746K(48384K)->46746K(48384K) Class: 5929K(7168K)->5929K(7168K)
[2026-06-18T00:51:04.701+0000][12181.484s][info][gc            ] GC(721) Pause Young (Mixed) (G1 Evacuation Pause) 219M->200M(512M) 5.720ms
[2026-06-18T00:51:04.702+0000][12181.484s][info][gc,cpu        ] GC(721) User=0.03s Sys=0.01s Real=0.01s
[2026-06-18T00:51:05.983+0000][12182.766s][info][gc,start      ] GC(722) Pause Young (Normal) (G1 Evacuation Pause)
[2026-06-18T00:51:05.983+0000][12182.766s][info][gc,task       ] GC(722) Using 13 workers of 13 for evacuation
[2026-06-18T00:51:05.985+0000][12182.768s][info][gc,phases     ] GC(722)   Pre Evacuate Collection Set: 0.0ms
[2026-06-18T00:51:05.985+0000][12182.768s][info][gc,phases     ] GC(722)   Evacuate Collection Set: 1.4ms
[2026-06-18T00:51:05.985+0000][12182.768s][info][gc,phases     ] GC(722)   Post Evacuate Collection Set: 0.3ms
[2026-06-18T00:51:05.985+0000][12182.768s][info][gc,phases     ] GC(722)   Other: 0.3ms
[2026-06-18T00:51:05.985+0000][12182.768s][info][gc,heap       ] GC(722) Eden regions: 241->0(242)
[2026-06-18T00:51:05.985+0000][12182.768s][info][gc,heap       ] GC(722) Survivor regions: 2->3(31)
[2026-06-18T00:51:05.985+0000][12182.768s][info][gc,heap       ] GC(722) Old regions: 53->53
[2026-06-18T00:51:05.985+0000][12182.768s][info][gc,heap       ] GC(722) Humongous regions: 147->147
[2026-06-18T00:51:05.985+0000][12182.768s][info][gc,metaspace  ] GC(722) Metaspace: 52675K(55552K)->52675K(55552K) NonClass: 46746K(48384K)->46746K(48384K) Class: 5929K(7168K)->5929K(7168K)
[2026-06-18T00:51:05.985+0000][12182.768s][info][gc            ] GC(722) Pause Young (Normal) (G1 Evacuation Pause) 441M->201M(512M) 2.586ms
[2026-06-18T00:51:05.986+0000][12182.768s][info][gc,cpu        ] GC(722) User=0.02s Sys=0.00s Real=0.00s
[2026-06-18T00:51:07.210+0000][12183.992s][info][gc,start      ] GC(723) Pause Young (Normal) (G1 Evacuation Pause)
[2026-06-18T00:51:07.210+0000][12183.993s][info][gc,task       ] GC(723) Using 13 workers of 13 for evacuation
[2026-06-18T00:51:07.212+0000][12183.995s][info][gc,phases     ] GC(723)   Pre Evacuate Collection Set: 0.0ms
[2026-06-18T00:51:07.212+0000][12183.995s][info][gc,phases     ] GC(723)   Evacuate Collection Set: 1.6ms
[2026-06-18T00:51:07.212+0000][12183.995s][info][gc,phases     ] GC(723)   Post Evacuate Collection Set: 0.4ms
[2026-06-18T00:51:07.212+0000][12183.995s][info][gc,phases     ] GC(723)   Other: 0.4ms
[2026-06-18T00:51:07.212+0000][12183.995s][info][gc,heap       ] GC(723) Eden regions: 242->0(238)
[2026-06-18T00:51:07.212+0000][12183.995s][info][gc,heap       ] GC(723) Survivor regions: 3->7(31)
[2026-06-18T00:51:07.213+0000][12183.995s][info][gc,heap       ] GC(723) Old regions: 53->53
[2026-06-18T00:51:07.213+0000][12183.995s][info][gc,heap       ] GC(723) Humongous regions: 147->147
[2026-06-18T00:51:07.213+0000][12183.995s][info][gc,metaspace  ] GC(723) Metaspace: 52675K(55552K)->52675K(55552K) NonClass: 46746K(48384K)->46746K(48384K) Class: 5929K(7168K)->5929K(7168K)
[2026-06-18T00:51:07.213+0000][12183.996s][info][gc            ] GC(723) Pause Young (Normal) (G1 Evacuation Pause) 443M->205M(512M) 3.214ms
[2026-06-18T00:51:07.213+0000][12183.996s][info][gc,cpu        ] GC(723) User=0.02s Sys=0.00s Real=0.01s
[2026-06-18T00:51:55.698+0000][12232.481s][info][gc,start      ] GC(724) Pause Young (Concurrent Start) (G1 Evacuation Pause)
[2026-06-18T00:51:55.698+0000][12232.481s][info][gc,task       ] GC(724) Using 13 workers of 13 for evacuation
[2026-06-18T00:51:55.702+0000][12232.485s][info][gc,phases     ] GC(724)   Pre Evacuate Collection Set: 0.3ms
[2026-06-18T00:51:55.702+0000][12232.485s][info][gc,phases     ] GC(724)   Evacuate Collection Set: 3.1ms
[2026-06-18T00:51:55.702+0000][12232.485s][info][gc,phases     ] GC(724)   Post Evacuate Collection Set: 0.3ms
[2026-06-18T00:51:55.703+0000][12232.485s][info][gc,phases     ] GC(724)   Other: 0.6ms
[2026-06-18T00:51:55.703+0000][12232.485s][info][gc,heap       ] GC(724) Eden regions: 238->0(242)
[2026-06-18T00:51:55.703+0000][12232.485s][info][gc,heap       ] GC(724) Survivor regions: 7->4(31)
[2026-06-18T00:51:55.703+0000][12232.485s][info][gc,heap       ] GC(724) Old regions: 53->53
[2026-06-18T00:51:55.703+0000][12232.485s][info][gc,heap       ] GC(724) Humongous regions: 147->147
[2026-06-18T00:51:55.703+0000][12232.485s][info][gc,metaspace  ] GC(724) Metaspace: 52677K(55552K)->52677K(55552K) NonClass: 46748K(48384K)->46748K(48384K) Class: 5929K(7168K)->5929K(7168K)
[2026-06-18T00:51:55.703+0000][12232.485s][info][gc            ] GC(724) Pause Young (Concurrent Start) (G1 Evacuation Pause) 443M->203M(512M) 4.924ms
[2026-06-18T00:51:55.703+0000][12232.486s][info][gc,cpu        ] GC(724) User=0.02s Sys=0.01s Real=0.01s
[2026-06-18T00:51:55.703+0000][12232.486s][info][gc            ] GC(725) Concurrent Cycle
[2026-06-18T00:51:55.703+0000][12232.486s][info][gc,marking    ] GC(725) Concurrent Clear Claimed Marks
[2026-06-18T00:51:55.703+0000][12232.486s][info][gc,marking    ] GC(725) Concurrent Clear Claimed Marks 0.179ms
[2026-06-18T00:51:55.703+0000][12232.486s][info][gc,marking    ] GC(725) Concurrent Scan Root Regions
[2026-06-18T00:51:55.705+0000][12232.487s][info][gc,marking    ] GC(725) Concurrent Scan Root Regions 1.097ms
[2026-06-18T00:51:55.705+0000][12232.487s][info][gc,marking    ] GC(725) Concurrent Mark (12232.487s)
[2026-06-18T00:51:55.705+0000][12232.487s][info][gc,marking    ] GC(725) Concurrent Mark From Roots
[2026-06-18T00:51:55.705+0000][12232.487s][info][gc,task       ] GC(725) Using 3 workers of 3 for marking
[2026-06-18T00:51:55.710+0000][12232.493s][info][gc,marking    ] GC(725) Concurrent Mark From Roots 5.777ms
[2026-06-18T00:51:55.711+0000][12232.493s][info][gc,marking    ] GC(725) Concurrent Preclean
[2026-06-18T00:51:55.711+0000][12232.493s][info][gc,marking    ] GC(725) Concurrent Preclean 0.261ms
[2026-06-18T00:51:55.711+0000][12232.493s][info][gc,marking    ] GC(725) Concurrent Mark (12232.487s, 12232.493s) 6.349ms
[2026-06-18T00:51:55.711+0000][12232.494s][info][gc,start      ] GC(725) Pause Remark
[2026-06-18T00:51:55.714+0000][12232.497s][info][gc,stringtable] GC(725) Cleaned string and symbol table, strings: 17343 processed, 0 removed, symbols: 125074 processed, 0 removed
[2026-06-18T00:51:55.715+0000][12232.498s][info][gc            ] GC(725) Pause Remark 206M->205M(512M) 4.240ms
[2026-06-18T00:51:55.716+0000][12232.498s][info][gc,cpu        ] GC(725) User=0.02s Sys=0.00s Real=0.00s
[2026-06-18T00:51:55.716+0000][12232.498s][info][gc,marking    ] GC(725) Concurrent Rebuild Remembered Sets
[2026-06-18T00:51:55.720+0000][12232.502s][info][gc,marking    ] GC(725) Concurrent Rebuild Remembered Sets 4.171ms
[2026-06-18T00:51:55.720+0000][12232.503s][info][gc,start      ] GC(725) Pause Cleanup
[2026-06-18T00:51:55.720+0000][12232.503s][info][gc            ] GC(725) Pause Cleanup 207M->207M(512M) 0.253ms
[2026-06-18T00:51:55.721+0000][12232.503s][info][gc,cpu        ] GC(725) User=0.00s Sys=0.00s Real=0.01s
[2026-06-18T00:51:55.721+0000][12232.503s][info][gc,marking    ] GC(725) Concurrent Cleanup for Next Mark
[2026-06-18T00:51:55.721+0000][12232.503s][info][gc,marking    ] GC(725) Concurrent Cleanup for Next Mark 0.217ms
[2026-06-18T00:51:55.721+0000][12232.503s][info][gc            ] GC(725) Concurrent Cycle 17.842ms
[2026-06-18T00:51:57.247+0000][12234.030s][info][gc,start      ] GC(726) Pause Young (Prepare Mixed) (G1 Evacuation Pause)
[2026-06-18T00:51:57.247+0000][12234.030s][info][gc,task       ] GC(726) Using 13 workers of 13 for evacuation
[2026-06-18T00:51:57.251+0000][12234.033s][info][gc,phases     ] GC(726)   Pre Evacuate Collection Set: 0.0ms
[2026-06-18T00:51:57.251+0000][12234.033s][info][gc,phases     ] GC(726)   Evacuate Collection Set: 2.7ms
[2026-06-18T00:51:57.251+0000][12234.033s][info][gc,phases     ] GC(726)   Post Evacuate Collection Set: 0.4ms
[2026-06-18T00:51:57.251+0000][12234.033s][info][gc,phases     ] GC(726)   Other: 0.4ms
[2026-06-18T00:51:57.251+0000][12234.033s][info][gc,heap       ] GC(726) Eden regions: 242->0(17)
[2026-06-18T00:51:57.251+0000][12234.034s][info][gc,heap       ] GC(726) Survivor regions: 4->8(31)
[2026-06-18T00:51:57.251+0000][12234.034s][info][gc,heap       ] GC(726) Old regions: 52->52
[2026-06-18T00:51:57.251+0000][12234.034s][info][gc,heap       ] GC(726) Humongous regions: 147->147
[2026-06-18T00:51:57.251+0000][12234.034s][info][gc,metaspace  ] GC(726) Metaspace: 52677K(55552K)->52677K(55552K) NonClass: 46748K(48384K)->46748K(48384K) Class: 5929K(7168K)->5929K(7168K)
[2026-06-18T00:51:57.252+0000][12234.034s][info][gc            ] GC(726) Pause Young (Prepare Mixed) (G1 Evacuation Pause) 444M->205M(512M) 4.260ms
[2026-06-18T00:51:57.252+0000][12234.034s][info][gc,cpu        ] GC(726) User=0.03s Sys=0.00s Real=0.01s
[2026-06-18T00:51:57.341+0000][12234.124s][info][gc,start      ] GC(727) Pause Young (Mixed) (G1 Evacuation Pause)
[2026-06-18T00:51:57.341+0000][12234.124s][info][gc,task       ] GC(727) Using 13 workers of 13 for evacuation
[2026-06-18T00:51:57.345+0000][12234.127s][info][gc,phases     ] GC(727)   Pre Evacuate Collection Set: 0.0ms
[2026-06-18T00:51:57.345+0000][12234.127s][info][gc,phases     ] GC(727)   Evacuate Collection Set: 2.9ms
[2026-06-18T00:51:57.345+0000][12234.127s][info][gc,phases     ] GC(727)   Post Evacuate Collection Set: 0.3ms
[2026-06-18T00:51:57.345+0000][12234.127s][info][gc,phases     ] GC(727)   Other: 0.3ms
[2026-06-18T00:51:57.345+0000][12234.127s][info][gc,heap       ] GC(727) Eden regions: 17->0(243)
[2026-06-18T00:51:57.345+0000][12234.127s][info][gc,heap       ] GC(727) Survivor regions: 8->2(4)
[2026-06-18T00:51:57.345+0000][12234.127s][info][gc,heap       ] GC(727) Old regions: 52->52
[2026-06-18T00:51:57.345+0000][12234.127s][info][gc,heap       ] GC(727) Humongous regions: 147->147
[2026-06-18T00:51:57.345+0000][12234.127s][info][gc,metaspace  ] GC(727) Metaspace: 52677K(55552K)->52677K(55552K) NonClass: 46748K(48384K)->46748K(48384K) Class: 5929K(7168K)->5929K(7168K)
[2026-06-18T00:51:57.345+0000][12234.128s][info][gc            ] GC(727) Pause Young (Mixed) (G1 Evacuation Pause) 222M->199M(512M) 4.029ms
[2026-06-18T00:51:57.345+0000][12234.128s][info][gc,cpu        ] GC(727) User=0.02s Sys=0.00s Real=0.00s
[2026-06-18T00:51:58.599+0000][12235.381s][info][gc,start      ] GC(728) Pause Young (Normal) (G1 Evacuation Pause)
[2026-06-18T00:51:58.599+0000][12235.382s][info][gc,task       ] GC(728) Using 13 workers of 13 for evacuation
[2026-06-18T00:51:58.601+0000][12235.383s][info][gc,phases     ] GC(728)   Pre Evacuate Collection Set: 0.0ms
[2026-06-18T00:51:58.601+0000][12235.383s][info][gc,phases     ] GC(728)   Evacuate Collection Set: 1.3ms
[2026-06-18T00:51:58.601+0000][12235.383s][info][gc,phases     ] GC(728)   Post Evacuate Collection Set: 0.3ms
[2026-06-18T00:51:58.601+0000][12235.384s][info][gc,phases     ] GC(728)   Other: 0.3ms
[2026-06-18T00:51:58.601+0000][12235.384s][info][gc,heap       ] GC(728) Eden regions: 243->0(244)
[2026-06-18T00:51:58.601+0000][12235.384s][info][gc,heap       ] GC(728) Survivor regions: 2->3(31)
[2026-06-18T00:51:58.601+0000][12235.384s][info][gc,heap       ] GC(728) Old regions: 52->52
[2026-06-18T00:51:58.601+0000][12235.384s][info][gc,heap       ] GC(728) Humongous regions: 147->147
[2026-06-18T00:51:58.602+0000][12235.384s][info][gc,metaspace  ] GC(728) Metaspace: 52677K(55552K)->52677K(55552K) NonClass: 46748K(48384K)->46748K(48384K) Class: 5929K(7168K)->5929K(7168K)
[2026-06-18T00:51:58.602+0000][12235.384s][info][gc            ] GC(728) Pause Young (Normal) (G1 Evacuation Pause) 442M->201M(512M) 2.514ms
[2026-06-18T00:51:58.602+0000][12235.384s][info][gc,cpu        ] GC(728) User=0.02s Sys=0.00s Real=0.01s
[2026-06-18T00:51:59.775+0000][12236.557s][info][gc,start      ] GC(729) Pause Young (Normal) (G1 Evacuation Pause)
[2026-06-18T00:51:59.775+0000][12236.557s][info][gc,task       ] GC(729) Using 13 workers of 13 for evacuation
[2026-06-18T00:51:59.777+0000][12236.560s][info][gc,phases     ] GC(729)   Pre Evacuate Collection Set: 0.0ms
[2026-06-18T00:51:59.777+0000][12236.560s][info][gc,phases     ] GC(729)   Evacuate Collection Set: 1.6ms
[2026-06-18T00:51:59.777+0000][12236.560s][info][gc,phases     ] GC(729)   Post Evacuate Collection Set: 0.4ms
[2026-06-18T00:51:59.778+0000][12236.560s][info][gc,phases     ] GC(729)   Other: 0.3ms
[2026-06-18T00:51:59.778+0000][12236.560s][info][gc,heap       ] GC(729) Eden regions: 244->0(240)
[2026-06-18T00:51:59.778+0000][12236.560s][info][gc,heap       ] GC(729) Survivor regions: 3->7(31)
[2026-06-18T00:51:59.778+0000][12236.560s][info][gc,heap       ] GC(729) Old regions: 52->52
[2026-06-18T00:51:59.778+0000][12236.560s][info][gc,heap       ] GC(729) Humongous regions: 147->147
[2026-06-18T00:51:59.778+0000][12236.560s][info][gc,metaspace  ] GC(729) Metaspace: 52677K(55552K)->52677K(55552K) NonClass: 46748K(48384K)->46748K(48384K) Class: 5929K(7168K)->5929K(7168K)
[2026-06-18T00:51:59.778+0000][12236.560s][info][gc            ] GC(729) Pause Young (Normal) (G1 Evacuation Pause) 445M->205M(512M) 2.940ms
[2026-06-18T00:51:59.778+0000][12236.560s][info][gc,cpu        ] GC(729) User=0.02s Sys=0.00s Real=0.00s
[2026-06-18T00:52:48.593+0000][12285.376s][info][gc,start      ] GC(730) Pause Young (Concurrent Start) (G1 Evacuation Pause)
[2026-06-18T00:52:48.594+0000][12285.376s][info][gc,task       ] GC(730) Using 13 workers of 13 for evacuation
[2026-06-18T00:52:48.596+0000][12285.378s][info][gc,phases     ] GC(730)   Pre Evacuate Collection Set: 0.3ms
[2026-06-18T00:52:48.596+0000][12285.379s][info][gc,phases     ] GC(730)   Evacuate Collection Set: 2.0ms
[2026-06-18T00:52:48.597+0000][12285.379s][info][gc,phases     ] GC(730)   Post Evacuate Collection Set: 0.3ms
[2026-06-18T00:52:48.597+0000][12285.379s][info][gc,phases     ] GC(730)   Other: 0.4ms
[2026-06-18T00:52:48.597+0000][12285.379s][info][gc,heap       ] GC(730) Eden regions: 240->0(243)
[2026-06-18T00:52:48.597+0000][12285.379s][info][gc,heap       ] GC(730) Survivor regions: 7->4(31)
[2026-06-18T00:52:48.597+0000][12285.379s][info][gc,heap       ] GC(730) Old regions: 52->52
[2026-06-18T00:52:48.597+0000][12285.379s][info][gc,heap       ] GC(730) Humongous regions: 147->147
[2026-06-18T00:52:48.597+0000][12285.379s][info][gc,metaspace  ] GC(730) Metaspace: 52677K(55552K)->52677K(55552K) NonClass: 46748K(48384K)->46748K(48384K) Class: 5929K(7168K)->5929K(7168K)
[2026-06-18T00:52:48.597+0000][12285.379s][info][gc            ] GC(730) Pause Young (Concurrent Start) (G1 Evacuation Pause) 445M->202M(512M) 3.486ms
[2026-06-18T00:52:48.597+0000][12285.379s][info][gc,cpu        ] GC(730) User=0.02s Sys=0.00s Real=0.00s
[2026-06-18T00:52:48.597+0000][12285.379s][info][gc            ] GC(731) Concurrent Cycle
[2026-06-18T00:52:48.597+0000][12285.379s][info][gc,marking    ] GC(731) Concurrent Clear Claimed Marks
[2026-06-18T00:52:48.597+0000][12285.379s][info][gc,marking    ] GC(731) Concurrent Clear Claimed Marks 0.172ms
[2026-06-18T00:52:48.597+0000][12285.379s][info][gc,marking    ] GC(731) Concurrent Scan Root Regions
[2026-06-18T00:52:48.598+0000][12285.380s][info][gc,marking    ] GC(731) Concurrent Scan Root Regions 0.910ms
[2026-06-18T00:52:48.599+0000][12285.381s][info][gc,marking    ] GC(731) Concurrent Mark (12285.381s)
[2026-06-18T00:52:48.599+0000][12285.381s][info][gc,marking    ] GC(731) Concurrent Mark From Roots
[2026-06-18T00:52:48.599+0000][12285.381s][info][gc,task       ] GC(731) Using 3 workers of 3 for marking
[2026-06-18T00:52:48.604+0000][12285.386s][info][gc,marking    ] GC(731) Concurrent Mark From Roots 5.435ms
[2026-06-18T00:52:48.604+0000][12285.386s][info][gc,marking    ] GC(731) Concurrent Preclean
[2026-06-18T00:52:48.604+0000][12285.386s][info][gc,marking    ] GC(731) Concurrent Preclean 0.205ms
[2026-06-18T00:52:48.604+0000][12285.386s][info][gc,marking    ] GC(731) Concurrent Mark (12285.381s, 12285.386s) 5.860ms
[2026-06-18T00:52:48.605+0000][12285.387s][info][gc,start      ] GC(731) Pause Remark
[2026-06-18T00:52:48.608+0000][12285.390s][info][gc,stringtable] GC(731) Cleaned string and symbol table, strings: 17343 processed, 0 removed, symbols: 125074 processed, 0 removed
[2026-06-18T00:52:48.608+0000][12285.390s][info][gc            ] GC(731) Pause Remark 205M->205M(512M) 3.480ms
[2026-06-18T00:52:48.608+0000][12285.390s][info][gc,cpu        ] GC(731) User=0.03s Sys=0.00s Real=0.00s
[2026-06-18T00:52:48.608+0000][12285.390s][info][gc,marking    ] GC(731) Concurrent Rebuild Remembered Sets
[2026-06-18T00:52:48.612+0000][12285.394s][info][gc,marking    ] GC(731) Concurrent Rebuild Remembered Sets 3.884ms
[2026-06-18T00:52:48.612+0000][12285.395s][info][gc,start      ] GC(731) Pause Cleanup
[2026-06-18T00:52:48.613+0000][12285.395s][info][gc            ] GC(731) Pause Cleanup 206M->206M(512M) 0.158ms
[2026-06-18T00:52:48.613+0000][12285.395s][info][gc,cpu        ] GC(731) User=0.00s Sys=0.00s Real=0.00s
[2026-06-18T00:52:48.613+0000][12285.395s][info][gc,marking    ] GC(731) Concurrent Cleanup for Next Mark
[2026-06-18T00:52:48.613+0000][12285.395s][info][gc,marking    ] GC(731) Concurrent Cleanup for Next Mark 0.140ms
[2026-06-18T00:52:48.613+0000][12285.395s][info][gc            ] GC(731) Concurrent Cycle 15.879ms
[2026-06-18T00:52:50.042+0000][12286.824s][info][gc,start      ] GC(732) Pause Young (Prepare Mixed) (G1 Evacuation Pause)
[2026-06-18T00:52:50.042+0000][12286.824s][info][gc,task       ] GC(732) Using 13 workers of 13 for evacuation
[2026-06-18T00:52:50.045+0000][12286.827s][info][gc,phases     ] GC(732)   Pre Evacuate Collection Set: 0.0ms
[2026-06-18T00:52:50.045+0000][12286.827s][info][gc,phases     ] GC(732)   Evacuate Collection Set: 2.3ms
[2026-06-18T00:52:50.045+0000][12286.827s][info][gc,phases     ] GC(732)   Post Evacuate Collection Set: 0.4ms
[2026-06-18T00:52:50.045+0000][12286.827s][info][gc,phases     ] GC(732)   Other: 0.4ms
[2026-06-18T00:52:50.045+0000][12286.827s][info][gc,heap       ] GC(732) Eden regions: 243->0(18)
[2026-06-18T00:52:50.045+0000][12286.827s][info][gc,heap       ] GC(732) Survivor regions: 4->7(31)
[2026-06-18T00:52:50.045+0000][12286.827s][info][gc,heap       ] GC(732) Old regions: 52->52
[2026-06-18T00:52:50.045+0000][12286.827s][info][gc,heap       ] GC(732) Humongous regions: 147->147
[2026-06-18T00:52:50.045+0000][12286.827s][info][gc,metaspace  ] GC(732) Metaspace: 52677K(55552K)->52677K(55552K) NonClass: 46748K(48384K)->46748K(48384K) Class: 5929K(7168K)->5929K(7168K)
[2026-06-18T00:52:50.045+0000][12286.827s][info][gc            ] GC(732) Pause Young (Prepare Mixed) (G1 Evacuation Pause) 445M->204M(512M) 3.626ms
[2026-06-18T00:52:50.045+0000][12286.827s][info][gc,cpu        ] GC(732) User=0.02s Sys=0.01s Real=0.00s
[2026-06-18T00:52:50.139+0000][12286.921s][info][gc,start      ] GC(733) Pause Young (Mixed) (G1 Evacuation Pause)
[2026-06-18T00:52:50.139+0000][12286.921s][info][gc,task       ] GC(733) Using 13 workers of 13 for evacuation
[2026-06-18T00:52:50.142+0000][12286.924s][info][gc,phases     ] GC(733)   Pre Evacuate Collection Set: 0.0ms
[2026-06-18T00:52:50.142+0000][12286.924s][info][gc,phases     ] GC(733)   Evacuate Collection Set: 2.4ms
[2026-06-18T00:52:50.142+0000][12286.924s][info][gc,phases     ] GC(733)   Post Evacuate Collection Set: 0.3ms
[2026-06-18T00:52:50.142+0000][12286.924s][info][gc,phases     ] GC(733)   Other: 0.4ms
[2026-06-18T00:52:50.142+0000][12286.924s][info][gc,heap       ] GC(733) Eden regions: 18->0(245)
[2026-06-18T00:52:50.142+0000][12286.924s][info][gc,heap       ] GC(733) Survivor regions: 7->2(4)
[2026-06-18T00:52:50.142+0000][12286.924s][info][gc,heap       ] GC(733) Old regions: 52->51
[2026-06-18T00:52:50.142+0000][12286.924s][info][gc,heap       ] GC(733) Humongous regions: 147->147
[2026-06-18T00:52:50.142+0000][12286.924s][info][gc,metaspace  ] GC(733) Metaspace: 52677K(55552K)->52677K(55552K) NonClass: 46748K(48384K)->46748K(48384K) Class: 5929K(7168K)->5929K(7168K)
[2026-06-18T00:52:50.142+0000][12286.924s][info][gc            ] GC(733) Pause Young (Mixed) (G1 Evacuation Pause) 222M->198M(512M) 3.534ms
[2026-06-18T00:52:50.142+0000][12286.924s][info][gc,cpu        ] GC(733) User=0.02s Sys=0.00s Real=0.01s
[2026-06-18T00:52:51.380+0000][12288.162s][info][gc,start      ] GC(734) Pause Young (Normal) (G1 Evacuation Pause)
[2026-06-18T00:52:51.380+0000][12288.162s][info][gc,task       ] GC(734) Using 13 workers of 13 for evacuation
[2026-06-18T00:52:51.382+0000][12288.164s][info][gc,phases     ] GC(734)   Pre Evacuate Collection Set: 0.0ms
[2026-06-18T00:52:51.382+0000][12288.164s][info][gc,phases     ] GC(734)   Evacuate Collection Set: 1.4ms
[2026-06-18T00:52:51.382+0000][12288.165s][info][gc,phases     ] GC(734)   Post Evacuate Collection Set: 0.4ms
[2026-06-18T00:52:51.382+0000][12288.165s][info][gc,phases     ] GC(734)   Other: 0.3ms
[2026-06-18T00:52:51.383+0000][12288.165s][info][gc,heap       ] GC(734) Eden regions: 245->0(245)
[2026-06-18T00:52:51.383+0000][12288.165s][info][gc,heap       ] GC(734) Survivor regions: 2->3(31)
[2026-06-18T00:52:51.383+0000][12288.165s][info][gc,heap       ] GC(734) Old regions: 51->51
[2026-06-18T00:52:51.383+0000][12288.165s][info][gc,heap       ] GC(734) Humongous regions: 147->147
[2026-06-18T00:52:51.383+0000][12288.165s][info][gc,metaspace  ] GC(734) Metaspace: 52677K(55552K)->52677K(55552K) NonClass: 46748K(48384K)->46748K(48384K) Class: 5929K(7168K)->5929K(7168K)
[2026-06-18T00:52:51.383+0000][12288.165s][info][gc            ] GC(734) Pause Young (Normal) (G1 Evacuation Pause) 443M->199M(512M) 2.573ms
[2026-06-18T00:52:51.383+0000][12288.165s][info][gc,cpu        ] GC(734) User=0.02s Sys=0.00s Real=0.01s
[2026-06-18T00:53:40.008+0000][12336.790s][info][gc,start      ] GC(735) Pause Young (Normal) (G1 Evacuation Pause)
[2026-06-18T00:53:40.008+0000][12336.790s][info][gc,task       ] GC(735) Using 13 workers of 13 for evacuation
[2026-06-18T00:53:40.010+0000][12336.792s][info][gc,phases     ] GC(735)   Pre Evacuate Collection Set: 0.0ms
[2026-06-18T00:53:40.010+0000][12336.792s][info][gc,phases     ] GC(735)   Evacuate Collection Set: 1.7ms
[2026-06-18T00:53:40.011+0000][12336.792s][info][gc,phases     ] GC(735)   Post Evacuate Collection Set: 0.3ms
[2026-06-18T00:53:40.011+0000][12336.792s][info][gc,phases     ] GC(735)   Other: 0.3ms
[2026-06-18T00:53:40.011+0000][12336.792s][info][gc,heap       ] GC(735) Eden regions: 245->0(241)
[2026-06-18T00:53:40.011+0000][12336.793s][info][gc,heap       ] GC(735) Survivor regions: 3->7(31)
[2026-06-18T00:53:40.011+0000][12336.793s][info][gc,heap       ] GC(735) Old regions: 51->51
[2026-06-18T00:53:40.011+0000][12336.793s][info][gc,heap       ] GC(735) Humongous regions: 147->147
[2026-06-18T00:53:40.011+0000][12336.793s][info][gc,metaspace  ] GC(735) Metaspace: 52685K(55552K)->52685K(55552K) NonClass: 46755K(48384K)->46755K(48384K) Class: 5929K(7168K)->5929K(7168K)
[2026-06-18T00:53:40.011+0000][12336.793s][info][gc            ] GC(735) Pause Young (Normal) (G1 Evacuation Pause) 444M->204M(512M) 2.899ms
[2026-06-18T00:53:40.011+0000][12336.793s][info][gc,cpu        ] GC(735) User=0.02s Sys=0.00s Real=0.01s
[2026-06-18T00:53:41.473+0000][12338.255s][info][gc,start      ] GC(736) Pause Young (Concurrent Start) (G1 Evacuation Pause)
[2026-06-18T00:53:41.474+0000][12338.255s][info][gc,task       ] GC(736) Using 13 workers of 13 for evacuation
[2026-06-18T00:53:41.476+0000][12338.258s][info][gc,phases     ] GC(736)   Pre Evacuate Collection Set: 0.3ms
[2026-06-18T00:53:41.476+0000][12338.258s][info][gc,phases     ] GC(736)   Evacuate Collection Set: 1.5ms
[2026-06-18T00:53:41.476+0000][12338.258s][info][gc,phases     ] GC(736)   Post Evacuate Collection Set: 0.4ms
[2026-06-18T00:53:41.476+0000][12338.258s][info][gc,phases     ] GC(736)   Other: 0.4ms
[2026-06-18T00:53:41.476+0000][12338.258s][info][gc,heap       ] GC(736) Eden regions: 241->0(244)
[2026-06-18T00:53:41.476+0000][12338.258s][info][gc,heap       ] GC(736) Survivor regions: 7->4(31)
[2026-06-18T00:53:41.477+0000][12338.258s][info][gc,heap       ] GC(736) Old regions: 51->51
[2026-06-18T00:53:41.477+0000][12338.258s][info][gc,heap       ] GC(736) Humongous regions: 147->147
[2026-06-18T00:53:41.477+0000][12338.258s][info][gc,metaspace  ] GC(736) Metaspace: 52685K(55552K)->52685K(55552K) NonClass: 46755K(48384K)->46755K(48384K) Class: 5929K(7168K)->5929K(7168K)
[2026-06-18T00:53:41.477+0000][12338.258s][info][gc            ] GC(736) Pause Young (Concurrent Start) (G1 Evacuation Pause) 445M->200M(512M) 3.207ms
[2026-06-18T00:53:41.477+0000][12338.259s][info][gc,cpu        ] GC(736) User=0.02s Sys=0.00s Real=0.00s
[2026-06-18T00:53:41.477+0000][12338.259s][info][gc            ] GC(737) Concurrent Cycle
[2026-06-18T00:53:41.477+0000][12338.259s][info][gc,marking    ] GC(737) Concurrent Clear Claimed Marks
[2026-06-18T00:53:41.477+0000][12338.259s][info][gc,marking    ] GC(737) Concurrent Clear Claimed Marks 0.275ms
[2026-06-18T00:53:41.477+0000][12338.259s][info][gc,marking    ] GC(737) Concurrent Scan Root Regions
[2026-06-18T00:53:41.478+0000][12338.260s][info][gc,marking    ] GC(737) Concurrent Scan Root Regions 1.004ms
[2026-06-18T00:53:41.478+0000][12338.260s][info][gc,marking    ] GC(737) Concurrent Mark (12338.260s)
[2026-06-18T00:53:41.478+0000][12338.260s][info][gc,marking    ] GC(737) Concurrent Mark From Roots
[2026-06-18T00:53:41.478+0000][12338.260s][info][gc,task       ] GC(737) Using 3 workers of 3 for marking
[2026-06-18T00:53:41.484+0000][12338.266s][info][gc,marking    ] GC(737) Concurrent Mark From Roots 5.543ms
[2026-06-18T00:53:41.484+0000][12338.266s][info][gc,marking    ] GC(737) Concurrent Preclean
[2026-06-18T00:53:41.484+0000][12338.266s][info][gc,marking    ] GC(737) Concurrent Preclean 0.226ms
[2026-06-18T00:53:41.484+0000][12338.266s][info][gc,marking    ] GC(737) Concurrent Mark (12338.260s, 12338.266s) 6.062ms
[2026-06-18T00:53:41.485+0000][12338.266s][info][gc,start      ] GC(737) Pause Remark
[2026-06-18T00:53:41.494+0000][12338.276s][info][gc,stringtable] GC(737) Cleaned string and symbol table, strings: 17343 processed, 0 removed, symbols: 125074 processed, 0 removed
[2026-06-18T00:53:41.494+0000][12338.276s][info][gc            ] GC(737) Pause Remark 204M->204M(512M) 9.512ms
[2026-06-18T00:53:41.494+0000][12338.276s][info][gc,cpu        ] GC(737) User=0.08s Sys=0.00s Real=0.01s
[2026-06-18T00:53:41.494+0000][12338.276s][info][gc,marking    ] GC(737) Concurrent Rebuild Remembered Sets
[2026-06-18T00:53:41.499+0000][12338.281s][info][gc,marking    ] GC(737) Concurrent Rebuild Remembered Sets 4.689ms
[2026-06-18T00:53:41.499+0000][12338.281s][info][gc,start      ] GC(737) Pause Cleanup
[2026-06-18T00:53:41.499+0000][12338.281s][info][gc            ] GC(737) Pause Cleanup 206M->206M(512M) 0.192ms
[2026-06-18T00:53:41.499+0000][12338.281s][info][gc,cpu        ] GC(737) User=0.00s Sys=0.00s Real=0.00s
[2026-06-18T00:53:41.500+0000][12338.281s][info][gc,marking    ] GC(737) Concurrent Cleanup for Next Mark
[2026-06-18T00:53:41.500+0000][12338.281s][info][gc,marking    ] GC(737) Concurrent Cleanup for Next Mark 0.159ms
[2026-06-18T00:53:41.500+0000][12338.282s][info][gc            ] GC(737) Concurrent Cycle 22.935ms
[2026-06-18T00:53:42.798+0000][12339.580s][info][gc,start      ] GC(738) Pause Young (Prepare Mixed) (G1 Evacuation Pause)
[2026-06-18T00:53:42.798+0000][12339.580s][info][gc,task       ] GC(738) Using 13 workers of 13 for evacuation
[2026-06-18T00:53:42.800+0000][12339.582s][info][gc,phases     ] GC(738)   Pre Evacuate Collection Set: 0.0ms
[2026-06-18T00:53:42.801+0000][12339.582s][info][gc,phases     ] GC(738)   Evacuate Collection Set: 2.0ms
[2026-06-18T00:53:42.801+0000][12339.583s][info][gc,phases     ] GC(738)   Post Evacuate Collection Set: 0.3ms
[2026-06-18T00:53:42.801+0000][12339.583s][info][gc,phases     ] GC(738)   Other: 0.4ms
[2026-06-18T00:53:42.801+0000][12339.583s][info][gc,heap       ] GC(738) Eden regions: 244->0(17)
[2026-06-18T00:53:42.801+0000][12339.583s][info][gc,heap       ] GC(738) Survivor regions: 4->8(31)
[2026-06-18T00:53:42.801+0000][12339.583s][info][gc,heap       ] GC(738) Old regions: 51->51
[2026-06-18T00:53:42.801+0000][12339.583s][info][gc,heap       ] GC(738) Humongous regions: 147->147
[2026-06-18T00:53:42.801+0000][12339.583s][info][gc,metaspace  ] GC(738) Metaspace: 52685K(55552K)->52685K(55552K) NonClass: 46755K(48384K)->46755K(48384K) Class: 5929K(7168K)->5929K(7168K)
[2026-06-18T00:53:42.801+0000][12339.583s][info][gc            ] GC(738) Pause Young (Prepare Mixed) (G1 Evacuation Pause) 444M->204M(512M) 3.352ms
[2026-06-18T00:53:42.801+0000][12339.583s][info][gc,cpu        ] GC(738) User=0.02s Sys=0.00s Real=0.01s
[2026-06-18T00:53:42.884+0000][12339.666s][info][gc,start      ] GC(739) Pause Young (Mixed) (G1 Evacuation Pause)
[2026-06-18T00:53:42.884+0000][12339.666s][info][gc,task       ] GC(739) Using 13 workers of 13 for evacuation
[2026-06-18T00:53:42.888+0000][12339.670s][info][gc,phases     ] GC(739)   Pre Evacuate Collection Set: 0.0ms
[2026-06-18T00:53:42.888+0000][12339.670s][info][gc,phases     ] GC(739)   Evacuate Collection Set: 3.0ms
[2026-06-18T00:53:42.888+0000][12339.670s][info][gc,phases     ] GC(739)   Post Evacuate Collection Set: 0.3ms
[2026-06-18T00:53:42.888+0000][12339.670s][info][gc,phases     ] GC(739)   Other: 0.3ms
[2026-06-18T00:53:42.888+0000][12339.670s][info][gc,heap       ] GC(739) Eden regions: 17->0(244)
[2026-06-18T00:53:42.888+0000][12339.670s][info][gc,heap       ] GC(739) Survivor regions: 8->2(4)
[2026-06-18T00:53:42.888+0000][12339.670s][info][gc,heap       ] GC(739) Old regions: 51->52
[2026-06-18T00:53:42.888+0000][12339.670s][info][gc,heap       ] GC(739) Humongous regions: 147->147
[2026-06-18T00:53:42.888+0000][12339.670s][info][gc,metaspace  ] GC(739) Metaspace: 52685K(55552K)->52685K(55552K) NonClass: 46755K(48384K)->46755K(48384K) Class: 5929K(7168K)->5929K(7168K)
[2026-06-18T00:53:42.888+0000][12339.670s][info][gc            ] GC(739) Pause Young (Mixed) (G1 Evacuation Pause) 221M->200M(512M) 4.214ms
[2026-06-18T00:53:42.888+0000][12339.670s][info][gc,cpu        ] GC(739) User=0.03s Sys=0.00s Real=0.00s
[2026-06-18T00:54:31.414+0000][12388.195s][info][gc,start      ] GC(740) Pause Young (Normal) (G1 Evacuation Pause)
[2026-06-18T00:54:31.414+0000][12388.195s][info][gc,task       ] GC(740) Using 13 workers of 13 for evacuation
[2026-06-18T00:54:31.419+0000][12388.200s][info][gc,phases     ] GC(740)   Pre Evacuate Collection Set: 0.0ms
[2026-06-18T00:54:31.421+0000][12388.203s][info][gc,phases     ] GC(740)   Evacuate Collection Set: 4.0ms
[2026-06-18T00:54:31.422+0000][12388.203s][info][gc,phases     ] GC(740)   Post Evacuate Collection Set: 0.4ms
[2026-06-18T00:54:31.422+0000][12388.203s][info][gc,phases     ] GC(740)   Other: 0.3ms
[2026-06-18T00:54:31.422+0000][12388.203s][info][gc,heap       ] GC(740) Eden regions: 244->0(242)
[2026-06-18T00:54:31.422+0000][12388.204s][info][gc,heap       ] GC(740) Survivor regions: 2->5(31)
[2026-06-18T00:54:31.422+0000][12388.204s][info][gc,heap       ] GC(740) Old regions: 52->52
[2026-06-18T00:54:31.422+0000][12388.204s][info][gc,heap       ] GC(740) Humongous regions: 147->147
[2026-06-18T00:54:31.422+0000][12388.204s][info][gc,metaspace  ] GC(740) Metaspace: 52690K(55552K)->52690K(55552K) NonClass: 46760K(48384K)->46760K(48384K) Class: 5929K(7168K)->5929K(7168K)
[2026-06-18T00:54:31.422+0000][12388.204s][info][gc            ] GC(740) Pause Young (Normal) (G1 Evacuation Pause) 444M->203M(512M) 8.468ms
[2026-06-18T00:54:31.422+0000][12388.204s][info][gc,cpu        ] GC(740) User=0.03s Sys=0.00s Real=0.01s
[2026-06-18T00:54:32.958+0000][12389.739s][info][gc,start      ] GC(741) Pause Young (Normal) (G1 Evacuation Pause)
[2026-06-18T00:54:32.958+0000][12389.739s][info][gc,task       ] GC(741) Using 13 workers of 13 for evacuation
[2026-06-18T00:54:32.960+0000][12389.741s][info][gc,phases     ] GC(741)   Pre Evacuate Collection Set: 0.0ms
[2026-06-18T00:54:32.960+0000][12389.742s][info][gc,phases     ] GC(741)   Evacuate Collection Set: 1.8ms
[2026-06-18T00:54:32.960+0000][12389.742s][info][gc,phases     ] GC(741)   Post Evacuate Collection Set: 0.3ms
[2026-06-18T00:54:32.960+0000][12389.742s][info][gc,phases     ] GC(741)   Other: 0.3ms
[2026-06-18T00:54:32.960+0000][12389.742s][info][gc,heap       ] GC(741) Eden regions: 242->0(238)
[2026-06-18T00:54:32.960+0000][12389.742s][info][gc,heap       ] GC(741) Survivor regions: 5->8(31)
[2026-06-18T00:54:32.960+0000][12389.742s][info][gc,heap       ] GC(741) Old regions: 52->52
[2026-06-18T00:54:32.961+0000][12389.742s][info][gc,heap       ] GC(741) Humongous regions: 147->147
[2026-06-18T00:54:32.961+0000][12389.742s][info][gc,metaspace  ] GC(741) Metaspace: 52690K(55552K)->52690K(55552K) NonClass: 46760K(48384K)->46760K(48384K) Class: 5929K(7168K)->5929K(7168K)
[2026-06-18T00:54:32.961+0000][12389.742s][info][gc            ] GC(741) Pause Young (Normal) (G1 Evacuation Pause) 445M->206M(512M) 3.025ms
[2026-06-18T00:54:32.961+0000][12389.742s][info][gc,cpu        ] GC(741) User=0.03s Sys=0.00s Real=0.00s
[2026-06-18T00:54:34.271+0000][12391.053s][info][gc,start      ] GC(742) Pause Young (Concurrent Start) (G1 Evacuation Pause)
[2026-06-18T00:54:34.271+0000][12391.053s][info][gc,task       ] GC(742) Using 13 workers of 13 for evacuation
[2026-06-18T00:54:34.276+0000][12391.057s][info][gc,phases     ] GC(742)   Pre Evacuate Collection Set: 0.3ms
[2026-06-18T00:54:34.276+0000][12391.057s][info][gc,phases     ] GC(742)   Evacuate Collection Set: 3.7ms
[2026-06-18T00:54:34.276+0000][12391.058s][info][gc,phases     ] GC(742)   Post Evacuate Collection Set: 0.3ms
[2026-06-18T00:54:34.276+0000][12391.058s][info][gc,phases     ] GC(742)   Other: 0.4ms
[2026-06-18T00:54:34.276+0000][12391.058s][info][gc,heap       ] GC(742) Eden regions: 238->0(242)
[2026-06-18T00:54:34.276+0000][12391.058s][info][gc,heap       ] GC(742) Survivor regions: 8->5(31)
[2026-06-18T00:54:34.276+0000][12391.058s][info][gc,heap       ] GC(742) Old regions: 52->52
[2026-06-18T00:54:34.276+0000][12391.058s][info][gc,heap       ] GC(742) Humongous regions: 147->147
[2026-06-18T00:54:34.277+0000][12391.058s][info][gc,metaspace  ] GC(742) Metaspace: 52690K(55552K)->52690K(55552K) NonClass: 46760K(48384K)->46760K(48384K) Class: 5929K(7168K)->5929K(7168K)
[2026-06-18T00:54:34.277+0000][12391.058s][info][gc            ] GC(742) Pause Young (Concurrent Start) (G1 Evacuation Pause) 444M->203M(512M) 5.276ms
[2026-06-18T00:54:34.277+0000][12391.058s][info][gc,cpu        ] GC(742) User=0.04s Sys=0.00s Real=0.01s
[2026-06-18T00:54:34.277+0000][12391.058s][info][gc            ] GC(743) Concurrent Cycle
[2026-06-18T00:54:34.277+0000][12391.058s][info][gc,marking    ] GC(743) Concurrent Clear Claimed Marks
[2026-06-18T00:54:34.277+0000][12391.058s][info][gc,marking    ] GC(743) Concurrent Clear Claimed Marks 0.189ms
[2026-06-18T00:54:34.277+0000][12391.058s][info][gc,marking    ] GC(743) Concurrent Scan Root Regions
[2026-06-18T00:54:34.278+0000][12391.059s][info][gc,marking    ] GC(743) Concurrent Scan Root Regions 1.042ms
[2026-06-18T00:54:34.278+0000][12391.060s][info][gc,marking    ] GC(743) Concurrent Mark (12391.060s)
[2026-06-18T00:54:34.278+0000][12391.060s][info][gc,marking    ] GC(743) Concurrent Mark From Roots
[2026-06-18T00:54:34.278+0000][12391.060s][info][gc,task       ] GC(743) Using 3 workers of 3 for marking
[2026-06-18T00:54:34.284+0000][12391.065s][info][gc,marking    ] GC(743) Concurrent Mark From Roots 5.665ms
[2026-06-18T00:54:34.284+0000][12391.065s][info][gc,marking    ] GC(743) Concurrent Preclean
[2026-06-18T00:54:34.284+0000][12391.065s][info][gc,marking    ] GC(743) Concurrent Preclean 0.148ms
[2026-06-18T00:54:34.284+0000][12391.066s][info][gc,marking    ] GC(743) Concurrent Mark (12391.060s, 12391.066s) 6.073ms
[2026-06-18T00:54:34.284+0000][12391.066s][info][gc,start      ] GC(743) Pause Remark
[2026-06-18T00:54:34.287+0000][12391.068s][info][gc,stringtable] GC(743) Cleaned string and symbol table, strings: 17343 processed, 0 removed, symbols: 125074 processed, 0 removed
[2026-06-18T00:54:34.287+0000][12391.069s][info][gc            ] GC(743) Pause Remark 207M->207M(512M) 2.746ms
[2026-06-18T00:54:34.287+0000][12391.069s][info][gc,cpu        ] GC(743) User=0.03s Sys=0.00s Real=0.00s
[2026-06-18T00:54:34.287+0000][12391.069s][info][gc,marking    ] GC(743) Concurrent Rebuild Remembered Sets
[2026-06-18T00:54:34.292+0000][12391.073s][info][gc,marking    ] GC(743) Concurrent Rebuild Remembered Sets 4.705ms
[2026-06-18T00:54:34.292+0000][12391.074s][info][gc,start      ] GC(743) Pause Cleanup
[2026-06-18T00:54:34.292+0000][12391.074s][info][gc            ] GC(743) Pause Cleanup 208M->208M(512M) 0.180ms
[2026-06-18T00:54:34.293+0000][12391.074s][info][gc,cpu        ] GC(743) User=0.00s Sys=0.00s Real=0.00s
[2026-06-18T00:54:34.293+0000][12391.074s][info][gc,marking    ] GC(743) Concurrent Cleanup for Next Mark
[2026-06-18T00:54:34.293+0000][12391.074s][info][gc,marking    ] GC(743) Concurrent Cleanup for Next Mark 0.145ms
[2026-06-18T00:54:34.293+0000][12391.074s][info][gc            ] GC(743) Concurrent Cycle 16.126ms
[2026-06-18T00:54:35.496+0000][12392.277s][info][gc,start      ] GC(744) Pause Young (Prepare Mixed) (G1 Evacuation Pause)
[2026-06-18T00:54:35.496+0000][12392.277s][info][gc,task       ] GC(744) Using 13 workers of 13 for evacuation
[2026-06-18T00:54:35.498+0000][12392.280s][info][gc,phases     ] GC(744)   Pre Evacuate Collection Set: 0.0ms
[2026-06-18T00:54:35.498+0000][12392.280s][info][gc,phases     ] GC(744)   Evacuate Collection Set: 2.0ms
[2026-06-18T00:54:35.498+0000][12392.280s][info][gc,phases     ] GC(744)   Post Evacuate Collection Set: 0.3ms
[2026-06-18T00:54:35.498+0000][12392.280s][info][gc,phases     ] GC(744)   Other: 0.3ms
[2026-06-18T00:54:35.498+0000][12392.280s][info][gc,heap       ] GC(744) Eden regions: 242->0(16)
[2026-06-18T00:54:35.499+0000][12392.280s][info][gc,heap       ] GC(744) Survivor regions: 5->9(31)
[2026-06-18T00:54:35.499+0000][12392.280s][info][gc,heap       ] GC(744) Old regions: 52->52
[2026-06-18T00:54:35.499+0000][12392.280s][info][gc,heap       ] GC(744) Humongous regions: 147->147
[2026-06-18T00:54:35.499+0000][12392.280s][info][gc,metaspace  ] GC(744) Metaspace: 52690K(55552K)->52690K(55552K) NonClass: 46760K(48384K)->46760K(48384K) Class: 5929K(7168K)->5929K(7168K)
[2026-06-18T00:54:35.499+0000][12392.280s][info][gc            ] GC(744) Pause Young (Prepare Mixed) (G1 Evacuation Pause) 445M->207M(512M) 3.214ms
[2026-06-18T00:54:35.499+0000][12392.280s][info][gc,cpu        ] GC(744) User=0.02s Sys=0.00s Real=0.00s
[2026-06-18T00:54:35.570+0000][12392.351s][info][gc,start      ] GC(745) Pause Young (Mixed) (G1 Evacuation Pause)
[2026-06-18T00:54:35.570+0000][12392.351s][info][gc,task       ] GC(745) Using 13 workers of 13 for evacuation
[2026-06-18T00:54:35.574+0000][12392.355s][info][gc,phases     ] GC(745)   Pre Evacuate Collection Set: 0.0ms
[2026-06-18T00:54:35.574+0000][12392.356s][info][gc,phases     ] GC(745)   Evacuate Collection Set: 4.0ms
[2026-06-18T00:54:35.574+0000][12392.356s][info][gc,phases     ] GC(745)   Post Evacuate Collection Set: 0.3ms
[2026-06-18T00:54:35.574+0000][12392.356s][info][gc,phases     ] GC(745)   Other: 0.3ms
[2026-06-18T00:54:35.574+0000][12392.356s][info][gc,heap       ] GC(745) Eden regions: 16->0(241)
[2026-06-18T00:54:35.574+0000][12392.356s][info][gc,heap       ] GC(745) Survivor regions: 9->2(4)
[2026-06-18T00:54:35.574+0000][12392.356s][info][gc,heap       ] GC(745) Old regions: 52->54
[2026-06-18T00:54:35.575+0000][12392.356s][info][gc,heap       ] GC(745) Humongous regions: 147->147
[2026-06-18T00:54:35.575+0000][12392.356s][info][gc,metaspace  ] GC(745) Metaspace: 52690K(55552K)->52690K(55552K) NonClass: 46760K(48384K)->46760K(48384K) Class: 5929K(7168K)->5929K(7168K)
[2026-06-18T00:54:35.575+0000][12392.356s][info][gc            ] GC(745) Pause Young (Mixed) (G1 Evacuation Pause) 223M->202M(512M) 5.155ms
[2026-06-18T00:54:35.575+0000][12392.356s][info][gc,cpu        ] GC(745) User=0.02s Sys=0.00s Real=0.01s
[2026-06-18T00:55:24.129+0000][12440.910s][info][gc,start      ] GC(746) Pause Young (Normal) (G1 Evacuation Pause)
[2026-06-18T00:55:24.129+0000][12440.910s][info][gc,task       ] GC(746) Using 13 workers of 13 for evacuation
[2026-06-18T00:55:24.131+0000][12440.912s][info][gc,phases     ] GC(746)   Pre Evacuate Collection Set: 0.0ms
[2026-06-18T00:55:24.131+0000][12440.913s][info][gc,phases     ] GC(746)   Evacuate Collection Set: 1.7ms
[2026-06-18T00:55:24.132+0000][12440.913s][info][gc,phases     ] GC(746)   Post Evacuate Collection Set: 0.3ms
[2026-06-18T00:55:24.132+0000][12440.913s][info][gc,phases     ] GC(746)   Other: 0.3ms
[2026-06-18T00:55:24.132+0000][12440.913s][info][gc,heap       ] GC(746) Eden regions: 241->0(239)
[2026-06-18T00:55:24.132+0000][12440.913s][info][gc,heap       ] GC(746) Survivor regions: 2->5(31)
[2026-06-18T00:55:24.132+0000][12440.913s][info][gc,heap       ] GC(746) Old regions: 54->54
[2026-06-18T00:55:24.132+0000][12440.913s][info][gc,heap       ] GC(746) Humongous regions: 147->147
[2026-06-18T00:55:24.132+0000][12440.913s][info][gc,metaspace  ] GC(746) Metaspace: 52690K(55552K)->52690K(55552K) NonClass: 46760K(48384K)->46760K(48384K) Class: 5929K(7168K)->5929K(7168K)
[2026-06-18T00:55:24.132+0000][12440.913s][info][gc            ] GC(746) Pause Young (Normal) (G1 Evacuation Pause) 443M->204M(512M) 3.025ms
[2026-06-18T00:55:24.132+0000][12440.913s][info][gc,cpu        ] GC(746) User=0.02s Sys=0.00s Real=0.01s
[2026-06-18T00:55:25.617+0000][12442.399s][info][gc,start      ] GC(747) Pause Young (Normal) (G1 Evacuation Pause)
[2026-06-18T00:55:25.617+0000][12442.399s][info][gc,task       ] GC(747) Using 13 workers of 13 for evacuation
[2026-06-18T00:55:25.620+0000][12442.401s][info][gc,phases     ] GC(747)   Pre Evacuate Collection Set: 0.0ms
[2026-06-18T00:55:25.620+0000][12442.401s][info][gc,phases     ] GC(747)   Evacuate Collection Set: 1.6ms
[2026-06-18T00:55:25.620+0000][12442.401s][info][gc,phases     ] GC(747)   Post Evacuate Collection Set: 0.3ms
[2026-06-18T00:55:25.620+0000][12442.401s][info][gc,phases     ] GC(747)   Other: 0.3ms
[2026-06-18T00:55:25.620+0000][12442.401s][info][gc,heap       ] GC(747) Eden regions: 239->0(235)
[2026-06-18T00:55:25.620+0000][12442.401s][info][gc,heap       ] GC(747) Survivor regions: 5->8(31)
[2026-06-18T00:55:25.620+0000][12442.401s][info][gc,heap       ] GC(747) Old regions: 54->54
[2026-06-18T00:55:25.620+0000][12442.401s][info][gc,heap       ] GC(747) Humongous regions: 147->147
[2026-06-18T00:55:25.620+0000][12442.401s][info][gc,metaspace  ] GC(747) Metaspace: 52690K(55552K)->52690K(55552K) NonClass: 46760K(48384K)->46760K(48384K) Class: 5929K(7168K)->5929K(7168K)
[2026-06-18T00:55:25.620+0000][12442.401s][info][gc            ] GC(747) Pause Young (Normal) (G1 Evacuation Pause) 443M->207M(512M) 2.878ms
[2026-06-18T00:55:25.620+0000][12442.401s][info][gc,cpu        ] GC(747) User=0.02s Sys=0.00s Real=0.00s
[2026-06-18T00:55:26.836+0000][12443.617s][info][gc,start      ] GC(748) Pause Young (Concurrent Start) (G1 Evacuation Pause)
[2026-06-18T00:55:26.836+0000][12443.617s][info][gc,task       ] GC(748) Using 13 workers of 13 for evacuation
[2026-06-18T00:55:26.839+0000][12443.620s][info][gc,phases     ] GC(748)   Pre Evacuate Collection Set: 0.3ms
[2026-06-18T00:55:26.839+0000][12443.620s][info][gc,phases     ] GC(748)   Evacuate Collection Set: 1.8ms
[2026-06-18T00:55:26.839+0000][12443.620s][info][gc,phases     ] GC(748)   Post Evacuate Collection Set: 0.4ms
[2026-06-18T00:55:26.839+0000][12443.620s][info][gc,phases     ] GC(748)   Other: 0.3ms
[2026-06-18T00:55:26.839+0000][12443.620s][info][gc,heap       ] GC(748) Eden regions: 235->0(239)
[2026-06-18T00:55:26.839+0000][12443.620s][info][gc,heap       ] GC(748) Survivor regions: 8->5(31)
[2026-06-18T00:55:26.839+0000][12443.620s][info][gc,heap       ] GC(748) Old regions: 54->54
[2026-06-18T00:55:26.839+0000][12443.620s][info][gc,heap       ] GC(748) Humongous regions: 147->147
[2026-06-18T00:55:26.839+0000][12443.620s][info][gc,metaspace  ] GC(748) Metaspace: 52690K(55552K)->52690K(55552K) NonClass: 46760K(48384K)->46760K(48384K) Class: 5929K(7168K)->5929K(7168K)
[2026-06-18T00:55:26.839+0000][12443.620s][info][gc            ] GC(748) Pause Young (Concurrent Start) (G1 Evacuation Pause) 442M->205M(512M) 3.282ms
[2026-06-18T00:55:26.840+0000][12443.620s][info][gc,cpu        ] GC(748) User=0.02s Sys=0.00s Real=0.00s
[2026-06-18T00:55:26.840+0000][12443.621s][info][gc            ] GC(749) Concurrent Cycle
[2026-06-18T00:55:26.840+0000][12443.621s][info][gc,marking    ] GC(749) Concurrent Clear Claimed Marks
[2026-06-18T00:55:26.840+0000][12443.621s][info][gc,marking    ] GC(749) Concurrent Clear Claimed Marks 0.195ms
[2026-06-18T00:55:26.840+0000][12443.621s][info][gc,marking    ] GC(749) Concurrent Scan Root Regions
[2026-06-18T00:55:26.841+0000][12443.622s][info][gc,marking    ] GC(749) Concurrent Scan Root Regions 0.987ms
[2026-06-18T00:55:26.841+0000][12443.622s][info][gc,marking    ] GC(749) Concurrent Mark (12443.622s)
[2026-06-18T00:55:26.841+0000][12443.622s][info][gc,marking    ] GC(749) Concurrent Mark From Roots
[2026-06-18T00:55:26.841+0000][12443.622s][info][gc,task       ] GC(749) Using 3 workers of 3 for marking
[2026-06-18T00:55:26.847+0000][12443.628s][info][gc,marking    ] GC(749) Concurrent Mark From Roots 5.393ms
[2026-06-18T00:55:26.847+0000][12443.628s][info][gc,marking    ] GC(749) Concurrent Preclean
[2026-06-18T00:55:26.847+0000][12443.628s][info][gc,marking    ] GC(749) Concurrent Preclean 0.189ms
[2026-06-18T00:55:26.847+0000][12443.628s][info][gc,marking    ] GC(749) Concurrent Mark (12443.622s, 12443.628s) 5.847ms
[2026-06-18T00:55:26.847+0000][12443.628s][info][gc,start      ] GC(749) Pause Remark
[2026-06-18T00:55:26.850+0000][12443.631s][info][gc,stringtable] GC(749) Cleaned string and symbol table, strings: 17343 processed, 0 removed, symbols: 125074 processed, 0 removed
[2026-06-18T00:55:26.850+0000][12443.631s][info][gc            ] GC(749) Pause Remark 208M->208M(512M) 2.935ms
[2026-06-18T00:55:26.850+0000][12443.631s][info][gc,cpu        ] GC(749) User=0.03s Sys=0.00s Real=0.00s
[2026-06-18T00:55:26.850+0000][12443.631s][info][gc,marking    ] GC(749) Concurrent Rebuild Remembered Sets
[2026-06-18T00:55:26.855+0000][12443.636s][info][gc,marking    ] GC(749) Concurrent Rebuild Remembered Sets 4.566ms
[2026-06-18T00:55:26.855+0000][12443.636s][info][gc,start      ] GC(749) Pause Cleanup
[2026-06-18T00:55:26.855+0000][12443.636s][info][gc            ] GC(749) Pause Cleanup 210M->210M(512M) 0.242ms
[2026-06-18T00:55:26.856+0000][12443.636s][info][gc,cpu        ] GC(749) User=0.00s Sys=0.00s Real=0.00s
[2026-06-18T00:55:26.856+0000][12443.637s][info][gc,marking    ] GC(749) Concurrent Cleanup for Next Mark
[2026-06-18T00:55:26.856+0000][12443.637s][info][gc,marking    ] GC(749) Concurrent Cleanup for Next Mark 0.219ms
[2026-06-18T00:55:26.856+0000][12443.637s][info][gc            ] GC(749) Concurrent Cycle 16.216ms
[2026-06-18T00:55:27.969+0000][12444.750s][info][gc,start      ] GC(750) Pause Young (Prepare Mixed) (G1 Evacuation Pause)
[2026-06-18T00:55:27.969+0000][12444.750s][info][gc,task       ] GC(750) Using 13 workers of 13 for evacuation
[2026-06-18T00:55:27.972+0000][12444.753s][info][gc,phases     ] GC(750)   Pre Evacuate Collection Set: 0.0ms
[2026-06-18T00:55:27.972+0000][12444.753s][info][gc,phases     ] GC(750)   Evacuate Collection Set: 2.0ms
[2026-06-18T00:55:27.972+0000][12444.753s][info][gc,phases     ] GC(750)   Post Evacuate Collection Set: 0.4ms
[2026-06-18T00:55:27.972+0000][12444.753s][info][gc,phases     ] GC(750)   Other: 0.4ms
[2026-06-18T00:55:27.972+0000][12444.753s][info][gc,heap       ] GC(750) Eden regions: 239->0(16)
[2026-06-18T00:55:27.972+0000][12444.753s][info][gc,heap       ] GC(750) Survivor regions: 5->9(31)
[2026-06-18T00:55:27.972+0000][12444.753s][info][gc,heap       ] GC(750) Old regions: 54->54
[2026-06-18T00:55:27.972+0000][12444.753s][info][gc,heap       ] GC(750) Humongous regions: 147->147
[2026-06-18T00:55:27.973+0000][12444.753s][info][gc,metaspace  ] GC(750) Metaspace: 52690K(55552K)->52690K(55552K) NonClass: 46760K(48384K)->46760K(48384K) Class: 5929K(7168K)->5929K(7168K)
[2026-06-18T00:55:27.973+0000][12444.754s][info][gc            ] GC(750) Pause Young (Prepare Mixed) (G1 Evacuation Pause) 444M->208M(512M) 3.382ms
[2026-06-18T00:55:27.973+0000][12444.754s][info][gc,cpu        ] GC(750) User=0.03s Sys=0.00s Real=0.01s
[2026-06-18T00:55:28.053+0000][12444.834s][info][gc,start      ] GC(751) Pause Young (Mixed) (G1 Evacuation Pause)
[2026-06-18T00:55:28.053+0000][12444.834s][info][gc,task       ] GC(751) Using 13 workers of 13 for evacuation
[2026-06-18T00:55:28.057+0000][12444.838s][info][gc,phases     ] GC(751)   Pre Evacuate Collection Set: 0.0ms
[2026-06-18T00:55:28.057+0000][12444.838s][info][gc,phases     ] GC(751)   Evacuate Collection Set: 3.5ms
[2026-06-18T00:55:28.058+0000][12444.838s][info][gc,phases     ] GC(751)   Post Evacuate Collection Set: 0.3ms
[2026-06-18T00:55:28.058+0000][12444.839s][info][gc,phases     ] GC(751)   Other: 0.3ms
[2026-06-18T00:55:28.058+0000][12444.839s][info][gc,heap       ] GC(751) Eden regions: 16->0(241)
[2026-06-18T00:55:28.058+0000][12444.839s][info][gc,heap       ] GC(751) Survivor regions: 9->2(4)
[2026-06-18T00:55:28.058+0000][12444.839s][info][gc,heap       ] GC(751) Old regions: 54->53
[2026-06-18T00:55:28.058+0000][12444.839s][info][gc,heap       ] GC(751) Humongous regions: 147->147
[2026-06-18T00:55:28.058+0000][12444.839s][info][gc,metaspace  ] GC(751) Metaspace: 52690K(55552K)->52690K(55552K) NonClass: 46760K(48384K)->46760K(48384K) Class: 5929K(7168K)->5929K(7168K)
[2026-06-18T00:55:28.058+0000][12444.839s][info][gc            ] GC(751) Pause Young (Mixed) (G1 Evacuation Pause) 224M->200M(512M) 4.614ms
[2026-06-18T00:55:28.058+0000][12444.839s][info][gc,cpu        ] GC(751) User=0.03s Sys=0.00s Real=0.00s
[2026-06-18T00:56:16.693+0000][12493.473s][info][gc,start      ] GC(752) Pause Young (Normal) (G1 Evacuation Pause)
[2026-06-18T00:56:16.693+0000][12493.474s][info][gc,task       ] GC(752) Using 13 workers of 13 for evacuation
[2026-06-18T00:56:16.697+0000][12493.478s][info][gc,phases     ] GC(752)   Pre Evacuate Collection Set: 0.0ms
[2026-06-18T00:56:16.697+0000][12493.478s][info][gc,phases     ] GC(752)   Evacuate Collection Set: 3.7ms
[2026-06-18T00:56:16.697+0000][12493.478s][info][gc,phases     ] GC(752)   Post Evacuate Collection Set: 0.4ms
[2026-06-18T00:56:16.697+0000][12493.478s][info][gc,phases     ] GC(752)   Other: 0.4ms
[2026-06-18T00:56:16.697+0000][12493.478s][info][gc,heap       ] GC(752) Eden regions: 241->0(242)
[2026-06-18T00:56:16.698+0000][12493.478s][info][gc,heap       ] GC(752) Survivor regions: 2->3(31)
[2026-06-18T00:56:16.698+0000][12493.478s][info][gc,heap       ] GC(752) Old regions: 53->53
[2026-06-18T00:56:16.698+0000][12493.479s][info][gc,heap       ] GC(752) Humongous regions: 147->147
[2026-06-18T00:56:16.698+0000][12493.479s][info][gc,metaspace  ] GC(752) Metaspace: 52690K(55552K)->52690K(55552K) NonClass: 46760K(48384K)->46760K(48384K) Class: 5929K(7168K)->5929K(7168K)
[2026-06-18T00:56:16.698+0000][12493.479s][info][gc            ] GC(752) Pause Young (Normal) (G1 Evacuation Pause) 441M->202M(512M) 5.336ms
[2026-06-18T00:56:16.698+0000][12493.479s][info][gc,cpu        ] GC(752) User=0.03s Sys=0.01s Real=0.00s
[2026-06-18T00:56:18.183+0000][12494.964s][info][gc,start      ] GC(753) Pause Young (Normal) (G1 Evacuation Pause)
[2026-06-18T00:56:18.183+0000][12494.964s][info][gc,task       ] GC(753) Using 13 workers of 13 for evacuation
[2026-06-18T00:56:18.185+0000][12494.966s][info][gc,phases     ] GC(753)   Pre Evacuate Collection Set: 0.0ms
[2026-06-18T00:56:18.185+0000][12494.966s][info][gc,phases     ] GC(753)   Evacuate Collection Set: 1.6ms
[2026-06-18T00:56:18.185+0000][12494.966s][info][gc,phases     ] GC(753)   Post Evacuate Collection Set: 0.4ms
[2026-06-18T00:56:18.186+0000][12494.966s][info][gc,phases     ] GC(753)   Other: 0.4ms
[2026-06-18T00:56:18.186+0000][12494.966s][info][gc,heap       ] GC(753) Eden regions: 242->0(239)
[2026-06-18T00:56:18.186+0000][12494.966s][info][gc,heap       ] GC(753) Survivor regions: 3->6(31)
[2026-06-18T00:56:18.186+0000][12494.967s][info][gc,heap       ] GC(753) Old regions: 53->53
[2026-06-18T00:56:18.186+0000][12494.967s][info][gc,heap       ] GC(753) Humongous regions: 147->147
[2026-06-18T00:56:18.186+0000][12494.967s][info][gc,metaspace  ] GC(753) Metaspace: 52690K(55552K)->52690K(55552K) NonClass: 46760K(48384K)->46760K(48384K) Class: 5929K(7168K)->5929K(7168K)
[2026-06-18T00:56:18.186+0000][12494.967s][info][gc            ] GC(753) Pause Young (Normal) (G1 Evacuation Pause) 444M->205M(512M) 3.056ms
[2026-06-18T00:56:18.186+0000][12494.967s][info][gc,cpu        ] GC(753) User=0.02s Sys=0.00s Real=0.00s
[2026-06-18T00:56:19.415+0000][12496.196s][info][gc,start      ] GC(754) Pause Young (Concurrent Start) (G1 Evacuation Pause)
[2026-06-18T00:56:19.415+0000][12496.196s][info][gc,task       ] GC(754) Using 13 workers of 13 for evacuation
[2026-06-18T00:56:19.417+0000][12496.198s][info][gc,phases     ] GC(754)   Pre Evacuate Collection Set: 0.3ms
[2026-06-18T00:56:19.417+0000][12496.198s][info][gc,phases     ] GC(754)   Evacuate Collection Set: 1.4ms
[2026-06-18T00:56:19.417+0000][12496.198s][info][gc,phases     ] GC(754)   Post Evacuate Collection Set: 0.3ms
[2026-06-18T00:56:19.417+0000][12496.198s][info][gc,phases     ] GC(754)   Other: 0.4ms
[2026-06-18T00:56:19.417+0000][12496.198s][info][gc,heap       ] GC(754) Eden regions: 239->0(242)
[2026-06-18T00:56:19.417+0000][12496.198s][info][gc,heap       ] GC(754) Survivor regions: 6->3(31)
[2026-06-18T00:56:19.417+0000][12496.198s][info][gc,heap       ] GC(754) Old regions: 53->53
[2026-06-18T00:56:19.417+0000][12496.198s][info][gc,heap       ] GC(754) Humongous regions: 147->147
[2026-06-18T00:56:19.418+0000][12496.198s][info][gc,metaspace  ] GC(754) Metaspace: 52690K(55552K)->52690K(55552K) NonClass: 46760K(48384K)->46760K(48384K) Class: 5929K(7168K)->5929K(7168K)
[2026-06-18T00:56:19.418+0000][12496.198s][info][gc            ] GC(754) Pause Young (Concurrent Start) (G1 Evacuation Pause) 444M->202M(512M) 2.817ms
[2026-06-18T00:56:19.418+0000][12496.198s][info][gc,cpu        ] GC(754) User=0.01s Sys=0.00s Real=0.00s
[2026-06-18T00:56:19.418+0000][12496.199s][info][gc            ] GC(755) Concurrent Cycle
[2026-06-18T00:56:19.418+0000][12496.199s][info][gc,marking    ] GC(755) Concurrent Clear Claimed Marks
[2026-06-18T00:56:19.418+0000][12496.199s][info][gc,marking    ] GC(755) Concurrent Clear Claimed Marks 0.226ms
[2026-06-18T00:56:19.418+0000][12496.199s][info][gc,marking    ] GC(755) Concurrent Scan Root Regions
[2026-06-18T00:56:19.419+0000][12496.200s][info][gc,marking    ] GC(755) Concurrent Scan Root Regions 0.785ms
[2026-06-18T00:56:19.419+0000][12496.200s][info][gc,marking    ] GC(755) Concurrent Mark (12496.200s)
[2026-06-18T00:56:19.419+0000][12496.200s][info][gc,marking    ] GC(755) Concurrent Mark From Roots
[2026-06-18T00:56:19.419+0000][12496.200s][info][gc,task       ] GC(755) Using 3 workers of 3 for marking
[2026-06-18T00:56:19.425+0000][12496.205s][info][gc,marking    ] GC(755) Concurrent Mark From Roots 5.424ms
[2026-06-18T00:56:19.425+0000][12496.205s][info][gc,marking    ] GC(755) Concurrent Preclean
[2026-06-18T00:56:19.425+0000][12496.206s][info][gc,marking    ] GC(755) Concurrent Preclean 0.199ms
[2026-06-18T00:56:19.425+0000][12496.206s][info][gc,marking    ] GC(755) Concurrent Mark (12496.200s, 12496.206s) 5.864ms
[2026-06-18T00:56:19.425+0000][12496.206s][info][gc,start      ] GC(755) Pause Remark
[2026-06-18T00:56:19.429+0000][12496.210s][info][gc,stringtable] GC(755) Cleaned string and symbol table, strings: 17343 processed, 0 removed, symbols: 125074 processed, 0 removed
[2026-06-18T00:56:19.429+0000][12496.210s][info][gc            ] GC(755) Pause Remark 206M->206M(512M) 4.065ms
[2026-06-18T00:56:19.429+0000][12496.210s][info][gc,cpu        ] GC(755) User=0.04s Sys=0.01s Real=0.00s
[2026-06-18T00:56:19.430+0000][12496.210s][info][gc,marking    ] GC(755) Concurrent Rebuild Remembered Sets
[2026-06-18T00:56:19.434+0000][12496.215s][info][gc,marking    ] GC(755) Concurrent Rebuild Remembered Sets 4.210ms
[2026-06-18T00:56:19.434+0000][12496.215s][info][gc,start      ] GC(755) Pause Cleanup
[2026-06-18T00:56:19.434+0000][12496.215s][info][gc            ] GC(755) Pause Cleanup 207M->207M(512M) 0.215ms
[2026-06-18T00:56:19.434+0000][12496.215s][info][gc,cpu        ] GC(755) User=0.00s Sys=0.00s Real=0.00s
[2026-06-18T00:56:19.435+0000][12496.215s][info][gc,marking    ] GC(755) Concurrent Cleanup for Next Mark
[2026-06-18T00:56:19.435+0000][12496.216s][info][gc,marking    ] GC(755) Concurrent Cleanup for Next Mark 0.162ms
[2026-06-18T00:56:19.435+0000][12496.216s][info][gc            ] GC(755) Concurrent Cycle 17.079ms
[2026-06-18T00:57:07.748+0000][12544.529s][info][gc,start      ] GC(756) Pause Young (Prepare Mixed) (G1 Evacuation Pause)
[2026-06-18T00:57:07.749+0000][12544.529s][info][gc,task       ] GC(756) Using 13 workers of 13 for evacuation
[2026-06-18T00:57:07.751+0000][12544.532s][info][gc,phases     ] GC(756)   Pre Evacuate Collection Set: 0.0ms
[2026-06-18T00:57:07.751+0000][12544.532s][info][gc,phases     ] GC(756)   Evacuate Collection Set: 2.0ms
[2026-06-18T00:57:07.751+0000][12544.532s][info][gc,phases     ] GC(756)   Post Evacuate Collection Set: 0.4ms
[2026-06-18T00:57:07.751+0000][12544.532s][info][gc,phases     ] GC(756)   Other: 0.4ms
[2026-06-18T00:57:07.752+0000][12544.532s][info][gc,heap       ] GC(756) Eden regions: 242->0(19)
[2026-06-18T00:57:07.752+0000][12544.532s][info][gc,heap       ] GC(756) Survivor regions: 3->6(31)
[2026-06-18T00:57:07.752+0000][12544.532s][info][gc,heap       ] GC(756) Old regions: 53->53
[2026-06-18T00:57:07.752+0000][12544.532s][info][gc,heap       ] GC(756) Humongous regions: 147->147
[2026-06-18T00:57:07.752+0000][12544.532s][info][gc,metaspace  ] GC(756) Metaspace: 52690K(55552K)->52690K(55552K) NonClass: 46760K(48384K)->46760K(48384K) Class: 5929K(7168K)->5929K(7168K)
[2026-06-18T00:57:07.752+0000][12544.532s][info][gc            ] GC(756) Pause Young (Prepare Mixed) (G1 Evacuation Pause) 444M->205M(512M) 3.404ms
[2026-06-18T00:57:07.752+0000][12544.532s][info][gc,cpu        ] GC(756) User=0.03s Sys=0.00s Real=0.00s
[2026-06-18T00:57:07.884+0000][12544.665s][info][gc,start      ] GC(757) Pause Young (Mixed) (G1 Evacuation Pause)
[2026-06-18T00:57:07.885+0000][12544.665s][info][gc,task       ] GC(757) Using 13 workers of 13 for evacuation
[2026-06-18T00:57:07.889+0000][12544.669s][info][gc,phases     ] GC(757)   Pre Evacuate Collection Set: 0.0ms
[2026-06-18T00:57:07.889+0000][12544.669s][info][gc,phases     ] GC(757)   Evacuate Collection Set: 3.0ms
[2026-06-18T00:57:07.889+0000][12544.669s][info][gc,phases     ] GC(757)   Post Evacuate Collection Set: 0.4ms
[2026-06-18T00:57:07.889+0000][12544.669s][info][gc,phases     ] GC(757)   Other: 0.8ms
[2026-06-18T00:57:07.889+0000][12544.669s][info][gc,heap       ] GC(757) Eden regions: 19->0(244)
[2026-06-18T00:57:07.889+0000][12544.669s][info][gc,heap       ] GC(757) Survivor regions: 6->2(4)
[2026-06-18T00:57:07.889+0000][12544.669s][info][gc,heap       ] GC(757) Old regions: 53->51
[2026-06-18T00:57:07.889+0000][12544.669s][info][gc,heap       ] GC(757) Humongous regions: 147->147
[2026-06-18T00:57:07.889+0000][12544.670s][info][gc,metaspace  ] GC(757) Metaspace: 52690K(55552K)->52690K(55552K) NonClass: 46760K(48384K)->46760K(48384K) Class: 5929K(7168K)->5929K(7168K)
[2026-06-18T00:57:07.889+0000][12544.670s][info][gc            ] GC(757) Pause Young (Mixed) (G1 Evacuation Pause) 224M->198M(512M) 4.860ms
[2026-06-18T00:57:07.889+0000][12544.670s][info][gc,cpu        ] GC(757) User=0.02s Sys=0.00s Real=0.00s
[2026-06-18T00:57:09.422+0000][12546.203s][info][gc,start      ] GC(758) Pause Young (Normal) (G1 Evacuation Pause)
[2026-06-18T00:57:09.423+0000][12546.203s][info][gc,task       ] GC(758) Using 13 workers of 13 for evacuation
[2026-06-18T00:57:09.425+0000][12546.205s][info][gc,phases     ] GC(758)   Pre Evacuate Collection Set: 0.0ms
[2026-06-18T00:57:09.425+0000][12546.205s][info][gc,phases     ] GC(758)   Evacuate Collection Set: 1.5ms
[2026-06-18T00:57:09.425+0000][12546.205s][info][gc,phases     ] GC(758)   Post Evacuate Collection Set: 0.4ms
[2026-06-18T00:57:09.425+0000][12546.205s][info][gc,phases     ] GC(758)   Other: 0.4ms
[2026-06-18T00:57:09.425+0000][12546.205s][info][gc,heap       ] GC(758) Eden regions: 244->0(246)
[2026-06-18T00:57:09.425+0000][12546.205s][info][gc,heap       ] GC(758) Survivor regions: 2->2(31)
[2026-06-18T00:57:09.425+0000][12546.205s][info][gc,heap       ] GC(758) Old regions: 51->51
[2026-06-18T00:57:09.425+0000][12546.205s][info][gc,heap       ] GC(758) Humongous regions: 147->147
[2026-06-18T00:57:09.425+0000][12546.205s][info][gc,metaspace  ] GC(758) Metaspace: 52690K(55552K)->52690K(55552K) NonClass: 46760K(48384K)->46760K(48384K) Class: 5929K(7168K)->5929K(7168K)
[2026-06-18T00:57:09.425+0000][12546.205s][info][gc            ] GC(758) Pause Young (Normal) (G1 Evacuation Pause) 442M->198M(512M) 2.639ms
[2026-06-18T00:57:09.425+0000][12546.206s][info][gc,cpu        ] GC(758) User=0.02s Sys=0.00s Real=0.00s
[2026-06-18T00:57:10.725+0000][12547.505s][info][gc,start      ] GC(759) Pause Young (Normal) (G1 Evacuation Pause)
[2026-06-18T00:57:10.725+0000][12547.505s][info][gc,task       ] GC(759) Using 13 workers of 13 for evacuation
[2026-06-18T00:57:10.730+0000][12547.510s][info][gc,phases     ] GC(759)   Pre Evacuate Collection Set: 0.0ms
[2026-06-18T00:57:10.730+0000][12547.510s][info][gc,phases     ] GC(759)   Evacuate Collection Set: 4.5ms
[2026-06-18T00:57:10.730+0000][12547.510s][info][gc,phases     ] GC(759)   Post Evacuate Collection Set: 0.4ms
[2026-06-18T00:57:10.730+0000][12547.510s][info][gc,phases     ] GC(759)   Other: 0.3ms
[2026-06-18T00:57:10.730+0000][12547.510s][info][gc,heap       ] GC(759) Eden regions: 246->0(242)
[2026-06-18T00:57:10.730+0000][12547.510s][info][gc,heap       ] GC(759) Survivor regions: 2->7(31)
[2026-06-18T00:57:10.730+0000][12547.511s][info][gc,heap       ] GC(759) Old regions: 51->51
[2026-06-18T00:57:10.730+0000][12547.511s][info][gc,heap       ] GC(759) Humongous regions: 147->147
[2026-06-18T00:57:10.730+0000][12547.511s][info][gc,metaspace  ] GC(759) Metaspace: 52690K(55552K)->52690K(55552K) NonClass: 46760K(48384K)->46760K(48384K) Class: 5929K(7168K)->5929K(7168K)
[2026-06-18T00:57:10.730+0000][12547.511s][info][gc            ] GC(759) Pause Young (Normal) (G1 Evacuation Pause) 444M->203M(512M) 5.599ms
[2026-06-18T00:57:10.730+0000][12547.511s][info][gc,cpu        ] GC(759) User=0.06s Sys=0.00s Real=0.00s
[2026-06-18T00:57:11.935+0000][12548.715s][info][gc,start      ] GC(760) Pause Young (Concurrent Start) (G1 Evacuation Pause)
[2026-06-18T00:57:11.935+0000][12548.715s][info][gc,task       ] GC(760) Using 13 workers of 13 for evacuation
[2026-06-18T00:57:11.937+0000][12548.718s][info][gc,phases     ] GC(760)   Pre Evacuate Collection Set: 0.3ms
[2026-06-18T00:57:11.937+0000][12548.718s][info][gc,phases     ] GC(760)   Evacuate Collection Set: 1.7ms
[2026-06-18T00:57:11.937+0000][12548.718s][info][gc,phases     ] GC(760)   Post Evacuate Collection Set: 0.3ms
[2026-06-18T00:57:11.937+0000][12548.718s][info][gc,phases     ] GC(760)   Other: 0.4ms
[2026-06-18T00:57:11.938+0000][12548.718s][info][gc,heap       ] GC(760) Eden regions: 242->0(245)
[2026-06-18T00:57:11.938+0000][12548.718s][info][gc,heap       ] GC(760) Survivor regions: 7->4(32)
[2026-06-18T00:57:11.938+0000][12548.718s][info][gc,heap       ] GC(760) Old regions: 51->51
[2026-06-18T00:57:11.938+0000][12548.718s][info][gc,heap       ] GC(760) Humongous regions: 147->147
[2026-06-18T00:57:11.938+0000][12548.718s][info][gc,metaspace  ] GC(760) Metaspace: 52690K(55552K)->52690K(55552K) NonClass: 46760K(48384K)->46760K(48384K) Class: 5929K(7168K)->5929K(7168K)
[2026-06-18T00:57:11.938+0000][12548.718s][info][gc            ] GC(760) Pause Young (Concurrent Start) (G1 Evacuation Pause) 445M->201M(512M) 3.189ms
[2026-06-18T00:57:11.938+0000][12548.718s][info][gc,cpu        ] GC(760) User=0.02s Sys=0.00s Real=0.00s
[2026-06-18T00:57:11.938+0000][12548.718s][info][gc            ] GC(761) Concurrent Cycle
[2026-06-18T00:57:11.938+0000][12548.718s][info][gc,marking    ] GC(761) Concurrent Clear Claimed Marks
[2026-06-18T00:57:11.938+0000][12548.719s][info][gc,marking    ] GC(761) Concurrent Clear Claimed Marks 0.164ms
[2026-06-18T00:57:11.938+0000][12548.719s][info][gc,marking    ] GC(761) Concurrent Scan Root Regions
[2026-06-18T00:57:11.939+0000][12548.720s][info][gc,marking    ] GC(761) Concurrent Scan Root Regions 0.880ms
[2026-06-18T00:57:11.939+0000][12548.720s][info][gc,marking    ] GC(761) Concurrent Mark (12548.720s)
[2026-06-18T00:57:11.939+0000][12548.720s][info][gc,marking    ] GC(761) Concurrent Mark From Roots
[2026-06-18T00:57:11.939+0000][12548.720s][info][gc,task       ] GC(761) Using 3 workers of 3 for marking
[2026-06-18T00:57:11.945+0000][12548.725s][info][gc,marking    ] GC(761) Concurrent Mark From Roots 5.394ms
[2026-06-18T00:57:11.945+0000][12548.725s][info][gc,marking    ] GC(761) Concurrent Preclean
[2026-06-18T00:57:11.945+0000][12548.725s][info][gc,marking    ] GC(761) Concurrent Preclean 0.164ms
[2026-06-18T00:57:11.945+0000][12548.725s][info][gc,marking    ] GC(761) Concurrent Mark (12548.720s, 12548.725s) 5.763ms
[2026-06-18T00:57:11.945+0000][12548.726s][info][gc,start      ] GC(761) Pause Remark
[2026-06-18T00:57:11.948+0000][12548.728s][info][gc,stringtable] GC(761) Cleaned string and symbol table, strings: 17343 processed, 0 removed, symbols: 125074 processed, 0 removed
[2026-06-18T00:57:11.948+0000][12548.728s][info][gc            ] GC(761) Pause Remark 204M->204M(512M) 2.766ms
[2026-06-18T00:57:11.948+0000][12548.728s][info][gc,cpu        ] GC(761) User=0.03s Sys=0.00s Real=0.00s
[2026-06-18T00:57:11.948+0000][12548.729s][info][gc,marking    ] GC(761) Concurrent Rebuild Remembered Sets
[2026-06-18T00:57:11.952+0000][12548.733s][info][gc,marking    ] GC(761) Concurrent Rebuild Remembered Sets 3.986ms
[2026-06-18T00:57:11.952+0000][12548.733s][info][gc,start      ] GC(761) Pause Cleanup
[2026-06-18T00:57:11.953+0000][12548.733s][info][gc            ] GC(761) Pause Cleanup 206M->206M(512M) 0.185ms
[2026-06-18T00:57:11.953+0000][12548.733s][info][gc,cpu        ] GC(761) User=0.00s Sys=0.00s Real=0.00s
[2026-06-18T00:57:11.953+0000][12548.733s][info][gc,marking    ] GC(761) Concurrent Cleanup for Next Mark
[2026-06-18T00:57:11.953+0000][12548.733s][info][gc,marking    ] GC(761) Concurrent Cleanup for Next Mark 0.158ms
[2026-06-18T00:57:11.953+0000][12548.733s][info][gc            ] GC(761) Concurrent Cycle 14.983ms
[2026-06-18T00:58:00.488+0000][12597.268s][info][gc,start      ] GC(762) Pause Young (Prepare Mixed) (G1 Evacuation Pause)
[2026-06-18T00:58:00.488+0000][12597.269s][info][gc,task       ] GC(762) Using 13 workers of 13 for evacuation
[2026-06-18T00:58:00.492+0000][12597.272s][info][gc,phases     ] GC(762)   Pre Evacuate Collection Set: 0.0ms
[2026-06-18T00:58:00.492+0000][12597.272s][info][gc,phases     ] GC(762)   Evacuate Collection Set: 3.4ms
[2026-06-18T00:58:00.493+0000][12597.273s][info][gc,phases     ] GC(762)   Post Evacuate Collection Set: 0.4ms
[2026-06-18T00:58:00.493+0000][12597.273s][info][gc,phases     ] GC(762)   Other: 0.3ms
[2026-06-18T00:58:00.493+0000][12597.273s][info][gc,heap       ] GC(762) Eden regions: 245->0(17)
[2026-06-18T00:58:00.493+0000][12597.273s][info][gc,heap       ] GC(762) Survivor regions: 4->8(32)
[2026-06-18T00:58:00.493+0000][12597.273s][info][gc,heap       ] GC(762) Old regions: 51->51
[2026-06-18T00:58:00.493+0000][12597.273s][info][gc,heap       ] GC(762) Humongous regions: 147->147
[2026-06-18T00:58:00.493+0000][12597.273s][info][gc,metaspace  ] GC(762) Metaspace: 52690K(55552K)->52690K(55552K) NonClass: 46760K(48384K)->46760K(48384K) Class: 5929K(7168K)->5929K(7168K)
[2026-06-18T00:58:00.493+0000][12597.273s][info][gc            ] GC(762) Pause Young (Prepare Mixed) (G1 Evacuation Pause) 446M->204M(512M) 4.613ms
[2026-06-18T00:58:00.493+0000][12597.273s][info][gc,cpu        ] GC(762) User=0.03s Sys=0.00s Real=0.01s
[2026-06-18T00:58:00.598+0000][12597.378s][info][gc,start      ] GC(763) Pause Young (Mixed) (G1 Evacuation Pause)
[2026-06-18T00:58:00.598+0000][12597.378s][info][gc,task       ] GC(763) Using 13 workers of 13 for evacuation
[2026-06-18T00:58:00.601+0000][12597.381s][info][gc,phases     ] GC(763)   Pre Evacuate Collection Set: 0.0ms
[2026-06-18T00:58:00.602+0000][12597.382s][info][gc,phases     ] GC(763)   Evacuate Collection Set: 3.1ms
[2026-06-18T00:58:00.602+0000][12597.382s][info][gc,phases     ] GC(763)   Post Evacuate Collection Set: 0.3ms
[2026-06-18T00:58:00.602+0000][12597.382s][info][gc,phases     ] GC(763)   Other: 0.4ms
[2026-06-18T00:58:00.602+0000][12597.382s][info][gc,heap       ] GC(763) Eden regions: 17->0(245)
[2026-06-18T00:58:00.602+0000][12597.382s][info][gc,heap       ] GC(763) Survivor regions: 8->2(4)
[2026-06-18T00:58:00.602+0000][12597.382s][info][gc,heap       ] GC(763) Old regions: 51->52
[2026-06-18T00:58:00.602+0000][12597.382s][info][gc,heap       ] GC(763) Humongous regions: 147->147
[2026-06-18T00:58:00.602+0000][12597.382s][info][gc,metaspace  ] GC(763) Metaspace: 52690K(55552K)->52690K(55552K) NonClass: 46760K(48384K)->46760K(48384K) Class: 5929K(7168K)->5929K(7168K)
[2026-06-18T00:58:00.602+0000][12597.382s][info][gc            ] GC(763) Pause Young (Mixed) (G1 Evacuation Pause) 221M->200M(512M) 4.463ms
[2026-06-18T00:58:00.602+0000][12597.382s][info][gc,cpu        ] GC(763) User=0.03s Sys=0.00s Real=0.00s
[2026-06-18T00:58:02.112+0000][12598.892s][info][gc,start      ] GC(764) Pause Young (Normal) (G1 Evacuation Pause)
[2026-06-18T00:58:02.113+0000][12598.893s][info][gc,task       ] GC(764) Using 13 workers of 13 for evacuation
[2026-06-18T00:58:02.115+0000][12598.895s][info][gc,phases     ] GC(764)   Pre Evacuate Collection Set: 0.0ms
[2026-06-18T00:58:02.115+0000][12598.895s][info][gc,phases     ] GC(764)   Evacuate Collection Set: 1.8ms
[2026-06-18T00:58:02.115+0000][12598.895s][info][gc,phases     ] GC(764)   Post Evacuate Collection Set: 0.3ms
[2026-06-18T00:58:02.115+0000][12598.895s][info][gc,phases     ] GC(764)   Other: 0.7ms
[2026-06-18T00:58:02.115+0000][12598.895s][info][gc,heap       ] GC(764) Eden regions: 245->0(244)
[2026-06-18T00:58:02.115+0000][12598.895s][info][gc,heap       ] GC(764) Survivor regions: 2->4(31)
[2026-06-18T00:58:02.115+0000][12598.895s][info][gc,heap       ] GC(764) Old regions: 52->52
[2026-06-18T00:58:02.115+0000][12598.895s][info][gc,heap       ] GC(764) Humongous regions: 147->147
[2026-06-18T00:58:02.115+0000][12598.896s][info][gc,metaspace  ] GC(764) Metaspace: 52690K(55552K)->52690K(55552K) NonClass: 46760K(48384K)->46760K(48384K) Class: 5929K(7168K)->5929K(7168K)
[2026-06-18T00:58:02.116+0000][12598.896s][info][gc            ] GC(764) Pause Young (Normal) (G1 Evacuation Pause) 445M->201M(512M) 3.355ms
[2026-06-18T00:58:02.116+0000][12598.896s][info][gc,cpu        ] GC(764) User=0.02s Sys=0.00s Real=0.01s
[2026-06-18T00:58:03.398+0000][12600.178s][info][gc,start      ] GC(765) Pause Young (Normal) (G1 Evacuation Pause)
[2026-06-18T00:58:03.398+0000][12600.178s][info][gc,task       ] GC(765) Using 13 workers of 13 for evacuation
[2026-06-18T00:58:03.400+0000][12600.180s][info][gc,phases     ] GC(765)   Pre Evacuate Collection Set: 0.0ms
[2026-06-18T00:58:03.400+0000][12600.180s][info][gc,phases     ] GC(765)   Evacuate Collection Set: 1.6ms
[2026-06-18T00:58:03.400+0000][12600.180s][info][gc,phases     ] GC(765)   Post Evacuate Collection Set: 0.4ms
[2026-06-18T00:58:03.400+0000][12600.180s][info][gc,phases     ] GC(765)   Other: 0.4ms
[2026-06-18T00:58:03.400+0000][12600.180s][info][gc,heap       ] GC(765) Eden regions: 244->0(240)
[2026-06-18T00:58:03.400+0000][12600.181s][info][gc,heap       ] GC(765) Survivor regions: 4->7(31)
[2026-06-18T00:58:03.401+0000][12600.181s][info][gc,heap       ] GC(765) Old regions: 52->52
[2026-06-18T00:58:03.401+0000][12600.181s][info][gc,heap       ] GC(765) Humongous regions: 147->147
[2026-06-18T00:58:03.401+0000][12600.181s][info][gc,metaspace  ] GC(765) Metaspace: 52690K(55552K)->52690K(55552K) NonClass: 46760K(48384K)->46760K(48384K) Class: 5929K(7168K)->5929K(7168K)
[2026-06-18T00:58:03.401+0000][12600.181s][info][gc            ] GC(765) Pause Young (Normal) (G1 Evacuation Pause) 445M->205M(512M) 2.962ms
[2026-06-18T00:58:03.401+0000][12600.181s][info][gc,cpu        ] GC(765) User=0.03s Sys=0.00s Real=0.00s
[2026-06-18T00:58:51.882+0000][12648.662s][info][gc,start      ] GC(766) Pause Young (Concurrent Start) (G1 Evacuation Pause)
[2026-06-18T00:58:51.882+0000][12648.662s][info][gc,task       ] GC(766) Using 13 workers of 13 for evacuation
[2026-06-18T00:58:51.886+0000][12648.665s][info][gc,phases     ] GC(766)   Pre Evacuate Collection Set: 0.3ms
[2026-06-18T00:58:51.886+0000][12648.666s][info][gc,phases     ] GC(766)   Evacuate Collection Set: 2.3ms
[2026-06-18T00:58:51.886+0000][12648.666s][info][gc,phases     ] GC(766)   Post Evacuate Collection Set: 0.3ms
[2026-06-18T00:58:51.886+0000][12648.666s][info][gc,phases     ] GC(766)   Other: 0.3ms
[2026-06-18T00:58:51.886+0000][12648.666s][info][gc,heap       ] GC(766) Eden regions: 240->0(242)
[2026-06-18T00:58:51.886+0000][12648.666s][info][gc,heap       ] GC(766) Survivor regions: 7->5(31)
[2026-06-18T00:58:51.886+0000][12648.666s][info][gc,heap       ] GC(766) Old regions: 52->52
[2026-06-18T00:58:51.886+0000][12648.666s][info][gc,heap       ] GC(766) Humongous regions: 147->147
[2026-06-18T00:58:51.886+0000][12648.666s][info][gc,metaspace  ] GC(766) Metaspace: 52695K(55552K)->52695K(55552K) NonClass: 46766K(48384K)->46766K(48384K) Class: 5929K(7168K)->5929K(7168K)
[2026-06-18T00:58:51.886+0000][12648.666s][info][gc            ] GC(766) Pause Young (Concurrent Start) (G1 Evacuation Pause) 445M->203M(512M) 3.800ms
[2026-06-18T00:58:51.886+0000][12648.666s][info][gc,cpu        ] GC(766) User=0.02s Sys=0.00s Real=0.01s
[2026-06-18T00:58:51.886+0000][12648.666s][info][gc            ] GC(767) Concurrent Cycle
[2026-06-18T00:58:51.886+0000][12648.666s][info][gc,marking    ] GC(767) Concurrent Clear Claimed Marks
[2026-06-18T00:58:51.887+0000][12648.666s][info][gc,marking    ] GC(767) Concurrent Clear Claimed Marks 0.201ms
[2026-06-18T00:58:51.887+0000][12648.667s][info][gc,marking    ] GC(767) Concurrent Scan Root Regions
[2026-06-18T00:58:51.888+0000][12648.668s][info][gc,marking    ] GC(767) Concurrent Scan Root Regions 1.016ms
[2026-06-18T00:58:51.888+0000][12648.668s][info][gc,marking    ] GC(767) Concurrent Mark (12648.668s)
[2026-06-18T00:58:51.888+0000][12648.668s][info][gc,marking    ] GC(767) Concurrent Mark From Roots
[2026-06-18T00:58:51.888+0000][12648.668s][info][gc,task       ] GC(767) Using 3 workers of 3 for marking
[2026-06-18T00:58:51.894+0000][12648.674s][info][gc,marking    ] GC(767) Concurrent Mark From Roots 6.094ms
[2026-06-18T00:58:51.894+0000][12648.674s][info][gc,marking    ] GC(767) Concurrent Preclean
[2026-06-18T00:58:51.895+0000][12648.674s][info][gc,marking    ] GC(767) Concurrent Preclean 0.228ms
[2026-06-18T00:58:51.895+0000][12648.674s][info][gc,marking    ] GC(767) Concurrent Mark (12648.668s, 12648.674s) 6.597ms
[2026-06-18T00:58:51.895+0000][12648.675s][info][gc,start      ] GC(767) Pause Remark
[2026-06-18T00:58:51.898+0000][12648.678s][info][gc,stringtable] GC(767) Cleaned string and symbol table, strings: 17343 processed, 0 removed, symbols: 125074 processed, 0 removed
[2026-06-18T00:58:51.898+0000][12648.678s][info][gc            ] GC(767) Pause Remark 208M->208M(512M) 3.229ms
[2026-06-18T00:58:51.898+0000][12648.678s][info][gc,cpu        ] GC(767) User=0.02s Sys=0.00s Real=0.00s
[2026-06-18T00:58:51.898+0000][12648.678s][info][gc,marking    ] GC(767) Concurrent Rebuild Remembered Sets
[2026-06-18T00:58:51.902+0000][12648.682s][info][gc,marking    ] GC(767) Concurrent Rebuild Remembered Sets 3.908ms
[2026-06-18T00:58:51.903+0000][12648.682s][info][gc,start      ] GC(767) Pause Cleanup
[2026-06-18T00:58:51.903+0000][12648.683s][info][gc            ] GC(767) Pause Cleanup 209M->209M(512M) 0.261ms
[2026-06-18T00:58:51.903+0000][12648.683s][info][gc,cpu        ] GC(767) User=0.00s Sys=0.00s Real=0.01s
[2026-06-18T00:58:51.903+0000][12648.683s][info][gc,marking    ] GC(767) Concurrent Cleanup for Next Mark
[2026-06-18T00:58:51.903+0000][12648.683s][info][gc,marking    ] GC(767) Concurrent Cleanup for Next Mark 0.350ms
[2026-06-18T00:58:51.904+0000][12648.683s][info][gc            ] GC(767) Concurrent Cycle 17.225ms
[2026-06-18T00:58:53.473+0000][12650.253s][info][gc,start      ] GC(768) Pause Young (Prepare Mixed) (G1 Evacuation Pause)
[2026-06-18T00:58:53.473+0000][12650.253s][info][gc,task       ] GC(768) Using 13 workers of 13 for evacuation
[2026-06-18T00:58:53.476+0000][12650.256s][info][gc,phases     ] GC(768)   Pre Evacuate Collection Set: 0.0ms
[2026-06-18T00:58:53.476+0000][12650.256s][info][gc,phases     ] GC(768)   Evacuate Collection Set: 2.2ms
[2026-06-18T00:58:53.476+0000][12650.256s][info][gc,phases     ] GC(768)   Post Evacuate Collection Set: 0.3ms
[2026-06-18T00:58:53.476+0000][12650.256s][info][gc,phases     ] GC(768)   Other: 0.3ms
[2026-06-18T00:58:53.476+0000][12650.256s][info][gc,heap       ] GC(768) Eden regions: 242->0(18)
[2026-06-18T00:58:53.476+0000][12650.256s][info][gc,heap       ] GC(768) Survivor regions: 5->7(31)
[2026-06-18T00:58:53.476+0000][12650.256s][info][gc,heap       ] GC(768) Old regions: 52->52
[2026-06-18T00:58:53.476+0000][12650.256s][info][gc,heap       ] GC(768) Humongous regions: 147->147
[2026-06-18T00:58:53.476+0000][12650.256s][info][gc,metaspace  ] GC(768) Metaspace: 52695K(55552K)->52695K(55552K) NonClass: 46766K(48384K)->46766K(48384K) Class: 5929K(7168K)->5929K(7168K)
[2026-06-18T00:58:53.477+0000][12650.256s][info][gc            ] GC(768) Pause Young (Prepare Mixed) (G1 Evacuation Pause) 445M->205M(512M) 3.511ms
[2026-06-18T00:58:53.477+0000][12650.257s][info][gc,cpu        ] GC(768) User=0.02s Sys=0.00s Real=0.00s
[2026-06-18T00:58:53.590+0000][12650.370s][info][gc,start      ] GC(769) Pause Young (Mixed) (G1 Evacuation Pause)
[2026-06-18T00:58:53.590+0000][12650.370s][info][gc,task       ] GC(769) Using 13 workers of 13 for evacuation
[2026-06-18T00:58:53.594+0000][12650.374s][info][gc,phases     ] GC(769)   Pre Evacuate Collection Set: 0.0ms
[2026-06-18T00:58:53.594+0000][12650.374s][info][gc,phases     ] GC(769)   Evacuate Collection Set: 3.4ms
[2026-06-18T00:58:53.594+0000][12650.374s][info][gc,phases     ] GC(769)   Post Evacuate Collection Set: 0.3ms
[2026-06-18T00:58:53.594+0000][12650.374s][info][gc,phases     ] GC(769)   Other: 0.4ms
[2026-06-18T00:58:53.594+0000][12650.374s][info][gc,heap       ] GC(769) Eden regions: 18->0(244)
[2026-06-18T00:58:53.594+0000][12650.374s][info][gc,heap       ] GC(769) Survivor regions: 7->2(4)
[2026-06-18T00:58:53.594+0000][12650.374s][info][gc,heap       ] GC(769) Old regions: 52->52
[2026-06-18T00:58:53.594+0000][12650.374s][info][gc,heap       ] GC(769) Humongous regions: 147->147
[2026-06-18T00:58:53.594+0000][12650.374s][info][gc,metaspace  ] GC(769) Metaspace: 52695K(55552K)->52695K(55552K) NonClass: 46766K(48384K)->46766K(48384K) Class: 5929K(7168K)->5929K(7168K)
[2026-06-18T00:58:53.595+0000][12650.374s][info][gc            ] GC(769) Pause Young (Mixed) (G1 Evacuation Pause) 223M->199M(512M) 4.905ms
[2026-06-18T00:58:53.595+0000][12650.375s][info][gc,cpu        ] GC(769) User=0.02s Sys=0.00s Real=0.01s
[2026-06-18T00:58:54.939+0000][12651.719s][info][gc,start      ] GC(770) Pause Young (Normal) (G1 Evacuation Pause)
[2026-06-18T00:58:54.939+0000][12651.719s][info][gc,task       ] GC(770) Using 13 workers of 13 for evacuation
[2026-06-18T00:58:54.941+0000][12651.721s][info][gc,phases     ] GC(770)   Pre Evacuate Collection Set: 0.0ms
[2026-06-18T00:58:54.941+0000][12651.721s][info][gc,phases     ] GC(770)   Evacuate Collection Set: 1.3ms
[2026-06-18T00:58:54.941+0000][12651.721s][info][gc,phases     ] GC(770)   Post Evacuate Collection Set: 0.3ms
[2026-06-18T00:58:54.941+0000][12651.721s][info][gc,phases     ] GC(770)   Other: 0.3ms
[2026-06-18T00:58:54.941+0000][12651.721s][info][gc,heap       ] GC(770) Eden regions: 244->0(245)
[2026-06-18T00:58:54.941+0000][12651.721s][info][gc,heap       ] GC(770) Survivor regions: 2->3(31)
[2026-06-18T00:58:54.941+0000][12651.721s][info][gc,heap       ] GC(770) Old regions: 52->52
[2026-06-18T00:58:54.941+0000][12651.721s][info][gc,heap       ] GC(770) Humongous regions: 147->147
[2026-06-18T00:58:54.941+0000][12651.721s][info][gc,metaspace  ] GC(770) Metaspace: 52695K(55552K)->52695K(55552K) NonClass: 46766K(48384K)->46766K(48384K) Class: 5929K(7168K)->5929K(7168K)
[2026-06-18T00:58:54.942+0000][12651.721s][info][gc            ] GC(770) Pause Young (Normal) (G1 Evacuation Pause) 443M->200M(512M) 2.528ms
[2026-06-18T00:58:54.942+0000][12651.722s][info][gc,cpu        ] GC(770) User=0.02s Sys=0.00s Real=0.00s
[2026-06-18T00:58:56.163+0000][12652.942s][info][gc,start      ] GC(771) Pause Young (Normal) (G1 Evacuation Pause)
[2026-06-18T00:58:56.163+0000][12652.943s][info][gc,task       ] GC(771) Using 13 workers of 13 for evacuation
[2026-06-18T00:58:56.165+0000][12652.945s][info][gc,phases     ] GC(771)   Pre Evacuate Collection Set: 0.0ms
[2026-06-18T00:58:56.165+0000][12652.945s][info][gc,phases     ] GC(771)   Evacuate Collection Set: 1.7ms
[2026-06-18T00:58:56.165+0000][12652.945s][info][gc,phases     ] GC(771)   Post Evacuate Collection Set: 0.4ms
[2026-06-18T00:58:56.165+0000][12652.945s][info][gc,phases     ] GC(771)   Other: 0.3ms
[2026-06-18T00:58:56.165+0000][12652.945s][info][gc,heap       ] GC(771) Eden regions: 245->0(241)
[2026-06-18T00:58:56.165+0000][12652.945s][info][gc,heap       ] GC(771) Survivor regions: 3->7(31)
[2026-06-18T00:58:56.165+0000][12652.945s][info][gc,heap       ] GC(771) Old regions: 52->52
[2026-06-18T00:58:56.165+0000][12652.945s][info][gc,heap       ] GC(771) Humongous regions: 147->147
[2026-06-18T00:58:56.166+0000][12652.945s][info][gc,metaspace  ] GC(771) Metaspace: 52695K(55552K)->52695K(55552K) NonClass: 46766K(48384K)->46766K(48384K) Class: 5929K(7168K)->5929K(7168K)
[2026-06-18T00:58:56.166+0000][12652.945s][info][gc            ] GC(771) Pause Young (Normal) (G1 Evacuation Pause) 445M->204M(512M) 3.006ms
[2026-06-18T00:58:56.166+0000][12652.946s][info][gc,cpu        ] GC(771) User=0.02s Sys=0.01s Real=0.01s
[2026-06-18T00:59:44.834+0000][12701.614s][info][gc,start      ] GC(772) Pause Young (Concurrent Start) (G1 Evacuation Pause)
[2026-06-18T00:59:44.834+0000][12701.614s][info][gc,task       ] GC(772) Using 13 workers of 13 for evacuation
[2026-06-18T00:59:44.836+0000][12701.616s][info][gc,phases     ] GC(772)   Pre Evacuate Collection Set: 0.3ms
[2026-06-18T00:59:44.837+0000][12701.616s][info][gc,phases     ] GC(772)   Evacuate Collection Set: 1.3ms
[2026-06-18T00:59:44.837+0000][12701.616s][info][gc,phases     ] GC(772)   Post Evacuate Collection Set: 0.3ms
[2026-06-18T00:59:44.837+0000][12701.616s][info][gc,phases     ] GC(772)   Other: 0.4ms
[2026-06-18T00:59:44.837+0000][12701.616s][info][gc,heap       ] GC(772) Eden regions: 241->0(246)
[2026-06-18T00:59:44.837+0000][12701.616s][info][gc,heap       ] GC(772) Survivor regions: 7->3(31)
[2026-06-18T00:59:44.837+0000][12701.616s][info][gc,heap       ] GC(772) Old regions: 52->52
[2026-06-18T00:59:44.837+0000][12701.616s][info][gc,heap       ] GC(772) Humongous regions: 147->147
[2026-06-18T00:59:44.837+0000][12701.617s][info][gc,metaspace  ] GC(772) Metaspace: 52695K(55552K)->52695K(55552K) NonClass: 46766K(48384K)->46766K(48384K) Class: 5929K(7168K)->5929K(7168K)
[2026-06-18T00:59:44.837+0000][12701.617s][info][gc            ] GC(772) Pause Young (Concurrent Start) (G1 Evacuation Pause) 445M->200M(512M) 2.907ms
[2026-06-18T00:59:44.837+0000][12701.617s][info][gc,cpu        ] GC(772) User=0.01s Sys=0.00s Real=0.00s
[2026-06-18T00:59:44.837+0000][12701.617s][info][gc            ] GC(773) Concurrent Cycle
[2026-06-18T00:59:44.837+0000][12701.617s][info][gc,marking    ] GC(773) Concurrent Clear Claimed Marks
[2026-06-18T00:59:44.838+0000][12701.617s][info][gc,marking    ] GC(773) Concurrent Clear Claimed Marks 0.207ms
[2026-06-18T00:59:44.838+0000][12701.617s][info][gc,marking    ] GC(773) Concurrent Scan Root Regions
[2026-06-18T00:59:44.839+0000][12701.618s][info][gc,marking    ] GC(773) Concurrent Scan Root Regions 1.095ms
[2026-06-18T00:59:44.839+0000][12701.618s][info][gc,marking    ] GC(773) Concurrent Mark (12701.618s)
[2026-06-18T00:59:44.839+0000][12701.618s][info][gc,marking    ] GC(773) Concurrent Mark From Roots
[2026-06-18T00:59:44.839+0000][12701.618s][info][gc,task       ] GC(773) Using 3 workers of 3 for marking
[2026-06-18T00:59:44.844+0000][12701.624s][info][gc,marking    ] GC(773) Concurrent Mark From Roots 5.596ms
[2026-06-18T00:59:44.845+0000][12701.624s][info][gc,marking    ] GC(773) Concurrent Preclean
[2026-06-18T00:59:44.845+0000][12701.624s][info][gc,marking    ] GC(773) Concurrent Preclean 0.156ms
[2026-06-18T00:59:44.845+0000][12701.624s][info][gc,marking    ] GC(773) Concurrent Mark (12701.618s, 12701.624s) 5.946ms
[2026-06-18T00:59:44.845+0000][12701.624s][info][gc,start      ] GC(773) Pause Remark
[2026-06-18T00:59:44.848+0000][12701.627s][info][gc,stringtable] GC(773) Cleaned string and symbol table, strings: 17343 processed, 0 removed, symbols: 125074 processed, 0 removed
[2026-06-18T00:59:44.848+0000][12701.627s][info][gc            ] GC(773) Pause Remark 205M->205M(512M) 2.858ms
[2026-06-18T00:59:44.848+0000][12701.627s][info][gc,cpu        ] GC(773) User=0.03s Sys=0.00s Real=0.00s
[2026-06-18T00:59:44.848+0000][12701.627s][info][gc,marking    ] GC(773) Concurrent Rebuild Remembered Sets
[2026-06-18T00:59:44.853+0000][12701.632s][info][gc,marking    ] GC(773) Concurrent Rebuild Remembered Sets 4.563ms
[2026-06-18T00:59:44.853+0000][12701.632s][info][gc,start      ] GC(773) Pause Cleanup
[2026-06-18T00:59:44.853+0000][12701.632s][info][gc            ] GC(773) Pause Cleanup 205M->205M(512M) 0.179ms
[2026-06-18T00:59:44.853+0000][12701.633s][info][gc,cpu        ] GC(773) User=0.00s Sys=0.00s Real=0.00s
[2026-06-18T00:59:44.853+0000][12701.633s][info][gc,marking    ] GC(773) Concurrent Cleanup for Next Mark
[2026-06-18T00:59:44.853+0000][12701.633s][info][gc,marking    ] GC(773) Concurrent Cleanup for Next Mark 0.151ms
[2026-06-18T00:59:44.853+0000][12701.633s][info][gc            ] GC(773) Concurrent Cycle 16.036ms
[2026-06-18T00:59:46.311+0000][12703.091s][info][gc,start      ] GC(774) Pause Young (Prepare Mixed) (G1 Evacuation Pause)
[2026-06-18T00:59:46.311+0000][12703.091s][info][gc,task       ] GC(774) Using 13 workers of 13 for evacuation
[2026-06-18T00:59:46.313+0000][12703.093s][info][gc,phases     ] GC(774)   Pre Evacuate Collection Set: 0.0ms
[2026-06-18T00:59:46.314+0000][12703.093s][info][gc,phases     ] GC(774)   Evacuate Collection Set: 1.7ms
[2026-06-18T00:59:46.314+0000][12703.093s][info][gc,phases     ] GC(774)   Post Evacuate Collection Set: 0.4ms
[2026-06-18T00:59:46.314+0000][12703.093s][info][gc,phases     ] GC(774)   Other: 0.4ms
[2026-06-18T00:59:46.314+0000][12703.093s][info][gc,heap       ] GC(774) Eden regions: 246->0(18)
[2026-06-18T00:59:46.314+0000][12703.093s][info][gc,heap       ] GC(774) Survivor regions: 3->7(32)
[2026-06-18T00:59:46.314+0000][12703.093s][info][gc,heap       ] GC(774) Old regions: 52->52
[2026-06-18T00:59:46.314+0000][12703.093s][info][gc,heap       ] GC(774) Humongous regions: 147->147
[2026-06-18T00:59:46.314+0000][12703.094s][info][gc,metaspace  ] GC(774) Metaspace: 52695K(55552K)->52695K(55552K) NonClass: 46766K(48384K)->46766K(48384K) Class: 5929K(7168K)->5929K(7168K)
[2026-06-18T00:59:46.314+0000][12703.094s][info][gc            ] GC(774) Pause Young (Prepare Mixed) (G1 Evacuation Pause) 446M->204M(512M) 3.036ms
[2026-06-18T00:59:46.314+0000][12703.094s][info][gc,cpu        ] GC(774) User=0.02s Sys=0.00s Real=0.01s
[2026-06-18T00:59:46.413+0000][12703.193s][info][gc,start      ] GC(775) Pause Young (Mixed) (G1 Evacuation Pause)
[2026-06-18T00:59:46.413+0000][12703.193s][info][gc,task       ] GC(775) Using 13 workers of 13 for evacuation
[2026-06-18T00:59:46.417+0000][12703.197s][info][gc,phases     ] GC(775)   Pre Evacuate Collection Set: 0.0ms
[2026-06-18T00:59:46.417+0000][12703.197s][info][gc,phases     ] GC(775)   Evacuate Collection Set: 3.2ms
[2026-06-18T00:59:46.418+0000][12703.197s][info][gc,phases     ] GC(775)   Post Evacuate Collection Set: 0.3ms
[2026-06-18T00:59:46.418+0000][12703.197s][info][gc,phases     ] GC(775)   Other: 0.4ms
[2026-06-18T00:59:46.418+0000][12703.197s][info][gc,heap       ] GC(775) Eden regions: 18->0(246)
[2026-06-18T00:59:46.418+0000][12703.197s][info][gc,heap       ] GC(775) Survivor regions: 7->2(4)
[2026-06-18T00:59:46.418+0000][12703.197s][info][gc,heap       ] GC(775) Old regions: 52->51
[2026-06-18T00:59:46.418+0000][12703.197s][info][gc,heap       ] GC(775) Humongous regions: 147->147
[2026-06-18T00:59:46.418+0000][12703.197s][info][gc,metaspace  ] GC(775) Metaspace: 52695K(55552K)->52695K(55552K) NonClass: 46766K(48384K)->46766K(48384K) Class: 5929K(7168K)->5929K(7168K)
[2026-06-18T00:59:46.418+0000][12703.198s][info][gc            ] GC(775) Pause Young (Mixed) (G1 Evacuation Pause) 222M->198M(512M) 4.778ms
[2026-06-18T00:59:46.418+0000][12703.198s][info][gc,cpu        ] GC(775) User=0.03s Sys=0.00s Real=0.00s
[2026-06-18T00:59:47.742+0000][12704.521s][info][gc,start      ] GC(776) Pause Young (Normal) (G1 Evacuation Pause)
[2026-06-18T00:59:47.742+0000][12704.521s][info][gc,task       ] GC(776) Using 13 workers of 13 for evacuation
[2026-06-18T00:59:47.744+0000][12704.523s][info][gc,phases     ] GC(776)   Pre Evacuate Collection Set: 0.0ms
[2026-06-18T00:59:47.744+0000][12704.523s][info][gc,phases     ] GC(776)   Evacuate Collection Set: 1.5ms
[2026-06-18T00:59:47.744+0000][12704.523s][info][gc,phases     ] GC(776)   Post Evacuate Collection Set: 0.4ms
[2026-06-18T00:59:47.744+0000][12704.524s][info][gc,phases     ] GC(776)   Other: 0.3ms
[2026-06-18T00:59:47.744+0000][12704.524s][info][gc,heap       ] GC(776) Eden regions: 246->0(247)
[2026-06-18T00:59:47.744+0000][12704.524s][info][gc,heap       ] GC(776) Survivor regions: 2->3(31)
[2026-06-18T00:59:47.744+0000][12704.524s][info][gc,heap       ] GC(776) Old regions: 51->51
[2026-06-18T00:59:47.744+0000][12704.524s][info][gc,heap       ] GC(776) Humongous regions: 147->147
[2026-06-18T00:59:47.744+0000][12704.524s][info][gc,metaspace  ] GC(776) Metaspace: 52695K(55552K)->52695K(55552K) NonClass: 46766K(48384K)->46766K(48384K) Class: 5929K(7168K)->5929K(7168K)
[2026-06-18T00:59:47.744+0000][12704.524s][info][gc            ] GC(776) Pause Young (Normal) (G1 Evacuation Pause) 444M->199M(512M) 2.696ms
[2026-06-18T00:59:47.744+0000][12704.524s][info][gc,cpu        ] GC(776) User=0.02s Sys=0.00s Real=0.01s
[2026-06-18T01:00:36.211+0000][12752.983s][info][gc,start      ] GC(777) Pause Young (Normal) (G1 Evacuation Pause)
[2026-06-18T01:00:36.212+0000][12752.983s][info][gc,task       ] GC(777) Using 13 workers of 13 for evacuation
[2026-06-18T01:00:36.214+0000][12752.986s][info][gc,phases     ] GC(777)   Pre Evacuate Collection Set: 0.0ms
[2026-06-18T01:00:36.214+0000][12752.986s][info][gc,phases     ] GC(777)   Evacuate Collection Set: 1.8ms
[2026-06-18T01:00:36.214+0000][12752.986s][info][gc,phases     ] GC(777)   Post Evacuate Collection Set: 0.3ms
[2026-06-18T01:00:36.214+0000][12752.986s][info][gc,phases     ] GC(777)   Other: 1.0ms
[2026-06-18T01:00:36.214+0000][12752.986s][info][gc,heap       ] GC(777) Eden regions: 247->0(242)
[2026-06-18T01:00:36.214+0000][12752.986s][info][gc,heap       ] GC(777) Survivor regions: 3->7(32)
[2026-06-18T01:00:36.214+0000][12752.986s][info][gc,heap       ] GC(777) Old regions: 51->51
[2026-06-18T01:00:36.215+0000][12752.986s][info][gc,heap       ] GC(777) Humongous regions: 147->147
[2026-06-18T01:00:36.215+0000][12752.986s][info][gc,metaspace  ] GC(777) Metaspace: 52695K(55552K)->52695K(55552K) NonClass: 46766K(48384K)->46766K(48384K) Class: 5929K(7168K)->5929K(7168K)
[2026-06-18T01:00:36.215+0000][12752.986s][info][gc            ] GC(777) Pause Young (Normal) (G1 Evacuation Pause) 446M->203M(512M) 3.492ms
[2026-06-18T01:00:36.215+0000][12752.986s][info][gc,cpu        ] GC(777) User=0.02s Sys=0.00s Real=0.01s
[2026-06-18T01:00:37.869+0000][12754.641s][info][gc,start      ] GC(778) Pause Young (Concurrent Start) (G1 Evacuation Pause)
[2026-06-18T01:00:37.870+0000][12754.641s][info][gc,task       ] GC(778) Using 13 workers of 13 for evacuation
[2026-06-18T01:00:37.872+0000][12754.644s][info][gc,phases     ] GC(778)   Pre Evacuate Collection Set: 0.3ms
[2026-06-18T01:00:37.872+0000][12754.644s][info][gc,phases     ] GC(778)   Evacuate Collection Set: 1.6ms
[2026-06-18T01:00:37.873+0000][12754.644s][info][gc,phases     ] GC(778)   Post Evacuate Collection Set: 0.4ms
[2026-06-18T01:00:37.873+0000][12754.644s][info][gc,phases     ] GC(778)   Other: 0.6ms
[2026-06-18T01:00:37.873+0000][12754.644s][info][gc,heap       ] GC(778) Eden regions: 242->0(246)
[2026-06-18T01:00:37.873+0000][12754.644s][info][gc,heap       ] GC(778) Survivor regions: 7->4(32)
[2026-06-18T01:00:37.873+0000][12754.644s][info][gc,heap       ] GC(778) Old regions: 51->51
[2026-06-18T01:00:37.873+0000][12754.644s][info][gc,heap       ] GC(778) Humongous regions: 147->147
[2026-06-18T01:00:37.873+0000][12754.644s][info][gc,metaspace  ] GC(778) Metaspace: 52695K(55552K)->52695K(55552K) NonClass: 46766K(48384K)->46766K(48384K) Class: 5929K(7168K)->5929K(7168K)
[2026-06-18T01:00:37.873+0000][12754.645s][info][gc            ] GC(778) Pause Young (Concurrent Start) (G1 Evacuation Pause) 445M->200M(512M) 3.664ms
[2026-06-18T01:00:37.873+0000][12754.645s][info][gc,cpu        ] GC(778) User=0.02s Sys=0.00s Real=0.01s
[2026-06-18T01:00:37.873+0000][12754.645s][info][gc            ] GC(779) Concurrent Cycle
[2026-06-18T01:00:37.873+0000][12754.645s][info][gc,marking    ] GC(779) Concurrent Clear Claimed Marks
[2026-06-18T01:00:37.874+0000][12754.645s][info][gc,marking    ] GC(779) Concurrent Clear Claimed Marks 0.207ms
[2026-06-18T01:00:37.874+0000][12754.645s][info][gc,marking    ] GC(779) Concurrent Scan Root Regions
[2026-06-18T01:00:37.875+0000][12754.646s][info][gc,marking    ] GC(779) Concurrent Scan Root Regions 1.121ms
[2026-06-18T01:00:37.875+0000][12754.646s][info][gc,marking    ] GC(779) Concurrent Mark (12754.646s)
[2026-06-18T01:00:37.875+0000][12754.646s][info][gc,marking    ] GC(779) Concurrent Mark From Roots
[2026-06-18T01:00:37.875+0000][12754.647s][info][gc,task       ] GC(779) Using 3 workers of 3 for marking
[2026-06-18T01:00:37.881+0000][12754.652s][info][gc,marking    ] GC(779) Concurrent Mark From Roots 5.972ms
[2026-06-18T01:00:37.881+0000][12754.653s][info][gc,marking    ] GC(779) Concurrent Preclean
[2026-06-18T01:00:37.881+0000][12754.653s][info][gc,marking    ] GC(779) Concurrent Preclean 0.222ms
[2026-06-18T01:00:37.881+0000][12754.653s][info][gc,marking    ] GC(779) Concurrent Mark (12754.646s, 12754.653s) 6.525ms
[2026-06-18T01:00:37.882+0000][12754.653s][info][gc,start      ] GC(779) Pause Remark
[2026-06-18T01:00:37.885+0000][12754.656s][info][gc,stringtable] GC(779) Cleaned string and symbol table, strings: 17343 processed, 0 removed, symbols: 125074 processed, 0 removed
[2026-06-18T01:00:37.885+0000][12754.656s][info][gc            ] GC(779) Pause Remark 204M->204M(512M) 3.196ms
[2026-06-18T01:00:37.885+0000][12754.657s][info][gc,cpu        ] GC(779) User=0.02s Sys=0.00s Real=0.00s
[2026-06-18T01:00:37.885+0000][12754.657s][info][gc,marking    ] GC(779) Concurrent Rebuild Remembered Sets
[2026-06-18T01:00:37.890+0000][12754.661s][info][gc,marking    ] GC(779) Concurrent Rebuild Remembered Sets 4.671ms
[2026-06-18T01:00:37.890+0000][12754.662s][info][gc,start      ] GC(779) Pause Cleanup
[2026-06-18T01:00:37.890+0000][12754.662s][info][gc            ] GC(779) Pause Cleanup 205M->205M(512M) 0.178ms
[2026-06-18T01:00:37.890+0000][12754.662s][info][gc,cpu        ] GC(779) User=0.00s Sys=0.00s Real=0.00s
[2026-06-18T01:00:37.891+0000][12754.662s][info][gc,marking    ] GC(779) Concurrent Cleanup for Next Mark
[2026-06-18T01:00:37.891+0000][12754.662s][info][gc,marking    ] GC(779) Concurrent Cleanup for Next Mark 0.144ms
[2026-06-18T01:00:37.891+0000][12754.662s][info][gc            ] GC(779) Concurrent Cycle 17.462ms
[2026-06-18T01:00:39.212+0000][12755.983s][info][gc,start      ] GC(780) Pause Young (Prepare Mixed) (G1 Evacuation Pause)
[2026-06-18T01:00:39.212+0000][12755.983s][info][gc,task       ] GC(780) Using 13 workers of 13 for evacuation
[2026-06-18T01:00:39.214+0000][12755.986s][info][gc,phases     ] GC(780)   Pre Evacuate Collection Set: 0.0ms
[2026-06-18T01:00:39.214+0000][12755.986s][info][gc,phases     ] GC(780)   Evacuate Collection Set: 1.7ms
[2026-06-18T01:00:39.215+0000][12755.986s][info][gc,phases     ] GC(780)   Post Evacuate Collection Set: 0.3ms
[2026-06-18T01:00:39.215+0000][12755.986s][info][gc,phases     ] GC(780)   Other: 0.4ms
[2026-06-18T01:00:39.215+0000][12755.986s][info][gc,heap       ] GC(780) Eden regions: 246->0(18)
[2026-06-18T01:00:39.215+0000][12755.986s][info][gc,heap       ] GC(780) Survivor regions: 4->7(32)
[2026-06-18T01:00:39.215+0000][12755.986s][info][gc,heap       ] GC(780) Old regions: 51->51
[2026-06-18T01:00:39.215+0000][12755.987s][info][gc,heap       ] GC(780) Humongous regions: 147->147
[2026-06-18T01:00:39.215+0000][12755.987s][info][gc,metaspace  ] GC(780) Metaspace: 52695K(55552K)->52695K(55552K) NonClass: 46766K(48384K)->46766K(48384K) Class: 5929K(7168K)->5929K(7168K)
[2026-06-18T01:00:39.215+0000][12755.987s][info][gc            ] GC(780) Pause Young (Prepare Mixed) (G1 Evacuation Pause) 446M->203M(512M) 3.519ms
[2026-06-18T01:00:39.215+0000][12755.987s][info][gc,cpu        ] GC(780) User=0.02s Sys=0.00s Real=0.00s
[2026-06-18T01:00:39.298+0000][12756.070s][info][gc,start      ] GC(781) Pause Young (Mixed) (G1 Evacuation Pause)
[2026-06-18T01:00:39.298+0000][12756.070s][info][gc,task       ] GC(781) Using 13 workers of 13 for evacuation
[2026-06-18T01:00:39.302+0000][12756.073s][info][gc,phases     ] GC(781)   Pre Evacuate Collection Set: 0.0ms
[2026-06-18T01:00:39.302+0000][12756.073s][info][gc,phases     ] GC(781)   Evacuate Collection Set: 3.2ms
[2026-06-18T01:00:39.302+0000][12756.074s][info][gc,phases     ] GC(781)   Post Evacuate Collection Set: 0.3ms
[2026-06-18T01:00:39.302+0000][12756.074s][info][gc,phases     ] GC(781)   Other: 0.3ms
[2026-06-18T01:00:39.302+0000][12756.074s][info][gc,heap       ] GC(781) Eden regions: 18->0(248)
[2026-06-18T01:00:39.302+0000][12756.074s][info][gc,heap       ] GC(781) Survivor regions: 7->2(4)
[2026-06-18T01:00:39.302+0000][12756.074s][info][gc,heap       ] GC(781) Old regions: 51->51
[2026-06-18T01:00:39.302+0000][12756.074s][info][gc,heap       ] GC(781) Humongous regions: 147->147
[2026-06-18T01:00:39.302+0000][12756.074s][info][gc,metaspace  ] GC(781) Metaspace: 52695K(55552K)->52695K(55552K) NonClass: 46766K(48384K)->46766K(48384K) Class: 5929K(7168K)->5929K(7168K)
[2026-06-18T01:00:39.303+0000][12756.074s][info][gc            ] GC(781) Pause Young (Mixed) (G1 Evacuation Pause) 221M->199M(512M) 4.394ms
[2026-06-18T01:00:39.303+0000][12756.074s][info][gc,cpu        ] GC(781) User=0.02s Sys=0.00s Real=0.01s
[2026-06-18T01:00:40.527+0000][12757.298s][info][gc,start      ] GC(782) Pause Young (Normal) (G1 Evacuation Pause)
[2026-06-18T01:00:40.527+0000][12757.298s][info][gc,task       ] GC(782) Using 13 workers of 13 for evacuation
[2026-06-18T01:00:40.529+0000][12757.301s][info][gc,phases     ] GC(782)   Pre Evacuate Collection Set: 0.0ms
[2026-06-18T01:00:40.529+0000][12757.301s][info][gc,phases     ] GC(782)   Evacuate Collection Set: 1.6ms
[2026-06-18T01:00:40.529+0000][12757.301s][info][gc,phases     ] GC(782)   Post Evacuate Collection Set: 0.3ms
[2026-06-18T01:00:40.529+0000][12757.301s][info][gc,phases     ] GC(782)   Other: 0.3ms
[2026-06-18T01:00:40.529+0000][12757.301s][info][gc,heap       ] GC(782) Eden regions: 248->0(248)
[2026-06-18T01:00:40.530+0000][12757.301s][info][gc,heap       ] GC(782) Survivor regions: 2->3(32)
[2026-06-18T01:00:40.530+0000][12757.301s][info][gc,heap       ] GC(782) Old regions: 51->51
[2026-06-18T01:00:40.530+0000][12757.301s][info][gc,heap       ] GC(782) Humongous regions: 147->147
[2026-06-18T01:00:40.530+0000][12757.301s][info][gc,metaspace  ] GC(782) Metaspace: 52695K(55552K)->52695K(55552K) NonClass: 46766K(48384K)->46766K(48384K) Class: 5929K(7168K)->5929K(7168K)
[2026-06-18T01:00:40.530+0000][12757.301s][info][gc            ] GC(782) Pause Young (Normal) (G1 Evacuation Pause) 447M->199M(512M) 2.919ms
[2026-06-18T01:00:40.530+0000][12757.301s][info][gc,cpu        ] GC(782) User=0.02s Sys=0.00s Real=0.00s
[2026-06-18T01:01:29.190+0000][12805.961s][info][gc,start      ] GC(783) Pause Young (Normal) (G1 Evacuation Pause)
[2026-06-18T01:01:29.190+0000][12805.961s][info][gc,task       ] GC(783) Using 13 workers of 13 for evacuation
[2026-06-18T01:01:29.192+0000][12805.963s][info][gc,phases     ] GC(783)   Pre Evacuate Collection Set: 0.0ms
[2026-06-18T01:01:29.192+0000][12805.963s][info][gc,phases     ] GC(783)   Evacuate Collection Set: 1.4ms
[2026-06-18T01:01:29.192+0000][12805.963s][info][gc,phases     ] GC(783)   Post Evacuate Collection Set: 0.3ms
[2026-06-18T01:01:29.192+0000][12805.963s][info][gc,phases     ] GC(783)   Other: 0.3ms
[2026-06-18T01:01:29.193+0000][12805.963s][info][gc,heap       ] GC(783) Eden regions: 248->0(243)
[2026-06-18T01:01:29.193+0000][12805.963s][info][gc,heap       ] GC(783) Survivor regions: 3->7(32)
[2026-06-18T01:01:29.193+0000][12805.963s][info][gc,heap       ] GC(783) Old regions: 51->51
[2026-06-18T01:01:29.193+0000][12805.963s][info][gc,heap       ] GC(783) Humongous regions: 147->147
[2026-06-18T01:01:29.193+0000][12805.963s][info][gc,metaspace  ] GC(783) Metaspace: 52696K(55552K)->52696K(55552K) NonClass: 46766K(48384K)->46766K(48384K) Class: 5929K(7168K)->5929K(7168K)
[2026-06-18T01:01:29.193+0000][12805.963s][info][gc            ] GC(783) Pause Young (Normal) (G1 Evacuation Pause) 447M->203M(512M) 2.540ms
[2026-06-18T01:01:29.193+0000][12805.963s][info][gc,cpu        ] GC(783) User=0.02s Sys=0.00s Real=0.01s
[2026-06-18T01:01:30.548+0000][12807.318s][info][gc,start      ] GC(784) Pause Young (Concurrent Start) (G1 Evacuation Pause)
[2026-06-18T01:01:30.548+0000][12807.318s][info][gc,task       ] GC(784) Using 13 workers of 13 for evacuation
[2026-06-18T01:01:30.551+0000][12807.321s][info][gc,phases     ] GC(784)   Pre Evacuate Collection Set: 0.3ms
[2026-06-18T01:01:30.551+0000][12807.321s][info][gc,phases     ] GC(784)   Evacuate Collection Set: 2.4ms
[2026-06-18T01:01:30.551+0000][12807.322s][info][gc,phases     ] GC(784)   Post Evacuate Collection Set: 0.3ms
[2026-06-18T01:01:30.551+0000][12807.322s][info][gc,phases     ] GC(784)   Other: 0.3ms
[2026-06-18T01:01:30.551+0000][12807.322s][info][gc,heap       ] GC(784) Eden regions: 243->0(236)
[2026-06-18T01:01:30.551+0000][12807.322s][info][gc,heap       ] GC(784) Survivor regions: 7->10(32)
[2026-06-18T01:01:30.551+0000][12807.322s][info][gc,heap       ] GC(784) Old regions: 51->51
[2026-06-18T01:01:30.551+0000][12807.322s][info][gc,heap       ] GC(784) Humongous regions: 147->147
[2026-06-18T01:01:30.552+0000][12807.322s][info][gc,metaspace  ] GC(784) Metaspace: 52696K(55552K)->52696K(55552K) NonClass: 46766K(48384K)->46766K(48384K) Class: 5929K(7168K)->5929K(7168K)
[2026-06-18T01:01:30.552+0000][12807.322s][info][gc            ] GC(784) Pause Young (Concurrent Start) (G1 Evacuation Pause) 446M->207M(512M) 3.949ms
[2026-06-18T01:01:30.552+0000][12807.322s][info][gc,cpu        ] GC(784) User=0.03s Sys=0.00s Real=0.00s
[2026-06-18T01:01:30.552+0000][12807.322s][info][gc            ] GC(785) Concurrent Cycle
[2026-06-18T01:01:30.552+0000][12807.322s][info][gc,marking    ] GC(785) Concurrent Clear Claimed Marks
[2026-06-18T01:01:30.552+0000][12807.323s][info][gc,marking    ] GC(785) Concurrent Clear Claimed Marks 0.196ms
[2026-06-18T01:01:30.552+0000][12807.323s][info][gc,marking    ] GC(785) Concurrent Scan Root Regions
[2026-06-18T01:01:30.554+0000][12807.324s][info][gc,marking    ] GC(785) Concurrent Scan Root Regions 1.554ms
[2026-06-18T01:01:30.554+0000][12807.324s][info][gc,marking    ] GC(785) Concurrent Mark (12807.324s)
[2026-06-18T01:01:30.554+0000][12807.324s][info][gc,marking    ] GC(785) Concurrent Mark From Roots
[2026-06-18T01:01:30.554+0000][12807.324s][info][gc,task       ] GC(785) Using 3 workers of 3 for marking
[2026-06-18T01:01:30.560+0000][12807.330s][info][gc,marking    ] GC(785) Concurrent Mark From Roots 5.732ms
[2026-06-18T01:01:30.560+0000][12807.330s][info][gc,marking    ] GC(785) Concurrent Preclean
[2026-06-18T01:01:30.560+0000][12807.330s][info][gc,marking    ] GC(785) Concurrent Preclean 0.247ms
[2026-06-18T01:01:30.560+0000][12807.331s][info][gc,marking    ] GC(785) Concurrent Mark (12807.324s, 12807.331s) 6.238ms
[2026-06-18T01:01:30.560+0000][12807.331s][info][gc,start      ] GC(785) Pause Remark
[2026-06-18T01:01:30.564+0000][12807.334s][info][gc,stringtable] GC(785) Cleaned string and symbol table, strings: 17343 processed, 0 removed, symbols: 125074 processed, 0 removed
[2026-06-18T01:01:30.564+0000][12807.335s][info][gc            ] GC(785) Pause Remark 211M->210M(512M) 3.993ms
[2026-06-18T01:01:30.564+0000][12807.335s][info][gc,cpu        ] GC(785) User=0.03s Sys=0.00s Real=0.01s
[2026-06-18T01:01:30.565+0000][12807.335s][info][gc,marking    ] GC(785) Concurrent Rebuild Remembered Sets
[2026-06-18T01:01:30.569+0000][12807.339s][info][gc,marking    ] GC(785) Concurrent Rebuild Remembered Sets 4.196ms
[2026-06-18T01:01:30.569+0000][12807.339s][info][gc,start      ] GC(785) Pause Cleanup
[2026-06-18T01:01:30.569+0000][12807.340s][info][gc            ] GC(785) Pause Cleanup 211M->211M(512M) 0.204ms
[2026-06-18T01:01:30.569+0000][12807.340s][info][gc,cpu        ] GC(785) User=0.00s Sys=0.00s Real=0.00s
[2026-06-18T01:01:30.569+0000][12807.340s][info][gc,marking    ] GC(785) Concurrent Cleanup for Next Mark
[2026-06-18T01:01:30.570+0000][12807.340s][info][gc,marking    ] GC(785) Concurrent Cleanup for Next Mark 0.174ms
[2026-06-18T01:01:30.570+0000][12807.340s][info][gc            ] GC(785) Concurrent Cycle 17.921ms
[2026-06-18T01:01:31.757+0000][12808.527s][info][gc,start      ] GC(786) Pause Young (Prepare Mixed) (G1 Evacuation Pause)
[2026-06-18T01:01:31.757+0000][12808.527s][info][gc,task       ] GC(786) Using 13 workers of 13 for evacuation
[2026-06-18T01:01:31.760+0000][12808.531s][info][gc,phases     ] GC(786)   Pre Evacuate Collection Set: 0.0ms
[2026-06-18T01:01:31.760+0000][12808.531s][info][gc,phases     ] GC(786)   Evacuate Collection Set: 2.8ms
[2026-06-18T01:01:31.760+0000][12808.531s][info][gc,phases     ] GC(786)   Post Evacuate Collection Set: 0.3ms
[2026-06-18T01:01:31.760+0000][12808.531s][info][gc,phases     ] GC(786)   Other: 0.3ms
[2026-06-18T01:01:31.760+0000][12808.531s][info][gc,heap       ] GC(786) Eden regions: 236->0(18)
[2026-06-18T01:01:31.761+0000][12808.531s][info][gc,heap       ] GC(786) Survivor regions: 10->7(31)
[2026-06-18T01:01:31.761+0000][12808.531s][info][gc,heap       ] GC(786) Old regions: 50->50
[2026-06-18T01:01:31.761+0000][12808.531s][info][gc,heap       ] GC(786) Humongous regions: 147->147
[2026-06-18T01:01:31.761+0000][12808.531s][info][gc,metaspace  ] GC(786) Metaspace: 52696K(55552K)->52696K(55552K) NonClass: 46766K(48384K)->46766K(48384K) Class: 5929K(7168K)->5929K(7168K)
[2026-06-18T01:01:31.761+0000][12808.531s][info][gc            ] GC(786) Pause Young (Prepare Mixed) (G1 Evacuation Pause) 442M->202M(512M) 3.880ms
[2026-06-18T01:01:31.761+0000][12808.531s][info][gc,cpu        ] GC(786) User=0.03s Sys=0.00s Real=0.00s
[2026-06-18T01:01:31.842+0000][12808.612s][info][gc,start      ] GC(787) Pause Young (Mixed) (G1 Evacuation Pause)
[2026-06-18T01:01:31.842+0000][12808.612s][info][gc,task       ] GC(787) Using 13 workers of 13 for evacuation
[2026-06-18T01:01:31.845+0000][12808.615s][info][gc,phases     ] GC(787)   Pre Evacuate Collection Set: 0.0ms
[2026-06-18T01:01:31.845+0000][12808.615s][info][gc,phases     ] GC(787)   Evacuate Collection Set: 2.6ms
[2026-06-18T01:01:31.845+0000][12808.615s][info][gc,phases     ] GC(787)   Post Evacuate Collection Set: 0.3ms
[2026-06-18T01:01:31.845+0000][12808.615s][info][gc,phases     ] GC(787)   Other: 0.3ms
[2026-06-18T01:01:31.845+0000][12808.616s][info][gc,heap       ] GC(787) Eden regions: 18->0(244)
[2026-06-18T01:01:31.845+0000][12808.616s][info][gc,heap       ] GC(787) Survivor regions: 7->2(4)
[2026-06-18T01:01:31.845+0000][12808.616s][info][gc,heap       ] GC(787) Old regions: 50->50
[2026-06-18T01:01:31.845+0000][12808.616s][info][gc,heap       ] GC(787) Humongous regions: 147->147
[2026-06-18T01:01:31.845+0000][12808.616s][info][gc,metaspace  ] GC(787) Metaspace: 52696K(55552K)->52696K(55552K) NonClass: 46766K(48384K)->46766K(48384K) Class: 5929K(7168K)->5929K(7168K)
[2026-06-18T01:01:31.845+0000][12808.616s][info][gc            ] GC(787) Pause Young (Mixed) (G1 Evacuation Pause) 220M->197M(512M) 3.750ms
[2026-06-18T01:01:31.846+0000][12808.616s][info][gc,cpu        ] GC(787) User=0.02s Sys=0.00s Real=0.01s
[2026-06-18T01:02:20.279+0000][12857.049s][info][gc,start      ] GC(788) Pause Young (Normal) (G1 Evacuation Pause)
[2026-06-18T01:02:20.280+0000][12857.050s][info][gc,task       ] GC(788) Using 13 workers of 13 for evacuation
[2026-06-18T01:02:20.282+0000][12857.052s][info][gc,phases     ] GC(788)   Pre Evacuate Collection Set: 0.0ms
[2026-06-18T01:02:20.282+0000][12857.052s][info][gc,phases     ] GC(788)   Evacuate Collection Set: 1.5ms
[2026-06-18T01:02:20.282+0000][12857.052s][info][gc,phases     ] GC(788)   Post Evacuate Collection Set: 0.3ms
[2026-06-18T01:02:20.282+0000][12857.052s][info][gc,phases     ] GC(788)   Other: 0.3ms
[2026-06-18T01:02:20.282+0000][12857.052s][info][gc,heap       ] GC(788) Eden regions: 244->0(246)
[2026-06-18T01:02:20.282+0000][12857.052s][info][gc,heap       ] GC(788) Survivor regions: 2->3(31)
[2026-06-18T01:02:20.282+0000][12857.052s][info][gc,heap       ] GC(788) Old regions: 50->50
[2026-06-18T01:02:20.282+0000][12857.052s][info][gc,heap       ] GC(788) Humongous regions: 147->147
[2026-06-18T01:02:20.282+0000][12857.052s][info][gc,metaspace  ] GC(788) Metaspace: 52697K(55552K)->52697K(55552K) NonClass: 46768K(48384K)->46768K(48384K) Class: 5929K(7168K)->5929K(7168K)
[2026-06-18T01:02:20.282+0000][12857.052s][info][gc            ] GC(788) Pause Young (Normal) (G1 Evacuation Pause) 441M->198M(512M) 2.720ms
[2026-06-18T01:02:20.282+0000][12857.052s][info][gc,cpu        ] GC(788) User=0.02s Sys=0.01s Real=0.00s
[2026-06-18T01:02:21.957+0000][12858.727s][info][gc,start      ] GC(789) Pause Young (Normal) (G1 Evacuation Pause)
[2026-06-18T01:02:21.957+0000][12858.727s][info][gc,task       ] GC(789) Using 13 workers of 13 for evacuation
[2026-06-18T01:02:21.959+0000][12858.730s][info][gc,phases     ] GC(789)   Pre Evacuate Collection Set: 0.0ms
[2026-06-18T01:02:21.960+0000][12858.730s][info][gc,phases     ] GC(789)   Evacuate Collection Set: 2.0ms
[2026-06-18T01:02:21.960+0000][12858.730s][info][gc,phases     ] GC(789)   Post Evacuate Collection Set: 0.3ms
[2026-06-18T01:02:21.960+0000][12858.730s][info][gc,phases     ] GC(789)   Other: 0.3ms
[2026-06-18T01:02:21.960+0000][12858.730s][info][gc,heap       ] GC(789) Eden regions: 246->0(243)
[2026-06-18T01:02:21.960+0000][12858.730s][info][gc,heap       ] GC(789) Survivor regions: 3->6(32)
[2026-06-18T01:02:21.960+0000][12858.730s][info][gc,heap       ] GC(789) Old regions: 50->50
[2026-06-18T01:02:21.960+0000][12858.730s][info][gc,heap       ] GC(789) Humongous regions: 147->147
[2026-06-18T01:02:21.960+0000][12858.730s][info][gc,metaspace  ] GC(789) Metaspace: 52699K(55552K)->52699K(55552K) NonClass: 46769K(48384K)->46769K(48384K) Class: 5929K(7168K)->5929K(7168K)
[2026-06-18T01:02:21.960+0000][12858.730s][info][gc            ] GC(789) Pause Young (Normal) (G1 Evacuation Pause) 444M->202M(512M) 3.396ms
[2026-06-18T01:02:21.960+0000][12858.731s][info][gc,cpu        ] GC(789) User=0.02s Sys=0.00s Real=0.00s
[2026-06-18T01:02:23.442+0000][12860.212s][info][gc,start      ] GC(790) Pause Young (Concurrent Start) (G1 Evacuation Pause)
[2026-06-18T01:02:23.442+0000][12860.212s][info][gc,task       ] GC(790) Using 13 workers of 13 for evacuation
[2026-06-18T01:02:23.449+0000][12860.219s][info][gc,phases     ] GC(790)   Pre Evacuate Collection Set: 0.3ms
[2026-06-18T01:02:23.449+0000][12860.220s][info][gc,phases     ] GC(790)   Evacuate Collection Set: 6.7ms
[2026-06-18T01:02:23.450+0000][12860.220s][info][gc,phases     ] GC(790)   Post Evacuate Collection Set: 0.3ms
[2026-06-18T01:02:23.450+0000][12860.220s][info][gc,phases     ] GC(790)   Other: 0.4ms
[2026-06-18T01:02:23.450+0000][12860.220s][info][gc,heap       ] GC(790) Eden regions: 243->0(246)
[2026-06-18T01:02:23.450+0000][12860.220s][info][gc,heap       ] GC(790) Survivor regions: 6->3(32)
[2026-06-18T01:02:23.450+0000][12860.220s][info][gc,heap       ] GC(790) Old regions: 50->50
[2026-06-18T01:02:23.450+0000][12860.220s][info][gc,heap       ] GC(790) Humongous regions: 147->147
[2026-06-18T01:02:23.450+0000][12860.220s][info][gc,metaspace  ] GC(790) Metaspace: 52699K(55552K)->52699K(55552K) NonClass: 46769K(48384K)->46769K(48384K) Class: 5929K(7168K)->5929K(7168K)
[2026-06-18T01:02:23.450+0000][12860.220s][info][gc            ] GC(790) Pause Young (Concurrent Start) (G1 Evacuation Pause) 445M->199M(512M) 8.086ms
[2026-06-18T01:02:23.450+0000][12860.220s][info][gc,cpu        ] GC(790) User=0.08s Sys=0.00s Real=0.01s
[2026-06-18T01:02:23.450+0000][12860.220s][info][gc            ] GC(791) Concurrent Cycle
[2026-06-18T01:02:23.450+0000][12860.220s][info][gc,marking    ] GC(791) Concurrent Clear Claimed Marks
[2026-06-18T01:02:23.450+0000][12860.220s][info][gc,marking    ] GC(791) Concurrent Clear Claimed Marks 0.360ms
[2026-06-18T01:02:23.450+0000][12860.221s][info][gc,marking    ] GC(791) Concurrent Scan Root Regions
[2026-06-18T01:02:23.452+0000][12860.222s][info][gc,marking    ] GC(791) Concurrent Scan Root Regions 1.188ms
[2026-06-18T01:02:23.452+0000][12860.222s][info][gc,marking    ] GC(791) Concurrent Mark (12860.222s)
[2026-06-18T01:02:23.452+0000][12860.222s][info][gc,marking    ] GC(791) Concurrent Mark From Roots
[2026-06-18T01:02:23.452+0000][12860.222s][info][gc,task       ] GC(791) Using 3 workers of 3 for marking
[2026-06-18T01:02:23.458+0000][12860.228s][info][gc,marking    ] GC(791) Concurrent Mark From Roots 5.994ms
[2026-06-18T01:02:23.458+0000][12860.228s][info][gc,marking    ] GC(791) Concurrent Preclean
[2026-06-18T01:02:23.458+0000][12860.228s][info][gc,marking    ] GC(791) Concurrent Preclean 0.216ms
[2026-06-18T01:02:23.458+0000][12860.228s][info][gc,marking    ] GC(791) Concurrent Mark (12860.222s, 12860.228s) 6.463ms
[2026-06-18T01:02:23.458+0000][12860.229s][info][gc,start      ] GC(791) Pause Remark
[2026-06-18T01:02:23.461+0000][12860.231s][info][gc,stringtable] GC(791) Cleaned string and symbol table, strings: 17359 processed, 0 removed, symbols: 125074 processed, 0 removed
[2026-06-18T01:02:23.461+0000][12860.231s][info][gc            ] GC(791) Pause Remark 203M->203M(512M) 2.779ms
[2026-06-18T01:02:23.461+0000][12860.231s][info][gc,cpu        ] GC(791) User=0.03s Sys=0.00s Real=0.00s
[2026-06-18T01:02:23.461+0000][12860.231s][info][gc,marking    ] GC(791) Concurrent Rebuild Remembered Sets
[2026-06-18T01:02:23.466+0000][12860.236s][info][gc,marking    ] GC(791) Concurrent Rebuild Remembered Sets 4.932ms
[2026-06-18T01:02:23.467+0000][12860.237s][info][gc,start      ] GC(791) Pause Cleanup
[2026-06-18T01:02:23.467+0000][12860.237s][info][gc            ] GC(791) Pause Cleanup 204M->204M(512M) 0.182ms
[2026-06-18T01:02:23.467+0000][12860.237s][info][gc,cpu        ] GC(791) User=0.00s Sys=0.00s Real=0.00s
[2026-06-18T01:02:23.467+0000][12860.237s][info][gc,marking    ] GC(791) Concurrent Cleanup for Next Mark
[2026-06-18T01:02:23.467+0000][12860.237s][info][gc,marking    ] GC(791) Concurrent Cleanup for Next Mark 0.217ms
[2026-06-18T01:02:23.467+0000][12860.237s][info][gc            ] GC(791) Concurrent Cycle 17.401ms
[2026-06-18T01:02:24.691+0000][12861.461s][info][gc,start      ] GC(792) Pause Young (Prepare Mixed) (G1 Evacuation Pause)
[2026-06-18T01:02:24.691+0000][12861.461s][info][gc,task       ] GC(792) Using 13 workers of 13 for evacuation
[2026-06-18T01:02:24.695+0000][12861.465s][info][gc,phases     ] GC(792)   Pre Evacuate Collection Set: 0.0ms
[2026-06-18T01:02:24.695+0000][12861.465s][info][gc,phases     ] GC(792)   Evacuate Collection Set: 2.9ms
[2026-06-18T01:02:24.695+0000][12861.465s][info][gc,phases     ] GC(792)   Post Evacuate Collection Set: 0.4ms
[2026-06-18T01:02:24.695+0000][12861.465s][info][gc,phases     ] GC(792)   Other: 0.3ms
[2026-06-18T01:02:24.695+0000][12861.465s][info][gc,heap       ] GC(792) Eden regions: 246->0(17)
[2026-06-18T01:02:24.695+0000][12861.465s][info][gc,heap       ] GC(792) Survivor regions: 3->8(32)
[2026-06-18T01:02:24.695+0000][12861.465s][info][gc,heap       ] GC(792) Old regions: 50->50
[2026-06-18T01:02:24.695+0000][12861.465s][info][gc,heap       ] GC(792) Humongous regions: 147->147
[2026-06-18T01:02:24.695+0000][12861.465s][info][gc,metaspace  ] GC(792) Metaspace: 52699K(55552K)->52699K(55552K) NonClass: 46769K(48384K)->46769K(48384K) Class: 5929K(7168K)->5929K(7168K)
[2026-06-18T01:02:24.695+0000][12861.465s][info][gc            ] GC(792) Pause Young (Prepare Mixed) (G1 Evacuation Pause) 445M->203M(512M) 4.296ms
[2026-06-18T01:02:24.695+0000][12861.465s][info][gc,cpu        ] GC(792) User=0.04s Sys=0.00s Real=0.01s
[2026-06-18T01:02:24.776+0000][12861.546s][info][gc,start      ] GC(793) Pause Young (Mixed) (G1 Evacuation Pause)
[2026-06-18T01:02:24.776+0000][12861.546s][info][gc,task       ] GC(793) Using 13 workers of 13 for evacuation
[2026-06-18T01:02:24.783+0000][12861.553s][info][gc,phases     ] GC(793)   Pre Evacuate Collection Set: 0.0ms
[2026-06-18T01:02:24.783+0000][12861.553s][info][gc,phases     ] GC(793)   Evacuate Collection Set: 6.8ms
[2026-06-18T01:02:24.783+0000][12861.553s][info][gc,phases     ] GC(793)   Post Evacuate Collection Set: 0.3ms
[2026-06-18T01:02:24.783+0000][12861.554s][info][gc,phases     ] GC(793)   Other: 0.4ms
[2026-06-18T01:02:24.783+0000][12861.554s][info][gc,heap       ] GC(793) Eden regions: 17->0(245)
[2026-06-18T01:02:24.784+0000][12861.554s][info][gc,heap       ] GC(793) Survivor regions: 8->2(4)
[2026-06-18T01:02:24.784+0000][12861.554s][info][gc,heap       ] GC(793) Old regions: 50->52
[2026-06-18T01:02:24.784+0000][12861.554s][info][gc,heap       ] GC(793) Humongous regions: 147->147
[2026-06-18T01:02:24.784+0000][12861.554s][info][gc,metaspace  ] GC(793) Metaspace: 52699K(55552K)->52699K(55552K) NonClass: 46769K(48384K)->46769K(48384K) Class: 5929K(7168K)->5929K(7168K)
[2026-06-18T01:02:24.784+0000][12861.554s][info][gc            ] GC(793) Pause Young (Mixed) (G1 Evacuation Pause) 220M->199M(512M) 7.972ms
[2026-06-18T01:02:24.784+0000][12861.554s][info][gc,cpu        ] GC(793) User=0.07s Sys=0.00s Real=0.01s
[2026-06-18T01:03:13.374+0000][12910.144s][info][gc,start      ] GC(794) Pause Young (Normal) (G1 Evacuation Pause)
[2026-06-18T01:03:13.376+0000][12910.145s][info][gc,task       ] GC(794) Using 13 workers of 13 for evacuation
[2026-06-18T01:03:13.378+0000][12910.148s][info][gc,phases     ] GC(794)   Pre Evacuate Collection Set: 0.0ms
[2026-06-18T01:03:13.378+0000][12910.148s][info][gc,phases     ] GC(794)   Evacuate Collection Set: 1.7ms
[2026-06-18T01:03:13.378+0000][12910.148s][info][gc,phases     ] GC(794)   Post Evacuate Collection Set: 0.5ms
[2026-06-18T01:03:13.378+0000][12910.148s][info][gc,phases     ] GC(794)   Other: 1.4ms
[2026-06-18T01:03:13.378+0000][12910.148s][info][gc,heap       ] GC(794) Eden regions: 245->0(245)
[2026-06-18T01:03:13.379+0000][12910.148s][info][gc,heap       ] GC(794) Survivor regions: 2->3(31)
[2026-06-18T01:03:13.379+0000][12910.148s][info][gc,heap       ] GC(794) Old regions: 52->52
[2026-06-18T01:03:13.379+0000][12910.149s][info][gc,heap       ] GC(794) Humongous regions: 147->147
[2026-06-18T01:03:13.379+0000][12910.149s][info][gc,metaspace  ] GC(794) Metaspace: 52701K(55552K)->52701K(55552K) NonClass: 46771K(48384K)->46771K(48384K) Class: 5929K(7168K)->5929K(7168K)
[2026-06-18T01:03:13.379+0000][12910.149s][info][gc            ] GC(794) Pause Young (Normal) (G1 Evacuation Pause) 444M->200M(512M) 4.603ms
[2026-06-18T01:03:13.379+0000][12910.149s][info][gc,cpu        ] GC(794) User=0.03s Sys=0.00s Real=0.00s
[2026-06-18T01:03:14.810+0000][12911.580s][info][gc,start      ] GC(795) Pause Young (Normal) (G1 Evacuation Pause)
[2026-06-18T01:03:14.811+0000][12911.580s][info][gc,task       ] GC(795) Using 13 workers of 13 for evacuation
[2026-06-18T01:03:14.813+0000][12911.582s][info][gc,phases     ] GC(795)   Pre Evacuate Collection Set: 0.0ms
[2026-06-18T01:03:14.813+0000][12911.582s][info][gc,phases     ] GC(795)   Evacuate Collection Set: 1.6ms
[2026-06-18T01:03:14.813+0000][12911.582s][info][gc,phases     ] GC(795)   Post Evacuate Collection Set: 0.3ms
[2026-06-18T01:03:14.813+0000][12911.583s][info][gc,phases     ] GC(795)   Other: 0.3ms
[2026-06-18T01:03:14.813+0000][12911.583s][info][gc,heap       ] GC(795) Eden regions: 245->0(241)
[2026-06-18T01:03:14.813+0000][12911.583s][info][gc,heap       ] GC(795) Survivor regions: 3->7(31)
[2026-06-18T01:03:14.813+0000][12911.583s][info][gc,heap       ] GC(795) Old regions: 52->52
[2026-06-18T01:03:14.813+0000][12911.583s][info][gc,heap       ] GC(795) Humongous regions: 147->147
[2026-06-18T01:03:14.813+0000][12911.583s][info][gc,metaspace  ] GC(795) Metaspace: 52701K(55552K)->52701K(55552K) NonClass: 46771K(48384K)->46771K(48384K) Class: 5929K(7168K)->5929K(7168K)
[2026-06-18T01:03:14.813+0000][12911.583s][info][gc            ] GC(795) Pause Young (Normal) (G1 Evacuation Pause) 445M->204M(512M) 2.808ms
[2026-06-18T01:03:14.813+0000][12911.583s][info][gc,cpu        ] GC(795) User=0.02s Sys=0.00s Real=0.01s
[2026-06-18T01:03:16.118+0000][12912.888s][info][gc,start      ] GC(796) Pause Young (Concurrent Start) (G1 Evacuation Pause)
[2026-06-18T01:03:16.118+0000][12912.888s][info][gc,task       ] GC(796) Using 13 workers of 13 for evacuation
[2026-06-18T01:03:16.121+0000][12912.891s][info][gc,phases     ] GC(796)   Pre Evacuate Collection Set: 0.2ms
[2026-06-18T01:03:16.121+0000][12912.891s][info][gc,phases     ] GC(796)   Evacuate Collection Set: 2.0ms
[2026-06-18T01:03:16.121+0000][12912.891s][info][gc,phases     ] GC(796)   Post Evacuate Collection Set: 0.3ms
[2026-06-18T01:03:16.121+0000][12912.891s][info][gc,phases     ] GC(796)   Other: 0.4ms
[2026-06-18T01:03:16.121+0000][12912.891s][info][gc,heap       ] GC(796) Eden regions: 241->0(235)
[2026-06-18T01:03:16.122+0000][12912.891s][info][gc,heap       ] GC(796) Survivor regions: 7->10(31)
[2026-06-18T01:03:16.122+0000][12912.891s][info][gc,heap       ] GC(796) Old regions: 52->52
[2026-06-18T01:03:16.122+0000][12912.891s][info][gc,heap       ] GC(796) Humongous regions: 147->147
[2026-06-18T01:03:16.122+0000][12912.891s][info][gc,metaspace  ] GC(796) Metaspace: 52701K(55552K)->52701K(55552K) NonClass: 46771K(48384K)->46771K(48384K) Class: 5929K(7168K)->5929K(7168K)
[2026-06-18T01:03:16.122+0000][12912.891s][info][gc            ] GC(796) Pause Young (Concurrent Start) (G1 Evacuation Pause) 445M->208M(512M) 3.484ms
[2026-06-18T01:03:16.122+0000][12912.891s][info][gc,cpu        ] GC(796) User=0.02s Sys=0.01s Real=0.00s
[2026-06-18T01:03:16.122+0000][12912.891s][info][gc            ] GC(797) Concurrent Cycle
[2026-06-18T01:03:16.122+0000][12912.892s][info][gc,marking    ] GC(797) Concurrent Clear Claimed Marks
[2026-06-18T01:03:16.122+0000][12912.892s][info][gc,marking    ] GC(797) Concurrent Clear Claimed Marks 0.224ms
[2026-06-18T01:03:16.122+0000][12912.892s][info][gc,marking    ] GC(797) Concurrent Scan Root Regions
[2026-06-18T01:03:16.124+0000][12912.893s][info][gc,marking    ] GC(797) Concurrent Scan Root Regions 1.470ms
[2026-06-18T01:03:16.124+0000][12912.893s][info][gc,marking    ] GC(797) Concurrent Mark (12912.893s)
[2026-06-18T01:03:16.124+0000][12912.893s][info][gc,marking    ] GC(797) Concurrent Mark From Roots
[2026-06-18T01:03:16.124+0000][12912.894s][info][gc,task       ] GC(797) Using 3 workers of 3 for marking
[2026-06-18T01:03:16.130+0000][12912.899s][info][gc,marking    ] GC(797) Concurrent Mark From Roots 5.801ms
[2026-06-18T01:03:16.130+0000][12912.899s][info][gc,marking    ] GC(797) Concurrent Preclean
[2026-06-18T01:03:16.130+0000][12912.900s][info][gc,marking    ] GC(797) Concurrent Preclean 0.182ms
[2026-06-18T01:03:16.130+0000][12912.900s][info][gc,marking    ] GC(797) Concurrent Mark (12912.893s, 12912.900s) 6.217ms
[2026-06-18T01:03:16.130+0000][12912.900s][info][gc,start      ] GC(797) Pause Remark
[2026-06-18T01:03:16.135+0000][12912.905s][info][gc,stringtable] GC(797) Cleaned string and symbol table, strings: 17359 processed, 0 removed, symbols: 125074 processed, 0 removed
[2026-06-18T01:03:16.136+0000][12912.905s][info][gc            ] GC(797) Pause Remark 212M->212M(512M) 5.558ms
[2026-06-18T01:03:16.136+0000][12912.906s][info][gc,cpu        ] GC(797) User=0.06s Sys=0.00s Real=0.01s
[2026-06-18T01:03:16.136+0000][12912.906s][info][gc,marking    ] GC(797) Concurrent Rebuild Remembered Sets
[2026-06-18T01:03:16.141+0000][12912.911s][info][gc,marking    ] GC(797) Concurrent Rebuild Remembered Sets 4.851ms
[2026-06-18T01:03:16.141+0000][12912.911s][info][gc,start      ] GC(797) Pause Cleanup
[2026-06-18T01:03:16.141+0000][12912.911s][info][gc            ] GC(797) Pause Cleanup 213M->213M(512M) 0.217ms
[2026-06-18T01:03:16.141+0000][12912.911s][info][gc,cpu        ] GC(797) User=0.00s Sys=0.00s Real=0.00s
[2026-06-18T01:03:16.141+0000][12912.911s][info][gc,marking    ] GC(797) Concurrent Cleanup for Next Mark
[2026-06-18T01:03:16.142+0000][12912.911s][info][gc,marking    ] GC(797) Concurrent Cleanup for Next Mark 0.149ms
[2026-06-18T01:03:16.142+0000][12912.911s][info][gc            ] GC(797) Concurrent Cycle 19.830ms
[2026-06-18T01:04:04.410+0000][12961.179s][info][gc,start      ] GC(798) Pause Young (Prepare Mixed) (G1 Evacuation Pause)
[2026-06-18T01:04:04.410+0000][12961.179s][info][gc,task       ] GC(798) Using 13 workers of 13 for evacuation
[2026-06-18T01:04:04.417+0000][12961.186s][info][gc,phases     ] GC(798)   Pre Evacuate Collection Set: 0.0ms
[2026-06-18T01:04:04.417+0000][12961.186s][info][gc,phases     ] GC(798)   Evacuate Collection Set: 6.3ms
[2026-06-18T01:04:04.417+0000][12961.186s][info][gc,phases     ] GC(798)   Post Evacuate Collection Set: 0.4ms
[2026-06-18T01:04:04.417+0000][12961.187s][info][gc,phases     ] GC(798)   Other: 0.5ms
[2026-06-18T01:04:04.418+0000][12961.187s][info][gc,heap       ] GC(798) Eden regions: 235->0(19)
[2026-06-18T01:04:04.418+0000][12961.187s][info][gc,heap       ] GC(798) Survivor regions: 10->6(31)
[2026-06-18T01:04:04.418+0000][12961.187s][info][gc,heap       ] GC(798) Old regions: 52->52
[2026-06-18T01:04:04.418+0000][12961.187s][info][gc,heap       ] GC(798) Humongous regions: 147->147
[2026-06-18T01:04:04.418+0000][12961.187s][info][gc,metaspace  ] GC(798) Metaspace: 52708K(55552K)->52708K(55552K) NonClass: 46778K(48384K)->46778K(48384K) Class: 5929K(7168K)->5929K(7168K)
[2026-06-18T01:04:04.418+0000][12961.187s][info][gc            ] GC(798) Pause Young (Prepare Mixed) (G1 Evacuation Pause) 443M->203M(512M) 8.127ms
[2026-06-18T01:04:04.418+0000][12961.187s][info][gc,cpu        ] GC(798) User=0.02s Sys=0.00s Real=0.01s
[2026-06-18T01:04:04.552+0000][12961.321s][info][gc,start      ] GC(799) Pause Young (Mixed) (G1 Evacuation Pause)
[2026-06-18T01:04:04.552+0000][12961.321s][info][gc,task       ] GC(799) Using 13 workers of 13 for evacuation
[2026-06-18T01:04:04.554+0000][12961.323s][info][gc,phases     ] GC(799)   Pre Evacuate Collection Set: 0.0ms
[2026-06-18T01:04:04.554+0000][12961.324s][info][gc,phases     ] GC(799)   Evacuate Collection Set: 2.3ms
[2026-06-18T01:04:04.555+0000][12961.324s][info][gc,phases     ] GC(799)   Post Evacuate Collection Set: 0.3ms
[2026-06-18T01:04:04.555+0000][12961.324s][info][gc,phases     ] GC(799)   Other: 0.3ms
[2026-06-18T01:04:04.555+0000][12961.324s][info][gc,heap       ] GC(799) Eden regions: 19->0(245)
[2026-06-18T01:04:04.555+0000][12961.324s][info][gc,heap       ] GC(799) Survivor regions: 6->2(4)
[2026-06-18T01:04:04.555+0000][12961.324s][info][gc,heap       ] GC(799) Old regions: 52->50
[2026-06-18T01:04:04.555+0000][12961.324s][info][gc,heap       ] GC(799) Humongous regions: 147->147
[2026-06-18T01:04:04.555+0000][12961.324s][info][gc,metaspace  ] GC(799) Metaspace: 52708K(55552K)->52708K(55552K) NonClass: 46778K(48384K)->46778K(48384K) Class: 5929K(7168K)->5929K(7168K)
[2026-06-18T01:04:04.555+0000][12961.324s][info][gc            ] GC(799) Pause Young (Mixed) (G1 Evacuation Pause) 222M->197M(512M) 3.464ms
[2026-06-18T01:04:04.555+0000][12961.324s][info][gc,cpu        ] GC(799) User=0.02s Sys=0.00s Real=0.01s
[2026-06-18T01:04:06.126+0000][12962.895s][info][gc,start      ] GC(800) Pause Young (Normal) (G1 Evacuation Pause)
[2026-06-18T01:04:06.126+0000][12962.895s][info][gc,task       ] GC(800) Using 13 workers of 13 for evacuation
[2026-06-18T01:04:06.129+0000][12962.898s][info][gc,phases     ] GC(800)   Pre Evacuate Collection Set: 0.0ms
[2026-06-18T01:04:06.129+0000][12962.898s][info][gc,phases     ] GC(800)   Evacuate Collection Set: 1.9ms
[2026-06-18T01:04:06.129+0000][12962.898s][info][gc,phases     ] GC(800)   Post Evacuate Collection Set: 0.3ms
[2026-06-18T01:04:06.129+0000][12962.898s][info][gc,phases     ] GC(800)   Other: 0.4ms
[2026-06-18T01:04:06.129+0000][12962.898s][info][gc,heap       ] GC(800) Eden regions: 245->0(239)
[2026-06-18T01:04:06.129+0000][12962.898s][info][gc,heap       ] GC(800) Survivor regions: 2->8(31)
[2026-06-18T01:04:06.129+0000][12962.898s][info][gc,heap       ] GC(800) Old regions: 50->50
[2026-06-18T01:04:06.129+0000][12962.898s][info][gc,heap       ] GC(800) Humongous regions: 147->147
[2026-06-18T01:04:06.129+0000][12962.898s][info][gc,metaspace  ] GC(800) Metaspace: 52708K(55552K)->52708K(55552K) NonClass: 46778K(48384K)->46778K(48384K) Class: 5929K(7168K)->5929K(7168K)
[2026-06-18T01:04:06.129+0000][12962.898s][info][gc            ] GC(800) Pause Young (Normal) (G1 Evacuation Pause) 442M->203M(512M) 3.155ms
[2026-06-18T01:04:06.129+0000][12962.898s][info][gc,cpu        ] GC(800) User=0.02s Sys=0.00s Real=0.00s
[2026-06-18T01:04:07.368+0000][12964.137s][info][gc,start      ] GC(801) Pause Young (Normal) (G1 Evacuation Pause)
[2026-06-18T01:04:07.368+0000][12964.137s][info][gc,task       ] GC(801) Using 13 workers of 13 for evacuation
[2026-06-18T01:04:07.372+0000][12964.141s][info][gc,phases     ] GC(801)   Pre Evacuate Collection Set: 0.0ms
[2026-06-18T01:04:07.372+0000][12964.141s][info][gc,phases     ] GC(801)   Evacuate Collection Set: 2.9ms
[2026-06-18T01:04:07.372+0000][12964.141s][info][gc,phases     ] GC(801)   Post Evacuate Collection Set: 0.3ms
[2026-06-18T01:04:07.372+0000][12964.141s][info][gc,phases     ] GC(801)   Other: 0.3ms
[2026-06-18T01:04:07.372+0000][12964.141s][info][gc,heap       ] GC(801) Eden regions: 239->0(242)
[2026-06-18T01:04:07.372+0000][12964.141s][info][gc,heap       ] GC(801) Survivor regions: 8->6(31)
[2026-06-18T01:04:07.372+0000][12964.141s][info][gc,heap       ] GC(801) Old regions: 50->50
[2026-06-18T01:04:07.372+0000][12964.141s][info][gc,heap       ] GC(801) Humongous regions: 147->147
[2026-06-18T01:04:07.372+0000][12964.141s][info][gc,metaspace  ] GC(801) Metaspace: 52708K(55552K)->52708K(55552K) NonClass: 46778K(48384K)->46778K(48384K) Class: 5929K(7168K)->5929K(7168K)
[2026-06-18T01:04:07.372+0000][12964.141s][info][gc            ] GC(801) Pause Young (Normal) (G1 Evacuation Pause) 442M->201M(512M) 3.967ms
[2026-06-18T01:04:07.372+0000][12964.141s][info][gc,cpu        ] GC(801) User=0.03s Sys=0.00s Real=0.00s
[2026-06-18T01:04:08.561+0000][12965.330s][info][gc,start      ] GC(802) Pause Young (Concurrent Start) (G1 Evacuation Pause)
[2026-06-18T01:04:08.561+0000][12965.330s][info][gc,task       ] GC(802) Using 13 workers of 13 for evacuation
[2026-06-18T01:04:08.564+0000][12965.333s][info][gc,phases     ] GC(802)   Pre Evacuate Collection Set: 0.3ms
[2026-06-18T01:04:08.564+0000][12965.333s][info][gc,phases     ] GC(802)   Evacuate Collection Set: 2.2ms
[2026-06-18T01:04:08.564+0000][12965.333s][info][gc,phases     ] GC(802)   Post Evacuate Collection Set: 0.4ms
[2026-06-18T01:04:08.564+0000][12965.333s][info][gc,phases     ] GC(802)   Other: 0.4ms
[2026-06-18T01:04:08.564+0000][12965.333s][info][gc,heap       ] GC(802) Eden regions: 242->0(236)
[2026-06-18T01:04:08.564+0000][12965.333s][info][gc,heap       ] GC(802) Survivor regions: 6->10(31)
[2026-06-18T01:04:08.564+0000][12965.333s][info][gc,heap       ] GC(802) Old regions: 50->50
[2026-06-18T01:04:08.564+0000][12965.333s][info][gc,heap       ] GC(802) Humongous regions: 147->147
[2026-06-18T01:04:08.564+0000][12965.333s][info][gc,metaspace  ] GC(802) Metaspace: 52708K(55552K)->52708K(55552K) NonClass: 46778K(48384K)->46778K(48384K) Class: 5929K(7168K)->5929K(7168K)
[2026-06-18T01:04:08.564+0000][12965.333s][info][gc            ] GC(802) Pause Young (Concurrent Start) (G1 Evacuation Pause) 443M->205M(512M) 3.707ms
[2026-06-18T01:04:08.564+0000][12965.333s][info][gc,cpu        ] GC(802) User=0.02s Sys=0.00s Real=0.01s
[2026-06-18T01:04:08.564+0000][12965.334s][info][gc            ] GC(803) Concurrent Cycle
[2026-06-18T01:04:08.564+0000][12965.334s][info][gc,marking    ] GC(803) Concurrent Clear Claimed Marks
[2026-06-18T01:04:08.565+0000][12965.334s][info][gc,marking    ] GC(803) Concurrent Clear Claimed Marks 0.262ms
[2026-06-18T01:04:08.565+0000][12965.334s][info][gc,marking    ] GC(803) Concurrent Scan Root Regions
[2026-06-18T01:04:08.566+0000][12965.335s][info][gc,marking    ] GC(803) Concurrent Scan Root Regions 1.450ms
[2026-06-18T01:04:08.566+0000][12965.335s][info][gc,marking    ] GC(803) Concurrent Mark (12965.335s)
[2026-06-18T01:04:08.566+0000][12965.336s][info][gc,marking    ] GC(803) Concurrent Mark From Roots
[2026-06-18T01:04:08.567+0000][12965.336s][info][gc,task       ] GC(803) Using 3 workers of 3 for marking
[2026-06-18T01:04:08.572+0000][12965.341s][info][gc,marking    ] GC(803) Concurrent Mark From Roots 5.590ms
[2026-06-18T01:04:08.572+0000][12965.341s][info][gc,marking    ] GC(803) Concurrent Preclean
[2026-06-18T01:04:08.572+0000][12965.342s][info][gc,marking    ] GC(803) Concurrent Preclean 0.245ms
[2026-06-18T01:04:08.572+0000][12965.342s][info][gc,marking    ] GC(803) Concurrent Mark (12965.335s, 12965.342s) 6.155ms
[2026-06-18T01:04:08.573+0000][12965.342s][info][gc,start      ] GC(803) Pause Remark
[2026-06-18T01:04:08.577+0000][12965.346s][info][gc,stringtable] GC(803) Cleaned string and symbol table, strings: 17359 processed, 0 removed, symbols: 125074 processed, 0 removed
[2026-06-18T01:04:08.577+0000][12965.346s][info][gc            ] GC(803) Pause Remark 209M->209M(512M) 4.594ms
[2026-06-18T01:04:08.577+0000][12965.347s][info][gc,cpu        ] GC(803) User=0.04s Sys=0.00s Real=0.01s
[2026-06-18T01:04:08.578+0000][12965.347s][info][gc,marking    ] GC(803) Concurrent Rebuild Remembered Sets
[2026-06-18T01:04:08.582+0000][12965.351s][info][gc,marking    ] GC(803) Concurrent Rebuild Remembered Sets 4.108ms
[2026-06-18T01:04:08.582+0000][12965.351s][info][gc,start      ] GC(803) Pause Cleanup
[2026-06-18T01:04:08.583+0000][12965.352s][info][gc            ] GC(803) Pause Cleanup 210M->210M(512M) 0.521ms
[2026-06-18T01:04:08.583+0000][12965.352s][info][gc,cpu        ] GC(803) User=0.00s Sys=0.00s Real=0.00s
[2026-06-18T01:04:08.583+0000][12965.352s][info][gc,marking    ] GC(803) Concurrent Cleanup for Next Mark
[2026-06-18T01:04:08.583+0000][12965.352s][info][gc,marking    ] GC(803) Concurrent Cleanup for Next Mark 0.187ms
[2026-06-18T01:04:08.583+0000][12965.352s][info][gc            ] GC(803) Concurrent Cycle 18.941ms
[2026-06-18T01:04:57.091+0000][13013.859s][info][gc,start      ] GC(804) Pause Young (Prepare Mixed) (G1 Evacuation Pause)
[2026-06-18T01:04:57.091+0000][13013.860s][info][gc,task       ] GC(804) Using 13 workers of 13 for evacuation
[2026-06-18T01:04:57.094+0000][13013.862s][info][gc,phases     ] GC(804)   Pre Evacuate Collection Set: 0.0ms
[2026-06-18T01:04:57.094+0000][13013.862s][info][gc,phases     ] GC(804)   Evacuate Collection Set: 2.0ms
[2026-06-18T01:04:57.094+0000][13013.863s][info][gc,phases     ] GC(804)   Post Evacuate Collection Set: 0.4ms
[2026-06-18T01:04:57.094+0000][13013.863s][info][gc,phases     ] GC(804)   Other: 0.7ms
[2026-06-18T01:04:57.094+0000][13013.863s][info][gc,heap       ] GC(804) Eden regions: 236->0(19)
[2026-06-18T01:04:57.094+0000][13013.863s][info][gc,heap       ] GC(804) Survivor regions: 10->6(31)
[2026-06-18T01:04:57.094+0000][13013.863s][info][gc,heap       ] GC(804) Old regions: 50->50
[2026-06-18T01:04:57.094+0000][13013.863s][info][gc,heap       ] GC(804) Humongous regions: 147->147
[2026-06-18T01:04:57.094+0000][13013.863s][info][gc,metaspace  ] GC(804) Metaspace: 52708K(55552K)->52708K(55552K) NonClass: 46778K(48384K)->46778K(48384K) Class: 5929K(7168K)->5929K(7168K)
[2026-06-18T01:04:57.094+0000][13013.863s][info][gc            ] GC(804) Pause Young (Prepare Mixed) (G1 Evacuation Pause) 441M->201M(512M) 3.758ms
[2026-06-18T01:04:57.095+0000][13013.863s][info][gc,cpu        ] GC(804) User=0.02s Sys=0.00s Real=0.01s
[2026-06-18T01:04:57.223+0000][13013.992s][info][gc,start      ] GC(805) Pause Young (Mixed) (G1 Evacuation Pause)
[2026-06-18T01:04:57.223+0000][13013.992s][info][gc,task       ] GC(805) Using 13 workers of 13 for evacuation
[2026-06-18T01:04:57.226+0000][13013.995s][info][gc,phases     ] GC(805)   Pre Evacuate Collection Set: 0.0ms
[2026-06-18T01:04:57.226+0000][13013.995s][info][gc,phases     ] GC(805)   Evacuate Collection Set: 2.4ms
[2026-06-18T01:04:57.226+0000][13013.995s][info][gc,phases     ] GC(805)   Post Evacuate Collection Set: 0.4ms
[2026-06-18T01:04:57.226+0000][13013.995s][info][gc,phases     ] GC(805)   Other: 0.4ms
[2026-06-18T01:04:57.227+0000][13013.995s][info][gc,heap       ] GC(805) Eden regions: 19->0(245)
[2026-06-18T01:04:57.227+0000][13013.995s][info][gc,heap       ] GC(805) Survivor regions: 6->2(4)
[2026-06-18T01:04:57.227+0000][13013.995s][info][gc,heap       ] GC(805) Old regions: 50->50
[2026-06-18T01:04:57.227+0000][13013.995s][info][gc,heap       ] GC(805) Humongous regions: 147->147
[2026-06-18T01:04:57.227+0000][13013.995s][info][gc,metaspace  ] GC(805) Metaspace: 52708K(55552K)->52708K(55552K) NonClass: 46778K(48384K)->46778K(48384K) Class: 5929K(7168K)->5929K(7168K)
[2026-06-18T01:04:57.227+0000][13013.995s][info][gc            ] GC(805) Pause Young (Mixed) (G1 Evacuation Pause) 220M->198M(512M) 3.635ms
[2026-06-18T01:04:57.227+0000][13013.996s][info][gc,cpu        ] GC(805) User=0.02s Sys=0.00s Real=0.01s
[2026-06-18T01:04:58.686+0000][13015.455s][info][gc,start      ] GC(806) Pause Young (Normal) (G1 Evacuation Pause)
[2026-06-18T01:04:58.687+0000][13015.455s][info][gc,task       ] GC(806) Using 13 workers of 13 for evacuation
[2026-06-18T01:04:58.691+0000][13015.459s][info][gc,phases     ] GC(806)   Pre Evacuate Collection Set: 0.0ms
[2026-06-18T01:04:58.691+0000][13015.459s][info][gc,phases     ] GC(806)   Evacuate Collection Set: 3.4ms
[2026-06-18T01:04:58.691+0000][13015.459s][info][gc,phases     ] GC(806)   Post Evacuate Collection Set: 0.4ms
[2026-06-18T01:04:58.691+0000][13015.459s][info][gc,phases     ] GC(806)   Other: 0.4ms
[2026-06-18T01:04:58.691+0000][13015.460s][info][gc,heap       ] GC(806) Eden regions: 245->0(238)
[2026-06-18T01:04:58.691+0000][13015.460s][info][gc,heap       ] GC(806) Survivor regions: 2->8(31)
[2026-06-18T01:04:58.691+0000][13015.460s][info][gc,heap       ] GC(806) Old regions: 50->50
[2026-06-18T01:04:58.691+0000][13015.460s][info][gc,heap       ] GC(806) Humongous regions: 147->147
[2026-06-18T01:04:58.691+0000][13015.460s][info][gc,metaspace  ] GC(806) Metaspace: 52708K(55552K)->52708K(55552K) NonClass: 46778K(48384K)->46778K(48384K) Class: 5929K(7168K)->5929K(7168K)
[2026-06-18T01:04:58.691+0000][13015.460s][info][gc            ] GC(806) Pause Young (Normal) (G1 Evacuation Pause) 443M->204M(512M) 4.689ms
[2026-06-18T01:04:58.691+0000][13015.460s][info][gc,cpu        ] GC(806) User=0.05s Sys=0.00s Real=0.00s
[2026-06-18T01:04:59.917+0000][13016.686s][info][gc,start      ] GC(807) Pause Young (Normal) (G1 Evacuation Pause)
[2026-06-18T01:04:59.917+0000][13016.686s][info][gc,task       ] GC(807) Using 13 workers of 13 for evacuation
[2026-06-18T01:04:59.921+0000][13016.690s][info][gc,phases     ] GC(807)   Pre Evacuate Collection Set: 0.0ms
[2026-06-18T01:04:59.921+0000][13016.690s][info][gc,phases     ] GC(807)   Evacuate Collection Set: 3.4ms
[2026-06-18T01:04:59.921+0000][13016.690s][info][gc,phases     ] GC(807)   Post Evacuate Collection Set: 0.3ms
[2026-06-18T01:04:59.921+0000][13016.690s][info][gc,phases     ] GC(807)   Other: 0.4ms
[2026-06-18T01:04:59.921+0000][13016.690s][info][gc,heap       ] GC(807) Eden regions: 238->0(242)
[2026-06-18T01:04:59.921+0000][13016.690s][info][gc,heap       ] GC(807) Survivor regions: 8->5(31)
[2026-06-18T01:04:59.921+0000][13016.690s][info][gc,heap       ] GC(807) Old regions: 50->50
[2026-06-18T01:04:59.922+0000][13016.690s][info][gc,heap       ] GC(807) Humongous regions: 147->147
[2026-06-18T01:04:59.922+0000][13016.690s][info][gc,metaspace  ] GC(807) Metaspace: 52708K(55552K)->52708K(55552K) NonClass: 46778K(48384K)->46778K(48384K) Class: 5929K(7168K)->5929K(7168K)
[2026-06-18T01:04:59.922+0000][13016.690s][info][gc            ] GC(807) Pause Young (Normal) (G1 Evacuation Pause) 442M->201M(512M) 4.754ms
[2026-06-18T01:04:59.922+0000][13016.690s][info][gc,cpu        ] GC(807) User=0.04s Sys=0.00s Real=0.00s
[2026-06-18T01:05:01.075+0000][13017.844s][info][gc,start      ] GC(808) Pause Young (Concurrent Start) (G1 Evacuation Pause)
[2026-06-18T01:05:01.075+0000][13017.844s][info][gc,task       ] GC(808) Using 13 workers of 13 for evacuation
[2026-06-18T01:05:01.078+0000][13017.847s][info][gc,phases     ] GC(808)   Pre Evacuate Collection Set: 0.3ms
[2026-06-18T01:05:01.078+0000][13017.847s][info][gc,phases     ] GC(808)   Evacuate Collection Set: 2.1ms
[2026-06-18T01:05:01.078+0000][13017.847s][info][gc,phases     ] GC(808)   Post Evacuate Collection Set: 0.4ms
[2026-06-18T01:05:01.078+0000][13017.847s][info][gc,phases     ] GC(808)   Other: 0.3ms
[2026-06-18T01:05:01.079+0000][13017.847s][info][gc,heap       ] GC(808) Eden regions: 242->0(237)
[2026-06-18T01:05:01.079+0000][13017.847s][info][gc,heap       ] GC(808) Survivor regions: 5->9(31)
[2026-06-18T01:05:01.079+0000][13017.847s][info][gc,heap       ] GC(808) Old regions: 50->50
[2026-06-18T01:05:01.079+0000][13017.847s][info][gc,heap       ] GC(808) Humongous regions: 147->147
[2026-06-18T01:05:01.079+0000][13017.847s][info][gc,metaspace  ] GC(808) Metaspace: 52708K(55552K)->52708K(55552K) NonClass: 46778K(48384K)->46778K(48384K) Class: 5929K(7168K)->5929K(7168K)
[2026-06-18T01:05:01.079+0000][13017.848s][info][gc            ] GC(808) Pause Young (Concurrent Start) (G1 Evacuation Pause) 443M->205M(512M) 3.558ms
[2026-06-18T01:05:01.079+0000][13017.848s][info][gc,cpu        ] GC(808) User=0.02s Sys=0.00s Real=0.00s
[2026-06-18T01:05:01.079+0000][13017.848s][info][gc            ] GC(809) Concurrent Cycle
[2026-06-18T01:05:01.079+0000][13017.848s][info][gc,marking    ] GC(809) Concurrent Clear Claimed Marks
[2026-06-18T01:05:01.079+0000][13017.848s][info][gc,marking    ] GC(809) Concurrent Clear Claimed Marks 0.236ms
[2026-06-18T01:05:01.079+0000][13017.848s][info][gc,marking    ] GC(809) Concurrent Scan Root Regions
[2026-06-18T01:05:01.081+0000][13017.850s][info][gc,marking    ] GC(809) Concurrent Scan Root Regions 1.376ms
[2026-06-18T01:05:01.081+0000][13017.850s][info][gc,marking    ] GC(809) Concurrent Mark (13017.850s)
[2026-06-18T01:05:01.081+0000][13017.850s][info][gc,marking    ] GC(809) Concurrent Mark From Roots
[2026-06-18T01:05:01.081+0000][13017.850s][info][gc,task       ] GC(809) Using 3 workers of 3 for marking
[2026-06-18T01:05:01.087+0000][13017.856s][info][gc,marking    ] GC(809) Concurrent Mark From Roots 5.825ms
[2026-06-18T01:05:01.087+0000][13017.856s][info][gc,marking    ] GC(809) Concurrent Preclean
[2026-06-18T01:05:01.087+0000][13017.856s][info][gc,marking    ] GC(809) Concurrent Preclean 0.214ms
[2026-06-18T01:05:01.087+0000][13017.856s][info][gc,marking    ] GC(809) Concurrent Mark (13017.850s, 13017.856s) 6.299ms
[2026-06-18T01:05:01.087+0000][13017.856s][info][gc,start      ] GC(809) Pause Remark
[2026-06-18T01:05:01.092+0000][13017.861s][info][gc,stringtable] GC(809) Cleaned string and symbol table, strings: 17359 processed, 0 removed, symbols: 125074 processed, 0 removed
[2026-06-18T01:05:01.093+0000][13017.861s][info][gc            ] GC(809) Pause Remark 209M->209M(512M) 5.264ms
[2026-06-18T01:05:01.093+0000][13017.861s][info][gc,cpu        ] GC(809) User=0.05s Sys=0.00s Real=0.00s
[2026-06-18T01:05:01.093+0000][13017.862s][info][gc,marking    ] GC(809) Concurrent Rebuild Remembered Sets
[2026-06-18T01:05:01.097+0000][13017.866s][info][gc,marking    ] GC(809) Concurrent Rebuild Remembered Sets 4.272ms
[2026-06-18T01:05:01.097+0000][13017.866s][info][gc,start      ] GC(809) Pause Cleanup
[2026-06-18T01:05:01.098+0000][13017.866s][info][gc            ] GC(809) Pause Cleanup 210M->210M(512M) 0.214ms
[2026-06-18T01:05:01.098+0000][13017.866s][info][gc,cpu        ] GC(809) User=0.00s Sys=0.00s Real=0.00s
[2026-06-18T01:05:01.098+0000][13017.867s][info][gc,marking    ] GC(809) Concurrent Cleanup for Next Mark
[2026-06-18T01:05:01.098+0000][13017.867s][info][gc,marking    ] GC(809) Concurrent Cleanup for Next Mark 0.145ms
[2026-06-18T01:05:01.098+0000][13017.867s][info][gc            ] GC(809) Concurrent Cycle 18.973ms
[2026-06-18T01:05:49.747+0000][13066.515s][info][gc,start      ] GC(810) Pause Young (Prepare Mixed) (G1 Evacuation Pause)
[2026-06-18T01:05:49.747+0000][13066.516s][info][gc,task       ] GC(810) Using 13 workers of 13 for evacuation
[2026-06-18T01:05:49.749+0000][13066.518s][info][gc,phases     ] GC(810)   Pre Evacuate Collection Set: 0.0ms
[2026-06-18T01:05:49.749+0000][13066.518s][info][gc,phases     ] GC(810)   Evacuate Collection Set: 1.6ms
[2026-06-18T01:05:49.750+0000][13066.518s][info][gc,phases     ] GC(810)   Post Evacuate Collection Set: 0.3ms
[2026-06-18T01:05:49.750+0000][13066.518s][info][gc,phases     ] GC(810)   Other: 0.6ms
[2026-06-18T01:05:49.750+0000][13066.518s][info][gc,heap       ] GC(810) Eden regions: 237->0(20)
[2026-06-18T01:05:49.750+0000][13066.518s][info][gc,heap       ] GC(810) Survivor regions: 9->5(31)
[2026-06-18T01:05:49.750+0000][13066.518s][info][gc,heap       ] GC(810) Old regions: 50->50
[2026-06-18T01:05:49.750+0000][13066.518s][info][gc,heap       ] GC(810) Humongous regions: 147->147
[2026-06-18T01:05:49.750+0000][13066.518s][info][gc,metaspace  ] GC(810) Metaspace: 52708K(55552K)->52708K(55552K) NonClass: 46778K(48384K)->46778K(48384K) Class: 5929K(7168K)->5929K(7168K)
[2026-06-18T01:05:49.750+0000][13066.518s][info][gc            ] GC(810) Pause Young (Prepare Mixed) (G1 Evacuation Pause) 442M->201M(512M) 2.850ms
[2026-06-18T01:05:49.750+0000][13066.518s][info][gc,cpu        ] GC(810) User=0.02s Sys=0.00s Real=0.00s
[2026-06-18T01:05:49.878+0000][13066.646s][info][gc,start      ] GC(811) Pause Young (Mixed) (G1 Evacuation Pause)
[2026-06-18T01:05:49.878+0000][13066.646s][info][gc,task       ] GC(811) Using 13 workers of 13 for evacuation
[2026-06-18T01:05:49.881+0000][13066.649s][info][gc,phases     ] GC(811)   Pre Evacuate Collection Set: 0.0ms
[2026-06-18T01:05:49.881+0000][13066.649s][info][gc,phases     ] GC(811)   Evacuate Collection Set: 2.5ms
[2026-06-18T01:05:49.881+0000][13066.649s][info][gc,phases     ] GC(811)   Post Evacuate Collection Set: 0.3ms
[2026-06-18T01:05:49.881+0000][13066.649s][info][gc,phases     ] GC(811)   Other: 0.3ms
[2026-06-18T01:05:49.881+0000][13066.649s][info][gc,heap       ] GC(811) Eden regions: 20->0(245)
[2026-06-18T01:05:49.881+0000][13066.649s][info][gc,heap       ] GC(811) Survivor regions: 5->2(4)
[2026-06-18T01:05:49.881+0000][13066.649s][info][gc,heap       ] GC(811) Old regions: 50->49
[2026-06-18T01:05:49.881+0000][13066.650s][info][gc,heap       ] GC(811) Humongous regions: 147->147
[2026-06-18T01:05:49.881+0000][13066.650s][info][gc,metaspace  ] GC(811) Metaspace: 52708K(55552K)->52708K(55552K) NonClass: 46778K(48384K)->46778K(48384K) Class: 5929K(7168K)->5929K(7168K)
[2026-06-18T01:05:49.881+0000][13066.650s][info][gc            ] GC(811) Pause Young (Mixed) (G1 Evacuation Pause) 221M->197M(512M) 3.784ms
[2026-06-18T01:05:49.881+0000][13066.650s][info][gc,cpu        ] GC(811) User=0.02s Sys=0.00s Real=0.00s
[2026-06-18T01:05:51.267+0000][13068.035s][info][gc,start      ] GC(812) Pause Young (Normal) (G1 Evacuation Pause)
[2026-06-18T01:05:51.267+0000][13068.035s][info][gc,task       ] GC(812) Using 13 workers of 13 for evacuation
[2026-06-18T01:05:51.270+0000][13068.038s][info][gc,phases     ] GC(812)   Pre Evacuate Collection Set: 0.0ms
[2026-06-18T01:05:51.270+0000][13068.038s][info][gc,phases     ] GC(812)   Evacuate Collection Set: 2.1ms
[2026-06-18T01:05:51.270+0000][13068.038s][info][gc,phases     ] GC(812)   Post Evacuate Collection Set: 0.4ms
[2026-06-18T01:05:51.270+0000][13068.038s][info][gc,phases     ] GC(812)   Other: 0.4ms
[2026-06-18T01:05:51.270+0000][13068.039s][info][gc,heap       ] GC(812) Eden regions: 245->0(239)
[2026-06-18T01:05:51.270+0000][13068.039s][info][gc,heap       ] GC(812) Survivor regions: 2->8(31)
[2026-06-18T01:05:51.270+0000][13068.039s][info][gc,heap       ] GC(812) Old regions: 49->49
[2026-06-18T01:05:51.270+0000][13068.039s][info][gc,heap       ] GC(812) Humongous regions: 147->147
[2026-06-18T01:05:51.270+0000][13068.039s][info][gc,metaspace  ] GC(812) Metaspace: 52708K(55552K)->52708K(55552K) NonClass: 46778K(48384K)->46778K(48384K) Class: 5929K(7168K)->5929K(7168K)
[2026-06-18T01:05:51.270+0000][13068.039s][info][gc            ] GC(812) Pause Young (Normal) (G1 Evacuation Pause) 442M->203M(512M) 3.631ms
[2026-06-18T01:05:51.271+0000][13068.039s][info][gc,cpu        ] GC(812) User=0.03s Sys=0.00s Real=0.00s
[2026-06-18T01:05:52.499+0000][13069.267s][info][gc,start      ] GC(813) Pause Young (Normal) (G1 Evacuation Pause)
[2026-06-18T01:05:52.499+0000][13069.267s][info][gc,task       ] GC(813) Using 13 workers of 13 for evacuation
[2026-06-18T01:05:52.501+0000][13069.269s][info][gc,phases     ] GC(813)   Pre Evacuate Collection Set: 0.0ms
[2026-06-18T01:05:52.501+0000][13069.269s][info][gc,phases     ] GC(813)   Evacuate Collection Set: 1.3ms
[2026-06-18T01:05:52.501+0000][13069.269s][info][gc,phases     ] GC(813)   Post Evacuate Collection Set: 0.3ms
[2026-06-18T01:05:52.501+0000][13069.269s][info][gc,phases     ] GC(813)   Other: 0.3ms
[2026-06-18T01:05:52.501+0000][13069.269s][info][gc,heap       ] GC(813) Eden regions: 239->0(242)
[2026-06-18T01:05:52.501+0000][13069.269s][info][gc,heap       ] GC(813) Survivor regions: 8->5(31)
[2026-06-18T01:05:52.501+0000][13069.269s][info][gc,heap       ] GC(813) Old regions: 49->49
[2026-06-18T01:05:52.501+0000][13069.270s][info][gc,heap       ] GC(813) Humongous regions: 147->147
[2026-06-18T01:05:52.501+0000][13069.270s][info][gc,metaspace  ] GC(813) Metaspace: 52708K(55552K)->52708K(55552K) NonClass: 46778K(48384K)->46778K(48384K) Class: 5929K(7168K)->5929K(7168K)
[2026-06-18T01:05:52.501+0000][13069.270s][info][gc            ] GC(813) Pause Young (Normal) (G1 Evacuation Pause) 442M->200M(512M) 2.544ms
[2026-06-18T01:05:52.501+0000][13069.270s][info][gc,cpu        ] GC(813) User=0.01s Sys=0.00s Real=0.00s
[2026-06-18T01:06:41.077+0000][13117.845s][info][gc,start      ] GC(814) Pause Young (Concurrent Start) (G1 Evacuation Pause)
[2026-06-18T01:06:41.078+0000][13117.845s][info][gc,task       ] GC(814) Using 13 workers of 13 for evacuation
[2026-06-18T01:06:41.081+0000][13117.849s][info][gc,phases     ] GC(814)   Pre Evacuate Collection Set: 0.3ms
[2026-06-18T01:06:41.081+0000][13117.849s][info][gc,phases     ] GC(814)   Evacuate Collection Set: 2.6ms
[2026-06-18T01:06:41.081+0000][13117.849s][info][gc,phases     ] GC(814)   Post Evacuate Collection Set: 0.4ms
[2026-06-18T01:06:41.081+0000][13117.849s][info][gc,phases     ] GC(814)   Other: 0.4ms
[2026-06-18T01:06:41.081+0000][13117.849s][info][gc,heap       ] GC(814) Eden regions: 242->0(238)
[2026-06-18T01:06:41.081+0000][13117.849s][info][gc,heap       ] GC(814) Survivor regions: 5->9(31)
[2026-06-18T01:06:41.081+0000][13117.849s][info][gc,heap       ] GC(814) Old regions: 49->49
[2026-06-18T01:06:41.081+0000][13117.849s][info][gc,heap       ] GC(814) Humongous regions: 147->147
[2026-06-18T01:06:41.081+0000][13117.849s][info][gc,metaspace  ] GC(814) Metaspace: 52708K(55552K)->52708K(55552K) NonClass: 46778K(48384K)->46778K(48384K) Class: 5929K(7168K)->5929K(7168K)
[2026-06-18T01:06:41.081+0000][13117.849s][info][gc            ] GC(814) Pause Young (Concurrent Start) (G1 Evacuation Pause) 442M->204M(512M) 3.967ms
[2026-06-18T01:06:41.081+0000][13117.849s][info][gc,cpu        ] GC(814) User=0.03s Sys=0.01s Real=0.00s
[2026-06-18T01:06:41.081+0000][13117.849s][info][gc            ] GC(815) Concurrent Cycle
[2026-06-18T01:06:41.081+0000][13117.849s][info][gc,marking    ] GC(815) Concurrent Clear Claimed Marks
[2026-06-18T01:06:41.082+0000][13117.850s][info][gc,marking    ] GC(815) Concurrent Clear Claimed Marks 0.282ms
[2026-06-18T01:06:41.082+0000][13117.850s][info][gc,marking    ] GC(815) Concurrent Scan Root Regions
[2026-06-18T01:06:41.083+0000][13117.851s][info][gc,marking    ] GC(815) Concurrent Scan Root Regions 1.346ms
[2026-06-18T01:06:41.083+0000][13117.851s][info][gc,marking    ] GC(815) Concurrent Mark (13117.851s)
[2026-06-18T01:06:41.083+0000][13117.851s][info][gc,marking    ] GC(815) Concurrent Mark From Roots
[2026-06-18T01:06:41.083+0000][13117.851s][info][gc,task       ] GC(815) Using 3 workers of 3 for marking
[2026-06-18T01:06:41.089+0000][13117.857s][info][gc,marking    ] GC(815) Concurrent Mark From Roots 5.493ms
[2026-06-18T01:06:41.089+0000][13117.857s][info][gc,marking    ] GC(815) Concurrent Preclean
[2026-06-18T01:06:41.089+0000][13117.857s][info][gc,marking    ] GC(815) Concurrent Preclean 0.188ms
[2026-06-18T01:06:41.089+0000][13117.857s][info][gc,marking    ] GC(815) Concurrent Mark (13117.851s, 13117.857s) 5.966ms
[2026-06-18T01:06:41.089+0000][13117.857s][info][gc,start      ] GC(815) Pause Remark
[2026-06-18T01:06:41.092+0000][13117.860s][info][gc,stringtable] GC(815) Cleaned string and symbol table, strings: 17363 processed, 0 removed, symbols: 125074 processed, 0 removed
[2026-06-18T01:06:41.092+0000][13117.860s][info][gc            ] GC(815) Pause Remark 208M->208M(512M) 2.532ms
[2026-06-18T01:06:41.092+0000][13117.860s][info][gc,cpu        ] GC(815) User=0.03s Sys=0.00s Real=0.00s
[2026-06-18T01:06:41.092+0000][13117.860s][info][gc,marking    ] GC(815) Concurrent Rebuild Remembered Sets
[2026-06-18T01:06:41.097+0000][13117.864s][info][gc,marking    ] GC(815) Concurrent Rebuild Remembered Sets 4.588ms
[2026-06-18T01:06:41.097+0000][13117.865s][info][gc,start      ] GC(815) Pause Cleanup
[2026-06-18T01:06:41.097+0000][13117.865s][info][gc            ] GC(815) Pause Cleanup 209M->209M(512M) 0.151ms
[2026-06-18T01:06:41.097+0000][13117.865s][info][gc,cpu        ] GC(815) User=0.00s Sys=0.00s Real=0.00s
[2026-06-18T01:06:41.097+0000][13117.865s][info][gc,marking    ] GC(815) Concurrent Cleanup for Next Mark
[2026-06-18T01:06:41.097+0000][13117.865s][info][gc,marking    ] GC(815) Concurrent Cleanup for Next Mark 0.114ms
[2026-06-18T01:06:41.097+0000][13117.865s][info][gc            ] GC(815) Concurrent Cycle 15.819ms
[2026-06-18T01:06:42.634+0000][13119.402s][info][gc,start      ] GC(816) Pause Young (Prepare Mixed) (G1 Evacuation Pause)
[2026-06-18T01:06:42.634+0000][13119.402s][info][gc,task       ] GC(816) Using 13 workers of 13 for evacuation
[2026-06-18T01:06:42.637+0000][13119.405s][info][gc,phases     ] GC(816)   Pre Evacuate Collection Set: 0.0ms
[2026-06-18T01:06:42.637+0000][13119.405s][info][gc,phases     ] GC(816)   Evacuate Collection Set: 2.1ms
[2026-06-18T01:06:42.637+0000][13119.405s][info][gc,phases     ] GC(816)   Post Evacuate Collection Set: 0.3ms
[2026-06-18T01:06:42.637+0000][13119.405s][info][gc,phases     ] GC(816)   Other: 0.3ms
[2026-06-18T01:06:42.637+0000][13119.405s][info][gc,heap       ] GC(816) Eden regions: 238->0(20)
[2026-06-18T01:06:42.637+0000][13119.405s][info][gc,heap       ] GC(816) Survivor regions: 9->5(31)
[2026-06-18T01:06:42.637+0000][13119.405s][info][gc,heap       ] GC(816) Old regions: 49->49
[2026-06-18T01:06:42.638+0000][13119.405s][info][gc,heap       ] GC(816) Humongous regions: 147->147
[2026-06-18T01:06:42.638+0000][13119.405s][info][gc,metaspace  ] GC(816) Metaspace: 52708K(55552K)->52708K(55552K) NonClass: 46778K(48384K)->46778K(48384K) Class: 5929K(7168K)->5929K(7168K)
[2026-06-18T01:06:42.638+0000][13119.406s][info][gc            ] GC(816) Pause Young (Prepare Mixed) (G1 Evacuation Pause) 442M->200M(512M) 3.295ms
[2026-06-18T01:06:42.638+0000][13119.406s][info][gc,cpu        ] GC(816) User=0.03s Sys=0.00s Real=0.01s
[2026-06-18T01:06:42.751+0000][13119.519s][info][gc,start      ] GC(817) Pause Young (Mixed) (G1 Evacuation Pause)
[2026-06-18T01:06:42.751+0000][13119.519s][info][gc,task       ] GC(817) Using 13 workers of 13 for evacuation
[2026-06-18T01:06:42.756+0000][13119.523s][info][gc,phases     ] GC(817)   Pre Evacuate Collection Set: 0.0ms
[2026-06-18T01:06:42.756+0000][13119.524s][info][gc,phases     ] GC(817)   Evacuate Collection Set: 3.6ms
[2026-06-18T01:06:42.756+0000][13119.524s][info][gc,phases     ] GC(817)   Post Evacuate Collection Set: 0.3ms
[2026-06-18T01:06:42.756+0000][13119.524s][info][gc,phases     ] GC(817)   Other: 0.3ms
[2026-06-18T01:06:42.756+0000][13119.524s][info][gc,heap       ] GC(817) Eden regions: 20->0(245)
[2026-06-18T01:06:42.756+0000][13119.524s][info][gc,heap       ] GC(817) Survivor regions: 5->2(4)
[2026-06-18T01:06:42.756+0000][13119.524s][info][gc,heap       ] GC(817) Old regions: 49->49
[2026-06-18T01:06:42.756+0000][13119.524s][info][gc,heap       ] GC(817) Humongous regions: 147->147
[2026-06-18T01:06:42.756+0000][13119.524s][info][gc,metaspace  ] GC(817) Metaspace: 52708K(55552K)->52708K(55552K) NonClass: 46778K(48384K)->46778K(48384K) Class: 5929K(7168K)->5929K(7168K)
[2026-06-18T01:06:42.756+0000][13119.524s][info][gc            ] GC(817) Pause Young (Mixed) (G1 Evacuation Pause) 220M->197M(512M) 4.894ms
[2026-06-18T01:06:42.756+0000][13119.524s][info][gc,cpu        ] GC(817) User=0.04s Sys=0.00s Real=0.01s
[2026-06-18T01:06:44.050+0000][13120.818s][info][gc,start      ] GC(818) Pause Young (Normal) (G1 Evacuation Pause)
[2026-06-18T01:06:44.050+0000][13120.818s][info][gc,task       ] GC(818) Using 13 workers of 13 for evacuation
[2026-06-18T01:06:44.059+0000][13120.826s][info][gc,phases     ] GC(818)   Pre Evacuate Collection Set: 0.0ms
[2026-06-18T01:06:44.059+0000][13120.827s][info][gc,phases     ] GC(818)   Evacuate Collection Set: 7.6ms
[2026-06-18T01:06:44.059+0000][13120.827s][info][gc,phases     ] GC(818)   Post Evacuate Collection Set: 0.3ms
[2026-06-18T01:06:44.059+0000][13120.827s][info][gc,phases     ] GC(818)   Other: 0.4ms
[2026-06-18T01:06:44.059+0000][13120.827s][info][gc,heap       ] GC(818) Eden regions: 245->0(241)
[2026-06-18T01:06:44.059+0000][13120.827s][info][gc,heap       ] GC(818) Survivor regions: 2->7(31)
[2026-06-18T01:06:44.059+0000][13120.827s][info][gc,heap       ] GC(818) Old regions: 49->49
[2026-06-18T01:06:44.059+0000][13120.827s][info][gc,heap       ] GC(818) Humongous regions: 147->147
[2026-06-18T01:06:44.059+0000][13120.827s][info][gc,metaspace  ] GC(818) Metaspace: 52708K(55552K)->52708K(55552K) NonClass: 46778K(48384K)->46778K(48384K) Class: 5929K(7168K)->5929K(7168K)
[2026-06-18T01:06:44.059+0000][13120.827s][info][gc            ] GC(818) Pause Young (Normal) (G1 Evacuation Pause) 442M->202M(512M) 8.938ms
[2026-06-18T01:06:44.059+0000][13120.827s][info][gc,cpu        ] GC(818) User=0.08s Sys=0.00s Real=0.01s
[2026-06-18T01:06:45.253+0000][13122.021s][info][gc,start      ] GC(819) Pause Young (Normal) (G1 Evacuation Pause)
[2026-06-18T01:06:45.253+0000][13122.021s][info][gc,task       ] GC(819) Using 13 workers of 13 for evacuation
[2026-06-18T01:06:45.255+0000][13122.023s][info][gc,phases     ] GC(819)   Pre Evacuate Collection Set: 0.0ms
[2026-06-18T01:06:45.255+0000][13122.023s][info][gc,phases     ] GC(819)   Evacuate Collection Set: 1.3ms
[2026-06-18T01:06:45.255+0000][13122.023s][info][gc,phases     ] GC(819)   Post Evacuate Collection Set: 0.3ms
[2026-06-18T01:06:45.255+0000][13122.023s][info][gc,phases     ] GC(819)   Other: 0.3ms
[2026-06-18T01:06:45.256+0000][13122.023s][info][gc,heap       ] GC(819) Eden regions: 241->0(243)
[2026-06-18T01:06:45.256+0000][13122.024s][info][gc,heap       ] GC(819) Survivor regions: 7->5(31)
[2026-06-18T01:06:45.256+0000][13122.024s][info][gc,heap       ] GC(819) Old regions: 49->49
[2026-06-18T01:06:45.256+0000][13122.024s][info][gc,heap       ] GC(819) Humongous regions: 147->147
[2026-06-18T01:06:45.256+0000][13122.024s][info][gc,metaspace  ] GC(819) Metaspace: 52708K(55552K)->52708K(55552K) NonClass: 46778K(48384K)->46778K(48384K) Class: 5929K(7168K)->5929K(7168K)
[2026-06-18T01:06:45.256+0000][13122.024s][info][gc            ] GC(819) Pause Young (Normal) (G1 Evacuation Pause) 443M->200M(512M) 2.613ms
[2026-06-18T01:06:45.256+0000][13122.024s][info][gc,cpu        ] GC(819) User=0.02s Sys=0.00s Real=0.01s
[2026-06-18T01:07:34.029+0000][13170.796s][info][gc,start      ] GC(820) Pause Young (Concurrent Start) (G1 Evacuation Pause)
[2026-06-18T01:07:34.029+0000][13170.796s][info][gc,task       ] GC(820) Using 13 workers of 13 for evacuation
[2026-06-18T01:07:34.035+0000][13170.802s][info][gc,phases     ] GC(820)   Pre Evacuate Collection Set: 0.3ms
[2026-06-18T01:07:34.035+0000][13170.802s][info][gc,phases     ] GC(820)   Evacuate Collection Set: 5.1ms
[2026-06-18T01:07:34.035+0000][13170.802s][info][gc,phases     ] GC(820)   Post Evacuate Collection Set: 0.4ms
[2026-06-18T01:07:34.035+0000][13170.802s][info][gc,phases     ] GC(820)   Other: 0.4ms
[2026-06-18T01:07:34.035+0000][13170.802s][info][gc,heap       ] GC(820) Eden regions: 243->0(241)
[2026-06-18T01:07:34.035+0000][13170.803s][info][gc,heap       ] GC(820) Survivor regions: 5->8(31)
[2026-06-18T01:07:34.035+0000][13170.803s][info][gc,heap       ] GC(820) Old regions: 49->49
[2026-06-18T01:07:34.035+0000][13170.803s][info][gc,heap       ] GC(820) Humongous regions: 147->147
[2026-06-18T01:07:34.035+0000][13170.803s][info][gc,metaspace  ] GC(820) Metaspace: 52708K(55552K)->52708K(55552K) NonClass: 46778K(48384K)->46778K(48384K) Class: 5929K(7168K)->5929K(7168K)
[2026-06-18T01:07:34.035+0000][13170.803s][info][gc            ] GC(820) Pause Young (Concurrent Start) (G1 Evacuation Pause) 443M->203M(512M) 6.668ms
[2026-06-18T01:07:34.035+0000][13170.803s][info][gc,cpu        ] GC(820) User=0.05s Sys=0.00s Real=0.01s
[2026-06-18T01:07:34.036+0000][13170.803s][info][gc            ] GC(821) Concurrent Cycle
[2026-06-18T01:07:34.036+0000][13170.803s][info][gc,marking    ] GC(821) Concurrent Clear Claimed Marks
[2026-06-18T01:07:34.036+0000][13170.803s][info][gc,marking    ] GC(821) Concurrent Clear Claimed Marks 0.197ms
[2026-06-18T01:07:34.036+0000][13170.803s][info][gc,marking    ] GC(821) Concurrent Scan Root Regions
[2026-06-18T01:07:34.037+0000][13170.805s][info][gc,marking    ] GC(821) Concurrent Scan Root Regions 1.364ms
[2026-06-18T01:07:34.037+0000][13170.805s][info][gc,marking    ] GC(821) Concurrent Mark (13170.805s)
[2026-06-18T01:07:34.037+0000][13170.805s][info][gc,marking    ] GC(821) Concurrent Mark From Roots
[2026-06-18T01:07:34.037+0000][13170.805s][info][gc,task       ] GC(821) Using 3 workers of 3 for marking
[2026-06-18T01:07:34.043+0000][13170.811s][info][gc,marking    ] GC(821) Concurrent Mark From Roots 5.910ms
[2026-06-18T01:07:34.043+0000][13170.811s][info][gc,marking    ] GC(821) Concurrent Preclean
[2026-06-18T01:07:34.044+0000][13170.811s][info][gc,marking    ] GC(821) Concurrent Preclean 0.236ms
[2026-06-18T01:07:34.044+0000][13170.811s][info][gc,marking    ] GC(821) Concurrent Mark (13170.805s, 13170.811s) 6.458ms
[2026-06-18T01:07:34.044+0000][13170.811s][info][gc,start      ] GC(821) Pause Remark
[2026-06-18T01:07:34.047+0000][13170.814s][info][gc,stringtable] GC(821) Cleaned string and symbol table, strings: 17365 processed, 0 removed, symbols: 125074 processed, 0 removed
[2026-06-18T01:07:34.047+0000][13170.815s][info][gc            ] GC(821) Pause Remark 207M->207M(512M) 3.109ms
[2026-06-18T01:07:34.047+0000][13170.815s][info][gc,cpu        ] GC(821) User=0.02s Sys=0.00s Real=0.01s
[2026-06-18T01:07:34.047+0000][13170.815s][info][gc,marking    ] GC(821) Concurrent Rebuild Remembered Sets
[2026-06-18T01:07:34.052+0000][13170.819s][info][gc,marking    ] GC(821) Concurrent Rebuild Remembered Sets 4.410ms
[2026-06-18T01:07:34.052+0000][13170.819s][info][gc,start      ] GC(821) Pause Cleanup
[2026-06-18T01:07:34.052+0000][13170.820s][info][gc            ] GC(821) Pause Cleanup 208M->208M(512M) 0.264ms
[2026-06-18T01:07:34.052+0000][13170.820s][info][gc,cpu        ] GC(821) User=0.00s Sys=0.00s Real=0.00s
[2026-06-18T01:07:34.053+0000][13170.820s][info][gc,marking    ] GC(821) Concurrent Cleanup for Next Mark
[2026-06-18T01:07:34.053+0000][13170.820s][info][gc,marking    ] GC(821) Concurrent Cleanup for Next Mark 0.153ms
[2026-06-18T01:07:34.053+0000][13170.820s][info][gc            ] GC(821) Concurrent Cycle 17.214ms
[2026-06-18T01:07:35.531+0000][13172.298s][info][gc,start      ] GC(822) Pause Young (Prepare Mixed) (G1 Evacuation Pause)
[2026-06-18T01:07:35.531+0000][13172.299s][info][gc,task       ] GC(822) Using 13 workers of 13 for evacuation
[2026-06-18T01:07:35.534+0000][13172.302s][info][gc,phases     ] GC(822)   Pre Evacuate Collection Set: 0.0ms
[2026-06-18T01:07:35.535+0000][13172.302s][info][gc,phases     ] GC(822)   Evacuate Collection Set: 2.7ms
[2026-06-18T01:07:35.535+0000][13172.302s][info][gc,phases     ] GC(822)   Post Evacuate Collection Set: 0.4ms
[2026-06-18T01:07:35.535+0000][13172.302s][info][gc,phases     ] GC(822)   Other: 0.5ms
[2026-06-18T01:07:35.535+0000][13172.302s][info][gc,heap       ] GC(822) Eden regions: 241->0(21)
[2026-06-18T01:07:35.535+0000][13172.302s][info][gc,heap       ] GC(822) Survivor regions: 8->4(32)
[2026-06-18T01:07:35.535+0000][13172.302s][info][gc,heap       ] GC(822) Old regions: 49->49
[2026-06-18T01:07:35.535+0000][13172.302s][info][gc,heap       ] GC(822) Humongous regions: 147->147
[2026-06-18T01:07:35.535+0000][13172.303s][info][gc,metaspace  ] GC(822) Metaspace: 52708K(55552K)->52708K(55552K) NonClass: 46778K(48384K)->46778K(48384K) Class: 5929K(7168K)->5929K(7168K)
[2026-06-18T01:07:35.535+0000][13172.303s][info][gc            ] GC(822) Pause Young (Prepare Mixed) (G1 Evacuation Pause) 444M->199M(512M) 4.279ms
[2026-06-18T01:07:35.535+0000][13172.303s][info][gc,cpu        ] GC(822) User=0.02s Sys=0.00s Real=0.01s
[2026-06-18T01:07:35.656+0000][13172.424s][info][gc,start      ] GC(823) Pause Young (Mixed) (G1 Evacuation Pause)
[2026-06-18T01:07:35.656+0000][13172.424s][info][gc,task       ] GC(823) Using 13 workers of 13 for evacuation
[2026-06-18T01:07:35.659+0000][13172.426s][info][gc,phases     ] GC(823)   Pre Evacuate Collection Set: 0.0ms
[2026-06-18T01:07:35.659+0000][13172.426s][info][gc,phases     ] GC(823)   Evacuate Collection Set: 1.5ms
[2026-06-18T01:07:35.659+0000][13172.426s][info][gc,phases     ] GC(823)   Post Evacuate Collection Set: 0.4ms
[2026-06-18T01:07:35.659+0000][13172.426s][info][gc,phases     ] GC(823)   Other: 0.4ms
[2026-06-18T01:07:35.659+0000][13172.426s][info][gc,heap       ] GC(823) Eden regions: 21->0(246)
[2026-06-18T01:07:35.659+0000][13172.426s][info][gc,heap       ] GC(823) Survivor regions: 4->4(4)
[2026-06-18T01:07:35.659+0000][13172.426s][info][gc,heap       ] GC(823) Old regions: 49->47
[2026-06-18T01:07:35.659+0000][13172.426s][info][gc,heap       ] GC(823) Humongous regions: 147->147
[2026-06-18T01:07:35.659+0000][13172.427s][info][gc,metaspace  ] GC(823) Metaspace: 52708K(55552K)->52708K(55552K) NonClass: 46778K(48384K)->46778K(48384K) Class: 5929K(7168K)->5929K(7168K)
[2026-06-18T01:07:35.659+0000][13172.427s][info][gc            ] GC(823) Pause Young (Mixed) (G1 Evacuation Pause) 220M->196M(512M) 2.959ms
[2026-06-18T01:07:35.659+0000][13172.427s][info][gc,cpu        ] GC(823) User=0.02s Sys=0.00s Real=0.00s
[2026-06-18T01:07:36.971+0000][13173.738s][info][gc,start      ] GC(824) Pause Young (Normal) (G1 Evacuation Pause)
[2026-06-18T01:07:36.971+0000][13173.738s][info][gc,task       ] GC(824) Using 13 workers of 13 for evacuation
[2026-06-18T01:07:36.974+0000][13173.741s][info][gc,phases     ] GC(824)   Pre Evacuate Collection Set: 0.0ms
[2026-06-18T01:07:36.974+0000][13173.741s][info][gc,phases     ] GC(824)   Evacuate Collection Set: 2.2ms
[2026-06-18T01:07:36.974+0000][13173.741s][info][gc,phases     ] GC(824)   Post Evacuate Collection Set: 0.4ms
[2026-06-18T01:07:36.974+0000][13173.741s][info][gc,phases     ] GC(824)   Other: 0.4ms
[2026-06-18T01:07:36.974+0000][13173.741s][info][gc,heap       ] GC(824) Eden regions: 246->0(244)
[2026-06-18T01:07:36.974+0000][13173.741s][info][gc,heap       ] GC(824) Survivor regions: 4->7(32)
[2026-06-18T01:07:36.974+0000][13173.742s][info][gc,heap       ] GC(824) Old regions: 47->47
[2026-06-18T01:07:36.974+0000][13173.742s][info][gc,heap       ] GC(824) Humongous regions: 147->147
[2026-06-18T01:07:36.974+0000][13173.742s][info][gc,metaspace  ] GC(824) Metaspace: 52708K(55552K)->52708K(55552K) NonClass: 46778K(48384K)->46778K(48384K) Class: 5929K(7168K)->5929K(7168K)
[2026-06-18T01:07:36.974+0000][13173.742s][info][gc            ] GC(824) Pause Young (Normal) (G1 Evacuation Pause) 442M->199M(512M) 3.491ms
[2026-06-18T01:07:36.974+0000][13173.742s][info][gc,cpu        ] GC(824) User=0.03s Sys=0.00s Real=0.00s
[2026-06-18T01:08:25.536+0000][13222.303s][info][gc,start      ] GC(825) Pause Young (Normal) (G1 Evacuation Pause)
[2026-06-18T01:08:25.536+0000][13222.303s][info][gc,task       ] GC(825) Using 13 workers of 13 for evacuation
[2026-06-18T01:08:25.538+0000][13222.305s][info][gc,phases     ] GC(825)   Pre Evacuate Collection Set: 0.0ms
[2026-06-18T01:08:25.538+0000][13222.306s][info][gc,phases     ] GC(825)   Evacuate Collection Set: 1.9ms
[2026-06-18T01:08:25.539+0000][13222.306s][info][gc,phases     ] GC(825)   Post Evacuate Collection Set: 0.4ms
[2026-06-18T01:08:25.539+0000][13222.306s][info][gc,phases     ] GC(825)   Other: 0.4ms
[2026-06-18T01:08:25.539+0000][13222.306s][info][gc,heap       ] GC(825) Eden regions: 244->0(241)
[2026-06-18T01:08:25.539+0000][13222.306s][info][gc,heap       ] GC(825) Survivor regions: 7->9(32)
[2026-06-18T01:08:25.539+0000][13222.306s][info][gc,heap       ] GC(825) Old regions: 47->47
[2026-06-18T01:08:25.539+0000][13222.306s][info][gc,heap       ] GC(825) Humongous regions: 147->147
[2026-06-18T01:08:25.539+0000][13222.306s][info][gc,metaspace  ] GC(825) Metaspace: 52708K(55552K)->52708K(55552K) NonClass: 46778K(48384K)->46778K(48384K) Class: 5929K(7168K)->5929K(7168K)
[2026-06-18T01:08:25.539+0000][13222.306s][info][gc            ] GC(825) Pause Young (Normal) (G1 Evacuation Pause) 443M->202M(512M) 3.256ms
[2026-06-18T01:08:25.539+0000][13222.306s][info][gc,cpu        ] GC(825) User=0.02s Sys=0.00s Real=0.00s
[2026-06-18T01:08:27.296+0000][13224.064s][info][gc,start      ] GC(826) Pause Young (Concurrent Start) (G1 Evacuation Pause)
[2026-06-18T01:08:27.297+0000][13224.064s][info][gc,task       ] GC(826) Using 13 workers of 13 for evacuation
[2026-06-18T01:08:27.304+0000][13224.071s][info][gc,phases     ] GC(826)   Pre Evacuate Collection Set: 0.3ms
[2026-06-18T01:08:27.305+0000][13224.072s][info][gc,phases     ] GC(826)   Evacuate Collection Set: 6.7ms
[2026-06-18T01:08:27.305+0000][13224.072s][info][gc,phases     ] GC(826)   Post Evacuate Collection Set: 0.6ms
[2026-06-18T01:08:27.305+0000][13224.072s][info][gc,phases     ] GC(826)   Other: 0.4ms
[2026-06-18T01:08:27.305+0000][13224.072s][info][gc,heap       ] GC(826) Eden regions: 241->0(244)
[2026-06-18T01:08:27.305+0000][13224.072s][info][gc,heap       ] GC(826) Survivor regions: 9->6(32)
[2026-06-18T01:08:27.305+0000][13224.073s][info][gc,heap       ] GC(826) Old regions: 47->47
[2026-06-18T01:08:27.306+0000][13224.073s][info][gc,heap       ] GC(826) Humongous regions: 147->147
[2026-06-18T01:08:27.306+0000][13224.073s][info][gc,metaspace  ] GC(826) Metaspace: 52708K(55552K)->52708K(55552K) NonClass: 46778K(48384K)->46778K(48384K) Class: 5929K(7168K)->5929K(7168K)
[2026-06-18T01:08:27.306+0000][13224.073s][info][gc            ] GC(826) Pause Young (Concurrent Start) (G1 Evacuation Pause) 443M->198M(512M) 9.456ms
[2026-06-18T01:08:27.306+0000][13224.073s][info][gc,cpu        ] GC(826) User=0.06s Sys=0.00s Real=0.01s
[2026-06-18T01:08:27.306+0000][13224.073s][info][gc            ] GC(827) Concurrent Cycle
[2026-06-18T01:08:27.306+0000][13224.073s][info][gc,marking    ] GC(827) Concurrent Clear Claimed Marks
[2026-06-18T01:08:27.307+0000][13224.074s][info][gc,marking    ] GC(827) Concurrent Clear Claimed Marks 0.344ms
[2026-06-18T01:08:27.307+0000][13224.074s][info][gc,marking    ] GC(827) Concurrent Scan Root Regions
[2026-06-18T01:08:27.309+0000][13224.076s][info][gc,marking    ] GC(827) Concurrent Scan Root Regions 1.989ms
[2026-06-18T01:08:27.309+0000][13224.076s][info][gc,marking    ] GC(827) Concurrent Mark (13224.076s)
[2026-06-18T01:08:27.309+0000][13224.076s][info][gc,marking    ] GC(827) Concurrent Mark From Roots
[2026-06-18T01:08:27.309+0000][13224.076s][info][gc,task       ] GC(827) Using 3 workers of 3 for marking
[2026-06-18T01:08:27.315+0000][13224.082s][info][gc,marking    ] GC(827) Concurrent Mark From Roots 6.358ms
[2026-06-18T01:08:27.315+0000][13224.083s][info][gc,marking    ] GC(827) Concurrent Preclean
[2026-06-18T01:08:27.316+0000][13224.083s][info][gc,marking    ] GC(827) Concurrent Preclean 0.239ms
[2026-06-18T01:08:27.316+0000][13224.083s][info][gc,marking    ] GC(827) Concurrent Mark (13224.076s, 13224.083s) 7.059ms
[2026-06-18T01:08:27.316+0000][13224.083s][info][gc,start      ] GC(827) Pause Remark
[2026-06-18T01:08:27.322+0000][13224.089s][info][gc,stringtable] GC(827) Cleaned string and symbol table, strings: 17365 processed, 0 removed, symbols: 125074 processed, 0 removed
[2026-06-18T01:08:27.322+0000][13224.089s][info][gc            ] GC(827) Pause Remark 203M->203M(512M) 6.005ms
[2026-06-18T01:08:27.322+0000][13224.089s][info][gc,cpu        ] GC(827) User=0.06s Sys=0.00s Real=0.00s
[2026-06-18T01:08:27.322+0000][13224.089s][info][gc,marking    ] GC(827) Concurrent Rebuild Remembered Sets
[2026-06-18T01:08:27.327+0000][13224.094s][info][gc,marking    ] GC(827) Concurrent Rebuild Remembered Sets 4.500ms
[2026-06-18T01:08:27.327+0000][13224.094s][info][gc,start      ] GC(827) Pause Cleanup
[2026-06-18T01:08:27.327+0000][13224.094s][info][gc            ] GC(827) Pause Cleanup 203M->203M(512M) 0.234ms
[2026-06-18T01:08:27.327+0000][13224.095s][info][gc,cpu        ] GC(827) User=0.00s Sys=0.00s Real=0.00s
[2026-06-18T01:08:27.327+0000][13224.095s][info][gc,marking    ] GC(827) Concurrent Cleanup for Next Mark
[2026-06-18T01:08:27.328+0000][13224.095s][info][gc,marking    ] GC(827) Concurrent Cleanup for Next Mark 0.199ms
[2026-06-18T01:08:27.328+0000][13224.095s][info][gc            ] GC(827) Concurrent Cycle 21.702ms
[2026-06-18T01:08:28.615+0000][13225.382s][info][gc,start      ] GC(828) Pause Young (Prepare Mixed) (G1 Evacuation Pause)
[2026-06-18T01:08:28.615+0000][13225.382s][info][gc,task       ] GC(828) Using 13 workers of 13 for evacuation
[2026-06-18T01:08:28.618+0000][13225.385s][info][gc,phases     ] GC(828)   Pre Evacuate Collection Set: 0.0ms
[2026-06-18T01:08:28.618+0000][13225.385s][info][gc,phases     ] GC(828)   Evacuate Collection Set: 2.3ms
[2026-06-18T01:08:28.618+0000][13225.385s][info][gc,phases     ] GC(828)   Post Evacuate Collection Set: 0.4ms
[2026-06-18T01:08:28.618+0000][13225.385s][info][gc,phases     ] GC(828)   Other: 0.3ms
[2026-06-18T01:08:28.618+0000][13225.385s][info][gc,heap       ] GC(828) Eden regions: 244->0(16)
[2026-06-18T01:08:28.618+0000][13225.385s][info][gc,heap       ] GC(828) Survivor regions: 6->9(32)
[2026-06-18T01:08:28.618+0000][13225.385s][info][gc,heap       ] GC(828) Old regions: 47->47
[2026-06-18T01:08:28.618+0000][13225.385s][info][gc,heap       ] GC(828) Humongous regions: 147->147
[2026-06-18T01:08:28.618+0000][13225.385s][info][gc,metaspace  ] GC(828) Metaspace: 52708K(55552K)->52708K(55552K) NonClass: 46778K(48384K)->46778K(48384K) Class: 5929K(7168K)->5929K(7168K)
[2026-06-18T01:08:28.618+0000][13225.385s][info][gc            ] GC(828) Pause Young (Prepare Mixed) (G1 Evacuation Pause) 442M->202M(512M) 3.637ms
[2026-06-18T01:08:28.618+0000][13225.385s][info][gc,cpu        ] GC(828) User=0.03s Sys=0.00s Real=0.01s
[2026-06-18T01:08:28.691+0000][13225.458s][info][gc,start      ] GC(829) Pause Young (Mixed) (G1 Evacuation Pause)
[2026-06-18T01:08:28.691+0000][13225.458s][info][gc,task       ] GC(829) Using 13 workers of 13 for evacuation
[2026-06-18T01:08:28.695+0000][13225.462s][info][gc,phases     ] GC(829)   Pre Evacuate Collection Set: 0.0ms
[2026-06-18T01:08:28.695+0000][13225.462s][info][gc,phases     ] GC(829)   Evacuate Collection Set: 3.7ms
[2026-06-18T01:08:28.695+0000][13225.462s][info][gc,phases     ] GC(829)   Post Evacuate Collection Set: 0.3ms
[2026-06-18T01:08:28.695+0000][13225.462s][info][gc,phases     ] GC(829)   Other: 0.4ms
[2026-06-18T01:08:28.695+0000][13225.463s][info][gc,heap       ] GC(829) Eden regions: 16->0(242)
[2026-06-18T01:08:28.695+0000][13225.463s][info][gc,heap       ] GC(829) Survivor regions: 9->2(4)
[2026-06-18T01:08:28.695+0000][13225.463s][info][gc,heap       ] GC(829) Old regions: 47->53
[2026-06-18T01:08:28.696+0000][13225.463s][info][gc,heap       ] GC(829) Humongous regions: 147->147
[2026-06-18T01:08:28.696+0000][13225.463s][info][gc,metaspace  ] GC(829) Metaspace: 52708K(55552K)->52708K(55552K) NonClass: 46778K(48384K)->46778K(48384K) Class: 5929K(7168K)->5929K(7168K)
[2026-06-18T01:08:28.696+0000][13225.463s][info][gc            ] GC(829) Pause Young (Mixed) (G1 Evacuation Pause) 218M->201M(512M) 4.911ms
[2026-06-18T01:08:28.696+0000][13225.463s][info][gc,cpu        ] GC(829) User=0.03s Sys=0.00s Real=0.01s
[2026-06-18T01:09:04.210+0000][13260.976s][info][gc,start      ] GC(830) Pause Young (Normal) (G1 Evacuation Pause)
[2026-06-18T01:09:04.210+0000][13260.977s][info][gc,task       ] GC(830) Using 13 workers of 13 for evacuation
[2026-06-18T01:09:04.226+0000][13260.992s][info][gc,phases     ] GC(830)   Pre Evacuate Collection Set: 0.0ms
[2026-06-18T01:09:04.226+0000][13260.993s][info][gc,phases     ] GC(830)   Evacuate Collection Set: 15.0ms
[2026-06-18T01:09:04.226+0000][13260.993s][info][gc,phases     ] GC(830)   Post Evacuate Collection Set: 0.4ms
[2026-06-18T01:09:04.226+0000][13260.993s][info][gc,phases     ] GC(830)   Other: 0.6ms
[2026-06-18T01:09:04.226+0000][13260.993s][info][gc,heap       ] GC(830) Eden regions: 242->0(242)
[2026-06-18T01:09:04.226+0000][13260.993s][info][gc,heap       ] GC(830) Survivor regions: 2->4(31)
[2026-06-18T01:09:04.226+0000][13260.993s][info][gc,heap       ] GC(830) Old regions: 53->53
[2026-06-18T01:09:04.226+0000][13260.993s][info][gc,heap       ] GC(830) Humongous regions: 147->147
[2026-06-18T01:09:04.226+0000][13260.993s][info][gc,metaspace  ] GC(830) Metaspace: 52708K(55552K)->52708K(55552K) NonClass: 46778K(48384K)->46778K(48384K) Class: 5929K(7168K)->5929K(7168K)
[2026-06-18T01:09:04.226+0000][13260.993s][info][gc            ] GC(830) Pause Young (Normal) (G1 Evacuation Pause) 443M->203M(512M) 16.556ms
[2026-06-18T01:09:04.226+0000][13260.993s][info][gc,cpu        ] GC(830) User=0.08s Sys=0.01s Real=0.02s
[2026-06-18T01:09:18.648+0000][13275.415s][info][gc,start      ] GC(831) Pause Young (Normal) (G1 Evacuation Pause)
[2026-06-18T01:09:18.649+0000][13275.415s][info][gc,task       ] GC(831) Using 13 workers of 13 for evacuation
[2026-06-18T01:09:18.652+0000][13275.419s][info][gc,phases     ] GC(831)   Pre Evacuate Collection Set: 0.0ms
[2026-06-18T01:09:18.652+0000][13275.419s][info][gc,phases     ] GC(831)   Evacuate Collection Set: 2.8ms
[2026-06-18T01:09:18.652+0000][13275.419s][info][gc,phases     ] GC(831)   Post Evacuate Collection Set: 0.4ms
[2026-06-18T01:09:18.652+0000][13275.419s][info][gc,phases     ] GC(831)   Other: 0.3ms
[2026-06-18T01:09:18.652+0000][13275.419s][info][gc,heap       ] GC(831) Eden regions: 242->0(238)
[2026-06-18T01:09:18.652+0000][13275.419s][info][gc,heap       ] GC(831) Survivor regions: 4->7(31)
[2026-06-18T01:09:18.652+0000][13275.419s][info][gc,heap       ] GC(831) Old regions: 53->53
[2026-06-18T01:09:18.652+0000][13275.419s][info][gc,heap       ] GC(831) Humongous regions: 147->147
[2026-06-18T01:09:18.652+0000][13275.419s][info][gc,metaspace  ] GC(831) Metaspace: 52708K(55552K)->52708K(55552K) NonClass: 46778K(48384K)->46778K(48384K) Class: 5929K(7168K)->5929K(7168K)
[2026-06-18T01:09:18.652+0000][13275.419s][info][gc            ] GC(831) Pause Young (Normal) (G1 Evacuation Pause) 445M->206M(512M) 4.053ms
[2026-06-18T01:09:18.653+0000][13275.419s][info][gc,cpu        ] GC(831) User=0.03s Sys=0.00s Real=0.00s
[2026-06-18T01:09:19.922+0000][13276.688s][info][gc,start      ] GC(832) Pause Young (Concurrent Start) (G1 Evacuation Pause)
[2026-06-18T01:09:19.922+0000][13276.688s][info][gc,task       ] GC(832) Using 13 workers of 13 for evacuation
[2026-06-18T01:09:19.925+0000][13276.692s][info][gc,phases     ] GC(832)   Pre Evacuate Collection Set: 0.3ms
[2026-06-18T01:09:19.925+0000][13276.692s][info][gc,phases     ] GC(832)   Evacuate Collection Set: 2.4ms
[2026-06-18T01:09:19.925+0000][13276.692s][info][gc,phases     ] GC(832)   Post Evacuate Collection Set: 0.4ms
[2026-06-18T01:09:19.925+0000][13276.692s][info][gc,phases     ] GC(832)   Other: 0.4ms
[2026-06-18T01:09:19.925+0000][13276.692s][info][gc,heap       ] GC(832) Eden regions: 238->0(239)
[2026-06-18T01:09:19.925+0000][13276.692s][info][gc,heap       ] GC(832) Survivor regions: 7->6(31)
[2026-06-18T01:09:19.926+0000][13276.692s][info][gc,heap       ] GC(832) Old regions: 53->53
[2026-06-18T01:09:19.926+0000][13276.692s][info][gc,heap       ] GC(832) Humongous regions: 147->147
[2026-06-18T01:09:19.926+0000][13276.692s][info][gc,metaspace  ] GC(832) Metaspace: 52708K(55552K)->52708K(55552K) NonClass: 46778K(48384K)->46778K(48384K) Class: 5929K(7168K)->5929K(7168K)
[2026-06-18T01:09:19.926+0000][13276.692s][info][gc            ] GC(832) Pause Young (Concurrent Start) (G1 Evacuation Pause) 444M->205M(512M) 4.165ms
[2026-06-18T01:09:19.926+0000][13276.692s][info][gc,cpu        ] GC(832) User=0.02s Sys=0.00s Real=0.00s
[2026-06-18T01:09:19.926+0000][13276.693s][info][gc            ] GC(833) Concurrent Cycle
[2026-06-18T01:09:19.926+0000][13276.693s][info][gc,marking    ] GC(833) Concurrent Clear Claimed Marks
[2026-06-18T01:09:19.926+0000][13276.693s][info][gc,marking    ] GC(833) Concurrent Clear Claimed Marks 0.218ms
[2026-06-18T01:09:19.926+0000][13276.693s][info][gc,marking    ] GC(833) Concurrent Scan Root Regions
[2026-06-18T01:09:19.927+0000][13276.694s][info][gc,marking    ] GC(833) Concurrent Scan Root Regions 1.136ms
[2026-06-18T01:09:19.927+0000][13276.694s][info][gc,marking    ] GC(833) Concurrent Mark (13276.694s)
[2026-06-18T01:09:19.928+0000][13276.694s][info][gc,marking    ] GC(833) Concurrent Mark From Roots
[2026-06-18T01:09:19.928+0000][13276.694s][info][gc,task       ] GC(833) Using 3 workers of 3 for marking
[2026-06-18T01:09:19.934+0000][13276.700s][info][gc,marking    ] GC(833) Concurrent Mark From Roots 6.149ms
[2026-06-18T01:09:19.934+0000][13276.701s][info][gc,marking    ] GC(833) Concurrent Preclean
[2026-06-18T01:09:19.934+0000][13276.701s][info][gc,marking    ] GC(833) Concurrent Preclean 0.223ms
[2026-06-18T01:09:19.935+0000][13276.702s][info][gc,marking    ] GC(833) Concurrent Mark (13276.694s, 13276.701s) 7.315ms
[2026-06-18T01:09:19.935+0000][13276.702s][info][gc,start      ] GC(833) Pause Remark
[2026-06-18T01:09:19.938+0000][13276.705s][info][gc,stringtable] GC(833) Cleaned string and symbol table, strings: 17365 processed, 0 removed, symbols: 125074 processed, 0 removed
[2026-06-18T01:09:19.938+0000][13276.705s][info][gc            ] GC(833) Pause Remark 209M->209M(512M) 3.162ms
[2026-06-18T01:09:19.938+0000][13276.705s][info][gc,cpu        ] GC(833) User=0.02s Sys=0.00s Real=0.01s
[2026-06-18T01:09:19.939+0000][13276.705s][info][gc,marking    ] GC(833) Concurrent Rebuild Remembered Sets
[2026-06-18T01:09:19.943+0000][13276.710s][info][gc,marking    ] GC(833) Concurrent Rebuild Remembered Sets 4.890ms
[2026-06-18T01:09:19.944+0000][13276.710s][info][gc,start      ] GC(833) Pause Cleanup
[2026-06-18T01:09:19.944+0000][13276.711s][info][gc            ] GC(833) Pause Cleanup 210M->210M(512M) 0.404ms
[2026-06-18T01:09:19.944+0000][13276.711s][info][gc,cpu        ] GC(833) User=0.00s Sys=0.00s Real=0.00s
[2026-06-18T01:09:19.944+0000][13276.711s][info][gc,marking    ] GC(833) Concurrent Cleanup for Next Mark
[2026-06-18T01:09:19.945+0000][13276.711s][info][gc,marking    ] GC(833) Concurrent Cleanup for Next Mark 0.192ms
[2026-06-18T01:09:19.945+0000][13276.711s][info][gc            ] GC(833) Concurrent Cycle 18.800ms
[2026-06-18T01:09:21.129+0000][13277.896s][info][gc,start      ] GC(834) Pause Young (Prepare Mixed) (G1 Evacuation Pause)
[2026-06-18T01:09:21.130+0000][13277.896s][info][gc,task       ] GC(834) Using 13 workers of 13 for evacuation
[2026-06-18T01:09:21.133+0000][13277.899s][info][gc,phases     ] GC(834)   Pre Evacuate Collection Set: 0.0ms
[2026-06-18T01:09:21.133+0000][13277.900s][info][gc,phases     ] GC(834)   Evacuate Collection Set: 2.6ms
[2026-06-18T01:09:21.133+0000][13277.900s][info][gc,phases     ] GC(834)   Post Evacuate Collection Set: 0.3ms
[2026-06-18T01:09:21.133+0000][13277.900s][info][gc,phases     ] GC(834)   Other: 0.4ms
[2026-06-18T01:09:21.133+0000][13277.900s][info][gc,heap       ] GC(834) Eden regions: 239->0(16)
[2026-06-18T01:09:21.133+0000][13277.900s][info][gc,heap       ] GC(834) Survivor regions: 6->9(31)
[2026-06-18T01:09:21.133+0000][13277.900s][info][gc,heap       ] GC(834) Old regions: 53->53
[2026-06-18T01:09:21.133+0000][13277.900s][info][gc,heap       ] GC(834) Humongous regions: 147->147
[2026-06-18T01:09:21.133+0000][13277.900s][info][gc,metaspace  ] GC(834) Metaspace: 52708K(55552K)->52708K(55552K) NonClass: 46778K(48384K)->46778K(48384K) Class: 5929K(7168K)->5929K(7168K)
[2026-06-18T01:09:21.134+0000][13277.900s][info][gc            ] GC(834) Pause Young (Prepare Mixed) (G1 Evacuation Pause) 444M->208M(512M) 4.199ms
[2026-06-18T01:09:21.134+0000][13277.900s][info][gc,cpu        ] GC(834) User=0.03s Sys=0.00s Real=0.00s
[2026-06-18T01:09:21.218+0000][13277.984s][info][gc,start      ] GC(835) Pause Young (Mixed) (G1 Evacuation Pause)
[2026-06-18T01:09:21.218+0000][13277.985s][info][gc,task       ] GC(835) Using 13 workers of 13 for evacuation
[2026-06-18T01:09:21.221+0000][13277.988s][info][gc,phases     ] GC(835)   Pre Evacuate Collection Set: 0.0ms
[2026-06-18T01:09:21.221+0000][13277.988s][info][gc,phases     ] GC(835)   Evacuate Collection Set: 2.3ms
[2026-06-18T01:09:21.221+0000][13277.988s][info][gc,phases     ] GC(835)   Post Evacuate Collection Set: 0.3ms
[2026-06-18T01:09:21.221+0000][13277.988s][info][gc,phases     ] GC(835)   Other: 0.7ms
[2026-06-18T01:09:21.221+0000][13277.988s][info][gc,heap       ] GC(835) Eden regions: 16->0(244)
[2026-06-18T01:09:21.221+0000][13277.988s][info][gc,heap       ] GC(835) Survivor regions: 9->2(4)
[2026-06-18T01:09:21.221+0000][13277.988s][info][gc,heap       ] GC(835) Old regions: 53->48
[2026-06-18T01:09:21.221+0000][13277.988s][info][gc,heap       ] GC(835) Humongous regions: 147->147
[2026-06-18T01:09:21.221+0000][13277.988s][info][gc,metaspace  ] GC(835) Metaspace: 52708K(55552K)->52708K(55552K) NonClass: 46778K(48384K)->46778K(48384K) Class: 5929K(7168K)->5929K(7168K)
[2026-06-18T01:09:21.221+0000][13277.988s][info][gc            ] GC(835) Pause Young (Mixed) (G1 Evacuation Pause) 224M->195M(512M) 3.926ms
[2026-06-18T01:09:21.222+0000][13277.988s][info][gc,cpu        ] GC(835) User=0.02s Sys=0.00s Real=0.00s
[2026-06-18T01:10:09.745+0000][13326.512s][info][gc,start      ] GC(836) Pause Young (Normal) (G1 Evacuation Pause)
[2026-06-18T01:10:09.746+0000][13326.512s][info][gc,task       ] GC(836) Using 13 workers of 13 for evacuation
[2026-06-18T01:10:09.747+0000][13326.514s][info][gc,phases     ] GC(836)   Pre Evacuate Collection Set: 0.0ms
[2026-06-18T01:10:09.747+0000][13326.514s][info][gc,phases     ] GC(836)   Evacuate Collection Set: 1.3ms
[2026-06-18T01:10:09.748+0000][13326.514s][info][gc,phases     ] GC(836)   Post Evacuate Collection Set: 0.4ms
[2026-06-18T01:10:09.748+0000][13326.514s][info][gc,phases     ] GC(836)   Other: 0.4ms
[2026-06-18T01:10:09.748+0000][13326.514s][info][gc,heap       ] GC(836) Eden regions: 244->0(243)
[2026-06-18T01:10:09.748+0000][13326.514s][info][gc,heap       ] GC(836) Survivor regions: 2->5(31)
[2026-06-18T01:10:09.748+0000][13326.514s][info][gc,heap       ] GC(836) Old regions: 48->48
[2026-06-18T01:10:09.748+0000][13326.514s][info][gc,heap       ] GC(836) Humongous regions: 147->147
[2026-06-18T01:10:09.748+0000][13326.514s][info][gc,metaspace  ] GC(836) Metaspace: 52708K(55552K)->52708K(55552K) NonClass: 46778K(48384K)->46778K(48384K) Class: 5929K(7168K)->5929K(7168K)
[2026-06-18T01:10:09.748+0000][13326.514s][info][gc            ] GC(836) Pause Young (Normal) (G1 Evacuation Pause) 439M->198M(512M) 2.649ms
[2026-06-18T01:10:09.748+0000][13326.514s][info][gc,cpu        ] GC(836) User=0.01s Sys=0.00s Real=0.01s
[2026-06-18T01:10:11.279+0000][13328.046s][info][gc,start      ] GC(837) Pause Young (Normal) (G1 Evacuation Pause)
[2026-06-18T01:10:11.280+0000][13328.046s][info][gc,task       ] GC(837) Using 13 workers of 13 for evacuation
[2026-06-18T01:10:11.281+0000][13328.047s][info][gc,phases     ] GC(837)   Pre Evacuate Collection Set: 0.0ms
[2026-06-18T01:10:11.281+0000][13328.048s][info][gc,phases     ] GC(837)   Evacuate Collection Set: 1.0ms
[2026-06-18T01:10:11.281+0000][13328.048s][info][gc,phases     ] GC(837)   Post Evacuate Collection Set: 0.3ms
[2026-06-18T01:10:11.281+0000][13328.048s][info][gc,phases     ] GC(837)   Other: 0.3ms
[2026-06-18T01:10:11.281+0000][13328.048s][info][gc,heap       ] GC(837) Eden regions: 243->0(247)
[2026-06-18T01:10:11.281+0000][13328.048s][info][gc,heap       ] GC(837) Survivor regions: 5->3(31)
[2026-06-18T01:10:11.282+0000][13328.048s][info][gc,heap       ] GC(837) Old regions: 48->48
[2026-06-18T01:10:11.282+0000][13328.048s][info][gc,heap       ] GC(837) Humongous regions: 147->147
[2026-06-18T01:10:11.282+0000][13328.048s][info][gc,metaspace  ] GC(837) Metaspace: 52708K(55552K)->52708K(55552K) NonClass: 46778K(48384K)->46778K(48384K) Class: 5929K(7168K)->5929K(7168K)
[2026-06-18T01:10:11.282+0000][13328.048s][info][gc            ] GC(837) Pause Young (Normal) (G1 Evacuation Pause) 441M->196M(512M) 2.449ms
[2026-06-18T01:10:11.282+0000][13328.048s][info][gc,cpu        ] GC(837) User=0.02s Sys=0.00s Real=0.00s
[2026-06-18T01:10:12.612+0000][13329.378s][info][gc,start      ] GC(838) Pause Young (Concurrent Start) (G1 Evacuation Pause)
[2026-06-18T01:10:12.612+0000][13329.378s][info][gc,task       ] GC(838) Using 13 workers of 13 for evacuation
[2026-06-18T01:10:12.617+0000][13329.383s][info][gc,phases     ] GC(838)   Pre Evacuate Collection Set: 0.3ms
[2026-06-18T01:10:12.617+0000][13329.383s][info][gc,phases     ] GC(838)   Evacuate Collection Set: 4.4ms
[2026-06-18T01:10:12.617+0000][13329.383s][info][gc,phases     ] GC(838)   Post Evacuate Collection Set: 0.3ms
[2026-06-18T01:10:12.617+0000][13329.384s][info][gc,phases     ] GC(838)   Other: 0.3ms
[2026-06-18T01:10:12.617+0000][13329.384s][info][gc,heap       ] GC(838) Eden regions: 247->0(245)
[2026-06-18T01:10:12.617+0000][13329.384s][info][gc,heap       ] GC(838) Survivor regions: 3->6(32)
[2026-06-18T01:10:12.617+0000][13329.384s][info][gc,heap       ] GC(838) Old regions: 48->48
[2026-06-18T01:10:12.617+0000][13329.384s][info][gc,heap       ] GC(838) Humongous regions: 147->147
[2026-06-18T01:10:12.617+0000][13329.384s][info][gc,metaspace  ] GC(838) Metaspace: 52708K(55552K)->52708K(55552K) NonClass: 46778K(48384K)->46778K(48384K) Class: 5929K(7168K)->5929K(7168K)
[2026-06-18T01:10:12.618+0000][13329.384s][info][gc            ] GC(838) Pause Young (Concurrent Start) (G1 Evacuation Pause) 443M->199M(512M) 5.887ms
[2026-06-18T01:10:12.618+0000][13329.384s][info][gc,cpu        ] GC(838) User=0.06s Sys=0.00s Real=0.01s
[2026-06-18T01:10:12.618+0000][13329.384s][info][gc            ] GC(839) Concurrent Cycle
[2026-06-18T01:10:12.618+0000][13329.384s][info][gc,marking    ] GC(839) Concurrent Clear Claimed Marks
[2026-06-18T01:10:12.618+0000][13329.384s][info][gc,marking    ] GC(839) Concurrent Clear Claimed Marks 0.198ms
[2026-06-18T01:10:12.618+0000][13329.384s][info][gc,marking    ] GC(839) Concurrent Scan Root Regions
[2026-06-18T01:10:12.619+0000][13329.385s][info][gc,marking    ] GC(839) Concurrent Scan Root Regions 1.130ms
[2026-06-18T01:10:12.619+0000][13329.385s][info][gc,marking    ] GC(839) Concurrent Mark (13329.385s)
[2026-06-18T01:10:12.619+0000][13329.386s][info][gc,marking    ] GC(839) Concurrent Mark From Roots
[2026-06-18T01:10:12.619+0000][13329.386s][info][gc,task       ] GC(839) Using 3 workers of 3 for marking
[2026-06-18T01:10:12.625+0000][13329.391s][info][gc,marking    ] GC(839) Concurrent Mark From Roots 5.655ms
[2026-06-18T01:10:12.625+0000][13329.391s][info][gc,marking    ] GC(839) Concurrent Preclean
[2026-06-18T01:10:12.625+0000][13329.391s][info][gc,marking    ] GC(839) Concurrent Preclean 0.185ms
[2026-06-18T01:10:12.625+0000][13329.392s][info][gc,marking    ] GC(839) Concurrent Mark (13329.385s, 13329.392s) 6.071ms
[2026-06-18T01:10:12.625+0000][13329.392s][info][gc,start      ] GC(839) Pause Remark
[2026-06-18T01:10:12.628+0000][13329.394s][info][gc,stringtable] GC(839) Cleaned string and symbol table, strings: 17365 processed, 0 removed, symbols: 125074 processed, 0 removed
[2026-06-18T01:10:12.628+0000][13329.394s][info][gc            ] GC(839) Pause Remark 204M->204M(512M) 2.694ms
[2026-06-18T01:10:12.628+0000][13329.395s][info][gc,cpu        ] GC(839) User=0.03s Sys=0.00s Real=0.01s
[2026-06-18T01:10:12.628+0000][13329.395s][info][gc,marking    ] GC(839) Concurrent Rebuild Remembered Sets
[2026-06-18T01:10:12.632+0000][13329.399s][info][gc,marking    ] GC(839) Concurrent Rebuild Remembered Sets 3.928ms
[2026-06-18T01:10:12.632+0000][13329.399s][info][gc,start      ] GC(839) Pause Cleanup
[2026-06-18T01:10:12.633+0000][13329.399s][info][gc            ] GC(839) Pause Cleanup 205M->205M(512M) 0.159ms
[2026-06-18T01:10:12.633+0000][13329.399s][info][gc,cpu        ] GC(839) User=0.00s Sys=0.00s Real=0.00s
[2026-06-18T01:10:12.633+0000][13329.399s][info][gc,marking    ] GC(839) Concurrent Cleanup for Next Mark
[2026-06-18T01:10:12.633+0000][13329.399s][info][gc,marking    ] GC(839) Concurrent Cleanup for Next Mark 0.138ms
[2026-06-18T01:10:12.633+0000][13329.399s][info][gc            ] GC(839) Concurrent Cycle 15.343ms
[2026-06-18T01:10:13.837+0000][13330.604s][info][gc,start      ] GC(840) Pause Young (Prepare Mixed) (G1 Evacuation Pause)
[2026-06-18T01:10:13.837+0000][13330.604s][info][gc,task       ] GC(840) Using 13 workers of 13 for evacuation
[2026-06-18T01:10:13.839+0000][13330.606s][info][gc,phases     ] GC(840)   Pre Evacuate Collection Set: 0.0ms
[2026-06-18T01:10:13.839+0000][13330.606s][info][gc,phases     ] GC(840)   Evacuate Collection Set: 1.4ms
[2026-06-18T01:10:13.839+0000][13330.606s][info][gc,phases     ] GC(840)   Post Evacuate Collection Set: 0.3ms
[2026-06-18T01:10:13.840+0000][13330.606s][info][gc,phases     ] GC(840)   Other: 0.3ms
[2026-06-18T01:10:13.840+0000][13330.606s][info][gc,heap       ] GC(840) Eden regions: 245->0(21)
[2026-06-18T01:10:13.840+0000][13330.606s][info][gc,heap       ] GC(840) Survivor regions: 6->4(32)
[2026-06-18T01:10:13.840+0000][13330.606s][info][gc,heap       ] GC(840) Old regions: 48->48
[2026-06-18T01:10:13.840+0000][13330.606s][info][gc,heap       ] GC(840) Humongous regions: 147->147
[2026-06-18T01:10:13.840+0000][13330.606s][info][gc,metaspace  ] GC(840) Metaspace: 52708K(55552K)->52708K(55552K) NonClass: 46778K(48384K)->46778K(48384K) Class: 5929K(7168K)->5929K(7168K)
[2026-06-18T01:10:13.840+0000][13330.606s][info][gc            ] GC(840) Pause Young (Prepare Mixed) (G1 Evacuation Pause) 444M->197M(512M) 2.640ms
[2026-06-18T01:10:13.840+0000][13330.606s][info][gc,cpu        ] GC(840) User=0.01s Sys=0.00s Real=0.00s
[2026-06-18T01:10:13.939+0000][13330.705s][info][gc,start      ] GC(841) Pause Young (Mixed) (G1 Evacuation Pause)
[2026-06-18T01:10:13.940+0000][13330.706s][info][gc,task       ] GC(841) Using 13 workers of 13 for evacuation
[2026-06-18T01:10:13.943+0000][13330.709s][info][gc,phases     ] GC(841)   Pre Evacuate Collection Set: 0.0ms
[2026-06-18T01:10:13.943+0000][13330.709s][info][gc,phases     ] GC(841)   Evacuate Collection Set: 2.8ms
[2026-06-18T01:10:13.943+0000][13330.709s][info][gc,phases     ] GC(841)   Post Evacuate Collection Set: 0.3ms
[2026-06-18T01:10:13.943+0000][13330.709s][info][gc,phases     ] GC(841)   Other: 0.8ms
[2026-06-18T01:10:13.943+0000][13330.709s][info][gc,heap       ] GC(841) Eden regions: 21->0(251)
[2026-06-18T01:10:13.943+0000][13330.709s][info][gc,heap       ] GC(841) Survivor regions: 4->3(4)
[2026-06-18T01:10:13.943+0000][13330.710s][info][gc,heap       ] GC(841) Old regions: 48->46
[2026-06-18T01:10:13.943+0000][13330.710s][info][gc,heap       ] GC(841) Humongous regions: 147->147
[2026-06-18T01:10:13.943+0000][13330.710s][info][gc,metaspace  ] GC(841) Metaspace: 52708K(55552K)->52708K(55552K) NonClass: 46778K(48384K)->46778K(48384K) Class: 5929K(7168K)->5929K(7168K)
[2026-06-18T01:10:13.943+0000][13330.710s][info][gc            ] GC(841) Pause Young (Mixed) (G1 Evacuation Pause) 218M->195M(512M) 4.371ms
[2026-06-18T01:10:13.943+0000][13330.710s][info][gc,cpu        ] GC(841) User=0.03s Sys=0.00s Real=0.00s
[2026-06-18T01:11:02.621+0000][13379.387s][info][gc,start      ] GC(842) Pause Young (Normal) (G1 Evacuation Pause)
[2026-06-18T01:11:02.621+0000][13379.387s][info][gc,task       ] GC(842) Using 13 workers of 13 for evacuation
[2026-06-18T01:11:02.625+0000][13379.391s][info][gc,phases     ] GC(842)   Pre Evacuate Collection Set: 0.0ms
[2026-06-18T01:11:02.625+0000][13379.391s][info][gc,phases     ] GC(842)   Evacuate Collection Set: 3.2ms
[2026-06-18T01:11:02.626+0000][13379.391s][info][gc,phases     ] GC(842)   Post Evacuate Collection Set: 0.4ms
[2026-06-18T01:11:02.626+0000][13379.391s][info][gc,phases     ] GC(842)   Other: 0.4ms
[2026-06-18T01:11:02.626+0000][13379.391s][info][gc,heap       ] GC(842) Eden regions: 251->0(248)
[2026-06-18T01:11:02.626+0000][13379.391s][info][gc,heap       ] GC(842) Survivor regions: 3->6(32)
[2026-06-18T01:11:02.626+0000][13379.391s][info][gc,heap       ] GC(842) Old regions: 46->46
[2026-06-18T01:11:02.626+0000][13379.391s][info][gc,heap       ] GC(842) Humongous regions: 147->147
[2026-06-18T01:11:02.626+0000][13379.391s][info][gc,metaspace  ] GC(842) Metaspace: 52708K(55552K)->52708K(55552K) NonClass: 46778K(48384K)->46778K(48384K) Class: 5929K(7168K)->5929K(7168K)
[2026-06-18T01:11:02.626+0000][13379.392s][info][gc            ] GC(842) Pause Young (Normal) (G1 Evacuation Pause) 446M->198M(512M) 4.524ms
[2026-06-18T01:11:02.626+0000][13379.392s][info][gc,cpu        ] GC(842) User=0.03s Sys=0.00s Real=0.00s
[2026-06-18T01:11:03.991+0000][13380.756s][info][gc,start      ] GC(843) Pause Young (Normal) (G1 Evacuation Pause)
[2026-06-18T01:11:03.991+0000][13380.757s][info][gc,task       ] GC(843) Using 13 workers of 13 for evacuation
[2026-06-18T01:11:03.994+0000][13380.759s][info][gc,phases     ] GC(843)   Pre Evacuate Collection Set: 0.0ms
[2026-06-18T01:11:03.994+0000][13380.759s][info][gc,phases     ] GC(843)   Evacuate Collection Set: 2.2ms
[2026-06-18T01:11:03.994+0000][13380.759s][info][gc,phases     ] GC(843)   Post Evacuate Collection Set: 0.3ms
[2026-06-18T01:11:03.994+0000][13380.759s][info][gc,phases     ] GC(843)   Other: 0.3ms
[2026-06-18T01:11:03.994+0000][13380.760s][info][gc,heap       ] GC(843) Eden regions: 248->0(252)
[2026-06-18T01:11:03.994+0000][13380.760s][info][gc,heap       ] GC(843) Survivor regions: 6->3(32)
[2026-06-18T01:11:03.994+0000][13380.760s][info][gc,heap       ] GC(843) Old regions: 46->46
[2026-06-18T01:11:03.994+0000][13380.760s][info][gc,heap       ] GC(843) Humongous regions: 147->147
[2026-06-18T01:11:03.994+0000][13380.760s][info][gc,metaspace  ] GC(843) Metaspace: 52708K(55552K)->52708K(55552K) NonClass: 46778K(48384K)->46778K(48384K) Class: 5929K(7168K)->5929K(7168K)
[2026-06-18T01:11:03.994+0000][13380.760s][info][gc            ] GC(843) Pause Young (Normal) (G1 Evacuation Pause) 446M->195M(512M) 3.312ms
[2026-06-18T01:11:03.994+0000][13380.760s][info][gc,cpu        ] GC(843) User=0.03s Sys=0.00s Real=0.00s
[2026-06-18T01:11:05.244+0000][13382.010s][info][gc,start      ] GC(844) Pause Young (Concurrent Start) (G1 Evacuation Pause)
[2026-06-18T01:11:05.244+0000][13382.010s][info][gc,task       ] GC(844) Using 13 workers of 13 for evacuation
[2026-06-18T01:11:05.250+0000][13382.016s][info][gc,phases     ] GC(844)   Pre Evacuate Collection Set: 0.3ms
[2026-06-18T01:11:05.250+0000][13382.016s][info][gc,phases     ] GC(844)   Evacuate Collection Set: 4.7ms
[2026-06-18T01:11:05.250+0000][13382.016s][info][gc,phases     ] GC(844)   Post Evacuate Collection Set: 0.4ms
[2026-06-18T01:11:05.250+0000][13382.016s][info][gc,phases     ] GC(844)   Other: 0.4ms
[2026-06-18T01:11:05.250+0000][13382.016s][info][gc,heap       ] GC(844) Eden regions: 252->0(248)
[2026-06-18T01:11:05.250+0000][13382.016s][info][gc,heap       ] GC(844) Survivor regions: 3->7(32)
[2026-06-18T01:11:05.250+0000][13382.016s][info][gc,heap       ] GC(844) Old regions: 46->46
[2026-06-18T01:11:05.250+0000][13382.016s][info][gc,heap       ] GC(844) Humongous regions: 147->147
[2026-06-18T01:11:05.250+0000][13382.016s][info][gc,metaspace  ] GC(844) Metaspace: 52708K(55552K)->52708K(55552K) NonClass: 46778K(48384K)->46778K(48384K) Class: 5929K(7168K)->5929K(7168K)
[2026-06-18T01:11:05.250+0000][13382.016s][info][gc            ] GC(844) Pause Young (Concurrent Start) (G1 Evacuation Pause) 447M->199M(512M) 6.174ms
[2026-06-18T01:11:05.250+0000][13382.016s][info][gc,cpu        ] GC(844) User=0.06s Sys=0.00s Real=0.01s
[2026-06-18T01:11:05.251+0000][13382.016s][info][gc            ] GC(845) Concurrent Cycle
[2026-06-18T01:11:05.251+0000][13382.016s][info][gc,marking    ] GC(845) Concurrent Clear Claimed Marks
[2026-06-18T01:11:05.251+0000][13382.016s][info][gc,marking    ] GC(845) Concurrent Clear Claimed Marks 0.220ms
[2026-06-18T01:11:05.251+0000][13382.017s][info][gc,marking    ] GC(845) Concurrent Scan Root Regions
[2026-06-18T01:11:05.252+0000][13382.018s][info][gc,marking    ] GC(845) Concurrent Scan Root Regions 1.414ms
[2026-06-18T01:11:05.252+0000][13382.018s][info][gc,marking    ] GC(845) Concurrent Mark (13382.018s)
[2026-06-18T01:11:05.253+0000][13382.018s][info][gc,marking    ] GC(845) Concurrent Mark From Roots
[2026-06-18T01:11:05.253+0000][13382.018s][info][gc,task       ] GC(845) Using 3 workers of 3 for marking
[2026-06-18T01:11:05.258+0000][13382.024s][info][gc,marking    ] GC(845) Concurrent Mark From Roots 5.693ms
[2026-06-18T01:11:05.258+0000][13382.024s][info][gc,marking    ] GC(845) Concurrent Preclean
[2026-06-18T01:11:05.259+0000][13382.024s][info][gc,marking    ] GC(845) Concurrent Preclean 0.182ms
[2026-06-18T01:11:05.259+0000][13382.024s][info][gc,marking    ] GC(845) Concurrent Mark (13382.018s, 13382.024s) 6.143ms
[2026-06-18T01:11:05.259+0000][13382.025s][info][gc,start      ] GC(845) Pause Remark
[2026-06-18T01:11:05.261+0000][13382.027s][info][gc,stringtable] GC(845) Cleaned string and symbol table, strings: 17365 processed, 0 removed, symbols: 125074 processed, 0 removed
[2026-06-18T01:11:05.262+0000][13382.027s][info][gc            ] GC(845) Pause Remark 203M->203M(512M) 2.755ms
[2026-06-18T01:11:05.262+0000][13382.027s][info][gc,cpu        ] GC(845) User=0.02s Sys=0.00s Real=0.00s
[2026-06-18T01:11:05.262+0000][13382.027s][info][gc,marking    ] GC(845) Concurrent Rebuild Remembered Sets
[2026-06-18T01:11:05.266+0000][13382.031s][info][gc,marking    ] GC(845) Concurrent Rebuild Remembered Sets 3.984ms
[2026-06-18T01:11:05.266+0000][13382.032s][info][gc,start      ] GC(845) Pause Cleanup
[2026-06-18T01:11:05.266+0000][13382.032s][info][gc            ] GC(845) Pause Cleanup 204M->204M(512M) 0.217ms
[2026-06-18T01:11:05.266+0000][13382.032s][info][gc,cpu        ] GC(845) User=0.00s Sys=0.00s Real=0.00s
[2026-06-18T01:11:05.266+0000][13382.032s][info][gc,marking    ] GC(845) Concurrent Cleanup for Next Mark
[2026-06-18T01:11:05.266+0000][13382.032s][info][gc,marking    ] GC(845) Concurrent Cleanup for Next Mark 0.167ms
[2026-06-18T01:11:05.267+0000][13382.032s][info][gc            ] GC(845) Concurrent Cycle 15.990ms
[2026-06-18T01:11:53.761+0000][13430.527s][info][gc,start      ] GC(846) Pause Young (Prepare Mixed) (G1 Evacuation Pause)
[2026-06-18T01:11:53.762+0000][13430.527s][info][gc,task       ] GC(846) Using 13 workers of 13 for evacuation
[2026-06-18T01:11:53.773+0000][13430.539s][info][gc,phases     ] GC(846)   Pre Evacuate Collection Set: 0.0ms
[2026-06-18T01:11:53.773+0000][13430.539s][info][gc,phases     ] GC(846)   Evacuate Collection Set: 11.0ms
[2026-06-18T01:11:53.773+0000][13430.539s][info][gc,phases     ] GC(846)   Post Evacuate Collection Set: 0.4ms
[2026-06-18T01:11:53.774+0000][13430.539s][info][gc,phases     ] GC(846)   Other: 0.4ms
[2026-06-18T01:11:53.774+0000][13430.539s][info][gc,heap       ] GC(846) Eden regions: 248->0(20)
[2026-06-18T01:11:53.774+0000][13430.539s][info][gc,heap       ] GC(846) Survivor regions: 7->5(32)
[2026-06-18T01:11:53.774+0000][13430.539s][info][gc,heap       ] GC(846) Old regions: 46->46
[2026-06-18T01:11:53.774+0000][13430.539s][info][gc,heap       ] GC(846) Humongous regions: 147->147
[2026-06-18T01:11:53.774+0000][13430.539s][info][gc,metaspace  ] GC(846) Metaspace: 52708K(55552K)->52708K(55552K) NonClass: 46778K(48384K)->46778K(48384K) Class: 5929K(7168K)->5929K(7168K)
[2026-06-18T01:11:53.774+0000][13430.539s][info][gc            ] GC(846) Pause Young (Prepare Mixed) (G1 Evacuation Pause) 447M->197M(512M) 12.486ms
[2026-06-18T01:11:53.774+0000][13430.539s][info][gc,cpu        ] GC(846) User=0.08s Sys=0.00s Real=0.01s
[2026-06-18T01:11:53.897+0000][13430.663s][info][gc,start      ] GC(847) Pause Young (Mixed) (G1 Evacuation Pause)
[2026-06-18T01:11:53.897+0000][13430.663s][info][gc,task       ] GC(847) Using 13 workers of 13 for evacuation
[2026-06-18T01:11:53.899+0000][13430.665s][info][gc,phases     ] GC(847)   Pre Evacuate Collection Set: 0.0ms
[2026-06-18T01:11:53.899+0000][13430.665s][info][gc,phases     ] GC(847)   Evacuate Collection Set: 1.8ms
[2026-06-18T01:11:53.899+0000][13430.665s][info][gc,phases     ] GC(847)   Post Evacuate Collection Set: 0.2ms
[2026-06-18T01:11:53.899+0000][13430.665s][info][gc,phases     ] GC(847)   Other: 0.3ms
[2026-06-18T01:11:53.899+0000][13430.665s][info][gc,heap       ] GC(847) Eden regions: 20->0(250)
[2026-06-18T01:11:53.900+0000][13430.665s][info][gc,heap       ] GC(847) Survivor regions: 5->3(4)
[2026-06-18T01:11:53.900+0000][13430.665s][info][gc,heap       ] GC(847) Old regions: 46->48
[2026-06-18T01:11:53.900+0000][13430.665s][info][gc,heap       ] GC(847) Humongous regions: 147->147
[2026-06-18T01:11:53.900+0000][13430.665s][info][gc,metaspace  ] GC(847) Metaspace: 52708K(55552K)->52708K(55552K) NonClass: 46778K(48384K)->46778K(48384K) Class: 5929K(7168K)->5929K(7168K)
[2026-06-18T01:11:53.900+0000][13430.665s][info][gc            ] GC(847) Pause Young (Mixed) (G1 Evacuation Pause) 217M->197M(512M) 2.531ms
[2026-06-18T01:11:53.900+0000][13430.665s][info][gc,cpu        ] GC(847) User=0.02s Sys=0.00s Real=0.01s
[2026-06-18T01:11:55.367+0000][13432.133s][info][gc,start      ] GC(848) Pause Young (Normal) (G1 Evacuation Pause)
[2026-06-18T01:11:55.368+0000][13432.133s][info][gc,task       ] GC(848) Using 13 workers of 13 for evacuation
[2026-06-18T01:11:55.370+0000][13432.135s][info][gc,phases     ] GC(848)   Pre Evacuate Collection Set: 0.0ms
[2026-06-18T01:11:55.370+0000][13432.135s][info][gc,phases     ] GC(848)   Evacuate Collection Set: 1.6ms
[2026-06-18T01:11:55.370+0000][13432.135s][info][gc,phases     ] GC(848)   Post Evacuate Collection Set: 0.3ms
[2026-06-18T01:11:55.370+0000][13432.135s][info][gc,phases     ] GC(848)   Other: 0.3ms
[2026-06-18T01:11:55.370+0000][13432.135s][info][gc,heap       ] GC(848) Eden regions: 250->0(244)
[2026-06-18T01:11:55.370+0000][13432.135s][info][gc,heap       ] GC(848) Survivor regions: 3->8(32)
[2026-06-18T01:11:55.370+0000][13432.135s][info][gc,heap       ] GC(848) Old regions: 48->48
[2026-06-18T01:11:55.370+0000][13432.135s][info][gc,heap       ] GC(848) Humongous regions: 147->147
[2026-06-18T01:11:55.370+0000][13432.135s][info][gc,metaspace  ] GC(848) Metaspace: 52708K(55552K)->52708K(55552K) NonClass: 46778K(48384K)->46778K(48384K) Class: 5929K(7168K)->5929K(7168K)
[2026-06-18T01:11:55.370+0000][13432.135s][info][gc            ] GC(848) Pause Young (Normal) (G1 Evacuation Pause) 447M->201M(512M) 2.694ms
[2026-06-18T01:11:55.370+0000][13432.136s][info][gc,cpu        ] GC(848) User=0.02s Sys=0.00s Real=0.00s
[2026-06-18T01:11:56.695+0000][13433.461s][info][gc,start      ] GC(849) Pause Young (Normal) (G1 Evacuation Pause)
[2026-06-18T01:11:56.697+0000][13433.463s][info][gc,task       ] GC(849) Using 13 workers of 13 for evacuation
[2026-06-18T01:11:56.702+0000][13433.468s][info][gc,phases     ] GC(849)   Pre Evacuate Collection Set: 0.0ms
[2026-06-18T01:11:56.703+0000][13433.468s][info][gc,phases     ] GC(849)   Evacuate Collection Set: 2.8ms
[2026-06-18T01:11:56.703+0000][13433.468s][info][gc,phases     ] GC(849)   Post Evacuate Collection Set: 1.1ms
[2026-06-18T01:11:56.703+0000][13433.468s][info][gc,phases     ] GC(849)   Other: 3.1ms
[2026-06-18T01:11:56.703+0000][13433.468s][info][gc,heap       ] GC(849) Eden regions: 244->0(249)
[2026-06-18T01:11:56.703+0000][13433.468s][info][gc,heap       ] GC(849) Survivor regions: 8->4(32)
[2026-06-18T01:11:56.703+0000][13433.468s][info][gc,heap       ] GC(849) Old regions: 48->48
[2026-06-18T01:11:56.703+0000][13433.468s][info][gc,heap       ] GC(849) Humongous regions: 147->147
[2026-06-18T01:11:56.703+0000][13433.468s][info][gc,metaspace  ] GC(849) Metaspace: 52708K(55552K)->52708K(55552K) NonClass: 46778K(48384K)->46778K(48384K) Class: 5929K(7168K)->5929K(7168K)
[2026-06-18T01:11:56.703+0000][13433.468s][info][gc            ] GC(849) Pause Young (Normal) (G1 Evacuation Pause) 445M->197M(512M) 7.774ms
[2026-06-18T01:11:56.703+0000][13433.469s][info][gc,cpu        ] GC(849) User=0.01s Sys=0.00s Real=0.01s
[2026-06-18T01:11:58.025+0000][13434.791s][info][gc,start      ] GC(850) Pause Young (Concurrent Start) (G1 Evacuation Pause)
[2026-06-18T01:11:58.026+0000][13434.791s][info][gc,task       ] GC(850) Using 13 workers of 13 for evacuation
[2026-06-18T01:11:58.029+0000][13434.794s][info][gc,phases     ] GC(850)   Pre Evacuate Collection Set: 0.3ms
[2026-06-18T01:11:58.029+0000][13434.794s][info][gc,phases     ] GC(850)   Evacuate Collection Set: 2.6ms
[2026-06-18T01:11:58.029+0000][13434.794s][info][gc,phases     ] GC(850)   Post Evacuate Collection Set: 0.3ms
[2026-06-18T01:11:58.029+0000][13434.794s][info][gc,phases     ] GC(850)   Other: 0.4ms
[2026-06-18T01:11:58.029+0000][13434.794s][info][gc,heap       ] GC(850) Eden regions: 249->0(247)
[2026-06-18T01:11:58.029+0000][13434.795s][info][gc,heap       ] GC(850) Survivor regions: 4->6(32)
[2026-06-18T01:11:58.029+0000][13434.795s][info][gc,heap       ] GC(850) Old regions: 48->48
[2026-06-18T01:11:58.030+0000][13434.795s][info][gc,heap       ] GC(850) Humongous regions: 147->147
[2026-06-18T01:11:58.030+0000][13434.795s][info][gc,metaspace  ] GC(850) Metaspace: 52708K(55552K)->52708K(55552K) NonClass: 46778K(48384K)->46778K(48384K) Class: 5929K(7168K)->5929K(7168K)
[2026-06-18T01:11:58.030+0000][13434.795s][info][gc            ] GC(850) Pause Young (Concurrent Start) (G1 Evacuation Pause) 446M->200M(512M) 4.145ms
[2026-06-18T01:11:58.030+0000][13434.795s][info][gc,cpu        ] GC(850) User=0.03s Sys=0.00s Real=0.01s
[2026-06-18T01:11:58.030+0000][13434.795s][info][gc            ] GC(851) Concurrent Cycle
[2026-06-18T01:11:58.030+0000][13434.795s][info][gc,marking    ] GC(851) Concurrent Clear Claimed Marks
[2026-06-18T01:11:58.030+0000][13434.795s][info][gc,marking    ] GC(851) Concurrent Clear Claimed Marks 0.209ms
[2026-06-18T01:11:58.030+0000][13434.795s][info][gc,marking    ] GC(851) Concurrent Scan Root Regions
[2026-06-18T01:11:58.031+0000][13434.796s][info][gc,marking    ] GC(851) Concurrent Scan Root Regions 1.254ms
[2026-06-18T01:11:58.031+0000][13434.797s][info][gc,marking    ] GC(851) Concurrent Mark (13434.797s)
[2026-06-18T01:11:58.031+0000][13434.797s][info][gc,marking    ] GC(851) Concurrent Mark From Roots
[2026-06-18T01:11:58.032+0000][13434.797s][info][gc,task       ] GC(851) Using 3 workers of 3 for marking
[2026-06-18T01:11:58.037+0000][13434.802s][info][gc,marking    ] GC(851) Concurrent Mark From Roots 5.757ms
[2026-06-18T01:11:58.037+0000][13434.802s][info][gc,marking    ] GC(851) Concurrent Preclean
[2026-06-18T01:11:58.038+0000][13434.803s][info][gc,marking    ] GC(851) Concurrent Preclean 0.162ms
[2026-06-18T01:11:58.038+0000][13434.803s][info][gc,marking    ] GC(851) Concurrent Mark (13434.797s, 13434.803s) 6.121ms
[2026-06-18T01:11:58.038+0000][13434.803s][info][gc,start      ] GC(851) Pause Remark
[2026-06-18T01:11:58.040+0000][13434.805s][info][gc,stringtable] GC(851) Cleaned string and symbol table, strings: 17365 processed, 0 removed, symbols: 125074 processed, 0 removed
[2026-06-18T01:11:58.040+0000][13434.806s][info][gc            ] GC(851) Pause Remark 205M->205M(512M) 2.680ms
[2026-06-18T01:11:58.040+0000][13434.806s][info][gc,cpu        ] GC(851) User=0.03s Sys=0.00s Real=0.00s
[2026-06-18T01:11:58.041+0000][13434.806s][info][gc,marking    ] GC(851) Concurrent Rebuild Remembered Sets
[2026-06-18T01:11:58.045+0000][13434.811s][info][gc,marking    ] GC(851) Concurrent Rebuild Remembered Sets 4.821ms
[2026-06-18T01:11:58.046+0000][13434.811s][info][gc,start      ] GC(851) Pause Cleanup
[2026-06-18T01:11:58.046+0000][13434.811s][info][gc            ] GC(851) Pause Cleanup 205M->205M(512M) 0.228ms
[2026-06-18T01:11:58.046+0000][13434.811s][info][gc,cpu        ] GC(851) User=0.00s Sys=0.00s Real=0.00s
[2026-06-18T01:11:58.046+0000][13434.811s][info][gc,marking    ] GC(851) Concurrent Cleanup for Next Mark
[2026-06-18T01:11:58.046+0000][13434.811s][info][gc,marking    ] GC(851) Concurrent Cleanup for Next Mark 0.152ms
[2026-06-18T01:11:58.046+0000][13434.812s][info][gc            ] GC(851) Concurrent Cycle 16.651ms
[2026-06-18T01:12:46.730+0000][13483.495s][info][gc,start      ] GC(852) Pause Young (Prepare Mixed) (G1 Evacuation Pause)
[2026-06-18T01:12:46.730+0000][13483.495s][info][gc,task       ] GC(852) Using 13 workers of 13 for evacuation
[2026-06-18T01:12:46.733+0000][13483.499s][info][gc,phases     ] GC(852)   Pre Evacuate Collection Set: 0.0ms
[2026-06-18T01:12:46.733+0000][13483.499s][info][gc,phases     ] GC(852)   Evacuate Collection Set: 2.8ms
[2026-06-18T01:12:46.734+0000][13483.499s][info][gc,phases     ] GC(852)   Post Evacuate Collection Set: 0.3ms
[2026-06-18T01:12:46.734+0000][13483.499s][info][gc,phases     ] GC(852)   Other: 0.4ms
[2026-06-18T01:12:46.734+0000][13483.499s][info][gc,heap       ] GC(852) Eden regions: 247->0(15)
[2026-06-18T01:12:46.734+0000][13483.499s][info][gc,heap       ] GC(852) Survivor regions: 6->10(32)
[2026-06-18T01:12:46.734+0000][13483.499s][info][gc,heap       ] GC(852) Old regions: 48->48
[2026-06-18T01:12:46.734+0000][13483.499s][info][gc,heap       ] GC(852) Humongous regions: 147->147
[2026-06-18T01:12:46.734+0000][13483.499s][info][gc,metaspace  ] GC(852) Metaspace: 52708K(55552K)->52708K(55552K) NonClass: 46778K(48384K)->46778K(48384K) Class: 5929K(7168K)->5929K(7168K)
[2026-06-18T01:12:46.734+0000][13483.499s][info][gc            ] GC(852) Pause Young (Prepare Mixed) (G1 Evacuation Pause) 447M->204M(512M) 4.258ms
[2026-06-18T01:12:46.734+0000][13483.499s][info][gc,cpu        ] GC(852) User=0.04s Sys=0.00s Real=0.00s
[2026-06-18T01:12:46.831+0000][13483.597s][info][gc,start      ] GC(853) Pause Young (Mixed) (G1 Evacuation Pause)
[2026-06-18T01:12:46.832+0000][13483.597s][info][gc,task       ] GC(853) Using 13 workers of 13 for evacuation
[2026-06-18T01:12:46.834+0000][13483.599s][info][gc,phases     ] GC(853)   Pre Evacuate Collection Set: 0.0ms
[2026-06-18T01:12:46.834+0000][13483.599s][info][gc,phases     ] GC(853)   Evacuate Collection Set: 1.8ms
[2026-06-18T01:12:46.834+0000][13483.599s][info][gc,phases     ] GC(853)   Post Evacuate Collection Set: 0.3ms
[2026-06-18T01:12:46.834+0000][13483.599s][info][gc,phases     ] GC(853)   Other: 0.3ms
[2026-06-18T01:12:46.834+0000][13483.599s][info][gc,heap       ] GC(853) Eden regions: 15->0(247)
[2026-06-18T01:12:46.834+0000][13483.599s][info][gc,heap       ] GC(853) Survivor regions: 10->2(4)
[2026-06-18T01:12:46.834+0000][13483.599s][info][gc,heap       ] GC(853) Old regions: 48->48
[2026-06-18T01:12:46.834+0000][13483.599s][info][gc,heap       ] GC(853) Humongous regions: 147->147
[2026-06-18T01:12:46.834+0000][13483.600s][info][gc,metaspace  ] GC(853) Metaspace: 52708K(55552K)->52708K(55552K) NonClass: 46778K(48384K)->46778K(48384K) Class: 5929K(7168K)->5929K(7168K)
[2026-06-18T01:12:46.834+0000][13483.600s][info][gc            ] GC(853) Pause Young (Mixed) (G1 Evacuation Pause) 219M->196M(512M) 2.977ms
[2026-06-18T01:12:46.834+0000][13483.600s][info][gc,cpu        ] GC(853) User=0.01s Sys=0.00s Real=0.00s
[2026-06-18T01:12:48.249+0000][13485.014s][info][gc,start      ] GC(854) Pause Young (Normal) (G1 Evacuation Pause)
[2026-06-18T01:12:48.249+0000][13485.014s][info][gc,task       ] GC(854) Using 13 workers of 13 for evacuation
[2026-06-18T01:12:48.251+0000][13485.016s][info][gc,phases     ] GC(854)   Pre Evacuate Collection Set: 0.0ms
[2026-06-18T01:12:48.251+0000][13485.016s][info][gc,phases     ] GC(854)   Evacuate Collection Set: 1.2ms
[2026-06-18T01:12:48.251+0000][13485.016s][info][gc,phases     ] GC(854)   Post Evacuate Collection Set: 0.4ms
[2026-06-18T01:12:48.251+0000][13485.016s][info][gc,phases     ] GC(854)   Other: 0.3ms
[2026-06-18T01:12:48.251+0000][13485.016s][info][gc,heap       ] GC(854) Eden regions: 247->0(246)
[2026-06-18T01:12:48.251+0000][13485.016s][info][gc,heap       ] GC(854) Survivor regions: 2->5(32)
[2026-06-18T01:12:48.251+0000][13485.017s][info][gc,heap       ] GC(854) Old regions: 48->48
[2026-06-18T01:12:48.251+0000][13485.017s][info][gc,heap       ] GC(854) Humongous regions: 147->147
[2026-06-18T01:12:48.251+0000][13485.017s][info][gc,metaspace  ] GC(854) Metaspace: 52708K(55552K)->52708K(55552K) NonClass: 46778K(48384K)->46778K(48384K) Class: 5929K(7168K)->5929K(7168K)
[2026-06-18T01:12:48.251+0000][13485.017s][info][gc            ] GC(854) Pause Young (Normal) (G1 Evacuation Pause) 443M->198M(512M) 2.460ms
[2026-06-18T01:12:48.252+0000][13485.017s][info][gc,cpu        ] GC(854) User=0.02s Sys=0.00s Real=0.00s
[2026-06-18T01:12:49.418+0000][13486.183s][info][gc,start      ] GC(855) Pause Young (Normal) (G1 Evacuation Pause)
[2026-06-18T01:12:49.418+0000][13486.184s][info][gc,task       ] GC(855) Using 13 workers of 13 for evacuation
[2026-06-18T01:12:49.420+0000][13486.185s][info][gc,phases     ] GC(855)   Pre Evacuate Collection Set: 0.0ms
[2026-06-18T01:12:49.420+0000][13486.185s][info][gc,phases     ] GC(855)   Evacuate Collection Set: 1.3ms
[2026-06-18T01:12:49.420+0000][13486.185s][info][gc,phases     ] GC(855)   Post Evacuate Collection Set: 0.3ms
[2026-06-18T01:12:49.420+0000][13486.186s][info][gc,phases     ] GC(855)   Other: 0.3ms
[2026-06-18T01:12:49.420+0000][13486.186s][info][gc,heap       ] GC(855) Eden regions: 246->0(250)
[2026-06-18T01:12:49.420+0000][13486.186s][info][gc,heap       ] GC(855) Survivor regions: 5->2(32)
[2026-06-18T01:12:49.421+0000][13486.186s][info][gc,heap       ] GC(855) Old regions: 48->48
[2026-06-18T01:12:49.421+0000][13486.186s][info][gc,heap       ] GC(855) Humongous regions: 147->147
[2026-06-18T01:12:49.421+0000][13486.186s][info][gc,metaspace  ] GC(855) Metaspace: 52708K(55552K)->52708K(55552K) NonClass: 46778K(48384K)->46778K(48384K) Class: 5929K(7168K)->5929K(7168K)
[2026-06-18T01:12:49.421+0000][13486.186s][info][gc            ] GC(855) Pause Young (Normal) (G1 Evacuation Pause) 444M->195M(512M) 2.623ms
[2026-06-18T01:12:49.421+0000][13486.186s][info][gc,cpu        ] GC(855) User=0.01s Sys=0.00s Real=0.00s
[2026-06-18T01:13:37.890+0000][13534.655s][info][gc,start      ] GC(856) Pause Young (Concurrent Start) (G1 Evacuation Pause)
[2026-06-18T01:13:37.891+0000][13534.655s][info][gc,task       ] GC(856) Using 13 workers of 13 for evacuation
[2026-06-18T01:13:37.894+0000][13534.659s][info][gc,phases     ] GC(856)   Pre Evacuate Collection Set: 0.3ms
[2026-06-18T01:13:37.895+0000][13534.659s][info][gc,phases     ] GC(856)   Evacuate Collection Set: 2.7ms
[2026-06-18T01:13:37.895+0000][13534.659s][info][gc,phases     ] GC(856)   Post Evacuate Collection Set: 0.4ms
[2026-06-18T01:13:37.895+0000][13534.659s][info][gc,phases     ] GC(856)   Other: 0.8ms
[2026-06-18T01:13:37.895+0000][13534.659s][info][gc,heap       ] GC(856) Eden regions: 250->0(247)
[2026-06-18T01:13:37.895+0000][13534.659s][info][gc,heap       ] GC(856) Survivor regions: 2->6(32)
[2026-06-18T01:13:37.895+0000][13534.660s][info][gc,heap       ] GC(856) Old regions: 48->48
[2026-06-18T01:13:37.895+0000][13534.660s][info][gc,heap       ] GC(856) Humongous regions: 147->147
[2026-06-18T01:13:37.895+0000][13534.660s][info][gc,metaspace  ] GC(856) Metaspace: 52708K(55552K)->52708K(55552K) NonClass: 46778K(48384K)->46778K(48384K) Class: 5929K(7168K)->5929K(7168K)
[2026-06-18T01:13:37.896+0000][13534.660s][info][gc            ] GC(856) Pause Young (Concurrent Start) (G1 Evacuation Pause) 445M->199M(512M) 5.200ms
[2026-06-18T01:13:37.896+0000][13534.660s][info][gc,cpu        ] GC(856) User=0.02s Sys=0.00s Real=0.00s
[2026-06-18T01:13:37.896+0000][13534.661s][info][gc            ] GC(857) Concurrent Cycle
[2026-06-18T01:13:37.896+0000][13534.661s][info][gc,marking    ] GC(857) Concurrent Clear Claimed Marks
[2026-06-18T01:13:37.897+0000][13534.662s][info][gc,marking    ] GC(857) Concurrent Clear Claimed Marks 1.096ms
[2026-06-18T01:13:37.898+0000][13534.662s][info][gc,marking    ] GC(857) Concurrent Scan Root Regions
[2026-06-18T01:13:37.899+0000][13534.663s][info][gc,marking    ] GC(857) Concurrent Scan Root Regions 1.251ms
[2026-06-18T01:13:37.899+0000][13534.663s][info][gc,marking    ] GC(857) Concurrent Mark (13534.663s)
[2026-06-18T01:13:37.899+0000][13534.664s][info][gc,marking    ] GC(857) Concurrent Mark From Roots
[2026-06-18T01:13:37.899+0000][13534.664s][info][gc,task       ] GC(857) Using 3 workers of 3 for marking
[2026-06-18T01:13:37.906+0000][13534.670s][info][gc,marking    ] GC(857) Concurrent Mark From Roots 6.466ms
[2026-06-18T01:13:37.906+0000][13534.670s][info][gc,marking    ] GC(857) Concurrent Preclean
[2026-06-18T01:13:37.906+0000][13534.671s][info][gc,marking    ] GC(857) Concurrent Preclean 0.237ms
[2026-06-18T01:13:37.906+0000][13534.671s][info][gc,marking    ] GC(857) Concurrent Mark (13534.663s, 13534.671s) 7.350ms
[2026-06-18T01:13:37.907+0000][13534.671s][info][gc,start      ] GC(857) Pause Remark
[2026-06-18T01:13:37.911+0000][13534.675s][info][gc,stringtable] GC(857) Cleaned string and symbol table, strings: 17366 processed, 0 removed, symbols: 125074 processed, 0 removed
[2026-06-18T01:13:37.911+0000][13534.676s][info][gc            ] GC(857) Pause Remark 203M->203M(512M) 4.140ms
[2026-06-18T01:13:37.911+0000][13534.676s][info][gc,cpu        ] GC(857) User=0.02s Sys=0.00s Real=0.01s
[2026-06-18T01:13:37.911+0000][13534.676s][info][gc,marking    ] GC(857) Concurrent Rebuild Remembered Sets
[2026-06-18T01:13:37.916+0000][13534.681s][info][gc,marking    ] GC(857) Concurrent Rebuild Remembered Sets 5.002ms
[2026-06-18T01:13:37.918+0000][13534.683s][info][gc,start      ] GC(857) Pause Cleanup
[2026-06-18T01:13:37.919+0000][13534.683s][info][gc            ] GC(857) Pause Cleanup 204M->204M(512M) 0.335ms
[2026-06-18T01:13:37.919+0000][13534.684s][info][gc,cpu        ] GC(857) User=0.00s Sys=0.00s Real=0.00s
[2026-06-18T01:13:37.919+0000][13534.684s][info][gc,marking    ] GC(857) Concurrent Cleanup for Next Mark
[2026-06-18T01:13:37.920+0000][13534.684s][info][gc,marking    ] GC(857) Concurrent Cleanup for Next Mark 0.224ms
[2026-06-18T01:13:37.920+0000][13534.684s][info][gc            ] GC(857) Concurrent Cycle 23.729ms
[2026-06-18T01:13:39.483+0000][13536.248s][info][gc,start      ] GC(858) Pause Young (Prepare Mixed) (G1 Evacuation Pause)
[2026-06-18T01:13:39.483+0000][13536.248s][info][gc,task       ] GC(858) Using 13 workers of 13 for evacuation
[2026-06-18T01:13:39.486+0000][13536.250s][info][gc,phases     ] GC(858)   Pre Evacuate Collection Set: 0.0ms
[2026-06-18T01:13:39.486+0000][13536.251s][info][gc,phases     ] GC(858)   Evacuate Collection Set: 2.0ms
[2026-06-18T01:13:39.486+0000][13536.251s][info][gc,phases     ] GC(858)   Post Evacuate Collection Set: 0.3ms
[2026-06-18T01:13:39.486+0000][13536.251s][info][gc,phases     ] GC(858)   Other: 0.3ms
[2026-06-18T01:13:39.486+0000][13536.251s][info][gc,heap       ] GC(858) Eden regions: 247->0(16)
[2026-06-18T01:13:39.486+0000][13536.251s][info][gc,heap       ] GC(858) Survivor regions: 6->9(32)
[2026-06-18T01:13:39.486+0000][13536.251s][info][gc,heap       ] GC(858) Old regions: 48->48
[2026-06-18T01:13:39.486+0000][13536.251s][info][gc,heap       ] GC(858) Humongous regions: 147->147
[2026-06-18T01:13:39.486+0000][13536.251s][info][gc,metaspace  ] GC(858) Metaspace: 52708K(55552K)->52708K(55552K) NonClass: 46778K(48384K)->46778K(48384K) Class: 5929K(7168K)->5929K(7168K)
[2026-06-18T01:13:39.487+0000][13536.251s][info][gc            ] GC(858) Pause Young (Prepare Mixed) (G1 Evacuation Pause) 446M->202M(512M) 3.241ms
[2026-06-18T01:13:39.487+0000][13536.251s][info][gc,cpu        ] GC(858) User=0.02s Sys=0.00s Real=0.00s
[2026-06-18T01:13:39.563+0000][13536.328s][info][gc,start      ] GC(859) Pause Young (Mixed) (G1 Evacuation Pause)
[2026-06-18T01:13:39.563+0000][13536.328s][info][gc,task       ] GC(859) Using 13 workers of 13 for evacuation
[2026-06-18T01:13:39.567+0000][13536.332s][info][gc,phases     ] GC(859)   Pre Evacuate Collection Set: 0.0ms
[2026-06-18T01:13:39.567+0000][13536.332s][info][gc,phases     ] GC(859)   Evacuate Collection Set: 3.5ms
[2026-06-18T01:13:39.568+0000][13536.332s][info][gc,phases     ] GC(859)   Post Evacuate Collection Set: 0.3ms
[2026-06-18T01:13:39.568+0000][13536.332s][info][gc,phases     ] GC(859)   Other: 0.4ms
[2026-06-18T01:13:39.568+0000][13536.332s][info][gc,heap       ] GC(859) Eden regions: 16->0(243)
[2026-06-18T01:13:39.568+0000][13536.332s][info][gc,heap       ] GC(859) Survivor regions: 9->2(4)
[2026-06-18T01:13:39.568+0000][13536.332s][info][gc,heap       ] GC(859) Old regions: 48->53
[2026-06-18T01:13:39.568+0000][13536.332s][info][gc,heap       ] GC(859) Humongous regions: 147->147
[2026-06-18T01:13:39.568+0000][13536.332s][info][gc,metaspace  ] GC(859) Metaspace: 52708K(55552K)->52708K(55552K) NonClass: 46778K(48384K)->46778K(48384K) Class: 5929K(7168K)->5929K(7168K)
[2026-06-18T01:13:39.568+0000][13536.332s][info][gc            ] GC(859) Pause Young (Mixed) (G1 Evacuation Pause) 218M->201M(512M) 4.788ms
[2026-06-18T01:13:39.568+0000][13536.333s][info][gc,cpu        ] GC(859) User=0.01s Sys=0.01s Real=0.00s
[2026-06-18T01:13:40.805+0000][13537.570s][info][gc,start      ] GC(860) Pause Young (Normal) (G1 Evacuation Pause)
[2026-06-18T01:13:40.805+0000][13537.570s][info][gc,task       ] GC(860) Using 13 workers of 13 for evacuation
[2026-06-18T01:13:40.808+0000][13537.573s][info][gc,phases     ] GC(860)   Pre Evacuate Collection Set: 0.0ms
[2026-06-18T01:13:40.808+0000][13537.573s][info][gc,phases     ] GC(860)   Evacuate Collection Set: 2.4ms
[2026-06-18T01:13:40.808+0000][13537.573s][info][gc,phases     ] GC(860)   Post Evacuate Collection Set: 0.3ms
[2026-06-18T01:13:40.808+0000][13537.573s][info][gc,phases     ] GC(860)   Other: 0.3ms
[2026-06-18T01:13:40.808+0000][13537.573s][info][gc,heap       ] GC(860) Eden regions: 243->0(241)
[2026-06-18T01:13:40.809+0000][13537.573s][info][gc,heap       ] GC(860) Survivor regions: 2->5(31)
[2026-06-18T01:13:40.809+0000][13537.573s][info][gc,heap       ] GC(860) Old regions: 53->53
[2026-06-18T01:13:40.809+0000][13537.573s][info][gc,heap       ] GC(860) Humongous regions: 147->147
[2026-06-18T01:13:40.809+0000][13537.573s][info][gc,metaspace  ] GC(860) Metaspace: 52708K(55552K)->52708K(55552K) NonClass: 46778K(48384K)->46778K(48384K) Class: 5929K(7168K)->5929K(7168K)
[2026-06-18T01:13:40.809+0000][13537.573s][info][gc            ] GC(860) Pause Young (Normal) (G1 Evacuation Pause) 444M->203M(512M) 3.676ms
[2026-06-18T01:13:40.809+0000][13537.573s][info][gc,cpu        ] GC(860) User=0.03s Sys=0.00s Real=0.01s
[2026-06-18T01:13:42.002+0000][13538.766s][info][gc,start      ] GC(861) Pause Young (Normal) (G1 Evacuation Pause)
[2026-06-18T01:13:42.002+0000][13538.766s][info][gc,task       ] GC(861) Using 13 workers of 13 for evacuation
[2026-06-18T01:13:42.003+0000][13538.768s][info][gc,phases     ] GC(861)   Pre Evacuate Collection Set: 0.0ms
[2026-06-18T01:13:42.003+0000][13538.768s][info][gc,phases     ] GC(861)   Evacuate Collection Set: 0.9ms
[2026-06-18T01:13:42.003+0000][13538.768s][info][gc,phases     ] GC(861)   Post Evacuate Collection Set: 0.3ms
[2026-06-18T01:13:42.003+0000][13538.768s][info][gc,phases     ] GC(861)   Other: 0.3ms
[2026-06-18T01:13:42.003+0000][13538.768s][info][gc,heap       ] GC(861) Eden regions: 241->0(246)
[2026-06-18T01:13:42.003+0000][13538.768s][info][gc,heap       ] GC(861) Survivor regions: 5->2(31)
[2026-06-18T01:13:42.003+0000][13538.768s][info][gc,heap       ] GC(861) Old regions: 53->53
[2026-06-18T01:13:42.003+0000][13538.768s][info][gc,heap       ] GC(861) Humongous regions: 147->147
[2026-06-18T01:13:42.004+0000][13538.768s][info][gc,metaspace  ] GC(861) Metaspace: 52708K(55552K)->52708K(55552K) NonClass: 46778K(48384K)->46778K(48384K) Class: 5929K(7168K)->5929K(7168K)
[2026-06-18T01:13:42.004+0000][13538.768s][info][gc            ] GC(861) Pause Young (Normal) (G1 Evacuation Pause) 444M->201M(512M) 2.024ms
[2026-06-18T01:13:42.004+0000][13538.768s][info][gc,cpu        ] GC(861) User=0.01s Sys=0.00s Real=0.00s
[2026-06-18T01:14:30.631+0000][13587.395s][info][gc,start      ] GC(862) Pause Young (Concurrent Start) (G1 Evacuation Pause)
[2026-06-18T01:14:30.631+0000][13587.395s][info][gc,task       ] GC(862) Using 13 workers of 13 for evacuation
[2026-06-18T01:14:30.637+0000][13587.401s][info][gc,phases     ] GC(862)   Pre Evacuate Collection Set: 0.3ms
[2026-06-18T01:14:30.637+0000][13587.401s][info][gc,phases     ] GC(862)   Evacuate Collection Set: 4.9ms
[2026-06-18T01:14:30.637+0000][13587.401s][info][gc,phases     ] GC(862)   Post Evacuate Collection Set: 0.3ms
[2026-06-18T01:14:30.637+0000][13587.401s][info][gc,phases     ] GC(862)   Other: 0.4ms
[2026-06-18T01:14:30.637+0000][13587.401s][info][gc,heap       ] GC(862) Eden regions: 246->0(243)
[2026-06-18T01:14:30.638+0000][13587.402s][info][gc,heap       ] GC(862) Survivor regions: 2->5(31)
[2026-06-18T01:14:30.638+0000][13587.402s][info][gc,heap       ] GC(862) Old regions: 53->53
[2026-06-18T01:14:30.638+0000][13587.402s][info][gc,heap       ] GC(862) Humongous regions: 147->147
[2026-06-18T01:14:30.638+0000][13587.402s][info][gc,metaspace  ] GC(862) Metaspace: 52708K(55552K)->52708K(55552K) NonClass: 46778K(48384K)->46778K(48384K) Class: 5929K(7168K)->5929K(7168K)
[2026-06-18T01:14:30.638+0000][13587.402s][info][gc            ] GC(862) Pause Young (Concurrent Start) (G1 Evacuation Pause) 447M->204M(512M) 6.444ms
[2026-06-18T01:14:30.638+0000][13587.402s][info][gc,cpu        ] GC(862) User=0.06s Sys=0.00s Real=0.00s
[2026-06-18T01:14:30.638+0000][13587.402s][info][gc            ] GC(863) Concurrent Cycle
[2026-06-18T01:14:30.638+0000][13587.402s][info][gc,marking    ] GC(863) Concurrent Clear Claimed Marks
[2026-06-18T01:14:30.638+0000][13587.402s][info][gc,marking    ] GC(863) Concurrent Clear Claimed Marks 0.321ms
[2026-06-18T01:14:30.638+0000][13587.402s][info][gc,marking    ] GC(863) Concurrent Scan Root Regions
[2026-06-18T01:14:30.640+0000][13587.404s][info][gc,marking    ] GC(863) Concurrent Scan Root Regions 1.119ms
[2026-06-18T01:14:30.640+0000][13587.404s][info][gc,marking    ] GC(863) Concurrent Mark (13587.404s)
[2026-06-18T01:14:30.640+0000][13587.404s][info][gc,marking    ] GC(863) Concurrent Mark From Roots
[2026-06-18T01:14:30.640+0000][13587.404s][info][gc,task       ] GC(863) Using 3 workers of 3 for marking
[2026-06-18T01:14:30.646+0000][13587.410s][info][gc,marking    ] GC(863) Concurrent Mark From Roots 5.864ms
[2026-06-18T01:14:30.646+0000][13587.410s][info][gc,marking    ] GC(863) Concurrent Preclean
[2026-06-18T01:14:30.646+0000][13587.410s][info][gc,marking    ] GC(863) Concurrent Preclean 0.187ms
[2026-06-18T01:14:30.646+0000][13587.410s][info][gc,marking    ] GC(863) Concurrent Mark (13587.404s, 13587.410s) 6.298ms
[2026-06-18T01:14:30.646+0000][13587.410s][info][gc,start      ] GC(863) Pause Remark
[2026-06-18T01:14:30.649+0000][13587.413s][info][gc,stringtable] GC(863) Cleaned string and symbol table, strings: 17366 processed, 0 removed, symbols: 125074 processed, 0 removed
[2026-06-18T01:14:30.649+0000][13587.413s][info][gc            ] GC(863) Pause Remark 208M->205M(512M) 2.764ms
[2026-06-18T01:14:30.649+0000][13587.413s][info][gc,cpu        ] GC(863) User=0.03s Sys=0.00s Real=0.01s
[2026-06-18T01:14:30.649+0000][13587.413s][info][gc,marking    ] GC(863) Concurrent Rebuild Remembered Sets
[2026-06-18T01:14:30.654+0000][13587.418s][info][gc,marking    ] GC(863) Concurrent Rebuild Remembered Sets 4.797ms
[2026-06-18T01:14:30.654+0000][13587.418s][info][gc,start      ] GC(863) Pause Cleanup
[2026-06-18T01:14:30.654+0000][13587.418s][info][gc            ] GC(863) Pause Cleanup 206M->206M(512M) 0.199ms
[2026-06-18T01:14:30.654+0000][13587.418s][info][gc,cpu        ] GC(863) User=0.00s Sys=0.00s Real=0.00s
[2026-06-18T01:14:30.655+0000][13587.419s][info][gc,marking    ] GC(863) Concurrent Cleanup for Next Mark
[2026-06-18T01:14:30.655+0000][13587.419s][info][gc,marking    ] GC(863) Concurrent Cleanup for Next Mark 0.199ms
[2026-06-18T01:14:30.655+0000][13587.419s][info][gc            ] GC(863) Concurrent Cycle 16.931ms
[2026-06-18T01:14:32.064+0000][13588.828s][info][gc,start      ] GC(864) Pause Young (Prepare Mixed) (G1 Evacuation Pause)
[2026-06-18T01:14:32.064+0000][13588.828s][info][gc,task       ] GC(864) Using 13 workers of 13 for evacuation
[2026-06-18T01:14:32.067+0000][13588.831s][info][gc,phases     ] GC(864)   Pre Evacuate Collection Set: 0.0ms
[2026-06-18T01:14:32.067+0000][13588.831s][info][gc,phases     ] GC(864)   Evacuate Collection Set: 2.1ms
[2026-06-18T01:14:32.067+0000][13588.831s][info][gc,phases     ] GC(864)   Post Evacuate Collection Set: 0.4ms
[2026-06-18T01:14:32.067+0000][13588.831s][info][gc,phases     ] GC(864)   Other: 0.3ms
[2026-06-18T01:14:32.067+0000][13588.831s][info][gc,heap       ] GC(864) Eden regions: 243->0(16)
[2026-06-18T01:14:32.067+0000][13588.831s][info][gc,heap       ] GC(864) Survivor regions: 5->9(31)
[2026-06-18T01:14:32.067+0000][13588.831s][info][gc,heap       ] GC(864) Old regions: 50->50
[2026-06-18T01:14:32.067+0000][13588.831s][info][gc,heap       ] GC(864) Humongous regions: 147->147
[2026-06-18T01:14:32.067+0000][13588.831s][info][gc,metaspace  ] GC(864) Metaspace: 52708K(55552K)->52708K(55552K) NonClass: 46778K(48384K)->46778K(48384K) Class: 5929K(7168K)->5929K(7168K)
[2026-06-18T01:14:32.067+0000][13588.831s][info][gc            ] GC(864) Pause Young (Prepare Mixed) (G1 Evacuation Pause) 444M->205M(512M) 3.275ms
[2026-06-18T01:14:32.067+0000][13588.831s][info][gc,cpu        ] GC(864) User=0.03s Sys=0.00s Real=0.00s
[2026-06-18T01:14:32.146+0000][13588.910s][info][gc,start      ] GC(865) Pause Young (Mixed) (G1 Evacuation Pause)
[2026-06-18T01:14:32.146+0000][13588.910s][info][gc,task       ] GC(865) Using 13 workers of 13 for evacuation
[2026-06-18T01:14:32.150+0000][13588.914s][info][gc,phases     ] GC(865)   Pre Evacuate Collection Set: 0.0ms
[2026-06-18T01:14:32.150+0000][13588.914s][info][gc,phases     ] GC(865)   Evacuate Collection Set: 3.4ms
[2026-06-18T01:14:32.150+0000][13588.914s][info][gc,phases     ] GC(865)   Post Evacuate Collection Set: 0.4ms
[2026-06-18T01:14:32.150+0000][13588.914s][info][gc,phases     ] GC(865)   Other: 0.4ms
[2026-06-18T01:14:32.150+0000][13588.914s][info][gc,heap       ] GC(865) Eden regions: 16->0(242)
[2026-06-18T01:14:32.150+0000][13588.914s][info][gc,heap       ] GC(865) Survivor regions: 9->2(4)
[2026-06-18T01:14:32.150+0000][13588.914s][info][gc,heap       ] GC(865) Old regions: 50->54
[2026-06-18T01:14:32.150+0000][13588.914s][info][gc,heap       ] GC(865) Humongous regions: 147->147
[2026-06-18T01:14:32.150+0000][13588.914s][info][gc,metaspace  ] GC(865) Metaspace: 52708K(55552K)->52708K(55552K) NonClass: 46778K(48384K)->46778K(48384K) Class: 5929K(7168K)->5929K(7168K)
[2026-06-18T01:14:32.150+0000][13588.915s][info][gc            ] GC(865) Pause Young (Mixed) (G1 Evacuation Pause) 221M->201M(512M) 4.637ms
[2026-06-18T01:14:32.151+0000][13588.915s][info][gc,cpu        ] GC(865) User=0.02s Sys=0.01s Real=0.01s
[2026-06-18T01:14:33.337+0000][13590.101s][info][gc,start      ] GC(866) Pause Young (Normal) (G1 Evacuation Pause)
[2026-06-18T01:14:33.337+0000][13590.101s][info][gc,task       ] GC(866) Using 13 workers of 13 for evacuation
[2026-06-18T01:14:33.339+0000][13590.103s][info][gc,phases     ] GC(866)   Pre Evacuate Collection Set: 0.0ms
[2026-06-18T01:14:33.339+0000][13590.103s][info][gc,phases     ] GC(866)   Evacuate Collection Set: 1.5ms
[2026-06-18T01:14:33.339+0000][13590.103s][info][gc,phases     ] GC(866)   Post Evacuate Collection Set: 0.3ms
[2026-06-18T01:14:33.339+0000][13590.103s][info][gc,phases     ] GC(866)   Other: 0.3ms
[2026-06-18T01:14:33.339+0000][13590.103s][info][gc,heap       ] GC(866) Eden regions: 242->0(241)
[2026-06-18T01:14:33.339+0000][13590.103s][info][gc,heap       ] GC(866) Survivor regions: 2->4(31)
[2026-06-18T01:14:33.339+0000][13590.103s][info][gc,heap       ] GC(866) Old regions: 54->54
[2026-06-18T01:14:33.339+0000][13590.103s][info][gc,heap       ] GC(866) Humongous regions: 147->147
[2026-06-18T01:14:33.339+0000][13590.103s][info][gc,metaspace  ] GC(866) Metaspace: 52708K(55552K)->52708K(55552K) NonClass: 46778K(48384K)->46778K(48384K) Class: 5929K(7168K)->5929K(7168K)
[2026-06-18T01:14:33.339+0000][13590.103s][info][gc            ] GC(866) Pause Young (Normal) (G1 Evacuation Pause) 443M->204M(512M) 2.714ms
[2026-06-18T01:14:33.339+0000][13590.103s][info][gc,cpu        ] GC(866) User=0.02s Sys=0.00s Real=0.01s
[2026-06-18T01:14:34.504+0000][13591.268s][info][gc,start      ] GC(867) Pause Young (Normal) (G1 Evacuation Pause)
[2026-06-18T01:14:34.504+0000][13591.268s][info][gc,task       ] GC(867) Using 13 workers of 13 for evacuation
[2026-06-18T01:14:34.506+0000][13591.270s][info][gc,phases     ] GC(867)   Pre Evacuate Collection Set: 0.0ms
[2026-06-18T01:14:34.506+0000][13591.270s][info][gc,phases     ] GC(867)   Evacuate Collection Set: 1.6ms
[2026-06-18T01:14:34.506+0000][13591.270s][info][gc,phases     ] GC(867)   Post Evacuate Collection Set: 0.3ms
[2026-06-18T01:14:34.507+0000][13591.271s][info][gc,phases     ] GC(867)   Other: 0.3ms
[2026-06-18T01:14:34.507+0000][13591.271s][info][gc,heap       ] GC(867) Eden regions: 241->0(235)
[2026-06-18T01:14:34.507+0000][13591.271s][info][gc,heap       ] GC(867) Survivor regions: 4->8(31)
[2026-06-18T01:14:34.507+0000][13591.271s][info][gc,heap       ] GC(867) Old regions: 54->54
[2026-06-18T01:14:34.507+0000][13591.271s][info][gc,heap       ] GC(867) Humongous regions: 147->147
[2026-06-18T01:14:34.507+0000][13591.271s][info][gc,metaspace  ] GC(867) Metaspace: 52708K(55552K)->52708K(55552K) NonClass: 46778K(48384K)->46778K(48384K) Class: 5929K(7168K)->5929K(7168K)
[2026-06-18T01:14:34.507+0000][13591.271s][info][gc            ] GC(867) Pause Young (Normal) (G1 Evacuation Pause) 445M->208M(512M) 2.801ms
[2026-06-18T01:14:34.507+0000][13591.271s][info][gc,cpu        ] GC(867) User=0.02s Sys=0.00s Real=0.00s
[2026-06-18T01:15:23.117+0000][13639.881s][info][gc,start      ] GC(868) Pause Young (Concurrent Start) (G1 Evacuation Pause)
[2026-06-18T01:15:23.117+0000][13639.881s][info][gc,task       ] GC(868) Using 13 workers of 13 for evacuation
[2026-06-18T01:15:23.120+0000][13639.883s][info][gc,phases     ] GC(868)   Pre Evacuate Collection Set: 0.3ms
[2026-06-18T01:15:23.120+0000][13639.883s][info][gc,phases     ] GC(868)   Evacuate Collection Set: 1.6ms
[2026-06-18T01:15:23.120+0000][13639.884s][info][gc,phases     ] GC(868)   Post Evacuate Collection Set: 0.3ms
[2026-06-18T01:15:23.120+0000][13639.884s][info][gc,phases     ] GC(868)   Other: 0.4ms
[2026-06-18T01:15:23.120+0000][13639.884s][info][gc,heap       ] GC(868) Eden regions: 235->0(239)
[2026-06-18T01:15:23.120+0000][13639.884s][info][gc,heap       ] GC(868) Survivor regions: 8->5(31)
[2026-06-18T01:15:23.120+0000][13639.884s][info][gc,heap       ] GC(868) Old regions: 54->54
[2026-06-18T01:15:23.120+0000][13639.884s][info][gc,heap       ] GC(868) Humongous regions: 147->147
[2026-06-18T01:15:23.120+0000][13639.884s][info][gc,metaspace  ] GC(868) Metaspace: 52708K(55552K)->52708K(55552K) NonClass: 46778K(48384K)->46778K(48384K) Class: 5929K(7168K)->5929K(7168K)
[2026-06-18T01:15:23.120+0000][13639.884s][info][gc            ] GC(868) Pause Young (Concurrent Start) (G1 Evacuation Pause) 443M->204M(512M) 3.178ms
[2026-06-18T01:15:23.120+0000][13639.884s][info][gc,cpu        ] GC(868) User=0.02s Sys=0.00s Real=0.01s
[2026-06-18T01:15:23.120+0000][13639.884s][info][gc            ] GC(869) Concurrent Cycle
[2026-06-18T01:15:23.120+0000][13639.884s][info][gc,marking    ] GC(869) Concurrent Clear Claimed Marks
[2026-06-18T01:15:23.121+0000][13639.884s][info][gc,marking    ] GC(869) Concurrent Clear Claimed Marks 0.185ms
[2026-06-18T01:15:23.121+0000][13639.884s][info][gc,marking    ] GC(869) Concurrent Scan Root Regions
[2026-06-18T01:15:23.122+0000][13639.885s][info][gc,marking    ] GC(869) Concurrent Scan Root Regions 0.946ms
[2026-06-18T01:15:23.122+0000][13639.885s][info][gc,marking    ] GC(869) Concurrent Mark (13639.885s)
[2026-06-18T01:15:23.122+0000][13639.885s][info][gc,marking    ] GC(869) Concurrent Mark From Roots
[2026-06-18T01:15:23.122+0000][13639.886s][info][gc,task       ] GC(869) Using 3 workers of 3 for marking
[2026-06-18T01:15:23.128+0000][13639.892s][info][gc,marking    ] GC(869) Concurrent Mark From Roots 6.048ms
[2026-06-18T01:15:23.128+0000][13639.892s][info][gc,marking    ] GC(869) Concurrent Preclean
[2026-06-18T01:15:23.128+0000][13639.892s][info][gc,marking    ] GC(869) Concurrent Preclean 0.190ms
[2026-06-18T01:15:23.128+0000][13639.892s][info][gc,marking    ] GC(869) Concurrent Mark (13639.885s, 13639.892s) 6.463ms
[2026-06-18T01:15:23.128+0000][13639.892s][info][gc,start      ] GC(869) Pause Remark
[2026-06-18T01:15:23.131+0000][13639.894s][info][gc,stringtable] GC(869) Cleaned string and symbol table, strings: 17366 processed, 0 removed, symbols: 125074 processed, 0 removed
[2026-06-18T01:15:23.131+0000][13639.895s][info][gc            ] GC(869) Pause Remark 208M->206M(512M) 2.692ms
[2026-06-18T01:15:23.131+0000][13639.895s][info][gc,cpu        ] GC(869) User=0.02s Sys=0.00s Real=0.01s
[2026-06-18T01:15:23.131+0000][13639.895s][info][gc,marking    ] GC(869) Concurrent Rebuild Remembered Sets
[2026-06-18T01:15:23.136+0000][13639.900s][info][gc,marking    ] GC(869) Concurrent Rebuild Remembered Sets 4.748ms
[2026-06-18T01:15:23.136+0000][13639.900s][info][gc,start      ] GC(869) Pause Cleanup
[2026-06-18T01:15:23.136+0000][13639.900s][info][gc            ] GC(869) Pause Cleanup 207M->207M(512M) 0.193ms
[2026-06-18T01:15:23.137+0000][13639.900s][info][gc,cpu        ] GC(869) User=0.00s Sys=0.00s Real=0.00s
[2026-06-18T01:15:23.137+0000][13639.900s][info][gc,marking    ] GC(869) Concurrent Cleanup for Next Mark
[2026-06-18T01:15:23.137+0000][13639.900s][info][gc,marking    ] GC(869) Concurrent Cleanup for Next Mark 0.154ms
[2026-06-18T01:15:23.137+0000][13639.901s][info][gc            ] GC(869) Concurrent Cycle 16.403ms
[2026-06-18T01:15:24.505+0000][13641.269s][info][gc,start      ] GC(870) Pause Young (Prepare Mixed) (G1 Evacuation Pause)
[2026-06-18T01:15:24.505+0000][13641.269s][info][gc,task       ] GC(870) Using 13 workers of 13 for evacuation
[2026-06-18T01:15:24.510+0000][13641.273s][info][gc,phases     ] GC(870)   Pre Evacuate Collection Set: 0.0ms
[2026-06-18T01:15:24.510+0000][13641.274s][info][gc,phases     ] GC(870)   Evacuate Collection Set: 3.7ms
[2026-06-18T01:15:24.510+0000][13641.274s][info][gc,phases     ] GC(870)   Post Evacuate Collection Set: 0.4ms
[2026-06-18T01:15:24.510+0000][13641.274s][info][gc,phases     ] GC(870)   Other: 0.4ms
[2026-06-18T01:15:24.510+0000][13641.274s][info][gc,heap       ] GC(870) Eden regions: 239->0(17)
[2026-06-18T01:15:24.510+0000][13641.274s][info][gc,heap       ] GC(870) Survivor regions: 5->8(31)
[2026-06-18T01:15:24.510+0000][13641.274s][info][gc,heap       ] GC(870) Old regions: 52->52
[2026-06-18T01:15:24.510+0000][13641.274s][info][gc,heap       ] GC(870) Humongous regions: 147->147
[2026-06-18T01:15:24.510+0000][13641.274s][info][gc,metaspace  ] GC(870) Metaspace: 52708K(55552K)->52708K(55552K) NonClass: 46778K(48384K)->46778K(48384K) Class: 5929K(7168K)->5929K(7168K)
[2026-06-18T01:15:24.510+0000][13641.274s][info][gc            ] GC(870) Pause Young (Prepare Mixed) (G1 Evacuation Pause) 441M->205M(512M) 4.968ms
[2026-06-18T01:15:24.510+0000][13641.274s][info][gc,cpu        ] GC(870) User=0.04s Sys=0.00s Real=0.01s
[2026-06-18T01:15:24.595+0000][13641.359s][info][gc,start      ] GC(871) Pause Young (Mixed) (G1 Evacuation Pause)
[2026-06-18T01:15:24.596+0000][13641.359s][info][gc,task       ] GC(871) Using 13 workers of 13 for evacuation
[2026-06-18T01:15:24.601+0000][13641.365s][info][gc,phases     ] GC(871)   Pre Evacuate Collection Set: 0.0ms
[2026-06-18T01:15:24.601+0000][13641.365s][info][gc,phases     ] GC(871)   Evacuate Collection Set: 5.0ms
[2026-06-18T01:15:24.601+0000][13641.365s][info][gc,phases     ] GC(871)   Post Evacuate Collection Set: 0.3ms
[2026-06-18T01:15:24.601+0000][13641.365s][info][gc,phases     ] GC(871)   Other: 0.3ms
[2026-06-18T01:15:24.601+0000][13641.365s][info][gc,heap       ] GC(871) Eden regions: 17->0(242)
[2026-06-18T01:15:24.601+0000][13641.365s][info][gc,heap       ] GC(871) Survivor regions: 8->2(4)
[2026-06-18T01:15:24.601+0000][13641.365s][info][gc,heap       ] GC(871) Old regions: 52->52
[2026-06-18T01:15:24.602+0000][13641.365s][info][gc,heap       ] GC(871) Humongous regions: 147->147
[2026-06-18T01:15:24.602+0000][13641.365s][info][gc,metaspace  ] GC(871) Metaspace: 52708K(55552K)->52708K(55552K) NonClass: 46778K(48384K)->46778K(48384K) Class: 5929K(7168K)->5929K(7168K)
[2026-06-18T01:15:24.602+0000][13641.365s][info][gc            ] GC(871) Pause Young (Mixed) (G1 Evacuation Pause) 222M->200M(512M) 6.146ms
[2026-06-18T01:15:24.602+0000][13641.365s][info][gc,cpu        ] GC(871) User=0.05s Sys=0.00s Real=0.01s
[2026-06-18T01:15:25.863+0000][13642.627s][info][gc,start      ] GC(872) Pause Young (Normal) (G1 Evacuation Pause)
[2026-06-18T01:15:25.863+0000][13642.627s][info][gc,task       ] GC(872) Using 13 workers of 13 for evacuation
[2026-06-18T01:15:25.866+0000][13642.630s][info][gc,phases     ] GC(872)   Pre Evacuate Collection Set: 0.0ms
[2026-06-18T01:15:25.866+0000][13642.630s][info][gc,phases     ] GC(872)   Evacuate Collection Set: 2.5ms
[2026-06-18T01:15:25.866+0000][13642.630s][info][gc,phases     ] GC(872)   Post Evacuate Collection Set: 0.3ms
[2026-06-18T01:15:25.866+0000][13642.630s][info][gc,phases     ] GC(872)   Other: 0.3ms
[2026-06-18T01:15:25.866+0000][13642.630s][info][gc,heap       ] GC(872) Eden regions: 242->0(243)
[2026-06-18T01:15:25.866+0000][13642.630s][info][gc,heap       ] GC(872) Survivor regions: 2->3(31)
[2026-06-18T01:15:25.866+0000][13642.630s][info][gc,heap       ] GC(872) Old regions: 52->52
[2026-06-18T01:15:25.866+0000][13642.630s][info][gc,heap       ] GC(872) Humongous regions: 147->147
[2026-06-18T01:15:25.867+0000][13642.630s][info][gc,metaspace  ] GC(872) Metaspace: 52708K(55552K)->52708K(55552K) NonClass: 46778K(48384K)->46778K(48384K) Class: 5929K(7168K)->5929K(7168K)
[2026-06-18T01:15:25.867+0000][13642.630s][info][gc            ] GC(872) Pause Young (Normal) (G1 Evacuation Pause) 442M->201M(512M) 3.642ms
[2026-06-18T01:15:25.867+0000][13642.630s][info][gc,cpu        ] GC(872) User=0.03s Sys=0.01s Real=0.00s
[2026-06-18T01:16:14.308+0000][13691.071s][info][gc,start      ] GC(873) Pause Young (Normal) (G1 Evacuation Pause)
[2026-06-18T01:16:14.308+0000][13691.071s][info][gc,task       ] GC(873) Using 13 workers of 13 for evacuation
[2026-06-18T01:16:14.311+0000][13691.075s][info][gc,phases     ] GC(873)   Pre Evacuate Collection Set: 0.0ms
[2026-06-18T01:16:14.312+0000][13691.075s][info][gc,phases     ] GC(873)   Evacuate Collection Set: 3.1ms
[2026-06-18T01:16:14.312+0000][13691.075s][info][gc,phases     ] GC(873)   Post Evacuate Collection Set: 0.3ms
[2026-06-18T01:16:14.312+0000][13691.075s][info][gc,phases     ] GC(873)   Other: 0.3ms
[2026-06-18T01:16:14.312+0000][13691.075s][info][gc,heap       ] GC(873) Eden regions: 243->0(238)
[2026-06-18T01:16:14.312+0000][13691.075s][info][gc,heap       ] GC(873) Survivor regions: 3->7(31)
[2026-06-18T01:16:14.312+0000][13691.075s][info][gc,heap       ] GC(873) Old regions: 52->52
[2026-06-18T01:16:14.312+0000][13691.075s][info][gc,heap       ] GC(873) Humongous regions: 147->147
[2026-06-18T01:16:14.312+0000][13691.075s][info][gc,metaspace  ] GC(873) Metaspace: 52716K(55552K)->52716K(55552K) NonClass: 46786K(48384K)->46786K(48384K) Class: 5929K(7168K)->5929K(7168K)
[2026-06-18T01:16:14.312+0000][13691.076s][info][gc            ] GC(873) Pause Young (Normal) (G1 Evacuation Pause) 444M->205M(512M) 4.378ms
[2026-06-18T01:16:14.312+0000][13691.076s][info][gc,cpu        ] GC(873) User=0.03s Sys=0.00s Real=0.01s
[2026-06-18T01:16:15.900+0000][13692.663s][info][gc,start      ] GC(874) Pause Young (Concurrent Start) (G1 Evacuation Pause)
[2026-06-18T01:16:15.900+0000][13692.664s][info][gc,task       ] GC(874) Using 13 workers of 13 for evacuation
[2026-06-18T01:16:15.903+0000][13692.667s][info][gc,phases     ] GC(874)   Pre Evacuate Collection Set: 0.3ms
[2026-06-18T01:16:15.903+0000][13692.667s][info][gc,phases     ] GC(874)   Evacuate Collection Set: 2.2ms
[2026-06-18T01:16:15.903+0000][13692.667s][info][gc,phases     ] GC(874)   Post Evacuate Collection Set: 0.3ms
[2026-06-18T01:16:15.903+0000][13692.667s][info][gc,phases     ] GC(874)   Other: 0.3ms
[2026-06-18T01:16:15.904+0000][13692.667s][info][gc,heap       ] GC(874) Eden regions: 238->0(241)
[2026-06-18T01:16:15.904+0000][13692.667s][info][gc,heap       ] GC(874) Survivor regions: 7->4(31)
[2026-06-18T01:16:15.904+0000][13692.667s][info][gc,heap       ] GC(874) Old regions: 52->52
[2026-06-18T01:16:15.904+0000][13692.667s][info][gc,heap       ] GC(874) Humongous regions: 147->147
[2026-06-18T01:16:15.904+0000][13692.667s][info][gc,metaspace  ] GC(874) Metaspace: 52716K(55552K)->52716K(55552K) NonClass: 46786K(48384K)->46786K(48384K) Class: 5929K(7168K)->5929K(7168K)
[2026-06-18T01:16:15.904+0000][13692.667s][info][gc            ] GC(874) Pause Young (Concurrent Start) (G1 Evacuation Pause) 443M->202M(512M) 3.988ms
[2026-06-18T01:16:15.904+0000][13692.667s][info][gc,cpu        ] GC(874) User=0.02s Sys=0.00s Real=0.00s
[2026-06-18T01:16:15.904+0000][13692.668s][info][gc            ] GC(875) Concurrent Cycle
[2026-06-18T01:16:15.904+0000][13692.668s][info][gc,marking    ] GC(875) Concurrent Clear Claimed Marks
[2026-06-18T01:16:15.905+0000][13692.668s][info][gc,marking    ] GC(875) Concurrent Clear Claimed Marks 0.217ms
[2026-06-18T01:16:15.905+0000][13692.668s][info][gc,marking    ] GC(875) Concurrent Scan Root Regions
[2026-06-18T01:16:15.906+0000][13692.669s][info][gc,marking    ] GC(875) Concurrent Scan Root Regions 0.955ms
[2026-06-18T01:16:15.906+0000][13692.669s][info][gc,marking    ] GC(875) Concurrent Mark (13692.669s)
[2026-06-18T01:16:15.906+0000][13692.669s][info][gc,marking    ] GC(875) Concurrent Mark From Roots
[2026-06-18T01:16:15.906+0000][13692.669s][info][gc,task       ] GC(875) Using 3 workers of 3 for marking
[2026-06-18T01:16:15.912+0000][13692.675s][info][gc,marking    ] GC(875) Concurrent Mark From Roots 5.822ms
[2026-06-18T01:16:15.912+0000][13692.675s][info][gc,marking    ] GC(875) Concurrent Preclean
[2026-06-18T01:16:15.912+0000][13692.675s][info][gc,marking    ] GC(875) Concurrent Preclean 0.227ms
[2026-06-18T01:16:15.912+0000][13692.676s][info][gc,marking    ] GC(875) Concurrent Mark (13692.669s, 13692.676s) 6.397ms
[2026-06-18T01:16:15.914+0000][13692.677s][info][gc,start      ] GC(875) Pause Remark
[2026-06-18T01:16:15.917+0000][13692.680s][info][gc,stringtable] GC(875) Cleaned string and symbol table, strings: 17371 processed, 0 removed, symbols: 125075 processed, 1 removed
[2026-06-18T01:16:15.917+0000][13692.680s][info][gc            ] GC(875) Pause Remark 206M->206M(512M) 3.373ms
[2026-06-18T01:16:15.917+0000][13692.681s][info][gc,cpu        ] GC(875) User=0.03s Sys=0.00s Real=0.00s
[2026-06-18T01:16:15.917+0000][13692.681s][info][gc,marking    ] GC(875) Concurrent Rebuild Remembered Sets
[2026-06-18T01:16:15.922+0000][13692.685s][info][gc,marking    ] GC(875) Concurrent Rebuild Remembered Sets 4.502ms
[2026-06-18T01:16:15.922+0000][13692.685s][info][gc,start      ] GC(875) Pause Cleanup
[2026-06-18T01:16:15.922+0000][13692.686s][info][gc            ] GC(875) Pause Cleanup 206M->206M(512M) 0.208ms
[2026-06-18T01:16:15.922+0000][13692.686s][info][gc,cpu        ] GC(875) User=0.00s Sys=0.00s Real=0.00s
[2026-06-18T01:16:15.922+0000][13692.686s][info][gc,marking    ] GC(875) Concurrent Cleanup for Next Mark
[2026-06-18T01:16:15.922+0000][13692.686s][info][gc,marking    ] GC(875) Concurrent Cleanup for Next Mark 0.167ms
[2026-06-18T01:16:15.923+0000][13692.686s][info][gc            ] GC(875) Concurrent Cycle 18.400ms
[2026-06-18T01:16:17.346+0000][13694.109s][info][gc,start      ] GC(876) Pause Young (Prepare Mixed) (G1 Evacuation Pause)
[2026-06-18T01:16:17.346+0000][13694.109s][info][gc,task       ] GC(876) Using 13 workers of 13 for evacuation
[2026-06-18T01:16:17.350+0000][13694.113s][info][gc,phases     ] GC(876)   Pre Evacuate Collection Set: 0.0ms
[2026-06-18T01:16:17.350+0000][13694.113s][info][gc,phases     ] GC(876)   Evacuate Collection Set: 3.0ms
[2026-06-18T01:16:17.350+0000][13694.113s][info][gc,phases     ] GC(876)   Post Evacuate Collection Set: 0.3ms
[2026-06-18T01:16:17.350+0000][13694.113s][info][gc,phases     ] GC(876)   Other: 0.4ms
[2026-06-18T01:16:17.350+0000][13694.113s][info][gc,heap       ] GC(876) Eden regions: 241->0(18)
[2026-06-18T01:16:17.350+0000][13694.113s][info][gc,heap       ] GC(876) Survivor regions: 4->7(31)
[2026-06-18T01:16:17.350+0000][13694.113s][info][gc,heap       ] GC(876) Old regions: 52->52
[2026-06-18T01:16:17.350+0000][13694.113s][info][gc,heap       ] GC(876) Humongous regions: 147->147
[2026-06-18T01:16:17.350+0000][13694.114s][info][gc,metaspace  ] GC(876) Metaspace: 52716K(55552K)->52716K(55552K) NonClass: 46786K(48384K)->46786K(48384K) Class: 5929K(7168K)->5929K(7168K)
[2026-06-18T01:16:17.350+0000][13694.114s][info][gc            ] GC(876) Pause Young (Prepare Mixed) (G1 Evacuation Pause) 443M->205M(512M) 4.280ms
[2026-06-18T01:16:17.350+0000][13694.114s][info][gc,cpu        ] GC(876) User=0.04s Sys=0.00s Real=0.01s
[2026-06-18T01:16:17.444+0000][13694.207s][info][gc,start      ] GC(877) Pause Young (Mixed) (G1 Evacuation Pause)
[2026-06-18T01:16:17.444+0000][13694.207s][info][gc,task       ] GC(877) Using 13 workers of 13 for evacuation
[2026-06-18T01:16:17.447+0000][13694.211s][info][gc,phases     ] GC(877)   Pre Evacuate Collection Set: 0.0ms
[2026-06-18T01:16:17.447+0000][13694.211s][info][gc,phases     ] GC(877)   Evacuate Collection Set: 2.9ms
[2026-06-18T01:16:17.447+0000][13694.211s][info][gc,phases     ] GC(877)   Post Evacuate Collection Set: 0.3ms
[2026-06-18T01:16:17.448+0000][13694.211s][info][gc,phases     ] GC(877)   Other: 0.4ms
[2026-06-18T01:16:17.448+0000][13694.211s][info][gc,heap       ] GC(877) Eden regions: 18->0(243)
[2026-06-18T01:16:17.448+0000][13694.211s][info][gc,heap       ] GC(877) Survivor regions: 7->2(4)
[2026-06-18T01:16:17.448+0000][13694.211s][info][gc,heap       ] GC(877) Old regions: 52->52
[2026-06-18T01:16:17.448+0000][13694.211s][info][gc,heap       ] GC(877) Humongous regions: 147->147
[2026-06-18T01:16:17.448+0000][13694.211s][info][gc,metaspace  ] GC(877) Metaspace: 52716K(55552K)->52716K(55552K) NonClass: 46786K(48384K)->46786K(48384K) Class: 5929K(7168K)->5929K(7168K)
[2026-06-18T01:16:17.448+0000][13694.211s][info][gc            ] GC(877) Pause Young (Mixed) (G1 Evacuation Pause) 223M->199M(512M) 4.064ms
[2026-06-18T01:16:17.448+0000][13694.211s][info][gc,cpu        ] GC(877) User=0.02s Sys=0.01s Real=0.00s
[2026-06-18T01:16:18.789+0000][13695.552s][info][gc,start      ] GC(878) Pause Young (Normal) (G1 Evacuation Pause)
[2026-06-18T01:16:18.789+0000][13695.553s][info][gc,task       ] GC(878) Using 13 workers of 13 for evacuation
[2026-06-18T01:16:18.793+0000][13695.557s][info][gc,phases     ] GC(878)   Pre Evacuate Collection Set: 0.0ms
[2026-06-18T01:16:18.793+0000][13695.557s][info][gc,phases     ] GC(878)   Evacuate Collection Set: 3.5ms
[2026-06-18T01:16:18.793+0000][13695.557s][info][gc,phases     ] GC(878)   Post Evacuate Collection Set: 0.4ms
[2026-06-18T01:16:18.793+0000][13695.557s][info][gc,phases     ] GC(878)   Other: 0.4ms
[2026-06-18T01:16:18.793+0000][13695.557s][info][gc,heap       ] GC(878) Eden regions: 243->0(237)
[2026-06-18T01:16:18.794+0000][13695.557s][info][gc,heap       ] GC(878) Survivor regions: 2->8(31)
[2026-06-18T01:16:18.794+0000][13695.557s][info][gc,heap       ] GC(878) Old regions: 52->52
[2026-06-18T01:16:18.794+0000][13695.557s][info][gc,heap       ] GC(878) Humongous regions: 147->147
[2026-06-18T01:16:18.794+0000][13695.557s][info][gc,metaspace  ] GC(878) Metaspace: 52716K(55552K)->52716K(55552K) NonClass: 46786K(48384K)->46786K(48384K) Class: 5929K(7168K)->5929K(7168K)
[2026-06-18T01:16:18.794+0000][13695.558s][info][gc            ] GC(878) Pause Young (Normal) (G1 Evacuation Pause) 442M->206M(512M) 5.475ms
[2026-06-18T01:16:18.795+0000][13695.558s][info][gc,cpu        ] GC(878) User=0.03s Sys=0.00s Real=0.01s
[2026-06-18T01:17:07.388+0000][13744.151s][info][gc,start      ] GC(879) Pause Young (Normal) (G1 Evacuation Pause)
[2026-06-18T01:17:07.388+0000][13744.151s][info][gc,task       ] GC(879) Using 13 workers of 13 for evacuation
[2026-06-18T01:17:07.392+0000][13744.155s][info][gc,phases     ] GC(879)   Pre Evacuate Collection Set: 0.0ms
[2026-06-18T01:17:07.392+0000][13744.155s][info][gc,phases     ] GC(879)   Evacuate Collection Set: 3.2ms
[2026-06-18T01:17:07.392+0000][13744.155s][info][gc,phases     ] GC(879)   Post Evacuate Collection Set: 0.4ms
[2026-06-18T01:17:07.392+0000][13744.155s][info][gc,phases     ] GC(879)   Other: 0.5ms
[2026-06-18T01:17:07.392+0000][13744.155s][info][gc,heap       ] GC(879) Eden regions: 237->0(240)
[2026-06-18T01:17:07.393+0000][13744.155s][info][gc,heap       ] GC(879) Survivor regions: 8->5(31)
[2026-06-18T01:17:07.393+0000][13744.155s][info][gc,heap       ] GC(879) Old regions: 52->52
[2026-06-18T01:17:07.393+0000][13744.155s][info][gc,heap       ] GC(879) Humongous regions: 147->147
[2026-06-18T01:17:07.393+0000][13744.155s][info][gc,metaspace  ] GC(879) Metaspace: 52716K(55552K)->52716K(55552K) NonClass: 46786K(48384K)->46786K(48384K) Class: 5929K(7168K)->5929K(7168K)
[2026-06-18T01:17:07.393+0000][13744.155s][info][gc            ] GC(879) Pause Young (Normal) (G1 Evacuation Pause) 443M->203M(512M) 4.687ms
[2026-06-18T01:17:07.393+0000][13744.156s][info][gc,cpu        ] GC(879) User=0.04s Sys=0.00s Real=0.01s
[2026-06-18T01:17:08.668+0000][13745.430s][info][gc,start      ] GC(880) Pause Young (Concurrent Start) (G1 Evacuation Pause)
[2026-06-18T01:17:08.668+0000][13745.431s][info][gc,task       ] GC(880) Using 13 workers of 13 for evacuation
[2026-06-18T01:17:08.671+0000][13745.434s][info][gc,phases     ] GC(880)   Pre Evacuate Collection Set: 0.3ms
[2026-06-18T01:17:08.671+0000][13745.434s][info][gc,phases     ] GC(880)   Evacuate Collection Set: 2.4ms
[2026-06-18T01:17:08.671+0000][13745.434s][info][gc,phases     ] GC(880)   Post Evacuate Collection Set: 0.3ms
[2026-06-18T01:17:08.671+0000][13745.434s][info][gc,phases     ] GC(880)   Other: 0.3ms
[2026-06-18T01:17:08.671+0000][13745.434s][info][gc,heap       ] GC(880) Eden regions: 240->0(237)
[2026-06-18T01:17:08.671+0000][13745.434s][info][gc,heap       ] GC(880) Survivor regions: 5->8(31)
[2026-06-18T01:17:08.671+0000][13745.434s][info][gc,heap       ] GC(880) Old regions: 52->52
[2026-06-18T01:17:08.671+0000][13745.434s][info][gc,heap       ] GC(880) Humongous regions: 147->147
[2026-06-18T01:17:08.671+0000][13745.434s][info][gc,metaspace  ] GC(880) Metaspace: 52716K(55552K)->52716K(55552K) NonClass: 46786K(48384K)->46786K(48384K) Class: 5929K(7168K)->5929K(7168K)
[2026-06-18T01:17:08.671+0000][13745.434s][info][gc            ] GC(880) Pause Young (Concurrent Start) (G1 Evacuation Pause) 443M->206M(512M) 3.658ms
[2026-06-18T01:17:08.672+0000][13745.434s][info][gc,cpu        ] GC(880) User=0.03s Sys=0.00s Real=0.01s
[2026-06-18T01:17:08.672+0000][13745.434s][info][gc            ] GC(881) Concurrent Cycle
[2026-06-18T01:17:08.672+0000][13745.434s][info][gc,marking    ] GC(881) Concurrent Clear Claimed Marks
[2026-06-18T01:17:08.672+0000][13745.435s][info][gc,marking    ] GC(881) Concurrent Clear Claimed Marks 0.233ms
[2026-06-18T01:17:08.672+0000][13745.435s][info][gc,marking    ] GC(881) Concurrent Scan Root Regions
[2026-06-18T01:17:08.673+0000][13745.436s][info][gc,marking    ] GC(881) Concurrent Scan Root Regions 1.399ms
[2026-06-18T01:17:08.674+0000][13745.436s][info][gc,marking    ] GC(881) Concurrent Mark (13745.436s)
[2026-06-18T01:17:08.674+0000][13745.436s][info][gc,marking    ] GC(881) Concurrent Mark From Roots
[2026-06-18T01:17:08.674+0000][13745.436s][info][gc,task       ] GC(881) Using 3 workers of 3 for marking
[2026-06-18T01:17:08.680+0000][13745.442s][info][gc,marking    ] GC(881) Concurrent Mark From Roots 6.079ms
[2026-06-18T01:17:08.680+0000][13745.442s][info][gc,marking    ] GC(881) Concurrent Preclean
[2026-06-18T01:17:08.680+0000][13745.443s][info][gc,marking    ] GC(881) Concurrent Preclean 0.153ms
[2026-06-18T01:17:08.680+0000][13745.443s][info][gc,marking    ] GC(881) Concurrent Mark (13745.436s, 13745.443s) 6.444ms
[2026-06-18T01:17:08.680+0000][13745.443s][info][gc,start      ] GC(881) Pause Remark
[2026-06-18T01:17:08.685+0000][13745.447s][info][gc,stringtable] GC(881) Cleaned string and symbol table, strings: 17371 processed, 0 removed, symbols: 125074 processed, 0 removed
[2026-06-18T01:17:08.685+0000][13745.448s][info][gc            ] GC(881) Pause Remark 210M->209M(512M) 4.701ms
[2026-06-18T01:17:08.685+0000][13745.448s][info][gc,cpu        ] GC(881) User=0.05s Sys=0.00s Real=0.00s
[2026-06-18T01:17:08.685+0000][13745.448s][info][gc,marking    ] GC(881) Concurrent Rebuild Remembered Sets
[2026-06-18T01:17:08.690+0000][13745.452s][info][gc,marking    ] GC(881) Concurrent Rebuild Remembered Sets 4.814ms
[2026-06-18T01:17:08.690+0000][13745.453s][info][gc,start      ] GC(881) Pause Cleanup
[2026-06-18T01:17:08.690+0000][13745.453s][info][gc            ] GC(881) Pause Cleanup 210M->210M(512M) 0.163ms
[2026-06-18T01:17:08.690+0000][13745.453s][info][gc,cpu        ] GC(881) User=0.00s Sys=0.00s Real=0.00s
[2026-06-18T01:17:08.690+0000][13745.453s][info][gc,marking    ] GC(881) Concurrent Cleanup for Next Mark
[2026-06-18T01:17:08.691+0000][13745.453s][info][gc,marking    ] GC(881) Concurrent Cleanup for Next Mark 0.128ms
[2026-06-18T01:17:08.691+0000][13745.453s][info][gc            ] GC(881) Concurrent Cycle 18.971ms
[2026-06-18T01:17:09.907+0000][13746.670s][info][gc,start      ] GC(882) Pause Young (Prepare Mixed) (G1 Evacuation Pause)
[2026-06-18T01:17:09.907+0000][13746.670s][info][gc,task       ] GC(882) Using 13 workers of 13 for evacuation
[2026-06-18T01:17:09.911+0000][13746.674s][info][gc,phases     ] GC(882)   Pre Evacuate Collection Set: 0.0ms
[2026-06-18T01:17:09.911+0000][13746.674s][info][gc,phases     ] GC(882)   Evacuate Collection Set: 3.6ms
[2026-06-18T01:17:09.911+0000][13746.674s][info][gc,phases     ] GC(882)   Post Evacuate Collection Set: 0.3ms
[2026-06-18T01:17:09.911+0000][13746.674s][info][gc,phases     ] GC(882)   Other: 0.4ms
[2026-06-18T01:17:09.911+0000][13746.674s][info][gc,heap       ] GC(882) Eden regions: 237->0(19)
[2026-06-18T01:17:09.911+0000][13746.674s][info][gc,heap       ] GC(882) Survivor regions: 8->6(31)
[2026-06-18T01:17:09.912+0000][13746.674s][info][gc,heap       ] GC(882) Old regions: 51->51
[2026-06-18T01:17:09.912+0000][13746.674s][info][gc,heap       ] GC(882) Humongous regions: 147->147
[2026-06-18T01:17:09.912+0000][13746.674s][info][gc,metaspace  ] GC(882) Metaspace: 52716K(55552K)->52716K(55552K) NonClass: 46786K(48384K)->46786K(48384K) Class: 5929K(7168K)->5929K(7168K)
[2026-06-18T01:17:09.912+0000][13746.674s][info][gc            ] GC(882) Pause Young (Prepare Mixed) (G1 Evacuation Pause) 442M->203M(512M) 4.790ms
[2026-06-18T01:17:09.912+0000][13746.674s][info][gc,cpu        ] GC(882) User=0.04s Sys=0.00s Real=0.01s
[2026-06-18T01:17:09.991+0000][13746.754s][info][gc,start      ] GC(883) Pause Young (Mixed) (G1 Evacuation Pause)
[2026-06-18T01:17:09.991+0000][13746.754s][info][gc,task       ] GC(883) Using 13 workers of 13 for evacuation
[2026-06-18T01:17:09.995+0000][13746.757s][info][gc,phases     ] GC(883)   Pre Evacuate Collection Set: 0.0ms
[2026-06-18T01:17:09.995+0000][13746.757s][info][gc,phases     ] GC(883)   Evacuate Collection Set: 2.6ms
[2026-06-18T01:17:09.995+0000][13746.757s][info][gc,phases     ] GC(883)   Post Evacuate Collection Set: 0.4ms
[2026-06-18T01:17:09.995+0000][13746.758s][info][gc,phases     ] GC(883)   Other: 0.3ms
[2026-06-18T01:17:09.995+0000][13746.758s][info][gc,heap       ] GC(883) Eden regions: 19->0(244)
[2026-06-18T01:17:09.995+0000][13746.758s][info][gc,heap       ] GC(883) Survivor regions: 6->2(4)
[2026-06-18T01:17:09.995+0000][13746.758s][info][gc,heap       ] GC(883) Old regions: 51->50
[2026-06-18T01:17:09.995+0000][13746.758s][info][gc,heap       ] GC(883) Humongous regions: 147->147
[2026-06-18T01:17:09.995+0000][13746.758s][info][gc,metaspace  ] GC(883) Metaspace: 52716K(55552K)->52716K(55552K) NonClass: 46786K(48384K)->46786K(48384K) Class: 5929K(7168K)->5929K(7168K)
[2026-06-18T01:17:09.995+0000][13746.758s][info][gc            ] GC(883) Pause Young (Mixed) (G1 Evacuation Pause) 222M->198M(512M) 3.938ms
[2026-06-18T01:17:09.995+0000][13746.758s][info][gc,cpu        ] GC(883) User=0.03s Sys=0.00s Real=0.00s
[2026-06-18T01:17:58.408+0000][13795.171s][info][gc,start      ] GC(884) Pause Young (Normal) (G1 Evacuation Pause)
[2026-06-18T01:17:58.408+0000][13795.171s][info][gc,task       ] GC(884) Using 13 workers of 13 for evacuation
[2026-06-18T01:17:58.410+0000][13795.172s][info][gc,phases     ] GC(884)   Pre Evacuate Collection Set: 0.0ms
[2026-06-18T01:17:58.410+0000][13795.172s][info][gc,phases     ] GC(884)   Evacuate Collection Set: 1.1ms
[2026-06-18T01:17:58.410+0000][13795.172s][info][gc,phases     ] GC(884)   Post Evacuate Collection Set: 0.3ms
[2026-06-18T01:17:58.410+0000][13795.173s][info][gc,phases     ] GC(884)   Other: 0.4ms
[2026-06-18T01:17:58.410+0000][13795.173s][info][gc,heap       ] GC(884) Eden regions: 244->0(246)
[2026-06-18T01:17:58.410+0000][13795.173s][info][gc,heap       ] GC(884) Survivor regions: 2->2(31)
[2026-06-18T01:17:58.410+0000][13795.173s][info][gc,heap       ] GC(884) Old regions: 50->50
[2026-06-18T01:17:58.410+0000][13795.173s][info][gc,heap       ] GC(884) Humongous regions: 147->147
[2026-06-18T01:17:58.410+0000][13795.173s][info][gc,metaspace  ] GC(884) Metaspace: 52716K(55552K)->52716K(55552K) NonClass: 46786K(48384K)->46786K(48384K) Class: 5929K(7168K)->5929K(7168K)
[2026-06-18T01:17:58.411+0000][13795.173s][info][gc            ] GC(884) Pause Young (Normal) (G1 Evacuation Pause) 442M->198M(512M) 2.283ms
[2026-06-18T01:17:58.411+0000][13795.173s][info][gc,cpu        ] GC(884) User=0.02s Sys=0.00s Real=0.01s
[2026-06-18T01:18:00.073+0000][13796.836s][info][gc,start      ] GC(885) Pause Young (Normal) (G1 Evacuation Pause)
[2026-06-18T01:18:00.073+0000][13796.836s][info][gc,task       ] GC(885) Using 13 workers of 13 for evacuation
[2026-06-18T01:18:00.076+0000][13796.838s][info][gc,phases     ] GC(885)   Pre Evacuate Collection Set: 0.0ms
[2026-06-18T01:18:00.076+0000][13796.838s][info][gc,phases     ] GC(885)   Evacuate Collection Set: 1.7ms
[2026-06-18T01:18:00.076+0000][13796.838s][info][gc,phases     ] GC(885)   Post Evacuate Collection Set: 0.4ms
[2026-06-18T01:18:00.076+0000][13796.838s][info][gc,phases     ] GC(885)   Other: 0.3ms
[2026-06-18T01:18:00.076+0000][13796.838s][info][gc,heap       ] GC(885) Eden regions: 246->0(244)
[2026-06-18T01:18:00.076+0000][13796.838s][info][gc,heap       ] GC(885) Survivor regions: 2->5(31)
[2026-06-18T01:18:00.076+0000][13796.838s][info][gc,heap       ] GC(885) Old regions: 50->50
[2026-06-18T01:18:00.076+0000][13796.839s][info][gc,heap       ] GC(885) Humongous regions: 147->147
[2026-06-18T01:18:00.076+0000][13796.839s][info][gc,metaspace  ] GC(885) Metaspace: 52716K(55552K)->52716K(55552K) NonClass: 46786K(48384K)->46786K(48384K) Class: 5929K(7168K)->5929K(7168K)
[2026-06-18T01:18:00.076+0000][13796.839s][info][gc            ] GC(885) Pause Young (Normal) (G1 Evacuation Pause) 444M->201M(512M) 3.033ms
[2026-06-18T01:18:00.076+0000][13796.839s][info][gc,cpu        ] GC(885) User=0.02s Sys=0.00s Real=0.00s
[2026-06-18T01:18:01.461+0000][13798.223s][info][gc,start      ] GC(886) Pause Young (Concurrent Start) (G1 Evacuation Pause)
[2026-06-18T01:18:01.461+0000][13798.224s][info][gc,task       ] GC(886) Using 13 workers of 13 for evacuation
[2026-06-18T01:18:01.464+0000][13798.226s][info][gc,phases     ] GC(886)   Pre Evacuate Collection Set: 0.3ms
[2026-06-18T01:18:01.464+0000][13798.226s][info][gc,phases     ] GC(886)   Evacuate Collection Set: 2.0ms
[2026-06-18T01:18:01.464+0000][13798.226s][info][gc,phases     ] GC(886)   Post Evacuate Collection Set: 0.3ms
[2026-06-18T01:18:01.464+0000][13798.227s][info][gc,phases     ] GC(886)   Other: 0.3ms
[2026-06-18T01:18:01.464+0000][13798.227s][info][gc,heap       ] GC(886) Eden regions: 244->0(241)
[2026-06-18T01:18:01.464+0000][13798.227s][info][gc,heap       ] GC(886) Survivor regions: 5->8(32)
[2026-06-18T01:18:01.464+0000][13798.227s][info][gc,heap       ] GC(886) Old regions: 50->50
[2026-06-18T01:18:01.464+0000][13798.227s][info][gc,heap       ] GC(886) Humongous regions: 147->147
[2026-06-18T01:18:01.465+0000][13798.227s][info][gc,metaspace  ] GC(886) Metaspace: 52716K(55552K)->52716K(55552K) NonClass: 46786K(48384K)->46786K(48384K) Class: 5929K(7168K)->5929K(7168K)
[2026-06-18T01:18:01.465+0000][13798.227s][info][gc            ] GC(886) Pause Young (Concurrent Start) (G1 Evacuation Pause) 445M->204M(512M) 3.526ms
[2026-06-18T01:18:01.465+0000][13798.227s][info][gc,cpu        ] GC(886) User=0.02s Sys=0.00s Real=0.00s
[2026-06-18T01:18:01.465+0000][13798.227s][info][gc            ] GC(887) Concurrent Cycle
[2026-06-18T01:18:01.465+0000][13798.227s][info][gc,marking    ] GC(887) Concurrent Clear Claimed Marks
[2026-06-18T01:18:01.465+0000][13798.227s][info][gc,marking    ] GC(887) Concurrent Clear Claimed Marks 0.142ms
[2026-06-18T01:18:01.465+0000][13798.227s][info][gc,marking    ] GC(887) Concurrent Scan Root Regions
[2026-06-18T01:18:01.466+0000][13798.229s][info][gc,marking    ] GC(887) Concurrent Scan Root Regions 1.247ms
[2026-06-18T01:18:01.466+0000][13798.229s][info][gc,marking    ] GC(887) Concurrent Mark (13798.229s)
[2026-06-18T01:18:01.466+0000][13798.229s][info][gc,marking    ] GC(887) Concurrent Mark From Roots
[2026-06-18T01:18:01.466+0000][13798.229s][info][gc,task       ] GC(887) Using 3 workers of 3 for marking
[2026-06-18T01:18:01.472+0000][13798.235s][info][gc,marking    ] GC(887) Concurrent Mark From Roots 5.919ms
[2026-06-18T01:18:01.472+0000][13798.235s][info][gc,marking    ] GC(887) Concurrent Preclean
[2026-06-18T01:18:01.473+0000][13798.235s][info][gc,marking    ] GC(887) Concurrent Preclean 0.198ms
[2026-06-18T01:18:01.473+0000][13798.235s][info][gc,marking    ] GC(887) Concurrent Mark (13798.229s, 13798.235s) 6.387ms
[2026-06-18T01:18:01.473+0000][13798.235s][info][gc,start      ] GC(887) Pause Remark
[2026-06-18T01:18:01.476+0000][13798.238s][info][gc,stringtable] GC(887) Cleaned string and symbol table, strings: 17379 processed, 0 removed, symbols: 125074 processed, 0 removed
[2026-06-18T01:18:01.476+0000][13798.238s][info][gc            ] GC(887) Pause Remark 208M->208M(512M) 2.886ms
[2026-06-18T01:18:01.476+0000][13798.238s][info][gc,cpu        ] GC(887) User=0.03s Sys=0.00s Real=0.00s
[2026-06-18T01:18:01.476+0000][13798.238s][info][gc,marking    ] GC(887) Concurrent Rebuild Remembered Sets
[2026-06-18T01:18:01.480+0000][13798.242s][info][gc,marking    ] GC(887) Concurrent Rebuild Remembered Sets 4.003ms
[2026-06-18T01:18:01.480+0000][13798.243s][info][gc,start      ] GC(887) Pause Cleanup
[2026-06-18T01:18:01.480+0000][13798.243s][info][gc            ] GC(887) Pause Cleanup 209M->209M(512M) 0.206ms
[2026-06-18T01:18:01.480+0000][13798.243s][info][gc,cpu        ] GC(887) User=0.00s Sys=0.00s Real=0.01s
[2026-06-18T01:18:01.481+0000][13798.243s][info][gc,marking    ] GC(887) Concurrent Cleanup for Next Mark
[2026-06-18T01:18:01.481+0000][13798.243s][info][gc,marking    ] GC(887) Concurrent Cleanup for Next Mark 0.147ms
[2026-06-18T01:18:01.481+0000][13798.243s][info][gc            ] GC(887) Concurrent Cycle 16.095ms
[2026-06-18T01:18:02.656+0000][13799.418s][info][gc,start      ] GC(888) Pause Young (Prepare Mixed) (G1 Evacuation Pause)
[2026-06-18T01:18:02.656+0000][13799.418s][info][gc,task       ] GC(888) Using 13 workers of 13 for evacuation
[2026-06-18T01:18:02.658+0000][13799.420s][info][gc,phases     ] GC(888)   Pre Evacuate Collection Set: 0.0ms
[2026-06-18T01:18:02.658+0000][13799.420s][info][gc,phases     ] GC(888)   Evacuate Collection Set: 1.7ms
[2026-06-18T01:18:02.658+0000][13799.420s][info][gc,phases     ] GC(888)   Post Evacuate Collection Set: 0.4ms
[2026-06-18T01:18:02.658+0000][13799.421s][info][gc,phases     ] GC(888)   Other: 0.3ms
[2026-06-18T01:18:02.658+0000][13799.421s][info][gc,heap       ] GC(888) Eden regions: 241->0(20)
[2026-06-18T01:18:02.658+0000][13799.421s][info][gc,heap       ] GC(888) Survivor regions: 8->5(32)
[2026-06-18T01:18:02.658+0000][13799.421s][info][gc,heap       ] GC(888) Old regions: 50->50
[2026-06-18T01:18:02.659+0000][13799.421s][info][gc,heap       ] GC(888) Humongous regions: 147->147
[2026-06-18T01:18:02.659+0000][13799.421s][info][gc,metaspace  ] GC(888) Metaspace: 52716K(55552K)->52716K(55552K) NonClass: 46786K(48384K)->46786K(48384K) Class: 5929K(7168K)->5929K(7168K)
[2026-06-18T01:18:02.659+0000][13799.421s][info][gc            ] GC(888) Pause Young (Prepare Mixed) (G1 Evacuation Pause) 445M->201M(512M) 3.060ms
[2026-06-18T01:18:02.659+0000][13799.421s][info][gc,cpu        ] GC(888) User=0.02s Sys=0.00s Real=0.00s
[2026-06-18T01:18:02.755+0000][13799.517s][info][gc,start      ] GC(889) Pause Young (Mixed) (G1 Evacuation Pause)
[2026-06-18T01:18:02.755+0000][13799.517s][info][gc,task       ] GC(889) Using 13 workers of 13 for evacuation
[2026-06-18T01:18:02.758+0000][13799.520s][info][gc,phases     ] GC(889)   Pre Evacuate Collection Set: 0.0ms
[2026-06-18T01:18:02.758+0000][13799.520s][info][gc,phases     ] GC(889)   Evacuate Collection Set: 2.5ms
[2026-06-18T01:18:02.758+0000][13799.520s][info][gc,phases     ] GC(889)   Post Evacuate Collection Set: 0.3ms
[2026-06-18T01:18:02.758+0000][13799.520s][info][gc,phases     ] GC(889)   Other: 0.3ms
[2026-06-18T01:18:02.758+0000][13799.520s][info][gc,heap       ] GC(889) Eden regions: 20->0(246)
[2026-06-18T01:18:02.758+0000][13799.521s][info][gc,heap       ] GC(889) Survivor regions: 5->2(4)
[2026-06-18T01:18:02.758+0000][13799.521s][info][gc,heap       ] GC(889) Old regions: 50->50
[2026-06-18T01:18:02.758+0000][13799.521s][info][gc,heap       ] GC(889) Humongous regions: 147->147
[2026-06-18T01:18:02.758+0000][13799.521s][info][gc,metaspace  ] GC(889) Metaspace: 52716K(55552K)->52716K(55552K) NonClass: 46786K(48384K)->46786K(48384K) Class: 5929K(7168K)->5929K(7168K)
[2026-06-18T01:18:02.758+0000][13799.521s][info][gc            ] GC(889) Pause Young (Mixed) (G1 Evacuation Pause) 221M->197M(512M) 3.569ms
[2026-06-18T01:18:02.758+0000][13799.521s][info][gc,cpu        ] GC(889) User=0.02s Sys=0.00s Real=0.00s
[2026-06-18T01:18:51.430+0000][13848.192s][info][gc,start      ] GC(890) Pause Young (Normal) (G1 Evacuation Pause)
[2026-06-18T01:18:51.430+0000][13848.192s][info][gc,task       ] GC(890) Using 13 workers of 13 for evacuation
[2026-06-18T01:18:51.432+0000][13848.194s][info][gc,phases     ] GC(890)   Pre Evacuate Collection Set: 0.0ms
[2026-06-18T01:18:51.433+0000][13848.195s][info][gc,phases     ] GC(890)   Evacuate Collection Set: 1.7ms
[2026-06-18T01:18:51.433+0000][13848.195s][info][gc,phases     ] GC(890)   Post Evacuate Collection Set: 0.3ms
[2026-06-18T01:18:51.433+0000][13848.195s][info][gc,phases     ] GC(890)   Other: 0.3ms
[2026-06-18T01:18:51.433+0000][13848.195s][info][gc,heap       ] GC(890) Eden regions: 246->0(241)
[2026-06-18T01:18:51.433+0000][13848.195s][info][gc,heap       ] GC(890) Survivor regions: 2->7(31)
[2026-06-18T01:18:51.433+0000][13848.195s][info][gc,heap       ] GC(890) Old regions: 50->50
[2026-06-18T01:18:51.433+0000][13848.195s][info][gc,heap       ] GC(890) Humongous regions: 147->147
[2026-06-18T01:18:51.433+0000][13848.195s][info][gc,metaspace  ] GC(890) Metaspace: 52723K(55552K)->52723K(55552K) NonClass: 46793K(48384K)->46793K(48384K) Class: 5929K(7168K)->5929K(7168K)
[2026-06-18T01:18:51.433+0000][13848.195s][info][gc            ] GC(890) Pause Young (Normal) (G1 Evacuation Pause) 443M->203M(512M) 3.038ms
[2026-06-18T01:18:51.433+0000][13848.195s][info][gc,cpu        ] GC(890) User=0.02s Sys=0.00s Real=0.01s
[2026-06-18T01:18:52.801+0000][13849.563s][info][gc,start      ] GC(891) Pause Young (Normal) (G1 Evacuation Pause)
[2026-06-18T01:18:52.801+0000][13849.563s][info][gc,task       ] GC(891) Using 13 workers of 13 for evacuation
[2026-06-18T01:18:52.806+0000][13849.568s][info][gc,phases     ] GC(891)   Pre Evacuate Collection Set: 0.0ms
[2026-06-18T01:18:52.806+0000][13849.568s][info][gc,phases     ] GC(891)   Evacuate Collection Set: 3.6ms
[2026-06-18T01:18:52.806+0000][13849.568s][info][gc,phases     ] GC(891)   Post Evacuate Collection Set: 0.3ms
[2026-06-18T01:18:52.806+0000][13849.568s][info][gc,phases     ] GC(891)   Other: 0.3ms
[2026-06-18T01:18:52.806+0000][13849.568s][info][gc,heap       ] GC(891) Eden regions: 241->0(244)
[2026-06-18T01:18:52.806+0000][13849.568s][info][gc,heap       ] GC(891) Survivor regions: 7->4(31)
[2026-06-18T01:18:52.806+0000][13849.568s][info][gc,heap       ] GC(891) Old regions: 50->50
[2026-06-18T01:18:52.806+0000][13849.568s][info][gc,heap       ] GC(891) Humongous regions: 147->147
[2026-06-18T01:18:52.806+0000][13849.568s][info][gc,metaspace  ] GC(891) Metaspace: 52723K(55552K)->52723K(55552K) NonClass: 46793K(48384K)->46793K(48384K) Class: 5929K(7168K)->5929K(7168K)
[2026-06-18T01:18:52.806+0000][13849.568s][info][gc            ] GC(891) Pause Young (Normal) (G1 Evacuation Pause) 444M->200M(512M) 4.824ms
[2026-06-18T01:18:52.806+0000][13849.568s][info][gc,cpu        ] GC(891) User=0.05s Sys=0.00s Real=0.00s
[2026-06-18T01:18:54.011+0000][13850.773s][info][gc,start      ] GC(892) Pause Young (Concurrent Start) (G1 Evacuation Pause)
[2026-06-18T01:18:54.011+0000][13850.773s][info][gc,task       ] GC(892) Using 13 workers of 13 for evacuation
[2026-06-18T01:18:54.013+0000][13850.776s][info][gc,phases     ] GC(892)   Pre Evacuate Collection Set: 0.3ms
[2026-06-18T01:18:54.014+0000][13850.776s][info][gc,phases     ] GC(892)   Evacuate Collection Set: 2.1ms
[2026-06-18T01:18:54.014+0000][13850.776s][info][gc,phases     ] GC(892)   Post Evacuate Collection Set: 0.3ms
[2026-06-18T01:18:54.014+0000][13850.776s][info][gc,phases     ] GC(892)   Other: 0.3ms
[2026-06-18T01:18:54.014+0000][13850.776s][info][gc,heap       ] GC(892) Eden regions: 244->0(241)
[2026-06-18T01:18:54.014+0000][13850.776s][info][gc,heap       ] GC(892) Survivor regions: 4->8(31)
[2026-06-18T01:18:54.014+0000][13850.776s][info][gc,heap       ] GC(892) Old regions: 50->50
[2026-06-18T01:18:54.014+0000][13850.776s][info][gc,heap       ] GC(892) Humongous regions: 147->147
[2026-06-18T01:18:54.014+0000][13850.776s][info][gc,metaspace  ] GC(892) Metaspace: 52723K(55552K)->52723K(55552K) NonClass: 46793K(48384K)->46793K(48384K) Class: 5929K(7168K)->5929K(7168K)
[2026-06-18T01:18:54.014+0000][13850.776s][info][gc            ] GC(892) Pause Young (Concurrent Start) (G1 Evacuation Pause) 444M->204M(512M) 3.535ms
[2026-06-18T01:18:54.014+0000][13850.776s][info][gc,cpu        ] GC(892) User=0.02s Sys=0.00s Real=0.01s
[2026-06-18T01:18:54.014+0000][13850.776s][info][gc            ] GC(893) Concurrent Cycle
[2026-06-18T01:18:54.014+0000][13850.776s][info][gc,marking    ] GC(893) Concurrent Clear Claimed Marks
[2026-06-18T01:18:54.014+0000][13850.776s][info][gc,marking    ] GC(893) Concurrent Clear Claimed Marks 0.186ms
[2026-06-18T01:18:54.015+0000][13850.777s][info][gc,marking    ] GC(893) Concurrent Scan Root Regions
[2026-06-18T01:18:54.016+0000][13850.778s][info][gc,marking    ] GC(893) Concurrent Scan Root Regions 1.308ms
[2026-06-18T01:18:54.016+0000][13850.778s][info][gc,marking    ] GC(893) Concurrent Mark (13850.778s)
[2026-06-18T01:18:54.016+0000][13850.778s][info][gc,marking    ] GC(893) Concurrent Mark From Roots
[2026-06-18T01:18:54.016+0000][13850.778s][info][gc,task       ] GC(893) Using 3 workers of 3 for marking
[2026-06-18T01:18:54.022+0000][13850.784s][info][gc,marking    ] GC(893) Concurrent Mark From Roots 5.553ms
[2026-06-18T01:18:54.022+0000][13850.784s][info][gc,marking    ] GC(893) Concurrent Preclean
[2026-06-18T01:18:54.022+0000][13850.784s][info][gc,marking    ] GC(893) Concurrent Preclean 0.214ms
[2026-06-18T01:18:54.022+0000][13850.784s][info][gc,marking    ] GC(893) Concurrent Mark (13850.778s, 13850.784s) 6.118ms
[2026-06-18T01:18:54.022+0000][13850.784s][info][gc,start      ] GC(893) Pause Remark
[2026-06-18T01:18:54.025+0000][13850.787s][info][gc,stringtable] GC(893) Cleaned string and symbol table, strings: 17379 processed, 0 removed, symbols: 125074 processed, 0 removed
[2026-06-18T01:18:54.025+0000][13850.787s][info][gc            ] GC(893) Pause Remark 208M->208M(512M) 2.688ms
[2026-06-18T01:18:54.025+0000][13850.787s][info][gc,cpu        ] GC(893) User=0.02s Sys=0.01s Real=0.00s
[2026-06-18T01:18:54.025+0000][13850.787s][info][gc,marking    ] GC(893) Concurrent Rebuild Remembered Sets
[2026-06-18T01:18:54.030+0000][13850.792s][info][gc,marking    ] GC(893) Concurrent Rebuild Remembered Sets 4.668ms
[2026-06-18T01:18:54.030+0000][13850.792s][info][gc,start      ] GC(893) Pause Cleanup
[2026-06-18T01:18:54.030+0000][13850.792s][info][gc            ] GC(893) Pause Cleanup 209M->209M(512M) 0.244ms
[2026-06-18T01:18:54.030+0000][13850.792s][info][gc,cpu        ] GC(893) User=0.00s Sys=0.00s Real=0.00s
[2026-06-18T01:18:54.031+0000][13850.793s][info][gc,marking    ] GC(893) Concurrent Cleanup for Next Mark
[2026-06-18T01:18:54.031+0000][13850.793s][info][gc,marking    ] GC(893) Concurrent Cleanup for Next Mark 0.232ms
[2026-06-18T01:18:54.031+0000][13850.793s][info][gc            ] GC(893) Concurrent Cycle 16.649ms
[2026-06-18T01:19:42.382+0000][13899.143s][info][gc,start      ] GC(894) Pause Young (Prepare Mixed) (G1 Evacuation Pause)
[2026-06-18T01:19:42.382+0000][13899.143s][info][gc,task       ] GC(894) Using 13 workers of 13 for evacuation
[2026-06-18T01:19:42.384+0000][13899.146s][info][gc,phases     ] GC(894)   Pre Evacuate Collection Set: 0.0ms
[2026-06-18T01:19:42.384+0000][13899.146s][info][gc,phases     ] GC(894)   Evacuate Collection Set: 1.6ms
[2026-06-18T01:19:42.384+0000][13899.146s][info][gc,phases     ] GC(894)   Post Evacuate Collection Set: 0.3ms
[2026-06-18T01:19:42.384+0000][13899.146s][info][gc,phases     ] GC(894)   Other: 0.5ms
[2026-06-18T01:19:42.384+0000][13899.146s][info][gc,heap       ] GC(894) Eden regions: 241->0(20)
[2026-06-18T01:19:42.384+0000][13899.146s][info][gc,heap       ] GC(894) Survivor regions: 8->5(32)
[2026-06-18T01:19:42.384+0000][13899.146s][info][gc,heap       ] GC(894) Old regions: 50->50
[2026-06-18T01:19:42.385+0000][13899.146s][info][gc,heap       ] GC(894) Humongous regions: 147->147
[2026-06-18T01:19:42.385+0000][13899.146s][info][gc,metaspace  ] GC(894) Metaspace: 52723K(55552K)->52723K(55552K) NonClass: 46793K(48384K)->46793K(48384K) Class: 5929K(7168K)->5929K(7168K)
[2026-06-18T01:19:42.385+0000][13899.146s][info][gc            ] GC(894) Pause Young (Prepare Mixed) (G1 Evacuation Pause) 445M->200M(512M) 3.016ms
[2026-06-18T01:19:42.385+0000][13899.146s][info][gc,cpu        ] GC(894) User=0.01s Sys=0.00s Real=0.00s
[2026-06-18T01:19:42.528+0000][13899.290s][info][gc,start      ] GC(895) Pause Young (Mixed) (G1 Evacuation Pause)
[2026-06-18T01:19:42.528+0000][13899.290s][info][gc,task       ] GC(895) Using 13 workers of 13 for evacuation
[2026-06-18T01:19:42.530+0000][13899.292s][info][gc,phases     ] GC(895)   Pre Evacuate Collection Set: 0.0ms
[2026-06-18T01:19:42.530+0000][13899.292s][info][gc,phases     ] GC(895)   Evacuate Collection Set: 1.4ms
[2026-06-18T01:19:42.530+0000][13899.292s][info][gc,phases     ] GC(895)   Post Evacuate Collection Set: 0.3ms
[2026-06-18T01:19:42.530+0000][13899.292s][info][gc,phases     ] GC(895)   Other: 0.3ms
[2026-06-18T01:19:42.530+0000][13899.292s][info][gc,heap       ] GC(895) Eden regions: 20->0(247)
[2026-06-18T01:19:42.530+0000][13899.292s][info][gc,heap       ] GC(895) Survivor regions: 5->4(4)
[2026-06-18T01:19:42.530+0000][13899.292s][info][gc,heap       ] GC(895) Old regions: 50->47
[2026-06-18T01:19:42.530+0000][13899.292s][info][gc,heap       ] GC(895) Humongous regions: 147->147
[2026-06-18T01:19:42.530+0000][13899.292s][info][gc,metaspace  ] GC(895) Metaspace: 52723K(55552K)->52723K(55552K) NonClass: 46793K(48384K)->46793K(48384K) Class: 5929K(7168K)->5929K(7168K)
[2026-06-18T01:19:42.531+0000][13899.292s][info][gc            ] GC(895) Pause Young (Mixed) (G1 Evacuation Pause) 220M->196M(512M) 2.447ms
[2026-06-18T01:19:42.531+0000][13899.292s][info][gc,cpu        ] GC(895) User=0.01s Sys=0.00s Real=0.00s
[2026-06-18T01:19:44.076+0000][13900.838s][info][gc,start      ] GC(896) Pause Young (Normal) (G1 Evacuation Pause)
[2026-06-18T01:19:44.076+0000][13900.838s][info][gc,task       ] GC(896) Using 13 workers of 13 for evacuation
[2026-06-18T01:19:44.085+0000][13900.847s][info][gc,phases     ] GC(896)   Pre Evacuate Collection Set: 0.0ms
[2026-06-18T01:19:44.085+0000][13900.847s][info][gc,phases     ] GC(896)   Evacuate Collection Set: 8.4ms
[2026-06-18T01:19:44.085+0000][13900.847s][info][gc,phases     ] GC(896)   Post Evacuate Collection Set: 0.3ms
[2026-06-18T01:19:44.085+0000][13900.847s][info][gc,phases     ] GC(896)   Other: 0.3ms
[2026-06-18T01:19:44.085+0000][13900.847s][info][gc,heap       ] GC(896) Eden regions: 247->0(244)
[2026-06-18T01:19:44.085+0000][13900.847s][info][gc,heap       ] GC(896) Survivor regions: 4->7(32)
[2026-06-18T01:19:44.086+0000][13900.847s][info][gc,heap       ] GC(896) Old regions: 47->47
[2026-06-18T01:19:44.086+0000][13900.847s][info][gc,heap       ] GC(896) Humongous regions: 147->147
[2026-06-18T01:19:44.086+0000][13900.847s][info][gc,metaspace  ] GC(896) Metaspace: 52723K(55552K)->52723K(55552K) NonClass: 46793K(48384K)->46793K(48384K) Class: 5929K(7168K)->5929K(7168K)
[2026-06-18T01:19:44.086+0000][13900.847s][info][gc            ] GC(896) Pause Young (Normal) (G1 Evacuation Pause) 443M->199M(512M) 9.659ms
[2026-06-18T01:19:44.086+0000][13900.847s][info][gc,cpu        ] GC(896) User=0.06s Sys=0.00s Real=0.01s
[2026-06-18T01:19:45.348+0000][13902.109s][info][gc,start      ] GC(897) Pause Young (Normal) (G1 Evacuation Pause)
[2026-06-18T01:19:45.348+0000][13902.109s][info][gc,task       ] GC(897) Using 13 workers of 13 for evacuation
[2026-06-18T01:19:45.350+0000][13902.111s][info][gc,phases     ] GC(897)   Pre Evacuate Collection Set: 0.0ms
[2026-06-18T01:19:45.350+0000][13902.111s][info][gc,phases     ] GC(897)   Evacuate Collection Set: 1.1ms
[2026-06-18T01:19:45.350+0000][13902.111s][info][gc,phases     ] GC(897)   Post Evacuate Collection Set: 0.3ms
[2026-06-18T01:19:45.350+0000][13902.111s][info][gc,phases     ] GC(897)   Other: 0.4ms
[2026-06-18T01:19:45.350+0000][13902.111s][info][gc,heap       ] GC(897) Eden regions: 244->0(248)
[2026-06-18T01:19:45.350+0000][13902.111s][info][gc,heap       ] GC(897) Survivor regions: 7->4(32)
[2026-06-18T01:19:45.350+0000][13902.111s][info][gc,heap       ] GC(897) Old regions: 47->47
[2026-06-18T01:19:45.350+0000][13902.111s][info][gc,heap       ] GC(897) Humongous regions: 147->147
[2026-06-18T01:19:45.350+0000][13902.112s][info][gc,metaspace  ] GC(897) Metaspace: 52723K(55552K)->52723K(55552K) NonClass: 46793K(48384K)->46793K(48384K) Class: 5929K(7168K)->5929K(7168K)
[2026-06-18T01:19:45.350+0000][13902.112s][info][gc            ] GC(897) Pause Young (Normal) (G1 Evacuation Pause) 443M->196M(512M) 2.331ms
[2026-06-18T01:19:45.350+0000][13902.112s][info][gc,cpu        ] GC(897) User=0.01s Sys=0.00s Real=0.00s
[2026-06-18T01:19:46.578+0000][13903.339s][info][gc,start      ] GC(898) Pause Young (Concurrent Start) (G1 Evacuation Pause)
[2026-06-18T01:19:46.578+0000][13903.339s][info][gc,task       ] GC(898) Using 13 workers of 13 for evacuation
[2026-06-18T01:19:46.581+0000][13903.342s][info][gc,phases     ] GC(898)   Pre Evacuate Collection Set: 0.3ms
[2026-06-18T01:19:46.581+0000][13903.342s][info][gc,phases     ] GC(898)   Evacuate Collection Set: 1.9ms
[2026-06-18T01:19:46.581+0000][13903.342s][info][gc,phases     ] GC(898)   Post Evacuate Collection Set: 0.4ms
[2026-06-18T01:19:46.581+0000][13903.342s][info][gc,phases     ] GC(898)   Other: 0.3ms
[2026-06-18T01:19:46.581+0000][13903.342s][info][gc,heap       ] GC(898) Eden regions: 248->0(244)
[2026-06-18T01:19:46.581+0000][13903.343s][info][gc,heap       ] GC(898) Survivor regions: 4->8(32)
[2026-06-18T01:19:46.581+0000][13903.343s][info][gc,heap       ] GC(898) Old regions: 47->47
[2026-06-18T01:19:46.581+0000][13903.343s][info][gc,heap       ] GC(898) Humongous regions: 147->147
[2026-06-18T01:19:46.581+0000][13903.343s][info][gc,metaspace  ] GC(898) Metaspace: 52723K(55552K)->52723K(55552K) NonClass: 46793K(48384K)->46793K(48384K) Class: 5929K(7168K)->5929K(7168K)
[2026-06-18T01:19:46.581+0000][13903.343s][info][gc            ] GC(898) Pause Young (Concurrent Start) (G1 Evacuation Pause) 444M->200M(512M) 3.571ms
[2026-06-18T01:19:46.581+0000][13903.343s][info][gc,cpu        ] GC(898) User=0.02s Sys=0.00s Real=0.01s
[2026-06-18T01:19:46.581+0000][13903.343s][info][gc            ] GC(899) Concurrent Cycle
[2026-06-18T01:19:46.582+0000][13903.343s][info][gc,marking    ] GC(899) Concurrent Clear Claimed Marks
[2026-06-18T01:19:46.582+0000][13903.343s][info][gc,marking    ] GC(899) Concurrent Clear Claimed Marks 0.323ms
[2026-06-18T01:19:46.582+0000][13903.343s][info][gc,marking    ] GC(899) Concurrent Scan Root Regions
[2026-06-18T01:19:46.583+0000][13903.345s][info][gc,marking    ] GC(899) Concurrent Scan Root Regions 1.423ms
[2026-06-18T01:19:46.583+0000][13903.345s][info][gc,marking    ] GC(899) Concurrent Mark (13903.345s)
[2026-06-18T01:19:46.584+0000][13903.345s][info][gc,marking    ] GC(899) Concurrent Mark From Roots
[2026-06-18T01:19:46.584+0000][13903.345s][info][gc,task       ] GC(899) Using 3 workers of 3 for marking
[2026-06-18T01:19:46.590+0000][13903.351s][info][gc,marking    ] GC(899) Concurrent Mark From Roots 6.222ms
[2026-06-18T01:19:46.590+0000][13903.351s][info][gc,marking    ] GC(899) Concurrent Preclean
[2026-06-18T01:19:46.590+0000][13903.352s][info][gc,marking    ] GC(899) Concurrent Preclean 0.182ms
[2026-06-18T01:19:46.590+0000][13903.352s][info][gc,marking    ] GC(899) Concurrent Mark (13903.345s, 13903.352s) 6.634ms
[2026-06-18T01:19:46.590+0000][13903.352s][info][gc,start      ] GC(899) Pause Remark
[2026-06-18T01:19:46.593+0000][13903.354s][info][gc,stringtable] GC(899) Cleaned string and symbol table, strings: 17379 processed, 0 removed, symbols: 125074 processed, 0 removed
[2026-06-18T01:19:46.593+0000][13903.355s][info][gc            ] GC(899) Pause Remark 205M->205M(512M) 2.748ms
[2026-06-18T01:19:46.593+0000][13903.355s][info][gc,cpu        ] GC(899) User=0.02s Sys=0.00s Real=0.01s
[2026-06-18T01:19:46.593+0000][13903.355s][info][gc,marking    ] GC(899) Concurrent Rebuild Remembered Sets
[2026-06-18T01:19:46.598+0000][13903.359s][info][gc,marking    ] GC(899) Concurrent Rebuild Remembered Sets 4.588ms
[2026-06-18T01:19:46.598+0000][13903.360s][info][gc,start      ] GC(899) Pause Cleanup
[2026-06-18T01:19:46.598+0000][13903.360s][info][gc            ] GC(899) Pause Cleanup 205M->205M(512M) 0.189ms
[2026-06-18T01:19:46.598+0000][13903.360s][info][gc,cpu        ] GC(899) User=0.00s Sys=0.00s Real=0.00s
[2026-06-18T01:19:46.598+0000][13903.360s][info][gc,marking    ] GC(899) Concurrent Cleanup for Next Mark
[2026-06-18T01:19:46.599+0000][13903.360s][info][gc,marking    ] GC(899) Concurrent Cleanup for Next Mark 0.147ms
[2026-06-18T01:19:46.599+0000][13903.360s][info][gc            ] GC(899) Concurrent Cycle 17.265ms
[2026-06-18T01:20:35.154+0000][13951.915s][info][gc,start      ] GC(900) Pause Young (Prepare Mixed) (G1 Evacuation Pause)
[2026-06-18T01:20:35.154+0000][13951.915s][info][gc,task       ] GC(900) Using 13 workers of 13 for evacuation
[2026-06-18T01:20:35.156+0000][13951.917s][info][gc,phases     ] GC(900)   Pre Evacuate Collection Set: 0.0ms
[2026-06-18T01:20:35.156+0000][13951.917s][info][gc,phases     ] GC(900)   Evacuate Collection Set: 1.6ms
[2026-06-18T01:20:35.156+0000][13951.917s][info][gc,phases     ] GC(900)   Post Evacuate Collection Set: 0.3ms
[2026-06-18T01:20:35.156+0000][13951.917s][info][gc,phases     ] GC(900)   Other: 0.4ms
[2026-06-18T01:20:35.156+0000][13951.917s][info][gc,heap       ] GC(900) Eden regions: 244->0(20)
[2026-06-18T01:20:35.156+0000][13951.917s][info][gc,heap       ] GC(900) Survivor regions: 8->5(32)
[2026-06-18T01:20:35.156+0000][13951.917s][info][gc,heap       ] GC(900) Old regions: 47->47
[2026-06-18T01:20:35.157+0000][13951.917s][info][gc,heap       ] GC(900) Humongous regions: 147->147
[2026-06-18T01:20:35.157+0000][13951.918s][info][gc,metaspace  ] GC(900) Metaspace: 52723K(55552K)->52723K(55552K) NonClass: 46793K(48384K)->46793K(48384K) Class: 5929K(7168K)->5929K(7168K)
[2026-06-18T01:20:35.157+0000][13951.918s][info][gc            ] GC(900) Pause Young (Prepare Mixed) (G1 Evacuation Pause) 444M->197M(512M) 2.880ms
[2026-06-18T01:20:35.157+0000][13951.918s][info][gc,cpu        ] GC(900) User=0.02s Sys=0.00s Real=0.00s
[2026-06-18T01:20:35.278+0000][13952.039s][info][gc,start      ] GC(901) Pause Young (Mixed) (G1 Evacuation Pause)
[2026-06-18T01:20:35.279+0000][13952.040s][info][gc,task       ] GC(901) Using 13 workers of 13 for evacuation
[2026-06-18T01:20:35.282+0000][13952.043s][info][gc,phases     ] GC(901)   Pre Evacuate Collection Set: 0.0ms
[2026-06-18T01:20:35.282+0000][13952.043s][info][gc,phases     ] GC(901)   Evacuate Collection Set: 2.9ms
[2026-06-18T01:20:35.282+0000][13952.043s][info][gc,phases     ] GC(901)   Post Evacuate Collection Set: 0.3ms
[2026-06-18T01:20:35.282+0000][13952.043s][info][gc,phases     ] GC(901)   Other: 0.7ms
[2026-06-18T01:20:35.283+0000][13952.043s][info][gc,heap       ] GC(901) Eden regions: 20->0(249)
[2026-06-18T01:20:35.283+0000][13952.044s][info][gc,heap       ] GC(901) Survivor regions: 5->3(4)
[2026-06-18T01:20:35.283+0000][13952.044s][info][gc,heap       ] GC(901) Old regions: 47->47
[2026-06-18T01:20:35.283+0000][13952.044s][info][gc,heap       ] GC(901) Humongous regions: 147->147
[2026-06-18T01:20:35.283+0000][13952.044s][info][gc,metaspace  ] GC(901) Metaspace: 52723K(55552K)->52723K(55552K) NonClass: 46793K(48384K)->46793K(48384K) Class: 5929K(7168K)->5929K(7168K)
[2026-06-18T01:20:35.283+0000][13952.044s][info][gc            ] GC(901) Pause Young (Mixed) (G1 Evacuation Pause) 217M->196M(512M) 4.434ms
[2026-06-18T01:20:35.283+0000][13952.044s][info][gc,cpu        ] GC(901) User=0.04s Sys=0.00s Real=0.01s
[2026-06-18T01:20:36.710+0000][13953.471s][info][gc,start      ] GC(902) Pause Young (Normal) (G1 Evacuation Pause)
[2026-06-18T01:20:36.710+0000][13953.471s][info][gc,task       ] GC(902) Using 13 workers of 13 for evacuation
[2026-06-18T01:20:36.712+0000][13953.473s][info][gc,phases     ] GC(902)   Pre Evacuate Collection Set: 0.0ms
[2026-06-18T01:20:36.712+0000][13953.473s][info][gc,phases     ] GC(902)   Evacuate Collection Set: 1.7ms
[2026-06-18T01:20:36.712+0000][13953.473s][info][gc,phases     ] GC(902)   Post Evacuate Collection Set: 0.4ms
[2026-06-18T01:20:36.712+0000][13953.473s][info][gc,phases     ] GC(902)   Other: 0.3ms
[2026-06-18T01:20:36.712+0000][13953.473s][info][gc,heap       ] GC(902) Eden regions: 249->0(244)
[2026-06-18T01:20:36.713+0000][13953.473s][info][gc,heap       ] GC(902) Survivor regions: 3->8(32)
[2026-06-18T01:20:36.713+0000][13953.474s][info][gc,heap       ] GC(902) Old regions: 47->47
[2026-06-18T01:20:36.713+0000][13953.474s][info][gc,heap       ] GC(902) Humongous regions: 147->147
[2026-06-18T01:20:36.713+0000][13953.474s][info][gc,metaspace  ] GC(902) Metaspace: 52723K(55552K)->52723K(55552K) NonClass: 46793K(48384K)->46793K(48384K) Class: 5929K(7168K)->5929K(7168K)
[2026-06-18T01:20:36.713+0000][13953.474s][info][gc            ] GC(902) Pause Young (Normal) (G1 Evacuation Pause) 445M->200M(512M) 2.954ms
[2026-06-18T01:20:36.713+0000][13953.474s][info][gc,cpu        ] GC(902) User=0.02s Sys=0.00s Real=0.01s
[2026-06-18T01:20:37.947+0000][13954.708s][info][gc,start      ] GC(903) Pause Young (Normal) (G1 Evacuation Pause)
[2026-06-18T01:20:37.948+0000][13954.709s][info][gc,task       ] GC(903) Using 13 workers of 13 for evacuation
[2026-06-18T01:20:37.950+0000][13954.711s][info][gc,phases     ] GC(903)   Pre Evacuate Collection Set: 0.0ms
[2026-06-18T01:20:37.950+0000][13954.711s][info][gc,phases     ] GC(903)   Evacuate Collection Set: 1.7ms
[2026-06-18T01:20:37.950+0000][13954.711s][info][gc,phases     ] GC(903)   Post Evacuate Collection Set: 0.4ms
[2026-06-18T01:20:37.950+0000][13954.711s][info][gc,phases     ] GC(903)   Other: 0.3ms
[2026-06-18T01:20:37.950+0000][13954.711s][info][gc,heap       ] GC(903) Eden regions: 244->0(246)
[2026-06-18T01:20:37.950+0000][13954.711s][info][gc,heap       ] GC(903) Survivor regions: 8->6(32)
[2026-06-18T01:20:37.950+0000][13954.711s][info][gc,heap       ] GC(903) Old regions: 47->47
[2026-06-18T01:20:37.950+0000][13954.711s][info][gc,heap       ] GC(903) Humongous regions: 147->147
[2026-06-18T01:20:37.950+0000][13954.711s][info][gc,metaspace  ] GC(903) Metaspace: 52723K(55552K)->52723K(55552K) NonClass: 46793K(48384K)->46793K(48384K) Class: 5929K(7168K)->5929K(7168K)
[2026-06-18T01:20:37.951+0000][13954.712s][info][gc            ] GC(903) Pause Young (Normal) (G1 Evacuation Pause) 444M->199M(512M) 3.092ms
[2026-06-18T01:20:37.951+0000][13954.712s][info][gc,cpu        ] GC(903) User=0.02s Sys=0.00s Real=0.00s
[2026-06-18T01:20:39.168+0000][13955.929s][info][gc,start      ] GC(904) Pause Young (Concurrent Start) (G1 Evacuation Pause)
[2026-06-18T01:20:39.168+0000][13955.929s][info][gc,task       ] GC(904) Using 13 workers of 13 for evacuation
[2026-06-18T01:20:39.171+0000][13955.932s][info][gc,phases     ] GC(904)   Pre Evacuate Collection Set: 0.3ms
[2026-06-18T01:20:39.171+0000][13955.932s][info][gc,phases     ] GC(904)   Evacuate Collection Set: 2.1ms
[2026-06-18T01:20:39.171+0000][13955.932s][info][gc,phases     ] GC(904)   Post Evacuate Collection Set: 0.3ms
[2026-06-18T01:20:39.171+0000][13955.932s][info][gc,phases     ] GC(904)   Other: 0.3ms
[2026-06-18T01:20:39.171+0000][13955.932s][info][gc,heap       ] GC(904) Eden regions: 246->0(240)
[2026-06-18T01:20:39.171+0000][13955.932s][info][gc,heap       ] GC(904) Survivor regions: 6->10(32)
[2026-06-18T01:20:39.171+0000][13955.932s][info][gc,heap       ] GC(904) Old regions: 47->47
[2026-06-18T01:20:39.171+0000][13955.932s][info][gc,heap       ] GC(904) Humongous regions: 147->147
[2026-06-18T01:20:39.171+0000][13955.932s][info][gc,metaspace  ] GC(904) Metaspace: 52723K(55552K)->52723K(55552K) NonClass: 46793K(48384K)->46793K(48384K) Class: 5929K(7168K)->5929K(7168K)
[2026-06-18T01:20:39.171+0000][13955.932s][info][gc            ] GC(904) Pause Young (Concurrent Start) (G1 Evacuation Pause) 445M->202M(512M) 3.766ms
[2026-06-18T01:20:39.171+0000][13955.932s][info][gc,cpu        ] GC(904) User=0.02s Sys=0.00s Real=0.00s
[2026-06-18T01:20:39.172+0000][13955.932s][info][gc            ] GC(905) Concurrent Cycle
[2026-06-18T01:20:39.172+0000][13955.933s][info][gc,marking    ] GC(905) Concurrent Clear Claimed Marks
[2026-06-18T01:20:39.172+0000][13955.933s][info][gc,marking    ] GC(905) Concurrent Clear Claimed Marks 0.332ms
[2026-06-18T01:20:39.172+0000][13955.933s][info][gc,marking    ] GC(905) Concurrent Scan Root Regions
[2026-06-18T01:20:39.174+0000][13955.935s][info][gc,marking    ] GC(905) Concurrent Scan Root Regions 1.603ms
[2026-06-18T01:20:39.174+0000][13955.935s][info][gc,marking    ] GC(905) Concurrent Mark (13955.935s)
[2026-06-18T01:20:39.174+0000][13955.935s][info][gc,marking    ] GC(905) Concurrent Mark From Roots
[2026-06-18T01:20:39.174+0000][13955.935s][info][gc,task       ] GC(905) Using 3 workers of 3 for marking
[2026-06-18T01:20:39.179+0000][13955.940s][info][gc,marking    ] GC(905) Concurrent Mark From Roots 5.268ms
[2026-06-18T01:20:39.179+0000][13955.940s][info][gc,marking    ] GC(905) Concurrent Preclean
[2026-06-18T01:20:39.179+0000][13955.940s][info][gc,marking    ] GC(905) Concurrent Preclean 0.153ms
[2026-06-18T01:20:39.179+0000][13955.940s][info][gc,marking    ] GC(905) Concurrent Mark (13955.935s, 13955.940s) 5.653ms
[2026-06-18T01:20:39.180+0000][13955.941s][info][gc,start      ] GC(905) Pause Remark
[2026-06-18T01:20:39.182+0000][13955.943s][info][gc,stringtable] GC(905) Cleaned string and symbol table, strings: 17379 processed, 0 removed, symbols: 125074 processed, 0 removed
[2026-06-18T01:20:39.183+0000][13955.944s][info][gc            ] GC(905) Pause Remark 205M->205M(512M) 3.250ms
[2026-06-18T01:20:39.183+0000][13955.944s][info][gc,cpu        ] GC(905) User=0.04s Sys=0.00s Real=0.01s
[2026-06-18T01:20:39.183+0000][13955.944s][info][gc,marking    ] GC(905) Concurrent Rebuild Remembered Sets
[2026-06-18T01:20:39.187+0000][13955.948s][info][gc,marking    ] GC(905) Concurrent Rebuild Remembered Sets 3.812ms
[2026-06-18T01:20:39.187+0000][13955.948s][info][gc,start      ] GC(905) Pause Cleanup
[2026-06-18T01:20:39.187+0000][13955.948s][info][gc            ] GC(905) Pause Cleanup 205M->205M(512M) 0.182ms
[2026-06-18T01:20:39.187+0000][13955.948s][info][gc,cpu        ] GC(905) User=0.00s Sys=0.00s Real=0.00s
[2026-06-18T01:20:39.187+0000][13955.948s][info][gc,marking    ] GC(905) Concurrent Cleanup for Next Mark
[2026-06-18T01:20:39.187+0000][13955.948s][info][gc,marking    ] GC(905) Concurrent Cleanup for Next Mark 0.160ms
[2026-06-18T01:20:39.188+0000][13955.948s][info][gc            ] GC(905) Concurrent Cycle 16.027ms
[2026-06-18T01:21:27.870+0000][14004.659s][info][gc,start      ] GC(906) Pause Young (Prepare Mixed) (G1 Evacuation Pause)
[2026-06-18T01:21:27.870+0000][14004.660s][info][gc,task       ] GC(906) Using 13 workers of 13 for evacuation
[2026-06-18T01:21:27.876+0000][14004.666s][info][gc,phases     ] GC(906)   Pre Evacuate Collection Set: 0.0ms
[2026-06-18T01:21:27.876+0000][14004.666s][info][gc,phases     ] GC(906)   Evacuate Collection Set: 5.3ms
[2026-06-18T01:21:27.876+0000][14004.666s][info][gc,phases     ] GC(906)   Post Evacuate Collection Set: 0.4ms
[2026-06-18T01:21:27.876+0000][14004.666s][info][gc,phases     ] GC(906)   Other: 0.4ms
[2026-06-18T01:21:27.876+0000][14004.666s][info][gc,heap       ] GC(906) Eden regions: 240->0(19)
[2026-06-18T01:21:27.876+0000][14004.666s][info][gc,heap       ] GC(906) Survivor regions: 10->6(32)
[2026-06-18T01:21:27.876+0000][14004.666s][info][gc,heap       ] GC(906) Old regions: 47->47
[2026-06-18T01:21:27.877+0000][14004.666s][info][gc,heap       ] GC(906) Humongous regions: 147->147
[2026-06-18T01:21:27.877+0000][14004.666s][info][gc,metaspace  ] GC(906) Metaspace: 52731K(55552K)->52731K(55552K) NonClass: 46802K(48384K)->46802K(48384K) Class: 5929K(7168K)->5929K(7168K)
[2026-06-18T01:21:27.877+0000][14004.666s][info][gc            ] GC(906) Pause Young (Prepare Mixed) (G1 Evacuation Pause) 442M->198M(512M) 6.942ms
[2026-06-18T01:21:27.877+0000][14004.667s][info][gc,cpu        ] GC(906) User=0.06s Sys=0.01s Real=0.01s
[2026-06-18T01:21:27.980+0000][14004.770s][info][gc,start      ] GC(907) Pause Young (Mixed) (G1 Evacuation Pause)
[2026-06-18T01:21:27.981+0000][14004.770s][info][gc,task       ] GC(907) Using 13 workers of 13 for evacuation
[2026-06-18T01:21:27.983+0000][14004.773s][info][gc,phases     ] GC(907)   Pre Evacuate Collection Set: 0.0ms
[2026-06-18T01:21:27.983+0000][14004.773s][info][gc,phases     ] GC(907)   Evacuate Collection Set: 2.1ms
[2026-06-18T01:21:27.983+0000][14004.773s][info][gc,phases     ] GC(907)   Post Evacuate Collection Set: 0.3ms
[2026-06-18T01:21:27.984+0000][14004.773s][info][gc,phases     ] GC(907)   Other: 0.3ms
[2026-06-18T01:21:27.984+0000][14004.773s][info][gc,heap       ] GC(907) Eden regions: 19->0(246)
[2026-06-18T01:21:27.984+0000][14004.773s][info][gc,heap       ] GC(907) Survivor regions: 6->2(4)
[2026-06-18T01:21:27.984+0000][14004.773s][info][gc,heap       ] GC(907) Old regions: 47->50
[2026-06-18T01:21:27.984+0000][14004.773s][info][gc,heap       ] GC(907) Humongous regions: 147->147
[2026-06-18T01:21:27.984+0000][14004.774s][info][gc,metaspace  ] GC(907) Metaspace: 52731K(55552K)->52731K(55552K) NonClass: 46802K(48384K)->46802K(48384K) Class: 5929K(7168K)->5929K(7168K)
[2026-06-18T01:21:27.984+0000][14004.774s][info][gc            ] GC(907) Pause Young (Mixed) (G1 Evacuation Pause) 217M->197M(512M) 3.347ms
[2026-06-18T01:21:27.984+0000][14004.774s][info][gc,cpu        ] GC(907) User=0.02s Sys=0.00s Real=0.01s
[2026-06-18T01:21:29.379+0000][14006.169s][info][gc,start      ] GC(908) Pause Young (Normal) (G1 Evacuation Pause)
[2026-06-18T01:21:29.379+0000][14006.169s][info][gc,task       ] GC(908) Using 13 workers of 13 for evacuation
[2026-06-18T01:21:29.382+0000][14006.171s][info][gc,phases     ] GC(908)   Pre Evacuate Collection Set: 0.0ms
[2026-06-18T01:21:29.382+0000][14006.171s][info][gc,phases     ] GC(908)   Evacuate Collection Set: 1.8ms
[2026-06-18T01:21:29.382+0000][14006.171s][info][gc,phases     ] GC(908)   Post Evacuate Collection Set: 0.4ms
[2026-06-18T01:21:29.382+0000][14006.172s][info][gc,phases     ] GC(908)   Other: 0.4ms
[2026-06-18T01:21:29.382+0000][14006.172s][info][gc,heap       ] GC(908) Eden regions: 246->0(239)
[2026-06-18T01:21:29.382+0000][14006.172s][info][gc,heap       ] GC(908) Survivor regions: 2->8(31)
[2026-06-18T01:21:29.382+0000][14006.172s][info][gc,heap       ] GC(908) Old regions: 50->50
[2026-06-18T01:21:29.382+0000][14006.172s][info][gc,heap       ] GC(908) Humongous regions: 147->147
[2026-06-18T01:21:29.382+0000][14006.172s][info][gc,metaspace  ] GC(908) Metaspace: 52731K(55552K)->52731K(55552K) NonClass: 46802K(48384K)->46802K(48384K) Class: 5929K(7168K)->5929K(7168K)
[2026-06-18T01:21:29.382+0000][14006.172s][info][gc            ] GC(908) Pause Young (Normal) (G1 Evacuation Pause) 443M->203M(512M) 3.208ms
[2026-06-18T01:21:29.382+0000][14006.172s][info][gc,cpu        ] GC(908) User=0.02s Sys=0.00s Real=0.00s
[2026-06-18T01:21:30.620+0000][14007.410s][info][gc,start      ] GC(909) Pause Young (Normal) (G1 Evacuation Pause)
[2026-06-18T01:21:30.620+0000][14007.410s][info][gc,task       ] GC(909) Using 13 workers of 13 for evacuation
[2026-06-18T01:21:30.623+0000][14007.412s][info][gc,phases     ] GC(909)   Pre Evacuate Collection Set: 0.0ms
[2026-06-18T01:21:30.623+0000][14007.412s][info][gc,phases     ] GC(909)   Evacuate Collection Set: 2.0ms
[2026-06-18T01:21:30.623+0000][14007.412s][info][gc,phases     ] GC(909)   Post Evacuate Collection Set: 0.4ms
[2026-06-18T01:21:30.623+0000][14007.412s][info][gc,phases     ] GC(909)   Other: 0.3ms
[2026-06-18T01:21:30.623+0000][14007.412s][info][gc,heap       ] GC(909) Eden regions: 239->0(243)
[2026-06-18T01:21:30.623+0000][14007.413s][info][gc,heap       ] GC(909) Survivor regions: 8->5(31)
[2026-06-18T01:21:30.623+0000][14007.413s][info][gc,heap       ] GC(909) Old regions: 50->50
[2026-06-18T01:21:30.623+0000][14007.413s][info][gc,heap       ] GC(909) Humongous regions: 147->147
[2026-06-18T01:21:30.623+0000][14007.413s][info][gc,metaspace  ] GC(909) Metaspace: 52731K(55552K)->52731K(55552K) NonClass: 46802K(48384K)->46802K(48384K) Class: 5929K(7168K)->5929K(7168K)
[2026-06-18T01:21:30.623+0000][14007.413s][info][gc            ] GC(909) Pause Young (Normal) (G1 Evacuation Pause) 442M->200M(512M) 3.095ms
[2026-06-18T01:21:30.623+0000][14007.413s][info][gc,cpu        ] GC(909) User=0.02s Sys=0.00s Real=0.01s
[2026-06-18T01:22:19.112+0000][14055.902s][info][gc,start      ] GC(910) Pause Young (Concurrent Start) (G1 Evacuation Pause)
[2026-06-18T01:22:19.112+0000][14055.903s][info][gc,task       ] GC(910) Using 13 workers of 13 for evacuation
[2026-06-18T01:22:19.115+0000][14055.906s][info][gc,phases     ] GC(910)   Pre Evacuate Collection Set: 0.3ms
[2026-06-18T01:22:19.115+0000][14055.906s][info][gc,phases     ] GC(910)   Evacuate Collection Set: 2.1ms
[2026-06-18T01:22:19.115+0000][14055.906s][info][gc,phases     ] GC(910)   Post Evacuate Collection Set: 0.3ms
[2026-06-18T01:22:19.115+0000][14055.906s][info][gc,phases     ] GC(910)   Other: 0.4ms
[2026-06-18T01:22:19.115+0000][14055.906s][info][gc,heap       ] GC(910) Eden regions: 243->0(240)
[2026-06-18T01:22:19.115+0000][14055.906s][info][gc,heap       ] GC(910) Survivor regions: 5->8(31)
[2026-06-18T01:22:19.115+0000][14055.906s][info][gc,heap       ] GC(910) Old regions: 50->50
[2026-06-18T01:22:19.115+0000][14055.906s][info][gc,heap       ] GC(910) Humongous regions: 147->147
[2026-06-18T01:22:19.115+0000][14055.906s][info][gc,metaspace  ] GC(910) Metaspace: 52738K(55552K)->52738K(55552K) NonClass: 46808K(48384K)->46808K(48384K) Class: 5929K(7168K)->5929K(7168K)
[2026-06-18T01:22:19.115+0000][14055.906s][info][gc            ] GC(910) Pause Young (Concurrent Start) (G1 Evacuation Pause) 443M->203M(512M) 3.671ms
[2026-06-18T01:22:19.115+0000][14055.906s][info][gc,cpu        ] GC(910) User=0.03s Sys=0.00s Real=0.01s
[2026-06-18T01:22:19.115+0000][14055.906s][info][gc            ] GC(911) Concurrent Cycle
[2026-06-18T01:22:19.115+0000][14055.906s][info][gc,marking    ] GC(911) Concurrent Clear Claimed Marks
[2026-06-18T01:22:19.116+0000][14055.907s][info][gc,marking    ] GC(911) Concurrent Clear Claimed Marks 0.249ms
[2026-06-18T01:22:19.116+0000][14055.907s][info][gc,marking    ] GC(911) Concurrent Scan Root Regions
[2026-06-18T01:22:19.117+0000][14055.908s][info][gc,marking    ] GC(911) Concurrent Scan Root Regions 1.335ms
[2026-06-18T01:22:19.117+0000][14055.908s][info][gc,marking    ] GC(911) Concurrent Mark (14055.908s)
[2026-06-18T01:22:19.117+0000][14055.908s][info][gc,marking    ] GC(911) Concurrent Mark From Roots
[2026-06-18T01:22:19.117+0000][14055.908s][info][gc,task       ] GC(911) Using 3 workers of 3 for marking
[2026-06-18T01:22:19.124+0000][14055.914s][info][gc,marking    ] GC(911) Concurrent Mark From Roots 6.214ms
[2026-06-18T01:22:19.124+0000][14055.915s][info][gc,marking    ] GC(911) Concurrent Preclean
[2026-06-18T01:22:19.124+0000][14055.915s][info][gc,marking    ] GC(911) Concurrent Preclean 0.237ms
[2026-06-18T01:22:19.124+0000][14055.915s][info][gc,marking    ] GC(911) Concurrent Mark (14055.908s, 14055.915s) 6.765ms
[2026-06-18T01:22:19.124+0000][14055.915s][info][gc,start      ] GC(911) Pause Remark
[2026-06-18T01:22:19.127+0000][14055.918s][info][gc,stringtable] GC(911) Cleaned string and symbol table, strings: 17389 processed, 0 removed, symbols: 125074 processed, 0 removed
[2026-06-18T01:22:19.127+0000][14055.918s][info][gc            ] GC(911) Pause Remark 207M->207M(512M) 2.997ms
[2026-06-18T01:22:19.127+0000][14055.918s][info][gc,cpu        ] GC(911) User=0.02s Sys=0.00s Real=0.00s
[2026-06-18T01:22:19.127+0000][14055.918s][info][gc,marking    ] GC(911) Concurrent Rebuild Remembered Sets
[2026-06-18T01:22:19.132+0000][14055.923s][info][gc,marking    ] GC(911) Concurrent Rebuild Remembered Sets 4.774ms
[2026-06-18T01:22:19.132+0000][14055.923s][info][gc,start      ] GC(911) Pause Cleanup
[2026-06-18T01:22:19.133+0000][14055.924s][info][gc            ] GC(911) Pause Cleanup 209M->209M(512M) 0.214ms
[2026-06-18T01:22:19.133+0000][14055.924s][info][gc,cpu        ] GC(911) User=0.00s Sys=0.00s Real=0.00s
[2026-06-18T01:22:19.133+0000][14055.924s][info][gc,marking    ] GC(911) Concurrent Cleanup for Next Mark
[2026-06-18T01:22:19.133+0000][14055.924s][info][gc,marking    ] GC(911) Concurrent Cleanup for Next Mark 0.155ms
[2026-06-18T01:22:19.133+0000][14055.924s][info][gc            ] GC(911) Concurrent Cycle 17.669ms
[2026-06-18T01:22:20.647+0000][14057.438s][info][gc,start      ] GC(912) Pause Young (Prepare Mixed) (G1 Evacuation Pause)
[2026-06-18T01:22:20.647+0000][14057.438s][info][gc,task       ] GC(912) Using 13 workers of 13 for evacuation
[2026-06-18T01:22:20.649+0000][14057.440s][info][gc,phases     ] GC(912)   Pre Evacuate Collection Set: 0.0ms
[2026-06-18T01:22:20.649+0000][14057.440s][info][gc,phases     ] GC(912)   Evacuate Collection Set: 1.5ms
[2026-06-18T01:22:20.649+0000][14057.440s][info][gc,phases     ] GC(912)   Post Evacuate Collection Set: 0.3ms
[2026-06-18T01:22:20.649+0000][14057.440s][info][gc,phases     ] GC(912)   Other: 0.3ms
[2026-06-18T01:22:20.649+0000][14057.440s][info][gc,heap       ] GC(912) Eden regions: 240->0(21)
[2026-06-18T01:22:20.649+0000][14057.440s][info][gc,heap       ] GC(912) Survivor regions: 8->4(31)
[2026-06-18T01:22:20.650+0000][14057.440s][info][gc,heap       ] GC(912) Old regions: 50->50
[2026-06-18T01:22:20.650+0000][14057.440s][info][gc,heap       ] GC(912) Humongous regions: 147->147
[2026-06-18T01:22:20.650+0000][14057.441s][info][gc,metaspace  ] GC(912) Metaspace: 52738K(55552K)->52738K(55552K) NonClass: 46808K(48384K)->46808K(48384K) Class: 5929K(7168K)->5929K(7168K)
[2026-06-18T01:22:20.650+0000][14057.441s][info][gc            ] GC(912) Pause Young (Prepare Mixed) (G1 Evacuation Pause) 443M->199M(512M) 2.671ms
[2026-06-18T01:22:20.650+0000][14057.441s][info][gc,cpu        ] GC(912) User=0.02s Sys=0.00s Real=0.00s
[2026-06-18T01:22:20.758+0000][14057.549s][info][gc,start      ] GC(913) Pause Young (Mixed) (G1 Evacuation Pause)
[2026-06-18T01:22:20.758+0000][14057.549s][info][gc,task       ] GC(913) Using 13 workers of 13 for evacuation
[2026-06-18T01:22:20.760+0000][14057.551s][info][gc,phases     ] GC(913)   Pre Evacuate Collection Set: 0.0ms
[2026-06-18T01:22:20.760+0000][14057.551s][info][gc,phases     ] GC(913)   Evacuate Collection Set: 1.4ms
[2026-06-18T01:22:20.760+0000][14057.551s][info][gc,phases     ] GC(913)   Post Evacuate Collection Set: 0.3ms
[2026-06-18T01:22:20.760+0000][14057.551s][info][gc,phases     ] GC(913)   Other: 0.3ms
[2026-06-18T01:22:20.760+0000][14057.551s][info][gc,heap       ] GC(913) Eden regions: 21->0(249)
[2026-06-18T01:22:20.760+0000][14057.551s][info][gc,heap       ] GC(913) Survivor regions: 4->4(4)
[2026-06-18T01:22:20.760+0000][14057.551s][info][gc,heap       ] GC(913) Old regions: 50->46
[2026-06-18T01:22:20.760+0000][14057.551s][info][gc,heap       ] GC(913) Humongous regions: 147->147
[2026-06-18T01:22:20.760+0000][14057.551s][info][gc,metaspace  ] GC(913) Metaspace: 52738K(55552K)->52738K(55552K) NonClass: 46808K(48384K)->46808K(48384K) Class: 5929K(7168K)->5929K(7168K)
[2026-06-18T01:22:20.760+0000][14057.551s][info][gc            ] GC(913) Pause Young (Mixed) (G1 Evacuation Pause) 220M->195M(512M) 2.438ms
[2026-06-18T01:22:20.761+0000][14057.551s][info][gc,cpu        ] GC(913) User=0.02s Sys=0.00s Real=0.00s
[2026-06-18T01:22:22.070+0000][14058.861s][info][gc,start      ] GC(914) Pause Young (Normal) (G1 Evacuation Pause)
[2026-06-18T01:22:22.070+0000][14058.861s][info][gc,task       ] GC(914) Using 13 workers of 13 for evacuation
[2026-06-18T01:22:22.072+0000][14058.863s][info][gc,phases     ] GC(914)   Pre Evacuate Collection Set: 0.0ms
[2026-06-18T01:22:22.072+0000][14058.863s][info][gc,phases     ] GC(914)   Evacuate Collection Set: 1.4ms
[2026-06-18T01:22:22.072+0000][14058.863s][info][gc,phases     ] GC(914)   Post Evacuate Collection Set: 0.3ms
[2026-06-18T01:22:22.072+0000][14058.863s][info][gc,phases     ] GC(914)   Other: 0.3ms
[2026-06-18T01:22:22.072+0000][14058.863s][info][gc,heap       ] GC(914) Eden regions: 249->0(246)
[2026-06-18T01:22:22.072+0000][14058.863s][info][gc,heap       ] GC(914) Survivor regions: 4->7(32)
[2026-06-18T01:22:22.072+0000][14058.863s][info][gc,heap       ] GC(914) Old regions: 46->46
[2026-06-18T01:22:22.072+0000][14058.863s][info][gc,heap       ] GC(914) Humongous regions: 147->147
[2026-06-18T01:22:22.072+0000][14058.863s][info][gc,metaspace  ] GC(914) Metaspace: 52738K(55552K)->52738K(55552K) NonClass: 46808K(48384K)->46808K(48384K) Class: 5929K(7168K)->5929K(7168K)
[2026-06-18T01:22:22.072+0000][14058.863s][info][gc            ] GC(914) Pause Young (Normal) (G1 Evacuation Pause) 444M->198M(512M) 2.469ms
[2026-06-18T01:22:22.072+0000][14058.863s][info][gc,cpu        ] GC(914) User=0.02s Sys=0.00s Real=0.01s
[2026-06-18T01:22:23.306+0000][14060.097s][info][gc,start      ] GC(915) Pause Young (Normal) (G1 Evacuation Pause)
[2026-06-18T01:22:23.306+0000][14060.097s][info][gc,task       ] GC(915) Using 13 workers of 13 for evacuation
[2026-06-18T01:22:23.308+0000][14060.099s][info][gc,phases     ] GC(915)   Pre Evacuate Collection Set: 0.0ms
[2026-06-18T01:22:23.309+0000][14060.099s][info][gc,phases     ] GC(915)   Evacuate Collection Set: 1.7ms
[2026-06-18T01:22:23.309+0000][14060.100s][info][gc,phases     ] GC(915)   Post Evacuate Collection Set: 0.4ms
[2026-06-18T01:22:23.309+0000][14060.100s][info][gc,phases     ] GC(915)   Other: 0.3ms
[2026-06-18T01:22:23.309+0000][14060.100s][info][gc,heap       ] GC(915) Eden regions: 246->0(249)
[2026-06-18T01:22:23.309+0000][14060.100s][info][gc,heap       ] GC(915) Survivor regions: 7->5(32)
[2026-06-18T01:22:23.309+0000][14060.100s][info][gc,heap       ] GC(915) Old regions: 46->46
[2026-06-18T01:22:23.309+0000][14060.100s][info][gc,heap       ] GC(915) Humongous regions: 147->147
[2026-06-18T01:22:23.309+0000][14060.100s][info][gc,metaspace  ] GC(915) Metaspace: 52738K(55552K)->52738K(55552K) NonClass: 46808K(48384K)->46808K(48384K) Class: 5929K(7168K)->5929K(7168K)
[2026-06-18T01:22:23.309+0000][14060.100s][info][gc            ] GC(915) Pause Young (Normal) (G1 Evacuation Pause) 444M->196M(512M) 3.496ms
[2026-06-18T01:22:23.309+0000][14060.100s][info][gc,cpu        ] GC(915) User=0.02s Sys=0.00s Real=0.00s
[2026-06-18T01:23:12.108+0000][14108.899s][info][gc,start      ] GC(916) Pause Young (Concurrent Start) (G1 Evacuation Pause)
[2026-06-18T01:23:12.108+0000][14108.899s][info][gc,task       ] GC(916) Using 13 workers of 13 for evacuation
[2026-06-18T01:23:12.112+0000][14108.903s][info][gc,phases     ] GC(916)   Pre Evacuate Collection Set: 0.3ms
[2026-06-18T01:23:12.113+0000][14108.904s][info][gc,phases     ] GC(916)   Evacuate Collection Set: 3.2ms
[2026-06-18T01:23:12.113+0000][14108.904s][info][gc,phases     ] GC(916)   Post Evacuate Collection Set: 0.3ms
[2026-06-18T01:23:12.113+0000][14108.904s][info][gc,phases     ] GC(916)   Other: 0.4ms
[2026-06-18T01:23:12.113+0000][14108.904s][info][gc,heap       ] GC(916) Eden regions: 249->0(246)
[2026-06-18T01:23:12.113+0000][14108.904s][info][gc,heap       ] GC(916) Survivor regions: 5->8(32)
[2026-06-18T01:23:12.113+0000][14108.904s][info][gc,heap       ] GC(916) Old regions: 46->46
[2026-06-18T01:23:12.113+0000][14108.904s][info][gc,heap       ] GC(916) Humongous regions: 147->147
[2026-06-18T01:23:12.113+0000][14108.904s][info][gc,metaspace  ] GC(916) Metaspace: 52769K(55552K)->52769K(55552K) NonClass: 46839K(48384K)->46839K(48384K) Class: 5929K(7168K)->5929K(7168K)
[2026-06-18T01:23:12.113+0000][14108.904s][info][gc            ] GC(916) Pause Young (Concurrent Start) (G1 Evacuation Pause) 445M->200M(512M) 5.052ms
[2026-06-18T01:23:12.113+0000][14108.904s][info][gc,cpu        ] GC(916) User=0.02s Sys=0.00s Real=0.01s
[2026-06-18T01:23:12.113+0000][14108.904s][info][gc            ] GC(917) Concurrent Cycle
[2026-06-18T01:23:12.113+0000][14108.905s][info][gc,marking    ] GC(917) Concurrent Clear Claimed Marks
[2026-06-18T01:23:12.114+0000][14108.905s][info][gc,marking    ] GC(917) Concurrent Clear Claimed Marks 0.244ms
[2026-06-18T01:23:12.114+0000][14108.905s][info][gc,marking    ] GC(917) Concurrent Scan Root Regions
[2026-06-18T01:23:12.115+0000][14108.906s][info][gc,marking    ] GC(917) Concurrent Scan Root Regions 1.558ms
[2026-06-18T01:23:12.115+0000][14108.907s][info][gc,marking    ] GC(917) Concurrent Mark (14108.907s)
[2026-06-18T01:23:12.115+0000][14108.907s][info][gc,marking    ] GC(917) Concurrent Mark From Roots
[2026-06-18T01:23:12.116+0000][14108.907s][info][gc,task       ] GC(917) Using 3 workers of 3 for marking
[2026-06-18T01:23:12.121+0000][14108.913s][info][gc,marking    ] GC(917) Concurrent Mark From Roots 5.906ms
[2026-06-18T01:23:12.122+0000][14108.913s][info][gc,marking    ] GC(917) Concurrent Preclean
[2026-06-18T01:23:12.122+0000][14108.913s][info][gc,marking    ] GC(917) Concurrent Preclean 0.226ms
[2026-06-18T01:23:12.122+0000][14108.913s][info][gc,marking    ] GC(917) Concurrent Mark (14108.907s, 14108.913s) 6.474ms
[2026-06-18T01:23:12.122+0000][14108.913s][info][gc,start      ] GC(917) Pause Remark
[2026-06-18T01:23:12.125+0000][14108.916s][info][gc,stringtable] GC(917) Cleaned string and symbol table, strings: 17438 processed, 0 removed, symbols: 125074 processed, 0 removed
[2026-06-18T01:23:12.126+0000][14108.917s][info][gc            ] GC(917) Pause Remark 204M->204M(512M) 3.788ms
[2026-06-18T01:23:12.126+0000][14108.917s][info][gc,cpu        ] GC(917) User=0.02s Sys=0.00s Real=0.00s
[2026-06-18T01:23:12.126+0000][14108.917s][info][gc,marking    ] GC(917) Concurrent Rebuild Remembered Sets
[2026-06-18T01:23:12.131+0000][14108.922s][info][gc,marking    ] GC(917) Concurrent Rebuild Remembered Sets 4.459ms
[2026-06-18T01:23:12.131+0000][14108.922s][info][gc,start      ] GC(917) Pause Cleanup
[2026-06-18T01:23:12.131+0000][14108.922s][info][gc            ] GC(917) Pause Cleanup 205M->205M(512M) 0.224ms
[2026-06-18T01:23:12.131+0000][14108.922s][info][gc,cpu        ] GC(917) User=0.00s Sys=0.00s Real=0.00s
[2026-06-18T01:23:12.131+0000][14108.922s][info][gc,marking    ] GC(917) Concurrent Cleanup for Next Mark
[2026-06-18T01:23:12.132+0000][14108.923s][info][gc,marking    ] GC(917) Concurrent Cleanup for Next Mark 0.151ms
[2026-06-18T01:23:12.132+0000][14108.923s][info][gc            ] GC(917) Concurrent Cycle 18.207ms
[2026-06-18T01:23:13.451+0000][14110.242s][info][gc,start      ] GC(918) Pause Young (Prepare Mixed) (G1 Evacuation Pause)
[2026-06-18T01:23:13.451+0000][14110.242s][info][gc,task       ] GC(918) Using 13 workers of 13 for evacuation
[2026-06-18T01:23:13.459+0000][14110.251s][info][gc,phases     ] GC(918)   Pre Evacuate Collection Set: 0.0ms
[2026-06-18T01:23:13.460+0000][14110.251s][info][gc,phases     ] GC(918)   Evacuate Collection Set: 7.4ms
[2026-06-18T01:23:13.460+0000][14110.251s][info][gc,phases     ] GC(918)   Post Evacuate Collection Set: 0.5ms
[2026-06-18T01:23:13.460+0000][14110.251s][info][gc,phases     ] GC(918)   Other: 0.3ms
[2026-06-18T01:23:13.460+0000][14110.251s][info][gc,heap       ] GC(918) Eden regions: 246->0(20)
[2026-06-18T01:23:13.460+0000][14110.251s][info][gc,heap       ] GC(918) Survivor regions: 8->5(32)
[2026-06-18T01:23:13.460+0000][14110.251s][info][gc,heap       ] GC(918) Old regions: 46->46
[2026-06-18T01:23:13.460+0000][14110.251s][info][gc,heap       ] GC(918) Humongous regions: 147->147
[2026-06-18T01:23:13.460+0000][14110.251s][info][gc,metaspace  ] GC(918) Metaspace: 52769K(55552K)->52769K(55552K) NonClass: 46839K(48384K)->46839K(48384K) Class: 5929K(7168K)->5929K(7168K)
[2026-06-18T01:23:13.460+0000][14110.251s][info][gc            ] GC(918) Pause Young (Prepare Mixed) (G1 Evacuation Pause) 446M->197M(512M) 8.901ms
[2026-06-18T01:23:13.460+0000][14110.251s][info][gc,cpu        ] GC(918) User=0.07s Sys=0.00s Real=0.01s
[2026-06-18T01:23:13.562+0000][14110.353s][info][gc,start      ] GC(919) Pause Young (Mixed) (G1 Evacuation Pause)
[2026-06-18T01:23:13.562+0000][14110.353s][info][gc,task       ] GC(919) Using 13 workers of 13 for evacuation
[2026-06-18T01:23:13.565+0000][14110.356s][info][gc,phases     ] GC(919)   Pre Evacuate Collection Set: 0.0ms
[2026-06-18T01:23:13.565+0000][14110.356s][info][gc,phases     ] GC(919)   Evacuate Collection Set: 2.3ms
[2026-06-18T01:23:13.565+0000][14110.356s][info][gc,phases     ] GC(919)   Post Evacuate Collection Set: 0.4ms
[2026-06-18T01:23:13.565+0000][14110.356s][info][gc,phases     ] GC(919)   Other: 0.4ms
[2026-06-18T01:23:13.565+0000][14110.357s][info][gc,heap       ] GC(919) Eden regions: 20->0(250)
[2026-06-18T01:23:13.565+0000][14110.357s][info][gc,heap       ] GC(919) Survivor regions: 5->3(4)
[2026-06-18T01:23:13.565+0000][14110.357s][info][gc,heap       ] GC(919) Old regions: 46->48
[2026-06-18T01:23:13.566+0000][14110.357s][info][gc,heap       ] GC(919) Humongous regions: 147->147
[2026-06-18T01:23:13.566+0000][14110.357s][info][gc,metaspace  ] GC(919) Metaspace: 52769K(55552K)->52769K(55552K) NonClass: 46839K(48384K)->46839K(48384K) Class: 5929K(7168K)->5929K(7168K)
[2026-06-18T01:23:13.566+0000][14110.357s][info][gc            ] GC(919) Pause Young (Mixed) (G1 Evacuation Pause) 217M->197M(512M) 3.694ms
[2026-06-18T01:23:13.566+0000][14110.357s][info][gc,cpu        ] GC(919) User=0.02s Sys=0.00s Real=0.00s
[2026-06-18T01:23:14.754+0000][14111.545s][info][gc,start      ] GC(920) Pause Young (Normal) (G1 Evacuation Pause)
[2026-06-18T01:23:14.754+0000][14111.545s][info][gc,task       ] GC(920) Using 13 workers of 13 for evacuation
[2026-06-18T01:23:14.756+0000][14111.547s][info][gc,phases     ] GC(920)   Pre Evacuate Collection Set: 0.0ms
[2026-06-18T01:23:14.756+0000][14111.547s][info][gc,phases     ] GC(920)   Evacuate Collection Set: 1.7ms
[2026-06-18T01:23:14.756+0000][14111.547s][info][gc,phases     ] GC(920)   Post Evacuate Collection Set: 0.3ms
[2026-06-18T01:23:14.756+0000][14111.547s][info][gc,phases     ] GC(920)   Other: 0.4ms
[2026-06-18T01:23:14.756+0000][14111.548s][info][gc,heap       ] GC(920) Eden regions: 250->0(245)
[2026-06-18T01:23:14.756+0000][14111.548s][info][gc,heap       ] GC(920) Survivor regions: 3->7(32)
[2026-06-18T01:23:14.757+0000][14111.548s][info][gc,heap       ] GC(920) Old regions: 48->48
[2026-06-18T01:23:14.757+0000][14111.548s][info][gc,heap       ] GC(920) Humongous regions: 147->147
[2026-06-18T01:23:14.757+0000][14111.548s][info][gc,metaspace  ] GC(920) Metaspace: 52769K(55552K)->52769K(55552K) NonClass: 46839K(48384K)->46839K(48384K) Class: 5929K(7168K)->5929K(7168K)
[2026-06-18T01:23:14.757+0000][14111.548s][info][gc            ] GC(920) Pause Young (Normal) (G1 Evacuation Pause) 447M->201M(512M) 2.957ms
[2026-06-18T01:23:14.757+0000][14111.548s][info][gc,cpu        ] GC(920) User=0.02s Sys=0.00s Real=0.00s
[2026-06-18T01:24:03.220+0000][14160.011s][info][gc,start      ] GC(921) Pause Young (Normal) (G1 Evacuation Pause)
[2026-06-18T01:24:03.220+0000][14160.011s][info][gc,task       ] GC(921) Using 13 workers of 13 for evacuation
[2026-06-18T01:24:03.222+0000][14160.013s][info][gc,phases     ] GC(921)   Pre Evacuate Collection Set: 0.0ms
[2026-06-18T01:24:03.222+0000][14160.013s][info][gc,phases     ] GC(921)   Evacuate Collection Set: 1.1ms
[2026-06-18T01:24:03.222+0000][14160.013s][info][gc,phases     ] GC(921)   Post Evacuate Collection Set: 0.3ms
[2026-06-18T01:24:03.222+0000][14160.013s][info][gc,phases     ] GC(921)   Other: 0.4ms
[2026-06-18T01:24:03.222+0000][14160.013s][info][gc,heap       ] GC(921) Eden regions: 245->0(249)
[2026-06-18T01:24:03.222+0000][14160.013s][info][gc,heap       ] GC(921) Survivor regions: 7->4(32)
[2026-06-18T01:24:03.222+0000][14160.013s][info][gc,heap       ] GC(921) Old regions: 48->48
[2026-06-18T01:24:03.222+0000][14160.013s][info][gc,heap       ] GC(921) Humongous regions: 147->147
[2026-06-18T01:24:03.222+0000][14160.013s][info][gc,metaspace  ] GC(921) Metaspace: 52769K(55552K)->52769K(55552K) NonClass: 46839K(48384K)->46839K(48384K) Class: 5929K(7168K)->5929K(7168K)
[2026-06-18T01:24:03.222+0000][14160.013s][info][gc            ] GC(921) Pause Young (Normal) (G1 Evacuation Pause) 446M->197M(512M) 2.330ms
[2026-06-18T01:24:03.222+0000][14160.013s][info][gc,cpu        ] GC(921) User=0.02s Sys=0.00s Real=0.01s
[2026-06-18T01:24:04.866+0000][14161.657s][info][gc,start      ] GC(922) Pause Young (Concurrent Start) (G1 Evacuation Pause)
[2026-06-18T01:24:04.866+0000][14161.657s][info][gc,task       ] GC(922) Using 13 workers of 13 for evacuation
[2026-06-18T01:24:04.871+0000][14161.662s][info][gc,phases     ] GC(922)   Pre Evacuate Collection Set: 0.3ms
[2026-06-18T01:24:04.871+0000][14161.662s][info][gc,phases     ] GC(922)   Evacuate Collection Set: 4.3ms
[2026-06-18T01:24:04.871+0000][14161.662s][info][gc,phases     ] GC(922)   Post Evacuate Collection Set: 0.6ms
[2026-06-18T01:24:04.872+0000][14161.663s][info][gc,phases     ] GC(922)   Other: 0.3ms
[2026-06-18T01:24:04.873+0000][14161.664s][info][gc,heap       ] GC(922) Eden regions: 249->0(245)
[2026-06-18T01:24:04.873+0000][14161.664s][info][gc,heap       ] GC(922) Survivor regions: 4->7(32)
[2026-06-18T01:24:04.874+0000][14161.665s][info][gc,heap       ] GC(922) Old regions: 48->48
[2026-06-18T01:24:04.875+0000][14161.666s][info][gc,heap       ] GC(922) Humongous regions: 147->147
[2026-06-18T01:24:04.875+0000][14161.666s][info][gc,metaspace  ] GC(922) Metaspace: 52769K(55552K)->52769K(55552K) NonClass: 46839K(48384K)->46839K(48384K) Class: 5929K(7168K)->5929K(7168K)
[2026-06-18T01:24:04.876+0000][14161.667s][info][gc            ] GC(922) Pause Young (Concurrent Start) (G1 Evacuation Pause) 446M->201M(512M) 10.509ms
[2026-06-18T01:24:04.877+0000][14161.668s][info][gc,cpu        ] GC(922) User=0.03s Sys=0.00s Real=0.01s
[2026-06-18T01:24:04.878+0000][14161.669s][info][gc            ] GC(923) Concurrent Cycle
[2026-06-18T01:24:04.879+0000][14161.670s][info][gc,marking    ] GC(923) Concurrent Clear Claimed Marks
[2026-06-18T01:24:04.879+0000][14161.670s][info][gc,marking    ] GC(923) Concurrent Clear Claimed Marks 0.638ms
[2026-06-18T01:24:04.880+0000][14161.671s][info][gc,marking    ] GC(923) Concurrent Scan Root Regions
[2026-06-18T01:24:04.881+0000][14161.672s][info][gc,marking    ] GC(923) Concurrent Scan Root Regions 1.590ms
[2026-06-18T01:24:04.882+0000][14161.672s][info][gc,marking    ] GC(923) Concurrent Mark (14161.672s)
[2026-06-18T01:24:04.882+0000][14161.673s][info][gc,marking    ] GC(923) Concurrent Mark From Roots
[2026-06-18T01:24:04.882+0000][14161.673s][info][gc,task       ] GC(923) Using 3 workers of 3 for marking
[2026-06-18T01:24:04.888+0000][14161.679s][info][gc,marking    ] GC(923) Concurrent Mark From Roots 6.078ms
[2026-06-18T01:24:04.888+0000][14161.679s][info][gc,marking    ] GC(923) Concurrent Preclean
[2026-06-18T01:24:04.888+0000][14161.679s][info][gc,marking    ] GC(923) Concurrent Preclean 0.202ms
[2026-06-18T01:24:04.888+0000][14161.679s][info][gc,marking    ] GC(923) Concurrent Mark (14161.672s, 14161.679s) 6.473ms
[2026-06-18T01:24:04.888+0000][14161.679s][info][gc,start      ] GC(923) Pause Remark
[2026-06-18T01:24:04.893+0000][14161.684s][info][gc,stringtable] GC(923) Cleaned string and symbol table, strings: 17438 processed, 0 removed, symbols: 125074 processed, 0 removed
[2026-06-18T01:24:04.893+0000][14161.684s][info][gc            ] GC(923) Pause Remark 205M->205M(512M) 4.956ms
[2026-06-18T01:24:04.893+0000][14161.684s][info][gc,cpu        ] GC(923) User=0.02s Sys=0.00s Real=0.01s
[2026-06-18T01:24:04.893+0000][14161.684s][info][gc,marking    ] GC(923) Concurrent Rebuild Remembered Sets
[2026-06-18T01:24:04.898+0000][14161.689s][info][gc,marking    ] GC(923) Concurrent Rebuild Remembered Sets 4.863ms
[2026-06-18T01:24:04.899+0000][14161.689s][info][gc,start      ] GC(923) Pause Cleanup
[2026-06-18T01:24:04.899+0000][14161.690s][info][gc            ] GC(923) Pause Cleanup 207M->207M(512M) 0.183ms
[2026-06-18T01:24:04.899+0000][14161.690s][info][gc,cpu        ] GC(923) User=0.00s Sys=0.00s Real=0.00s
[2026-06-18T01:24:04.899+0000][14161.690s][info][gc,marking    ] GC(923) Concurrent Cleanup for Next Mark
[2026-06-18T01:24:04.899+0000][14161.690s][info][gc,marking    ] GC(923) Concurrent Cleanup for Next Mark 0.165ms
[2026-06-18T01:24:04.899+0000][14161.690s][info][gc            ] GC(923) Concurrent Cycle 20.840ms
[2026-06-18T01:24:06.232+0000][14163.023s][info][gc,start      ] GC(924) Pause Young (Prepare Mixed) (G1 Evacuation Pause)
[2026-06-18T01:24:06.232+0000][14163.023s][info][gc,task       ] GC(924) Using 13 workers of 13 for evacuation
[2026-06-18T01:24:06.234+0000][14163.025s][info][gc,phases     ] GC(924)   Pre Evacuate Collection Set: 0.0ms
[2026-06-18T01:24:06.234+0000][14163.025s][info][gc,phases     ] GC(924)   Evacuate Collection Set: 1.6ms
[2026-06-18T01:24:06.234+0000][14163.025s][info][gc,phases     ] GC(924)   Post Evacuate Collection Set: 0.4ms
[2026-06-18T01:24:06.234+0000][14163.025s][info][gc,phases     ] GC(924)   Other: 0.3ms
[2026-06-18T01:24:06.234+0000][14163.025s][info][gc,heap       ] GC(924) Eden regions: 245->0(21)
[2026-06-18T01:24:06.234+0000][14163.025s][info][gc,heap       ] GC(924) Survivor regions: 7->4(32)
[2026-06-18T01:24:06.234+0000][14163.025s][info][gc,heap       ] GC(924) Old regions: 48->48
[2026-06-18T01:24:06.234+0000][14163.025s][info][gc,heap       ] GC(924) Humongous regions: 147->147
[2026-06-18T01:24:06.234+0000][14163.025s][info][gc,metaspace  ] GC(924) Metaspace: 52769K(55552K)->52769K(55552K) NonClass: 46839K(48384K)->46839K(48384K) Class: 5929K(7168K)->5929K(7168K)
[2026-06-18T01:24:06.235+0000][14163.025s][info][gc            ] GC(924) Pause Young (Prepare Mixed) (G1 Evacuation Pause) 446M->198M(512M) 2.950ms
[2026-06-18T01:24:06.235+0000][14163.026s][info][gc,cpu        ] GC(924) User=0.02s Sys=0.01s Real=0.01s
[2026-06-18T01:24:06.343+0000][14163.134s][info][gc,start      ] GC(925) Pause Young (Mixed) (G1 Evacuation Pause)
[2026-06-18T01:24:06.343+0000][14163.134s][info][gc,task       ] GC(925) Using 13 workers of 13 for evacuation
[2026-06-18T01:24:06.345+0000][14163.136s][info][gc,phases     ] GC(925)   Pre Evacuate Collection Set: 0.0ms
[2026-06-18T01:24:06.345+0000][14163.136s][info][gc,phases     ] GC(925)   Evacuate Collection Set: 1.5ms
[2026-06-18T01:24:06.345+0000][14163.136s][info][gc,phases     ] GC(925)   Post Evacuate Collection Set: 0.3ms
[2026-06-18T01:24:06.346+0000][14163.136s][info][gc,phases     ] GC(925)   Other: 0.4ms
[2026-06-18T01:24:06.346+0000][14163.137s][info][gc,heap       ] GC(925) Eden regions: 21->0(249)
[2026-06-18T01:24:06.346+0000][14163.137s][info][gc,heap       ] GC(925) Survivor regions: 4->3(4)
[2026-06-18T01:24:06.346+0000][14163.137s][info][gc,heap       ] GC(925) Old regions: 48->47
[2026-06-18T01:24:06.346+0000][14163.137s][info][gc,heap       ] GC(925) Humongous regions: 147->147
[2026-06-18T01:24:06.346+0000][14163.137s][info][gc,metaspace  ] GC(925) Metaspace: 52769K(55552K)->52769K(55552K) NonClass: 46839K(48384K)->46839K(48384K) Class: 5929K(7168K)->5929K(7168K)
[2026-06-18T01:24:06.346+0000][14163.137s][info][gc            ] GC(925) Pause Young (Mixed) (G1 Evacuation Pause) 219M->196M(512M) 2.737ms
[2026-06-18T01:24:06.346+0000][14163.137s][info][gc,cpu        ] GC(925) User=0.01s Sys=0.00s Real=0.00s
[2026-06-18T01:24:07.597+0000][14164.388s][info][gc,start      ] GC(926) Pause Young (Normal) (G1 Evacuation Pause)
[2026-06-18T01:24:07.598+0000][14164.388s][info][gc,task       ] GC(926) Using 13 workers of 13 for evacuation
[2026-06-18T01:24:07.602+0000][14164.393s][info][gc,phases     ] GC(926)   Pre Evacuate Collection Set: 0.0ms
[2026-06-18T01:24:07.602+0000][14164.393s][info][gc,phases     ] GC(926)   Evacuate Collection Set: 3.7ms
[2026-06-18T01:24:07.602+0000][14164.393s][info][gc,phases     ] GC(926)   Post Evacuate Collection Set: 0.3ms
[2026-06-18T01:24:07.602+0000][14164.393s][info][gc,phases     ] GC(926)   Other: 0.4ms
[2026-06-18T01:24:07.602+0000][14164.393s][info][gc,heap       ] GC(926) Eden regions: 249->0(245)
[2026-06-18T01:24:07.602+0000][14164.393s][info][gc,heap       ] GC(926) Survivor regions: 3->8(32)
[2026-06-18T01:24:07.603+0000][14164.393s][info][gc,heap       ] GC(926) Old regions: 47->47
[2026-06-18T01:24:07.603+0000][14164.394s][info][gc,heap       ] GC(926) Humongous regions: 147->147
[2026-06-18T01:24:07.603+0000][14164.394s][info][gc,metaspace  ] GC(926) Metaspace: 52769K(55552K)->52769K(55552K) NonClass: 46839K(48384K)->46839K(48384K) Class: 5929K(7168K)->5929K(7168K)
[2026-06-18T01:24:07.603+0000][14164.394s][info][gc            ] GC(926) Pause Young (Normal) (G1 Evacuation Pause) 445M->200M(512M) 5.392ms
[2026-06-18T01:24:07.603+0000][14164.394s][info][gc,cpu        ] GC(926) User=0.02s Sys=0.00s Real=0.01s
[2026-06-18T01:24:56.333+0000][14213.124s][info][gc,start      ] GC(927) Pause Young (Normal) (G1 Evacuation Pause)
[2026-06-18T01:24:56.333+0000][14213.124s][info][gc,task       ] GC(927) Using 13 workers of 13 for evacuation
[2026-06-18T01:24:56.336+0000][14213.127s][info][gc,phases     ] GC(927)   Pre Evacuate Collection Set: 0.0ms
[2026-06-18T01:24:56.337+0000][14213.127s][info][gc,phases     ] GC(927)   Evacuate Collection Set: 2.7ms
[2026-06-18T01:24:56.337+0000][14213.128s][info][gc,phases     ] GC(927)   Post Evacuate Collection Set: 0.3ms
[2026-06-18T01:24:56.337+0000][14213.128s][info][gc,phases     ] GC(927)   Other: 0.3ms
[2026-06-18T01:24:56.337+0000][14213.128s][info][gc,heap       ] GC(927) Eden regions: 245->0(247)
[2026-06-18T01:24:56.337+0000][14213.128s][info][gc,heap       ] GC(927) Survivor regions: 8->6(32)
[2026-06-18T01:24:56.337+0000][14213.128s][info][gc,heap       ] GC(927) Old regions: 47->47
[2026-06-18T01:24:56.337+0000][14213.128s][info][gc,heap       ] GC(927) Humongous regions: 147->147
[2026-06-18T01:24:56.337+0000][14213.128s][info][gc,metaspace  ] GC(927) Metaspace: 52769K(55552K)->52769K(55552K) NonClass: 46839K(48384K)->46839K(48384K) Class: 5929K(7168K)->5929K(7168K)
[2026-06-18T01:24:56.337+0000][14213.128s][info][gc            ] GC(927) Pause Young (Normal) (G1 Evacuation Pause) 445M->198M(512M) 3.815ms
[2026-06-18T01:24:56.337+0000][14213.128s][info][gc,cpu        ] GC(927) User=0.01s Sys=0.00s Real=0.00s
[2026-06-18T01:24:57.683+0000][14214.474s][info][gc,start      ] GC(928) Pause Young (Concurrent Start) (G1 Evacuation Pause)
[2026-06-18T01:24:57.683+0000][14214.474s][info][gc,task       ] GC(928) Using 13 workers of 13 for evacuation
[2026-06-18T01:24:57.686+0000][14214.477s][info][gc,phases     ] GC(928)   Pre Evacuate Collection Set: 0.3ms
[2026-06-18T01:24:57.686+0000][14214.477s][info][gc,phases     ] GC(928)   Evacuate Collection Set: 2.1ms
[2026-06-18T01:24:57.686+0000][14214.477s][info][gc,phases     ] GC(928)   Post Evacuate Collection Set: 0.4ms
[2026-06-18T01:24:57.686+0000][14214.477s][info][gc,phases     ] GC(928)   Other: 0.4ms
[2026-06-18T01:24:57.686+0000][14214.477s][info][gc,heap       ] GC(928) Eden regions: 247->0(242)
[2026-06-18T01:24:57.686+0000][14214.477s][info][gc,heap       ] GC(928) Survivor regions: 6->10(32)
[2026-06-18T01:24:57.687+0000][14214.477s][info][gc,heap       ] GC(928) Old regions: 47->47
[2026-06-18T01:24:57.687+0000][14214.478s][info][gc,heap       ] GC(928) Humongous regions: 147->147
[2026-06-18T01:24:57.687+0000][14214.478s][info][gc,metaspace  ] GC(928) Metaspace: 52769K(55552K)->52769K(55552K) NonClass: 46839K(48384K)->46839K(48384K) Class: 5929K(7168K)->5929K(7168K)
[2026-06-18T01:24:57.687+0000][14214.478s][info][gc            ] GC(928) Pause Young (Concurrent Start) (G1 Evacuation Pause) 445M->202M(512M) 3.713ms
[2026-06-18T01:24:57.687+0000][14214.478s][info][gc,cpu        ] GC(928) User=0.01s Sys=0.00s Real=0.00s
[2026-06-18T01:24:57.687+0000][14214.478s][info][gc            ] GC(929) Concurrent Cycle
[2026-06-18T01:24:57.687+0000][14214.478s][info][gc,marking    ] GC(929) Concurrent Clear Claimed Marks
[2026-06-18T01:24:57.687+0000][14214.478s][info][gc,marking    ] GC(929) Concurrent Clear Claimed Marks 0.226ms
[2026-06-18T01:24:57.687+0000][14214.478s][info][gc,marking    ] GC(929) Concurrent Scan Root Regions
[2026-06-18T01:24:57.689+0000][14214.480s][info][gc,marking    ] GC(929) Concurrent Scan Root Regions 1.549ms
[2026-06-18T01:24:57.689+0000][14214.480s][info][gc,marking    ] GC(929) Concurrent Mark (14214.480s)
[2026-06-18T01:24:57.689+0000][14214.480s][info][gc,marking    ] GC(929) Concurrent Mark From Roots
[2026-06-18T01:24:57.689+0000][14214.480s][info][gc,task       ] GC(929) Using 3 workers of 3 for marking
[2026-06-18T01:24:57.696+0000][14214.487s][info][gc,marking    ] GC(929) Concurrent Mark From Roots 7.141ms
[2026-06-18T01:24:57.696+0000][14214.487s][info][gc,marking    ] GC(929) Concurrent Preclean
[2026-06-18T01:24:57.696+0000][14214.487s][info][gc,marking    ] GC(929) Concurrent Preclean 0.174ms
[2026-06-18T01:24:57.697+0000][14214.488s][info][gc,marking    ] GC(929) Concurrent Mark (14214.480s, 14214.487s) 7.582ms
[2026-06-18T01:24:57.697+0000][14214.488s][info][gc,start      ] GC(929) Pause Remark
[2026-06-18T01:24:57.702+0000][14214.493s][info][gc,stringtable] GC(929) Cleaned string and symbol table, strings: 17438 processed, 0 removed, symbols: 125074 processed, 0 removed
[2026-06-18T01:24:57.703+0000][14214.494s][info][gc            ] GC(929) Pause Remark 206M->206M(512M) 5.850ms
[2026-06-18T01:24:57.703+0000][14214.494s][info][gc,cpu        ] GC(929) User=0.06s Sys=0.00s Real=0.01s
[2026-06-18T01:24:57.703+0000][14214.494s][info][gc,marking    ] GC(929) Concurrent Rebuild Remembered Sets
[2026-06-18T01:24:57.707+0000][14214.498s][info][gc,marking    ] GC(929) Concurrent Rebuild Remembered Sets 4.010ms
[2026-06-18T01:24:57.707+0000][14214.498s][info][gc,start      ] GC(929) Pause Cleanup
[2026-06-18T01:24:57.707+0000][14214.498s][info][gc            ] GC(929) Pause Cleanup 207M->207M(512M) 0.180ms
[2026-06-18T01:24:57.707+0000][14214.498s][info][gc,cpu        ] GC(929) User=0.00s Sys=0.00s Real=0.00s
[2026-06-18T01:24:57.707+0000][14214.498s][info][gc,marking    ] GC(929) Concurrent Cleanup for Next Mark
[2026-06-18T01:24:57.707+0000][14214.498s][info][gc,marking    ] GC(929) Concurrent Cleanup for Next Mark 0.147ms
[2026-06-18T01:24:57.708+0000][14214.498s][info][gc            ] GC(929) Concurrent Cycle 20.695ms
[2026-06-18T01:24:58.913+0000][14215.704s][info][gc,start      ] GC(930) Pause Young (Prepare Mixed) (G1 Evacuation Pause)
[2026-06-18T01:24:58.913+0000][14215.704s][info][gc,task       ] GC(930) Using 13 workers of 13 for evacuation
[2026-06-18T01:24:58.917+0000][14215.708s][info][gc,phases     ] GC(930)   Pre Evacuate Collection Set: 0.0ms
[2026-06-18T01:24:58.917+0000][14215.708s][info][gc,phases     ] GC(930)   Evacuate Collection Set: 3.5ms
[2026-06-18T01:24:58.917+0000][14215.708s][info][gc,phases     ] GC(930)   Post Evacuate Collection Set: 0.4ms
[2026-06-18T01:24:58.917+0000][14215.708s][info][gc,phases     ] GC(930)   Other: 0.2ms
[2026-06-18T01:24:58.917+0000][14215.708s][info][gc,heap       ] GC(930) Eden regions: 242->0(18)
[2026-06-18T01:24:58.917+0000][14215.708s][info][gc,heap       ] GC(930) Survivor regions: 10->7(32)
[2026-06-18T01:24:58.917+0000][14215.708s][info][gc,heap       ] GC(930) Old regions: 47->47
[2026-06-18T01:24:58.917+0000][14215.708s][info][gc,heap       ] GC(930) Humongous regions: 147->147
[2026-06-18T01:24:58.917+0000][14215.708s][info][gc,metaspace  ] GC(930) Metaspace: 52769K(55552K)->52769K(55552K) NonClass: 46839K(48384K)->46839K(48384K) Class: 5929K(7168K)->5929K(7168K)
[2026-06-18T01:24:58.917+0000][14215.708s][info][gc            ] GC(930) Pause Young (Prepare Mixed) (G1 Evacuation Pause) 444M->200M(512M) 4.651ms
[2026-06-18T01:24:58.917+0000][14215.708s][info][gc,cpu        ] GC(930) User=0.04s Sys=0.00s Real=0.00s
[2026-06-18T01:24:59.002+0000][14215.793s][info][gc,start      ] GC(931) Pause Young (Mixed) (G1 Evacuation Pause)
[2026-06-18T01:24:59.002+0000][14215.793s][info][gc,task       ] GC(931) Using 13 workers of 13 for evacuation
[2026-06-18T01:24:59.006+0000][14215.797s][info][gc,phases     ] GC(931)   Pre Evacuate Collection Set: 0.0ms
[2026-06-18T01:24:59.006+0000][14215.797s][info][gc,phases     ] GC(931)   Evacuate Collection Set: 3.8ms
[2026-06-18T01:24:59.006+0000][14215.797s][info][gc,phases     ] GC(931)   Post Evacuate Collection Set: 0.4ms
[2026-06-18T01:24:59.007+0000][14215.797s][info][gc,phases     ] GC(931)   Other: 0.3ms
[2026-06-18T01:24:59.007+0000][14215.798s][info][gc,heap       ] GC(931) Eden regions: 18->0(246)
[2026-06-18T01:24:59.007+0000][14215.798s][info][gc,heap       ] GC(931) Survivor regions: 7->2(4)
[2026-06-18T01:24:59.007+0000][14215.798s][info][gc,heap       ] GC(931) Old regions: 47->51
[2026-06-18T01:24:59.007+0000][14215.798s][info][gc,heap       ] GC(931) Humongous regions: 147->147
[2026-06-18T01:24:59.007+0000][14215.798s][info][gc,metaspace  ] GC(931) Metaspace: 52769K(55552K)->52769K(55552K) NonClass: 46839K(48384K)->46839K(48384K) Class: 5929K(7168K)->5929K(7168K)
[2026-06-18T01:24:59.007+0000][14215.798s][info][gc            ] GC(931) Pause Young (Mixed) (G1 Evacuation Pause) 218M->199M(512M) 5.070ms
[2026-06-18T01:24:59.007+0000][14215.798s][info][gc,cpu        ] GC(931) User=0.03s Sys=0.00s Real=0.00s
[2026-06-18T01:25:47.467+0000][14264.258s][info][gc,start      ] GC(932) Pause Young (Normal) (G1 Evacuation Pause)
[2026-06-18T01:25:47.467+0000][14264.258s][info][gc,task       ] GC(932) Using 13 workers of 13 for evacuation
[2026-06-18T01:25:47.469+0000][14264.260s][info][gc,phases     ] GC(932)   Pre Evacuate Collection Set: 0.0ms
[2026-06-18T01:25:47.469+0000][14264.260s][info][gc,phases     ] GC(932)   Evacuate Collection Set: 1.2ms
[2026-06-18T01:25:47.469+0000][14264.260s][info][gc,phases     ] GC(932)   Post Evacuate Collection Set: 0.3ms
[2026-06-18T01:25:47.469+0000][14264.260s][info][gc,phases     ] GC(932)   Other: 0.3ms
[2026-06-18T01:25:47.469+0000][14264.260s][info][gc,heap       ] GC(932) Eden regions: 246->0(247)
[2026-06-18T01:25:47.469+0000][14264.260s][info][gc,heap       ] GC(932) Survivor regions: 2->2(31)
[2026-06-18T01:25:47.469+0000][14264.260s][info][gc,heap       ] GC(932) Old regions: 51->51
[2026-06-18T01:25:47.469+0000][14264.260s][info][gc,heap       ] GC(932) Humongous regions: 147->147
[2026-06-18T01:25:47.469+0000][14264.260s][info][gc,metaspace  ] GC(932) Metaspace: 52769K(55552K)->52769K(55552K) NonClass: 46839K(48384K)->46839K(48384K) Class: 5929K(7168K)->5929K(7168K)
[2026-06-18T01:25:47.469+0000][14264.260s][info][gc            ] GC(932) Pause Young (Normal) (G1 Evacuation Pause) 445M->199M(512M) 2.420ms
[2026-06-18T01:25:47.470+0000][14264.260s][info][gc,cpu        ] GC(932) User=0.02s Sys=0.00s Real=0.00s
[2026-06-18T01:25:49.107+0000][14265.898s][info][gc,start      ] GC(933) Pause Young (Normal) (G1 Evacuation Pause)
[2026-06-18T01:25:49.107+0000][14265.898s][info][gc,task       ] GC(933) Using 13 workers of 13 for evacuation
[2026-06-18T01:25:49.109+0000][14265.900s][info][gc,phases     ] GC(933)   Pre Evacuate Collection Set: 0.0ms
[2026-06-18T01:25:49.109+0000][14265.900s][info][gc,phases     ] GC(933)   Evacuate Collection Set: 1.5ms
[2026-06-18T01:25:49.109+0000][14265.900s][info][gc,phases     ] GC(933)   Post Evacuate Collection Set: 0.3ms
[2026-06-18T01:25:49.109+0000][14265.900s][info][gc,phases     ] GC(933)   Other: 0.3ms
[2026-06-18T01:25:49.109+0000][14265.900s][info][gc,heap       ] GC(933) Eden regions: 247->0(244)
[2026-06-18T01:25:49.109+0000][14265.900s][info][gc,heap       ] GC(933) Survivor regions: 2->6(32)
[2026-06-18T01:25:49.109+0000][14265.900s][info][gc,heap       ] GC(933) Old regions: 51->51
[2026-06-18T01:25:49.109+0000][14265.900s][info][gc,heap       ] GC(933) Humongous regions: 147->147
[2026-06-18T01:25:49.109+0000][14265.900s][info][gc,metaspace  ] GC(933) Metaspace: 52769K(55552K)->52769K(55552K) NonClass: 46839K(48384K)->46839K(48384K) Class: 5929K(7168K)->5929K(7168K)
[2026-06-18T01:25:49.109+0000][14265.900s][info][gc            ] GC(933) Pause Young (Normal) (G1 Evacuation Pause) 446M->202M(512M) 2.615ms
[2026-06-18T01:25:49.110+0000][14265.900s][info][gc,cpu        ] GC(933) User=0.02s Sys=0.00s Real=0.00s
[2026-06-18T01:25:50.356+0000][14267.146s][info][gc,start      ] GC(934) Pause Young (Concurrent Start) (G1 Evacuation Pause)
[2026-06-18T01:25:50.356+0000][14267.146s][info][gc,task       ] GC(934) Using 13 workers of 13 for evacuation
[2026-06-18T01:25:50.358+0000][14267.149s][info][gc,phases     ] GC(934)   Pre Evacuate Collection Set: 0.3ms
[2026-06-18T01:25:50.359+0000][14267.149s][info][gc,phases     ] GC(934)   Evacuate Collection Set: 2.1ms
[2026-06-18T01:25:50.359+0000][14267.150s][info][gc,phases     ] GC(934)   Post Evacuate Collection Set: 0.4ms
[2026-06-18T01:25:50.359+0000][14267.150s][info][gc,phases     ] GC(934)   Other: 0.3ms
[2026-06-18T01:25:50.359+0000][14267.150s][info][gc,heap       ] GC(934) Eden regions: 244->0(237)
[2026-06-18T01:25:50.359+0000][14267.150s][info][gc,heap       ] GC(934) Survivor regions: 6->10(32)
[2026-06-18T01:25:50.359+0000][14267.150s][info][gc,heap       ] GC(934) Old regions: 51->51
[2026-06-18T01:25:50.359+0000][14267.150s][info][gc,heap       ] GC(934) Humongous regions: 147->147
[2026-06-18T01:25:50.359+0000][14267.150s][info][gc,metaspace  ] GC(934) Metaspace: 52769K(55552K)->52769K(55552K) NonClass: 46839K(48384K)->46839K(48384K) Class: 5929K(7168K)->5929K(7168K)
[2026-06-18T01:25:50.359+0000][14267.150s][info][gc            ] GC(934) Pause Young (Concurrent Start) (G1 Evacuation Pause) 446M->206M(512M) 3.519ms
[2026-06-18T01:25:50.359+0000][14267.150s][info][gc,cpu        ] GC(934) User=0.02s Sys=0.00s Real=0.00s
[2026-06-18T01:25:50.359+0000][14267.150s][info][gc            ] GC(935) Concurrent Cycle
[2026-06-18T01:25:50.359+0000][14267.150s][info][gc,marking    ] GC(935) Concurrent Clear Claimed Marks
[2026-06-18T01:25:50.359+0000][14267.150s][info][gc,marking    ] GC(935) Concurrent Clear Claimed Marks 0.192ms
[2026-06-18T01:25:50.359+0000][14267.150s][info][gc,marking    ] GC(935) Concurrent Scan Root Regions
[2026-06-18T01:25:50.361+0000][14267.152s][info][gc,marking    ] GC(935) Concurrent Scan Root Regions 1.315ms
[2026-06-18T01:25:50.361+0000][14267.152s][info][gc,marking    ] GC(935) Concurrent Mark (14267.152s)
[2026-06-18T01:25:50.361+0000][14267.152s][info][gc,marking    ] GC(935) Concurrent Mark From Roots
[2026-06-18T01:25:50.361+0000][14267.152s][info][gc,task       ] GC(935) Using 3 workers of 3 for marking
[2026-06-18T01:25:50.367+0000][14267.158s][info][gc,marking    ] GC(935) Concurrent Mark From Roots 5.954ms
[2026-06-18T01:25:50.367+0000][14267.158s][info][gc,marking    ] GC(935) Concurrent Preclean
[2026-06-18T01:25:50.367+0000][14267.158s][info][gc,marking    ] GC(935) Concurrent Preclean 0.223ms
[2026-06-18T01:25:50.367+0000][14267.158s][info][gc,marking    ] GC(935) Concurrent Mark (14267.152s, 14267.158s) 6.470ms
[2026-06-18T01:25:50.368+0000][14267.158s][info][gc,start      ] GC(935) Pause Remark
[2026-06-18T01:25:50.370+0000][14267.161s][info][gc,stringtable] GC(935) Cleaned string and symbol table, strings: 17438 processed, 0 removed, symbols: 125074 processed, 0 removed
[2026-06-18T01:25:50.370+0000][14267.161s][info][gc            ] GC(935) Pause Remark 211M->211M(512M) 2.782ms
[2026-06-18T01:25:50.370+0000][14267.161s][info][gc,cpu        ] GC(935) User=0.02s Sys=0.00s Real=0.00s
[2026-06-18T01:25:50.371+0000][14267.161s][info][gc,marking    ] GC(935) Concurrent Rebuild Remembered Sets
[2026-06-18T01:25:50.375+0000][14267.165s][info][gc,marking    ] GC(935) Concurrent Rebuild Remembered Sets 3.976ms
[2026-06-18T01:25:50.375+0000][14267.166s][info][gc,start      ] GC(935) Pause Cleanup
[2026-06-18T01:25:50.375+0000][14267.166s][info][gc            ] GC(935) Pause Cleanup 211M->211M(512M) 0.205ms
[2026-06-18T01:25:50.375+0000][14267.166s][info][gc,cpu        ] GC(935) User=0.00s Sys=0.00s Real=0.00s
[2026-06-18T01:25:50.375+0000][14267.166s][info][gc,marking    ] GC(935) Concurrent Cleanup for Next Mark
[2026-06-18T01:25:50.375+0000][14267.166s][info][gc,marking    ] GC(935) Concurrent Cleanup for Next Mark 0.153ms
[2026-06-18T01:25:50.375+0000][14267.166s][info][gc            ] GC(935) Concurrent Cycle 16.241ms
[2026-06-18T01:25:51.547+0000][14268.338s][info][gc,start      ] GC(936) Pause Young (Prepare Mixed) (G1 Evacuation Pause)
[2026-06-18T01:25:51.547+0000][14268.338s][info][gc,task       ] GC(936) Using 13 workers of 13 for evacuation
[2026-06-18T01:25:51.550+0000][14268.340s][info][gc,phases     ] GC(936)   Pre Evacuate Collection Set: 0.0ms
[2026-06-18T01:25:51.550+0000][14268.341s][info][gc,phases     ] GC(936)   Evacuate Collection Set: 1.7ms
[2026-06-18T01:25:51.550+0000][14268.341s][info][gc,phases     ] GC(936)   Post Evacuate Collection Set: 0.4ms
[2026-06-18T01:25:51.550+0000][14268.341s][info][gc,phases     ] GC(936)   Other: 0.3ms
[2026-06-18T01:25:51.550+0000][14268.341s][info][gc,heap       ] GC(936) Eden regions: 237->0(18)
[2026-06-18T01:25:51.550+0000][14268.341s][info][gc,heap       ] GC(936) Survivor regions: 10->7(31)
[2026-06-18T01:25:51.550+0000][14268.341s][info][gc,heap       ] GC(936) Old regions: 51->51
[2026-06-18T01:25:51.550+0000][14268.341s][info][gc,heap       ] GC(936) Humongous regions: 147->147
[2026-06-18T01:25:51.550+0000][14268.341s][info][gc,metaspace  ] GC(936) Metaspace: 52769K(55552K)->52769K(55552K) NonClass: 46839K(48384K)->46839K(48384K) Class: 5929K(7168K)->5929K(7168K)
[2026-06-18T01:25:51.550+0000][14268.341s][info][gc            ] GC(936) Pause Young (Prepare Mixed) (G1 Evacuation Pause) 443M->203M(512M) 3.055ms
[2026-06-18T01:25:51.550+0000][14268.341s][info][gc,cpu        ] GC(936) User=0.02s Sys=0.00s Real=0.00s
[2026-06-18T01:25:51.629+0000][14268.420s][info][gc,start      ] GC(937) Pause Young (Mixed) (G1 Evacuation Pause)
[2026-06-18T01:25:51.629+0000][14268.420s][info][gc,task       ] GC(937) Using 13 workers of 13 for evacuation
[2026-06-18T01:25:51.634+0000][14268.425s][info][gc,phases     ] GC(937)   Pre Evacuate Collection Set: 0.0ms
[2026-06-18T01:25:51.634+0000][14268.425s][info][gc,phases     ] GC(937)   Evacuate Collection Set: 4.0ms
[2026-06-18T01:25:51.634+0000][14268.425s][info][gc,phases     ] GC(937)   Post Evacuate Collection Set: 0.5ms
[2026-06-18T01:25:51.635+0000][14268.425s][info][gc,phases     ] GC(937)   Other: 0.3ms
[2026-06-18T01:25:51.635+0000][14268.426s][info][gc,heap       ] GC(937) Eden regions: 18->0(245)
[2026-06-18T01:25:51.635+0000][14268.426s][info][gc,heap       ] GC(937) Survivor regions: 7->2(4)
[2026-06-18T01:25:51.635+0000][14268.426s][info][gc,heap       ] GC(937) Old regions: 51->51
[2026-06-18T01:25:51.635+0000][14268.426s][info][gc,heap       ] GC(937) Humongous regions: 147->147
[2026-06-18T01:25:51.635+0000][14268.426s][info][gc,metaspace  ] GC(937) Metaspace: 52769K(55552K)->52769K(55552K) NonClass: 46839K(48384K)->46839K(48384K) Class: 5929K(7168K)->5929K(7168K)
[2026-06-18T01:25:51.635+0000][14268.426s][info][gc            ] GC(937) Pause Young (Mixed) (G1 Evacuation Pause) 221M->198M(512M) 5.778ms
[2026-06-18T01:25:51.635+0000][14268.426s][info][gc,cpu        ] GC(937) User=0.04s Sys=0.00s Real=0.01s
[2026-06-18T01:26:40.297+0000][14317.088s][info][gc,start      ] GC(938) Pause Young (Normal) (G1 Evacuation Pause)
[2026-06-18T01:26:40.298+0000][14317.088s][info][gc,task       ] GC(938) Using 13 workers of 13 for evacuation
[2026-06-18T01:26:40.299+0000][14317.090s][info][gc,phases     ] GC(938)   Pre Evacuate Collection Set: 0.0ms
[2026-06-18T01:26:40.300+0000][14317.090s][info][gc,phases     ] GC(938)   Evacuate Collection Set: 1.3ms
[2026-06-18T01:26:40.300+0000][14317.090s][info][gc,phases     ] GC(938)   Post Evacuate Collection Set: 0.3ms
[2026-06-18T01:26:40.300+0000][14317.090s][info][gc,phases     ] GC(938)   Other: 0.3ms
[2026-06-18T01:26:40.300+0000][14317.091s][info][gc,heap       ] GC(938) Eden regions: 245->0(247)
[2026-06-18T01:26:40.300+0000][14317.091s][info][gc,heap       ] GC(938) Survivor regions: 2->2(31)
[2026-06-18T01:26:40.300+0000][14317.091s][info][gc,heap       ] GC(938) Old regions: 51->51
[2026-06-18T01:26:40.300+0000][14317.091s][info][gc,heap       ] GC(938) Humongous regions: 147->147
[2026-06-18T01:26:40.300+0000][14317.091s][info][gc,metaspace  ] GC(938) Metaspace: 52770K(55552K)->52770K(55552K) NonClass: 46840K(48384K)->46840K(48384K) Class: 5929K(7168K)->5929K(7168K)
[2026-06-18T01:26:40.300+0000][14317.091s][info][gc            ] GC(938) Pause Young (Normal) (G1 Evacuation Pause) 443M->199M(512M) 2.495ms
[2026-06-18T01:26:40.300+0000][14317.091s][info][gc,cpu        ] GC(938) User=0.02s Sys=0.00s Real=0.00s
[2026-06-18T01:26:41.751+0000][14318.542s][info][gc,start      ] GC(939) Pause Young (Normal) (G1 Evacuation Pause)
[2026-06-18T01:26:41.751+0000][14318.542s][info][gc,task       ] GC(939) Using 13 workers of 13 for evacuation
[2026-06-18T01:26:41.755+0000][14318.545s][info][gc,phases     ] GC(939)   Pre Evacuate Collection Set: 0.0ms
[2026-06-18T01:26:41.755+0000][14318.546s][info][gc,phases     ] GC(939)   Evacuate Collection Set: 3.1ms
[2026-06-18T01:26:41.755+0000][14318.546s][info][gc,phases     ] GC(939)   Post Evacuate Collection Set: 0.4ms
[2026-06-18T01:26:41.755+0000][14318.546s][info][gc,phases     ] GC(939)   Other: 0.3ms
[2026-06-18T01:26:41.755+0000][14318.546s][info][gc,heap       ] GC(939) Eden regions: 247->0(243)
[2026-06-18T01:26:41.755+0000][14318.546s][info][gc,heap       ] GC(939) Survivor regions: 2->6(32)
[2026-06-18T01:26:41.755+0000][14318.546s][info][gc,heap       ] GC(939) Old regions: 51->51
[2026-06-18T01:26:41.755+0000][14318.546s][info][gc,heap       ] GC(939) Humongous regions: 147->147
[2026-06-18T01:26:41.755+0000][14318.546s][info][gc,metaspace  ] GC(939) Metaspace: 52770K(55552K)->52770K(55552K) NonClass: 46840K(48384K)->46840K(48384K) Class: 5929K(7168K)->5929K(7168K)
[2026-06-18T01:26:41.755+0000][14318.546s][info][gc            ] GC(939) Pause Young (Normal) (G1 Evacuation Pause) 446M->203M(512M) 4.517ms
[2026-06-18T01:26:41.755+0000][14318.546s][info][gc,cpu        ] GC(939) User=0.04s Sys=0.00s Real=0.01s
[2026-06-18T01:26:42.969+0000][14319.760s][info][gc,start      ] GC(940) Pause Young (Concurrent Start) (G1 Evacuation Pause)
[2026-06-18T01:26:42.969+0000][14319.760s][info][gc,task       ] GC(940) Using 13 workers of 13 for evacuation
[2026-06-18T01:26:42.972+0000][14319.762s][info][gc,phases     ] GC(940)   Pre Evacuate Collection Set: 0.3ms
[2026-06-18T01:26:42.972+0000][14319.763s][info][gc,phases     ] GC(940)   Evacuate Collection Set: 1.5ms
[2026-06-18T01:26:42.972+0000][14319.763s][info][gc,phases     ] GC(940)   Post Evacuate Collection Set: 0.3ms
[2026-06-18T01:26:42.972+0000][14319.763s][info][gc,phases     ] GC(940)   Other: 0.4ms
[2026-06-18T01:26:42.972+0000][14319.763s][info][gc,heap       ] GC(940) Eden regions: 243->0(247)
[2026-06-18T01:26:42.972+0000][14319.763s][info][gc,heap       ] GC(940) Survivor regions: 6->3(32)
[2026-06-18T01:26:42.972+0000][14319.763s][info][gc,heap       ] GC(940) Old regions: 51->51
[2026-06-18T01:26:42.972+0000][14319.763s][info][gc,heap       ] GC(940) Humongous regions: 147->147
[2026-06-18T01:26:42.972+0000][14319.763s][info][gc,metaspace  ] GC(940) Metaspace: 52770K(55552K)->52770K(55552K) NonClass: 46840K(48384K)->46840K(48384K) Class: 5929K(7168K)->5929K(7168K)
[2026-06-18T01:26:42.972+0000][14319.763s][info][gc            ] GC(940) Pause Young (Concurrent Start) (G1 Evacuation Pause) 446M->199M(512M) 3.119ms
[2026-06-18T01:26:42.972+0000][14319.763s][info][gc,cpu        ] GC(940) User=0.01s Sys=0.00s Real=0.01s
[2026-06-18T01:26:42.972+0000][14319.763s][info][gc            ] GC(941) Concurrent Cycle
[2026-06-18T01:26:42.973+0000][14319.763s][info][gc,marking    ] GC(941) Concurrent Clear Claimed Marks
[2026-06-18T01:26:42.973+0000][14319.764s][info][gc,marking    ] GC(941) Concurrent Clear Claimed Marks 0.371ms
[2026-06-18T01:26:42.973+0000][14319.764s][info][gc,marking    ] GC(941) Concurrent Scan Root Regions
[2026-06-18T01:26:42.974+0000][14319.765s][info][gc,marking    ] GC(941) Concurrent Scan Root Regions 1.020ms
[2026-06-18T01:26:42.974+0000][14319.765s][info][gc,marking    ] GC(941) Concurrent Mark (14319.765s)
[2026-06-18T01:26:42.974+0000][14319.765s][info][gc,marking    ] GC(941) Concurrent Mark From Roots
[2026-06-18T01:26:42.974+0000][14319.765s][info][gc,task       ] GC(941) Using 3 workers of 3 for marking
[2026-06-18T01:26:42.980+0000][14319.771s][info][gc,marking    ] GC(941) Concurrent Mark From Roots 5.808ms
[2026-06-18T01:26:42.980+0000][14319.771s][info][gc,marking    ] GC(941) Concurrent Preclean
[2026-06-18T01:26:42.980+0000][14319.771s][info][gc,marking    ] GC(941) Concurrent Preclean 0.173ms
[2026-06-18T01:26:42.980+0000][14319.771s][info][gc,marking    ] GC(941) Concurrent Mark (14319.765s, 14319.771s) 6.251ms
[2026-06-18T01:26:42.981+0000][14319.771s][info][gc,start      ] GC(941) Pause Remark
[2026-06-18T01:26:42.983+0000][14319.774s][info][gc,stringtable] GC(941) Cleaned string and symbol table, strings: 17438 processed, 0 removed, symbols: 125074 processed, 0 removed
[2026-06-18T01:26:42.983+0000][14319.774s][info][gc            ] GC(941) Pause Remark 203M->203M(512M) 2.737ms
[2026-06-18T01:26:42.983+0000][14319.774s][info][gc,cpu        ] GC(941) User=0.03s Sys=0.00s Real=0.01s
[2026-06-18T01:26:42.983+0000][14319.774s][info][gc,marking    ] GC(941) Concurrent Rebuild Remembered Sets
[2026-06-18T01:26:42.988+0000][14319.779s][info][gc,marking    ] GC(941) Concurrent Rebuild Remembered Sets 4.421ms
[2026-06-18T01:26:42.988+0000][14319.779s][info][gc,start      ] GC(941) Pause Cleanup
[2026-06-18T01:26:42.988+0000][14319.779s][info][gc            ] GC(941) Pause Cleanup 204M->204M(512M) 0.161ms
[2026-06-18T01:26:42.988+0000][14319.779s][info][gc,cpu        ] GC(941) User=0.00s Sys=0.00s Real=0.00s
[2026-06-18T01:26:42.988+0000][14319.779s][info][gc,marking    ] GC(941) Concurrent Cleanup for Next Mark
[2026-06-18T01:26:42.989+0000][14319.779s][info][gc,marking    ] GC(941) Concurrent Cleanup for Next Mark 0.145ms
[2026-06-18T01:26:42.989+0000][14319.780s][info][gc            ] GC(941) Concurrent Cycle 16.268ms
[2026-06-18T01:27:31.338+0000][14368.131s][info][gc,start      ] GC(942) Pause Young (Prepare Mixed) (G1 Evacuation Pause)
[2026-06-18T01:27:31.338+0000][14368.131s][info][gc,task       ] GC(942) Using 13 workers of 13 for evacuation
[2026-06-18T01:27:31.342+0000][14368.135s][info][gc,phases     ] GC(942)   Pre Evacuate Collection Set: 0.0ms
[2026-06-18T01:27:31.343+0000][14368.135s][info][gc,phases     ] GC(942)   Evacuate Collection Set: 3.3ms
[2026-06-18T01:27:31.343+0000][14368.135s][info][gc,phases     ] GC(942)   Post Evacuate Collection Set: 0.3ms
[2026-06-18T01:27:31.343+0000][14368.135s][info][gc,phases     ] GC(942)   Other: 0.4ms
[2026-06-18T01:27:31.343+0000][14368.136s][info][gc,heap       ] GC(942) Eden regions: 247->0(19)
[2026-06-18T01:27:31.343+0000][14368.136s][info][gc,heap       ] GC(942) Survivor regions: 3->6(32)
[2026-06-18T01:27:31.343+0000][14368.136s][info][gc,heap       ] GC(942) Old regions: 51->51
[2026-06-18T01:27:31.343+0000][14368.136s][info][gc,heap       ] GC(942) Humongous regions: 147->147
[2026-06-18T01:27:31.343+0000][14368.136s][info][gc,metaspace  ] GC(942) Metaspace: 52770K(55552K)->52770K(55552K) NonClass: 46840K(48384K)->46840K(48384K) Class: 5929K(7168K)->5929K(7168K)
[2026-06-18T01:27:31.343+0000][14368.136s][info][gc            ] GC(942) Pause Young (Prepare Mixed) (G1 Evacuation Pause) 446M->202M(512M) 5.364ms
[2026-06-18T01:27:31.343+0000][14368.136s][info][gc,cpu        ] GC(942) User=0.02s Sys=0.00s Real=0.01s
[2026-06-18T01:27:31.485+0000][14368.278s][info][gc,start      ] GC(943) Pause Young (Mixed) (G1 Evacuation Pause)
[2026-06-18T01:27:31.487+0000][14368.280s][info][gc,task       ] GC(943) Using 13 workers of 13 for evacuation
[2026-06-18T01:27:31.500+0000][14368.293s][info][gc,phases     ] GC(943)   Pre Evacuate Collection Set: 0.1ms
[2026-06-18T01:27:31.500+0000][14368.293s][info][gc,phases     ] GC(943)   Evacuate Collection Set: 11.8ms
[2026-06-18T01:27:31.501+0000][14368.293s][info][gc,phases     ] GC(943)   Post Evacuate Collection Set: 0.4ms
[2026-06-18T01:27:31.501+0000][14368.293s][info][gc,phases     ] GC(943)   Other: 3.1ms
[2026-06-18T01:27:31.501+0000][14368.293s][info][gc,heap       ] GC(943) Eden regions: 19->0(247)
[2026-06-18T01:27:31.501+0000][14368.293s][info][gc,heap       ] GC(943) Survivor regions: 6->2(4)
[2026-06-18T01:27:31.501+0000][14368.293s][info][gc,heap       ] GC(943) Old regions: 51->51
[2026-06-18T01:27:31.501+0000][14368.294s][info][gc,heap       ] GC(943) Humongous regions: 147->147
[2026-06-18T01:27:31.501+0000][14368.294s][info][gc,metaspace  ] GC(943) Metaspace: 52770K(55552K)->52770K(55552K) NonClass: 46840K(48384K)->46840K(48384K) Class: 5929K(7168K)->5929K(7168K)
[2026-06-18T01:27:31.501+0000][14368.294s][info][gc            ] GC(943) Pause Young (Mixed) (G1 Evacuation Pause) 221M->198M(512M) 16.000ms
[2026-06-18T01:27:31.501+0000][14368.294s][info][gc,cpu        ] GC(943) User=0.08s Sys=0.00s Real=0.02s
[2026-06-18T01:27:33.004+0000][14369.797s][info][gc,start      ] GC(944) Pause Young (Normal) (G1 Evacuation Pause)
[2026-06-18T01:27:33.005+0000][14369.797s][info][gc,task       ] GC(944) Using 13 workers of 13 for evacuation
[2026-06-18T01:27:33.006+0000][14369.799s][info][gc,phases     ] GC(944)   Pre Evacuate Collection Set: 0.0ms
[2026-06-18T01:27:33.006+0000][14369.799s][info][gc,phases     ] GC(944)   Evacuate Collection Set: 1.2ms
[2026-06-18T01:27:33.006+0000][14369.799s][info][gc,phases     ] GC(944)   Post Evacuate Collection Set: 0.4ms
[2026-06-18T01:27:33.006+0000][14369.799s][info][gc,phases     ] GC(944)   Other: 0.3ms
[2026-06-18T01:27:33.007+0000][14369.799s][info][gc,heap       ] GC(944) Eden regions: 247->0(249)
[2026-06-18T01:27:33.007+0000][14369.799s][info][gc,heap       ] GC(944) Survivor regions: 2->2(32)
[2026-06-18T01:27:33.007+0000][14369.799s][info][gc,heap       ] GC(944) Old regions: 51->51
[2026-06-18T01:27:33.007+0000][14369.799s][info][gc,heap       ] GC(944) Humongous regions: 147->147
[2026-06-18T01:27:33.007+0000][14369.799s][info][gc,metaspace  ] GC(944) Metaspace: 52770K(55552K)->52770K(55552K) NonClass: 46840K(48384K)->46840K(48384K) Class: 5929K(7168K)->5929K(7168K)
[2026-06-18T01:27:33.007+0000][14369.800s][info][gc            ] GC(944) Pause Young (Normal) (G1 Evacuation Pause) 445M->198M(512M) 2.352ms
[2026-06-18T01:27:33.007+0000][14369.800s][info][gc,cpu        ] GC(944) User=0.02s Sys=0.00s Real=0.00s
[2026-06-18T01:27:34.332+0000][14371.125s][info][gc,start      ] GC(945) Pause Young (Normal) (G1 Evacuation Pause)
[2026-06-18T01:27:34.332+0000][14371.125s][info][gc,task       ] GC(945) Using 13 workers of 13 for evacuation
[2026-06-18T01:27:34.335+0000][14371.127s][info][gc,phases     ] GC(945)   Pre Evacuate Collection Set: 0.0ms
[2026-06-18T01:27:34.335+0000][14371.127s][info][gc,phases     ] GC(945)   Evacuate Collection Set: 1.6ms
[2026-06-18T01:27:34.335+0000][14371.127s][info][gc,phases     ] GC(945)   Post Evacuate Collection Set: 0.4ms
[2026-06-18T01:27:34.335+0000][14371.128s][info][gc,phases     ] GC(945)   Other: 0.3ms
[2026-06-18T01:27:34.335+0000][14371.128s][info][gc,heap       ] GC(945) Eden regions: 249->0(243)
[2026-06-18T01:27:34.335+0000][14371.128s][info][gc,heap       ] GC(945) Survivor regions: 2->7(32)
[2026-06-18T01:27:34.335+0000][14371.128s][info][gc,heap       ] GC(945) Old regions: 51->51
[2026-06-18T01:27:34.335+0000][14371.128s][info][gc,heap       ] GC(945) Humongous regions: 147->147
[2026-06-18T01:27:34.335+0000][14371.128s][info][gc,metaspace  ] GC(945) Metaspace: 52770K(55552K)->52770K(55552K) NonClass: 46840K(48384K)->46840K(48384K) Class: 5929K(7168K)->5929K(7168K)
[2026-06-18T01:27:34.335+0000][14371.128s][info][gc            ] GC(945) Pause Young (Normal) (G1 Evacuation Pause) 447M->203M(512M) 2.965ms
[2026-06-18T01:27:34.335+0000][14371.128s][info][gc,cpu        ] GC(945) User=0.02s Sys=0.00s Real=0.00s
[2026-06-18T01:27:35.488+0000][14372.281s][info][gc,start      ] GC(946) Pause Young (Concurrent Start) (G1 Evacuation Pause)
[2026-06-18T01:27:35.488+0000][14372.281s][info][gc,task       ] GC(946) Using 13 workers of 13 for evacuation
[2026-06-18T01:27:35.492+0000][14372.285s][info][gc,phases     ] GC(946)   Pre Evacuate Collection Set: 0.3ms
[2026-06-18T01:27:35.492+0000][14372.285s][info][gc,phases     ] GC(946)   Evacuate Collection Set: 3.1ms
[2026-06-18T01:27:35.492+0000][14372.285s][info][gc,phases     ] GC(946)   Post Evacuate Collection Set: 0.4ms
[2026-06-18T01:27:35.493+0000][14372.285s][info][gc,phases     ] GC(946)   Other: 0.4ms
[2026-06-18T01:27:35.493+0000][14372.285s][info][gc,heap       ] GC(946) Eden regions: 243->0(247)
[2026-06-18T01:27:35.493+0000][14372.285s][info][gc,heap       ] GC(946) Survivor regions: 7->4(32)
[2026-06-18T01:27:35.493+0000][14372.285s][info][gc,heap       ] GC(946) Old regions: 51->51
[2026-06-18T01:27:35.493+0000][14372.286s][info][gc,heap       ] GC(946) Humongous regions: 147->147
[2026-06-18T01:27:35.493+0000][14372.286s][info][gc,metaspace  ] GC(946) Metaspace: 52770K(55552K)->52770K(55552K) NonClass: 46840K(48384K)->46840K(48384K) Class: 5929K(7168K)->5929K(7168K)
[2026-06-18T01:27:35.493+0000][14372.286s][info][gc            ] GC(946) Pause Young (Concurrent Start) (G1 Evacuation Pause) 446M->200M(512M) 4.676ms
[2026-06-18T01:27:35.493+0000][14372.286s][info][gc,cpu        ] GC(946) User=0.03s Sys=0.00s Real=0.01s
[2026-06-18T01:27:35.493+0000][14372.286s][info][gc            ] GC(947) Concurrent Cycle
[2026-06-18T01:27:35.493+0000][14372.286s][info][gc,marking    ] GC(947) Concurrent Clear Claimed Marks
[2026-06-18T01:27:35.493+0000][14372.286s][info][gc,marking    ] GC(947) Concurrent Clear Claimed Marks 0.196ms
[2026-06-18T01:27:35.493+0000][14372.286s][info][gc,marking    ] GC(947) Concurrent Scan Root Regions
[2026-06-18T01:27:35.494+0000][14372.287s][info][gc,marking    ] GC(947) Concurrent Scan Root Regions 1.026ms
[2026-06-18T01:27:35.495+0000][14372.287s][info][gc,marking    ] GC(947) Concurrent Mark (14372.287s)
[2026-06-18T01:27:35.495+0000][14372.287s][info][gc,marking    ] GC(947) Concurrent Mark From Roots
[2026-06-18T01:27:35.495+0000][14372.287s][info][gc,task       ] GC(947) Using 3 workers of 3 for marking
[2026-06-18T01:27:35.501+0000][14372.294s][info][gc,marking    ] GC(947) Concurrent Mark From Roots 6.364ms
[2026-06-18T01:27:35.501+0000][14372.294s][info][gc,marking    ] GC(947) Concurrent Preclean
[2026-06-18T01:27:35.501+0000][14372.294s][info][gc,marking    ] GC(947) Concurrent Preclean 0.165ms
[2026-06-18T01:27:35.501+0000][14372.294s][info][gc,marking    ] GC(947) Concurrent Mark (14372.287s, 14372.294s) 6.781ms
[2026-06-18T01:27:35.501+0000][14372.294s][info][gc,start      ] GC(947) Pause Remark
[2026-06-18T01:27:35.504+0000][14372.297s][info][gc,stringtable] GC(947) Cleaned string and symbol table, strings: 17438 processed, 0 removed, symbols: 125074 processed, 0 removed
[2026-06-18T01:27:35.504+0000][14372.297s][info][gc            ] GC(947) Pause Remark 205M->205M(512M) 2.813ms
[2026-06-18T01:27:35.504+0000][14372.297s][info][gc,cpu        ] GC(947) User=0.02s Sys=0.00s Real=0.00s
[2026-06-18T01:27:35.504+0000][14372.297s][info][gc,marking    ] GC(947) Concurrent Rebuild Remembered Sets
[2026-06-18T01:27:35.509+0000][14372.302s][info][gc,marking    ] GC(947) Concurrent Rebuild Remembered Sets 4.352ms
[2026-06-18T01:27:35.509+0000][14372.302s][info][gc,start      ] GC(947) Pause Cleanup
[2026-06-18T01:27:35.509+0000][14372.302s][info][gc            ] GC(947) Pause Cleanup 205M->205M(512M) 0.166ms
[2026-06-18T01:27:35.509+0000][14372.302s][info][gc,cpu        ] GC(947) User=0.00s Sys=0.00s Real=0.00s
[2026-06-18T01:27:35.509+0000][14372.302s][info][gc,marking    ] GC(947) Concurrent Cleanup for Next Mark
[2026-06-18T01:27:35.510+0000][14372.302s][info][gc,marking    ] GC(947) Concurrent Cleanup for Next Mark 0.224ms
[2026-06-18T01:27:35.510+0000][14372.302s][info][gc            ] GC(947) Concurrent Cycle 16.602ms
[2026-06-18T01:28:24.074+0000][14420.864s][info][gc,start      ] GC(948) Pause Young (Prepare Mixed) (G1 Evacuation Pause)
[2026-06-18T01:28:24.074+0000][14420.865s][info][gc,task       ] GC(948) Using 13 workers of 13 for evacuation
[2026-06-18T01:28:24.083+0000][14420.873s][info][gc,phases     ] GC(948)   Pre Evacuate Collection Set: 0.0ms
[2026-06-18T01:28:24.083+0000][14420.874s][info][gc,phases     ] GC(948)   Evacuate Collection Set: 8.2ms
[2026-06-18T01:28:24.083+0000][14420.874s][info][gc,phases     ] GC(948)   Post Evacuate Collection Set: 0.4ms
[2026-06-18T01:28:24.083+0000][14420.874s][info][gc,phases     ] GC(948)   Other: 0.5ms
[2026-06-18T01:28:24.083+0000][14420.874s][info][gc,heap       ] GC(948) Eden regions: 247->0(16)
[2026-06-18T01:28:24.083+0000][14420.874s][info][gc,heap       ] GC(948) Survivor regions: 4->9(32)
[2026-06-18T01:28:24.083+0000][14420.874s][info][gc,heap       ] GC(948) Old regions: 51->51
[2026-06-18T01:28:24.083+0000][14420.874s][info][gc,heap       ] GC(948) Humongous regions: 147->147
[2026-06-18T01:28:24.083+0000][14420.874s][info][gc,metaspace  ] GC(948) Metaspace: 52787K(55552K)->52787K(55552K) NonClass: 46857K(48384K)->46857K(48384K) Class: 5929K(7168K)->5929K(7168K)
[2026-06-18T01:28:24.083+0000][14420.874s][info][gc            ] GC(948) Pause Young (Prepare Mixed) (G1 Evacuation Pause) 447M->205M(512M) 9.737ms
[2026-06-18T01:28:24.083+0000][14420.874s][info][gc,cpu        ] GC(948) User=0.10s Sys=0.00s Real=0.01s
[2026-06-18T01:28:24.175+0000][14420.966s][info][gc,start      ] GC(949) Pause Young (Mixed) (G1 Evacuation Pause)
[2026-06-18T01:28:24.175+0000][14420.966s][info][gc,task       ] GC(949) Using 13 workers of 13 for evacuation
[2026-06-18T01:28:24.179+0000][14420.970s][info][gc,phases     ] GC(949)   Pre Evacuate Collection Set: 0.0ms
[2026-06-18T01:28:24.179+0000][14420.970s][info][gc,phases     ] GC(949)   Evacuate Collection Set: 3.3ms
[2026-06-18T01:28:24.179+0000][14420.970s][info][gc,phases     ] GC(949)   Post Evacuate Collection Set: 0.3ms
[2026-06-18T01:28:24.179+0000][14420.970s][info][gc,phases     ] GC(949)   Other: 0.3ms
[2026-06-18T01:28:24.179+0000][14420.970s][info][gc,heap       ] GC(949) Eden regions: 16->0(244)
[2026-06-18T01:28:24.179+0000][14420.970s][info][gc,heap       ] GC(949) Survivor regions: 9->2(4)
[2026-06-18T01:28:24.179+0000][14420.970s][info][gc,heap       ] GC(949) Old regions: 51->53
[2026-06-18T01:28:24.179+0000][14420.970s][info][gc,heap       ] GC(949) Humongous regions: 147->147
[2026-06-18T01:28:24.179+0000][14420.970s][info][gc,metaspace  ] GC(949) Metaspace: 52787K(55552K)->52787K(55552K) NonClass: 46857K(48384K)->46857K(48384K) Class: 5929K(7168K)->5929K(7168K)
[2026-06-18T01:28:24.179+0000][14420.970s][info][gc            ] GC(949) Pause Young (Mixed) (G1 Evacuation Pause) 221M->201M(512M) 4.577ms
[2026-06-18T01:28:24.180+0000][14420.970s][info][gc,cpu        ] GC(949) User=0.02s Sys=0.01s Real=0.00s
[2026-06-18T01:28:25.627+0000][14422.418s][info][gc,start      ] GC(950) Pause Young (Normal) (G1 Evacuation Pause)
[2026-06-18T01:28:25.627+0000][14422.418s][info][gc,task       ] GC(950) Using 13 workers of 13 for evacuation
[2026-06-18T01:28:25.630+0000][14422.421s][info][gc,phases     ] GC(950)   Pre Evacuate Collection Set: 0.0ms
[2026-06-18T01:28:25.630+0000][14422.421s][info][gc,phases     ] GC(950)   Evacuate Collection Set: 2.7ms
[2026-06-18T01:28:25.630+0000][14422.421s][info][gc,phases     ] GC(950)   Post Evacuate Collection Set: 0.4ms
[2026-06-18T01:28:25.630+0000][14422.421s][info][gc,phases     ] GC(950)   Other: 0.3ms
[2026-06-18T01:28:25.630+0000][14422.421s][info][gc,heap       ] GC(950) Eden regions: 244->0(245)
[2026-06-18T01:28:25.630+0000][14422.421s][info][gc,heap       ] GC(950) Survivor regions: 2->3(31)
[2026-06-18T01:28:25.631+0000][14422.421s][info][gc,heap       ] GC(950) Old regions: 53->53
[2026-06-18T01:28:25.631+0000][14422.421s][info][gc,heap       ] GC(950) Humongous regions: 147->147
[2026-06-18T01:28:25.631+0000][14422.421s][info][gc,metaspace  ] GC(950) Metaspace: 52787K(55552K)->52787K(55552K) NonClass: 46857K(48384K)->46857K(48384K) Class: 5929K(7168K)->5929K(7168K)
[2026-06-18T01:28:25.631+0000][14422.421s][info][gc            ] GC(950) Pause Young (Normal) (G1 Evacuation Pause) 445M->202M(512M) 3.825ms
[2026-06-18T01:28:25.631+0000][14422.421s][info][gc,cpu        ] GC(950) User=0.03s Sys=0.00s Real=0.00s
[2026-06-18T01:28:26.883+0000][14423.674s][info][gc,start      ] GC(951) Pause Young (Normal) (G1 Evacuation Pause)
[2026-06-18T01:28:26.883+0000][14423.674s][info][gc,task       ] GC(951) Using 13 workers of 13 for evacuation
[2026-06-18T01:28:26.887+0000][14423.678s][info][gc,phases     ] GC(951)   Pre Evacuate Collection Set: 0.0ms
[2026-06-18T01:28:26.887+0000][14423.678s][info][gc,phases     ] GC(951)   Evacuate Collection Set: 2.9ms
[2026-06-18T01:28:26.887+0000][14423.678s][info][gc,phases     ] GC(951)   Post Evacuate Collection Set: 0.4ms
[2026-06-18T01:28:26.887+0000][14423.678s][info][gc,phases     ] GC(951)   Other: 0.3ms
[2026-06-18T01:28:26.888+0000][14423.678s][info][gc,heap       ] GC(951) Eden regions: 245->0(237)
[2026-06-18T01:28:26.888+0000][14423.678s][info][gc,heap       ] GC(951) Survivor regions: 3->8(31)
[2026-06-18T01:28:26.888+0000][14423.678s][info][gc,heap       ] GC(951) Old regions: 53->53
[2026-06-18T01:28:26.888+0000][14423.678s][info][gc,heap       ] GC(951) Humongous regions: 147->147
[2026-06-18T01:28:26.888+0000][14423.679s][info][gc,metaspace  ] GC(951) Metaspace: 52787K(55552K)->52787K(55552K) NonClass: 46857K(48384K)->46857K(48384K) Class: 5929K(7168K)->5929K(7168K)
[2026-06-18T01:28:26.888+0000][14423.679s][info][gc            ] GC(951) Pause Young (Normal) (G1 Evacuation Pause) 447M->207M(512M) 4.583ms
[2026-06-18T01:28:26.888+0000][14423.679s][info][gc,cpu        ] GC(951) User=0.02s Sys=0.00s Real=0.00s
[2026-06-18T01:28:28.058+0000][14424.849s][info][gc,start      ] GC(952) Pause Young (Concurrent Start) (G1 Evacuation Pause)
[2026-06-18T01:28:28.058+0000][14424.849s][info][gc,task       ] GC(952) Using 13 workers of 13 for evacuation
[2026-06-18T01:28:28.060+0000][14424.851s][info][gc,phases     ] GC(952)   Pre Evacuate Collection Set: 0.3ms
[2026-06-18T01:28:28.060+0000][14424.851s][info][gc,phases     ] GC(952)   Evacuate Collection Set: 1.5ms
[2026-06-18T01:28:28.060+0000][14424.851s][info][gc,phases     ] GC(952)   Post Evacuate Collection Set: 0.3ms
[2026-06-18T01:28:28.060+0000][14424.851s][info][gc,phases     ] GC(952)   Other: 0.3ms
[2026-06-18T01:28:28.060+0000][14424.851s][info][gc,heap       ] GC(952) Eden regions: 237->0(242)
[2026-06-18T01:28:28.061+0000][14424.851s][info][gc,heap       ] GC(952) Survivor regions: 8->5(31)
[2026-06-18T01:28:28.061+0000][14424.851s][info][gc,heap       ] GC(952) Old regions: 53->53
[2026-06-18T01:28:28.061+0000][14424.851s][info][gc,heap       ] GC(952) Humongous regions: 147->147
[2026-06-18T01:28:28.061+0000][14424.851s][info][gc,metaspace  ] GC(952) Metaspace: 52787K(55552K)->52787K(55552K) NonClass: 46857K(48384K)->46857K(48384K) Class: 5929K(7168K)->5929K(7168K)
[2026-06-18T01:28:28.061+0000][14424.851s][info][gc            ] GC(952) Pause Young (Concurrent Start) (G1 Evacuation Pause) 444M->204M(512M) 2.581ms
[2026-06-18T01:28:28.061+0000][14424.851s][info][gc,cpu        ] GC(952) User=0.01s Sys=0.00s Real=0.00s
[2026-06-18T01:28:28.061+0000][14424.852s][info][gc            ] GC(953) Concurrent Cycle
[2026-06-18T01:28:28.061+0000][14424.852s][info][gc,marking    ] GC(953) Concurrent Clear Claimed Marks
[2026-06-18T01:28:28.061+0000][14424.852s][info][gc,marking    ] GC(953) Concurrent Clear Claimed Marks 0.174ms
[2026-06-18T01:28:28.061+0000][14424.852s][info][gc,marking    ] GC(953) Concurrent Scan Root Regions
[2026-06-18T01:28:28.062+0000][14424.853s][info][gc,marking    ] GC(953) Concurrent Scan Root Regions 0.893ms
[2026-06-18T01:28:28.062+0000][14424.853s][info][gc,marking    ] GC(953) Concurrent Mark (14424.853s)
[2026-06-18T01:28:28.062+0000][14424.853s][info][gc,marking    ] GC(953) Concurrent Mark From Roots
[2026-06-18T01:28:28.062+0000][14424.853s][info][gc,task       ] GC(953) Using 3 workers of 3 for marking
[2026-06-18T01:28:28.068+0000][14424.859s][info][gc,marking    ] GC(953) Concurrent Mark From Roots 5.965ms
[2026-06-18T01:28:28.068+0000][14424.859s][info][gc,marking    ] GC(953) Concurrent Preclean
[2026-06-18T01:28:28.068+0000][14424.859s][info][gc,marking    ] GC(953) Concurrent Preclean 0.178ms
[2026-06-18T01:28:28.068+0000][14424.859s][info][gc,marking    ] GC(953) Concurrent Mark (14424.853s, 14424.859s) 6.365ms
[2026-06-18T01:28:28.069+0000][14424.859s][info][gc,start      ] GC(953) Pause Remark
[2026-06-18T01:28:28.071+0000][14424.862s][info][gc,stringtable] GC(953) Cleaned string and symbol table, strings: 17447 processed, 0 removed, symbols: 125074 processed, 0 removed
[2026-06-18T01:28:28.071+0000][14424.862s][info][gc            ] GC(953) Pause Remark 208M->208M(512M) 2.721ms
[2026-06-18T01:28:28.071+0000][14424.862s][info][gc,cpu        ] GC(953) User=0.02s Sys=0.00s Real=0.00s
[2026-06-18T01:28:28.072+0000][14424.862s][info][gc,marking    ] GC(953) Concurrent Rebuild Remembered Sets
[2026-06-18T01:28:28.076+0000][14424.867s][info][gc,marking    ] GC(953) Concurrent Rebuild Remembered Sets 4.436ms
[2026-06-18T01:28:28.076+0000][14424.867s][info][gc,start      ] GC(953) Pause Cleanup
[2026-06-18T01:28:28.076+0000][14424.867s][info][gc            ] GC(953) Pause Cleanup 208M->208M(512M) 0.240ms
[2026-06-18T01:28:28.077+0000][14424.867s][info][gc,cpu        ] GC(953) User=0.00s Sys=0.00s Real=0.00s
[2026-06-18T01:28:28.077+0000][14424.867s][info][gc,marking    ] GC(953) Concurrent Cleanup for Next Mark
[2026-06-18T01:28:28.077+0000][14424.868s][info][gc,marking    ] GC(953) Concurrent Cleanup for Next Mark 0.166ms
[2026-06-18T01:28:28.077+0000][14424.868s][info][gc            ] GC(953) Concurrent Cycle 16.136ms
[2026-06-18T01:29:16.864+0000][14473.655s][info][gc,start      ] GC(954) Pause Young (Prepare Mixed) (G1 Evacuation Pause)
[2026-06-18T01:29:16.864+0000][14473.655s][info][gc,task       ] GC(954) Using 13 workers of 13 for evacuation
[2026-06-18T01:29:16.868+0000][14473.659s][info][gc,phases     ] GC(954)   Pre Evacuate Collection Set: 0.0ms
[2026-06-18T01:29:16.868+0000][14473.659s][info][gc,phases     ] GC(954)   Evacuate Collection Set: 3.5ms
[2026-06-18T01:29:16.869+0000][14473.659s][info][gc,phases     ] GC(954)   Post Evacuate Collection Set: 0.4ms
[2026-06-18T01:29:16.869+0000][14473.659s][info][gc,phases     ] GC(954)   Other: 0.4ms
[2026-06-18T01:29:16.869+0000][14473.659s][info][gc,heap       ] GC(954) Eden regions: 242->0(16)
[2026-06-18T01:29:16.869+0000][14473.659s][info][gc,heap       ] GC(954) Survivor regions: 5->9(31)
[2026-06-18T01:29:16.869+0000][14473.660s][info][gc,heap       ] GC(954) Old regions: 53->53
[2026-06-18T01:29:16.869+0000][14473.660s][info][gc,heap       ] GC(954) Humongous regions: 147->147
[2026-06-18T01:29:16.869+0000][14473.660s][info][gc,metaspace  ] GC(954) Metaspace: 52791K(55552K)->52791K(55552K) NonClass: 46859K(48384K)->46859K(48384K) Class: 5932K(7168K)->5932K(7168K)
[2026-06-18T01:29:16.869+0000][14473.660s][info][gc            ] GC(954) Pause Young (Prepare Mixed) (G1 Evacuation Pause) 446M->207M(512M) 4.856ms
[2026-06-18T01:29:16.869+0000][14473.660s][info][gc,cpu        ] GC(954) User=0.04s Sys=0.00s Real=0.00s
[2026-06-18T01:29:16.983+0000][14473.773s][info][gc,start      ] GC(955) Pause Young (Mixed) (G1 Evacuation Pause)
[2026-06-18T01:29:16.983+0000][14473.774s][info][gc,task       ] GC(955) Using 13 workers of 13 for evacuation
[2026-06-18T01:29:16.987+0000][14473.778s][info][gc,phases     ] GC(955)   Pre Evacuate Collection Set: 0.1ms
[2026-06-18T01:29:16.987+0000][14473.778s][info][gc,phases     ] GC(955)   Evacuate Collection Set: 3.9ms
[2026-06-18T01:29:16.988+0000][14473.778s][info][gc,phases     ] GC(955)   Post Evacuate Collection Set: 0.4ms
[2026-06-18T01:29:16.988+0000][14473.778s][info][gc,phases     ] GC(955)   Other: 0.4ms
[2026-06-18T01:29:16.988+0000][14473.778s][info][gc,heap       ] GC(955) Eden regions: 16->0(242)
[2026-06-18T01:29:16.988+0000][14473.779s][info][gc,heap       ] GC(955) Survivor regions: 9->2(4)
[2026-06-18T01:29:16.988+0000][14473.779s][info][gc,heap       ] GC(955) Old regions: 53->53
[2026-06-18T01:29:16.988+0000][14473.779s][info][gc,heap       ] GC(955) Humongous regions: 147->147
[2026-06-18T01:29:16.988+0000][14473.779s][info][gc,metaspace  ] GC(955) Metaspace: 52791K(55552K)->52791K(55552K) NonClass: 46859K(48384K)->46859K(48384K) Class: 5932K(7168K)->5932K(7168K)
[2026-06-18T01:29:16.988+0000][14473.779s][info][gc            ] GC(955) Pause Young (Mixed) (G1 Evacuation Pause) 223M->200M(512M) 5.700ms
[2026-06-18T01:29:16.988+0000][14473.779s][info][gc,cpu        ] GC(955) User=0.03s Sys=0.00s Real=0.00s
[2026-06-18T01:29:18.405+0000][14475.195s][info][gc,start      ] GC(956) Pause Young (Normal) (G1 Evacuation Pause)
[2026-06-18T01:29:18.405+0000][14475.196s][info][gc,task       ] GC(956) Using 13 workers of 13 for evacuation
[2026-06-18T01:29:18.407+0000][14475.198s][info][gc,phases     ] GC(956)   Pre Evacuate Collection Set: 0.0ms
[2026-06-18T01:29:18.407+0000][14475.198s][info][gc,phases     ] GC(956)   Evacuate Collection Set: 1.5ms
[2026-06-18T01:29:18.407+0000][14475.198s][info][gc,phases     ] GC(956)   Post Evacuate Collection Set: 0.3ms
[2026-06-18T01:29:18.407+0000][14475.198s][info][gc,phases     ] GC(956)   Other: 0.4ms
[2026-06-18T01:29:18.407+0000][14475.198s][info][gc,heap       ] GC(956) Eden regions: 242->0(243)
[2026-06-18T01:29:18.407+0000][14475.198s][info][gc,heap       ] GC(956) Survivor regions: 2->3(31)
[2026-06-18T01:29:18.407+0000][14475.198s][info][gc,heap       ] GC(956) Old regions: 53->53
[2026-06-18T01:29:18.407+0000][14475.198s][info][gc,heap       ] GC(956) Humongous regions: 147->147
[2026-06-18T01:29:18.407+0000][14475.198s][info][gc,metaspace  ] GC(956) Metaspace: 52791K(55552K)->52791K(55552K) NonClass: 46859K(48384K)->46859K(48384K) Class: 5932K(7168K)->5932K(7168K)
[2026-06-18T01:29:18.408+0000][14475.198s][info][gc            ] GC(956) Pause Young (Normal) (G1 Evacuation Pause) 442M->202M(512M) 2.850ms
[2026-06-18T01:29:18.408+0000][14475.198s][info][gc,cpu        ] GC(956) User=0.02s Sys=0.00s Real=0.00s
[2026-06-18T01:29:19.627+0000][14476.418s][info][gc,start      ] GC(957) Pause Young (Normal) (G1 Evacuation Pause)
[2026-06-18T01:29:19.628+0000][14476.418s][info][gc,task       ] GC(957) Using 13 workers of 13 for evacuation
[2026-06-18T01:29:19.630+0000][14476.421s][info][gc,phases     ] GC(957)   Pre Evacuate Collection Set: 0.0ms
[2026-06-18T01:29:19.630+0000][14476.421s][info][gc,phases     ] GC(957)   Evacuate Collection Set: 1.6ms
[2026-06-18T01:29:19.630+0000][14476.421s][info][gc,phases     ] GC(957)   Post Evacuate Collection Set: 0.4ms
[2026-06-18T01:29:19.630+0000][14476.421s][info][gc,phases     ] GC(957)   Other: 0.3ms
[2026-06-18T01:29:19.630+0000][14476.421s][info][gc,heap       ] GC(957) Eden regions: 243->0(237)
[2026-06-18T01:29:19.630+0000][14476.421s][info][gc,heap       ] GC(957) Survivor regions: 3->8(31)
[2026-06-18T01:29:19.630+0000][14476.421s][info][gc,heap       ] GC(957) Old regions: 53->53
[2026-06-18T01:29:19.630+0000][14476.421s][info][gc,heap       ] GC(957) Humongous regions: 147->147
[2026-06-18T01:29:19.630+0000][14476.421s][info][gc,metaspace  ] GC(957) Metaspace: 52791K(55552K)->52791K(55552K) NonClass: 46859K(48384K)->46859K(48384K) Class: 5932K(7168K)->5932K(7168K)
[2026-06-18T01:29:19.630+0000][14476.421s][info][gc            ] GC(957) Pause Young (Normal) (G1 Evacuation Pause) 445M->206M(512M) 2.815ms
[2026-06-18T01:29:19.630+0000][14476.421s][info][gc,cpu        ] GC(957) User=0.02s Sys=0.00s Real=0.00s
[2026-06-18T01:30:08.388+0000][14525.178s][info][gc,start      ] GC(958) Pause Young (Concurrent Start) (G1 Evacuation Pause)
[2026-06-18T01:30:08.388+0000][14525.179s][info][gc,task       ] GC(958) Using 13 workers of 13 for evacuation
[2026-06-18T01:30:08.391+0000][14525.182s][info][gc,phases     ] GC(958)   Pre Evacuate Collection Set: 0.3ms
[2026-06-18T01:30:08.391+0000][14525.182s][info][gc,phases     ] GC(958)   Evacuate Collection Set: 2.6ms
[2026-06-18T01:30:08.391+0000][14525.182s][info][gc,phases     ] GC(958)   Post Evacuate Collection Set: 0.3ms
[2026-06-18T01:30:08.392+0000][14525.182s][info][gc,phases     ] GC(958)   Other: 0.4ms
[2026-06-18T01:30:08.392+0000][14525.182s][info][gc,heap       ] GC(958) Eden regions: 237->0(243)
[2026-06-18T01:30:08.392+0000][14525.182s][info][gc,heap       ] GC(958) Survivor regions: 8->4(31)
[2026-06-18T01:30:08.392+0000][14525.182s][info][gc,heap       ] GC(958) Old regions: 53->53
[2026-06-18T01:30:08.392+0000][14525.182s][info][gc,heap       ] GC(958) Humongous regions: 147->147
[2026-06-18T01:30:08.392+0000][14525.182s][info][gc,metaspace  ] GC(958) Metaspace: 52791K(55552K)->52791K(55552K) NonClass: 46859K(48384K)->46859K(48384K) Class: 5932K(7168K)->5932K(7168K)
[2026-06-18T01:30:08.392+0000][14525.183s][info][gc            ] GC(958) Pause Young (Concurrent Start) (G1 Evacuation Pause) 443M->202M(512M) 4.035ms
[2026-06-18T01:30:08.392+0000][14525.183s][info][gc,cpu        ] GC(958) User=0.03s Sys=0.00s Real=0.00s
[2026-06-18T01:30:08.392+0000][14525.183s][info][gc            ] GC(959) Concurrent Cycle
[2026-06-18T01:30:08.392+0000][14525.183s][info][gc,marking    ] GC(959) Concurrent Clear Claimed Marks
[2026-06-18T01:30:08.392+0000][14525.183s][info][gc,marking    ] GC(959) Concurrent Clear Claimed Marks 0.130ms
[2026-06-18T01:30:08.392+0000][14525.183s][info][gc,marking    ] GC(959) Concurrent Scan Root Regions
[2026-06-18T01:30:08.393+0000][14525.184s][info][gc,marking    ] GC(959) Concurrent Scan Root Regions 0.946ms
[2026-06-18T01:30:08.393+0000][14525.184s][info][gc,marking    ] GC(959) Concurrent Mark (14525.184s)
[2026-06-18T01:30:08.393+0000][14525.184s][info][gc,marking    ] GC(959) Concurrent Mark From Roots
[2026-06-18T01:30:08.393+0000][14525.184s][info][gc,task       ] GC(959) Using 3 workers of 3 for marking
[2026-06-18T01:30:08.399+0000][14525.190s][info][gc,marking    ] GC(959) Concurrent Mark From Roots 5.934ms
[2026-06-18T01:30:08.399+0000][14525.190s][info][gc,marking    ] GC(959) Concurrent Preclean
[2026-06-18T01:30:08.400+0000][14525.190s][info][gc,marking    ] GC(959) Concurrent Preclean 0.229ms
[2026-06-18T01:30:08.400+0000][14525.190s][info][gc,marking    ] GC(959) Concurrent Mark (14525.184s, 14525.190s) 6.417ms
[2026-06-18T01:30:08.400+0000][14525.191s][info][gc,start      ] GC(959) Pause Remark
[2026-06-18T01:30:08.402+0000][14525.193s][info][gc,stringtable] GC(959) Cleaned string and symbol table, strings: 17452 processed, 0 removed, symbols: 125076 processed, 0 removed
[2026-06-18T01:30:08.403+0000][14525.193s][info][gc            ] GC(959) Pause Remark 206M->206M(512M) 2.805ms
[2026-06-18T01:30:08.403+0000][14525.193s][info][gc,cpu        ] GC(959) User=0.02s Sys=0.00s Real=0.01s
[2026-06-18T01:30:08.403+0000][14525.193s][info][gc,marking    ] GC(959) Concurrent Rebuild Remembered Sets
[2026-06-18T01:30:08.407+0000][14525.198s][info][gc,marking    ] GC(959) Concurrent Rebuild Remembered Sets 4.076ms
[2026-06-18T01:30:08.407+0000][14525.198s][info][gc,start      ] GC(959) Pause Cleanup
[2026-06-18T01:30:08.407+0000][14525.198s][info][gc            ] GC(959) Pause Cleanup 207M->207M(512M) 0.162ms
[2026-06-18T01:30:08.407+0000][14525.198s][info][gc,cpu        ] GC(959) User=0.00s Sys=0.00s Real=0.00s
[2026-06-18T01:30:08.407+0000][14525.198s][info][gc,marking    ] GC(959) Concurrent Cleanup for Next Mark
[2026-06-18T01:30:08.407+0000][14525.198s][info][gc,marking    ] GC(959) Concurrent Cleanup for Next Mark 0.147ms
[2026-06-18T01:30:08.408+0000][14525.198s][info][gc            ] GC(959) Concurrent Cycle 15.632ms
[2026-06-18T01:30:10.005+0000][14526.795s][info][gc,start      ] GC(960) Pause Young (Prepare Mixed) (G1 Evacuation Pause)
[2026-06-18T01:30:10.005+0000][14526.795s][info][gc,task       ] GC(960) Using 13 workers of 13 for evacuation
[2026-06-18T01:30:10.010+0000][14526.800s][info][gc,phases     ] GC(960)   Pre Evacuate Collection Set: 0.0ms
[2026-06-18T01:30:10.010+0000][14526.801s][info][gc,phases     ] GC(960)   Evacuate Collection Set: 4.4ms
[2026-06-18T01:30:10.010+0000][14526.801s][info][gc,phases     ] GC(960)   Post Evacuate Collection Set: 0.4ms
[2026-06-18T01:30:10.010+0000][14526.801s][info][gc,phases     ] GC(960)   Other: 0.3ms
[2026-06-18T01:30:10.010+0000][14526.801s][info][gc,heap       ] GC(960) Eden regions: 243->0(18)
[2026-06-18T01:30:10.010+0000][14526.801s][info][gc,heap       ] GC(960) Survivor regions: 4->7(31)
[2026-06-18T01:30:10.010+0000][14526.801s][info][gc,heap       ] GC(960) Old regions: 53->53
[2026-06-18T01:30:10.010+0000][14526.801s][info][gc,heap       ] GC(960) Humongous regions: 147->147
[2026-06-18T01:30:10.010+0000][14526.801s][info][gc,metaspace  ] GC(960) Metaspace: 52791K(55552K)->52791K(55552K) NonClass: 46859K(48384K)->46859K(48384K) Class: 5932K(7168K)->5932K(7168K)
[2026-06-18T01:30:10.010+0000][14526.801s][info][gc            ] GC(960) Pause Young (Prepare Mixed) (G1 Evacuation Pause) 445M->206M(512M) 5.803ms
[2026-06-18T01:30:10.010+0000][14526.801s][info][gc,cpu        ] GC(960) User=0.03s Sys=0.00s Real=0.00s
[2026-06-18T01:30:10.109+0000][14526.900s][info][gc,start      ] GC(961) Pause Young (Mixed) (G1 Evacuation Pause)
[2026-06-18T01:30:10.109+0000][14526.900s][info][gc,task       ] GC(961) Using 13 workers of 13 for evacuation
[2026-06-18T01:30:10.113+0000][14526.904s][info][gc,phases     ] GC(961)   Pre Evacuate Collection Set: 0.0ms
[2026-06-18T01:30:10.113+0000][14526.904s][info][gc,phases     ] GC(961)   Evacuate Collection Set: 3.4ms
[2026-06-18T01:30:10.113+0000][14526.904s][info][gc,phases     ] GC(961)   Post Evacuate Collection Set: 0.3ms
[2026-06-18T01:30:10.113+0000][14526.904s][info][gc,phases     ] GC(961)   Other: 0.3ms
[2026-06-18T01:30:10.113+0000][14526.904s][info][gc,heap       ] GC(961) Eden regions: 18->0(244)
[2026-06-18T01:30:10.113+0000][14526.904s][info][gc,heap       ] GC(961) Survivor regions: 7->2(4)
[2026-06-18T01:30:10.114+0000][14526.904s][info][gc,heap       ] GC(961) Old regions: 53->52
[2026-06-18T01:30:10.114+0000][14526.904s][info][gc,heap       ] GC(961) Humongous regions: 147->147
[2026-06-18T01:30:10.114+0000][14526.904s][info][gc,metaspace  ] GC(961) Metaspace: 52791K(55552K)->52791K(55552K) NonClass: 46859K(48384K)->46859K(48384K) Class: 5932K(7168K)->5932K(7168K)
[2026-06-18T01:30:10.114+0000][14526.904s][info][gc            ] GC(961) Pause Young (Mixed) (G1 Evacuation Pause) 224M->199M(512M) 4.653ms
[2026-06-18T01:30:10.114+0000][14526.905s][info][gc,cpu        ] GC(961) User=0.03s Sys=0.01s Real=0.01s
[2026-06-18T01:30:11.492+0000][14528.283s][info][gc,start      ] GC(962) Pause Young (Normal) (G1 Evacuation Pause)
[2026-06-18T01:30:11.492+0000][14528.283s][info][gc,task       ] GC(962) Using 13 workers of 13 for evacuation
[2026-06-18T01:30:11.495+0000][14528.285s][info][gc,phases     ] GC(962)   Pre Evacuate Collection Set: 0.0ms
[2026-06-18T01:30:11.495+0000][14528.286s][info][gc,phases     ] GC(962)   Evacuate Collection Set: 1.9ms
[2026-06-18T01:30:11.495+0000][14528.286s][info][gc,phases     ] GC(962)   Post Evacuate Collection Set: 0.3ms
[2026-06-18T01:30:11.495+0000][14528.286s][info][gc,phases     ] GC(962)   Other: 0.2ms
[2026-06-18T01:30:11.495+0000][14528.286s][info][gc,heap       ] GC(962) Eden regions: 244->0(246)
[2026-06-18T01:30:11.495+0000][14528.286s][info][gc,heap       ] GC(962) Survivor regions: 2->2(31)
[2026-06-18T01:30:11.495+0000][14528.286s][info][gc,heap       ] GC(962) Old regions: 52->52
[2026-06-18T01:30:11.495+0000][14528.286s][info][gc,heap       ] GC(962) Humongous regions: 147->147
[2026-06-18T01:30:11.495+0000][14528.286s][info][gc,metaspace  ] GC(962) Metaspace: 52791K(55552K)->52791K(55552K) NonClass: 46859K(48384K)->46859K(48384K) Class: 5932K(7168K)->5932K(7168K)
[2026-06-18T01:30:11.495+0000][14528.286s][info][gc            ] GC(962) Pause Young (Normal) (G1 Evacuation Pause) 443M->200M(512M) 2.939ms
[2026-06-18T01:30:11.495+0000][14528.286s][info][gc,cpu        ] GC(962) User=0.02s Sys=0.00s Real=0.00s
[2026-06-18T01:31:00.043+0000][14576.834s][info][gc,start      ] GC(963) Pause Young (Normal) (G1 Evacuation Pause)
[2026-06-18T01:31:00.043+0000][14576.834s][info][gc,task       ] GC(963) Using 13 workers of 13 for evacuation
[2026-06-18T01:31:00.047+0000][14576.838s][info][gc,phases     ] GC(963)   Pre Evacuate Collection Set: 0.0ms
[2026-06-18T01:31:00.047+0000][14576.838s][info][gc,phases     ] GC(963)   Evacuate Collection Set: 3.2ms
[2026-06-18T01:31:00.047+0000][14576.838s][info][gc,phases     ] GC(963)   Post Evacuate Collection Set: 0.4ms
[2026-06-18T01:31:00.047+0000][14576.838s][info][gc,phases     ] GC(963)   Other: 0.3ms
[2026-06-18T01:31:00.047+0000][14576.838s][info][gc,heap       ] GC(963) Eden regions: 246->0(241)
[2026-06-18T01:31:00.047+0000][14576.838s][info][gc,heap       ] GC(963) Survivor regions: 2->7(31)
[2026-06-18T01:31:00.048+0000][14576.838s][info][gc,heap       ] GC(963) Old regions: 52->52
[2026-06-18T01:31:00.048+0000][14576.838s][info][gc,heap       ] GC(963) Humongous regions: 147->147
[2026-06-18T01:31:00.048+0000][14576.838s][info][gc,metaspace  ] GC(963) Metaspace: 52791K(55552K)->52791K(55552K) NonClass: 46859K(48384K)->46859K(48384K) Class: 5932K(7168K)->5932K(7168K)
[2026-06-18T01:31:00.048+0000][14576.838s][info][gc            ] GC(963) Pause Young (Normal) (G1 Evacuation Pause) 446M->204M(512M) 4.483ms
[2026-06-18T01:31:00.048+0000][14576.838s][info][gc,cpu        ] GC(963) User=0.04s Sys=0.00s Real=0.00s
[2026-06-18T01:31:01.549+0000][14578.340s][info][gc,start      ] GC(964) Pause Young (Concurrent Start) (G1 Evacuation Pause)
[2026-06-18T01:31:01.549+0000][14578.340s][info][gc,task       ] GC(964) Using 13 workers of 13 for evacuation
[2026-06-18T01:31:01.552+0000][14578.342s][info][gc,phases     ] GC(964)   Pre Evacuate Collection Set: 0.3ms
[2026-06-18T01:31:01.552+0000][14578.342s][info][gc,phases     ] GC(964)   Evacuate Collection Set: 1.4ms
[2026-06-18T01:31:01.552+0000][14578.342s][info][gc,phases     ] GC(964)   Post Evacuate Collection Set: 0.3ms
[2026-06-18T01:31:01.552+0000][14578.342s][info][gc,phases     ] GC(964)   Other: 0.3ms
[2026-06-18T01:31:01.552+0000][14578.342s][info][gc,heap       ] GC(964) Eden regions: 241->0(245)
[2026-06-18T01:31:01.552+0000][14578.343s][info][gc,heap       ] GC(964) Survivor regions: 7->4(31)
[2026-06-18T01:31:01.552+0000][14578.343s][info][gc,heap       ] GC(964) Old regions: 52->52
[2026-06-18T01:31:01.552+0000][14578.343s][info][gc,heap       ] GC(964) Humongous regions: 147->147
[2026-06-18T01:31:01.552+0000][14578.343s][info][gc,metaspace  ] GC(964) Metaspace: 52791K(55552K)->52791K(55552K) NonClass: 46859K(48384K)->46859K(48384K) Class: 5932K(7168K)->5932K(7168K)
[2026-06-18T01:31:01.552+0000][14578.343s][info][gc            ] GC(964) Pause Young (Concurrent Start) (G1 Evacuation Pause) 445M->202M(512M) 2.857ms
[2026-06-18T01:31:01.552+0000][14578.343s][info][gc,cpu        ] GC(964) User=0.01s Sys=0.00s Real=0.01s
[2026-06-18T01:31:01.552+0000][14578.343s][info][gc            ] GC(965) Concurrent Cycle
[2026-06-18T01:31:01.552+0000][14578.343s][info][gc,marking    ] GC(965) Concurrent Clear Claimed Marks
[2026-06-18T01:31:01.552+0000][14578.343s][info][gc,marking    ] GC(965) Concurrent Clear Claimed Marks 0.166ms
[2026-06-18T01:31:01.553+0000][14578.343s][info][gc,marking    ] GC(965) Concurrent Scan Root Regions
[2026-06-18T01:31:01.553+0000][14578.344s][info][gc,marking    ] GC(965) Concurrent Scan Root Regions 0.900ms
[2026-06-18T01:31:01.554+0000][14578.344s][info][gc,marking    ] GC(965) Concurrent Mark (14578.344s)
[2026-06-18T01:31:01.554+0000][14578.344s][info][gc,marking    ] GC(965) Concurrent Mark From Roots
[2026-06-18T01:31:01.554+0000][14578.344s][info][gc,task       ] GC(965) Using 3 workers of 3 for marking
[2026-06-18T01:31:01.560+0000][14578.351s][info][gc,marking    ] GC(965) Concurrent Mark From Roots 6.345ms
[2026-06-18T01:31:01.560+0000][14578.351s][info][gc,marking    ] GC(965) Concurrent Preclean
[2026-06-18T01:31:01.560+0000][14578.351s][info][gc,marking    ] GC(965) Concurrent Preclean 0.201ms
[2026-06-18T01:31:01.561+0000][14578.351s][info][gc,marking    ] GC(965) Concurrent Mark (14578.344s, 14578.351s) 6.849ms
[2026-06-18T01:31:01.561+0000][14578.351s][info][gc,start      ] GC(965) Pause Remark
[2026-06-18T01:31:01.563+0000][14578.354s][info][gc,stringtable] GC(965) Cleaned string and symbol table, strings: 17452 processed, 0 removed, symbols: 125076 processed, 0 removed
[2026-06-18T01:31:01.564+0000][14578.354s][info][gc            ] GC(965) Pause Remark 206M->206M(512M) 2.873ms
[2026-06-18T01:31:01.564+0000][14578.354s][info][gc,cpu        ] GC(965) User=0.03s Sys=0.00s Real=0.01s
[2026-06-18T01:31:01.564+0000][14578.354s][info][gc,marking    ] GC(965) Concurrent Rebuild Remembered Sets
[2026-06-18T01:31:01.568+0000][14578.359s][info][gc,marking    ] GC(965) Concurrent Rebuild Remembered Sets 4.254ms
[2026-06-18T01:31:01.568+0000][14578.359s][info][gc,start      ] GC(965) Pause Cleanup
[2026-06-18T01:31:01.568+0000][14578.359s][info][gc            ] GC(965) Pause Cleanup 206M->206M(512M) 0.216ms
[2026-06-18T01:31:01.569+0000][14578.359s][info][gc,cpu        ] GC(965) User=0.00s Sys=0.00s Real=0.00s
[2026-06-18T01:31:01.569+0000][14578.359s][info][gc,marking    ] GC(965) Concurrent Cleanup for Next Mark
[2026-06-18T01:31:01.569+0000][14578.359s][info][gc,marking    ] GC(965) Concurrent Cleanup for Next Mark 0.135ms
[2026-06-18T01:31:01.569+0000][14578.359s][info][gc            ] GC(965) Concurrent Cycle 16.507ms
[2026-06-18T01:31:02.940+0000][14579.730s][info][gc,start      ] GC(966) Pause Young (Prepare Mixed) (G1 Evacuation Pause)
[2026-06-18T01:31:02.940+0000][14579.730s][info][gc,task       ] GC(966) Using 13 workers of 13 for evacuation
[2026-06-18T01:31:02.942+0000][14579.733s][info][gc,phases     ] GC(966)   Pre Evacuate Collection Set: 0.0ms
[2026-06-18T01:31:02.942+0000][14579.733s][info][gc,phases     ] GC(966)   Evacuate Collection Set: 1.8ms
[2026-06-18T01:31:02.942+0000][14579.733s][info][gc,phases     ] GC(966)   Post Evacuate Collection Set: 0.4ms
[2026-06-18T01:31:02.942+0000][14579.733s][info][gc,phases     ] GC(966)   Other: 0.3ms
[2026-06-18T01:31:02.942+0000][14579.733s][info][gc,heap       ] GC(966) Eden regions: 245->0(18)
[2026-06-18T01:31:02.942+0000][14579.733s][info][gc,heap       ] GC(966) Survivor regions: 4->7(32)
[2026-06-18T01:31:02.942+0000][14579.733s][info][gc,heap       ] GC(966) Old regions: 52->52
[2026-06-18T01:31:02.943+0000][14579.733s][info][gc,heap       ] GC(966) Humongous regions: 147->147
[2026-06-18T01:31:02.943+0000][14579.733s][info][gc,metaspace  ] GC(966) Metaspace: 52791K(55552K)->52791K(55552K) NonClass: 46859K(48384K)->46859K(48384K) Class: 5932K(7168K)->5932K(7168K)
[2026-06-18T01:31:02.943+0000][14579.733s][info][gc            ] GC(966) Pause Young (Prepare Mixed) (G1 Evacuation Pause) 447M->205M(512M) 3.012ms
[2026-06-18T01:31:02.943+0000][14579.733s][info][gc,cpu        ] GC(966) User=0.03s Sys=0.00s Real=0.01s
[2026-06-18T01:31:03.025+0000][14579.815s][info][gc,start      ] GC(967) Pause Young (Mixed) (G1 Evacuation Pause)
[2026-06-18T01:31:03.025+0000][14579.815s][info][gc,task       ] GC(967) Using 13 workers of 13 for evacuation
[2026-06-18T01:31:03.028+0000][14579.819s][info][gc,phases     ] GC(967)   Pre Evacuate Collection Set: 0.0ms
[2026-06-18T01:31:03.029+0000][14579.819s][info][gc,phases     ] GC(967)   Evacuate Collection Set: 3.2ms
[2026-06-18T01:31:03.029+0000][14579.819s][info][gc,phases     ] GC(967)   Post Evacuate Collection Set: 0.3ms
[2026-06-18T01:31:03.029+0000][14579.819s][info][gc,phases     ] GC(967)   Other: 0.4ms
[2026-06-18T01:31:03.029+0000][14579.819s][info][gc,heap       ] GC(967) Eden regions: 18->0(245)
[2026-06-18T01:31:03.029+0000][14579.819s][info][gc,heap       ] GC(967) Survivor regions: 7->2(4)
[2026-06-18T01:31:03.029+0000][14579.820s][info][gc,heap       ] GC(967) Old regions: 52->52
[2026-06-18T01:31:03.029+0000][14579.820s][info][gc,heap       ] GC(967) Humongous regions: 147->147
[2026-06-18T01:31:03.029+0000][14579.820s][info][gc,metaspace  ] GC(967) Metaspace: 52791K(55552K)->52791K(55552K) NonClass: 46859K(48384K)->46859K(48384K) Class: 5932K(7168K)->5932K(7168K)
[2026-06-18T01:31:03.029+0000][14579.820s][info][gc            ] GC(967) Pause Young (Mixed) (G1 Evacuation Pause) 223M->200M(512M) 4.525ms
[2026-06-18T01:31:03.029+0000][14579.820s][info][gc,cpu        ] GC(967) User=0.03s Sys=0.00s Real=0.00s
[2026-06-18T01:31:04.234+0000][14581.025s][info][gc,start      ] GC(968) Pause Young (Normal) (G1 Evacuation Pause)
[2026-06-18T01:31:04.234+0000][14581.025s][info][gc,task       ] GC(968) Using 13 workers of 13 for evacuation
[2026-06-18T01:31:04.236+0000][14581.026s][info][gc,phases     ] GC(968)   Pre Evacuate Collection Set: 0.0ms
[2026-06-18T01:31:04.236+0000][14581.027s][info][gc,phases     ] GC(968)   Evacuate Collection Set: 1.3ms
[2026-06-18T01:31:04.236+0000][14581.027s][info][gc,phases     ] GC(968)   Post Evacuate Collection Set: 0.2ms
[2026-06-18T01:31:04.236+0000][14581.027s][info][gc,phases     ] GC(968)   Other: 0.3ms
[2026-06-18T01:31:04.236+0000][14581.027s][info][gc,heap       ] GC(968) Eden regions: 245->0(245)
[2026-06-18T01:31:04.236+0000][14581.027s][info][gc,heap       ] GC(968) Survivor regions: 2->3(31)
[2026-06-18T01:31:04.236+0000][14581.027s][info][gc,heap       ] GC(968) Old regions: 52->52
[2026-06-18T01:31:04.236+0000][14581.027s][info][gc,heap       ] GC(968) Humongous regions: 147->147
[2026-06-18T01:31:04.236+0000][14581.027s][info][gc,metaspace  ] GC(968) Metaspace: 52792K(55552K)->52792K(55552K) NonClass: 46859K(48384K)->46859K(48384K) Class: 5932K(7168K)->5932K(7168K)
[2026-06-18T01:31:04.236+0000][14581.027s][info][gc            ] GC(968) Pause Young (Normal) (G1 Evacuation Pause) 445M->201M(512M) 2.118ms
[2026-06-18T01:31:04.236+0000][14581.027s][info][gc,cpu        ] GC(968) User=0.02s Sys=0.00s Real=0.00s
[2026-06-18T01:31:52.969+0000][14629.760s][info][gc,start      ] GC(969) Pause Young (Normal) (G1 Evacuation Pause)
[2026-06-18T01:31:52.969+0000][14629.760s][info][gc,task       ] GC(969) Using 13 workers of 13 for evacuation
[2026-06-18T01:31:52.972+0000][14629.763s][info][gc,phases     ] GC(969)   Pre Evacuate Collection Set: 0.0ms
[2026-06-18T01:31:52.972+0000][14629.763s][info][gc,phases     ] GC(969)   Evacuate Collection Set: 2.1ms
[2026-06-18T01:31:52.972+0000][14629.763s][info][gc,phases     ] GC(969)   Post Evacuate Collection Set: 0.4ms
[2026-06-18T01:31:52.972+0000][14629.763s][info][gc,phases     ] GC(969)   Other: 0.4ms
[2026-06-18T01:31:52.972+0000][14629.763s][info][gc,heap       ] GC(969) Eden regions: 245->0(241)
[2026-06-18T01:31:52.972+0000][14629.763s][info][gc,heap       ] GC(969) Survivor regions: 3->7(31)
[2026-06-18T01:31:52.972+0000][14629.763s][info][gc,heap       ] GC(969) Old regions: 52->52
[2026-06-18T01:31:52.972+0000][14629.763s][info][gc,heap       ] GC(969) Humongous regions: 147->147
[2026-06-18T01:31:52.972+0000][14629.763s][info][gc,metaspace  ] GC(969) Metaspace: 52792K(55552K)->52792K(55552K) NonClass: 46859K(48384K)->46859K(48384K) Class: 5932K(7168K)->5932K(7168K)
[2026-06-18T01:31:52.973+0000][14629.763s][info][gc            ] GC(969) Pause Young (Normal) (G1 Evacuation Pause) 446M->204M(512M) 3.223ms
[2026-06-18T01:31:52.973+0000][14629.763s][info][gc,cpu        ] GC(969) User=0.03s Sys=0.00s Real=0.01s
[2026-06-18T01:31:54.293+0000][14631.083s][info][gc,start      ] GC(970) Pause Young (Concurrent Start) (G1 Evacuation Pause)
[2026-06-18T01:31:54.293+0000][14631.084s][info][gc,task       ] GC(970) Using 13 workers of 13 for evacuation
[2026-06-18T01:31:54.295+0000][14631.086s][info][gc,phases     ] GC(970)   Pre Evacuate Collection Set: 0.3ms
[2026-06-18T01:31:54.295+0000][14631.086s][info][gc,phases     ] GC(970)   Evacuate Collection Set: 1.5ms
[2026-06-18T01:31:54.296+0000][14631.086s][info][gc,phases     ] GC(970)   Post Evacuate Collection Set: 0.4ms
[2026-06-18T01:31:54.296+0000][14631.086s][info][gc,phases     ] GC(970)   Other: 0.4ms
[2026-06-18T01:31:54.296+0000][14631.086s][info][gc,heap       ] GC(970) Eden regions: 241->0(245)
[2026-06-18T01:31:54.296+0000][14631.086s][info][gc,heap       ] GC(970) Survivor regions: 7->4(31)
[2026-06-18T01:31:54.296+0000][14631.086s][info][gc,heap       ] GC(970) Old regions: 52->52
[2026-06-18T01:31:54.296+0000][14631.087s][info][gc,heap       ] GC(970) Humongous regions: 147->147
[2026-06-18T01:31:54.296+0000][14631.087s][info][gc,metaspace  ] GC(970) Metaspace: 52792K(55552K)->52792K(55552K) NonClass: 46859K(48384K)->46859K(48384K) Class: 5932K(7168K)->5932K(7168K)
[2026-06-18T01:31:54.296+0000][14631.087s][info][gc            ] GC(970) Pause Young (Concurrent Start) (G1 Evacuation Pause) 445M->202M(512M) 3.158ms
[2026-06-18T01:31:54.296+0000][14631.087s][info][gc,cpu        ] GC(970) User=0.02s Sys=0.00s Real=0.00s
[2026-06-18T01:31:54.296+0000][14631.087s][info][gc            ] GC(971) Concurrent Cycle
[2026-06-18T01:31:54.296+0000][14631.087s][info][gc,marking    ] GC(971) Concurrent Clear Claimed Marks
[2026-06-18T01:31:54.296+0000][14631.087s][info][gc,marking    ] GC(971) Concurrent Clear Claimed Marks 0.175ms
[2026-06-18T01:31:54.297+0000][14631.087s][info][gc,marking    ] GC(971) Concurrent Scan Root Regions
[2026-06-18T01:31:54.298+0000][14631.088s][info][gc,marking    ] GC(971) Concurrent Scan Root Regions 0.954ms
[2026-06-18T01:31:54.298+0000][14631.088s][info][gc,marking    ] GC(971) Concurrent Mark (14631.088s)
[2026-06-18T01:31:54.298+0000][14631.088s][info][gc,marking    ] GC(971) Concurrent Mark From Roots
[2026-06-18T01:31:54.298+0000][14631.088s][info][gc,task       ] GC(971) Using 3 workers of 3 for marking
[2026-06-18T01:31:54.303+0000][14631.094s][info][gc,marking    ] GC(971) Concurrent Mark From Roots 5.531ms
[2026-06-18T01:31:54.303+0000][14631.094s][info][gc,marking    ] GC(971) Concurrent Preclean
[2026-06-18T01:31:54.304+0000][14631.094s][info][gc,marking    ] GC(971) Concurrent Preclean 0.170ms
[2026-06-18T01:31:54.304+0000][14631.094s][info][gc,marking    ] GC(971) Concurrent Mark (14631.088s, 14631.094s) 5.914ms
[2026-06-18T01:31:54.304+0000][14631.094s][info][gc,start      ] GC(971) Pause Remark
[2026-06-18T01:31:54.306+0000][14631.097s][info][gc,stringtable] GC(971) Cleaned string and symbol table, strings: 17452 processed, 0 removed, symbols: 125076 processed, 0 removed
[2026-06-18T01:31:54.307+0000][14631.097s][info][gc            ] GC(971) Pause Remark 206M->206M(512M) 2.792ms
[2026-06-18T01:31:54.307+0000][14631.097s][info][gc,cpu        ] GC(971) User=0.02s Sys=0.00s Real=0.00s
[2026-06-18T01:31:54.307+0000][14631.097s][info][gc,marking    ] GC(971) Concurrent Rebuild Remembered Sets
[2026-06-18T01:31:54.311+0000][14631.101s][info][gc,marking    ] GC(971) Concurrent Rebuild Remembered Sets 4.076ms
[2026-06-18T01:31:54.311+0000][14631.102s][info][gc,start      ] GC(971) Pause Cleanup
[2026-06-18T01:31:54.311+0000][14631.102s][info][gc            ] GC(971) Pause Cleanup 207M->207M(512M) 0.149ms
[2026-06-18T01:31:54.311+0000][14631.102s][info][gc,cpu        ] GC(971) User=0.00s Sys=0.00s Real=0.00s
[2026-06-18T01:31:54.311+0000][14631.102s][info][gc,marking    ] GC(971) Concurrent Cleanup for Next Mark
[2026-06-18T01:31:54.311+0000][14631.102s][info][gc,marking    ] GC(971) Concurrent Cleanup for Next Mark 0.147ms
[2026-06-18T01:31:54.312+0000][14631.102s][info][gc            ] GC(971) Concurrent Cycle 15.371ms
[2026-06-18T01:31:55.491+0000][14632.281s][info][gc,start      ] GC(972) Pause Young (Prepare Mixed) (G1 Evacuation Pause)
[2026-06-18T01:31:55.491+0000][14632.282s][info][gc,task       ] GC(972) Using 13 workers of 13 for evacuation
[2026-06-18T01:31:55.493+0000][14632.284s][info][gc,phases     ] GC(972)   Pre Evacuate Collection Set: 0.0ms
[2026-06-18T01:31:55.494+0000][14632.284s][info][gc,phases     ] GC(972)   Evacuate Collection Set: 1.9ms
[2026-06-18T01:31:55.494+0000][14632.285s][info][gc,phases     ] GC(972)   Post Evacuate Collection Set: 0.4ms
[2026-06-18T01:31:55.494+0000][14632.285s][info][gc,phases     ] GC(972)   Other: 0.2ms
[2026-06-18T01:31:55.494+0000][14632.285s][info][gc,heap       ] GC(972) Eden regions: 245->0(17)
[2026-06-18T01:31:55.494+0000][14632.285s][info][gc,heap       ] GC(972) Survivor regions: 4->8(32)
[2026-06-18T01:31:55.495+0000][14632.285s][info][gc,heap       ] GC(972) Old regions: 52->52
[2026-06-18T01:31:55.495+0000][14632.285s][info][gc,heap       ] GC(972) Humongous regions: 147->147
[2026-06-18T01:31:55.495+0000][14632.285s][info][gc,metaspace  ] GC(972) Metaspace: 52792K(55552K)->52792K(55552K) NonClass: 46859K(48384K)->46859K(48384K) Class: 5932K(7168K)->5932K(7168K)
[2026-06-18T01:31:55.495+0000][14632.286s][info][gc            ] GC(972) Pause Young (Prepare Mixed) (G1 Evacuation Pause) 447M->205M(512M) 4.092ms
[2026-06-18T01:31:55.495+0000][14632.286s][info][gc,cpu        ] GC(972) User=0.02s Sys=0.00s Real=0.01s
[2026-06-18T01:31:55.574+0000][14632.365s][info][gc,start      ] GC(973) Pause Young (Mixed) (G1 Evacuation Pause)
[2026-06-18T01:31:55.574+0000][14632.365s][info][gc,task       ] GC(973) Using 13 workers of 13 for evacuation
[2026-06-18T01:31:55.578+0000][14632.369s][info][gc,phases     ] GC(973)   Pre Evacuate Collection Set: 0.0ms
[2026-06-18T01:31:55.578+0000][14632.369s][info][gc,phases     ] GC(973)   Evacuate Collection Set: 3.2ms
[2026-06-18T01:31:55.578+0000][14632.369s][info][gc,phases     ] GC(973)   Post Evacuate Collection Set: 0.3ms
[2026-06-18T01:31:55.578+0000][14632.369s][info][gc,phases     ] GC(973)   Other: 0.3ms
[2026-06-18T01:31:55.578+0000][14632.369s][info][gc,heap       ] GC(973) Eden regions: 17->0(245)
[2026-06-18T01:31:55.578+0000][14632.369s][info][gc,heap       ] GC(973) Survivor regions: 8->2(4)
[2026-06-18T01:31:55.578+0000][14632.369s][info][gc,heap       ] GC(973) Old regions: 52->53
[2026-06-18T01:31:55.578+0000][14632.369s][info][gc,heap       ] GC(973) Humongous regions: 147->147
[2026-06-18T01:31:55.578+0000][14632.369s][info][gc,metaspace  ] GC(973) Metaspace: 52792K(55552K)->52792K(55552K) NonClass: 46859K(48384K)->46859K(48384K) Class: 5932K(7168K)->5932K(7168K)
[2026-06-18T01:31:55.578+0000][14632.369s][info][gc            ] GC(973) Pause Young (Mixed) (G1 Evacuation Pause) 222M->200M(512M) 4.148ms
[2026-06-18T01:31:55.578+0000][14632.369s][info][gc,cpu        ] GC(973) User=0.03s Sys=0.00s Real=0.00s
[2026-06-18T01:32:44.117+0000][14680.907s][info][gc,start      ] GC(974) Pause Young (Normal) (G1 Evacuation Pause)
[2026-06-18T01:32:44.117+0000][14680.908s][info][gc,task       ] GC(974) Using 13 workers of 13 for evacuation
[2026-06-18T01:32:44.120+0000][14680.911s][info][gc,phases     ] GC(974)   Pre Evacuate Collection Set: 0.0ms
[2026-06-18T01:32:44.120+0000][14680.911s][info][gc,phases     ] GC(974)   Evacuate Collection Set: 2.7ms
[2026-06-18T01:32:44.120+0000][14680.911s][info][gc,phases     ] GC(974)   Post Evacuate Collection Set: 0.3ms
[2026-06-18T01:32:44.121+0000][14680.911s][info][gc,phases     ] GC(974)   Other: 0.3ms
[2026-06-18T01:32:44.121+0000][14680.911s][info][gc,heap       ] GC(974) Eden regions: 245->0(244)
[2026-06-18T01:32:44.121+0000][14680.911s][info][gc,heap       ] GC(974) Survivor regions: 2->4(31)
[2026-06-18T01:32:44.121+0000][14680.912s][info][gc,heap       ] GC(974) Old regions: 53->53
[2026-06-18T01:32:44.121+0000][14680.912s][info][gc,heap       ] GC(974) Humongous regions: 147->147
[2026-06-18T01:32:44.121+0000][14680.912s][info][gc,metaspace  ] GC(974) Metaspace: 52792K(55552K)->52792K(55552K) NonClass: 46859K(48384K)->46859K(48384K) Class: 5932K(7168K)->5932K(7168K)
[2026-06-18T01:32:44.121+0000][14680.912s][info][gc            ] GC(974) Pause Young (Normal) (G1 Evacuation Pause) 445M->202M(512M) 4.504ms
[2026-06-18T01:32:44.121+0000][14680.912s][info][gc,cpu        ] GC(974) User=0.03s Sys=0.00s Real=0.00s
[2026-06-18T01:32:45.656+0000][14682.447s][info][gc,start      ] GC(975) Pause Young (Normal) (G1 Evacuation Pause)
[2026-06-18T01:32:45.656+0000][14682.447s][info][gc,task       ] GC(975) Using 13 workers of 13 for evacuation
[2026-06-18T01:32:45.658+0000][14682.449s][info][gc,phases     ] GC(975)   Pre Evacuate Collection Set: 0.0ms
[2026-06-18T01:32:45.658+0000][14682.449s][info][gc,phases     ] GC(975)   Evacuate Collection Set: 1.4ms
[2026-06-18T01:32:45.658+0000][14682.449s][info][gc,phases     ] GC(975)   Post Evacuate Collection Set: 0.3ms
[2026-06-18T01:32:45.658+0000][14682.449s][info][gc,phases     ] GC(975)   Other: 0.3ms
[2026-06-18T01:32:45.658+0000][14682.449s][info][gc,heap       ] GC(975) Eden regions: 244->0(240)
[2026-06-18T01:32:45.658+0000][14682.449s][info][gc,heap       ] GC(975) Survivor regions: 4->7(31)
[2026-06-18T01:32:45.658+0000][14682.449s][info][gc,heap       ] GC(975) Old regions: 53->53
[2026-06-18T01:32:45.658+0000][14682.449s][info][gc,heap       ] GC(975) Humongous regions: 147->147
[2026-06-18T01:32:45.658+0000][14682.449s][info][gc,metaspace  ] GC(975) Metaspace: 52792K(55552K)->52792K(55552K) NonClass: 46859K(48384K)->46859K(48384K) Class: 5932K(7168K)->5932K(7168K)
[2026-06-18T01:32:45.659+0000][14682.449s][info][gc            ] GC(975) Pause Young (Normal) (G1 Evacuation Pause) 446M->205M(512M) 2.631ms
[2026-06-18T01:32:45.659+0000][14682.449s][info][gc,cpu        ] GC(975) User=0.01s Sys=0.00s Real=0.00s
[2026-06-18T01:32:46.959+0000][14683.750s][info][gc,start      ] GC(976) Pause Young (Concurrent Start) (G1 Evacuation Pause)
[2026-06-18T01:32:46.960+0000][14683.750s][info][gc,task       ] GC(976) Using 13 workers of 13 for evacuation
[2026-06-18T01:32:46.964+0000][14683.755s][info][gc,phases     ] GC(976)   Pre Evacuate Collection Set: 0.3ms
[2026-06-18T01:32:46.964+0000][14683.755s][info][gc,phases     ] GC(976)   Evacuate Collection Set: 3.8ms
[2026-06-18T01:32:46.964+0000][14683.755s][info][gc,phases     ] GC(976)   Post Evacuate Collection Set: 0.4ms
[2026-06-18T01:32:46.965+0000][14683.755s][info][gc,phases     ] GC(976)   Other: 0.4ms
[2026-06-18T01:32:46.965+0000][14683.755s][info][gc,heap       ] GC(976) Eden regions: 240->0(233)
[2026-06-18T01:32:46.965+0000][14683.755s][info][gc,heap       ] GC(976) Survivor regions: 7->10(31)
[2026-06-18T01:32:46.965+0000][14683.755s][info][gc,heap       ] GC(976) Old regions: 53->53
[2026-06-18T01:32:46.965+0000][14683.755s][info][gc,heap       ] GC(976) Humongous regions: 147->147
[2026-06-18T01:32:46.965+0000][14683.756s][info][gc,metaspace  ] GC(976) Metaspace: 52792K(55552K)->52792K(55552K) NonClass: 46859K(48384K)->46859K(48384K) Class: 5932K(7168K)->5932K(7168K)
[2026-06-18T01:32:46.965+0000][14683.756s][info][gc            ] GC(976) Pause Young (Concurrent Start) (G1 Evacuation Pause) 445M->209M(512M) 5.551ms
[2026-06-18T01:32:46.965+0000][14683.756s][info][gc,cpu        ] GC(976) User=0.05s Sys=0.00s Real=0.01s
[2026-06-18T01:32:46.965+0000][14683.756s][info][gc            ] GC(977) Concurrent Cycle
[2026-06-18T01:32:46.965+0000][14683.756s][info][gc,marking    ] GC(977) Concurrent Clear Claimed Marks
[2026-06-18T01:32:46.965+0000][14683.756s][info][gc,marking    ] GC(977) Concurrent Clear Claimed Marks 0.264ms
[2026-06-18T01:32:46.965+0000][14683.756s][info][gc,marking    ] GC(977) Concurrent Scan Root Regions
[2026-06-18T01:32:46.967+0000][14683.758s][info][gc,marking    ] GC(977) Concurrent Scan Root Regions 1.556ms
[2026-06-18T01:32:46.967+0000][14683.758s][info][gc,marking    ] GC(977) Concurrent Mark (14683.758s)
[2026-06-18T01:32:46.967+0000][14683.758s][info][gc,marking    ] GC(977) Concurrent Mark From Roots
[2026-06-18T01:32:46.967+0000][14683.758s][info][gc,task       ] GC(977) Using 3 workers of 3 for marking
[2026-06-18T01:32:46.974+0000][14683.764s][info][gc,marking    ] GC(977) Concurrent Mark From Roots 6.430ms
[2026-06-18T01:32:46.974+0000][14683.764s][info][gc,marking    ] GC(977) Concurrent Preclean
[2026-06-18T01:32:46.974+0000][14683.765s][info][gc,marking    ] GC(977) Concurrent Preclean 0.248ms
[2026-06-18T01:32:46.974+0000][14683.765s][info][gc,marking    ] GC(977) Concurrent Mark (14683.758s, 14683.765s) 7.031ms
[2026-06-18T01:32:46.974+0000][14683.765s][info][gc,start      ] GC(977) Pause Remark
[2026-06-18T01:32:46.979+0000][14683.770s][info][gc,stringtable] GC(977) Cleaned string and symbol table, strings: 17452 processed, 0 removed, symbols: 125076 processed, 0 removed
[2026-06-18T01:32:46.980+0000][14683.770s][info][gc            ] GC(977) Pause Remark 213M->211M(512M) 5.318ms
[2026-06-18T01:32:46.980+0000][14683.771s][info][gc,cpu        ] GC(977) User=0.05s Sys=0.00s Real=0.00s
[2026-06-18T01:32:46.980+0000][14683.771s][info][gc,marking    ] GC(977) Concurrent Rebuild Remembered Sets
[2026-06-18T01:32:46.985+0000][14683.776s][info][gc,marking    ] GC(977) Concurrent Rebuild Remembered Sets 4.781ms
[2026-06-18T01:32:46.985+0000][14683.776s][info][gc,start      ] GC(977) Pause Cleanup
[2026-06-18T01:32:46.986+0000][14683.776s][info][gc            ] GC(977) Pause Cleanup 212M->212M(512M) 0.601ms
[2026-06-18T01:32:46.986+0000][14683.776s][info][gc,cpu        ] GC(977) User=0.00s Sys=0.00s Real=0.00s
[2026-06-18T01:32:46.986+0000][14683.777s][info][gc,marking    ] GC(977) Concurrent Cleanup for Next Mark
[2026-06-18T01:32:46.986+0000][14683.777s][info][gc,marking    ] GC(977) Concurrent Cleanup for Next Mark 0.193ms
[2026-06-18T01:32:46.986+0000][14683.777s][info][gc            ] GC(977) Concurrent Cycle 21.220ms
[2026-06-18T01:32:48.108+0000][14684.899s][info][gc,start      ] GC(978) Pause Young (Prepare Mixed) (G1 Evacuation Pause)
[2026-06-18T01:32:48.108+0000][14684.899s][info][gc,task       ] GC(978) Using 13 workers of 13 for evacuation
[2026-06-18T01:32:48.111+0000][14684.901s][info][gc,phases     ] GC(978)   Pre Evacuate Collection Set: 0.0ms
[2026-06-18T01:32:48.111+0000][14684.902s][info][gc,phases     ] GC(978)   Evacuate Collection Set: 2.1ms
[2026-06-18T01:32:48.111+0000][14684.902s][info][gc,phases     ] GC(978)   Post Evacuate Collection Set: 0.5ms
[2026-06-18T01:32:48.111+0000][14684.902s][info][gc,phases     ] GC(978)   Other: 0.3ms
[2026-06-18T01:32:48.111+0000][14684.902s][info][gc,heap       ] GC(978) Eden regions: 233->0(19)
[2026-06-18T01:32:48.111+0000][14684.902s][info][gc,heap       ] GC(978) Survivor regions: 10->6(31)
[2026-06-18T01:32:48.111+0000][14684.902s][info][gc,heap       ] GC(978) Old regions: 51->51
[2026-06-18T01:32:48.111+0000][14684.902s][info][gc,heap       ] GC(978) Humongous regions: 147->147
[2026-06-18T01:32:48.111+0000][14684.902s][info][gc,metaspace  ] GC(978) Metaspace: 52792K(55552K)->52792K(55552K) NonClass: 46859K(48384K)->46859K(48384K) Class: 5932K(7168K)->5932K(7168K)
[2026-06-18T01:32:48.111+0000][14684.902s][info][gc            ] GC(978) Pause Young (Prepare Mixed) (G1 Evacuation Pause) 440M->203M(512M) 3.636ms
[2026-06-18T01:32:48.112+0000][14684.902s][info][gc,cpu        ] GC(978) User=0.02s Sys=0.00s Real=0.00s
[2026-06-18T01:32:48.200+0000][14684.990s][info][gc,start      ] GC(979) Pause Young (Mixed) (G1 Evacuation Pause)
[2026-06-18T01:32:48.200+0000][14684.990s][info][gc,task       ] GC(979) Using 13 workers of 13 for evacuation
[2026-06-18T01:32:48.203+0000][14684.994s][info][gc,phases     ] GC(979)   Pre Evacuate Collection Set: 0.0ms
[2026-06-18T01:32:48.203+0000][14684.994s][info][gc,phases     ] GC(979)   Evacuate Collection Set: 2.7ms
[2026-06-18T01:32:48.203+0000][14684.994s][info][gc,phases     ] GC(979)   Post Evacuate Collection Set: 0.3ms
[2026-06-18T01:32:48.203+0000][14684.994s][info][gc,phases     ] GC(979)   Other: 0.4ms
[2026-06-18T01:32:48.203+0000][14684.994s][info][gc,heap       ] GC(979) Eden regions: 19->0(242)
[2026-06-18T01:32:48.203+0000][14684.994s][info][gc,heap       ] GC(979) Survivor regions: 6->2(4)
[2026-06-18T01:32:48.203+0000][14684.994s][info][gc,heap       ] GC(979) Old regions: 51->51
[2026-06-18T01:32:48.204+0000][14684.994s][info][gc,heap       ] GC(979) Humongous regions: 147->147
[2026-06-18T01:32:48.204+0000][14684.994s][info][gc,metaspace  ] GC(979) Metaspace: 52792K(55552K)->52792K(55552K) NonClass: 46859K(48384K)->46859K(48384K) Class: 5932K(7168K)->5932K(7168K)
[2026-06-18T01:32:48.204+0000][14684.994s][info][gc            ] GC(979) Pause Young (Mixed) (G1 Evacuation Pause) 222M->198M(512M) 3.977ms
[2026-06-18T01:32:48.204+0000][14684.994s][info][gc,cpu        ] GC(979) User=0.02s Sys=0.00s Real=0.01s
[2026-06-18T01:33:36.780+0000][14733.570s][info][gc,start      ] GC(980) Pause Young (Normal) (G1 Evacuation Pause)
[2026-06-18T01:33:36.780+0000][14733.570s][info][gc,task       ] GC(980) Using 13 workers of 13 for evacuation
[2026-06-18T01:33:36.788+0000][14733.578s][info][gc,phases     ] GC(980)   Pre Evacuate Collection Set: 0.1ms
[2026-06-18T01:33:36.788+0000][14733.578s][info][gc,phases     ] GC(980)   Evacuate Collection Set: 6.5ms
[2026-06-18T01:33:36.788+0000][14733.578s][info][gc,phases     ] GC(980)   Post Evacuate Collection Set: 0.8ms
[2026-06-18T01:33:36.788+0000][14733.579s][info][gc,phases     ] GC(980)   Other: 0.6ms
[2026-06-18T01:33:36.788+0000][14733.579s][info][gc,heap       ] GC(980) Eden regions: 242->0(244)
[2026-06-18T01:33:36.788+0000][14733.579s][info][gc,heap       ] GC(980) Survivor regions: 2->2(31)
[2026-06-18T01:33:36.788+0000][14733.579s][info][gc,heap       ] GC(980) Old regions: 51->51
[2026-06-18T01:33:36.789+0000][14733.579s][info][gc,heap       ] GC(980) Humongous regions: 147->147
[2026-06-18T01:33:36.789+0000][14733.579s][info][gc,metaspace  ] GC(980) Metaspace: 52792K(55552K)->52792K(55552K) NonClass: 46859K(48384K)->46859K(48384K) Class: 5932K(7168K)->5932K(7168K)
[2026-06-18T01:33:36.789+0000][14733.579s][info][gc            ] GC(980) Pause Young (Normal) (G1 Evacuation Pause) 440M->198M(512M) 8.966ms
[2026-06-18T01:33:36.789+0000][14733.579s][info][gc,cpu        ] GC(980) User=0.05s Sys=0.00s Real=0.01s
[2026-06-18T01:33:38.208+0000][14734.998s][info][gc,start      ] GC(981) Pause Young (Normal) (G1 Evacuation Pause)
[2026-06-18T01:33:38.208+0000][14734.999s][info][gc,task       ] GC(981) Using 13 workers of 13 for evacuation
[2026-06-18T01:33:38.210+0000][14735.001s][info][gc,phases     ] GC(981)   Pre Evacuate Collection Set: 0.0ms
[2026-06-18T01:33:38.210+0000][14735.001s][info][gc,phases     ] GC(981)   Evacuate Collection Set: 1.6ms
[2026-06-18T01:33:38.210+0000][14735.001s][info][gc,phases     ] GC(981)   Post Evacuate Collection Set: 0.3ms
[2026-06-18T01:33:38.210+0000][14735.001s][info][gc,phases     ] GC(981)   Other: 0.3ms
[2026-06-18T01:33:38.210+0000][14735.001s][info][gc,heap       ] GC(981) Eden regions: 244->0(241)
[2026-06-18T01:33:38.211+0000][14735.001s][info][gc,heap       ] GC(981) Survivor regions: 2->6(31)
[2026-06-18T01:33:38.211+0000][14735.001s][info][gc,heap       ] GC(981) Old regions: 51->51
[2026-06-18T01:33:38.211+0000][14735.001s][info][gc,heap       ] GC(981) Humongous regions: 147->147
[2026-06-18T01:33:38.211+0000][14735.001s][info][gc,metaspace  ] GC(981) Metaspace: 52792K(55552K)->52792K(55552K) NonClass: 46859K(48384K)->46859K(48384K) Class: 5932K(7168K)->5932K(7168K)
[2026-06-18T01:33:38.211+0000][14735.001s][info][gc            ] GC(981) Pause Young (Normal) (G1 Evacuation Pause) 442M->202M(512M) 2.948ms
[2026-06-18T01:33:38.211+0000][14735.001s][info][gc,cpu        ] GC(981) User=0.02s Sys=0.00s Real=0.00s
[2026-06-18T01:33:39.407+0000][14736.198s][info][gc,start      ] GC(982) Pause Young (Concurrent Start) (G1 Evacuation Pause)
[2026-06-18T01:33:39.407+0000][14736.198s][info][gc,task       ] GC(982) Using 13 workers of 13 for evacuation
[2026-06-18T01:33:39.410+0000][14736.200s][info][gc,phases     ] GC(982)   Pre Evacuate Collection Set: 0.3ms
[2026-06-18T01:33:39.410+0000][14736.200s][info][gc,phases     ] GC(982)   Evacuate Collection Set: 1.3ms
[2026-06-18T01:33:39.410+0000][14736.200s][info][gc,phases     ] GC(982)   Post Evacuate Collection Set: 0.3ms
[2026-06-18T01:33:39.410+0000][14736.200s][info][gc,phases     ] GC(982)   Other: 0.4ms
[2026-06-18T01:33:39.410+0000][14736.200s][info][gc,heap       ] GC(982) Eden regions: 241->0(246)
[2026-06-18T01:33:39.410+0000][14736.200s][info][gc,heap       ] GC(982) Survivor regions: 6->3(31)
[2026-06-18T01:33:39.410+0000][14736.200s][info][gc,heap       ] GC(982) Old regions: 51->51
[2026-06-18T01:33:39.410+0000][14736.200s][info][gc,heap       ] GC(982) Humongous regions: 147->147
[2026-06-18T01:33:39.410+0000][14736.200s][info][gc,metaspace  ] GC(982) Metaspace: 52792K(55552K)->52792K(55552K) NonClass: 46859K(48384K)->46859K(48384K) Class: 5932K(7168K)->5932K(7168K)
[2026-06-18T01:33:39.410+0000][14736.200s][info][gc            ] GC(982) Pause Young (Concurrent Start) (G1 Evacuation Pause) 443M->200M(512M) 2.758ms
[2026-06-18T01:33:39.410+0000][14736.201s][info][gc,cpu        ] GC(982) User=0.01s Sys=0.00s Real=0.00s
[2026-06-18T01:33:39.410+0000][14736.201s][info][gc            ] GC(983) Concurrent Cycle
[2026-06-18T01:33:39.410+0000][14736.201s][info][gc,marking    ] GC(983) Concurrent Clear Claimed Marks
[2026-06-18T01:33:39.410+0000][14736.201s][info][gc,marking    ] GC(983) Concurrent Clear Claimed Marks 0.173ms
[2026-06-18T01:33:39.410+0000][14736.201s][info][gc,marking    ] GC(983) Concurrent Scan Root Regions
[2026-06-18T01:33:39.411+0000][14736.202s][info][gc,marking    ] GC(983) Concurrent Scan Root Regions 0.887ms
[2026-06-18T01:33:39.411+0000][14736.202s][info][gc,marking    ] GC(983) Concurrent Mark (14736.202s)
[2026-06-18T01:33:39.412+0000][14736.202s][info][gc,marking    ] GC(983) Concurrent Mark From Roots
[2026-06-18T01:33:39.412+0000][14736.202s][info][gc,task       ] GC(983) Using 3 workers of 3 for marking
[2026-06-18T01:33:39.418+0000][14736.208s][info][gc,marking    ] GC(983) Concurrent Mark From Roots 6.346ms
[2026-06-18T01:33:39.418+0000][14736.208s][info][gc,marking    ] GC(983) Concurrent Preclean
[2026-06-18T01:33:39.418+0000][14736.209s][info][gc,marking    ] GC(983) Concurrent Preclean 0.215ms
[2026-06-18T01:33:39.418+0000][14736.209s][info][gc,marking    ] GC(983) Concurrent Mark (14736.202s, 14736.209s) 6.808ms
[2026-06-18T01:33:39.418+0000][14736.209s][info][gc,start      ] GC(983) Pause Remark
[2026-06-18T01:33:39.421+0000][14736.211s][info][gc,stringtable] GC(983) Cleaned string and symbol table, strings: 17452 processed, 4 removed, symbols: 125076 processed, 0 removed
[2026-06-18T01:33:39.421+0000][14736.212s][info][gc            ] GC(983) Pause Remark 204M->204M(512M) 2.765ms
[2026-06-18T01:33:39.421+0000][14736.212s][info][gc,cpu        ] GC(983) User=0.02s Sys=0.00s Real=0.00s
[2026-06-18T01:33:39.421+0000][14736.212s][info][gc,marking    ] GC(983) Concurrent Rebuild Remembered Sets
[2026-06-18T01:33:39.426+0000][14736.217s][info][gc,marking    ] GC(983) Concurrent Rebuild Remembered Sets 4.681ms
[2026-06-18T01:33:39.426+0000][14736.217s][info][gc,start      ] GC(983) Pause Cleanup
[2026-06-18T01:33:39.427+0000][14736.217s][info][gc            ] GC(983) Pause Cleanup 205M->205M(512M) 0.177ms
[2026-06-18T01:33:39.427+0000][14736.217s][info][gc,cpu        ] GC(983) User=0.00s Sys=0.00s Real=0.00s
[2026-06-18T01:33:39.427+0000][14736.217s][info][gc,marking    ] GC(983) Concurrent Cleanup for Next Mark
[2026-06-18T01:33:39.427+0000][14736.217s][info][gc,marking    ] GC(983) Concurrent Cleanup for Next Mark 0.164ms
[2026-06-18T01:33:39.427+0000][14736.217s][info][gc            ] GC(983) Concurrent Cycle 16.796ms
[2026-06-18T01:33:40.611+0000][14737.402s][info][gc,start      ] GC(984) Pause Young (Prepare Mixed) (G1 Evacuation Pause)
[2026-06-18T01:33:40.611+0000][14737.402s][info][gc,task       ] GC(984) Using 13 workers of 13 for evacuation
[2026-06-18T01:33:40.614+0000][14737.404s][info][gc,phases     ] GC(984)   Pre Evacuate Collection Set: 0.0ms
[2026-06-18T01:33:40.614+0000][14737.404s][info][gc,phases     ] GC(984)   Evacuate Collection Set: 1.9ms
[2026-06-18T01:33:40.614+0000][14737.404s][info][gc,phases     ] GC(984)   Post Evacuate Collection Set: 0.4ms
[2026-06-18T01:33:40.614+0000][14737.404s][info][gc,phases     ] GC(984)   Other: 0.4ms
[2026-06-18T01:33:40.614+0000][14737.405s][info][gc,heap       ] GC(984) Eden regions: 246->0(18)
[2026-06-18T01:33:40.614+0000][14737.405s][info][gc,heap       ] GC(984) Survivor regions: 3->7(32)
[2026-06-18T01:33:40.614+0000][14737.405s][info][gc,heap       ] GC(984) Old regions: 51->51
[2026-06-18T01:33:40.614+0000][14737.405s][info][gc,heap       ] GC(984) Humongous regions: 147->147
[2026-06-18T01:33:40.614+0000][14737.405s][info][gc,metaspace  ] GC(984) Metaspace: 52792K(55552K)->52792K(55552K) NonClass: 46859K(48384K)->46859K(48384K) Class: 5932K(7168K)->5932K(7168K)
[2026-06-18T01:33:40.614+0000][14737.405s][info][gc            ] GC(984) Pause Young (Prepare Mixed) (G1 Evacuation Pause) 446M->203M(512M) 3.311ms
[2026-06-18T01:33:40.615+0000][14737.405s][info][gc,cpu        ] GC(984) User=0.02s Sys=0.00s Real=0.01s
[2026-06-18T01:34:00.412+0000][14757.204s][info][gc,start      ] GC(985) Pause Young (Mixed) (G1 Evacuation Pause)
[2026-06-18T01:34:00.413+0000][14757.204s][info][gc,task       ] GC(985) Using 13 workers of 13 for evacuation
[2026-06-18T01:34:00.423+0000][14757.215s][info][gc,phases     ] GC(985)   Pre Evacuate Collection Set: 0.1ms
[2026-06-18T01:34:00.423+0000][14757.215s][info][gc,phases     ] GC(985)   Evacuate Collection Set: 9.7ms
[2026-06-18T01:34:00.423+0000][14757.215s][info][gc,phases     ] GC(985)   Post Evacuate Collection Set: 0.5ms
[2026-06-18T01:34:00.423+0000][14757.215s][info][gc,phases     ] GC(985)   Other: 0.7ms
[2026-06-18T01:34:00.424+0000][14757.215s][info][gc,heap       ] GC(985) Eden regions: 18->0(246)
[2026-06-18T01:34:00.424+0000][14757.215s][info][gc,heap       ] GC(985) Survivor regions: 7->2(4)
[2026-06-18T01:34:00.424+0000][14757.215s][info][gc,heap       ] GC(985) Old regions: 51->51
[2026-06-18T01:34:00.424+0000][14757.215s][info][gc,heap       ] GC(985) Humongous regions: 147->147
[2026-06-18T01:34:00.424+0000][14757.215s][info][gc,metaspace  ] GC(985) Metaspace: 52792K(55552K)->52792K(55552K) NonClass: 46859K(48384K)->46859K(48384K) Class: 5932K(7168K)->5932K(7168K)
[2026-06-18T01:34:00.424+0000][14757.216s][info][gc            ] GC(985) Pause Young (Mixed) (G1 Evacuation Pause) 221M->199M(512M) 11.478ms
[2026-06-18T01:34:00.424+0000][14757.216s][info][gc,cpu        ] GC(985) User=0.05s Sys=0.00s Real=0.01s
[2026-06-18T01:34:29.527+0000][14786.318s][info][gc,start      ] GC(986) Pause Young (Normal) (G1 Evacuation Pause)
[2026-06-18T01:34:29.527+0000][14786.318s][info][gc,task       ] GC(986) Using 13 workers of 13 for evacuation
[2026-06-18T01:34:29.530+0000][14786.320s][info][gc,phases     ] GC(986)   Pre Evacuate Collection Set: 0.0ms
[2026-06-18T01:34:29.530+0000][14786.320s][info][gc,phases     ] GC(986)   Evacuate Collection Set: 1.9ms
[2026-06-18T01:34:29.530+0000][14786.320s][info][gc,phases     ] GC(986)   Post Evacuate Collection Set: 0.3ms
[2026-06-18T01:34:29.530+0000][14786.320s][info][gc,phases     ] GC(986)   Other: 0.3ms
[2026-06-18T01:34:29.530+0000][14786.320s][info][gc,heap       ] GC(986) Eden regions: 246->0(237)
[2026-06-18T01:34:29.530+0000][14786.321s][info][gc,heap       ] GC(986) Survivor regions: 2->9(31)
[2026-06-18T01:34:29.530+0000][14786.321s][info][gc,heap       ] GC(986) Old regions: 51->51
[2026-06-18T01:34:29.530+0000][14786.321s][info][gc,heap       ] GC(986) Humongous regions: 147->147
[2026-06-18T01:34:29.530+0000][14786.321s][info][gc,metaspace  ] GC(986) Metaspace: 52792K(55552K)->52792K(55552K) NonClass: 46859K(48384K)->46859K(48384K) Class: 5932K(7168K)->5932K(7168K)
[2026-06-18T01:34:29.530+0000][14786.321s][info][gc            ] GC(986) Pause Young (Normal) (G1 Evacuation Pause) 445M->205M(512M) 2.979ms
[2026-06-18T01:34:29.530+0000][14786.321s][info][gc,cpu        ] GC(986) User=0.03s Sys=0.00s Real=0.00s
[2026-06-18T01:34:30.764+0000][14787.555s][info][gc,start      ] GC(987) Pause Young (Normal) (G1 Evacuation Pause)
[2026-06-18T01:34:30.765+0000][14787.555s][info][gc,task       ] GC(987) Using 13 workers of 13 for evacuation
[2026-06-18T01:34:30.768+0000][14787.558s][info][gc,phases     ] GC(987)   Pre Evacuate Collection Set: 0.0ms
[2026-06-18T01:34:30.768+0000][14787.558s][info][gc,phases     ] GC(987)   Evacuate Collection Set: 2.7ms
[2026-06-18T01:34:30.768+0000][14787.558s][info][gc,phases     ] GC(987)   Post Evacuate Collection Set: 0.3ms
[2026-06-18T01:34:30.768+0000][14787.558s][info][gc,phases     ] GC(987)   Other: 0.3ms
[2026-06-18T01:34:30.768+0000][14787.558s][info][gc,heap       ] GC(987) Eden regions: 237->0(241)
[2026-06-18T01:34:30.768+0000][14787.558s][info][gc,heap       ] GC(987) Survivor regions: 9->6(31)
[2026-06-18T01:34:30.768+0000][14787.558s][info][gc,heap       ] GC(987) Old regions: 51->51
[2026-06-18T01:34:30.768+0000][14787.559s][info][gc,heap       ] GC(987) Humongous regions: 147->147
[2026-06-18T01:34:30.768+0000][14787.559s][info][gc,metaspace  ] GC(987) Metaspace: 52792K(55552K)->52792K(55552K) NonClass: 46859K(48384K)->46859K(48384K) Class: 5932K(7168K)->5932K(7168K)
[2026-06-18T01:34:30.768+0000][14787.559s][info][gc            ] GC(987) Pause Young (Normal) (G1 Evacuation Pause) 442M->203M(512M) 3.834ms
[2026-06-18T01:34:30.768+0000][14787.559s][info][gc,cpu        ] GC(987) User=0.03s Sys=0.01s Real=0.00s
[2026-06-18T01:34:31.946+0000][14788.736s][info][gc,start      ] GC(988) Pause Young (Concurrent Start) (G1 Evacuation Pause)
[2026-06-18T01:34:31.946+0000][14788.736s][info][gc,task       ] GC(988) Using 13 workers of 13 for evacuation
[2026-06-18T01:34:31.949+0000][14788.739s][info][gc,phases     ] GC(988)   Pre Evacuate Collection Set: 0.3ms
[2026-06-18T01:34:31.949+0000][14788.739s][info][gc,phases     ] GC(988)   Evacuate Collection Set: 2.1ms
[2026-06-18T01:34:31.949+0000][14788.739s][info][gc,phases     ] GC(988)   Post Evacuate Collection Set: 0.3ms
[2026-06-18T01:34:31.949+0000][14788.739s][info][gc,phases     ] GC(988)   Other: 0.4ms
[2026-06-18T01:34:31.949+0000][14788.739s][info][gc,heap       ] GC(988) Eden regions: 241->0(235)
[2026-06-18T01:34:31.949+0000][14788.740s][info][gc,heap       ] GC(988) Survivor regions: 6->10(31)
[2026-06-18T01:34:31.949+0000][14788.740s][info][gc,heap       ] GC(988) Old regions: 51->51
[2026-06-18T01:34:31.949+0000][14788.740s][info][gc,heap       ] GC(988) Humongous regions: 147->147
[2026-06-18T01:34:31.949+0000][14788.740s][info][gc,metaspace  ] GC(988) Metaspace: 52792K(55552K)->52792K(55552K) NonClass: 46859K(48384K)->46859K(48384K) Class: 5932K(7168K)->5932K(7168K)
[2026-06-18T01:34:31.949+0000][14788.740s][info][gc            ] GC(988) Pause Young (Concurrent Start) (G1 Evacuation Pause) 444M->207M(512M) 3.548ms
[2026-06-18T01:34:31.949+0000][14788.740s][info][gc,cpu        ] GC(988) User=0.02s Sys=0.00s Real=0.00s
[2026-06-18T01:34:31.949+0000][14788.740s][info][gc            ] GC(989) Concurrent Cycle
[2026-06-18T01:34:31.950+0000][14788.740s][info][gc,marking    ] GC(989) Concurrent Clear Claimed Marks
[2026-06-18T01:34:31.950+0000][14788.740s][info][gc,marking    ] GC(989) Concurrent Clear Claimed Marks 0.219ms
[2026-06-18T01:34:31.950+0000][14788.740s][info][gc,marking    ] GC(989) Concurrent Scan Root Regions
[2026-06-18T01:34:31.951+0000][14788.742s][info][gc,marking    ] GC(989) Concurrent Scan Root Regions 1.385ms
[2026-06-18T01:34:31.951+0000][14788.742s][info][gc,marking    ] GC(989) Concurrent Mark (14788.742s)
[2026-06-18T01:34:31.951+0000][14788.742s][info][gc,marking    ] GC(989) Concurrent Mark From Roots
[2026-06-18T01:34:31.951+0000][14788.742s][info][gc,task       ] GC(989) Using 3 workers of 3 for marking
[2026-06-18T01:34:31.957+0000][14788.747s][info][gc,marking    ] GC(989) Concurrent Mark From Roots 5.562ms
[2026-06-18T01:34:31.957+0000][14788.747s][info][gc,marking    ] GC(989) Concurrent Preclean
[2026-06-18T01:34:31.957+0000][14788.748s][info][gc,marking    ] GC(989) Concurrent Preclean 0.234ms
[2026-06-18T01:34:31.957+0000][14788.748s][info][gc,marking    ] GC(989) Concurrent Mark (14788.742s, 14788.748s) 6.103ms
[2026-06-18T01:34:31.958+0000][14788.748s][info][gc,start      ] GC(989) Pause Remark
[2026-06-18T01:34:31.960+0000][14788.751s][info][gc,stringtable] GC(989) Cleaned string and symbol table, strings: 17448 processed, 0 removed, symbols: 125076 processed, 0 removed
[2026-06-18T01:34:31.961+0000][14788.751s][info][gc            ] GC(989) Pause Remark 211M->209M(512M) 2.961ms
[2026-06-18T01:34:31.961+0000][14788.751s][info][gc,cpu        ] GC(989) User=0.02s Sys=0.00s Real=0.00s
[2026-06-18T01:34:31.961+0000][14788.751s][info][gc,marking    ] GC(989) Concurrent Rebuild Remembered Sets
[2026-06-18T01:34:31.965+0000][14788.756s][info][gc,marking    ] GC(989) Concurrent Rebuild Remembered Sets 4.444ms
[2026-06-18T01:34:31.965+0000][14788.756s][info][gc,start      ] GC(989) Pause Cleanup
[2026-06-18T01:34:31.966+0000][14788.756s][info][gc            ] GC(989) Pause Cleanup 210M->210M(512M) 0.219ms
[2026-06-18T01:34:31.966+0000][14788.757s][info][gc,cpu        ] GC(989) User=0.00s Sys=0.00s Real=0.00s
[2026-06-18T01:34:31.966+0000][14788.757s][info][gc,marking    ] GC(989) Concurrent Cleanup for Next Mark
[2026-06-18T01:34:31.966+0000][14788.757s][info][gc,marking    ] GC(989) Concurrent Cleanup for Next Mark 0.240ms
[2026-06-18T01:34:31.967+0000][14788.757s][info][gc            ] GC(989) Concurrent Cycle 17.125ms
[2026-06-18T01:35:20.396+0000][14837.186s][info][gc,start      ] GC(990) Pause Young (Prepare Mixed) (G1 Evacuation Pause)
[2026-06-18T01:35:20.396+0000][14837.186s][info][gc,task       ] GC(990) Using 13 workers of 13 for evacuation
[2026-06-18T01:35:20.400+0000][14837.191s][info][gc,phases     ] GC(990)   Pre Evacuate Collection Set: 0.0ms
[2026-06-18T01:35:20.400+0000][14837.191s][info][gc,phases     ] GC(990)   Evacuate Collection Set: 3.9ms
[2026-06-18T01:35:20.400+0000][14837.191s][info][gc,phases     ] GC(990)   Post Evacuate Collection Set: 0.3ms
[2026-06-18T01:35:20.400+0000][14837.191s][info][gc,phases     ] GC(990)   Other: 0.3ms
[2026-06-18T01:35:20.400+0000][14837.191s][info][gc,heap       ] GC(990) Eden regions: 235->0(19)
[2026-06-18T01:35:20.400+0000][14837.191s][info][gc,heap       ] GC(990) Survivor regions: 10->6(31)
[2026-06-18T01:35:20.400+0000][14837.191s][info][gc,heap       ] GC(990) Old regions: 49->49
[2026-06-18T01:35:20.400+0000][14837.191s][info][gc,heap       ] GC(990) Humongous regions: 147->147
[2026-06-18T01:35:20.400+0000][14837.191s][info][gc,metaspace  ] GC(990) Metaspace: 52792K(55552K)->52792K(55552K) NonClass: 46859K(48384K)->46859K(48384K) Class: 5932K(7168K)->5932K(7168K)
[2026-06-18T01:35:20.401+0000][14837.191s][info][gc            ] GC(990) Pause Young (Prepare Mixed) (G1 Evacuation Pause) 440M->200M(512M) 4.945ms
[2026-06-18T01:35:20.401+0000][14837.191s][info][gc,cpu        ] GC(990) User=0.05s Sys=0.00s Real=0.00s
[2026-06-18T01:35:20.523+0000][14837.313s][info][gc,start      ] GC(991) Pause Young (Mixed) (G1 Evacuation Pause)
[2026-06-18T01:35:20.523+0000][14837.314s][info][gc,task       ] GC(991) Using 13 workers of 13 for evacuation
[2026-06-18T01:35:20.530+0000][14837.321s][info][gc,phases     ] GC(991)   Pre Evacuate Collection Set: 0.0ms
[2026-06-18T01:35:20.531+0000][14837.321s][info][gc,phases     ] GC(991)   Evacuate Collection Set: 6.5ms
[2026-06-18T01:35:20.531+0000][14837.321s][info][gc,phases     ] GC(991)   Post Evacuate Collection Set: 0.7ms
[2026-06-18T01:35:20.531+0000][14837.321s][info][gc,phases     ] GC(991)   Other: 0.2ms
[2026-06-18T01:35:20.531+0000][14837.321s][info][gc,heap       ] GC(991) Eden regions: 19->0(245)
[2026-06-18T01:35:20.531+0000][14837.322s][info][gc,heap       ] GC(991) Survivor regions: 6->2(4)
[2026-06-18T01:35:20.531+0000][14837.322s][info][gc,heap       ] GC(991) Old regions: 49->50
[2026-06-18T01:35:20.531+0000][14837.322s][info][gc,heap       ] GC(991) Humongous regions: 147->147
[2026-06-18T01:35:20.531+0000][14837.322s][info][gc,metaspace  ] GC(991) Metaspace: 52792K(55552K)->52792K(55552K) NonClass: 46859K(48384K)->46859K(48384K) Class: 5932K(7168K)->5932K(7168K)
[2026-06-18T01:35:20.532+0000][14837.322s][info][gc            ] GC(991) Pause Young (Mixed) (G1 Evacuation Pause) 219M->197M(512M) 8.460ms
[2026-06-18T01:35:20.532+0000][14837.322s][info][gc,cpu        ] GC(991) User=0.07s Sys=0.00s Real=0.00s
[2026-06-18T01:35:22.035+0000][14838.825s][info][gc,start      ] GC(992) Pause Young (Normal) (G1 Evacuation Pause)
[2026-06-18T01:35:22.035+0000][14838.825s][info][gc,task       ] GC(992) Using 13 workers of 13 for evacuation
[2026-06-18T01:35:22.041+0000][14838.831s][info][gc,phases     ] GC(992)   Pre Evacuate Collection Set: 0.0ms
[2026-06-18T01:35:22.041+0000][14838.831s][info][gc,phases     ] GC(992)   Evacuate Collection Set: 5.5ms
[2026-06-18T01:35:22.041+0000][14838.831s][info][gc,phases     ] GC(992)   Post Evacuate Collection Set: 0.4ms
[2026-06-18T01:35:22.041+0000][14838.831s][info][gc,phases     ] GC(992)   Other: 0.3ms
[2026-06-18T01:35:22.041+0000][14838.832s][info][gc,heap       ] GC(992) Eden regions: 245->0(17)
[2026-06-18T01:35:22.041+0000][14838.832s][info][gc,heap       ] GC(992) Survivor regions: 2->8(31)
[2026-06-18T01:35:22.041+0000][14838.832s][info][gc,heap       ] GC(992) Old regions: 50->50
[2026-06-18T01:35:22.041+0000][14838.832s][info][gc,heap       ] GC(992) Humongous regions: 147->147
[2026-06-18T01:35:22.041+0000][14838.832s][info][gc,metaspace  ] GC(992) Metaspace: 52792K(55552K)->52792K(55552K) NonClass: 46859K(48384K)->46859K(48384K) Class: 5932K(7168K)->5932K(7168K)
[2026-06-18T01:35:22.041+0000][14838.832s][info][gc            ] GC(992) Pause Young (Normal) (G1 Evacuation Pause) 442M->203M(512M) 6.947ms
[2026-06-18T01:35:22.042+0000][14838.832s][info][gc,cpu        ] GC(992) User=0.07s Sys=0.00s Real=0.00s
[2026-06-18T01:35:22.136+0000][14838.927s][info][gc,start      ] GC(993) Pause Young (Normal) (G1 Evacuation Pause)
[2026-06-18T01:35:22.136+0000][14838.927s][info][gc,task       ] GC(993) Using 13 workers of 13 for evacuation
[2026-06-18T01:35:22.138+0000][14838.929s][info][gc,phases     ] GC(993)   Pre Evacuate Collection Set: 0.0ms
[2026-06-18T01:35:22.138+0000][14838.929s][info][gc,phases     ] GC(993)   Evacuate Collection Set: 1.5ms
[2026-06-18T01:35:22.138+0000][14838.929s][info][gc,phases     ] GC(993)   Post Evacuate Collection Set: 0.3ms
[2026-06-18T01:35:22.138+0000][14838.929s][info][gc,phases     ] GC(993)   Other: 0.3ms
[2026-06-18T01:35:22.138+0000][14838.929s][info][gc,heap       ] GC(993) Eden regions: 17->0(222)
[2026-06-18T01:35:22.139+0000][14838.929s][info][gc,heap       ] GC(993) Survivor regions: 8->2(4)
[2026-06-18T01:35:22.139+0000][14838.929s][info][gc,heap       ] GC(993) Old regions: 50->57
[2026-06-18T01:35:22.139+0000][14838.929s][info][gc,heap       ] GC(993) Humongous regions: 147->147
[2026-06-18T01:35:22.139+0000][14838.929s][info][gc,metaspace  ] GC(993) Metaspace: 52792K(55552K)->52792K(55552K) NonClass: 46859K(48384K)->46859K(48384K) Class: 5932K(7168K)->5932K(7168K)
[2026-06-18T01:35:22.139+0000][14838.929s][info][gc            ] GC(993) Pause Young (Normal) (G1 Evacuation Pause) 220M->204M(512M) 2.527ms
[2026-06-18T01:35:22.139+0000][14838.929s][info][gc,cpu        ] GC(993) User=0.01s Sys=0.00s Real=0.00s
[2026-06-18T01:35:23.314+0000][14840.105s][info][gc,start      ] GC(994) Pause Young (Normal) (G1 Evacuation Pause)
[2026-06-18T01:35:23.314+0000][14840.105s][info][gc,task       ] GC(994) Using 13 workers of 13 for evacuation
[2026-06-18T01:35:23.316+0000][14840.106s][info][gc,phases     ] GC(994)   Pre Evacuate Collection Set: 0.0ms
[2026-06-18T01:35:23.316+0000][14840.106s][info][gc,phases     ] GC(994)   Evacuate Collection Set: 0.9ms
[2026-06-18T01:35:23.316+0000][14840.106s][info][gc,phases     ] GC(994)   Post Evacuate Collection Set: 0.3ms
[2026-06-18T01:35:23.316+0000][14840.106s][info][gc,phases     ] GC(994)   Other: 0.3ms
[2026-06-18T01:35:23.316+0000][14840.106s][info][gc,heap       ] GC(994) Eden regions: 222->0(227)
[2026-06-18T01:35:23.316+0000][14840.106s][info][gc,heap       ] GC(994) Survivor regions: 2->3(28)
[2026-06-18T01:35:23.316+0000][14840.107s][info][gc,heap       ] GC(994) Old regions: 57->57
[2026-06-18T01:35:23.316+0000][14840.107s][info][gc,heap       ] GC(994) Humongous regions: 147->147
[2026-06-18T01:35:23.316+0000][14840.107s][info][gc,metaspace  ] GC(994) Metaspace: 52792K(55552K)->52792K(55552K) NonClass: 46859K(48384K)->46859K(48384K) Class: 5932K(7168K)->5932K(7168K)
[2026-06-18T01:35:23.316+0000][14840.107s][info][gc            ] GC(994) Pause Young (Normal) (G1 Evacuation Pause) 426M->205M(512M) 2.042ms
[2026-06-18T01:35:23.316+0000][14840.107s][info][gc,cpu        ] GC(994) User=0.01s Sys=0.00s Real=0.00s
[2026-06-18T01:35:24.490+0000][14841.280s][info][gc,start      ] GC(995) Pause Young (Concurrent Start) (G1 Evacuation Pause)
[2026-06-18T01:35:24.490+0000][14841.281s][info][gc,task       ] GC(995) Using 13 workers of 13 for evacuation
[2026-06-18T01:35:24.493+0000][14841.284s][info][gc,phases     ] GC(995)   Pre Evacuate Collection Set: 0.3ms
[2026-06-18T01:35:24.493+0000][14841.284s][info][gc,phases     ] GC(995)   Evacuate Collection Set: 2.3ms
[2026-06-18T01:35:24.494+0000][14841.284s][info][gc,phases     ] GC(995)   Post Evacuate Collection Set: 0.4ms
[2026-06-18T01:35:24.494+0000][14841.284s][info][gc,phases     ] GC(995)   Other: 0.4ms
[2026-06-18T01:35:24.494+0000][14841.284s][info][gc,heap       ] GC(995) Eden regions: 227->0(226)
[2026-06-18T01:35:24.494+0000][14841.284s][info][gc,heap       ] GC(995) Survivor regions: 3->6(29)
[2026-06-18T01:35:24.494+0000][14841.284s][info][gc,heap       ] GC(995) Old regions: 57->57
[2026-06-18T01:35:24.494+0000][14841.284s][info][gc,heap       ] GC(995) Humongous regions: 147->147
[2026-06-18T01:35:24.494+0000][14841.284s][info][gc,metaspace  ] GC(995) Metaspace: 52792K(55552K)->52792K(55552K) NonClass: 46859K(48384K)->46859K(48384K) Class: 5932K(7168K)->5932K(7168K)
[2026-06-18T01:35:24.494+0000][14841.284s][info][gc            ] GC(995) Pause Young (Concurrent Start) (G1 Evacuation Pause) 432M->209M(512M) 3.910ms
[2026-06-18T01:35:24.494+0000][14841.284s][info][gc,cpu        ] GC(995) User=0.03s Sys=0.00s Real=0.01s
[2026-06-18T01:35:24.494+0000][14841.285s][info][gc            ] GC(996) Concurrent Cycle
[2026-06-18T01:35:24.494+0000][14841.285s][info][gc,marking    ] GC(996) Concurrent Clear Claimed Marks
[2026-06-18T01:35:24.494+0000][14841.285s][info][gc,marking    ] GC(996) Concurrent Clear Claimed Marks 0.201ms
[2026-06-18T01:35:24.494+0000][14841.285s][info][gc,marking    ] GC(996) Concurrent Scan Root Regions
[2026-06-18T01:35:24.496+0000][14841.286s][info][gc,marking    ] GC(996) Concurrent Scan Root Regions 1.146ms
[2026-06-18T01:35:24.496+0000][14841.286s][info][gc,marking    ] GC(996) Concurrent Mark (14841.286s)
[2026-06-18T01:35:24.496+0000][14841.286s][info][gc,marking    ] GC(996) Concurrent Mark From Roots
[2026-06-18T01:35:24.496+0000][14841.286s][info][gc,task       ] GC(996) Using 3 workers of 3 for marking
[2026-06-18T01:35:24.502+0000][14841.293s][info][gc,marking    ] GC(996) Concurrent Mark From Roots 6.328ms
[2026-06-18T01:35:24.502+0000][14841.293s][info][gc,marking    ] GC(996) Concurrent Preclean
[2026-06-18T01:35:24.502+0000][14841.293s][info][gc,marking    ] GC(996) Concurrent Preclean 0.222ms
[2026-06-18T01:35:24.503+0000][14841.293s][info][gc,marking    ] GC(996) Concurrent Mark (14841.286s, 14841.293s) 6.826ms
[2026-06-18T01:35:24.503+0000][14841.293s][info][gc,start      ] GC(996) Pause Remark
[2026-06-18T01:35:24.505+0000][14841.296s][info][gc,stringtable] GC(996) Cleaned string and symbol table, strings: 17448 processed, 0 removed, symbols: 125076 processed, 0 removed
[2026-06-18T01:35:24.506+0000][14841.296s][info][gc            ] GC(996) Pause Remark 213M->212M(512M) 2.775ms
[2026-06-18T01:35:24.506+0000][14841.296s][info][gc,cpu        ] GC(996) User=0.02s Sys=0.00s Real=0.00s
[2026-06-18T01:35:24.506+0000][14841.296s][info][gc,marking    ] GC(996) Concurrent Rebuild Remembered Sets
[2026-06-18T01:35:24.510+0000][14841.301s][info][gc,marking    ] GC(996) Concurrent Rebuild Remembered Sets 4.588ms
[2026-06-18T01:35:24.511+0000][14841.301s][info][gc,start      ] GC(996) Pause Cleanup
[2026-06-18T01:35:24.511+0000][14841.301s][info][gc            ] GC(996) Pause Cleanup 213M->213M(512M) 0.254ms
[2026-06-18T01:35:24.511+0000][14841.302s][info][gc,cpu        ] GC(996) User=0.00s Sys=0.00s Real=0.00s
[2026-06-18T01:35:24.511+0000][14841.302s][info][gc,marking    ] GC(996) Concurrent Cleanup for Next Mark
[2026-06-18T01:35:24.511+0000][14841.302s][info][gc,marking    ] GC(996) Concurrent Cleanup for Next Mark 0.199ms
[2026-06-18T01:35:24.511+0000][14841.302s][info][gc            ] GC(996) Concurrent Cycle 17.371ms
[2026-06-18T01:35:24.770+0000][14841.561s][info][gc,start      ] GC(997) Pause Young (Prepare Mixed) (G1 Evacuation Pause)
[2026-06-18T01:35:24.770+0000][14841.561s][info][gc,task       ] GC(997) Using 13 workers of 13 for evacuation
[2026-06-18T01:35:24.775+0000][14841.566s][info][gc,phases     ] GC(997)   Pre Evacuate Collection Set: 0.0ms
[2026-06-18T01:35:24.775+0000][14841.566s][info][gc,phases     ] GC(997)   Evacuate Collection Set: 4.3ms
[2026-06-18T01:35:24.776+0000][14841.566s][info][gc,phases     ] GC(997)   Post Evacuate Collection Set: 0.4ms
[2026-06-18T01:35:24.776+0000][14841.566s][info][gc,phases     ] GC(997)   Other: 0.3ms
[2026-06-18T01:35:24.776+0000][14841.566s][info][gc,heap       ] GC(997) Eden regions: 54->0(24)
[2026-06-18T01:35:24.776+0000][14841.566s][info][gc,heap       ] GC(997) Survivor regions: 6->1(8)
[2026-06-18T01:35:24.776+0000][14841.566s][info][gc,heap       ] GC(997) Old regions: 56->57
[2026-06-18T01:35:24.776+0000][14841.566s][info][gc,heap       ] GC(997) Humongous regions: 147->147
[2026-06-18T01:35:24.776+0000][14841.566s][info][gc,metaspace  ] GC(997) Metaspace: 52792K(55552K)->52792K(55552K) NonClass: 46859K(48384K)->46859K(48384K) Class: 5932K(7168K)->5932K(7168K)
[2026-06-18T01:35:24.776+0000][14841.566s][info][gc            ] GC(997) Pause Young (Prepare Mixed) (G1 Evacuation Pause) 262M->204M(512M) 5.734ms
[2026-06-18T01:35:24.776+0000][14841.567s][info][gc,cpu        ] GC(997) User=0.06s Sys=0.00s Real=0.01s
[2026-06-18T01:35:24.907+0000][14841.698s][info][gc,start      ] GC(998) Pause Young (Mixed) (G1 Evacuation Pause)
[2026-06-18T01:35:24.907+0000][14841.698s][info][gc,task       ] GC(998) Using 13 workers of 13 for evacuation
[2026-06-18T01:35:24.915+0000][14841.705s][info][gc,phases     ] GC(998)   Pre Evacuate Collection Set: 0.0ms
[2026-06-18T01:35:24.915+0000][14841.706s][info][gc,phases     ] GC(998)   Evacuate Collection Set: 7.3ms
[2026-06-18T01:35:24.915+0000][14841.706s][info][gc,phases     ] GC(998)   Post Evacuate Collection Set: 0.3ms
[2026-06-18T01:35:24.915+0000][14841.706s][info][gc,phases     ] GC(998)   Other: 0.3ms
[2026-06-18T01:35:24.915+0000][14841.706s][info][gc,heap       ] GC(998) Eden regions: 24->0(211)
[2026-06-18T01:35:24.915+0000][14841.706s][info][gc,heap       ] GC(998) Survivor regions: 1->2(4)
[2026-06-18T01:35:24.915+0000][14841.706s][info][gc,heap       ] GC(998) Old regions: 57->47
[2026-06-18T01:35:24.915+0000][14841.706s][info][gc,heap       ] GC(998) Humongous regions: 147->147
[2026-06-18T01:35:24.916+0000][14841.706s][info][gc,metaspace  ] GC(998) Metaspace: 52792K(55552K)->52792K(55552K) NonClass: 46859K(48384K)->46859K(48384K) Class: 5932K(7168K)->5932K(7168K)
[2026-06-18T01:35:24.916+0000][14841.706s][info][gc            ] GC(998) Pause Young (Mixed) (G1 Evacuation Pause) 228M->194M(512M) 8.501ms
[2026-06-18T01:35:24.916+0000][14841.706s][info][gc,cpu        ] GC(998) User=0.08s Sys=0.00s Real=0.01s
[2026-06-18T01:36:13.408+0000][14890.198s][info][gc,start      ] GC(999) Pause Young (Concurrent Start) (G1 Evacuation Pause)
[2026-06-18T01:36:13.408+0000][14890.198s][info][gc,task       ] GC(999) Using 13 workers of 13 for evacuation
[2026-06-18T01:36:13.411+0000][14890.202s][info][gc,phases     ] GC(999)   Pre Evacuate Collection Set: 0.3ms
[2026-06-18T01:36:13.411+0000][14890.202s][info][gc,phases     ] GC(999)   Evacuate Collection Set: 2.7ms
[2026-06-18T01:36:13.412+0000][14890.202s][info][gc,phases     ] GC(999)   Post Evacuate Collection Set: 0.3ms
[2026-06-18T01:36:13.412+0000][14890.202s][info][gc,phases     ] GC(999)   Other: 0.4ms
[2026-06-18T01:36:13.412+0000][14890.202s][info][gc,heap       ] GC(999) Eden regions: 211->0(217)
[2026-06-18T01:36:13.412+0000][14890.202s][info][gc,heap       ] GC(999) Survivor regions: 2->4(27)
[2026-06-18T01:36:13.412+0000][14890.202s][info][gc,heap       ] GC(999) Old regions: 47->47
[2026-06-18T01:36:13.412+0000][14890.202s][info][gc,heap       ] GC(999) Humongous regions: 147->147
[2026-06-18T01:36:13.412+0000][14890.202s][info][gc,metaspace  ] GC(999) Metaspace: 52795K(55552K)->52795K(55552K) NonClass: 46863K(48384K)->46863K(48384K) Class: 5932K(7168K)->5932K(7168K)
[2026-06-18T01:36:13.412+0000][14890.202s][info][gc            ] GC(999) Pause Young (Concurrent Start) (G1 Evacuation Pause) 405M->196M(512M) 4.371ms
[2026-06-18T01:36:13.412+0000][14890.203s][info][gc,cpu        ] GC(999) User=0.03s Sys=0.00s Real=0.00s
[2026-06-18T01:36:13.412+0000][14890.203s][info][gc            ] GC(1000) Concurrent Cycle
[2026-06-18T01:36:13.412+0000][14890.203s][info][gc,marking    ] GC(1000) Concurrent Clear Claimed Marks
[2026-06-18T01:36:13.413+0000][14890.203s][info][gc,marking    ] GC(1000) Concurrent Clear Claimed Marks 0.266ms
[2026-06-18T01:36:13.413+0000][14890.203s][info][gc,marking    ] GC(1000) Concurrent Scan Root Regions
[2026-06-18T01:36:13.414+0000][14890.204s][info][gc,marking    ] GC(1000) Concurrent Scan Root Regions 0.835ms
[2026-06-18T01:36:13.414+0000][14890.204s][info][gc,marking    ] GC(1000) Concurrent Mark (14890.204s)
[2026-06-18T01:36:13.414+0000][14890.204s][info][gc,marking    ] GC(1000) Concurrent Mark From Roots
[2026-06-18T01:36:13.414+0000][14890.204s][info][gc,task       ] GC(1000) Using 3 workers of 3 for marking
[2026-06-18T01:36:13.419+0000][14890.210s][info][gc,marking    ] GC(1000) Concurrent Mark From Roots 5.724ms
[2026-06-18T01:36:13.420+0000][14890.210s][info][gc,marking    ] GC(1000) Concurrent Preclean
[2026-06-18T01:36:13.420+0000][14890.210s][info][gc,marking    ] GC(1000) Concurrent Preclean 0.269ms
[2026-06-18T01:36:13.420+0000][14890.210s][info][gc,marking    ] GC(1000) Concurrent Mark (14890.204s, 14890.210s) 6.275ms
[2026-06-18T01:36:13.420+0000][14890.211s][info][gc,start      ] GC(1000) Pause Remark
[2026-06-18T01:36:13.423+0000][14890.214s][info][gc,stringtable] GC(1000) Cleaned string and symbol table, strings: 17448 processed, 0 removed, symbols: 125076 processed, 0 removed
[2026-06-18T01:36:13.423+0000][14890.214s][info][gc            ] GC(1000) Pause Remark 200M->200M(512M) 3.295ms
[2026-06-18T01:36:13.424+0000][14890.214s][info][gc,cpu        ] GC(1000) User=0.02s Sys=0.00s Real=0.01s
[2026-06-18T01:36:13.424+0000][14890.214s][info][gc,marking    ] GC(1000) Concurrent Rebuild Remembered Sets
[2026-06-18T01:36:13.428+0000][14890.218s][info][gc,marking    ] GC(1000) Concurrent Rebuild Remembered Sets 4.078ms
[2026-06-18T01:36:13.428+0000][14890.219s][info][gc,start      ] GC(1000) Pause Cleanup
[2026-06-18T01:36:13.428+0000][14890.219s][info][gc            ] GC(1000) Pause Cleanup 200M->200M(512M) 0.200ms
[2026-06-18T01:36:13.428+0000][14890.219s][info][gc,cpu        ] GC(1000) User=0.00s Sys=0.01s Real=0.00s
[2026-06-18T01:36:13.428+0000][14890.219s][info][gc,marking    ] GC(1000) Concurrent Cleanup for Next Mark
[2026-06-18T01:36:13.429+0000][14890.219s][info][gc,marking    ] GC(1000) Concurrent Cleanup for Next Mark 0.139ms
[2026-06-18T01:36:13.429+0000][14890.219s][info][gc            ] GC(1000) Concurrent Cycle 16.456ms
[2026-06-18T01:36:13.686+0000][14890.476s][info][gc,start      ] GC(1001) Pause Young (Prepare Mixed) (G1 Evacuation Pause)
[2026-06-18T01:36:13.686+0000][14890.476s][info][gc,task       ] GC(1001) Using 13 workers of 13 for evacuation
[2026-06-18T01:36:13.689+0000][14890.480s][info][gc,phases     ] GC(1001)   Pre Evacuate Collection Set: 0.0ms
[2026-06-18T01:36:13.689+0000][14890.480s][info][gc,phases     ] GC(1001)   Evacuate Collection Set: 3.0ms
[2026-06-18T01:36:13.690+0000][14890.480s][info][gc,phases     ] GC(1001)   Post Evacuate Collection Set: 0.3ms
[2026-06-18T01:36:13.690+0000][14890.480s][info][gc,phases     ] GC(1001)   Other: 0.3ms
[2026-06-18T01:36:13.690+0000][14890.480s][info][gc,heap       ] GC(1001) Eden regions: 38->0(23)
[2026-06-18T01:36:13.690+0000][14890.480s][info][gc,heap       ] GC(1001) Survivor regions: 4->2(6)
[2026-06-18T01:36:13.690+0000][14890.480s][info][gc,heap       ] GC(1001) Old regions: 47->50
[2026-06-18T01:36:13.690+0000][14890.480s][info][gc,heap       ] GC(1001) Humongous regions: 147->147
[2026-06-18T01:36:13.690+0000][14890.481s][info][gc,metaspace  ] GC(1001) Metaspace: 52795K(55552K)->52795K(55552K) NonClass: 46863K(48384K)->46863K(48384K) Class: 5932K(7168K)->5932K(7168K)
[2026-06-18T01:36:13.690+0000][14890.481s][info][gc            ] GC(1001) Pause Young (Prepare Mixed) (G1 Evacuation Pause) 234M->198M(512M) 4.638ms
[2026-06-18T01:36:13.690+0000][14890.481s][info][gc,cpu        ] GC(1001) User=0.02s Sys=0.00s Real=0.00s
[2026-06-18T01:36:13.838+0000][14890.628s][info][gc,start      ] GC(1002) Pause Young (Mixed) (G1 Evacuation Pause)
[2026-06-18T01:36:13.838+0000][14890.628s][info][gc,task       ] GC(1002) Using 13 workers of 13 for evacuation
[2026-06-18T01:36:13.840+0000][14890.630s][info][gc,phases     ] GC(1002)   Pre Evacuate Collection Set: 0.0ms
[2026-06-18T01:36:13.840+0000][14890.631s][info][gc,phases     ] GC(1002)   Evacuate Collection Set: 1.7ms
[2026-06-18T01:36:13.840+0000][14890.631s][info][gc,phases     ] GC(1002)   Post Evacuate Collection Set: 0.2ms
[2026-06-18T01:36:13.841+0000][14890.631s][info][gc,phases     ] GC(1002)   Other: 0.5ms
[2026-06-18T01:36:13.841+0000][14890.631s][info][gc,heap       ] GC(1002) Eden regions: 23->0(190)
[2026-06-18T01:36:13.841+0000][14890.631s][info][gc,heap       ] GC(1002) Survivor regions: 2->3(4)
[2026-06-18T01:36:13.841+0000][14890.631s][info][gc,heap       ] GC(1002) Old regions: 50->48
[2026-06-18T01:36:13.841+0000][14890.631s][info][gc,heap       ] GC(1002) Humongous regions: 147->147
[2026-06-18T01:36:13.841+0000][14890.631s][info][gc,metaspace  ] GC(1002) Metaspace: 52795K(55552K)->52795K(55552K) NonClass: 46863K(48384K)->46863K(48384K) Class: 5932K(7168K)->5932K(7168K)
[2026-06-18T01:36:13.841+0000][14890.631s][info][gc            ] GC(1002) Pause Young (Mixed) (G1 Evacuation Pause) 221M->197M(512M) 3.396ms
[2026-06-18T01:36:13.841+0000][14890.632s][info][gc,cpu        ] GC(1002) User=0.02s Sys=0.00s Real=0.00s
[2026-06-18T01:36:14.905+0000][14891.695s][info][gc,start      ] GC(1003) Pause Young (Concurrent Start) (G1 Evacuation Pause)
[2026-06-18T01:36:14.905+0000][14891.695s][info][gc,task       ] GC(1003) Using 13 workers of 13 for evacuation
[2026-06-18T01:36:14.915+0000][14891.705s][info][gc,phases     ] GC(1003)   Pre Evacuate Collection Set: 0.3ms
[2026-06-18T01:36:14.915+0000][14891.705s][info][gc,phases     ] GC(1003)   Evacuate Collection Set: 9.2ms
[2026-06-18T01:36:14.915+0000][14891.705s][info][gc,phases     ] GC(1003)   Post Evacuate Collection Set: 0.4ms
[2026-06-18T01:36:14.915+0000][14891.706s][info][gc,phases     ] GC(1003)   Other: 0.4ms
[2026-06-18T01:36:14.915+0000][14891.706s][info][gc,heap       ] GC(1003) Eden regions: 190->0(196)
[2026-06-18T01:36:14.915+0000][14891.706s][info][gc,heap       ] GC(1003) Survivor regions: 3->7(25)
[2026-06-18T01:36:14.915+0000][14891.706s][info][gc,heap       ] GC(1003) Old regions: 48->48
[2026-06-18T01:36:14.915+0000][14891.706s][info][gc,heap       ] GC(1003) Humongous regions: 147->147
[2026-06-18T01:36:14.915+0000][14891.706s][info][gc,metaspace  ] GC(1003) Metaspace: 52795K(55552K)->52795K(55552K) NonClass: 46863K(48384K)->46863K(48384K) Class: 5932K(7168K)->5932K(7168K)
[2026-06-18T01:36:14.915+0000][14891.706s][info][gc            ] GC(1003) Pause Young (Concurrent Start) (G1 Evacuation Pause) 387M->201M(512M) 10.828ms
[2026-06-18T01:36:14.915+0000][14891.706s][info][gc,cpu        ] GC(1003) User=0.10s Sys=0.01s Real=0.01s
[2026-06-18T01:36:14.916+0000][14891.706s][info][gc            ] GC(1004) Concurrent Cycle
[2026-06-18T01:36:14.916+0000][14891.706s][info][gc,marking    ] GC(1004) Concurrent Clear Claimed Marks
[2026-06-18T01:36:14.916+0000][14891.706s][info][gc,marking    ] GC(1004) Concurrent Clear Claimed Marks 0.396ms
[2026-06-18T01:36:14.916+0000][14891.707s][info][gc,marking    ] GC(1004) Concurrent Scan Root Regions
[2026-06-18T01:36:14.917+0000][14891.708s][info][gc,marking    ] GC(1004) Concurrent Scan Root Regions 1.210ms
[2026-06-18T01:36:14.917+0000][14891.708s][info][gc,marking    ] GC(1004) Concurrent Mark (14891.708s)
[2026-06-18T01:36:14.918+0000][14891.708s][info][gc,marking    ] GC(1004) Concurrent Mark From Roots
[2026-06-18T01:36:14.918+0000][14891.708s][info][gc,task       ] GC(1004) Using 3 workers of 3 for marking
[2026-06-18T01:36:14.924+0000][14891.714s][info][gc,marking    ] GC(1004) Concurrent Mark From Roots 6.382ms
[2026-06-18T01:36:14.924+0000][14891.714s][info][gc,marking    ] GC(1004) Concurrent Preclean
[2026-06-18T01:36:14.924+0000][14891.715s][info][gc,marking    ] GC(1004) Concurrent Preclean 0.280ms
[2026-06-18T01:36:14.924+0000][14891.715s][info][gc,marking    ] GC(1004) Concurrent Mark (14891.708s, 14891.715s) 6.952ms
[2026-06-18T01:36:14.925+0000][14891.715s][info][gc,start      ] GC(1004) Pause Remark
[2026-06-18T01:36:14.927+0000][14891.718s][info][gc,stringtable] GC(1004) Cleaned string and symbol table, strings: 17448 processed, 0 removed, symbols: 125076 processed, 0 removed
[2026-06-18T01:36:14.928+0000][14891.718s][info][gc            ] GC(1004) Pause Remark 206M->206M(512M) 2.959ms
[2026-06-18T01:36:14.928+0000][14891.718s][info][gc,cpu        ] GC(1004) User=0.02s Sys=0.00s Real=0.00s
[2026-06-18T01:36:14.928+0000][14891.718s][info][gc,marking    ] GC(1004) Concurrent Rebuild Remembered Sets
[2026-06-18T01:36:14.933+0000][14891.723s][info][gc,marking    ] GC(1004) Concurrent Rebuild Remembered Sets 4.824ms
[2026-06-18T01:36:14.933+0000][14891.723s][info][gc,start      ] GC(1004) Pause Cleanup
[2026-06-18T01:36:14.933+0000][14891.724s][info][gc            ] GC(1004) Pause Cleanup 206M->206M(512M) 0.229ms
[2026-06-18T01:36:14.933+0000][14891.724s][info][gc,cpu        ] GC(1004) User=0.00s Sys=0.00s Real=0.00s
[2026-06-18T01:36:14.933+0000][14891.724s][info][gc,marking    ] GC(1004) Concurrent Cleanup for Next Mark
[2026-06-18T01:36:14.934+0000][14891.724s][info][gc,marking    ] GC(1004) Concurrent Cleanup for Next Mark 0.163ms
[2026-06-18T01:36:14.934+0000][14891.724s][info][gc            ] GC(1004) Concurrent Cycle 18.059ms
[2026-06-18T01:36:15.185+0000][14891.976s][info][gc,start      ] GC(1005) Pause Young (Prepare Mixed) (G1 Evacuation Pause)
[2026-06-18T01:36:15.185+0000][14891.976s][info][gc,task       ] GC(1005) Using 13 workers of 13 for evacuation
[2026-06-18T01:36:15.188+0000][14891.979s][info][gc,phases     ] GC(1005)   Pre Evacuate Collection Set: 0.0ms
[2026-06-18T01:36:15.188+0000][14891.979s][info][gc,phases     ] GC(1005)   Evacuate Collection Set: 2.4ms
[2026-06-18T01:36:15.188+0000][14891.979s][info][gc,phases     ] GC(1005)   Post Evacuate Collection Set: 0.3ms
[2026-06-18T01:36:15.188+0000][14891.979s][info][gc,phases     ] GC(1005)   Other: 0.3ms
[2026-06-18T01:36:15.188+0000][14891.979s][info][gc,heap       ] GC(1005) Eden regions: 56->0(23)
[2026-06-18T01:36:15.189+0000][14891.979s][info][gc,heap       ] GC(1005) Survivor regions: 7->2(8)
[2026-06-18T01:36:15.189+0000][14891.979s][info][gc,heap       ] GC(1005) Old regions: 48->49
[2026-06-18T01:36:15.189+0000][14891.979s][info][gc,heap       ] GC(1005) Humongous regions: 147->147
[2026-06-18T01:36:15.189+0000][14891.979s][info][gc,metaspace  ] GC(1005) Metaspace: 52795K(55552K)->52795K(55552K) NonClass: 46863K(48384K)->46863K(48384K) Class: 5932K(7168K)->5932K(7168K)
[2026-06-18T01:36:15.189+0000][14891.979s][info][gc            ] GC(1005) Pause Young (Prepare Mixed) (G1 Evacuation Pause) 257M->196M(512M) 3.622ms
[2026-06-18T01:36:15.189+0000][14891.979s][info][gc,cpu        ] GC(1005) User=0.03s Sys=0.00s Real=0.00s
[2026-06-18T01:36:15.297+0000][14892.088s][info][gc,start      ] GC(1006) Pause Young (Mixed) (G1 Evacuation Pause)
[2026-06-18T01:36:15.298+0000][14892.088s][info][gc,task       ] GC(1006) Using 13 workers of 13 for evacuation
[2026-06-18T01:36:15.299+0000][14892.089s][info][gc,phases     ] GC(1006)   Pre Evacuate Collection Set: 0.0ms
[2026-06-18T01:36:15.299+0000][14892.090s][info][gc,phases     ] GC(1006)   Evacuate Collection Set: 0.9ms
[2026-06-18T01:36:15.299+0000][14892.090s][info][gc,phases     ] GC(1006)   Post Evacuate Collection Set: 0.3ms
[2026-06-18T01:36:15.299+0000][14892.090s][info][gc,phases     ] GC(1006)   Other: 0.4ms
[2026-06-18T01:36:15.299+0000][14892.090s][info][gc,heap       ] GC(1006) Eden regions: 23->0(199)
[2026-06-18T01:36:15.299+0000][14892.090s][info][gc,heap       ] GC(1006) Survivor regions: 2->2(4)
[2026-06-18T01:36:15.299+0000][14892.090s][info][gc,heap       ] GC(1006) Old regions: 49->46
[2026-06-18T01:36:15.299+0000][14892.090s][info][gc,heap       ] GC(1006) Humongous regions: 147->147
[2026-06-18T01:36:15.299+0000][14892.090s][info][gc,metaspace  ] GC(1006) Metaspace: 52795K(55552K)->52795K(55552K) NonClass: 46863K(48384K)->46863K(48384K) Class: 5932K(7168K)->5932K(7168K)
[2026-06-18T01:36:15.300+0000][14892.090s][info][gc            ] GC(1006) Pause Young (Mixed) (G1 Evacuation Pause) 219M->194M(512M) 2.285ms
[2026-06-18T01:36:15.300+0000][14892.090s][info][gc,cpu        ] GC(1006) User=0.01s Sys=0.00s Real=0.00s
[2026-06-18T01:36:16.276+0000][14893.067s][info][gc,start      ] GC(1007) Pause Young (Concurrent Start) (G1 Evacuation Pause)
[2026-06-18T01:36:16.276+0000][14893.067s][info][gc,task       ] GC(1007) Using 13 workers of 13 for evacuation
[2026-06-18T01:36:16.281+0000][14893.071s][info][gc,phases     ] GC(1007)   Pre Evacuate Collection Set: 0.3ms
[2026-06-18T01:36:16.281+0000][14893.071s][info][gc,phases     ] GC(1007)   Evacuate Collection Set: 3.5ms
[2026-06-18T01:36:16.281+0000][14893.071s][info][gc,phases     ] GC(1007)   Post Evacuate Collection Set: 0.3ms
[2026-06-18T01:36:16.281+0000][14893.071s][info][gc,phases     ] GC(1007)   Other: 0.4ms
[2026-06-18T01:36:16.281+0000][14893.071s][info][gc,heap       ] GC(1007) Eden regions: 199->0(207)
[2026-06-18T01:36:16.281+0000][14893.072s][info][gc,heap       ] GC(1007) Survivor regions: 2->4(26)
[2026-06-18T01:36:16.281+0000][14893.072s][info][gc,heap       ] GC(1007) Old regions: 46->46
[2026-06-18T01:36:16.281+0000][14893.072s][info][gc,heap       ] GC(1007) Humongous regions: 147->147
[2026-06-18T01:36:16.281+0000][14893.072s][info][gc,metaspace  ] GC(1007) Metaspace: 52795K(55552K)->52795K(55552K) NonClass: 46863K(48384K)->46863K(48384K) Class: 5932K(7168K)->5932K(7168K)
[2026-06-18T01:36:16.281+0000][14893.072s][info][gc            ] GC(1007) Pause Young (Concurrent Start) (G1 Evacuation Pause) 393M->196M(512M) 4.976ms
[2026-06-18T01:36:16.281+0000][14893.072s][info][gc,cpu        ] GC(1007) User=0.04s Sys=0.00s Real=0.00s
[2026-06-18T01:36:16.281+0000][14893.072s][info][gc            ] GC(1008) Concurrent Cycle
[2026-06-18T01:36:16.281+0000][14893.072s][info][gc,marking    ] GC(1008) Concurrent Clear Claimed Marks
[2026-06-18T01:36:16.282+0000][14893.072s][info][gc,marking    ] GC(1008) Concurrent Clear Claimed Marks 0.221ms
[2026-06-18T01:36:16.282+0000][14893.072s][info][gc,marking    ] GC(1008) Concurrent Scan Root Regions
[2026-06-18T01:36:16.283+0000][14893.073s][info][gc,marking    ] GC(1008) Concurrent Scan Root Regions 0.812ms
[2026-06-18T01:36:16.283+0000][14893.073s][info][gc,marking    ] GC(1008) Concurrent Mark (14893.073s)
[2026-06-18T01:36:16.283+0000][14893.073s][info][gc,marking    ] GC(1008) Concurrent Mark From Roots
[2026-06-18T01:36:16.283+0000][14893.073s][info][gc,task       ] GC(1008) Using 3 workers of 3 for marking
[2026-06-18T01:36:16.289+0000][14893.079s][info][gc,marking    ] GC(1008) Concurrent Mark From Roots 5.964ms
[2026-06-18T01:36:16.289+0000][14893.079s][info][gc,marking    ] GC(1008) Concurrent Preclean
[2026-06-18T01:36:16.289+0000][14893.079s][info][gc,marking    ] GC(1008) Concurrent Preclean 0.237ms
[2026-06-18T01:36:16.289+0000][14893.080s][info][gc,marking    ] GC(1008) Concurrent Mark (14893.073s, 14893.080s) 6.446ms
[2026-06-18T01:36:16.289+0000][14893.080s][info][gc,start      ] GC(1008) Pause Remark
[2026-06-18T01:36:16.292+0000][14893.082s][info][gc,stringtable] GC(1008) Cleaned string and symbol table, strings: 17448 processed, 0 removed, symbols: 125076 processed, 0 removed
[2026-06-18T01:36:16.292+0000][14893.083s][info][gc            ] GC(1008) Pause Remark 200M->200M(512M) 2.756ms
[2026-06-18T01:36:16.292+0000][14893.083s][info][gc,cpu        ] GC(1008) User=0.02s Sys=0.00s Real=0.00s
[2026-06-18T01:36:16.292+0000][14893.083s][info][gc,marking    ] GC(1008) Concurrent Rebuild Remembered Sets
[2026-06-18T01:36:16.297+0000][14893.088s][info][gc,marking    ] GC(1008) Concurrent Rebuild Remembered Sets 4.857ms
[2026-06-18T01:36:16.297+0000][14893.088s][info][gc,start      ] GC(1008) Pause Cleanup
[2026-06-18T01:36:16.298+0000][14893.088s][info][gc            ] GC(1008) Pause Cleanup 201M->201M(512M) 0.147ms
[2026-06-18T01:36:16.298+0000][14893.088s][info][gc,cpu        ] GC(1008) User=0.00s Sys=0.00s Real=0.00s
[2026-06-18T01:36:16.298+0000][14893.088s][info][gc,marking    ] GC(1008) Concurrent Cleanup for Next Mark
[2026-06-18T01:36:16.298+0000][14893.088s][info][gc,marking    ] GC(1008) Concurrent Cleanup for Next Mark 0.197ms
[2026-06-18T01:36:16.298+0000][14893.088s][info][gc            ] GC(1008) Concurrent Cycle 16.529ms
[2026-06-18T01:37:04.464+0000][14941.254s][info][gc,start      ] GC(1009) Pause Young (Prepare Mixed) (G1 Evacuation Pause)
[2026-06-18T01:37:04.464+0000][14941.254s][info][gc,task       ] GC(1009) Using 13 workers of 13 for evacuation
[2026-06-18T01:37:04.466+0000][14941.257s][info][gc,phases     ] GC(1009)   Pre Evacuate Collection Set: 0.0ms
[2026-06-18T01:37:04.466+0000][14941.257s][info][gc,phases     ] GC(1009)   Evacuate Collection Set: 1.7ms
[2026-06-18T01:37:04.466+0000][14941.257s][info][gc,phases     ] GC(1009)   Post Evacuate Collection Set: 0.4ms
[2026-06-18T01:37:04.467+0000][14941.257s][info][gc,phases     ] GC(1009)   Other: 0.4ms
[2026-06-18T01:37:04.467+0000][14941.257s][info][gc,heap       ] GC(1009) Eden regions: 207->0(19)
[2026-06-18T01:37:04.467+0000][14941.257s][info][gc,heap       ] GC(1009) Survivor regions: 4->6(27)
[2026-06-18T01:37:04.467+0000][14941.257s][info][gc,heap       ] GC(1009) Old regions: 46->46
[2026-06-18T01:37:04.467+0000][14941.257s][info][gc,heap       ] GC(1009) Humongous regions: 147->147
[2026-06-18T01:37:04.467+0000][14941.257s][info][gc,metaspace  ] GC(1009) Metaspace: 52796K(55552K)->52796K(55552K) NonClass: 46864K(48384K)->46864K(48384K) Class: 5932K(7168K)->5932K(7168K)
[2026-06-18T01:37:04.467+0000][14941.257s][info][gc            ] GC(1009) Pause Young (Prepare Mixed) (G1 Evacuation Pause) 403M->198M(512M) 2.899ms
[2026-06-18T01:37:04.467+0000][14941.257s][info][gc,cpu        ] GC(1009) User=0.02s Sys=0.00s Real=0.00s
[2026-06-18T01:37:04.599+0000][14941.389s][info][gc,start      ] GC(1010) Pause Young (Mixed) (G1 Evacuation Pause)
[2026-06-18T01:37:04.599+0000][14941.390s][info][gc,task       ] GC(1010) Using 13 workers of 13 for evacuation
[2026-06-18T01:37:04.602+0000][14941.393s][info][gc,phases     ] GC(1010)   Pre Evacuate Collection Set: 0.0ms
[2026-06-18T01:37:04.602+0000][14941.393s][info][gc,phases     ] GC(1010)   Evacuate Collection Set: 2.7ms
[2026-06-18T01:37:04.603+0000][14941.393s][info][gc,phases     ] GC(1010)   Post Evacuate Collection Set: 0.3ms
[2026-06-18T01:37:04.603+0000][14941.393s][info][gc,phases     ] GC(1010)   Other: 0.3ms
[2026-06-18T01:37:04.603+0000][14941.393s][info][gc,heap       ] GC(1010) Eden regions: 19->0(212)
[2026-06-18T01:37:04.603+0000][14941.393s][info][gc,heap       ] GC(1010) Survivor regions: 6->2(4)
[2026-06-18T01:37:04.603+0000][14941.393s][info][gc,heap       ] GC(1010) Old regions: 46->50
[2026-06-18T01:37:04.603+0000][14941.393s][info][gc,heap       ] GC(1010) Humongous regions: 147->147
[2026-06-18T01:37:04.603+0000][14941.393s][info][gc,metaspace  ] GC(1010) Metaspace: 52796K(55552K)->52796K(55552K) NonClass: 46864K(48384K)->46864K(48384K) Class: 5932K(7168K)->5932K(7168K)
[2026-06-18T01:37:04.603+0000][14941.393s][info][gc            ] GC(1010) Pause Young (Mixed) (G1 Evacuation Pause) 217M->198M(512M) 3.939ms
[2026-06-18T01:37:04.603+0000][14941.393s][info][gc,cpu        ] GC(1010) User=0.02s Sys=0.00s Real=0.01s
[2026-06-18T01:37:05.911+0000][14942.701s][info][gc,start      ] GC(1011) Pause Young (Concurrent Start) (G1 Evacuation Pause)
[2026-06-18T01:37:05.911+0000][14942.701s][info][gc,task       ] GC(1011) Using 13 workers of 13 for evacuation
[2026-06-18T01:37:05.914+0000][14942.704s][info][gc,phases     ] GC(1011)   Pre Evacuate Collection Set: 0.3ms
[2026-06-18T01:37:05.914+0000][14942.705s][info][gc,phases     ] GC(1011)   Evacuate Collection Set: 2.7ms
[2026-06-18T01:37:05.914+0000][14942.705s][info][gc,phases     ] GC(1011)   Post Evacuate Collection Set: 0.4ms
[2026-06-18T01:37:05.914+0000][14942.705s][info][gc,phases     ] GC(1011)   Other: 0.3ms
[2026-06-18T01:37:05.914+0000][14942.705s][info][gc,heap       ] GC(1011) Eden regions: 212->0(213)
[2026-06-18T01:37:05.914+0000][14942.705s][info][gc,heap       ] GC(1011) Survivor regions: 2->8(27)
[2026-06-18T01:37:05.915+0000][14942.705s][info][gc,heap       ] GC(1011) Old regions: 50->50
[2026-06-18T01:37:05.915+0000][14942.705s][info][gc,heap       ] GC(1011) Humongous regions: 147->147
[2026-06-18T01:37:05.915+0000][14942.705s][info][gc,metaspace  ] GC(1011) Metaspace: 52796K(55552K)->52796K(55552K) NonClass: 46864K(48384K)->46864K(48384K) Class: 5932K(7168K)->5932K(7168K)
[2026-06-18T01:37:05.915+0000][14942.705s][info][gc            ] GC(1011) Pause Young (Concurrent Start) (G1 Evacuation Pause) 410M->204M(512M) 4.212ms
[2026-06-18T01:37:05.916+0000][14942.706s][info][gc,cpu        ] GC(1011) User=0.03s Sys=0.00s Real=0.01s
[2026-06-18T01:37:05.916+0000][14942.706s][info][gc            ] GC(1012) Concurrent Cycle
[2026-06-18T01:37:05.916+0000][14942.706s][info][gc,marking    ] GC(1012) Concurrent Clear Claimed Marks
[2026-06-18T01:37:05.916+0000][14942.706s][info][gc,marking    ] GC(1012) Concurrent Clear Claimed Marks 0.196ms
[2026-06-18T01:37:05.916+0000][14942.707s][info][gc,marking    ] GC(1012) Concurrent Scan Root Regions
[2026-06-18T01:37:05.917+0000][14942.708s][info][gc,marking    ] GC(1012) Concurrent Scan Root Regions 1.121ms
[2026-06-18T01:37:05.917+0000][14942.708s][info][gc,marking    ] GC(1012) Concurrent Mark (14942.708s)
[2026-06-18T01:37:05.917+0000][14942.708s][info][gc,marking    ] GC(1012) Concurrent Mark From Roots
[2026-06-18T01:37:05.918+0000][14942.708s][info][gc,task       ] GC(1012) Using 3 workers of 3 for marking
[2026-06-18T01:37:05.923+0000][14942.713s][info][gc,marking    ] GC(1012) Concurrent Mark From Roots 5.630ms
[2026-06-18T01:37:05.923+0000][14942.714s][info][gc,marking    ] GC(1012) Concurrent Preclean
[2026-06-18T01:37:05.923+0000][14942.714s][info][gc,marking    ] GC(1012) Concurrent Preclean 0.198ms
[2026-06-18T01:37:05.924+0000][14942.714s][info][gc,marking    ] GC(1012) Concurrent Mark (14942.708s, 14942.714s) 6.149ms
[2026-06-18T01:37:05.924+0000][14942.714s][info][gc,start      ] GC(1012) Pause Remark
[2026-06-18T01:37:05.927+0000][14942.717s][info][gc,stringtable] GC(1012) Cleaned string and symbol table, strings: 17448 processed, 0 removed, symbols: 125076 processed, 0 removed
[2026-06-18T01:37:05.927+0000][14942.717s][info][gc            ] GC(1012) Pause Remark 208M->207M(512M) 3.009ms
[2026-06-18T01:37:05.927+0000][14942.717s][info][gc,cpu        ] GC(1012) User=0.03s Sys=0.00s Real=0.00s
[2026-06-18T01:37:05.927+0000][14942.717s][info][gc,marking    ] GC(1012) Concurrent Rebuild Remembered Sets
[2026-06-18T01:37:05.931+0000][14942.722s][info][gc,marking    ] GC(1012) Concurrent Rebuild Remembered Sets 4.125ms
[2026-06-18T01:37:05.932+0000][14942.722s][info][gc,start      ] GC(1012) Pause Cleanup
[2026-06-18T01:37:05.932+0000][14942.722s][info][gc            ] GC(1012) Pause Cleanup 207M->207M(512M) 0.221ms
[2026-06-18T01:37:05.932+0000][14942.722s][info][gc,cpu        ] GC(1012) User=0.00s Sys=0.00s Real=0.00s
[2026-06-18T01:37:05.932+0000][14942.722s][info][gc,marking    ] GC(1012) Concurrent Cleanup for Next Mark
[2026-06-18T01:37:05.932+0000][14942.723s][info][gc,marking    ] GC(1012) Concurrent Cleanup for Next Mark 0.259ms
[2026-06-18T01:37:05.932+0000][14942.723s][info][gc            ] GC(1012) Concurrent Cycle 16.551ms
[2026-06-18T01:37:07.113+0000][14943.903s][info][gc,start      ] GC(1013) Pause Young (Prepare Mixed) (G1 Evacuation Pause)
[2026-06-18T01:37:07.113+0000][14943.903s][info][gc,task       ] GC(1013) Using 13 workers of 13 for evacuation
[2026-06-18T01:37:07.115+0000][14943.905s][info][gc,phases     ] GC(1013)   Pre Evacuate Collection Set: 0.0ms
[2026-06-18T01:37:07.115+0000][14943.905s][info][gc,phases     ] GC(1013)   Evacuate Collection Set: 1.4ms
[2026-06-18T01:37:07.115+0000][14943.906s][info][gc,phases     ] GC(1013)   Post Evacuate Collection Set: 0.3ms
[2026-06-18T01:37:07.115+0000][14943.906s][info][gc,phases     ] GC(1013)   Other: 0.3ms
[2026-06-18T01:37:07.115+0000][14943.906s][info][gc,heap       ] GC(1013) Eden regions: 213->0(22)
[2026-06-18T01:37:07.115+0000][14943.906s][info][gc,heap       ] GC(1013) Survivor regions: 8->3(28)
[2026-06-18T01:37:07.115+0000][14943.906s][info][gc,heap       ] GC(1013) Old regions: 49->49
[2026-06-18T01:37:07.116+0000][14943.906s][info][gc,heap       ] GC(1013) Humongous regions: 147->147
[2026-06-18T01:37:07.116+0000][14943.906s][info][gc,metaspace  ] GC(1013) Metaspace: 52796K(55552K)->52796K(55552K) NonClass: 46864K(48384K)->46864K(48384K) Class: 5932K(7168K)->5932K(7168K)
[2026-06-18T01:37:07.116+0000][14943.906s][info][gc            ] GC(1013) Pause Young (Prepare Mixed) (G1 Evacuation Pause) 416M->198M(512M) 2.706ms
[2026-06-18T01:37:07.116+0000][14943.906s][info][gc,cpu        ] GC(1013) User=0.01s Sys=0.00s Real=0.00s
[2026-06-18T01:37:07.231+0000][14944.021s][info][gc,start      ] GC(1014) Pause Young (Mixed) (G1 Evacuation Pause)
[2026-06-18T01:37:07.231+0000][14944.021s][info][gc,task       ] GC(1014) Using 13 workers of 13 for evacuation
[2026-06-18T01:37:07.233+0000][14944.023s][info][gc,phases     ] GC(1014)   Pre Evacuate Collection Set: 0.0ms
[2026-06-18T01:37:07.233+0000][14944.023s][info][gc,phases     ] GC(1014)   Evacuate Collection Set: 1.3ms
[2026-06-18T01:37:07.233+0000][14944.024s][info][gc,phases     ] GC(1014)   Post Evacuate Collection Set: 0.3ms
[2026-06-18T01:37:07.233+0000][14944.024s][info][gc,phases     ] GC(1014)   Other: 0.4ms
[2026-06-18T01:37:07.233+0000][14944.024s][info][gc,heap       ] GC(1014) Eden regions: 22->0(225)
[2026-06-18T01:37:07.233+0000][14944.024s][info][gc,heap       ] GC(1014) Survivor regions: 3->4(4)
[2026-06-18T01:37:07.233+0000][14944.024s][info][gc,heap       ] GC(1014) Old regions: 49->46
[2026-06-18T01:37:07.233+0000][14944.024s][info][gc,heap       ] GC(1014) Humongous regions: 147->147
[2026-06-18T01:37:07.234+0000][14944.024s][info][gc,metaspace  ] GC(1014) Metaspace: 52796K(55552K)->52796K(55552K) NonClass: 46864K(48384K)->46864K(48384K) Class: 5932K(7168K)->5932K(7168K)
[2026-06-18T01:37:07.234+0000][14944.024s][info][gc            ] GC(1014) Pause Young (Mixed) (G1 Evacuation Pause) 220M->195M(512M) 2.594ms
[2026-06-18T01:37:07.234+0000][14944.024s][info][gc,cpu        ] GC(1014) User=0.02s Sys=0.00s Real=0.01s
[2026-06-18T01:37:08.356+0000][14945.146s][info][gc,start      ] GC(1015) Pause Young (Concurrent Start) (G1 Evacuation Pause)
[2026-06-18T01:37:08.356+0000][14945.146s][info][gc,task       ] GC(1015) Using 13 workers of 13 for evacuation
[2026-06-18T01:37:08.361+0000][14945.152s][info][gc,phases     ] GC(1015)   Pre Evacuate Collection Set: 0.3ms
[2026-06-18T01:37:08.362+0000][14945.152s][info][gc,phases     ] GC(1015)   Evacuate Collection Set: 4.6ms
[2026-06-18T01:37:08.362+0000][14945.152s][info][gc,phases     ] GC(1015)   Post Evacuate Collection Set: 0.3ms
[2026-06-18T01:37:08.362+0000][14945.152s][info][gc,phases     ] GC(1015)   Other: 0.3ms
[2026-06-18T01:37:08.362+0000][14945.152s][info][gc,heap       ] GC(1015) Eden regions: 225->0(226)
[2026-06-18T01:37:08.362+0000][14945.152s][info][gc,heap       ] GC(1015) Survivor regions: 4->7(29)
[2026-06-18T01:37:08.362+0000][14945.152s][info][gc,heap       ] GC(1015) Old regions: 46->46
[2026-06-18T01:37:08.362+0000][14945.152s][info][gc,heap       ] GC(1015) Humongous regions: 147->147
[2026-06-18T01:37:08.362+0000][14945.152s][info][gc,metaspace  ] GC(1015) Metaspace: 52796K(55552K)->52796K(55552K) NonClass: 46864K(48384K)->46864K(48384K) Class: 5932K(7168K)->5932K(7168K)
[2026-06-18T01:37:08.362+0000][14945.152s][info][gc            ] GC(1015) Pause Young (Concurrent Start) (G1 Evacuation Pause) 420M->198M(512M) 6.070ms
[2026-06-18T01:37:08.362+0000][14945.152s][info][gc,cpu        ] GC(1015) User=0.06s Sys=0.00s Real=0.00s
[2026-06-18T01:37:08.362+0000][14945.152s][info][gc            ] GC(1016) Concurrent Cycle
[2026-06-18T01:37:08.362+0000][14945.153s][info][gc,marking    ] GC(1016) Concurrent Clear Claimed Marks
[2026-06-18T01:37:08.362+0000][14945.153s][info][gc,marking    ] GC(1016) Concurrent Clear Claimed Marks 0.238ms
[2026-06-18T01:37:08.362+0000][14945.153s][info][gc,marking    ] GC(1016) Concurrent Scan Root Regions
[2026-06-18T01:37:08.363+0000][14945.154s][info][gc,marking    ] GC(1016) Concurrent Scan Root Regions 1.009ms
[2026-06-18T01:37:08.364+0000][14945.154s][info][gc,marking    ] GC(1016) Concurrent Mark (14945.154s)
[2026-06-18T01:37:08.364+0000][14945.154s][info][gc,marking    ] GC(1016) Concurrent Mark From Roots
[2026-06-18T01:37:08.364+0000][14945.154s][info][gc,task       ] GC(1016) Using 3 workers of 3 for marking
[2026-06-18T01:37:08.370+0000][14945.161s][info][gc,marking    ] GC(1016) Concurrent Mark From Roots 6.388ms
[2026-06-18T01:37:08.370+0000][14945.161s][info][gc,marking    ] GC(1016) Concurrent Preclean
[2026-06-18T01:37:08.371+0000][14945.161s][info][gc,marking    ] GC(1016) Concurrent Preclean 0.240ms
[2026-06-18T01:37:08.371+0000][14945.161s][info][gc,marking    ] GC(1016) Concurrent Mark (14945.154s, 14945.161s) 6.966ms
[2026-06-18T01:37:08.371+0000][14945.161s][info][gc,start      ] GC(1016) Pause Remark
[2026-06-18T01:37:08.374+0000][14945.164s][info][gc,stringtable] GC(1016) Cleaned string and symbol table, strings: 17459 processed, 0 removed, symbols: 125076 processed, 0 removed
[2026-06-18T01:37:08.374+0000][14945.165s][info][gc            ] GC(1016) Pause Remark 202M->202M(512M) 3.157ms
[2026-06-18T01:37:08.374+0000][14945.165s][info][gc,cpu        ] GC(1016) User=0.02s Sys=0.00s Real=0.01s
[2026-06-18T01:37:08.374+0000][14945.165s][info][gc,marking    ] GC(1016) Concurrent Rebuild Remembered Sets
[2026-06-18T01:37:08.379+0000][14945.169s][info][gc,marking    ] GC(1016) Concurrent Rebuild Remembered Sets 4.284ms
[2026-06-18T01:37:08.379+0000][14945.169s][info][gc,start      ] GC(1016) Pause Cleanup
[2026-06-18T01:37:08.379+0000][14945.169s][info][gc            ] GC(1016) Pause Cleanup 203M->203M(512M) 0.193ms
[2026-06-18T01:37:08.379+0000][14945.170s][info][gc,cpu        ] GC(1016) User=0.00s Sys=0.00s Real=0.00s
[2026-06-18T01:37:08.379+0000][14945.170s][info][gc,marking    ] GC(1016) Concurrent Cleanup for Next Mark
[2026-06-18T01:37:08.379+0000][14945.170s][info][gc,marking    ] GC(1016) Concurrent Cleanup for Next Mark 0.195ms
[2026-06-18T01:37:08.380+0000][14945.170s][info][gc            ] GC(1016) Concurrent Cycle 17.478ms
[2026-06-18T01:37:56.650+0000][14993.441s][info][gc,start      ] GC(1017) Pause Young (Prepare Mixed) (G1 Evacuation Pause)
[2026-06-18T01:37:56.650+0000][14993.441s][info][gc,task       ] GC(1017) Using 13 workers of 13 for evacuation
[2026-06-18T01:37:56.655+0000][14993.445s][info][gc,phases     ] GC(1017)   Pre Evacuate Collection Set: 0.0ms
[2026-06-18T01:37:56.655+0000][14993.445s][info][gc,phases     ] GC(1017)   Evacuate Collection Set: 4.0ms
[2026-06-18T01:37:56.655+0000][14993.445s][info][gc,phases     ] GC(1017)   Post Evacuate Collection Set: 0.3ms
[2026-06-18T01:37:56.655+0000][14993.445s][info][gc,phases     ] GC(1017)   Other: 0.3ms
[2026-06-18T01:37:56.655+0000][14993.446s][info][gc,heap       ] GC(1017) Eden regions: 226->0(21)
[2026-06-18T01:37:56.655+0000][14993.446s][info][gc,heap       ] GC(1017) Survivor regions: 7->4(30)
[2026-06-18T01:37:56.655+0000][14993.446s][info][gc,heap       ] GC(1017) Old regions: 46->46
[2026-06-18T01:37:56.655+0000][14993.446s][info][gc,heap       ] GC(1017) Humongous regions: 147->147
[2026-06-18T01:37:56.655+0000][14993.446s][info][gc,metaspace  ] GC(1017) Metaspace: 52797K(55552K)->52797K(55552K) NonClass: 46864K(48384K)->46864K(48384K) Class: 5932K(7168K)->5932K(7168K)
[2026-06-18T01:37:56.656+0000][14993.446s][info][gc            ] GC(1017) Pause Young (Prepare Mixed) (G1 Evacuation Pause) 424M->195M(512M) 5.246ms
[2026-06-18T01:37:56.656+0000][14993.446s][info][gc,cpu        ] GC(1017) User=0.06s Sys=0.00s Real=0.01s
[2026-06-18T01:37:56.787+0000][14993.577s][info][gc,start      ] GC(1018) Pause Young (Mixed) (G1 Evacuation Pause)
[2026-06-18T01:37:56.787+0000][14993.577s][info][gc,task       ] GC(1018) Using 13 workers of 13 for evacuation
[2026-06-18T01:37:56.789+0000][14993.579s][info][gc,phases     ] GC(1018)   Pre Evacuate Collection Set: 0.0ms
[2026-06-18T01:37:56.789+0000][14993.579s][info][gc,phases     ] GC(1018)   Evacuate Collection Set: 1.7ms
[2026-06-18T01:37:56.789+0000][14993.579s][info][gc,phases     ] GC(1018)   Post Evacuate Collection Set: 0.3ms
[2026-06-18T01:37:56.789+0000][14993.580s][info][gc,phases     ] GC(1018)   Other: 0.3ms
[2026-06-18T01:37:56.789+0000][14993.580s][info][gc,heap       ] GC(1018) Eden regions: 21->0(234)
[2026-06-18T01:37:56.789+0000][14993.580s][info][gc,heap       ] GC(1018) Survivor regions: 4->4(4)
[2026-06-18T01:37:56.789+0000][14993.580s][info][gc,heap       ] GC(1018) Old regions: 46->46
[2026-06-18T01:37:56.789+0000][14993.580s][info][gc,heap       ] GC(1018) Humongous regions: 147->147
[2026-06-18T01:37:56.789+0000][14993.580s][info][gc,metaspace  ] GC(1018) Metaspace: 52797K(55552K)->52797K(55552K) NonClass: 46864K(48384K)->46864K(48384K) Class: 5932K(7168K)->5932K(7168K)
[2026-06-18T01:37:56.790+0000][14993.580s][info][gc            ] GC(1018) Pause Young (Mixed) (G1 Evacuation Pause) 216M->195M(512M) 2.820ms
[2026-06-18T01:37:56.790+0000][14993.580s][info][gc,cpu        ] GC(1018) User=0.02s Sys=0.00s Real=0.00s
[2026-06-18T01:37:58.302+0000][14995.092s][info][gc,start      ] GC(1019) Pause Young (Normal) (G1 Evacuation Pause)
[2026-06-18T01:37:58.302+0000][14995.092s][info][gc,task       ] GC(1019) Using 13 workers of 13 for evacuation
[2026-06-18T01:37:58.304+0000][14995.095s][info][gc,phases     ] GC(1019)   Pre Evacuate Collection Set: 0.0ms
[2026-06-18T01:37:58.305+0000][14995.095s][info][gc,phases     ] GC(1019)   Evacuate Collection Set: 1.9ms
[2026-06-18T01:37:58.305+0000][14995.095s][info][gc,phases     ] GC(1019)   Post Evacuate Collection Set: 0.3ms
[2026-06-18T01:37:58.305+0000][14995.095s][info][gc,phases     ] GC(1019)   Other: 0.4ms
[2026-06-18T01:37:58.305+0000][14995.095s][info][gc,heap       ] GC(1019) Eden regions: 234->0(234)
[2026-06-18T01:37:58.305+0000][14995.095s][info][gc,heap       ] GC(1019) Survivor regions: 4->7(30)
[2026-06-18T01:37:58.305+0000][14995.095s][info][gc,heap       ] GC(1019) Old regions: 46->46
[2026-06-18T01:37:58.305+0000][14995.095s][info][gc,heap       ] GC(1019) Humongous regions: 147->147
[2026-06-18T01:37:58.305+0000][14995.095s][info][gc,metaspace  ] GC(1019) Metaspace: 52797K(55552K)->52797K(55552K) NonClass: 46864K(48384K)->46864K(48384K) Class: 5932K(7168K)->5932K(7168K)
[2026-06-18T01:37:58.305+0000][14995.095s][info][gc            ] GC(1019) Pause Young (Normal) (G1 Evacuation Pause) 429M->198M(512M) 3.080ms
[2026-06-18T01:37:58.305+0000][14995.095s][info][gc,cpu        ] GC(1019) User=0.02s Sys=0.00s Real=0.01s
[2026-06-18T01:37:59.650+0000][14996.441s][info][gc,start      ] GC(1020) Pause Young (Normal) (G1 Evacuation Pause)
[2026-06-18T01:37:59.650+0000][14996.441s][info][gc,task       ] GC(1020) Using 13 workers of 13 for evacuation
[2026-06-18T01:37:59.653+0000][14996.443s][info][gc,phases     ] GC(1020)   Pre Evacuate Collection Set: 0.0ms
[2026-06-18T01:37:59.653+0000][14996.444s][info][gc,phases     ] GC(1020)   Evacuate Collection Set: 2.1ms
[2026-06-18T01:37:59.653+0000][14996.444s][info][gc,phases     ] GC(1020)   Post Evacuate Collection Set: 0.4ms
[2026-06-18T01:37:59.653+0000][14996.444s][info][gc,phases     ] GC(1020)   Other: 0.3ms
[2026-06-18T01:37:59.653+0000][14996.444s][info][gc,heap       ] GC(1020) Eden regions: 234->0(241)
[2026-06-18T01:37:59.654+0000][14996.444s][info][gc,heap       ] GC(1020) Survivor regions: 7->3(31)
[2026-06-18T01:37:59.654+0000][14996.444s][info][gc,heap       ] GC(1020) Old regions: 46->46
[2026-06-18T01:37:59.654+0000][14996.444s][info][gc,heap       ] GC(1020) Humongous regions: 147->147
[2026-06-18T01:37:59.654+0000][14996.444s][info][gc,metaspace  ] GC(1020) Metaspace: 52797K(55552K)->52797K(55552K) NonClass: 46864K(48384K)->46864K(48384K) Class: 5932K(7168K)->5932K(7168K)
[2026-06-18T01:37:59.654+0000][14996.444s][info][gc            ] GC(1020) Pause Young (Normal) (G1 Evacuation Pause) 432M->195M(512M) 3.451ms
[2026-06-18T01:37:59.654+0000][14996.444s][info][gc,cpu        ] GC(1020) User=0.02s Sys=0.00s Real=0.01s
[2026-06-18T01:38:00.885+0000][14997.676s][info][gc,start      ] GC(1021) Pause Young (Concurrent Start) (G1 Evacuation Pause)
[2026-06-18T01:38:00.886+0000][14997.676s][info][gc,task       ] GC(1021) Using 13 workers of 13 for evacuation
[2026-06-18T01:38:00.888+0000][14997.679s][info][gc,phases     ] GC(1021)   Pre Evacuate Collection Set: 0.3ms
[2026-06-18T01:38:00.888+0000][14997.679s][info][gc,phases     ] GC(1021)   Evacuate Collection Set: 2.0ms
[2026-06-18T01:38:00.889+0000][14997.679s][info][gc,phases     ] GC(1021)   Post Evacuate Collection Set: 0.4ms
[2026-06-18T01:38:00.889+0000][14997.679s][info][gc,phases     ] GC(1021)   Other: 0.4ms
[2026-06-18T01:38:00.889+0000][14997.679s][info][gc,heap       ] GC(1021) Eden regions: 241->0(239)
[2026-06-18T01:38:00.889+0000][14997.679s][info][gc,heap       ] GC(1021) Survivor regions: 3->7(31)
[2026-06-18T01:38:00.889+0000][14997.679s][info][gc,heap       ] GC(1021) Old regions: 46->46
[2026-06-18T01:38:00.889+0000][14997.679s][info][gc,heap       ] GC(1021) Humongous regions: 147->147
[2026-06-18T01:38:00.889+0000][14997.679s][info][gc,metaspace  ] GC(1021) Metaspace: 52797K(55552K)->52797K(55552K) NonClass: 46864K(48384K)->46864K(48384K) Class: 5932K(7168K)->5932K(7168K)
[2026-06-18T01:38:00.889+0000][14997.679s][info][gc            ] GC(1021) Pause Young (Concurrent Start) (G1 Evacuation Pause) 436M->198M(512M) 3.616ms
[2026-06-18T01:38:00.889+0000][14997.679s][info][gc,cpu        ] GC(1021) User=0.02s Sys=0.00s Real=0.00s
[2026-06-18T01:38:00.889+0000][14997.680s][info][gc            ] GC(1022) Concurrent Cycle
[2026-06-18T01:38:00.889+0000][14997.680s][info][gc,marking    ] GC(1022) Concurrent Clear Claimed Marks
[2026-06-18T01:38:00.889+0000][14997.680s][info][gc,marking    ] GC(1022) Concurrent Clear Claimed Marks 0.278ms
[2026-06-18T01:38:00.890+0000][14997.680s][info][gc,marking    ] GC(1022) Concurrent Scan Root Regions
[2026-06-18T01:38:00.891+0000][14997.681s][info][gc,marking    ] GC(1022) Concurrent Scan Root Regions 1.310ms
[2026-06-18T01:38:00.891+0000][14997.681s][info][gc,marking    ] GC(1022) Concurrent Mark (14997.681s)
[2026-06-18T01:38:00.891+0000][14997.681s][info][gc,marking    ] GC(1022) Concurrent Mark From Roots
[2026-06-18T01:38:00.891+0000][14997.681s][info][gc,task       ] GC(1022) Using 3 workers of 3 for marking
[2026-06-18T01:38:00.897+0000][14997.687s][info][gc,marking    ] GC(1022) Concurrent Mark From Roots 6.003ms
[2026-06-18T01:38:00.897+0000][14997.687s][info][gc,marking    ] GC(1022) Concurrent Preclean
[2026-06-18T01:38:00.897+0000][14997.688s][info][gc,marking    ] GC(1022) Concurrent Preclean 0.182ms
[2026-06-18T01:38:00.897+0000][14997.688s][info][gc,marking    ] GC(1022) Concurrent Mark (14997.681s, 14997.688s) 6.433ms
[2026-06-18T01:38:00.898+0000][14997.688s][info][gc,start      ] GC(1022) Pause Remark
[2026-06-18T01:38:00.900+0000][14997.690s][info][gc,stringtable] GC(1022) Cleaned string and symbol table, strings: 17461 processed, 0 removed, symbols: 125076 processed, 0 removed
[2026-06-18T01:38:00.900+0000][14997.691s][info][gc            ] GC(1022) Pause Remark 203M->203M(512M) 2.858ms
[2026-06-18T01:38:00.901+0000][14997.691s][info][gc,cpu        ] GC(1022) User=0.03s Sys=0.00s Real=0.00s
[2026-06-18T01:38:00.901+0000][14997.691s][info][gc,marking    ] GC(1022) Concurrent Rebuild Remembered Sets
[2026-06-18T01:38:00.906+0000][14997.696s][info][gc,marking    ] GC(1022) Concurrent Rebuild Remembered Sets 5.086ms
[2026-06-18T01:38:00.906+0000][14997.696s][info][gc,start      ] GC(1022) Pause Cleanup
[2026-06-18T01:38:00.906+0000][14997.697s][info][gc            ] GC(1022) Pause Cleanup 204M->204M(512M) 0.174ms
[2026-06-18T01:38:00.906+0000][14997.697s][info][gc,cpu        ] GC(1022) User=0.00s Sys=0.00s Real=0.00s
[2026-06-18T01:38:00.906+0000][14997.697s][info][gc,marking    ] GC(1022) Concurrent Cleanup for Next Mark
[2026-06-18T01:38:00.907+0000][14997.697s][info][gc,marking    ] GC(1022) Concurrent Cleanup for Next Mark 0.156ms
[2026-06-18T01:38:00.907+0000][14997.697s][info][gc            ] GC(1022) Concurrent Cycle 17.521ms
[2026-06-18T01:38:49.671+0000][15046.462s][info][gc,start      ] GC(1023) Pause Young (Prepare Mixed) (G1 Evacuation Pause)
[2026-06-18T01:38:49.671+0000][15046.462s][info][gc,task       ] GC(1023) Using 13 workers of 13 for evacuation
[2026-06-18T01:38:49.673+0000][15046.464s][info][gc,phases     ] GC(1023)   Pre Evacuate Collection Set: 0.0ms
[2026-06-18T01:38:49.674+0000][15046.464s][info][gc,phases     ] GC(1023)   Evacuate Collection Set: 1.6ms
[2026-06-18T01:38:49.674+0000][15046.464s][info][gc,phases     ] GC(1023)   Post Evacuate Collection Set: 0.2ms
[2026-06-18T01:38:49.674+0000][15046.464s][info][gc,phases     ] GC(1023)   Other: 0.2ms
[2026-06-18T01:38:49.674+0000][15046.464s][info][gc,heap       ] GC(1023) Eden regions: 239->0(21)
[2026-06-18T01:38:49.674+0000][15046.464s][info][gc,heap       ] GC(1023) Survivor regions: 7->4(31)
[2026-06-18T01:38:49.674+0000][15046.464s][info][gc,heap       ] GC(1023) Old regions: 46->46
[2026-06-18T01:38:49.674+0000][15046.464s][info][gc,heap       ] GC(1023) Humongous regions: 147->147
[2026-06-18T01:38:49.674+0000][15046.464s][info][gc,metaspace  ] GC(1023) Metaspace: 52797K(55552K)->52797K(55552K) NonClass: 46864K(48384K)->46864K(48384K) Class: 5932K(7168K)->5932K(7168K)
[2026-06-18T01:38:49.674+0000][15046.464s][info][gc            ] GC(1023) Pause Young (Prepare Mixed) (G1 Evacuation Pause) 437M->196M(512M) 2.387ms
[2026-06-18T01:38:49.674+0000][15046.464s][info][gc,cpu        ] GC(1023) User=0.02s Sys=0.00s Real=0.01s
[2026-06-18T01:38:49.798+0000][15046.588s][info][gc,start      ] GC(1024) Pause Young (Mixed) (G1 Evacuation Pause)
[2026-06-18T01:38:49.798+0000][15046.589s][info][gc,task       ] GC(1024) Using 13 workers of 13 for evacuation
[2026-06-18T01:38:49.801+0000][15046.592s][info][gc,phases     ] GC(1024)   Pre Evacuate Collection Set: 0.0ms
[2026-06-18T01:38:49.802+0000][15046.592s][info][gc,phases     ] GC(1024)   Evacuate Collection Set: 2.5ms
[2026-06-18T01:38:49.802+0000][15046.592s][info][gc,phases     ] GC(1024)   Post Evacuate Collection Set: 0.4ms
[2026-06-18T01:38:49.802+0000][15046.592s][info][gc,phases     ] GC(1024)   Other: 0.4ms
[2026-06-18T01:38:49.802+0000][15046.592s][info][gc,heap       ] GC(1024) Eden regions: 21->0(244)
[2026-06-18T01:38:49.802+0000][15046.592s][info][gc,heap       ] GC(1024) Survivor regions: 4->3(4)
[2026-06-18T01:38:49.802+0000][15046.592s][info][gc,heap       ] GC(1024) Old regions: 46->47
[2026-06-18T01:38:49.802+0000][15046.592s][info][gc,heap       ] GC(1024) Humongous regions: 147->147
[2026-06-18T01:38:49.802+0000][15046.592s][info][gc,metaspace  ] GC(1024) Metaspace: 52797K(55552K)->52797K(55552K) NonClass: 46864K(48384K)->46864K(48384K) Class: 5932K(7168K)->5932K(7168K)
[2026-06-18T01:38:49.802+0000][15046.592s][info][gc            ] GC(1024) Pause Young (Mixed) (G1 Evacuation Pause) 217M->195M(512M) 3.915ms
[2026-06-18T01:38:49.802+0000][15046.592s][info][gc,cpu        ] GC(1024) User=0.03s Sys=0.00s Real=0.00s
[2026-06-18T01:38:51.222+0000][15048.012s][info][gc,start      ] GC(1025) Pause Young (Normal) (G1 Evacuation Pause)
[2026-06-18T01:38:51.222+0000][15048.012s][info][gc,task       ] GC(1025) Using 13 workers of 13 for evacuation
[2026-06-18T01:38:51.227+0000][15048.017s][info][gc,phases     ] GC(1025)   Pre Evacuate Collection Set: 0.0ms
[2026-06-18T01:38:51.227+0000][15048.017s][info][gc,phases     ] GC(1025)   Evacuate Collection Set: 4.6ms
[2026-06-18T01:38:51.227+0000][15048.018s][info][gc,phases     ] GC(1025)   Post Evacuate Collection Set: 0.4ms
[2026-06-18T01:38:51.227+0000][15048.018s][info][gc,phases     ] GC(1025)   Other: 0.3ms
[2026-06-18T01:38:51.227+0000][15048.018s][info][gc,heap       ] GC(1025) Eden regions: 244->0(241)
[2026-06-18T01:38:51.227+0000][15048.018s][info][gc,heap       ] GC(1025) Survivor regions: 3->7(31)
[2026-06-18T01:38:51.227+0000][15048.018s][info][gc,heap       ] GC(1025) Old regions: 47->47
[2026-06-18T01:38:51.228+0000][15048.018s][info][gc,heap       ] GC(1025) Humongous regions: 147->147
[2026-06-18T01:38:51.228+0000][15048.018s][info][gc,metaspace  ] GC(1025) Metaspace: 52797K(55552K)->52797K(55552K) NonClass: 46864K(48384K)->46864K(48384K) Class: 5932K(7168K)->5932K(7168K)
[2026-06-18T01:38:51.228+0000][15048.018s][info][gc            ] GC(1025) Pause Young (Normal) (G1 Evacuation Pause) 439M->199M(512M) 5.847ms
[2026-06-18T01:38:51.228+0000][15048.018s][info][gc,cpu        ] GC(1025) User=0.05s Sys=0.00s Real=0.01s
[2026-06-18T01:38:52.399+0000][15049.189s][info][gc,start      ] GC(1026) Pause Young (Normal) (G1 Evacuation Pause)
[2026-06-18T01:38:52.399+0000][15049.190s][info][gc,task       ] GC(1026) Using 13 workers of 13 for evacuation
[2026-06-18T01:38:52.401+0000][15049.191s][info][gc,phases     ] GC(1026)   Pre Evacuate Collection Set: 0.0ms
[2026-06-18T01:38:52.401+0000][15049.191s][info][gc,phases     ] GC(1026)   Evacuate Collection Set: 1.1ms
[2026-06-18T01:38:52.401+0000][15049.191s][info][gc,phases     ] GC(1026)   Post Evacuate Collection Set: 0.4ms
[2026-06-18T01:38:52.401+0000][15049.192s][info][gc,phases     ] GC(1026)   Other: 0.3ms
[2026-06-18T01:38:52.401+0000][15049.192s][info][gc,heap       ] GC(1026) Eden regions: 241->0(246)
[2026-06-18T01:38:52.401+0000][15049.192s][info][gc,heap       ] GC(1026) Survivor regions: 7->3(31)
[2026-06-18T01:38:52.401+0000][15049.192s][info][gc,heap       ] GC(1026) Old regions: 47->47
[2026-06-18T01:38:52.401+0000][15049.192s][info][gc,heap       ] GC(1026) Humongous regions: 147->147
[2026-06-18T01:38:52.402+0000][15049.192s][info][gc,metaspace  ] GC(1026) Metaspace: 52797K(55552K)->52797K(55552K) NonClass: 46864K(48384K)->46864K(48384K) Class: 5932K(7168K)->5932K(7168K)
[2026-06-18T01:38:52.402+0000][15049.192s][info][gc            ] GC(1026) Pause Young (Normal) (G1 Evacuation Pause) 440M->196M(512M) 2.378ms
[2026-06-18T01:38:52.402+0000][15049.192s][info][gc,cpu        ] GC(1026) User=0.01s Sys=0.00s Real=0.00s
[2026-06-18T01:39:40.962+0000][15097.752s][info][gc,start      ] GC(1027) Pause Young (Concurrent Start) (G1 Evacuation Pause)
[2026-06-18T01:39:40.962+0000][15097.753s][info][gc,task       ] GC(1027) Using 13 workers of 13 for evacuation
[2026-06-18T01:39:40.965+0000][15097.756s][info][gc,phases     ] GC(1027)   Pre Evacuate Collection Set: 0.3ms
[2026-06-18T01:39:40.965+0000][15097.756s][info][gc,phases     ] GC(1027)   Evacuate Collection Set: 2.2ms
[2026-06-18T01:39:40.965+0000][15097.756s][info][gc,phases     ] GC(1027)   Post Evacuate Collection Set: 0.4ms
[2026-06-18T01:39:40.965+0000][15097.756s][info][gc,phases     ] GC(1027)   Other: 0.4ms
[2026-06-18T01:39:40.965+0000][15097.756s][info][gc,heap       ] GC(1027) Eden regions: 246->0(244)
[2026-06-18T01:39:40.965+0000][15097.756s][info][gc,heap       ] GC(1027) Survivor regions: 3->7(32)
[2026-06-18T01:39:40.965+0000][15097.756s][info][gc,heap       ] GC(1027) Old regions: 47->47
[2026-06-18T01:39:40.965+0000][15097.756s][info][gc,heap       ] GC(1027) Humongous regions: 147->147
[2026-06-18T01:39:40.965+0000][15097.756s][info][gc,metaspace  ] GC(1027) Metaspace: 52797K(55552K)->52797K(55552K) NonClass: 46865K(48384K)->46865K(48384K) Class: 5932K(7168K)->5932K(7168K)
[2026-06-18T01:39:40.965+0000][15097.756s][info][gc            ] GC(1027) Pause Young (Concurrent Start) (G1 Evacuation Pause) 442M->199M(512M) 3.735ms
[2026-06-18T01:39:40.965+0000][15097.756s][info][gc,cpu        ] GC(1027) User=0.02s Sys=0.00s Real=0.01s
[2026-06-18T01:39:40.966+0000][15097.756s][info][gc            ] GC(1028) Concurrent Cycle
[2026-06-18T01:39:40.966+0000][15097.756s][info][gc,marking    ] GC(1028) Concurrent Clear Claimed Marks
[2026-06-18T01:39:40.966+0000][15097.757s][info][gc,marking    ] GC(1028) Concurrent Clear Claimed Marks 0.259ms
[2026-06-18T01:39:40.966+0000][15097.757s][info][gc,marking    ] GC(1028) Concurrent Scan Root Regions
[2026-06-18T01:39:40.967+0000][15097.758s][info][gc,marking    ] GC(1028) Concurrent Scan Root Regions 1.495ms
[2026-06-18T01:39:40.968+0000][15097.758s][info][gc,marking    ] GC(1028) Concurrent Mark (15097.758s)
[2026-06-18T01:39:40.968+0000][15097.758s][info][gc,marking    ] GC(1028) Concurrent Mark From Roots
[2026-06-18T01:39:40.968+0000][15097.758s][info][gc,task       ] GC(1028) Using 3 workers of 3 for marking
[2026-06-18T01:39:40.974+0000][15097.764s][info][gc,marking    ] GC(1028) Concurrent Mark From Roots 6.001ms
[2026-06-18T01:39:40.974+0000][15097.765s][info][gc,marking    ] GC(1028) Concurrent Preclean
[2026-06-18T01:39:40.974+0000][15097.765s][info][gc,marking    ] GC(1028) Concurrent Preclean 0.272ms
[2026-06-18T01:39:40.974+0000][15097.765s][info][gc,marking    ] GC(1028) Concurrent Mark (15097.758s, 15097.765s) 6.570ms
[2026-06-18T01:39:40.974+0000][15097.765s][info][gc,start      ] GC(1028) Pause Remark
[2026-06-18T01:39:40.977+0000][15097.768s][info][gc,stringtable] GC(1028) Cleaned string and symbol table, strings: 17461 processed, 0 removed, symbols: 125076 processed, 0 removed
[2026-06-18T01:39:40.977+0000][15097.768s][info][gc            ] GC(1028) Pause Remark 203M->203M(512M) 2.884ms
[2026-06-18T01:39:40.977+0000][15097.768s][info][gc,cpu        ] GC(1028) User=0.03s Sys=0.00s Real=0.00s
[2026-06-18T01:39:40.977+0000][15097.768s][info][gc,marking    ] GC(1028) Concurrent Rebuild Remembered Sets
[2026-06-18T01:39:40.983+0000][15097.773s][info][gc,marking    ] GC(1028) Concurrent Rebuild Remembered Sets 5.171ms
[2026-06-18T01:39:40.983+0000][15097.774s][info][gc,start      ] GC(1028) Pause Cleanup
[2026-06-18T01:39:40.983+0000][15097.774s][info][gc            ] GC(1028) Pause Cleanup 204M->204M(512M) 0.191ms
[2026-06-18T01:39:40.983+0000][15097.774s][info][gc,cpu        ] GC(1028) User=0.00s Sys=0.00s Real=0.00s
[2026-06-18T01:39:40.983+0000][15097.774s][info][gc,marking    ] GC(1028) Concurrent Cleanup for Next Mark
[2026-06-18T01:39:40.983+0000][15097.774s][info][gc,marking    ] GC(1028) Concurrent Cleanup for Next Mark 0.150ms
[2026-06-18T01:39:40.983+0000][15097.774s][info][gc            ] GC(1028) Concurrent Cycle 17.876ms
[2026-06-18T01:39:42.650+0000][15099.441s][info][gc,start      ] GC(1029) Pause Young (Prepare Mixed) (G1 Evacuation Pause)
[2026-06-18T01:39:42.650+0000][15099.441s][info][gc,task       ] GC(1029) Using 13 workers of 13 for evacuation
[2026-06-18T01:39:42.653+0000][15099.444s][info][gc,phases     ] GC(1029)   Pre Evacuate Collection Set: 0.0ms
[2026-06-18T01:39:42.653+0000][15099.444s][info][gc,phases     ] GC(1029)   Evacuate Collection Set: 2.4ms
[2026-06-18T01:39:42.653+0000][15099.444s][info][gc,phases     ] GC(1029)   Post Evacuate Collection Set: 0.4ms
[2026-06-18T01:39:42.653+0000][15099.444s][info][gc,phases     ] GC(1029)   Other: 0.3ms
[2026-06-18T01:39:42.653+0000][15099.444s][info][gc,heap       ] GC(1029) Eden regions: 244->0(15)
[2026-06-18T01:39:42.653+0000][15099.444s][info][gc,heap       ] GC(1029) Survivor regions: 7->10(32)
[2026-06-18T01:39:42.654+0000][15099.444s][info][gc,heap       ] GC(1029) Old regions: 47->47
[2026-06-18T01:39:42.654+0000][15099.444s][info][gc,heap       ] GC(1029) Humongous regions: 147->147
[2026-06-18T01:39:42.654+0000][15099.444s][info][gc,metaspace  ] GC(1029) Metaspace: 52797K(55552K)->52797K(55552K) NonClass: 46865K(48384K)->46865K(48384K) Class: 5932K(7168K)->5932K(7168K)
[2026-06-18T01:39:42.654+0000][15099.444s][info][gc            ] GC(1029) Pause Young (Prepare Mixed) (G1 Evacuation Pause) 443M->202M(512M) 3.473ms
[2026-06-18T01:39:42.654+0000][15099.444s][info][gc,cpu        ] GC(1029) User=0.03s Sys=0.00s Real=0.01s
[2026-06-18T01:39:42.748+0000][15099.539s][info][gc,start      ] GC(1030) Pause Young (Mixed) (G1 Evacuation Pause)
[2026-06-18T01:39:42.749+0000][15099.540s][info][gc,task       ] GC(1030) Using 13 workers of 13 for evacuation
[2026-06-18T01:39:42.761+0000][15099.552s][info][gc,phases     ] GC(1030)   Pre Evacuate Collection Set: 0.0ms
[2026-06-18T01:39:42.762+0000][15099.552s][info][gc,phases     ] GC(1030)   Evacuate Collection Set: 12.0ms
[2026-06-18T01:39:42.762+0000][15099.552s][info][gc,phases     ] GC(1030)   Post Evacuate Collection Set: 0.4ms
[2026-06-18T01:39:42.762+0000][15099.553s][info][gc,phases     ] GC(1030)   Other: 1.3ms
[2026-06-18T01:39:42.762+0000][15099.553s][info][gc,heap       ] GC(1030) Eden regions: 15->0(240)
[2026-06-18T01:39:42.762+0000][15099.553s][info][gc,heap       ] GC(1030) Survivor regions: 10->2(4)
[2026-06-18T01:39:42.762+0000][15099.553s][info][gc,heap       ] GC(1030) Old regions: 47->54
[2026-06-18T01:39:42.762+0000][15099.553s][info][gc,heap       ] GC(1030) Humongous regions: 147->147
[2026-06-18T01:39:42.762+0000][15099.553s][info][gc,metaspace  ] GC(1030) Metaspace: 52797K(55552K)->52797K(55552K) NonClass: 46865K(48384K)->46865K(48384K) Class: 5932K(7168K)->5932K(7168K)
[2026-06-18T01:39:42.762+0000][15099.553s][info][gc            ] GC(1030) Pause Young (Mixed) (G1 Evacuation Pause) 217M->202M(512M) 14.240ms
[2026-06-18T01:39:42.762+0000][15099.553s][info][gc,cpu        ] GC(1030) User=0.12s Sys=0.00s Real=0.02s
[2026-06-18T01:39:44.035+0000][15100.826s][info][gc,start      ] GC(1031) Pause Young (Normal) (G1 Evacuation Pause)
[2026-06-18T01:39:44.035+0000][15100.826s][info][gc,task       ] GC(1031) Using 13 workers of 13 for evacuation
[2026-06-18T01:39:44.038+0000][15100.828s][info][gc,phases     ] GC(1031)   Pre Evacuate Collection Set: 0.0ms
[2026-06-18T01:39:44.038+0000][15100.828s][info][gc,phases     ] GC(1031)   Evacuate Collection Set: 1.6ms
[2026-06-18T01:39:44.038+0000][15100.829s][info][gc,phases     ] GC(1031)   Post Evacuate Collection Set: 0.3ms
[2026-06-18T01:39:44.038+0000][15100.829s][info][gc,phases     ] GC(1031)   Other: 0.3ms
[2026-06-18T01:39:44.038+0000][15100.829s][info][gc,heap       ] GC(1031) Eden regions: 240->0(240)
[2026-06-18T01:39:44.038+0000][15100.829s][info][gc,heap       ] GC(1031) Survivor regions: 2->4(31)
[2026-06-18T01:39:44.038+0000][15100.829s][info][gc,heap       ] GC(1031) Old regions: 54->54
[2026-06-18T01:39:44.038+0000][15100.829s][info][gc,heap       ] GC(1031) Humongous regions: 147->147
[2026-06-18T01:39:44.038+0000][15100.829s][info][gc,metaspace  ] GC(1031) Metaspace: 52797K(55552K)->52797K(55552K) NonClass: 46865K(48384K)->46865K(48384K) Class: 5932K(7168K)->5932K(7168K)
[2026-06-18T01:39:44.038+0000][15100.829s][info][gc            ] GC(1031) Pause Young (Normal) (G1 Evacuation Pause) 442M->204M(512M) 2.878ms
[2026-06-18T01:39:44.038+0000][15100.829s][info][gc,cpu        ] GC(1031) User=0.02s Sys=0.00s Real=0.00s
[2026-06-18T01:39:45.297+0000][15102.087s][info][gc,start      ] GC(1032) Pause Young (Normal) (G1 Evacuation Pause)
[2026-06-18T01:39:45.297+0000][15102.088s][info][gc,task       ] GC(1032) Using 13 workers of 13 for evacuation
[2026-06-18T01:39:45.299+0000][15102.090s][info][gc,phases     ] GC(1032)   Pre Evacuate Collection Set: 0.0ms
[2026-06-18T01:39:45.299+0000][15102.090s][info][gc,phases     ] GC(1032)   Evacuate Collection Set: 1.4ms
[2026-06-18T01:39:45.299+0000][15102.090s][info][gc,phases     ] GC(1032)   Post Evacuate Collection Set: 0.3ms
[2026-06-18T01:39:45.299+0000][15102.090s][info][gc,phases     ] GC(1032)   Other: 0.4ms
[2026-06-18T01:39:45.299+0000][15102.090s][info][gc,heap       ] GC(1032) Eden regions: 240->0(235)
[2026-06-18T01:39:45.299+0000][15102.090s][info][gc,heap       ] GC(1032) Survivor regions: 4->8(31)
[2026-06-18T01:39:45.299+0000][15102.090s][info][gc,heap       ] GC(1032) Old regions: 54->54
[2026-06-18T01:39:45.299+0000][15102.090s][info][gc,heap       ] GC(1032) Humongous regions: 147->147
[2026-06-18T01:39:45.299+0000][15102.090s][info][gc,metaspace  ] GC(1032) Metaspace: 52797K(55552K)->52797K(55552K) NonClass: 46865K(48384K)->46865K(48384K) Class: 5932K(7168K)->5932K(7168K)
[2026-06-18T01:39:45.299+0000][15102.090s][info][gc            ] GC(1032) Pause Young (Normal) (G1 Evacuation Pause) 444M->207M(512M) 2.585ms
[2026-06-18T01:39:45.299+0000][15102.090s][info][gc,cpu        ] GC(1032) User=0.02s Sys=0.01s Real=0.00s
[2026-06-18T01:40:33.809+0000][15150.600s][info][gc,start      ] GC(1033) Pause Young (Concurrent Start) (G1 Evacuation Pause)
[2026-06-18T01:40:33.809+0000][15150.600s][info][gc,task       ] GC(1033) Using 13 workers of 13 for evacuation
[2026-06-18T01:40:33.816+0000][15150.606s][info][gc,phases     ] GC(1033)   Pre Evacuate Collection Set: 0.3ms
[2026-06-18T01:40:33.816+0000][15150.606s][info][gc,phases     ] GC(1033)   Evacuate Collection Set: 5.3ms
[2026-06-18T01:40:33.816+0000][15150.606s][info][gc,phases     ] GC(1033)   Post Evacuate Collection Set: 0.4ms
[2026-06-18T01:40:33.816+0000][15150.606s][info][gc,phases     ] GC(1033)   Other: 0.4ms
[2026-06-18T01:40:33.816+0000][15150.606s][info][gc,heap       ] GC(1033) Eden regions: 235->0(241)
[2026-06-18T01:40:33.816+0000][15150.606s][info][gc,heap       ] GC(1033) Survivor regions: 8->4(31)
[2026-06-18T01:40:33.816+0000][15150.606s][info][gc,heap       ] GC(1033) Old regions: 54->54
[2026-06-18T01:40:33.816+0000][15150.607s][info][gc,heap       ] GC(1033) Humongous regions: 147->147
[2026-06-18T01:40:33.816+0000][15150.607s][info][gc,metaspace  ] GC(1033) Metaspace: 52797K(55552K)->52797K(55552K) NonClass: 46865K(48384K)->46865K(48384K) Class: 5932K(7168K)->5932K(7168K)
[2026-06-18T01:40:33.816+0000][15150.607s][info][gc            ] GC(1033) Pause Young (Concurrent Start) (G1 Evacuation Pause) 442M->204M(512M) 6.967ms
[2026-06-18T01:40:33.816+0000][15150.607s][info][gc,cpu        ] GC(1033) User=0.07s Sys=0.00s Real=0.01s
[2026-06-18T01:40:33.816+0000][15150.607s][info][gc            ] GC(1034) Concurrent Cycle
[2026-06-18T01:40:33.817+0000][15150.607s][info][gc,marking    ] GC(1034) Concurrent Clear Claimed Marks
[2026-06-18T01:40:33.817+0000][15150.607s][info][gc,marking    ] GC(1034) Concurrent Clear Claimed Marks 0.328ms
[2026-06-18T01:40:33.817+0000][15150.607s][info][gc,marking    ] GC(1034) Concurrent Scan Root Regions
[2026-06-18T01:40:33.818+0000][15150.609s][info][gc,marking    ] GC(1034) Concurrent Scan Root Regions 1.236ms
[2026-06-18T01:40:33.818+0000][15150.609s][info][gc,marking    ] GC(1034) Concurrent Mark (15150.609s)
[2026-06-18T01:40:33.818+0000][15150.609s][info][gc,marking    ] GC(1034) Concurrent Mark From Roots
[2026-06-18T01:40:33.819+0000][15150.609s][info][gc,task       ] GC(1034) Using 3 workers of 3 for marking
[2026-06-18T01:40:33.825+0000][15150.615s][info][gc,marking    ] GC(1034) Concurrent Mark From Roots 6.164ms
[2026-06-18T01:40:33.825+0000][15150.615s][info][gc,marking    ] GC(1034) Concurrent Preclean
[2026-06-18T01:40:33.825+0000][15150.615s][info][gc,marking    ] GC(1034) Concurrent Preclean 0.262ms
[2026-06-18T01:40:33.825+0000][15150.615s][info][gc,marking    ] GC(1034) Concurrent Mark (15150.609s, 15150.615s) 6.782ms
[2026-06-18T01:40:33.825+0000][15150.616s][info][gc,start      ] GC(1034) Pause Remark
[2026-06-18T01:40:33.828+0000][15150.618s][info][gc,stringtable] GC(1034) Cleaned string and symbol table, strings: 17461 processed, 0 removed, symbols: 125076 processed, 0 removed
[2026-06-18T01:40:33.828+0000][15150.619s][info][gc            ] GC(1034) Pause Remark 208M->205M(512M) 2.865ms
[2026-06-18T01:40:33.828+0000][15150.619s][info][gc,cpu        ] GC(1034) User=0.02s Sys=0.00s Real=0.00s
[2026-06-18T01:40:33.828+0000][15150.619s][info][gc,marking    ] GC(1034) Concurrent Rebuild Remembered Sets
[2026-06-18T01:40:33.833+0000][15150.624s][info][gc,marking    ] GC(1034) Concurrent Rebuild Remembered Sets 4.824ms
[2026-06-18T01:40:33.834+0000][15150.624s][info][gc,start      ] GC(1034) Pause Cleanup
[2026-06-18T01:40:33.834+0000][15150.624s][info][gc            ] GC(1034) Pause Cleanup 206M->206M(512M) 0.206ms
[2026-06-18T01:40:33.834+0000][15150.624s][info][gc,cpu        ] GC(1034) User=0.00s Sys=0.00s Real=0.00s
[2026-06-18T01:40:33.834+0000][15150.624s][info][gc,marking    ] GC(1034) Concurrent Cleanup for Next Mark
[2026-06-18T01:40:33.834+0000][15150.624s][info][gc,marking    ] GC(1034) Concurrent Cleanup for Next Mark 0.158ms
[2026-06-18T01:40:33.834+0000][15150.625s][info][gc            ] GC(1034) Concurrent Cycle 17.739ms
[2026-06-18T01:40:35.243+0000][15152.033s][info][gc,start      ] GC(1035) Pause Young (Prepare Mixed) (G1 Evacuation Pause)
[2026-06-18T01:40:35.243+0000][15152.033s][info][gc,task       ] GC(1035) Using 13 workers of 13 for evacuation
[2026-06-18T01:40:35.252+0000][15152.043s][info][gc,phases     ] GC(1035)   Pre Evacuate Collection Set: 0.0ms
[2026-06-18T01:40:35.252+0000][15152.043s][info][gc,phases     ] GC(1035)   Evacuate Collection Set: 8.7ms
[2026-06-18T01:40:35.252+0000][15152.043s][info][gc,phases     ] GC(1035)   Post Evacuate Collection Set: 0.3ms
[2026-06-18T01:40:35.252+0000][15152.043s][info][gc,phases     ] GC(1035)   Other: 0.3ms
[2026-06-18T01:40:35.253+0000][15152.043s][info][gc,heap       ] GC(1035) Eden regions: 241->0(18)
[2026-06-18T01:40:35.253+0000][15152.043s][info][gc,heap       ] GC(1035) Survivor regions: 4->7(31)
[2026-06-18T01:40:35.253+0000][15152.043s][info][gc,heap       ] GC(1035) Old regions: 51->51
[2026-06-18T01:40:35.253+0000][15152.043s][info][gc,heap       ] GC(1035) Humongous regions: 147->147
[2026-06-18T01:40:35.253+0000][15152.043s][info][gc,metaspace  ] GC(1035) Metaspace: 52797K(55552K)->52797K(55552K) NonClass: 46865K(48384K)->46865K(48384K) Class: 5932K(7168K)->5932K(7168K)
[2026-06-18T01:40:35.253+0000][15152.043s][info][gc            ] GC(1035) Pause Young (Prepare Mixed) (G1 Evacuation Pause) 442M->204M(512M) 9.804ms
[2026-06-18T01:40:35.253+0000][15152.043s][info][gc,cpu        ] GC(1035) User=0.08s Sys=0.00s Real=0.01s
[2026-06-18T01:40:35.337+0000][15152.128s][info][gc,start      ] GC(1036) Pause Young (Mixed) (G1 Evacuation Pause)
[2026-06-18T01:40:35.337+0000][15152.128s][info][gc,task       ] GC(1036) Using 13 workers of 13 for evacuation
[2026-06-18T01:40:35.341+0000][15152.132s][info][gc,phases     ] GC(1036)   Pre Evacuate Collection Set: 0.0ms
[2026-06-18T01:40:35.341+0000][15152.132s][info][gc,phases     ] GC(1036)   Evacuate Collection Set: 3.2ms
[2026-06-18T01:40:35.341+0000][15152.132s][info][gc,phases     ] GC(1036)   Post Evacuate Collection Set: 0.3ms
[2026-06-18T01:40:35.341+0000][15152.132s][info][gc,phases     ] GC(1036)   Other: 0.3ms
[2026-06-18T01:40:35.341+0000][15152.132s][info][gc,heap       ] GC(1036) Eden regions: 18->0(243)
[2026-06-18T01:40:35.342+0000][15152.132s][info][gc,heap       ] GC(1036) Survivor regions: 7->2(4)
[2026-06-18T01:40:35.342+0000][15152.132s][info][gc,heap       ] GC(1036) Old regions: 51->52
[2026-06-18T01:40:35.342+0000][15152.132s][info][gc,heap       ] GC(1036) Humongous regions: 147->147
[2026-06-18T01:40:35.342+0000][15152.132s][info][gc,metaspace  ] GC(1036) Metaspace: 52797K(55552K)->52797K(55552K) NonClass: 46865K(48384K)->46865K(48384K) Class: 5932K(7168K)->5932K(7168K)
[2026-06-18T01:40:35.342+0000][15152.132s][info][gc            ] GC(1036) Pause Young (Mixed) (G1 Evacuation Pause) 222M->200M(512M) 4.404ms
[2026-06-18T01:40:35.342+0000][15152.132s][info][gc,cpu        ] GC(1036) User=0.02s Sys=0.00s Real=0.00s
[2026-06-18T01:40:36.531+0000][15153.322s][info][gc,start      ] GC(1037) Pause Young (Normal) (G1 Evacuation Pause)
[2026-06-18T01:40:36.531+0000][15153.322s][info][gc,task       ] GC(1037) Using 13 workers of 13 for evacuation
[2026-06-18T01:40:36.533+0000][15153.324s][info][gc,phases     ] GC(1037)   Pre Evacuate Collection Set: 0.0ms
[2026-06-18T01:40:36.533+0000][15153.324s][info][gc,phases     ] GC(1037)   Evacuate Collection Set: 1.3ms
[2026-06-18T01:40:36.533+0000][15153.324s][info][gc,phases     ] GC(1037)   Post Evacuate Collection Set: 0.3ms
[2026-06-18T01:40:36.533+0000][15153.324s][info][gc,phases     ] GC(1037)   Other: 0.3ms
[2026-06-18T01:40:36.533+0000][15153.324s][info][gc,heap       ] GC(1037) Eden regions: 243->0(244)
[2026-06-18T01:40:36.534+0000][15153.324s][info][gc,heap       ] GC(1037) Survivor regions: 2->3(31)
[2026-06-18T01:40:36.534+0000][15153.324s][info][gc,heap       ] GC(1037) Old regions: 52->52
[2026-06-18T01:40:36.534+0000][15153.324s][info][gc,heap       ] GC(1037) Humongous regions: 147->147
[2026-06-18T01:40:36.534+0000][15153.324s][info][gc,metaspace  ] GC(1037) Metaspace: 52797K(55552K)->52797K(55552K) NonClass: 46865K(48384K)->46865K(48384K) Class: 5932K(7168K)->5932K(7168K)
[2026-06-18T01:40:36.534+0000][15153.324s][info][gc            ] GC(1037) Pause Young (Normal) (G1 Evacuation Pause) 443M->201M(512M) 2.503ms
[2026-06-18T01:40:36.534+0000][15153.324s][info][gc,cpu        ] GC(1037) User=0.02s Sys=0.00s Real=0.01s
[2026-06-18T01:40:37.739+0000][15154.529s][info][gc,start      ] GC(1038) Pause Young (Normal) (G1 Evacuation Pause)
[2026-06-18T01:40:37.739+0000][15154.529s][info][gc,task       ] GC(1038) Using 13 workers of 13 for evacuation
[2026-06-18T01:40:37.743+0000][15154.533s][info][gc,phases     ] GC(1038)   Pre Evacuate Collection Set: 0.0ms
[2026-06-18T01:40:37.743+0000][15154.533s][info][gc,phases     ] GC(1038)   Evacuate Collection Set: 3.3ms
[2026-06-18T01:40:37.743+0000][15154.533s][info][gc,phases     ] GC(1038)   Post Evacuate Collection Set: 0.3ms
[2026-06-18T01:40:37.743+0000][15154.533s][info][gc,phases     ] GC(1038)   Other: 0.3ms
[2026-06-18T01:40:37.743+0000][15154.533s][info][gc,heap       ] GC(1038) Eden regions: 244->0(240)
[2026-06-18T01:40:37.743+0000][15154.533s][info][gc,heap       ] GC(1038) Survivor regions: 3->7(31)
[2026-06-18T01:40:37.743+0000][15154.533s][info][gc,heap       ] GC(1038) Old regions: 52->52
[2026-06-18T01:40:37.743+0000][15154.533s][info][gc,heap       ] GC(1038) Humongous regions: 147->147
[2026-06-18T01:40:37.743+0000][15154.534s][info][gc,metaspace  ] GC(1038) Metaspace: 52797K(55552K)->52797K(55552K) NonClass: 46865K(48384K)->46865K(48384K) Class: 5932K(7168K)->5932K(7168K)
[2026-06-18T01:40:37.743+0000][15154.534s][info][gc            ] GC(1038) Pause Young (Normal) (G1 Evacuation Pause) 445M->205M(512M) 4.391ms
[2026-06-18T01:40:37.743+0000][15154.534s][info][gc,cpu        ] GC(1038) User=0.04s Sys=0.01s Real=0.01s
[2026-06-18T01:41:26.484+0000][15203.274s][info][gc,start      ] GC(1039) Pause Young (Concurrent Start) (G1 Evacuation Pause)
[2026-06-18T01:41:26.484+0000][15203.274s][info][gc,task       ] GC(1039) Using 13 workers of 13 for evacuation
[2026-06-18T01:41:26.491+0000][15203.281s][info][gc,phases     ] GC(1039)   Pre Evacuate Collection Set: 0.3ms
[2026-06-18T01:41:26.491+0000][15203.281s][info][gc,phases     ] GC(1039)   Evacuate Collection Set: 6.0ms
[2026-06-18T01:41:26.491+0000][15203.281s][info][gc,phases     ] GC(1039)   Post Evacuate Collection Set: 0.4ms
[2026-06-18T01:41:26.491+0000][15203.281s][info][gc,phases     ] GC(1039)   Other: 0.4ms
[2026-06-18T01:41:26.491+0000][15203.282s][info][gc,heap       ] GC(1039) Eden regions: 240->0(244)
[2026-06-18T01:41:26.491+0000][15203.282s][info][gc,heap       ] GC(1039) Survivor regions: 7->4(31)
[2026-06-18T01:41:26.491+0000][15203.282s][info][gc,heap       ] GC(1039) Old regions: 52->52
[2026-06-18T01:41:26.491+0000][15203.282s][info][gc,heap       ] GC(1039) Humongous regions: 147->147
[2026-06-18T01:41:26.491+0000][15203.282s][info][gc,metaspace  ] GC(1039) Metaspace: 52798K(55552K)->52798K(55552K) NonClass: 46866K(48384K)->46866K(48384K) Class: 5932K(7168K)->5932K(7168K)
[2026-06-18T01:41:26.491+0000][15203.282s][info][gc            ] GC(1039) Pause Young (Concurrent Start) (G1 Evacuation Pause) 445M->201M(512M) 7.679ms
[2026-06-18T01:41:26.492+0000][15203.282s][info][gc,cpu        ] GC(1039) User=0.06s Sys=0.00s Real=0.00s
[2026-06-18T01:41:26.492+0000][15203.282s][info][gc            ] GC(1040) Concurrent Cycle
[2026-06-18T01:41:26.492+0000][15203.282s][info][gc,marking    ] GC(1040) Concurrent Clear Claimed Marks
[2026-06-18T01:41:26.492+0000][15203.282s][info][gc,marking    ] GC(1040) Concurrent Clear Claimed Marks 0.238ms
[2026-06-18T01:41:26.492+0000][15203.282s][info][gc,marking    ] GC(1040) Concurrent Scan Root Regions
[2026-06-18T01:41:26.493+0000][15203.284s][info][gc,marking    ] GC(1040) Concurrent Scan Root Regions 1.070ms
[2026-06-18T01:41:26.493+0000][15203.284s][info][gc,marking    ] GC(1040) Concurrent Mark (15203.284s)
[2026-06-18T01:41:26.493+0000][15203.284s][info][gc,marking    ] GC(1040) Concurrent Mark From Roots
[2026-06-18T01:41:26.493+0000][15203.284s][info][gc,task       ] GC(1040) Using 3 workers of 3 for marking
[2026-06-18T01:41:26.499+0000][15203.289s][info][gc,marking    ] GC(1040) Concurrent Mark From Roots 5.756ms
[2026-06-18T01:41:26.499+0000][15203.290s][info][gc,marking    ] GC(1040) Concurrent Preclean
[2026-06-18T01:41:26.499+0000][15203.290s][info][gc,marking    ] GC(1040) Concurrent Preclean 0.238ms
[2026-06-18T01:41:26.500+0000][15203.290s][info][gc,marking    ] GC(1040) Concurrent Mark (15203.284s, 15203.290s) 6.269ms
[2026-06-18T01:41:26.500+0000][15203.290s][info][gc,start      ] GC(1040) Pause Remark
[2026-06-18T01:41:26.503+0000][15203.293s][info][gc,stringtable] GC(1040) Cleaned string and symbol table, strings: 17461 processed, 0 removed, symbols: 125076 processed, 0 removed
[2026-06-18T01:41:26.503+0000][15203.293s][info][gc            ] GC(1040) Pause Remark 206M->205M(512M) 3.032ms
[2026-06-18T01:41:26.503+0000][15203.293s][info][gc,cpu        ] GC(1040) User=0.02s Sys=0.00s Real=0.01s
[2026-06-18T01:41:26.503+0000][15203.293s][info][gc,marking    ] GC(1040) Concurrent Rebuild Remembered Sets
[2026-06-18T01:41:26.508+0000][15203.298s][info][gc,marking    ] GC(1040) Concurrent Rebuild Remembered Sets 4.961ms
[2026-06-18T01:41:26.508+0000][15203.299s][info][gc,start      ] GC(1040) Pause Cleanup
[2026-06-18T01:41:26.509+0000][15203.299s][info][gc            ] GC(1040) Pause Cleanup 206M->206M(512M) 0.225ms
[2026-06-18T01:41:26.509+0000][15203.299s][info][gc,cpu        ] GC(1040) User=0.00s Sys=0.00s Real=0.00s
[2026-06-18T01:41:26.509+0000][15203.299s][info][gc,marking    ] GC(1040) Concurrent Cleanup for Next Mark
[2026-06-18T01:41:26.509+0000][15203.299s][info][gc,marking    ] GC(1040) Concurrent Cleanup for Next Mark 0.146ms
[2026-06-18T01:41:26.509+0000][15203.299s][info][gc            ] GC(1040) Concurrent Cycle 17.279ms
[2026-06-18T01:41:27.766+0000][15204.556s][info][gc,start      ] GC(1041) Pause Young (Prepare Mixed) (G1 Evacuation Pause)
[2026-06-18T01:41:27.766+0000][15204.556s][info][gc,task       ] GC(1041) Using 13 workers of 13 for evacuation
[2026-06-18T01:41:27.771+0000][15204.562s][info][gc,phases     ] GC(1041)   Pre Evacuate Collection Set: 0.0ms
[2026-06-18T01:41:27.772+0000][15204.562s][info][gc,phases     ] GC(1041)   Evacuate Collection Set: 5.0ms
[2026-06-18T01:41:27.772+0000][15204.562s][info][gc,phases     ] GC(1041)   Post Evacuate Collection Set: 0.4ms
[2026-06-18T01:41:27.772+0000][15204.562s][info][gc,phases     ] GC(1041)   Other: 0.4ms
[2026-06-18T01:41:27.772+0000][15204.562s][info][gc,heap       ] GC(1041) Eden regions: 244->0(19)
[2026-06-18T01:41:27.772+0000][15204.562s][info][gc,heap       ] GC(1041) Survivor regions: 4->6(31)
[2026-06-18T01:41:27.772+0000][15204.562s][info][gc,heap       ] GC(1041) Old regions: 51->51
[2026-06-18T01:41:27.772+0000][15204.562s][info][gc,heap       ] GC(1041) Humongous regions: 147->147
[2026-06-18T01:41:27.772+0000][15204.562s][info][gc,metaspace  ] GC(1041) Metaspace: 52798K(55552K)->52798K(55552K) NonClass: 46866K(48384K)->46866K(48384K) Class: 5932K(7168K)->5932K(7168K)
[2026-06-18T01:41:27.772+0000][15204.562s][info][gc            ] GC(1041) Pause Young (Prepare Mixed) (G1 Evacuation Pause) 444M->203M(512M) 6.370ms
[2026-06-18T01:41:27.772+0000][15204.562s][info][gc,cpu        ] GC(1041) User=0.06s Sys=0.00s Real=0.00s
[2026-06-18T01:41:27.860+0000][15204.651s][info][gc,start      ] GC(1042) Pause Young (Mixed) (G1 Evacuation Pause)
[2026-06-18T01:41:27.860+0000][15204.651s][info][gc,task       ] GC(1042) Using 13 workers of 13 for evacuation
[2026-06-18T01:41:27.864+0000][15204.654s][info][gc,phases     ] GC(1042)   Pre Evacuate Collection Set: 0.0ms
[2026-06-18T01:41:27.864+0000][15204.654s][info][gc,phases     ] GC(1042)   Evacuate Collection Set: 2.8ms
[2026-06-18T01:41:27.864+0000][15204.654s][info][gc,phases     ] GC(1042)   Post Evacuate Collection Set: 0.3ms
[2026-06-18T01:41:27.864+0000][15204.654s][info][gc,phases     ] GC(1042)   Other: 0.3ms
[2026-06-18T01:41:27.864+0000][15204.654s][info][gc,heap       ] GC(1042) Eden regions: 19->0(246)
[2026-06-18T01:41:27.864+0000][15204.654s][info][gc,heap       ] GC(1042) Survivor regions: 6->2(4)
[2026-06-18T01:41:27.864+0000][15204.654s][info][gc,heap       ] GC(1042) Old regions: 51->51
[2026-06-18T01:41:27.864+0000][15204.654s][info][gc,heap       ] GC(1042) Humongous regions: 147->147
[2026-06-18T01:41:27.864+0000][15204.654s][info][gc,metaspace  ] GC(1042) Metaspace: 52798K(55552K)->52798K(55552K) NonClass: 46866K(48384K)->46866K(48384K) Class: 5932K(7168K)->5932K(7168K)
[2026-06-18T01:41:27.864+0000][15204.655s][info][gc            ] GC(1042) Pause Young (Mixed) (G1 Evacuation Pause) 222M->198M(512M) 4.057ms
[2026-06-18T01:41:27.864+0000][15204.655s][info][gc,cpu        ] GC(1042) User=0.02s Sys=0.01s Real=0.01s
[2026-06-18T01:41:29.040+0000][15205.830s][info][gc,start      ] GC(1043) Pause Young (Normal) (G1 Evacuation Pause)
[2026-06-18T01:41:29.040+0000][15205.831s][info][gc,task       ] GC(1043) Using 13 workers of 13 for evacuation
[2026-06-18T01:41:29.043+0000][15205.833s][info][gc,phases     ] GC(1043)   Pre Evacuate Collection Set: 0.0ms
[2026-06-18T01:41:29.043+0000][15205.833s][info][gc,phases     ] GC(1043)   Evacuate Collection Set: 1.8ms
[2026-06-18T01:41:29.043+0000][15205.833s][info][gc,phases     ] GC(1043)   Post Evacuate Collection Set: 0.4ms
[2026-06-18T01:41:29.043+0000][15205.833s][info][gc,phases     ] GC(1043)   Other: 0.4ms
[2026-06-18T01:41:29.043+0000][15205.833s][info][gc,heap       ] GC(1043) Eden regions: 246->0(247)
[2026-06-18T01:41:29.043+0000][15205.833s][info][gc,heap       ] GC(1043) Survivor regions: 2->2(31)
[2026-06-18T01:41:29.043+0000][15205.833s][info][gc,heap       ] GC(1043) Old regions: 51->51
[2026-06-18T01:41:29.043+0000][15205.833s][info][gc,heap       ] GC(1043) Humongous regions: 147->147
[2026-06-18T01:41:29.043+0000][15205.834s][info][gc,metaspace  ] GC(1043) Metaspace: 52798K(55552K)->52798K(55552K) NonClass: 46866K(48384K)->46866K(48384K) Class: 5932K(7168K)->5932K(7168K)
[2026-06-18T01:41:29.043+0000][15205.834s][info][gc            ] GC(1043) Pause Young (Normal) (G1 Evacuation Pause) 444M->199M(512M) 3.120ms
[2026-06-18T01:41:29.043+0000][15205.834s][info][gc,cpu        ] GC(1043) User=0.02s Sys=0.00s Real=0.01s
[2026-06-18T01:42:17.669+0000][15254.404s][info][gc,start      ] GC(1044) Pause Young (Normal) (G1 Evacuation Pause)
[2026-06-18T01:42:17.669+0000][15254.404s][info][gc,task       ] GC(1044) Using 13 workers of 13 for evacuation
[2026-06-18T01:42:17.671+0000][15254.406s][info][gc,phases     ] GC(1044)   Pre Evacuate Collection Set: 0.0ms
[2026-06-18T01:42:17.672+0000][15254.406s][info][gc,phases     ] GC(1044)   Evacuate Collection Set: 1.3ms
[2026-06-18T01:42:17.672+0000][15254.406s][info][gc,phases     ] GC(1044)   Post Evacuate Collection Set: 0.4ms
[2026-06-18T01:42:17.672+0000][15254.406s][info][gc,phases     ] GC(1044)   Other: 0.4ms
[2026-06-18T01:42:17.672+0000][15254.406s][info][gc,heap       ] GC(1044) Eden regions: 247->0(244)
[2026-06-18T01:42:17.672+0000][15254.406s][info][gc,heap       ] GC(1044) Survivor regions: 2->6(32)
[2026-06-18T01:42:17.672+0000][15254.406s][info][gc,heap       ] GC(1044) Old regions: 51->51
[2026-06-18T01:42:17.672+0000][15254.406s][info][gc,heap       ] GC(1044) Humongous regions: 147->147
[2026-06-18T01:42:17.672+0000][15254.407s][info][gc,metaspace  ] GC(1044) Metaspace: 52799K(55552K)->52799K(55552K) NonClass: 46867K(48384K)->46867K(48384K) Class: 5932K(7168K)->5932K(7168K)
[2026-06-18T01:42:17.672+0000][15254.407s][info][gc            ] GC(1044) Pause Young (Normal) (G1 Evacuation Pause) 446M->202M(512M) 2.789ms
[2026-06-18T01:42:17.672+0000][15254.407s][info][gc,cpu        ] GC(1044) User=0.02s Sys=0.01s Real=0.00s
[2026-06-18T01:42:19.161+0000][15255.895s][info][gc,start      ] GC(1045) Pause Young (Concurrent Start) (G1 Evacuation Pause)
[2026-06-18T01:42:19.161+0000][15255.895s][info][gc,task       ] GC(1045) Using 13 workers of 13 for evacuation
[2026-06-18T01:42:19.164+0000][15255.898s][info][gc,phases     ] GC(1045)   Pre Evacuate Collection Set: 0.3ms
[2026-06-18T01:42:19.164+0000][15255.898s][info][gc,phases     ] GC(1045)   Evacuate Collection Set: 2.1ms
[2026-06-18T01:42:19.164+0000][15255.898s][info][gc,phases     ] GC(1045)   Post Evacuate Collection Set: 0.4ms
[2026-06-18T01:42:19.164+0000][15255.898s][info][gc,phases     ] GC(1045)   Other: 0.4ms
[2026-06-18T01:42:19.164+0000][15255.899s][info][gc,heap       ] GC(1045) Eden regions: 244->0(238)
[2026-06-18T01:42:19.164+0000][15255.899s][info][gc,heap       ] GC(1045) Survivor regions: 6->9(32)
[2026-06-18T01:42:19.164+0000][15255.899s][info][gc,heap       ] GC(1045) Old regions: 51->51
[2026-06-18T01:42:19.164+0000][15255.899s][info][gc,heap       ] GC(1045) Humongous regions: 147->147
[2026-06-18T01:42:19.164+0000][15255.899s][info][gc,metaspace  ] GC(1045) Metaspace: 52799K(55552K)->52799K(55552K) NonClass: 46867K(48384K)->46867K(48384K) Class: 5932K(7168K)->5932K(7168K)
[2026-06-18T01:42:19.164+0000][15255.899s][info][gc            ] GC(1045) Pause Young (Concurrent Start) (G1 Evacuation Pause) 446M->206M(512M) 3.809ms
[2026-06-18T01:42:19.164+0000][15255.899s][info][gc,cpu        ] GC(1045) User=0.02s Sys=0.00s Real=0.00s
[2026-06-18T01:42:19.164+0000][15255.899s][info][gc            ] GC(1046) Concurrent Cycle
[2026-06-18T01:42:19.165+0000][15255.899s][info][gc,marking    ] GC(1046) Concurrent Clear Claimed Marks
[2026-06-18T01:42:19.165+0000][15255.899s][info][gc,marking    ] GC(1046) Concurrent Clear Claimed Marks 0.194ms
[2026-06-18T01:42:19.165+0000][15255.899s][info][gc,marking    ] GC(1046) Concurrent Scan Root Regions
[2026-06-18T01:42:19.166+0000][15255.901s][info][gc,marking    ] GC(1046) Concurrent Scan Root Regions 1.305ms
[2026-06-18T01:42:19.166+0000][15255.901s][info][gc,marking    ] GC(1046) Concurrent Mark (15255.901s)
[2026-06-18T01:42:19.166+0000][15255.901s][info][gc,marking    ] GC(1046) Concurrent Mark From Roots
[2026-06-18T01:42:19.166+0000][15255.901s][info][gc,task       ] GC(1046) Using 3 workers of 3 for marking
[2026-06-18T01:42:19.172+0000][15255.906s][info][gc,marking    ] GC(1046) Concurrent Mark From Roots 5.356ms
[2026-06-18T01:42:19.172+0000][15255.906s][info][gc,marking    ] GC(1046) Concurrent Preclean
[2026-06-18T01:42:19.172+0000][15255.906s][info][gc,marking    ] GC(1046) Concurrent Preclean 0.148ms
[2026-06-18T01:42:19.172+0000][15255.906s][info][gc,marking    ] GC(1046) Concurrent Mark (15255.901s, 15255.906s) 5.792ms
[2026-06-18T01:42:19.172+0000][15255.907s][info][gc,start      ] GC(1046) Pause Remark
[2026-06-18T01:42:19.175+0000][15255.909s][info][gc,stringtable] GC(1046) Cleaned string and symbol table, strings: 17461 processed, 0 removed, symbols: 125076 processed, 0 removed
[2026-06-18T01:42:19.175+0000][15255.910s][info][gc            ] GC(1046) Pause Remark 209M->209M(512M) 2.897ms
[2026-06-18T01:42:19.175+0000][15255.910s][info][gc,cpu        ] GC(1046) User=0.02s Sys=0.00s Real=0.00s
[2026-06-18T01:42:19.175+0000][15255.910s][info][gc,marking    ] GC(1046) Concurrent Rebuild Remembered Sets
[2026-06-18T01:42:19.179+0000][15255.914s][info][gc,marking    ] GC(1046) Concurrent Rebuild Remembered Sets 4.220ms
[2026-06-18T01:42:19.180+0000][15255.914s][info][gc,start      ] GC(1046) Pause Cleanup
[2026-06-18T01:42:19.180+0000][15255.914s][info][gc            ] GC(1046) Pause Cleanup 211M->211M(512M) 0.146ms
[2026-06-18T01:42:19.180+0000][15255.914s][info][gc,cpu        ] GC(1046) User=0.00s Sys=0.00s Real=0.00s
[2026-06-18T01:42:19.180+0000][15255.914s][info][gc,marking    ] GC(1046) Concurrent Cleanup for Next Mark
[2026-06-18T01:42:19.180+0000][15255.915s][info][gc,marking    ] GC(1046) Concurrent Cleanup for Next Mark 0.138ms
[2026-06-18T01:42:19.180+0000][15255.915s][info][gc            ] GC(1046) Concurrent Cycle 15.649ms
[2026-06-18T01:42:20.408+0000][15257.143s][info][gc,start      ] GC(1047) Pause Young (Prepare Mixed) (G1 Evacuation Pause)
[2026-06-18T01:42:20.408+0000][15257.143s][info][gc,task       ] GC(1047) Using 13 workers of 13 for evacuation
[2026-06-18T01:42:20.411+0000][15257.145s][info][gc,phases     ] GC(1047)   Pre Evacuate Collection Set: 0.0ms
[2026-06-18T01:42:20.411+0000][15257.145s][info][gc,phases     ] GC(1047)   Evacuate Collection Set: 1.8ms
[2026-06-18T01:42:20.411+0000][15257.145s][info][gc,phases     ] GC(1047)   Post Evacuate Collection Set: 0.3ms
[2026-06-18T01:42:20.411+0000][15257.145s][info][gc,phases     ] GC(1047)   Other: 0.3ms
[2026-06-18T01:42:20.411+0000][15257.145s][info][gc,heap       ] GC(1047) Eden regions: 238->0(19)
[2026-06-18T01:42:20.411+0000][15257.145s][info][gc,heap       ] GC(1047) Survivor regions: 9->6(31)
[2026-06-18T01:42:20.411+0000][15257.146s][info][gc,heap       ] GC(1047) Old regions: 51->51
[2026-06-18T01:42:20.411+0000][15257.146s][info][gc,heap       ] GC(1047) Humongous regions: 147->147
[2026-06-18T01:42:20.411+0000][15257.146s][info][gc,metaspace  ] GC(1047) Metaspace: 52799K(55552K)->52799K(55552K) NonClass: 46867K(48384K)->46867K(48384K) Class: 5932K(7168K)->5932K(7168K)
[2026-06-18T01:42:20.411+0000][15257.146s][info][gc            ] GC(1047) Pause Young (Prepare Mixed) (G1 Evacuation Pause) 444M->203M(512M) 3.081ms
[2026-06-18T01:42:20.411+0000][15257.146s][info][gc,cpu        ] GC(1047) User=0.02s Sys=0.00s Real=0.00s
[2026-06-18T01:42:20.505+0000][15257.239s][info][gc,start      ] GC(1048) Pause Young (Mixed) (G1 Evacuation Pause)
[2026-06-18T01:42:20.505+0000][15257.240s][info][gc,task       ] GC(1048) Using 13 workers of 13 for evacuation
[2026-06-18T01:42:20.515+0000][15257.249s][info][gc,phases     ] GC(1048)   Pre Evacuate Collection Set: 0.0ms
[2026-06-18T01:42:20.515+0000][15257.249s][info][gc,phases     ] GC(1048)   Evacuate Collection Set: 9.2ms
[2026-06-18T01:42:20.515+0000][15257.249s][info][gc,phases     ] GC(1048)   Post Evacuate Collection Set: 0.3ms
[2026-06-18T01:42:20.515+0000][15257.249s][info][gc,phases     ] GC(1048)   Other: 0.3ms
[2026-06-18T01:42:20.515+0000][15257.249s][info][gc,heap       ] GC(1048) Eden regions: 19->0(244)
[2026-06-18T01:42:20.515+0000][15257.250s][info][gc,heap       ] GC(1048) Survivor regions: 6->2(4)
[2026-06-18T01:42:20.515+0000][15257.250s][info][gc,heap       ] GC(1048) Old regions: 51->51
[2026-06-18T01:42:20.515+0000][15257.250s][info][gc,heap       ] GC(1048) Humongous regions: 147->147
[2026-06-18T01:42:20.515+0000][15257.250s][info][gc,metaspace  ] GC(1048) Metaspace: 52799K(55552K)->52799K(55552K) NonClass: 46867K(48384K)->46867K(48384K) Class: 5932K(7168K)->5932K(7168K)
[2026-06-18T01:42:20.515+0000][15257.250s][info][gc            ] GC(1048) Pause Young (Mixed) (G1 Evacuation Pause) 222M->198M(512M) 10.379ms
[2026-06-18T01:42:20.515+0000][15257.250s][info][gc,cpu        ] GC(1048) User=0.10s Sys=0.00s Real=0.01s
[2026-06-18T01:42:21.734+0000][15258.468s][info][gc,start      ] GC(1049) Pause Young (Normal) (G1 Evacuation Pause)
[2026-06-18T01:42:21.734+0000][15258.468s][info][gc,task       ] GC(1049) Using 13 workers of 13 for evacuation
[2026-06-18T01:42:21.735+0000][15258.470s][info][gc,phases     ] GC(1049)   Pre Evacuate Collection Set: 0.0ms
[2026-06-18T01:42:21.735+0000][15258.470s][info][gc,phases     ] GC(1049)   Evacuate Collection Set: 1.2ms
[2026-06-18T01:42:21.735+0000][15258.470s][info][gc,phases     ] GC(1049)   Post Evacuate Collection Set: 0.3ms
[2026-06-18T01:42:21.736+0000][15258.470s][info][gc,phases     ] GC(1049)   Other: 0.3ms
[2026-06-18T01:42:21.736+0000][15258.470s][info][gc,heap       ] GC(1049) Eden regions: 244->0(246)
[2026-06-18T01:42:21.736+0000][15258.470s][info][gc,heap       ] GC(1049) Survivor regions: 2->2(31)
[2026-06-18T01:42:21.736+0000][15258.470s][info][gc,heap       ] GC(1049) Old regions: 51->51
[2026-06-18T01:42:21.736+0000][15258.470s][info][gc,heap       ] GC(1049) Humongous regions: 147->147
[2026-06-18T01:42:21.736+0000][15258.470s][info][gc,metaspace  ] GC(1049) Metaspace: 52799K(55552K)->52799K(55552K) NonClass: 46867K(48384K)->46867K(48384K) Class: 5932K(7168K)->5932K(7168K)
[2026-06-18T01:42:21.736+0000][15258.470s][info][gc            ] GC(1049) Pause Young (Normal) (G1 Evacuation Pause) 442M->199M(512M) 2.333ms
[2026-06-18T01:42:21.736+0000][15258.470s][info][gc,cpu        ] GC(1049) User=0.02s Sys=0.00s Real=0.00s
[2026-06-18T01:43:10.406+0000][15307.140s][info][gc,start      ] GC(1050) Pause Young (Normal) (G1 Evacuation Pause)
[2026-06-18T01:43:10.407+0000][15307.140s][info][gc,task       ] GC(1050) Using 13 workers of 13 for evacuation
[2026-06-18T01:43:10.408+0000][15307.142s][info][gc,phases     ] GC(1050)   Pre Evacuate Collection Set: 0.0ms
[2026-06-18T01:43:10.409+0000][15307.142s][info][gc,phases     ] GC(1050)   Evacuate Collection Set: 1.4ms
[2026-06-18T01:43:10.409+0000][15307.142s][info][gc,phases     ] GC(1050)   Post Evacuate Collection Set: 0.4ms
[2026-06-18T01:43:10.409+0000][15307.142s][info][gc,phases     ] GC(1050)   Other: 0.3ms
[2026-06-18T01:43:10.409+0000][15307.142s][info][gc,heap       ] GC(1050) Eden regions: 246->0(243)
[2026-06-18T01:43:10.409+0000][15307.142s][info][gc,heap       ] GC(1050) Survivor regions: 2->6(31)
[2026-06-18T01:43:10.409+0000][15307.142s][info][gc,heap       ] GC(1050) Old regions: 51->51
[2026-06-18T01:43:10.409+0000][15307.142s][info][gc,heap       ] GC(1050) Humongous regions: 147->147
[2026-06-18T01:43:10.409+0000][15307.142s][info][gc,metaspace  ] GC(1050) Metaspace: 52799K(55552K)->52799K(55552K) NonClass: 46867K(48384K)->46867K(48384K) Class: 5932K(7168K)->5932K(7168K)
[2026-06-18T01:43:10.409+0000][15307.143s][info][gc            ] GC(1050) Pause Young (Normal) (G1 Evacuation Pause) 445M->202M(512M) 2.558ms
[2026-06-18T01:43:10.409+0000][15307.143s][info][gc,cpu        ] GC(1050) User=0.02s Sys=0.00s Real=0.00s
[2026-06-18T01:43:11.829+0000][15308.563s][info][gc,start      ] GC(1051) Pause Young (Concurrent Start) (G1 Evacuation Pause)
[2026-06-18T01:43:11.830+0000][15308.563s][info][gc,task       ] GC(1051) Using 13 workers of 13 for evacuation
[2026-06-18T01:43:11.833+0000][15308.566s][info][gc,phases     ] GC(1051)   Pre Evacuate Collection Set: 0.3ms
[2026-06-18T01:43:11.833+0000][15308.566s][info][gc,phases     ] GC(1051)   Evacuate Collection Set: 2.5ms
[2026-06-18T01:43:11.833+0000][15308.566s][info][gc,phases     ] GC(1051)   Post Evacuate Collection Set: 0.3ms
[2026-06-18T01:43:11.833+0000][15308.567s][info][gc,phases     ] GC(1051)   Other: 0.3ms
[2026-06-18T01:43:11.833+0000][15308.567s][info][gc,heap       ] GC(1051) Eden regions: 243->0(247)
[2026-06-18T01:43:11.833+0000][15308.567s][info][gc,heap       ] GC(1051) Survivor regions: 6->3(32)
[2026-06-18T01:43:11.833+0000][15308.567s][info][gc,heap       ] GC(1051) Old regions: 51->51
[2026-06-18T01:43:11.833+0000][15308.567s][info][gc,heap       ] GC(1051) Humongous regions: 147->147
[2026-06-18T01:43:11.833+0000][15308.567s][info][gc,metaspace  ] GC(1051) Metaspace: 52799K(55552K)->52799K(55552K) NonClass: 46867K(48384K)->46867K(48384K) Class: 5932K(7168K)->5932K(7168K)
[2026-06-18T01:43:11.833+0000][15308.567s][info][gc            ] GC(1051) Pause Young (Concurrent Start) (G1 Evacuation Pause) 445M->199M(512M) 4.031ms
[2026-06-18T01:43:11.834+0000][15308.567s][info][gc,cpu        ] GC(1051) User=0.03s Sys=0.00s Real=0.00s
[2026-06-18T01:43:11.834+0000][15308.567s][info][gc            ] GC(1052) Concurrent Cycle
[2026-06-18T01:43:11.834+0000][15308.567s][info][gc,marking    ] GC(1052) Concurrent Clear Claimed Marks
[2026-06-18T01:43:11.834+0000][15308.567s][info][gc,marking    ] GC(1052) Concurrent Clear Claimed Marks 0.171ms
[2026-06-18T01:43:11.834+0000][15308.567s][info][gc,marking    ] GC(1052) Concurrent Scan Root Regions
[2026-06-18T01:43:11.835+0000][15308.568s][info][gc,marking    ] GC(1052) Concurrent Scan Root Regions 0.997ms
[2026-06-18T01:43:11.835+0000][15308.569s][info][gc,marking    ] GC(1052) Concurrent Mark (15308.569s)
[2026-06-18T01:43:11.835+0000][15308.569s][info][gc,marking    ] GC(1052) Concurrent Mark From Roots
[2026-06-18T01:43:11.835+0000][15308.569s][info][gc,task       ] GC(1052) Using 3 workers of 3 for marking
[2026-06-18T01:43:11.841+0000][15308.575s][info][gc,marking    ] GC(1052) Concurrent Mark From Roots 5.972ms
[2026-06-18T01:43:11.841+0000][15308.575s][info][gc,marking    ] GC(1052) Concurrent Preclean
[2026-06-18T01:43:11.841+0000][15308.575s][info][gc,marking    ] GC(1052) Concurrent Preclean 0.252ms
[2026-06-18T01:43:11.841+0000][15308.575s][info][gc,marking    ] GC(1052) Concurrent Mark (15308.569s, 15308.575s) 6.411ms
[2026-06-18T01:43:11.842+0000][15308.575s][info][gc,start      ] GC(1052) Pause Remark
[2026-06-18T01:43:11.844+0000][15308.578s][info][gc,stringtable] GC(1052) Cleaned string and symbol table, strings: 17461 processed, 0 removed, symbols: 125076 processed, 0 removed
[2026-06-18T01:43:11.845+0000][15308.578s][info][gc            ] GC(1052) Pause Remark 203M->203M(512M) 2.904ms
[2026-06-18T01:43:11.845+0000][15308.578s][info][gc,cpu        ] GC(1052) User=0.03s Sys=0.00s Real=0.00s
[2026-06-18T01:43:11.845+0000][15308.578s][info][gc,marking    ] GC(1052) Concurrent Rebuild Remembered Sets
[2026-06-18T01:43:11.849+0000][15308.583s][info][gc,marking    ] GC(1052) Concurrent Rebuild Remembered Sets 4.641ms
[2026-06-18T01:43:11.850+0000][15308.583s][info][gc,start      ] GC(1052) Pause Cleanup
[2026-06-18T01:43:11.850+0000][15308.583s][info][gc            ] GC(1052) Pause Cleanup 204M->204M(512M) 0.181ms
[2026-06-18T01:43:11.850+0000][15308.583s][info][gc,cpu        ] GC(1052) User=0.00s Sys=0.00s Real=0.00s
[2026-06-18T01:43:11.850+0000][15308.583s][info][gc,marking    ] GC(1052) Concurrent Cleanup for Next Mark
[2026-06-18T01:43:11.850+0000][15308.584s][info][gc,marking    ] GC(1052) Concurrent Cleanup for Next Mark 0.130ms
[2026-06-18T01:43:11.850+0000][15308.584s][info][gc            ] GC(1052) Concurrent Cycle 16.547ms
[2026-06-18T01:43:13.037+0000][15309.770s][info][gc,start      ] GC(1053) Pause Young (Prepare Mixed) (G1 Evacuation Pause)
[2026-06-18T01:43:13.037+0000][15309.771s][info][gc,task       ] GC(1053) Using 13 workers of 13 for evacuation
[2026-06-18T01:43:13.042+0000][15309.775s][info][gc,phases     ] GC(1053)   Pre Evacuate Collection Set: 0.0ms
[2026-06-18T01:43:13.042+0000][15309.775s][info][gc,phases     ] GC(1053)   Evacuate Collection Set: 4.0ms
[2026-06-18T01:43:13.042+0000][15309.775s][info][gc,phases     ] GC(1053)   Post Evacuate Collection Set: 0.3ms
[2026-06-18T01:43:13.042+0000][15309.775s][info][gc,phases     ] GC(1053)   Other: 0.4ms
[2026-06-18T01:43:13.042+0000][15309.775s][info][gc,heap       ] GC(1053) Eden regions: 247->0(18)
[2026-06-18T01:43:13.042+0000][15309.775s][info][gc,heap       ] GC(1053) Survivor regions: 3->7(32)
[2026-06-18T01:43:13.042+0000][15309.776s][info][gc,heap       ] GC(1053) Old regions: 51->51
[2026-06-18T01:43:13.042+0000][15309.776s][info][gc,heap       ] GC(1053) Humongous regions: 147->147
[2026-06-18T01:43:13.042+0000][15309.776s][info][gc,metaspace  ] GC(1053) Metaspace: 52799K(55552K)->52799K(55552K) NonClass: 46867K(48384K)->46867K(48384K) Class: 5932K(7168K)->5932K(7168K)
[2026-06-18T01:43:13.042+0000][15309.776s][info][gc            ] GC(1053) Pause Young (Prepare Mixed) (G1 Evacuation Pause) 446M->203M(512M) 5.322ms
[2026-06-18T01:43:13.042+0000][15309.776s][info][gc,cpu        ] GC(1053) User=0.05s Sys=0.00s Real=0.01s
[2026-06-18T01:43:13.118+0000][15309.852s][info][gc,start      ] GC(1054) Pause Young (Mixed) (G1 Evacuation Pause)
[2026-06-18T01:43:13.122+0000][15309.855s][info][gc,task       ] GC(1054) Using 13 workers of 13 for evacuation
[2026-06-18T01:43:13.125+0000][15309.858s][info][gc,phases     ] GC(1054)   Pre Evacuate Collection Set: 0.0ms
[2026-06-18T01:43:13.125+0000][15309.859s][info][gc,phases     ] GC(1054)   Evacuate Collection Set: 2.7ms
[2026-06-18T01:43:13.125+0000][15309.859s][info][gc,phases     ] GC(1054)   Post Evacuate Collection Set: 0.3ms
[2026-06-18T01:43:13.125+0000][15309.859s][info][gc,phases     ] GC(1054)   Other: 3.9ms
[2026-06-18T01:43:13.125+0000][15309.859s][info][gc,heap       ] GC(1054) Eden regions: 18->0(247)
[2026-06-18T01:43:13.125+0000][15309.859s][info][gc,heap       ] GC(1054) Survivor regions: 7->2(4)
[2026-06-18T01:43:13.125+0000][15309.859s][info][gc,heap       ] GC(1054) Old regions: 51->51
[2026-06-18T01:43:13.125+0000][15309.859s][info][gc,heap       ] GC(1054) Humongous regions: 147->147
[2026-06-18T01:43:13.125+0000][15309.859s][info][gc,metaspace  ] GC(1054) Metaspace: 52799K(55552K)->52799K(55552K) NonClass: 46867K(48384K)->46867K(48384K) Class: 5932K(7168K)->5932K(7168K)
[2026-06-18T01:43:13.126+0000][15309.859s][info][gc            ] GC(1054) Pause Young (Mixed) (G1 Evacuation Pause) 221M->198M(512M) 7.502ms
[2026-06-18T01:43:13.126+0000][15309.859s][info][gc,cpu        ] GC(1054) User=0.03s Sys=0.00s Real=0.01s
[2026-06-18T01:44:01.483+0000][15358.216s][info][gc,start      ] GC(1055) Pause Young (Normal) (G1 Evacuation Pause)
[2026-06-18T01:44:01.483+0000][15358.216s][info][gc,task       ] GC(1055) Using 13 workers of 13 for evacuation
[2026-06-18T01:44:01.486+0000][15358.219s][info][gc,phases     ] GC(1055)   Pre Evacuate Collection Set: 0.0ms
[2026-06-18T01:44:01.486+0000][15358.219s][info][gc,phases     ] GC(1055)   Evacuate Collection Set: 2.1ms
[2026-06-18T01:44:01.486+0000][15358.219s][info][gc,phases     ] GC(1055)   Post Evacuate Collection Set: 0.4ms
[2026-06-18T01:44:01.486+0000][15358.219s][info][gc,phases     ] GC(1055)   Other: 0.4ms
[2026-06-18T01:44:01.486+0000][15358.219s][info][gc,heap       ] GC(1055) Eden regions: 247->0(247)
[2026-06-18T01:44:01.486+0000][15358.219s][info][gc,heap       ] GC(1055) Survivor regions: 2->3(32)
[2026-06-18T01:44:01.486+0000][15358.219s][info][gc,heap       ] GC(1055) Old regions: 51->51
[2026-06-18T01:44:01.486+0000][15358.219s][info][gc,heap       ] GC(1055) Humongous regions: 147->147
[2026-06-18T01:44:01.486+0000][15358.219s][info][gc,metaspace  ] GC(1055) Metaspace: 52812K(55552K)->52812K(55552K) NonClass: 46880K(48384K)->46880K(48384K) Class: 5932K(7168K)->5932K(7168K)
[2026-06-18T01:44:01.486+0000][15358.219s][info][gc            ] GC(1055) Pause Young (Normal) (G1 Evacuation Pause) 445M->199M(512M) 3.635ms
[2026-06-18T01:44:01.487+0000][15358.220s][info][gc,cpu        ] GC(1055) User=0.02s Sys=0.00s Real=0.00s
[2026-06-18T01:44:03.036+0000][15359.769s][info][gc,start      ] GC(1056) Pause Young (Normal) (G1 Evacuation Pause)
[2026-06-18T01:44:03.036+0000][15359.769s][info][gc,task       ] GC(1056) Using 13 workers of 13 for evacuation
[2026-06-18T01:44:03.038+0000][15359.771s][info][gc,phases     ] GC(1056)   Pre Evacuate Collection Set: 0.0ms
[2026-06-18T01:44:03.038+0000][15359.771s][info][gc,phases     ] GC(1056)   Evacuate Collection Set: 1.5ms
[2026-06-18T01:44:03.038+0000][15359.771s][info][gc,phases     ] GC(1056)   Post Evacuate Collection Set: 0.4ms
[2026-06-18T01:44:03.038+0000][15359.771s][info][gc,phases     ] GC(1056)   Other: 0.2ms
[2026-06-18T01:44:03.038+0000][15359.771s][info][gc,heap       ] GC(1056) Eden regions: 247->0(244)
[2026-06-18T01:44:03.038+0000][15359.771s][info][gc,heap       ] GC(1056) Survivor regions: 3->6(32)
[2026-06-18T01:44:03.038+0000][15359.771s][info][gc,heap       ] GC(1056) Old regions: 51->51
[2026-06-18T01:44:03.038+0000][15359.771s][info][gc,heap       ] GC(1056) Humongous regions: 147->147
[2026-06-18T01:44:03.038+0000][15359.771s][info][gc,metaspace  ] GC(1056) Metaspace: 52812K(55552K)->52812K(55552K) NonClass: 46880K(48384K)->46880K(48384K) Class: 5932K(7168K)->5932K(7168K)
[2026-06-18T01:44:03.038+0000][15359.771s][info][gc            ] GC(1056) Pause Young (Normal) (G1 Evacuation Pause) 446M->203M(512M) 2.544ms
[2026-06-18T01:44:03.039+0000][15359.772s][info][gc,cpu        ] GC(1056) User=0.02s Sys=0.00s Real=0.00s
[2026-06-18T01:44:04.348+0000][15361.081s][info][gc,start      ] GC(1057) Pause Young (Concurrent Start) (G1 Evacuation Pause)
[2026-06-18T01:44:04.349+0000][15361.082s][info][gc,task       ] GC(1057) Using 13 workers of 13 for evacuation
[2026-06-18T01:44:04.351+0000][15361.084s][info][gc,phases     ] GC(1057)   Pre Evacuate Collection Set: 0.3ms
[2026-06-18T01:44:04.351+0000][15361.084s][info][gc,phases     ] GC(1057)   Evacuate Collection Set: 1.4ms
[2026-06-18T01:44:04.351+0000][15361.084s][info][gc,phases     ] GC(1057)   Post Evacuate Collection Set: 0.4ms
[2026-06-18T01:44:04.351+0000][15361.084s][info][gc,phases     ] GC(1057)   Other: 0.4ms
[2026-06-18T01:44:04.351+0000][15361.084s][info][gc,heap       ] GC(1057) Eden regions: 244->0(247)
[2026-06-18T01:44:04.351+0000][15361.084s][info][gc,heap       ] GC(1057) Survivor regions: 6->4(32)
[2026-06-18T01:44:04.351+0000][15361.084s][info][gc,heap       ] GC(1057) Old regions: 51->51
[2026-06-18T01:44:04.351+0000][15361.084s][info][gc,heap       ] GC(1057) Humongous regions: 147->147
[2026-06-18T01:44:04.351+0000][15361.084s][info][gc,metaspace  ] GC(1057) Metaspace: 52819K(55552K)->52819K(55552K) NonClass: 46886K(48384K)->46886K(48384K) Class: 5932K(7168K)->5932K(7168K)
[2026-06-18T01:44:04.351+0000][15361.084s][info][gc            ] GC(1057) Pause Young (Concurrent Start) (G1 Evacuation Pause) 447M->200M(512M) 3.055ms
[2026-06-18T01:44:04.352+0000][15361.085s][info][gc,cpu        ] GC(1057) User=0.01s Sys=0.00s Real=0.01s
[2026-06-18T01:44:04.352+0000][15361.085s][info][gc            ] GC(1058) Concurrent Cycle
[2026-06-18T01:44:04.352+0000][15361.085s][info][gc,marking    ] GC(1058) Concurrent Clear Claimed Marks
[2026-06-18T01:44:04.352+0000][15361.085s][info][gc,marking    ] GC(1058) Concurrent Clear Claimed Marks 0.145ms
[2026-06-18T01:44:04.352+0000][15361.085s][info][gc,marking    ] GC(1058) Concurrent Scan Root Regions
[2026-06-18T01:44:04.353+0000][15361.086s][info][gc,marking    ] GC(1058) Concurrent Scan Root Regions 1.237ms
[2026-06-18T01:44:04.353+0000][15361.086s][info][gc,marking    ] GC(1058) Concurrent Mark (15361.086s)
[2026-06-18T01:44:04.353+0000][15361.086s][info][gc,marking    ] GC(1058) Concurrent Mark From Roots
[2026-06-18T01:44:04.353+0000][15361.086s][info][gc,task       ] GC(1058) Using 3 workers of 3 for marking
[2026-06-18T01:44:04.359+0000][15361.092s][info][gc,marking    ] GC(1058) Concurrent Mark From Roots 5.769ms
[2026-06-18T01:44:04.359+0000][15361.092s][info][gc,marking    ] GC(1058) Concurrent Preclean
[2026-06-18T01:44:04.359+0000][15361.092s][info][gc,marking    ] GC(1058) Concurrent Preclean 0.213ms
[2026-06-18T01:44:04.359+0000][15361.092s][info][gc,marking    ] GC(1058) Concurrent Mark (15361.086s, 15361.092s) 6.242ms
[2026-06-18T01:44:04.360+0000][15361.093s][info][gc,start      ] GC(1058) Pause Remark
[2026-06-18T01:44:04.362+0000][15361.095s][info][gc,stringtable] GC(1058) Cleaned string and symbol table, strings: 17461 processed, 0 removed, symbols: 125076 processed, 0 removed
[2026-06-18T01:44:04.363+0000][15361.096s][info][gc            ] GC(1058) Pause Remark 204M->204M(512M) 3.041ms
[2026-06-18T01:44:04.363+0000][15361.096s][info][gc,cpu        ] GC(1058) User=0.03s Sys=0.00s Real=0.01s
[2026-06-18T01:44:04.363+0000][15361.096s][info][gc,marking    ] GC(1058) Concurrent Rebuild Remembered Sets
[2026-06-18T01:44:04.368+0000][15361.101s][info][gc,marking    ] GC(1058) Concurrent Rebuild Remembered Sets 4.931ms
[2026-06-18T01:44:04.368+0000][15361.101s][info][gc,start      ] GC(1058) Pause Cleanup
[2026-06-18T01:44:04.368+0000][15361.101s][info][gc            ] GC(1058) Pause Cleanup 206M->206M(512M) 0.188ms
[2026-06-18T01:44:04.368+0000][15361.101s][info][gc,cpu        ] GC(1058) User=0.00s Sys=0.00s Real=0.00s
[2026-06-18T01:44:04.368+0000][15361.101s][info][gc,marking    ] GC(1058) Concurrent Cleanup for Next Mark
[2026-06-18T01:44:04.369+0000][15361.102s][info][gc,marking    ] GC(1058) Concurrent Cleanup for Next Mark 0.147ms
[2026-06-18T01:44:04.369+0000][15361.102s][info][gc            ] GC(1058) Concurrent Cycle 17.015ms
[2026-06-18T01:44:05.591+0000][15362.324s][info][gc,start      ] GC(1059) Pause Young (Prepare Mixed) (G1 Evacuation Pause)
[2026-06-18T01:44:05.591+0000][15362.324s][info][gc,task       ] GC(1059) Using 13 workers of 13 for evacuation
[2026-06-18T01:44:05.594+0000][15362.327s][info][gc,phases     ] GC(1059)   Pre Evacuate Collection Set: 0.0ms
[2026-06-18T01:44:05.595+0000][15362.328s][info][gc,phases     ] GC(1059)   Evacuate Collection Set: 2.3ms
[2026-06-18T01:44:05.595+0000][15362.328s][info][gc,phases     ] GC(1059)   Post Evacuate Collection Set: 0.5ms
[2026-06-18T01:44:05.595+0000][15362.328s][info][gc,phases     ] GC(1059)   Other: 0.5ms
[2026-06-18T01:44:05.595+0000][15362.328s][info][gc,heap       ] GC(1059) Eden regions: 247->0(17)
[2026-06-18T01:44:05.595+0000][15362.328s][info][gc,heap       ] GC(1059) Survivor regions: 4->8(32)
[2026-06-18T01:44:05.595+0000][15362.328s][info][gc,heap       ] GC(1059) Old regions: 51->51
[2026-06-18T01:44:05.595+0000][15362.328s][info][gc,heap       ] GC(1059) Humongous regions: 147->147
[2026-06-18T01:44:05.595+0000][15362.328s][info][gc,metaspace  ] GC(1059) Metaspace: 52819K(55552K)->52819K(55552K) NonClass: 46886K(48384K)->46886K(48384K) Class: 5932K(7168K)->5932K(7168K)
[2026-06-18T01:44:05.596+0000][15362.329s][info][gc            ] GC(1059) Pause Young (Prepare Mixed) (G1 Evacuation Pause) 447M->204M(512M) 4.547ms
[2026-06-18T01:44:05.596+0000][15362.329s][info][gc,cpu        ] GC(1059) User=0.03s Sys=0.00s Real=0.00s
[2026-06-18T01:44:05.682+0000][15362.415s][info][gc,start      ] GC(1060) Pause Young (Mixed) (G1 Evacuation Pause)
[2026-06-18T01:44:05.682+0000][15362.415s][info][gc,task       ] GC(1060) Using 13 workers of 13 for evacuation
[2026-06-18T01:44:05.690+0000][15362.423s][info][gc,phases     ] GC(1060)   Pre Evacuate Collection Set: 0.0ms
[2026-06-18T01:44:05.690+0000][15362.424s][info][gc,phases     ] GC(1060)   Evacuate Collection Set: 7.6ms
[2026-06-18T01:44:05.691+0000][15362.424s][info][gc,phases     ] GC(1060)   Post Evacuate Collection Set: 0.4ms
[2026-06-18T01:44:05.691+0000][15362.424s][info][gc,phases     ] GC(1060)   Other: 0.4ms
[2026-06-18T01:44:05.691+0000][15362.424s][info][gc,heap       ] GC(1060) Eden regions: 17->0(246)
[2026-06-18T01:44:05.691+0000][15362.424s][info][gc,heap       ] GC(1060) Survivor regions: 8->2(4)
[2026-06-18T01:44:05.691+0000][15362.424s][info][gc,heap       ] GC(1060) Old regions: 51->52
[2026-06-18T01:44:05.691+0000][15362.424s][info][gc,heap       ] GC(1060) Humongous regions: 147->147
[2026-06-18T01:44:05.691+0000][15362.424s][info][gc,metaspace  ] GC(1060) Metaspace: 52819K(55552K)->52819K(55552K) NonClass: 46886K(48384K)->46886K(48384K) Class: 5932K(7168K)->5932K(7168K)
[2026-06-18T01:44:05.691+0000][15362.424s][info][gc            ] GC(1060) Pause Young (Mixed) (G1 Evacuation Pause) 221M->200M(512M) 9.291ms
[2026-06-18T01:44:05.691+0000][15362.424s][info][gc,cpu        ] GC(1060) User=0.03s Sys=0.00s Real=0.01s
[2026-06-18T01:44:54.277+0000][15411.010s][info][gc,start      ] GC(1061) Pause Young (Normal) (G1 Evacuation Pause)
[2026-06-18T01:44:54.277+0000][15411.010s][info][gc,task       ] GC(1061) Using 13 workers of 13 for evacuation
[2026-06-18T01:44:54.279+0000][15411.012s][info][gc,phases     ] GC(1061)   Pre Evacuate Collection Set: 0.0ms
[2026-06-18T01:44:54.279+0000][15411.012s][info][gc,phases     ] GC(1061)   Evacuate Collection Set: 1.3ms
[2026-06-18T01:44:54.279+0000][15411.012s][info][gc,phases     ] GC(1061)   Post Evacuate Collection Set: 0.3ms
[2026-06-18T01:44:54.279+0000][15411.012s][info][gc,phases     ] GC(1061)   Other: 0.3ms
[2026-06-18T01:44:54.279+0000][15411.012s][info][gc,heap       ] GC(1061) Eden regions: 246->0(247)
[2026-06-18T01:44:54.279+0000][15411.012s][info][gc,heap       ] GC(1061) Survivor regions: 2->3(31)
[2026-06-18T01:44:54.279+0000][15411.012s][info][gc,heap       ] GC(1061) Old regions: 52->52
[2026-06-18T01:44:54.279+0000][15411.012s][info][gc,heap       ] GC(1061) Humongous regions: 147->147
[2026-06-18T01:44:54.279+0000][15411.012s][info][gc,metaspace  ] GC(1061) Metaspace: 52819K(55552K)->52819K(55552K) NonClass: 46887K(48384K)->46887K(48384K) Class: 5932K(7168K)->5932K(7168K)
[2026-06-18T01:44:54.279+0000][15411.012s][info][gc            ] GC(1061) Pause Young (Normal) (G1 Evacuation Pause) 446M->201M(512M) 2.429ms
[2026-06-18T01:44:54.279+0000][15411.012s][info][gc,cpu        ] GC(1061) User=0.01s Sys=0.00s Real=0.00s
[2026-06-18T01:44:55.678+0000][15412.411s][info][gc,start      ] GC(1062) Pause Young (Normal) (G1 Evacuation Pause)
[2026-06-18T01:44:55.679+0000][15412.411s][info][gc,task       ] GC(1062) Using 13 workers of 13 for evacuation
[2026-06-18T01:44:55.685+0000][15412.417s][info][gc,phases     ] GC(1062)   Pre Evacuate Collection Set: 0.0ms
[2026-06-18T01:44:55.685+0000][15412.418s][info][gc,phases     ] GC(1062)   Evacuate Collection Set: 5.6ms
[2026-06-18T01:44:55.685+0000][15412.418s][info][gc,phases     ] GC(1062)   Post Evacuate Collection Set: 0.4ms
[2026-06-18T01:44:55.685+0000][15412.418s][info][gc,phases     ] GC(1062)   Other: 0.3ms
[2026-06-18T01:44:55.685+0000][15412.418s][info][gc,heap       ] GC(1062) Eden regions: 247->0(241)
[2026-06-18T01:44:55.685+0000][15412.418s][info][gc,heap       ] GC(1062) Survivor regions: 3->7(32)
[2026-06-18T01:44:55.685+0000][15412.418s][info][gc,heap       ] GC(1062) Old regions: 52->52
[2026-06-18T01:44:55.685+0000][15412.418s][info][gc,heap       ] GC(1062) Humongous regions: 147->147
[2026-06-18T01:44:55.685+0000][15412.418s][info][gc,metaspace  ] GC(1062) Metaspace: 52819K(55552K)->52819K(55552K) NonClass: 46887K(48384K)->46887K(48384K) Class: 5932K(7168K)->5932K(7168K)
[2026-06-18T01:44:55.685+0000][15412.418s][info][gc            ] GC(1062) Pause Young (Normal) (G1 Evacuation Pause) 448M->205M(512M) 6.904ms
[2026-06-18T01:44:55.685+0000][15412.418s][info][gc,cpu        ] GC(1062) User=0.07s Sys=0.00s Real=0.01s
[2026-06-18T01:44:57.000+0000][15413.733s][info][gc,start      ] GC(1063) Pause Young (Concurrent Start) (G1 Evacuation Pause)
[2026-06-18T01:44:57.000+0000][15413.733s][info][gc,task       ] GC(1063) Using 13 workers of 13 for evacuation
[2026-06-18T01:44:57.002+0000][15413.735s][info][gc,phases     ] GC(1063)   Pre Evacuate Collection Set: 0.3ms
[2026-06-18T01:44:57.002+0000][15413.735s][info][gc,phases     ] GC(1063)   Evacuate Collection Set: 1.3ms
[2026-06-18T01:44:57.002+0000][15413.735s][info][gc,phases     ] GC(1063)   Post Evacuate Collection Set: 0.4ms
[2026-06-18T01:44:57.002+0000][15413.735s][info][gc,phases     ] GC(1063)   Other: 0.4ms
[2026-06-18T01:44:57.002+0000][15413.735s][info][gc,heap       ] GC(1063) Eden regions: 241->0(244)
[2026-06-18T01:44:57.003+0000][15413.735s][info][gc,heap       ] GC(1063) Survivor regions: 7->4(31)
[2026-06-18T01:44:57.003+0000][15413.735s][info][gc,heap       ] GC(1063) Old regions: 52->52
[2026-06-18T01:44:57.003+0000][15413.735s][info][gc,heap       ] GC(1063) Humongous regions: 147->147
[2026-06-18T01:44:57.003+0000][15413.735s][info][gc,metaspace  ] GC(1063) Metaspace: 52819K(55552K)->52819K(55552K) NonClass: 46887K(48384K)->46887K(48384K) Class: 5932K(7168K)->5932K(7168K)
[2026-06-18T01:44:57.003+0000][15413.736s][info][gc            ] GC(1063) Pause Young (Concurrent Start) (G1 Evacuation Pause) 446M->202M(512M) 2.880ms
[2026-06-18T01:44:57.003+0000][15413.736s][info][gc,cpu        ] GC(1063) User=0.01s Sys=0.00s Real=0.01s
[2026-06-18T01:44:57.003+0000][15413.736s][info][gc            ] GC(1064) Concurrent Cycle
[2026-06-18T01:44:57.003+0000][15413.736s][info][gc,marking    ] GC(1064) Concurrent Clear Claimed Marks
[2026-06-18T01:44:57.003+0000][15413.736s][info][gc,marking    ] GC(1064) Concurrent Clear Claimed Marks 0.240ms
[2026-06-18T01:44:57.003+0000][15413.736s][info][gc,marking    ] GC(1064) Concurrent Scan Root Regions
[2026-06-18T01:44:57.004+0000][15413.737s][info][gc,marking    ] GC(1064) Concurrent Scan Root Regions 0.906ms
[2026-06-18T01:44:57.004+0000][15413.737s][info][gc,marking    ] GC(1064) Concurrent Mark (15413.737s)
[2026-06-18T01:44:57.004+0000][15413.737s][info][gc,marking    ] GC(1064) Concurrent Mark From Roots
[2026-06-18T01:44:57.005+0000][15413.737s][info][gc,task       ] GC(1064) Using 3 workers of 3 for marking
[2026-06-18T01:44:57.011+0000][15413.743s][info][gc,marking    ] GC(1064) Concurrent Mark From Roots 6.169ms
[2026-06-18T01:44:57.011+0000][15413.743s][info][gc,marking    ] GC(1064) Concurrent Preclean
[2026-06-18T01:44:57.011+0000][15413.744s][info][gc,marking    ] GC(1064) Concurrent Preclean 0.200ms
[2026-06-18T01:44:57.011+0000][15413.744s][info][gc,marking    ] GC(1064) Concurrent Mark (15413.737s, 15413.744s) 6.642ms
[2026-06-18T01:44:57.011+0000][15413.744s][info][gc,start      ] GC(1064) Pause Remark
[2026-06-18T01:44:57.014+0000][15413.746s][info][gc,stringtable] GC(1064) Cleaned string and symbol table, strings: 17461 processed, 0 removed, symbols: 125076 processed, 0 removed
[2026-06-18T01:44:57.014+0000][15413.747s][info][gc            ] GC(1064) Pause Remark 206M->205M(512M) 2.710ms
[2026-06-18T01:44:57.014+0000][15413.747s][info][gc,cpu        ] GC(1064) User=0.02s Sys=0.00s Real=0.00s
[2026-06-18T01:44:57.014+0000][15413.747s][info][gc,marking    ] GC(1064) Concurrent Rebuild Remembered Sets
[2026-06-18T01:44:57.018+0000][15413.751s][info][gc,marking    ] GC(1064) Concurrent Rebuild Remembered Sets 4.050ms
[2026-06-18T01:44:57.018+0000][15413.751s][info][gc,start      ] GC(1064) Pause Cleanup
[2026-06-18T01:44:57.019+0000][15413.751s][info][gc            ] GC(1064) Pause Cleanup 206M->206M(512M) 0.145ms
[2026-06-18T01:44:57.019+0000][15413.751s][info][gc,cpu        ] GC(1064) User=0.00s Sys=0.00s Real=0.00s
[2026-06-18T01:44:57.019+0000][15413.751s][info][gc,marking    ] GC(1064) Concurrent Cleanup for Next Mark
[2026-06-18T01:44:57.019+0000][15413.752s][info][gc,marking    ] GC(1064) Concurrent Cleanup for Next Mark 0.140ms
[2026-06-18T01:44:57.019+0000][15413.752s][info][gc            ] GC(1064) Concurrent Cycle 16.008ms
[2026-06-18T01:44:58.176+0000][15414.908s][info][gc,start      ] GC(1065) Pause Young (Prepare Mixed) (G1 Evacuation Pause)
[2026-06-18T01:44:58.176+0000][15414.908s][info][gc,task       ] GC(1065) Using 13 workers of 13 for evacuation
[2026-06-18T01:44:58.179+0000][15414.911s][info][gc,phases     ] GC(1065)   Pre Evacuate Collection Set: 0.0ms
[2026-06-18T01:44:58.179+0000][15414.911s][info][gc,phases     ] GC(1065)   Evacuate Collection Set: 2.2ms
[2026-06-18T01:44:58.179+0000][15414.911s][info][gc,phases     ] GC(1065)   Post Evacuate Collection Set: 0.3ms
[2026-06-18T01:44:58.179+0000][15414.911s][info][gc,phases     ] GC(1065)   Other: 0.3ms
[2026-06-18T01:44:58.179+0000][15414.911s][info][gc,heap       ] GC(1065) Eden regions: 244->0(17)
[2026-06-18T01:44:58.179+0000][15414.911s][info][gc,heap       ] GC(1065) Survivor regions: 4->8(31)
[2026-06-18T01:44:58.179+0000][15414.911s][info][gc,heap       ] GC(1065) Old regions: 51->51
[2026-06-18T01:44:58.179+0000][15414.911s][info][gc,heap       ] GC(1065) Humongous regions: 147->147
[2026-06-18T01:44:58.180+0000][15414.912s][info][gc,metaspace  ] GC(1065) Metaspace: 52819K(55552K)->52819K(55552K) NonClass: 46887K(48384K)->46887K(48384K) Class: 5932K(7168K)->5932K(7168K)
[2026-06-18T01:44:58.180+0000][15414.912s][info][gc            ] GC(1065) Pause Young (Prepare Mixed) (G1 Evacuation Pause) 445M->205M(512M) 3.541ms
[2026-06-18T01:44:58.180+0000][15414.912s][info][gc,cpu        ] GC(1065) User=0.02s Sys=0.00s Real=0.00s
[2026-06-18T01:44:58.265+0000][15414.997s][info][gc,start      ] GC(1066) Pause Young (Mixed) (G1 Evacuation Pause)
[2026-06-18T01:44:58.265+0000][15414.997s][info][gc,task       ] GC(1066) Using 13 workers of 13 for evacuation
[2026-06-18T01:44:58.269+0000][15415.001s][info][gc,phases     ] GC(1066)   Pre Evacuate Collection Set: 0.0ms
[2026-06-18T01:44:58.269+0000][15415.001s][info][gc,phases     ] GC(1066)   Evacuate Collection Set: 3.5ms
[2026-06-18T01:44:58.269+0000][15415.001s][info][gc,phases     ] GC(1066)   Post Evacuate Collection Set: 0.3ms
[2026-06-18T01:44:58.269+0000][15415.001s][info][gc,phases     ] GC(1066)   Other: 0.4ms
[2026-06-18T01:44:58.270+0000][15415.002s][info][gc,heap       ] GC(1066) Eden regions: 17->0(244)
[2026-06-18T01:44:58.270+0000][15415.002s][info][gc,heap       ] GC(1066) Survivor regions: 8->2(4)
[2026-06-18T01:44:58.270+0000][15415.002s][info][gc,heap       ] GC(1066) Old regions: 51->53
[2026-06-18T01:44:58.270+0000][15415.002s][info][gc,heap       ] GC(1066) Humongous regions: 147->147
[2026-06-18T01:44:58.270+0000][15415.002s][info][gc,metaspace  ] GC(1066) Metaspace: 52819K(55552K)->52819K(55552K) NonClass: 46887K(48384K)->46887K(48384K) Class: 5932K(7168K)->5932K(7168K)
[2026-06-18T01:44:58.270+0000][15415.002s][info][gc            ] GC(1066) Pause Young (Mixed) (G1 Evacuation Pause) 222M->200M(512M) 4.906ms
[2026-06-18T01:44:58.270+0000][15415.002s][info][gc,cpu        ] GC(1066) User=0.03s Sys=0.00s Real=0.00s
[2026-06-18T01:45:47.038+0000][15463.770s][info][gc,start      ] GC(1067) Pause Young (Normal) (G1 Evacuation Pause)
[2026-06-18T01:45:47.039+0000][15463.770s][info][gc,task       ] GC(1067) Using 13 workers of 13 for evacuation
[2026-06-18T01:45:47.041+0000][15463.772s][info][gc,phases     ] GC(1067)   Pre Evacuate Collection Set: 0.0ms
[2026-06-18T01:45:47.041+0000][15463.772s][info][gc,phases     ] GC(1067)   Evacuate Collection Set: 1.5ms
[2026-06-18T01:45:47.041+0000][15463.772s][info][gc,phases     ] GC(1067)   Post Evacuate Collection Set: 0.3ms
[2026-06-18T01:45:47.041+0000][15463.772s][info][gc,phases     ] GC(1067)   Other: 0.3ms
[2026-06-18T01:45:47.041+0000][15463.772s][info][gc,heap       ] GC(1067) Eden regions: 244->0(244)
[2026-06-18T01:45:47.041+0000][15463.772s][info][gc,heap       ] GC(1067) Survivor regions: 2->3(31)
[2026-06-18T01:45:47.041+0000][15463.772s][info][gc,heap       ] GC(1067) Old regions: 53->53
[2026-06-18T01:45:47.041+0000][15463.772s][info][gc,heap       ] GC(1067) Humongous regions: 147->147
[2026-06-18T01:45:47.041+0000][15463.772s][info][gc,metaspace  ] GC(1067) Metaspace: 52820K(55552K)->52820K(55552K) NonClass: 46887K(48384K)->46887K(48384K) Class: 5932K(7168K)->5932K(7168K)
[2026-06-18T01:45:47.041+0000][15463.772s][info][gc            ] GC(1067) Pause Young (Normal) (G1 Evacuation Pause) 444M->201M(512M) 2.358ms
[2026-06-18T01:45:47.041+0000][15463.772s][info][gc,cpu        ] GC(1067) User=0.01s Sys=0.00s Real=0.00s
[2026-06-18T01:45:48.431+0000][15465.162s][info][gc,start      ] GC(1068) Pause Young (Normal) (G1 Evacuation Pause)
[2026-06-18T01:45:48.431+0000][15465.163s][info][gc,task       ] GC(1068) Using 13 workers of 13 for evacuation
[2026-06-18T01:45:48.434+0000][15465.165s][info][gc,phases     ] GC(1068)   Pre Evacuate Collection Set: 0.0ms
[2026-06-18T01:45:48.434+0000][15465.165s][info][gc,phases     ] GC(1068)   Evacuate Collection Set: 1.6ms
[2026-06-18T01:45:48.434+0000][15465.165s][info][gc,phases     ] GC(1068)   Post Evacuate Collection Set: 0.4ms
[2026-06-18T01:45:48.434+0000][15465.165s][info][gc,phases     ] GC(1068)   Other: 0.3ms
[2026-06-18T01:45:48.434+0000][15465.165s][info][gc,heap       ] GC(1068) Eden regions: 244->0(240)
[2026-06-18T01:45:48.434+0000][15465.165s][info][gc,heap       ] GC(1068) Survivor regions: 3->7(31)
[2026-06-18T01:45:48.434+0000][15465.165s][info][gc,heap       ] GC(1068) Old regions: 53->53
[2026-06-18T01:45:48.434+0000][15465.166s][info][gc,heap       ] GC(1068) Humongous regions: 147->147
[2026-06-18T01:45:48.434+0000][15465.166s][info][gc,metaspace  ] GC(1068) Metaspace: 52820K(55552K)->52820K(55552K) NonClass: 46887K(48384K)->46887K(48384K) Class: 5932K(7168K)->5932K(7168K)
[2026-06-18T01:45:48.434+0000][15465.166s][info][gc            ] GC(1068) Pause Young (Normal) (G1 Evacuation Pause) 445M->205M(512M) 3.257ms
[2026-06-18T01:45:48.434+0000][15465.166s][info][gc,cpu        ] GC(1068) User=0.02s Sys=0.00s Real=0.01s
[2026-06-18T01:45:49.628+0000][15466.360s][info][gc,start      ] GC(1069) Pause Young (Concurrent Start) (G1 Evacuation Pause)
[2026-06-18T01:45:49.629+0000][15466.360s][info][gc,task       ] GC(1069) Using 13 workers of 13 for evacuation
[2026-06-18T01:45:49.631+0000][15466.362s][info][gc,phases     ] GC(1069)   Pre Evacuate Collection Set: 0.3ms
[2026-06-18T01:45:49.631+0000][15466.362s][info][gc,phases     ] GC(1069)   Evacuate Collection Set: 1.5ms
[2026-06-18T01:45:49.631+0000][15466.362s][info][gc,phases     ] GC(1069)   Post Evacuate Collection Set: 0.4ms
[2026-06-18T01:45:49.631+0000][15466.362s][info][gc,phases     ] GC(1069)   Other: 0.3ms
[2026-06-18T01:45:49.631+0000][15466.362s][info][gc,heap       ] GC(1069) Eden regions: 240->0(245)
[2026-06-18T01:45:49.631+0000][15466.362s][info][gc,heap       ] GC(1069) Survivor regions: 7->3(31)
[2026-06-18T01:45:49.631+0000][15466.362s][info][gc,heap       ] GC(1069) Old regions: 53->53
[2026-06-18T01:45:49.631+0000][15466.363s][info][gc,heap       ] GC(1069) Humongous regions: 147->147
[2026-06-18T01:45:49.631+0000][15466.363s][info][gc,metaspace  ] GC(1069) Metaspace: 52820K(55552K)->52820K(55552K) NonClass: 46887K(48384K)->46887K(48384K) Class: 5932K(7168K)->5932K(7168K)
[2026-06-18T01:45:49.631+0000][15466.363s][info][gc            ] GC(1069) Pause Young (Concurrent Start) (G1 Evacuation Pause) 445M->201M(512M) 2.958ms
[2026-06-18T01:45:49.631+0000][15466.363s][info][gc,cpu        ] GC(1069) User=0.01s Sys=0.00s Real=0.01s
[2026-06-18T01:45:49.632+0000][15466.363s][info][gc            ] GC(1070) Concurrent Cycle
[2026-06-18T01:45:49.632+0000][15466.363s][info][gc,marking    ] GC(1070) Concurrent Clear Claimed Marks
[2026-06-18T01:45:49.632+0000][15466.363s][info][gc,marking    ] GC(1070) Concurrent Clear Claimed Marks 0.201ms
[2026-06-18T01:45:49.632+0000][15466.363s][info][gc,marking    ] GC(1070) Concurrent Scan Root Regions
[2026-06-18T01:45:49.633+0000][15466.364s][info][gc,marking    ] GC(1070) Concurrent Scan Root Regions 0.862ms
[2026-06-18T01:45:49.633+0000][15466.364s][info][gc,marking    ] GC(1070) Concurrent Mark (15466.364s)
[2026-06-18T01:45:49.633+0000][15466.364s][info][gc,marking    ] GC(1070) Concurrent Mark From Roots
[2026-06-18T01:45:49.633+0000][15466.364s][info][gc,task       ] GC(1070) Using 3 workers of 3 for marking
[2026-06-18T01:45:49.639+0000][15466.370s][info][gc,marking    ] GC(1070) Concurrent Mark From Roots 5.688ms
[2026-06-18T01:45:49.639+0000][15466.370s][info][gc,marking    ] GC(1070) Concurrent Preclean
[2026-06-18T01:45:49.639+0000][15466.370s][info][gc,marking    ] GC(1070) Concurrent Preclean 0.180ms
[2026-06-18T01:45:49.639+0000][15466.370s][info][gc,marking    ] GC(1070) Concurrent Mark (15466.364s, 15466.370s) 6.101ms
[2026-06-18T01:45:49.639+0000][15466.370s][info][gc,start      ] GC(1070) Pause Remark
[2026-06-18T01:45:49.642+0000][15466.373s][info][gc,stringtable] GC(1070) Cleaned string and symbol table, strings: 17461 processed, 0 removed, symbols: 125076 processed, 0 removed
[2026-06-18T01:45:49.642+0000][15466.373s][info][gc            ] GC(1070) Pause Remark 205M->205M(512M) 2.858ms
[2026-06-18T01:45:49.642+0000][15466.373s][info][gc,cpu        ] GC(1070) User=0.03s Sys=0.01s Real=0.01s
[2026-06-18T01:45:49.642+0000][15466.373s][info][gc,marking    ] GC(1070) Concurrent Rebuild Remembered Sets
[2026-06-18T01:45:49.646+0000][15466.378s][info][gc,marking    ] GC(1070) Concurrent Rebuild Remembered Sets 4.160ms
[2026-06-18T01:45:49.647+0000][15466.378s][info][gc,start      ] GC(1070) Pause Cleanup
[2026-06-18T01:45:49.647+0000][15466.378s][info][gc            ] GC(1070) Pause Cleanup 206M->206M(512M) 0.183ms
[2026-06-18T01:45:49.647+0000][15466.378s][info][gc,cpu        ] GC(1070) User=0.00s Sys=0.00s Real=0.00s
[2026-06-18T01:45:49.647+0000][15466.378s][info][gc,marking    ] GC(1070) Concurrent Cleanup for Next Mark
[2026-06-18T01:45:49.647+0000][15466.378s][info][gc,marking    ] GC(1070) Concurrent Cleanup for Next Mark 0.155ms
[2026-06-18T01:45:49.647+0000][15466.378s][info][gc            ] GC(1070) Concurrent Cycle 15.588ms
[2026-06-18T01:46:38.090+0000][15514.825s][info][gc,start      ] GC(1071) Pause Young (Prepare Mixed) (G1 Evacuation Pause)
[2026-06-18T01:46:38.090+0000][15514.825s][info][gc,task       ] GC(1071) Using 13 workers of 13 for evacuation
[2026-06-18T01:46:38.092+0000][15514.827s][info][gc,phases     ] GC(1071)   Pre Evacuate Collection Set: 0.0ms
[2026-06-18T01:46:38.092+0000][15514.827s][info][gc,phases     ] GC(1071)   Evacuate Collection Set: 1.8ms
[2026-06-18T01:46:38.092+0000][15514.827s][info][gc,phases     ] GC(1071)   Post Evacuate Collection Set: 0.3ms
[2026-06-18T01:46:38.092+0000][15514.827s][info][gc,phases     ] GC(1071)   Other: 0.4ms
[2026-06-18T01:46:38.092+0000][15514.827s][info][gc,heap       ] GC(1071) Eden regions: 245->0(19)
[2026-06-18T01:46:38.092+0000][15514.827s][info][gc,heap       ] GC(1071) Survivor regions: 3->6(31)
[2026-06-18T01:46:38.092+0000][15514.827s][info][gc,heap       ] GC(1071) Old regions: 53->53
[2026-06-18T01:46:38.092+0000][15514.827s][info][gc,heap       ] GC(1071) Humongous regions: 147->147
[2026-06-18T01:46:38.092+0000][15514.828s][info][gc,metaspace  ] GC(1071) Metaspace: 52820K(55552K)->52820K(55552K) NonClass: 46887K(48384K)->46887K(48384K) Class: 5932K(7168K)->5932K(7168K)
[2026-06-18T01:46:38.093+0000][15514.828s][info][gc            ] GC(1071) Pause Young (Prepare Mixed) (G1 Evacuation Pause) 446M->204M(512M) 3.049ms
[2026-06-18T01:46:38.093+0000][15514.828s][info][gc,cpu        ] GC(1071) User=0.02s Sys=0.00s Real=0.00s
[2026-06-18T01:46:38.220+0000][15514.955s][info][gc,start      ] GC(1072) Pause Young (Mixed) (G1 Evacuation Pause)
[2026-06-18T01:46:38.220+0000][15514.955s][info][gc,task       ] GC(1072) Using 13 workers of 13 for evacuation
[2026-06-18T01:46:38.226+0000][15514.961s][info][gc,phases     ] GC(1072)   Pre Evacuate Collection Set: 0.0ms
[2026-06-18T01:46:38.226+0000][15514.961s][info][gc,phases     ] GC(1072)   Evacuate Collection Set: 5.0ms
[2026-06-18T01:46:38.226+0000][15514.961s][info][gc,phases     ] GC(1072)   Post Evacuate Collection Set: 0.4ms
[2026-06-18T01:46:38.226+0000][15514.961s][info][gc,phases     ] GC(1072)   Other: 0.5ms
[2026-06-18T01:46:38.226+0000][15514.961s][info][gc,heap       ] GC(1072) Eden regions: 19->0(248)
[2026-06-18T01:46:38.226+0000][15514.961s][info][gc,heap       ] GC(1072) Survivor regions: 6->2(4)
[2026-06-18T01:46:38.226+0000][15514.961s][info][gc,heap       ] GC(1072) Old regions: 53->50
[2026-06-18T01:46:38.226+0000][15514.961s][info][gc,heap       ] GC(1072) Humongous regions: 147->147
[2026-06-18T01:46:38.226+0000][15514.961s][info][gc,metaspace  ] GC(1072) Metaspace: 52820K(55552K)->52820K(55552K) NonClass: 46887K(48384K)->46887K(48384K) Class: 5932K(7168K)->5932K(7168K)
[2026-06-18T01:46:38.226+0000][15514.961s][info][gc            ] GC(1072) Pause Young (Mixed) (G1 Evacuation Pause) 223M->198M(512M) 6.681ms
[2026-06-18T01:46:38.226+0000][15514.961s][info][gc,cpu        ] GC(1072) User=0.04s Sys=0.00s Real=0.00s
[2026-06-18T01:46:39.892+0000][15516.627s][info][gc,start      ] GC(1073) Pause Young (Normal) (G1 Evacuation Pause)
[2026-06-18T01:46:39.892+0000][15516.627s][info][gc,task       ] GC(1073) Using 13 workers of 13 for evacuation
[2026-06-18T01:46:39.894+0000][15516.629s][info][gc,phases     ] GC(1073)   Pre Evacuate Collection Set: 0.0ms
[2026-06-18T01:46:39.894+0000][15516.629s][info][gc,phases     ] GC(1073)   Evacuate Collection Set: 1.3ms
[2026-06-18T01:46:39.894+0000][15516.629s][info][gc,phases     ] GC(1073)   Post Evacuate Collection Set: 0.3ms
[2026-06-18T01:46:39.894+0000][15516.629s][info][gc,phases     ] GC(1073)   Other: 0.3ms
[2026-06-18T01:46:39.894+0000][15516.629s][info][gc,heap       ] GC(1073) Eden regions: 248->0(249)
[2026-06-18T01:46:39.894+0000][15516.629s][info][gc,heap       ] GC(1073) Survivor regions: 2->2(32)
[2026-06-18T01:46:39.894+0000][15516.629s][info][gc,heap       ] GC(1073) Old regions: 50->50
[2026-06-18T01:46:39.894+0000][15516.629s][info][gc,heap       ] GC(1073) Humongous regions: 147->147
[2026-06-18T01:46:39.894+0000][15516.629s][info][gc,metaspace  ] GC(1073) Metaspace: 52820K(55552K)->52820K(55552K) NonClass: 46887K(48384K)->46887K(48384K) Class: 5932K(7168K)->5932K(7168K)
[2026-06-18T01:46:39.894+0000][15516.630s][info][gc            ] GC(1073) Pause Young (Normal) (G1 Evacuation Pause) 446M->198M(512M) 2.623ms
[2026-06-18T01:46:39.895+0000][15516.630s][info][gc,cpu        ] GC(1073) User=0.01s Sys=0.00s Real=0.00s
[2026-06-18T01:46:41.213+0000][15517.948s][info][gc,start      ] GC(1074) Pause Young (Normal) (G1 Evacuation Pause)
[2026-06-18T01:46:41.213+0000][15517.948s][info][gc,task       ] GC(1074) Using 13 workers of 13 for evacuation
[2026-06-18T01:46:41.215+0000][15517.950s][info][gc,phases     ] GC(1074)   Pre Evacuate Collection Set: 0.0ms
[2026-06-18T01:46:41.215+0000][15517.950s][info][gc,phases     ] GC(1074)   Evacuate Collection Set: 1.3ms
[2026-06-18T01:46:41.215+0000][15517.950s][info][gc,phases     ] GC(1074)   Post Evacuate Collection Set: 0.3ms
[2026-06-18T01:46:41.215+0000][15517.950s][info][gc,phases     ] GC(1074)   Other: 0.2ms
[2026-06-18T01:46:41.215+0000][15517.950s][info][gc,heap       ] GC(1074) Eden regions: 249->0(247)
[2026-06-18T01:46:41.215+0000][15517.950s][info][gc,heap       ] GC(1074) Survivor regions: 2->5(32)
[2026-06-18T01:46:41.215+0000][15517.950s][info][gc,heap       ] GC(1074) Old regions: 50->50
[2026-06-18T01:46:41.215+0000][15517.950s][info][gc,heap       ] GC(1074) Humongous regions: 147->147
[2026-06-18T01:46:41.215+0000][15517.950s][info][gc,metaspace  ] GC(1074) Metaspace: 52820K(55552K)->52820K(55552K) NonClass: 46887K(48384K)->46887K(48384K) Class: 5932K(7168K)->5932K(7168K)
[2026-06-18T01:46:41.215+0000][15517.950s][info][gc            ] GC(1074) Pause Young (Normal) (G1 Evacuation Pause) 447M->201M(512M) 2.314ms
[2026-06-18T01:46:41.215+0000][15517.950s][info][gc,cpu        ] GC(1074) User=0.01s Sys=0.00s Real=0.00s
[2026-06-18T01:46:42.380+0000][15519.115s][info][gc,start      ] GC(1075) Pause Young (Concurrent Start) (G1 Evacuation Pause)
[2026-06-18T01:46:42.380+0000][15519.115s][info][gc,task       ] GC(1075) Using 13 workers of 13 for evacuation
[2026-06-18T01:46:42.384+0000][15519.119s][info][gc,phases     ] GC(1075)   Pre Evacuate Collection Set: 0.3ms
[2026-06-18T01:46:42.384+0000][15519.119s][info][gc,phases     ] GC(1075)   Evacuate Collection Set: 3.1ms
[2026-06-18T01:46:42.384+0000][15519.119s][info][gc,phases     ] GC(1075)   Post Evacuate Collection Set: 0.4ms
[2026-06-18T01:46:42.384+0000][15519.119s][info][gc,phases     ] GC(1075)   Other: 0.4ms
[2026-06-18T01:46:42.384+0000][15519.119s][info][gc,heap       ] GC(1075) Eden regions: 247->0(239)
[2026-06-18T01:46:42.384+0000][15519.119s][info][gc,heap       ] GC(1075) Survivor regions: 5->10(32)
[2026-06-18T01:46:42.384+0000][15519.119s][info][gc,heap       ] GC(1075) Old regions: 50->50
[2026-06-18T01:46:42.384+0000][15519.119s][info][gc,heap       ] GC(1075) Humongous regions: 147->147
[2026-06-18T01:46:42.384+0000][15519.119s][info][gc,metaspace  ] GC(1075) Metaspace: 52820K(55552K)->52820K(55552K) NonClass: 46887K(48384K)->46887K(48384K) Class: 5932K(7168K)->5932K(7168K)
[2026-06-18T01:46:42.384+0000][15519.119s][info][gc            ] GC(1075) Pause Young (Concurrent Start) (G1 Evacuation Pause) 448M->206M(512M) 4.780ms
[2026-06-18T01:46:42.384+0000][15519.119s][info][gc,cpu        ] GC(1075) User=0.03s Sys=0.00s Real=0.00s
[2026-06-18T01:46:42.384+0000][15519.119s][info][gc            ] GC(1076) Concurrent Cycle
[2026-06-18T01:46:42.384+0000][15519.120s][info][gc,marking    ] GC(1076) Concurrent Clear Claimed Marks
[2026-06-18T01:46:42.385+0000][15519.120s][info][gc,marking    ] GC(1076) Concurrent Clear Claimed Marks 0.269ms
[2026-06-18T01:46:42.385+0000][15519.120s][info][gc,marking    ] GC(1076) Concurrent Scan Root Regions
[2026-06-18T01:46:42.386+0000][15519.121s][info][gc,marking    ] GC(1076) Concurrent Scan Root Regions 1.484ms
[2026-06-18T01:46:42.386+0000][15519.121s][info][gc,marking    ] GC(1076) Concurrent Mark (15519.121s)
[2026-06-18T01:46:42.386+0000][15519.122s][info][gc,marking    ] GC(1076) Concurrent Mark From Roots
[2026-06-18T01:46:42.387+0000][15519.122s][info][gc,task       ] GC(1076) Using 3 workers of 3 for marking
[2026-06-18T01:46:42.392+0000][15519.128s][info][gc,marking    ] GC(1076) Concurrent Mark From Roots 5.985ms
[2026-06-18T01:46:42.393+0000][15519.128s][info][gc,marking    ] GC(1076) Concurrent Preclean
[2026-06-18T01:46:42.393+0000][15519.128s][info][gc,marking    ] GC(1076) Concurrent Preclean 0.220ms
[2026-06-18T01:46:42.393+0000][15519.128s][info][gc,marking    ] GC(1076) Concurrent Mark (15519.121s, 15519.128s) 6.447ms
[2026-06-18T01:46:42.393+0000][15519.128s][info][gc,start      ] GC(1076) Pause Remark
[2026-06-18T01:46:42.396+0000][15519.131s][info][gc,stringtable] GC(1076) Cleaned string and symbol table, strings: 17461 processed, 0 removed, symbols: 125076 processed, 0 removed
[2026-06-18T01:46:42.396+0000][15519.131s][info][gc            ] GC(1076) Pause Remark 210M->210M(512M) 2.768ms
[2026-06-18T01:46:42.396+0000][15519.131s][info][gc,cpu        ] GC(1076) User=0.02s Sys=0.00s Real=0.00s
[2026-06-18T01:46:42.396+0000][15519.131s][info][gc,marking    ] GC(1076) Concurrent Rebuild Remembered Sets
[2026-06-18T01:46:42.400+0000][15519.135s][info][gc,marking    ] GC(1076) Concurrent Rebuild Remembered Sets 4.078ms
[2026-06-18T01:46:42.400+0000][15519.135s][info][gc,start      ] GC(1076) Pause Cleanup
[2026-06-18T01:46:42.401+0000][15519.136s][info][gc            ] GC(1076) Pause Cleanup 211M->211M(512M) 0.179ms
[2026-06-18T01:46:42.401+0000][15519.136s][info][gc,cpu        ] GC(1076) User=0.00s Sys=0.00s Real=0.00s
[2026-06-18T01:46:42.401+0000][15519.136s][info][gc,marking    ] GC(1076) Concurrent Cleanup for Next Mark
[2026-06-18T01:46:42.401+0000][15519.136s][info][gc,marking    ] GC(1076) Concurrent Cleanup for Next Mark 0.200ms
[2026-06-18T01:46:42.401+0000][15519.136s][info][gc            ] GC(1076) Concurrent Cycle 16.504ms
[2026-06-18T01:47:30.933+0000][15567.663s][info][gc,start      ] GC(1077) Pause Young (Prepare Mixed) (G1 Evacuation Pause)
[2026-06-18T01:47:30.933+0000][15567.663s][info][gc,task       ] GC(1077) Using 13 workers of 13 for evacuation
[2026-06-18T01:47:30.938+0000][15567.669s][info][gc,phases     ] GC(1077)   Pre Evacuate Collection Set: 0.0ms
[2026-06-18T01:47:30.938+0000][15567.669s][info][gc,phases     ] GC(1077)   Evacuate Collection Set: 4.8ms
[2026-06-18T01:47:30.938+0000][15567.669s][info][gc,phases     ] GC(1077)   Post Evacuate Collection Set: 0.4ms
[2026-06-18T01:47:30.939+0000][15567.669s][info][gc,phases     ] GC(1077)   Other: 0.4ms
[2026-06-18T01:47:30.939+0000][15567.669s][info][gc,heap       ] GC(1077) Eden regions: 239->0(19)
[2026-06-18T01:47:30.939+0000][15567.669s][info][gc,heap       ] GC(1077) Survivor regions: 10->6(32)
[2026-06-18T01:47:30.939+0000][15567.669s][info][gc,heap       ] GC(1077) Old regions: 50->50
[2026-06-18T01:47:30.939+0000][15567.669s][info][gc,heap       ] GC(1077) Humongous regions: 147->147
[2026-06-18T01:47:30.939+0000][15567.669s][info][gc,metaspace  ] GC(1077) Metaspace: 52820K(55552K)->52820K(55552K) NonClass: 46887K(48384K)->46887K(48384K) Class: 5932K(7168K)->5932K(7168K)
[2026-06-18T01:47:30.939+0000][15567.669s][info][gc            ] GC(1077) Pause Young (Prepare Mixed) (G1 Evacuation Pause) 445M->202M(512M) 6.136ms
[2026-06-18T01:47:30.939+0000][15567.669s][info][gc,cpu        ] GC(1077) User=0.06s Sys=0.00s Real=0.00s
[2026-06-18T01:47:31.047+0000][15567.778s][info][gc,start      ] GC(1078) Pause Young (Mixed) (G1 Evacuation Pause)
[2026-06-18T01:47:31.047+0000][15567.778s][info][gc,task       ] GC(1078) Using 13 workers of 13 for evacuation
[2026-06-18T01:47:31.050+0000][15567.780s][info][gc,phases     ] GC(1078)   Pre Evacuate Collection Set: 0.0ms
[2026-06-18T01:47:31.050+0000][15567.781s][info][gc,phases     ] GC(1078)   Evacuate Collection Set: 2.1ms
[2026-06-18T01:47:31.050+0000][15567.781s][info][gc,phases     ] GC(1078)   Post Evacuate Collection Set: 0.3ms
[2026-06-18T01:47:31.050+0000][15567.781s][info][gc,phases     ] GC(1078)   Other: 0.4ms
[2026-06-18T01:47:31.050+0000][15567.781s][info][gc,heap       ] GC(1078) Eden regions: 19->0(247)
[2026-06-18T01:47:31.050+0000][15567.781s][info][gc,heap       ] GC(1078) Survivor regions: 6->2(4)
[2026-06-18T01:47:31.050+0000][15567.781s][info][gc,heap       ] GC(1078) Old regions: 50->50
[2026-06-18T01:47:31.051+0000][15567.781s][info][gc,heap       ] GC(1078) Humongous regions: 147->147
[2026-06-18T01:47:31.051+0000][15567.781s][info][gc,metaspace  ] GC(1078) Metaspace: 52820K(55552K)->52820K(55552K) NonClass: 46887K(48384K)->46887K(48384K) Class: 5932K(7168K)->5932K(7168K)
[2026-06-18T01:47:31.051+0000][15567.781s][info][gc            ] GC(1078) Pause Young (Mixed) (G1 Evacuation Pause) 221M->198M(512M) 3.395ms
[2026-06-18T01:47:31.051+0000][15567.781s][info][gc,cpu        ] GC(1078) User=0.02s Sys=0.00s Real=0.00s
[2026-06-18T01:47:32.368+0000][15569.098s][info][gc,start      ] GC(1079) Pause Young (Normal) (G1 Evacuation Pause)
[2026-06-18T01:47:32.368+0000][15569.098s][info][gc,task       ] GC(1079) Using 13 workers of 13 for evacuation
[2026-06-18T01:47:32.371+0000][15569.101s][info][gc,phases     ] GC(1079)   Pre Evacuate Collection Set: 0.0ms
[2026-06-18T01:47:32.371+0000][15569.101s][info][gc,phases     ] GC(1079)   Evacuate Collection Set: 2.7ms
[2026-06-18T01:47:32.371+0000][15569.101s][info][gc,phases     ] GC(1079)   Post Evacuate Collection Set: 0.4ms
[2026-06-18T01:47:32.371+0000][15569.102s][info][gc,phases     ] GC(1079)   Other: 0.3ms
[2026-06-18T01:47:32.371+0000][15569.102s][info][gc,heap       ] GC(1079) Eden regions: 247->0(240)
[2026-06-18T01:47:32.371+0000][15569.102s][info][gc,heap       ] GC(1079) Survivor regions: 2->8(32)
[2026-06-18T01:47:32.371+0000][15569.102s][info][gc,heap       ] GC(1079) Old regions: 50->50
[2026-06-18T01:47:32.371+0000][15569.102s][info][gc,heap       ] GC(1079) Humongous regions: 147->147
[2026-06-18T01:47:32.372+0000][15569.102s][info][gc,metaspace  ] GC(1079) Metaspace: 52820K(55552K)->52820K(55552K) NonClass: 46887K(48384K)->46887K(48384K) Class: 5932K(7168K)->5932K(7168K)
[2026-06-18T01:47:32.372+0000][15569.102s][info][gc            ] GC(1079) Pause Young (Normal) (G1 Evacuation Pause) 445M->203M(512M) 4.077ms
[2026-06-18T01:47:32.372+0000][15569.102s][info][gc,cpu        ] GC(1079) User=0.03s Sys=0.00s Real=0.00s
[2026-06-18T01:47:33.566+0000][15570.296s][info][gc,start      ] GC(1080) Pause Young (Normal) (G1 Evacuation Pause)
[2026-06-18T01:47:33.566+0000][15570.297s][info][gc,task       ] GC(1080) Using 13 workers of 13 for evacuation
[2026-06-18T01:47:33.570+0000][15570.301s][info][gc,phases     ] GC(1080)   Pre Evacuate Collection Set: 0.0ms
[2026-06-18T01:47:33.571+0000][15570.301s][info][gc,phases     ] GC(1080)   Evacuate Collection Set: 3.6ms
[2026-06-18T01:47:33.571+0000][15570.301s][info][gc,phases     ] GC(1080)   Post Evacuate Collection Set: 0.3ms
[2026-06-18T01:47:33.571+0000][15570.301s][info][gc,phases     ] GC(1080)   Other: 0.4ms
[2026-06-18T01:47:33.571+0000][15570.301s][info][gc,heap       ] GC(1080) Eden regions: 240->0(243)
[2026-06-18T01:47:33.571+0000][15570.301s][info][gc,heap       ] GC(1080) Survivor regions: 8->6(31)
[2026-06-18T01:47:33.571+0000][15570.301s][info][gc,heap       ] GC(1080) Old regions: 50->50
[2026-06-18T01:47:33.571+0000][15570.301s][info][gc,heap       ] GC(1080) Humongous regions: 147->147
[2026-06-18T01:47:33.571+0000][15570.301s][info][gc,metaspace  ] GC(1080) Metaspace: 52820K(55552K)->52820K(55552K) NonClass: 46887K(48384K)->46887K(48384K) Class: 5932K(7168K)->5932K(7168K)
[2026-06-18T01:47:33.571+0000][15570.301s][info][gc            ] GC(1080) Pause Young (Normal) (G1 Evacuation Pause) 443M->201M(512M) 5.062ms
[2026-06-18T01:47:33.571+0000][15570.302s][info][gc,cpu        ] GC(1080) User=0.04s Sys=0.00s Real=0.00s
[2026-06-18T01:48:22.013+0000][15618.743s][info][gc,start      ] GC(1081) Pause Young (Concurrent Start) (G1 Evacuation Pause)
[2026-06-18T01:48:22.013+0000][15618.743s][info][gc,task       ] GC(1081) Using 13 workers of 13 for evacuation
[2026-06-18T01:48:22.020+0000][15618.750s][info][gc,phases     ] GC(1081)   Pre Evacuate Collection Set: 0.3ms
[2026-06-18T01:48:22.020+0000][15618.750s][info][gc,phases     ] GC(1081)   Evacuate Collection Set: 5.4ms
[2026-06-18T01:48:22.020+0000][15618.750s][info][gc,phases     ] GC(1081)   Post Evacuate Collection Set: 0.3ms
[2026-06-18T01:48:22.020+0000][15618.750s][info][gc,phases     ] GC(1081)   Other: 0.5ms
[2026-06-18T01:48:22.020+0000][15618.750s][info][gc,heap       ] GC(1081) Eden regions: 243->0(239)
[2026-06-18T01:48:22.020+0000][15618.750s][info][gc,heap       ] GC(1081) Survivor regions: 6->9(32)
[2026-06-18T01:48:22.020+0000][15618.750s][info][gc,heap       ] GC(1081) Old regions: 50->50
[2026-06-18T01:48:22.020+0000][15618.750s][info][gc,heap       ] GC(1081) Humongous regions: 147->147
[2026-06-18T01:48:22.020+0000][15618.750s][info][gc,metaspace  ] GC(1081) Metaspace: 52820K(55552K)->52820K(55552K) NonClass: 46887K(48384K)->46887K(48384K) Class: 5932K(7168K)->5932K(7168K)
[2026-06-18T01:48:22.020+0000][15618.750s][info][gc            ] GC(1081) Pause Young (Concurrent Start) (G1 Evacuation Pause) 444M->205M(512M) 7.129ms
[2026-06-18T01:48:22.020+0000][15618.750s][info][gc,cpu        ] GC(1081) User=0.04s Sys=0.00s Real=0.00s
[2026-06-18T01:48:22.020+0000][15618.750s][info][gc            ] GC(1082) Concurrent Cycle
[2026-06-18T01:48:22.021+0000][15618.751s][info][gc,marking    ] GC(1082) Concurrent Clear Claimed Marks
[2026-06-18T01:48:22.021+0000][15618.751s][info][gc,marking    ] GC(1082) Concurrent Clear Claimed Marks 0.202ms
[2026-06-18T01:48:22.021+0000][15618.751s][info][gc,marking    ] GC(1082) Concurrent Scan Root Regions
[2026-06-18T01:48:22.023+0000][15618.753s][info][gc,marking    ] GC(1082) Concurrent Scan Root Regions 2.127ms
[2026-06-18T01:48:22.023+0000][15618.753s][info][gc,marking    ] GC(1082) Concurrent Mark (15618.753s)
[2026-06-18T01:48:22.023+0000][15618.753s][info][gc,marking    ] GC(1082) Concurrent Mark From Roots
[2026-06-18T01:48:22.023+0000][15618.753s][info][gc,task       ] GC(1082) Using 3 workers of 3 for marking
[2026-06-18T01:48:22.030+0000][15618.760s][info][gc,marking    ] GC(1082) Concurrent Mark From Roots 6.331ms
[2026-06-18T01:48:22.030+0000][15618.760s][info][gc,marking    ] GC(1082) Concurrent Preclean
[2026-06-18T01:48:22.030+0000][15618.760s][info][gc,marking    ] GC(1082) Concurrent Preclean 0.182ms
[2026-06-18T01:48:22.030+0000][15618.760s][info][gc,marking    ] GC(1082) Concurrent Mark (15618.753s, 15618.760s) 6.814ms
[2026-06-18T01:48:22.030+0000][15618.760s][info][gc,start      ] GC(1082) Pause Remark
[2026-06-18T01:48:22.033+0000][15618.763s][info][gc,stringtable] GC(1082) Cleaned string and symbol table, strings: 17464 processed, 0 removed, symbols: 125076 processed, 0 removed
[2026-06-18T01:48:22.033+0000][15618.763s][info][gc            ] GC(1082) Pause Remark 209M->209M(512M) 3.105ms
[2026-06-18T01:48:22.034+0000][15618.764s][info][gc,cpu        ] GC(1082) User=0.02s Sys=0.01s Real=0.01s
[2026-06-18T01:48:22.034+0000][15618.764s][info][gc,marking    ] GC(1082) Concurrent Rebuild Remembered Sets
[2026-06-18T01:48:22.038+0000][15618.768s][info][gc,marking    ] GC(1082) Concurrent Rebuild Remembered Sets 4.743ms
[2026-06-18T01:48:22.039+0000][15618.769s][info][gc,start      ] GC(1082) Pause Cleanup
[2026-06-18T01:48:22.039+0000][15618.769s][info][gc            ] GC(1082) Pause Cleanup 210M->210M(512M) 0.248ms
[2026-06-18T01:48:22.039+0000][15618.769s][info][gc,cpu        ] GC(1082) User=0.00s Sys=0.00s Real=0.00s
[2026-06-18T01:48:22.039+0000][15618.769s][info][gc,marking    ] GC(1082) Concurrent Cleanup for Next Mark
[2026-06-18T01:48:22.039+0000][15618.769s][info][gc,marking    ] GC(1082) Concurrent Cleanup for Next Mark 0.151ms
[2026-06-18T01:48:22.039+0000][15618.769s][info][gc            ] GC(1082) Concurrent Cycle 18.904ms
[2026-06-18T01:48:23.662+0000][15620.392s][info][gc,start      ] GC(1083) Pause Young (Prepare Mixed) (G1 Evacuation Pause)
[2026-06-18T01:48:23.662+0000][15620.392s][info][gc,task       ] GC(1083) Using 13 workers of 13 for evacuation
[2026-06-18T01:48:23.664+0000][15620.394s][info][gc,phases     ] GC(1083)   Pre Evacuate Collection Set: 0.0ms
[2026-06-18T01:48:23.665+0000][15620.395s][info][gc,phases     ] GC(1083)   Evacuate Collection Set: 1.5ms
[2026-06-18T01:48:23.665+0000][15620.395s][info][gc,phases     ] GC(1083)   Post Evacuate Collection Set: 0.3ms
[2026-06-18T01:48:23.665+0000][15620.395s][info][gc,phases     ] GC(1083)   Other: 0.4ms
[2026-06-18T01:48:23.665+0000][15620.395s][info][gc,heap       ] GC(1083) Eden regions: 239->0(20)
[2026-06-18T01:48:23.665+0000][15620.395s][info][gc,heap       ] GC(1083) Survivor regions: 9->5(31)
[2026-06-18T01:48:23.665+0000][15620.395s][info][gc,heap       ] GC(1083) Old regions: 50->50
[2026-06-18T01:48:23.665+0000][15620.395s][info][gc,heap       ] GC(1083) Humongous regions: 147->147
[2026-06-18T01:48:23.665+0000][15620.395s][info][gc,metaspace  ] GC(1083) Metaspace: 52820K(55552K)->52820K(55552K) NonClass: 46887K(48384K)->46887K(48384K) Class: 5932K(7168K)->5932K(7168K)
[2026-06-18T01:48:23.665+0000][15620.395s][info][gc            ] GC(1083) Pause Young (Prepare Mixed) (G1 Evacuation Pause) 444M->201M(512M) 2.864ms
[2026-06-18T01:48:23.665+0000][15620.395s][info][gc,cpu        ] GC(1083) User=0.02s Sys=0.00s Real=0.01s
[2026-06-18T01:48:23.759+0000][15620.489s][info][gc,start      ] GC(1084) Pause Young (Mixed) (G1 Evacuation Pause)
[2026-06-18T01:48:23.759+0000][15620.489s][info][gc,task       ] GC(1084) Using 13 workers of 13 for evacuation
[2026-06-18T01:48:23.762+0000][15620.492s][info][gc,phases     ] GC(1084)   Pre Evacuate Collection Set: 0.0ms
[2026-06-18T01:48:23.762+0000][15620.492s][info][gc,phases     ] GC(1084)   Evacuate Collection Set: 2.0ms
[2026-06-18T01:48:23.762+0000][15620.492s][info][gc,phases     ] GC(1084)   Post Evacuate Collection Set: 0.4ms
[2026-06-18T01:48:23.762+0000][15620.492s][info][gc,phases     ] GC(1084)   Other: 0.3ms
[2026-06-18T01:48:23.762+0000][15620.492s][info][gc,heap       ] GC(1084) Eden regions: 20->0(247)
[2026-06-18T01:48:23.762+0000][15620.492s][info][gc,heap       ] GC(1084) Survivor regions: 5->2(4)
[2026-06-18T01:48:23.762+0000][15620.492s][info][gc,heap       ] GC(1084) Old regions: 50->49
[2026-06-18T01:48:23.762+0000][15620.492s][info][gc,heap       ] GC(1084) Humongous regions: 147->147
[2026-06-18T01:48:23.762+0000][15620.493s][info][gc,metaspace  ] GC(1084) Metaspace: 52820K(55552K)->52820K(55552K) NonClass: 46887K(48384K)->46887K(48384K) Class: 5932K(7168K)->5932K(7168K)
[2026-06-18T01:48:23.763+0000][15620.493s][info][gc            ] GC(1084) Pause Young (Mixed) (G1 Evacuation Pause) 221M->197M(512M) 3.284ms
[2026-06-18T01:48:23.763+0000][15620.493s][info][gc,cpu        ] GC(1084) User=0.02s Sys=0.00s Real=0.00s
[2026-06-18T01:48:25.017+0000][15621.747s][info][gc,start      ] GC(1085) Pause Young (Normal) (G1 Evacuation Pause)
[2026-06-18T01:48:25.017+0000][15621.747s][info][gc,task       ] GC(1085) Using 13 workers of 13 for evacuation
[2026-06-18T01:48:25.020+0000][15621.750s][info][gc,phases     ] GC(1085)   Pre Evacuate Collection Set: 0.0ms
[2026-06-18T01:48:25.020+0000][15621.750s][info][gc,phases     ] GC(1085)   Evacuate Collection Set: 2.8ms
[2026-06-18T01:48:25.020+0000][15621.750s][info][gc,phases     ] GC(1085)   Post Evacuate Collection Set: 0.3ms
[2026-06-18T01:48:25.020+0000][15621.750s][info][gc,phases     ] GC(1085)   Other: 0.3ms
[2026-06-18T01:48:25.020+0000][15621.750s][info][gc,heap       ] GC(1085) Eden regions: 247->0(240)
[2026-06-18T01:48:25.021+0000][15621.751s][info][gc,heap       ] GC(1085) Survivor regions: 2->8(32)
[2026-06-18T01:48:25.021+0000][15621.751s][info][gc,heap       ] GC(1085) Old regions: 49->49
[2026-06-18T01:48:25.021+0000][15621.751s][info][gc,heap       ] GC(1085) Humongous regions: 147->147
[2026-06-18T01:48:25.021+0000][15621.751s][info][gc,metaspace  ] GC(1085) Metaspace: 52820K(55552K)->52820K(55552K) NonClass: 46887K(48384K)->46887K(48384K) Class: 5932K(7168K)->5932K(7168K)
[2026-06-18T01:48:25.021+0000][15621.751s][info][gc            ] GC(1085) Pause Young (Normal) (G1 Evacuation Pause) 444M->203M(512M) 3.948ms
[2026-06-18T01:48:25.021+0000][15621.751s][info][gc,cpu        ] GC(1085) User=0.03s Sys=0.00s Real=0.00s
[2026-06-18T01:48:26.183+0000][15622.913s][info][gc,start      ] GC(1086) Pause Young (Normal) (G1 Evacuation Pause)
[2026-06-18T01:48:26.183+0000][15622.913s][info][gc,task       ] GC(1086) Using 13 workers of 13 for evacuation
[2026-06-18T01:48:26.186+0000][15622.916s][info][gc,phases     ] GC(1086)   Pre Evacuate Collection Set: 0.0ms
[2026-06-18T01:48:26.186+0000][15622.916s][info][gc,phases     ] GC(1086)   Evacuate Collection Set: 3.1ms
[2026-06-18T01:48:26.186+0000][15622.916s][info][gc,phases     ] GC(1086)   Post Evacuate Collection Set: 0.3ms
[2026-06-18T01:48:26.186+0000][15622.916s][info][gc,phases     ] GC(1086)   Other: 0.3ms
[2026-06-18T01:48:26.186+0000][15622.916s][info][gc,heap       ] GC(1086) Eden regions: 240->0(242)
[2026-06-18T01:48:26.186+0000][15622.917s][info][gc,heap       ] GC(1086) Survivor regions: 8->6(31)
[2026-06-18T01:48:26.187+0000][15622.917s][info][gc,heap       ] GC(1086) Old regions: 49->49
[2026-06-18T01:48:26.187+0000][15622.917s][info][gc,heap       ] GC(1086) Humongous regions: 147->147
[2026-06-18T01:48:26.187+0000][15622.917s][info][gc,metaspace  ] GC(1086) Metaspace: 52820K(55552K)->52820K(55552K) NonClass: 46887K(48384K)->46887K(48384K) Class: 5932K(7168K)->5932K(7168K)
[2026-06-18T01:48:26.187+0000][15622.917s][info][gc            ] GC(1086) Pause Young (Normal) (G1 Evacuation Pause) 443M->200M(512M) 3.928ms
[2026-06-18T01:48:26.187+0000][15622.917s][info][gc,cpu        ] GC(1086) User=0.04s Sys=0.00s Real=0.01s
[2026-06-18T01:49:14.729+0000][15671.457s][info][gc,start      ] GC(1087) Pause Young (Concurrent Start) (G1 Evacuation Pause)
[2026-06-18T01:49:14.729+0000][15671.458s][info][gc,task       ] GC(1087) Using 13 workers of 13 for evacuation
[2026-06-18T01:49:14.732+0000][15671.461s][info][gc,phases     ] GC(1087)   Pre Evacuate Collection Set: 0.3ms
[2026-06-18T01:49:14.733+0000][15671.461s][info][gc,phases     ] GC(1087)   Evacuate Collection Set: 2.2ms
[2026-06-18T01:49:14.733+0000][15671.461s][info][gc,phases     ] GC(1087)   Post Evacuate Collection Set: 0.3ms
[2026-06-18T01:49:14.733+0000][15671.461s][info][gc,phases     ] GC(1087)   Other: 0.4ms
[2026-06-18T01:49:14.733+0000][15671.461s][info][gc,heap       ] GC(1087) Eden regions: 242->0(239)
[2026-06-18T01:49:14.733+0000][15671.461s][info][gc,heap       ] GC(1087) Survivor regions: 6->9(31)
[2026-06-18T01:49:14.733+0000][15671.461s][info][gc,heap       ] GC(1087) Old regions: 49->49
[2026-06-18T01:49:14.733+0000][15671.461s][info][gc,heap       ] GC(1087) Humongous regions: 147->147
[2026-06-18T01:49:14.733+0000][15671.461s][info][gc,metaspace  ] GC(1087) Metaspace: 52820K(55552K)->52820K(55552K) NonClass: 46887K(48384K)->46887K(48384K) Class: 5932K(7168K)->5932K(7168K)
[2026-06-18T01:49:14.733+0000][15671.461s][info][gc            ] GC(1087) Pause Young (Concurrent Start) (G1 Evacuation Pause) 442M->203M(512M) 3.690ms
[2026-06-18T01:49:14.733+0000][15671.461s][info][gc,cpu        ] GC(1087) User=0.02s Sys=0.00s Real=0.00s
[2026-06-18T01:49:14.733+0000][15671.461s][info][gc            ] GC(1088) Concurrent Cycle
[2026-06-18T01:49:14.733+0000][15671.461s][info][gc,marking    ] GC(1088) Concurrent Clear Claimed Marks
[2026-06-18T01:49:14.733+0000][15671.461s][info][gc,marking    ] GC(1088) Concurrent Clear Claimed Marks 0.185ms
[2026-06-18T01:49:14.733+0000][15671.461s][info][gc,marking    ] GC(1088) Concurrent Scan Root Regions
[2026-06-18T01:49:14.735+0000][15671.463s][info][gc,marking    ] GC(1088) Concurrent Scan Root Regions 1.463ms
[2026-06-18T01:49:14.735+0000][15671.463s][info][gc,marking    ] GC(1088) Concurrent Mark (15671.463s)
[2026-06-18T01:49:14.735+0000][15671.463s][info][gc,marking    ] GC(1088) Concurrent Mark From Roots
[2026-06-18T01:49:14.735+0000][15671.463s][info][gc,task       ] GC(1088) Using 3 workers of 3 for marking
[2026-06-18T01:49:14.741+0000][15671.469s][info][gc,marking    ] GC(1088) Concurrent Mark From Roots 5.819ms
[2026-06-18T01:49:14.741+0000][15671.469s][info][gc,marking    ] GC(1088) Concurrent Preclean
[2026-06-18T01:49:14.741+0000][15671.469s][info][gc,marking    ] GC(1088) Concurrent Preclean 0.232ms
[2026-06-18T01:49:14.741+0000][15671.469s][info][gc,marking    ] GC(1088) Concurrent Mark (15671.463s, 15671.469s) 6.348ms
[2026-06-18T01:49:14.741+0000][15671.470s][info][gc,start      ] GC(1088) Pause Remark
[2026-06-18T01:49:14.746+0000][15671.474s][info][gc,stringtable] GC(1088) Cleaned string and symbol table, strings: 17464 processed, 0 removed, symbols: 125076 processed, 0 removed
[2026-06-18T01:49:14.746+0000][15671.474s][info][gc            ] GC(1088) Pause Remark 207M->207M(512M) 4.891ms
[2026-06-18T01:49:14.746+0000][15671.475s][info][gc,cpu        ] GC(1088) User=0.05s Sys=0.00s Real=0.01s
[2026-06-18T01:49:14.746+0000][15671.475s][info][gc,marking    ] GC(1088) Concurrent Rebuild Remembered Sets
[2026-06-18T01:49:14.751+0000][15671.480s][info][gc,marking    ] GC(1088) Concurrent Rebuild Remembered Sets 4.910ms
[2026-06-18T01:49:14.752+0000][15671.480s][info][gc,start      ] GC(1088) Pause Cleanup
[2026-06-18T01:49:14.752+0000][15671.480s][info][gc            ] GC(1088) Pause Cleanup 209M->209M(512M) 0.167ms
[2026-06-18T01:49:14.752+0000][15671.480s][info][gc,cpu        ] GC(1088) User=0.01s Sys=0.00s Real=0.00s
[2026-06-18T01:49:14.752+0000][15671.480s][info][gc,marking    ] GC(1088) Concurrent Cleanup for Next Mark
[2026-06-18T01:49:14.752+0000][15671.480s][info][gc,marking    ] GC(1088) Concurrent Cleanup for Next Mark 0.178ms
[2026-06-18T01:49:14.752+0000][15671.481s][info][gc            ] GC(1088) Concurrent Cycle 19.419ms
[2026-06-18T01:49:16.150+0000][15672.879s][info][gc,start      ] GC(1089) Pause Young (Prepare Mixed) (G1 Evacuation Pause)
[2026-06-18T01:49:16.150+0000][15672.879s][info][gc,task       ] GC(1089) Using 13 workers of 13 for evacuation
[2026-06-18T01:49:16.153+0000][15672.881s][info][gc,phases     ] GC(1089)   Pre Evacuate Collection Set: 0.0ms
[2026-06-18T01:49:16.153+0000][15672.882s][info][gc,phases     ] GC(1089)   Evacuate Collection Set: 2.2ms
[2026-06-18T01:49:16.153+0000][15672.882s][info][gc,phases     ] GC(1089)   Post Evacuate Collection Set: 0.4ms
[2026-06-18T01:49:16.153+0000][15672.882s][info][gc,phases     ] GC(1089)   Other: 0.4ms
[2026-06-18T01:49:16.154+0000][15672.882s][info][gc,heap       ] GC(1089) Eden regions: 239->0(19)
[2026-06-18T01:49:16.154+0000][15672.882s][info][gc,heap       ] GC(1089) Survivor regions: 9->6(31)
[2026-06-18T01:49:16.154+0000][15672.882s][info][gc,heap       ] GC(1089) Old regions: 49->49
[2026-06-18T01:49:16.154+0000][15672.882s][info][gc,heap       ] GC(1089) Humongous regions: 147->147
[2026-06-18T01:49:16.154+0000][15672.882s][info][gc,metaspace  ] GC(1089) Metaspace: 52820K(55552K)->52820K(55552K) NonClass: 46887K(48384K)->46887K(48384K) Class: 5932K(7168K)->5932K(7168K)
[2026-06-18T01:49:16.154+0000][15672.882s][info][gc            ] GC(1089) Pause Young (Prepare Mixed) (G1 Evacuation Pause) 442M->200M(512M) 3.535ms
[2026-06-18T01:49:16.154+0000][15672.882s][info][gc,cpu        ] GC(1089) User=0.02s Sys=0.00s Real=0.00s
[2026-06-18T01:49:16.243+0000][15672.971s][info][gc,start      ] GC(1090) Pause Young (Mixed) (G1 Evacuation Pause)
[2026-06-18T01:49:16.243+0000][15672.971s][info][gc,task       ] GC(1090) Using 13 workers of 13 for evacuation
[2026-06-18T01:49:16.246+0000][15672.974s][info][gc,phases     ] GC(1090)   Pre Evacuate Collection Set: 0.0ms
[2026-06-18T01:49:16.246+0000][15672.974s][info][gc,phases     ] GC(1090)   Evacuate Collection Set: 2.4ms
[2026-06-18T01:49:16.246+0000][15672.974s][info][gc,phases     ] GC(1090)   Post Evacuate Collection Set: 0.3ms
[2026-06-18T01:49:16.246+0000][15672.975s][info][gc,phases     ] GC(1090)   Other: 0.3ms
[2026-06-18T01:49:16.250+0000][15672.978s][info][gc,heap       ] GC(1090) Eden regions: 19->0(244)
[2026-06-18T01:49:16.250+0000][15672.978s][info][gc,heap       ] GC(1090) Survivor regions: 6->2(4)
[2026-06-18T01:49:16.250+0000][15672.978s][info][gc,heap       ] GC(1090) Old regions: 49->50
[2026-06-18T01:49:16.250+0000][15672.978s][info][gc,heap       ] GC(1090) Humongous regions: 147->147
[2026-06-18T01:49:16.250+0000][15672.978s][info][gc,metaspace  ] GC(1090) Metaspace: 52820K(55552K)->52820K(55552K) NonClass: 46887K(48384K)->46887K(48384K) Class: 5932K(7168K)->5932K(7168K)
[2026-06-18T01:49:16.250+0000][15672.978s][info][gc            ] GC(1090) Pause Young (Mixed) (G1 Evacuation Pause) 219M->198M(512M) 6.558ms
[2026-06-18T01:49:16.250+0000][15672.978s][info][gc,cpu        ] GC(1090) User=0.03s Sys=0.00s Real=0.01s
[2026-06-18T01:49:17.540+0000][15674.268s][info][gc,start      ] GC(1091) Pause Young (Normal) (G1 Evacuation Pause)
[2026-06-18T01:49:17.540+0000][15674.268s][info][gc,task       ] GC(1091) Using 13 workers of 13 for evacuation
[2026-06-18T01:49:17.542+0000][15674.270s][info][gc,phases     ] GC(1091)   Pre Evacuate Collection Set: 0.0ms
[2026-06-18T01:49:17.542+0000][15674.270s][info][gc,phases     ] GC(1091)   Evacuate Collection Set: 1.2ms
[2026-06-18T01:49:17.542+0000][15674.270s][info][gc,phases     ] GC(1091)   Post Evacuate Collection Set: 0.4ms
[2026-06-18T01:49:17.542+0000][15674.270s][info][gc,phases     ] GC(1091)   Other: 0.3ms
[2026-06-18T01:49:17.542+0000][15674.270s][info][gc,heap       ] GC(1091) Eden regions: 244->0(246)
[2026-06-18T01:49:17.542+0000][15674.270s][info][gc,heap       ] GC(1091) Survivor regions: 2->3(31)
[2026-06-18T01:49:17.542+0000][15674.270s][info][gc,heap       ] GC(1091) Old regions: 50->50
[2026-06-18T01:49:17.542+0000][15674.270s][info][gc,heap       ] GC(1091) Humongous regions: 147->147
[2026-06-18T01:49:17.542+0000][15674.270s][info][gc,metaspace  ] GC(1091) Metaspace: 52821K(55552K)->52821K(55552K) NonClass: 46889K(48384K)->46889K(48384K) Class: 5932K(7168K)->5932K(7168K)
[2026-06-18T01:49:17.542+0000][15674.270s][info][gc            ] GC(1091) Pause Young (Normal) (G1 Evacuation Pause) 442M->198M(512M) 2.413ms
[2026-06-18T01:49:17.542+0000][15674.270s][info][gc,cpu        ] GC(1091) User=0.02s Sys=0.00s Real=0.00s
[2026-06-18T01:49:18.830+0000][15675.558s][info][gc,start      ] GC(1092) Pause Young (Normal) (G1 Evacuation Pause)
[2026-06-18T01:49:18.830+0000][15675.559s][info][gc,task       ] GC(1092) Using 13 workers of 13 for evacuation
[2026-06-18T01:49:18.833+0000][15675.562s][info][gc,phases     ] GC(1092)   Pre Evacuate Collection Set: 0.0ms
[2026-06-18T01:49:18.833+0000][15675.562s][info][gc,phases     ] GC(1092)   Evacuate Collection Set: 2.4ms
[2026-06-18T01:49:18.834+0000][15675.562s][info][gc,phases     ] GC(1092)   Post Evacuate Collection Set: 0.4ms
[2026-06-18T01:49:18.834+0000][15675.562s][info][gc,phases     ] GC(1092)   Other: 0.3ms
[2026-06-18T01:49:18.834+0000][15675.562s][info][gc,heap       ] GC(1092) Eden regions: 246->0(243)
[2026-06-18T01:49:18.834+0000][15675.562s][info][gc,heap       ] GC(1092) Survivor regions: 3->6(32)
[2026-06-18T01:49:18.834+0000][15675.562s][info][gc,heap       ] GC(1092) Old regions: 50->50
[2026-06-18T01:49:18.834+0000][15675.562s][info][gc,heap       ] GC(1092) Humongous regions: 147->147
[2026-06-18T01:49:18.834+0000][15675.562s][info][gc,metaspace  ] GC(1092) Metaspace: 52821K(55552K)->52821K(55552K) NonClass: 46889K(48384K)->46889K(48384K) Class: 5932K(7168K)->5932K(7168K)
[2026-06-18T01:49:18.834+0000][15675.562s][info][gc            ] GC(1092) Pause Young (Normal) (G1 Evacuation Pause) 444M->202M(512M) 3.820ms
[2026-06-18T01:49:18.834+0000][15675.562s][info][gc,cpu        ] GC(1092) User=0.03s Sys=0.00s Real=0.00s
[2026-06-18T01:50:07.439+0000][15724.167s][info][gc,start      ] GC(1093) Pause Young (Concurrent Start) (G1 Evacuation Pause)
[2026-06-18T01:50:07.440+0000][15724.167s][info][gc,task       ] GC(1093) Using 13 workers of 13 for evacuation
[2026-06-18T01:50:07.444+0000][15724.171s][info][gc,phases     ] GC(1093)   Pre Evacuate Collection Set: 0.3ms
[2026-06-18T01:50:07.444+0000][15724.171s][info][gc,phases     ] GC(1093)   Evacuate Collection Set: 3.0ms
[2026-06-18T01:50:07.444+0000][15724.171s][info][gc,phases     ] GC(1093)   Post Evacuate Collection Set: 0.4ms
[2026-06-18T01:50:07.444+0000][15724.171s][info][gc,phases     ] GC(1093)   Other: 0.4ms
[2026-06-18T01:50:07.444+0000][15724.171s][info][gc,heap       ] GC(1093) Eden regions: 243->0(246)
[2026-06-18T01:50:07.444+0000][15724.171s][info][gc,heap       ] GC(1093) Survivor regions: 6->3(32)
[2026-06-18T01:50:07.444+0000][15724.171s][info][gc,heap       ] GC(1093) Old regions: 50->50
[2026-06-18T01:50:07.444+0000][15724.171s][info][gc,heap       ] GC(1093) Humongous regions: 147->147
[2026-06-18T01:50:07.444+0000][15724.172s][info][gc,metaspace  ] GC(1093) Metaspace: 52821K(55552K)->52821K(55552K) NonClass: 46889K(48384K)->46889K(48384K) Class: 5932K(7168K)->5932K(7168K)
[2026-06-18T01:50:07.444+0000][15724.172s][info][gc            ] GC(1093) Pause Young (Concurrent Start) (G1 Evacuation Pause) 445M->199M(512M) 4.620ms
[2026-06-18T01:50:07.444+0000][15724.172s][info][gc,cpu        ] GC(1093) User=0.03s Sys=0.00s Real=0.00s
[2026-06-18T01:50:07.444+0000][15724.172s][info][gc            ] GC(1094) Concurrent Cycle
[2026-06-18T01:50:07.444+0000][15724.172s][info][gc,marking    ] GC(1094) Concurrent Clear Claimed Marks
[2026-06-18T01:50:07.445+0000][15724.172s][info][gc,marking    ] GC(1094) Concurrent Clear Claimed Marks 0.203ms
[2026-06-18T01:50:07.445+0000][15724.172s][info][gc,marking    ] GC(1094) Concurrent Scan Root Regions
[2026-06-18T01:50:07.446+0000][15724.173s][info][gc,marking    ] GC(1094) Concurrent Scan Root Regions 1.091ms
[2026-06-18T01:50:07.446+0000][15724.173s][info][gc,marking    ] GC(1094) Concurrent Mark (15724.173s)
[2026-06-18T01:50:07.446+0000][15724.173s][info][gc,marking    ] GC(1094) Concurrent Mark From Roots
[2026-06-18T01:50:07.446+0000][15724.173s][info][gc,task       ] GC(1094) Using 3 workers of 3 for marking
[2026-06-18T01:50:07.452+0000][15724.179s][info][gc,marking    ] GC(1094) Concurrent Mark From Roots 6.010ms
[2026-06-18T01:50:07.452+0000][15724.180s][info][gc,marking    ] GC(1094) Concurrent Preclean
[2026-06-18T01:50:07.452+0000][15724.180s][info][gc,marking    ] GC(1094) Concurrent Preclean 0.294ms
[2026-06-18T01:50:07.453+0000][15724.180s][info][gc,marking    ] GC(1094) Concurrent Mark (15724.173s, 15724.180s) 6.790ms
[2026-06-18T01:50:07.453+0000][15724.180s][info][gc,start      ] GC(1094) Pause Remark
[2026-06-18T01:50:07.456+0000][15724.183s][info][gc,stringtable] GC(1094) Cleaned string and symbol table, strings: 17464 processed, 0 removed, symbols: 125076 processed, 0 removed
[2026-06-18T01:50:07.456+0000][15724.183s][info][gc            ] GC(1094) Pause Remark 203M->203M(512M) 2.994ms
[2026-06-18T01:50:07.456+0000][15724.183s][info][gc,cpu        ] GC(1094) User=0.01s Sys=0.00s Real=0.01s
[2026-06-18T01:50:07.456+0000][15724.184s][info][gc,marking    ] GC(1094) Concurrent Rebuild Remembered Sets
[2026-06-18T01:50:07.461+0000][15724.188s][info][gc,marking    ] GC(1094) Concurrent Rebuild Remembered Sets 4.878ms
[2026-06-18T01:50:07.461+0000][15724.189s][info][gc,start      ] GC(1094) Pause Cleanup
[2026-06-18T01:50:07.462+0000][15724.189s][info][gc            ] GC(1094) Pause Cleanup 204M->204M(512M) 0.376ms
[2026-06-18T01:50:07.462+0000][15724.189s][info][gc,cpu        ] GC(1094) User=0.00s Sys=0.01s Real=0.00s
[2026-06-18T01:50:07.462+0000][15724.189s][info][gc,marking    ] GC(1094) Concurrent Cleanup for Next Mark
[2026-06-18T01:50:07.462+0000][15724.189s][info][gc,marking    ] GC(1094) Concurrent Cleanup for Next Mark 0.164ms
[2026-06-18T01:50:07.462+0000][15724.190s][info][gc            ] GC(1094) Concurrent Cycle 17.752ms
[2026-06-18T01:50:08.774+0000][15725.502s][info][gc,start      ] GC(1095) Pause Young (Prepare Mixed) (G1 Evacuation Pause)
[2026-06-18T01:50:08.774+0000][15725.502s][info][gc,task       ] GC(1095) Using 13 workers of 13 for evacuation
[2026-06-18T01:50:08.776+0000][15725.504s][info][gc,phases     ] GC(1095)   Pre Evacuate Collection Set: 0.0ms
[2026-06-18T01:50:08.777+0000][15725.504s][info][gc,phases     ] GC(1095)   Evacuate Collection Set: 1.6ms
[2026-06-18T01:50:08.777+0000][15725.504s][info][gc,phases     ] GC(1095)   Post Evacuate Collection Set: 0.4ms
[2026-06-18T01:50:08.777+0000][15725.504s][info][gc,phases     ] GC(1095)   Other: 0.3ms
[2026-06-18T01:50:08.777+0000][15725.504s][info][gc,heap       ] GC(1095) Eden regions: 246->0(19)
[2026-06-18T01:50:08.777+0000][15725.504s][info][gc,heap       ] GC(1095) Survivor regions: 3->6(32)
[2026-06-18T01:50:08.777+0000][15725.504s][info][gc,heap       ] GC(1095) Old regions: 50->50
[2026-06-18T01:50:08.777+0000][15725.504s][info][gc,heap       ] GC(1095) Humongous regions: 147->147
[2026-06-18T01:50:08.777+0000][15725.504s][info][gc,metaspace  ] GC(1095) Metaspace: 52821K(55552K)->52821K(55552K) NonClass: 46889K(48384K)->46889K(48384K) Class: 5932K(7168K)->5932K(7168K)
[2026-06-18T01:50:08.777+0000][15725.504s][info][gc            ] GC(1095) Pause Young (Prepare Mixed) (G1 Evacuation Pause) 445M->201M(512M) 2.633ms
[2026-06-18T01:50:08.777+0000][15725.504s][info][gc,cpu        ] GC(1095) User=0.02s Sys=0.00s Real=0.01s
[2026-06-18T01:50:08.869+0000][15725.596s][info][gc,start      ] GC(1096) Pause Young (Mixed) (G1 Evacuation Pause)
[2026-06-18T01:50:08.869+0000][15725.596s][info][gc,task       ] GC(1096) Using 13 workers of 13 for evacuation
[2026-06-18T01:50:08.872+0000][15725.600s][info][gc,phases     ] GC(1096)   Pre Evacuate Collection Set: 0.0ms
[2026-06-18T01:50:08.872+0000][15725.600s][info][gc,phases     ] GC(1096)   Evacuate Collection Set: 2.8ms
[2026-06-18T01:50:08.872+0000][15725.600s][info][gc,phases     ] GC(1096)   Post Evacuate Collection Set: 0.4ms
[2026-06-18T01:50:08.873+0000][15725.600s][info][gc,phases     ] GC(1096)   Other: 0.4ms
[2026-06-18T01:50:08.873+0000][15725.600s][info][gc,heap       ] GC(1096) Eden regions: 19->0(247)
[2026-06-18T01:50:08.873+0000][15725.600s][info][gc,heap       ] GC(1096) Survivor regions: 6->2(4)
[2026-06-18T01:50:08.873+0000][15725.600s][info][gc,heap       ] GC(1096) Old regions: 50->50
[2026-06-18T01:50:08.873+0000][15725.600s][info][gc,heap       ] GC(1096) Humongous regions: 147->147
[2026-06-18T01:50:08.873+0000][15725.600s][info][gc,metaspace  ] GC(1096) Metaspace: 52821K(55552K)->52821K(55552K) NonClass: 46889K(48384K)->46889K(48384K) Class: 5932K(7168K)->5932K(7168K)
[2026-06-18T01:50:08.873+0000][15725.600s][info][gc            ] GC(1096) Pause Young (Mixed) (G1 Evacuation Pause) 220M->198M(512M) 4.199ms
[2026-06-18T01:50:08.873+0000][15725.601s][info][gc,cpu        ] GC(1096) User=0.02s Sys=0.00s Real=0.00s
[2026-06-18T01:50:10.056+0000][15726.783s][info][gc,start      ] GC(1097) Pause Young (Normal) (G1 Evacuation Pause)
[2026-06-18T01:50:10.056+0000][15726.783s][info][gc,task       ] GC(1097) Using 13 workers of 13 for evacuation
[2026-06-18T01:50:10.058+0000][15726.785s][info][gc,phases     ] GC(1097)   Pre Evacuate Collection Set: 0.0ms
[2026-06-18T01:50:10.058+0000][15726.785s][info][gc,phases     ] GC(1097)   Evacuate Collection Set: 1.1ms
[2026-06-18T01:50:10.058+0000][15726.785s][info][gc,phases     ] GC(1097)   Post Evacuate Collection Set: 0.3ms
[2026-06-18T01:50:10.058+0000][15726.785s][info][gc,phases     ] GC(1097)   Other: 0.4ms
[2026-06-18T01:50:10.058+0000][15726.785s][info][gc,heap       ] GC(1097) Eden regions: 247->0(249)
[2026-06-18T01:50:10.058+0000][15726.785s][info][gc,heap       ] GC(1097) Survivor regions: 2->2(32)
[2026-06-18T01:50:10.058+0000][15726.785s][info][gc,heap       ] GC(1097) Old regions: 50->50
[2026-06-18T01:50:10.058+0000][15726.785s][info][gc,heap       ] GC(1097) Humongous regions: 147->147
[2026-06-18T01:50:10.058+0000][15726.785s][info][gc,metaspace  ] GC(1097) Metaspace: 52821K(55552K)->52821K(55552K) NonClass: 46889K(48384K)->46889K(48384K) Class: 5932K(7168K)->5932K(7168K)
[2026-06-18T01:50:10.058+0000][15726.785s][info][gc            ] GC(1097) Pause Young (Normal) (G1 Evacuation Pause) 445M->198M(512M) 2.214ms
[2026-06-18T01:50:10.058+0000][15726.786s][info][gc,cpu        ] GC(1097) User=0.01s Sys=0.00s Real=0.00s
[2026-06-18T01:50:58.560+0000][15775.290s][info][gc,start      ] GC(1098) Pause Young (Normal) (G1 Evacuation Pause)
[2026-06-18T01:50:58.560+0000][15775.290s][info][gc,task       ] GC(1098) Using 13 workers of 13 for evacuation
[2026-06-18T01:50:58.571+0000][15775.301s][info][gc,phases     ] GC(1098)   Pre Evacuate Collection Set: 0.0ms
[2026-06-18T01:50:58.571+0000][15775.301s][info][gc,phases     ] GC(1098)   Evacuate Collection Set: 10.2ms
[2026-06-18T01:50:58.571+0000][15775.301s][info][gc,phases     ] GC(1098)   Post Evacuate Collection Set: 0.3ms
[2026-06-18T01:50:58.571+0000][15775.301s][info][gc,phases     ] GC(1098)   Other: 0.4ms
[2026-06-18T01:50:58.571+0000][15775.302s][info][gc,heap       ] GC(1098) Eden regions: 249->0(243)
[2026-06-18T01:50:58.571+0000][15775.302s][info][gc,heap       ] GC(1098) Survivor regions: 2->7(32)
[2026-06-18T01:50:58.571+0000][15775.302s][info][gc,heap       ] GC(1098) Old regions: 50->50
[2026-06-18T01:50:58.571+0000][15775.302s][info][gc,heap       ] GC(1098) Humongous regions: 147->147
[2026-06-18T01:50:58.571+0000][15775.302s][info][gc,metaspace  ] GC(1098) Metaspace: 52821K(55552K)->52821K(55552K) NonClass: 46889K(48384K)->46889K(48384K) Class: 5932K(7168K)->5932K(7168K)
[2026-06-18T01:50:58.571+0000][15775.302s][info][gc            ] GC(1098) Pause Young (Normal) (G1 Evacuation Pause) 447M->203M(512M) 11.625ms
[2026-06-18T01:50:58.572+0000][15775.302s][info][gc,cpu        ] GC(1098) User=0.10s Sys=0.00s Real=0.01s
[2026-06-18T01:51:00.165+0000][15776.895s][info][gc,start      ] GC(1099) Pause Young (Concurrent Start) (G1 Evacuation Pause)
[2026-06-18T01:51:00.165+0000][15776.896s][info][gc,task       ] GC(1099) Using 13 workers of 13 for evacuation
[2026-06-18T01:51:00.168+0000][15776.899s][info][gc,phases     ] GC(1099)   Pre Evacuate Collection Set: 0.3ms
[2026-06-18T01:51:00.168+0000][15776.899s][info][gc,phases     ] GC(1099)   Evacuate Collection Set: 2.1ms
[2026-06-18T01:51:00.168+0000][15776.899s][info][gc,phases     ] GC(1099)   Post Evacuate Collection Set: 0.4ms
[2026-06-18T01:51:00.168+0000][15776.899s][info][gc,phases     ] GC(1099)   Other: 0.4ms
[2026-06-18T01:51:00.169+0000][15776.899s][info][gc,heap       ] GC(1099) Eden regions: 243->0(239)
[2026-06-18T01:51:00.169+0000][15776.899s][info][gc,heap       ] GC(1099) Survivor regions: 7->10(32)
[2026-06-18T01:51:00.169+0000][15776.899s][info][gc,heap       ] GC(1099) Old regions: 50->50
[2026-06-18T01:51:00.169+0000][15776.899s][info][gc,heap       ] GC(1099) Humongous regions: 147->147
[2026-06-18T01:51:00.169+0000][15776.899s][info][gc,metaspace  ] GC(1099) Metaspace: 52821K(55552K)->52821K(55552K) NonClass: 46889K(48384K)->46889K(48384K) Class: 5932K(7168K)->5932K(7168K)
[2026-06-18T01:51:00.169+0000][15776.899s][info][gc            ] GC(1099) Pause Young (Concurrent Start) (G1 Evacuation Pause) 446M->206M(512M) 3.693ms
[2026-06-18T01:51:00.169+0000][15776.899s][info][gc,cpu        ] GC(1099) User=0.02s Sys=0.00s Real=0.00s
[2026-06-18T01:51:00.169+0000][15776.899s][info][gc            ] GC(1100) Concurrent Cycle
[2026-06-18T01:51:00.169+0000][15776.899s][info][gc,marking    ] GC(1100) Concurrent Clear Claimed Marks
[2026-06-18T01:51:00.169+0000][15776.900s][info][gc,marking    ] GC(1100) Concurrent Clear Claimed Marks 0.250ms
[2026-06-18T01:51:00.169+0000][15776.900s][info][gc,marking    ] GC(1100) Concurrent Scan Root Regions
[2026-06-18T01:51:00.171+0000][15776.901s][info][gc,marking    ] GC(1100) Concurrent Scan Root Regions 1.579ms
[2026-06-18T01:51:00.171+0000][15776.901s][info][gc,marking    ] GC(1100) Concurrent Mark (15776.901s)
[2026-06-18T01:51:00.171+0000][15776.901s][info][gc,marking    ] GC(1100) Concurrent Mark From Roots
[2026-06-18T01:51:00.171+0000][15776.901s][info][gc,task       ] GC(1100) Using 3 workers of 3 for marking
[2026-06-18T01:51:00.176+0000][15776.907s][info][gc,marking    ] GC(1100) Concurrent Mark From Roots 5.460ms
[2026-06-18T01:51:00.177+0000][15776.907s][info][gc,marking    ] GC(1100) Concurrent Preclean
[2026-06-18T01:51:00.177+0000][15776.907s][info][gc,marking    ] GC(1100) Concurrent Preclean 0.184ms
[2026-06-18T01:51:00.177+0000][15776.907s][info][gc,marking    ] GC(1100) Concurrent Mark (15776.901s, 15776.907s) 5.901ms
[2026-06-18T01:51:00.177+0000][15776.908s][info][gc,start      ] GC(1100) Pause Remark
[2026-06-18T01:51:00.180+0000][15776.910s][info][gc,stringtable] GC(1100) Cleaned string and symbol table, strings: 17464 processed, 0 removed, symbols: 125076 processed, 0 removed
[2026-06-18T01:51:00.180+0000][15776.910s][info][gc            ] GC(1100) Pause Remark 210M->210M(512M) 2.905ms
[2026-06-18T01:51:00.180+0000][15776.910s][info][gc,cpu        ] GC(1100) User=0.03s Sys=0.00s Real=0.00s
[2026-06-18T01:51:00.180+0000][15776.911s][info][gc,marking    ] GC(1100) Concurrent Rebuild Remembered Sets
[2026-06-18T01:51:00.184+0000][15776.915s][info][gc,marking    ] GC(1100) Concurrent Rebuild Remembered Sets 3.966ms
[2026-06-18T01:51:00.184+0000][15776.915s][info][gc,start      ] GC(1100) Pause Cleanup
[2026-06-18T01:51:00.185+0000][15776.915s][info][gc            ] GC(1100) Pause Cleanup 211M->211M(512M) 0.183ms
[2026-06-18T01:51:00.185+0000][15776.915s][info][gc,cpu        ] GC(1100) User=0.00s Sys=0.00s Real=0.00s
[2026-06-18T01:51:00.185+0000][15776.915s][info][gc,marking    ] GC(1100) Concurrent Cleanup for Next Mark
[2026-06-18T01:51:00.185+0000][15776.915s][info][gc,marking    ] GC(1100) Concurrent Cleanup for Next Mark 0.152ms
[2026-06-18T01:51:00.185+0000][15776.915s][info][gc            ] GC(1100) Concurrent Cycle 16.041ms
[2026-06-18T01:51:01.407+0000][15778.137s][info][gc,start      ] GC(1101) Pause Young (Prepare Mixed) (G1 Evacuation Pause)
[2026-06-18T01:51:01.407+0000][15778.137s][info][gc,task       ] GC(1101) Using 13 workers of 13 for evacuation
[2026-06-18T01:51:01.409+0000][15778.140s][info][gc,phases     ] GC(1101)   Pre Evacuate Collection Set: 0.0ms
[2026-06-18T01:51:01.409+0000][15778.140s][info][gc,phases     ] GC(1101)   Evacuate Collection Set: 1.9ms
[2026-06-18T01:51:01.409+0000][15778.140s][info][gc,phases     ] GC(1101)   Post Evacuate Collection Set: 0.4ms
[2026-06-18T01:51:01.410+0000][15778.140s][info][gc,phases     ] GC(1101)   Other: 0.4ms
[2026-06-18T01:51:01.410+0000][15778.140s][info][gc,heap       ] GC(1101) Eden regions: 239->0(17)
[2026-06-18T01:51:01.410+0000][15778.140s][info][gc,heap       ] GC(1101) Survivor regions: 10->8(32)
[2026-06-18T01:51:01.410+0000][15778.140s][info][gc,heap       ] GC(1101) Old regions: 50->50
[2026-06-18T01:51:01.410+0000][15778.140s][info][gc,heap       ] GC(1101) Humongous regions: 147->147
[2026-06-18T01:51:01.410+0000][15778.140s][info][gc,metaspace  ] GC(1101) Metaspace: 52821K(55552K)->52821K(55552K) NonClass: 46889K(48384K)->46889K(48384K) Class: 5932K(7168K)->5932K(7168K)
[2026-06-18T01:51:01.410+0000][15778.140s][info][gc            ] GC(1101) Pause Young (Prepare Mixed) (G1 Evacuation Pause) 445M->204M(512M) 3.230ms
[2026-06-18T01:51:01.410+0000][15778.140s][info][gc,cpu        ] GC(1101) User=0.02s Sys=0.00s Real=0.00s
[2026-06-18T01:51:01.483+0000][15778.214s][info][gc,start      ] GC(1102) Pause Young (Mixed) (G1 Evacuation Pause)
[2026-06-18T01:51:01.483+0000][15778.214s][info][gc,task       ] GC(1102) Using 13 workers of 13 for evacuation
[2026-06-18T01:51:01.487+0000][15778.217s][info][gc,phases     ] GC(1102)   Pre Evacuate Collection Set: 0.0ms
[2026-06-18T01:51:01.487+0000][15778.217s][info][gc,phases     ] GC(1102)   Evacuate Collection Set: 3.0ms
[2026-06-18T01:51:01.487+0000][15778.218s][info][gc,phases     ] GC(1102)   Post Evacuate Collection Set: 0.3ms
[2026-06-18T01:51:01.487+0000][15778.218s][info][gc,phases     ] GC(1102)   Other: 0.4ms
[2026-06-18T01:51:01.487+0000][15778.218s][info][gc,heap       ] GC(1102) Eden regions: 17->0(244)
[2026-06-18T01:51:01.487+0000][15778.218s][info][gc,heap       ] GC(1102) Survivor regions: 8->2(4)
[2026-06-18T01:51:01.487+0000][15778.218s][info][gc,heap       ] GC(1102) Old regions: 50->52
[2026-06-18T01:51:01.487+0000][15778.218s][info][gc,heap       ] GC(1102) Humongous regions: 147->147
[2026-06-18T01:51:01.487+0000][15778.218s][info][gc,metaspace  ] GC(1102) Metaspace: 52821K(55552K)->52821K(55552K) NonClass: 46889K(48384K)->46889K(48384K) Class: 5932K(7168K)->5932K(7168K)
[2026-06-18T01:51:01.488+0000][15778.218s][info][gc            ] GC(1102) Pause Young (Mixed) (G1 Evacuation Pause) 221M->200M(512M) 4.270ms
[2026-06-18T01:51:01.488+0000][15778.218s][info][gc,cpu        ] GC(1102) User=0.03s Sys=0.00s Real=0.00s
[2026-06-18T01:51:02.665+0000][15779.395s][info][gc,start      ] GC(1103) Pause Young (Normal) (G1 Evacuation Pause)
[2026-06-18T01:51:02.665+0000][15779.395s][info][gc,task       ] GC(1103) Using 13 workers of 13 for evacuation
[2026-06-18T01:51:02.666+0000][15779.397s][info][gc,phases     ] GC(1103)   Pre Evacuate Collection Set: 0.0ms
[2026-06-18T01:51:02.666+0000][15779.397s][info][gc,phases     ] GC(1103)   Evacuate Collection Set: 1.2ms
[2026-06-18T01:51:02.667+0000][15779.397s][info][gc,phases     ] GC(1103)   Post Evacuate Collection Set: 0.3ms
[2026-06-18T01:51:02.667+0000][15779.397s][info][gc,phases     ] GC(1103)   Other: 0.3ms
[2026-06-18T01:51:02.667+0000][15779.397s][info][gc,heap       ] GC(1103) Eden regions: 244->0(246)
[2026-06-18T01:51:02.667+0000][15779.397s][info][gc,heap       ] GC(1103) Survivor regions: 2->2(31)
[2026-06-18T01:51:02.667+0000][15779.397s][info][gc,heap       ] GC(1103) Old regions: 52->52
[2026-06-18T01:51:02.667+0000][15779.397s][info][gc,heap       ] GC(1103) Humongous regions: 147->147
[2026-06-18T01:51:02.667+0000][15779.397s][info][gc,metaspace  ] GC(1103) Metaspace: 52821K(55552K)->52821K(55552K) NonClass: 46889K(48384K)->46889K(48384K) Class: 5932K(7168K)->5932K(7168K)
[2026-06-18T01:51:02.667+0000][15779.397s][info][gc            ] GC(1103) Pause Young (Normal) (G1 Evacuation Pause) 444M->200M(512M) 2.427ms
[2026-06-18T01:51:02.667+0000][15779.397s][info][gc,cpu        ] GC(1103) User=0.02s Sys=0.00s Real=0.00s
[2026-06-18T01:51:51.314+0000][15828.041s][info][gc,start      ] GC(1104) Pause Young (Normal) (G1 Evacuation Pause)
[2026-06-18T01:51:51.314+0000][15828.041s][info][gc,task       ] GC(1104) Using 13 workers of 13 for evacuation
[2026-06-18T01:51:51.318+0000][15828.045s][info][gc,phases     ] GC(1104)   Pre Evacuate Collection Set: 0.0ms
[2026-06-18T01:51:51.319+0000][15828.045s][info][gc,phases     ] GC(1104)   Evacuate Collection Set: 3.4ms
[2026-06-18T01:51:51.319+0000][15828.045s][info][gc,phases     ] GC(1104)   Post Evacuate Collection Set: 0.3ms
[2026-06-18T01:51:51.319+0000][15828.045s][info][gc,phases     ] GC(1104)   Other: 0.4ms
[2026-06-18T01:51:51.319+0000][15828.045s][info][gc,heap       ] GC(1104) Eden regions: 246->0(242)
[2026-06-18T01:51:51.319+0000][15828.045s][info][gc,heap       ] GC(1104) Survivor regions: 2->6(31)
[2026-06-18T01:51:51.319+0000][15828.045s][info][gc,heap       ] GC(1104) Old regions: 52->52
[2026-06-18T01:51:51.319+0000][15828.045s][info][gc,heap       ] GC(1104) Humongous regions: 147->147
[2026-06-18T01:51:51.319+0000][15828.045s][info][gc,metaspace  ] GC(1104) Metaspace: 52821K(55552K)->52821K(55552K) NonClass: 46889K(48384K)->46889K(48384K) Class: 5932K(7168K)->5932K(7168K)
[2026-06-18T01:51:51.319+0000][15828.045s][info][gc            ] GC(1104) Pause Young (Normal) (G1 Evacuation Pause) 446M->204M(512M) 4.702ms
[2026-06-18T01:51:51.319+0000][15828.045s][info][gc,cpu        ] GC(1104) User=0.04s Sys=0.00s Real=0.01s
[2026-06-18T01:51:52.675+0000][15829.402s][info][gc,start      ] GC(1105) Pause Young (Concurrent Start) (G1 Evacuation Pause)
[2026-06-18T01:51:52.675+0000][15829.402s][info][gc,task       ] GC(1105) Using 13 workers of 13 for evacuation
[2026-06-18T01:51:52.679+0000][15829.405s][info][gc,phases     ] GC(1105)   Pre Evacuate Collection Set: 0.3ms
[2026-06-18T01:51:52.679+0000][15829.405s][info][gc,phases     ] GC(1105)   Evacuate Collection Set: 2.2ms
[2026-06-18T01:51:52.679+0000][15829.405s][info][gc,phases     ] GC(1105)   Post Evacuate Collection Set: 0.5ms
[2026-06-18T01:51:52.679+0000][15829.405s][info][gc,phases     ] GC(1105)   Other: 0.4ms
[2026-06-18T01:51:52.679+0000][15829.405s][info][gc,heap       ] GC(1105) Eden regions: 242->0(236)
[2026-06-18T01:51:52.679+0000][15829.405s][info][gc,heap       ] GC(1105) Survivor regions: 6->10(31)
[2026-06-18T01:51:52.679+0000][15829.406s][info][gc,heap       ] GC(1105) Old regions: 52->52
[2026-06-18T01:51:52.679+0000][15829.406s][info][gc,heap       ] GC(1105) Humongous regions: 147->147
[2026-06-18T01:51:52.679+0000][15829.406s][info][gc,metaspace  ] GC(1105) Metaspace: 52821K(55552K)->52821K(55552K) NonClass: 46889K(48384K)->46889K(48384K) Class: 5932K(7168K)->5932K(7168K)
[2026-06-18T01:51:52.679+0000][15829.406s][info][gc            ] GC(1105) Pause Young (Concurrent Start) (G1 Evacuation Pause) 446M->208M(512M) 3.946ms
[2026-06-18T01:51:52.679+0000][15829.406s][info][gc,cpu        ] GC(1105) User=0.03s Sys=0.00s Real=0.01s
[2026-06-18T01:51:52.679+0000][15829.406s][info][gc            ] GC(1106) Concurrent Cycle
[2026-06-18T01:51:52.680+0000][15829.406s][info][gc,marking    ] GC(1106) Concurrent Clear Claimed Marks
[2026-06-18T01:51:52.680+0000][15829.406s][info][gc,marking    ] GC(1106) Concurrent Clear Claimed Marks 0.226ms
[2026-06-18T01:51:52.680+0000][15829.406s][info][gc,marking    ] GC(1106) Concurrent Scan Root Regions
[2026-06-18T01:51:52.682+0000][15829.408s][info][gc,marking    ] GC(1106) Concurrent Scan Root Regions 1.603ms
[2026-06-18T01:51:52.682+0000][15829.408s][info][gc,marking    ] GC(1106) Concurrent Mark (15829.408s)
[2026-06-18T01:51:52.682+0000][15829.408s][info][gc,marking    ] GC(1106) Concurrent Mark From Roots
[2026-06-18T01:51:52.682+0000][15829.408s][info][gc,task       ] GC(1106) Using 3 workers of 3 for marking
[2026-06-18T01:51:52.687+0000][15829.414s][info][gc,marking    ] GC(1106) Concurrent Mark From Roots 5.785ms
[2026-06-18T01:51:52.688+0000][15829.414s][info][gc,marking    ] GC(1106) Concurrent Preclean
[2026-06-18T01:51:52.688+0000][15829.414s][info][gc,marking    ] GC(1106) Concurrent Preclean 0.220ms
[2026-06-18T01:51:52.688+0000][15829.414s][info][gc,marking    ] GC(1106) Concurrent Mark (15829.408s, 15829.414s) 6.235ms
[2026-06-18T01:51:52.688+0000][15829.415s][info][gc,start      ] GC(1106) Pause Remark
[2026-06-18T01:51:52.690+0000][15829.417s][info][gc,stringtable] GC(1106) Cleaned string and symbol table, strings: 17464 processed, 0 removed, symbols: 125076 processed, 0 removed
[2026-06-18T01:51:52.691+0000][15829.417s][info][gc            ] GC(1106) Pause Remark 212M->212M(512M) 2.695ms
[2026-06-18T01:51:52.691+0000][15829.417s][info][gc,cpu        ] GC(1106) User=0.03s Sys=0.00s Real=0.00s
[2026-06-18T01:51:52.691+0000][15829.417s][info][gc,marking    ] GC(1106) Concurrent Rebuild Remembered Sets
[2026-06-18T01:51:52.696+0000][15829.422s][info][gc,marking    ] GC(1106) Concurrent Rebuild Remembered Sets 4.831ms
[2026-06-18T01:51:52.696+0000][15829.423s][info][gc,start      ] GC(1106) Pause Cleanup
[2026-06-18T01:51:52.696+0000][15829.423s][info][gc            ] GC(1106) Pause Cleanup 213M->213M(512M) 0.184ms
[2026-06-18T01:51:52.696+0000][15829.423s][info][gc,cpu        ] GC(1106) User=0.00s Sys=0.00s Real=0.01s
[2026-06-18T01:51:52.697+0000][15829.423s][info][gc,marking    ] GC(1106) Concurrent Cleanup for Next Mark
[2026-06-18T01:51:52.697+0000][15829.423s][info][gc,marking    ] GC(1106) Concurrent Cleanup for Next Mark 0.142ms
[2026-06-18T01:51:52.697+0000][15829.423s][info][gc            ] GC(1106) Concurrent Cycle 17.279ms
[2026-06-18T01:51:53.841+0000][15830.567s][info][gc,start      ] GC(1107) Pause Young (Prepare Mixed) (G1 Evacuation Pause)
[2026-06-18T01:51:53.841+0000][15830.568s][info][gc,task       ] GC(1107) Using 13 workers of 13 for evacuation
[2026-06-18T01:51:53.844+0000][15830.571s][info][gc,phases     ] GC(1107)   Pre Evacuate Collection Set: 0.0ms
[2026-06-18T01:51:53.844+0000][15830.571s][info][gc,phases     ] GC(1107)   Evacuate Collection Set: 2.5ms
[2026-06-18T01:51:53.844+0000][15830.571s][info][gc,phases     ] GC(1107)   Post Evacuate Collection Set: 0.4ms
[2026-06-18T01:51:53.844+0000][15830.571s][info][gc,phases     ] GC(1107)   Other: 0.3ms
[2026-06-18T01:51:53.844+0000][15830.571s][info][gc,heap       ] GC(1107) Eden regions: 236->0(19)
[2026-06-18T01:51:53.845+0000][15830.571s][info][gc,heap       ] GC(1107) Survivor regions: 10->6(31)
[2026-06-18T01:51:53.845+0000][15830.571s][info][gc,heap       ] GC(1107) Old regions: 52->52
[2026-06-18T01:51:53.845+0000][15830.571s][info][gc,heap       ] GC(1107) Humongous regions: 147->147
[2026-06-18T01:51:53.845+0000][15830.571s][info][gc,metaspace  ] GC(1107) Metaspace: 52821K(55552K)->52821K(55552K) NonClass: 46889K(48384K)->46889K(48384K) Class: 5932K(7168K)->5932K(7168K)
[2026-06-18T01:51:53.845+0000][15830.571s][info][gc            ] GC(1107) Pause Young (Prepare Mixed) (G1 Evacuation Pause) 444M->204M(512M) 3.758ms
[2026-06-18T01:51:53.845+0000][15830.571s][info][gc,cpu        ] GC(1107) User=0.04s Sys=0.00s Real=0.00s
[2026-06-18T01:51:53.935+0000][15830.662s][info][gc,start      ] GC(1108) Pause Young (Mixed) (G1 Evacuation Pause)
[2026-06-18T01:51:53.935+0000][15830.662s][info][gc,task       ] GC(1108) Using 13 workers of 13 for evacuation
[2026-06-18T01:51:53.939+0000][15830.665s][info][gc,phases     ] GC(1108)   Pre Evacuate Collection Set: 0.0ms
[2026-06-18T01:51:53.939+0000][15830.665s][info][gc,phases     ] GC(1108)   Evacuate Collection Set: 2.8ms
[2026-06-18T01:51:53.939+0000][15830.665s][info][gc,phases     ] GC(1108)   Post Evacuate Collection Set: 0.4ms
[2026-06-18T01:51:53.939+0000][15830.665s][info][gc,phases     ] GC(1108)   Other: 0.3ms
[2026-06-18T01:51:53.939+0000][15830.665s][info][gc,heap       ] GC(1108) Eden regions: 19->0(246)
[2026-06-18T01:51:53.939+0000][15830.665s][info][gc,heap       ] GC(1108) Survivor regions: 6->2(4)
[2026-06-18T01:51:53.939+0000][15830.666s][info][gc,heap       ] GC(1108) Old regions: 52->50
[2026-06-18T01:51:53.939+0000][15830.666s][info][gc,heap       ] GC(1108) Humongous regions: 147->147
[2026-06-18T01:51:53.939+0000][15830.666s][info][gc,metaspace  ] GC(1108) Metaspace: 52821K(55552K)->52821K(55552K) NonClass: 46889K(48384K)->46889K(48384K) Class: 5932K(7168K)->5932K(7168K)
[2026-06-18T01:51:53.939+0000][15830.666s][info][gc            ] GC(1108) Pause Young (Mixed) (G1 Evacuation Pause) 223M->198M(512M) 4.108ms
[2026-06-18T01:51:53.939+0000][15830.666s][info][gc,cpu        ] GC(1108) User=0.02s Sys=0.00s Real=0.01s
[2026-06-18T01:52:42.332+0000][15879.057s][info][gc,start      ] GC(1109) Pause Young (Normal) (G1 Evacuation Pause)
[2026-06-18T01:52:42.332+0000][15879.057s][info][gc,task       ] GC(1109) Using 13 workers of 13 for evacuation
[2026-06-18T01:52:42.341+0000][15879.066s][info][gc,phases     ] GC(1109)   Pre Evacuate Collection Set: 0.0ms
[2026-06-18T01:52:42.341+0000][15879.066s][info][gc,phases     ] GC(1109)   Evacuate Collection Set: 8.9ms
[2026-06-18T01:52:42.341+0000][15879.066s][info][gc,phases     ] GC(1109)   Post Evacuate Collection Set: 0.3ms
[2026-06-18T01:52:42.341+0000][15879.067s][info][gc,phases     ] GC(1109)   Other: 0.4ms
[2026-06-18T01:52:42.341+0000][15879.067s][info][gc,heap       ] GC(1109) Eden regions: 246->0(239)
[2026-06-18T01:52:42.341+0000][15879.067s][info][gc,heap       ] GC(1109) Survivor regions: 2->8(31)
[2026-06-18T01:52:42.341+0000][15879.067s][info][gc,heap       ] GC(1109) Old regions: 50->50
[2026-06-18T01:52:42.341+0000][15879.067s][info][gc,heap       ] GC(1109) Humongous regions: 147->147
[2026-06-18T01:52:42.342+0000][15879.067s][info][gc,metaspace  ] GC(1109) Metaspace: 52821K(55552K)->52821K(55552K) NonClass: 46889K(48384K)->46889K(48384K) Class: 5932K(7168K)->5932K(7168K)
[2026-06-18T01:52:42.342+0000][15879.067s][info][gc            ] GC(1109) Pause Young (Normal) (G1 Evacuation Pause) 444M->204M(512M) 10.067ms
[2026-06-18T01:52:42.342+0000][15879.067s][info][gc,cpu        ] GC(1109) User=0.07s Sys=0.00s Real=0.01s
[2026-06-18T01:52:43.838+0000][15880.563s][info][gc,start      ] GC(1110) Pause Young (Normal) (G1 Evacuation Pause)
[2026-06-18T01:52:43.838+0000][15880.563s][info][gc,task       ] GC(1110) Using 13 workers of 13 for evacuation
[2026-06-18T01:52:43.841+0000][15880.567s][info][gc,phases     ] GC(1110)   Pre Evacuate Collection Set: 0.0ms
[2026-06-18T01:52:43.842+0000][15880.567s][info][gc,phases     ] GC(1110)   Evacuate Collection Set: 3.1ms
[2026-06-18T01:52:43.842+0000][15880.567s][info][gc,phases     ] GC(1110)   Post Evacuate Collection Set: 0.4ms
[2026-06-18T01:52:43.842+0000][15880.567s][info][gc,phases     ] GC(1110)   Other: 0.4ms
[2026-06-18T01:52:43.842+0000][15880.567s][info][gc,heap       ] GC(1110) Eden regions: 239->0(243)
[2026-06-18T01:52:43.842+0000][15880.567s][info][gc,heap       ] GC(1110) Survivor regions: 8->5(31)
[2026-06-18T01:52:43.842+0000][15880.567s][info][gc,heap       ] GC(1110) Old regions: 50->50
[2026-06-18T01:52:43.842+0000][15880.567s][info][gc,heap       ] GC(1110) Humongous regions: 147->147
[2026-06-18T01:52:43.842+0000][15880.567s][info][gc,metaspace  ] GC(1110) Metaspace: 52821K(55552K)->52821K(55552K) NonClass: 46889K(48384K)->46889K(48384K) Class: 5932K(7168K)->5932K(7168K)
[2026-06-18T01:52:43.842+0000][15880.568s][info][gc            ] GC(1110) Pause Young (Normal) (G1 Evacuation Pause) 443M->201M(512M) 4.935ms
[2026-06-18T01:52:43.843+0000][15880.568s][info][gc,cpu        ] GC(1110) User=0.02s Sys=0.00s Real=0.00s
[2026-06-18T01:52:45.173+0000][15881.898s][info][gc,start      ] GC(1111) Pause Young (Concurrent Start) (G1 Evacuation Pause)
[2026-06-18T01:52:45.173+0000][15881.898s][info][gc,task       ] GC(1111) Using 13 workers of 13 for evacuation
[2026-06-18T01:52:45.176+0000][15881.901s][info][gc,phases     ] GC(1111)   Pre Evacuate Collection Set: 0.3ms
[2026-06-18T01:52:45.176+0000][15881.901s][info][gc,phases     ] GC(1111)   Evacuate Collection Set: 2.2ms
[2026-06-18T01:52:45.176+0000][15881.902s][info][gc,phases     ] GC(1111)   Post Evacuate Collection Set: 0.3ms
[2026-06-18T01:52:45.176+0000][15881.902s][info][gc,phases     ] GC(1111)   Other: 0.3ms
[2026-06-18T01:52:45.176+0000][15881.902s][info][gc,heap       ] GC(1111) Eden regions: 243->0(238)
[2026-06-18T01:52:45.176+0000][15881.902s][info][gc,heap       ] GC(1111) Survivor regions: 5->9(31)
[2026-06-18T01:52:45.176+0000][15881.902s][info][gc,heap       ] GC(1111) Old regions: 50->50
[2026-06-18T01:52:45.176+0000][15881.902s][info][gc,heap       ] GC(1111) Humongous regions: 147->147
[2026-06-18T01:52:45.177+0000][15881.902s][info][gc,metaspace  ] GC(1111) Metaspace: 52821K(55552K)->52821K(55552K) NonClass: 46889K(48384K)->46889K(48384K) Class: 5932K(7168K)->5932K(7168K)
[2026-06-18T01:52:45.177+0000][15881.902s][info][gc            ] GC(1111) Pause Young (Concurrent Start) (G1 Evacuation Pause) 444M->205M(512M) 3.520ms
[2026-06-18T01:52:45.177+0000][15881.902s][info][gc,cpu        ] GC(1111) User=0.02s Sys=0.00s Real=0.00s
[2026-06-18T01:52:45.177+0000][15881.902s][info][gc            ] GC(1112) Concurrent Cycle
[2026-06-18T01:52:45.177+0000][15881.902s][info][gc,marking    ] GC(1112) Concurrent Clear Claimed Marks
[2026-06-18T01:52:45.177+0000][15881.902s][info][gc,marking    ] GC(1112) Concurrent Clear Claimed Marks 0.200ms
[2026-06-18T01:52:45.177+0000][15881.902s][info][gc,marking    ] GC(1112) Concurrent Scan Root Regions
[2026-06-18T01:52:45.178+0000][15881.904s][info][gc,marking    ] GC(1112) Concurrent Scan Root Regions 1.319ms
[2026-06-18T01:52:45.179+0000][15881.904s][info][gc,marking    ] GC(1112) Concurrent Mark (15881.904s)
[2026-06-18T01:52:45.179+0000][15881.904s][info][gc,marking    ] GC(1112) Concurrent Mark From Roots
[2026-06-18T01:52:45.179+0000][15881.904s][info][gc,task       ] GC(1112) Using 3 workers of 3 for marking
[2026-06-18T01:52:45.184+0000][15881.909s][info][gc,marking    ] GC(1112) Concurrent Mark From Roots 5.276ms
[2026-06-18T01:52:45.184+0000][15881.909s][info][gc,marking    ] GC(1112) Concurrent Preclean
[2026-06-18T01:52:45.184+0000][15881.909s][info][gc,marking    ] GC(1112) Concurrent Preclean 0.182ms
[2026-06-18T01:52:45.184+0000][15881.909s][info][gc,marking    ] GC(1112) Concurrent Mark (15881.904s, 15881.909s) 5.755ms
[2026-06-18T01:52:45.185+0000][15881.910s][info][gc,start      ] GC(1112) Pause Remark
[2026-06-18T01:52:45.187+0000][15881.912s][info][gc,stringtable] GC(1112) Cleaned string and symbol table, strings: 17465 processed, 0 removed, symbols: 125076 processed, 0 removed
[2026-06-18T01:52:45.187+0000][15881.912s][info][gc            ] GC(1112) Pause Remark 209M->209M(512M) 2.619ms
[2026-06-18T01:52:45.187+0000][15881.912s][info][gc,cpu        ] GC(1112) User=0.02s Sys=0.00s Real=0.00s
[2026-06-18T01:52:45.187+0000][15881.912s][info][gc,marking    ] GC(1112) Concurrent Rebuild Remembered Sets
[2026-06-18T01:52:45.192+0000][15881.917s][info][gc,marking    ] GC(1112) Concurrent Rebuild Remembered Sets 4.532ms
[2026-06-18T01:52:45.192+0000][15881.917s][info][gc,start      ] GC(1112) Pause Cleanup
[2026-06-18T01:52:45.192+0000][15881.917s][info][gc            ] GC(1112) Pause Cleanup 210M->210M(512M) 0.204ms
[2026-06-18T01:52:45.192+0000][15881.918s][info][gc,cpu        ] GC(1112) User=0.00s Sys=0.00s Real=0.00s
[2026-06-18T01:52:45.192+0000][15881.918s][info][gc,marking    ] GC(1112) Concurrent Cleanup for Next Mark
[2026-06-18T01:52:45.193+0000][15881.918s][info][gc,marking    ] GC(1112) Concurrent Cleanup for Next Mark 0.172ms
[2026-06-18T01:52:45.193+0000][15881.918s][info][gc            ] GC(1112) Concurrent Cycle 15.896ms
[2026-06-18T01:52:46.326+0000][15883.051s][info][gc,start      ] GC(1113) Pause Young (Prepare Mixed) (G1 Evacuation Pause)
[2026-06-18T01:52:46.326+0000][15883.051s][info][gc,task       ] GC(1113) Using 13 workers of 13 for evacuation
[2026-06-18T01:52:46.330+0000][15883.055s][info][gc,phases     ] GC(1113)   Pre Evacuate Collection Set: 0.0ms
[2026-06-18T01:52:46.330+0000][15883.055s][info][gc,phases     ] GC(1113)   Evacuate Collection Set: 2.8ms
[2026-06-18T01:52:46.330+0000][15883.055s][info][gc,phases     ] GC(1113)   Post Evacuate Collection Set: 0.4ms
[2026-06-18T01:52:46.330+0000][15883.055s][info][gc,phases     ] GC(1113)   Other: 0.4ms
[2026-06-18T01:52:46.330+0000][15883.055s][info][gc,heap       ] GC(1113) Eden regions: 238->0(19)
[2026-06-18T01:52:46.330+0000][15883.055s][info][gc,heap       ] GC(1113) Survivor regions: 9->6(31)
[2026-06-18T01:52:46.330+0000][15883.055s][info][gc,heap       ] GC(1113) Old regions: 50->50
[2026-06-18T01:52:46.330+0000][15883.055s][info][gc,heap       ] GC(1113) Humongous regions: 147->147
[2026-06-18T01:52:46.330+0000][15883.055s][info][gc,metaspace  ] GC(1113) Metaspace: 52821K(55552K)->52821K(55552K) NonClass: 46889K(48384K)->46889K(48384K) Class: 5932K(7168K)->5932K(7168K)
[2026-06-18T01:52:46.330+0000][15883.055s][info][gc            ] GC(1113) Pause Young (Prepare Mixed) (G1 Evacuation Pause) 443M->202M(512M) 4.030ms
[2026-06-18T01:52:46.330+0000][15883.055s][info][gc,cpu        ] GC(1113) User=0.03s Sys=0.00s Real=0.01s
[2026-06-18T01:52:46.422+0000][15883.147s][info][gc,start      ] GC(1114) Pause Young (Mixed) (G1 Evacuation Pause)
[2026-06-18T01:52:46.422+0000][15883.148s][info][gc,task       ] GC(1114) Using 13 workers of 13 for evacuation
[2026-06-18T01:52:46.426+0000][15883.151s][info][gc,phases     ] GC(1114)   Pre Evacuate Collection Set: 0.0ms
[2026-06-18T01:52:46.427+0000][15883.152s][info][gc,phases     ] GC(1114)   Evacuate Collection Set: 2.7ms
[2026-06-18T01:52:46.427+0000][15883.152s][info][gc,phases     ] GC(1114)   Post Evacuate Collection Set: 0.3ms
[2026-06-18T01:52:46.427+0000][15883.152s][info][gc,phases     ] GC(1114)   Other: 0.4ms
[2026-06-18T01:52:46.427+0000][15883.152s][info][gc,heap       ] GC(1114) Eden regions: 19->0(245)
[2026-06-18T01:52:46.427+0000][15883.152s][info][gc,heap       ] GC(1114) Survivor regions: 6->2(4)
[2026-06-18T01:52:46.427+0000][15883.152s][info][gc,heap       ] GC(1114) Old regions: 50->50
[2026-06-18T01:52:46.427+0000][15883.152s][info][gc,heap       ] GC(1114) Humongous regions: 147->147
[2026-06-18T01:52:46.427+0000][15883.152s][info][gc,metaspace  ] GC(1114) Metaspace: 52821K(55552K)->52821K(55552K) NonClass: 46889K(48384K)->46889K(48384K) Class: 5932K(7168K)->5932K(7168K)
[2026-06-18T01:52:46.427+0000][15883.152s][info][gc            ] GC(1114) Pause Young (Mixed) (G1 Evacuation Pause) 221M->198M(512M) 5.059ms
[2026-06-18T01:52:46.427+0000][15883.152s][info][gc,cpu        ] GC(1114) User=0.03s Sys=0.00s Real=0.00s
[2026-06-18T01:53:34.918+0000][15931.642s][info][gc,start      ] GC(1115) Pause Young (Normal) (G1 Evacuation Pause)
[2026-06-18T01:53:34.918+0000][15931.642s][info][gc,task       ] GC(1115) Using 13 workers of 13 for evacuation
[2026-06-18T01:53:34.920+0000][15931.645s][info][gc,phases     ] GC(1115)   Pre Evacuate Collection Set: 0.0ms
[2026-06-18T01:53:34.921+0000][15931.645s][info][gc,phases     ] GC(1115)   Evacuate Collection Set: 1.9ms
[2026-06-18T01:53:34.921+0000][15931.645s][info][gc,phases     ] GC(1115)   Post Evacuate Collection Set: 0.3ms
[2026-06-18T01:53:34.921+0000][15931.645s][info][gc,phases     ] GC(1115)   Other: 0.3ms
[2026-06-18T01:53:34.921+0000][15931.645s][info][gc,heap       ] GC(1115) Eden regions: 245->0(238)
[2026-06-18T01:53:34.921+0000][15931.645s][info][gc,heap       ] GC(1115) Survivor regions: 2->8(31)
[2026-06-18T01:53:34.921+0000][15931.645s][info][gc,heap       ] GC(1115) Old regions: 50->50
[2026-06-18T01:53:34.921+0000][15931.645s][info][gc,heap       ] GC(1115) Humongous regions: 147->147
[2026-06-18T01:53:34.921+0000][15931.645s][info][gc,metaspace  ] GC(1115) Metaspace: 52821K(55552K)->52821K(55552K) NonClass: 46889K(48384K)->46889K(48384K) Class: 5932K(7168K)->5932K(7168K)
[2026-06-18T01:53:34.921+0000][15931.645s][info][gc            ] GC(1115) Pause Young (Normal) (G1 Evacuation Pause) 443M->204M(512M) 3.085ms
[2026-06-18T01:53:34.921+0000][15931.645s][info][gc,cpu        ] GC(1115) User=0.02s Sys=0.00s Real=0.01s
[2026-06-18T01:53:36.365+0000][15933.089s][info][gc,start      ] GC(1116) Pause Young (Normal) (G1 Evacuation Pause)
[2026-06-18T01:53:36.365+0000][15933.089s][info][gc,task       ] GC(1116) Using 13 workers of 13 for evacuation
[2026-06-18T01:53:36.367+0000][15933.091s][info][gc,phases     ] GC(1116)   Pre Evacuate Collection Set: 0.0ms
[2026-06-18T01:53:36.367+0000][15933.091s][info][gc,phases     ] GC(1116)   Evacuate Collection Set: 1.4ms
[2026-06-18T01:53:36.367+0000][15933.091s][info][gc,phases     ] GC(1116)   Post Evacuate Collection Set: 0.3ms
[2026-06-18T01:53:36.367+0000][15933.091s][info][gc,phases     ] GC(1116)   Other: 0.3ms
[2026-06-18T01:53:36.367+0000][15933.091s][info][gc,heap       ] GC(1116) Eden regions: 238->0(242)
[2026-06-18T01:53:36.367+0000][15933.091s][info][gc,heap       ] GC(1116) Survivor regions: 8->5(31)
[2026-06-18T01:53:36.367+0000][15933.091s][info][gc,heap       ] GC(1116) Old regions: 50->50
[2026-06-18T01:53:36.367+0000][15933.091s][info][gc,heap       ] GC(1116) Humongous regions: 147->147
[2026-06-18T01:53:36.367+0000][15933.092s][info][gc,metaspace  ] GC(1116) Metaspace: 52821K(55552K)->52821K(55552K) NonClass: 46889K(48384K)->46889K(48384K) Class: 5932K(7168K)->5932K(7168K)
[2026-06-18T01:53:36.367+0000][15933.092s][info][gc            ] GC(1116) Pause Young (Normal) (G1 Evacuation Pause) 442M->201M(512M) 2.502ms
[2026-06-18T01:53:36.367+0000][15933.092s][info][gc,cpu        ] GC(1116) User=0.01s Sys=0.00s Real=0.00s
[2026-06-18T01:53:37.682+0000][15934.406s][info][gc,start      ] GC(1117) Pause Young (Concurrent Start) (G1 Evacuation Pause)
[2026-06-18T01:53:37.682+0000][15934.406s][info][gc,task       ] GC(1117) Using 13 workers of 13 for evacuation
[2026-06-18T01:53:37.686+0000][15934.410s][info][gc,phases     ] GC(1117)   Pre Evacuate Collection Set: 0.3ms
[2026-06-18T01:53:37.686+0000][15934.410s][info][gc,phases     ] GC(1117)   Evacuate Collection Set: 3.1ms
[2026-06-18T01:53:37.686+0000][15934.411s][info][gc,phases     ] GC(1117)   Post Evacuate Collection Set: 0.4ms
[2026-06-18T01:53:37.686+0000][15934.411s][info][gc,phases     ] GC(1117)   Other: 0.3ms
[2026-06-18T01:53:37.686+0000][15934.411s][info][gc,heap       ] GC(1117) Eden regions: 242->0(239)
[2026-06-18T01:53:37.686+0000][15934.411s][info][gc,heap       ] GC(1117) Survivor regions: 5->8(31)
[2026-06-18T01:53:37.686+0000][15934.411s][info][gc,heap       ] GC(1117) Old regions: 50->50
[2026-06-18T01:53:37.686+0000][15934.411s][info][gc,heap       ] GC(1117) Humongous regions: 147->147
[2026-06-18T01:53:37.687+0000][15934.411s][info][gc,metaspace  ] GC(1117) Metaspace: 52821K(55552K)->52821K(55552K) NonClass: 46889K(48384K)->46889K(48384K) Class: 5932K(7168K)->5932K(7168K)
[2026-06-18T01:53:37.687+0000][15934.411s][info][gc            ] GC(1117) Pause Young (Concurrent Start) (G1 Evacuation Pause) 443M->204M(512M) 4.514ms
[2026-06-18T01:53:37.687+0000][15934.411s][info][gc,cpu        ] GC(1117) User=0.04s Sys=0.00s Real=0.00s
[2026-06-18T01:53:37.687+0000][15934.411s][info][gc            ] GC(1118) Concurrent Cycle
[2026-06-18T01:53:37.687+0000][15934.411s][info][gc,marking    ] GC(1118) Concurrent Clear Claimed Marks
[2026-06-18T01:53:37.687+0000][15934.411s][info][gc,marking    ] GC(1118) Concurrent Clear Claimed Marks 0.218ms
[2026-06-18T01:53:37.687+0000][15934.411s][info][gc,marking    ] GC(1118) Concurrent Scan Root Regions
[2026-06-18T01:53:37.688+0000][15934.413s][info][gc,marking    ] GC(1118) Concurrent Scan Root Regions 1.273ms
[2026-06-18T01:53:37.688+0000][15934.413s][info][gc,marking    ] GC(1118) Concurrent Mark (15934.413s)
[2026-06-18T01:53:37.689+0000][15934.413s][info][gc,marking    ] GC(1118) Concurrent Mark From Roots
[2026-06-18T01:53:37.689+0000][15934.413s][info][gc,task       ] GC(1118) Using 3 workers of 3 for marking
[2026-06-18T01:53:37.694+0000][15934.419s][info][gc,marking    ] GC(1118) Concurrent Mark From Roots 5.858ms
[2026-06-18T01:53:37.695+0000][15934.419s][info][gc,marking    ] GC(1118) Concurrent Preclean
[2026-06-18T01:53:37.695+0000][15934.419s][info][gc,marking    ] GC(1118) Concurrent Preclean 0.178ms
[2026-06-18T01:53:37.695+0000][15934.419s][info][gc,marking    ] GC(1118) Concurrent Mark (15934.413s, 15934.419s) 6.299ms
[2026-06-18T01:53:37.695+0000][15934.419s][info][gc,start      ] GC(1118) Pause Remark
[2026-06-18T01:53:37.697+0000][15934.422s][info][gc,stringtable] GC(1118) Cleaned string and symbol table, strings: 17465 processed, 0 removed, symbols: 125076 processed, 0 removed
[2026-06-18T01:53:37.698+0000][15934.422s][info][gc            ] GC(1118) Pause Remark 208M->208M(512M) 2.635ms
[2026-06-18T01:53:37.698+0000][15934.422s][info][gc,cpu        ] GC(1118) User=0.02s Sys=0.00s Real=0.00s
[2026-06-18T01:53:37.698+0000][15934.422s][info][gc,marking    ] GC(1118) Concurrent Rebuild Remembered Sets
[2026-06-18T01:53:37.702+0000][15934.426s][info][gc,marking    ] GC(1118) Concurrent Rebuild Remembered Sets 4.199ms
[2026-06-18T01:53:37.702+0000][15934.427s][info][gc,start      ] GC(1118) Pause Cleanup
[2026-06-18T01:53:37.703+0000][15934.427s][info][gc            ] GC(1118) Pause Cleanup 209M->209M(512M) 0.228ms
[2026-06-18T01:53:37.703+0000][15934.427s][info][gc,cpu        ] GC(1118) User=0.00s Sys=0.00s Real=0.00s
[2026-06-18T01:53:37.703+0000][15934.427s][info][gc,marking    ] GC(1118) Concurrent Cleanup for Next Mark
[2026-06-18T01:53:37.703+0000][15934.427s][info][gc,marking    ] GC(1118) Concurrent Cleanup for Next Mark 0.157ms
[2026-06-18T01:53:37.703+0000][15934.427s][info][gc            ] GC(1118) Concurrent Cycle 16.178ms
[2026-06-18T01:53:38.906+0000][15935.631s][info][gc,start      ] GC(1119) Pause Young (Prepare Mixed) (G1 Evacuation Pause)
[2026-06-18T01:53:38.906+0000][15935.631s][info][gc,task       ] GC(1119) Using 13 workers of 13 for evacuation
[2026-06-18T01:53:38.910+0000][15935.634s][info][gc,phases     ] GC(1119)   Pre Evacuate Collection Set: 0.0ms
[2026-06-18T01:53:38.910+0000][15935.634s][info][gc,phases     ] GC(1119)   Evacuate Collection Set: 3.1ms
[2026-06-18T01:53:38.910+0000][15935.634s][info][gc,phases     ] GC(1119)   Post Evacuate Collection Set: 0.3ms
[2026-06-18T01:53:38.910+0000][15935.634s][info][gc,phases     ] GC(1119)   Other: 0.3ms
[2026-06-18T01:53:38.910+0000][15935.634s][info][gc,heap       ] GC(1119) Eden regions: 239->0(19)
[2026-06-18T01:53:38.910+0000][15935.634s][info][gc,heap       ] GC(1119) Survivor regions: 8->6(31)
[2026-06-18T01:53:38.910+0000][15935.635s][info][gc,heap       ] GC(1119) Old regions: 50->50
[2026-06-18T01:53:38.910+0000][15935.635s][info][gc,heap       ] GC(1119) Humongous regions: 147->147
[2026-06-18T01:53:38.910+0000][15935.635s][info][gc,metaspace  ] GC(1119) Metaspace: 52821K(55552K)->52821K(55552K) NonClass: 46889K(48384K)->46889K(48384K) Class: 5932K(7168K)->5932K(7168K)
[2026-06-18T01:53:38.910+0000][15935.635s][info][gc            ] GC(1119) Pause Young (Prepare Mixed) (G1 Evacuation Pause) 443M->202M(512M) 4.089ms
[2026-06-18T01:53:38.910+0000][15935.635s][info][gc,cpu        ] GC(1119) User=0.04s Sys=0.00s Real=0.01s
[2026-06-18T01:53:38.994+0000][15935.718s][info][gc,start      ] GC(1120) Pause Young (Mixed) (G1 Evacuation Pause)
[2026-06-18T01:53:38.994+0000][15935.718s][info][gc,task       ] GC(1120) Using 13 workers of 13 for evacuation
[2026-06-18T01:53:39.001+0000][15935.725s][info][gc,phases     ] GC(1120)   Pre Evacuate Collection Set: 0.0ms
[2026-06-18T01:53:39.001+0000][15935.725s][info][gc,phases     ] GC(1120)   Evacuate Collection Set: 6.1ms
[2026-06-18T01:53:39.001+0000][15935.725s][info][gc,phases     ] GC(1120)   Post Evacuate Collection Set: 0.4ms
[2026-06-18T01:53:39.001+0000][15935.725s][info][gc,phases     ] GC(1120)   Other: 0.3ms
[2026-06-18T01:53:39.001+0000][15935.725s][info][gc,heap       ] GC(1120) Eden regions: 19->0(245)
[2026-06-18T01:53:39.001+0000][15935.725s][info][gc,heap       ] GC(1120) Survivor regions: 6->2(4)
[2026-06-18T01:53:39.001+0000][15935.725s][info][gc,heap       ] GC(1120) Old regions: 50->50
[2026-06-18T01:53:39.001+0000][15935.725s][info][gc,heap       ] GC(1120) Humongous regions: 147->147
[2026-06-18T01:53:39.001+0000][15935.725s][info][gc,metaspace  ] GC(1120) Metaspace: 52821K(55552K)->52821K(55552K) NonClass: 46889K(48384K)->46889K(48384K) Class: 5932K(7168K)->5932K(7168K)
[2026-06-18T01:53:39.001+0000][15935.725s][info][gc            ] GC(1120) Pause Young (Mixed) (G1 Evacuation Pause) 221M->198M(512M) 7.289ms
[2026-06-18T01:53:39.001+0000][15935.726s][info][gc,cpu        ] GC(1120) User=0.07s Sys=0.00s Real=0.01s
[2026-06-18T01:54:27.613+0000][15984.336s][info][gc,start      ] GC(1121) Pause Young (Normal) (G1 Evacuation Pause)
[2026-06-18T01:54:27.613+0000][15984.337s][info][gc,task       ] GC(1121) Using 13 workers of 13 for evacuation
[2026-06-18T01:54:27.616+0000][15984.340s][info][gc,phases     ] GC(1121)   Pre Evacuate Collection Set: 0.0ms
[2026-06-18T01:54:27.617+0000][15984.340s][info][gc,phases     ] GC(1121)   Evacuate Collection Set: 2.4ms
[2026-06-18T01:54:27.617+0000][15984.340s][info][gc,phases     ] GC(1121)   Post Evacuate Collection Set: 0.6ms
[2026-06-18T01:54:27.617+0000][15984.340s][info][gc,phases     ] GC(1121)   Other: 0.4ms
[2026-06-18T01:54:27.617+0000][15984.340s][info][gc,heap       ] GC(1121) Eden regions: 245->0(237)
[2026-06-18T01:54:27.617+0000][15984.340s][info][gc,heap       ] GC(1121) Survivor regions: 2->9(31)
[2026-06-18T01:54:27.617+0000][15984.340s][info][gc,heap       ] GC(1121) Old regions: 50->50
[2026-06-18T01:54:27.617+0000][15984.341s][info][gc,heap       ] GC(1121) Humongous regions: 147->147
[2026-06-18T01:54:27.617+0000][15984.341s][info][gc,metaspace  ] GC(1121) Metaspace: 52824K(55552K)->52824K(55552K) NonClass: 46892K(48384K)->46892K(48384K) Class: 5932K(7168K)->5932K(7168K)
[2026-06-18T01:54:27.618+0000][15984.341s][info][gc            ] GC(1121) Pause Young (Normal) (G1 Evacuation Pause) 443M->205M(512M) 4.721ms
[2026-06-18T01:54:27.618+0000][15984.342s][info][gc,cpu        ] GC(1121) User=0.02s Sys=0.00s Real=0.00s
[2026-06-18T01:54:29.057+0000][15985.780s][info][gc,start      ] GC(1122) Pause Young (Normal) (G1 Evacuation Pause)
[2026-06-18T01:54:29.057+0000][15985.780s][info][gc,task       ] GC(1122) Using 13 workers of 13 for evacuation
[2026-06-18T01:54:29.059+0000][15985.782s][info][gc,phases     ] GC(1122)   Pre Evacuate Collection Set: 0.0ms
[2026-06-18T01:54:29.059+0000][15985.783s][info][gc,phases     ] GC(1122)   Evacuate Collection Set: 1.6ms
[2026-06-18T01:54:29.059+0000][15985.783s][info][gc,phases     ] GC(1122)   Post Evacuate Collection Set: 0.4ms
[2026-06-18T01:54:29.059+0000][15985.783s][info][gc,phases     ] GC(1122)   Other: 0.3ms
[2026-06-18T01:54:29.059+0000][15985.783s][info][gc,heap       ] GC(1122) Eden regions: 237->0(240)
[2026-06-18T01:54:29.059+0000][15985.783s][info][gc,heap       ] GC(1122) Survivor regions: 9->6(31)
[2026-06-18T01:54:29.060+0000][15985.783s][info][gc,heap       ] GC(1122) Old regions: 50->50
[2026-06-18T01:54:29.060+0000][15985.783s][info][gc,heap       ] GC(1122) Humongous regions: 147->147
[2026-06-18T01:54:29.060+0000][15985.783s][info][gc,metaspace  ] GC(1122) Metaspace: 52824K(55552K)->52824K(55552K) NonClass: 46892K(48384K)->46892K(48384K) Class: 5932K(7168K)->5932K(7168K)
[2026-06-18T01:54:29.060+0000][15985.783s][info][gc            ] GC(1122) Pause Young (Normal) (G1 Evacuation Pause) 442M->202M(512M) 2.984ms
[2026-06-18T01:54:29.060+0000][15985.783s][info][gc,cpu        ] GC(1122) User=0.02s Sys=0.00s Real=0.01s
[2026-06-18T01:54:30.278+0000][15987.001s][info][gc,start      ] GC(1123) Pause Young (Concurrent Start) (G1 Evacuation Pause)
[2026-06-18T01:54:30.278+0000][15987.001s][info][gc,task       ] GC(1123) Using 13 workers of 13 for evacuation
[2026-06-18T01:54:30.281+0000][15987.005s][info][gc,phases     ] GC(1123)   Pre Evacuate Collection Set: 0.3ms
[2026-06-18T01:54:30.281+0000][15987.005s][info][gc,phases     ] GC(1123)   Evacuate Collection Set: 2.4ms
[2026-06-18T01:54:30.281+0000][15987.005s][info][gc,phases     ] GC(1123)   Post Evacuate Collection Set: 0.4ms
[2026-06-18T01:54:30.282+0000][15987.005s][info][gc,phases     ] GC(1123)   Other: 0.4ms
[2026-06-18T01:54:30.282+0000][15987.005s][info][gc,heap       ] GC(1123) Eden regions: 240->0(237)
[2026-06-18T01:54:30.282+0000][15987.005s][info][gc,heap       ] GC(1123) Survivor regions: 6->9(31)
[2026-06-18T01:54:30.282+0000][15987.005s][info][gc,heap       ] GC(1123) Old regions: 50->50
[2026-06-18T01:54:30.282+0000][15987.005s][info][gc,heap       ] GC(1123) Humongous regions: 147->147
[2026-06-18T01:54:30.282+0000][15987.005s][info][gc,metaspace  ] GC(1123) Metaspace: 52824K(55552K)->52824K(55552K) NonClass: 46892K(48384K)->46892K(48384K) Class: 5932K(7168K)->5932K(7168K)
[2026-06-18T01:54:30.282+0000][15987.005s][info][gc            ] GC(1123) Pause Young (Concurrent Start) (G1 Evacuation Pause) 442M->205M(512M) 4.110ms
[2026-06-18T01:54:30.282+0000][15987.005s][info][gc,cpu        ] GC(1123) User=0.02s Sys=0.00s Real=0.01s
[2026-06-18T01:54:30.282+0000][15987.005s][info][gc            ] GC(1124) Concurrent Cycle
[2026-06-18T01:54:30.282+0000][15987.006s][info][gc,marking    ] GC(1124) Concurrent Clear Claimed Marks
[2026-06-18T01:54:30.282+0000][15987.006s][info][gc,marking    ] GC(1124) Concurrent Clear Claimed Marks 0.260ms
[2026-06-18T01:54:30.282+0000][15987.006s][info][gc,marking    ] GC(1124) Concurrent Scan Root Regions
[2026-06-18T01:54:30.284+0000][15987.007s][info][gc,marking    ] GC(1124) Concurrent Scan Root Regions 1.439ms
[2026-06-18T01:54:30.284+0000][15987.007s][info][gc,marking    ] GC(1124) Concurrent Mark (15987.007s)
[2026-06-18T01:54:30.284+0000][15987.008s][info][gc,marking    ] GC(1124) Concurrent Mark From Roots
[2026-06-18T01:54:30.284+0000][15987.008s][info][gc,task       ] GC(1124) Using 3 workers of 3 for marking
[2026-06-18T01:54:30.290+0000][15987.013s][info][gc,marking    ] GC(1124) Concurrent Mark From Roots 5.653ms
[2026-06-18T01:54:30.290+0000][15987.013s][info][gc,marking    ] GC(1124) Concurrent Preclean
[2026-06-18T01:54:30.290+0000][15987.014s][info][gc,marking    ] GC(1124) Concurrent Preclean 0.195ms
[2026-06-18T01:54:30.290+0000][15987.014s][info][gc,marking    ] GC(1124) Concurrent Mark (15987.007s, 15987.014s) 6.095ms
[2026-06-18T01:54:30.290+0000][15987.014s][info][gc,start      ] GC(1124) Pause Remark
[2026-06-18T01:54:30.293+0000][15987.016s][info][gc,stringtable] GC(1124) Cleaned string and symbol table, strings: 17465 processed, 0 removed, symbols: 125076 processed, 0 removed
[2026-06-18T01:54:30.293+0000][15987.016s][info][gc            ] GC(1124) Pause Remark 209M->209M(512M) 2.676ms
[2026-06-18T01:54:30.293+0000][15987.017s][info][gc,cpu        ] GC(1124) User=0.02s Sys=0.00s Real=0.00s
[2026-06-18T01:54:30.293+0000][15987.017s][info][gc,marking    ] GC(1124) Concurrent Rebuild Remembered Sets
[2026-06-18T01:54:30.297+0000][15987.021s][info][gc,marking    ] GC(1124) Concurrent Rebuild Remembered Sets 4.325ms
[2026-06-18T01:54:30.298+0000][15987.021s][info][gc,start      ] GC(1124) Pause Cleanup
[2026-06-18T01:54:30.298+0000][15987.021s][info][gc            ] GC(1124) Pause Cleanup 209M->209M(512M) 0.182ms
[2026-06-18T01:54:30.298+0000][15987.021s][info][gc,cpu        ] GC(1124) User=0.00s Sys=0.00s Real=0.00s
[2026-06-18T01:54:30.298+0000][15987.022s][info][gc,marking    ] GC(1124) Concurrent Cleanup for Next Mark
[2026-06-18T01:54:30.298+0000][15987.022s][info][gc,marking    ] GC(1124) Concurrent Cleanup for Next Mark 0.159ms
[2026-06-18T01:54:30.298+0000][15987.022s][info][gc            ] GC(1124) Concurrent Cycle 16.326ms
[2026-06-18T01:55:18.788+0000][16035.512s][info][gc,start      ] GC(1125) Pause Young (Prepare Mixed) (G1 Evacuation Pause)
[2026-06-18T01:55:18.788+0000][16035.512s][info][gc,task       ] GC(1125) Using 13 workers of 13 for evacuation
[2026-06-18T01:55:18.791+0000][16035.515s][info][gc,phases     ] GC(1125)   Pre Evacuate Collection Set: 0.0ms
[2026-06-18T01:55:18.791+0000][16035.515s][info][gc,phases     ] GC(1125)   Evacuate Collection Set: 2.3ms
[2026-06-18T01:55:18.791+0000][16035.515s][info][gc,phases     ] GC(1125)   Post Evacuate Collection Set: 0.3ms
[2026-06-18T01:55:18.791+0000][16035.515s][info][gc,phases     ] GC(1125)   Other: 0.4ms
[2026-06-18T01:55:18.792+0000][16035.515s][info][gc,heap       ] GC(1125) Eden regions: 237->0(19)
[2026-06-18T01:55:18.792+0000][16035.515s][info][gc,heap       ] GC(1125) Survivor regions: 9->6(31)
[2026-06-18T01:55:18.792+0000][16035.515s][info][gc,heap       ] GC(1125) Old regions: 50->50
[2026-06-18T01:55:18.792+0000][16035.515s][info][gc,heap       ] GC(1125) Humongous regions: 147->147
[2026-06-18T01:55:18.792+0000][16035.515s][info][gc,metaspace  ] GC(1125) Metaspace: 52824K(55552K)->52824K(55552K) NonClass: 46892K(48384K)->46892K(48384K) Class: 5932K(7168K)->5932K(7168K)
[2026-06-18T01:55:18.792+0000][16035.515s][info][gc            ] GC(1125) Pause Young (Prepare Mixed) (G1 Evacuation Pause) 442M->201M(512M) 3.617ms
[2026-06-18T01:55:18.792+0000][16035.515s][info][gc,cpu        ] GC(1125) User=0.02s Sys=0.00s Real=0.01s
[2026-06-18T01:55:18.910+0000][16035.633s][info][gc,start      ] GC(1126) Pause Young (Mixed) (G1 Evacuation Pause)
[2026-06-18T01:55:18.910+0000][16035.633s][info][gc,task       ] GC(1126) Using 13 workers of 13 for evacuation
[2026-06-18T01:55:18.915+0000][16035.638s][info][gc,phases     ] GC(1126)   Pre Evacuate Collection Set: 0.0ms
[2026-06-18T01:55:18.915+0000][16035.639s][info][gc,phases     ] GC(1126)   Evacuate Collection Set: 4.5ms
[2026-06-18T01:55:18.915+0000][16035.639s][info][gc,phases     ] GC(1126)   Post Evacuate Collection Set: 0.4ms
[2026-06-18T01:55:18.915+0000][16035.639s][info][gc,phases     ] GC(1126)   Other: 0.3ms
[2026-06-18T01:55:18.915+0000][16035.639s][info][gc,heap       ] GC(1126) Eden regions: 19->0(245)
[2026-06-18T01:55:18.915+0000][16035.639s][info][gc,heap       ] GC(1126) Survivor regions: 6->2(4)
[2026-06-18T01:55:18.915+0000][16035.639s][info][gc,heap       ] GC(1126) Old regions: 50->50
[2026-06-18T01:55:18.916+0000][16035.639s][info][gc,heap       ] GC(1126) Humongous regions: 147->147
[2026-06-18T01:55:18.916+0000][16035.639s][info][gc,metaspace  ] GC(1126) Metaspace: 52824K(55552K)->52824K(55552K) NonClass: 46892K(48384K)->46892K(48384K) Class: 5932K(7168K)->5932K(7168K)
[2026-06-18T01:55:18.916+0000][16035.639s][info][gc            ] GC(1126) Pause Young (Mixed) (G1 Evacuation Pause) 220M->197M(512M) 5.982ms
[2026-06-18T01:55:18.916+0000][16035.639s][info][gc,cpu        ] GC(1126) User=0.04s Sys=0.00s Real=0.00s
[2026-06-18T01:55:20.741+0000][16037.464s][info][gc,start      ] GC(1127) Pause Young (Normal) (G1 Evacuation Pause)
[2026-06-18T01:55:20.741+0000][16037.464s][info][gc,task       ] GC(1127) Using 13 workers of 13 for evacuation
[2026-06-18T01:55:20.744+0000][16037.468s][info][gc,phases     ] GC(1127)   Pre Evacuate Collection Set: 0.0ms
[2026-06-18T01:55:20.744+0000][16037.468s][info][gc,phases     ] GC(1127)   Evacuate Collection Set: 3.0ms
[2026-06-18T01:55:20.745+0000][16037.468s][info][gc,phases     ] GC(1127)   Post Evacuate Collection Set: 0.4ms
[2026-06-18T01:55:20.745+0000][16037.468s][info][gc,phases     ] GC(1127)   Other: 0.3ms
[2026-06-18T01:55:20.745+0000][16037.468s][info][gc,heap       ] GC(1127) Eden regions: 245->0(240)
[2026-06-18T01:55:20.745+0000][16037.468s][info][gc,heap       ] GC(1127) Survivor regions: 2->7(31)
[2026-06-18T01:55:20.745+0000][16037.468s][info][gc,heap       ] GC(1127) Old regions: 50->50
[2026-06-18T01:55:20.745+0000][16037.468s][info][gc,heap       ] GC(1127) Humongous regions: 147->147
[2026-06-18T01:55:20.745+0000][16037.468s][info][gc,metaspace  ] GC(1127) Metaspace: 52824K(55552K)->52824K(55552K) NonClass: 46892K(48384K)->46892K(48384K) Class: 5932K(7168K)->5932K(7168K)
[2026-06-18T01:55:20.745+0000][16037.468s][info][gc            ] GC(1127) Pause Young (Normal) (G1 Evacuation Pause) 442M->203M(512M) 4.075ms
[2026-06-18T01:55:20.745+0000][16037.468s][info][gc,cpu        ] GC(1127) User=0.03s Sys=0.00s Real=0.00s
[2026-06-18T01:55:22.192+0000][16038.915s][info][gc,start      ] GC(1128) Pause Young (Normal) (G1 Evacuation Pause)
[2026-06-18T01:55:22.192+0000][16038.915s][info][gc,task       ] GC(1128) Using 13 workers of 13 for evacuation
[2026-06-18T01:55:22.194+0000][16038.917s][info][gc,phases     ] GC(1128)   Pre Evacuate Collection Set: 0.0ms
[2026-06-18T01:55:22.194+0000][16038.917s][info][gc,phases     ] GC(1128)   Evacuate Collection Set: 1.3ms
[2026-06-18T01:55:22.194+0000][16038.917s][info][gc,phases     ] GC(1128)   Post Evacuate Collection Set: 0.4ms
[2026-06-18T01:55:22.194+0000][16038.917s][info][gc,phases     ] GC(1128)   Other: 0.3ms
[2026-06-18T01:55:22.194+0000][16038.917s][info][gc,heap       ] GC(1128) Eden regions: 240->0(243)
[2026-06-18T01:55:22.194+0000][16038.917s][info][gc,heap       ] GC(1128) Survivor regions: 7->4(31)
[2026-06-18T01:55:22.194+0000][16038.918s][info][gc,heap       ] GC(1128) Old regions: 50->50
[2026-06-18T01:55:22.194+0000][16038.918s][info][gc,heap       ] GC(1128) Humongous regions: 147->147
[2026-06-18T01:55:22.194+0000][16038.918s][info][gc,metaspace  ] GC(1128) Metaspace: 52824K(55552K)->52824K(55552K) NonClass: 46892K(48384K)->46892K(48384K) Class: 5932K(7168K)->5932K(7168K)
[2026-06-18T01:55:22.194+0000][16038.918s][info][gc            ] GC(1128) Pause Young (Normal) (G1 Evacuation Pause) 443M->199M(512M) 2.537ms
[2026-06-18T01:55:22.194+0000][16038.918s][info][gc,cpu        ] GC(1128) User=0.02s Sys=0.00s Real=0.00s
[2026-06-18T01:55:23.459+0000][16040.182s][info][gc,start      ] GC(1129) Pause Young (Concurrent Start) (G1 Evacuation Pause)
[2026-06-18T01:55:23.459+0000][16040.182s][info][gc,task       ] GC(1129) Using 13 workers of 13 for evacuation
[2026-06-18T01:55:23.463+0000][16040.186s][info][gc,phases     ] GC(1129)   Pre Evacuate Collection Set: 0.3ms
[2026-06-18T01:55:23.463+0000][16040.186s][info][gc,phases     ] GC(1129)   Evacuate Collection Set: 2.7ms
[2026-06-18T01:55:23.463+0000][16040.186s][info][gc,phases     ] GC(1129)   Post Evacuate Collection Set: 0.4ms
[2026-06-18T01:55:23.463+0000][16040.186s][info][gc,phases     ] GC(1129)   Other: 0.4ms
[2026-06-18T01:55:23.463+0000][16040.187s][info][gc,heap       ] GC(1129) Eden regions: 243->0(240)
[2026-06-18T01:55:23.463+0000][16040.187s][info][gc,heap       ] GC(1129) Survivor regions: 4->8(31)
[2026-06-18T01:55:23.463+0000][16040.187s][info][gc,heap       ] GC(1129) Old regions: 50->50
[2026-06-18T01:55:23.463+0000][16040.187s][info][gc,heap       ] GC(1129) Humongous regions: 147->147
[2026-06-18T01:55:23.463+0000][16040.187s][info][gc,metaspace  ] GC(1129) Metaspace: 52824K(55552K)->52824K(55552K) NonClass: 46892K(48384K)->46892K(48384K) Class: 5932K(7168K)->5932K(7168K)
[2026-06-18T01:55:23.463+0000][16040.187s][info][gc            ] GC(1129) Pause Young (Concurrent Start) (G1 Evacuation Pause) 442M->204M(512M) 4.471ms
[2026-06-18T01:55:23.463+0000][16040.187s][info][gc,cpu        ] GC(1129) User=0.03s Sys=0.00s Real=0.01s
[2026-06-18T01:55:23.463+0000][16040.187s][info][gc            ] GC(1130) Concurrent Cycle
[2026-06-18T01:55:23.464+0000][16040.188s][info][gc,marking    ] GC(1130) Concurrent Clear Claimed Marks
[2026-06-18T01:55:23.465+0000][16040.188s][info][gc,marking    ] GC(1130) Concurrent Clear Claimed Marks 0.273ms
[2026-06-18T01:55:23.465+0000][16040.188s][info][gc,marking    ] GC(1130) Concurrent Scan Root Regions
[2026-06-18T01:55:23.466+0000][16040.190s][info][gc,marking    ] GC(1130) Concurrent Scan Root Regions 1.541ms
[2026-06-18T01:55:23.466+0000][16040.190s][info][gc,marking    ] GC(1130) Concurrent Mark (16040.190s)
[2026-06-18T01:55:23.466+0000][16040.190s][info][gc,marking    ] GC(1130) Concurrent Mark From Roots
[2026-06-18T01:55:23.467+0000][16040.190s][info][gc,task       ] GC(1130) Using 3 workers of 3 for marking
[2026-06-18T01:55:23.473+0000][16040.196s][info][gc,marking    ] GC(1130) Concurrent Mark From Roots 6.177ms
[2026-06-18T01:55:23.473+0000][16040.196s][info][gc,marking    ] GC(1130) Concurrent Preclean
[2026-06-18T01:55:23.473+0000][16040.196s][info][gc,marking    ] GC(1130) Concurrent Preclean 0.220ms
[2026-06-18T01:55:23.473+0000][16040.197s][info][gc,marking    ] GC(1130) Concurrent Mark (16040.190s, 16040.197s) 6.694ms
[2026-06-18T01:55:23.473+0000][16040.197s][info][gc,start      ] GC(1130) Pause Remark
[2026-06-18T01:55:23.477+0000][16040.200s][info][gc,stringtable] GC(1130) Cleaned string and symbol table, strings: 17465 processed, 0 removed, symbols: 125076 processed, 0 removed
[2026-06-18T01:55:23.477+0000][16040.200s][info][gc            ] GC(1130) Pause Remark 208M->208M(512M) 3.453ms
[2026-06-18T01:55:23.477+0000][16040.200s][info][gc,cpu        ] GC(1130) User=0.02s Sys=0.00s Real=0.00s
[2026-06-18T01:55:23.477+0000][16040.200s][info][gc,marking    ] GC(1130) Concurrent Rebuild Remembered Sets
[2026-06-18T01:55:23.481+0000][16040.205s][info][gc,marking    ] GC(1130) Concurrent Rebuild Remembered Sets 4.184ms
[2026-06-18T01:55:23.481+0000][16040.205s][info][gc,start      ] GC(1130) Pause Cleanup
[2026-06-18T01:55:23.482+0000][16040.205s][info][gc            ] GC(1130) Pause Cleanup 209M->209M(512M) 0.170ms
[2026-06-18T01:55:23.482+0000][16040.205s][info][gc,cpu        ] GC(1130) User=0.00s Sys=0.00s Real=0.00s
[2026-06-18T01:55:23.482+0000][16040.205s][info][gc,marking    ] GC(1130) Concurrent Cleanup for Next Mark
[2026-06-18T01:55:23.482+0000][16040.205s][info][gc,marking    ] GC(1130) Concurrent Cleanup for Next Mark 0.157ms
[2026-06-18T01:55:23.482+0000][16040.206s][info][gc            ] GC(1130) Concurrent Cycle 18.594ms
[2026-06-18T01:56:12.331+0000][16089.053s][info][gc,start      ] GC(1131) Pause Young (Prepare Mixed) (G1 Evacuation Pause)
[2026-06-18T01:56:12.331+0000][16089.053s][info][gc,task       ] GC(1131) Using 13 workers of 13 for evacuation
[2026-06-18T01:56:12.333+0000][16089.055s][info][gc,phases     ] GC(1131)   Pre Evacuate Collection Set: 0.0ms
[2026-06-18T01:56:12.333+0000][16089.056s][info][gc,phases     ] GC(1131)   Evacuate Collection Set: 1.5ms
[2026-06-18T01:56:12.333+0000][16089.056s][info][gc,phases     ] GC(1131)   Post Evacuate Collection Set: 0.3ms
[2026-06-18T01:56:12.334+0000][16089.056s][info][gc,phases     ] GC(1131)   Other: 0.3ms
[2026-06-18T01:56:12.334+0000][16089.056s][info][gc,heap       ] GC(1131) Eden regions: 240->0(20)
[2026-06-18T01:56:12.334+0000][16089.056s][info][gc,heap       ] GC(1131) Survivor regions: 8->5(31)
[2026-06-18T01:56:12.334+0000][16089.056s][info][gc,heap       ] GC(1131) Old regions: 50->50
[2026-06-18T01:56:12.334+0000][16089.056s][info][gc,heap       ] GC(1131) Humongous regions: 147->147
[2026-06-18T01:56:12.334+0000][16089.056s][info][gc,metaspace  ] GC(1131) Metaspace: 52824K(55552K)->52824K(55552K) NonClass: 46892K(48384K)->46892K(48384K) Class: 5932K(7168K)->5932K(7168K)
[2026-06-18T01:56:12.334+0000][16089.056s][info][gc            ] GC(1131) Pause Young (Prepare Mixed) (G1 Evacuation Pause) 444M->201M(512M) 2.646ms
[2026-06-18T01:56:12.334+0000][16089.056s][info][gc,cpu        ] GC(1131) User=0.02s Sys=0.00s Real=0.00s
[2026-06-18T01:56:12.455+0000][16089.177s][info][gc,start      ] GC(1132) Pause Young (Mixed) (G1 Evacuation Pause)
[2026-06-18T01:56:12.455+0000][16089.177s][info][gc,task       ] GC(1132) Using 13 workers of 13 for evacuation
[2026-06-18T01:56:12.464+0000][16089.187s][info][gc,phases     ] GC(1132)   Pre Evacuate Collection Set: 0.0ms
[2026-06-18T01:56:12.465+0000][16089.187s][info][gc,phases     ] GC(1132)   Evacuate Collection Set: 8.8ms
[2026-06-18T01:56:12.465+0000][16089.187s][info][gc,phases     ] GC(1132)   Post Evacuate Collection Set: 0.4ms
[2026-06-18T01:56:12.465+0000][16089.187s][info][gc,phases     ] GC(1132)   Other: 0.4ms
[2026-06-18T01:56:12.465+0000][16089.187s][info][gc,heap       ] GC(1132) Eden regions: 20->0(245)
[2026-06-18T01:56:12.465+0000][16089.187s][info][gc,heap       ] GC(1132) Survivor regions: 5->2(4)
[2026-06-18T01:56:12.465+0000][16089.187s][info][gc,heap       ] GC(1132) Old regions: 50->50
[2026-06-18T01:56:12.465+0000][16089.187s][info][gc,heap       ] GC(1132) Humongous regions: 147->147
[2026-06-18T01:56:12.465+0000][16089.187s][info][gc,metaspace  ] GC(1132) Metaspace: 52824K(55552K)->52824K(55552K) NonClass: 46892K(48384K)->46892K(48384K) Class: 5932K(7168K)->5932K(7168K)
[2026-06-18T01:56:12.465+0000][16089.187s][info][gc            ] GC(1132) Pause Young (Mixed) (G1 Evacuation Pause) 221M->198M(512M) 10.002ms
[2026-06-18T01:56:12.465+0000][16089.187s][info][gc,cpu        ] GC(1132) User=0.07s Sys=0.00s Real=0.01s
[2026-06-18T01:56:13.837+0000][16090.560s][info][gc,start      ] GC(1133) Pause Young (Normal) (G1 Evacuation Pause)
[2026-06-18T01:56:13.838+0000][16090.560s][info][gc,task       ] GC(1133) Using 13 workers of 13 for evacuation
[2026-06-18T01:56:13.839+0000][16090.561s][info][gc,phases     ] GC(1133)   Pre Evacuate Collection Set: 0.0ms
[2026-06-18T01:56:13.839+0000][16090.561s][info][gc,phases     ] GC(1133)   Evacuate Collection Set: 1.2ms
[2026-06-18T01:56:13.839+0000][16090.561s][info][gc,phases     ] GC(1133)   Post Evacuate Collection Set: 0.3ms
[2026-06-18T01:56:13.840+0000][16090.562s][info][gc,phases     ] GC(1133)   Other: 0.3ms
[2026-06-18T01:56:13.840+0000][16090.562s][info][gc,heap       ] GC(1133) Eden regions: 245->0(247)
[2026-06-18T01:56:13.840+0000][16090.562s][info][gc,heap       ] GC(1133) Survivor regions: 2->2(31)
[2026-06-18T01:56:13.840+0000][16090.562s][info][gc,heap       ] GC(1133) Old regions: 50->50
[2026-06-18T01:56:13.840+0000][16090.562s][info][gc,heap       ] GC(1133) Humongous regions: 147->147
[2026-06-18T01:56:13.840+0000][16090.562s][info][gc,metaspace  ] GC(1133) Metaspace: 52824K(55552K)->52824K(55552K) NonClass: 46892K(48384K)->46892K(48384K) Class: 5932K(7168K)->5932K(7168K)
[2026-06-18T01:56:13.840+0000][16090.562s][info][gc            ] GC(1133) Pause Young (Normal) (G1 Evacuation Pause) 443M->197M(512M) 2.443ms
[2026-06-18T01:56:13.840+0000][16090.562s][info][gc,cpu        ] GC(1133) User=0.02s Sys=0.00s Real=0.00s
[2026-06-18T01:56:14.988+0000][16091.710s][info][gc,start      ] GC(1134) Pause Young (Normal) (G1 Evacuation Pause)
[2026-06-18T01:56:14.988+0000][16091.710s][info][gc,task       ] GC(1134) Using 13 workers of 13 for evacuation
[2026-06-18T01:56:14.990+0000][16091.712s][info][gc,phases     ] GC(1134)   Pre Evacuate Collection Set: 0.0ms
[2026-06-18T01:56:14.990+0000][16091.712s][info][gc,phases     ] GC(1134)   Evacuate Collection Set: 1.5ms
[2026-06-18T01:56:14.990+0000][16091.712s][info][gc,phases     ] GC(1134)   Post Evacuate Collection Set: 0.3ms
[2026-06-18T01:56:14.990+0000][16091.712s][info][gc,phases     ] GC(1134)   Other: 0.3ms
[2026-06-18T01:56:14.990+0000][16091.712s][info][gc,heap       ] GC(1134) Eden regions: 247->0(244)
[2026-06-18T01:56:14.990+0000][16091.713s][info][gc,heap       ] GC(1134) Survivor regions: 2->6(32)
[2026-06-18T01:56:14.990+0000][16091.713s][info][gc,heap       ] GC(1134) Old regions: 50->50
[2026-06-18T01:56:14.991+0000][16091.713s][info][gc,heap       ] GC(1134) Humongous regions: 147->147
[2026-06-18T01:56:14.991+0000][16091.713s][info][gc,metaspace  ] GC(1134) Metaspace: 52824K(55552K)->52824K(55552K) NonClass: 46892K(48384K)->46892K(48384K) Class: 5932K(7168K)->5932K(7168K)
[2026-06-18T01:56:14.991+0000][16091.713s][info][gc            ] GC(1134) Pause Young (Normal) (G1 Evacuation Pause) 444M->201M(512M) 2.738ms
[2026-06-18T01:56:14.991+0000][16091.713s][info][gc,cpu        ] GC(1134) User=0.02s Sys=0.00s Real=0.01s
[2026-06-18T01:57:03.598+0000][16140.319s][info][gc,start      ] GC(1135) Pause Young (Concurrent Start) (G1 Evacuation Pause)
[2026-06-18T01:57:03.598+0000][16140.319s][info][gc,task       ] GC(1135) Using 13 workers of 13 for evacuation
[2026-06-18T01:57:03.601+0000][16140.322s][info][gc,phases     ] GC(1135)   Pre Evacuate Collection Set: 0.3ms
[2026-06-18T01:57:03.601+0000][16140.322s][info][gc,phases     ] GC(1135)   Evacuate Collection Set: 2.3ms
[2026-06-18T01:57:03.601+0000][16140.322s][info][gc,phases     ] GC(1135)   Post Evacuate Collection Set: 0.3ms
[2026-06-18T01:57:03.601+0000][16140.322s][info][gc,phases     ] GC(1135)   Other: 0.4ms
[2026-06-18T01:57:03.601+0000][16140.322s][info][gc,heap       ] GC(1135) Eden regions: 244->0(240)
[2026-06-18T01:57:03.601+0000][16140.322s][info][gc,heap       ] GC(1135) Survivor regions: 6->9(32)
[2026-06-18T01:57:03.601+0000][16140.322s][info][gc,heap       ] GC(1135) Old regions: 50->50
[2026-06-18T01:57:03.601+0000][16140.322s][info][gc,heap       ] GC(1135) Humongous regions: 147->147
[2026-06-18T01:57:03.601+0000][16140.322s][info][gc,metaspace  ] GC(1135) Metaspace: 52826K(55552K)->52826K(55552K) NonClass: 46894K(48384K)->46894K(48384K) Class: 5932K(7168K)->5932K(7168K)
[2026-06-18T01:57:03.601+0000][16140.322s][info][gc            ] GC(1135) Pause Young (Concurrent Start) (G1 Evacuation Pause) 445M->204M(512M) 3.494ms
[2026-06-18T01:57:03.601+0000][16140.322s][info][gc,cpu        ] GC(1135) User=0.03s Sys=0.00s Real=0.00s
[2026-06-18T01:57:03.601+0000][16140.322s][info][gc            ] GC(1136) Concurrent Cycle
[2026-06-18T01:57:03.601+0000][16140.322s][info][gc,marking    ] GC(1136) Concurrent Clear Claimed Marks
[2026-06-18T01:57:03.601+0000][16140.323s][info][gc,marking    ] GC(1136) Concurrent Clear Claimed Marks 0.206ms
[2026-06-18T01:57:03.601+0000][16140.323s][info][gc,marking    ] GC(1136) Concurrent Scan Root Regions
[2026-06-18T01:57:03.603+0000][16140.324s][info][gc,marking    ] GC(1136) Concurrent Scan Root Regions 1.266ms
[2026-06-18T01:57:03.603+0000][16140.324s][info][gc,marking    ] GC(1136) Concurrent Mark (16140.324s)
[2026-06-18T01:57:03.603+0000][16140.324s][info][gc,marking    ] GC(1136) Concurrent Mark From Roots
[2026-06-18T01:57:03.603+0000][16140.324s][info][gc,task       ] GC(1136) Using 3 workers of 3 for marking
[2026-06-18T01:57:03.608+0000][16140.330s][info][gc,marking    ] GC(1136) Concurrent Mark From Roots 5.474ms
[2026-06-18T01:57:03.608+0000][16140.330s][info][gc,marking    ] GC(1136) Concurrent Preclean
[2026-06-18T01:57:03.609+0000][16140.330s][info][gc,marking    ] GC(1136) Concurrent Preclean 0.244ms
[2026-06-18T01:57:03.609+0000][16140.330s][info][gc,marking    ] GC(1136) Concurrent Mark (16140.324s, 16140.330s) 5.920ms
[2026-06-18T01:57:03.609+0000][16140.330s][info][gc,start      ] GC(1136) Pause Remark
[2026-06-18T01:57:03.612+0000][16140.333s][info][gc,stringtable] GC(1136) Cleaned string and symbol table, strings: 17465 processed, 0 removed, symbols: 125076 processed, 0 removed
[2026-06-18T01:57:03.612+0000][16140.333s][info][gc            ] GC(1136) Pause Remark 208M->208M(512M) 2.874ms
[2026-06-18T01:57:03.612+0000][16140.333s][info][gc,cpu        ] GC(1136) User=0.03s Sys=0.00s Real=0.01s
[2026-06-18T01:57:03.612+0000][16140.333s][info][gc,marking    ] GC(1136) Concurrent Rebuild Remembered Sets
[2026-06-18T01:57:03.616+0000][16140.337s][info][gc,marking    ] GC(1136) Concurrent Rebuild Remembered Sets 4.103ms
[2026-06-18T01:57:03.616+0000][16140.338s][info][gc,start      ] GC(1136) Pause Cleanup
[2026-06-18T01:57:03.617+0000][16140.338s][info][gc            ] GC(1136) Pause Cleanup 209M->209M(512M) 0.174ms
[2026-06-18T01:57:03.617+0000][16140.338s][info][gc,cpu        ] GC(1136) User=0.00s Sys=0.00s Real=0.00s
[2026-06-18T01:57:03.617+0000][16140.338s][info][gc,marking    ] GC(1136) Concurrent Cleanup for Next Mark
[2026-06-18T01:57:03.617+0000][16140.338s][info][gc,marking    ] GC(1136) Concurrent Cleanup for Next Mark 0.148ms
[2026-06-18T01:57:03.617+0000][16140.338s][info][gc            ] GC(1136) Concurrent Cycle 15.836ms
[2026-06-18T01:57:05.109+0000][16141.830s][info][gc,start      ] GC(1137) Pause Young (Prepare Mixed) (G1 Evacuation Pause)
[2026-06-18T01:57:05.109+0000][16141.830s][info][gc,task       ] GC(1137) Using 13 workers of 13 for evacuation
[2026-06-18T01:57:05.113+0000][16141.834s][info][gc,phases     ] GC(1137)   Pre Evacuate Collection Set: 0.0ms
[2026-06-18T01:57:05.113+0000][16141.834s][info][gc,phases     ] GC(1137)   Evacuate Collection Set: 3.4ms
[2026-06-18T01:57:05.113+0000][16141.834s][info][gc,phases     ] GC(1137)   Post Evacuate Collection Set: 0.3ms
[2026-06-18T01:57:05.113+0000][16141.834s][info][gc,phases     ] GC(1137)   Other: 0.4ms
[2026-06-18T01:57:05.113+0000][16141.834s][info][gc,heap       ] GC(1137) Eden regions: 240->0(21)
[2026-06-18T01:57:05.113+0000][16141.834s][info][gc,heap       ] GC(1137) Survivor regions: 9->4(32)
[2026-06-18T01:57:05.113+0000][16141.834s][info][gc,heap       ] GC(1137) Old regions: 50->50
[2026-06-18T01:57:05.113+0000][16141.835s][info][gc,heap       ] GC(1137) Humongous regions: 147->147
[2026-06-18T01:57:05.113+0000][16141.835s][info][gc,metaspace  ] GC(1137) Metaspace: 52826K(55552K)->52826K(55552K) NonClass: 46894K(48384K)->46894K(48384K) Class: 5932K(7168K)->5932K(7168K)
[2026-06-18T01:57:05.113+0000][16141.835s][info][gc            ] GC(1137) Pause Young (Prepare Mixed) (G1 Evacuation Pause) 444M->200M(512M) 4.515ms
[2026-06-18T01:57:05.113+0000][16141.835s][info][gc,cpu        ] GC(1137) User=0.04s Sys=0.00s Real=0.01s
[2026-06-18T01:57:05.220+0000][16141.941s][info][gc,start      ] GC(1138) Pause Young (Mixed) (G1 Evacuation Pause)
[2026-06-18T01:57:05.220+0000][16141.941s][info][gc,task       ] GC(1138) Using 13 workers of 13 for evacuation
[2026-06-18T01:57:05.224+0000][16141.945s][info][gc,phases     ] GC(1138)   Pre Evacuate Collection Set: 0.0ms
[2026-06-18T01:57:05.224+0000][16141.946s][info][gc,phases     ] GC(1138)   Evacuate Collection Set: 3.5ms
[2026-06-18T01:57:05.224+0000][16141.946s][info][gc,phases     ] GC(1138)   Post Evacuate Collection Set: 0.4ms
[2026-06-18T01:57:05.224+0000][16141.946s][info][gc,phases     ] GC(1138)   Other: 0.5ms
[2026-06-18T01:57:05.224+0000][16141.946s][info][gc,heap       ] GC(1138) Eden regions: 21->0(249)
[2026-06-18T01:57:05.225+0000][16141.946s][info][gc,heap       ] GC(1138) Survivor regions: 4->4(4)
[2026-06-18T01:57:05.225+0000][16141.946s][info][gc,heap       ] GC(1138) Old regions: 50->46
[2026-06-18T01:57:05.225+0000][16141.946s][info][gc,heap       ] GC(1138) Humongous regions: 147->147
[2026-06-18T01:57:05.225+0000][16141.946s][info][gc,metaspace  ] GC(1138) Metaspace: 52826K(55552K)->52826K(55552K) NonClass: 46894K(48384K)->46894K(48384K) Class: 5932K(7168K)->5932K(7168K)
[2026-06-18T01:57:05.225+0000][16141.946s][info][gc            ] GC(1138) Pause Young (Mixed) (G1 Evacuation Pause) 221M->195M(512M) 5.019ms
[2026-06-18T01:57:05.225+0000][16141.946s][info][gc,cpu        ] GC(1138) User=0.02s Sys=0.00s Real=0.01s
[2026-06-18T01:57:06.584+0000][16143.306s][info][gc,start      ] GC(1139) Pause Young (Normal) (G1 Evacuation Pause)
[2026-06-18T01:57:06.585+0000][16143.306s][info][gc,task       ] GC(1139) Using 13 workers of 13 for evacuation
[2026-06-18T01:57:06.587+0000][16143.308s][info][gc,phases     ] GC(1139)   Pre Evacuate Collection Set: 0.0ms
[2026-06-18T01:57:06.587+0000][16143.308s][info][gc,phases     ] GC(1139)   Evacuate Collection Set: 1.6ms
[2026-06-18T01:57:06.587+0000][16143.308s][info][gc,phases     ] GC(1139)   Post Evacuate Collection Set: 0.4ms
[2026-06-18T01:57:06.587+0000][16143.308s][info][gc,phases     ] GC(1139)   Other: 0.3ms
[2026-06-18T01:57:06.587+0000][16143.308s][info][gc,heap       ] GC(1139) Eden regions: 249->0(246)
[2026-06-18T01:57:06.587+0000][16143.308s][info][gc,heap       ] GC(1139) Survivor regions: 4->7(32)
[2026-06-18T01:57:06.587+0000][16143.308s][info][gc,heap       ] GC(1139) Old regions: 46->46
[2026-06-18T01:57:06.587+0000][16143.308s][info][gc,heap       ] GC(1139) Humongous regions: 147->147
[2026-06-18T01:57:06.587+0000][16143.308s][info][gc,metaspace  ] GC(1139) Metaspace: 52826K(55552K)->52826K(55552K) NonClass: 46894K(48384K)->46894K(48384K) Class: 5932K(7168K)->5932K(7168K)
[2026-06-18T01:57:06.587+0000][16143.309s][info][gc            ] GC(1139) Pause Young (Normal) (G1 Evacuation Pause) 444M->199M(512M) 2.873ms
[2026-06-18T01:57:06.587+0000][16143.309s][info][gc,cpu        ] GC(1139) User=0.01s Sys=0.00s Real=0.00s
[2026-06-18T01:57:07.830+0000][16144.552s][info][gc,start      ] GC(1140) Pause Young (Normal) (G1 Evacuation Pause)
[2026-06-18T01:57:07.830+0000][16144.552s][info][gc,task       ] GC(1140) Using 13 workers of 13 for evacuation
[2026-06-18T01:57:07.832+0000][16144.553s][info][gc,phases     ] GC(1140)   Pre Evacuate Collection Set: 0.0ms
[2026-06-18T01:57:07.832+0000][16144.554s][info][gc,phases     ] GC(1140)   Evacuate Collection Set: 1.3ms
[2026-06-18T01:57:07.832+0000][16144.554s][info][gc,phases     ] GC(1140)   Post Evacuate Collection Set: 0.4ms
[2026-06-18T01:57:07.832+0000][16144.554s][info][gc,phases     ] GC(1140)   Other: 0.3ms
[2026-06-18T01:57:07.833+0000][16144.554s][info][gc,heap       ] GC(1140) Eden regions: 246->0(249)
[2026-06-18T01:57:07.833+0000][16144.554s][info][gc,heap       ] GC(1140) Survivor regions: 7->5(32)
[2026-06-18T01:57:07.833+0000][16144.554s][info][gc,heap       ] GC(1140) Old regions: 46->46
[2026-06-18T01:57:07.833+0000][16144.554s][info][gc,heap       ] GC(1140) Humongous regions: 147->147
[2026-06-18T01:57:07.833+0000][16144.554s][info][gc,metaspace  ] GC(1140) Metaspace: 52826K(55552K)->52826K(55552K) NonClass: 46894K(48384K)->46894K(48384K) Class: 5932K(7168K)->5932K(7168K)
[2026-06-18T01:57:07.833+0000][16144.554s][info][gc            ] GC(1140) Pause Young (Normal) (G1 Evacuation Pause) 445M->197M(512M) 2.604ms
[2026-06-18T01:57:07.833+0000][16144.554s][info][gc,cpu        ] GC(1140) User=0.01s Sys=0.00s Real=0.01s
[2026-06-18T01:57:56.634+0000][16193.355s][info][gc,start      ] GC(1141) Pause Young (Concurrent Start) (G1 Evacuation Pause)
[2026-06-18T01:57:56.634+0000][16193.355s][info][gc,task       ] GC(1141) Using 13 workers of 13 for evacuation
[2026-06-18T01:57:56.637+0000][16193.358s][info][gc,phases     ] GC(1141)   Pre Evacuate Collection Set: 0.3ms
[2026-06-18T01:57:56.637+0000][16193.358s][info][gc,phases     ] GC(1141)   Evacuate Collection Set: 2.0ms
[2026-06-18T01:57:56.637+0000][16193.358s][info][gc,phases     ] GC(1141)   Post Evacuate Collection Set: 0.4ms
[2026-06-18T01:57:56.637+0000][16193.358s][info][gc,phases     ] GC(1141)   Other: 0.3ms
[2026-06-18T01:57:56.637+0000][16193.358s][info][gc,heap       ] GC(1141) Eden regions: 249->0(244)
[2026-06-18T01:57:56.637+0000][16193.358s][info][gc,heap       ] GC(1141) Survivor regions: 5->9(32)
[2026-06-18T01:57:56.637+0000][16193.358s][info][gc,heap       ] GC(1141) Old regions: 46->46
[2026-06-18T01:57:56.637+0000][16193.358s][info][gc,heap       ] GC(1141) Humongous regions: 147->147
[2026-06-18T01:57:56.637+0000][16193.358s][info][gc,metaspace  ] GC(1141) Metaspace: 52833K(55552K)->52833K(55552K) NonClass: 46901K(48384K)->46901K(48384K) Class: 5932K(7168K)->5932K(7168K)
[2026-06-18T01:57:56.638+0000][16193.358s][info][gc            ] GC(1141) Pause Young (Concurrent Start) (G1 Evacuation Pause) 446M->201M(512M) 3.578ms
[2026-06-18T01:57:56.638+0000][16193.358s][info][gc,cpu        ] GC(1141) User=0.02s Sys=0.00s Real=0.00s
[2026-06-18T01:57:56.638+0000][16193.359s][info][gc            ] GC(1142) Concurrent Cycle
[2026-06-18T01:57:56.638+0000][16193.359s][info][gc,marking    ] GC(1142) Concurrent Clear Claimed Marks
[2026-06-18T01:57:56.638+0000][16193.359s][info][gc,marking    ] GC(1142) Concurrent Clear Claimed Marks 0.230ms
[2026-06-18T01:57:56.638+0000][16193.359s][info][gc,marking    ] GC(1142) Concurrent Scan Root Regions
[2026-06-18T01:57:56.640+0000][16193.361s][info][gc,marking    ] GC(1142) Concurrent Scan Root Regions 1.679ms
[2026-06-18T01:57:56.640+0000][16193.361s][info][gc,marking    ] GC(1142) Concurrent Mark (16193.361s)
[2026-06-18T01:57:56.640+0000][16193.361s][info][gc,marking    ] GC(1142) Concurrent Mark From Roots
[2026-06-18T01:57:56.640+0000][16193.361s][info][gc,task       ] GC(1142) Using 3 workers of 3 for marking
[2026-06-18T01:57:56.646+0000][16193.367s][info][gc,marking    ] GC(1142) Concurrent Mark From Roots 6.157ms
[2026-06-18T01:57:56.646+0000][16193.367s][info][gc,marking    ] GC(1142) Concurrent Preclean
[2026-06-18T01:57:56.647+0000][16193.367s][info][gc,marking    ] GC(1142) Concurrent Preclean 0.235ms
[2026-06-18T01:57:56.647+0000][16193.368s][info][gc,marking    ] GC(1142) Concurrent Mark (16193.361s, 16193.368s) 6.643ms
[2026-06-18T01:57:56.647+0000][16193.368s][info][gc,start      ] GC(1142) Pause Remark
[2026-06-18T01:57:56.650+0000][16193.371s][info][gc,stringtable] GC(1142) Cleaned string and symbol table, strings: 17465 processed, 0 removed, symbols: 125076 processed, 0 removed
[2026-06-18T01:57:56.650+0000][16193.371s][info][gc            ] GC(1142) Pause Remark 204M->204M(512M) 3.125ms
[2026-06-18T01:57:56.650+0000][16193.371s][info][gc,cpu        ] GC(1142) User=0.03s Sys=0.00s Real=0.00s
[2026-06-18T01:57:56.650+0000][16193.371s][info][gc,marking    ] GC(1142) Concurrent Rebuild Remembered Sets
[2026-06-18T01:57:56.655+0000][16193.376s][info][gc,marking    ] GC(1142) Concurrent Rebuild Remembered Sets 4.750ms
[2026-06-18T01:57:56.655+0000][16193.376s][info][gc,start      ] GC(1142) Pause Cleanup
[2026-06-18T01:57:56.655+0000][16193.376s][info][gc            ] GC(1142) Pause Cleanup 206M->206M(512M) 0.171ms
[2026-06-18T01:57:56.656+0000][16193.376s][info][gc,cpu        ] GC(1142) User=0.00s Sys=0.00s Real=0.00s
[2026-06-18T01:57:56.656+0000][16193.377s][info][gc,marking    ] GC(1142) Concurrent Cleanup for Next Mark
[2026-06-18T01:57:56.656+0000][16193.377s][info][gc,marking    ] GC(1142) Concurrent Cleanup for Next Mark 0.212ms
[2026-06-18T01:57:56.656+0000][16193.377s][info][gc            ] GC(1142) Concurrent Cycle 18.194ms
[2026-06-18T01:57:58.064+0000][16194.784s][info][gc,start      ] GC(1143) Pause Young (Prepare Mixed) (G1 Evacuation Pause)
[2026-06-18T01:57:58.064+0000][16194.785s][info][gc,task       ] GC(1143) Using 13 workers of 13 for evacuation
[2026-06-18T01:57:58.068+0000][16194.788s][info][gc,phases     ] GC(1143)   Pre Evacuate Collection Set: 0.0ms
[2026-06-18T01:57:58.068+0000][16194.789s][info][gc,phases     ] GC(1143)   Evacuate Collection Set: 3.3ms
[2026-06-18T01:57:58.068+0000][16194.789s][info][gc,phases     ] GC(1143)   Post Evacuate Collection Set: 0.3ms
[2026-06-18T01:57:58.068+0000][16194.789s][info][gc,phases     ] GC(1143)   Other: 0.4ms
[2026-06-18T01:57:58.068+0000][16194.789s][info][gc,heap       ] GC(1143) Eden regions: 244->0(19)
[2026-06-18T01:57:58.068+0000][16194.789s][info][gc,heap       ] GC(1143) Survivor regions: 9->6(32)
[2026-06-18T01:57:58.069+0000][16194.789s][info][gc,heap       ] GC(1143) Old regions: 46->46
[2026-06-18T01:57:58.069+0000][16194.789s][info][gc,heap       ] GC(1143) Humongous regions: 147->147
[2026-06-18T01:57:58.069+0000][16194.789s][info][gc,metaspace  ] GC(1143) Metaspace: 52833K(55552K)->52833K(55552K) NonClass: 46901K(48384K)->46901K(48384K) Class: 5932K(7168K)->5932K(7168K)
[2026-06-18T01:57:58.069+0000][16194.789s][info][gc            ] GC(1143) Pause Young (Prepare Mixed) (G1 Evacuation Pause) 445M->198M(512M) 4.609ms
[2026-06-18T01:57:58.069+0000][16194.789s][info][gc,cpu        ] GC(1143) User=0.04s Sys=0.00s Real=0.00s
[2026-06-18T01:57:58.159+0000][16194.880s][info][gc,start      ] GC(1144) Pause Young (Mixed) (G1 Evacuation Pause)
[2026-06-18T01:57:58.160+0000][16194.880s][info][gc,task       ] GC(1144) Using 13 workers of 13 for evacuation
[2026-06-18T01:57:58.163+0000][16194.883s][info][gc,phases     ] GC(1144)   Pre Evacuate Collection Set: 0.0ms
[2026-06-18T01:57:58.163+0000][16194.883s][info][gc,phases     ] GC(1144)   Evacuate Collection Set: 2.6ms
[2026-06-18T01:57:58.163+0000][16194.883s][info][gc,phases     ] GC(1144)   Post Evacuate Collection Set: 0.3ms
[2026-06-18T01:57:58.163+0000][16194.883s][info][gc,phases     ] GC(1144)   Other: 0.4ms
[2026-06-18T01:57:58.163+0000][16194.884s][info][gc,heap       ] GC(1144) Eden regions: 19->0(248)
[2026-06-18T01:57:58.163+0000][16194.884s][info][gc,heap       ] GC(1144) Survivor regions: 6->2(4)
[2026-06-18T01:57:58.164+0000][16194.884s][info][gc,heap       ] GC(1144) Old regions: 46->50
[2026-06-18T01:57:58.164+0000][16194.884s][info][gc,heap       ] GC(1144) Humongous regions: 147->147
[2026-06-18T01:57:58.164+0000][16194.884s][info][gc,metaspace  ] GC(1144) Metaspace: 52833K(55552K)->52833K(55552K) NonClass: 46901K(48384K)->46901K(48384K) Class: 5932K(7168K)->5932K(7168K)
[2026-06-18T01:57:58.164+0000][16194.884s][info][gc            ] GC(1144) Pause Young (Mixed) (G1 Evacuation Pause) 217M->198M(512M) 4.478ms
[2026-06-18T01:57:58.164+0000][16194.884s][info][gc,cpu        ] GC(1144) User=0.02s Sys=0.00s Real=0.01s
[2026-06-18T01:57:59.437+0000][16196.157s][info][gc,start      ] GC(1145) Pause Young (Normal) (G1 Evacuation Pause)
[2026-06-18T01:57:59.437+0000][16196.157s][info][gc,task       ] GC(1145) Using 13 workers of 13 for evacuation
[2026-06-18T01:57:59.438+0000][16196.159s][info][gc,phases     ] GC(1145)   Pre Evacuate Collection Set: 0.0ms
[2026-06-18T01:57:59.438+0000][16196.159s][info][gc,phases     ] GC(1145)   Evacuate Collection Set: 1.2ms
[2026-06-18T01:57:59.439+0000][16196.159s][info][gc,phases     ] GC(1145)   Post Evacuate Collection Set: 0.3ms
[2026-06-18T01:57:59.439+0000][16196.159s][info][gc,phases     ] GC(1145)   Other: 0.3ms
[2026-06-18T01:57:59.439+0000][16196.159s][info][gc,heap       ] GC(1145) Eden regions: 248->0(250)
[2026-06-18T01:57:59.439+0000][16196.159s][info][gc,heap       ] GC(1145) Survivor regions: 2->2(32)
[2026-06-18T01:57:59.439+0000][16196.159s][info][gc,heap       ] GC(1145) Old regions: 50->50
[2026-06-18T01:57:59.439+0000][16196.159s][info][gc,heap       ] GC(1145) Humongous regions: 147->147
[2026-06-18T01:57:59.439+0000][16196.159s][info][gc,metaspace  ] GC(1145) Metaspace: 52833K(55552K)->52833K(55552K) NonClass: 46901K(48384K)->46901K(48384K) Class: 5932K(7168K)->5932K(7168K)
[2026-06-18T01:57:59.439+0000][16196.159s][info][gc            ] GC(1145) Pause Young (Normal) (G1 Evacuation Pause) 446M->198M(512M) 2.466ms
[2026-06-18T01:57:59.439+0000][16196.159s][info][gc,cpu        ] GC(1145) User=0.01s Sys=0.00s Real=0.00s
[2026-06-18T01:58:48.118+0000][16244.838s][info][gc,start      ] GC(1146) Pause Young (Normal) (G1 Evacuation Pause)
[2026-06-18T01:58:48.118+0000][16244.838s][info][gc,task       ] GC(1146) Using 13 workers of 13 for evacuation
[2026-06-18T01:58:48.121+0000][16244.841s][info][gc,phases     ] GC(1146)   Pre Evacuate Collection Set: 0.0ms
[2026-06-18T01:58:48.121+0000][16244.841s][info][gc,phases     ] GC(1146)   Evacuate Collection Set: 1.9ms
[2026-06-18T01:58:48.121+0000][16244.841s][info][gc,phases     ] GC(1146)   Post Evacuate Collection Set: 0.3ms
[2026-06-18T01:58:48.121+0000][16244.841s][info][gc,phases     ] GC(1146)   Other: 0.3ms
[2026-06-18T01:58:48.121+0000][16244.841s][info][gc,heap       ] GC(1146) Eden regions: 250->0(246)
[2026-06-18T01:58:48.121+0000][16244.841s][info][gc,heap       ] GC(1146) Survivor regions: 2->6(32)
[2026-06-18T01:58:48.121+0000][16244.841s][info][gc,heap       ] GC(1146) Old regions: 50->50
[2026-06-18T01:58:48.121+0000][16244.841s][info][gc,heap       ] GC(1146) Humongous regions: 147->147
[2026-06-18T01:58:48.121+0000][16244.841s][info][gc,metaspace  ] GC(1146) Metaspace: 52833K(55552K)->52833K(55552K) NonClass: 46901K(48384K)->46901K(48384K) Class: 5932K(7168K)->5932K(7168K)
[2026-06-18T01:58:48.121+0000][16244.841s][info][gc            ] GC(1146) Pause Young (Normal) (G1 Evacuation Pause) 448M->202M(512M) 3.073ms
[2026-06-18T01:58:48.121+0000][16244.841s][info][gc,cpu        ] GC(1146) User=0.02s Sys=0.00s Real=0.00s
[2026-06-18T01:58:49.726+0000][16246.446s][info][gc,start      ] GC(1147) Pause Young (Concurrent Start) (G1 Evacuation Pause)
[2026-06-18T01:58:49.726+0000][16246.446s][info][gc,task       ] GC(1147) Using 13 workers of 13 for evacuation
[2026-06-18T01:58:49.729+0000][16246.449s][info][gc,phases     ] GC(1147)   Pre Evacuate Collection Set: 0.3ms
[2026-06-18T01:58:49.729+0000][16246.449s][info][gc,phases     ] GC(1147)   Evacuate Collection Set: 2.4ms
[2026-06-18T01:58:49.730+0000][16246.450s][info][gc,phases     ] GC(1147)   Post Evacuate Collection Set: 0.5ms
[2026-06-18T01:58:49.730+0000][16246.450s][info][gc,phases     ] GC(1147)   Other: 0.4ms
[2026-06-18T01:58:49.730+0000][16246.450s][info][gc,heap       ] GC(1147) Eden regions: 246->0(238)
[2026-06-18T01:58:49.730+0000][16246.450s][info][gc,heap       ] GC(1147) Survivor regions: 6->10(32)
[2026-06-18T01:58:49.730+0000][16246.450s][info][gc,heap       ] GC(1147) Old regions: 50->50
[2026-06-18T01:58:49.730+0000][16246.450s][info][gc,heap       ] GC(1147) Humongous regions: 147->147
[2026-06-18T01:58:49.730+0000][16246.450s][info][gc,metaspace  ] GC(1147) Metaspace: 52833K(55552K)->52833K(55552K) NonClass: 46901K(48384K)->46901K(48384K) Class: 5932K(7168K)->5932K(7168K)
[2026-06-18T01:58:49.730+0000][16246.450s][info][gc            ] GC(1147) Pause Young (Concurrent Start) (G1 Evacuation Pause) 448M->206M(512M) 4.551ms
[2026-06-18T01:58:49.730+0000][16246.450s][info][gc,cpu        ] GC(1147) User=0.02s Sys=0.00s Real=0.00s
[2026-06-18T01:58:49.731+0000][16246.451s][info][gc            ] GC(1148) Concurrent Cycle
[2026-06-18T01:58:49.731+0000][16246.451s][info][gc,marking    ] GC(1148) Concurrent Clear Claimed Marks
[2026-06-18T01:58:49.731+0000][16246.451s][info][gc,marking    ] GC(1148) Concurrent Clear Claimed Marks 0.370ms
[2026-06-18T01:58:49.731+0000][16246.451s][info][gc,marking    ] GC(1148) Concurrent Scan Root Regions
[2026-06-18T01:58:49.732+0000][16246.452s][info][gc,marking    ] GC(1148) Concurrent Scan Root Regions 1.396ms
[2026-06-18T01:58:49.733+0000][16246.453s][info][gc,marking    ] GC(1148) Concurrent Mark (16246.453s)
[2026-06-18T01:58:49.733+0000][16246.453s][info][gc,marking    ] GC(1148) Concurrent Mark From Roots
[2026-06-18T01:58:49.733+0000][16246.453s][info][gc,task       ] GC(1148) Using 3 workers of 3 for marking
[2026-06-18T01:58:49.740+0000][16246.460s][info][gc,marking    ] GC(1148) Concurrent Mark From Roots 6.482ms
[2026-06-18T01:58:49.740+0000][16246.460s][info][gc,marking    ] GC(1148) Concurrent Preclean
[2026-06-18T01:58:49.740+0000][16246.460s][info][gc,marking    ] GC(1148) Concurrent Preclean 0.253ms
[2026-06-18T01:58:49.740+0000][16246.460s][info][gc,marking    ] GC(1148) Concurrent Mark (16246.453s, 16246.460s) 7.064ms
[2026-06-18T01:58:49.740+0000][16246.460s][info][gc,start      ] GC(1148) Pause Remark
[2026-06-18T01:58:49.744+0000][16246.464s][info][gc,stringtable] GC(1148) Cleaned string and symbol table, strings: 17465 processed, 0 removed, symbols: 125076 processed, 0 removed
[2026-06-18T01:58:49.745+0000][16246.465s][info][gc            ] GC(1148) Pause Remark 210M->210M(512M) 5.079ms
[2026-06-18T01:58:49.746+0000][16246.466s][info][gc,cpu        ] GC(1148) User=0.01s Sys=0.01s Real=0.01s
[2026-06-18T01:58:49.746+0000][16246.466s][info][gc,marking    ] GC(1148) Concurrent Rebuild Remembered Sets
[2026-06-18T01:58:49.751+0000][16246.471s][info][gc,marking    ] GC(1148) Concurrent Rebuild Remembered Sets 5.195ms
[2026-06-18T01:58:49.752+0000][16246.472s][info][gc,start      ] GC(1148) Pause Cleanup
[2026-06-18T01:58:49.752+0000][16246.472s][info][gc            ] GC(1148) Pause Cleanup 211M->211M(512M) 0.222ms
[2026-06-18T01:58:49.752+0000][16246.472s][info][gc,cpu        ] GC(1148) User=0.00s Sys=0.00s Real=0.00s
[2026-06-18T01:58:49.752+0000][16246.472s][info][gc,marking    ] GC(1148) Concurrent Cleanup for Next Mark
[2026-06-18T01:58:49.752+0000][16246.472s][info][gc,marking    ] GC(1148) Concurrent Cleanup for Next Mark 0.155ms
[2026-06-18T01:58:49.752+0000][16246.472s][info][gc            ] GC(1148) Concurrent Cycle 21.660ms
[2026-06-18T01:58:50.921+0000][16247.641s][info][gc,start      ] GC(1149) Pause Young (Prepare Mixed) (G1 Evacuation Pause)
[2026-06-18T01:58:50.922+0000][16247.642s][info][gc,task       ] GC(1149) Using 13 workers of 13 for evacuation
[2026-06-18T01:58:50.924+0000][16247.644s][info][gc,phases     ] GC(1149)   Pre Evacuate Collection Set: 0.0ms
[2026-06-18T01:58:50.924+0000][16247.644s][info][gc,phases     ] GC(1149)   Evacuate Collection Set: 1.7ms
[2026-06-18T01:58:50.924+0000][16247.644s][info][gc,phases     ] GC(1149)   Post Evacuate Collection Set: 0.3ms
[2026-06-18T01:58:50.924+0000][16247.644s][info][gc,phases     ] GC(1149)   Other: 0.4ms
[2026-06-18T01:58:50.924+0000][16247.644s][info][gc,heap       ] GC(1149) Eden regions: 238->0(19)
[2026-06-18T01:58:50.924+0000][16247.644s][info][gc,heap       ] GC(1149) Survivor regions: 10->6(31)
[2026-06-18T01:58:50.924+0000][16247.644s][info][gc,heap       ] GC(1149) Old regions: 50->50
[2026-06-18T01:58:50.924+0000][16247.644s][info][gc,heap       ] GC(1149) Humongous regions: 147->147
[2026-06-18T01:58:50.924+0000][16247.644s][info][gc,metaspace  ] GC(1149) Metaspace: 52833K(55552K)->52833K(55552K) NonClass: 46901K(48384K)->46901K(48384K) Class: 5932K(7168K)->5932K(7168K)
[2026-06-18T01:58:50.924+0000][16247.644s][info][gc            ] GC(1149) Pause Young (Prepare Mixed) (G1 Evacuation Pause) 444M->202M(512M) 2.997ms
[2026-06-18T01:58:50.924+0000][16247.644s][info][gc,cpu        ] GC(1149) User=0.02s Sys=0.01s Real=0.01s
[2026-06-18T01:58:51.006+0000][16247.726s][info][gc,start      ] GC(1150) Pause Young (Mixed) (G1 Evacuation Pause)
[2026-06-18T01:58:51.006+0000][16247.726s][info][gc,task       ] GC(1150) Using 13 workers of 13 for evacuation
[2026-06-18T01:58:51.010+0000][16247.730s][info][gc,phases     ] GC(1150)   Pre Evacuate Collection Set: 0.0ms
[2026-06-18T01:58:51.010+0000][16247.730s][info][gc,phases     ] GC(1150)   Evacuate Collection Set: 3.3ms
[2026-06-18T01:58:51.010+0000][16247.730s][info][gc,phases     ] GC(1150)   Post Evacuate Collection Set: 0.3ms
[2026-06-18T01:58:51.010+0000][16247.730s][info][gc,phases     ] GC(1150)   Other: 0.3ms
[2026-06-18T01:58:51.011+0000][16247.731s][info][gc,heap       ] GC(1150) Eden regions: 19->0(246)
[2026-06-18T01:58:51.011+0000][16247.731s][info][gc,heap       ] GC(1150) Survivor regions: 6->2(4)
[2026-06-18T01:58:51.011+0000][16247.731s][info][gc,heap       ] GC(1150) Old regions: 50->51
[2026-06-18T01:58:51.011+0000][16247.731s][info][gc,heap       ] GC(1150) Humongous regions: 147->147
[2026-06-18T01:58:51.011+0000][16247.731s][info][gc,metaspace  ] GC(1150) Metaspace: 52833K(55552K)->52833K(55552K) NonClass: 46901K(48384K)->46901K(48384K) Class: 5932K(7168K)->5932K(7168K)
[2026-06-18T01:58:51.011+0000][16247.731s][info][gc            ] GC(1150) Pause Young (Mixed) (G1 Evacuation Pause) 221M->198M(512M) 4.579ms
[2026-06-18T01:58:51.011+0000][16247.731s][info][gc,cpu        ] GC(1150) User=0.04s Sys=0.00s Real=0.00s
[2026-06-18T01:58:52.205+0000][16248.925s][info][gc,start      ] GC(1151) Pause Young (Normal) (G1 Evacuation Pause)
[2026-06-18T01:58:52.205+0000][16248.925s][info][gc,task       ] GC(1151) Using 13 workers of 13 for evacuation
[2026-06-18T01:58:52.208+0000][16248.928s][info][gc,phases     ] GC(1151)   Pre Evacuate Collection Set: 0.0ms
[2026-06-18T01:58:52.208+0000][16248.928s][info][gc,phases     ] GC(1151)   Evacuate Collection Set: 2.2ms
[2026-06-18T01:58:52.208+0000][16248.928s][info][gc,phases     ] GC(1151)   Post Evacuate Collection Set: 0.3ms
[2026-06-18T01:58:52.208+0000][16248.928s][info][gc,phases     ] GC(1151)   Other: 0.3ms
[2026-06-18T01:58:52.208+0000][16248.928s][info][gc,heap       ] GC(1151) Eden regions: 246->0(237)
[2026-06-18T01:58:52.208+0000][16248.928s][info][gc,heap       ] GC(1151) Survivor regions: 2->8(31)
[2026-06-18T01:58:52.208+0000][16248.928s][info][gc,heap       ] GC(1151) Old regions: 51->51
[2026-06-18T01:58:52.208+0000][16248.928s][info][gc,heap       ] GC(1151) Humongous regions: 147->147
[2026-06-18T01:58:52.208+0000][16248.928s][info][gc,metaspace  ] GC(1151) Metaspace: 52833K(55552K)->52833K(55552K) NonClass: 46901K(48384K)->46901K(48384K) Class: 5932K(7168K)->5932K(7168K)
[2026-06-18T01:58:52.208+0000][16248.928s][info][gc            ] GC(1151) Pause Young (Normal) (G1 Evacuation Pause) 444M->205M(512M) 3.422ms
[2026-06-18T01:58:52.209+0000][16248.929s][info][gc,cpu        ] GC(1151) User=0.03s Sys=0.00s Real=0.00s
[2026-06-18T01:59:40.953+0000][16297.673s][info][gc,start      ] GC(1152) Pause Young (Normal) (G1 Evacuation Pause)
[2026-06-18T01:59:40.953+0000][16297.673s][info][gc,task       ] GC(1152) Using 13 workers of 13 for evacuation
[2026-06-18T01:59:40.956+0000][16297.675s][info][gc,phases     ] GC(1152)   Pre Evacuate Collection Set: 0.0ms
[2026-06-18T01:59:40.956+0000][16297.675s][info][gc,phases     ] GC(1152)   Evacuate Collection Set: 1.6ms
[2026-06-18T01:59:40.956+0000][16297.675s][info][gc,phases     ] GC(1152)   Post Evacuate Collection Set: 0.4ms
[2026-06-18T01:59:40.956+0000][16297.675s][info][gc,phases     ] GC(1152)   Other: 0.4ms
[2026-06-18T01:59:40.956+0000][16297.675s][info][gc,heap       ] GC(1152) Eden regions: 237->0(242)
[2026-06-18T01:59:40.956+0000][16297.675s][info][gc,heap       ] GC(1152) Survivor regions: 8->5(31)
[2026-06-18T01:59:40.956+0000][16297.675s][info][gc,heap       ] GC(1152) Old regions: 51->51
[2026-06-18T01:59:40.956+0000][16297.675s][info][gc,heap       ] GC(1152) Humongous regions: 147->147
[2026-06-18T01:59:40.956+0000][16297.675s][info][gc,metaspace  ] GC(1152) Metaspace: 52833K(55552K)->52833K(55552K) NonClass: 46901K(48384K)->46901K(48384K) Class: 5932K(7168K)->5932K(7168K)
[2026-06-18T01:59:40.956+0000][16297.675s][info][gc            ] GC(1152) Pause Young (Normal) (G1 Evacuation Pause) 442M->201M(512M) 2.804ms
[2026-06-18T01:59:40.956+0000][16297.676s][info][gc,cpu        ] GC(1152) User=0.02s Sys=0.00s Real=0.01s
[2026-06-18T01:59:42.281+0000][16299.000s][info][gc,start      ] GC(1153) Pause Young (Concurrent Start) (G1 Evacuation Pause)
[2026-06-18T01:59:42.281+0000][16299.000s][info][gc,task       ] GC(1153) Using 13 workers of 13 for evacuation
[2026-06-18T01:59:42.286+0000][16299.006s][info][gc,phases     ] GC(1153)   Pre Evacuate Collection Set: 0.3ms
[2026-06-18T01:59:42.286+0000][16299.006s][info][gc,phases     ] GC(1153)   Evacuate Collection Set: 4.6ms
[2026-06-18T01:59:42.286+0000][16299.006s][info][gc,phases     ] GC(1153)   Post Evacuate Collection Set: 0.4ms
[2026-06-18T01:59:42.286+0000][16299.006s][info][gc,phases     ] GC(1153)   Other: 0.4ms
[2026-06-18T01:59:42.287+0000][16299.006s][info][gc,heap       ] GC(1153) Eden regions: 242->0(238)
[2026-06-18T01:59:42.287+0000][16299.006s][info][gc,heap       ] GC(1153) Survivor regions: 5->8(31)
[2026-06-18T01:59:42.287+0000][16299.006s][info][gc,heap       ] GC(1153) Old regions: 51->51
[2026-06-18T01:59:42.287+0000][16299.006s][info][gc,heap       ] GC(1153) Humongous regions: 147->147
[2026-06-18T01:59:42.287+0000][16299.006s][info][gc,metaspace  ] GC(1153) Metaspace: 52833K(55552K)->52833K(55552K) NonClass: 46901K(48384K)->46901K(48384K) Class: 5932K(7168K)->5932K(7168K)
[2026-06-18T01:59:42.287+0000][16299.006s][info][gc            ] GC(1153) Pause Young (Concurrent Start) (G1 Evacuation Pause) 443M->205M(512M) 6.266ms
[2026-06-18T01:59:42.287+0000][16299.006s][info][gc,cpu        ] GC(1153) User=0.05s Sys=0.00s Real=0.01s
[2026-06-18T01:59:42.287+0000][16299.006s][info][gc            ] GC(1154) Concurrent Cycle
[2026-06-18T01:59:42.287+0000][16299.007s][info][gc,marking    ] GC(1154) Concurrent Clear Claimed Marks
[2026-06-18T01:59:42.287+0000][16299.007s][info][gc,marking    ] GC(1154) Concurrent Clear Claimed Marks 0.145ms
[2026-06-18T01:59:42.287+0000][16299.007s][info][gc,marking    ] GC(1154) Concurrent Scan Root Regions
[2026-06-18T01:59:42.289+0000][16299.008s][info][gc,marking    ] GC(1154) Concurrent Scan Root Regions 1.547ms
[2026-06-18T01:59:42.289+0000][16299.008s][info][gc,marking    ] GC(1154) Concurrent Mark (16299.008s)
[2026-06-18T01:59:42.289+0000][16299.008s][info][gc,marking    ] GC(1154) Concurrent Mark From Roots
[2026-06-18T01:59:42.289+0000][16299.009s][info][gc,task       ] GC(1154) Using 3 workers of 3 for marking
[2026-06-18T01:59:42.295+0000][16299.015s][info][gc,marking    ] GC(1154) Concurrent Mark From Roots 6.426ms
[2026-06-18T01:59:42.296+0000][16299.015s][info][gc,marking    ] GC(1154) Concurrent Preclean
[2026-06-18T01:59:42.296+0000][16299.015s][info][gc,marking    ] GC(1154) Concurrent Preclean 0.260ms
[2026-06-18T01:59:42.296+0000][16299.015s][info][gc,marking    ] GC(1154) Concurrent Mark (16299.008s, 16299.015s) 6.972ms
[2026-06-18T01:59:42.296+0000][16299.016s][info][gc,start      ] GC(1154) Pause Remark
[2026-06-18T01:59:42.299+0000][16299.018s][info][gc,stringtable] GC(1154) Cleaned string and symbol table, strings: 17465 processed, 0 removed, symbols: 125076 processed, 0 removed
[2026-06-18T01:59:42.299+0000][16299.019s][info][gc            ] GC(1154) Pause Remark 209M->209M(512M) 3.051ms
[2026-06-18T01:59:42.299+0000][16299.019s][info][gc,cpu        ] GC(1154) User=0.02s Sys=0.00s Real=0.00s
[2026-06-18T01:59:42.299+0000][16299.019s][info][gc,marking    ] GC(1154) Concurrent Rebuild Remembered Sets
[2026-06-18T01:59:42.304+0000][16299.023s][info][gc,marking    ] GC(1154) Concurrent Rebuild Remembered Sets 4.227ms
[2026-06-18T01:59:42.304+0000][16299.023s][info][gc,start      ] GC(1154) Pause Cleanup
[2026-06-18T01:59:42.304+0000][16299.024s][info][gc            ] GC(1154) Pause Cleanup 210M->210M(512M) 0.196ms
[2026-06-18T01:59:42.304+0000][16299.024s][info][gc,cpu        ] GC(1154) User=0.00s Sys=0.00s Real=0.00s
[2026-06-18T01:59:42.304+0000][16299.024s][info][gc,marking    ] GC(1154) Concurrent Cleanup for Next Mark
[2026-06-18T01:59:42.305+0000][16299.024s][info][gc,marking    ] GC(1154) Concurrent Cleanup for Next Mark 0.153ms
[2026-06-18T01:59:42.305+0000][16299.024s][info][gc            ] GC(1154) Concurrent Cycle 17.654ms
[2026-06-18T01:59:43.441+0000][16300.160s][info][gc,start      ] GC(1155) Pause Young (Prepare Mixed) (G1 Evacuation Pause)
[2026-06-18T01:59:43.441+0000][16300.160s][info][gc,task       ] GC(1155) Using 13 workers of 13 for evacuation
[2026-06-18T01:59:43.443+0000][16300.163s][info][gc,phases     ] GC(1155)   Pre Evacuate Collection Set: 0.0ms
[2026-06-18T01:59:43.443+0000][16300.163s][info][gc,phases     ] GC(1155)   Evacuate Collection Set: 1.7ms
[2026-06-18T01:59:43.443+0000][16300.163s][info][gc,phases     ] GC(1155)   Post Evacuate Collection Set: 0.4ms
[2026-06-18T01:59:43.443+0000][16300.163s][info][gc,phases     ] GC(1155)   Other: 0.4ms
[2026-06-18T01:59:43.443+0000][16300.163s][info][gc,heap       ] GC(1155) Eden regions: 238->0(20)
[2026-06-18T01:59:43.443+0000][16300.163s][info][gc,heap       ] GC(1155) Survivor regions: 8->5(31)
[2026-06-18T01:59:43.443+0000][16300.163s][info][gc,heap       ] GC(1155) Old regions: 51->51
[2026-06-18T01:59:43.444+0000][16300.163s][info][gc,heap       ] GC(1155) Humongous regions: 147->147
[2026-06-18T01:59:43.444+0000][16300.163s][info][gc,metaspace  ] GC(1155) Metaspace: 52833K(55552K)->52833K(55552K) NonClass: 46901K(48384K)->46901K(48384K) Class: 5932K(7168K)->5932K(7168K)
[2026-06-18T01:59:43.444+0000][16300.163s][info][gc            ] GC(1155) Pause Young (Prepare Mixed) (G1 Evacuation Pause) 443M->201M(512M) 3.032ms
[2026-06-18T01:59:43.444+0000][16300.163s][info][gc,cpu        ] GC(1155) User=0.02s Sys=0.00s Real=0.01s
[2026-06-18T01:59:43.531+0000][16300.251s][info][gc,start      ] GC(1156) Pause Young (Mixed) (G1 Evacuation Pause)
[2026-06-18T01:59:43.531+0000][16300.251s][info][gc,task       ] GC(1156) Using 13 workers of 13 for evacuation
[2026-06-18T01:59:43.534+0000][16300.253s][info][gc,phases     ] GC(1156)   Pre Evacuate Collection Set: 0.0ms
[2026-06-18T01:59:43.534+0000][16300.254s][info][gc,phases     ] GC(1156)   Evacuate Collection Set: 2.1ms
[2026-06-18T01:59:43.534+0000][16300.254s][info][gc,phases     ] GC(1156)   Post Evacuate Collection Set: 0.3ms
[2026-06-18T01:59:43.534+0000][16300.254s][info][gc,phases     ] GC(1156)   Other: 0.3ms
[2026-06-18T01:59:43.534+0000][16300.254s][info][gc,heap       ] GC(1156) Eden regions: 20->0(246)
[2026-06-18T01:59:43.534+0000][16300.254s][info][gc,heap       ] GC(1156) Survivor regions: 5->2(4)
[2026-06-18T01:59:43.534+0000][16300.254s][info][gc,heap       ] GC(1156) Old regions: 51->49
[2026-06-18T01:59:43.535+0000][16300.254s][info][gc,heap       ] GC(1156) Humongous regions: 147->147
[2026-06-18T01:59:43.535+0000][16300.254s][info][gc,metaspace  ] GC(1156) Metaspace: 52833K(55552K)->52833K(55552K) NonClass: 46901K(48384K)->46901K(48384K) Class: 5932K(7168K)->5932K(7168K)
[2026-06-18T01:59:43.535+0000][16300.254s][info][gc            ] GC(1156) Pause Young (Mixed) (G1 Evacuation Pause) 221M->196M(512M) 3.385ms
[2026-06-18T01:59:43.535+0000][16300.254s][info][gc,cpu        ] GC(1156) User=0.02s Sys=0.00s Real=0.01s
[2026-06-18T02:00:31.914+0000][16348.633s][info][gc,start      ] GC(1157) Pause Young (Normal) (G1 Evacuation Pause)
[2026-06-18T02:00:31.914+0000][16348.633s][info][gc,task       ] GC(1157) Using 13 workers of 13 for evacuation
[2026-06-18T02:00:31.916+0000][16348.636s][info][gc,phases     ] GC(1157)   Pre Evacuate Collection Set: 0.0ms
[2026-06-18T02:00:31.917+0000][16348.636s][info][gc,phases     ] GC(1157)   Evacuate Collection Set: 1.7ms
[2026-06-18T02:00:31.917+0000][16348.636s][info][gc,phases     ] GC(1157)   Post Evacuate Collection Set: 0.3ms
[2026-06-18T02:00:31.917+0000][16348.636s][info][gc,phases     ] GC(1157)   Other: 0.3ms
[2026-06-18T02:00:31.917+0000][16348.636s][info][gc,heap       ] GC(1157) Eden regions: 246->0(241)
[2026-06-18T02:00:31.917+0000][16348.636s][info][gc,heap       ] GC(1157) Survivor regions: 2->7(31)
[2026-06-18T02:00:31.917+0000][16348.636s][info][gc,heap       ] GC(1157) Old regions: 49->49
[2026-06-18T02:00:31.917+0000][16348.636s][info][gc,heap       ] GC(1157) Humongous regions: 147->147
[2026-06-18T02:00:31.917+0000][16348.636s][info][gc,metaspace  ] GC(1157) Metaspace: 52833K(55552K)->52833K(55552K) NonClass: 46901K(48384K)->46901K(48384K) Class: 5932K(7168K)->5932K(7168K)
[2026-06-18T02:00:31.917+0000][16348.636s][info][gc            ] GC(1157) Pause Young (Normal) (G1 Evacuation Pause) 442M->202M(512M) 2.987ms
[2026-06-18T02:00:31.917+0000][16348.636s][info][gc,cpu        ] GC(1157) User=0.02s Sys=0.00s Real=0.00s
[2026-06-18T02:00:33.504+0000][16350.223s][info][gc,start      ] GC(1158) Pause Young (Normal) (G1 Evacuation Pause)
[2026-06-18T02:00:33.504+0000][16350.224s][info][gc,task       ] GC(1158) Using 13 workers of 13 for evacuation
[2026-06-18T02:00:33.506+0000][16350.226s][info][gc,phases     ] GC(1158)   Pre Evacuate Collection Set: 0.0ms
[2026-06-18T02:00:33.507+0000][16350.226s][info][gc,phases     ] GC(1158)   Evacuate Collection Set: 1.5ms
[2026-06-18T02:00:33.507+0000][16350.226s][info][gc,phases     ] GC(1158)   Post Evacuate Collection Set: 0.4ms
[2026-06-18T02:00:33.507+0000][16350.226s][info][gc,phases     ] GC(1158)   Other: 0.4ms
[2026-06-18T02:00:33.507+0000][16350.226s][info][gc,heap       ] GC(1158) Eden regions: 241->0(244)
[2026-06-18T02:00:33.507+0000][16350.226s][info][gc,heap       ] GC(1158) Survivor regions: 7->4(31)
[2026-06-18T02:00:33.507+0000][16350.226s][info][gc,heap       ] GC(1158) Old regions: 49->49
[2026-06-18T02:00:33.507+0000][16350.226s][info][gc,heap       ] GC(1158) Humongous regions: 147->147
[2026-06-18T02:00:33.507+0000][16350.226s][info][gc,metaspace  ] GC(1158) Metaspace: 52833K(55552K)->52833K(55552K) NonClass: 46901K(48384K)->46901K(48384K) Class: 5932K(7168K)->5932K(7168K)
[2026-06-18T02:00:33.507+0000][16350.226s][info][gc            ] GC(1158) Pause Young (Normal) (G1 Evacuation Pause) 443M->199M(512M) 2.929ms
[2026-06-18T02:00:33.507+0000][16350.226s][info][gc,cpu        ] GC(1158) User=0.01s Sys=0.00s Real=0.00s
[2026-06-18T02:00:34.828+0000][16351.547s][info][gc,start      ] GC(1159) Pause Young (Concurrent Start) (G1 Evacuation Pause)
[2026-06-18T02:00:34.828+0000][16351.547s][info][gc,task       ] GC(1159) Using 13 workers of 13 for evacuation
[2026-06-18T02:00:34.833+0000][16351.552s][info][gc,phases     ] GC(1159)   Pre Evacuate Collection Set: 0.3ms
[2026-06-18T02:00:34.833+0000][16351.552s][info][gc,phases     ] GC(1159)   Evacuate Collection Set: 4.4ms
[2026-06-18T02:00:34.833+0000][16351.552s][info][gc,phases     ] GC(1159)   Post Evacuate Collection Set: 0.3ms
[2026-06-18T02:00:34.833+0000][16351.552s][info][gc,phases     ] GC(1159)   Other: 0.3ms
[2026-06-18T02:00:34.833+0000][16351.552s][info][gc,heap       ] GC(1159) Eden regions: 244->0(241)
[2026-06-18T02:00:34.833+0000][16351.552s][info][gc,heap       ] GC(1159) Survivor regions: 4->8(31)
[2026-06-18T02:00:34.833+0000][16351.552s][info][gc,heap       ] GC(1159) Old regions: 49->49
[2026-06-18T02:00:34.833+0000][16351.552s][info][gc,heap       ] GC(1159) Humongous regions: 147->147
[2026-06-18T02:00:34.833+0000][16351.552s][info][gc,metaspace  ] GC(1159) Metaspace: 52833K(55552K)->52833K(55552K) NonClass: 46901K(48384K)->46901K(48384K) Class: 5932K(7168K)->5932K(7168K)
[2026-06-18T02:00:34.833+0000][16351.553s][info][gc            ] GC(1159) Pause Young (Concurrent Start) (G1 Evacuation Pause) 443M->202M(512M) 5.713ms
[2026-06-18T02:00:34.833+0000][16351.553s][info][gc,cpu        ] GC(1159) User=0.05s Sys=0.00s Real=0.00s
[2026-06-18T02:00:34.833+0000][16351.553s][info][gc            ] GC(1160) Concurrent Cycle
[2026-06-18T02:00:34.834+0000][16351.553s][info][gc,marking    ] GC(1160) Concurrent Clear Claimed Marks
[2026-06-18T02:00:34.834+0000][16351.553s][info][gc,marking    ] GC(1160) Concurrent Clear Claimed Marks 0.206ms
[2026-06-18T02:00:34.834+0000][16351.553s][info][gc,marking    ] GC(1160) Concurrent Scan Root Regions
[2026-06-18T02:00:34.835+0000][16351.554s][info][gc,marking    ] GC(1160) Concurrent Scan Root Regions 1.360ms
[2026-06-18T02:00:34.835+0000][16351.554s][info][gc,marking    ] GC(1160) Concurrent Mark (16351.554s)
[2026-06-18T02:00:34.835+0000][16351.554s][info][gc,marking    ] GC(1160) Concurrent Mark From Roots
[2026-06-18T02:00:34.835+0000][16351.554s][info][gc,task       ] GC(1160) Using 3 workers of 3 for marking
[2026-06-18T02:00:34.841+0000][16351.560s][info][gc,marking    ] GC(1160) Concurrent Mark From Roots 5.632ms
[2026-06-18T02:00:34.841+0000][16351.560s][info][gc,marking    ] GC(1160) Concurrent Preclean
[2026-06-18T02:00:34.841+0000][16351.560s][info][gc,marking    ] GC(1160) Concurrent Preclean 0.144ms
[2026-06-18T02:00:34.841+0000][16351.560s][info][gc,marking    ] GC(1160) Concurrent Mark (16351.554s, 16351.560s) 5.952ms
[2026-06-18T02:00:34.841+0000][16351.561s][info][gc,start      ] GC(1160) Pause Remark
[2026-06-18T02:00:34.844+0000][16351.563s][info][gc,stringtable] GC(1160) Cleaned string and symbol table, strings: 17466 processed, 0 removed, symbols: 125076 processed, 0 removed
[2026-06-18T02:00:34.844+0000][16351.563s][info][gc            ] GC(1160) Pause Remark 207M->207M(512M) 2.700ms
[2026-06-18T02:00:34.844+0000][16351.563s][info][gc,cpu        ] GC(1160) User=0.03s Sys=0.00s Real=0.01s
[2026-06-18T02:00:34.844+0000][16351.563s][info][gc,marking    ] GC(1160) Concurrent Rebuild Remembered Sets
[2026-06-18T02:00:34.848+0000][16351.567s][info][gc,marking    ] GC(1160) Concurrent Rebuild Remembered Sets 3.955ms
[2026-06-18T02:00:34.848+0000][16351.568s][info][gc,start      ] GC(1160) Pause Cleanup
[2026-06-18T02:00:34.849+0000][16351.568s][info][gc            ] GC(1160) Pause Cleanup 207M->207M(512M) 0.181ms
[2026-06-18T02:00:34.849+0000][16351.568s][info][gc,cpu        ] GC(1160) User=0.00s Sys=0.00s Real=0.00s
[2026-06-18T02:00:34.849+0000][16351.568s][info][gc,marking    ] GC(1160) Concurrent Cleanup for Next Mark
[2026-06-18T02:00:34.849+0000][16351.568s][info][gc,marking    ] GC(1160) Concurrent Cleanup for Next Mark 0.138ms
[2026-06-18T02:00:34.849+0000][16351.568s][info][gc            ] GC(1160) Concurrent Cycle 15.484ms
[2026-06-18T02:00:36.029+0000][16352.749s][info][gc,start      ] GC(1161) Pause Young (Prepare Mixed) (G1 Evacuation Pause)
[2026-06-18T02:00:36.030+0000][16352.749s][info][gc,task       ] GC(1161) Using 13 workers of 13 for evacuation
[2026-06-18T02:00:36.032+0000][16352.751s][info][gc,phases     ] GC(1161)   Pre Evacuate Collection Set: 0.0ms
[2026-06-18T02:00:36.032+0000][16352.751s][info][gc,phases     ] GC(1161)   Evacuate Collection Set: 1.5ms
[2026-06-18T02:00:36.032+0000][16352.751s][info][gc,phases     ] GC(1161)   Post Evacuate Collection Set: 0.4ms
[2026-06-18T02:00:36.032+0000][16352.751s][info][gc,phases     ] GC(1161)   Other: 0.4ms
[2026-06-18T02:00:36.032+0000][16352.751s][info][gc,heap       ] GC(1161) Eden regions: 241->0(20)
[2026-06-18T02:00:36.032+0000][16352.751s][info][gc,heap       ] GC(1161) Survivor regions: 8->5(32)
[2026-06-18T02:00:36.032+0000][16352.751s][info][gc,heap       ] GC(1161) Old regions: 49->49
[2026-06-18T02:00:36.032+0000][16352.751s][info][gc,heap       ] GC(1161) Humongous regions: 147->147
[2026-06-18T02:00:36.032+0000][16352.751s][info][gc,metaspace  ] GC(1161) Metaspace: 52833K(55552K)->52833K(55552K) NonClass: 46901K(48384K)->46901K(48384K) Class: 5932K(7168K)->5932K(7168K)
[2026-06-18T02:00:36.032+0000][16352.751s][info][gc            ] GC(1161) Pause Young (Prepare Mixed) (G1 Evacuation Pause) 443M->199M(512M) 2.811ms
[2026-06-18T02:00:36.032+0000][16352.751s][info][gc,cpu        ] GC(1161) User=0.02s Sys=0.00s Real=0.00s
[2026-06-18T02:00:36.131+0000][16352.850s][info][gc,start      ] GC(1162) Pause Young (Mixed) (G1 Evacuation Pause)
[2026-06-18T02:00:36.131+0000][16352.850s][info][gc,task       ] GC(1162) Using 13 workers of 13 for evacuation
[2026-06-18T02:00:36.134+0000][16352.853s][info][gc,phases     ] GC(1162)   Pre Evacuate Collection Set: 0.0ms
[2026-06-18T02:00:36.134+0000][16352.853s][info][gc,phases     ] GC(1162)   Evacuate Collection Set: 2.4ms
[2026-06-18T02:00:36.134+0000][16352.853s][info][gc,phases     ] GC(1162)   Post Evacuate Collection Set: 0.3ms
[2026-06-18T02:00:36.134+0000][16352.853s][info][gc,phases     ] GC(1162)   Other: 0.4ms
[2026-06-18T02:00:36.134+0000][16352.853s][info][gc,heap       ] GC(1162) Eden regions: 20->0(246)
[2026-06-18T02:00:36.134+0000][16352.853s][info][gc,heap       ] GC(1162) Survivor regions: 5->2(4)
[2026-06-18T02:00:36.134+0000][16352.853s][info][gc,heap       ] GC(1162) Old regions: 49->49
[2026-06-18T02:00:36.134+0000][16352.853s][info][gc,heap       ] GC(1162) Humongous regions: 147->147
[2026-06-18T02:00:36.134+0000][16352.853s][info][gc,metaspace  ] GC(1162) Metaspace: 52833K(55552K)->52833K(55552K) NonClass: 46901K(48384K)->46901K(48384K) Class: 5932K(7168K)->5932K(7168K)
[2026-06-18T02:00:36.134+0000][16352.853s][info][gc            ] GC(1162) Pause Young (Mixed) (G1 Evacuation Pause) 219M->196M(512M) 3.639ms
[2026-06-18T02:00:36.134+0000][16352.854s][info][gc,cpu        ] GC(1162) User=0.01s Sys=0.01s Real=0.01s
[2026-06-18T02:01:24.810+0000][16401.527s][info][gc,start      ] GC(1163) Pause Young (Normal) (G1 Evacuation Pause)
[2026-06-18T02:01:24.810+0000][16401.528s][info][gc,task       ] GC(1163) Using 13 workers of 13 for evacuation
[2026-06-18T02:01:24.812+0000][16401.530s][info][gc,phases     ] GC(1163)   Pre Evacuate Collection Set: 0.0ms
[2026-06-18T02:01:24.812+0000][16401.530s][info][gc,phases     ] GC(1163)   Evacuate Collection Set: 1.8ms
[2026-06-18T02:01:24.812+0000][16401.530s][info][gc,phases     ] GC(1163)   Post Evacuate Collection Set: 0.4ms
[2026-06-18T02:01:24.812+0000][16401.530s][info][gc,phases     ] GC(1163)   Other: 0.3ms
[2026-06-18T02:01:24.812+0000][16401.530s][info][gc,heap       ] GC(1163) Eden regions: 246->0(242)
[2026-06-18T02:01:24.813+0000][16401.530s][info][gc,heap       ] GC(1163) Survivor regions: 2->7(31)
[2026-06-18T02:01:24.813+0000][16401.530s][info][gc,heap       ] GC(1163) Old regions: 49->49
[2026-06-18T02:01:24.813+0000][16401.530s][info][gc,heap       ] GC(1163) Humongous regions: 147->147
[2026-06-18T02:01:24.813+0000][16401.530s][info][gc,metaspace  ] GC(1163) Metaspace: 52833K(55552K)->52833K(55552K) NonClass: 46901K(48384K)->46901K(48384K) Class: 5932K(7168K)->5932K(7168K)
[2026-06-18T02:01:24.813+0000][16401.531s][info][gc            ] GC(1163) Pause Young (Normal) (G1 Evacuation Pause) 442M->201M(512M) 3.021ms
[2026-06-18T02:01:24.813+0000][16401.531s][info][gc,cpu        ] GC(1163) User=0.02s Sys=0.00s Real=0.00s
[2026-06-18T02:01:26.194+0000][16402.912s][info][gc,start      ] GC(1164) Pause Young (Normal) (G1 Evacuation Pause)
[2026-06-18T02:01:26.194+0000][16402.912s][info][gc,task       ] GC(1164) Using 13 workers of 13 for evacuation
[2026-06-18T02:01:26.203+0000][16402.920s][info][gc,phases     ] GC(1164)   Pre Evacuate Collection Set: 0.0ms
[2026-06-18T02:01:26.203+0000][16402.921s][info][gc,phases     ] GC(1164)   Evacuate Collection Set: 7.9ms
[2026-06-18T02:01:26.203+0000][16402.921s][info][gc,phases     ] GC(1164)   Post Evacuate Collection Set: 0.4ms
[2026-06-18T02:01:26.203+0000][16402.921s][info][gc,phases     ] GC(1164)   Other: 0.3ms
[2026-06-18T02:01:26.203+0000][16402.921s][info][gc,heap       ] GC(1164) Eden regions: 242->0(244)
[2026-06-18T02:01:26.203+0000][16402.921s][info][gc,heap       ] GC(1164) Survivor regions: 7->4(32)
[2026-06-18T02:01:26.203+0000][16402.921s][info][gc,heap       ] GC(1164) Old regions: 49->49
[2026-06-18T02:01:26.203+0000][16402.921s][info][gc,heap       ] GC(1164) Humongous regions: 147->147
[2026-06-18T02:01:26.203+0000][16402.921s][info][gc,metaspace  ] GC(1164) Metaspace: 52833K(55552K)->52833K(55552K) NonClass: 46901K(48384K)->46901K(48384K) Class: 5932K(7168K)->5932K(7168K)
[2026-06-18T02:01:26.203+0000][16402.921s][info][gc            ] GC(1164) Pause Young (Normal) (G1 Evacuation Pause) 443M->198M(512M) 9.401ms
[2026-06-18T02:01:26.204+0000][16402.921s][info][gc,cpu        ] GC(1164) User=0.09s Sys=0.00s Real=0.01s
[2026-06-18T02:01:27.403+0000][16404.121s][info][gc,start      ] GC(1165) Pause Young (Concurrent Start) (G1 Evacuation Pause)
[2026-06-18T02:01:27.404+0000][16404.121s][info][gc,task       ] GC(1165) Using 13 workers of 13 for evacuation
[2026-06-18T02:01:27.408+0000][16404.125s][info][gc,phases     ] GC(1165)   Pre Evacuate Collection Set: 0.3ms
[2026-06-18T02:01:27.408+0000][16404.125s][info][gc,phases     ] GC(1165)   Evacuate Collection Set: 3.4ms
[2026-06-18T02:01:27.408+0000][16404.125s][info][gc,phases     ] GC(1165)   Post Evacuate Collection Set: 0.3ms
[2026-06-18T02:01:27.408+0000][16404.125s][info][gc,phases     ] GC(1165)   Other: 0.3ms
[2026-06-18T02:01:27.408+0000][16404.125s][info][gc,heap       ] GC(1165) Eden regions: 244->0(241)
[2026-06-18T02:01:27.408+0000][16404.125s][info][gc,heap       ] GC(1165) Survivor regions: 4->8(31)
[2026-06-18T02:01:27.408+0000][16404.125s][info][gc,heap       ] GC(1165) Old regions: 49->49
[2026-06-18T02:01:27.408+0000][16404.126s][info][gc,heap       ] GC(1165) Humongous regions: 147->147
[2026-06-18T02:01:27.408+0000][16404.126s][info][gc,metaspace  ] GC(1165) Metaspace: 52833K(55552K)->52833K(55552K) NonClass: 46901K(48384K)->46901K(48384K) Class: 5932K(7168K)->5932K(7168K)
[2026-06-18T02:01:27.408+0000][16404.126s][info][gc            ] GC(1165) Pause Young (Concurrent Start) (G1 Evacuation Pause) 442M->203M(512M) 4.875ms
[2026-06-18T02:01:27.408+0000][16404.126s][info][gc,cpu        ] GC(1165) User=0.04s Sys=0.00s Real=0.01s
[2026-06-18T02:01:27.408+0000][16404.126s][info][gc            ] GC(1166) Concurrent Cycle
[2026-06-18T02:01:27.408+0000][16404.126s][info][gc,marking    ] GC(1166) Concurrent Clear Claimed Marks
[2026-06-18T02:01:27.409+0000][16404.126s][info][gc,marking    ] GC(1166) Concurrent Clear Claimed Marks 0.172ms
[2026-06-18T02:01:27.409+0000][16404.126s][info][gc,marking    ] GC(1166) Concurrent Scan Root Regions
[2026-06-18T02:01:27.410+0000][16404.127s][info][gc,marking    ] GC(1166) Concurrent Scan Root Regions 1.365ms
[2026-06-18T02:01:27.410+0000][16404.127s][info][gc,marking    ] GC(1166) Concurrent Mark (16404.127s)
[2026-06-18T02:01:27.410+0000][16404.128s][info][gc,marking    ] GC(1166) Concurrent Mark From Roots
[2026-06-18T02:01:27.410+0000][16404.128s][info][gc,task       ] GC(1166) Using 3 workers of 3 for marking
[2026-06-18T02:01:27.416+0000][16404.134s][info][gc,marking    ] GC(1166) Concurrent Mark From Roots 6.161ms
[2026-06-18T02:01:27.416+0000][16404.134s][info][gc,marking    ] GC(1166) Concurrent Preclean
[2026-06-18T02:01:27.417+0000][16404.134s][info][gc,marking    ] GC(1166) Concurrent Preclean 0.188ms
[2026-06-18T02:01:27.417+0000][16404.134s][info][gc,marking    ] GC(1166) Concurrent Mark (16404.127s, 16404.134s) 6.551ms
[2026-06-18T02:01:27.417+0000][16404.134s][info][gc,start      ] GC(1166) Pause Remark
[2026-06-18T02:01:27.420+0000][16404.137s][info][gc,stringtable] GC(1166) Cleaned string and symbol table, strings: 17466 processed, 0 removed, symbols: 125076 processed, 0 removed
[2026-06-18T02:01:27.420+0000][16404.137s][info][gc            ] GC(1166) Pause Remark 206M->206M(512M) 2.988ms
[2026-06-18T02:01:27.420+0000][16404.137s][info][gc,cpu        ] GC(1166) User=0.03s Sys=0.00s Real=0.00s
[2026-06-18T02:01:27.420+0000][16404.137s][info][gc,marking    ] GC(1166) Concurrent Rebuild Remembered Sets
[2026-06-18T02:01:27.424+0000][16404.142s][info][gc,marking    ] GC(1166) Concurrent Rebuild Remembered Sets 4.278ms
[2026-06-18T02:01:27.425+0000][16404.142s][info][gc,start      ] GC(1166) Pause Cleanup
[2026-06-18T02:01:27.425+0000][16404.142s][info][gc            ] GC(1166) Pause Cleanup 208M->208M(512M) 0.178ms
[2026-06-18T02:01:27.425+0000][16404.142s][info][gc,cpu        ] GC(1166) User=0.00s Sys=0.00s Real=0.00s
[2026-06-18T02:01:27.425+0000][16404.142s][info][gc,marking    ] GC(1166) Concurrent Cleanup for Next Mark
[2026-06-18T02:01:27.425+0000][16404.142s][info][gc,marking    ] GC(1166) Concurrent Cleanup for Next Mark 0.140ms
[2026-06-18T02:01:27.425+0000][16404.143s][info][gc            ] GC(1166) Concurrent Cycle 16.755ms
[2026-06-18T02:01:28.571+0000][16405.288s][info][gc,start      ] GC(1167) Pause Young (Prepare Mixed) (G1 Evacuation Pause)
[2026-06-18T02:01:28.571+0000][16405.288s][info][gc,task       ] GC(1167) Using 13 workers of 13 for evacuation
[2026-06-18T02:01:28.576+0000][16405.293s][info][gc,phases     ] GC(1167)   Pre Evacuate Collection Set: 0.0ms
[2026-06-18T02:01:28.576+0000][16405.293s][info][gc,phases     ] GC(1167)   Evacuate Collection Set: 4.3ms
[2026-06-18T02:01:28.576+0000][16405.293s][info][gc,phases     ] GC(1167)   Post Evacuate Collection Set: 0.4ms
[2026-06-18T02:01:28.576+0000][16405.294s][info][gc,phases     ] GC(1167)   Other: 0.3ms
[2026-06-18T02:01:28.576+0000][16405.294s][info][gc,heap       ] GC(1167) Eden regions: 241->0(21)
[2026-06-18T02:01:28.576+0000][16405.294s][info][gc,heap       ] GC(1167) Survivor regions: 8->4(32)
[2026-06-18T02:01:28.576+0000][16405.294s][info][gc,heap       ] GC(1167) Old regions: 49->49
[2026-06-18T02:01:28.576+0000][16405.294s][info][gc,heap       ] GC(1167) Humongous regions: 147->147
[2026-06-18T02:01:28.576+0000][16405.294s][info][gc,metaspace  ] GC(1167) Metaspace: 52833K(55552K)->52833K(55552K) NonClass: 46901K(48384K)->46901K(48384K) Class: 5932K(7168K)->5932K(7168K)
[2026-06-18T02:01:28.576+0000][16405.294s][info][gc            ] GC(1167) Pause Young (Prepare Mixed) (G1 Evacuation Pause) 444M->199M(512M) 5.569ms
[2026-06-18T02:01:28.577+0000][16405.294s][info][gc,cpu        ] GC(1167) User=0.05s Sys=0.00s Real=0.01s
[2026-06-18T02:01:28.680+0000][16405.397s][info][gc,start      ] GC(1168) Pause Young (Mixed) (G1 Evacuation Pause)
[2026-06-18T02:01:28.680+0000][16405.397s][info][gc,task       ] GC(1168) Using 13 workers of 13 for evacuation
[2026-06-18T02:01:28.682+0000][16405.399s][info][gc,phases     ] GC(1168)   Pre Evacuate Collection Set: 0.0ms
[2026-06-18T02:01:28.682+0000][16405.399s][info][gc,phases     ] GC(1168)   Evacuate Collection Set: 1.5ms
[2026-06-18T02:01:28.682+0000][16405.399s][info][gc,phases     ] GC(1168)   Post Evacuate Collection Set: 0.3ms
[2026-06-18T02:01:28.682+0000][16405.399s][info][gc,phases     ] GC(1168)   Other: 0.4ms
[2026-06-18T02:01:28.682+0000][16405.399s][info][gc,heap       ] GC(1168) Eden regions: 21->0(246)
[2026-06-18T02:01:28.682+0000][16405.400s][info][gc,heap       ] GC(1168) Survivor regions: 4->3(4)
[2026-06-18T02:01:28.682+0000][16405.400s][info][gc,heap       ] GC(1168) Old regions: 49->48
[2026-06-18T02:01:28.682+0000][16405.400s][info][gc,heap       ] GC(1168) Humongous regions: 147->147
[2026-06-18T02:01:28.682+0000][16405.400s][info][gc,metaspace  ] GC(1168) Metaspace: 52833K(55552K)->52833K(55552K) NonClass: 46901K(48384K)->46901K(48384K) Class: 5932K(7168K)->5932K(7168K)
[2026-06-18T02:01:28.682+0000][16405.400s][info][gc            ] GC(1168) Pause Young (Mixed) (G1 Evacuation Pause) 220M->196M(512M) 2.667ms
[2026-06-18T02:01:28.682+0000][16405.400s][info][gc,cpu        ] GC(1168) User=0.01s Sys=0.00s Real=0.00s
[2026-06-18T02:02:17.321+0000][16454.039s][info][gc,start      ] GC(1169) Pause Young (Normal) (G1 Evacuation Pause)
[2026-06-18T02:02:17.321+0000][16454.039s][info][gc,task       ] GC(1169) Using 13 workers of 13 for evacuation
[2026-06-18T02:02:17.324+0000][16454.042s][info][gc,phases     ] GC(1169)   Pre Evacuate Collection Set: 0.0ms
[2026-06-18T02:02:17.324+0000][16454.042s][info][gc,phases     ] GC(1169)   Evacuate Collection Set: 2.0ms
[2026-06-18T02:02:17.326+0000][16454.044s][info][gc,phases     ] GC(1169)   Post Evacuate Collection Set: 0.4ms
[2026-06-18T02:02:17.326+0000][16454.044s][info][gc,phases     ] GC(1169)   Other: 0.3ms
[2026-06-18T02:02:17.326+0000][16454.044s][info][gc,heap       ] GC(1169) Eden regions: 246->0(243)
[2026-06-18T02:02:17.326+0000][16454.044s][info][gc,heap       ] GC(1169) Survivor regions: 3->7(32)
[2026-06-18T02:02:17.326+0000][16454.044s][info][gc,heap       ] GC(1169) Old regions: 48->48
[2026-06-18T02:02:17.326+0000][16454.044s][info][gc,heap       ] GC(1169) Humongous regions: 147->147
[2026-06-18T02:02:17.326+0000][16454.044s][info][gc,metaspace  ] GC(1169) Metaspace: 52833K(55552K)->52833K(55552K) NonClass: 46901K(48384K)->46901K(48384K) Class: 5932K(7168K)->5932K(7168K)
[2026-06-18T02:02:17.326+0000][16454.044s][info][gc            ] GC(1169) Pause Young (Normal) (G1 Evacuation Pause) 442M->200M(512M) 5.371ms
[2026-06-18T02:02:17.326+0000][16454.044s][info][gc,cpu        ] GC(1169) User=0.02s Sys=0.00s Real=0.01s
[2026-06-18T02:02:18.744+0000][16455.462s][info][gc,start      ] GC(1170) Pause Young (Normal) (G1 Evacuation Pause)
[2026-06-18T02:02:18.745+0000][16455.463s][info][gc,task       ] GC(1170) Using 13 workers of 13 for evacuation
[2026-06-18T02:02:18.747+0000][16455.465s][info][gc,phases     ] GC(1170)   Pre Evacuate Collection Set: 0.0ms
[2026-06-18T02:02:18.748+0000][16455.466s][info][gc,phases     ] GC(1170)   Evacuate Collection Set: 2.4ms
[2026-06-18T02:02:18.748+0000][16455.466s][info][gc,phases     ] GC(1170)   Post Evacuate Collection Set: 0.3ms
[2026-06-18T02:02:18.748+0000][16455.466s][info][gc,phases     ] GC(1170)   Other: 0.3ms
[2026-06-18T02:02:18.748+0000][16455.466s][info][gc,heap       ] GC(1170) Eden regions: 243->0(247)
[2026-06-18T02:02:18.748+0000][16455.466s][info][gc,heap       ] GC(1170) Survivor regions: 7->4(32)
[2026-06-18T02:02:18.748+0000][16455.466s][info][gc,heap       ] GC(1170) Old regions: 48->48
[2026-06-18T02:02:18.748+0000][16455.466s][info][gc,heap       ] GC(1170) Humongous regions: 147->147
[2026-06-18T02:02:18.748+0000][16455.466s][info][gc,metaspace  ] GC(1170) Metaspace: 52833K(55552K)->52833K(55552K) NonClass: 46901K(48384K)->46901K(48384K) Class: 5932K(7168K)->5932K(7168K)
[2026-06-18T02:02:18.748+0000][16455.466s][info][gc            ] GC(1170) Pause Young (Normal) (G1 Evacuation Pause) 443M->197M(512M) 3.498ms
[2026-06-18T02:02:18.748+0000][16455.466s][info][gc,cpu        ] GC(1170) User=0.02s Sys=0.00s Real=0.01s
[2026-06-18T02:02:19.997+0000][16456.715s][info][gc,start      ] GC(1171) Pause Young (Concurrent Start) (G1 Evacuation Pause)
[2026-06-18T02:02:19.998+0000][16456.715s][info][gc,task       ] GC(1171) Using 13 workers of 13 for evacuation
[2026-06-18T02:02:20.001+0000][16456.718s][info][gc,phases     ] GC(1171)   Pre Evacuate Collection Set: 0.3ms
[2026-06-18T02:02:20.001+0000][16456.719s][info][gc,phases     ] GC(1171)   Evacuate Collection Set: 2.2ms
[2026-06-18T02:02:20.001+0000][16456.719s][info][gc,phases     ] GC(1171)   Post Evacuate Collection Set: 0.3ms
[2026-06-18T02:02:20.001+0000][16456.719s][info][gc,phases     ] GC(1171)   Other: 0.4ms
[2026-06-18T02:02:20.001+0000][16456.719s][info][gc,heap       ] GC(1171) Eden regions: 247->0(243)
[2026-06-18T02:02:20.001+0000][16456.719s][info][gc,heap       ] GC(1171) Survivor regions: 4->8(32)
[2026-06-18T02:02:20.001+0000][16456.719s][info][gc,heap       ] GC(1171) Old regions: 48->48
[2026-06-18T02:02:20.001+0000][16456.719s][info][gc,heap       ] GC(1171) Humongous regions: 147->147
[2026-06-18T02:02:20.001+0000][16456.719s][info][gc,metaspace  ] GC(1171) Metaspace: 52833K(55552K)->52833K(55552K) NonClass: 46901K(48384K)->46901K(48384K) Class: 5932K(7168K)->5932K(7168K)
[2026-06-18T02:02:20.001+0000][16456.719s][info][gc            ] GC(1171) Pause Young (Concurrent Start) (G1 Evacuation Pause) 444M->201M(512M) 3.810ms
[2026-06-18T02:02:20.001+0000][16456.719s][info][gc,cpu        ] GC(1171) User=0.02s Sys=0.00s Real=0.00s
[2026-06-18T02:02:20.001+0000][16456.719s][info][gc            ] GC(1172) Concurrent Cycle
[2026-06-18T02:02:20.001+0000][16456.719s][info][gc,marking    ] GC(1172) Concurrent Clear Claimed Marks
[2026-06-18T02:02:20.002+0000][16456.720s][info][gc,marking    ] GC(1172) Concurrent Clear Claimed Marks 0.200ms
[2026-06-18T02:02:20.002+0000][16456.720s][info][gc,marking    ] GC(1172) Concurrent Scan Root Regions
[2026-06-18T02:02:20.003+0000][16456.721s][info][gc,marking    ] GC(1172) Concurrent Scan Root Regions 1.377ms
[2026-06-18T02:02:20.003+0000][16456.721s][info][gc,marking    ] GC(1172) Concurrent Mark (16456.721s)
[2026-06-18T02:02:20.003+0000][16456.721s][info][gc,marking    ] GC(1172) Concurrent Mark From Roots
[2026-06-18T02:02:20.004+0000][16456.722s][info][gc,task       ] GC(1172) Using 3 workers of 3 for marking
[2026-06-18T02:02:20.009+0000][16456.727s][info][gc,marking    ] GC(1172) Concurrent Mark From Roots 6.057ms
[2026-06-18T02:02:20.010+0000][16456.728s][info][gc,marking    ] GC(1172) Concurrent Preclean
[2026-06-18T02:02:20.010+0000][16456.728s][info][gc,marking    ] GC(1172) Concurrent Preclean 0.185ms
[2026-06-18T02:02:20.010+0000][16456.728s][info][gc,marking    ] GC(1172) Concurrent Mark (16456.721s, 16456.728s) 6.587ms
[2026-06-18T02:02:20.010+0000][16456.728s][info][gc,start      ] GC(1172) Pause Remark
[2026-06-18T02:02:20.012+0000][16456.730s][info][gc,stringtable] GC(1172) Cleaned string and symbol table, strings: 17466 processed, 0 removed, symbols: 125076 processed, 0 removed
[2026-06-18T02:02:20.013+0000][16456.731s][info][gc            ] GC(1172) Pause Remark 205M->205M(512M) 2.792ms
[2026-06-18T02:02:20.013+0000][16456.731s][info][gc,cpu        ] GC(1172) User=0.02s Sys=0.00s Real=0.00s
[2026-06-18T02:02:20.013+0000][16456.731s][info][gc,marking    ] GC(1172) Concurrent Rebuild Remembered Sets
[2026-06-18T02:02:20.018+0000][16456.736s][info][gc,marking    ] GC(1172) Concurrent Rebuild Remembered Sets 4.735ms
[2026-06-18T02:02:20.018+0000][16456.736s][info][gc,start      ] GC(1172) Pause Cleanup
[2026-06-18T02:02:20.018+0000][16456.736s][info][gc            ] GC(1172) Pause Cleanup 206M->206M(512M) 0.207ms
[2026-06-18T02:02:20.018+0000][16456.736s][info][gc,cpu        ] GC(1172) User=0.00s Sys=0.00s Real=0.00s
[2026-06-18T02:02:20.018+0000][16456.736s][info][gc,marking    ] GC(1172) Concurrent Cleanup for Next Mark
[2026-06-18T02:02:20.018+0000][16456.736s][info][gc,marking    ] GC(1172) Concurrent Cleanup for Next Mark 0.150ms
[2026-06-18T02:02:20.019+0000][16456.737s][info][gc            ] GC(1172) Concurrent Cycle 17.246ms
[2026-06-18T02:03:08.624+0000][16505.340s][info][gc,start      ] GC(1173) Pause Young (Prepare Mixed) (G1 Evacuation Pause)
[2026-06-18T02:03:08.624+0000][16505.340s][info][gc,task       ] GC(1173) Using 13 workers of 13 for evacuation
[2026-06-18T02:03:08.626+0000][16505.342s][info][gc,phases     ] GC(1173)   Pre Evacuate Collection Set: 0.0ms
[2026-06-18T02:03:08.626+0000][16505.342s][info][gc,phases     ] GC(1173)   Evacuate Collection Set: 1.5ms
[2026-06-18T02:03:08.626+0000][16505.342s][info][gc,phases     ] GC(1173)   Post Evacuate Collection Set: 0.3ms
[2026-06-18T02:03:08.626+0000][16505.342s][info][gc,phases     ] GC(1173)   Other: 0.4ms
[2026-06-18T02:03:08.626+0000][16505.342s][info][gc,heap       ] GC(1173) Eden regions: 243->0(21)
[2026-06-18T02:03:08.626+0000][16505.343s][info][gc,heap       ] GC(1173) Survivor regions: 8->4(32)
[2026-06-18T02:03:08.626+0000][16505.343s][info][gc,heap       ] GC(1173) Old regions: 48->48
[2026-06-18T02:03:08.626+0000][16505.343s][info][gc,heap       ] GC(1173) Humongous regions: 147->147
[2026-06-18T02:03:08.626+0000][16505.343s][info][gc,metaspace  ] GC(1173) Metaspace: 52833K(55552K)->52833K(55552K) NonClass: 46901K(48384K)->46901K(48384K) Class: 5932K(7168K)->5932K(7168K)
[2026-06-18T02:03:08.626+0000][16505.343s][info][gc            ] GC(1173) Pause Young (Prepare Mixed) (G1 Evacuation Pause) 444M->198M(512M) 2.704ms
[2026-06-18T02:03:08.626+0000][16505.343s][info][gc,cpu        ] GC(1173) User=0.02s Sys=0.00s Real=0.01s
[2026-06-18T02:03:08.758+0000][16505.474s][info][gc,start      ] GC(1174) Pause Young (Mixed) (G1 Evacuation Pause)
[2026-06-18T02:03:08.758+0000][16505.475s][info][gc,task       ] GC(1174) Using 13 workers of 13 for evacuation
[2026-06-18T02:03:08.760+0000][16505.477s][info][gc,phases     ] GC(1174)   Pre Evacuate Collection Set: 0.0ms
[2026-06-18T02:03:08.760+0000][16505.477s][info][gc,phases     ] GC(1174)   Evacuate Collection Set: 1.6ms
[2026-06-18T02:03:08.760+0000][16505.477s][info][gc,phases     ] GC(1174)   Post Evacuate Collection Set: 0.3ms
[2026-06-18T02:03:08.760+0000][16505.477s][info][gc,phases     ] GC(1174)   Other: 0.4ms
[2026-06-18T02:03:08.761+0000][16505.477s][info][gc,heap       ] GC(1174) Eden regions: 21->0(248)
[2026-06-18T02:03:08.761+0000][16505.477s][info][gc,heap       ] GC(1174) Survivor regions: 4->4(4)
[2026-06-18T02:03:08.761+0000][16505.477s][info][gc,heap       ] GC(1174) Old regions: 48->47
[2026-06-18T02:03:08.761+0000][16505.477s][info][gc,heap       ] GC(1174) Humongous regions: 147->147
[2026-06-18T02:03:08.761+0000][16505.477s][info][gc,metaspace  ] GC(1174) Metaspace: 52833K(55552K)->52833K(55552K) NonClass: 46901K(48384K)->46901K(48384K) Class: 5932K(7168K)->5932K(7168K)
[2026-06-18T02:03:08.761+0000][16505.477s][info][gc            ] GC(1174) Pause Young (Mixed) (G1 Evacuation Pause) 219M->196M(512M) 2.847ms
[2026-06-18T02:03:08.761+0000][16505.477s][info][gc,cpu        ] GC(1174) User=0.02s Sys=0.00s Real=0.00s
[2026-06-18T02:03:10.398+0000][16507.115s][info][gc,start      ] GC(1175) Pause Young (Normal) (G1 Evacuation Pause)
[2026-06-18T02:03:10.399+0000][16507.115s][info][gc,task       ] GC(1175) Using 13 workers of 13 for evacuation
[2026-06-18T02:03:10.406+0000][16507.122s][info][gc,phases     ] GC(1175)   Pre Evacuate Collection Set: 0.0ms
[2026-06-18T02:03:10.406+0000][16507.122s][info][gc,phases     ] GC(1175)   Evacuate Collection Set: 6.7ms
[2026-06-18T02:03:10.406+0000][16507.123s][info][gc,phases     ] GC(1175)   Post Evacuate Collection Set: 0.4ms
[2026-06-18T02:03:10.406+0000][16507.123s][info][gc,phases     ] GC(1175)   Other: 0.4ms
[2026-06-18T02:03:10.406+0000][16507.123s][info][gc,heap       ] GC(1175) Eden regions: 248->0(245)
[2026-06-18T02:03:10.406+0000][16507.123s][info][gc,heap       ] GC(1175) Survivor regions: 4->7(32)
[2026-06-18T02:03:10.406+0000][16507.123s][info][gc,heap       ] GC(1175) Old regions: 47->47
[2026-06-18T02:03:10.406+0000][16507.123s][info][gc,heap       ] GC(1175) Humongous regions: 147->147
[2026-06-18T02:03:10.406+0000][16507.123s][info][gc,metaspace  ] GC(1175) Metaspace: 52833K(55552K)->52833K(55552K) NonClass: 46901K(48384K)->46901K(48384K) Class: 5932K(7168K)->5932K(7168K)
[2026-06-18T02:03:10.406+0000][16507.123s][info][gc            ] GC(1175) Pause Young (Normal) (G1 Evacuation Pause) 444M->200M(512M) 8.144ms
[2026-06-18T02:03:10.407+0000][16507.123s][info][gc,cpu        ] GC(1175) User=0.05s Sys=0.00s Real=0.01s
[2026-06-18T02:03:11.825+0000][16508.541s][info][gc,start      ] GC(1176) Pause Young (Normal) (G1 Evacuation Pause)
[2026-06-18T02:03:11.825+0000][16508.541s][info][gc,task       ] GC(1176) Using 13 workers of 13 for evacuation
[2026-06-18T02:03:11.828+0000][16508.545s][info][gc,phases     ] GC(1176)   Pre Evacuate Collection Set: 0.0ms
[2026-06-18T02:03:11.828+0000][16508.545s][info][gc,phases     ] GC(1176)   Evacuate Collection Set: 2.6ms
[2026-06-18T02:03:11.828+0000][16508.545s][info][gc,phases     ] GC(1176)   Post Evacuate Collection Set: 0.3ms
[2026-06-18T02:03:11.828+0000][16508.545s][info][gc,phases     ] GC(1176)   Other: 0.3ms
[2026-06-18T02:03:11.828+0000][16508.545s][info][gc,heap       ] GC(1176) Eden regions: 245->0(240)
[2026-06-18T02:03:11.829+0000][16508.545s][info][gc,heap       ] GC(1176) Survivor regions: 7->10(32)
[2026-06-18T02:03:11.829+0000][16508.545s][info][gc,heap       ] GC(1176) Old regions: 47->47
[2026-06-18T02:03:11.829+0000][16508.545s][info][gc,heap       ] GC(1176) Humongous regions: 147->147
[2026-06-18T02:03:11.829+0000][16508.545s][info][gc,metaspace  ] GC(1176) Metaspace: 52833K(55552K)->52833K(55552K) NonClass: 46901K(48384K)->46901K(48384K) Class: 5932K(7168K)->5932K(7168K)
[2026-06-18T02:03:11.829+0000][16508.545s][info][gc            ] GC(1176) Pause Young (Normal) (G1 Evacuation Pause) 445M->203M(512M) 4.048ms
[2026-06-18T02:03:11.829+0000][16508.545s][info][gc,cpu        ] GC(1176) User=0.03s Sys=0.00s Real=0.01s
[2026-06-18T02:03:13.043+0000][16509.759s][info][gc,start      ] GC(1177) Pause Young (Concurrent Start) (G1 Evacuation Pause)
[2026-06-18T02:03:13.043+0000][16509.759s][info][gc,task       ] GC(1177) Using 13 workers of 13 for evacuation
[2026-06-18T02:03:13.049+0000][16509.765s][info][gc,phases     ] GC(1177)   Pre Evacuate Collection Set: 0.3ms
[2026-06-18T02:03:13.049+0000][16509.766s][info][gc,phases     ] GC(1177)   Evacuate Collection Set: 5.0ms
[2026-06-18T02:03:13.049+0000][16509.766s][info][gc,phases     ] GC(1177)   Post Evacuate Collection Set: 0.8ms
[2026-06-18T02:03:13.049+0000][16509.766s][info][gc,phases     ] GC(1177)   Other: 0.3ms
[2026-06-18T02:03:13.050+0000][16509.766s][info][gc,heap       ] GC(1177) Eden regions: 240->0(242)
[2026-06-18T02:03:13.050+0000][16509.766s][info][gc,heap       ] GC(1177) Survivor regions: 10->8(32)
[2026-06-18T02:03:13.050+0000][16509.766s][info][gc,heap       ] GC(1177) Old regions: 47->47
[2026-06-18T02:03:13.050+0000][16509.766s][info][gc,heap       ] GC(1177) Humongous regions: 147->147
[2026-06-18T02:03:13.050+0000][16509.766s][info][gc,metaspace  ] GC(1177) Metaspace: 52833K(55552K)->52833K(55552K) NonClass: 46901K(48384K)->46901K(48384K) Class: 5932K(7168K)->5932K(7168K)
[2026-06-18T02:03:13.050+0000][16509.766s][info][gc            ] GC(1177) Pause Young (Concurrent Start) (G1 Evacuation Pause) 443M->200M(512M) 7.386ms
[2026-06-18T02:03:13.050+0000][16509.766s][info][gc,cpu        ] GC(1177) User=0.05s Sys=0.00s Real=0.01s
[2026-06-18T02:03:13.050+0000][16509.767s][info][gc            ] GC(1178) Concurrent Cycle
[2026-06-18T02:03:13.050+0000][16509.767s][info][gc,marking    ] GC(1178) Concurrent Clear Claimed Marks
[2026-06-18T02:03:13.050+0000][16509.767s][info][gc,marking    ] GC(1178) Concurrent Clear Claimed Marks 0.224ms
[2026-06-18T02:03:13.050+0000][16509.767s][info][gc,marking    ] GC(1178) Concurrent Scan Root Regions
[2026-06-18T02:03:13.052+0000][16509.768s][info][gc,marking    ] GC(1178) Concurrent Scan Root Regions 1.451ms
[2026-06-18T02:03:13.052+0000][16509.768s][info][gc,marking    ] GC(1178) Concurrent Mark (16509.768s)
[2026-06-18T02:03:13.052+0000][16509.768s][info][gc,marking    ] GC(1178) Concurrent Mark From Roots
[2026-06-18T02:03:13.052+0000][16509.768s][info][gc,task       ] GC(1178) Using 3 workers of 3 for marking
[2026-06-18T02:03:13.060+0000][16509.776s][info][gc,marking    ] GC(1178) Concurrent Mark From Roots 7.693ms
[2026-06-18T02:03:13.061+0000][16509.777s][info][gc,marking    ] GC(1178) Concurrent Preclean
[2026-06-18T02:03:13.061+0000][16509.778s][info][gc,marking    ] GC(1178) Concurrent Preclean 0.246ms
[2026-06-18T02:03:13.061+0000][16509.778s][info][gc,marking    ] GC(1178) Concurrent Mark (16509.768s, 16509.778s) 9.349ms
[2026-06-18T02:03:13.061+0000][16509.778s][info][gc,start      ] GC(1178) Pause Remark
[2026-06-18T02:03:13.066+0000][16509.782s][info][gc,stringtable] GC(1178) Cleaned string and symbol table, strings: 17466 processed, 0 removed, symbols: 125076 processed, 0 removed
[2026-06-18T02:03:13.066+0000][16509.782s][info][gc            ] GC(1178) Pause Remark 204M->204M(512M) 4.396ms
[2026-06-18T02:03:13.066+0000][16509.782s][info][gc,cpu        ] GC(1178) User=0.03s Sys=0.00s Real=0.00s
[2026-06-18T02:03:13.066+0000][16509.783s][info][gc,marking    ] GC(1178) Concurrent Rebuild Remembered Sets
[2026-06-18T02:03:13.070+0000][16509.787s][info][gc,marking    ] GC(1178) Concurrent Rebuild Remembered Sets 4.066ms
[2026-06-18T02:03:13.071+0000][16509.787s][info][gc,start      ] GC(1178) Pause Cleanup
[2026-06-18T02:03:13.071+0000][16509.788s][info][gc            ] GC(1178) Pause Cleanup 204M->204M(512M) 0.375ms
[2026-06-18T02:03:13.071+0000][16509.788s][info][gc,cpu        ] GC(1178) User=0.00s Sys=0.00s Real=0.00s
[2026-06-18T02:03:13.071+0000][16509.788s][info][gc,marking    ] GC(1178) Concurrent Cleanup for Next Mark
[2026-06-18T02:03:13.071+0000][16509.788s][info][gc,marking    ] GC(1178) Concurrent Cleanup for Next Mark 0.196ms
[2026-06-18T02:03:13.071+0000][16509.788s][info][gc            ] GC(1178) Concurrent Cycle 21.440ms
[2026-06-18T02:04:01.931+0000][16558.647s][info][gc,start      ] GC(1179) Pause Young (Prepare Mixed) (G1 Evacuation Pause)
[2026-06-18T02:04:01.931+0000][16558.647s][info][gc,task       ] GC(1179) Using 13 workers of 13 for evacuation
[2026-06-18T02:04:01.937+0000][16558.652s][info][gc,phases     ] GC(1179)   Pre Evacuate Collection Set: 0.0ms
[2026-06-18T02:04:01.937+0000][16558.653s][info][gc,phases     ] GC(1179)   Evacuate Collection Set: 5.0ms
[2026-06-18T02:04:01.937+0000][16558.653s][info][gc,phases     ] GC(1179)   Post Evacuate Collection Set: 0.4ms
[2026-06-18T02:04:01.937+0000][16558.653s][info][gc,phases     ] GC(1179)   Other: 0.4ms
[2026-06-18T02:04:01.937+0000][16558.653s][info][gc,heap       ] GC(1179) Eden regions: 242->0(14)
[2026-06-18T02:04:01.937+0000][16558.653s][info][gc,heap       ] GC(1179) Survivor regions: 8->11(32)
[2026-06-18T02:04:01.937+0000][16558.653s][info][gc,heap       ] GC(1179) Old regions: 47->47
[2026-06-18T02:04:01.937+0000][16558.653s][info][gc,heap       ] GC(1179) Humongous regions: 147->147
[2026-06-18T02:04:01.938+0000][16558.653s][info][gc,metaspace  ] GC(1179) Metaspace: 52833K(55552K)->52833K(55552K) NonClass: 46901K(48384K)->46901K(48384K) Class: 5932K(7168K)->5932K(7168K)
[2026-06-18T02:04:01.938+0000][16558.653s][info][gc            ] GC(1179) Pause Young (Prepare Mixed) (G1 Evacuation Pause) 442M->204M(512M) 6.448ms
[2026-06-18T02:04:01.938+0000][16558.653s][info][gc,cpu        ] GC(1179) User=0.06s Sys=0.00s Real=0.01s
[2026-06-18T02:04:02.017+0000][16558.733s][info][gc,start      ] GC(1180) Pause Young (Mixed) (G1 Evacuation Pause)
[2026-06-18T02:04:02.017+0000][16558.733s][info][gc,task       ] GC(1180) Using 13 workers of 13 for evacuation
[2026-06-18T02:04:02.023+0000][16558.738s][info][gc,phases     ] GC(1180)   Pre Evacuate Collection Set: 0.0ms
[2026-06-18T02:04:02.023+0000][16558.739s][info][gc,phases     ] GC(1180)   Evacuate Collection Set: 5.0ms
[2026-06-18T02:04:02.023+0000][16558.739s][info][gc,phases     ] GC(1180)   Post Evacuate Collection Set: 0.3ms
[2026-06-18T02:04:02.023+0000][16558.739s][info][gc,phases     ] GC(1180)   Other: 0.3ms
[2026-06-18T02:04:02.023+0000][16558.739s][info][gc,heap       ] GC(1180) Eden regions: 14->0(239)
[2026-06-18T02:04:02.023+0000][16558.739s][info][gc,heap       ] GC(1180) Survivor regions: 11->2(4)
[2026-06-18T02:04:02.023+0000][16558.739s][info][gc,heap       ] GC(1180) Old regions: 47->55
[2026-06-18T02:04:02.023+0000][16558.739s][info][gc,heap       ] GC(1180) Humongous regions: 147->147
[2026-06-18T02:04:02.023+0000][16558.739s][info][gc,metaspace  ] GC(1180) Metaspace: 52833K(55552K)->52833K(55552K) NonClass: 46901K(48384K)->46901K(48384K) Class: 5932K(7168K)->5932K(7168K)
[2026-06-18T02:04:02.023+0000][16558.739s][info][gc            ] GC(1180) Pause Young (Mixed) (G1 Evacuation Pause) 218M->203M(512M) 6.109ms
[2026-06-18T02:04:02.023+0000][16558.739s][info][gc,cpu        ] GC(1180) User=0.04s Sys=0.00s Real=0.00s
[2026-06-18T02:04:03.351+0000][16560.066s][info][gc,start      ] GC(1181) Pause Young (Normal) (G1 Evacuation Pause)
[2026-06-18T02:04:03.351+0000][16560.067s][info][gc,task       ] GC(1181) Using 13 workers of 13 for evacuation
[2026-06-18T02:04:03.353+0000][16560.069s][info][gc,phases     ] GC(1181)   Pre Evacuate Collection Set: 0.0ms
[2026-06-18T02:04:03.353+0000][16560.069s][info][gc,phases     ] GC(1181)   Evacuate Collection Set: 1.7ms
[2026-06-18T02:04:03.353+0000][16560.069s][info][gc,phases     ] GC(1181)   Post Evacuate Collection Set: 0.3ms
[2026-06-18T02:04:03.353+0000][16560.069s][info][gc,phases     ] GC(1181)   Other: 0.3ms
[2026-06-18T02:04:03.353+0000][16560.069s][info][gc,heap       ] GC(1181) Eden regions: 239->0(237)
[2026-06-18T02:04:03.354+0000][16560.069s][info][gc,heap       ] GC(1181) Survivor regions: 2->5(31)
[2026-06-18T02:04:03.354+0000][16560.069s][info][gc,heap       ] GC(1181) Old regions: 55->55
[2026-06-18T02:04:03.354+0000][16560.069s][info][gc,heap       ] GC(1181) Humongous regions: 147->147
[2026-06-18T02:04:03.354+0000][16560.069s][info][gc,metaspace  ] GC(1181) Metaspace: 52833K(55552K)->52833K(55552K) NonClass: 46901K(48384K)->46901K(48384K) Class: 5932K(7168K)->5932K(7168K)
[2026-06-18T02:04:03.354+0000][16560.069s][info][gc            ] GC(1181) Pause Young (Normal) (G1 Evacuation Pause) 442M->205M(512M) 3.049ms
[2026-06-18T02:04:03.354+0000][16560.070s][info][gc,cpu        ] GC(1181) User=0.02s Sys=0.00s Real=0.00s
[2026-06-18T02:04:04.581+0000][16561.297s][info][gc,start      ] GC(1182) Pause Young (Normal) (G1 Evacuation Pause)
[2026-06-18T02:04:04.581+0000][16561.297s][info][gc,task       ] GC(1182) Using 13 workers of 13 for evacuation
[2026-06-18T02:04:04.584+0000][16561.299s][info][gc,phases     ] GC(1182)   Pre Evacuate Collection Set: 0.0ms
[2026-06-18T02:04:04.584+0000][16561.299s][info][gc,phases     ] GC(1182)   Evacuate Collection Set: 1.9ms
[2026-06-18T02:04:04.584+0000][16561.299s][info][gc,phases     ] GC(1182)   Post Evacuate Collection Set: 0.3ms
[2026-06-18T02:04:04.584+0000][16561.299s][info][gc,phases     ] GC(1182)   Other: 0.3ms
[2026-06-18T02:04:04.584+0000][16561.300s][info][gc,heap       ] GC(1182) Eden regions: 237->0(233)
[2026-06-18T02:04:04.584+0000][16561.300s][info][gc,heap       ] GC(1182) Survivor regions: 5->8(31)
[2026-06-18T02:04:04.584+0000][16561.300s][info][gc,heap       ] GC(1182) Old regions: 55->55
[2026-06-18T02:04:04.584+0000][16561.300s][info][gc,heap       ] GC(1182) Humongous regions: 147->147
[2026-06-18T02:04:04.584+0000][16561.300s][info][gc,metaspace  ] GC(1182) Metaspace: 52833K(55552K)->52833K(55552K) NonClass: 46901K(48384K)->46901K(48384K) Class: 5932K(7168K)->5932K(7168K)
[2026-06-18T02:04:04.584+0000][16561.300s][info][gc            ] GC(1182) Pause Young (Normal) (G1 Evacuation Pause) 442M->209M(512M) 3.122ms
[2026-06-18T02:04:04.584+0000][16561.300s][info][gc,cpu        ] GC(1182) User=0.02s Sys=0.00s Real=0.00s
[2026-06-18T02:04:53.132+0000][16609.847s][info][gc,start      ] GC(1183) Pause Young (Concurrent Start) (G1 Evacuation Pause)
[2026-06-18T02:04:53.132+0000][16609.847s][info][gc,task       ] GC(1183) Using 13 workers of 13 for evacuation
[2026-06-18T02:04:53.136+0000][16609.851s][info][gc,phases     ] GC(1183)   Pre Evacuate Collection Set: 0.3ms
[2026-06-18T02:04:53.136+0000][16609.851s][info][gc,phases     ] GC(1183)   Evacuate Collection Set: 3.1ms
[2026-06-18T02:04:53.136+0000][16609.851s][info][gc,phases     ] GC(1183)   Post Evacuate Collection Set: 0.4ms
[2026-06-18T02:04:53.137+0000][16609.851s][info][gc,phases     ] GC(1183)   Other: 0.3ms
[2026-06-18T02:04:53.137+0000][16609.851s][info][gc,heap       ] GC(1183) Eden regions: 233->0(238)
[2026-06-18T02:04:53.137+0000][16609.851s][info][gc,heap       ] GC(1183) Survivor regions: 8->4(31)
[2026-06-18T02:04:53.137+0000][16609.851s][info][gc,heap       ] GC(1183) Old regions: 55->55
[2026-06-18T02:04:53.137+0000][16609.852s][info][gc,heap       ] GC(1183) Humongous regions: 147->147
[2026-06-18T02:04:53.137+0000][16609.852s][info][gc,metaspace  ] GC(1183) Metaspace: 52833K(55552K)->52833K(55552K) NonClass: 46901K(48384K)->46901K(48384K) Class: 5932K(7168K)->5932K(7168K)
[2026-06-18T02:04:53.138+0000][16609.852s][info][gc            ] GC(1183) Pause Young (Concurrent Start) (G1 Evacuation Pause) 442M->205M(512M) 5.352ms
[2026-06-18T02:04:53.148+0000][16609.863s][info][gc,cpu        ] GC(1183) User=0.02s Sys=0.00s Real=0.01s
[2026-06-18T02:04:53.148+0000][16609.863s][info][gc            ] GC(1184) Concurrent Cycle
[2026-06-18T02:04:53.148+0000][16609.863s][info][gc,marking    ] GC(1184) Concurrent Clear Claimed Marks
[2026-06-18T02:04:53.149+0000][16609.864s][info][gc,marking    ] GC(1184) Concurrent Clear Claimed Marks 0.775ms
[2026-06-18T02:04:53.149+0000][16609.864s][info][gc,marking    ] GC(1184) Concurrent Scan Root Regions
[2026-06-18T02:04:53.151+0000][16609.866s][info][gc,marking    ] GC(1184) Concurrent Scan Root Regions 1.649ms
[2026-06-18T02:04:53.151+0000][16609.866s][info][gc,marking    ] GC(1184) Concurrent Mark (16609.866s)
[2026-06-18T02:04:53.151+0000][16609.866s][info][gc,marking    ] GC(1184) Concurrent Mark From Roots
[2026-06-18T02:04:53.152+0000][16609.866s][info][gc,task       ] GC(1184) Using 3 workers of 3 for marking
[2026-06-18T02:04:53.158+0000][16609.873s][info][gc,marking    ] GC(1184) Concurrent Mark From Roots 6.521ms
[2026-06-18T02:04:53.158+0000][16609.873s][info][gc,marking    ] GC(1184) Concurrent Preclean
[2026-06-18T02:04:53.158+0000][16609.873s][info][gc,marking    ] GC(1184) Concurrent Preclean 0.239ms
[2026-06-18T02:04:53.158+0000][16609.873s][info][gc,marking    ] GC(1184) Concurrent Mark (16609.866s, 16609.873s) 7.229ms
[2026-06-18T02:04:53.159+0000][16609.873s][info][gc,start      ] GC(1184) Pause Remark
[2026-06-18T02:04:53.163+0000][16609.878s][info][gc,stringtable] GC(1184) Cleaned string and symbol table, strings: 17467 processed, 0 removed, symbols: 125076 processed, 0 removed
[2026-06-18T02:04:53.163+0000][16609.878s][info][gc            ] GC(1184) Pause Remark 210M->209M(512M) 4.553ms
[2026-06-18T02:04:53.163+0000][16609.878s][info][gc,cpu        ] GC(1184) User=0.05s Sys=0.00s Real=0.00s
[2026-06-18T02:04:53.163+0000][16609.878s][info][gc,marking    ] GC(1184) Concurrent Rebuild Remembered Sets
[2026-06-18T02:04:53.168+0000][16609.882s][info][gc,marking    ] GC(1184) Concurrent Rebuild Remembered Sets 4.092ms
[2026-06-18T02:04:53.168+0000][16609.883s][info][gc,start      ] GC(1184) Pause Cleanup
[2026-06-18T02:04:53.168+0000][16609.883s][info][gc            ] GC(1184) Pause Cleanup 209M->209M(512M) 0.300ms
[2026-06-18T02:04:53.168+0000][16609.883s][info][gc,cpu        ] GC(1184) User=0.00s Sys=0.00s Real=0.01s
[2026-06-18T02:04:53.168+0000][16609.883s][info][gc,marking    ] GC(1184) Concurrent Cleanup for Next Mark
[2026-06-18T02:04:53.168+0000][16609.883s][info][gc,marking    ] GC(1184) Concurrent Cleanup for Next Mark 0.155ms
[2026-06-18T02:04:53.169+0000][16609.883s][info][gc            ] GC(1184) Concurrent Cycle 20.261ms
[2026-06-18T02:04:54.718+0000][16611.433s][info][gc,start      ] GC(1185) Pause Young (Prepare Mixed) (G1 Evacuation Pause)
[2026-06-18T02:04:54.718+0000][16611.433s][info][gc,task       ] GC(1185) Using 13 workers of 13 for evacuation
[2026-06-18T02:04:54.724+0000][16611.439s][info][gc,phases     ] GC(1185)   Pre Evacuate Collection Set: 0.0ms
[2026-06-18T02:04:54.724+0000][16611.439s][info][gc,phases     ] GC(1185)   Evacuate Collection Set: 5.1ms
[2026-06-18T02:04:54.725+0000][16611.439s][info][gc,phases     ] GC(1185)   Post Evacuate Collection Set: 0.5ms
[2026-06-18T02:04:54.725+0000][16611.439s][info][gc,phases     ] GC(1185)   Other: 0.3ms
[2026-06-18T02:04:54.725+0000][16611.439s][info][gc,heap       ] GC(1185) Eden regions: 238->0(18)
[2026-06-18T02:04:54.725+0000][16611.439s][info][gc,heap       ] GC(1185) Survivor regions: 4->7(31)
[2026-06-18T02:04:54.725+0000][16611.439s][info][gc,heap       ] GC(1185) Old regions: 54->54
[2026-06-18T02:04:54.725+0000][16611.440s][info][gc,heap       ] GC(1185) Humongous regions: 147->147
[2026-06-18T02:04:54.725+0000][16611.440s][info][gc,metaspace  ] GC(1185) Metaspace: 52833K(55552K)->52833K(55552K) NonClass: 46901K(48384K)->46901K(48384K) Class: 5932K(7168K)->5932K(7168K)
[2026-06-18T02:04:54.725+0000][16611.440s][info][gc            ] GC(1185) Pause Young (Prepare Mixed) (G1 Evacuation Pause) 442M->207M(512M) 6.735ms
[2026-06-18T02:04:54.725+0000][16611.440s][info][gc,cpu        ] GC(1185) User=0.06s Sys=0.00s Real=0.00s
[2026-06-18T02:04:54.823+0000][16611.537s][info][gc,start      ] GC(1186) Pause Young (Mixed) (G1 Evacuation Pause)
[2026-06-18T02:04:54.823+0000][16611.537s][info][gc,task       ] GC(1186) Using 13 workers of 13 for evacuation
[2026-06-18T02:04:54.828+0000][16611.543s][info][gc,phases     ] GC(1186)   Pre Evacuate Collection Set: 0.0ms
[2026-06-18T02:04:54.828+0000][16611.543s][info][gc,phases     ] GC(1186)   Evacuate Collection Set: 4.5ms
[2026-06-18T02:04:54.828+0000][16611.543s][info][gc,phases     ] GC(1186)   Post Evacuate Collection Set: 0.4ms
[2026-06-18T02:04:54.828+0000][16611.543s][info][gc,phases     ] GC(1186)   Other: 0.3ms
[2026-06-18T02:04:54.828+0000][16611.543s][info][gc,heap       ] GC(1186) Eden regions: 18->0(240)
[2026-06-18T02:04:54.828+0000][16611.543s][info][gc,heap       ] GC(1186) Survivor regions: 7->2(4)
[2026-06-18T02:04:54.828+0000][16611.543s][info][gc,heap       ] GC(1186) Old regions: 54->52
[2026-06-18T02:04:54.828+0000][16611.543s][info][gc,heap       ] GC(1186) Humongous regions: 147->147
[2026-06-18T02:04:54.828+0000][16611.543s][info][gc,metaspace  ] GC(1186) Metaspace: 52833K(55552K)->52833K(55552K) NonClass: 46901K(48384K)->46901K(48384K) Class: 5932K(7168K)->5932K(7168K)
[2026-06-18T02:04:54.829+0000][16611.543s][info][gc            ] GC(1186) Pause Young (Mixed) (G1 Evacuation Pause) 225M->200M(512M) 5.996ms
[2026-06-18T02:04:54.829+0000][16611.543s][info][gc,cpu        ] GC(1186) User=0.03s Sys=0.00s Real=0.01s
[2026-06-18T02:04:56.167+0000][16612.882s][info][gc,start      ] GC(1187) Pause Young (Normal) (G1 Evacuation Pause)
[2026-06-18T02:04:56.167+0000][16612.882s][info][gc,task       ] GC(1187) Using 13 workers of 13 for evacuation
[2026-06-18T02:04:56.170+0000][16612.884s][info][gc,phases     ] GC(1187)   Pre Evacuate Collection Set: 0.0ms
[2026-06-18T02:04:56.170+0000][16612.885s][info][gc,phases     ] GC(1187)   Evacuate Collection Set: 1.8ms
[2026-06-18T02:04:56.170+0000][16612.885s][info][gc,phases     ] GC(1187)   Post Evacuate Collection Set: 0.5ms
[2026-06-18T02:04:56.170+0000][16612.885s][info][gc,phases     ] GC(1187)   Other: 0.3ms
[2026-06-18T02:04:56.170+0000][16612.885s][info][gc,heap       ] GC(1187) Eden regions: 240->0(241)
[2026-06-18T02:04:56.170+0000][16612.885s][info][gc,heap       ] GC(1187) Survivor regions: 2->3(31)
[2026-06-18T02:04:56.170+0000][16612.885s][info][gc,heap       ] GC(1187) Old regions: 52->52
[2026-06-18T02:04:56.170+0000][16612.885s][info][gc,heap       ] GC(1187) Humongous regions: 147->147
[2026-06-18T02:04:56.170+0000][16612.885s][info][gc,metaspace  ] GC(1187) Metaspace: 52833K(55552K)->52833K(55552K) NonClass: 46901K(48384K)->46901K(48384K) Class: 5932K(7168K)->5932K(7168K)
[2026-06-18T02:04:56.171+0000][16612.885s][info][gc            ] GC(1187) Pause Young (Normal) (G1 Evacuation Pause) 440M->200M(512M) 3.419ms
[2026-06-18T02:04:56.171+0000][16612.885s][info][gc,cpu        ] GC(1187) User=0.02s Sys=0.00s Real=0.01s
[2026-06-18T02:05:01.977+0000][16618.691s][info][gc,start      ] GC(1188) Pause Young (Normal) (G1 Evacuation Pause)
[2026-06-18T02:05:01.977+0000][16618.691s][info][gc,task       ] GC(1188) Using 13 workers of 13 for evacuation
[2026-06-18T02:05:01.982+0000][16618.697s][info][gc,phases     ] GC(1188)   Pre Evacuate Collection Set: 0.0ms
[2026-06-18T02:05:01.982+0000][16618.697s][info][gc,phases     ] GC(1188)   Evacuate Collection Set: 4.7ms
[2026-06-18T02:05:01.982+0000][16618.697s][info][gc,phases     ] GC(1188)   Post Evacuate Collection Set: 0.4ms
[2026-06-18T02:05:01.982+0000][16618.697s][info][gc,phases     ] GC(1188)   Other: 0.5ms
[2026-06-18T02:05:01.983+0000][16618.697s][info][gc,heap       ] GC(1188) Eden regions: 241->0(239)
[2026-06-18T02:05:01.983+0000][16618.697s][info][gc,heap       ] GC(1188) Survivor regions: 3->6(31)
[2026-06-18T02:05:01.983+0000][16618.697s][info][gc,heap       ] GC(1188) Old regions: 52->52
[2026-06-18T02:05:01.983+0000][16618.697s][info][gc,heap       ] GC(1188) Humongous regions: 147->147
[2026-06-18T02:05:01.983+0000][16618.697s][info][gc,metaspace  ] GC(1188) Metaspace: 52833K(55552K)->52833K(55552K) NonClass: 46901K(48384K)->46901K(48384K) Class: 5932K(7168K)->5932K(7168K)
[2026-06-18T02:05:01.983+0000][16618.697s][info][gc            ] GC(1188) Pause Young (Normal) (G1 Evacuation Pause) 441M->204M(512M) 6.337ms
[2026-06-18T02:05:01.983+0000][16618.697s][info][gc,cpu        ] GC(1188) User=0.05s Sys=0.00s Real=0.01s
[2026-06-18T02:05:46.347+0000][16663.061s][info][gc,start      ] GC(1189) Pause Young (Concurrent Start) (G1 Evacuation Pause)
[2026-06-18T02:05:46.347+0000][16663.061s][info][gc,task       ] GC(1189) Using 13 workers of 13 for evacuation
[2026-06-18T02:05:46.358+0000][16663.072s][info][gc,phases     ] GC(1189)   Pre Evacuate Collection Set: 0.3ms
[2026-06-18T02:05:46.359+0000][16663.072s][info][gc,phases     ] GC(1189)   Evacuate Collection Set: 10.0ms
[2026-06-18T02:05:46.359+0000][16663.072s][info][gc,phases     ] GC(1189)   Post Evacuate Collection Set: 0.4ms
[2026-06-18T02:05:46.359+0000][16663.073s][info][gc,phases     ] GC(1189)   Other: 0.4ms
[2026-06-18T02:05:46.359+0000][16663.073s][info][gc,heap       ] GC(1189) Eden regions: 239->0(234)
[2026-06-18T02:05:46.359+0000][16663.073s][info][gc,heap       ] GC(1189) Survivor regions: 6->10(31)
[2026-06-18T02:05:46.359+0000][16663.073s][info][gc,heap       ] GC(1189) Old regions: 52->52
[2026-06-18T02:05:46.359+0000][16663.073s][info][gc,heap       ] GC(1189) Humongous regions: 147->147
[2026-06-18T02:05:46.359+0000][16663.073s][info][gc,metaspace  ] GC(1189) Metaspace: 52833K(55552K)->52833K(55552K) NonClass: 46901K(48384K)->46901K(48384K) Class: 5932K(7168K)->5932K(7168K)
[2026-06-18T02:05:46.359+0000][16663.073s][info][gc            ] GC(1189) Pause Young (Concurrent Start) (G1 Evacuation Pause) 443M->207M(512M) 11.759ms
[2026-06-18T02:05:46.359+0000][16663.073s][info][gc,cpu        ] GC(1189) User=0.10s Sys=0.00s Real=0.02s
[2026-06-18T02:05:46.359+0000][16663.073s][info][gc            ] GC(1190) Concurrent Cycle
[2026-06-18T02:05:46.359+0000][16663.073s][info][gc,marking    ] GC(1190) Concurrent Clear Claimed Marks
[2026-06-18T02:05:46.359+0000][16663.073s][info][gc,marking    ] GC(1190) Concurrent Clear Claimed Marks 0.194ms
[2026-06-18T02:05:46.360+0000][16663.073s][info][gc,marking    ] GC(1190) Concurrent Scan Root Regions
[2026-06-18T02:05:46.361+0000][16663.075s][info][gc,marking    ] GC(1190) Concurrent Scan Root Regions 1.509ms
[2026-06-18T02:05:46.361+0000][16663.075s][info][gc,marking    ] GC(1190) Concurrent Mark (16663.075s)
[2026-06-18T02:05:46.361+0000][16663.075s][info][gc,marking    ] GC(1190) Concurrent Mark From Roots
[2026-06-18T02:05:46.361+0000][16663.075s][info][gc,task       ] GC(1190) Using 3 workers of 3 for marking
[2026-06-18T02:05:46.367+0000][16663.081s][info][gc,marking    ] GC(1190) Concurrent Mark From Roots 5.980ms
[2026-06-18T02:05:46.367+0000][16663.081s][info][gc,marking    ] GC(1190) Concurrent Preclean
[2026-06-18T02:05:46.368+0000][16663.082s][info][gc,marking    ] GC(1190) Concurrent Preclean 0.207ms
[2026-06-18T02:05:46.368+0000][16663.082s][info][gc,marking    ] GC(1190) Concurrent Mark (16663.075s, 16663.082s) 6.533ms
[2026-06-18T02:05:46.368+0000][16663.082s][info][gc,start      ] GC(1190) Pause Remark
[2026-06-18T02:05:46.372+0000][16663.086s][info][gc,stringtable] GC(1190) Cleaned string and symbol table, strings: 17467 processed, 0 removed, symbols: 125076 processed, 0 removed
[2026-06-18T02:05:46.373+0000][16663.086s][info][gc            ] GC(1190) Pause Remark 212M->211M(512M) 4.554ms
[2026-06-18T02:05:46.373+0000][16663.086s][info][gc,cpu        ] GC(1190) User=0.05s Sys=0.00s Real=0.01s
[2026-06-18T02:05:46.373+0000][16663.087s][info][gc,marking    ] GC(1190) Concurrent Rebuild Remembered Sets
[2026-06-18T02:05:46.378+0000][16663.091s][info][gc,marking    ] GC(1190) Concurrent Rebuild Remembered Sets 4.772ms
[2026-06-18T02:05:46.378+0000][16663.092s][info][gc,start      ] GC(1190) Pause Cleanup
[2026-06-18T02:05:46.378+0000][16663.092s][info][gc            ] GC(1190) Pause Cleanup 212M->212M(512M) 0.248ms
[2026-06-18T02:05:46.378+0000][16663.092s][info][gc,cpu        ] GC(1190) User=0.00s Sys=0.00s Real=0.00s
[2026-06-18T02:05:46.378+0000][16663.092s][info][gc,marking    ] GC(1190) Concurrent Cleanup for Next Mark
[2026-06-18T02:05:46.378+0000][16663.092s][info][gc,marking    ] GC(1190) Concurrent Cleanup for Next Mark 0.149ms
[2026-06-18T02:05:46.378+0000][16663.092s][info][gc            ] GC(1190) Concurrent Cycle 19.177ms
[2026-06-18T02:05:47.864+0000][16664.578s][info][gc,start      ] GC(1191) Pause Young (Prepare Mixed) (G1 Evacuation Pause)
[2026-06-18T02:05:47.864+0000][16664.578s][info][gc,task       ] GC(1191) Using 13 workers of 13 for evacuation
[2026-06-18T02:05:47.868+0000][16664.582s][info][gc,phases     ] GC(1191)   Pre Evacuate Collection Set: 0.0ms
[2026-06-18T02:05:47.868+0000][16664.582s][info][gc,phases     ] GC(1191)   Evacuate Collection Set: 3.2ms
[2026-06-18T02:05:47.868+0000][16664.582s][info][gc,phases     ] GC(1191)   Post Evacuate Collection Set: 0.4ms
[2026-06-18T02:05:47.868+0000][16664.582s][info][gc,phases     ] GC(1191)   Other: 0.4ms
[2026-06-18T02:05:47.868+0000][16664.582s][info][gc,heap       ] GC(1191) Eden regions: 234->0(20)
[2026-06-18T02:05:47.868+0000][16664.582s][info][gc,heap       ] GC(1191) Survivor regions: 10->5(31)
[2026-06-18T02:05:47.868+0000][16664.582s][info][gc,heap       ] GC(1191) Old regions: 51->51
[2026-06-18T02:05:47.869+0000][16664.582s][info][gc,heap       ] GC(1191) Humongous regions: 147->147
[2026-06-18T02:05:47.869+0000][16664.582s][info][gc,metaspace  ] GC(1191) Metaspace: 52833K(55552K)->52833K(55552K) NonClass: 46901K(48384K)->46901K(48384K) Class: 5932K(7168K)->5932K(7168K)
[2026-06-18T02:05:47.869+0000][16664.583s][info][gc            ] GC(1191) Pause Young (Prepare Mixed) (G1 Evacuation Pause) 440M->201M(512M) 4.667ms
[2026-06-18T02:05:47.869+0000][16664.583s][info][gc,cpu        ] GC(1191) User=0.04s Sys=0.00s Real=0.00s
[2026-06-18T02:05:47.990+0000][16664.703s][info][gc,start      ] GC(1192) Pause Young (Mixed) (G1 Evacuation Pause)
[2026-06-18T02:05:47.990+0000][16664.704s][info][gc,task       ] GC(1192) Using 13 workers of 13 for evacuation
[2026-06-18T02:05:48.000+0000][16664.714s][info][gc,phases     ] GC(1192)   Pre Evacuate Collection Set: 0.0ms
[2026-06-18T02:05:48.000+0000][16664.714s][info][gc,phases     ] GC(1192)   Evacuate Collection Set: 9.7ms
[2026-06-18T02:05:48.000+0000][16664.714s][info][gc,phases     ] GC(1192)   Post Evacuate Collection Set: 0.4ms
[2026-06-18T02:05:48.000+0000][16664.714s][info][gc,phases     ] GC(1192)   Other: 0.3ms
[2026-06-18T02:05:48.000+0000][16664.714s][info][gc,heap       ] GC(1192) Eden regions: 20->0(245)
[2026-06-18T02:05:48.000+0000][16664.714s][info][gc,heap       ] GC(1192) Survivor regions: 5->4(4)
[2026-06-18T02:05:48.000+0000][16664.714s][info][gc,heap       ] GC(1192) Old regions: 51->47
[2026-06-18T02:05:48.000+0000][16664.714s][info][gc,heap       ] GC(1192) Humongous regions: 147->147
[2026-06-18T02:05:48.001+0000][16664.714s][info][gc,metaspace  ] GC(1192) Metaspace: 52833K(55552K)->52833K(55552K) NonClass: 46901K(48384K)->46901K(48384K) Class: 5932K(7168K)->5932K(7168K)
[2026-06-18T02:05:48.001+0000][16664.714s][info][gc            ] GC(1192) Pause Young (Mixed) (G1 Evacuation Pause) 221M->196M(512M) 10.970ms
[2026-06-18T02:05:48.001+0000][16664.715s][info][gc,cpu        ] GC(1192) User=0.10s Sys=0.00s Real=0.01s
[2026-06-18T02:05:49.368+0000][16666.082s][info][gc,start      ] GC(1193) Pause Young (Normal) (G1 Evacuation Pause)
[2026-06-18T02:05:49.369+0000][16666.082s][info][gc,task       ] GC(1193) Using 13 workers of 13 for evacuation
[2026-06-18T02:05:49.371+0000][16666.085s][info][gc,phases     ] GC(1193)   Pre Evacuate Collection Set: 0.0ms
[2026-06-18T02:05:49.371+0000][16666.085s][info][gc,phases     ] GC(1193)   Evacuate Collection Set: 2.0ms
[2026-06-18T02:05:49.371+0000][16666.085s][info][gc,phases     ] GC(1193)   Post Evacuate Collection Set: 0.3ms
[2026-06-18T02:05:49.371+0000][16666.085s][info][gc,phases     ] GC(1193)   Other: 0.4ms
[2026-06-18T02:05:49.371+0000][16666.085s][info][gc,heap       ] GC(1193) Eden regions: 245->0(242)
[2026-06-18T02:05:49.371+0000][16666.085s][info][gc,heap       ] GC(1193) Survivor regions: 4->7(32)
[2026-06-18T02:05:49.371+0000][16666.085s][info][gc,heap       ] GC(1193) Old regions: 47->47
[2026-06-18T02:05:49.372+0000][16666.085s][info][gc,heap       ] GC(1193) Humongous regions: 147->147
[2026-06-18T02:05:49.372+0000][16666.085s][info][gc,metaspace  ] GC(1193) Metaspace: 52833K(55552K)->52833K(55552K) NonClass: 46901K(48384K)->46901K(48384K) Class: 5932K(7168K)->5932K(7168K)
[2026-06-18T02:05:49.372+0000][16666.085s][info][gc            ] GC(1193) Pause Young (Normal) (G1 Evacuation Pause) 441M->200M(512M) 3.203ms
[2026-06-18T02:05:49.372+0000][16666.086s][info][gc,cpu        ] GC(1193) User=0.03s Sys=0.00s Real=0.01s
[2026-06-18T02:06:38.377+0000][16715.090s][info][gc,start      ] GC(1194) Pause Young (Normal) (G1 Evacuation Pause)
[2026-06-18T02:06:38.377+0000][16715.090s][info][gc,task       ] GC(1194) Using 13 workers of 13 for evacuation
[2026-06-18T02:06:38.379+0000][16715.093s][info][gc,phases     ] GC(1194)   Pre Evacuate Collection Set: 0.0ms
[2026-06-18T02:06:38.380+0000][16715.093s][info][gc,phases     ] GC(1194)   Evacuate Collection Set: 2.2ms
[2026-06-18T02:06:38.380+0000][16715.093s][info][gc,phases     ] GC(1194)   Post Evacuate Collection Set: 0.4ms
[2026-06-18T02:06:38.380+0000][16715.093s][info][gc,phases     ] GC(1194)   Other: 0.3ms
[2026-06-18T02:06:38.380+0000][16715.093s][info][gc,heap       ] GC(1194) Eden regions: 242->0(246)
[2026-06-18T02:06:38.380+0000][16715.093s][info][gc,heap       ] GC(1194) Survivor regions: 7->4(32)
[2026-06-18T02:06:38.380+0000][16715.093s][info][gc,heap       ] GC(1194) Old regions: 47->47
[2026-06-18T02:06:38.380+0000][16715.093s][info][gc,heap       ] GC(1194) Humongous regions: 147->147
[2026-06-18T02:06:38.380+0000][16715.093s][info][gc,metaspace  ] GC(1194) Metaspace: 52833K(55552K)->52833K(55552K) NonClass: 46901K(48384K)->46901K(48384K) Class: 5932K(7168K)->5932K(7168K)
[2026-06-18T02:06:38.380+0000][16715.094s][info][gc            ] GC(1194) Pause Young (Normal) (G1 Evacuation Pause) 442M->196M(512M) 3.343ms
[2026-06-18T02:06:38.380+0000][16715.094s][info][gc,cpu        ] GC(1194) User=0.02s Sys=0.00s Real=0.01s
[2026-06-18T02:06:39.836+0000][16716.549s][info][gc,start      ] GC(1195) Pause Young (Concurrent Start) (G1 Evacuation Pause)
[2026-06-18T02:06:39.836+0000][16716.550s][info][gc,task       ] GC(1195) Using 13 workers of 13 for evacuation
[2026-06-18T02:06:39.840+0000][16716.554s][info][gc,phases     ] GC(1195)   Pre Evacuate Collection Set: 0.3ms
[2026-06-18T02:06:39.840+0000][16716.554s][info][gc,phases     ] GC(1195)   Evacuate Collection Set: 3.4ms
[2026-06-18T02:06:39.840+0000][16716.554s][info][gc,phases     ] GC(1195)   Post Evacuate Collection Set: 0.3ms
[2026-06-18T02:06:39.840+0000][16716.554s][info][gc,phases     ] GC(1195)   Other: 0.3ms
[2026-06-18T02:06:39.840+0000][16716.554s][info][gc,heap       ] GC(1195) Eden regions: 246->0(244)
[2026-06-18T02:06:39.840+0000][16716.554s][info][gc,heap       ] GC(1195) Survivor regions: 4->7(32)
[2026-06-18T02:06:39.841+0000][16716.554s][info][gc,heap       ] GC(1195) Old regions: 47->47
[2026-06-18T02:06:39.841+0000][16716.554s][info][gc,heap       ] GC(1195) Humongous regions: 147->147
[2026-06-18T02:06:39.841+0000][16716.554s][info][gc,metaspace  ] GC(1195) Metaspace: 52833K(55552K)->52833K(55552K) NonClass: 46901K(48384K)->46901K(48384K) Class: 5932K(7168K)->5932K(7168K)
[2026-06-18T02:06:39.841+0000][16716.554s][info][gc            ] GC(1195) Pause Young (Concurrent Start) (G1 Evacuation Pause) 442M->200M(512M) 4.757ms
[2026-06-18T02:06:39.841+0000][16716.554s][info][gc,cpu        ] GC(1195) User=0.04s Sys=0.00s Real=0.01s
[2026-06-18T02:06:39.841+0000][16716.554s][info][gc            ] GC(1196) Concurrent Cycle
[2026-06-18T02:06:39.841+0000][16716.554s][info][gc,marking    ] GC(1196) Concurrent Clear Claimed Marks
[2026-06-18T02:06:39.841+0000][16716.555s][info][gc,marking    ] GC(1196) Concurrent Clear Claimed Marks 0.254ms
[2026-06-18T02:06:39.841+0000][16716.555s][info][gc,marking    ] GC(1196) Concurrent Scan Root Regions
[2026-06-18T02:06:39.843+0000][16716.556s][info][gc,marking    ] GC(1196) Concurrent Scan Root Regions 1.304ms
[2026-06-18T02:06:39.843+0000][16716.556s][info][gc,marking    ] GC(1196) Concurrent Mark (16716.556s)
[2026-06-18T02:06:39.843+0000][16716.556s][info][gc,marking    ] GC(1196) Concurrent Mark From Roots
[2026-06-18T02:06:39.843+0000][16716.556s][info][gc,task       ] GC(1196) Using 3 workers of 3 for marking
[2026-06-18T02:06:39.849+0000][16716.562s][info][gc,marking    ] GC(1196) Concurrent Mark From Roots 5.988ms
[2026-06-18T02:06:39.849+0000][16716.562s][info][gc,marking    ] GC(1196) Concurrent Preclean
[2026-06-18T02:06:39.849+0000][16716.563s][info][gc,marking    ] GC(1196) Concurrent Preclean 0.160ms
[2026-06-18T02:06:39.849+0000][16716.563s][info][gc,marking    ] GC(1196) Concurrent Mark (16716.556s, 16716.563s) 6.407ms
[2026-06-18T02:06:39.849+0000][16716.563s][info][gc,start      ] GC(1196) Pause Remark
[2026-06-18T02:06:39.852+0000][16716.565s][info][gc,stringtable] GC(1196) Cleaned string and symbol table, strings: 17467 processed, 0 removed, symbols: 125076 processed, 0 removed
[2026-06-18T02:06:39.852+0000][16716.566s][info][gc            ] GC(1196) Pause Remark 203M->203M(512M) 2.958ms
[2026-06-18T02:06:39.852+0000][16716.566s][info][gc,cpu        ] GC(1196) User=0.03s Sys=0.00s Real=0.00s
[2026-06-18T02:06:39.853+0000][16716.566s][info][gc,marking    ] GC(1196) Concurrent Rebuild Remembered Sets
[2026-06-18T02:06:39.857+0000][16716.571s][info][gc,marking    ] GC(1196) Concurrent Rebuild Remembered Sets 4.865ms
[2026-06-18T02:06:39.858+0000][16716.571s][info][gc,start      ] GC(1196) Pause Cleanup
[2026-06-18T02:06:39.858+0000][16716.571s][info][gc            ] GC(1196) Pause Cleanup 205M->205M(512M) 0.198ms
[2026-06-18T02:06:39.858+0000][16716.571s][info][gc,cpu        ] GC(1196) User=0.00s Sys=0.00s Real=0.00s
[2026-06-18T02:06:39.858+0000][16716.571s][info][gc,marking    ] GC(1196) Concurrent Cleanup for Next Mark
[2026-06-18T02:06:39.858+0000][16716.572s][info][gc,marking    ] GC(1196) Concurrent Cleanup for Next Mark 0.192ms
[2026-06-18T02:06:39.858+0000][16716.572s][info][gc            ] GC(1196) Concurrent Cycle 17.377ms
[2026-06-18T02:06:41.146+0000][16717.860s][info][gc,start      ] GC(1197) Pause Young (Prepare Mixed) (G1 Evacuation Pause)
[2026-06-18T02:06:41.146+0000][16717.860s][info][gc,task       ] GC(1197) Using 13 workers of 13 for evacuation
[2026-06-18T02:06:41.149+0000][16717.863s][info][gc,phases     ] GC(1197)   Pre Evacuate Collection Set: 0.0ms
[2026-06-18T02:06:41.149+0000][16717.863s][info][gc,phases     ] GC(1197)   Evacuate Collection Set: 2.5ms
[2026-06-18T02:06:41.149+0000][16717.863s][info][gc,phases     ] GC(1197)   Post Evacuate Collection Set: 0.3ms
[2026-06-18T02:06:41.149+0000][16717.863s][info][gc,phases     ] GC(1197)   Other: 0.3ms
[2026-06-18T02:06:41.150+0000][16717.863s][info][gc,heap       ] GC(1197) Eden regions: 244->0(20)
[2026-06-18T02:06:41.150+0000][16717.863s][info][gc,heap       ] GC(1197) Survivor regions: 7->5(32)
[2026-06-18T02:06:41.150+0000][16717.863s][info][gc,heap       ] GC(1197) Old regions: 47->47
[2026-06-18T02:06:41.150+0000][16717.863s][info][gc,heap       ] GC(1197) Humongous regions: 147->147
[2026-06-18T02:06:41.150+0000][16717.863s][info][gc,metaspace  ] GC(1197) Metaspace: 52833K(55552K)->52833K(55552K) NonClass: 46901K(48384K)->46901K(48384K) Class: 5932K(7168K)->5932K(7168K)
[2026-06-18T02:06:41.150+0000][16717.863s][info][gc            ] GC(1197) Pause Young (Prepare Mixed) (G1 Evacuation Pause) 444M->197M(512M) 3.598ms
[2026-06-18T02:06:41.150+0000][16717.863s][info][gc,cpu        ] GC(1197) User=0.03s Sys=0.00s Real=0.01s
[2026-06-18T02:06:41.272+0000][16717.986s][info][gc,start      ] GC(1198) Pause Young (Mixed) (G1 Evacuation Pause)
[2026-06-18T02:06:41.273+0000][16717.986s][info][gc,task       ] GC(1198) Using 13 workers of 13 for evacuation
[2026-06-18T02:06:41.279+0000][16717.993s][info][gc,phases     ] GC(1198)   Pre Evacuate Collection Set: 0.0ms
[2026-06-18T02:06:41.280+0000][16717.993s][info][gc,phases     ] GC(1198)   Evacuate Collection Set: 4.8ms
[2026-06-18T02:06:41.281+0000][16717.995s][info][gc,phases     ] GC(1198)   Post Evacuate Collection Set: 0.7ms
[2026-06-18T02:06:41.282+0000][16717.995s][info][gc,phases     ] GC(1198)   Other: 1.1ms
[2026-06-18T02:06:41.283+0000][16717.996s][info][gc,heap       ] GC(1198) Eden regions: 20->0(247)
[2026-06-18T02:06:41.283+0000][16717.996s][info][gc,heap       ] GC(1198) Survivor regions: 5->4(4)
[2026-06-18T02:06:41.283+0000][16717.996s][info][gc,heap       ] GC(1198) Old regions: 47->47
[2026-06-18T02:06:41.283+0000][16717.996s][info][gc,heap       ] GC(1198) Humongous regions: 147->147
[2026-06-18T02:06:41.283+0000][16717.997s][info][gc,metaspace  ] GC(1198) Metaspace: 52833K(55552K)->52833K(55552K) NonClass: 46901K(48384K)->46901K(48384K) Class: 5932K(7168K)->5932K(7168K)
[2026-06-18T02:06:41.284+0000][16717.997s][info][gc            ] GC(1198) Pause Young (Mixed) (G1 Evacuation Pause) 217M->196M(512M) 11.481ms
[2026-06-18T02:06:41.284+0000][16717.998s][info][gc,cpu        ] GC(1198) User=0.02s Sys=0.00s Real=0.01s
[2026-06-18T02:07:29.938+0000][16766.651s][info][gc,start      ] GC(1199) Pause Young (Normal) (G1 Evacuation Pause)
[2026-06-18T02:07:29.938+0000][16766.651s][info][gc,task       ] GC(1199) Using 13 workers of 13 for evacuation
[2026-06-18T02:07:29.947+0000][16766.660s][info][gc,phases     ] GC(1199)   Pre Evacuate Collection Set: 0.0ms
[2026-06-18T02:07:29.947+0000][16766.660s][info][gc,phases     ] GC(1199)   Evacuate Collection Set: 8.5ms
[2026-06-18T02:07:29.947+0000][16766.660s][info][gc,phases     ] GC(1199)   Post Evacuate Collection Set: 0.3ms
[2026-06-18T02:07:29.948+0000][16766.660s][info][gc,phases     ] GC(1199)   Other: 0.3ms
[2026-06-18T02:07:29.948+0000][16766.660s][info][gc,heap       ] GC(1199) Eden regions: 247->0(244)
[2026-06-18T02:07:29.948+0000][16766.660s][info][gc,heap       ] GC(1199) Survivor regions: 4->8(32)
[2026-06-18T02:07:29.948+0000][16766.660s][info][gc,heap       ] GC(1199) Old regions: 47->47
[2026-06-18T02:07:29.948+0000][16766.660s][info][gc,heap       ] GC(1199) Humongous regions: 147->147
[2026-06-18T02:07:29.948+0000][16766.660s][info][gc,metaspace  ] GC(1199) Metaspace: 52833K(55552K)->52833K(55552K) NonClass: 46901K(48384K)->46901K(48384K) Class: 5932K(7168K)->5932K(7168K)
[2026-06-18T02:07:29.948+0000][16766.660s][info][gc            ] GC(1199) Pause Young (Normal) (G1 Evacuation Pause) 443M->200M(512M) 9.765ms
[2026-06-18T02:07:29.948+0000][16766.660s][info][gc,cpu        ] GC(1199) User=0.09s Sys=0.01s Real=0.01s
[2026-06-18T02:07:31.372+0000][16768.085s][info][gc,start      ] GC(1200) Pause Young (Normal) (G1 Evacuation Pause)
[2026-06-18T02:07:31.373+0000][16768.085s][info][gc,task       ] GC(1200) Using 13 workers of 13 for evacuation
[2026-06-18T02:07:31.374+0000][16768.087s][info][gc,phases     ] GC(1200)   Pre Evacuate Collection Set: 0.0ms
[2026-06-18T02:07:31.374+0000][16768.087s][info][gc,phases     ] GC(1200)   Evacuate Collection Set: 1.1ms
[2026-06-18T02:07:31.374+0000][16768.087s][info][gc,phases     ] GC(1200)   Post Evacuate Collection Set: 0.3ms
[2026-06-18T02:07:31.374+0000][16768.087s][info][gc,phases     ] GC(1200)   Other: 0.3ms
[2026-06-18T02:07:31.374+0000][16768.087s][info][gc,heap       ] GC(1200) Eden regions: 244->0(248)
[2026-06-18T02:07:31.374+0000][16768.087s][info][gc,heap       ] GC(1200) Survivor regions: 8->4(32)
[2026-06-18T02:07:31.375+0000][16768.087s][info][gc,heap       ] GC(1200) Old regions: 47->47
[2026-06-18T02:07:31.375+0000][16768.087s][info][gc,heap       ] GC(1200) Humongous regions: 147->147
[2026-06-18T02:07:31.375+0000][16768.087s][info][gc,metaspace  ] GC(1200) Metaspace: 52833K(55552K)->52833K(55552K) NonClass: 46901K(48384K)->46901K(48384K) Class: 5932K(7168K)->5932K(7168K)
[2026-06-18T02:07:31.375+0000][16768.087s][info][gc            ] GC(1200) Pause Young (Normal) (G1 Evacuation Pause) 444M->197M(512M) 2.278ms
[2026-06-18T02:07:31.375+0000][16768.087s][info][gc,cpu        ] GC(1200) User=0.01s Sys=0.00s Real=0.00s
[2026-06-18T02:07:32.904+0000][16769.617s][info][gc,start      ] GC(1201) Pause Young (Concurrent Start) (G1 Evacuation Pause)
[2026-06-18T02:07:32.904+0000][16769.617s][info][gc,task       ] GC(1201) Using 13 workers of 13 for evacuation
[2026-06-18T02:07:32.908+0000][16769.620s][info][gc,phases     ] GC(1201)   Pre Evacuate Collection Set: 0.4ms
[2026-06-18T02:07:32.908+0000][16769.620s][info][gc,phases     ] GC(1201)   Evacuate Collection Set: 2.3ms
[2026-06-18T02:07:32.908+0000][16769.620s][info][gc,phases     ] GC(1201)   Post Evacuate Collection Set: 0.3ms
[2026-06-18T02:07:32.908+0000][16769.620s][info][gc,phases     ] GC(1201)   Other: 0.3ms
[2026-06-18T02:07:32.908+0000][16769.620s][info][gc,heap       ] GC(1201) Eden regions: 248->0(246)
[2026-06-18T02:07:32.908+0000][16769.621s][info][gc,heap       ] GC(1201) Survivor regions: 4->7(32)
[2026-06-18T02:07:32.908+0000][16769.621s][info][gc,heap       ] GC(1201) Old regions: 47->47
[2026-06-18T02:07:32.908+0000][16769.621s][info][gc,heap       ] GC(1201) Humongous regions: 147->147
[2026-06-18T02:07:32.908+0000][16769.621s][info][gc,metaspace  ] GC(1201) Metaspace: 52833K(55552K)->52833K(55552K) NonClass: 46901K(48384K)->46901K(48384K) Class: 5932K(7168K)->5932K(7168K)
[2026-06-18T02:07:32.908+0000][16769.621s][info][gc            ] GC(1201) Pause Young (Concurrent Start) (G1 Evacuation Pause) 445M->199M(512M) 3.873ms
[2026-06-18T02:07:32.908+0000][16769.621s][info][gc,cpu        ] GC(1201) User=0.02s Sys=0.01s Real=0.00s
[2026-06-18T02:07:32.908+0000][16769.621s][info][gc            ] GC(1202) Concurrent Cycle
[2026-06-18T02:07:32.908+0000][16769.621s][info][gc,marking    ] GC(1202) Concurrent Clear Claimed Marks
[2026-06-18T02:07:32.909+0000][16769.621s][info][gc,marking    ] GC(1202) Concurrent Clear Claimed Marks 0.201ms
[2026-06-18T02:07:32.909+0000][16769.621s][info][gc,marking    ] GC(1202) Concurrent Scan Root Regions
[2026-06-18T02:07:32.910+0000][16769.623s][info][gc,marking    ] GC(1202) Concurrent Scan Root Regions 1.258ms
[2026-06-18T02:07:32.910+0000][16769.623s][info][gc,marking    ] GC(1202) Concurrent Mark (16769.623s)
[2026-06-18T02:07:32.910+0000][16769.623s][info][gc,marking    ] GC(1202) Concurrent Mark From Roots
[2026-06-18T02:07:32.910+0000][16769.623s][info][gc,task       ] GC(1202) Using 3 workers of 3 for marking
[2026-06-18T02:07:32.916+0000][16769.629s][info][gc,marking    ] GC(1202) Concurrent Mark From Roots 5.995ms
[2026-06-18T02:07:32.916+0000][16769.629s][info][gc,marking    ] GC(1202) Concurrent Preclean
[2026-06-18T02:07:32.916+0000][16769.629s][info][gc,marking    ] GC(1202) Concurrent Preclean 0.164ms
[2026-06-18T02:07:32.916+0000][16769.629s][info][gc,marking    ] GC(1202) Concurrent Mark (16769.623s, 16769.629s) 6.386ms
[2026-06-18T02:07:32.917+0000][16769.629s][info][gc,start      ] GC(1202) Pause Remark
[2026-06-18T02:07:32.920+0000][16769.633s][info][gc,stringtable] GC(1202) Cleaned string and symbol table, strings: 17467 processed, 0 removed, symbols: 125076 processed, 0 removed
[2026-06-18T02:07:32.921+0000][16769.633s][info][gc            ] GC(1202) Pause Remark 203M->203M(512M) 3.901ms
[2026-06-18T02:07:32.921+0000][16769.633s][info][gc,cpu        ] GC(1202) User=0.02s Sys=0.02s Real=0.01s
[2026-06-18T02:07:32.921+0000][16769.633s][info][gc,marking    ] GC(1202) Concurrent Rebuild Remembered Sets
[2026-06-18T02:07:32.925+0000][16769.637s][info][gc,marking    ] GC(1202) Concurrent Rebuild Remembered Sets 4.034ms
[2026-06-18T02:07:32.925+0000][16769.638s][info][gc,start      ] GC(1202) Pause Cleanup
[2026-06-18T02:07:32.925+0000][16769.638s][info][gc            ] GC(1202) Pause Cleanup 204M->204M(512M) 0.171ms
[2026-06-18T02:07:32.925+0000][16769.638s][info][gc,cpu        ] GC(1202) User=0.00s Sys=0.00s Real=0.00s
[2026-06-18T02:07:32.925+0000][16769.638s][info][gc,marking    ] GC(1202) Concurrent Cleanup for Next Mark
[2026-06-18T02:07:32.925+0000][16769.638s][info][gc,marking    ] GC(1202) Concurrent Cleanup for Next Mark 0.130ms
[2026-06-18T02:07:32.926+0000][16769.638s][info][gc            ] GC(1202) Concurrent Cycle 17.102ms
[2026-06-18T02:08:21.444+0000][16818.156s][info][gc,start      ] GC(1203) Pause Young (Prepare Mixed) (G1 Evacuation Pause)
[2026-06-18T02:08:21.444+0000][16818.156s][info][gc,task       ] GC(1203) Using 13 workers of 13 for evacuation
[2026-06-18T02:08:21.448+0000][16818.160s][info][gc,phases     ] GC(1203)   Pre Evacuate Collection Set: 0.0ms
[2026-06-18T02:08:21.448+0000][16818.160s][info][gc,phases     ] GC(1203)   Evacuate Collection Set: 3.3ms
[2026-06-18T02:08:21.448+0000][16818.160s][info][gc,phases     ] GC(1203)   Post Evacuate Collection Set: 0.3ms
[2026-06-18T02:08:21.448+0000][16818.160s][info][gc,phases     ] GC(1203)   Other: 0.3ms
[2026-06-18T02:08:21.448+0000][16818.160s][info][gc,heap       ] GC(1203) Eden regions: 246->0(15)
[2026-06-18T02:08:21.448+0000][16818.160s][info][gc,heap       ] GC(1203) Survivor regions: 7->10(32)
[2026-06-18T02:08:21.448+0000][16818.160s][info][gc,heap       ] GC(1203) Old regions: 47->47
[2026-06-18T02:08:21.448+0000][16818.160s][info][gc,heap       ] GC(1203) Humongous regions: 147->147
[2026-06-18T02:08:21.448+0000][16818.160s][info][gc,metaspace  ] GC(1203) Metaspace: 52833K(55552K)->52833K(55552K) NonClass: 46901K(48384K)->46901K(48384K) Class: 5932K(7168K)->5932K(7168K)
[2026-06-18T02:08:21.448+0000][16818.161s][info][gc            ] GC(1203) Pause Young (Prepare Mixed) (G1 Evacuation Pause) 445M->202M(512M) 4.509ms
[2026-06-18T02:08:21.448+0000][16818.161s][info][gc,cpu        ] GC(1203) User=0.04s Sys=0.00s Real=0.00s
[2026-06-18T02:08:21.560+0000][16818.272s][info][gc,start      ] GC(1204) Pause Young (Mixed) (G1 Evacuation Pause)
[2026-06-18T02:08:21.560+0000][16818.272s][info][gc,task       ] GC(1204) Using 13 workers of 13 for evacuation
[2026-06-18T02:08:21.564+0000][16818.276s][info][gc,phases     ] GC(1204)   Pre Evacuate Collection Set: 0.0ms
[2026-06-18T02:08:21.564+0000][16818.276s][info][gc,phases     ] GC(1204)   Evacuate Collection Set: 3.4ms
[2026-06-18T02:08:21.564+0000][16818.276s][info][gc,phases     ] GC(1204)   Post Evacuate Collection Set: 0.3ms
[2026-06-18T02:08:21.564+0000][16818.276s][info][gc,phases     ] GC(1204)   Other: 0.3ms
[2026-06-18T02:08:21.564+0000][16818.276s][info][gc,heap       ] GC(1204) Eden regions: 15->0(241)
[2026-06-18T02:08:21.564+0000][16818.276s][info][gc,heap       ] GC(1204) Survivor regions: 10->2(4)
[2026-06-18T02:08:21.564+0000][16818.276s][info][gc,heap       ] GC(1204) Old regions: 47->55
[2026-06-18T02:08:21.564+0000][16818.276s][info][gc,heap       ] GC(1204) Humongous regions: 147->147
