[2026-06-08T10:00:00.000+0000][info][gc] Using G1
[2026-06-08T10:00:00.000+0000][info][gc,init] Version: 17.0.10+7 (release)
[2026-06-08T10:00:00.000+0000][info][gc,init] CPUs: 8 total, 8 available
[2026-06-08T10:00:00.000+0000][info][gc,init] Heap Region Size: 8M
[2026-06-08T10:00:00.000+0000][info][gc,init] Heap Max Capacity: 4096M
[2026-06-08T10:00:00.000+0000][info][gc,init] Concurrent Workers: 2
[2026-06-08T10:00:05.000+0000][info][gc] GC(1) Pause Young (Normal) (G1 Evacuation Pause) 1869M->811M(4096M) 20.359ms
[2026-06-08T10:00:10.635+0000][info][gc] GC(2) Pause Young (Normal) (G1 Evacuation Pause) 1646M->832M(4096M) 34.909ms
[2026-06-08T10:00:16.170+0000][info][gc] GC(3) Pause Young (Normal) (G1 Evacuation Pause) 2061M->836M(4096M) 45.870ms
[2026-06-08T10:00:20.665+0000][info][gc] GC(4) Pause Young (Normal) (G1 Evacuation Pause) 1711M->825M(4096M) 65.376ms
[2026-06-08T10:00:25.635+0000][info][gc] GC(5) Pause Young (Normal) (G1 Evacuation Pause) 2031M->856M(4096M) 22.262ms
[2026-06-08T10:00:31.078+0000][info][gc] GC(6) Pause Young (Normal) (G1 Evacuation Pause) 1766M->843M(4096M) 67.905ms
[2026-06-08T10:00:35.650+0000][info][gc] GC(7) Pause Young (Normal) (G1 Evacuation Pause) 1910M->854M(4096M) 56.472ms
[2026-06-08T10:00:39.081+0000][info][gc] GC(8) Pause Young (Normal) (G1 Evacuation Pause) 1892M->848M(4096M) 68.243ms
[2026-06-08T10:00:45.431+0000][info][gc] GC(9) Pause Young (Normal) (G1 Evacuation Pause) 1989M->861M(4096M) 60.171ms
[2026-06-08T10:00:50.233+0000][info][gc] GC(10) Pause Young (Normal) (G1 Evacuation Pause) 2031M->897M(4096M) 70.614ms
[2026-06-08T10:00:53.772+0000][info][gc] GC(11) Pause Young (Normal) (G1 Evacuation Pause) 1954M->865M(4096M) 47.431ms
[2026-06-08T10:00:56.966+0000][info][gc] GC(12) Pause Young (Normal) (G1 Evacuation Pause) 1924M->906M(4096M) 45.035ms
[2026-06-08T10:01:01.999+0000][info][gc] GC(13) Pause Young (Normal) (G1 Evacuation Pause) 1799M->912M(4096M) 28.361ms
[2026-06-08T10:01:08.260+0000][info][gc] GC(14) Pause Young (Normal) (G1 Evacuation Pause) 1770M->907M(4096M) 55.393ms
[2026-06-08T10:01:13.685+0000][info][gc] GC(15) Pause Young (Normal) (G1 Evacuation Pause) 1888M->922M(4096M) 68.068ms
[2026-06-08T10:01:18.359+0000][info][gc] GC(16) Pause Young (Normal) (G1 Evacuation Pause) 2041M->911M(4096M) 34.952ms
[2026-06-08T10:01:25.214+0000][info][gc] GC(17) Pause Young (Normal) (G1 Evacuation Pause) 1888M->932M(4096M) 64.626ms
[2026-06-08T10:01:28.767+0000][info][gc] GC(18) Pause Young (Normal) (G1 Evacuation Pause) 2051M->941M(4096M) 37.040ms
[2026-06-08T10:01:34.572+0000][info][gc] GC(19) Pause Young (Normal) (G1 Evacuation Pause) 1910M->951M(4096M) 55.780ms
[2026-06-08T10:01:38.376+0000][info][gc] GC(20) Pause Young (Normal) (G1 Evacuation Pause) 2074M->939M(4096M) 59.006ms
[2026-06-08T10:01:45.061+0000][info][gc] GC(21) Pause Young (Normal) (G1 Evacuation Pause) 1830M->940M(4096M) 49.403ms
[2026-06-08T10:01:50.838+0000][info][gc] GC(22) Pause Young (Normal) (G1 Evacuation Pause) 1936M->944M(4096M) 63.918ms
[2026-06-08T10:01:51.038+0000][info][gc] GC(23) Concurrent Cycle
[2026-06-08T10:01:51.118+0000][info][gc] GC(23) Pause Remark 512M->512M(4096M) 2.140ms
[2026-06-08T10:01:51.178+0000][info][gc] GC(23) Pause Cleanup 512M->500M(4096M) 0.890ms
[2026-06-08T10:01:51.198+0000][info][gc] GC(23) Concurrent Cycle 81.2ms
[2026-06-08T10:01:56.087+0000][info][gc] GC(24) Pause Young (Normal) (G1 Evacuation Pause) 2075M->979M(4096M) 74.274ms
[2026-06-08T10:02:01.928+0000][info][gc] GC(25) Pause Young (Normal) (G1 Evacuation Pause) 2129M->984M(4096M) 38.543ms
[2026-06-08T10:02:08.317+0000][info][gc] GC(26) Pause Young (Normal) (G1 Evacuation Pause) 1798M->991M(4096M) 29.100ms
[2026-06-08T10:02:12.840+0000][info][gc] GC(27) Pause Young (Normal) (G1 Evacuation Pause) 1825M->967M(4096M) 34.541ms
[2026-06-08T10:02:18.841+0000][info][gc] GC(28) Pause Young (Normal) (G1 Evacuation Pause) 1888M->990M(4096M) 61.534ms
[2026-06-08T10:02:22.427+0000][info][gc] GC(29) Pause Young (Normal) (G1 Evacuation Pause) 1841M->994M(4096M) 35.407ms
[2026-06-08T10:02:27.592+0000][info][gc] GC(30) Pause Young (Normal) (G1 Evacuation Pause) 2000M->1011M(4096M) 30.169ms
[2026-06-08T10:02:34.064+0000][info][gc] GC(31) Pause Young (Normal) (G1 Evacuation Pause) 2203M->1026M(4096M) 72.532ms
[2026-06-08T10:02:40.033+0000][info][gc] GC(32) Pause Young (Normal) (G1 Evacuation Pause) 2119M->1022M(4096M) 38.432ms
[2026-06-08T10:02:46.171+0000][info][gc] GC(33) Pause Young (Normal) (G1 Evacuation Pause) 2248M->1024M(4096M) 63.886ms
[2026-06-08T10:02:49.358+0000][info][gc] GC(34) Pause Young (Normal) (G1 Evacuation Pause) 2039M->1034M(4096M) 48.899ms
[2026-06-08T10:02:55.511+0000][info][gc] GC(35) Pause Young (Normal) (G1 Evacuation Pause) 2202M->1038M(4096M) 79.520ms
[2026-06-08T10:02:58.726+0000][info][gc] GC(36) Pause Young (Normal) (G1 Evacuation Pause) 2236M->1038M(4096M) 37.784ms
[2026-06-08T10:03:05.201+0000][info][gc] GC(37) Pause Young (Normal) (G1 Evacuation Pause) 2090M->1044M(4096M) 77.179ms
[2026-06-08T10:03:11.020+0000][info][gc] GC(38) Pause Young (Normal) (G1 Evacuation Pause) 2202M->1060M(4096M) 68.967ms
[2026-06-08T10:03:16.206+0000][info][gc] GC(39) Pause Young (Normal) (G1 Evacuation Pause) 2186M->1056M(4096M) 70.471ms
[2026-06-08T10:03:23.064+0000][info][gc] GC(40) Pause Young (Normal) (G1 Evacuation Pause) 2036M->1080M(4096M) 37.999ms
[2026-06-08T10:03:28.794+0000][info][gc] GC(41) Pause Young (Normal) (G1 Evacuation Pause) 1988M->1070M(4096M) 69.054ms
[2026-06-08T10:03:32.272+0000][info][gc] GC(42) Pause Young (Normal) (G1 Evacuation Pause) 1918M->1091M(4096M) 44.208ms
[2026-06-08T10:03:36.329+0000][info][gc] GC(43) Pause Young (Normal) (G1 Evacuation Pause) 1985M->1106M(4096M) 75.659ms
[2026-06-08T10:03:39.351+0000][info][gc] GC(44) Pause Young (Normal) (G1 Evacuation Pause) 2145M->1082M(4096M) 31.527ms
[2026-06-08T10:03:39.551+0000][info][gc] GC(45) Concurrent Cycle
[2026-06-08T10:03:39.631+0000][info][gc] GC(45) Pause Remark 512M->512M(4096M) 2.140ms
[2026-06-08T10:03:39.691+0000][info][gc] GC(45) Pause Cleanup 512M->500M(4096M) 0.890ms
[2026-06-08T10:03:39.711+0000][info][gc] GC(45) Concurrent Cycle 81.2ms
[2026-06-08T10:03:46.066+0000][info][gc] GC(46) Pause Young (Normal) (G1 Evacuation Pause) 2220M->1084M(4096M) 72.330ms
[2026-06-08T10:03:51.567+0000][info][gc] GC(47) Pause Young (Normal) (G1 Evacuation Pause) 2260M->1107M(4096M) 57.127ms
[2026-06-08T10:03:56.858+0000][info][gc] GC(48) Pause Young (Normal) (G1 Evacuation Pause) 2112M->1099M(4096M) 73.622ms
[2026-06-08T10:04:01.129+0000][info][gc] GC(49) Pause Young (Normal) (G1 Evacuation Pause) 2046M->1111M(4096M) 59.419ms
[2026-06-08T10:04:07.274+0000][info][gc] GC(50) Pause Young (Normal) (G1 Evacuation Pause) 2023M->1134M(4096M) 61.066ms
[2026-06-08T10:04:11.888+0000][info][gc] GC(51) Pause Young (Normal) (G1 Evacuation Pause) 2126M->1128M(4096M) 80.092ms
[2026-06-08T10:04:17.541+0000][info][gc] GC(52) Pause Young (Normal) (G1 Evacuation Pause) 2124M->1144M(4096M) 48.030ms
[2026-06-08T10:04:24.343+0000][info][gc] GC(53) Pause Young (Normal) (G1 Evacuation Pause) 2279M->1162M(4096M) 58.455ms
[2026-06-08T10:04:29.588+0000][info][gc] GC(54) Pause Young (Normal) (G1 Evacuation Pause) 2355M->1136M(4096M) 38.998ms
[2026-06-08T10:04:33.972+0000][info][gc] GC(55) Pause Young (Normal) (G1 Evacuation Pause) 2098M->1180M(4096M) 83.505ms
[2026-06-08T10:04:37.947+0000][info][gc] GC(56) Pause Young (Normal) (G1 Evacuation Pause) 2000M->1166M(4096M) 54.223ms
[2026-06-08T10:04:44.132+0000][info][gc] GC(57) Pause Young (Normal) (G1 Evacuation Pause) 2046M->1178M(4096M) 47.773ms
[2026-06-08T10:04:50.028+0000][info][gc] GC(58) Pause Young (Normal) (G1 Evacuation Pause) 2007M->1194M(4096M) 79.271ms
[2026-06-08T10:04:54.528+0000][info][gc] GC(59) Pause Young (Normal) (G1 Evacuation Pause) 2261M->1195M(4096M) 61.130ms
[2026-06-08T10:04:58.714+0000][info][gc] GC(60) Pause Young (Normal) (G1 Evacuation Pause) 2339M->1184M(4096M) 52.253ms
[2026-06-08T10:05:02.043+0000][info][gc] GC(61) Pause Young (Normal) (G1 Evacuation Pause) 2060M->1187M(4096M) 88.298ms
[2026-06-08T10:05:08.136+0000][info][gc] GC(62) Pause Young (Normal) (G1 Evacuation Pause) 2291M->1184M(4096M) 69.747ms
[2026-06-08T10:05:11.979+0000][info][gc] GC(63) Pause Young (Normal) (G1 Evacuation Pause) 2345M->1202M(4096M) 83.095ms
[2026-06-08T10:05:16.676+0000][info][gc] GC(64) Pause Young (Normal) (G1 Evacuation Pause) 2082M->1208M(4096M) 65.413ms
[2026-06-08T10:05:22.487+0000][info][gc] GC(65) Pause Young (Normal) (G1 Evacuation Pause) 2415M->1229M(4096M) 71.786ms
[2026-06-08T10:05:29.246+0000][info][gc] GC(66) Pause Young (Normal) (G1 Evacuation Pause) 2427M->1220M(4096M) 37.983ms
[2026-06-08T10:05:29.446+0000][info][gc] GC(67) Concurrent Cycle
[2026-06-08T10:05:29.526+0000][info][gc] GC(67) Pause Remark 512M->512M(4096M) 2.140ms
[2026-06-08T10:05:29.586+0000][info][gc] GC(67) Pause Cleanup 512M->500M(4096M) 0.890ms
[2026-06-08T10:05:29.606+0000][info][gc] GC(67) Concurrent Cycle 81.2ms
[2026-06-08T10:05:35.114+0000][info][gc] GC(68) Pause Young (Normal) (G1 Evacuation Pause) 2071M->1223M(4096M) 41.098ms
[2026-06-08T10:05:38.826+0000][info][gc] GC(69) Pause Young (Normal) (G1 Evacuation Pause) 2185M->1258M(4096M) 41.191ms
[2026-06-08T10:05:45.112+0000][info][gc] GC(70) Pause Young (Normal) (G1 Evacuation Pause) 2197M->1257M(4096M) 59.079ms
[2026-06-08T10:05:50.633+0000][info][gc] GC(71) Pause Young (Normal) (G1 Evacuation Pause) 2292M->1257M(4096M) 39.035ms
[2026-06-08T10:05:56.326+0000][info][gc] GC(72) Pause Young (Normal) (G1 Evacuation Pause) 2352M->1245M(4096M) 73.765ms
[2026-06-08T10:06:01.800+0000][info][gc] GC(73) Pause Young (Normal) (G1 Evacuation Pause) 2472M->1288M(4096M) 41.356ms
[2026-06-08T10:06:08.193+0000][info][gc] GC(74) Pause Young (Normal) (G1 Evacuation Pause) 2277M->1292M(4096M) 45.118ms
[2026-06-08T10:06:14.340+0000][info][gc] GC(75) Pause Young (Normal) (G1 Evacuation Pause) 2255M->1305M(4096M) 44.449ms
[2026-06-08T10:06:20.401+0000][info][gc] GC(76) Pause Young (Normal) (G1 Evacuation Pause) 2333M->1299M(4096M) 61.828ms
[2026-06-08T10:06:26.044+0000][info][gc] GC(77) Pause Young (Normal) (G1 Evacuation Pause) 2358M->1292M(4096M) 69.814ms
[2026-06-08T10:06:29.590+0000][info][gc] GC(78) Pause Young (Normal) (G1 Evacuation Pause) 2320M->1320M(4096M) 56.935ms
[2026-06-08T10:06:35.126+0000][info][gc] GC(79) Pause Young (Normal) (G1 Evacuation Pause) 2279M->1316M(4096M) 93.737ms
[2026-06-08T10:06:38.170+0000][info][gc] GC(80) Pause Young (Normal) (G1 Evacuation Pause) 2415M->1306M(4096M) 48.062ms
[2026-06-08T10:06:41.191+0000][info][gc] GC(81) Pause Young (Normal) (G1 Evacuation Pause) 2440M->1326M(4096M) 71.030ms
[2026-06-08T10:06:47.978+0000][info][gc] GC(82) Pause Young (Normal) (G1 Evacuation Pause) 2299M->1322M(4096M) 83.096ms
[2026-06-08T10:06:54.593+0000][info][gc] GC(83) Pause Young (Normal) (G1 Evacuation Pause) 2328M->1331M(4096M) 65.078ms
[2026-06-08T10:07:00.176+0000][info][gc] GC(84) Pause Young (Normal) (G1 Evacuation Pause) 2421M->1334M(4096M) 51.608ms
[2026-06-08T10:07:04.060+0000][info][gc] GC(85) Pause Young (Normal) (G1 Evacuation Pause) 2293M->1342M(4096M) 49.319ms
[2026-06-08T10:07:09.743+0000][info][gc] GC(86) Pause Young (Normal) (G1 Evacuation Pause) 2461M->1340M(4096M) 90.221ms
[2026-06-08T10:07:16.473+0000][info][gc] GC(87) Pause Young (Normal) (G1 Evacuation Pause) 2460M->1374M(4096M) 79.302ms
[2026-06-08T10:07:19.766+0000][info][gc] GC(88) Pause Young (Normal) (G1 Evacuation Pause) 2526M->1353M(4096M) 57.853ms
[2026-06-08T10:07:19.966+0000][info][gc] GC(89) Concurrent Cycle
[2026-06-08T10:07:20.046+0000][info][gc] GC(89) Pause Remark 512M->512M(4096M) 2.140ms
[2026-06-08T10:07:20.106+0000][info][gc] GC(89) Pause Cleanup 512M->500M(4096M) 0.890ms
[2026-06-08T10:07:20.126+0000][info][gc] GC(89) Concurrent Cycle 81.2ms
[2026-06-08T10:07:23.555+0000][info][gc] GC(90) Pause Young (Normal) (G1 Evacuation Pause) 2485M->1385M(4096M) 96.653ms
[2026-06-08T10:07:27.984+0000][info][gc] GC(91) Pause Young (Normal) (G1 Evacuation Pause) 2537M->1375M(4096M) 50.117ms
[2026-06-08T10:07:33.462+0000][info][gc] GC(92) Pause Young (Normal) (G1 Evacuation Pause) 2300M->1387M(4096M) 71.703ms
[2026-06-08T10:07:37.775+0000][info][gc] GC(93) Pause Young (Normal) (G1 Evacuation Pause) 2543M->1391M(4096M) 83.409ms
[2026-06-08T10:07:41.385+0000][info][gc] GC(94) Pause Young (Normal) (G1 Evacuation Pause) 2500M->1399M(4096M) 89.934ms
[2026-06-08T10:07:48.219+0000][info][gc] GC(95) Pause Young (Normal) (G1 Evacuation Pause) 2305M->1385M(4096M) 63.194ms
[2026-06-08T10:07:54.362+0000][info][gc] GC(96) Pause Young (Normal) (G1 Evacuation Pause) 2591M->1420M(4096M) 61.595ms
[2026-06-08T10:07:58.800+0000][info][gc] GC(97) Pause Young (Normal) (G1 Evacuation Pause) 2579M->1419M(4096M) 94.958ms
[2026-06-08T10:08:03.651+0000][info][gc] GC(98) Pause Young (Normal) (G1 Evacuation Pause) 2421M->1423M(4096M) 73.782ms
[2026-06-08T10:08:07.087+0000][info][gc] GC(99) Pause Young (Normal) (G1 Evacuation Pause) 2573M->1447M(4096M) 51.737ms
[2026-06-08T10:08:11.209+0000][info][gc] GC(100) Pause Young (Normal) (G1 Evacuation Pause) 2319M->1448M(4096M) 58.308ms
[2026-06-08T10:08:17.143+0000][info][gc] GC(101) Pause Young (Normal) (G1 Evacuation Pause) 2575M->1425M(4096M) 87.909ms
[2026-06-08T10:08:23.712+0000][info][gc] GC(102) Pause Young (Normal) (G1 Evacuation Pause) 2523M->1470M(4096M) 50.056ms
[2026-06-08T10:08:29.039+0000][info][gc] GC(103) Pause Young (Normal) (G1 Evacuation Pause) 2477M->1473M(4096M) 60.398ms
[2026-06-08T10:08:32.186+0000][info][gc] GC(104) Pause Young (Normal) (G1 Evacuation Pause) 2407M->1474M(4096M) 98.076ms
[2026-06-08T10:08:37.345+0000][info][gc] GC(105) Pause Young (Normal) (G1 Evacuation Pause) 2615M->1456M(4096M) 69.372ms
[2026-06-08T10:08:41.238+0000][info][gc] GC(106) Pause Young (Normal) (G1 Evacuation Pause) 2681M->1489M(4096M) 89.839ms
[2026-06-08T10:08:45.402+0000][info][gc] GC(107) Pause Young (Normal) (G1 Evacuation Pause) 2528M->1489M(4096M) 77.863ms
[2026-06-08T10:08:49.989+0000][info][gc] GC(108) Pause Young (Normal) (G1 Evacuation Pause) 2554M->1463M(4096M) 86.544ms
[2026-06-08T10:08:56.381+0000][info][gc] GC(109) Pause Young (Normal) (G1 Evacuation Pause) 2619M->1481M(4096M) 92.170ms
[2026-06-08T10:08:59.942+0000][info][gc] GC(110) Pause Young (Normal) (G1 Evacuation Pause) 2390M->1486M(4096M) 81.912ms
[2026-06-08T10:09:00.142+0000][info][gc] GC(111) Concurrent Cycle
[2026-06-08T10:09:00.222+0000][info][gc] GC(111) Pause Remark 512M->512M(4096M) 2.140ms
[2026-06-08T10:09:00.282+0000][info][gc] GC(111) Pause Cleanup 512M->500M(4096M) 0.890ms
[2026-06-08T10:09:00.302+0000][info][gc] GC(111) Concurrent Cycle 81.2ms
[2026-06-08T10:09:05.206+0000][info][gc] GC(112) Pause Young (Normal) (G1 Evacuation Pause) 2390M->1512M(4096M) 102.769ms
[2026-06-08T10:09:08.367+0000][info][gc] GC(113) Pause Young (Normal) (G1 Evacuation Pause) 2709M->1517M(4096M) 64.072ms
[2026-06-08T10:09:12.425+0000][info][gc] GC(114) Pause Young (Normal) (G1 Evacuation Pause) 2444M->1493M(4096M) 88.369ms
[2026-06-08T10:09:17.496+0000][info][gc] GC(115) Pause Young (Normal) (G1 Evacuation Pause) 2736M->1520M(4096M) 73.281ms
[2026-06-08T10:09:24.168+0000][info][gc] GC(116) Pause Young (Normal) (G1 Evacuation Pause) 2362M->1507M(4096M) 106.314ms
[2026-06-08T10:09:28.464+0000][info][gc] GC(117) Pause Young (Normal) (G1 Evacuation Pause) 2705M->1544M(4096M) 87.515ms
[2026-06-08T10:09:32.558+0000][info][gc] GC(118) Pause Young (Normal) (G1 Evacuation Pause) 2729M->1532M(4096M) 84.767ms
[2026-06-08T10:09:37.839+0000][info][gc] GC(119) Pause Young (Normal) (G1 Evacuation Pause) 2549M->1547M(4096M) 73.387ms
[2026-06-08T10:09:43.452+0000][info][gc] GC(120) Pause Young (Normal) (G1 Evacuation Pause) 2403M->1563M(4096M) 67.508ms
[2026-06-08T10:09:50.343+0000][info][gc] GC(121) Pause Young (Normal) (G1 Evacuation Pause) 2486M->1571M(4096M) 76.453ms
[2026-06-08T10:09:56.612+0000][info][gc] GC(122) Pause Young (Normal) (G1 Evacuation Pause) 2556M->1577M(4096M) 98.147ms
[2026-06-08T10:10:03.161+0000][info][gc] GC(123) Pause Young (Normal) (G1 Evacuation Pause) 2391M->1586M(4096M) 103.500ms
[2026-06-08T10:10:07.920+0000][info][gc] GC(124) Pause Young (Normal) (G1 Evacuation Pause) 2511M->1564M(4096M) 83.606ms
[2026-06-08T10:10:12.043+0000][info][gc] GC(125) Pause Young (Normal) (G1 Evacuation Pause) 2476M->1577M(4096M) 64.237ms
[2026-06-08T10:10:17.451+0000][info][gc] GC(126) Pause Young (Normal) (G1 Evacuation Pause) 2466M->1586M(4096M) 78.748ms
[2026-06-08T10:10:21.772+0000][info][gc] GC(127) Pause Young (Normal) (G1 Evacuation Pause) 2470M->1608M(4096M) 93.370ms
[2026-06-08T10:10:26.688+0000][info][gc] GC(128) Pause Young (Normal) (G1 Evacuation Pause) 2720M->1594M(4096M) 92.161ms
[2026-06-08T10:10:31.332+0000][info][gc] GC(129) Pause Young (Normal) (G1 Evacuation Pause) 2548M->1592M(4096M) 63.905ms
[2026-06-08T10:10:36.701+0000][info][gc] GC(130) Pause Young (Normal) (G1 Evacuation Pause) 2499M->1637M(4096M) 85.426ms
[2026-06-08T10:10:43.265+0000][info][gc] GC(131) Pause Young (Normal) (G1 Evacuation Pause) 2514M->1608M(4096M) 66.818ms
[2026-06-08T10:10:49.954+0000][info][gc] GC(132) Pause Young (Normal) (G1 Evacuation Pause) 2711M->1638M(4096M) 91.081ms
[2026-06-08T10:10:50.154+0000][info][gc] GC(133) Concurrent Cycle
[2026-06-08T10:10:50.234+0000][info][gc] GC(133) Pause Remark 512M->512M(4096M) 2.140ms
[2026-06-08T10:10:50.294+0000][info][gc] GC(133) Pause Cleanup 512M->500M(4096M) 0.890ms
[2026-06-08T10:10:50.314+0000][info][gc] GC(133) Concurrent Cycle 81.2ms
[2026-06-08T10:10:55.209+0000][info][gc] GC(134) Pause Young (Normal) (G1 Evacuation Pause) 2463M->1638M(4096M) 110.567ms
[2026-06-08T10:10:59.075+0000][info][gc] GC(135) Pause Young (Normal) (G1 Evacuation Pause) 2769M->1655M(4096M) 106.428ms
[2026-06-08T10:11:02.757+0000][info][gc] GC(136) Pause Young (Normal) (G1 Evacuation Pause) 2673M->1667M(4096M) 66.822ms
[2026-06-08T10:11:08.088+0000][info][gc] GC(137) Pause Young (Normal) (G1 Evacuation Pause) 2862M->1647M(4096M) 93.606ms
[2026-06-08T10:11:13.131+0000][info][gc] GC(138) Pause Young (Normal) (G1 Evacuation Pause) 2561M->1663M(4096M) 110.396ms
[2026-06-08T10:11:18.517+0000][info][gc] GC(139) Pause Young (Normal) (G1 Evacuation Pause) 2518M->1663M(4096M) 80.828ms
[2026-06-08T10:11:22.046+0000][info][gc] GC(140) Pause Young (Normal) (G1 Evacuation Pause) 2495M->1665M(4096M) 89.011ms
[2026-06-08T10:11:28.684+0000][info][gc] GC(141) Pause Young (Normal) (G1 Evacuation Pause) 2846M->1688M(4096M) 106.164ms
[2026-06-08T10:11:34.106+0000][info][gc] GC(142) Pause Young (Normal) (G1 Evacuation Pause) 2593M->1699M(4096M) 110.657ms
[2026-06-08T10:11:39.505+0000][info][gc] GC(143) Pause Young (Normal) (G1 Evacuation Pause) 2910M->1709M(4096M) 89.112ms
[2026-06-08T10:11:42.975+0000][info][gc] GC(144) Pause Young (Normal) (G1 Evacuation Pause) 2760M->1688M(4096M) 111.270ms
[2026-06-08T10:11:48.132+0000][info][gc] GC(145) Pause Young (Normal) (G1 Evacuation Pause) 2520M->1713M(4096M) 90.719ms
[2026-06-08T10:11:52.614+0000][info][gc] GC(146) Pause Young (Normal) (G1 Evacuation Pause) 2548M->1725M(4096M) 85.898ms
[2026-06-08T10:11:59.367+0000][info][gc] GC(147) Pause Young (Normal) (G1 Evacuation Pause) 2780M->1724M(4096M) 82.036ms
[2026-06-08T10:12:05.586+0000][info][gc] GC(148) Pause Young (Normal) (G1 Evacuation Pause) 2931M->1744M(4096M) 68.547ms
[2026-06-08T10:12:09.121+0000][info][gc] GC(149) Pause Young (Normal) (G1 Evacuation Pause) 2791M->1727M(4096M) 113.464ms
[2026-06-08T10:12:12.457+0000][info][gc] GC(150) Pause Young (Normal) (G1 Evacuation Pause) 2857M->1751M(4096M) 86.108ms
[2026-06-08T10:12:16.213+0000][info][gc] GC(151) Pause Young (Normal) (G1 Evacuation Pause) 2918M->1721M(4096M) 95.673ms
[2026-06-08T10:12:19.684+0000][info][gc] GC(152) Pause Young (Normal) (G1 Evacuation Pause) 2563M->1750M(4096M) 100.115ms
[2026-06-08T10:12:25.435+0000][info][gc] GC(153) Pause Young (Normal) (G1 Evacuation Pause) 2728M->1759M(4096M) 84.425ms
[2026-06-08T10:12:29.054+0000][info][gc] GC(154) Pause Young (Normal) (G1 Evacuation Pause) 2905M->1775M(4096M) 78.692ms
[2026-06-08T10:12:29.254+0000][info][gc] GC(155) Concurrent Cycle
[2026-06-08T10:12:29.334+0000][info][gc] GC(155) Pause Remark 512M->512M(4096M) 2.140ms
[2026-06-08T10:12:29.394+0000][info][gc] GC(155) Pause Cleanup 512M->500M(4096M) 0.890ms
[2026-06-08T10:12:29.414+0000][info][gc] GC(155) Concurrent Cycle 81.2ms
[2026-06-08T10:12:35.474+0000][info][gc] GC(156) Pause Young (Normal) (G1 Evacuation Pause) 2796M->1782M(4096M) 85.281ms
[2026-06-08T10:12:39.576+0000][info][gc] GC(157) Pause Young (Normal) (G1 Evacuation Pause) 2933M->1776M(4096M) 106.969ms
[2026-06-08T10:12:44.229+0000][info][gc] GC(158) Pause Young (Normal) (G1 Evacuation Pause) 2992M->1792M(4096M) 92.292ms
[2026-06-08T10:12:48.710+0000][info][gc] GC(159) Pause Young (Normal) (G1 Evacuation Pause) 2880M->1792M(4096M) 80.014ms
[2026-06-08T10:12:52.937+0000][info][gc] GC(160) Pause Young (Normal) (G1 Evacuation Pause) 2777M->1792M(4096M) 106.806ms
[2026-06-08T10:12:59.357+0000][info][gc] GC(161) Pause Young (Normal) (G1 Evacuation Pause) 2947M->1783M(4096M) 107.897ms
[2026-06-08T10:13:04.143+0000][info][gc] GC(162) Pause Young (Normal) (G1 Evacuation Pause) 2974M->1792M(4096M) 72.603ms
[2026-06-08T10:13:09.176+0000][info][gc] GC(163) Pause Young (Normal) (G1 Evacuation Pause) 3024M->1809M(4096M) 111.471ms
[2026-06-08T10:13:14.633+0000][info][gc] GC(164) Pause Young (Normal) (G1 Evacuation Pause) 2979M->1798M(4096M) 76.629ms
[2026-06-08T10:13:21.491+0000][info][gc] GC(165) Pause Young (Normal) (G1 Evacuation Pause) 2639M->1808M(4096M) 113.526ms
[2026-06-08T10:13:26.378+0000][info][gc] GC(166) Pause Young (Normal) (G1 Evacuation Pause) 2950M->1836M(4096M) 73.422ms
[2026-06-08T10:13:30.430+0000][info][gc] GC(167) Pause Young (Normal) (G1 Evacuation Pause) 2838M->1820M(4096M) 102.342ms
[2026-06-08T10:13:36.328+0000][info][gc] GC(168) Pause Young (Normal) (G1 Evacuation Pause) 2861M->1861M(4096M) 105.329ms
[2026-06-08T10:13:40.474+0000][info][gc] GC(169) Pause Young (Normal) (G1 Evacuation Pause) 2966M->1830M(4096M) 121.531ms
[2026-06-08T10:13:46.755+0000][info][gc] GC(170) Pause Young (Normal) (G1 Evacuation Pause) 2996M->1866M(4096M) 94.080ms
[2026-06-08T10:13:50.561+0000][info][gc] GC(171) Pause Young (Normal) (G1 Evacuation Pause) 3010M->1873M(4096M) 85.921ms
[2026-06-08T10:13:53.696+0000][info][gc] GC(172) Pause Young (Normal) (G1 Evacuation Pause) 2984M->1876M(4096M) 98.770ms
[2026-06-08T10:13:57.623+0000][info][gc] GC(173) Pause Young (Normal) (G1 Evacuation Pause) 2769M->1851M(4096M) 90.449ms
[2026-06-08T10:14:03.243+0000][info][gc] GC(174) Pause Young (Normal) (G1 Evacuation Pause) 2770M->1861M(4096M) 125.863ms
[2026-06-08T10:14:09.361+0000][info][gc] GC(175) Pause Young (Normal) (G1 Evacuation Pause) 2877M->1888M(4096M) 93.747ms
[2026-06-08T10:14:13.163+0000][info][gc] GC(176) Pause Young (Normal) (G1 Evacuation Pause) 2709M->1872M(4096M) 122.256ms
[2026-06-08T10:14:13.363+0000][info][gc] GC(177) Concurrent Cycle
[2026-06-08T10:14:13.443+0000][info][gc] GC(177) Pause Remark 512M->512M(4096M) 2.140ms
[2026-06-08T10:14:13.503+0000][info][gc] GC(177) Pause Cleanup 512M->500M(4096M) 0.890ms
[2026-06-08T10:14:13.523+0000][info][gc] GC(177) Concurrent Cycle 81.2ms
[2026-06-08T10:14:18.361+0000][info][gc] GC(178) Pause Young (Normal) (G1 Evacuation Pause) 3080M->1910M(4096M) 122.375ms
[2026-06-08T10:14:22.753+0000][info][gc] GC(179) Pause Young (Normal) (G1 Evacuation Pause) 2855M->1894M(4096M) 105.693ms
[2026-06-08T10:14:26.531+0000][info][gc] GC(180) Pause Young (Normal) (G1 Evacuation Pause) 2925M->1921M(4096M) 72.851ms
[2026-06-08T10:14:30.232+0000][info][gc] GC(181) Pause Young (Normal) (G1 Evacuation Pause) 2983M->1896M(4096M) 103.568ms
[2026-06-08T10:14:35.244+0000][info][gc] GC(182) Pause Young (Normal) (G1 Evacuation Pause) 2904M->1903M(4096M) 117.340ms
[2026-06-08T10:14:42.071+0000][info][gc] GC(183) Pause Young (Normal) (G1 Evacuation Pause) 3013M->1940M(4096M) 87.392ms
[2026-06-08T10:14:46.842+0000][info][gc] GC(184) Pause Young (Normal) (G1 Evacuation Pause) 2937M->1946M(4096M) 100.553ms
[2026-06-08T10:14:50.815+0000][info][gc] GC(185) Pause Young (Normal) (G1 Evacuation Pause) 2922M->1944M(4096M) 111.707ms
[2026-06-08T10:14:57.401+0000][info][gc] GC(186) Pause Young (Normal) (G1 Evacuation Pause) 2772M->1954M(4096M) 81.054ms
[2026-06-08T10:15:00.672+0000][info][gc] GC(187) Pause Young (Normal) (G1 Evacuation Pause) 3086M->1942M(4096M) 112.108ms
[2026-06-08T10:15:04.591+0000][info][gc] GC(188) Pause Young (Normal) (G1 Evacuation Pause) 2928M->1959M(4096M) 127.689ms
[2026-06-08T10:15:09.657+0000][info][gc] GC(189) Pause Young (Normal) (G1 Evacuation Pause) 2777M->1955M(4096M) 89.133ms
[2026-06-08T10:15:13.029+0000][info][gc] GC(190) Pause Young (Normal) (G1 Evacuation Pause) 3121M->1964M(4096M) 79.886ms
[2026-06-08T10:15:19.755+0000][info][gc] GC(191) Pause Young (Normal) (G1 Evacuation Pause) 3029M->1972M(4096M) 95.598ms
[2026-06-08T10:15:26.332+0000][info][gc] GC(192) Pause Young (Normal) (G1 Evacuation Pause) 2931M->1971M(4096M) 128.685ms
[2026-06-08T10:15:32.065+0000][info][gc] GC(193) Pause Young (Normal) (G1 Evacuation Pause) 2898M->1998M(4096M) 117.518ms
[2026-06-08T10:15:36.004+0000][info][gc] GC(194) Pause Young (Normal) (G1 Evacuation Pause) 2929M->1988M(4096M) 88.613ms
[2026-06-08T10:15:39.815+0000][info][gc] GC(195) Pause Young (Normal) (G1 Evacuation Pause) 2938M->2016M(4096M) 97.076ms
[2026-06-08T10:15:45.931+0000][info][gc] GC(196) Pause Young (Normal) (G1 Evacuation Pause) 2880M->1990M(4096M) 115.073ms
[2026-06-08T10:15:51.585+0000][info][gc] GC(197) Pause Young (Normal) (G1 Evacuation Pause) 3140M->1992M(4096M) 120.315ms
[2026-06-08T10:15:56.751+0000][info][gc] GC(198) Pause Young (Normal) (G1 Evacuation Pause) 2853M->2028M(4096M) 99.043ms
[2026-06-08T10:15:56.951+0000][info][gc] GC(199) Concurrent Cycle
[2026-06-08T10:15:57.031+0000][info][gc] GC(199) Pause Remark 512M->512M(4096M) 2.140ms
[2026-06-08T10:15:57.091+0000][info][gc] GC(199) Pause Cleanup 512M->500M(4096M) 0.890ms
[2026-06-08T10:15:57.111+0000][info][gc] GC(199) Concurrent Cycle 81.2ms
[2026-06-08T10:16:01.012+0000][info][gc] GC(200) Pause Young (Normal) (G1 Evacuation Pause) 3132M->2021M(4096M) 105.906ms
[2026-06-08T10:16:07.950+0000][info][gc] GC(201) Pause Young (Normal) (G1 Evacuation Pause) 3107M->2029M(4096M) 101.259ms
[2026-06-08T10:16:13.950+0000][info][gc] GC(202) Pause Young (Normal) (G1 Evacuation Pause) 2919M->2023M(4096M) 108.692ms
[2026-06-08T10:16:18.643+0000][info][gc] GC(203) Pause Young (Normal) (G1 Evacuation Pause) 3136M->2028M(4096M) 107.727ms
[2026-06-08T10:16:23.218+0000][info][gc] GC(204) Pause Young (Normal) (G1 Evacuation Pause) 3216M->2042M(4096M) 105.542ms
[2026-06-08T10:16:26.699+0000][info][gc] GC(205) Pause Young (Normal) (G1 Evacuation Pause) 3135M->2065M(4096M) 97.990ms
[2026-06-08T10:16:29.733+0000][info][gc] GC(206) Pause Young (Normal) (G1 Evacuation Pause) 3219M->2053M(4096M) 101.700ms
[2026-06-08T10:16:33.136+0000][info][gc] GC(207) Pause Young (Normal) (G1 Evacuation Pause) 3063M->2083M(4096M) 128.461ms
[2026-06-08T10:16:36.885+0000][info][gc] GC(208) Pause Young (Normal) (G1 Evacuation Pause) 3017M->2064M(4096M) 96.127ms
[2026-06-08T10:16:43.719+0000][info][gc] GC(209) Pause Young (Normal) (G1 Evacuation Pause) 3066M->2080M(4096M) 91.882ms
[2026-06-08T10:16:48.415+0000][info][gc] GC(210) Pause Young (Normal) (G1 Evacuation Pause) 3111M->2086M(4096M) 102.160ms
[2026-06-08T10:16:53.017+0000][info][gc] GC(211) Pause Young (Normal) (G1 Evacuation Pause) 3133M->2080M(4096M) 113.816ms
[2026-06-08T10:16:59.934+0000][info][gc] GC(212) Pause Young (Normal) (G1 Evacuation Pause) 3262M->2091M(4096M) 127.631ms
[2026-06-08T10:17:05.817+0000][info][gc] GC(213) Pause Young (Normal) (G1 Evacuation Pause) 3039M->2120M(4096M) 107.016ms
[2026-06-08T10:17:10.341+0000][info][gc] GC(214) Pause Young (Normal) (G1 Evacuation Pause) 2999M->2100M(4096M) 109.561ms
[2026-06-08T10:17:13.380+0000][info][gc] GC(215) Pause Young (Normal) (G1 Evacuation Pause) 3143M->2125M(4096M) 91.146ms
[2026-06-08T10:17:19.953+0000][info][gc] GC(216) Pause Young (Normal) (G1 Evacuation Pause) 3259M->2136M(4096M) 113.558ms
[2026-06-08T10:17:24.216+0000][info][gc] GC(217) Pause Young (Normal) (G1 Evacuation Pause) 3191M->2127M(4096M) 98.278ms
[2026-06-08T10:17:30.650+0000][info][gc] GC(218) Pause Young (Normal) (G1 Evacuation Pause) 2974M->2141M(4096M) 90.348ms
[2026-06-08T10:17:34.303+0000][info][gc] GC(219) Pause Young (Normal) (G1 Evacuation Pause) 3065M->2137M(4096M) 111.358ms
[2026-06-08T10:17:39.823+0000][info][gc] GC(220) Pause Young (Normal) (G1 Evacuation Pause) 3192M->2149M(4096M) 99.805ms
[2026-06-08T10:17:40.023+0000][info][gc] GC(221) Concurrent Cycle
[2026-06-08T10:17:40.103+0000][info][gc] GC(221) Pause Remark 512M->512M(4096M) 2.140ms
[2026-06-08T10:17:40.163+0000][info][gc] GC(221) Pause Cleanup 512M->500M(4096M) 0.890ms
[2026-06-08T10:17:40.183+0000][info][gc] GC(221) Concurrent Cycle 81.2ms
[2026-06-08T10:17:44.264+0000][info][gc] GC(222) Pause Young (Normal) (G1 Evacuation Pause) 3252M->2149M(4096M) 104.742ms
[2026-06-08T10:17:48.911+0000][info][gc] GC(223) Pause Young (Normal) (G1 Evacuation Pause) 3152M->2177M(4096M) 97.068ms
[2026-06-08T10:17:54.215+0000][info][gc] GC(224) Pause Young (Normal) (G1 Evacuation Pause) 3312M->2180M(4096M) 96.079ms
[2026-06-08T10:18:00.336+0000][info][gc] GC(225) Pause Young (Normal) (G1 Evacuation Pause) 3168M->2173M(4096M) 123.914ms
[2026-06-08T10:18:05.286+0000][info][gc] GC(226) Pause Young (Normal) (G1 Evacuation Pause) 3371M->2188M(4096M) 136.149ms
[2026-06-08T10:18:09.810+0000][info][gc] GC(227) Pause Young (Normal) (G1 Evacuation Pause) 3145M->2194M(4096M) 122.266ms
[2026-06-08T10:18:13.389+0000][info][gc] GC(228) Pause Young (Normal) (G1 Evacuation Pause) 3089M->2210M(4096M) 132.186ms
[2026-06-08T10:18:17.739+0000][info][gc] GC(229) Pause Young (Normal) (G1 Evacuation Pause) 3332M->2214M(4096M) 119.492ms
[2026-06-08T10:18:24.135+0000][info][gc] GC(230) Pause Young (Normal) (G1 Evacuation Pause) 3053M->2188M(4096M) 97.390ms
[2026-06-08T10:18:28.047+0000][info][gc] GC(231) Pause Young (Normal) (G1 Evacuation Pause) 3184M->2206M(4096M) 127.815ms
[2026-06-08T10:18:33.469+0000][info][gc] GC(232) Pause Young (Normal) (G1 Evacuation Pause) 3231M->2212M(4096M) 137.927ms
[2026-06-08T10:18:39.593+0000][info][gc] GC(233) Pause Young (Normal) (G1 Evacuation Pause) 3222M->2240M(4096M) 118.165ms
[2026-06-08T10:18:44.394+0000][info][gc] GC(234) Pause Young (Normal) (G1 Evacuation Pause) 3128M->2220M(4096M) 136.816ms
[2026-06-08T10:18:47.894+0000][info][gc] GC(235) Pause Young (Normal) (G1 Evacuation Pause) 3167M->2229M(4096M) 141.792ms
[2026-06-08T10:18:53.697+0000][info][gc] GC(236) Pause Young (Normal) (G1 Evacuation Pause) 3094M->2233M(4096M) 99.636ms
[2026-06-08T10:18:57.109+0000][info][gc] GC(237) Pause Young (Normal) (G1 Evacuation Pause) 3091M->2255M(4096M) 120.848ms
[2026-06-08T10:19:00.214+0000][info][gc] GC(238) Pause Young (Normal) (G1 Evacuation Pause) 3265M->2261M(4096M) 132.967ms
[2026-06-08T10:19:03.547+0000][info][gc] GC(239) Pause Young (Normal) (G1 Evacuation Pause) 3201M->2272M(4096M) 99.655ms
[2026-06-08T10:19:09.167+0000][info][gc] GC(240) Pause Young (Normal) (G1 Evacuation Pause) 3273M->2259M(4096M) 104.105ms
[2026-06-08T10:19:15.117+0000][info][gc] GC(241) Pause Young (Normal) (G1 Evacuation Pause) 3307M->2287M(4096M) 98.841ms
[2026-06-08T10:19:20.224+0000][info][gc] GC(242) Pause Young (Normal) (G1 Evacuation Pause) 3175M->2255M(4096M) 94.163ms
[2026-06-08T10:19:20.424+0000][info][gc] GC(243) Concurrent Cycle
[2026-06-08T10:19:20.504+0000][info][gc] GC(243) Pause Remark 512M->512M(4096M) 2.140ms
[2026-06-08T10:19:20.564+0000][info][gc] GC(243) Pause Cleanup 512M->500M(4096M) 0.890ms
[2026-06-08T10:19:20.584+0000][info][gc] GC(243) Concurrent Cycle 81.2ms
[2026-06-08T10:19:24.652+0000][info][gc] GC(244) Pause Young (Normal) (G1 Evacuation Pause) 3259M->2289M(4096M) 118.221ms
[2026-06-08T10:19:31.135+0000][info][gc] GC(245) Pause Young (Normal) (G1 Evacuation Pause) 3240M->2302M(4096M) 117.425ms
[2026-06-08T10:19:38.013+0000][info][gc] GC(246) Pause Young (Normal) (G1 Evacuation Pause) 3467M->2310M(4096M) 103.156ms
[2026-06-08T10:19:43.404+0000][info][gc] GC(247) Pause Young (Normal) (G1 Evacuation Pause) 3440M->2323M(4096M) 142.030ms
[2026-06-08T10:19:48.144+0000][info][gc] GC(248) Pause Young (Normal) (G1 Evacuation Pause) 3450M->2329M(4096M) 123.454ms
[2026-06-08T10:19:54.779+0000][info][gc] GC(249) Pause Young (Normal) (G1 Evacuation Pause) 3377M->2331M(4096M) 107.032ms
[2026-06-08T10:19:58.137+0000][info][gc] GC(250) Pause Young (Normal) (G1 Evacuation Pause) 3292M->2324M(4096M) 117.435ms
[2026-06-08T10:20:01.760+0000][info][gc] GC(251) Pause Young (Normal) (G1 Evacuation Pause) 3145M->2306M(4096M) 123.789ms
[2026-06-08T10:20:07.793+0000][info][gc] GC(252) Pause Young (Normal) (G1 Evacuation Pause) 3216M->2335M(4096M) 111.182ms
[2026-06-08T10:20:12.934+0000][info][gc] GC(253) Pause Young (Normal) (G1 Evacuation Pause) 3506M->2351M(4096M) 147.836ms
[2026-06-08T10:20:17.842+0000][info][gc] GC(254) Pause Young (Normal) (G1 Evacuation Pause) 3164M->2353M(4096M) 139.969ms
[2026-06-08T10:20:23.230+0000][info][gc] GC(255) Pause Young (Normal) (G1 Evacuation Pause) 3574M->2333M(4096M) 126.593ms
[2026-06-08T10:20:26.984+0000][info][gc] GC(256) Pause Young (Normal) (G1 Evacuation Pause) 3458M->2364M(4096M) 118.404ms
[2026-06-08T10:20:30.638+0000][info][gc] GC(257) Pause Young (Normal) (G1 Evacuation Pause) 3553M->2366M(4096M) 142.500ms
[2026-06-08T10:20:34.520+0000][info][gc] GC(258) Pause Young (Normal) (G1 Evacuation Pause) 3221M->2374M(4096M) 131.589ms
[2026-06-08T10:20:39.586+0000][info][gc] GC(259) Pause Young (Normal) (G1 Evacuation Pause) 3596M->2392M(4096M) 141.952ms
[2026-06-08T10:20:45.325+0000][info][gc] GC(260) Pause Young (Normal) (G1 Evacuation Pause) 3339M->2394M(4096M) 142.403ms
[2026-06-08T10:20:49.976+0000][info][gc] GC(261) Pause Young (Normal) (G1 Evacuation Pause) 3235M->2377M(4096M) 105.744ms
[2026-06-08T10:20:53.418+0000][info][gc] GC(262) Pause Young (Normal) (G1 Evacuation Pause) 3438M->2410M(4096M) 123.362ms
[2026-06-08T10:20:59.220+0000][info][gc] GC(263) Pause Young (Normal) (G1 Evacuation Pause) 3463M->2390M(4096M) 116.483ms
[2026-06-08T10:21:02.828+0000][info][gc] GC(264) Pause Young (Normal) (G1 Evacuation Pause) 3489M->2383M(4096M) 109.315ms
[2026-06-08T10:21:03.028+0000][info][gc] GC(265) Concurrent Cycle
[2026-06-08T10:21:03.108+0000][info][gc] GC(265) Pause Remark 512M->512M(4096M) 2.140ms
[2026-06-08T10:21:03.168+0000][info][gc] GC(265) Pause Cleanup 512M->500M(4096M) 0.890ms
[2026-06-08T10:21:03.188+0000][info][gc] GC(265) Concurrent Cycle 81.2ms
[2026-06-08T10:21:06.238+0000][info][gc] GC(266) Pause Young (Normal) (G1 Evacuation Pause) 3358M->2395M(4096M) 138.653ms
[2026-06-08T10:21:12.146+0000][info][gc] GC(267) Pause Young (Normal) (G1 Evacuation Pause) 3347M->2399M(4096M) 107.999ms
[2026-06-08T10:21:17.120+0000][info][gc] GC(268) Pause Young (Normal) (G1 Evacuation Pause) 3409M->2426M(4096M) 117.181ms
[2026-06-08T10:21:23.318+0000][info][gc] GC(269) Pause Young (Normal) (G1 Evacuation Pause) 3432M->2437M(4096M) 138.790ms
[2026-06-08T10:21:26.445+0000][info][gc] GC(270) Pause Young (Normal) (G1 Evacuation Pause) 3287M->2421M(4096M) 103.750ms
[2026-06-08T10:21:32.548+0000][info][gc] GC(271) Pause Young (Normal) (G1 Evacuation Pause) 3290M->2454M(4096M) 126.934ms
[2026-06-08T10:21:36.316+0000][info][gc] GC(272) Pause Young (Normal) (G1 Evacuation Pause) 3386M->2448M(4096M) 146.881ms
[2026-06-08T10:21:39.804+0000][info][gc] GC(273) Pause Young (Normal) (G1 Evacuation Pause) 3656M->2444M(4096M) 122.725ms
[2026-06-08T10:21:46.704+0000][info][gc] GC(274) Pause Young (Normal) (G1 Evacuation Pause) 3397M->2439M(4096M) 112.977ms
[2026-06-08T10:21:52.645+0000][info][gc] GC(275) Pause Young (Normal) (G1 Evacuation Pause) 3327M->2478M(4096M) 139.050ms
[2026-06-08T10:21:56.479+0000][info][gc] GC(276) Pause Young (Normal) (G1 Evacuation Pause) 3483M->2469M(4096M) 154.167ms
[2026-06-08T10:22:00.114+0000][info][gc] GC(277) Pause Young (Normal) (G1 Evacuation Pause) 3660M->2456M(4096M) 143.878ms
[2026-06-08T10:22:05.312+0000][info][gc] GC(278) Pause Young (Normal) (G1 Evacuation Pause) 3357M->2477M(4096M) 129.734ms
[2026-06-08T10:22:09.507+0000][info][gc] GC(279) Pause Young (Normal) (G1 Evacuation Pause) 3484M->2469M(4096M) 151.048ms
[2026-06-08T10:22:13.378+0000][info][gc] GC(280) Pause Young (Normal) (G1 Evacuation Pause) 3362M->2486M(4096M) 138.615ms
[2026-06-08T10:22:17.676+0000][info][gc] GC(281) Pause Young (Normal) (G1 Evacuation Pause) 3395M->2493M(4096M) 136.251ms
[2026-06-08T10:22:22.260+0000][info][gc] GC(282) Pause Young (Normal) (G1 Evacuation Pause) 3440M->2482M(4096M) 157.685ms
[2026-06-08T10:22:27.584+0000][info][gc] GC(283) Pause Young (Normal) (G1 Evacuation Pause) 3676M->2519M(4096M) 142.617ms
[2026-06-08T10:22:31.204+0000][info][gc] GC(284) Pause Young (Normal) (G1 Evacuation Pause) 3721M->2498M(4096M) 118.677ms
[2026-06-08T10:22:36.204+0000][info][gc] GC(285) Pause Young (Normal) (G1 Evacuation Pause) 3685M->2539M(4096M) 123.944ms
[2026-06-08T10:22:43.082+0000][info][gc] GC(286) Pause Young (Normal) (G1 Evacuation Pause) 3730M->2548M(4096M) 109.094ms
[2026-06-08T10:22:43.282+0000][info][gc] GC(287) Concurrent Cycle
[2026-06-08T10:22:43.362+0000][info][gc] GC(287) Pause Remark 512M->512M(4096M) 2.140ms
[2026-06-08T10:22:43.422+0000][info][gc] GC(287) Pause Cleanup 512M->500M(4096M) 0.890ms
[2026-06-08T10:22:43.442+0000][info][gc] GC(287) Concurrent Cycle 81.2ms
[2026-06-08T10:22:47.504+0000][info][gc] GC(288) Pause Young (Normal) (G1 Evacuation Pause) 3426M->2548M(4096M) 149.617ms
[2026-06-08T10:22:51.008+0000][info][gc] GC(289) Pause Young (Normal) (G1 Evacuation Pause) 3471M->2538M(4096M) 160.313ms
[2026-06-08T10:22:57.162+0000][info][gc] GC(290) Pause Young (Normal) (G1 Evacuation Pause) 3747M->2548M(4096M) 151.036ms
[2026-06-08T10:23:01.917+0000][info][gc] GC(291) Pause Young (Normal) (G1 Evacuation Pause) 3464M->2533M(4096M) 144.959ms
[2026-06-08T10:23:06.349+0000][info][gc] GC(292) Pause Young (Normal) (G1 Evacuation Pause) 3439M->2553M(4096M) 156.773ms
[2026-06-08T10:23:11.291+0000][info][gc] GC(293) Pause Young (Normal) (G1 Evacuation Pause) 3602M->2579M(4096M) 123.886ms
[2026-06-08T10:23:17.079+0000][info][gc] GC(294) Pause Young (Normal) (G1 Evacuation Pause) 3482M->2587M(4096M) 118.328ms
[2026-06-08T10:23:21.469+0000][info][gc] GC(295) Pause Young (Normal) (G1 Evacuation Pause) 3764M->2585M(4096M) 123.500ms
[2026-06-08T10:23:27.795+0000][info][gc] GC(296) Pause Young (Normal) (G1 Evacuation Pause) 3681M->2574M(4096M) 112.568ms
[2026-06-08T10:23:31.415+0000][info][gc] GC(297) Pause Young (Normal) (G1 Evacuation Pause) 3554M->2585M(4096M) 138.811ms
[2026-06-08T10:23:36.231+0000][info][gc] GC(298) Pause Young (Normal) (G1 Evacuation Pause) 3806M->2615M(4096M) 137.172ms
[2026-06-08T10:23:42.166+0000][info][gc] GC(299) Pause Young (Normal) (G1 Evacuation Pause) 3425M->2621M(4096M) 156.867ms
[2026-06-08T10:23:48.270+0000][info][gc] GC(300) Pause Young (Normal) (G1 Evacuation Pause) 3546M->2610M(4096M) 149.804ms
[2026-06-08T10:23:53.903+0000][info][gc] GC(301) Pause Young (Normal) (G1 Evacuation Pause) 3706M->2621M(4096M) 120.968ms
[2026-06-08T10:23:59.636+0000][info][gc] GC(302) Pause Young (Normal) (G1 Evacuation Pause) 3830M->2639M(4096M) 119.386ms
[2026-06-08T10:24:03.769+0000][info][gc] GC(303) Pause Young (Normal) (G1 Evacuation Pause) 3652M->2629M(4096M) 117.261ms
[2026-06-08T10:24:08.861+0000][info][gc] GC(304) Pause Young (Normal) (G1 Evacuation Pause) 3484M->2618M(4096M) 157.461ms
[2026-06-08T10:24:12.380+0000][info][gc] GC(305) Pause Young (Normal) (G1 Evacuation Pause) 3470M->2632M(4096M) 117.649ms
[2026-06-08T10:24:16.147+0000][info][gc] GC(306) Pause Young (Normal) (G1 Evacuation Pause) 3475M->2661M(4096M) 147.309ms
[2026-06-08T10:24:20.701+0000][info][gc] GC(307) Pause Young (Normal) (G1 Evacuation Pause) 3715M->2664M(4096M) 146.635ms
[2026-06-08T10:24:26.063+0000][info][gc] GC(308) Pause Young (Normal) (G1 Evacuation Pause) 3496M->2660M(4096M) 124.815ms
[2026-06-08T10:24:26.263+0000][info][gc] GC(309) Concurrent Cycle
[2026-06-08T10:24:26.343+0000][info][gc] GC(309) Pause Remark 512M->512M(4096M) 2.140ms
[2026-06-08T10:24:26.403+0000][info][gc] GC(309) Pause Cleanup 512M->500M(4096M) 0.890ms
[2026-06-08T10:24:26.423+0000][info][gc] GC(309) Concurrent Cycle 81.2ms
[2026-06-08T10:24:31.934+0000][info][gc] GC(310) Pause Young (Normal) (G1 Evacuation Pause) 3485M->2658M(4096M) 149.134ms
[2026-06-08T10:24:38.647+0000][info][gc] GC(311) Pause Young (Normal) (G1 Evacuation Pause) 3527M->2682M(4096M) 157.573ms
[2026-06-08T10:24:41.890+0000][info][gc] GC(312) Pause Young (Normal) (G1 Evacuation Pause) 3776M->2683M(4096M) 158.945ms
[2026-06-08T10:24:48.067+0000][info][gc] GC(313) Pause Young (Normal) (G1 Evacuation Pause) 3528M->2704M(4096M) 128.766ms
[2026-06-08T10:24:51.230+0000][info][gc] GC(314) Pause Young (Normal) (G1 Evacuation Pause) 3539M->2688M(4096M) 118.644ms
[2026-06-08T10:24:55.094+0000][info][gc] GC(315) Pause Young (Normal) (G1 Evacuation Pause) 3773M->2680M(4096M) 120.184ms
[2026-06-08T10:24:59.018+0000][info][gc] GC(316) Pause Young (Normal) (G1 Evacuation Pause) 3710M->2691M(4096M) 125.500ms
[2026-06-08T10:25:04.645+0000][info][gc] GC(317) Pause Young (Normal) (G1 Evacuation Pause) 3811M->2726M(4096M) 167.368ms
[2026-06-08T10:25:09.879+0000][info][gc] GC(318) Pause Young (Normal) (G1 Evacuation Pause) 3811M->2718M(4096M) 156.641ms
[2026-06-08T10:25:15.944+0000][info][gc] GC(319) Pause Young (Normal) (G1 Evacuation Pause) 3829M->2722M(4096M) 153.107ms
[2026-06-08T10:25:21.754+0000][info][gc] GC(320) Pause Young (Normal) (G1 Evacuation Pause) 3759M->2713M(4096M) 125.573ms
[2026-06-08T10:25:25.476+0000][info][gc] GC(321) Pause Young (Normal) (G1 Evacuation Pause) 3751M->2744M(4096M) 135.211ms
[2026-06-08T10:25:29.108+0000][info][gc] GC(322) Pause Young (Normal) (G1 Evacuation Pause) 3858M->2745M(4096M) 168.234ms
[2026-06-08T10:25:35.718+0000][info][gc] GC(323) Pause Young (Normal) (G1 Evacuation Pause) 3840M->2745M(4096M) 163.799ms
[2026-06-08T10:25:41.251+0000][info][gc] GC(324) Pause Young (Normal) (G1 Evacuation Pause) 3937M->2752M(4096M) 151.165ms
[2026-06-08T10:25:45.107+0000][info][gc] GC(325) Pause Young (Normal) (G1 Evacuation Pause) 3963M->2772M(4096M) 168.898ms
[2026-06-08T10:25:51.954+0000][info][gc] GC(326) Pause Young (Normal) (G1 Evacuation Pause) 3808M->2770M(4096M) 118.428ms
[2026-06-08T10:25:52.204+0000][info][gc] GC(327) Pause Full (Allocation Failure) 4066M->2949M(4096M) 1070.689ms
[2026-06-08T10:25:55.019+0000][info][gc] GC(328) Pause Young (Normal) (G1 Evacuation Pause) 3652M->2768M(4096M) 118.984ms
[2026-06-08T10:25:58.878+0000][info][gc] GC(329) Pause Young (Normal) (G1 Evacuation Pause) 3749M->2755M(4096M) 161.314ms
[2026-06-08T10:26:05.167+0000][info][gc] GC(330) Pause Young (Normal) (G1 Evacuation Pause) 3879M->2794M(4096M) 149.899ms
[2026-06-08T10:26:05.367+0000][info][gc] GC(331) Concurrent Cycle
[2026-06-08T10:26:05.447+0000][info][gc] GC(331) Pause Remark 512M->512M(4096M) 2.140ms
[2026-06-08T10:26:05.507+0000][info][gc] GC(331) Pause Cleanup 512M->500M(4096M) 0.890ms
[2026-06-08T10:26:05.527+0000][info][gc] GC(331) Concurrent Cycle 81.2ms
[2026-06-08T10:26:08.786+0000][info][gc] GC(332) Pause Young (Normal) (G1 Evacuation Pause) 3619M->2795M(4096M) 139.104ms
[2026-06-08T10:26:09.036+0000][info][gc] GC(333) Pause Full (Allocation Failure) 4066M->2949M(4096M) 1120.250ms
[2026-06-08T10:26:14.115+0000][info][gc] GC(334) Pause Young (Normal) (G1 Evacuation Pause) 3726M->2789M(4096M) 164.508ms
[2026-06-08T10:26:14.365+0000][info][gc] GC(335) Pause Full (Allocation Failure) 4066M->2949M(4096M) 1139.879ms
[2026-06-08T10:26:20.786+0000][info][gc] GC(336) Pause Young (Normal) (G1 Evacuation Pause) 3990M->2785M(4096M) 160.142ms
[2026-06-08T10:26:24.478+0000][info][gc] GC(337) Pause Young (Normal) (G1 Evacuation Pause) 3973M->2822M(4096M) 165.665ms
[2026-06-08T10:26:24.728+0000][info][gc] GC(338) Pause Full (Allocation Failure) 4066M->2949M(4096M) 1285.353ms
[2026-06-08T10:26:27.628+0000][info][gc] GC(339) Pause Young (Normal) (G1 Evacuation Pause) 3919M->2814M(4096M) 125.119ms
[2026-06-08T10:26:27.878+0000][info][gc] GC(340) Pause Full (Allocation Failure) 4066M->2949M(4096M) 1362.541ms
[2026-06-08T10:26:32.019+0000][info][gc] GC(341) Pause Young (Normal) (G1 Evacuation Pause) 3851M->2821M(4096M) 172.260ms
[2026-06-08T10:26:32.269+0000][info][gc] GC(342) Pause Full (Allocation Failure) 4066M->2949M(4096M) 1362.234ms
[2026-06-08T10:26:38.010+0000][info][gc] GC(343) Pause Young (Normal) (G1 Evacuation Pause) 3945M->2803M(4096M) 156.360ms
[2026-06-08T10:26:41.227+0000][info][gc] GC(344) Pause Young (Normal) (G1 Evacuation Pause) 3909M->2809M(4096M) 139.274ms
[2026-06-08T10:26:45.534+0000][info][gc] GC(345) Pause Young (Normal) (G1 Evacuation Pause) 4003M->2826M(4096M) 130.425ms
[2026-06-08T10:26:52.523+0000][info][gc] GC(346) Pause Young (Normal) (G1 Evacuation Pause) 3883M->2859M(4096M) 154.106ms
[2026-06-08T10:26:52.773+0000][info][gc] GC(347) Pause Full (Allocation Failure) 4066M->2949M(4096M) 1159.161ms
[2026-06-08T10:26:58.669+0000][info][gc] GC(348) Pause Young (Normal) (G1 Evacuation Pause) 3738M->2837M(4096M) 141.367ms
[2026-06-08T10:27:04.650+0000][info][gc] GC(349) Pause Young (Normal) (G1 Evacuation Pause) 3950M->2861M(4096M) 137.718ms
[2026-06-08T10:27:09.388+0000][info][gc] GC(350) Pause Young (Normal) (G1 Evacuation Pause) 4033M->2850M(4096M) 165.506ms
[2026-06-08T10:27:13.180+0000][info][gc] GC(351) Pause Young (Normal) (G1 Evacuation Pause) 3883M->2883M(4096M) 134.633ms
[2026-06-08T10:27:19.123+0000][info][gc] GC(352) Pause Young (Normal) (G1 Evacuation Pause) 3815M->2870M(4096M) 128.185ms
[2026-06-08T10:27:19.323+0000][info][gc] GC(353) Concurrent Cycle
[2026-06-08T10:27:19.403+0000][info][gc] GC(353) Pause Remark 512M->512M(4096M) 2.140ms
[2026-06-08T10:27:19.463+0000][info][gc] GC(353) Pause Cleanup 512M->500M(4096M) 0.890ms
[2026-06-08T10:27:19.483+0000][info][gc] GC(353) Concurrent Cycle 81.2ms
[2026-06-08T10:27:23.417+0000][info][gc] GC(354) Pause Young (Normal) (G1 Evacuation Pause) 3988M->2865M(4096M) 130.721ms
[2026-06-08T10:27:27.878+0000][info][gc] GC(355) Pause Young (Normal) (G1 Evacuation Pause) 3797M->2886M(4096M) 143.779ms
[2026-06-08T10:27:33.957+0000][info][gc] GC(356) Pause Young (Normal) (G1 Evacuation Pause) 3793M->2895M(4096M) 159.129ms
[2026-06-08T10:27:38.725+0000][info][gc] GC(357) Pause Young (Normal) (G1 Evacuation Pause) 3787M->2907M(4096M) 128.024ms
[2026-06-08T10:27:42.524+0000][info][gc] GC(358) Pause Young (Normal) (G1 Evacuation Pause) 3909M->2893M(4096M) 167.485ms
[2026-06-08T10:27:45.974+0000][info][gc] GC(359) Pause Young (Normal) (G1 Evacuation Pause) 3749M->2903M(4096M) 178.232ms
[2026-06-08T10:27:52.449+0000][info][gc] GC(360) Pause Young (Normal) (G1 Evacuation Pause) 3877M->2896M(4096M) 145.353ms
[2026-06-08T10:27:56.669+0000][info][gc] GC(361) Pause Young (Normal) (G1 Evacuation Pause) 3977M->2903M(4096M) 145.008ms
[2026-06-08T10:28:00.517+0000][info][gc] GC(362) Pause Young (Normal) (G1 Evacuation Pause) 4020M->2940M(4096M) 168.282ms
[2026-06-08T10:28:06.009+0000][info][gc] GC(363) Pause Young (Normal) (G1 Evacuation Pause) 3819M->2914M(4096M) 148.093ms
[2026-06-08T10:28:11.116+0000][info][gc] GC(364) Pause Young (Normal) (G1 Evacuation Pause) 3884M->2930M(4096M) 131.027ms
[2026-06-08T10:28:16.902+0000][info][gc] GC(365) Pause Young (Normal) (G1 Evacuation Pause) 3899M->2930M(4096M) 153.681ms
[2026-06-08T10:28:20.168+0000][info][gc] GC(366) Pause Young (Normal) (G1 Evacuation Pause) 4066M->2948M(4096M) 164.790ms
[2026-06-08T10:28:24.609+0000][info][gc] GC(367) Pause Young (Normal) (G1 Evacuation Pause) 3826M->2938M(4096M) 144.710ms
[2026-06-08T10:28:29.155+0000][info][gc] GC(368) Pause Young (Normal) (G1 Evacuation Pause) 3970M->2974M(4096M) 182.641ms
[2026-06-08T10:28:29.405+0000][info][gc] GC(369) Pause Full (Allocation Failure) 4066M->2949M(4096M) 1089.274ms
[2026-06-08T10:28:35.623+0000][info][gc] GC(370) Pause Young (Normal) (G1 Evacuation Pause) 4057M->2956M(4096M) 139.612ms
[2026-06-08T10:28:40.454+0000][info][gc] GC(371) Pause Young (Normal) (G1 Evacuation Pause) 4066M->2958M(4096M) 131.869ms
[2026-06-08T10:28:44.674+0000][info][gc] GC(372) Pause Young (Normal) (G1 Evacuation Pause) 4046M->2987M(4096M) 170.906ms
[2026-06-08T10:28:44.924+0000][info][gc] GC(373) Pause Full (Allocation Failure) 4066M->2949M(4096M) 1310.587ms
[2026-06-08T10:28:49.096+0000][info][gc] GC(374) Pause Young (Normal) (G1 Evacuation Pause) 3956M->2983M(4096M) 185.040ms
[2026-06-08T10:28:49.296+0000][info][gc] GC(375) Concurrent Cycle
[2026-06-08T10:28:49.376+0000][info][gc] GC(375) Pause Remark 512M->512M(4096M) 2.140ms
[2026-06-08T10:28:49.436+0000][info][gc] GC(375) Pause Cleanup 512M->500M(4096M) 0.890ms
[2026-06-08T10:28:49.456+0000][info][gc] GC(375) Concurrent Cycle 81.2ms
[2026-06-08T10:28:53.199+0000][info][gc] GC(376) Pause Young (Normal) (G1 Evacuation Pause) 3838M->3013M(4096M) 144.707ms
[2026-06-08T10:29:00.199+0000][info][gc] GC(377) Pause Young (Normal) (G1 Evacuation Pause) 3830M->3016M(4096M) 183.204ms
[2026-06-08T10:29:04.566+0000][info][gc] GC(378) Pause Young (Normal) (G1 Evacuation Pause) 4022M->2995M(4096M) 136.123ms
[2026-06-08T10:29:11.409+0000][info][gc] GC(379) Pause Young (Normal) (G1 Evacuation Pause) 4066M->3036M(4096M) 169.510ms
[2026-06-08T10:29:16.700+0000][info][gc] GC(380) Pause Young (Normal) (G1 Evacuation Pause) 4054M->3021M(4096M) 182.141ms
[2026-06-08T10:29:21.869+0000][info][gc] GC(381) Pause Young (Normal) (G1 Evacuation Pause) 3948M->3017M(4096M) 164.408ms
[2026-06-08T10:29:25.678+0000][info][gc] GC(382) Pause Young (Normal) (G1 Evacuation Pause) 3917M->3032M(4096M) 170.575ms
[2026-06-08T10:29:32.317+0000][info][gc] GC(383) Pause Young (Normal) (G1 Evacuation Pause) 4066M->3031M(4096M) 169.242ms
[2026-06-08T10:29:35.949+0000][info][gc] GC(384) Pause Young (Normal) (G1 Evacuation Pause) 3894M->3061M(4096M) 162.705ms
[2026-06-08T10:29:39.685+0000][info][gc] GC(385) Pause Young (Normal) (G1 Evacuation Pause) 3939M->3032M(4096M) 175.741ms
[2026-06-08T10:29:44.342+0000][info][gc] GC(386) Pause Young (Normal) (G1 Evacuation Pause) 4066M->3056M(4096M) 158.318ms
[2026-06-08T10:29:50.918+0000][info][gc] GC(387) Pause Young (Normal) (G1 Evacuation Pause) 4066M->3062M(4096M) 142.751ms
[2026-06-08T10:29:54.444+0000][info][gc] GC(388) Pause Young (Normal) (G1 Evacuation Pause) 3897M->3089M(4096M) 168.561ms
[2026-06-08T10:29:59.894+0000][info][gc] GC(389) Pause Young (Normal) (G1 Evacuation Pause) 4066M->3070M(4096M) 147.693ms
[2026-06-08T10:30:00.144+0000][info][gc] GC(390) Pause Full (Allocation Failure) 4066M->2949M(4096M) 947.685ms
