[2026-06-08T10:00:00.000+0000][info][gc] Using G1
[2026-06-08T10:00:00.000+0000][info][gc,init] Version: 17.0.10+7 (release)
[2026-06-08T10:00:00.000+0000][info][gc,init] CPUs: 8 total, 8 available
[2026-06-08T10:00:00.000+0000][info][gc,init] Heap Region Size: 4M
[2026-06-08T10:00:00.000+0000][info][gc,init] Heap Max Capacity: 1024M
[2026-06-08T10:00:00.000+0000][info][gc,init] Concurrent Workers: 2
[2026-06-08T10:00:05.000+0000][info][gc] GC(1) Pause Young (Normal) (G1 Evacuation Pause) 412M->144M(1024M) 15.692ms
[2026-06-08T10:00:27.031+0000][info][gc] GC(2) Pause Young (Normal) (G1 Evacuation Pause) 473M->123M(1024M) 15.782ms
[2026-06-08T10:00:49.403+0000][info][gc] GC(3) Pause Young (Normal) (G1 Evacuation Pause) 413M->122M(1024M) 5.899ms
[2026-06-08T10:01:04.886+0000][info][gc] GC(4) Pause Young (Normal) (G1 Evacuation Pause) 381M->129M(1024M) 17.253ms
[2026-06-08T10:01:23.224+0000][info][gc] GC(5) Pause Young (Normal) (G1 Evacuation Pause) 429M->125M(1024M) 3.992ms
[2026-06-08T10:01:52.131+0000][info][gc] GC(6) Pause Young (Normal) (G1 Evacuation Pause) 490M->151M(1024M) 10.349ms
[2026-06-08T10:02:12.004+0000][info][gc] GC(7) Pause Young (Normal) (G1 Evacuation Pause) 495M->127M(1024M) 9.413ms
[2026-06-08T10:02:38.648+0000][info][gc] GC(8) Pause Young (Normal) (G1 Evacuation Pause) 475M->132M(1024M) 8.912ms
[2026-06-08T10:03:07.735+0000][info][gc] GC(9) Pause Young (Normal) (G1 Evacuation Pause) 524M->150M(1024M) 11.042ms
[2026-06-08T10:03:32.356+0000][info][gc] GC(10) Pause Young (Normal) (G1 Evacuation Pause) 387M->145M(1024M) 4.640ms
[2026-06-08T10:03:54.209+0000][info][gc] GC(11) Pause Young (Normal) (G1 Evacuation Pause) 388M->127M(1024M) 10.781ms
[2026-06-08T10:04:15.143+0000][info][gc] GC(12) Pause Young (Normal) (G1 Evacuation Pause) 388M->147M(1024M) 8.811ms
[2026-06-08T10:04:41.621+0000][info][gc] GC(13) Pause Young (Normal) (G1 Evacuation Pause) 390M->124M(1024M) 7.368ms
[2026-06-08T10:05:02.591+0000][info][gc] GC(14) Pause Young (Normal) (G1 Evacuation Pause) 455M->130M(1024M) 9.920ms
[2026-06-08T10:05:23.928+0000][info][gc] GC(15) Pause Young (Normal) (G1 Evacuation Pause) 391M->145M(1024M) 16.555ms
[2026-06-08T10:05:45.882+0000][info][gc] GC(16) Pause Young (Normal) (G1 Evacuation Pause) 493M->117M(1024M) 13.840ms
[2026-06-08T10:06:02.579+0000][info][gc] GC(17) Pause Young (Normal) (G1 Evacuation Pause) 527M->146M(1024M) 5.030ms
[2026-06-08T10:06:23.783+0000][info][gc] GC(18) Pause Young (Normal) (G1 Evacuation Pause) 493M->113M(1024M) 5.683ms
[2026-06-08T10:06:47.638+0000][info][gc] GC(19) Pause Young (Normal) (G1 Evacuation Pause) 429M->141M(1024M) 4.353ms
[2026-06-08T10:07:07.499+0000][info][gc] GC(20) Pause Young (Normal) (G1 Evacuation Pause) 419M->119M(1024M) 4.368ms
[2026-06-08T10:07:33.092+0000][info][gc] GC(21) Pause Young (Normal) (G1 Evacuation Pause) 470M->117M(1024M) 10.857ms
[2026-06-08T10:07:53.853+0000][info][gc] GC(22) Pause Young (Normal) (G1 Evacuation Pause) 508M->151M(1024M) 17.246ms
[2026-06-08T10:08:14.534+0000][info][gc] GC(23) Pause Young (Normal) (G1 Evacuation Pause) 475M->114M(1024M) 14.524ms
[2026-06-08T10:08:43.217+0000][info][gc] GC(24) Pause Young (Normal) (G1 Evacuation Pause) 522M->121M(1024M) 5.432ms
[2026-06-08T10:09:00.386+0000][info][gc] GC(25) Pause Young (Normal) (G1 Evacuation Pause) 391M->138M(1024M) 7.621ms
[2026-06-08T10:09:26.339+0000][info][gc] GC(26) Pause Young (Normal) (G1 Evacuation Pause) 492M->130M(1024M) 12.397ms
[2026-06-08T10:09:43.102+0000][info][gc] GC(27) Pause Young (Normal) (G1 Evacuation Pause) 411M->124M(1024M) 3.053ms
[2026-06-08T10:10:09.583+0000][info][gc] GC(28) Pause Young (Normal) (G1 Evacuation Pause) 381M->141M(1024M) 10.464ms
[2026-06-08T10:10:32.063+0000][info][gc] GC(29) Pause Young (Normal) (G1 Evacuation Pause) 379M->150M(1024M) 16.241ms
[2026-06-08T10:10:50.631+0000][info][gc] GC(30) Pause Young (Normal) (G1 Evacuation Pause) 528M->142M(1024M) 9.806ms
[2026-06-08T10:11:12.259+0000][info][gc] GC(31) Pause Young (Normal) (G1 Evacuation Pause) 531M->150M(1024M) 3.099ms
[2026-06-08T10:11:40.492+0000][info][gc] GC(32) Pause Young (Normal) (G1 Evacuation Pause) 449M->151M(1024M) 12.430ms
[2026-06-08T10:12:07.793+0000][info][gc] GC(33) Pause Young (Normal) (G1 Evacuation Pause) 431M->115M(1024M) 5.773ms
[2026-06-08T10:12:23.619+0000][info][gc] GC(34) Pause Young (Normal) (G1 Evacuation Pause) 467M->114M(1024M) 5.181ms
[2026-06-08T10:12:39.106+0000][info][gc] GC(35) Pause Young (Normal) (G1 Evacuation Pause) 525M->150M(1024M) 7.477ms
[2026-06-08T10:13:07.912+0000][info][gc] GC(36) Pause Young (Normal) (G1 Evacuation Pause) 390M->118M(1024M) 9.254ms
[2026-06-08T10:13:25.585+0000][info][gc] GC(37) Pause Young (Normal) (G1 Evacuation Pause) 450M->151M(1024M) 12.914ms
[2026-06-08T10:13:51.083+0000][info][gc] GC(38) Pause Young (Normal) (G1 Evacuation Pause) 524M->147M(1024M) 5.661ms
[2026-06-08T10:14:12.913+0000][info][gc] GC(39) Pause Young (Normal) (G1 Evacuation Pause) 526M->135M(1024M) 16.972ms
[2026-06-08T10:14:29.310+0000][info][gc] GC(40) Pause Young (Normal) (G1 Evacuation Pause) 454M->132M(1024M) 8.529ms
[2026-06-08T10:14:49.994+0000][info][gc] GC(41) Pause Young (Normal) (G1 Evacuation Pause) 395M->139M(1024M) 15.650ms
[2026-06-08T10:15:05.968+0000][info][gc] GC(42) Pause Young (Normal) (G1 Evacuation Pause) 498M->120M(1024M) 4.830ms
[2026-06-08T10:15:33.859+0000][info][gc] GC(43) Pause Young (Normal) (G1 Evacuation Pause) 462M->145M(1024M) 9.206ms
[2026-06-08T10:15:52.007+0000][info][gc] GC(44) Pause Young (Normal) (G1 Evacuation Pause) 431M->151M(1024M) 3.873ms
[2026-06-08T10:16:15.577+0000][info][gc] GC(45) Pause Young (Normal) (G1 Evacuation Pause) 513M->117M(1024M) 10.255ms
[2026-06-08T10:16:40.907+0000][info][gc] GC(46) Pause Young (Normal) (G1 Evacuation Pause) 451M->139M(1024M) 12.133ms
[2026-06-08T10:17:00.654+0000][info][gc] GC(47) Pause Young (Normal) (G1 Evacuation Pause) 512M->148M(1024M) 17.925ms
[2026-06-08T10:17:20.962+0000][info][gc] GC(48) Pause Young (Normal) (G1 Evacuation Pause) 411M->151M(1024M) 11.440ms
[2026-06-08T10:17:43.758+0000][info][gc] GC(49) Pause Young (Normal) (G1 Evacuation Pause) 505M->143M(1024M) 15.120ms
[2026-06-08T10:18:12.013+0000][info][gc] GC(50) Pause Young (Normal) (G1 Evacuation Pause) 437M->130M(1024M) 17.689ms
[2026-06-08T10:18:27.037+0000][info][gc] GC(51) Pause Young (Normal) (G1 Evacuation Pause) 384M->141M(1024M) 12.382ms
[2026-06-08T10:18:43.805+0000][info][gc] GC(52) Pause Young (Normal) (G1 Evacuation Pause) 431M->151M(1024M) 17.985ms
[2026-06-08T10:19:05.016+0000][info][gc] GC(53) Pause Young (Normal) (G1 Evacuation Pause) 463M->134M(1024M) 11.406ms
[2026-06-08T10:19:29.579+0000][info][gc] GC(54) Pause Young (Normal) (G1 Evacuation Pause) 380M->152M(1024M) 6.018ms
[2026-06-08T10:19:48.803+0000][info][gc] GC(55) Pause Young (Normal) (G1 Evacuation Pause) 395M->131M(1024M) 7.504ms
[2026-06-08T10:20:12.053+0000][info][gc] GC(56) Pause Young (Normal) (G1 Evacuation Pause) 379M->119M(1024M) 13.288ms
[2026-06-08T10:20:32.173+0000][info][gc] GC(57) Pause Young (Normal) (G1 Evacuation Pause) 523M->151M(1024M) 17.402ms
[2026-06-08T10:20:59.654+0000][info][gc] GC(58) Pause Young (Normal) (G1 Evacuation Pause) 427M->133M(1024M) 15.507ms
[2026-06-08T10:21:28.488+0000][info][gc] GC(59) Pause Young (Normal) (G1 Evacuation Pause) 500M->142M(1024M) 14.959ms
[2026-06-08T10:21:53.173+0000][info][gc] GC(60) Pause Young (Normal) (G1 Evacuation Pause) 501M->121M(1024M) 12.408ms
[2026-06-08T10:22:21.554+0000][info][gc] GC(61) Pause Young (Normal) (G1 Evacuation Pause) 515M->133M(1024M) 9.937ms
[2026-06-08T10:22:48.766+0000][info][gc] GC(62) Pause Young (Normal) (G1 Evacuation Pause) 392M->145M(1024M) 7.490ms
[2026-06-08T10:23:14.641+0000][info][gc] GC(63) Pause Young (Normal) (G1 Evacuation Pause) 458M->147M(1024M) 11.038ms
[2026-06-08T10:23:32.765+0000][info][gc] GC(64) Pause Young (Normal) (G1 Evacuation Pause) 462M->134M(1024M) 3.993ms
[2026-06-08T10:23:50.004+0000][info][gc] GC(65) Pause Young (Normal) (G1 Evacuation Pause) 385M->133M(1024M) 17.754ms
[2026-06-08T10:24:14.402+0000][info][gc] GC(66) Pause Young (Normal) (G1 Evacuation Pause) 420M->148M(1024M) 12.085ms
[2026-06-08T10:24:32.213+0000][info][gc] GC(67) Pause Young (Normal) (G1 Evacuation Pause) 407M->131M(1024M) 13.579ms
[2026-06-08T10:24:51.930+0000][info][gc] GC(68) Pause Young (Normal) (G1 Evacuation Pause) 386M->129M(1024M) 9.208ms
[2026-06-08T10:25:14.386+0000][info][gc] GC(69) Pause Young (Normal) (G1 Evacuation Pause) 438M->135M(1024M) 9.779ms
[2026-06-08T10:25:43.647+0000][info][gc] GC(70) Pause Young (Normal) (G1 Evacuation Pause) 433M->145M(1024M) 7.535ms
[2026-06-08T10:26:00.330+0000][info][gc] GC(71) Pause Young (Normal) (G1 Evacuation Pause) 387M->124M(1024M) 16.700ms
[2026-06-08T10:26:21.987+0000][info][gc] GC(72) Pause Young (Normal) (G1 Evacuation Pause) 384M->142M(1024M) 16.574ms
[2026-06-08T10:26:39.298+0000][info][gc] GC(73) Pause Young (Normal) (G1 Evacuation Pause) 465M->142M(1024M) 13.987ms
[2026-06-08T10:27:02.152+0000][info][gc] GC(74) Pause Young (Normal) (G1 Evacuation Pause) 461M->121M(1024M) 14.542ms
[2026-06-08T10:27:18.626+0000][info][gc] GC(75) Pause Young (Normal) (G1 Evacuation Pause) 510M->120M(1024M) 6.078ms
[2026-06-08T10:27:34.175+0000][info][gc] GC(76) Pause Young (Normal) (G1 Evacuation Pause) 477M->145M(1024M) 4.738ms
[2026-06-08T10:27:53.839+0000][info][gc] GC(77) Pause Young (Normal) (G1 Evacuation Pause) 389M->150M(1024M) 16.078ms
[2026-06-08T10:28:13.839+0000][info][gc] GC(78) Pause Young (Normal) (G1 Evacuation Pause) 389M->118M(1024M) 10.809ms
[2026-06-08T10:28:38.723+0000][info][gc] GC(79) Pause Young (Normal) (G1 Evacuation Pause) 457M->113M(1024M) 11.663ms
[2026-06-08T10:28:58.406+0000][info][gc] GC(80) Pause Young (Normal) (G1 Evacuation Pause) 431M->132M(1024M) 6.008ms
[2026-06-08T10:29:17.704+0000][info][gc] GC(81) Pause Young (Normal) (G1 Evacuation Pause) 514M->132M(1024M) 14.592ms
[2026-06-08T10:29:42.771+0000][info][gc] GC(82) Pause Young (Normal) (G1 Evacuation Pause) 447M->121M(1024M) 5.362ms
[2026-06-08T10:29:59.488+0000][info][gc] GC(83) Pause Young (Normal) (G1 Evacuation Pause) 521M->144M(1024M) 4.536ms
