[2026-06-08T10:00:00.000+0000][info][gc] Using G1
[2026-06-08T10:00:00.000+0000][info][gc,init] Version: 17.0.10+7 (release)
[2026-06-08T10:00:00.000+0000][info][gc,init] CPUs: 8 total, 8 available
[2026-06-08T10:00:00.000+0000][info][gc,init] Heap Region Size: 4M
[2026-06-08T10:00:00.000+0000][info][gc,init] Heap Max Capacity: 1024M
[2026-06-08T10:00:00.000+0000][info][gc,init] Concurrent Workers: 2
[2026-06-08T10:00:05.000+0000][info][gc] GC(1) Pause Young (Normal) (G1 Evacuation Pause) 518M->132M(1024M) 7.066ms
[2026-06-08T10:00:26.319+0000][info][gc] GC(2) Pause Young (Normal) (G1 Evacuation Pause) 450M->148M(1024M) 6.672ms
[2026-06-08T10:00:37.174+0000][info][gc] GC(3) Pause Young (Normal) (G1 Evacuation Pause) 464M->146M(1024M) 9.655ms
[2026-06-08T10:00:48.735+0000][info][gc] GC(4) Pause Young (Normal) (G1 Evacuation Pause) 498M->115M(1024M) 4.589ms
[2026-06-08T10:00:59.380+0000][info][gc] GC(5) Pause Young (Normal) (G1 Evacuation Pause) 487M->137M(1024M) 5.685ms
[2026-06-08T10:01:16.534+0000][info][gc] GC(6) Pause Young (Normal) (G1 Evacuation Pause) 529M->152M(1024M) 15.543ms
[2026-06-08T10:01:34.926+0000][info][gc] GC(7) Pause Young (Normal) (G1 Evacuation Pause) 469M->131M(1024M) 7.985ms
[2026-06-08T10:01:47.304+0000][info][gc] GC(8) Pause Young (Normal) (G1 Evacuation Pause) 514M->117M(1024M) 17.605ms
[2026-06-08T10:02:06.373+0000][info][gc] GC(9) Pause Young (Normal) (G1 Evacuation Pause) 497M->148M(1024M) 4.977ms
[2026-06-08T10:02:26.127+0000][info][gc] GC(10) Pause Young (Normal) (G1 Evacuation Pause) 497M->118M(1024M) 9.834ms
[2026-06-08T10:02:44.341+0000][info][gc] GC(11) Pause Young (Normal) (G1 Evacuation Pause) 497M->142M(1024M) 6.475ms
[2026-06-08T10:02:57.026+0000][info][gc] GC(12) Pause Young (Normal) (G1 Evacuation Pause) 444M->135M(1024M) 8.881ms
[2026-06-08T10:03:15.422+0000][info][gc] GC(13) Pause Young (Normal) (G1 Evacuation Pause) 462M->132M(1024M) 9.799ms
[2026-06-08T10:03:25.785+0000][info][gc] GC(14) Pause Young (Normal) (G1 Evacuation Pause) 499M->119M(1024M) 8.272ms
[2026-06-08T10:03:41.320+0000][info][gc] GC(15) Pause Young (Normal) (G1 Evacuation Pause) 421M->130M(1024M) 14.519ms
[2026-06-08T10:03:58.573+0000][info][gc] GC(16) Pause Young (Normal) (G1 Evacuation Pause) 410M->144M(1024M) 4.544ms
[2026-06-08T10:04:18.384+0000][info][gc] GC(17) Pause Young (Normal) (G1 Evacuation Pause) 405M->132M(1024M) 11.342ms
[2026-06-08T10:04:29.235+0000][info][gc] GC(18) Pause Young (Normal) (G1 Evacuation Pause) 455M->146M(1024M) 9.915ms
[2026-06-08T10:04:46.321+0000][info][gc] GC(19) Pause Young (Normal) (G1 Evacuation Pause) 439M->151M(1024M) 6.655ms
[2026-06-08T10:04:58.229+0000][info][gc] GC(20) Pause Young (Normal) (G1 Evacuation Pause) 501M->136M(1024M) 3.991ms
[2026-06-08T10:05:10.728+0000][info][gc] GC(21) Pause Young (Normal) (G1 Evacuation Pause) 529M->139M(1024M) 14.765ms
[2026-06-08T10:05:25.952+0000][info][gc] GC(22) Pause Young (Normal) (G1 Evacuation Pause) 465M->146M(1024M) 13.412ms
[2026-06-08T10:05:38.029+0000][info][gc] GC(23) Pause Young (Normal) (G1 Evacuation Pause) 397M->148M(1024M) 15.551ms
[2026-06-08T10:05:49.401+0000][info][gc] GC(24) Pause Young (Normal) (G1 Evacuation Pause) 530M->141M(1024M) 7.881ms
[2026-06-08T10:06:00.573+0000][info][gc] GC(25) Pause Young (Normal) (G1 Evacuation Pause) 491M->123M(1024M) 7.621ms
[2026-06-08T10:06:15.443+0000][info][gc] GC(26) Pause Young (Normal) (G1 Evacuation Pause) 531M->118M(1024M) 13.283ms
[2026-06-08T10:06:32.600+0000][info][gc] GC(27) Pause Young (Normal) (G1 Evacuation Pause) 475M->132M(1024M) 10.414ms
[2026-06-08T10:06:50.522+0000][info][gc] GC(28) Pause Young (Normal) (G1 Evacuation Pause) 401M->125M(1024M) 15.256ms
[2026-06-08T10:07:11.169+0000][info][gc] GC(29) Pause Young (Normal) (G1 Evacuation Pause) 378M->121M(1024M) 12.913ms
[2026-06-08T10:07:26.604+0000][info][gc] GC(30) Pause Young (Normal) (G1 Evacuation Pause) 452M->136M(1024M) 12.234ms
[2026-06-08T10:07:41.970+0000][info][gc] GC(31) Pause Young (Normal) (G1 Evacuation Pause) 430M->132M(1024M) 7.496ms
[2026-06-08T10:08:01.502+0000][info][gc] GC(32) Pause Young (Normal) (G1 Evacuation Pause) 455M->139M(1024M) 13.767ms
[2026-06-08T10:08:22.484+0000][info][gc] GC(33) Pause Young (Normal) (G1 Evacuation Pause) 400M->149M(1024M) 3.122ms
[2026-06-08T10:08:44.321+0000][info][gc] GC(34) Pause Young (Normal) (G1 Evacuation Pause) 481M->120M(1024M) 15.788ms
[2026-06-08T10:08:55.070+0000][info][gc] GC(35) Pause Young (Normal) (G1 Evacuation Pause) 518M->115M(1024M) 3.013ms
[2026-06-08T10:09:11.790+0000][info][gc] GC(36) Pause Young (Normal) (G1 Evacuation Pause) 469M->119M(1024M) 15.919ms
[2026-06-08T10:09:32.178+0000][info][gc] GC(37) Pause Young (Normal) (G1 Evacuation Pause) 438M->139M(1024M) 13.533ms
[2026-06-08T10:09:46.910+0000][info][gc] GC(38) Pause Young (Normal) (G1 Evacuation Pause) 459M->136M(1024M) 9.090ms
[2026-06-08T10:10:02.132+0000][info][gc] GC(39) Pause Young (Normal) (G1 Evacuation Pause) 432M->123M(1024M) 10.123ms
[2026-06-08T10:10:14.391+0000][info][gc] GC(40) Pause Young (Normal) (G1 Evacuation Pause) 476M->135M(1024M) 15.599ms
[2026-06-08T10:10:26.242+0000][info][gc] GC(41) Pause Young (Normal) (G1 Evacuation Pause) 410M->120M(1024M) 3.174ms
[2026-06-08T10:10:44.023+0000][info][gc] GC(42) Pause Young (Normal) (G1 Evacuation Pause) 414M->143M(1024M) 12.869ms
[2026-06-08T10:11:05.722+0000][info][gc] GC(43) Pause Young (Normal) (G1 Evacuation Pause) 412M->117M(1024M) 5.058ms
[2026-06-08T10:11:25.394+0000][info][gc] GC(44) Pause Young (Normal) (G1 Evacuation Pause) 494M->150M(1024M) 16.955ms
[2026-06-08T10:11:42.872+0000][info][gc] GC(45) Pause Young (Normal) (G1 Evacuation Pause) 494M->144M(1024M) 9.362ms
[2026-06-08T10:12:02.713+0000][info][gc] GC(46) Pause Young (Normal) (G1 Evacuation Pause) 476M->134M(1024M) 6.386ms
[2026-06-08T10:12:17.811+0000][info][gc] GC(47) Pause Young (Normal) (G1 Evacuation Pause) 379M->148M(1024M) 10.472ms
[2026-06-08T10:12:36.582+0000][info][gc] GC(48) Pause Young (Normal) (G1 Evacuation Pause) 506M->129M(1024M) 9.163ms
[2026-06-08T10:12:53.136+0000][info][gc] GC(49) Pause Young (Normal) (G1 Evacuation Pause) 471M->114M(1024M) 17.674ms
[2026-06-08T10:13:09.953+0000][info][gc] GC(50) Pause Young (Normal) (G1 Evacuation Pause) 472M->119M(1024M) 11.704ms
[2026-06-08T10:13:31.494+0000][info][gc] GC(51) Pause Young (Normal) (G1 Evacuation Pause) 398M->121M(1024M) 13.953ms
[2026-06-08T10:13:47.811+0000][info][gc] GC(52) Pause Young (Normal) (G1 Evacuation Pause) 449M->141M(1024M) 10.754ms
[2026-06-08T10:14:04.091+0000][info][gc] GC(53) Pause Young (Normal) (G1 Evacuation Pause) 400M->127M(1024M) 10.087ms
[2026-06-08T10:14:22.992+0000][info][gc] GC(54) Pause Young (Normal) (G1 Evacuation Pause) 397M->152M(1024M) 11.088ms
[2026-06-08T10:14:39.947+0000][info][gc] GC(55) Pause Young (Normal) (G1 Evacuation Pause) 391M->133M(1024M) 11.025ms
[2026-06-08T10:14:50.077+0000][info][gc] GC(56) Pause Young (Normal) (G1 Evacuation Pause) 494M->144M(1024M) 16.591ms
[2026-06-08T10:15:06.964+0000][info][gc] GC(57) Pause Young (Normal) (G1 Evacuation Pause) 462M->138M(1024M) 8.294ms
[2026-06-08T10:15:28.697+0000][info][gc] GC(58) Pause Young (Normal) (G1 Evacuation Pause) 453M->130M(1024M) 5.513ms
[2026-06-08T10:15:47.038+0000][info][gc] GC(59) Pause Young (Normal) (G1 Evacuation Pause) 530M->131M(1024M) 13.905ms
[2026-06-08T10:16:03.802+0000][info][gc] GC(60) Pause Young (Normal) (G1 Evacuation Pause) 393M->152M(1024M) 10.097ms
[2026-06-08T10:16:15.831+0000][info][gc] GC(61) Pause Young (Normal) (G1 Evacuation Pause) 391M->130M(1024M) 15.133ms
[2026-06-08T10:16:33.323+0000][info][gc] GC(62) Pause Young (Normal) (G1 Evacuation Pause) 451M->143M(1024M) 4.238ms
[2026-06-08T10:16:49.390+0000][info][gc] GC(63) Pause Young (Normal) (G1 Evacuation Pause) 449M->128M(1024M) 4.988ms
[2026-06-08T10:17:02.762+0000][info][gc] GC(64) Pause Young (Normal) (G1 Evacuation Pause) 443M->112M(1024M) 14.121ms
[2026-06-08T10:17:20.008+0000][info][gc] GC(65) Pause Young (Normal) (G1 Evacuation Pause) 529M->121M(1024M) 12.887ms
[2026-06-08T10:17:34.445+0000][info][gc] GC(66) Pause Young (Normal) (G1 Evacuation Pause) 422M->128M(1024M) 14.738ms
[2026-06-08T10:17:47.279+0000][info][gc] GC(67) Pause Young (Normal) (G1 Evacuation Pause) 424M->145M(1024M) 15.930ms
[2026-06-08T10:18:01.394+0000][info][gc] GC(68) Pause Young (Normal) (G1 Evacuation Pause) 399M->121M(1024M) 11.933ms
[2026-06-08T10:18:21.254+0000][info][gc] GC(69) Pause Young (Normal) (G1 Evacuation Pause) 504M->138M(1024M) 14.556ms
[2026-06-08T10:18:34.110+0000][info][gc] GC(70) Pause Young (Normal) (G1 Evacuation Pause) 490M->152M(1024M) 5.509ms
[2026-06-08T10:18:51.043+0000][info][gc] GC(71) Pause Young (Normal) (G1 Evacuation Pause) 466M->115M(1024M) 12.634ms
[2026-06-08T10:19:10.108+0000][info][gc] GC(72) Pause Young (Normal) (G1 Evacuation Pause) 407M->115M(1024M) 5.514ms
[2026-06-08T10:19:24.893+0000][info][gc] GC(73) Pause Young (Normal) (G1 Evacuation Pause) 455M->142M(1024M) 14.192ms
[2026-06-08T10:19:43.923+0000][info][gc] GC(74) Pause Young (Normal) (G1 Evacuation Pause) 514M->126M(1024M) 8.697ms
[2026-06-08T10:20:02.390+0000][info][gc] GC(75) Pause Young (Normal) (G1 Evacuation Pause) 499M->128M(1024M) 5.177ms
[2026-06-08T10:20:22.833+0000][info][gc] GC(76) Pause Young (Normal) (G1 Evacuation Pause) 381M->130M(1024M) 16.908ms
[2026-06-08T10:20:38.219+0000][info][gc] GC(77) Pause Young (Normal) (G1 Evacuation Pause) 458M->145M(1024M) 13.243ms
[2026-06-08T10:20:48.711+0000][info][gc] GC(78) Pause Young (Normal) (G1 Evacuation Pause) 514M->152M(1024M) 8.307ms
[2026-06-08T10:21:08.842+0000][info][gc] GC(79) Pause Young (Normal) (G1 Evacuation Pause) 447M->133M(1024M) 7.055ms
[2026-06-08T10:21:28.470+0000][info][gc] GC(80) Pause Young (Normal) (G1 Evacuation Pause) 443M->149M(1024M) 8.867ms
[2026-06-08T10:21:47.748+0000][info][gc] GC(81) Pause Young (Normal) (G1 Evacuation Pause) 439M->149M(1024M) 14.557ms
[2026-06-08T10:22:03.987+0000][info][gc] GC(82) Pause Young (Normal) (G1 Evacuation Pause) 424M->132M(1024M) 11.214ms
[2026-06-08T10:22:22.061+0000][info][gc] GC(83) Pause Young (Normal) (G1 Evacuation Pause) 395M->112M(1024M) 9.169ms
[2026-06-08T10:22:38.364+0000][info][gc] GC(84) Pause Young (Normal) (G1 Evacuation Pause) 492M->134M(1024M) 6.291ms
[2026-06-08T10:22:51.763+0000][info][gc] GC(85) Pause Young (Normal) (G1 Evacuation Pause) 427M->114M(1024M) 3.356ms
[2026-06-08T10:23:02.867+0000][info][gc] GC(86) Pause Young (Normal) (G1 Evacuation Pause) 530M->125M(1024M) 17.257ms
[2026-06-08T10:23:20.524+0000][info][gc] GC(87) Pause Young (Normal) (G1 Evacuation Pause) 408M->117M(1024M) 15.847ms
[2026-06-08T10:23:32.083+0000][info][gc] GC(88) Pause Young (Normal) (G1 Evacuation Pause) 522M->123M(1024M) 16.440ms
[2026-06-08T10:23:50.431+0000][info][gc] GC(89) Pause Young (Normal) (G1 Evacuation Pause) 442M->130M(1024M) 10.004ms
[2026-06-08T10:24:11.665+0000][info][gc] GC(90) Pause Young (Normal) (G1 Evacuation Pause) 494M->129M(1024M) 14.540ms
[2026-06-08T10:24:29.971+0000][info][gc] GC(91) Pause Young (Normal) (G1 Evacuation Pause) 460M->128M(1024M) 5.429ms
[2026-06-08T10:24:40.859+0000][info][gc] GC(92) Pause Young (Normal) (G1 Evacuation Pause) 393M->136M(1024M) 8.829ms
[2026-06-08T10:25:02.811+0000][info][gc] GC(93) Pause Young (Normal) (G1 Evacuation Pause) 444M->128M(1024M) 5.669ms
[2026-06-08T10:25:13.644+0000][info][gc] GC(94) Pause Young (Normal) (G1 Evacuation Pause) 429M->151M(1024M) 8.890ms
[2026-06-08T10:25:31.389+0000][info][gc] GC(95) Pause Young (Normal) (G1 Evacuation Pause) 405M->121M(1024M) 11.109ms
[2026-06-08T10:25:46.564+0000][info][gc] GC(96) Pause Young (Normal) (G1 Evacuation Pause) 405M->140M(1024M) 13.731ms
[2026-06-08T10:25:57.804+0000][info][gc] GC(97) Pause Young (Normal) (G1 Evacuation Pause) 396M->116M(1024M) 11.570ms
[2026-06-08T10:26:10.811+0000][info][gc] GC(98) Pause Young (Normal) (G1 Evacuation Pause) 492M->113M(1024M) 16.448ms
[2026-06-08T10:26:22.597+0000][info][gc] GC(99) Pause Young (Normal) (G1 Evacuation Pause) 378M->114M(1024M) 12.969ms
[2026-06-08T10:26:35.795+0000][info][gc] GC(100) Pause Young (Normal) (G1 Evacuation Pause) 462M->137M(1024M) 11.620ms
[2026-06-08T10:26:51.979+0000][info][gc] GC(101) Pause Young (Normal) (G1 Evacuation Pause) 503M->142M(1024M) 9.541ms
[2026-06-08T10:27:12.108+0000][info][gc] GC(102) Pause Young (Normal) (G1 Evacuation Pause) 395M->146M(1024M) 6.388ms
[2026-06-08T10:27:26.721+0000][info][gc] GC(103) Pause Young (Normal) (G1 Evacuation Pause) 501M->119M(1024M) 11.509ms
[2026-06-08T10:27:47.941+0000][info][gc] GC(104) Pause Young (Normal) (G1 Evacuation Pause) 469M->133M(1024M) 13.228ms
[2026-06-08T10:28:02.749+0000][info][gc] GC(105) Pause Young (Normal) (G1 Evacuation Pause) 401M->135M(1024M) 11.019ms
[2026-06-08T10:28:24.280+0000][info][gc] GC(106) Pause Young (Normal) (G1 Evacuation Pause) 398M->141M(1024M) 14.407ms
[2026-06-08T10:28:37.759+0000][info][gc] GC(107) Pause Young (Normal) (G1 Evacuation Pause) 429M->123M(1024M) 11.317ms
[2026-06-08T10:28:59.369+0000][info][gc] GC(108) Pause Young (Normal) (G1 Evacuation Pause) 426M->131M(1024M) 13.438ms
[2026-06-08T10:29:20.127+0000][info][gc] GC(109) Pause Young (Normal) (G1 Evacuation Pause) 469M->143M(1024M) 4.273ms
[2026-06-08T10:29:37.720+0000][info][gc] GC(110) Pause Young (Normal) (G1 Evacuation Pause) 426M->120M(1024M) 3.535ms
[2026-06-08T10:29:48.025+0000][info][gc] GC(111) Pause Young (Normal) (G1 Evacuation Pause) 529M->127M(1024M) 10.338ms
[2026-06-08T10:29:58.781+0000][info][gc] GC(112) Pause Young (Normal) (G1 Evacuation Pause) 516M->131M(1024M) 10.495ms
