[2026-06-18T03:20:37.832+0000][0.003s][info][gc,heap] Heap region size: 1M
[2026-06-18T03:20:37.835+0000][0.006s][info][gc     ] Using G1
[2026-06-18T03:20:37.835+0000][0.006s][info][gc,heap,coops] Heap address: 0x00000000e0000000, size: 512 MB, Compressed Oops mode: 32-bit
[2026-06-18T03:20:38.093+0000][0.264s][info][gc,start     ] GC(0) Pause Young (Normal) (G1 Evacuation Pause)
[2026-06-18T03:20:38.094+0000][0.265s][info][gc,task      ] GC(0) Using 12 workers of 13 for evacuation
[2026-06-18T03:20:38.098+0000][0.269s][info][gc,phases    ] GC(0)   Pre Evacuate Collection Set: 0.0ms
[2026-06-18T03:20:38.098+0000][0.269s][info][gc,phases    ] GC(0)   Evacuate Collection Set: 3.1ms
[2026-06-18T03:20:38.098+0000][0.269s][info][gc,phases    ] GC(0)   Post Evacuate Collection Set: 0.5ms
[2026-06-18T03:20:38.098+0000][0.269s][info][gc,phases    ] GC(0)   Other: 1.0ms
[2026-06-18T03:20:38.098+0000][0.269s][info][gc,heap      ] GC(0) Eden regions: 25->0(21)
[2026-06-18T03:20:38.098+0000][0.269s][info][gc,heap      ] GC(0) Survivor regions: 0->4(4)
[2026-06-18T03:20:38.098+0000][0.269s][info][gc,heap      ] GC(0) Old regions: 0->3
[2026-06-18T03:20:38.098+0000][0.269s][info][gc,heap      ] GC(0) Humongous regions: 0->0
[2026-06-18T03:20:38.098+0000][0.269s][info][gc,metaspace ] GC(0) Metaspace: 15654K(16128K)->15654K(16128K) NonClass: 14088K(14336K)->14088K(14336K) Class: 1565K(1792K)->1565K(1792K)
[2026-06-18T03:20:38.098+0000][0.269s][info][gc           ] GC(0) Pause Young (Normal) (G1 Evacuation Pause) 25M->6M(512M) 4.910ms
[2026-06-18T03:20:38.098+0000][0.269s][info][gc,cpu       ] GC(0) User=0.02s Sys=0.01s Real=0.00s
[2026-06-18T03:20:38.173+0000][0.344s][info][gc,start     ] GC(1) Pause Young (Normal) (G1 Evacuation Pause)
[2026-06-18T03:20:38.173+0000][0.345s][info][gc,task      ] GC(1) Using 12 workers of 13 for evacuation
[2026-06-18T03:20:38.175+0000][0.346s][info][gc,phases    ] GC(1)   Pre Evacuate Collection Set: 0.0ms
[2026-06-18T03:20:38.175+0000][0.346s][info][gc,phases    ] GC(1)   Evacuate Collection Set: 1.3ms
[2026-06-18T03:20:38.175+0000][0.346s][info][gc,phases    ] GC(1)   Post Evacuate Collection Set: 0.3ms
[2026-06-18T03:20:38.175+0000][0.347s][info][gc,phases    ] GC(1)   Other: 0.3ms
[2026-06-18T03:20:38.176+0000][0.347s][info][gc,heap      ] GC(1) Eden regions: 21->0(24)
[2026-06-18T03:20:38.176+0000][0.347s][info][gc,heap      ] GC(1) Survivor regions: 4->1(4)
[2026-06-18T03:20:38.176+0000][0.347s][info][gc,heap      ] GC(1) Old regions: 3->7
[2026-06-18T03:20:38.176+0000][0.347s][info][gc,heap      ] GC(1) Humongous regions: 0->0
[2026-06-18T03:20:38.176+0000][0.347s][info][gc,metaspace ] GC(1) Metaspace: 19468K(19968K)->19468K(19968K) NonClass: 17638K(17920K)->17638K(17920K) Class: 1829K(2048K)->1829K(2048K)
[2026-06-18T03:20:38.176+0000][0.347s][info][gc           ] GC(1) Pause Young (Normal) (G1 Evacuation Pause) 27M->7M(512M) 2.468ms
[2026-06-18T03:20:38.176+0000][0.347s][info][gc,cpu       ] GC(1) User=0.02s Sys=0.00s Real=0.00s
[2026-06-18T03:20:38.195+0000][0.367s][info][gc,start     ] GC(2) Pause Young (Concurrent Start) (Metadata GC Threshold)
[2026-06-18T03:20:38.196+0000][0.367s][info][gc,task      ] GC(2) Using 12 workers of 13 for evacuation
[2026-06-18T03:20:38.197+0000][0.368s][info][gc,phases    ] GC(2)   Pre Evacuate Collection Set: 0.0ms
[2026-06-18T03:20:38.197+0000][0.368s][info][gc,phases    ] GC(2)   Evacuate Collection Set: 0.7ms
[2026-06-18T03:20:38.197+0000][0.368s][info][gc,phases    ] GC(2)   Post Evacuate Collection Set: 0.2ms
[2026-06-18T03:20:38.197+0000][0.368s][info][gc,phases    ] GC(2)   Other: 0.3ms
[2026-06-18T03:20:38.197+0000][0.368s][info][gc,heap      ] GC(2) Eden regions: 7->0(24)
[2026-06-18T03:20:38.197+0000][0.368s][info][gc,heap      ] GC(2) Survivor regions: 1->1(4)
[2026-06-18T03:20:38.197+0000][0.368s][info][gc,heap      ] GC(2) Old regions: 7->7
[2026-06-18T03:20:38.197+0000][0.368s][info][gc,heap      ] GC(2) Humongous regions: 0->0
[2026-06-18T03:20:38.197+0000][0.368s][info][gc,metaspace ] GC(2) Metaspace: 20720K(21248K)->20720K(21248K) NonClass: 18808K(19200K)->18808K(19200K) Class: 1911K(2048K)->1911K(2048K)
[2026-06-18T03:20:38.197+0000][0.368s][info][gc           ] GC(2) Pause Young (Concurrent Start) (Metadata GC Threshold) 14M->7M(512M) 1.752ms
[2026-06-18T03:20:38.197+0000][0.368s][info][gc,cpu       ] GC(2) User=0.00s Sys=0.00s Real=0.00s
[2026-06-18T03:20:38.197+0000][0.368s][info][gc           ] GC(3) Concurrent Cycle
[2026-06-18T03:20:38.197+0000][0.368s][info][gc,marking   ] GC(3) Concurrent Clear Claimed Marks
[2026-06-18T03:20:38.197+0000][0.369s][info][gc,marking   ] GC(3) Concurrent Clear Claimed Marks 0.057ms
[2026-06-18T03:20:38.198+0000][0.369s][info][gc,marking   ] GC(3) Concurrent Scan Root Regions
[2026-06-18T03:20:38.198+0000][0.369s][info][gc,marking   ] GC(3) Concurrent Scan Root Regions 0.442ms
[2026-06-18T03:20:38.198+0000][0.369s][info][gc,marking   ] GC(3) Concurrent Mark (0.369s)
[2026-06-18T03:20:38.198+0000][0.369s][info][gc,marking   ] GC(3) Concurrent Mark From Roots
[2026-06-18T03:20:38.198+0000][0.369s][info][gc,task      ] GC(3) Using 3 workers of 3 for marking
[2026-06-18T03:20:38.200+0000][0.371s][info][gc,marking   ] GC(3) Concurrent Mark From Roots 1.474ms
[2026-06-18T03:20:38.200+0000][0.371s][info][gc,marking   ] GC(3) Concurrent Preclean
[2026-06-18T03:20:38.200+0000][0.371s][info][gc,marking   ] GC(3) Concurrent Preclean 0.150ms
[2026-06-18T03:20:38.200+0000][0.371s][info][gc,marking   ] GC(3) Concurrent Mark (0.369s, 0.371s) 1.846ms
[2026-06-18T03:20:38.200+0000][0.371s][info][gc,start     ] GC(3) Pause Remark
[2026-06-18T03:20:38.201+0000][0.372s][info][gc,stringtable] GC(3) Cleaned string and symbol table, strings: 8558 processed, 12 removed, symbols: 62943 processed, 19 removed
[2026-06-18T03:20:38.201+0000][0.373s][info][gc            ] GC(3) Pause Remark 8M->8M(512M) 1.337ms
[2026-06-18T03:20:38.202+0000][0.373s][info][gc,cpu        ] GC(3) User=0.01s Sys=0.00s Real=0.01s
[2026-06-18T03:20:38.202+0000][0.373s][info][gc,marking    ] GC(3) Concurrent Rebuild Remembered Sets
[2026-06-18T03:20:38.203+0000][0.374s][info][gc,marking    ] GC(3) Concurrent Rebuild Remembered Sets 1.041ms
[2026-06-18T03:20:38.203+0000][0.374s][info][gc,start      ] GC(3) Pause Cleanup
[2026-06-18T03:20:38.203+0000][0.374s][info][gc            ] GC(3) Pause Cleanup 8M->8M(512M) 0.154ms
[2026-06-18T03:20:38.203+0000][0.374s][info][gc,cpu        ] GC(3) User=0.00s Sys=0.00s Real=0.00s
[2026-06-18T03:20:38.203+0000][0.374s][info][gc,marking    ] GC(3) Concurrent Cleanup for Next Mark
[2026-06-18T03:20:38.204+0000][0.375s][info][gc,marking    ] GC(3) Concurrent Cleanup for Next Mark 0.690ms
[2026-06-18T03:20:38.204+0000][0.375s][info][gc            ] GC(3) Concurrent Cycle 6.546ms
[2026-06-18T03:20:38.306+0000][0.477s][info][gc,start      ] GC(4) Pause Young (Normal) (G1 Evacuation Pause)
[2026-06-18T03:20:38.306+0000][0.477s][info][gc,task       ] GC(4) Using 12 workers of 13 for evacuation
[2026-06-18T03:20:38.307+0000][0.479s][info][gc,phases     ] GC(4)   Pre Evacuate Collection Set: 0.0ms
[2026-06-18T03:20:38.308+0000][0.479s][info][gc,phases     ] GC(4)   Evacuate Collection Set: 1.2ms
[2026-06-18T03:20:38.308+0000][0.479s][info][gc,phases     ] GC(4)   Post Evacuate Collection Set: 0.2ms
[2026-06-18T03:20:38.308+0000][0.479s][info][gc,phases     ] GC(4)   Other: 0.3ms
[2026-06-18T03:20:38.308+0000][0.479s][info][gc,heap       ] GC(4) Eden regions: 24->0(23)
[2026-06-18T03:20:38.308+0000][0.479s][info][gc,heap       ] GC(4) Survivor regions: 1->2(4)
[2026-06-18T03:20:38.308+0000][0.479s][info][gc,heap       ] GC(4) Old regions: 7->7
[2026-06-18T03:20:38.308+0000][0.479s][info][gc,heap       ] GC(4) Humongous regions: 8->8
[2026-06-18T03:20:38.308+0000][0.479s][info][gc,metaspace  ] GC(4) Metaspace: 24059K(24960K)->24059K(24960K) NonClass: 21676K(22272K)->21676K(22272K) Class: 2382K(2688K)->2382K(2688K)
[2026-06-18T03:20:38.308+0000][0.479s][info][gc            ] GC(4) Pause Young (Normal) (G1 Evacuation Pause) 39M->16M(512M) 2.152ms
[2026-06-18T03:20:38.308+0000][0.479s][info][gc,cpu        ] GC(4) User=0.02s Sys=0.00s Real=0.00s
[2026-06-18T03:20:38.339+0000][0.510s][info][gc,start      ] GC(5) Pause Young (Normal) (G1 Evacuation Pause)
[2026-06-18T03:20:38.339+0000][0.510s][info][gc,task       ] GC(5) Using 12 workers of 13 for evacuation
[2026-06-18T03:20:38.340+0000][0.511s][info][gc,phases     ] GC(5)   Pre Evacuate Collection Set: 0.0ms
[2026-06-18T03:20:38.340+0000][0.511s][info][gc,phases     ] GC(5)   Evacuate Collection Set: 0.7ms
[2026-06-18T03:20:38.340+0000][0.511s][info][gc,phases     ] GC(5)   Post Evacuate Collection Set: 0.3ms
[2026-06-18T03:20:38.340+0000][0.511s][info][gc,phases     ] GC(5)   Other: 0.3ms
[2026-06-18T03:20:38.340+0000][0.511s][info][gc,heap       ] GC(5) Eden regions: 23->0(23)
[2026-06-18T03:20:38.340+0000][0.511s][info][gc,heap       ] GC(5) Survivor regions: 2->2(4)
[2026-06-18T03:20:38.340+0000][0.512s][info][gc,heap       ] GC(5) Old regions: 7->7
[2026-06-18T03:20:38.341+0000][0.512s][info][gc,heap       ] GC(5) Humongous regions: 30->8
[2026-06-18T03:20:38.341+0000][0.512s][info][gc,metaspace  ] GC(5) Metaspace: 24155K(24960K)->24155K(24960K) NonClass: 21771K(22272K)->21771K(22272K) Class: 2384K(2688K)->2384K(2688K)
[2026-06-18T03:20:38.341+0000][0.512s][info][gc            ] GC(5) Pause Young (Normal) (G1 Evacuation Pause) 61M->16M(512M) 1.785ms
[2026-06-18T03:20:38.341+0000][0.512s][info][gc,cpu        ] GC(5) User=0.01s Sys=0.00s Real=0.00s
[2026-06-18T03:20:38.362+0000][0.533s][info][gc,start      ] GC(6) Pause Young (Normal) (G1 Evacuation Pause)
[2026-06-18T03:20:38.362+0000][0.533s][info][gc,task       ] GC(6) Using 12 workers of 13 for evacuation
[2026-06-18T03:20:38.364+0000][0.535s][info][gc,phases     ] GC(6)   Pre Evacuate Collection Set: 0.0ms
[2026-06-18T03:20:38.364+0000][0.535s][info][gc,phases     ] GC(6)   Evacuate Collection Set: 1.4ms
[2026-06-18T03:20:38.364+0000][0.535s][info][gc,phases     ] GC(6)   Post Evacuate Collection Set: 0.3ms
[2026-06-18T03:20:38.364+0000][0.535s][info][gc,phases     ] GC(6)   Other: 0.2ms
[2026-06-18T03:20:38.364+0000][0.535s][info][gc,heap       ] GC(6) Eden regions: 23->0(23)
[2026-06-18T03:20:38.364+0000][0.535s][info][gc,heap       ] GC(6) Survivor regions: 2->2(4)
[2026-06-18T03:20:38.364+0000][0.535s][info][gc,heap       ] GC(6) Old regions: 7->7
[2026-06-18T03:20:38.364+0000][0.535s][info][gc,heap       ] GC(6) Humongous regions: 33->10
[2026-06-18T03:20:38.364+0000][0.535s][info][gc,metaspace  ] GC(6) Metaspace: 24211K(24960K)->24211K(24960K) NonClass: 21826K(22272K)->21826K(22272K) Class: 2384K(2688K)->2384K(2688K)
[2026-06-18T03:20:38.364+0000][0.535s][info][gc            ] GC(6) Pause Young (Normal) (G1 Evacuation Pause) 64M->18M(512M) 2.451ms
[2026-06-18T03:20:38.364+0000][0.535s][info][gc,cpu        ] GC(6) User=0.01s Sys=0.00s Real=0.00s
[2026-06-18T03:20:38.381+0000][0.552s][info][gc,start      ] GC(7) Pause Young (Normal) (G1 Evacuation Pause)
[2026-06-18T03:20:38.381+0000][0.552s][info][gc,task       ] GC(7) Using 12 workers of 13 for evacuation
[2026-06-18T03:20:38.384+0000][0.555s][info][gc,phases     ] GC(7)   Pre Evacuate Collection Set: 0.0ms
[2026-06-18T03:20:38.384+0000][0.555s][info][gc,phases     ] GC(7)   Evacuate Collection Set: 1.9ms
[2026-06-18T03:20:38.384+0000][0.555s][info][gc,phases     ] GC(7)   Post Evacuate Collection Set: 0.2ms
[2026-06-18T03:20:38.384+0000][0.555s][info][gc,phases     ] GC(7)   Other: 0.2ms
[2026-06-18T03:20:38.384+0000][0.555s][info][gc,heap       ] GC(7) Eden regions: 23->0(23)
[2026-06-18T03:20:38.384+0000][0.555s][info][gc,heap       ] GC(7) Survivor regions: 2->2(4)
[2026-06-18T03:20:38.384+0000][0.555s][info][gc,heap       ] GC(7) Old regions: 7->7
[2026-06-18T03:20:38.384+0000][0.555s][info][gc,heap       ] GC(7) Humongous regions: 32->5
[2026-06-18T03:20:38.384+0000][0.555s][info][gc,metaspace  ] GC(7) Metaspace: 24282K(25216K)->24282K(25216K) NonClass: 21897K(22528K)->21897K(22528K) Class: 2384K(2688K)->2384K(2688K)
[2026-06-18T03:20:38.384+0000][0.555s][info][gc            ] GC(7) Pause Young (Normal) (G1 Evacuation Pause) 63M->13M(512M) 2.981ms
[2026-06-18T03:20:38.384+0000][0.555s][info][gc,cpu        ] GC(7) User=0.02s Sys=0.00s Real=0.00s
[2026-06-18T03:20:38.401+0000][0.572s][info][gc,start      ] GC(8) Pause Young (Normal) (G1 Evacuation Pause)
[2026-06-18T03:20:38.401+0000][0.572s][info][gc,task       ] GC(8) Using 12 workers of 13 for evacuation
[2026-06-18T03:20:38.402+0000][0.573s][info][gc,phases     ] GC(8)   Pre Evacuate Collection Set: 0.0ms
[2026-06-18T03:20:38.402+0000][0.573s][info][gc,phases     ] GC(8)   Evacuate Collection Set: 0.7ms
[2026-06-18T03:20:38.402+0000][0.573s][info][gc,phases     ] GC(8)   Post Evacuate Collection Set: 0.2ms
[2026-06-18T03:20:38.402+0000][0.573s][info][gc,phases     ] GC(8)   Other: 0.2ms
[2026-06-18T03:20:38.402+0000][0.574s][info][gc,heap       ] GC(8) Eden regions: 23->0(23)
[2026-06-18T03:20:38.402+0000][0.574s][info][gc,heap       ] GC(8) Survivor regions: 2->2(4)
[2026-06-18T03:20:38.402+0000][0.574s][info][gc,heap       ] GC(8) Old regions: 7->7
[2026-06-18T03:20:38.403+0000][0.574s][info][gc,heap       ] GC(8) Humongous regions: 35->10
[2026-06-18T03:20:38.403+0000][0.574s][info][gc,metaspace  ] GC(8) Metaspace: 24441K(25216K)->24441K(25216K) NonClass: 22056K(22528K)->22056K(22528K) Class: 2384K(2688K)->2384K(2688K)
[2026-06-18T03:20:38.403+0000][0.574s][info][gc            ] GC(8) Pause Young (Normal) (G1 Evacuation Pause) 66M->18M(512M) 1.480ms
[2026-06-18T03:20:38.403+0000][0.574s][info][gc,cpu        ] GC(8) User=0.01s Sys=0.01s Real=0.01s
[2026-06-18T03:20:38.415+0000][0.587s][info][gc,start      ] GC(9) Pause Young (Normal) (G1 Evacuation Pause)
[2026-06-18T03:20:38.416+0000][0.587s][info][gc,task       ] GC(9) Using 12 workers of 13 for evacuation
[2026-06-18T03:20:38.417+0000][0.588s][info][gc,phases     ] GC(9)   Pre Evacuate Collection Set: 0.0ms
[2026-06-18T03:20:38.417+0000][0.588s][info][gc,phases     ] GC(9)   Evacuate Collection Set: 0.7ms
[2026-06-18T03:20:38.417+0000][0.588s][info][gc,phases     ] GC(9)   Post Evacuate Collection Set: 0.3ms
[2026-06-18T03:20:38.417+0000][0.588s][info][gc,phases     ] GC(9)   Other: 0.2ms
[2026-06-18T03:20:38.417+0000][0.588s][info][gc,heap       ] GC(9) Eden regions: 23->0(24)
[2026-06-18T03:20:38.417+0000][0.588s][info][gc,heap       ] GC(9) Survivor regions: 2->2(4)
[2026-06-18T03:20:38.417+0000][0.588s][info][gc,heap       ] GC(9) Old regions: 7->7
[2026-06-18T03:20:38.417+0000][0.588s][info][gc,heap       ] GC(9) Humongous regions: 35->8
[2026-06-18T03:20:38.417+0000][0.588s][info][gc,metaspace  ] GC(9) Metaspace: 24500K(25472K)->24500K(25472K) NonClass: 22116K(22784K)->22116K(22784K) Class: 2384K(2688K)->2384K(2688K)
[2026-06-18T03:20:38.417+0000][0.588s][info][gc            ] GC(9) Pause Young (Normal) (G1 Evacuation Pause) 66M->16M(512M) 1.728ms
[2026-06-18T03:20:38.417+0000][0.588s][info][gc,cpu        ] GC(9) User=0.01s Sys=0.00s Real=0.00s
[2026-06-18T03:20:38.428+0000][0.600s][info][gc,start      ] GC(10) Pause Young (Normal) (G1 Evacuation Pause)
[2026-06-18T03:20:38.429+0000][0.600s][info][gc,task       ] GC(10) Using 12 workers of 13 for evacuation
[2026-06-18T03:20:38.430+0000][0.601s][info][gc,phases     ] GC(10)   Pre Evacuate Collection Set: 0.0ms
[2026-06-18T03:20:38.430+0000][0.601s][info][gc,phases     ] GC(10)   Evacuate Collection Set: 0.7ms
[2026-06-18T03:20:38.430+0000][0.601s][info][gc,phases     ] GC(10)   Post Evacuate Collection Set: 0.3ms
[2026-06-18T03:20:38.430+0000][0.601s][info][gc,phases     ] GC(10)   Other: 0.2ms
[2026-06-18T03:20:38.430+0000][0.601s][info][gc,heap       ] GC(10) Eden regions: 24->0(25)
[2026-06-18T03:20:38.430+0000][0.601s][info][gc,heap       ] GC(10) Survivor regions: 2->2(4)
[2026-06-18T03:20:38.430+0000][0.601s][info][gc,heap       ] GC(10) Old regions: 7->7
[2026-06-18T03:20:38.430+0000][0.601s][info][gc,heap       ] GC(10) Humongous regions: 33->8
[2026-06-18T03:20:38.430+0000][0.601s][info][gc,metaspace  ] GC(10) Metaspace: 24524K(25472K)->24524K(25472K) NonClass: 22140K(22784K)->22140K(22784K) Class: 2384K(2688K)->2384K(2688K)
[2026-06-18T03:20:38.430+0000][0.601s][info][gc            ] GC(10) Pause Young (Normal) (G1 Evacuation Pause) 65M->16M(512M) 1.579ms
[2026-06-18T03:20:38.430+0000][0.601s][info][gc,cpu        ] GC(10) User=0.01s Sys=0.00s Real=0.00s
[2026-06-18T03:20:38.441+0000][0.612s][info][gc,start      ] GC(11) Pause Young (Normal) (G1 Evacuation Pause)
[2026-06-18T03:20:38.441+0000][0.612s][info][gc,task       ] GC(11) Using 12 workers of 13 for evacuation
[2026-06-18T03:20:38.444+0000][0.615s][info][gc,phases     ] GC(11)   Pre Evacuate Collection Set: 0.0ms
[2026-06-18T03:20:38.444+0000][0.615s][info][gc,phases     ] GC(11)   Evacuate Collection Set: 1.9ms
[2026-06-18T03:20:38.444+0000][0.615s][info][gc,phases     ] GC(11)   Post Evacuate Collection Set: 0.3ms
[2026-06-18T03:20:38.444+0000][0.615s][info][gc,phases     ] GC(11)   Other: 0.3ms
[2026-06-18T03:20:38.444+0000][0.615s][info][gc,heap       ] GC(11) Eden regions: 25->0(25)
[2026-06-18T03:20:38.444+0000][0.615s][info][gc,heap       ] GC(11) Survivor regions: 2->2(4)
[2026-06-18T03:20:38.444+0000][0.615s][info][gc,heap       ] GC(11) Old regions: 7->7
[2026-06-18T03:20:38.444+0000][0.615s][info][gc,heap       ] GC(11) Humongous regions: 38->8
[2026-06-18T03:20:38.444+0000][0.615s][info][gc,metaspace  ] GC(11) Metaspace: 24571K(25472K)->24571K(25472K) NonClass: 22186K(22784K)->22186K(22784K) Class: 2384K(2688K)->2384K(2688K)
[2026-06-18T03:20:38.444+0000][0.615s][info][gc            ] GC(11) Pause Young (Normal) (G1 Evacuation Pause) 71M->16M(512M) 3.057ms
[2026-06-18T03:20:38.444+0000][0.615s][info][gc,cpu        ] GC(11) User=0.03s Sys=0.00s Real=0.00s
[2026-06-18T03:20:38.456+0000][0.627s][info][gc,start      ] GC(12) Pause Young (Normal) (G1 Evacuation Pause)
[2026-06-18T03:20:38.456+0000][0.627s][info][gc,task       ] GC(12) Using 12 workers of 13 for evacuation
[2026-06-18T03:20:38.457+0000][0.628s][info][gc,phases     ] GC(12)   Pre Evacuate Collection Set: 0.0ms
[2026-06-18T03:20:38.457+0000][0.628s][info][gc,phases     ] GC(12)   Evacuate Collection Set: 0.8ms
[2026-06-18T03:20:38.457+0000][0.628s][info][gc,phases     ] GC(12)   Post Evacuate Collection Set: 0.3ms
[2026-06-18T03:20:38.458+0000][0.629s][info][gc,phases     ] GC(12)   Other: 0.3ms
[2026-06-18T03:20:38.458+0000][0.629s][info][gc,heap       ] GC(12) Eden regions: 25->0(26)
[2026-06-18T03:20:38.458+0000][0.629s][info][gc,heap       ] GC(12) Survivor regions: 2->2(4)
[2026-06-18T03:20:38.458+0000][0.629s][info][gc,heap       ] GC(12) Old regions: 7->7
[2026-06-18T03:20:38.458+0000][0.629s][info][gc,heap       ] GC(12) Humongous regions: 33->5
[2026-06-18T03:20:38.458+0000][0.629s][info][gc,metaspace  ] GC(12) Metaspace: 24573K(25472K)->24573K(25472K) NonClass: 22188K(22784K)->22188K(22784K) Class: 2384K(2688K)->2384K(2688K)
[2026-06-18T03:20:38.458+0000][0.629s][info][gc            ] GC(12) Pause Young (Normal) (G1 Evacuation Pause) 66M->13M(512M) 1.926ms
[2026-06-18T03:20:38.458+0000][0.629s][info][gc,cpu        ] GC(12) User=0.00s Sys=0.00s Real=0.00s
[2026-06-18T03:20:38.469+0000][0.640s][info][gc,start      ] GC(13) Pause Young (Normal) (G1 Evacuation Pause)
[2026-06-18T03:20:38.469+0000][0.640s][info][gc,task       ] GC(13) Using 12 workers of 13 for evacuation
[2026-06-18T03:20:38.470+0000][0.641s][info][gc,phases     ] GC(13)   Pre Evacuate Collection Set: 0.0ms
[2026-06-18T03:20:38.470+0000][0.641s][info][gc,phases     ] GC(13)   Evacuate Collection Set: 0.9ms
[2026-06-18T03:20:38.470+0000][0.641s][info][gc,phases     ] GC(13)   Post Evacuate Collection Set: 0.3ms
[2026-06-18T03:20:38.470+0000][0.642s][info][gc,phases     ] GC(13)   Other: 0.2ms
[2026-06-18T03:20:38.470+0000][0.642s][info][gc,heap       ] GC(13) Eden regions: 26->0(26)
[2026-06-18T03:20:38.471+0000][0.642s][info][gc,heap       ] GC(13) Survivor regions: 2->2(4)
[2026-06-18T03:20:38.471+0000][0.642s][info][gc,heap       ] GC(13) Old regions: 7->7
[2026-06-18T03:20:38.471+0000][0.642s][info][gc,heap       ] GC(13) Humongous regions: 35->8
[2026-06-18T03:20:38.471+0000][0.642s][info][gc,metaspace  ] GC(13) Metaspace: 24580K(25472K)->24580K(25472K) NonClass: 22196K(22784K)->22196K(22784K) Class: 2384K(2688K)->2384K(2688K)
[2026-06-18T03:20:38.471+0000][0.642s][info][gc            ] GC(13) Pause Young (Normal) (G1 Evacuation Pause) 69M->16M(512M) 1.876ms
[2026-06-18T03:20:38.471+0000][0.642s][info][gc,cpu        ] GC(13) User=0.00s Sys=0.01s Real=0.00s
[2026-06-18T03:20:38.488+0000][0.659s][info][gc,heap,exit  ] Heap
[2026-06-18T03:20:38.488+0000][0.659s][info][gc,heap,exit  ]  garbage-first heap   total 524288K, used 54452K [0x00000000e0000000, 0x0000000100000000)
[2026-06-18T03:20:38.488+0000][0.659s][info][gc,heap,exit  ]   region size 1024K, 20 young (20480K), 2 survivors (2048K)
[2026-06-18T03:20:38.488+0000][0.660s][info][gc,heap,exit  ]  Metaspace       used 24750K, capacity 25467K, committed 25728K, reserved 1073152K
[2026-06-18T03:20:38.488+0000][0.660s][info][gc,heap,exit  ]   class space    used 2401K, capacity 2666K, committed 2688K, reserved 1048576K
