[2026-06-17T21:28:03.236+0000][0.002s][info][gc,heap] Heap region size: 1M
[2026-06-17T21:28:03.239+0000][0.006s][info][gc     ] Using G1
[2026-06-17T21:28:03.239+0000][0.006s][info][gc,heap,coops] Heap address: 0x00000000e0000000, size: 512 MB, Compressed Oops mode: 32-bit
[2026-06-17T21:28:03.514+0000][0.281s][info][gc,start     ] GC(0) Pause Young (Normal) (G1 Evacuation Pause)
[2026-06-17T21:28:03.516+0000][0.283s][info][gc,task      ] GC(0) Using 12 workers of 13 for evacuation
[2026-06-17T21:28:03.520+0000][0.287s][info][gc,phases    ] GC(0)   Pre Evacuate Collection Set: 0.0ms
[2026-06-17T21:28:03.520+0000][0.287s][info][gc,phases    ] GC(0)   Evacuate Collection Set: 3.4ms
[2026-06-17T21:28:03.521+0000][0.287s][info][gc,phases    ] GC(0)   Post Evacuate Collection Set: 0.3ms
[2026-06-17T21:28:03.521+0000][0.287s][info][gc,phases    ] GC(0)   Other: 2.1ms
[2026-06-17T21:28:03.521+0000][0.287s][info][gc,heap      ] GC(0) Eden regions: 25->0(21)
[2026-06-17T21:28:03.521+0000][0.288s][info][gc,heap      ] GC(0) Survivor regions: 0->4(4)
[2026-06-17T21:28:03.521+0000][0.288s][info][gc,heap      ] GC(0) Old regions: 0->3
[2026-06-17T21:28:03.521+0000][0.288s][info][gc,heap      ] GC(0) Humongous regions: 0->0
[2026-06-17T21:28:03.521+0000][0.288s][info][gc,metaspace ] GC(0) Metaspace: 16821K(17536K)->16821K(17536K) NonClass: 15146K(15616K)->15146K(15616K) Class: 1674K(1920K)->1674K(1920K)
[2026-06-17T21:28:03.521+0000][0.288s][info][gc           ] GC(0) Pause Young (Normal) (G1 Evacuation Pause) 25M->6M(512M) 7.000ms
[2026-06-17T21:28:03.521+0000][0.288s][info][gc,cpu       ] GC(0) User=0.01s Sys=0.00s Real=0.01s
[2026-06-17T21:28:03.619+0000][0.385s][info][gc,start     ] GC(1) Pause Young (Concurrent Start) (Metadata GC Threshold)
[2026-06-17T21:28:03.619+0000][0.385s][info][gc,task      ] GC(1) Using 12 workers of 13 for evacuation
[2026-06-17T21:28:03.621+0000][0.388s][info][gc,phases    ] GC(1)   Pre Evacuate Collection Set: 0.0ms
[2026-06-17T21:28:03.621+0000][0.388s][info][gc,phases    ] GC(1)   Evacuate Collection Set: 2.0ms
[2026-06-17T21:28:03.621+0000][0.388s][info][gc,phases    ] GC(1)   Post Evacuate Collection Set: 0.4ms
[2026-06-17T21:28:03.621+0000][0.388s][info][gc,phases    ] GC(1)   Other: 0.3ms
[2026-06-17T21:28:03.621+0000][0.388s][info][gc,heap      ] GC(1) Eden regions: 12->0(24)
[2026-06-17T21:28:03.621+0000][0.388s][info][gc,heap      ] GC(1) Survivor regions: 4->1(4)
[2026-06-17T21:28:03.622+0000][0.388s][info][gc,heap      ] GC(1) Old regions: 3->7
[2026-06-17T21:28:03.622+0000][0.388s][info][gc,heap      ] GC(1) Humongous regions: 0->0
[2026-06-17T21:28:03.622+0000][0.388s][info][gc,metaspace ] GC(1) Metaspace: 20708K(21248K)->20708K(21248K) NonClass: 18533K(18944K)->18533K(18944K) Class: 2174K(2304K)->2174K(2304K)
[2026-06-17T21:28:03.622+0000][0.388s][info][gc           ] GC(1) Pause Young (Concurrent Start) (Metadata GC Threshold) 18M->7M(512M) 3.100ms
[2026-06-17T21:28:03.622+0000][0.388s][info][gc,cpu       ] GC(1) User=0.01s Sys=0.01s Real=0.00s
[2026-06-17T21:28:03.622+0000][0.388s][info][gc           ] GC(2) Concurrent Cycle
[2026-06-17T21:28:03.622+0000][0.388s][info][gc,marking   ] GC(2) Concurrent Clear Claimed Marks
[2026-06-17T21:28:03.622+0000][0.388s][info][gc,marking   ] GC(2) Concurrent Clear Claimed Marks 0.073ms
[2026-06-17T21:28:03.622+0000][0.388s][info][gc,marking   ] GC(2) Concurrent Scan Root Regions
[2026-06-17T21:28:03.622+0000][0.389s][info][gc,marking   ] GC(2) Concurrent Scan Root Regions 0.367ms
[2026-06-17T21:28:03.622+0000][0.389s][info][gc,marking   ] GC(2) Concurrent Mark (0.389s)
[2026-06-17T21:28:03.622+0000][0.389s][info][gc,marking   ] GC(2) Concurrent Mark From Roots
[2026-06-17T21:28:03.623+0000][0.389s][info][gc,task      ] GC(2) Using 3 workers of 3 for marking
[2026-06-17T21:28:03.625+0000][0.391s][info][gc,marking   ] GC(2) Concurrent Mark From Roots 2.125ms
[2026-06-17T21:28:03.625+0000][0.391s][info][gc,marking   ] GC(2) Concurrent Preclean
[2026-06-17T21:28:03.625+0000][0.391s][info][gc,marking   ] GC(2) Concurrent Preclean 0.130ms
[2026-06-17T21:28:03.625+0000][0.391s][info][gc,marking   ] GC(2) Concurrent Mark (0.389s, 0.391s) 2.461ms
[2026-06-17T21:28:03.625+0000][0.391s][info][gc,start     ] GC(2) Pause Remark
[2026-06-17T21:28:03.626+0000][0.393s][info][gc,stringtable] GC(2) Cleaned string and symbol table, strings: 7789 processed, 0 removed, symbols: 65733 processed, 21 removed
[2026-06-17T21:28:03.627+0000][0.393s][info][gc            ] GC(2) Pause Remark 8M->8M(512M) 1.564ms
[2026-06-17T21:28:03.627+0000][0.393s][info][gc,cpu        ] GC(2) User=0.01s Sys=0.00s Real=0.00s
[2026-06-17T21:28:03.627+0000][0.393s][info][gc,marking    ] GC(2) Concurrent Rebuild Remembered Sets
[2026-06-17T21:28:03.628+0000][0.394s][info][gc,marking    ] GC(2) Concurrent Rebuild Remembered Sets 1.016ms
[2026-06-17T21:28:03.628+0000][0.395s][info][gc,start      ] GC(2) Pause Cleanup
[2026-06-17T21:28:03.628+0000][0.395s][info][gc            ] GC(2) Pause Cleanup 8M->8M(512M) 0.198ms
[2026-06-17T21:28:03.628+0000][0.395s][info][gc,cpu        ] GC(2) User=0.00s Sys=0.00s Real=0.00s
[2026-06-17T21:28:03.629+0000][0.395s][info][gc,marking    ] GC(2) Concurrent Cleanup for Next Mark
[2026-06-17T21:28:03.629+0000][0.396s][info][gc,marking    ] GC(2) Concurrent Cleanup for Next Mark 0.529ms
[2026-06-17T21:28:03.629+0000][0.396s][info][gc            ] GC(2) Concurrent Cycle 7.414ms
[2026-06-17T21:28:03.793+0000][0.560s][info][gc,start      ] GC(3) Pause Young (Normal) (G1 Evacuation Pause)
[2026-06-17T21:28:03.794+0000][0.560s][info][gc,task       ] GC(3) Using 12 workers of 13 for evacuation
[2026-06-17T21:28:03.798+0000][0.565s][info][gc,phases     ] GC(3)   Pre Evacuate Collection Set: 0.0ms
[2026-06-17T21:28:03.799+0000][0.565s][info][gc,phases     ] GC(3)   Evacuate Collection Set: 4.1ms
[2026-06-17T21:28:03.799+0000][0.565s][info][gc,phases     ] GC(3)   Post Evacuate Collection Set: 0.5ms
[2026-06-17T21:28:03.799+0000][0.565s][info][gc,phases     ] GC(3)   Other: 0.4ms
[2026-06-17T21:28:03.799+0000][0.565s][info][gc,heap       ] GC(3) Eden regions: 24->0(23)
[2026-06-17T21:28:03.799+0000][0.565s][info][gc,heap       ] GC(3) Survivor regions: 1->2(4)
[2026-06-17T21:28:03.799+0000][0.565s][info][gc,heap       ] GC(3) Old regions: 7->7
[2026-06-17T21:28:03.799+0000][0.565s][info][gc,heap       ] GC(3) Humongous regions: 0->0
[2026-06-17T21:28:03.799+0000][0.565s][info][gc,metaspace  ] GC(3) Metaspace: 26167K(27136K)->26167K(27136K) NonClass: 23223K(23808K)->23223K(23808K) Class: 2944K(3328K)->2944K(3328K)
[2026-06-17T21:28:03.799+0000][0.566s][info][gc            ] GC(3) Pause Young (Normal) (G1 Evacuation Pause) 31M->8M(512M) 5.740ms
[2026-06-17T21:28:03.799+0000][0.566s][info][gc,cpu        ] GC(3) User=0.03s Sys=0.00s Real=0.01s
[2026-06-17T21:28:03.883+0000][0.649s][info][gc,start      ] GC(4) Pause Young (Normal) (G1 Evacuation Pause)
[2026-06-17T21:28:03.883+0000][0.649s][info][gc,task       ] GC(4) Using 12 workers of 13 for evacuation
[2026-06-17T21:28:03.885+0000][0.651s][info][gc,phases     ] GC(4)   Pre Evacuate Collection Set: 0.0ms
[2026-06-17T21:28:03.885+0000][0.651s][info][gc,phases     ] GC(4)   Evacuate Collection Set: 1.4ms
[2026-06-17T21:28:03.885+0000][0.651s][info][gc,phases     ] GC(4)   Post Evacuate Collection Set: 0.3ms
[2026-06-17T21:28:03.885+0000][0.651s][info][gc,phases     ] GC(4)   Other: 0.2ms
[2026-06-17T21:28:03.885+0000][0.651s][info][gc,heap       ] GC(4) Eden regions: 23->0(23)
[2026-06-17T21:28:03.885+0000][0.651s][info][gc,heap       ] GC(4) Survivor regions: 2->2(4)
[2026-06-17T21:28:03.885+0000][0.651s][info][gc,heap       ] GC(4) Old regions: 7->7
[2026-06-17T21:28:03.885+0000][0.651s][info][gc,heap       ] GC(4) Humongous regions: 0->0
[2026-06-17T21:28:03.885+0000][0.651s][info][gc,metaspace  ] GC(4) Metaspace: 30049K(30848K)->30049K(30848K) NonClass: 26711K(27136K)->26711K(27136K) Class: 3338K(3712K)->3338K(3712K)
[2026-06-17T21:28:03.885+0000][0.652s][info][gc            ] GC(4) Pause Young (Normal) (G1 Evacuation Pause) 31M->8M(512M) 2.530ms
[2026-06-17T21:28:03.885+0000][0.652s][info][gc,cpu        ] GC(4) User=0.01s Sys=0.00s Real=0.00s
[2026-06-17T21:28:03.951+0000][0.717s][info][gc,start      ] GC(5) Pause Young (Normal) (G1 Evacuation Pause)
[2026-06-17T21:28:03.952+0000][0.718s][info][gc,task       ] GC(5) Using 13 workers of 13 for evacuation
[2026-06-17T21:28:03.955+0000][0.722s][info][gc,phases     ] GC(5)   Pre Evacuate Collection Set: 0.0ms
[2026-06-17T21:28:03.955+0000][0.722s][info][gc,phases     ] GC(5)   Evacuate Collection Set: 3.2ms
[2026-06-17T21:28:03.955+0000][0.722s][info][gc,phases     ] GC(5)   Post Evacuate Collection Set: 0.4ms
[2026-06-17T21:28:03.955+0000][0.722s][info][gc,phases     ] GC(5)   Other: 0.8ms
[2026-06-17T21:28:03.955+0000][0.722s][info][gc,heap       ] GC(5) Eden regions: 23->0(22)
[2026-06-17T21:28:03.955+0000][0.722s][info][gc,heap       ] GC(5) Survivor regions: 2->3(4)
[2026-06-17T21:28:03.956+0000][0.722s][info][gc,heap       ] GC(5) Old regions: 7->7
[2026-06-17T21:28:03.956+0000][0.722s][info][gc,heap       ] GC(5) Humongous regions: 0->0
[2026-06-17T21:28:03.956+0000][0.722s][info][gc,metaspace  ] GC(5) Metaspace: 34521K(35584K)->34521K(35584K) NonClass: 30839K(31488K)->30839K(31488K) Class: 3681K(4096K)->3681K(4096K)
[2026-06-17T21:28:03.956+0000][0.722s][info][gc            ] GC(5) Pause Young (Normal) (G1 Evacuation Pause) 31M->9M(512M) 4.722ms
[2026-06-17T21:28:03.956+0000][0.722s][info][gc,cpu        ] GC(5) User=0.03s Sys=0.00s Real=0.00s
[2026-06-17T21:28:03.960+0000][0.727s][info][gc,start      ] GC(6) Pause Young (Concurrent Start) (Metadata GC Threshold)
[2026-06-17T21:28:03.961+0000][0.727s][info][gc,task       ] GC(6) Using 13 workers of 13 for evacuation
[2026-06-17T21:28:03.963+0000][0.729s][info][gc,phases     ] GC(6)   Pre Evacuate Collection Set: 0.1ms
[2026-06-17T21:28:03.963+0000][0.729s][info][gc,phases     ] GC(6)   Evacuate Collection Set: 1.9ms
[2026-06-17T21:28:03.963+0000][0.730s][info][gc,phases     ] GC(6)   Post Evacuate Collection Set: 0.4ms
[2026-06-17T21:28:03.963+0000][0.730s][info][gc,phases     ] GC(6)   Other: 0.2ms
[2026-06-17T21:28:03.963+0000][0.730s][info][gc,heap       ] GC(6) Eden regions: 2->0(23)
[2026-06-17T21:28:03.963+0000][0.730s][info][gc,heap       ] GC(6) Survivor regions: 3->2(4)
[2026-06-17T21:28:03.963+0000][0.730s][info][gc,heap       ] GC(6) Old regions: 7->9
[2026-06-17T21:28:03.963+0000][0.730s][info][gc,heap       ] GC(6) Humongous regions: 0->0
[2026-06-17T21:28:03.964+0000][0.730s][info][gc,metaspace  ] GC(6) Metaspace: 34772K(35584K)->34772K(35584K) NonClass: 31075K(31488K)->31075K(31488K) Class: 3696K(4096K)->3696K(4096K)
[2026-06-17T21:28:03.964+0000][0.730s][info][gc            ] GC(6) Pause Young (Concurrent Start) (Metadata GC Threshold) 11M->9M(512M) 3.186ms
[2026-06-17T21:28:03.964+0000][0.730s][info][gc,cpu        ] GC(6) User=0.01s Sys=0.00s Real=0.00s
[2026-06-17T21:28:03.964+0000][0.730s][info][gc            ] GC(7) Concurrent Cycle
[2026-06-17T21:28:03.964+0000][0.730s][info][gc,marking    ] GC(7) Concurrent Clear Claimed Marks
[2026-06-17T21:28:03.964+0000][0.730s][info][gc,marking    ] GC(7) Concurrent Clear Claimed Marks 0.095ms
[2026-06-17T21:28:03.964+0000][0.730s][info][gc,marking    ] GC(7) Concurrent Scan Root Regions
[2026-06-17T21:28:03.965+0000][0.731s][info][gc,marking    ] GC(7) Concurrent Scan Root Regions 0.663ms
[2026-06-17T21:28:03.965+0000][0.731s][info][gc,marking    ] GC(7) Concurrent Mark (0.731s)
[2026-06-17T21:28:03.965+0000][0.731s][info][gc,marking    ] GC(7) Concurrent Mark From Roots
[2026-06-17T21:28:03.965+0000][0.731s][info][gc,task       ] GC(7) Using 3 workers of 3 for marking
[2026-06-17T21:28:03.967+0000][0.734s][info][gc,marking    ] GC(7) Concurrent Mark From Roots 2.478ms
[2026-06-17T21:28:03.968+0000][0.734s][info][gc,marking    ] GC(7) Concurrent Preclean
[2026-06-17T21:28:03.968+0000][0.734s][info][gc,marking    ] GC(7) Concurrent Preclean 0.172ms
[2026-06-17T21:28:03.968+0000][0.734s][info][gc,marking    ] GC(7) Concurrent Mark (0.731s, 0.734s) 2.987ms
[2026-06-17T21:28:03.968+0000][0.735s][info][gc,start      ] GC(7) Pause Remark
[2026-06-17T21:28:03.971+0000][0.737s][info][gc,stringtable] GC(7) Cleaned string and symbol table, strings: 11238 processed, 9 removed, symbols: 101284 processed, 24 removed
[2026-06-17T21:28:03.971+0000][0.738s][info][gc            ] GC(7) Pause Remark 11M->11M(512M) 3.319ms
[2026-06-17T21:28:03.972+0000][0.738s][info][gc,cpu        ] GC(7) User=0.02s Sys=0.00s Real=0.00s
[2026-06-17T21:28:03.972+0000][0.738s][info][gc,marking    ] GC(7) Concurrent Rebuild Remembered Sets
[2026-06-17T21:28:03.974+0000][0.740s][info][gc,marking    ] GC(7) Concurrent Rebuild Remembered Sets 1.962ms
[2026-06-17T21:28:03.974+0000][0.741s][info][gc,start      ] GC(7) Pause Cleanup
[2026-06-17T21:28:03.974+0000][0.741s][info][gc            ] GC(7) Pause Cleanup 11M->11M(512M) 0.176ms
[2026-06-17T21:28:03.974+0000][0.741s][info][gc,cpu        ] GC(7) User=0.00s Sys=0.00s Real=0.00s
[2026-06-17T21:28:03.975+0000][0.741s][info][gc,marking    ] GC(7) Concurrent Cleanup for Next Mark
[2026-06-17T21:28:03.976+0000][0.742s][info][gc,marking    ] GC(7) Concurrent Cleanup for Next Mark 1.038ms
[2026-06-17T21:28:03.976+0000][0.742s][info][gc            ] GC(7) Concurrent Cycle 12.014ms
[2026-06-17T21:28:04.058+0000][0.824s][info][gc,start      ] GC(8) Pause Young (Normal) (G1 Evacuation Pause)
[2026-06-17T21:28:04.058+0000][0.825s][info][gc,task       ] GC(8) Using 13 workers of 13 for evacuation
[2026-06-17T21:28:04.065+0000][0.832s][info][gc,phases     ] GC(8)   Pre Evacuate Collection Set: 0.0ms
[2026-06-17T21:28:04.066+0000][0.832s][info][gc,phases     ] GC(8)   Evacuate Collection Set: 6.7ms
[2026-06-17T21:28:04.066+0000][0.832s][info][gc,phases     ] GC(8)   Post Evacuate Collection Set: 0.5ms
[2026-06-17T21:28:04.066+0000][0.832s][info][gc,phases     ] GC(8)   Other: 0.2ms
[2026-06-17T21:28:04.066+0000][0.832s][info][gc,heap       ] GC(8) Eden regions: 23->0(22)
[2026-06-17T21:28:04.066+0000][0.832s][info][gc,heap       ] GC(8) Survivor regions: 2->3(4)
[2026-06-17T21:28:04.066+0000][0.832s][info][gc,heap       ] GC(8) Old regions: 9->9
[2026-06-17T21:28:04.066+0000][0.832s][info][gc,heap       ] GC(8) Humongous regions: 0->0
[2026-06-17T21:28:04.066+0000][0.832s][info][gc,metaspace  ] GC(8) Metaspace: 37934K(39040K)->37934K(39040K) NonClass: 33851K(34560K)->33851K(34560K) Class: 4083K(4480K)->4083K(4480K)
[2026-06-17T21:28:04.066+0000][0.832s][info][gc            ] GC(8) Pause Young (Normal) (G1 Evacuation Pause) 32M->10M(512M) 7.846ms
[2026-06-17T21:28:04.066+0000][0.832s][info][gc,cpu        ] GC(8) User=0.05s Sys=0.00s Real=0.00s
[2026-06-17T21:28:04.187+0000][0.953s][info][gc,start      ] GC(9) Pause Young (Normal) (G1 Evacuation Pause)
[2026-06-17T21:28:04.187+0000][0.953s][info][gc,task       ] GC(9) Using 13 workers of 13 for evacuation
[2026-06-17T21:28:04.188+0000][0.955s][info][gc,phases     ] GC(9)   Pre Evacuate Collection Set: 0.0ms
[2026-06-17T21:28:04.188+0000][0.955s][info][gc,phases     ] GC(9)   Evacuate Collection Set: 1.0ms
[2026-06-17T21:28:04.188+0000][0.955s][info][gc,phases     ] GC(9)   Post Evacuate Collection Set: 0.3ms
[2026-06-17T21:28:04.188+0000][0.955s][info][gc,phases     ] GC(9)   Other: 0.3ms
[2026-06-17T21:28:04.188+0000][0.955s][info][gc,heap       ] GC(9) Eden regions: 22->0(25)
[2026-06-17T21:28:04.188+0000][0.955s][info][gc,heap       ] GC(9) Survivor regions: 3->4(4)
[2026-06-17T21:28:04.188+0000][0.955s][info][gc,heap       ] GC(9) Old regions: 9->9
[2026-06-17T21:28:04.188+0000][0.955s][info][gc,heap       ] GC(9) Humongous regions: 0->0
[2026-06-17T21:28:04.188+0000][0.955s][info][gc,metaspace  ] GC(9) Metaspace: 42143K(43392K)->42143K(43392K) NonClass: 37673K(38400K)->37673K(38400K) Class: 4470K(4992K)->4470K(4992K)
[2026-06-17T21:28:04.189+0000][0.955s][info][gc            ] GC(9) Pause Young (Normal) (G1 Evacuation Pause) 32M->12M(512M) 1.932ms
[2026-06-17T21:28:04.189+0000][0.955s][info][gc,cpu        ] GC(9) User=0.01s Sys=0.00s Real=0.01s
[2026-06-17T21:28:35.113+0000][31.879s][info][gc,start      ] GC(10) Pause Young (Normal) (G1 Evacuation Pause)
[2026-06-17T21:28:35.114+0000][31.880s][info][gc,task       ] GC(10) Using 13 workers of 13 for evacuation
[2026-06-17T21:28:35.123+0000][31.889s][info][gc,phases     ] GC(10)   Pre Evacuate Collection Set: 0.0ms
[2026-06-17T21:28:35.123+0000][31.889s][info][gc,phases     ] GC(10)   Evacuate Collection Set: 8.5ms
[2026-06-17T21:28:35.123+0000][31.889s][info][gc,phases     ] GC(10)   Post Evacuate Collection Set: 0.4ms
[2026-06-17T21:28:35.123+0000][31.889s][info][gc,phases     ] GC(10)   Other: 1.0ms
[2026-06-17T21:28:35.123+0000][31.889s][info][gc,heap       ] GC(10) Eden regions: 25->0(30)
[2026-06-17T21:28:35.123+0000][31.889s][info][gc,heap       ] GC(10) Survivor regions: 4->2(4)
[2026-06-17T21:28:35.123+0000][31.889s][info][gc,heap       ] GC(10) Old regions: 9->13
[2026-06-17T21:28:35.123+0000][31.889s][info][gc,heap       ] GC(10) Humongous regions: 129->129
[2026-06-17T21:28:35.123+0000][31.889s][info][gc,metaspace  ] GC(10) Metaspace: 46738K(48768K)->46738K(48768K) NonClass: 41382K(42496K)->41382K(42496K) Class: 5356K(6272K)->5356K(6272K)
[2026-06-17T21:28:35.123+0000][31.889s][info][gc            ] GC(10) Pause Young (Normal) (G1 Evacuation Pause) 166M->143M(512M) 10.317ms
[2026-06-17T21:28:35.123+0000][31.889s][info][gc,cpu        ] GC(10) User=0.07s Sys=0.01s Real=0.01s
[2026-06-17T21:28:35.407+0000][32.173s][info][gc,start      ] GC(11) Pause Young (Normal) (G1 Evacuation Pause)
[2026-06-17T21:28:35.407+0000][32.174s][info][gc,task       ] GC(11) Using 13 workers of 13 for evacuation
[2026-06-17T21:28:35.409+0000][32.175s][info][gc,phases     ] GC(11)   Pre Evacuate Collection Set: 0.0ms
[2026-06-17T21:28:35.409+0000][32.175s][info][gc,phases     ] GC(11)   Evacuate Collection Set: 1.2ms
[2026-06-17T21:28:35.409+0000][32.175s][info][gc,phases     ] GC(11)   Post Evacuate Collection Set: 0.3ms
[2026-06-17T21:28:35.409+0000][32.175s][info][gc,phases     ] GC(11)   Other: 0.4ms
[2026-06-17T21:28:35.409+0000][32.175s][info][gc,heap       ] GC(11) Eden regions: 30->0(37)
[2026-06-17T21:28:35.409+0000][32.176s][info][gc,heap       ] GC(11) Survivor regions: 2->2(4)
[2026-06-17T21:28:35.409+0000][32.176s][info][gc,heap       ] GC(11) Old regions: 13->13
[2026-06-17T21:28:35.409+0000][32.176s][info][gc,heap       ] GC(11) Humongous regions: 129->129
[2026-06-17T21:28:35.409+0000][32.176s][info][gc,metaspace  ] GC(11) Metaspace: 47406K(49280K)->47406K(49280K) NonClass: 42050K(43008K)->42050K(43008K) Class: 5356K(6272K)->5356K(6272K)
[2026-06-17T21:28:35.409+0000][32.176s][info][gc            ] GC(11) Pause Young (Normal) (G1 Evacuation Pause) 173M->143M(512M) 2.214ms
[2026-06-17T21:28:35.409+0000][32.176s][info][gc,cpu        ] GC(11) User=0.01s Sys=0.00s Real=0.00s
[2026-06-17T21:28:35.642+0000][32.409s][info][gc,start      ] GC(12) Pause Young (Normal) (G1 Evacuation Pause)
[2026-06-17T21:28:35.642+0000][32.409s][info][gc,task       ] GC(12) Using 13 workers of 13 for evacuation
[2026-06-17T21:28:35.645+0000][32.412s][info][gc,phases     ] GC(12)   Pre Evacuate Collection Set: 0.0ms
[2026-06-17T21:28:35.646+0000][32.412s][info][gc,phases     ] GC(12)   Evacuate Collection Set: 2.3ms
[2026-06-17T21:28:35.646+0000][32.412s][info][gc,phases     ] GC(12)   Post Evacuate Collection Set: 0.5ms
[2026-06-17T21:28:35.646+0000][32.412s][info][gc,phases     ] GC(12)   Other: 0.2ms
[2026-06-17T21:28:35.646+0000][32.412s][info][gc,heap       ] GC(12) Eden regions: 37->0(48)
[2026-06-17T21:28:35.646+0000][32.412s][info][gc,heap       ] GC(12) Survivor regions: 2->3(5)
[2026-06-17T21:28:35.646+0000][32.412s][info][gc,heap       ] GC(12) Old regions: 13->13
[2026-06-17T21:28:35.646+0000][32.412s][info][gc,heap       ] GC(12) Humongous regions: 129->129
[2026-06-17T21:28:35.646+0000][32.413s][info][gc,metaspace  ] GC(12) Metaspace: 47806K(49792K)->47806K(49792K) NonClass: 42450K(43520K)->42450K(43520K) Class: 5356K(6272K)->5356K(6272K)
[2026-06-17T21:28:35.647+0000][32.413s][info][gc            ] GC(12) Pause Young (Normal) (G1 Evacuation Pause) 180M->144M(512M) 4.258ms
[2026-06-17T21:28:35.647+0000][32.413s][info][gc,cpu        ] GC(12) User=0.03s Sys=0.00s Real=0.00s
[2026-06-17T21:28:35.981+0000][32.747s][info][gc,start      ] GC(13) Pause Young (Normal) (G1 Evacuation Pause)
[2026-06-17T21:28:35.982+0000][32.748s][info][gc,task       ] GC(13) Using 13 workers of 13 for evacuation
[2026-06-17T21:28:35.988+0000][32.754s][info][gc,phases     ] GC(13)   Pre Evacuate Collection Set: 0.0ms
[2026-06-17T21:28:35.988+0000][32.755s][info][gc,phases     ] GC(13)   Evacuate Collection Set: 5.7ms
[2026-06-17T21:28:35.989+0000][32.755s][info][gc,phases     ] GC(13)   Post Evacuate Collection Set: 0.5ms
[2026-06-17T21:28:35.989+0000][32.755s][info][gc,phases     ] GC(13)   Other: 0.6ms
[2026-06-17T21:28:35.989+0000][32.755s][info][gc,heap       ] GC(13) Eden regions: 48->0(251)
[2026-06-17T21:28:35.989+0000][32.755s][info][gc,heap       ] GC(13) Survivor regions: 3->3(7)
[2026-06-17T21:28:35.989+0000][32.755s][info][gc,heap       ] GC(13) Old regions: 13->13
[2026-06-17T21:28:35.989+0000][32.755s][info][gc,heap       ] GC(13) Humongous regions: 129->129
[2026-06-17T21:28:35.989+0000][32.756s][info][gc,metaspace  ] GC(13) Metaspace: 48204K(50304K)->48204K(50304K) NonClass: 42848K(44032K)->42848K(44032K) Class: 5356K(6272K)->5356K(6272K)
[2026-06-17T21:28:35.990+0000][32.756s][info][gc            ] GC(13) Pause Young (Normal) (G1 Evacuation Pause) 191M->144M(512M) 8.298ms
[2026-06-17T21:28:35.990+0000][32.756s][info][gc,cpu        ] GC(13) User=0.04s Sys=0.01s Real=0.01s
[2026-06-17T21:28:36.978+0000][33.744s][info][gc,start      ] GC(14) Pause Young (Normal) (G1 Evacuation Pause)
[2026-06-17T21:28:36.978+0000][33.744s][info][gc,task       ] GC(14) Using 13 workers of 13 for evacuation
[2026-06-17T21:28:36.989+0000][33.755s][info][gc,phases     ] GC(14)   Pre Evacuate Collection Set: 0.0ms
[2026-06-17T21:28:36.989+0000][33.755s][info][gc,phases     ] GC(14)   Evacuate Collection Set: 10.3ms
[2026-06-17T21:28:36.989+0000][33.755s][info][gc,phases     ] GC(14)   Post Evacuate Collection Set: 0.5ms
[2026-06-17T21:28:36.989+0000][33.755s][info][gc,phases     ] GC(14)   Other: 0.4ms
[2026-06-17T21:28:36.989+0000][33.755s][info][gc,heap       ] GC(14) Eden regions: 251->0(276)
[2026-06-17T21:28:36.989+0000][33.755s][info][gc,heap       ] GC(14) Survivor regions: 3->4(32)
[2026-06-17T21:28:36.989+0000][33.755s][info][gc,heap       ] GC(14) Old regions: 13->13
[2026-06-17T21:28:36.989+0000][33.755s][info][gc,heap       ] GC(14) Humongous regions: 129->129
[2026-06-17T21:28:36.989+0000][33.755s][info][gc,metaspace  ] GC(14) Metaspace: 48601K(50816K)->48601K(50816K) NonClass: 43242K(44544K)->43242K(44544K) Class: 5358K(6272K)->5358K(6272K)
[2026-06-17T21:28:36.989+0000][33.755s][info][gc            ] GC(14) Pause Young (Normal) (G1 Evacuation Pause) 395M->145M(512M) 11.742ms
[2026-06-17T21:28:36.989+0000][33.756s][info][gc,cpu        ] GC(14) User=0.07s Sys=0.03s Real=0.01s
[2026-06-17T21:28:38.242+0000][35.008s][info][gc,start      ] GC(15) Pause Young (Normal) (G1 Evacuation Pause)
[2026-06-17T21:28:38.242+0000][35.008s][info][gc,task       ] GC(15) Using 13 workers of 13 for evacuation
[2026-06-17T21:28:38.252+0000][35.018s][info][gc,phases     ] GC(15)   Pre Evacuate Collection Set: 0.0ms
[2026-06-17T21:28:38.252+0000][35.018s][info][gc,phases     ] GC(15)   Evacuate Collection Set: 9.3ms
[2026-06-17T21:28:38.252+0000][35.018s][info][gc,phases     ] GC(15)   Post Evacuate Collection Set: 0.6ms
[2026-06-17T21:28:38.252+0000][35.018s][info][gc,phases     ] GC(15)   Other: 0.4ms
[2026-06-17T21:28:38.252+0000][35.018s][info][gc,heap       ] GC(15) Eden regions: 276->0(288)
[2026-06-17T21:28:38.252+0000][35.019s][info][gc,heap       ] GC(15) Survivor regions: 4->4(35)
[2026-06-17T21:28:38.252+0000][35.019s][info][gc,heap       ] GC(15) Old regions: 13->13
[2026-06-17T21:28:38.252+0000][35.019s][info][gc,heap       ] GC(15) Humongous regions: 129->129
[2026-06-17T21:28:38.252+0000][35.019s][info][gc,metaspace  ] GC(15) Metaspace: 48673K(50816K)->48673K(50816K) NonClass: 43303K(44544K)->43303K(44544K) Class: 5369K(6272K)->5369K(6272K)
[2026-06-17T21:28:38.253+0000][35.019s][info][gc            ] GC(15) Pause Young (Normal) (G1 Evacuation Pause) 421M->145M(512M) 10.885ms
[2026-06-17T21:28:38.253+0000][35.019s][info][gc,cpu        ] GC(15) User=0.07s Sys=0.01s Real=0.01s
[2026-06-17T21:28:39.189+0000][35.956s][info][gc,start      ] GC(16) Pause Young (Normal) (G1 Evacuation Pause)
[2026-06-17T21:28:39.190+0000][35.957s][info][gc,task       ] GC(16) Using 13 workers of 13 for evacuation
[2026-06-17T21:28:39.200+0000][35.966s][info][gc,phases     ] GC(16)   Pre Evacuate Collection Set: 0.0ms
[2026-06-17T21:28:39.200+0000][35.966s][info][gc,phases     ] GC(16)   Evacuate Collection Set: 8.5ms
[2026-06-17T21:28:39.200+0000][35.966s][info][gc,phases     ] GC(16)   Post Evacuate Collection Set: 0.5ms
[2026-06-17T21:28:39.200+0000][35.966s][info][gc,phases     ] GC(16)   Other: 1.2ms
[2026-06-17T21:28:39.200+0000][35.966s][info][gc,heap       ] GC(16) Eden regions: 288->0(292)
[2026-06-17T21:28:39.200+0000][35.966s][info][gc,heap       ] GC(16) Survivor regions: 4->4(37)
[2026-06-17T21:28:39.200+0000][35.966s][info][gc,heap       ] GC(16) Old regions: 13->13
[2026-06-17T21:28:39.200+0000][35.966s][info][gc,heap       ] GC(16) Humongous regions: 129->129
[2026-06-17T21:28:39.200+0000][35.966s][info][gc,metaspace  ] GC(16) Metaspace: 48682K(50816K)->48682K(50816K) NonClass: 43312K(44544K)->43312K(44544K) Class: 5370K(6272K)->5370K(6272K)
[2026-06-17T21:28:39.200+0000][35.966s][info][gc            ] GC(16) Pause Young (Normal) (G1 Evacuation Pause) 433M->145M(512M) 10.517ms
[2026-06-17T21:28:39.200+0000][35.966s][info][gc,cpu        ] GC(16) User=0.06s Sys=0.01s Real=0.01s
[2026-06-17T21:28:40.342+0000][37.108s][info][gc,start      ] GC(17) Pause Young (Normal) (G1 Evacuation Pause)
[2026-06-17T21:28:40.343+0000][37.109s][info][gc,task       ] GC(17) Using 13 workers of 13 for evacuation
[2026-06-17T21:28:40.354+0000][37.121s][info][gc,phases     ] GC(17)   Pre Evacuate Collection Set: 0.0ms
[2026-06-17T21:28:40.357+0000][37.123s][info][gc,phases     ] GC(17)   Evacuate Collection Set: 9.9ms
[2026-06-17T21:28:40.361+0000][37.128s][info][gc,phases     ] GC(17)   Post Evacuate Collection Set: 1.4ms
[2026-06-17T21:28:40.362+0000][37.128s][info][gc,phases     ] GC(17)   Other: 1.1ms
[2026-06-17T21:28:40.363+0000][37.130s][info][gc,heap       ] GC(17) Eden regions: 292->0(295)
[2026-06-17T21:28:40.364+0000][37.130s][info][gc,heap       ] GC(17) Survivor regions: 4->5(37)
[2026-06-17T21:28:40.365+0000][37.131s][info][gc,heap       ] GC(17) Old regions: 13->13
[2026-06-17T21:28:40.366+0000][37.132s][info][gc,heap       ] GC(17) Humongous regions: 129->129
[2026-06-17T21:28:40.369+0000][37.135s][info][gc,metaspace  ] GC(17) Metaspace: 48688K(50816K)->48688K(50816K) NonClass: 43317K(44544K)->43317K(44544K) Class: 5370K(6272K)->5370K(6272K)
[2026-06-17T21:28:40.369+0000][37.135s][info][gc            ] GC(17) Pause Young (Normal) (G1 Evacuation Pause) 437M->146M(512M) 27.063ms
[2026-06-17T21:28:40.380+0000][37.147s][info][gc,cpu        ] GC(17) User=0.08s Sys=0.01s Real=0.04s
[2026-06-17T21:35:50.643+0000][467.405s][info][gc,start      ] GC(18) Pause Young (Normal) (G1 Evacuation Pause)
[2026-06-17T21:35:50.644+0000][467.406s][info][gc,task       ] GC(18) Using 13 workers of 13 for evacuation
[2026-06-17T21:35:50.659+0000][467.421s][info][gc,phases     ] GC(18)   Pre Evacuate Collection Set: 0.0ms
[2026-06-17T21:35:50.659+0000][467.421s][info][gc,phases     ] GC(18)   Evacuate Collection Set: 13.8ms
[2026-06-17T21:35:50.659+0000][467.421s][info][gc,phases     ] GC(18)   Post Evacuate Collection Set: 0.6ms
[2026-06-17T21:35:50.659+0000][467.421s][info][gc,phases     ] GC(18)   Other: 1.2ms
[2026-06-17T21:35:50.659+0000][467.421s][info][gc,heap       ] GC(18) Eden regions: 295->0(296)
[2026-06-17T21:35:50.659+0000][467.421s][info][gc,heap       ] GC(18) Survivor regions: 5->8(38)
[2026-06-17T21:35:50.659+0000][467.421s][info][gc,heap       ] GC(18) Old regions: 13->13
[2026-06-17T21:35:50.659+0000][467.421s][info][gc,heap       ] GC(18) Humongous regions: 129->129
[2026-06-17T21:35:50.659+0000][467.422s][info][gc,metaspace  ] GC(18) Metaspace: 50450K(52736K)->50450K(52736K) NonClass: 44835K(46080K)->44835K(46080K) Class: 5614K(6656K)->5614K(6656K)
[2026-06-17T21:35:50.659+0000][467.422s][info][gc            ] GC(18) Pause Young (Normal) (G1 Evacuation Pause) 441M->149M(512M) 16.189ms
[2026-06-17T21:35:50.659+0000][467.422s][info][gc,cpu        ] GC(18) User=0.08s Sys=0.00s Real=0.01s
[2026-06-17T21:58:55.308+0000][1852.090s][info][gc,start      ] GC(19) Pause Young (Normal) (G1 Evacuation Pause)
[2026-06-17T21:58:55.309+0000][1852.091s][info][gc,task       ] GC(19) Using 13 workers of 13 for evacuation
[2026-06-17T21:58:55.318+0000][1852.099s][info][gc,phases     ] GC(19)   Pre Evacuate Collection Set: 0.1ms
[2026-06-17T21:58:55.318+0000][1852.100s][info][gc,phases     ] GC(19)   Evacuate Collection Set: 7.3ms
[2026-06-17T21:58:55.318+0000][1852.100s][info][gc,phases     ] GC(19)   Post Evacuate Collection Set: 0.9ms
[2026-06-17T21:58:55.318+0000][1852.100s][info][gc,phases     ] GC(19)   Other: 1.7ms
[2026-06-17T21:58:55.318+0000][1852.100s][info][gc,heap       ] GC(19) Eden regions: 296->0(296)
[2026-06-17T21:58:55.318+0000][1852.100s][info][gc,heap       ] GC(19) Survivor regions: 8->8(38)
[2026-06-17T21:58:55.318+0000][1852.100s][info][gc,heap       ] GC(19) Old regions: 13->13
[2026-06-17T21:58:55.318+0000][1852.100s][info][gc,heap       ] GC(19) Humongous regions: 129->129
[2026-06-17T21:58:55.318+0000][1852.100s][info][gc,metaspace  ] GC(19) Metaspace: 50606K(52992K)->50606K(52992K) NonClass: 44986K(46336K)->44986K(46336K) Class: 5619K(6656K)->5619K(6656K)
[2026-06-17T21:58:55.318+0000][1852.100s][info][gc            ] GC(19) Pause Young (Normal) (G1 Evacuation Pause) 445M->149M(512M) 10.450ms
[2026-06-17T21:58:55.318+0000][1852.100s][info][gc,cpu        ] GC(19) User=0.06s Sys=0.00s Real=0.01s
[2026-06-17T22:22:16.534+0000][3253.328s][info][gc,start      ] GC(20) Pause Young (Normal) (G1 Evacuation Pause)
[2026-06-17T22:22:16.535+0000][3253.328s][info][gc,task       ] GC(20) Using 13 workers of 13 for evacuation
[2026-06-17T22:22:16.546+0000][3253.339s][info][gc,phases     ] GC(20)   Pre Evacuate Collection Set: 0.0ms
[2026-06-17T22:22:16.546+0000][3253.339s][info][gc,phases     ] GC(20)   Evacuate Collection Set: 6.4ms
[2026-06-17T22:22:16.546+0000][3253.339s][info][gc,phases     ] GC(20)   Post Evacuate Collection Set: 4.0ms
[2026-06-17T22:22:16.546+0000][3253.339s][info][gc,phases     ] GC(20)   Other: 0.9ms
[2026-06-17T22:22:16.546+0000][3253.339s][info][gc,heap       ] GC(20) Eden regions: 296->0(297)
[2026-06-17T22:22:16.546+0000][3253.339s][info][gc,heap       ] GC(20) Survivor regions: 8->7(38)
[2026-06-17T22:22:16.546+0000][3253.339s][info][gc,heap       ] GC(20) Old regions: 13->13
[2026-06-17T22:22:16.546+0000][3253.339s][info][gc,heap       ] GC(20) Humongous regions: 129->129
[2026-06-17T22:22:16.546+0000][3253.339s][info][gc,metaspace  ] GC(20) Metaspace: 50688K(53248K)->50688K(53248K) NonClass: 45068K(46592K)->45068K(46592K) Class: 5620K(6656K)->5620K(6656K)
[2026-06-17T22:22:16.546+0000][3253.339s][info][gc            ] GC(20) Pause Young (Normal) (G1 Evacuation Pause) 445M->148M(512M) 11.862ms
[2026-06-17T22:22:16.546+0000][3253.340s][info][gc,cpu        ] GC(20) User=0.07s Sys=0.00s Real=0.01s
[2026-06-17T22:45:31.141+0000][4647.880s][info][gc,start      ] GC(21) Pause Young (Normal) (G1 Evacuation Pause)
[2026-06-17T22:45:31.142+0000][4647.882s][info][gc,task       ] GC(21) Using 13 workers of 13 for evacuation
[2026-06-17T22:45:31.168+0000][4647.907s][info][gc,mmu        ] GC(21) MMU target violated: 21.0ms (20.0ms/21.0ms)
[2026-06-17T22:45:31.168+0000][4647.907s][info][gc,phases     ] GC(21)   Pre Evacuate Collection Set: 0.0ms
[2026-06-17T22:45:31.168+0000][4647.907s][info][gc,phases     ] GC(21)   Evacuate Collection Set: 16.1ms
[2026-06-17T22:45:31.168+0000][4647.908s][info][gc,phases     ] GC(21)   Post Evacuate Collection Set: 7.6ms
[2026-06-17T22:45:31.168+0000][4647.908s][info][gc,phases     ] GC(21)   Other: 3.3ms
[2026-06-17T22:45:31.168+0000][4647.908s][info][gc,heap       ] GC(21) Eden regions: 297->0(276)
[2026-06-17T22:45:31.168+0000][4647.908s][info][gc,heap       ] GC(21) Survivor regions: 7->12(38)
[2026-06-17T22:45:31.169+0000][4647.908s][info][gc,heap       ] GC(21) Old regions: 13->13
[2026-06-17T22:45:31.169+0000][4647.909s][info][gc,heap       ] GC(21) Humongous regions: 147->147
[2026-06-17T22:45:31.170+0000][4647.909s][info][gc,metaspace  ] GC(21) Metaspace: 50967K(53376K)->50967K(53376K) NonClass: 45307K(46592K)->45307K(46592K) Class: 5659K(6784K)->5659K(6784K)
[2026-06-17T22:45:31.170+0000][4647.910s][info][gc            ] GC(21) Pause Young (Normal) (G1 Evacuation Pause) 463M->171M(512M) 29.172ms
[2026-06-17T22:45:31.170+0000][4647.910s][info][gc,cpu        ] GC(21) User=0.14s Sys=0.00s Real=0.03s
[2026-06-17T22:48:52.779+0000][4849.520s][info][gc,start      ] GC(22) Pause Young (Normal) (G1 Evacuation Pause)
[2026-06-17T22:48:52.780+0000][4849.520s][info][gc,task       ] GC(22) Using 13 workers of 13 for evacuation
[2026-06-17T22:48:52.784+0000][4849.524s][info][gc,phases     ] GC(22)   Pre Evacuate Collection Set: 0.0ms
[2026-06-17T22:48:52.784+0000][4849.524s][info][gc,phases     ] GC(22)   Evacuate Collection Set: 3.6ms
[2026-06-17T22:48:52.784+0000][4849.524s][info][gc,phases     ] GC(22)   Post Evacuate Collection Set: 0.6ms
[2026-06-17T22:48:52.784+0000][4849.524s][info][gc,phases     ] GC(22)   Other: 0.5ms
[2026-06-17T22:48:52.784+0000][4849.524s][info][gc,heap       ] GC(22) Eden regions: 276->0(276)
[2026-06-17T22:48:52.784+0000][4849.524s][info][gc,heap       ] GC(22) Survivor regions: 12->11(36)
[2026-06-17T22:48:52.784+0000][4849.524s][info][gc,heap       ] GC(22) Old regions: 13->13
[2026-06-17T22:48:52.784+0000][4849.524s][info][gc,heap       ] GC(22) Humongous regions: 147->147
[2026-06-17T22:48:52.784+0000][4849.524s][info][gc,metaspace  ] GC(22) Metaspace: 50975K(53376K)->50975K(53376K) NonClass: 45315K(46592K)->45315K(46592K) Class: 5659K(6784K)->5659K(6784K)
[2026-06-17T22:48:52.784+0000][4849.524s][info][gc            ] GC(22) Pause Young (Normal) (G1 Evacuation Pause) 447M->170M(512M) 4.811ms
[2026-06-17T22:48:52.784+0000][4849.524s][info][gc,cpu        ] GC(22) User=0.05s Sys=0.00s Real=0.01s
[2026-06-17T22:48:54.509+0000][4851.249s][info][gc,start      ] GC(23) Pause Young (Normal) (G1 Evacuation Pause)
[2026-06-17T22:48:54.509+0000][4851.249s][info][gc,task       ] GC(23) Using 13 workers of 13 for evacuation
[2026-06-17T22:48:54.514+0000][4851.254s][info][gc,phases     ] GC(23)   Pre Evacuate Collection Set: 0.0ms
[2026-06-17T22:48:54.514+0000][4851.254s][info][gc,phases     ] GC(23)   Evacuate Collection Set: 4.1ms
[2026-06-17T22:48:54.514+0000][4851.254s][info][gc,phases     ] GC(23)   Post Evacuate Collection Set: 0.7ms
[2026-06-17T22:48:54.514+0000][4851.255s][info][gc,phases     ] GC(23)   Other: 0.3ms
[2026-06-17T22:48:54.514+0000][4851.255s][info][gc,heap       ] GC(23) Eden regions: 276->0(276)
[2026-06-17T22:48:54.514+0000][4851.255s][info][gc,heap       ] GC(23) Survivor regions: 11->10(36)
[2026-06-17T22:48:54.514+0000][4851.255s][info][gc,heap       ] GC(23) Old regions: 13->13
[2026-06-17T22:48:54.515+0000][4851.255s][info][gc,heap       ] GC(23) Humongous regions: 147->147
[2026-06-17T22:48:54.515+0000][4851.255s][info][gc,metaspace  ] GC(23) Metaspace: 50976K(53376K)->50976K(53376K) NonClass: 45316K(46592K)->45316K(46592K) Class: 5659K(6784K)->5659K(6784K)
[2026-06-17T22:48:54.515+0000][4851.255s][info][gc            ] GC(23) Pause Young (Normal) (G1 Evacuation Pause) 446M->169M(512M) 5.439ms
[2026-06-17T22:48:54.515+0000][4851.255s][info][gc,cpu        ] GC(23) User=0.05s Sys=0.00s Real=0.01s
[2026-06-17T22:49:43.852+0000][4900.591s][info][gc,start      ] GC(24) Pause Young (Normal) (G1 Evacuation Pause)
[2026-06-17T22:49:43.852+0000][4900.591s][info][gc,task       ] GC(24) Using 13 workers of 13 for evacuation
[2026-06-17T22:49:43.862+0000][4900.601s][info][gc,phases     ] GC(24)   Pre Evacuate Collection Set: 0.0ms
[2026-06-17T22:49:43.862+0000][4900.601s][info][gc,phases     ] GC(24)   Evacuate Collection Set: 9.3ms
[2026-06-17T22:49:43.862+0000][4900.601s][info][gc,phases     ] GC(24)   Post Evacuate Collection Set: 0.8ms
[2026-06-17T22:49:43.862+0000][4900.602s][info][gc,phases     ] GC(24)   Other: 0.3ms
[2026-06-17T22:49:43.863+0000][4900.602s][info][gc,heap       ] GC(24) Eden regions: 276->0(277)
[2026-06-17T22:49:43.863+0000][4900.602s][info][gc,heap       ] GC(24) Survivor regions: 10->10(36)
[2026-06-17T22:49:43.863+0000][4900.602s][info][gc,heap       ] GC(24) Old regions: 13->13
[2026-06-17T22:49:43.863+0000][4900.602s][info][gc,heap       ] GC(24) Humongous regions: 147->147
[2026-06-17T22:49:43.863+0000][4900.602s][info][gc,metaspace  ] GC(24) Metaspace: 52029K(54784K)->52029K(54784K) NonClass: 46114K(47616K)->46114K(47616K) Class: 5915K(7168K)->5915K(7168K)
[2026-06-17T22:49:43.863+0000][4900.602s][info][gc            ] GC(24) Pause Young (Normal) (G1 Evacuation Pause) 445M->169M(512M) 11.300ms
[2026-06-17T22:49:43.863+0000][4900.602s][info][gc,cpu        ] GC(24) User=0.08s Sys=0.00s Real=0.01s
[2026-06-17T22:49:45.881+0000][4902.620s][info][gc,start      ] GC(25) Pause Young (Normal) (G1 Evacuation Pause)
[2026-06-17T22:49:45.881+0000][4902.620s][info][gc,task       ] GC(25) Using 13 workers of 13 for evacuation
[2026-06-17T22:49:45.887+0000][4902.627s][info][gc,phases     ] GC(25)   Pre Evacuate Collection Set: 0.0ms
[2026-06-17T22:49:45.887+0000][4902.627s][info][gc,phases     ] GC(25)   Evacuate Collection Set: 4.7ms
[2026-06-17T22:49:45.888+0000][4902.627s][info][gc,phases     ] GC(25)   Post Evacuate Collection Set: 1.6ms
[2026-06-17T22:49:45.888+0000][4902.627s][info][gc,phases     ] GC(25)   Other: 0.3ms
[2026-06-17T22:49:45.888+0000][4902.627s][info][gc,heap       ] GC(25) Eden regions: 277->0(279)
[2026-06-17T22:49:45.888+0000][4902.627s][info][gc,heap       ] GC(25) Survivor regions: 10->7(36)
[2026-06-17T22:49:45.888+0000][4902.627s][info][gc,heap       ] GC(25) Old regions: 13->15
[2026-06-17T22:49:45.888+0000][4902.627s][info][gc,heap       ] GC(25) Humongous regions: 147->147
[2026-06-17T22:49:45.888+0000][4902.627s][info][gc,metaspace  ] GC(25) Metaspace: 52029K(54784K)->52029K(54784K) NonClass: 46114K(47616K)->46114K(47616K) Class: 5915K(7168K)->5915K(7168K)
[2026-06-17T22:49:45.888+0000][4902.627s][info][gc            ] GC(25) Pause Young (Normal) (G1 Evacuation Pause) 446M->167M(512M) 6.902ms
[2026-06-17T22:49:45.888+0000][4902.627s][info][gc,cpu        ] GC(25) User=0.06s Sys=0.00s Real=0.01s
[2026-06-17T22:49:47.666+0000][4904.405s][info][gc,start      ] GC(26) Pause Young (Normal) (G1 Evacuation Pause)
[2026-06-17T22:49:47.666+0000][4904.405s][info][gc,task       ] GC(26) Using 13 workers of 13 for evacuation
[2026-06-17T22:49:47.672+0000][4904.411s][info][gc,phases     ] GC(26)   Pre Evacuate Collection Set: 0.0ms
[2026-06-17T22:49:47.672+0000][4904.412s][info][gc,phases     ] GC(26)   Evacuate Collection Set: 3.4ms
[2026-06-17T22:49:47.672+0000][4904.412s][info][gc,phases     ] GC(26)   Post Evacuate Collection Set: 2.4ms
[2026-06-17T22:49:47.672+0000][4904.412s][info][gc,phases     ] GC(26)   Other: 0.3ms
[2026-06-17T22:49:47.672+0000][4904.412s][info][gc,heap       ] GC(26) Eden regions: 279->0(281)
[2026-06-17T22:49:47.672+0000][4904.412s][info][gc,heap       ] GC(26) Survivor regions: 7->6(36)
[2026-06-17T22:49:47.673+0000][4904.412s][info][gc,heap       ] GC(26) Old regions: 15->15
[2026-06-17T22:49:47.673+0000][4904.412s][info][gc,heap       ] GC(26) Humongous regions: 147->147
[2026-06-17T22:49:47.673+0000][4904.412s][info][gc,metaspace  ] GC(26) Metaspace: 52029K(54784K)->52029K(54784K) NonClass: 46114K(47616K)->46114K(47616K) Class: 5915K(7168K)->5915K(7168K)
[2026-06-17T22:49:47.673+0000][4904.412s][info][gc            ] GC(26) Pause Young (Normal) (G1 Evacuation Pause) 446M->167M(512M) 6.477ms
[2026-06-17T22:49:47.673+0000][4904.412s][info][gc,cpu        ] GC(26) User=0.05s Sys=0.00s Real=0.00s
[2026-06-17T22:50:36.877+0000][4953.616s][info][gc,start      ] GC(27) Pause Young (Normal) (G1 Evacuation Pause)
[2026-06-17T22:50:36.878+0000][4953.616s][info][gc,task       ] GC(27) Using 13 workers of 13 for evacuation
[2026-06-17T22:50:36.887+0000][4953.626s][info][gc,phases     ] GC(27)   Pre Evacuate Collection Set: 0.0ms
[2026-06-17T22:50:36.887+0000][4953.626s][info][gc,phases     ] GC(27)   Evacuate Collection Set: 5.2ms
[2026-06-17T22:50:36.887+0000][4953.626s][info][gc,phases     ] GC(27)   Post Evacuate Collection Set: 4.1ms
[2026-06-17T22:50:36.887+0000][4953.626s][info][gc,phases     ] GC(27)   Other: 0.3ms
[2026-06-17T22:50:36.887+0000][4953.626s][info][gc,heap       ] GC(27) Eden regions: 281->0(281)
[2026-06-17T22:50:36.887+0000][4953.626s][info][gc,heap       ] GC(27) Survivor regions: 6->6(36)
[2026-06-17T22:50:36.887+0000][4953.626s][info][gc,heap       ] GC(27) Old regions: 15->15
[2026-06-17T22:50:36.887+0000][4953.626s][info][gc,heap       ] GC(27) Humongous regions: 147->147
[2026-06-17T22:50:36.887+0000][4953.626s][info][gc,metaspace  ] GC(27) Metaspace: 52036K(54784K)->52036K(54784K) NonClass: 46120K(47616K)->46120K(47616K) Class: 5915K(7168K)->5915K(7168K)
[2026-06-17T22:50:36.888+0000][4953.626s][info][gc            ] GC(27) Pause Young (Normal) (G1 Evacuation Pause) 448M->167M(512M) 10.013ms
[2026-06-17T22:50:36.888+0000][4953.626s][info][gc,cpu        ] GC(27) User=0.11s Sys=0.00s Real=0.01s
[2026-06-17T22:50:38.882+0000][4955.621s][info][gc,start      ] GC(28) Pause Young (Normal) (G1 Evacuation Pause)
[2026-06-17T22:50:38.882+0000][4955.621s][info][gc,task       ] GC(28) Using 13 workers of 13 for evacuation
[2026-06-17T22:50:38.893+0000][4955.632s][info][gc,phases     ] GC(28)   Pre Evacuate Collection Set: 0.0ms
[2026-06-17T22:50:38.893+0000][4955.632s][info][gc,phases     ] GC(28)   Evacuate Collection Set: 10.1ms
[2026-06-17T22:50:38.893+0000][4955.632s][info][gc,phases     ] GC(28)   Post Evacuate Collection Set: 0.6ms
[2026-06-17T22:50:38.893+0000][4955.632s][info][gc,phases     ] GC(28)   Other: 0.3ms
[2026-06-17T22:50:38.893+0000][4955.632s][info][gc,heap       ] GC(28) Eden regions: 281->0(272)
[2026-06-17T22:50:38.893+0000][4955.632s][info][gc,heap       ] GC(28) Survivor regions: 6->13(36)
[2026-06-17T22:50:38.893+0000][4955.632s][info][gc,heap       ] GC(28) Old regions: 15->15
[2026-06-17T22:50:38.893+0000][4955.632s][info][gc,heap       ] GC(28) Humongous regions: 147->147
[2026-06-17T22:50:38.893+0000][4955.632s][info][gc,metaspace  ] GC(28) Metaspace: 52036K(54784K)->52036K(54784K) NonClass: 46120K(47616K)->46120K(47616K) Class: 5915K(7168K)->5915K(7168K)
[2026-06-17T22:50:38.893+0000][4955.632s][info][gc            ] GC(28) Pause Young (Normal) (G1 Evacuation Pause) 448M->173M(512M) 11.429ms
[2026-06-17T22:50:38.894+0000][4955.632s][info][gc,cpu        ] GC(28) User=0.11s Sys=0.00s Real=0.01s
[2026-06-17T22:51:27.820+0000][5004.558s][info][gc,start      ] GC(29) Pause Young (Normal) (G1 Evacuation Pause)
[2026-06-17T22:51:27.820+0000][5004.558s][info][gc,task       ] GC(29) Using 13 workers of 13 for evacuation
[2026-06-17T22:51:27.825+0000][5004.563s][info][gc,phases     ] GC(29)   Pre Evacuate Collection Set: 0.0ms
[2026-06-17T22:51:27.825+0000][5004.563s][info][gc,phases     ] GC(29)   Evacuate Collection Set: 3.9ms
[2026-06-17T22:51:27.825+0000][5004.563s][info][gc,phases     ] GC(29)   Post Evacuate Collection Set: 0.8ms
[2026-06-17T22:51:27.825+0000][5004.563s][info][gc,phases     ] GC(29)   Other: 0.3ms
[2026-06-17T22:51:27.825+0000][5004.563s][info][gc,heap       ] GC(29) Eden regions: 272->0(274)
[2026-06-17T22:51:27.825+0000][5004.563s][info][gc,heap       ] GC(29) Survivor regions: 13->11(36)
[2026-06-17T22:51:27.825+0000][5004.563s][info][gc,heap       ] GC(29) Old regions: 15->15
[2026-06-17T22:51:27.825+0000][5004.563s][info][gc,heap       ] GC(29) Humongous regions: 147->147
[2026-06-17T22:51:27.825+0000][5004.563s][info][gc,metaspace  ] GC(29) Metaspace: 52040K(54784K)->52040K(54784K) NonClass: 46125K(47616K)->46125K(47616K) Class: 5915K(7168K)->5915K(7168K)
[2026-06-17T22:51:27.825+0000][5004.563s][info][gc            ] GC(29) Pause Young (Normal) (G1 Evacuation Pause) 445M->172M(512M) 5.388ms
[2026-06-17T22:51:27.825+0000][5004.563s][info][gc,cpu        ] GC(29) User=0.05s Sys=0.00s Real=0.01s
[2026-06-17T22:51:29.757+0000][5006.495s][info][gc,start      ] GC(30) Pause Young (Normal) (G1 Evacuation Pause)
[2026-06-17T22:51:29.757+0000][5006.495s][info][gc,task       ] GC(30) Using 13 workers of 13 for evacuation
[2026-06-17T22:51:29.764+0000][5006.502s][info][gc,phases     ] GC(30)   Pre Evacuate Collection Set: 0.0ms
[2026-06-17T22:51:29.764+0000][5006.502s][info][gc,phases     ] GC(30)   Evacuate Collection Set: 6.1ms
[2026-06-17T22:51:29.764+0000][5006.502s][info][gc,phases     ] GC(30)   Post Evacuate Collection Set: 0.6ms
[2026-06-17T22:51:29.764+0000][5006.502s][info][gc,phases     ] GC(30)   Other: 0.3ms
[2026-06-17T22:51:29.764+0000][5006.502s][info][gc,heap       ] GC(30) Eden regions: 274->0(274)
[2026-06-17T22:51:29.764+0000][5006.502s][info][gc,heap       ] GC(30) Survivor regions: 11->10(36)
[2026-06-17T22:51:29.764+0000][5006.502s][info][gc,heap       ] GC(30) Old regions: 15->15
[2026-06-17T22:51:29.764+0000][5006.502s][info][gc,heap       ] GC(30) Humongous regions: 147->147
[2026-06-17T22:51:29.764+0000][5006.502s][info][gc,metaspace  ] GC(30) Metaspace: 52040K(54784K)->52040K(54784K) NonClass: 46125K(47616K)->46125K(47616K) Class: 5915K(7168K)->5915K(7168K)
[2026-06-17T22:51:29.765+0000][5006.503s][info][gc            ] GC(30) Pause Young (Normal) (G1 Evacuation Pause) 446M->171M(512M) 7.539ms
[2026-06-17T22:51:29.765+0000][5006.503s][info][gc,cpu        ] GC(30) User=0.05s Sys=0.00s Real=0.00s
[2026-06-17T22:51:31.383+0000][5008.121s][info][gc,start      ] GC(31) Pause Young (Normal) (G1 Evacuation Pause)
[2026-06-17T22:51:31.383+0000][5008.121s][info][gc,task       ] GC(31) Using 13 workers of 13 for evacuation
[2026-06-17T22:51:31.391+0000][5008.129s][info][gc,phases     ] GC(31)   Pre Evacuate Collection Set: 0.0ms
[2026-06-17T22:51:31.391+0000][5008.129s][info][gc,phases     ] GC(31)   Evacuate Collection Set: 5.0ms
[2026-06-17T22:51:31.391+0000][5008.129s][info][gc,phases     ] GC(31)   Post Evacuate Collection Set: 2.6ms
[2026-06-17T22:51:31.391+0000][5008.129s][info][gc,phases     ] GC(31)   Other: 0.3ms
[2026-06-17T22:51:31.391+0000][5008.129s][info][gc,heap       ] GC(31) Eden regions: 274->0(274)
[2026-06-17T22:51:31.391+0000][5008.129s][info][gc,heap       ] GC(31) Survivor regions: 10->10(36)
[2026-06-17T22:51:31.392+0000][5008.130s][info][gc,heap       ] GC(31) Old regions: 15->15
[2026-06-17T22:51:31.392+0000][5008.130s][info][gc,heap       ] GC(31) Humongous regions: 147->147
[2026-06-17T22:51:31.392+0000][5008.130s][info][gc,metaspace  ] GC(31) Metaspace: 52040K(54784K)->52040K(54784K) NonClass: 46125K(47616K)->46125K(47616K) Class: 5915K(7168K)->5915K(7168K)
[2026-06-17T22:51:31.392+0000][5008.130s][info][gc            ] GC(31) Pause Young (Normal) (G1 Evacuation Pause) 445M->171M(512M) 9.331ms
[2026-06-17T22:51:31.393+0000][5008.131s][info][gc,cpu        ] GC(31) User=0.07s Sys=0.00s Real=0.01s
[2026-06-17T22:52:20.220+0000][5056.958s][info][gc,start      ] GC(32) Pause Young (Normal) (G1 Evacuation Pause)
[2026-06-17T22:52:20.220+0000][5056.958s][info][gc,task       ] GC(32) Using 13 workers of 13 for evacuation
[2026-06-17T22:52:20.225+0000][5056.962s][info][gc,phases     ] GC(32)   Pre Evacuate Collection Set: 0.0ms
[2026-06-17T22:52:20.225+0000][5056.962s][info][gc,phases     ] GC(32)   Evacuate Collection Set: 3.9ms
[2026-06-17T22:52:20.225+0000][5056.963s][info][gc,phases     ] GC(32)   Post Evacuate Collection Set: 0.5ms
[2026-06-17T22:52:20.225+0000][5056.963s][info][gc,phases     ] GC(32)   Other: 0.3ms
[2026-06-17T22:52:20.225+0000][5056.963s][info][gc,heap       ] GC(32) Eden regions: 274->0(274)
[2026-06-17T22:52:20.225+0000][5056.963s][info][gc,heap       ] GC(32) Survivor regions: 10->10(36)
[2026-06-17T22:52:20.225+0000][5056.963s][info][gc,heap       ] GC(32) Old regions: 15->15
[2026-06-17T22:52:20.225+0000][5056.963s][info][gc,heap       ] GC(32) Humongous regions: 147->147
[2026-06-17T22:52:20.225+0000][5056.963s][info][gc,metaspace  ] GC(32) Metaspace: 52043K(54784K)->52043K(54784K) NonClass: 46128K(47616K)->46128K(47616K) Class: 5915K(7168K)->5915K(7168K)
[2026-06-17T22:52:20.225+0000][5056.963s][info][gc            ] GC(32) Pause Young (Normal) (G1 Evacuation Pause) 445M->171M(512M) 5.117ms
[2026-06-17T22:52:20.225+0000][5056.963s][info][gc,cpu        ] GC(32) User=0.05s Sys=0.00s Real=0.00s
[2026-06-17T22:52:21.986+0000][5058.723s][info][gc,start      ] GC(33) Pause Young (Normal) (G1 Evacuation Pause)
[2026-06-17T22:52:21.986+0000][5058.724s][info][gc,task       ] GC(33) Using 13 workers of 13 for evacuation
[2026-06-17T22:52:21.989+0000][5058.726s][info][gc,phases     ] GC(33)   Pre Evacuate Collection Set: 0.0ms
[2026-06-17T22:52:21.989+0000][5058.726s][info][gc,phases     ] GC(33)   Evacuate Collection Set: 2.0ms
[2026-06-17T22:52:21.989+0000][5058.727s][info][gc,phases     ] GC(33)   Post Evacuate Collection Set: 0.7ms
[2026-06-17T22:52:21.989+0000][5058.727s][info][gc,phases     ] GC(33)   Other: 0.3ms
[2026-06-17T22:52:21.989+0000][5058.727s][info][gc,heap       ] GC(33) Eden regions: 274->0(275)
[2026-06-17T22:52:21.989+0000][5058.727s][info][gc,heap       ] GC(33) Survivor regions: 10->8(36)
[2026-06-17T22:52:21.989+0000][5058.727s][info][gc,heap       ] GC(33) Old regions: 15->17
[2026-06-17T22:52:21.989+0000][5058.727s][info][gc,heap       ] GC(33) Humongous regions: 147->147
[2026-06-17T22:52:21.989+0000][5058.727s][info][gc,metaspace  ] GC(33) Metaspace: 52043K(54784K)->52043K(54784K) NonClass: 46128K(47616K)->46128K(47616K) Class: 5915K(7168K)->5915K(7168K)
[2026-06-17T22:52:21.989+0000][5058.727s][info][gc            ] GC(33) Pause Young (Normal) (G1 Evacuation Pause) 445M->170M(512M) 3.323ms
[2026-06-17T22:52:21.989+0000][5058.727s][info][gc,cpu        ] GC(33) User=0.02s Sys=0.00s Real=0.00s
[2026-06-17T22:52:23.740+0000][5060.478s][info][gc,start      ] GC(34) Pause Young (Normal) (G1 Evacuation Pause)
[2026-06-17T22:52:23.740+0000][5060.478s][info][gc,task       ] GC(34) Using 13 workers of 13 for evacuation
[2026-06-17T22:52:23.742+0000][5060.480s][info][gc,phases     ] GC(34)   Pre Evacuate Collection Set: 0.0ms
[2026-06-17T22:52:23.743+0000][5060.480s][info][gc,phases     ] GC(34)   Evacuate Collection Set: 1.8ms
[2026-06-17T22:52:23.743+0000][5060.480s][info][gc,phases     ] GC(34)   Post Evacuate Collection Set: 0.5ms
[2026-06-17T22:52:23.743+0000][5060.481s][info][gc,phases     ] GC(34)   Other: 0.3ms
[2026-06-17T22:52:23.743+0000][5060.481s][info][gc,heap       ] GC(34) Eden regions: 275->0(278)
[2026-06-17T22:52:23.743+0000][5060.481s][info][gc,heap       ] GC(34) Survivor regions: 8->6(36)
[2026-06-17T22:52:23.743+0000][5060.481s][info][gc,heap       ] GC(34) Old regions: 17->17
[2026-06-17T22:52:23.743+0000][5060.481s][info][gc,heap       ] GC(34) Humongous regions: 147->147
[2026-06-17T22:52:23.743+0000][5060.481s][info][gc,metaspace  ] GC(34) Metaspace: 52043K(54784K)->52043K(54784K) NonClass: 46128K(47616K)->46128K(47616K) Class: 5915K(7168K)->5915K(7168K)
[2026-06-17T22:52:23.743+0000][5060.481s][info][gc            ] GC(34) Pause Young (Normal) (G1 Evacuation Pause) 445M->168M(512M) 2.987ms
[2026-06-17T22:52:23.743+0000][5060.481s][info][gc,cpu        ] GC(34) User=0.02s Sys=0.00s Real=0.00s
[2026-06-17T22:53:12.546+0000][5109.284s][info][gc,start      ] GC(35) Pause Young (Normal) (G1 Evacuation Pause)
[2026-06-17T22:53:12.547+0000][5109.284s][info][gc,task       ] GC(35) Using 13 workers of 13 for evacuation
[2026-06-17T22:53:12.548+0000][5109.285s][info][gc,phases     ] GC(35)   Pre Evacuate Collection Set: 0.0ms
[2026-06-17T22:53:12.548+0000][5109.285s][info][gc,phases     ] GC(35)   Evacuate Collection Set: 0.9ms
[2026-06-17T22:53:12.548+0000][5109.285s][info][gc,phases     ] GC(35)   Post Evacuate Collection Set: 0.5ms
[2026-06-17T22:53:12.548+0000][5109.285s][info][gc,phases     ] GC(35)   Other: 0.3ms
[2026-06-17T22:53:12.548+0000][5109.285s][info][gc,heap       ] GC(35) Eden regions: 278->0(279)
[2026-06-17T22:53:12.548+0000][5109.285s][info][gc,heap       ] GC(35) Survivor regions: 6->5(36)
[2026-06-17T22:53:12.548+0000][5109.286s][info][gc,heap       ] GC(35) Old regions: 17->18
[2026-06-17T22:53:12.548+0000][5109.286s][info][gc,heap       ] GC(35) Humongous regions: 147->147
[2026-06-17T22:53:12.548+0000][5109.286s][info][gc,metaspace  ] GC(35) Metaspace: 52058K(54784K)->52058K(54784K) NonClass: 46142K(47616K)->46142K(47616K) Class: 5915K(7168K)->5915K(7168K)
[2026-06-17T22:53:12.549+0000][5109.286s][info][gc            ] GC(35) Pause Young (Normal) (G1 Evacuation Pause) 446M->168M(512M) 2.201ms
[2026-06-17T22:53:12.549+0000][5109.286s][info][gc,cpu        ] GC(35) User=0.02s Sys=0.00s Real=0.00s
[2026-06-17T22:53:14.362+0000][5111.099s][info][gc,start      ] GC(36) Pause Young (Normal) (G1 Evacuation Pause)
[2026-06-17T22:53:14.362+0000][5111.099s][info][gc,task       ] GC(36) Using 13 workers of 13 for evacuation
[2026-06-17T22:53:14.364+0000][5111.101s][info][gc,phases     ] GC(36)   Pre Evacuate Collection Set: 0.0ms
[2026-06-17T22:53:14.364+0000][5111.101s][info][gc,phases     ] GC(36)   Evacuate Collection Set: 1.4ms
[2026-06-17T22:53:14.364+0000][5111.101s][info][gc,phases     ] GC(36)   Post Evacuate Collection Set: 0.3ms
[2026-06-17T22:53:14.364+0000][5111.101s][info][gc,phases     ] GC(36)   Other: 0.3ms
[2026-06-17T22:53:14.364+0000][5111.101s][info][gc,heap       ] GC(36) Eden regions: 279->0(270)
[2026-06-17T22:53:14.364+0000][5111.102s][info][gc,heap       ] GC(36) Survivor regions: 5->11(36)
[2026-06-17T22:53:14.364+0000][5111.102s][info][gc,heap       ] GC(36) Old regions: 18->18
[2026-06-17T22:53:14.364+0000][5111.102s][info][gc,heap       ] GC(36) Humongous regions: 147->147
[2026-06-17T22:53:14.364+0000][5111.102s][info][gc,metaspace  ] GC(36) Metaspace: 52058K(54784K)->52058K(54784K) NonClass: 46142K(47616K)->46142K(47616K) Class: 5915K(7168K)->5915K(7168K)
[2026-06-17T22:53:14.365+0000][5111.102s][info][gc            ] GC(36) Pause Young (Normal) (G1 Evacuation Pause) 447M->174M(512M) 2.411ms
[2026-06-17T22:53:14.365+0000][5111.102s][info][gc,cpu        ] GC(36) User=0.02s Sys=0.00s Real=0.00s
[2026-06-17T22:53:15.909+0000][5112.646s][info][gc,start      ] GC(37) Pause Young (Normal) (G1 Evacuation Pause)
[2026-06-17T22:53:15.909+0000][5112.646s][info][gc,task       ] GC(37) Using 13 workers of 13 for evacuation
[2026-06-17T22:53:15.915+0000][5112.652s][info][gc,phases     ] GC(37)   Pre Evacuate Collection Set: 0.0ms
[2026-06-17T22:53:15.915+0000][5112.652s][info][gc,phases     ] GC(37)   Evacuate Collection Set: 5.0ms
[2026-06-17T22:53:15.915+0000][5112.652s][info][gc,phases     ] GC(37)   Post Evacuate Collection Set: 0.3ms
[2026-06-17T22:53:15.915+0000][5112.652s][info][gc,phases     ] GC(37)   Other: 0.3ms
[2026-06-17T22:53:15.915+0000][5112.652s][info][gc,heap       ] GC(37) Eden regions: 270->0(269)
[2026-06-17T22:53:15.915+0000][5112.652s][info][gc,heap       ] GC(37) Survivor regions: 11->10(36)
[2026-06-17T22:53:15.915+0000][5112.652s][info][gc,heap       ] GC(37) Old regions: 18->18
[2026-06-17T22:53:15.915+0000][5112.652s][info][gc,heap       ] GC(37) Humongous regions: 147->147
[2026-06-17T22:53:15.915+0000][5112.652s][info][gc,metaspace  ] GC(37) Metaspace: 52058K(54784K)->52058K(54784K) NonClass: 46142K(47616K)->46142K(47616K) Class: 5915K(7168K)->5915K(7168K)
[2026-06-17T22:53:15.915+0000][5112.652s][info][gc            ] GC(37) Pause Young (Normal) (G1 Evacuation Pause) 444M->173M(512M) 6.065ms
[2026-06-17T22:53:15.915+0000][5112.652s][info][gc,cpu        ] GC(37) User=0.06s Sys=0.00s Real=0.00s
[2026-06-17T22:54:04.948+0000][5161.685s][info][gc,start      ] GC(38) Pause Young (Normal) (G1 Evacuation Pause)
[2026-06-17T22:54:04.948+0000][5161.685s][info][gc,task       ] GC(38) Using 13 workers of 13 for evacuation
[2026-06-17T22:54:04.951+0000][5161.687s][info][gc,phases     ] GC(38)   Pre Evacuate Collection Set: 0.0ms
[2026-06-17T22:54:04.951+0000][5161.687s][info][gc,phases     ] GC(38)   Evacuate Collection Set: 1.9ms
[2026-06-17T22:54:04.951+0000][5161.687s][info][gc,phases     ] GC(38)   Post Evacuate Collection Set: 0.4ms
[2026-06-17T22:54:04.951+0000][5161.687s][info][gc,phases     ] GC(38)   Other: 0.2ms
[2026-06-17T22:54:04.951+0000][5161.687s][info][gc,heap       ] GC(38) Eden regions: 269->0(270)
[2026-06-17T22:54:04.951+0000][5161.688s][info][gc,heap       ] GC(38) Survivor regions: 10->9(35)
[2026-06-17T22:54:04.951+0000][5161.688s][info][gc,heap       ] GC(38) Old regions: 18->18
[2026-06-17T22:54:04.951+0000][5161.688s][info][gc,heap       ] GC(38) Humongous regions: 147->147
[2026-06-17T22:54:04.951+0000][5161.688s][info][gc,metaspace  ] GC(38) Metaspace: 52059K(54784K)->52059K(54784K) NonClass: 46144K(47616K)->46144K(47616K) Class: 5915K(7168K)->5915K(7168K)
[2026-06-17T22:54:04.951+0000][5161.688s][info][gc            ] GC(38) Pause Young (Normal) (G1 Evacuation Pause) 442M->173M(512M) 3.042ms
[2026-06-17T22:54:04.951+0000][5161.688s][info][gc,cpu        ] GC(38) User=0.02s Sys=0.00s Real=0.00s
[2026-06-17T22:54:06.699+0000][5163.436s][info][gc,start      ] GC(39) Pause Young (Normal) (G1 Evacuation Pause)
[2026-06-17T22:54:06.700+0000][5163.436s][info][gc,task       ] GC(39) Using 13 workers of 13 for evacuation
[2026-06-17T22:54:06.702+0000][5163.438s][info][gc,phases     ] GC(39)   Pre Evacuate Collection Set: 0.0ms
[2026-06-17T22:54:06.702+0000][5163.438s][info][gc,phases     ] GC(39)   Evacuate Collection Set: 1.6ms
[2026-06-17T22:54:06.702+0000][5163.438s][info][gc,phases     ] GC(39)   Post Evacuate Collection Set: 0.4ms
[2026-06-17T22:54:06.702+0000][5163.439s][info][gc,phases     ] GC(39)   Other: 0.4ms
[2026-06-17T22:54:06.702+0000][5163.439s][info][gc,heap       ] GC(39) Eden regions: 270->0(270)
[2026-06-17T22:54:06.702+0000][5163.439s][info][gc,heap       ] GC(39) Survivor regions: 9->8(35)
[2026-06-17T22:54:06.702+0000][5163.439s][info][gc,heap       ] GC(39) Old regions: 18->19
[2026-06-17T22:54:06.702+0000][5163.439s][info][gc,heap       ] GC(39) Humongous regions: 147->147
[2026-06-17T22:54:06.702+0000][5163.439s][info][gc,metaspace  ] GC(39) Metaspace: 52059K(54784K)->52059K(54784K) NonClass: 46144K(47616K)->46144K(47616K) Class: 5915K(7168K)->5915K(7168K)
[2026-06-17T22:54:06.702+0000][5163.439s][info][gc            ] GC(39) Pause Young (Normal) (G1 Evacuation Pause) 443M->172M(512M) 2.746ms
[2026-06-17T22:54:06.702+0000][5163.439s][info][gc,cpu        ] GC(39) User=0.02s Sys=0.00s Real=0.00s
[2026-06-17T22:54:55.406+0000][5212.142s][info][gc,start      ] GC(40) Pause Young (Normal) (G1 Evacuation Pause)
[2026-06-17T22:54:55.406+0000][5212.143s][info][gc,task       ] GC(40) Using 13 workers of 13 for evacuation
[2026-06-17T22:54:55.408+0000][5212.145s][info][gc,phases     ] GC(40)   Pre Evacuate Collection Set: 0.0ms
[2026-06-17T22:54:55.409+0000][5212.145s][info][gc,phases     ] GC(40)   Evacuate Collection Set: 1.6ms
[2026-06-17T22:54:55.409+0000][5212.145s][info][gc,phases     ] GC(40)   Post Evacuate Collection Set: 0.3ms
[2026-06-17T22:54:55.409+0000][5212.145s][info][gc,phases     ] GC(40)   Other: 0.8ms
[2026-06-17T22:54:55.409+0000][5212.145s][info][gc,heap       ] GC(40) Eden regions: 270->0(274)
[2026-06-17T22:54:55.409+0000][5212.145s][info][gc,heap       ] GC(40) Survivor regions: 8->6(35)
[2026-06-17T22:54:55.409+0000][5212.145s][info][gc,heap       ] GC(40) Old regions: 19->19
[2026-06-17T22:54:55.409+0000][5212.145s][info][gc,heap       ] GC(40) Humongous regions: 147->147
[2026-06-17T22:54:55.409+0000][5212.145s][info][gc,metaspace  ] GC(40) Metaspace: 52060K(54784K)->52060K(54784K) NonClass: 46144K(47616K)->46144K(47616K) Class: 5915K(7168K)->5915K(7168K)
[2026-06-17T22:54:55.409+0000][5212.145s][info][gc            ] GC(40) Pause Young (Normal) (G1 Evacuation Pause) 442M->170M(512M) 2.936ms
[2026-06-17T22:54:55.409+0000][5212.145s][info][gc,cpu        ] GC(40) User=0.02s Sys=0.00s Real=0.01s
[2026-06-17T22:54:57.273+0000][5214.009s][info][gc,start      ] GC(41) Pause Young (Normal) (G1 Evacuation Pause)
[2026-06-17T22:54:57.273+0000][5214.009s][info][gc,task       ] GC(41) Using 13 workers of 13 for evacuation
[2026-06-17T22:54:57.276+0000][5214.012s][info][gc,phases     ] GC(41)   Pre Evacuate Collection Set: 0.0ms
[2026-06-17T22:54:57.276+0000][5214.012s][info][gc,phases     ] GC(41)   Evacuate Collection Set: 2.0ms
[2026-06-17T22:54:57.276+0000][5214.012s][info][gc,phases     ] GC(41)   Post Evacuate Collection Set: 0.3ms
[2026-06-17T22:54:57.276+0000][5214.012s][info][gc,phases     ] GC(41)   Other: 0.3ms
[2026-06-17T22:54:57.276+0000][5214.012s][info][gc,heap       ] GC(41) Eden regions: 274->0(275)
[2026-06-17T22:54:57.276+0000][5214.012s][info][gc,heap       ] GC(41) Survivor regions: 6->6(35)
[2026-06-17T22:54:57.276+0000][5214.012s][info][gc,heap       ] GC(41) Old regions: 19->19
[2026-06-17T22:54:57.276+0000][5214.012s][info][gc,heap       ] GC(41) Humongous regions: 147->147
[2026-06-17T22:54:57.276+0000][5214.012s][info][gc,metaspace  ] GC(41) Metaspace: 52060K(54784K)->52060K(54784K) NonClass: 46144K(47616K)->46144K(47616K) Class: 5915K(7168K)->5915K(7168K)
[2026-06-17T22:54:57.276+0000][5214.012s][info][gc            ] GC(41) Pause Young (Normal) (G1 Evacuation Pause) 444M->170M(512M) 3.092ms
[2026-06-17T22:54:57.276+0000][5214.012s][info][gc,cpu        ] GC(41) User=0.02s Sys=0.00s Real=0.00s
[2026-06-17T22:54:58.855+0000][5215.591s][info][gc,start      ] GC(42) Pause Young (Normal) (G1 Evacuation Pause)
[2026-06-17T22:54:58.855+0000][5215.591s][info][gc,task       ] GC(42) Using 13 workers of 13 for evacuation
[2026-06-17T22:54:58.857+0000][5215.593s][info][gc,phases     ] GC(42)   Pre Evacuate Collection Set: 0.0ms
[2026-06-17T22:54:58.857+0000][5215.593s][info][gc,phases     ] GC(42)   Evacuate Collection Set: 1.4ms
[2026-06-17T22:54:58.857+0000][5215.593s][info][gc,phases     ] GC(42)   Post Evacuate Collection Set: 0.4ms
[2026-06-17T22:54:58.857+0000][5215.593s][info][gc,phases     ] GC(42)   Other: 0.2ms
[2026-06-17T22:54:58.857+0000][5215.593s][info][gc,heap       ] GC(42) Eden regions: 275->0(277)
[2026-06-17T22:54:58.857+0000][5215.593s][info][gc,heap       ] GC(42) Survivor regions: 6->6(36)
[2026-06-17T22:54:58.857+0000][5215.593s][info][gc,heap       ] GC(42) Old regions: 19->19
[2026-06-17T22:54:58.857+0000][5215.593s][info][gc,heap       ] GC(42) Humongous regions: 147->147
[2026-06-17T22:54:58.857+0000][5215.593s][info][gc,metaspace  ] GC(42) Metaspace: 52060K(54784K)->52060K(54784K) NonClass: 46144K(47616K)->46144K(47616K) Class: 5915K(7168K)->5915K(7168K)
[2026-06-17T22:54:58.857+0000][5215.593s][info][gc            ] GC(42) Pause Young (Normal) (G1 Evacuation Pause) 445M->170M(512M) 2.288ms
[2026-06-17T22:54:58.858+0000][5215.594s][info][gc,cpu        ] GC(42) User=0.01s Sys=0.00s Real=0.01s
[2026-06-17T22:55:47.572+0000][5264.307s][info][gc,start      ] GC(43) Pause Young (Normal) (G1 Evacuation Pause)
[2026-06-17T22:55:47.572+0000][5264.307s][info][gc,task       ] GC(43) Using 13 workers of 13 for evacuation
[2026-06-17T22:55:47.574+0000][5264.310s][info][gc,phases     ] GC(43)   Pre Evacuate Collection Set: 0.0ms
[2026-06-17T22:55:47.574+0000][5264.310s][info][gc,phases     ] GC(43)   Evacuate Collection Set: 1.8ms
[2026-06-17T22:55:47.574+0000][5264.310s][info][gc,phases     ] GC(43)   Post Evacuate Collection Set: 0.3ms
[2026-06-17T22:55:47.574+0000][5264.310s][info][gc,phases     ] GC(43)   Other: 0.3ms
[2026-06-17T22:55:47.574+0000][5264.310s][info][gc,heap       ] GC(43) Eden regions: 277->0(268)
[2026-06-17T22:55:47.574+0000][5264.310s][info][gc,heap       ] GC(43) Survivor regions: 6->12(36)
[2026-06-17T22:55:47.574+0000][5264.310s][info][gc,heap       ] GC(43) Old regions: 19->19
[2026-06-17T22:55:47.574+0000][5264.310s][info][gc,heap       ] GC(43) Humongous regions: 147->147
[2026-06-17T22:55:47.574+0000][5264.310s][info][gc,metaspace  ] GC(43) Metaspace: 52060K(54784K)->52060K(54784K) NonClass: 46145K(47616K)->46145K(47616K) Class: 5915K(7168K)->5915K(7168K)
[2026-06-17T22:55:47.574+0000][5264.310s][info][gc            ] GC(43) Pause Young (Normal) (G1 Evacuation Pause) 447M->177M(512M) 2.847ms
[2026-06-17T22:55:47.574+0000][5264.310s][info][gc,cpu        ] GC(43) User=0.02s Sys=0.00s Real=0.00s
[2026-06-17T22:55:49.293+0000][5266.029s][info][gc,start      ] GC(44) Pause Young (Normal) (G1 Evacuation Pause)
[2026-06-17T22:55:49.293+0000][5266.029s][info][gc,task       ] GC(44) Using 13 workers of 13 for evacuation
[2026-06-17T22:55:49.295+0000][5266.031s][info][gc,phases     ] GC(44)   Pre Evacuate Collection Set: 0.0ms
[2026-06-17T22:55:49.295+0000][5266.031s][info][gc,phases     ] GC(44)   Evacuate Collection Set: 1.6ms
[2026-06-17T22:55:49.295+0000][5266.031s][info][gc,phases     ] GC(44)   Post Evacuate Collection Set: 0.2ms
[2026-06-17T22:55:49.295+0000][5266.031s][info][gc,phases     ] GC(44)   Other: 0.2ms
[2026-06-17T22:55:49.295+0000][5266.031s][info][gc,heap       ] GC(44) Eden regions: 268->0(266)
[2026-06-17T22:55:49.296+0000][5266.031s][info][gc,heap       ] GC(44) Survivor regions: 12->12(35)
[2026-06-17T22:55:49.296+0000][5266.031s][info][gc,heap       ] GC(44) Old regions: 19->19
[2026-06-17T22:55:49.296+0000][5266.031s][info][gc,heap       ] GC(44) Humongous regions: 147->147
[2026-06-17T22:55:49.296+0000][5266.031s][info][gc,metaspace  ] GC(44) Metaspace: 52060K(54784K)->52060K(54784K) NonClass: 46145K(47616K)->46145K(47616K) Class: 5915K(7168K)->5915K(7168K)
[2026-06-17T22:55:49.296+0000][5266.031s][info][gc            ] GC(44) Pause Young (Normal) (G1 Evacuation Pause) 445M->177M(512M) 2.368ms
[2026-06-17T22:55:49.296+0000][5266.031s][info][gc,cpu        ] GC(44) User=0.02s Sys=0.01s Real=0.00s
[2026-06-17T22:55:50.846+0000][5267.581s][info][gc,start      ] GC(45) Pause Young (Normal) (G1 Evacuation Pause)
[2026-06-17T22:55:50.846+0000][5267.581s][info][gc,task       ] GC(45) Using 13 workers of 13 for evacuation
[2026-06-17T22:55:50.848+0000][5267.584s][info][gc,phases     ] GC(45)   Pre Evacuate Collection Set: 0.0ms
[2026-06-17T22:55:50.848+0000][5267.584s][info][gc,phases     ] GC(45)   Evacuate Collection Set: 1.7ms
[2026-06-17T22:55:50.848+0000][5267.584s][info][gc,phases     ] GC(45)   Post Evacuate Collection Set: 0.3ms
[2026-06-17T22:55:50.848+0000][5267.584s][info][gc,phases     ] GC(45)   Other: 0.3ms
[2026-06-17T22:55:50.848+0000][5267.584s][info][gc,heap       ] GC(45) Eden regions: 266->0(264)
[2026-06-17T22:55:50.848+0000][5267.584s][info][gc,heap       ] GC(45) Survivor regions: 12->13(35)
[2026-06-17T22:55:50.848+0000][5267.584s][info][gc,heap       ] GC(45) Old regions: 19->19
[2026-06-17T22:55:50.848+0000][5267.584s][info][gc,heap       ] GC(45) Humongous regions: 147->147
[2026-06-17T22:55:50.848+0000][5267.584s][info][gc,metaspace  ] GC(45) Metaspace: 52067K(54784K)->52067K(54784K) NonClass: 46152K(47616K)->46152K(47616K) Class: 5915K(7168K)->5915K(7168K)
[2026-06-17T22:55:50.848+0000][5267.584s][info][gc            ] GC(45) Pause Young (Normal) (G1 Evacuation Pause) 443M->178M(512M) 2.689ms
[2026-06-17T22:55:50.848+0000][5267.584s][info][gc,cpu        ] GC(45) User=0.02s Sys=0.00s Real=0.01s
[2026-06-17T22:56:39.701+0000][5316.436s][info][gc,start      ] GC(46) Pause Young (Normal) (G1 Evacuation Pause)
[2026-06-17T22:56:39.701+0000][5316.436s][info][gc,task       ] GC(46) Using 13 workers of 13 for evacuation
[2026-06-17T22:56:39.703+0000][5316.438s][info][gc,phases     ] GC(46)   Pre Evacuate Collection Set: 0.0ms
[2026-06-17T22:56:39.703+0000][5316.438s][info][gc,phases     ] GC(46)   Evacuate Collection Set: 1.5ms
[2026-06-17T22:56:39.703+0000][5316.438s][info][gc,phases     ] GC(46)   Post Evacuate Collection Set: 0.3ms
[2026-06-17T22:56:39.703+0000][5316.438s][info][gc,phases     ] GC(46)   Other: 0.3ms
[2026-06-17T22:56:39.703+0000][5316.438s][info][gc,heap       ] GC(46) Eden regions: 264->0(265)
[2026-06-17T22:56:39.703+0000][5316.438s][info][gc,heap       ] GC(46) Survivor regions: 13->12(35)
[2026-06-17T22:56:39.703+0000][5316.438s][info][gc,heap       ] GC(46) Old regions: 19->19
[2026-06-17T22:56:39.703+0000][5316.438s][info][gc,heap       ] GC(46) Humongous regions: 147->147
[2026-06-17T22:56:39.703+0000][5316.438s][info][gc,metaspace  ] GC(46) Metaspace: 52067K(54784K)->52067K(54784K) NonClass: 46152K(47616K)->46152K(47616K) Class: 5915K(7168K)->5915K(7168K)
[2026-06-17T22:56:39.703+0000][5316.438s][info][gc            ] GC(46) Pause Young (Normal) (G1 Evacuation Pause) 442M->176M(512M) 2.495ms
[2026-06-17T22:56:39.703+0000][5316.438s][info][gc,cpu        ] GC(46) User=0.01s Sys=0.00s Real=0.00s
[2026-06-17T22:56:41.639+0000][5318.374s][info][gc,start      ] GC(47) Pause Young (Normal) (G1 Evacuation Pause)
[2026-06-17T22:56:41.639+0000][5318.374s][info][gc,task       ] GC(47) Using 13 workers of 13 for evacuation
[2026-06-17T22:56:41.642+0000][5318.377s][info][gc,phases     ] GC(47)   Pre Evacuate Collection Set: 0.0ms
[2026-06-17T22:56:41.642+0000][5318.377s][info][gc,phases     ] GC(47)   Evacuate Collection Set: 2.4ms
[2026-06-17T22:56:41.642+0000][5318.377s][info][gc,phases     ] GC(47)   Post Evacuate Collection Set: 0.4ms
[2026-06-17T22:56:41.642+0000][5318.377s][info][gc,phases     ] GC(47)   Other: 0.3ms
[2026-06-17T22:56:41.642+0000][5318.377s][info][gc,heap       ] GC(47) Eden regions: 265->0(269)
[2026-06-17T22:56:41.642+0000][5318.377s][info][gc,heap       ] GC(47) Survivor regions: 12->9(35)
[2026-06-17T22:56:41.642+0000][5318.377s][info][gc,heap       ] GC(47) Old regions: 19->19
[2026-06-17T22:56:41.642+0000][5318.377s][info][gc,heap       ] GC(47) Humongous regions: 147->147
[2026-06-17T22:56:41.642+0000][5318.377s][info][gc,metaspace  ] GC(47) Metaspace: 52067K(54784K)->52067K(54784K) NonClass: 46152K(47616K)->46152K(47616K) Class: 5915K(7168K)->5915K(7168K)
[2026-06-17T22:56:41.642+0000][5318.377s][info][gc            ] GC(47) Pause Young (Normal) (G1 Evacuation Pause) 441M->174M(512M) 3.478ms
[2026-06-17T22:56:41.642+0000][5318.377s][info][gc,cpu        ] GC(47) User=0.03s Sys=0.00s Real=0.00s
[2026-06-17T22:56:43.241+0000][5319.976s][info][gc,start      ] GC(48) Pause Young (Normal) (G1 Evacuation Pause)
[2026-06-17T22:56:43.241+0000][5319.976s][info][gc,task       ] GC(48) Using 13 workers of 13 for evacuation
[2026-06-17T22:56:43.251+0000][5319.986s][info][gc,phases     ] GC(48)   Pre Evacuate Collection Set: 0.0ms
[2026-06-17T22:56:43.251+0000][5319.986s][info][gc,phases     ] GC(48)   Evacuate Collection Set: 9.0ms
[2026-06-17T22:56:43.251+0000][5319.986s][info][gc,phases     ] GC(48)   Post Evacuate Collection Set: 0.3ms
[2026-06-17T22:56:43.251+0000][5319.986s][info][gc,phases     ] GC(48)   Other: 0.3ms
[2026-06-17T22:56:43.251+0000][5319.986s][info][gc,heap       ] GC(48) Eden regions: 269->0(271)
[2026-06-17T22:56:43.251+0000][5319.986s][info][gc,heap       ] GC(48) Survivor regions: 9->9(35)
[2026-06-17T22:56:43.251+0000][5319.986s][info][gc,heap       ] GC(48) Old regions: 19->19
[2026-06-17T22:56:43.251+0000][5319.986s][info][gc,heap       ] GC(48) Humongous regions: 147->147
[2026-06-17T22:56:43.251+0000][5319.986s][info][gc,metaspace  ] GC(48) Metaspace: 52067K(54784K)->52067K(54784K) NonClass: 46152K(47616K)->46152K(47616K) Class: 5915K(7168K)->5915K(7168K)
[2026-06-17T22:56:43.251+0000][5319.986s][info][gc            ] GC(48) Pause Young (Normal) (G1 Evacuation Pause) 443M->174M(512M) 10.040ms
[2026-06-17T22:56:43.251+0000][5319.986s][info][gc,cpu        ] GC(48) User=0.09s Sys=0.00s Real=0.01s
[2026-06-17T22:57:32.180+0000][5368.915s][info][gc,start      ] GC(49) Pause Young (Normal) (G1 Evacuation Pause)
[2026-06-17T22:57:32.180+0000][5368.915s][info][gc,task       ] GC(49) Using 13 workers of 13 for evacuation
[2026-06-17T22:57:32.185+0000][5368.919s][info][gc,phases     ] GC(49)   Pre Evacuate Collection Set: 0.0ms
[2026-06-17T22:57:32.185+0000][5368.919s][info][gc,phases     ] GC(49)   Evacuate Collection Set: 3.9ms
[2026-06-17T22:57:32.185+0000][5368.920s][info][gc,phases     ] GC(49)   Post Evacuate Collection Set: 0.3ms
[2026-06-17T22:57:32.185+0000][5368.920s][info][gc,phases     ] GC(49)   Other: 0.3ms
[2026-06-17T22:57:32.185+0000][5368.920s][info][gc,heap       ] GC(49) Eden regions: 271->0(264)
[2026-06-17T22:57:32.185+0000][5368.920s][info][gc,heap       ] GC(49) Survivor regions: 9->15(35)
[2026-06-17T22:57:32.185+0000][5368.920s][info][gc,heap       ] GC(49) Old regions: 19->19
[2026-06-17T22:57:32.185+0000][5368.920s][info][gc,heap       ] GC(49) Humongous regions: 147->147
[2026-06-17T22:57:32.185+0000][5368.920s][info][gc,metaspace  ] GC(49) Metaspace: 52072K(54784K)->52072K(54784K) NonClass: 46157K(47616K)->46157K(47616K) Class: 5915K(7168K)->5915K(7168K)
[2026-06-17T22:57:32.185+0000][5368.920s][info][gc            ] GC(49) Pause Young (Normal) (G1 Evacuation Pause) 445M->180M(512M) 4.944ms
[2026-06-17T22:57:32.185+0000][5368.920s][info][gc,cpu        ] GC(49) User=0.05s Sys=0.00s Real=0.00s
[2026-06-17T22:57:33.867+0000][5370.602s][info][gc,start      ] GC(50) Pause Young (Normal) (G1 Evacuation Pause)
[2026-06-17T22:57:33.868+0000][5370.602s][info][gc,task       ] GC(50) Using 13 workers of 13 for evacuation
[2026-06-17T22:57:33.872+0000][5370.606s][info][gc,phases     ] GC(50)   Pre Evacuate Collection Set: 0.0ms
[2026-06-17T22:57:33.872+0000][5370.606s][info][gc,phases     ] GC(50)   Evacuate Collection Set: 3.7ms
[2026-06-17T22:57:33.872+0000][5370.606s][info][gc,phases     ] GC(50)   Post Evacuate Collection Set: 0.3ms
[2026-06-17T22:57:33.872+0000][5370.607s][info][gc,phases     ] GC(50)   Other: 0.4ms
[2026-06-17T22:57:33.872+0000][5370.607s][info][gc,heap       ] GC(50) Eden regions: 264->0(265)
[2026-06-17T22:57:33.872+0000][5370.607s][info][gc,heap       ] GC(50) Survivor regions: 15->14(35)
[2026-06-17T22:57:33.872+0000][5370.607s][info][gc,heap       ] GC(50) Old regions: 19->20
[2026-06-17T22:57:33.872+0000][5370.607s][info][gc,heap       ] GC(50) Humongous regions: 147->147
[2026-06-17T22:57:33.872+0000][5370.607s][info][gc,metaspace  ] GC(50) Metaspace: 52072K(54784K)->52072K(54784K) NonClass: 46157K(47616K)->46157K(47616K) Class: 5915K(7168K)->5915K(7168K)
[2026-06-17T22:57:33.872+0000][5370.607s][info][gc            ] GC(50) Pause Young (Normal) (G1 Evacuation Pause) 444M->179M(512M) 4.850ms
[2026-06-17T22:57:33.872+0000][5370.607s][info][gc,cpu        ] GC(50) User=0.04s Sys=0.00s Real=0.01s
[2026-06-17T22:57:35.398+0000][5372.133s][info][gc,start      ] GC(51) Pause Young (Normal) (G1 Evacuation Pause)
[2026-06-17T22:57:35.398+0000][5372.133s][info][gc,task       ] GC(51) Using 13 workers of 13 for evacuation
[2026-06-17T22:57:35.402+0000][5372.137s][info][gc,phases     ] GC(51)   Pre Evacuate Collection Set: 0.0ms
[2026-06-17T22:57:35.402+0000][5372.137s][info][gc,phases     ] GC(51)   Evacuate Collection Set: 3.4ms
[2026-06-17T22:57:35.402+0000][5372.137s][info][gc,phases     ] GC(51)   Post Evacuate Collection Set: 0.3ms
[2026-06-17T22:57:35.402+0000][5372.137s][info][gc,phases     ] GC(51)   Other: 0.3ms
[2026-06-17T22:57:35.402+0000][5372.137s][info][gc,heap       ] GC(51) Eden regions: 265->0(265)
[2026-06-17T22:57:35.403+0000][5372.137s][info][gc,heap       ] GC(51) Survivor regions: 14->14(35)
[2026-06-17T22:57:35.403+0000][5372.137s][info][gc,heap       ] GC(51) Old regions: 20->20
[2026-06-17T22:57:35.403+0000][5372.137s][info][gc,heap       ] GC(51) Humongous regions: 147->147
[2026-06-17T22:57:35.403+0000][5372.137s][info][gc,metaspace  ] GC(51) Metaspace: 52072K(54784K)->52072K(54784K) NonClass: 46157K(47616K)->46157K(47616K) Class: 5915K(7168K)->5915K(7168K)
[2026-06-17T22:57:35.403+0000][5372.137s][info][gc            ] GC(51) Pause Young (Normal) (G1 Evacuation Pause) 444M->180M(512M) 4.562ms
[2026-06-17T22:57:35.403+0000][5372.137s][info][gc,cpu        ] GC(51) User=0.04s Sys=0.00s Real=0.01s
[2026-06-17T22:58:24.338+0000][5421.072s][info][gc,start      ] GC(52) Pause Young (Normal) (G1 Evacuation Pause)
[2026-06-17T22:58:24.338+0000][5421.072s][info][gc,task       ] GC(52) Using 13 workers of 13 for evacuation
[2026-06-17T22:58:24.356+0000][5421.090s][info][gc,phases     ] GC(52)   Pre Evacuate Collection Set: 0.0ms
[2026-06-17T22:58:24.356+0000][5421.090s][info][gc,phases     ] GC(52)   Evacuate Collection Set: 16.4ms
[2026-06-17T22:58:24.356+0000][5421.090s][info][gc,phases     ] GC(52)   Post Evacuate Collection Set: 1.4ms
[2026-06-17T22:58:24.356+0000][5421.090s][info][gc,phases     ] GC(52)   Other: 0.5ms
[2026-06-17T22:58:24.356+0000][5421.091s][info][gc,heap       ] GC(52) Eden regions: 265->0(268)
[2026-06-17T22:58:24.356+0000][5421.091s][info][gc,heap       ] GC(52) Survivor regions: 14->12(35)
[2026-06-17T22:58:24.356+0000][5421.091s][info][gc,heap       ] GC(52) Old regions: 20->20
[2026-06-17T22:58:24.356+0000][5421.091s][info][gc,heap       ] GC(52) Humongous regions: 147->147
[2026-06-17T22:58:24.357+0000][5421.091s][info][gc,metaspace  ] GC(52) Metaspace: 52144K(54784K)->52144K(54784K) NonClass: 46206K(47616K)->46206K(47616K) Class: 5938K(7168K)->5938K(7168K)
[2026-06-17T22:58:24.357+0000][5421.091s][info][gc            ] GC(52) Pause Young (Normal) (G1 Evacuation Pause) 445M->178M(512M) 18.961ms
[2026-06-17T22:58:24.357+0000][5421.091s][info][gc,cpu        ] GC(52) User=0.08s Sys=0.00s Real=0.02s
[2026-06-17T22:58:26.086+0000][5422.821s][info][gc,start      ] GC(53) Pause Young (Normal) (G1 Evacuation Pause)
[2026-06-17T22:58:26.086+0000][5422.821s][info][gc,task       ] GC(53) Using 13 workers of 13 for evacuation
[2026-06-17T22:58:26.091+0000][5422.826s][info][gc,phases     ] GC(53)   Pre Evacuate Collection Set: 0.0ms
[2026-06-17T22:58:26.091+0000][5422.826s][info][gc,phases     ] GC(53)   Evacuate Collection Set: 4.5ms
[2026-06-17T22:58:26.091+0000][5422.826s][info][gc,phases     ] GC(53)   Post Evacuate Collection Set: 0.3ms
[2026-06-17T22:58:26.091+0000][5422.826s][info][gc,phases     ] GC(53)   Other: 0.2ms
[2026-06-17T22:58:26.091+0000][5422.826s][info][gc,heap       ] GC(53) Eden regions: 268->0(256)
[2026-06-17T22:58:26.091+0000][5422.826s][info][gc,heap       ] GC(53) Survivor regions: 12->18(35)
[2026-06-17T22:58:26.091+0000][5422.826s][info][gc,heap       ] GC(53) Old regions: 20->21
[2026-06-17T22:58:26.091+0000][5422.826s][info][gc,heap       ] GC(53) Humongous regions: 147->147
[2026-06-17T22:58:26.091+0000][5422.826s][info][gc,metaspace  ] GC(53) Metaspace: 52144K(54784K)->52144K(54784K) NonClass: 46206K(47616K)->46206K(47616K) Class: 5938K(7168K)->5938K(7168K)
[2026-06-17T22:58:26.091+0000][5422.826s][info][gc            ] GC(53) Pause Young (Normal) (G1 Evacuation Pause) 446M->184M(512M) 5.261ms
[2026-06-17T22:58:26.091+0000][5422.826s][info][gc,cpu        ] GC(53) User=0.06s Sys=0.00s Real=0.01s
[2026-06-17T22:58:27.552+0000][5424.287s][info][gc,start      ] GC(54) Pause Young (Normal) (G1 Evacuation Pause)
[2026-06-17T22:58:27.552+0000][5424.287s][info][gc,task       ] GC(54) Using 13 workers of 13 for evacuation
[2026-06-17T22:58:27.555+0000][5424.290s][info][gc,phases     ] GC(54)   Pre Evacuate Collection Set: 0.0ms
[2026-06-17T22:58:27.555+0000][5424.290s][info][gc,phases     ] GC(54)   Evacuate Collection Set: 2.3ms
[2026-06-17T22:58:27.555+0000][5424.290s][info][gc,phases     ] GC(54)   Post Evacuate Collection Set: 0.4ms
[2026-06-17T22:58:27.555+0000][5424.290s][info][gc,phases     ] GC(54)   Other: 0.4ms
[2026-06-17T22:58:27.555+0000][5424.290s][info][gc,heap       ] GC(54) Eden regions: 256->0(260)
[2026-06-17T22:58:27.556+0000][5424.290s][info][gc,heap       ] GC(54) Survivor regions: 18->16(35)
[2026-06-17T22:58:27.556+0000][5424.290s][info][gc,heap       ] GC(54) Old regions: 21->21
[2026-06-17T22:58:27.556+0000][5424.290s][info][gc,heap       ] GC(54) Humongous regions: 147->147
[2026-06-17T22:58:27.556+0000][5424.290s][info][gc,metaspace  ] GC(54) Metaspace: 52144K(54784K)->52144K(54784K) NonClass: 46206K(47616K)->46206K(47616K) Class: 5938K(7168K)->5938K(7168K)
[2026-06-17T22:58:27.556+0000][5424.290s][info][gc            ] GC(54) Pause Young (Normal) (G1 Evacuation Pause) 440M->183M(512M) 3.616ms
[2026-06-17T22:58:27.556+0000][5424.290s][info][gc,cpu        ] GC(54) User=0.03s Sys=0.00s Real=0.00s
[2026-06-17T22:59:16.284+0000][5473.018s][info][gc,start      ] GC(55) Pause Young (Normal) (G1 Evacuation Pause)
[2026-06-17T22:59:16.284+0000][5473.018s][info][gc,task       ] GC(55) Using 13 workers of 13 for evacuation
[2026-06-17T22:59:16.287+0000][5473.021s][info][gc,phases     ] GC(55)   Pre Evacuate Collection Set: 0.0ms
[2026-06-17T22:59:16.287+0000][5473.021s][info][gc,phases     ] GC(55)   Evacuate Collection Set: 2.4ms
[2026-06-17T22:59:16.287+0000][5473.021s][info][gc,phases     ] GC(55)   Post Evacuate Collection Set: 0.3ms
[2026-06-17T22:59:16.287+0000][5473.021s][info][gc,phases     ] GC(55)   Other: 0.2ms
[2026-06-17T22:59:16.287+0000][5473.021s][info][gc,heap       ] GC(55) Eden regions: 260->0(262)
[2026-06-17T22:59:16.287+0000][5473.021s][info][gc,heap       ] GC(55) Survivor regions: 16->14(35)
[2026-06-17T22:59:16.287+0000][5473.021s][info][gc,heap       ] GC(55) Old regions: 21->22
[2026-06-17T22:59:16.287+0000][5473.021s][info][gc,heap       ] GC(55) Humongous regions: 147->147
[2026-06-17T22:59:16.287+0000][5473.021s][info][gc,metaspace  ] GC(55) Metaspace: 52144K(54784K)->52144K(54784K) NonClass: 46206K(47616K)->46206K(47616K) Class: 5938K(7168K)->5938K(7168K)
[2026-06-17T22:59:16.287+0000][5473.021s][info][gc            ] GC(55) Pause Young (Normal) (G1 Evacuation Pause) 443M->182M(512M) 3.302ms
[2026-06-17T22:59:16.287+0000][5473.021s][info][gc,cpu        ] GC(55) User=0.03s Sys=0.01s Real=0.00s
[2026-06-17T22:59:17.867+0000][5474.601s][info][gc,start      ] GC(56) Pause Young (Normal) (G1 Evacuation Pause)
[2026-06-17T22:59:17.867+0000][5474.601s][info][gc,task       ] GC(56) Using 13 workers of 13 for evacuation
[2026-06-17T22:59:17.870+0000][5474.604s][info][gc,phases     ] GC(56)   Pre Evacuate Collection Set: 0.0ms
[2026-06-17T22:59:17.870+0000][5474.604s][info][gc,phases     ] GC(56)   Evacuate Collection Set: 2.1ms
[2026-06-17T22:59:17.870+0000][5474.604s][info][gc,phases     ] GC(56)   Post Evacuate Collection Set: 0.4ms
[2026-06-17T22:59:17.870+0000][5474.604s][info][gc,phases     ] GC(56)   Other: 0.2ms
[2026-06-17T22:59:17.870+0000][5474.604s][info][gc,heap       ] GC(56) Eden regions: 262->0(262)
[2026-06-17T22:59:17.870+0000][5474.604s][info][gc,heap       ] GC(56) Survivor regions: 14->14(35)
[2026-06-17T22:59:17.870+0000][5474.604s][info][gc,heap       ] GC(56) Old regions: 22->23
[2026-06-17T22:59:17.870+0000][5474.604s][info][gc,heap       ] GC(56) Humongous regions: 147->147
[2026-06-17T22:59:17.870+0000][5474.604s][info][gc,metaspace  ] GC(56) Metaspace: 52144K(54784K)->52144K(54784K) NonClass: 46206K(47616K)->46206K(47616K) Class: 5938K(7168K)->5938K(7168K)
[2026-06-17T22:59:17.870+0000][5474.604s][info][gc            ] GC(56) Pause Young (Normal) (G1 Evacuation Pause) 444M->182M(512M) 3.130ms
[2026-06-17T22:59:17.870+0000][5474.604s][info][gc,cpu        ] GC(56) User=0.03s Sys=0.00s Real=0.01s
[2026-06-17T22:59:19.384+0000][5476.118s][info][gc,start      ] GC(57) Pause Young (Normal) (G1 Evacuation Pause)
[2026-06-17T22:59:19.384+0000][5476.118s][info][gc,task       ] GC(57) Using 13 workers of 13 for evacuation
[2026-06-17T22:59:19.387+0000][5476.121s][info][gc,phases     ] GC(57)   Pre Evacuate Collection Set: 0.0ms
[2026-06-17T22:59:19.387+0000][5476.121s][info][gc,phases     ] GC(57)   Evacuate Collection Set: 2.4ms
[2026-06-17T22:59:19.387+0000][5476.121s][info][gc,phases     ] GC(57)   Post Evacuate Collection Set: 0.3ms
[2026-06-17T22:59:19.387+0000][5476.121s][info][gc,phases     ] GC(57)   Other: 0.3ms
[2026-06-17T22:59:19.387+0000][5476.121s][info][gc,heap       ] GC(57) Eden regions: 262->0(264)
[2026-06-17T22:59:19.387+0000][5476.121s][info][gc,heap       ] GC(57) Survivor regions: 14->13(35)
[2026-06-17T22:59:19.387+0000][5476.121s][info][gc,heap       ] GC(57) Old regions: 23->23
[2026-06-17T22:59:19.387+0000][5476.121s][info][gc,heap       ] GC(57) Humongous regions: 147->147
[2026-06-17T22:59:19.387+0000][5476.121s][info][gc,metaspace  ] GC(57) Metaspace: 52144K(54784K)->52144K(54784K) NonClass: 46206K(47616K)->46206K(47616K) Class: 5938K(7168K)->5938K(7168K)
[2026-06-17T22:59:19.388+0000][5476.121s][info][gc            ] GC(57) Pause Young (Normal) (G1 Evacuation Pause) 444M->182M(512M) 3.298ms
[2026-06-17T22:59:19.388+0000][5476.121s][info][gc,cpu        ] GC(57) User=0.03s Sys=0.00s Real=0.00s
[2026-06-17T23:00:08.140+0000][5524.873s][info][gc,start      ] GC(58) Pause Young (Normal) (G1 Evacuation Pause)
[2026-06-17T23:00:08.140+0000][5524.873s][info][gc,task       ] GC(58) Using 13 workers of 13 for evacuation
[2026-06-17T23:00:08.146+0000][5524.879s][info][gc,phases     ] GC(58)   Pre Evacuate Collection Set: 0.0ms
[2026-06-17T23:00:08.146+0000][5524.879s][info][gc,phases     ] GC(58)   Evacuate Collection Set: 5.6ms
[2026-06-17T23:00:08.146+0000][5524.879s][info][gc,phases     ] GC(58)   Post Evacuate Collection Set: 0.3ms
[2026-06-17T23:00:08.146+0000][5524.879s][info][gc,phases     ] GC(58)   Other: 0.3ms
[2026-06-17T23:00:08.146+0000][5524.879s][info][gc,heap       ] GC(58) Eden regions: 264->0(255)
[2026-06-17T23:00:08.146+0000][5524.879s][info][gc,heap       ] GC(58) Survivor regions: 13->17(35)
[2026-06-17T23:00:08.146+0000][5524.880s][info][gc,heap       ] GC(58) Old regions: 23->24
[2026-06-17T23:00:08.147+0000][5524.880s][info][gc,heap       ] GC(58) Humongous regions: 147->147
[2026-06-17T23:00:08.147+0000][5524.880s][info][gc,metaspace  ] GC(58) Metaspace: 52146K(54784K)->52146K(54784K) NonClass: 46208K(47616K)->46208K(47616K) Class: 5938K(7168K)->5938K(7168K)
[2026-06-17T23:00:08.147+0000][5524.880s][info][gc            ] GC(58) Pause Young (Normal) (G1 Evacuation Pause) 446M->187M(512M) 6.849ms
[2026-06-17T23:00:08.147+0000][5524.880s][info][gc,cpu        ] GC(58) User=0.07s Sys=0.00s Real=0.01s
[2026-06-17T23:00:09.757+0000][5526.490s][info][gc,start      ] GC(59) Pause Young (Normal) (G1 Evacuation Pause)
[2026-06-17T23:00:09.757+0000][5526.490s][info][gc,task       ] GC(59) Using 13 workers of 13 for evacuation
[2026-06-17T23:00:09.767+0000][5526.500s][info][gc,phases     ] GC(59)   Pre Evacuate Collection Set: 0.0ms
[2026-06-17T23:00:09.767+0000][5526.500s][info][gc,phases     ] GC(59)   Evacuate Collection Set: 9.3ms
[2026-06-17T23:00:09.767+0000][5526.500s][info][gc,phases     ] GC(59)   Post Evacuate Collection Set: 0.3ms
[2026-06-17T23:00:09.767+0000][5526.500s][info][gc,phases     ] GC(59)   Other: 0.3ms
[2026-06-17T23:00:09.767+0000][5526.500s][info][gc,heap       ] GC(59) Eden regions: 255->0(258)
[2026-06-17T23:00:09.767+0000][5526.500s][info][gc,heap       ] GC(59) Survivor regions: 17->15(34)
[2026-06-17T23:00:09.767+0000][5526.500s][info][gc,heap       ] GC(59) Old regions: 24->25
[2026-06-17T23:00:09.767+0000][5526.500s][info][gc,heap       ] GC(59) Humongous regions: 147->147
[2026-06-17T23:00:09.767+0000][5526.500s][info][gc,metaspace  ] GC(59) Metaspace: 52146K(54784K)->52146K(54784K) NonClass: 46208K(47616K)->46208K(47616K) Class: 5938K(7168K)->5938K(7168K)
[2026-06-17T23:00:09.767+0000][5526.500s][info][gc            ] GC(59) Pause Young (Normal) (G1 Evacuation Pause) 442M->186M(512M) 10.500ms
[2026-06-17T23:00:09.767+0000][5526.500s][info][gc,cpu        ] GC(59) User=0.10s Sys=0.00s Real=0.01s
[2026-06-17T23:00:11.209+0000][5527.942s][info][gc,start      ] GC(60) Pause Young (Normal) (G1 Evacuation Pause)
[2026-06-17T23:00:11.209+0000][5527.942s][info][gc,task       ] GC(60) Using 13 workers of 13 for evacuation
[2026-06-17T23:00:11.215+0000][5527.948s][info][gc,phases     ] GC(60)   Pre Evacuate Collection Set: 0.0ms
[2026-06-17T23:00:11.215+0000][5527.948s][info][gc,phases     ] GC(60)   Evacuate Collection Set: 5.5ms
[2026-06-17T23:00:11.215+0000][5527.948s][info][gc,phases     ] GC(60)   Post Evacuate Collection Set: 0.6ms
[2026-06-17T23:00:11.215+0000][5527.948s][info][gc,phases     ] GC(60)   Other: 0.3ms
[2026-06-17T23:00:11.215+0000][5527.948s][info][gc,heap       ] GC(60) Eden regions: 258->0(260)
[2026-06-17T23:00:11.215+0000][5527.948s][info][gc,heap       ] GC(60) Survivor regions: 15->13(35)
[2026-06-17T23:00:11.215+0000][5527.948s][info][gc,heap       ] GC(60) Old regions: 25->26
[2026-06-17T23:00:11.215+0000][5527.948s][info][gc,heap       ] GC(60) Humongous regions: 147->147
[2026-06-17T23:00:11.215+0000][5527.948s][info][gc,metaspace  ] GC(60) Metaspace: 52146K(54784K)->52146K(54784K) NonClass: 46208K(47616K)->46208K(47616K) Class: 5938K(7168K)->5938K(7168K)
[2026-06-17T23:00:11.215+0000][5527.948s][info][gc            ] GC(60) Pause Young (Normal) (G1 Evacuation Pause) 444M->184M(512M) 6.717ms
[2026-06-17T23:00:11.215+0000][5527.948s][info][gc,cpu        ] GC(60) User=0.06s Sys=0.00s Real=0.01s
[2026-06-17T23:00:59.808+0000][5576.541s][info][gc,start      ] GC(61) Pause Young (Normal) (G1 Evacuation Pause)
[2026-06-17T23:00:59.808+0000][5576.541s][info][gc,task       ] GC(61) Using 13 workers of 13 for evacuation
[2026-06-17T23:00:59.810+0000][5576.543s][info][gc,phases     ] GC(61)   Pre Evacuate Collection Set: 0.0ms
[2026-06-17T23:00:59.810+0000][5576.543s][info][gc,phases     ] GC(61)   Evacuate Collection Set: 1.8ms
[2026-06-17T23:00:59.811+0000][5576.543s][info][gc,phases     ] GC(61)   Post Evacuate Collection Set: 0.3ms
[2026-06-17T23:00:59.811+0000][5576.543s][info][gc,phases     ] GC(61)   Other: 0.2ms
[2026-06-17T23:00:59.811+0000][5576.543s][info][gc,heap       ] GC(61) Eden regions: 260->0(264)
[2026-06-17T23:00:59.811+0000][5576.543s][info][gc,heap       ] GC(61) Survivor regions: 13->11(35)
[2026-06-17T23:00:59.811+0000][5576.543s][info][gc,heap       ] GC(61) Old regions: 26->26
[2026-06-17T23:00:59.811+0000][5576.543s][info][gc,heap       ] GC(61) Humongous regions: 147->147
[2026-06-17T23:00:59.811+0000][5576.543s][info][gc,metaspace  ] GC(61) Metaspace: 52150K(54784K)->52150K(54784K) NonClass: 46212K(47616K)->46212K(47616K) Class: 5938K(7168K)->5938K(7168K)
[2026-06-17T23:00:59.811+0000][5576.543s][info][gc            ] GC(61) Pause Young (Normal) (G1 Evacuation Pause) 444M->183M(512M) 2.853ms
[2026-06-17T23:00:59.811+0000][5576.543s][info][gc,cpu        ] GC(61) User=0.03s Sys=0.00s Real=0.01s
[2026-06-17T23:01:01.407+0000][5578.140s][info][gc,start      ] GC(62) Pause Young (Normal) (G1 Evacuation Pause)
[2026-06-17T23:01:01.407+0000][5578.140s][info][gc,task       ] GC(62) Using 13 workers of 13 for evacuation
[2026-06-17T23:01:01.411+0000][5578.143s][info][gc,phases     ] GC(62)   Pre Evacuate Collection Set: 0.0ms
[2026-06-17T23:01:01.411+0000][5578.144s][info][gc,phases     ] GC(62)   Evacuate Collection Set: 3.3ms
[2026-06-17T23:01:01.411+0000][5578.144s][info][gc,phases     ] GC(62)   Post Evacuate Collection Set: 0.4ms
[2026-06-17T23:01:01.411+0000][5578.144s][info][gc,phases     ] GC(62)   Other: 0.3ms
[2026-06-17T23:01:01.411+0000][5578.144s][info][gc,heap       ] GC(62) Eden regions: 264->0(254)
[2026-06-17T23:01:01.411+0000][5578.144s][info][gc,heap       ] GC(62) Survivor regions: 11->16(35)
[2026-06-17T23:01:01.411+0000][5578.144s][info][gc,heap       ] GC(62) Old regions: 26->27
[2026-06-17T23:01:01.411+0000][5578.144s][info][gc,heap       ] GC(62) Humongous regions: 147->147
[2026-06-17T23:01:01.411+0000][5578.144s][info][gc,metaspace  ] GC(62) Metaspace: 52150K(54784K)->52150K(54784K) NonClass: 46212K(47616K)->46212K(47616K) Class: 5938K(7168K)->5938K(7168K)
[2026-06-17T23:01:01.412+0000][5578.144s][info][gc            ] GC(62) Pause Young (Normal) (G1 Evacuation Pause) 447M->188M(512M) 4.479ms
[2026-06-17T23:01:01.412+0000][5578.144s][info][gc,cpu        ] GC(62) User=0.04s Sys=0.00s Real=0.01s
[2026-06-17T23:01:02.852+0000][5579.585s][info][gc,start      ] GC(63) Pause Young (Normal) (G1 Evacuation Pause)
[2026-06-17T23:01:02.852+0000][5579.585s][info][gc,task       ] GC(63) Using 13 workers of 13 for evacuation
[2026-06-17T23:01:02.855+0000][5579.588s][info][gc,phases     ] GC(63)   Pre Evacuate Collection Set: 0.0ms
[2026-06-17T23:01:02.855+0000][5579.588s][info][gc,phases     ] GC(63)   Evacuate Collection Set: 2.6ms
[2026-06-17T23:01:02.856+0000][5579.588s][info][gc,phases     ] GC(63)   Post Evacuate Collection Set: 0.3ms
[2026-06-17T23:01:02.856+0000][5579.588s][info][gc,phases     ] GC(63)   Other: 0.3ms
[2026-06-17T23:01:02.856+0000][5579.588s][info][gc,heap       ] GC(63) Eden regions: 254->0(255)
[2026-06-17T23:01:02.856+0000][5579.588s][info][gc,heap       ] GC(63) Survivor regions: 16->15(34)
[2026-06-17T23:01:02.856+0000][5579.588s][info][gc,heap       ] GC(63) Old regions: 27->28
[2026-06-17T23:01:02.856+0000][5579.588s][info][gc,heap       ] GC(63) Humongous regions: 147->147
[2026-06-17T23:01:02.856+0000][5579.588s][info][gc,metaspace  ] GC(63) Metaspace: 52150K(54784K)->52150K(54784K) NonClass: 46212K(47616K)->46212K(47616K) Class: 5938K(7168K)->5938K(7168K)
[2026-06-17T23:01:02.856+0000][5579.588s][info][gc            ] GC(63) Pause Young (Normal) (G1 Evacuation Pause) 442M->188M(512M) 3.842ms
[2026-06-17T23:01:02.856+0000][5579.589s][info][gc,cpu        ] GC(63) User=0.03s Sys=0.00s Real=0.00s
[2026-06-17T23:01:51.451+0000][5628.183s][info][gc,start      ] GC(64) Pause Young (Normal) (G1 Evacuation Pause)
[2026-06-17T23:01:51.451+0000][5628.183s][info][gc,task       ] GC(64) Using 13 workers of 13 for evacuation
[2026-06-17T23:01:51.455+0000][5628.187s][info][gc,phases     ] GC(64)   Pre Evacuate Collection Set: 0.0ms
[2026-06-17T23:01:51.455+0000][5628.187s][info][gc,phases     ] GC(64)   Evacuate Collection Set: 3.5ms
[2026-06-17T23:01:51.455+0000][5628.187s][info][gc,phases     ] GC(64)   Post Evacuate Collection Set: 0.3ms
[2026-06-17T23:01:51.455+0000][5628.187s][info][gc,phases     ] GC(64)   Other: 0.3ms
[2026-06-17T23:01:51.455+0000][5628.187s][info][gc,heap       ] GC(64) Eden regions: 255->0(260)
[2026-06-17T23:01:51.455+0000][5628.187s][info][gc,heap       ] GC(64) Survivor regions: 15->12(34)
[2026-06-17T23:01:51.455+0000][5628.187s][info][gc,heap       ] GC(64) Old regions: 28->28
[2026-06-17T23:01:51.455+0000][5628.187s][info][gc,heap       ] GC(64) Humongous regions: 147->147
[2026-06-17T23:01:51.455+0000][5628.187s][info][gc,metaspace  ] GC(64) Metaspace: 52153K(54784K)->52153K(54784K) NonClass: 46215K(47616K)->46215K(47616K) Class: 5938K(7168K)->5938K(7168K)
[2026-06-17T23:01:51.455+0000][5628.187s][info][gc            ] GC(64) Pause Young (Normal) (G1 Evacuation Pause) 443M->186M(512M) 4.624ms
[2026-06-17T23:01:51.455+0000][5628.187s][info][gc,cpu        ] GC(64) User=0.05s Sys=0.00s Real=0.01s
[2026-06-17T23:01:53.125+0000][5629.857s][info][gc,start      ] GC(65) Pause Young (Normal) (G1 Evacuation Pause)
[2026-06-17T23:01:53.125+0000][5629.857s][info][gc,task       ] GC(65) Using 13 workers of 13 for evacuation
[2026-06-17T23:01:53.128+0000][5629.861s][info][gc,phases     ] GC(65)   Pre Evacuate Collection Set: 0.0ms
[2026-06-17T23:01:53.129+0000][5629.861s][info][gc,phases     ] GC(65)   Evacuate Collection Set: 3.2ms
[2026-06-17T23:01:53.129+0000][5629.861s][info][gc,phases     ] GC(65)   Post Evacuate Collection Set: 0.3ms
[2026-06-17T23:01:53.129+0000][5629.861s][info][gc,phases     ] GC(65)   Other: 0.3ms
[2026-06-17T23:01:53.129+0000][5629.861s][info][gc,heap       ] GC(65) Eden regions: 260->0(248)
[2026-06-17T23:01:53.129+0000][5629.861s][info][gc,heap       ] GC(65) Survivor regions: 12->18(34)
[2026-06-17T23:01:53.129+0000][5629.861s][info][gc,heap       ] GC(65) Old regions: 28->29
[2026-06-17T23:01:53.129+0000][5629.861s][info][gc,heap       ] GC(65) Humongous regions: 147->147
[2026-06-17T23:01:53.129+0000][5629.861s][info][gc,metaspace  ] GC(65) Metaspace: 52153K(54784K)->52153K(54784K) NonClass: 46215K(47616K)->46215K(47616K) Class: 5938K(7168K)->5938K(7168K)
[2026-06-17T23:01:53.129+0000][5629.861s][info][gc            ] GC(65) Pause Young (Normal) (G1 Evacuation Pause) 446M->192M(512M) 4.299ms
[2026-06-17T23:01:53.129+0000][5629.861s][info][gc,cpu        ] GC(65) User=0.04s Sys=0.00s Real=0.00s
[2026-06-17T23:01:54.460+0000][5631.193s][info][gc,start      ] GC(66) Pause Young (Normal) (G1 Evacuation Pause)
[2026-06-17T23:01:54.461+0000][5631.193s][info][gc,task       ] GC(66) Using 13 workers of 13 for evacuation
[2026-06-17T23:01:54.463+0000][5631.196s][info][gc,phases     ] GC(66)   Pre Evacuate Collection Set: 0.0ms
[2026-06-17T23:01:54.463+0000][5631.196s][info][gc,phases     ] GC(66)   Evacuate Collection Set: 2.3ms
[2026-06-17T23:01:54.463+0000][5631.196s][info][gc,phases     ] GC(66)   Post Evacuate Collection Set: 0.4ms
[2026-06-17T23:01:54.464+0000][5631.196s][info][gc,phases     ] GC(66)   Other: 0.3ms
[2026-06-17T23:01:54.464+0000][5631.196s][info][gc,heap       ] GC(66) Eden regions: 248->0(253)
[2026-06-17T23:01:54.464+0000][5631.196s][info][gc,heap       ] GC(66) Survivor regions: 18->15(34)
[2026-06-17T23:01:54.464+0000][5631.196s][info][gc,heap       ] GC(66) Old regions: 29->30
[2026-06-17T23:01:54.464+0000][5631.196s][info][gc,heap       ] GC(66) Humongous regions: 147->147
[2026-06-17T23:01:54.464+0000][5631.196s][info][gc,metaspace  ] GC(66) Metaspace: 52153K(54784K)->52153K(54784K) NonClass: 46215K(47616K)->46215K(47616K) Class: 5938K(7168K)->5938K(7168K)
[2026-06-17T23:01:54.464+0000][5631.196s][info][gc            ] GC(66) Pause Young (Normal) (G1 Evacuation Pause) 440M->191M(512M) 3.429ms
[2026-06-17T23:01:54.464+0000][5631.196s][info][gc,cpu        ] GC(66) User=0.03s Sys=0.00s Real=0.01s
[2026-06-17T23:02:42.906+0000][5679.637s][info][gc,start      ] GC(67) Pause Young (Normal) (G1 Evacuation Pause)
[2026-06-17T23:02:42.906+0000][5679.638s][info][gc,task       ] GC(67) Using 13 workers of 13 for evacuation
[2026-06-17T23:02:42.912+0000][5679.643s][info][gc,phases     ] GC(67)   Pre Evacuate Collection Set: 0.0ms
[2026-06-17T23:02:42.912+0000][5679.644s][info][gc,phases     ] GC(67)   Evacuate Collection Set: 4.2ms
[2026-06-17T23:02:42.912+0000][5679.644s][info][gc,phases     ] GC(67)   Post Evacuate Collection Set: 1.1ms
[2026-06-17T23:02:42.912+0000][5679.644s][info][gc,phases     ] GC(67)   Other: 0.9ms
[2026-06-17T23:02:42.912+0000][5679.644s][info][gc,heap       ] GC(67) Eden regions: 253->0(255)
[2026-06-17T23:02:42.912+0000][5679.644s][info][gc,heap       ] GC(67) Survivor regions: 15->13(34)
[2026-06-17T23:02:42.912+0000][5679.644s][info][gc,heap       ] GC(67) Old regions: 30->31
[2026-06-17T23:02:42.912+0000][5679.644s][info][gc,heap       ] GC(67) Humongous regions: 147->147
[2026-06-17T23:02:42.912+0000][5679.644s][info][gc,metaspace  ] GC(67) Metaspace: 52155K(54784K)->52155K(54784K) NonClass: 46217K(47616K)->46217K(47616K) Class: 5938K(7168K)->5938K(7168K)
[2026-06-17T23:02:42.912+0000][5679.644s][info][gc            ] GC(67) Pause Young (Normal) (G1 Evacuation Pause) 444M->190M(512M) 6.638ms
[2026-06-17T23:02:42.912+0000][5679.644s][info][gc,cpu        ] GC(67) User=0.05s Sys=0.00s Real=0.01s
[2026-06-17T23:02:44.589+0000][5681.321s][info][gc,start      ] GC(68) Pause Young (Normal) (G1 Evacuation Pause)
[2026-06-17T23:02:44.591+0000][5681.323s][info][gc,task       ] GC(68) Using 13 workers of 13 for evacuation
[2026-06-17T23:02:44.595+0000][5681.326s][info][gc,phases     ] GC(68)   Pre Evacuate Collection Set: 0.0ms
[2026-06-17T23:02:44.595+0000][5681.326s][info][gc,phases     ] GC(68)   Evacuate Collection Set: 2.9ms
[2026-06-17T23:02:44.595+0000][5681.326s][info][gc,phases     ] GC(68)   Post Evacuate Collection Set: 0.3ms
[2026-06-17T23:02:44.595+0000][5681.326s][info][gc,phases     ] GC(68)   Other: 2.4ms
[2026-06-17T23:02:44.595+0000][5681.327s][info][gc,heap       ] GC(68) Eden regions: 255->0(246)
[2026-06-17T23:02:44.595+0000][5681.327s][info][gc,heap       ] GC(68) Survivor regions: 13->18(34)
[2026-06-17T23:02:44.595+0000][5681.327s][info][gc,heap       ] GC(68) Old regions: 31->31
[2026-06-17T23:02:44.595+0000][5681.327s][info][gc,heap       ] GC(68) Humongous regions: 147->147
[2026-06-17T23:02:44.595+0000][5681.327s][info][gc,metaspace  ] GC(68) Metaspace: 52155K(54784K)->52155K(54784K) NonClass: 46217K(47616K)->46217K(47616K) Class: 5938K(7168K)->5938K(7168K)
[2026-06-17T23:02:44.595+0000][5681.327s][info][gc            ] GC(68) Pause Young (Normal) (G1 Evacuation Pause) 445M->195M(512M) 6.188ms
[2026-06-17T23:02:44.595+0000][5681.327s][info][gc,cpu        ] GC(68) User=0.04s Sys=0.00s Real=0.01s
[2026-06-17T23:02:46.055+0000][5682.786s][info][gc,start      ] GC(69) Pause Young (Normal) (G1 Evacuation Pause)
[2026-06-17T23:02:46.055+0000][5682.787s][info][gc,task       ] GC(69) Using 13 workers of 13 for evacuation
[2026-06-17T23:02:46.059+0000][5682.790s][info][gc,phases     ] GC(69)   Pre Evacuate Collection Set: 0.0ms
[2026-06-17T23:02:46.059+0000][5682.790s][info][gc,phases     ] GC(69)   Evacuate Collection Set: 3.1ms
[2026-06-17T23:02:46.059+0000][5682.790s][info][gc,phases     ] GC(69)   Post Evacuate Collection Set: 0.3ms
[2026-06-17T23:02:46.059+0000][5682.790s][info][gc,phases     ] GC(69)   Other: 0.3ms
[2026-06-17T23:02:46.059+0000][5682.790s][info][gc,heap       ] GC(69) Eden regions: 246->0(248)
[2026-06-17T23:02:46.059+0000][5682.790s][info][gc,heap       ] GC(69) Survivor regions: 18->16(33)
[2026-06-17T23:02:46.059+0000][5682.791s][info][gc,heap       ] GC(69) Old regions: 31->32
[2026-06-17T23:02:46.059+0000][5682.791s][info][gc,heap       ] GC(69) Humongous regions: 147->147
[2026-06-17T23:02:46.059+0000][5682.791s][info][gc,metaspace  ] GC(69) Metaspace: 52155K(54784K)->52155K(54784K) NonClass: 46217K(47616K)->46217K(47616K) Class: 5938K(7168K)->5938K(7168K)
[2026-06-17T23:02:46.059+0000][5682.791s][info][gc            ] GC(69) Pause Young (Normal) (G1 Evacuation Pause) 441M->194M(512M) 4.375ms
[2026-06-17T23:02:46.059+0000][5682.791s][info][gc,cpu        ] GC(69) User=0.03s Sys=0.00s Real=0.00s
[2026-06-17T23:03:25.355+0000][5722.086s][info][gc,start      ] GC(70) Pause Young (Normal) (G1 Evacuation Pause)
[2026-06-17T23:03:25.355+0000][5722.086s][info][gc,task       ] GC(70) Using 13 workers of 13 for evacuation
[2026-06-17T23:03:25.375+0000][5722.106s][info][gc,phases     ] GC(70)   Pre Evacuate Collection Set: 0.2ms
[2026-06-17T23:03:25.375+0000][5722.106s][info][gc,phases     ] GC(70)   Evacuate Collection Set: 18.6ms
[2026-06-17T23:03:25.375+0000][5722.106s][info][gc,phases     ] GC(70)   Post Evacuate Collection Set: 0.3ms
[2026-06-17T23:03:25.375+0000][5722.106s][info][gc,phases     ] GC(70)   Other: 0.9ms
[2026-06-17T23:03:25.375+0000][5722.106s][info][gc,heap       ] GC(70) Eden regions: 248->0(250)
[2026-06-17T23:03:25.375+0000][5722.106s][info][gc,heap       ] GC(70) Survivor regions: 16->14(33)
[2026-06-17T23:03:25.375+0000][5722.106s][info][gc,heap       ] GC(70) Old regions: 32->33
[2026-06-17T23:03:25.375+0000][5722.106s][info][gc,heap       ] GC(70) Humongous regions: 147->147
[2026-06-17T23:03:25.375+0000][5722.106s][info][gc,metaspace  ] GC(70) Metaspace: 52160K(54784K)->52160K(54784K) NonClass: 46222K(47616K)->46222K(47616K) Class: 5938K(7168K)->5938K(7168K)
[2026-06-17T23:03:25.375+0000][5722.106s][info][gc            ] GC(70) Pause Young (Normal) (G1 Evacuation Pause) 442M->192M(512M) 20.229ms
[2026-06-17T23:03:25.375+0000][5722.106s][info][gc,cpu        ] GC(70) User=0.12s Sys=0.00s Real=0.02s
[2026-06-17T23:03:36.047+0000][5732.778s][info][gc,start      ] GC(71) Pause Young (Concurrent Start) (G1 Evacuation Pause)
[2026-06-17T23:03:36.047+0000][5732.779s][info][gc,task       ] GC(71) Using 13 workers of 13 for evacuation
[2026-06-17T23:03:36.054+0000][5732.785s][info][gc,phases     ] GC(71)   Pre Evacuate Collection Set: 0.3ms
[2026-06-17T23:03:36.054+0000][5732.785s][info][gc,phases     ] GC(71)   Evacuate Collection Set: 6.1ms
[2026-06-17T23:03:36.054+0000][5732.786s][info][gc,phases     ] GC(71)   Post Evacuate Collection Set: 0.3ms
[2026-06-17T23:03:36.055+0000][5732.786s][info][gc,phases     ] GC(71)   Other: 0.5ms
[2026-06-17T23:03:36.055+0000][5732.786s][info][gc,heap       ] GC(71) Eden regions: 250->0(255)
[2026-06-17T23:03:36.055+0000][5732.786s][info][gc,heap       ] GC(71) Survivor regions: 14->11(33)
[2026-06-17T23:03:36.055+0000][5732.786s][info][gc,heap       ] GC(71) Old regions: 33->33
[2026-06-17T23:03:36.055+0000][5732.786s][info][gc,heap       ] GC(71) Humongous regions: 147->147
[2026-06-17T23:03:36.055+0000][5732.786s][info][gc,metaspace  ] GC(71) Metaspace: 52161K(54784K)->52161K(54784K) NonClass: 46223K(47616K)->46223K(47616K) Class: 5938K(7168K)->5938K(7168K)
[2026-06-17T23:03:36.055+0000][5732.786s][info][gc            ] GC(71) Pause Young (Concurrent Start) (G1 Evacuation Pause) 442M->190M(512M) 7.558ms
[2026-06-17T23:03:36.055+0000][5732.786s][info][gc,cpu        ] GC(71) User=0.05s Sys=0.00s Real=0.01s
[2026-06-17T23:03:36.055+0000][5732.786s][info][gc            ] GC(72) Concurrent Cycle
[2026-06-17T23:03:36.055+0000][5732.786s][info][gc,marking    ] GC(72) Concurrent Clear Claimed Marks
[2026-06-17T23:03:36.055+0000][5732.786s][info][gc,marking    ] GC(72) Concurrent Clear Claimed Marks 0.252ms
[2026-06-17T23:03:36.055+0000][5732.786s][info][gc,marking    ] GC(72) Concurrent Scan Root Regions
[2026-06-17T23:03:36.057+0000][5732.788s][info][gc,marking    ] GC(72) Concurrent Scan Root Regions 1.943ms
[2026-06-17T23:03:36.058+0000][5732.789s][info][gc,marking    ] GC(72) Concurrent Mark (5732.789s)
[2026-06-17T23:03:36.058+0000][5732.789s][info][gc,marking    ] GC(72) Concurrent Mark From Roots
[2026-06-17T23:03:36.058+0000][5732.789s][info][gc,task       ] GC(72) Using 3 workers of 3 for marking
[2026-06-17T23:03:36.064+0000][5732.796s][info][gc,marking    ] GC(72) Concurrent Mark From Roots 6.803ms
[2026-06-17T23:03:36.065+0000][5732.796s][info][gc,marking    ] GC(72) Concurrent Preclean
[2026-06-17T23:03:36.065+0000][5732.796s][info][gc,marking    ] GC(72) Concurrent Preclean 0.277ms
[2026-06-17T23:03:36.065+0000][5732.796s][info][gc,marking    ] GC(72) Concurrent Mark (5732.789s, 5732.796s) 7.373ms
[2026-06-17T23:03:36.065+0000][5732.796s][info][gc,start      ] GC(72) Pause Remark
[2026-06-17T23:03:36.071+0000][5732.802s][info][gc,stringtable] GC(72) Cleaned string and symbol table, strings: 17460 processed, 262 removed, symbols: 125044 processed, 7 removed
[2026-06-17T23:03:36.071+0000][5732.802s][info][gc            ] GC(72) Pause Remark 194M->194M(512M) 6.018ms
[2026-06-17T23:03:36.071+0000][5732.802s][info][gc,cpu        ] GC(72) User=0.03s Sys=0.00s Real=0.00s
[2026-06-17T23:03:36.071+0000][5732.803s][info][gc,marking    ] GC(72) Concurrent Rebuild Remembered Sets
[2026-06-17T23:03:36.076+0000][5732.807s][info][gc,marking    ] GC(72) Concurrent Rebuild Remembered Sets 4.124ms
[2026-06-17T23:03:36.076+0000][5732.807s][info][gc,start      ] GC(72) Pause Cleanup
[2026-06-17T23:03:36.076+0000][5732.807s][info][gc            ] GC(72) Pause Cleanup 195M->195M(512M) 0.285ms
[2026-06-17T23:03:36.076+0000][5732.807s][info][gc,cpu        ] GC(72) User=0.01s Sys=0.00s Real=0.00s
[2026-06-17T23:03:36.076+0000][5732.807s][info][gc,marking    ] GC(72) Concurrent Cleanup for Next Mark
[2026-06-17T23:03:36.078+0000][5732.809s][info][gc,marking    ] GC(72) Concurrent Cleanup for Next Mark 1.466ms
[2026-06-17T23:03:36.078+0000][5732.809s][info][gc            ] GC(72) Concurrent Cycle 23.144ms
[2026-06-17T23:03:37.583+0000][5734.314s][info][gc,start      ] GC(73) Pause Young (Normal) (G1 Evacuation Pause)
[2026-06-17T23:03:37.583+0000][5734.314s][info][gc,task       ] GC(73) Using 13 workers of 13 for evacuation
[2026-06-17T23:03:37.586+0000][5734.317s][info][gc,phases     ] GC(73)   Pre Evacuate Collection Set: 0.0ms
[2026-06-17T23:03:37.586+0000][5734.317s][info][gc,phases     ] GC(73)   Evacuate Collection Set: 2.6ms
[2026-06-17T23:03:37.586+0000][5734.317s][info][gc,phases     ] GC(73)   Post Evacuate Collection Set: 0.3ms
[2026-06-17T23:03:37.586+0000][5734.317s][info][gc,phases     ] GC(73)   Other: 0.3ms
[2026-06-17T23:03:37.586+0000][5734.318s][info][gc,heap       ] GC(73) Eden regions: 255->0(249)
[2026-06-17T23:03:37.586+0000][5734.318s][info][gc,heap       ] GC(73) Survivor regions: 11->15(34)
[2026-06-17T23:03:37.587+0000][5734.318s][info][gc,heap       ] GC(73) Old regions: 33->34
[2026-06-17T23:03:37.587+0000][5734.318s][info][gc,heap       ] GC(73) Humongous regions: 147->147
[2026-06-17T23:03:37.587+0000][5734.318s][info][gc,metaspace  ] GC(73) Metaspace: 52013K(54784K)->52013K(54784K) NonClass: 46116K(47616K)->46116K(47616K) Class: 5896K(7168K)->5896K(7168K)
[2026-06-17T23:03:37.587+0000][5734.318s][info][gc            ] GC(73) Pause Young (Normal) (G1 Evacuation Pause) 445M->194M(512M) 3.698ms
[2026-06-17T23:03:37.587+0000][5734.318s][info][gc,cpu        ] GC(73) User=0.03s Sys=0.00s Real=0.00s
[2026-06-17T23:03:39.014+0000][5735.745s][info][gc,start      ] GC(74) Pause Young (Concurrent Start) (G1 Evacuation Pause)
[2026-06-17T23:03:39.014+0000][5735.745s][info][gc,task       ] GC(74) Using 13 workers of 13 for evacuation
[2026-06-17T23:03:39.017+0000][5735.748s][info][gc,phases     ] GC(74)   Pre Evacuate Collection Set: 0.3ms
[2026-06-17T23:03:39.017+0000][5735.748s][info][gc,phases     ] GC(74)   Evacuate Collection Set: 2.4ms
[2026-06-17T23:03:39.017+0000][5735.748s][info][gc,phases     ] GC(74)   Post Evacuate Collection Set: 0.5ms
[2026-06-17T23:03:39.017+0000][5735.748s][info][gc,phases     ] GC(74)   Other: 0.3ms
[2026-06-17T23:03:39.017+0000][5735.749s][info][gc,heap       ] GC(74) Eden regions: 249->0(251)
[2026-06-17T23:03:39.018+0000][5735.749s][info][gc,heap       ] GC(74) Survivor regions: 15->13(33)
[2026-06-17T23:03:39.018+0000][5735.749s][info][gc,heap       ] GC(74) Old regions: 34->35
[2026-06-17T23:03:39.018+0000][5735.749s][info][gc,heap       ] GC(74) Humongous regions: 147->147
[2026-06-17T23:03:39.018+0000][5735.749s][info][gc,metaspace  ] GC(74) Metaspace: 52013K(54784K)->52013K(54784K) NonClass: 46116K(47616K)->46116K(47616K) Class: 5896K(7168K)->5896K(7168K)
[2026-06-17T23:03:39.018+0000][5735.749s][info][gc            ] GC(74) Pause Young (Concurrent Start) (G1 Evacuation Pause) 443M->194M(512M) 4.158ms
[2026-06-17T23:03:39.018+0000][5735.749s][info][gc,cpu        ] GC(74) User=0.03s Sys=0.00s Real=0.00s
[2026-06-17T23:03:39.018+0000][5735.749s][info][gc            ] GC(75) Concurrent Cycle
[2026-06-17T23:03:39.018+0000][5735.749s][info][gc,marking    ] GC(75) Concurrent Clear Claimed Marks
[2026-06-17T23:03:39.018+0000][5735.749s][info][gc,marking    ] GC(75) Concurrent Clear Claimed Marks 0.236ms
[2026-06-17T23:03:39.018+0000][5735.749s][info][gc,marking    ] GC(75) Concurrent Scan Root Regions
[2026-06-17T23:03:39.020+0000][5735.751s][info][gc,marking    ] GC(75) Concurrent Scan Root Regions 1.928ms
[2026-06-17T23:03:39.021+0000][5735.752s][info][gc,marking    ] GC(75) Concurrent Mark (5735.752s)
[2026-06-17T23:03:39.021+0000][5735.752s][info][gc,marking    ] GC(75) Concurrent Mark From Roots
[2026-06-17T23:03:39.021+0000][5735.752s][info][gc,task       ] GC(75) Using 3 workers of 3 for marking
[2026-06-17T23:03:39.026+0000][5735.757s][info][gc,marking    ] GC(75) Concurrent Mark From Roots 5.215ms
[2026-06-17T23:03:39.026+0000][5735.757s][info][gc,marking    ] GC(75) Concurrent Preclean
[2026-06-17T23:03:39.026+0000][5735.757s][info][gc,marking    ] GC(75) Concurrent Preclean 0.209ms
[2026-06-17T23:03:39.026+0000][5735.757s][info][gc,marking    ] GC(75) Concurrent Mark (5735.752s, 5735.757s) 5.782ms
[2026-06-17T23:03:39.027+0000][5735.758s][info][gc,start      ] GC(75) Pause Remark
[2026-06-17T23:03:39.031+0000][5735.762s][info][gc,stringtable] GC(75) Cleaned string and symbol table, strings: 17198 processed, 0 removed, symbols: 125037 processed, 21 removed
[2026-06-17T23:03:39.031+0000][5735.762s][info][gc            ] GC(75) Pause Remark 198M->198M(512M) 4.692ms
[2026-06-17T23:03:39.031+0000][5735.762s][info][gc,cpu        ] GC(75) User=0.02s Sys=0.00s Real=0.00s
[2026-06-17T23:03:39.031+0000][5735.763s][info][gc,marking    ] GC(75) Concurrent Rebuild Remembered Sets
[2026-06-17T23:03:39.036+0000][5735.767s][info][gc,marking    ] GC(75) Concurrent Rebuild Remembered Sets 4.219ms
[2026-06-17T23:03:39.036+0000][5735.767s][info][gc,start      ] GC(75) Pause Cleanup
[2026-06-17T23:03:39.037+0000][5735.768s][info][gc            ] GC(75) Pause Cleanup 199M->199M(512M) 0.653ms
[2026-06-17T23:03:39.037+0000][5735.768s][info][gc,cpu        ] GC(75) User=0.00s Sys=0.00s Real=0.00s
[2026-06-17T23:03:39.037+0000][5735.768s][info][gc,marking    ] GC(75) Concurrent Cleanup for Next Mark
[2026-06-17T23:03:39.037+0000][5735.769s][info][gc,marking    ] GC(75) Concurrent Cleanup for Next Mark 0.700ms
[2026-06-17T23:03:39.038+0000][5735.769s][info][gc            ] GC(75) Concurrent Cycle 19.627ms
[2026-06-17T23:04:27.792+0000][5784.522s][info][gc,start      ] GC(76) Pause Young (Normal) (G1 Evacuation Pause)
[2026-06-17T23:04:27.792+0000][5784.522s][info][gc,task       ] GC(76) Using 13 workers of 13 for evacuation
[2026-06-17T23:04:27.802+0000][5784.532s][info][gc,phases     ] GC(76)   Pre Evacuate Collection Set: 0.0ms
[2026-06-17T23:04:27.802+0000][5784.532s][info][gc,phases     ] GC(76)   Evacuate Collection Set: 9.4ms
[2026-06-17T23:04:27.802+0000][5784.532s][info][gc,phases     ] GC(76)   Post Evacuate Collection Set: 0.4ms
[2026-06-17T23:04:27.802+0000][5784.532s][info][gc,phases     ] GC(76)   Other: 0.4ms
[2026-06-17T23:04:27.802+0000][5784.532s][info][gc,heap       ] GC(76) Eden regions: 251->0(244)
[2026-06-17T23:04:27.802+0000][5784.532s][info][gc,heap       ] GC(76) Survivor regions: 13->17(33)
[2026-06-17T23:04:27.802+0000][5784.532s][info][gc,heap       ] GC(76) Old regions: 35->35
[2026-06-17T23:04:27.802+0000][5784.532s][info][gc,heap       ] GC(76) Humongous regions: 147->147
[2026-06-17T23:04:27.802+0000][5784.533s][info][gc,metaspace  ] GC(76) Metaspace: 52016K(54784K)->52016K(54784K) NonClass: 46119K(47616K)->46119K(47616K) Class: 5896K(7168K)->5896K(7168K)
[2026-06-17T23:04:27.802+0000][5784.533s][info][gc            ] GC(76) Pause Young (Normal) (G1 Evacuation Pause) 445M->198M(512M) 10.579ms
[2026-06-17T23:04:27.802+0000][5784.533s][info][gc,cpu        ] GC(76) User=0.09s Sys=0.00s Real=0.01s
[2026-06-17T23:04:29.235+0000][5785.966s][info][gc,start      ] GC(77) Pause Young (Concurrent Start) (G1 Evacuation Pause)
[2026-06-17T23:04:29.236+0000][5785.966s][info][gc,task       ] GC(77) Using 13 workers of 13 for evacuation
[2026-06-17T23:04:29.246+0000][5785.976s][info][gc,phases     ] GC(77)   Pre Evacuate Collection Set: 0.3ms
[2026-06-17T23:04:29.246+0000][5785.976s][info][gc,phases     ] GC(77)   Evacuate Collection Set: 9.3ms
[2026-06-17T23:04:29.246+0000][5785.976s][info][gc,phases     ] GC(77)   Post Evacuate Collection Set: 0.3ms
[2026-06-17T23:04:29.246+0000][5785.976s][info][gc,phases     ] GC(77)   Other: 0.3ms
[2026-06-17T23:04:29.246+0000][5785.976s][info][gc,heap       ] GC(77) Eden regions: 244->0(247)
[2026-06-17T23:04:29.246+0000][5785.976s][info][gc,heap       ] GC(77) Survivor regions: 17->14(33)
[2026-06-17T23:04:29.246+0000][5785.976s][info][gc,heap       ] GC(77) Old regions: 35->36
[2026-06-17T23:04:29.246+0000][5785.977s][info][gc,heap       ] GC(77) Humongous regions: 147->147
[2026-06-17T23:04:29.246+0000][5785.977s][info][gc,metaspace  ] GC(77) Metaspace: 52016K(54784K)->52016K(54784K) NonClass: 46119K(47616K)->46119K(47616K) Class: 5896K(7168K)->5896K(7168K)
[2026-06-17T23:04:29.246+0000][5785.977s][info][gc            ] GC(77) Pause Young (Concurrent Start) (G1 Evacuation Pause) 442M->196M(512M) 10.678ms
[2026-06-17T23:04:29.246+0000][5785.977s][info][gc,cpu        ] GC(77) User=0.08s Sys=0.00s Real=0.01s
[2026-06-17T23:04:29.246+0000][5785.977s][info][gc            ] GC(78) Concurrent Cycle
[2026-06-17T23:04:29.246+0000][5785.977s][info][gc,marking    ] GC(78) Concurrent Clear Claimed Marks
[2026-06-17T23:04:29.247+0000][5785.977s][info][gc,marking    ] GC(78) Concurrent Clear Claimed Marks 0.232ms
[2026-06-17T23:04:29.247+0000][5785.977s][info][gc,marking    ] GC(78) Concurrent Scan Root Regions
[2026-06-17T23:04:29.249+0000][5785.979s][info][gc,marking    ] GC(78) Concurrent Scan Root Regions 2.007ms
[2026-06-17T23:04:29.249+0000][5785.979s][info][gc,marking    ] GC(78) Concurrent Mark (5785.979s)
[2026-06-17T23:04:29.249+0000][5785.979s][info][gc,marking    ] GC(78) Concurrent Mark From Roots
[2026-06-17T23:04:29.249+0000][5785.979s][info][gc,task       ] GC(78) Using 3 workers of 3 for marking
[2026-06-17T23:04:29.254+0000][5785.984s][info][gc,marking    ] GC(78) Concurrent Mark From Roots 5.146ms
[2026-06-17T23:04:29.254+0000][5785.984s][info][gc,marking    ] GC(78) Concurrent Preclean
[2026-06-17T23:04:29.254+0000][5785.985s][info][gc,marking    ] GC(78) Concurrent Preclean 0.154ms
[2026-06-17T23:04:29.254+0000][5785.985s][info][gc,marking    ] GC(78) Concurrent Mark (5785.979s, 5785.985s) 5.505ms
[2026-06-17T23:04:29.254+0000][5785.985s][info][gc,start      ] GC(78) Pause Remark
[2026-06-17T23:04:29.263+0000][5785.994s][info][gc,stringtable] GC(78) Cleaned string and symbol table, strings: 17198 processed, 0 removed, symbols: 125016 processed, 0 removed
[2026-06-17T23:04:29.263+0000][5785.994s][info][gc            ] GC(78) Pause Remark 200M->200M(512M) 8.930ms
[2026-06-17T23:04:29.263+0000][5785.994s][info][gc,cpu        ] GC(78) User=0.07s Sys=0.00s Real=0.01s
[2026-06-17T23:04:29.264+0000][5785.994s][info][gc,marking    ] GC(78) Concurrent Rebuild Remembered Sets
[2026-06-17T23:04:29.267+0000][5785.998s][info][gc,marking    ] GC(78) Concurrent Rebuild Remembered Sets 3.582ms
[2026-06-17T23:04:29.267+0000][5785.998s][info][gc,start      ] GC(78) Pause Cleanup
[2026-06-17T23:04:29.268+0000][5785.998s][info][gc            ] GC(78) Pause Cleanup 201M->201M(512M) 0.220ms
[2026-06-17T23:04:29.268+0000][5785.998s][info][gc,cpu        ] GC(78) User=0.00s Sys=0.00s Real=0.00s
[2026-06-17T23:04:29.268+0000][5785.998s][info][gc,marking    ] GC(78) Concurrent Cleanup for Next Mark
[2026-06-17T23:04:29.268+0000][5785.998s][info][gc,marking    ] GC(78) Concurrent Cleanup for Next Mark 0.195ms
[2026-06-17T23:04:29.268+0000][5785.999s][info][gc            ] GC(78) Concurrent Cycle 21.770ms
[2026-06-17T23:04:30.611+0000][5787.341s][info][gc,start      ] GC(79) Pause Young (Normal) (G1 Evacuation Pause)
[2026-06-17T23:04:30.611+0000][5787.341s][info][gc,task       ] GC(79) Using 13 workers of 13 for evacuation
[2026-06-17T23:04:30.614+0000][5787.344s][info][gc,phases     ] GC(79)   Pre Evacuate Collection Set: 0.0ms
[2026-06-17T23:04:30.614+0000][5787.345s][info][gc,phases     ] GC(79)   Evacuate Collection Set: 2.3ms
[2026-06-17T23:04:30.614+0000][5787.345s][info][gc,phases     ] GC(79)   Post Evacuate Collection Set: 0.4ms
[2026-06-17T23:04:30.614+0000][5787.345s][info][gc,phases     ] GC(79)   Other: 0.3ms
[2026-06-17T23:04:30.614+0000][5787.345s][info][gc,heap       ] GC(79) Eden regions: 247->0(250)
[2026-06-17T23:04:30.614+0000][5787.345s][info][gc,heap       ] GC(79) Survivor regions: 14->12(33)
[2026-06-17T23:04:30.614+0000][5787.345s][info][gc,heap       ] GC(79) Old regions: 36->37
[2026-06-17T23:04:30.614+0000][5787.345s][info][gc,heap       ] GC(79) Humongous regions: 147->147
[2026-06-17T23:04:30.614+0000][5787.345s][info][gc,metaspace  ] GC(79) Metaspace: 52016K(54784K)->52016K(54784K) NonClass: 46119K(47616K)->46119K(47616K) Class: 5896K(7168K)->5896K(7168K)
[2026-06-17T23:04:30.614+0000][5787.345s][info][gc            ] GC(79) Pause Young (Normal) (G1 Evacuation Pause) 443M->194M(512M) 3.605ms
[2026-06-17T23:04:30.615+0000][5787.345s][info][gc,cpu        ] GC(79) User=0.02s Sys=0.00s Real=0.01s
[2026-06-17T23:05:19.188+0000][5835.918s][info][gc,start      ] GC(80) Pause Young (Concurrent Start) (G1 Evacuation Pause)
[2026-06-17T23:05:19.188+0000][5835.919s][info][gc,task       ] GC(80) Using 13 workers of 13 for evacuation
[2026-06-17T23:05:19.192+0000][5835.922s][info][gc,phases     ] GC(80)   Pre Evacuate Collection Set: 0.3ms
[2026-06-17T23:05:19.193+0000][5835.923s][info][gc,phases     ] GC(80)   Evacuate Collection Set: 2.9ms
[2026-06-17T23:05:19.193+0000][5835.923s][info][gc,phases     ] GC(80)   Post Evacuate Collection Set: 0.4ms
[2026-06-17T23:05:19.193+0000][5835.923s][info][gc,phases     ] GC(80)   Other: 0.4ms
[2026-06-17T23:05:19.193+0000][5835.923s][info][gc,heap       ] GC(80) Eden regions: 250->0(242)
[2026-06-17T23:05:19.193+0000][5835.923s][info][gc,heap       ] GC(80) Survivor regions: 12->17(33)
[2026-06-17T23:05:19.193+0000][5835.923s][info][gc,heap       ] GC(80) Old regions: 37->37
[2026-06-17T23:05:19.193+0000][5835.923s][info][gc,heap       ] GC(80) Humongous regions: 147->147
[2026-06-17T23:05:19.193+0000][5835.923s][info][gc,metaspace  ] GC(80) Metaspace: 52016K(54784K)->52016K(54784K) NonClass: 46119K(47616K)->46119K(47616K) Class: 5896K(7168K)->5896K(7168K)
[2026-06-17T23:05:19.193+0000][5835.923s][info][gc            ] GC(80) Pause Young (Concurrent Start) (G1 Evacuation Pause) 444M->199M(512M) 4.769ms
[2026-06-17T23:05:19.193+0000][5835.923s][info][gc,cpu        ] GC(80) User=0.03s Sys=0.00s Real=0.01s
[2026-06-17T23:05:19.193+0000][5835.923s][info][gc            ] GC(81) Concurrent Cycle
[2026-06-17T23:05:19.193+0000][5835.923s][info][gc,marking    ] GC(81) Concurrent Clear Claimed Marks
[2026-06-17T23:05:19.194+0000][5835.924s][info][gc,marking    ] GC(81) Concurrent Clear Claimed Marks 0.283ms
[2026-06-17T23:05:19.194+0000][5835.924s][info][gc,marking    ] GC(81) Concurrent Scan Root Regions
[2026-06-17T23:05:19.196+0000][5835.926s][info][gc,marking    ] GC(81) Concurrent Scan Root Regions 2.160ms
[2026-06-17T23:05:19.196+0000][5835.926s][info][gc,marking    ] GC(81) Concurrent Mark (5835.926s)
[2026-06-17T23:05:19.196+0000][5835.926s][info][gc,marking    ] GC(81) Concurrent Mark From Roots
[2026-06-17T23:05:19.196+0000][5835.926s][info][gc,task       ] GC(81) Using 3 workers of 3 for marking
[2026-06-17T23:05:19.201+0000][5835.931s][info][gc,marking    ] GC(81) Concurrent Mark From Roots 5.351ms
[2026-06-17T23:05:19.202+0000][5835.932s][info][gc,marking    ] GC(81) Concurrent Preclean
[2026-06-17T23:05:19.202+0000][5835.932s][info][gc,marking    ] GC(81) Concurrent Preclean 0.165ms
[2026-06-17T23:05:19.202+0000][5835.932s][info][gc,marking    ] GC(81) Concurrent Mark (5835.926s, 5835.932s) 5.773ms
[2026-06-17T23:05:19.202+0000][5835.932s][info][gc,start      ] GC(81) Pause Remark
[2026-06-17T23:05:19.206+0000][5835.936s][info][gc,stringtable] GC(81) Cleaned string and symbol table, strings: 17198 processed, 0 removed, symbols: 125016 processed, 0 removed
[2026-06-17T23:05:19.206+0000][5835.936s][info][gc            ] GC(81) Pause Remark 203M->203M(512M) 4.079ms
[2026-06-17T23:05:19.206+0000][5835.936s][info][gc,cpu        ] GC(81) User=0.02s Sys=0.01s Real=0.01s
[2026-06-17T23:05:19.206+0000][5835.936s][info][gc,marking    ] GC(81) Concurrent Rebuild Remembered Sets
[2026-06-17T23:05:19.211+0000][5835.941s][info][gc,marking    ] GC(81) Concurrent Rebuild Remembered Sets 4.316ms
[2026-06-17T23:05:19.211+0000][5835.941s][info][gc,start      ] GC(81) Pause Cleanup
[2026-06-17T23:05:19.211+0000][5835.941s][info][gc            ] GC(81) Pause Cleanup 204M->204M(512M) 0.174ms
[2026-06-17T23:05:19.211+0000][5835.941s][info][gc,cpu        ] GC(81) User=0.00s Sys=0.00s Real=0.00s
[2026-06-17T23:05:19.211+0000][5835.942s][info][gc,marking    ] GC(81) Concurrent Cleanup for Next Mark
[2026-06-17T23:05:19.212+0000][5835.942s][info][gc,marking    ] GC(81) Concurrent Cleanup for Next Mark 0.203ms
[2026-06-17T23:05:19.212+0000][5835.942s][info][gc            ] GC(81) Concurrent Cycle 18.503ms
[2026-06-17T23:05:20.757+0000][5837.487s][info][gc,start      ] GC(82) Pause Young (Normal) (G1 Evacuation Pause)
[2026-06-17T23:05:20.757+0000][5837.488s][info][gc,task       ] GC(82) Using 13 workers of 13 for evacuation
[2026-06-17T23:05:20.763+0000][5837.493s][info][gc,phases     ] GC(82)   Pre Evacuate Collection Set: 0.0ms
[2026-06-17T23:05:20.763+0000][5837.493s][info][gc,phases     ] GC(82)   Evacuate Collection Set: 5.3ms
[2026-06-17T23:05:20.763+0000][5837.493s][info][gc,phases     ] GC(82)   Post Evacuate Collection Set: 0.4ms
[2026-06-17T23:05:20.763+0000][5837.494s][info][gc,phases     ] GC(82)   Other: 0.3ms
[2026-06-17T23:05:20.764+0000][5837.494s][info][gc,heap       ] GC(82) Eden regions: 242->0(247)
[2026-06-17T23:05:20.764+0000][5837.494s][info][gc,heap       ] GC(82) Survivor regions: 17->13(33)
[2026-06-17T23:05:20.764+0000][5837.494s][info][gc,heap       ] GC(82) Old regions: 37->38
[2026-06-17T23:05:20.764+0000][5837.494s][info][gc,heap       ] GC(82) Humongous regions: 147->147
[2026-06-17T23:05:20.764+0000][5837.494s][info][gc,metaspace  ] GC(82) Metaspace: 52016K(54784K)->52016K(54784K) NonClass: 46119K(47616K)->46119K(47616K) Class: 5896K(7168K)->5896K(7168K)
[2026-06-17T23:05:20.764+0000][5837.494s][info][gc            ] GC(82) Pause Young (Normal) (G1 Evacuation Pause) 441M->197M(512M) 6.417ms
[2026-06-17T23:05:20.764+0000][5837.494s][info][gc,cpu        ] GC(82) User=0.07s Sys=0.00s Real=0.01s
[2026-06-17T23:05:22.156+0000][5838.886s][info][gc,start      ] GC(83) Pause Young (Concurrent Start) (G1 Evacuation Pause)
[2026-06-17T23:05:22.156+0000][5838.886s][info][gc,task       ] GC(83) Using 13 workers of 13 for evacuation
[2026-06-17T23:05:22.159+0000][5838.889s][info][gc,phases     ] GC(83)   Pre Evacuate Collection Set: 0.3ms
[2026-06-17T23:05:22.159+0000][5838.889s][info][gc,phases     ] GC(83)   Evacuate Collection Set: 2.5ms
[2026-06-17T23:05:22.159+0000][5838.889s][info][gc,phases     ] GC(83)   Post Evacuate Collection Set: 0.3ms
[2026-06-17T23:05:22.159+0000][5838.889s][info][gc,phases     ] GC(83)   Other: 0.3ms
[2026-06-17T23:05:22.159+0000][5838.889s][info][gc,heap       ] GC(83) Eden regions: 247->0(250)
[2026-06-17T23:05:22.159+0000][5838.889s][info][gc,heap       ] GC(83) Survivor regions: 13->12(33)
[2026-06-17T23:05:22.159+0000][5838.889s][info][gc,heap       ] GC(83) Old regions: 38->38
[2026-06-17T23:05:22.159+0000][5838.889s][info][gc,heap       ] GC(83) Humongous regions: 147->147
[2026-06-17T23:05:22.159+0000][5838.890s][info][gc,metaspace  ] GC(83) Metaspace: 52016K(54784K)->52016K(54784K) NonClass: 46119K(47616K)->46119K(47616K) Class: 5896K(7168K)->5896K(7168K)
[2026-06-17T23:05:22.160+0000][5838.890s][info][gc            ] GC(83) Pause Young (Concurrent Start) (G1 Evacuation Pause) 444M->196M(512M) 3.935ms
[2026-06-17T23:05:22.160+0000][5838.890s][info][gc,cpu        ] GC(83) User=0.03s Sys=0.00s Real=0.00s
[2026-06-17T23:05:22.160+0000][5838.890s][info][gc            ] GC(84) Concurrent Cycle
[2026-06-17T23:05:22.160+0000][5838.890s][info][gc,marking    ] GC(84) Concurrent Clear Claimed Marks
[2026-06-17T23:05:22.160+0000][5838.890s][info][gc,marking    ] GC(84) Concurrent Clear Claimed Marks 0.231ms
[2026-06-17T23:05:22.160+0000][5838.890s][info][gc,marking    ] GC(84) Concurrent Scan Root Regions
[2026-06-17T23:05:22.162+0000][5838.892s][info][gc,marking    ] GC(84) Concurrent Scan Root Regions 1.643ms
[2026-06-17T23:05:22.162+0000][5838.892s][info][gc,marking    ] GC(84) Concurrent Mark (5838.892s)
[2026-06-17T23:05:22.162+0000][5838.892s][info][gc,marking    ] GC(84) Concurrent Mark From Roots
[2026-06-17T23:05:22.162+0000][5838.892s][info][gc,task       ] GC(84) Using 3 workers of 3 for marking
[2026-06-17T23:05:22.167+0000][5838.897s][info][gc,marking    ] GC(84) Concurrent Mark From Roots 5.093ms
[2026-06-17T23:05:22.167+0000][5838.897s][info][gc,marking    ] GC(84) Concurrent Preclean
[2026-06-17T23:05:22.167+0000][5838.897s][info][gc,marking    ] GC(84) Concurrent Preclean 0.214ms
[2026-06-17T23:05:22.167+0000][5838.897s][info][gc,marking    ] GC(84) Concurrent Mark (5838.892s, 5838.897s) 5.619ms
[2026-06-17T23:05:22.168+0000][5838.898s][info][gc,start      ] GC(84) Pause Remark
[2026-06-17T23:05:22.170+0000][5838.900s][info][gc,stringtable] GC(84) Cleaned string and symbol table, strings: 17198 processed, 0 removed, symbols: 125016 processed, 0 removed
[2026-06-17T23:05:22.170+0000][5838.900s][info][gc            ] GC(84) Pause Remark 200M->200M(512M) 2.499ms
[2026-06-17T23:05:22.170+0000][5838.900s][info][gc,cpu        ] GC(84) User=0.02s Sys=0.00s Real=0.00s
[2026-06-17T23:05:22.170+0000][5838.900s][info][gc,marking    ] GC(84) Concurrent Rebuild Remembered Sets
[2026-06-17T23:05:22.174+0000][5838.904s][info][gc,marking    ] GC(84) Concurrent Rebuild Remembered Sets 4.087ms
[2026-06-17T23:05:22.175+0000][5838.905s][info][gc,start      ] GC(84) Pause Cleanup
[2026-06-17T23:05:22.175+0000][5838.905s][info][gc            ] GC(84) Pause Cleanup 201M->201M(512M) 0.208ms
[2026-06-17T23:05:22.175+0000][5838.905s][info][gc,cpu        ] GC(84) User=0.00s Sys=0.00s Real=0.00s
[2026-06-17T23:05:22.175+0000][5838.905s][info][gc,marking    ] GC(84) Concurrent Cleanup for Next Mark
[2026-06-17T23:05:22.175+0000][5838.905s][info][gc,marking    ] GC(84) Concurrent Cleanup for Next Mark 0.156ms
[2026-06-17T23:05:22.175+0000][5838.905s][info][gc            ] GC(84) Concurrent Cycle 15.559ms
[2026-06-17T23:06:10.616+0000][5887.346s][info][gc,start      ] GC(85) Pause Young (Normal) (G1 Evacuation Pause)
[2026-06-17T23:06:10.617+0000][5887.346s][info][gc,task       ] GC(85) Using 13 workers of 13 for evacuation
[2026-06-17T23:06:10.622+0000][5887.352s][info][gc,phases     ] GC(85)   Pre Evacuate Collection Set: 0.0ms
[2026-06-17T23:06:10.622+0000][5887.352s][info][gc,phases     ] GC(85)   Evacuate Collection Set: 4.9ms
[2026-06-17T23:06:10.622+0000][5887.352s][info][gc,phases     ] GC(85)   Post Evacuate Collection Set: 0.4ms
[2026-06-17T23:06:10.622+0000][5887.352s][info][gc,phases     ] GC(85)   Other: 0.3ms
[2026-06-17T23:06:10.622+0000][5887.352s][info][gc,heap       ] GC(85) Eden regions: 250->0(242)
[2026-06-17T23:06:10.622+0000][5887.352s][info][gc,heap       ] GC(85) Survivor regions: 12->16(33)
[2026-06-17T23:06:10.622+0000][5887.352s][info][gc,heap       ] GC(85) Old regions: 38->39
[2026-06-17T23:06:10.623+0000][5887.352s][info][gc,heap       ] GC(85) Humongous regions: 147->147
[2026-06-17T23:06:10.623+0000][5887.352s][info][gc,metaspace  ] GC(85) Metaspace: 52016K(54784K)->52016K(54784K) NonClass: 46119K(47616K)->46119K(47616K) Class: 5896K(7168K)->5896K(7168K)
[2026-06-17T23:06:10.623+0000][5887.352s][info][gc            ] GC(85) Pause Young (Normal) (G1 Evacuation Pause) 446M->200M(512M) 6.178ms
[2026-06-17T23:06:10.623+0000][5887.352s][info][gc,cpu        ] GC(85) User=0.06s Sys=0.00s Real=0.00s
[2026-06-17T23:06:12.316+0000][5889.046s][info][gc,start      ] GC(86) Pause Young (Concurrent Start) (G1 Evacuation Pause)
[2026-06-17T23:06:12.316+0000][5889.046s][info][gc,task       ] GC(86) Using 13 workers of 13 for evacuation
[2026-06-17T23:06:12.321+0000][5889.050s][info][gc,phases     ] GC(86)   Pre Evacuate Collection Set: 0.3ms
[2026-06-17T23:06:12.321+0000][5889.050s][info][gc,phases     ] GC(86)   Evacuate Collection Set: 3.4ms
[2026-06-17T23:06:12.321+0000][5889.050s][info][gc,phases     ] GC(86)   Post Evacuate Collection Set: 0.5ms
[2026-06-17T23:06:12.321+0000][5889.050s][info][gc,phases     ] GC(86)   Other: 0.4ms
[2026-06-17T23:06:12.321+0000][5889.050s][info][gc,heap       ] GC(86) Eden regions: 242->0(246)
[2026-06-17T23:06:12.321+0000][5889.050s][info][gc,heap       ] GC(86) Survivor regions: 16->13(33)
[2026-06-17T23:06:12.321+0000][5889.050s][info][gc,heap       ] GC(86) Old regions: 39->40
[2026-06-17T23:06:12.321+0000][5889.051s][info][gc,heap       ] GC(86) Humongous regions: 147->147
[2026-06-17T23:06:12.321+0000][5889.051s][info][gc,metaspace  ] GC(86) Metaspace: 52016K(54784K)->52016K(54784K) NonClass: 46119K(47616K)->46119K(47616K) Class: 5896K(7168K)->5896K(7168K)
[2026-06-17T23:06:12.321+0000][5889.051s][info][gc            ] GC(86) Pause Young (Concurrent Start) (G1 Evacuation Pause) 442M->198M(512M) 4.915ms
[2026-06-17T23:06:12.321+0000][5889.051s][info][gc,cpu        ] GC(86) User=0.04s Sys=0.00s Real=0.00s
[2026-06-17T23:06:12.321+0000][5889.051s][info][gc            ] GC(87) Concurrent Cycle
[2026-06-17T23:06:12.321+0000][5889.051s][info][gc,marking    ] GC(87) Concurrent Clear Claimed Marks
[2026-06-17T23:06:12.321+0000][5889.051s][info][gc,marking    ] GC(87) Concurrent Clear Claimed Marks 0.220ms
[2026-06-17T23:06:12.321+0000][5889.051s][info][gc,marking    ] GC(87) Concurrent Scan Root Regions
[2026-06-17T23:06:12.323+0000][5889.053s][info][gc,marking    ] GC(87) Concurrent Scan Root Regions 1.783ms
[2026-06-17T23:06:12.323+0000][5889.053s][info][gc,marking    ] GC(87) Concurrent Mark (5889.053s)
[2026-06-17T23:06:12.323+0000][5889.053s][info][gc,marking    ] GC(87) Concurrent Mark From Roots
[2026-06-17T23:06:12.323+0000][5889.053s][info][gc,task       ] GC(87) Using 3 workers of 3 for marking
[2026-06-17T23:06:12.329+0000][5889.058s][info][gc,marking    ] GC(87) Concurrent Mark From Roots 5.118ms
[2026-06-17T23:06:12.329+0000][5889.058s][info][gc,marking    ] GC(87) Concurrent Preclean
[2026-06-17T23:06:12.329+0000][5889.058s][info][gc,marking    ] GC(87) Concurrent Preclean 0.198ms
[2026-06-17T23:06:12.329+0000][5889.058s][info][gc,marking    ] GC(87) Concurrent Mark (5889.053s, 5889.058s) 5.561ms
[2026-06-17T23:06:12.329+0000][5889.059s][info][gc,start      ] GC(87) Pause Remark
[2026-06-17T23:06:12.332+0000][5889.061s][info][gc,stringtable] GC(87) Cleaned string and symbol table, strings: 17200 processed, 0 removed, symbols: 125016 processed, 0 removed
[2026-06-17T23:06:12.332+0000][5889.062s][info][gc            ] GC(87) Pause Remark 202M->202M(512M) 2.961ms
[2026-06-17T23:06:12.332+0000][5889.062s][info][gc,cpu        ] GC(87) User=0.02s Sys=0.00s Real=0.00s
[2026-06-17T23:06:12.332+0000][5889.062s][info][gc,marking    ] GC(87) Concurrent Rebuild Remembered Sets
[2026-06-17T23:06:12.336+0000][5889.066s][info][gc,marking    ] GC(87) Concurrent Rebuild Remembered Sets 4.077ms
[2026-06-17T23:06:12.337+0000][5889.066s][info][gc,start      ] GC(87) Pause Cleanup
[2026-06-17T23:06:12.337+0000][5889.066s][info][gc            ] GC(87) Pause Cleanup 202M->202M(512M) 0.182ms
[2026-06-17T23:06:12.337+0000][5889.066s][info][gc,cpu        ] GC(87) User=0.00s Sys=0.00s Real=0.00s
[2026-06-17T23:06:12.337+0000][5889.066s][info][gc,marking    ] GC(87) Concurrent Cleanup for Next Mark
[2026-06-17T23:06:12.337+0000][5889.067s][info][gc,marking    ] GC(87) Concurrent Cleanup for Next Mark 0.148ms
[2026-06-17T23:06:12.337+0000][5889.067s][info][gc            ] GC(87) Concurrent Cycle 16.031ms
[2026-06-17T23:06:13.723+0000][5890.452s][info][gc,start      ] GC(88) Pause Young (Normal) (G1 Evacuation Pause)
[2026-06-17T23:06:13.723+0000][5890.452s][info][gc,task       ] GC(88) Using 13 workers of 13 for evacuation
[2026-06-17T23:06:13.725+0000][5890.455s][info][gc,phases     ] GC(88)   Pre Evacuate Collection Set: 0.0ms
[2026-06-17T23:06:13.725+0000][5890.455s][info][gc,phases     ] GC(88)   Evacuate Collection Set: 2.2ms
[2026-06-17T23:06:13.726+0000][5890.455s][info][gc,phases     ] GC(88)   Post Evacuate Collection Set: 0.4ms
[2026-06-17T23:06:13.726+0000][5890.455s][info][gc,phases     ] GC(88)   Other: 0.3ms
[2026-06-17T23:06:13.726+0000][5890.455s][info][gc,heap       ] GC(88) Eden regions: 246->0(250)
[2026-06-17T23:06:13.726+0000][5890.455s][info][gc,heap       ] GC(88) Survivor regions: 13->11(33)
[2026-06-17T23:06:13.726+0000][5890.455s][info][gc,heap       ] GC(88) Old regions: 40->40
[2026-06-17T23:06:13.726+0000][5890.455s][info][gc,heap       ] GC(88) Humongous regions: 147->147
[2026-06-17T23:06:13.726+0000][5890.455s][info][gc,metaspace  ] GC(88) Metaspace: 52016K(54784K)->52016K(54784K) NonClass: 46119K(47616K)->46119K(47616K) Class: 5896K(7168K)->5896K(7168K)
[2026-06-17T23:06:13.726+0000][5890.456s][info][gc            ] GC(88) Pause Young (Normal) (G1 Evacuation Pause) 444M->197M(512M) 3.354ms
[2026-06-17T23:06:13.726+0000][5890.456s][info][gc,cpu        ] GC(88) User=0.03s Sys=0.00s Real=0.01s
[2026-06-17T23:07:02.178+0000][5938.907s][info][gc,start      ] GC(89) Pause Young (Concurrent Start) (G1 Evacuation Pause)
[2026-06-17T23:07:02.178+0000][5938.907s][info][gc,task       ] GC(89) Using 13 workers of 13 for evacuation
[2026-06-17T23:07:02.182+0000][5938.911s][info][gc,phases     ] GC(89)   Pre Evacuate Collection Set: 0.3ms
[2026-06-17T23:07:02.182+0000][5938.911s][info][gc,phases     ] GC(89)   Evacuate Collection Set: 3.8ms
[2026-06-17T23:07:02.183+0000][5938.912s][info][gc,phases     ] GC(89)   Post Evacuate Collection Set: 0.4ms
[2026-06-17T23:07:02.183+0000][5938.912s][info][gc,phases     ] GC(89)   Other: 0.4ms
[2026-06-17T23:07:02.183+0000][5938.912s][info][gc,heap       ] GC(89) Eden regions: 250->0(240)
[2026-06-17T23:07:02.183+0000][5938.912s][info][gc,heap       ] GC(89) Survivor regions: 11->16(33)
[2026-06-17T23:07:02.183+0000][5938.912s][info][gc,heap       ] GC(89) Old regions: 40->41
[2026-06-17T23:07:02.183+0000][5938.912s][info][gc,heap       ] GC(89) Humongous regions: 147->147
[2026-06-17T23:07:02.183+0000][5938.912s][info][gc,metaspace  ] GC(89) Metaspace: 52020K(54784K)->52020K(54784K) NonClass: 46123K(47616K)->46123K(47616K) Class: 5896K(7168K)->5896K(7168K)
[2026-06-17T23:07:02.183+0000][5938.912s][info][gc            ] GC(89) Pause Young (Concurrent Start) (G1 Evacuation Pause) 447M->203M(512M) 5.298ms
[2026-06-17T23:07:02.183+0000][5938.912s][info][gc,cpu        ] GC(89) User=0.03s Sys=0.00s Real=0.00s
[2026-06-17T23:07:02.183+0000][5938.912s][info][gc            ] GC(90) Concurrent Cycle
[2026-06-17T23:07:02.183+0000][5938.912s][info][gc,marking    ] GC(90) Concurrent Clear Claimed Marks
[2026-06-17T23:07:02.183+0000][5938.912s][info][gc,marking    ] GC(90) Concurrent Clear Claimed Marks 0.179ms
[2026-06-17T23:07:02.183+0000][5938.912s][info][gc,marking    ] GC(90) Concurrent Scan Root Regions
[2026-06-17T23:07:02.186+0000][5938.915s][info][gc,marking    ] GC(90) Concurrent Scan Root Regions 2.315ms
[2026-06-17T23:07:02.186+0000][5938.915s][info][gc,marking    ] GC(90) Concurrent Mark (5938.915s)
[2026-06-17T23:07:02.186+0000][5938.915s][info][gc,marking    ] GC(90) Concurrent Mark From Roots
[2026-06-17T23:07:02.186+0000][5938.915s][info][gc,task       ] GC(90) Using 3 workers of 3 for marking
[2026-06-17T23:07:02.192+0000][5938.921s][info][gc,marking    ] GC(90) Concurrent Mark From Roots 5.660ms
[2026-06-17T23:07:02.192+0000][5938.921s][info][gc,marking    ] GC(90) Concurrent Preclean
[2026-06-17T23:07:02.192+0000][5938.921s][info][gc,marking    ] GC(90) Concurrent Preclean 0.185ms
[2026-06-17T23:07:02.192+0000][5938.921s][info][gc,marking    ] GC(90) Concurrent Mark (5938.915s, 5938.921s) 6.343ms
[2026-06-17T23:07:02.193+0000][5938.922s][info][gc,start      ] GC(90) Pause Remark
[2026-06-17T23:07:02.195+0000][5938.924s][info][gc,stringtable] GC(90) Cleaned string and symbol table, strings: 17205 processed, 0 removed, symbols: 125016 processed, 0 removed
[2026-06-17T23:07:02.196+0000][5938.925s][info][gc            ] GC(90) Pause Remark 208M->208M(512M) 3.175ms
[2026-06-17T23:07:02.196+0000][5938.925s][info][gc,cpu        ] GC(90) User=0.02s Sys=0.00s Real=0.01s
[2026-06-17T23:07:02.196+0000][5938.925s][info][gc,marking    ] GC(90) Concurrent Rebuild Remembered Sets
[2026-06-17T23:07:02.200+0000][5938.929s][info][gc,marking    ] GC(90) Concurrent Rebuild Remembered Sets 3.971ms
[2026-06-17T23:07:02.200+0000][5938.929s][info][gc,start      ] GC(90) Pause Cleanup
[2026-06-17T23:07:02.200+0000][5938.929s][info][gc            ] GC(90) Pause Cleanup 209M->209M(512M) 0.205ms
[2026-06-17T23:07:02.200+0000][5938.929s][info][gc,cpu        ] GC(90) User=0.00s Sys=0.00s Real=0.00s
[2026-06-17T23:07:02.200+0000][5938.929s][info][gc,marking    ] GC(90) Concurrent Cleanup for Next Mark
[2026-06-17T23:07:02.201+0000][5938.930s][info][gc,marking    ] GC(90) Concurrent Cleanup for Next Mark 0.205ms
[2026-06-17T23:07:02.201+0000][5938.930s][info][gc            ] GC(90) Concurrent Cycle 17.788ms
[2026-06-17T23:07:03.840+0000][5940.569s][info][gc,start      ] GC(91) Pause Young (Normal) (G1 Evacuation Pause)
[2026-06-17T23:07:03.840+0000][5940.569s][info][gc,task       ] GC(91) Using 13 workers of 13 for evacuation
[2026-06-17T23:07:03.843+0000][5940.572s][info][gc,phases     ] GC(91)   Pre Evacuate Collection Set: 0.0ms
[2026-06-17T23:07:03.844+0000][5940.573s][info][gc,phases     ] GC(91)   Evacuate Collection Set: 2.6ms
[2026-06-17T23:07:03.844+0000][5940.573s][info][gc,phases     ] GC(91)   Post Evacuate Collection Set: 0.4ms
[2026-06-17T23:07:03.844+0000][5940.573s][info][gc,phases     ] GC(91)   Other: 0.3ms
[2026-06-17T23:07:03.844+0000][5940.573s][info][gc,heap       ] GC(91) Eden regions: 240->0(244)
[2026-06-17T23:07:03.844+0000][5940.573s][info][gc,heap       ] GC(91) Survivor regions: 16->13(32)
[2026-06-17T23:07:03.844+0000][5940.573s][info][gc,heap       ] GC(91) Old regions: 41->42
[2026-06-17T23:07:03.844+0000][5940.573s][info][gc,heap       ] GC(91) Humongous regions: 147->147
[2026-06-17T23:07:03.844+0000][5940.573s][info][gc,metaspace  ] GC(91) Metaspace: 52020K(54784K)->52020K(54784K) NonClass: 46123K(47616K)->46123K(47616K) Class: 5896K(7168K)->5896K(7168K)
[2026-06-17T23:07:03.844+0000][5940.573s][info][gc            ] GC(91) Pause Young (Normal) (G1 Evacuation Pause) 443M->200M(512M) 3.742ms
[2026-06-17T23:07:03.844+0000][5940.573s][info][gc,cpu        ] GC(91) User=0.03s Sys=0.00s Real=0.00s
[2026-06-17T23:07:05.326+0000][5942.055s][info][gc,start      ] GC(92) Pause Young (Concurrent Start) (G1 Evacuation Pause)
[2026-06-17T23:07:05.327+0000][5942.055s][info][gc,task       ] GC(92) Using 13 workers of 13 for evacuation
[2026-06-17T23:07:05.332+0000][5942.061s][info][gc,phases     ] GC(92)   Pre Evacuate Collection Set: 0.3ms
[2026-06-17T23:07:05.332+0000][5942.061s][info][gc,phases     ] GC(92)   Evacuate Collection Set: 4.6ms
[2026-06-17T23:07:05.332+0000][5942.061s][info][gc,phases     ] GC(92)   Post Evacuate Collection Set: 0.4ms
[2026-06-17T23:07:05.332+0000][5942.061s][info][gc,phases     ] GC(92)   Other: 0.3ms
[2026-06-17T23:07:05.332+0000][5942.061s][info][gc,heap       ] GC(92) Eden regions: 244->0(235)
[2026-06-17T23:07:05.332+0000][5942.061s][info][gc,heap       ] GC(92) Survivor regions: 13->18(33)
[2026-06-17T23:07:05.332+0000][5942.061s][info][gc,heap       ] GC(92) Old regions: 42->42
[2026-06-17T23:07:05.332+0000][5942.061s][info][gc,heap       ] GC(92) Humongous regions: 147->147
[2026-06-17T23:07:05.332+0000][5942.061s][info][gc,metaspace  ] GC(92) Metaspace: 52021K(54784K)->52021K(54784K) NonClass: 46124K(47616K)->46124K(47616K) Class: 5896K(7168K)->5896K(7168K)
[2026-06-17T23:07:05.332+0000][5942.061s][info][gc            ] GC(92) Pause Young (Concurrent Start) (G1 Evacuation Pause) 444M->205M(512M) 6.008ms
[2026-06-17T23:07:05.332+0000][5942.061s][info][gc,cpu        ] GC(92) User=0.05s Sys=0.00s Real=0.00s
[2026-06-17T23:07:05.332+0000][5942.061s][info][gc            ] GC(93) Concurrent Cycle
[2026-06-17T23:07:05.333+0000][5942.062s][info][gc,marking    ] GC(93) Concurrent Clear Claimed Marks
[2026-06-17T23:07:05.333+0000][5942.062s][info][gc,marking    ] GC(93) Concurrent Clear Claimed Marks 0.086ms
[2026-06-17T23:07:05.333+0000][5942.062s][info][gc,marking    ] GC(93) Concurrent Scan Root Regions
[2026-06-17T23:07:05.335+0000][5942.064s][info][gc,marking    ] GC(93) Concurrent Scan Root Regions 2.269ms
[2026-06-17T23:07:05.335+0000][5942.064s][info][gc,marking    ] GC(93) Concurrent Mark (5942.064s)
[2026-06-17T23:07:05.335+0000][5942.064s][info][gc,marking    ] GC(93) Concurrent Mark From Roots
[2026-06-17T23:07:05.335+0000][5942.064s][info][gc,task       ] GC(93) Using 3 workers of 3 for marking
[2026-06-17T23:07:05.340+0000][5942.069s][info][gc,marking    ] GC(93) Concurrent Mark From Roots 4.860ms
[2026-06-17T23:07:05.340+0000][5942.069s][info][gc,marking    ] GC(93) Concurrent Preclean
[2026-06-17T23:07:05.340+0000][5942.069s][info][gc,marking    ] GC(93) Concurrent Preclean 0.177ms
[2026-06-17T23:07:05.340+0000][5942.069s][info][gc,marking    ] GC(93) Concurrent Mark (5942.064s, 5942.069s) 5.256ms
[2026-06-17T23:07:05.341+0000][5942.070s][info][gc,start      ] GC(93) Pause Remark
[2026-06-17T23:07:05.343+0000][5942.072s][info][gc,stringtable] GC(93) Cleaned string and symbol table, strings: 17205 processed, 0 removed, symbols: 125016 processed, 0 removed
[2026-06-17T23:07:05.343+0000][5942.072s][info][gc            ] GC(93) Pause Remark 210M->210M(512M) 2.429ms
[2026-06-17T23:07:05.343+0000][5942.072s][info][gc,cpu        ] GC(93) User=0.03s Sys=0.00s Real=0.00s
[2026-06-17T23:07:05.343+0000][5942.072s][info][gc,marking    ] GC(93) Concurrent Rebuild Remembered Sets
[2026-06-17T23:07:05.347+0000][5942.076s][info][gc,marking    ] GC(93) Concurrent Rebuild Remembered Sets 3.598ms
[2026-06-17T23:07:05.347+0000][5942.076s][info][gc,start      ] GC(93) Pause Cleanup
[2026-06-17T23:07:05.347+0000][5942.076s][info][gc            ] GC(93) Pause Cleanup 210M->210M(512M) 0.146ms
[2026-06-17T23:07:05.347+0000][5942.076s][info][gc,cpu        ] GC(93) User=0.00s Sys=0.00s Real=0.00s
[2026-06-17T23:07:05.347+0000][5942.076s][info][gc,marking    ] GC(93) Concurrent Cleanup for Next Mark
[2026-06-17T23:07:05.347+0000][5942.076s][info][gc,marking    ] GC(93) Concurrent Cleanup for Next Mark 0.133ms
[2026-06-17T23:07:05.348+0000][5942.077s][info][gc            ] GC(93) Concurrent Cycle 15.053ms
[2026-06-17T23:07:06.637+0000][5943.366s][info][gc,start      ] GC(94) Pause Young (Normal) (G1 Evacuation Pause)
[2026-06-17T23:07:06.637+0000][5943.366s][info][gc,task       ] GC(94) Using 13 workers of 13 for evacuation
[2026-06-17T23:07:06.645+0000][5943.374s][info][gc,phases     ] GC(94)   Pre Evacuate Collection Set: 0.0ms
[2026-06-17T23:07:06.645+0000][5943.374s][info][gc,phases     ] GC(94)   Evacuate Collection Set: 7.0ms
[2026-06-17T23:07:06.645+0000][5943.374s][info][gc,phases     ] GC(94)   Post Evacuate Collection Set: 0.6ms
[2026-06-17T23:07:06.645+0000][5943.374s][info][gc,phases     ] GC(94)   Other: 0.4ms
[2026-06-17T23:07:06.645+0000][5943.374s][info][gc,heap       ] GC(94) Eden regions: 235->0(241)
[2026-06-17T23:07:06.646+0000][5943.374s][info][gc,heap       ] GC(94) Survivor regions: 18->13(32)
[2026-06-17T23:07:06.646+0000][5943.375s][info][gc,heap       ] GC(94) Old regions: 42->43
[2026-06-17T23:07:06.646+0000][5943.375s][info][gc,heap       ] GC(94) Humongous regions: 147->147
[2026-06-17T23:07:06.646+0000][5943.375s][info][gc,metaspace  ] GC(94) Metaspace: 52021K(54784K)->52021K(54784K) NonClass: 46124K(47616K)->46124K(47616K) Class: 5896K(7168K)->5896K(7168K)
[2026-06-17T23:07:06.646+0000][5943.375s][info][gc            ] GC(94) Pause Young (Normal) (G1 Evacuation Pause) 440M->202M(512M) 8.865ms
[2026-06-17T23:07:06.646+0000][5943.375s][info][gc,cpu        ] GC(94) User=0.03s Sys=0.00s Real=0.01s
[2026-06-17T23:07:55.393+0000][5992.149s][info][gc,start      ] GC(95) Pause Young (Concurrent Start) (G1 Evacuation Pause)
[2026-06-17T23:07:55.393+0000][5992.149s][info][gc,task       ] GC(95) Using 13 workers of 13 for evacuation
[2026-06-17T23:07:55.396+0000][5992.152s][info][gc,phases     ] GC(95)   Pre Evacuate Collection Set: 0.3ms
[2026-06-17T23:07:55.396+0000][5992.152s][info][gc,phases     ] GC(95)   Evacuate Collection Set: 2.2ms
[2026-06-17T23:07:55.396+0000][5992.152s][info][gc,phases     ] GC(95)   Post Evacuate Collection Set: 0.4ms
[2026-06-17T23:07:55.397+0000][5992.152s][info][gc,phases     ] GC(95)   Other: 0.3ms
[2026-06-17T23:07:55.397+0000][5992.152s][info][gc,heap       ] GC(95) Eden regions: 241->0(245)
[2026-06-17T23:07:55.397+0000][5992.152s][info][gc,heap       ] GC(95) Survivor regions: 13->10(32)
[2026-06-17T23:07:55.397+0000][5992.153s][info][gc,heap       ] GC(95) Old regions: 43->44
[2026-06-17T23:07:55.397+0000][5992.153s][info][gc,heap       ] GC(95) Humongous regions: 147->147
[2026-06-17T23:07:55.397+0000][5992.153s][info][gc,metaspace  ] GC(95) Metaspace: 52031K(54784K)->52031K(54784K) NonClass: 46135K(47616K)->46135K(47616K) Class: 5896K(7168K)->5896K(7168K)
[2026-06-17T23:07:55.397+0000][5992.153s][info][gc            ] GC(95) Pause Young (Concurrent Start) (G1 Evacuation Pause) 443M->199M(512M) 3.952ms
[2026-06-17T23:07:55.397+0000][5992.153s][info][gc,cpu        ] GC(95) User=0.02s Sys=0.00s Real=0.00s
[2026-06-17T23:07:55.397+0000][5992.153s][info][gc            ] GC(96) Concurrent Cycle
[2026-06-17T23:07:55.397+0000][5992.153s][info][gc,marking    ] GC(96) Concurrent Clear Claimed Marks
[2026-06-17T23:07:55.398+0000][5992.153s][info][gc,marking    ] GC(96) Concurrent Clear Claimed Marks 0.198ms
[2026-06-17T23:07:55.398+0000][5992.153s][info][gc,marking    ] GC(96) Concurrent Scan Root Regions
[2026-06-17T23:07:55.399+0000][5992.155s][info][gc,marking    ] GC(96) Concurrent Scan Root Regions 1.544ms
[2026-06-17T23:07:55.399+0000][5992.155s][info][gc,marking    ] GC(96) Concurrent Mark (5992.155s)
[2026-06-17T23:07:55.399+0000][5992.155s][info][gc,marking    ] GC(96) Concurrent Mark From Roots
[2026-06-17T23:07:55.399+0000][5992.155s][info][gc,task       ] GC(96) Using 3 workers of 3 for marking
[2026-06-17T23:07:55.404+0000][5992.160s][info][gc,marking    ] GC(96) Concurrent Mark From Roots 4.801ms
[2026-06-17T23:07:55.404+0000][5992.160s][info][gc,marking    ] GC(96) Concurrent Preclean
[2026-06-17T23:07:55.404+0000][5992.160s][info][gc,marking    ] GC(96) Concurrent Preclean 0.163ms
[2026-06-17T23:07:55.404+0000][5992.160s][info][gc,marking    ] GC(96) Concurrent Mark (5992.155s, 5992.160s) 5.211ms
[2026-06-17T23:07:55.405+0000][5992.161s][info][gc,start      ] GC(96) Pause Remark
[2026-06-17T23:07:55.407+0000][5992.163s][info][gc,stringtable] GC(96) Cleaned string and symbol table, strings: 17207 processed, 0 removed, symbols: 125016 processed, 0 removed
[2026-06-17T23:07:55.408+0000][5992.164s][info][gc            ] GC(96) Pause Remark 203M->203M(512M) 3.002ms
[2026-06-17T23:07:55.408+0000][5992.164s][info][gc,cpu        ] GC(96) User=0.03s Sys=0.00s Real=0.01s
[2026-06-17T23:07:55.408+0000][5992.164s][info][gc,marking    ] GC(96) Concurrent Rebuild Remembered Sets
[2026-06-17T23:07:55.412+0000][5992.168s][info][gc,marking    ] GC(96) Concurrent Rebuild Remembered Sets 4.071ms
[2026-06-17T23:07:55.412+0000][5992.168s][info][gc,start      ] GC(96) Pause Cleanup
[2026-06-17T23:07:55.412+0000][5992.168s][info][gc            ] GC(96) Pause Cleanup 204M->204M(512M) 0.230ms
[2026-06-17T23:07:55.413+0000][5992.168s][info][gc,cpu        ] GC(96) User=0.00s Sys=0.00s Real=0.00s
[2026-06-17T23:07:55.413+0000][5992.168s][info][gc,marking    ] GC(96) Concurrent Cleanup for Next Mark
[2026-06-17T23:07:55.413+0000][5992.169s][info][gc,marking    ] GC(96) Concurrent Cleanup for Next Mark 0.194ms
[2026-06-17T23:07:55.413+0000][5992.169s][info][gc            ] GC(96) Concurrent Cycle 15.607ms
[2026-06-17T23:07:57.190+0000][5993.967s][info][gc,start      ] GC(97) Pause Young (Normal) (G1 Evacuation Pause)
[2026-06-17T23:07:57.190+0000][5993.967s][info][gc,task       ] GC(97) Using 13 workers of 13 for evacuation
[2026-06-17T23:07:57.196+0000][5993.974s][info][gc,phases     ] GC(97)   Pre Evacuate Collection Set: 0.0ms
[2026-06-17T23:07:57.196+0000][5993.974s][info][gc,phases     ] GC(97)   Evacuate Collection Set: 4.2ms
[2026-06-17T23:07:57.196+0000][5993.974s][info][gc,phases     ] GC(97)   Post Evacuate Collection Set: 0.4ms
[2026-06-17T23:07:57.196+0000][5993.974s][info][gc,phases     ] GC(97)   Other: 1.8ms
[2026-06-17T23:07:57.196+0000][5993.974s][info][gc,heap       ] GC(97) Eden regions: 245->0(241)
[2026-06-17T23:07:57.196+0000][5993.974s][info][gc,heap       ] GC(97) Survivor regions: 10->14(32)
[2026-06-17T23:07:57.196+0000][5993.974s][info][gc,heap       ] GC(97) Old regions: 44->44
[2026-06-17T23:07:57.196+0000][5993.974s][info][gc,heap       ] GC(97) Humongous regions: 147->147
[2026-06-17T23:07:57.196+0000][5993.974s][info][gc,metaspace  ] GC(97) Metaspace: 52031K(54784K)->52031K(54784K) NonClass: 46135K(47616K)->46135K(47616K) Class: 5896K(7168K)->5896K(7168K)
[2026-06-17T23:07:57.196+0000][5993.974s][info][gc            ] GC(97) Pause Young (Normal) (G1 Evacuation Pause) 444M->203M(512M) 6.705ms
[2026-06-17T23:07:57.196+0000][5993.974s][info][gc,cpu        ] GC(97) User=0.03s Sys=0.00s Real=0.01s
[2026-06-17T23:07:58.543+0000][5995.321s][info][gc,start      ] GC(98) Pause Young (Concurrent Start) (G1 Evacuation Pause)
[2026-06-17T23:07:58.544+0000][5995.321s][info][gc,task       ] GC(98) Using 13 workers of 13 for evacuation
[2026-06-17T23:07:58.548+0000][5995.326s][info][gc,phases     ] GC(98)   Pre Evacuate Collection Set: 0.3ms
[2026-06-17T23:07:58.548+0000][5995.326s][info][gc,phases     ] GC(98)   Evacuate Collection Set: 3.7ms
[2026-06-17T23:07:58.548+0000][5995.326s][info][gc,phases     ] GC(98)   Post Evacuate Collection Set: 0.3ms
[2026-06-17T23:07:58.548+0000][5995.326s][info][gc,phases     ] GC(98)   Other: 0.3ms
[2026-06-17T23:07:58.548+0000][5995.326s][info][gc,heap       ] GC(98) Eden regions: 241->0(243)
[2026-06-17T23:07:58.548+0000][5995.326s][info][gc,heap       ] GC(98) Survivor regions: 14->12(32)
[2026-06-17T23:07:58.548+0000][5995.326s][info][gc,heap       ] GC(98) Old regions: 44->45
[2026-06-17T23:07:58.548+0000][5995.326s][info][gc,heap       ] GC(98) Humongous regions: 147->147
[2026-06-17T23:07:58.548+0000][5995.326s][info][gc,metaspace  ] GC(98) Metaspace: 52033K(54784K)->52033K(54784K) NonClass: 46136K(47616K)->46136K(47616K) Class: 5896K(7168K)->5896K(7168K)
[2026-06-17T23:07:58.549+0000][5995.326s][info][gc            ] GC(98) Pause Young (Concurrent Start) (G1 Evacuation Pause) 444M->202M(512M) 5.010ms
[2026-06-17T23:07:58.549+0000][5995.326s][info][gc,cpu        ] GC(98) User=0.04s Sys=0.00s Real=0.01s
[2026-06-17T23:07:58.549+0000][5995.326s][info][gc            ] GC(99) Concurrent Cycle
[2026-06-17T23:07:58.549+0000][5995.326s][info][gc,marking    ] GC(99) Concurrent Clear Claimed Marks
[2026-06-17T23:07:58.549+0000][5995.327s][info][gc,marking    ] GC(99) Concurrent Clear Claimed Marks 0.179ms
[2026-06-17T23:07:58.549+0000][5995.327s][info][gc,marking    ] GC(99) Concurrent Scan Root Regions
[2026-06-17T23:07:58.551+0000][5995.328s][info][gc,marking    ] GC(99) Concurrent Scan Root Regions 1.784ms
[2026-06-17T23:07:58.551+0000][5995.329s][info][gc,marking    ] GC(99) Concurrent Mark (5995.329s)
[2026-06-17T23:07:58.551+0000][5995.329s][info][gc,marking    ] GC(99) Concurrent Mark From Roots
[2026-06-17T23:07:58.551+0000][5995.329s][info][gc,task       ] GC(99) Using 3 workers of 3 for marking
[2026-06-17T23:07:58.556+0000][5995.334s][info][gc,marking    ] GC(99) Concurrent Mark From Roots 5.049ms
[2026-06-17T23:07:58.556+0000][5995.334s][info][gc,marking    ] GC(99) Concurrent Preclean
[2026-06-17T23:07:58.556+0000][5995.334s][info][gc,marking    ] GC(99) Concurrent Preclean 0.146ms
[2026-06-17T23:07:58.556+0000][5995.334s][info][gc,marking    ] GC(99) Concurrent Mark (5995.329s, 5995.334s) 5.479ms
[2026-06-17T23:07:58.556+0000][5995.334s][info][gc,start      ] GC(99) Pause Remark
[2026-06-17T23:07:58.559+0000][5995.336s][info][gc,stringtable] GC(99) Cleaned string and symbol table, strings: 17207 processed, 0 removed, symbols: 125016 processed, 0 removed
[2026-06-17T23:07:58.559+0000][5995.337s][info][gc            ] GC(99) Pause Remark 206M->206M(512M) 2.467ms
[2026-06-17T23:07:58.559+0000][5995.337s][info][gc,cpu        ] GC(99) User=0.02s Sys=0.00s Real=0.00s
[2026-06-17T23:07:58.559+0000][5995.337s][info][gc,marking    ] GC(99) Concurrent Rebuild Remembered Sets
[2026-06-17T23:07:58.563+0000][5995.341s][info][gc,marking    ] GC(99) Concurrent Rebuild Remembered Sets 4.117ms
[2026-06-17T23:07:58.563+0000][5995.341s][info][gc,start      ] GC(99) Pause Cleanup
[2026-06-17T23:07:58.564+0000][5995.341s][info][gc            ] GC(99) Pause Cleanup 207M->207M(512M) 0.164ms
[2026-06-17T23:07:58.564+0000][5995.341s][info][gc,cpu        ] GC(99) User=0.00s Sys=0.00s Real=0.00s
[2026-06-17T23:07:58.564+0000][5995.341s][info][gc,marking    ] GC(99) Concurrent Cleanup for Next Mark
[2026-06-17T23:07:58.564+0000][5995.342s][info][gc,marking    ] GC(99) Concurrent Cleanup for Next Mark 0.160ms
[2026-06-17T23:07:58.564+0000][5995.342s][info][gc            ] GC(99) Concurrent Cycle 15.312ms
[2026-06-17T23:08:47.148+0000][6043.926s][info][gc,start      ] GC(100) Pause Young (Prepare Mixed) (G1 Evacuation Pause)
[2026-06-17T23:08:47.148+0000][6043.926s][info][gc,task       ] GC(100) Using 13 workers of 13 for evacuation
[2026-06-17T23:08:47.152+0000][6043.931s][info][gc,phases     ] GC(100)   Pre Evacuate Collection Set: 0.0ms
[2026-06-17T23:08:47.152+0000][6043.931s][info][gc,phases     ] GC(100)   Evacuate Collection Set: 3.8ms
[2026-06-17T23:08:47.152+0000][6043.931s][info][gc,phases     ] GC(100)   Post Evacuate Collection Set: 0.3ms
[2026-06-17T23:08:47.153+0000][6043.931s][info][gc,phases     ] GC(100)   Other: 0.4ms
[2026-06-17T23:08:47.153+0000][6043.931s][info][gc,heap       ] GC(100) Eden regions: 243->0(9)
[2026-06-17T23:08:47.153+0000][6043.931s][info][gc,heap       ] GC(100) Survivor regions: 12->16(32)
[2026-06-17T23:08:47.153+0000][6043.931s][info][gc,heap       ] GC(100) Old regions: 45->45
[2026-06-17T23:08:47.153+0000][6043.931s][info][gc,heap       ] GC(100) Humongous regions: 147->147
[2026-06-17T23:08:47.153+0000][6043.931s][info][gc,metaspace  ] GC(100) Metaspace: 52036K(54784K)->52036K(54784K) NonClass: 46139K(47616K)->46139K(47616K) Class: 5896K(7168K)->5896K(7168K)
[2026-06-17T23:08:47.153+0000][6043.931s][info][gc            ] GC(100) Pause Young (Prepare Mixed) (G1 Evacuation Pause) 445M->207M(512M) 5.175ms
[2026-06-17T23:08:47.153+0000][6043.931s][info][gc,cpu        ] GC(100) User=0.03s Sys=0.00s Real=0.00s
[2026-06-17T23:08:47.213+0000][6043.992s][info][gc,start      ] GC(101) Pause Young (Mixed) (G1 Evacuation Pause)
[2026-06-17T23:08:47.213+0000][6043.992s][info][gc,task       ] GC(101) Using 13 workers of 13 for evacuation
[2026-06-17T23:08:47.220+0000][6043.998s][info][gc,phases     ] GC(101)   Pre Evacuate Collection Set: 0.0ms
[2026-06-17T23:08:47.220+0000][6043.998s][info][gc,phases     ] GC(101)   Evacuate Collection Set: 5.7ms
[2026-06-17T23:08:47.220+0000][6043.998s][info][gc,phases     ] GC(101)   Post Evacuate Collection Set: 0.3ms
[2026-06-17T23:08:47.220+0000][6043.999s][info][gc,phases     ] GC(101)   Other: 0.3ms
[2026-06-17T23:08:47.220+0000][6043.999s][info][gc,heap       ] GC(101) Eden regions: 9->0(238)
[2026-06-17T23:08:47.220+0000][6043.999s][info][gc,heap       ] GC(101) Survivor regions: 16->2(4)
[2026-06-17T23:08:47.220+0000][6043.999s][info][gc,heap       ] GC(101) Old regions: 45->59
[2026-06-17T23:08:47.220+0000][6043.999s][info][gc,heap       ] GC(101) Humongous regions: 147->147
[2026-06-17T23:08:47.220+0000][6043.999s][info][gc,metaspace  ] GC(101) Metaspace: 52036K(54784K)->52036K(54784K) NonClass: 46139K(47616K)->46139K(47616K) Class: 5896K(7168K)->5896K(7168K)
[2026-06-17T23:08:47.220+0000][6043.999s][info][gc            ] GC(101) Pause Young (Mixed) (G1 Evacuation Pause) 216M->207M(512M) 7.119ms
[2026-06-17T23:08:47.220+0000][6043.999s][info][gc,cpu        ] GC(101) User=0.04s Sys=0.00s Real=0.01s
[2026-06-17T23:08:48.774+0000][6045.552s][info][gc,start      ] GC(102) Pause Young (Concurrent Start) (G1 Evacuation Pause)
[2026-06-17T23:08:48.774+0000][6045.552s][info][gc,task       ] GC(102) Using 13 workers of 13 for evacuation
[2026-06-17T23:08:48.777+0000][6045.555s][info][gc,phases     ] GC(102)   Pre Evacuate Collection Set: 0.3ms
[2026-06-17T23:08:48.777+0000][6045.555s][info][gc,phases     ] GC(102)   Evacuate Collection Set: 2.2ms
[2026-06-17T23:08:48.777+0000][6045.555s][info][gc,phases     ] GC(102)   Post Evacuate Collection Set: 0.4ms
[2026-06-17T23:08:48.777+0000][6045.555s][info][gc,phases     ] GC(102)   Other: 0.3ms
[2026-06-17T23:08:48.777+0000][6045.555s][info][gc,heap       ] GC(102) Eden regions: 238->0(237)
[2026-06-17T23:08:48.777+0000][6045.556s][info][gc,heap       ] GC(102) Survivor regions: 2->4(30)
[2026-06-17T23:08:48.777+0000][6045.556s][info][gc,heap       ] GC(102) Old regions: 59->59
[2026-06-17T23:08:48.777+0000][6045.556s][info][gc,heap       ] GC(102) Humongous regions: 147->147
[2026-06-17T23:08:48.777+0000][6045.556s][info][gc,metaspace  ] GC(102) Metaspace: 52036K(54784K)->52036K(54784K) NonClass: 46139K(47616K)->46139K(47616K) Class: 5896K(7168K)->5896K(7168K)
[2026-06-17T23:08:48.777+0000][6045.556s][info][gc            ] GC(102) Pause Young (Concurrent Start) (G1 Evacuation Pause) 445M->208M(512M) 3.786ms
[2026-06-17T23:08:48.777+0000][6045.556s][info][gc,cpu        ] GC(102) User=0.02s Sys=0.00s Real=0.01s
[2026-06-17T23:08:48.777+0000][6045.556s][info][gc            ] GC(103) Concurrent Cycle
[2026-06-17T23:08:48.777+0000][6045.556s][info][gc,marking    ] GC(103) Concurrent Clear Claimed Marks
[2026-06-17T23:08:48.778+0000][6045.556s][info][gc,marking    ] GC(103) Concurrent Clear Claimed Marks 0.157ms
[2026-06-17T23:08:48.778+0000][6045.556s][info][gc,marking    ] GC(103) Concurrent Scan Root Regions
[2026-06-17T23:08:48.779+0000][6045.557s][info][gc,marking    ] GC(103) Concurrent Scan Root Regions 0.827ms
[2026-06-17T23:08:48.779+0000][6045.557s][info][gc,marking    ] GC(103) Concurrent Mark (6045.557s)
[2026-06-17T23:08:48.779+0000][6045.557s][info][gc,marking    ] GC(103) Concurrent Mark From Roots
[2026-06-17T23:08:48.779+0000][6045.557s][info][gc,task       ] GC(103) Using 3 workers of 3 for marking
[2026-06-17T23:08:48.784+0000][6045.563s][info][gc,marking    ] GC(103) Concurrent Mark From Roots 5.236ms
[2026-06-17T23:08:48.784+0000][6045.563s][info][gc,marking    ] GC(103) Concurrent Preclean
[2026-06-17T23:08:48.784+0000][6045.563s][info][gc,marking    ] GC(103) Concurrent Preclean 0.200ms
[2026-06-17T23:08:48.785+0000][6045.563s][info][gc,marking    ] GC(103) Concurrent Mark (6045.557s, 6045.563s) 5.799ms
[2026-06-17T23:08:48.785+0000][6045.563s][info][gc,start      ] GC(103) Pause Remark
[2026-06-17T23:08:48.793+0000][6045.572s][info][gc,stringtable] GC(103) Cleaned string and symbol table, strings: 17207 processed, 0 removed, symbols: 125016 processed, 0 removed
[2026-06-17T23:08:48.793+0000][6045.572s][info][gc            ] GC(103) Pause Remark 212M->210M(512M) 8.590ms
[2026-06-17T23:08:48.794+0000][6045.572s][info][gc,cpu        ] GC(103) User=0.08s Sys=0.00s Real=0.00s
[2026-06-17T23:08:48.794+0000][6045.572s][info][gc,marking    ] GC(103) Concurrent Rebuild Remembered Sets
[2026-06-17T23:08:48.798+0000][6045.576s][info][gc,marking    ] GC(103) Concurrent Rebuild Remembered Sets 4.294ms
[2026-06-17T23:08:48.798+0000][6045.577s][info][gc,start      ] GC(103) Pause Cleanup
[2026-06-17T23:08:48.798+0000][6045.577s][info][gc            ] GC(103) Pause Cleanup 211M->211M(512M) 0.178ms
[2026-06-17T23:08:48.799+0000][6045.577s][info][gc,cpu        ] GC(103) User=0.00s Sys=0.00s Real=0.00s
[2026-06-17T23:08:48.799+0000][6045.577s][info][gc,marking    ] GC(103) Concurrent Cleanup for Next Mark
[2026-06-17T23:08:48.799+0000][6045.577s][info][gc,marking    ] GC(103) Concurrent Cleanup for Next Mark 0.191ms
[2026-06-17T23:08:48.799+0000][6045.577s][info][gc            ] GC(103) Concurrent Cycle 21.507ms
[2026-06-17T23:08:50.082+0000][6046.860s][info][gc,start      ] GC(104) Pause Young (Prepare Mixed) (G1 Evacuation Pause)
[2026-06-17T23:08:50.082+0000][6046.861s][info][gc,task       ] GC(104) Using 13 workers of 13 for evacuation
[2026-06-17T23:08:50.084+0000][6046.863s][info][gc,phases     ] GC(104)   Pre Evacuate Collection Set: 0.0ms
[2026-06-17T23:08:50.084+0000][6046.863s][info][gc,phases     ] GC(104)   Evacuate Collection Set: 1.7ms
[2026-06-17T23:08:50.084+0000][6046.863s][info][gc,phases     ] GC(104)   Post Evacuate Collection Set: 0.3ms
[2026-06-17T23:08:50.085+0000][6046.863s][info][gc,phases     ] GC(104)   Other: 0.3ms
[2026-06-17T23:08:50.085+0000][6046.863s][info][gc,heap       ] GC(104) Eden regions: 237->0(17)
[2026-06-17T23:08:50.085+0000][6046.863s][info][gc,heap       ] GC(104) Survivor regions: 4->8(31)
[2026-06-17T23:08:50.085+0000][6046.863s][info][gc,heap       ] GC(104) Old regions: 57->57
[2026-06-17T23:08:50.085+0000][6046.863s][info][gc,heap       ] GC(104) Humongous regions: 147->147
[2026-06-17T23:08:50.085+0000][6046.863s][info][gc,metaspace  ] GC(104) Metaspace: 52036K(54784K)->52036K(54784K) NonClass: 46139K(47616K)->46139K(47616K) Class: 5896K(7168K)->5896K(7168K)
[2026-06-17T23:08:50.085+0000][6046.863s][info][gc            ] GC(104) Pause Young (Prepare Mixed) (G1 Evacuation Pause) 443M->211M(512M) 2.685ms
[2026-06-17T23:08:50.085+0000][6046.863s][info][gc,cpu        ] GC(104) User=0.02s Sys=0.00s Real=0.00s
[2026-06-17T23:08:50.178+0000][6046.956s][info][gc,start      ] GC(105) Pause Young (Mixed) (G1 Evacuation Pause)
[2026-06-17T23:08:50.178+0000][6046.957s][info][gc,task       ] GC(105) Using 13 workers of 13 for evacuation
[2026-06-17T23:08:50.180+0000][6046.958s][info][gc,phases     ] GC(105)   Pre Evacuate Collection Set: 0.0ms
[2026-06-17T23:08:50.180+0000][6046.958s][info][gc,phases     ] GC(105)   Evacuate Collection Set: 1.0ms
[2026-06-17T23:08:50.180+0000][6046.958s][info][gc,phases     ] GC(105)   Post Evacuate Collection Set: 0.3ms
[2026-06-17T23:08:50.180+0000][6046.958s][info][gc,phases     ] GC(105)   Other: 0.3ms
[2026-06-17T23:08:50.180+0000][6046.958s][info][gc,heap       ] GC(105) Eden regions: 17->0(248)
[2026-06-17T23:08:50.180+0000][6046.958s][info][gc,heap       ] GC(105) Survivor regions: 8->2(4)
[2026-06-17T23:08:50.180+0000][6046.958s][info][gc,heap       ] GC(105) Old regions: 57->45
[2026-06-17T23:08:50.180+0000][6046.958s][info][gc,heap       ] GC(105) Humongous regions: 147->147
[2026-06-17T23:08:50.180+0000][6046.958s][info][gc,metaspace  ] GC(105) Metaspace: 52036K(54784K)->52036K(54784K) NonClass: 46139K(47616K)->46139K(47616K) Class: 5896K(7168K)->5896K(7168K)
[2026-06-17T23:08:50.180+0000][6046.958s][info][gc            ] GC(105) Pause Young (Mixed) (G1 Evacuation Pause) 228M->192M(512M) 1.962ms
[2026-06-17T23:08:50.180+0000][6046.958s][info][gc,cpu        ] GC(105) User=0.01s Sys=0.00s Real=0.00s
[2026-06-17T23:09:38.706+0000][6095.485s][info][gc,start      ] GC(106) Pause Young (Concurrent Start) (G1 Evacuation Pause)
[2026-06-17T23:09:38.706+0000][6095.485s][info][gc,task       ] GC(106) Using 13 workers of 13 for evacuation
[2026-06-17T23:09:38.709+0000][6095.489s][info][gc,phases     ] GC(106)   Pre Evacuate Collection Set: 0.3ms
[2026-06-17T23:09:38.710+0000][6095.489s][info][gc,phases     ] GC(106)   Evacuate Collection Set: 2.7ms
[2026-06-17T23:09:38.710+0000][6095.489s][info][gc,phases     ] GC(106)   Post Evacuate Collection Set: 0.3ms
[2026-06-17T23:09:38.710+0000][6095.489s][info][gc,phases     ] GC(106)   Other: 0.3ms
[2026-06-17T23:09:38.710+0000][6095.489s][info][gc,heap       ] GC(106) Eden regions: 248->0(245)
[2026-06-17T23:09:38.710+0000][6095.489s][info][gc,heap       ] GC(106) Survivor regions: 2->6(32)
[2026-06-17T23:09:38.710+0000][6095.489s][info][gc,heap       ] GC(106) Old regions: 45->45
[2026-06-17T23:09:38.710+0000][6095.489s][info][gc,heap       ] GC(106) Humongous regions: 147->147
[2026-06-17T23:09:38.710+0000][6095.489s][info][gc,metaspace  ] GC(106) Metaspace: 52037K(54784K)->52037K(54784K) NonClass: 46140K(47616K)->46140K(47616K) Class: 5896K(7168K)->5896K(7168K)
[2026-06-17T23:09:38.710+0000][6095.489s][info][gc            ] GC(106) Pause Young (Concurrent Start) (G1 Evacuation Pause) 440M->197M(512M) 3.998ms
[2026-06-17T23:09:38.710+0000][6095.489s][info][gc,cpu        ] GC(106) User=0.03s Sys=0.00s Real=0.00s
[2026-06-17T23:09:38.710+0000][6095.489s][info][gc            ] GC(107) Concurrent Cycle
[2026-06-17T23:09:38.710+0000][6095.489s][info][gc,marking    ] GC(107) Concurrent Clear Claimed Marks
[2026-06-17T23:09:38.710+0000][6095.489s][info][gc,marking    ] GC(107) Concurrent Clear Claimed Marks 0.156ms
[2026-06-17T23:09:38.710+0000][6095.489s][info][gc,marking    ] GC(107) Concurrent Scan Root Regions
[2026-06-17T23:09:38.711+0000][6095.490s][info][gc,marking    ] GC(107) Concurrent Scan Root Regions 0.871ms
[2026-06-17T23:09:38.711+0000][6095.490s][info][gc,marking    ] GC(107) Concurrent Mark (6095.490s)
[2026-06-17T23:09:38.711+0000][6095.490s][info][gc,marking    ] GC(107) Concurrent Mark From Roots
[2026-06-17T23:09:38.711+0000][6095.490s][info][gc,task       ] GC(107) Using 3 workers of 3 for marking
[2026-06-17T23:09:38.716+0000][6095.496s][info][gc,marking    ] GC(107) Concurrent Mark From Roots 5.066ms
[2026-06-17T23:09:38.717+0000][6095.496s][info][gc,marking    ] GC(107) Concurrent Preclean
[2026-06-17T23:09:38.717+0000][6095.496s][info][gc,marking    ] GC(107) Concurrent Preclean 0.218ms
[2026-06-17T23:09:38.717+0000][6095.496s][info][gc,marking    ] GC(107) Concurrent Mark (6095.490s, 6095.496s) 5.552ms
[2026-06-17T23:09:38.717+0000][6095.496s][info][gc,start      ] GC(107) Pause Remark
[2026-06-17T23:09:38.720+0000][6095.499s][info][gc,stringtable] GC(107) Cleaned string and symbol table, strings: 17207 processed, 0 removed, symbols: 125016 processed, 0 removed
[2026-06-17T23:09:38.720+0000][6095.499s][info][gc            ] GC(107) Pause Remark 201M->201M(512M) 3.137ms
[2026-06-17T23:09:38.720+0000][6095.499s][info][gc,cpu        ] GC(107) User=0.03s Sys=0.00s Real=0.00s
[2026-06-17T23:09:38.720+0000][6095.499s][info][gc,marking    ] GC(107) Concurrent Rebuild Remembered Sets
[2026-06-17T23:09:38.724+0000][6095.503s][info][gc,marking    ] GC(107) Concurrent Rebuild Remembered Sets 3.694ms
[2026-06-17T23:09:38.724+0000][6095.503s][info][gc,start      ] GC(107) Pause Cleanup
[2026-06-17T23:09:38.725+0000][6095.504s][info][gc            ] GC(107) Pause Cleanup 201M->201M(512M) 0.208ms
[2026-06-17T23:09:38.725+0000][6095.504s][info][gc,cpu        ] GC(107) User=0.00s Sys=0.00s Real=0.00s
[2026-06-17T23:09:38.725+0000][6095.504s][info][gc,marking    ] GC(107) Concurrent Cleanup for Next Mark
[2026-06-17T23:09:38.725+0000][6095.504s][info][gc,marking    ] GC(107) Concurrent Cleanup for Next Mark 0.127ms
[2026-06-17T23:09:38.725+0000][6095.504s][info][gc            ] GC(107) Concurrent Cycle 14.829ms
[2026-06-17T23:09:40.252+0000][6097.031s][info][gc,start      ] GC(108) Pause Young (Prepare Mixed) (G1 Evacuation Pause)
[2026-06-17T23:09:40.253+0000][6097.032s][info][gc,task       ] GC(108) Using 13 workers of 13 for evacuation
[2026-06-17T23:09:40.256+0000][6097.035s][info][gc,phases     ] GC(108)   Pre Evacuate Collection Set: 0.0ms
[2026-06-17T23:09:40.256+0000][6097.035s][info][gc,phases     ] GC(108)   Evacuate Collection Set: 2.8ms
[2026-06-17T23:09:40.256+0000][6097.035s][info][gc,phases     ] GC(108)   Post Evacuate Collection Set: 0.4ms
[2026-06-17T23:09:40.256+0000][6097.035s][info][gc,phases     ] GC(108)   Other: 0.3ms
[2026-06-17T23:09:40.256+0000][6097.035s][info][gc,heap       ] GC(108) Eden regions: 245->0(22)
[2026-06-17T23:09:40.256+0000][6097.035s][info][gc,heap       ] GC(108) Survivor regions: 6->3(32)
[2026-06-17T23:09:40.256+0000][6097.035s][info][gc,heap       ] GC(108) Old regions: 45->45
[2026-06-17T23:09:40.256+0000][6097.035s][info][gc,heap       ] GC(108) Humongous regions: 147->147
[2026-06-17T23:09:40.256+0000][6097.035s][info][gc,metaspace  ] GC(108) Metaspace: 52037K(54784K)->52037K(54784K) NonClass: 46140K(47616K)->46140K(47616K) Class: 5896K(7168K)->5896K(7168K)
[2026-06-17T23:09:40.256+0000][6097.035s][info][gc            ] GC(108) Pause Young (Prepare Mixed) (G1 Evacuation Pause) 442M->194M(512M) 3.971ms
[2026-06-17T23:09:40.256+0000][6097.035s][info][gc,cpu        ] GC(108) User=0.03s Sys=0.00s Real=0.01s
[2026-06-17T23:09:40.388+0000][6097.168s][info][gc,start      ] GC(109) Pause Young (Mixed) (G1 Evacuation Pause)
[2026-06-17T23:09:40.389+0000][6097.168s][info][gc,task       ] GC(109) Using 13 workers of 13 for evacuation
[2026-06-17T23:09:40.390+0000][6097.169s][info][gc,phases     ] GC(109)   Pre Evacuate Collection Set: 0.0ms
[2026-06-17T23:09:40.390+0000][6097.169s][info][gc,phases     ] GC(109)   Evacuate Collection Set: 1.1ms
[2026-06-17T23:09:40.390+0000][6097.169s][info][gc,phases     ] GC(109)   Post Evacuate Collection Set: 0.3ms
[2026-06-17T23:09:40.390+0000][6097.169s][info][gc,phases     ] GC(109)   Other: 0.3ms
[2026-06-17T23:09:40.390+0000][6097.170s][info][gc,heap       ] GC(109) Eden regions: 22->0(249)
[2026-06-17T23:09:40.390+0000][6097.170s][info][gc,heap       ] GC(109) Survivor regions: 3->3(4)
[2026-06-17T23:09:40.390+0000][6097.170s][info][gc,heap       ] GC(109) Old regions: 45->45
[2026-06-17T23:09:40.390+0000][6097.170s][info][gc,heap       ] GC(109) Humongous regions: 147->147
[2026-06-17T23:09:40.391+0000][6097.170s][info][gc,metaspace  ] GC(109) Metaspace: 52037K(54784K)->52037K(54784K) NonClass: 46140K(47616K)->46140K(47616K) Class: 5896K(7168K)->5896K(7168K)
[2026-06-17T23:09:40.391+0000][6097.170s][info][gc            ] GC(109) Pause Young (Mixed) (G1 Evacuation Pause) 216M->193M(512M) 2.060ms
[2026-06-17T23:09:40.391+0000][6097.170s][info][gc,cpu        ] GC(109) User=0.02s Sys=0.00s Real=0.00s
[2026-06-17T23:09:41.812+0000][6098.591s][info][gc,start      ] GC(110) Pause Young (Concurrent Start) (G1 Evacuation Pause)
[2026-06-17T23:09:41.812+0000][6098.591s][info][gc,task       ] GC(110) Using 13 workers of 13 for evacuation
[2026-06-17T23:09:41.815+0000][6098.594s][info][gc,phases     ] GC(110)   Pre Evacuate Collection Set: 0.3ms
[2026-06-17T23:09:41.815+0000][6098.594s][info][gc,phases     ] GC(110)   Evacuate Collection Set: 2.3ms
[2026-06-17T23:09:41.815+0000][6098.594s][info][gc,phases     ] GC(110)   Post Evacuate Collection Set: 0.3ms
[2026-06-17T23:09:41.815+0000][6098.594s][info][gc,phases     ] GC(110)   Other: 0.3ms
[2026-06-17T23:09:41.815+0000][6098.594s][info][gc,heap       ] GC(110) Eden regions: 249->0(244)
[2026-06-17T23:09:41.815+0000][6098.594s][info][gc,heap       ] GC(110) Survivor regions: 3->8(32)
[2026-06-17T23:09:41.815+0000][6098.594s][info][gc,heap       ] GC(110) Old regions: 45->45
[2026-06-17T23:09:41.815+0000][6098.594s][info][gc,heap       ] GC(110) Humongous regions: 147->147
[2026-06-17T23:09:41.815+0000][6098.595s][info][gc,metaspace  ] GC(110) Metaspace: 52037K(54784K)->52037K(54784K) NonClass: 46140K(47616K)->46140K(47616K) Class: 5896K(7168K)->5896K(7168K)
[2026-06-17T23:09:41.815+0000][6098.595s][info][gc            ] GC(110) Pause Young (Concurrent Start) (G1 Evacuation Pause) 442M->198M(512M) 3.553ms
[2026-06-17T23:09:41.815+0000][6098.595s][info][gc,cpu        ] GC(110) User=0.02s Sys=0.00s Real=0.01s
[2026-06-17T23:09:41.816+0000][6098.595s][info][gc            ] GC(111) Concurrent Cycle
[2026-06-17T23:09:41.816+0000][6098.595s][info][gc,marking    ] GC(111) Concurrent Clear Claimed Marks
[2026-06-17T23:09:41.816+0000][6098.595s][info][gc,marking    ] GC(111) Concurrent Clear Claimed Marks 0.181ms
[2026-06-17T23:09:41.816+0000][6098.595s][info][gc,marking    ] GC(111) Concurrent Scan Root Regions
[2026-06-17T23:09:41.817+0000][6098.596s][info][gc,marking    ] GC(111) Concurrent Scan Root Regions 1.113ms
[2026-06-17T23:09:41.817+0000][6098.596s][info][gc,marking    ] GC(111) Concurrent Mark (6098.596s)
[2026-06-17T23:09:41.817+0000][6098.596s][info][gc,marking    ] GC(111) Concurrent Mark From Roots
[2026-06-17T23:09:41.817+0000][6098.596s][info][gc,task       ] GC(111) Using 3 workers of 3 for marking
[2026-06-17T23:09:41.822+0000][6098.602s][info][gc,marking    ] GC(111) Concurrent Mark From Roots 5.307ms
[2026-06-17T23:09:41.823+0000][6098.602s][info][gc,marking    ] GC(111) Concurrent Preclean
[2026-06-17T23:09:41.823+0000][6098.602s][info][gc,marking    ] GC(111) Concurrent Preclean 0.171ms
[2026-06-17T23:09:41.823+0000][6098.602s][info][gc,marking    ] GC(111) Concurrent Mark (6098.596s, 6098.602s) 5.770ms
[2026-06-17T23:09:41.823+0000][6098.602s][info][gc,start      ] GC(111) Pause Remark
[2026-06-17T23:09:41.825+0000][6098.604s][info][gc,stringtable] GC(111) Cleaned string and symbol table, strings: 17207 processed, 0 removed, symbols: 125016 processed, 0 removed
[2026-06-17T23:09:41.826+0000][6098.605s][info][gc            ] GC(111) Pause Remark 202M->202M(512M) 2.567ms
[2026-06-17T23:09:41.826+0000][6098.605s][info][gc,cpu        ] GC(111) User=0.03s Sys=0.00s Real=0.01s
[2026-06-17T23:09:41.826+0000][6098.605s][info][gc,marking    ] GC(111) Concurrent Rebuild Remembered Sets
[2026-06-17T23:09:41.830+0000][6098.609s][info][gc,marking    ] GC(111) Concurrent Rebuild Remembered Sets 4.131ms
[2026-06-17T23:09:41.830+0000][6098.609s][info][gc,start      ] GC(111) Pause Cleanup
[2026-06-17T23:09:41.830+0000][6098.609s][info][gc            ] GC(111) Pause Cleanup 202M->202M(512M) 0.205ms
[2026-06-17T23:09:41.830+0000][6098.609s][info][gc,cpu        ] GC(111) User=0.00s Sys=0.00s Real=0.00s
[2026-06-17T23:09:41.830+0000][6098.609s][info][gc,marking    ] GC(111) Concurrent Cleanup for Next Mark
[2026-06-17T23:09:41.831+0000][6098.610s][info][gc,marking    ] GC(111) Concurrent Cleanup for Next Mark 0.166ms
[2026-06-17T23:09:41.831+0000][6098.610s][info][gc            ] GC(111) Concurrent Cycle 15.060ms
[2026-06-17T23:10:30.229+0000][6147.009s][info][gc,start      ] GC(112) Pause Young (Prepare Mixed) (G1 Evacuation Pause)
[2026-06-17T23:10:30.229+0000][6147.009s][info][gc,task       ] GC(112) Using 13 workers of 13 for evacuation
[2026-06-17T23:10:30.235+0000][6147.015s][info][gc,phases     ] GC(112)   Pre Evacuate Collection Set: 0.0ms
[2026-06-17T23:10:30.235+0000][6147.015s][info][gc,phases     ] GC(112)   Evacuate Collection Set: 4.9ms
[2026-06-17T23:10:30.235+0000][6147.015s][info][gc,phases     ] GC(112)   Post Evacuate Collection Set: 0.6ms
[2026-06-17T23:10:30.235+0000][6147.015s][info][gc,phases     ] GC(112)   Other: 0.4ms
[2026-06-17T23:10:30.235+0000][6147.015s][info][gc,heap       ] GC(112) Eden regions: 244->0(19)
[2026-06-17T23:10:30.235+0000][6147.015s][info][gc,heap       ] GC(112) Survivor regions: 8->6(32)
[2026-06-17T23:10:30.236+0000][6147.015s][info][gc,heap       ] GC(112) Old regions: 45->45
[2026-06-17T23:10:30.236+0000][6147.015s][info][gc,heap       ] GC(112) Humongous regions: 147->147
[2026-06-17T23:10:30.236+0000][6147.015s][info][gc,metaspace  ] GC(112) Metaspace: 52041K(54784K)->52041K(54784K) NonClass: 46144K(47616K)->46144K(47616K) Class: 5896K(7168K)->5896K(7168K)
[2026-06-17T23:10:30.236+0000][6147.015s][info][gc            ] GC(112) Pause Young (Prepare Mixed) (G1 Evacuation Pause) 442M->196M(512M) 6.654ms
[2026-06-17T23:10:30.236+0000][6147.015s][info][gc,cpu        ] GC(112) User=0.05s Sys=0.00s Real=0.01s
[2026-06-17T23:10:30.375+0000][6147.155s][info][gc,start      ] GC(113) Pause Young (Mixed) (G1 Evacuation Pause)
[2026-06-17T23:10:30.375+0000][6147.155s][info][gc,task       ] GC(113) Using 13 workers of 13 for evacuation
[2026-06-17T23:10:30.379+0000][6147.159s][info][gc,phases     ] GC(113)   Pre Evacuate Collection Set: 0.0ms
[2026-06-17T23:10:30.379+0000][6147.159s][info][gc,phases     ] GC(113)   Evacuate Collection Set: 3.7ms
[2026-06-17T23:10:30.379+0000][6147.159s][info][gc,phases     ] GC(113)   Post Evacuate Collection Set: 0.3ms
[2026-06-17T23:10:30.379+0000][6147.159s][info][gc,phases     ] GC(113)   Other: 0.3ms
[2026-06-17T23:10:30.380+0000][6147.159s][info][gc,heap       ] GC(113) Eden regions: 19->0(248)
[2026-06-17T23:10:30.380+0000][6147.159s][info][gc,heap       ] GC(113) Survivor regions: 6->2(4)
[2026-06-17T23:10:30.380+0000][6147.159s][info][gc,heap       ] GC(113) Old regions: 45->48
[2026-06-17T23:10:30.380+0000][6147.159s][info][gc,heap       ] GC(113) Humongous regions: 147->147
[2026-06-17T23:10:30.380+0000][6147.159s][info][gc,metaspace  ] GC(113) Metaspace: 52041K(54784K)->52041K(54784K) NonClass: 46144K(47616K)->46144K(47616K) Class: 5896K(7168K)->5896K(7168K)
[2026-06-17T23:10:30.380+0000][6147.159s][info][gc            ] GC(113) Pause Young (Mixed) (G1 Evacuation Pause) 215M->196M(512M) 4.702ms
[2026-06-17T23:10:30.380+0000][6147.159s][info][gc,cpu        ] GC(113) User=0.03s Sys=0.00s Real=0.00s
[2026-06-17T23:10:32.099+0000][6148.879s][info][gc,start      ] GC(114) Pause Young (Normal) (G1 Evacuation Pause)
[2026-06-17T23:10:32.100+0000][6148.879s][info][gc,task       ] GC(114) Using 13 workers of 13 for evacuation
[2026-06-17T23:10:32.101+0000][6148.881s][info][gc,phases     ] GC(114)   Pre Evacuate Collection Set: 0.0ms
[2026-06-17T23:10:32.101+0000][6148.881s][info][gc,phases     ] GC(114)   Evacuate Collection Set: 1.1ms
[2026-06-17T23:10:32.101+0000][6148.881s][info][gc,phases     ] GC(114)   Post Evacuate Collection Set: 0.3ms
[2026-06-17T23:10:32.101+0000][6148.881s][info][gc,phases     ] GC(114)   Other: 0.3ms
[2026-06-17T23:10:32.101+0000][6148.881s][info][gc,heap       ] GC(114) Eden regions: 248->0(248)
[2026-06-17T23:10:32.101+0000][6148.881s][info][gc,heap       ] GC(114) Survivor regions: 2->3(32)
[2026-06-17T23:10:32.101+0000][6148.881s][info][gc,heap       ] GC(114) Old regions: 48->48
[2026-06-17T23:10:32.102+0000][6148.881s][info][gc,heap       ] GC(114) Humongous regions: 147->147
[2026-06-17T23:10:32.102+0000][6148.881s][info][gc,metaspace  ] GC(114) Metaspace: 52041K(54784K)->52041K(54784K) NonClass: 46144K(47616K)->46144K(47616K) Class: 5896K(7168K)->5896K(7168K)
[2026-06-17T23:10:32.102+0000][6148.881s][info][gc            ] GC(114) Pause Young (Normal) (G1 Evacuation Pause) 444M->197M(512M) 2.079ms
[2026-06-17T23:10:32.102+0000][6148.881s][info][gc,cpu        ] GC(114) User=0.02s Sys=0.00s Real=0.00s
[2026-06-17T23:10:33.464+0000][6150.243s][info][gc,start      ] GC(115) Pause Young (Normal) (G1 Evacuation Pause)
[2026-06-17T23:10:33.464+0000][6150.243s][info][gc,task       ] GC(115) Using 13 workers of 13 for evacuation
[2026-06-17T23:10:33.466+0000][6150.246s][info][gc,phases     ] GC(115)   Pre Evacuate Collection Set: 0.0ms
[2026-06-17T23:10:33.466+0000][6150.246s][info][gc,phases     ] GC(115)   Evacuate Collection Set: 1.8ms
[2026-06-17T23:10:33.466+0000][6150.246s][info][gc,phases     ] GC(115)   Post Evacuate Collection Set: 0.3ms
[2026-06-17T23:10:33.466+0000][6150.246s][info][gc,phases     ] GC(115)   Other: 0.3ms
[2026-06-17T23:10:33.466+0000][6150.246s][info][gc,heap       ] GC(115) Eden regions: 248->0(242)
[2026-06-17T23:10:33.466+0000][6150.246s][info][gc,heap       ] GC(115) Survivor regions: 3->8(32)
[2026-06-17T23:10:33.466+0000][6150.246s][info][gc,heap       ] GC(115) Old regions: 48->48
[2026-06-17T23:10:33.467+0000][6150.246s][info][gc,heap       ] GC(115) Humongous regions: 147->147
[2026-06-17T23:10:33.467+0000][6150.246s][info][gc,metaspace  ] GC(115) Metaspace: 52041K(54784K)->52041K(54784K) NonClass: 46144K(47616K)->46144K(47616K) Class: 5896K(7168K)->5896K(7168K)
[2026-06-17T23:10:33.467+0000][6150.246s][info][gc            ] GC(115) Pause Young (Normal) (G1 Evacuation Pause) 445M->202M(512M) 2.773ms
[2026-06-17T23:10:33.467+0000][6150.246s][info][gc,cpu        ] GC(115) User=0.02s Sys=0.00s Real=0.00s
[2026-06-17T23:11:00.883+0000][6177.663s][info][gc,start      ] GC(116) Pause Young (Concurrent Start) (G1 Evacuation Pause)
[2026-06-17T23:11:00.883+0000][6177.663s][info][gc,task       ] GC(116) Using 13 workers of 13 for evacuation
[2026-06-17T23:11:00.886+0000][6177.666s][info][gc,phases     ] GC(116)   Pre Evacuate Collection Set: 0.3ms
[2026-06-17T23:11:00.886+0000][6177.666s][info][gc,phases     ] GC(116)   Evacuate Collection Set: 1.9ms
[2026-06-17T23:11:00.886+0000][6177.666s][info][gc,phases     ] GC(116)   Post Evacuate Collection Set: 0.4ms
[2026-06-17T23:11:00.886+0000][6177.666s][info][gc,phases     ] GC(116)   Other: 0.3ms
[2026-06-17T23:11:00.886+0000][6177.666s][info][gc,heap       ] GC(116) Eden regions: 242->0(243)
[2026-06-17T23:11:00.886+0000][6177.666s][info][gc,heap       ] GC(116) Survivor regions: 8->7(32)
[2026-06-17T23:11:00.886+0000][6177.666s][info][gc,heap       ] GC(116) Old regions: 48->48
[2026-06-17T23:11:00.886+0000][6177.666s][info][gc,heap       ] GC(116) Humongous regions: 147->147
[2026-06-17T23:11:00.887+0000][6177.666s][info][gc,metaspace  ] GC(116) Metaspace: 52052K(55040K)->52052K(55040K) NonClass: 46155K(47872K)->46155K(47872K) Class: 5896K(7168K)->5896K(7168K)
[2026-06-17T23:11:00.887+0000][6177.666s][info][gc            ] GC(116) Pause Young (Concurrent Start) (G1 Evacuation Pause) 444M->201M(512M) 3.246ms
[2026-06-17T23:11:00.887+0000][6177.666s][info][gc,cpu        ] GC(116) User=0.02s Sys=0.00s Real=0.01s
[2026-06-17T23:11:00.887+0000][6177.666s][info][gc            ] GC(117) Concurrent Cycle
[2026-06-17T23:11:00.887+0000][6177.666s][info][gc,marking    ] GC(117) Concurrent Clear Claimed Marks
[2026-06-17T23:11:00.887+0000][6177.666s][info][gc,marking    ] GC(117) Concurrent Clear Claimed Marks 0.175ms
[2026-06-17T23:11:00.887+0000][6177.667s][info][gc,marking    ] GC(117) Concurrent Scan Root Regions
[2026-06-17T23:11:00.888+0000][6177.668s][info][gc,marking    ] GC(117) Concurrent Scan Root Regions 1.220ms
[2026-06-17T23:11:00.888+0000][6177.668s][info][gc,marking    ] GC(117) Concurrent Mark (6177.668s)
[2026-06-17T23:11:00.888+0000][6177.668s][info][gc,marking    ] GC(117) Concurrent Mark From Roots
[2026-06-17T23:11:00.888+0000][6177.668s][info][gc,task       ] GC(117) Using 3 workers of 3 for marking
[2026-06-17T23:11:00.893+0000][6177.673s][info][gc,marking    ] GC(117) Concurrent Mark From Roots 5.089ms
[2026-06-17T23:11:00.894+0000][6177.673s][info][gc,marking    ] GC(117) Concurrent Preclean
[2026-06-17T23:11:00.894+0000][6177.673s][info][gc,marking    ] GC(117) Concurrent Preclean 0.141ms
[2026-06-17T23:11:00.894+0000][6177.673s][info][gc,marking    ] GC(117) Concurrent Mark (6177.668s, 6177.673s) 5.405ms
[2026-06-17T23:11:00.894+0000][6177.673s][info][gc,start      ] GC(117) Pause Remark
[2026-06-17T23:11:00.900+0000][6177.680s][info][gc,stringtable] GC(117) Cleaned string and symbol table, strings: 17207 processed, 0 removed, symbols: 125017 processed, 1 removed
[2026-06-17T23:11:00.901+0000][6177.680s][info][gc            ] GC(117) Pause Remark 202M->202M(512M) 6.759ms
[2026-06-17T23:11:00.901+0000][6177.680s][info][gc,cpu        ] GC(117) User=0.07s Sys=0.00s Real=0.00s
[2026-06-17T23:11:00.901+0000][6177.680s][info][gc,marking    ] GC(117) Concurrent Rebuild Remembered Sets
[2026-06-17T23:11:00.905+0000][6177.684s][info][gc,marking    ] GC(117) Concurrent Rebuild Remembered Sets 4.131ms
[2026-06-17T23:11:00.905+0000][6177.685s][info][gc,start      ] GC(117) Pause Cleanup
[2026-06-17T23:11:00.905+0000][6177.685s][info][gc            ] GC(117) Pause Cleanup 202M->202M(512M) 0.161ms
[2026-06-17T23:11:00.905+0000][6177.685s][info][gc,cpu        ] GC(117) User=0.00s Sys=0.00s Real=0.00s
[2026-06-17T23:11:00.905+0000][6177.685s][info][gc,marking    ] GC(117) Concurrent Cleanup for Next Mark
[2026-06-17T23:11:00.906+0000][6177.685s][info][gc,marking    ] GC(117) Concurrent Cleanup for Next Mark 0.169ms
[2026-06-17T23:11:00.906+0000][6177.685s][info][gc            ] GC(117) Concurrent Cycle 18.990ms
[2026-06-17T23:11:23.318+0000][6200.097s][info][gc,start      ] GC(118) Pause Young (Prepare Mixed) (G1 Evacuation Pause)
[2026-06-17T23:11:23.318+0000][6200.097s][info][gc,task       ] GC(118) Using 13 workers of 13 for evacuation
[2026-06-17T23:11:23.323+0000][6200.102s][info][gc,phases     ] GC(118)   Pre Evacuate Collection Set: 0.0ms
[2026-06-17T23:11:23.323+0000][6200.102s][info][gc,phases     ] GC(118)   Evacuate Collection Set: 4.5ms
[2026-06-17T23:11:23.323+0000][6200.103s][info][gc,phases     ] GC(118)   Post Evacuate Collection Set: 0.4ms
[2026-06-17T23:11:23.323+0000][6200.103s][info][gc,phases     ] GC(118)   Other: 0.3ms
[2026-06-17T23:11:23.323+0000][6200.103s][info][gc,heap       ] GC(118) Eden regions: 243->0(15)
[2026-06-17T23:11:23.323+0000][6200.103s][info][gc,heap       ] GC(118) Survivor regions: 7->10(32)
[2026-06-17T23:11:23.323+0000][6200.103s][info][gc,heap       ] GC(118) Old regions: 48->48
[2026-06-17T23:11:23.323+0000][6200.103s][info][gc,heap       ] GC(118) Humongous regions: 147->147
[2026-06-17T23:11:23.324+0000][6200.103s][info][gc,metaspace  ] GC(118) Metaspace: 52052K(55040K)->52052K(55040K) NonClass: 46155K(47872K)->46155K(47872K) Class: 5896K(7168K)->5896K(7168K)
[2026-06-17T23:11:23.324+0000][6200.103s][info][gc            ] GC(118) Pause Young (Prepare Mixed) (G1 Evacuation Pause) 443M->204M(512M) 5.879ms
[2026-06-17T23:11:23.324+0000][6200.103s][info][gc,cpu        ] GC(118) User=0.04s Sys=0.00s Real=0.01s
[2026-06-17T23:11:23.413+0000][6200.193s][info][gc,start      ] GC(119) Pause Young (Mixed) (G1 Evacuation Pause)
[2026-06-17T23:11:23.413+0000][6200.193s][info][gc,task       ] GC(119) Using 13 workers of 13 for evacuation
[2026-06-17T23:11:23.416+0000][6200.195s][info][gc,phases     ] GC(119)   Pre Evacuate Collection Set: 0.0ms
[2026-06-17T23:11:23.416+0000][6200.195s][info][gc,phases     ] GC(119)   Evacuate Collection Set: 1.9ms
[2026-06-17T23:11:23.416+0000][6200.195s][info][gc,phases     ] GC(119)   Post Evacuate Collection Set: 0.3ms
[2026-06-17T23:11:23.416+0000][6200.195s][info][gc,phases     ] GC(119)   Other: 0.3ms
[2026-06-17T23:11:23.416+0000][6200.196s][info][gc,heap       ] GC(119) Eden regions: 15->0(245)
[2026-06-17T23:11:23.416+0000][6200.196s][info][gc,heap       ] GC(119) Survivor regions: 10->2(4)
[2026-06-17T23:11:23.416+0000][6200.196s][info][gc,heap       ] GC(119) Old regions: 48->47
[2026-06-17T23:11:23.416+0000][6200.196s][info][gc,heap       ] GC(119) Humongous regions: 147->147
[2026-06-17T23:11:23.416+0000][6200.196s][info][gc,metaspace  ] GC(119) Metaspace: 52052K(55040K)->52052K(55040K) NonClass: 46155K(47872K)->46155K(47872K) Class: 5896K(7168K)->5896K(7168K)
[2026-06-17T23:11:23.416+0000][6200.196s][info][gc            ] GC(119) Pause Young (Mixed) (G1 Evacuation Pause) 219M->195M(512M) 3.024ms
[2026-06-17T23:11:23.416+0000][6200.196s][info][gc,cpu        ] GC(119) User=0.01s Sys=0.00s Real=0.01s
[2026-06-17T23:11:24.875+0000][6201.654s][info][gc,start      ] GC(120) Pause Young (Normal) (G1 Evacuation Pause)
[2026-06-17T23:11:24.875+0000][6201.654s][info][gc,task       ] GC(120) Using 13 workers of 13 for evacuation
[2026-06-17T23:11:24.877+0000][6201.656s][info][gc,phases     ] GC(120)   Pre Evacuate Collection Set: 0.0ms
[2026-06-17T23:11:24.877+0000][6201.657s][info][gc,phases     ] GC(120)   Evacuate Collection Set: 1.6ms
[2026-06-17T23:11:24.877+0000][6201.657s][info][gc,phases     ] GC(120)   Post Evacuate Collection Set: 0.4ms
[2026-06-17T23:11:24.877+0000][6201.657s][info][gc,phases     ] GC(120)   Other: 0.3ms
[2026-06-17T23:11:24.877+0000][6201.657s][info][gc,heap       ] GC(120) Eden regions: 245->0(243)
[2026-06-17T23:11:24.877+0000][6201.657s][info][gc,heap       ] GC(120) Survivor regions: 2->6(31)
[2026-06-17T23:11:24.877+0000][6201.657s][info][gc,heap       ] GC(120) Old regions: 47->47
[2026-06-17T23:11:24.877+0000][6201.657s][info][gc,heap       ] GC(120) Humongous regions: 147->147
[2026-06-17T23:11:24.877+0000][6201.657s][info][gc,metaspace  ] GC(120) Metaspace: 52052K(55040K)->52052K(55040K) NonClass: 46155K(47872K)->46155K(47872K) Class: 5896K(7168K)->5896K(7168K)
[2026-06-17T23:11:24.877+0000][6201.657s][info][gc            ] GC(120) Pause Young (Normal) (G1 Evacuation Pause) 440M->198M(512M) 2.593ms
[2026-06-17T23:11:24.877+0000][6201.657s][info][gc,cpu        ] GC(120) User=0.02s Sys=0.00s Real=0.00s
[2026-06-17T23:11:26.154+0000][6202.933s][info][gc,start      ] GC(121) Pause Young (Normal) (G1 Evacuation Pause)
[2026-06-17T23:11:26.154+0000][6202.934s][info][gc,task       ] GC(121) Using 13 workers of 13 for evacuation
[2026-06-17T23:11:26.156+0000][6202.935s][info][gc,phases     ] GC(121)   Pre Evacuate Collection Set: 0.0ms
[2026-06-17T23:11:26.156+0000][6202.935s][info][gc,phases     ] GC(121)   Evacuate Collection Set: 1.1ms
[2026-06-17T23:11:26.156+0000][6202.935s][info][gc,phases     ] GC(121)   Post Evacuate Collection Set: 0.3ms
[2026-06-17T23:11:26.156+0000][6202.935s][info][gc,phases     ] GC(121)   Other: 0.3ms
[2026-06-17T23:11:26.156+0000][6202.935s][info][gc,heap       ] GC(121) Eden regions: 243->0(246)
[2026-06-17T23:11:26.156+0000][6202.935s][info][gc,heap       ] GC(121) Survivor regions: 6->4(32)
[2026-06-17T23:11:26.156+0000][6202.935s][info][gc,heap       ] GC(121) Old regions: 47->47
[2026-06-17T23:11:26.156+0000][6202.936s][info][gc,heap       ] GC(121) Humongous regions: 147->147
[2026-06-17T23:11:26.156+0000][6202.936s][info][gc,metaspace  ] GC(121) Metaspace: 52052K(55040K)->52052K(55040K) NonClass: 46155K(47872K)->46155K(47872K) Class: 5896K(7168K)->5896K(7168K)
[2026-06-17T23:11:26.156+0000][6202.936s][info][gc            ] GC(121) Pause Young (Normal) (G1 Evacuation Pause) 441M->196M(512M) 2.214ms
[2026-06-17T23:11:26.156+0000][6202.936s][info][gc,cpu        ] GC(121) User=0.01s Sys=0.00s Real=0.00s
[2026-06-17T23:12:14.657+0000][6251.437s][info][gc,start      ] GC(122) Pause Young (Concurrent Start) (G1 Evacuation Pause)
[2026-06-17T23:12:14.657+0000][6251.437s][info][gc,task       ] GC(122) Using 13 workers of 13 for evacuation
[2026-06-17T23:12:14.660+0000][6251.440s][info][gc,phases     ] GC(122)   Pre Evacuate Collection Set: 0.2ms
[2026-06-17T23:12:14.661+0000][6251.440s][info][gc,phases     ] GC(122)   Evacuate Collection Set: 2.5ms
[2026-06-17T23:12:14.661+0000][6251.440s][info][gc,phases     ] GC(122)   Post Evacuate Collection Set: 0.4ms
[2026-06-17T23:12:14.661+0000][6251.440s][info][gc,phases     ] GC(122)   Other: 0.3ms
[2026-06-17T23:12:14.661+0000][6251.440s][info][gc,heap       ] GC(122) Eden regions: 246->0(242)
[2026-06-17T23:12:14.661+0000][6251.440s][info][gc,heap       ] GC(122) Survivor regions: 4->8(32)
[2026-06-17T23:12:14.661+0000][6251.440s][info][gc,heap       ] GC(122) Old regions: 47->47
[2026-06-17T23:12:14.661+0000][6251.440s][info][gc,heap       ] GC(122) Humongous regions: 147->147
[2026-06-17T23:12:14.661+0000][6251.440s][info][gc,metaspace  ] GC(122) Metaspace: 52052K(55040K)->52052K(55040K) NonClass: 46155K(47872K)->46155K(47872K) Class: 5896K(7168K)->5896K(7168K)
[2026-06-17T23:12:14.661+0000][6251.440s][info][gc            ] GC(122) Pause Young (Concurrent Start) (G1 Evacuation Pause) 442M->200M(512M) 3.886ms
[2026-06-17T23:12:14.661+0000][6251.440s][info][gc,cpu        ] GC(122) User=0.03s Sys=0.00s Real=0.00s
[2026-06-17T23:12:14.661+0000][6251.441s][info][gc            ] GC(123) Concurrent Cycle
[2026-06-17T23:12:14.661+0000][6251.441s][info][gc,marking    ] GC(123) Concurrent Clear Claimed Marks
[2026-06-17T23:12:14.661+0000][6251.441s][info][gc,marking    ] GC(123) Concurrent Clear Claimed Marks 0.171ms
[2026-06-17T23:12:14.661+0000][6251.441s][info][gc,marking    ] GC(123) Concurrent Scan Root Regions
[2026-06-17T23:12:14.663+0000][6251.442s][info][gc,marking    ] GC(123) Concurrent Scan Root Regions 1.157ms
[2026-06-17T23:12:14.663+0000][6251.442s][info][gc,marking    ] GC(123) Concurrent Mark (6251.442s)
[2026-06-17T23:12:14.663+0000][6251.442s][info][gc,marking    ] GC(123) Concurrent Mark From Roots
[2026-06-17T23:12:14.663+0000][6251.442s][info][gc,task       ] GC(123) Using 3 workers of 3 for marking
[2026-06-17T23:12:14.668+0000][6251.447s][info][gc,marking    ] GC(123) Concurrent Mark From Roots 5.051ms
[2026-06-17T23:12:14.668+0000][6251.447s][info][gc,marking    ] GC(123) Concurrent Preclean
[2026-06-17T23:12:14.668+0000][6251.447s][info][gc,marking    ] GC(123) Concurrent Preclean 0.147ms
[2026-06-17T23:12:14.668+0000][6251.448s][info][gc,marking    ] GC(123) Concurrent Mark (6251.442s, 6251.448s) 5.426ms
[2026-06-17T23:12:14.668+0000][6251.448s][info][gc,start      ] GC(123) Pause Remark
[2026-06-17T23:12:14.671+0000][6251.450s][info][gc,stringtable] GC(123) Cleaned string and symbol table, strings: 17207 processed, 0 removed, symbols: 125016 processed, 0 removed
[2026-06-17T23:12:14.671+0000][6251.450s][info][gc            ] GC(123) Pause Remark 204M->204M(512M) 2.557ms
[2026-06-17T23:12:14.671+0000][6251.450s][info][gc,cpu        ] GC(123) User=0.03s Sys=0.00s Real=0.00s
[2026-06-17T23:12:14.671+0000][6251.450s][info][gc,marking    ] GC(123) Concurrent Rebuild Remembered Sets
[2026-06-17T23:12:14.675+0000][6251.455s][info][gc,marking    ] GC(123) Concurrent Rebuild Remembered Sets 4.321ms
[2026-06-17T23:12:14.676+0000][6251.455s][info][gc,start      ] GC(123) Pause Cleanup
[2026-06-17T23:12:14.676+0000][6251.455s][info][gc            ] GC(123) Pause Cleanup 205M->205M(512M) 0.189ms
[2026-06-17T23:12:14.676+0000][6251.455s][info][gc,cpu        ] GC(123) User=0.00s Sys=0.00s Real=0.00s
[2026-06-17T23:12:14.676+0000][6251.455s][info][gc,marking    ] GC(123) Concurrent Cleanup for Next Mark
[2026-06-17T23:12:14.676+0000][6251.455s][info][gc,marking    ] GC(123) Concurrent Cleanup for Next Mark 0.138ms
[2026-06-17T23:12:14.676+0000][6251.455s][info][gc            ] GC(123) Concurrent Cycle 14.956ms
[2026-06-17T23:12:16.085+0000][6252.865s][info][gc,start      ] GC(124) Pause Young (Prepare Mixed) (G1 Evacuation Pause)
[2026-06-17T23:12:16.085+0000][6252.865s][info][gc,task       ] GC(124) Using 13 workers of 13 for evacuation
[2026-06-17T23:12:16.088+0000][6252.867s][info][gc,phases     ] GC(124)   Pre Evacuate Collection Set: 0.0ms
[2026-06-17T23:12:16.088+0000][6252.867s][info][gc,phases     ] GC(124)   Evacuate Collection Set: 2.1ms
[2026-06-17T23:12:16.088+0000][6252.867s][info][gc,phases     ] GC(124)   Post Evacuate Collection Set: 0.3ms
[2026-06-17T23:12:16.088+0000][6252.868s][info][gc,phases     ] GC(124)   Other: 0.3ms
[2026-06-17T23:12:16.088+0000][6252.868s][info][gc,heap       ] GC(124) Eden regions: 242->0(19)
[2026-06-17T23:12:16.088+0000][6252.868s][info][gc,heap       ] GC(124) Survivor regions: 8->6(32)
[2026-06-17T23:12:16.088+0000][6252.868s][info][gc,heap       ] GC(124) Old regions: 47->47
[2026-06-17T23:12:16.088+0000][6252.868s][info][gc,heap       ] GC(124) Humongous regions: 147->147
[2026-06-17T23:12:16.088+0000][6252.868s][info][gc,metaspace  ] GC(124) Metaspace: 52052K(55040K)->52052K(55040K) NonClass: 46155K(47872K)->46155K(47872K) Class: 5896K(7168K)->5896K(7168K)
[2026-06-17T23:12:16.088+0000][6252.868s][info][gc            ] GC(124) Pause Young (Prepare Mixed) (G1 Evacuation Pause) 442M->199M(512M) 3.191ms
[2026-06-17T23:12:16.088+0000][6252.868s][info][gc,cpu        ] GC(124) User=0.02s Sys=0.00s Real=0.00s
[2026-06-17T23:12:16.184+0000][6252.964s][info][gc,start      ] GC(125) Pause Young (Mixed) (G1 Evacuation Pause)
[2026-06-17T23:12:16.184+0000][6252.964s][info][gc,task       ] GC(125) Using 13 workers of 13 for evacuation
[2026-06-17T23:12:16.187+0000][6252.967s][info][gc,phases     ] GC(125)   Pre Evacuate Collection Set: 0.0ms
[2026-06-17T23:12:16.187+0000][6252.967s][info][gc,phases     ] GC(125)   Evacuate Collection Set: 2.5ms
[2026-06-17T23:12:16.187+0000][6252.967s][info][gc,phases     ] GC(125)   Post Evacuate Collection Set: 0.3ms
[2026-06-17T23:12:16.187+0000][6252.967s][info][gc,phases     ] GC(125)   Other: 0.3ms
[2026-06-17T23:12:16.187+0000][6252.967s][info][gc,heap       ] GC(125) Eden regions: 19->0(246)
[2026-06-17T23:12:16.188+0000][6252.967s][info][gc,heap       ] GC(125) Survivor regions: 6->2(4)
[2026-06-17T23:12:16.188+0000][6252.967s][info][gc,heap       ] GC(125) Old regions: 47->49
[2026-06-17T23:12:16.188+0000][6252.967s][info][gc,heap       ] GC(125) Humongous regions: 147->147
[2026-06-17T23:12:16.188+0000][6252.967s][info][gc,metaspace  ] GC(125) Metaspace: 52052K(55040K)->52052K(55040K) NonClass: 46155K(47872K)->46155K(47872K) Class: 5896K(7168K)->5896K(7168K)
[2026-06-17T23:12:16.188+0000][6252.967s][info][gc            ] GC(125) Pause Young (Mixed) (G1 Evacuation Pause) 218M->196M(512M) 3.467ms
[2026-06-17T23:12:16.188+0000][6252.967s][info][gc,cpu        ] GC(125) User=0.02s Sys=0.00s Real=0.00s
[2026-06-17T23:12:17.551+0000][6254.331s][info][gc,start      ] GC(126) Pause Young (Normal) (G1 Evacuation Pause)
[2026-06-17T23:12:17.551+0000][6254.331s][info][gc,task       ] GC(126) Using 13 workers of 13 for evacuation
[2026-06-17T23:12:17.553+0000][6254.333s][info][gc,phases     ] GC(126)   Pre Evacuate Collection Set: 0.0ms
[2026-06-17T23:12:17.553+0000][6254.333s][info][gc,phases     ] GC(126)   Evacuate Collection Set: 1.3ms
[2026-06-17T23:12:17.553+0000][6254.333s][info][gc,phases     ] GC(126)   Post Evacuate Collection Set: 0.6ms
[2026-06-17T23:12:17.553+0000][6254.333s][info][gc,phases     ] GC(126)   Other: 0.3ms
[2026-06-17T23:12:17.553+0000][6254.333s][info][gc,heap       ] GC(126) Eden regions: 246->0(247)
[2026-06-17T23:12:17.554+0000][6254.333s][info][gc,heap       ] GC(126) Survivor regions: 2->3(31)
[2026-06-17T23:12:17.554+0000][6254.333s][info][gc,heap       ] GC(126) Old regions: 49->49
[2026-06-17T23:12:17.554+0000][6254.333s][info][gc,heap       ] GC(126) Humongous regions: 147->147
[2026-06-17T23:12:17.554+0000][6254.333s][info][gc,metaspace  ] GC(126) Metaspace: 52052K(55040K)->52052K(55040K) NonClass: 46155K(47872K)->46155K(47872K) Class: 5896K(7168K)->5896K(7168K)
[2026-06-17T23:12:17.554+0000][6254.333s][info][gc            ] GC(126) Pause Young (Normal) (G1 Evacuation Pause) 442M->198M(512M) 2.507ms
[2026-06-17T23:12:17.554+0000][6254.333s][info][gc,cpu        ] GC(126) User=0.01s Sys=0.00s Real=0.00s
[2026-06-17T23:13:06.019+0000][6302.798s][info][gc,start      ] GC(127) Pause Young (Normal) (G1 Evacuation Pause)
[2026-06-17T23:13:06.019+0000][6302.798s][info][gc,task       ] GC(127) Using 13 workers of 13 for evacuation
[2026-06-17T23:13:06.023+0000][6302.803s][info][gc,phases     ] GC(127)   Pre Evacuate Collection Set: 0.0ms
[2026-06-17T23:13:06.023+0000][6302.803s][info][gc,phases     ] GC(127)   Evacuate Collection Set: 3.8ms
[2026-06-17T23:13:06.023+0000][6302.803s][info][gc,phases     ] GC(127)   Post Evacuate Collection Set: 0.4ms
[2026-06-17T23:13:06.023+0000][6302.803s][info][gc,phases     ] GC(127)   Other: 0.3ms
[2026-06-17T23:13:06.023+0000][6302.803s][info][gc,heap       ] GC(127) Eden regions: 247->0(241)
[2026-06-17T23:13:06.023+0000][6302.803s][info][gc,heap       ] GC(127) Survivor regions: 3->8(32)
[2026-06-17T23:13:06.023+0000][6302.803s][info][gc,heap       ] GC(127) Old regions: 49->49
[2026-06-17T23:13:06.023+0000][6302.803s][info][gc,heap       ] GC(127) Humongous regions: 147->147
[2026-06-17T23:13:06.024+0000][6302.803s][info][gc,metaspace  ] GC(127) Metaspace: 52052K(55040K)->52052K(55040K) NonClass: 46155K(47872K)->46155K(47872K) Class: 5896K(7168K)->5896K(7168K)
[2026-06-17T23:13:06.024+0000][6302.803s][info][gc            ] GC(127) Pause Young (Normal) (G1 Evacuation Pause) 445M->203M(512M) 5.022ms
[2026-06-17T23:13:06.024+0000][6302.803s][info][gc,cpu        ] GC(127) User=0.05s Sys=0.00s Real=0.01s
[2026-06-17T23:13:07.529+0000][6304.309s][info][gc,start      ] GC(128) Pause Young (Concurrent Start) (G1 Evacuation Pause)
[2026-06-17T23:13:07.530+0000][6304.309s][info][gc,task       ] GC(128) Using 13 workers of 13 for evacuation
[2026-06-17T23:13:07.532+0000][6304.312s][info][gc,phases     ] GC(128)   Pre Evacuate Collection Set: 0.3ms
[2026-06-17T23:13:07.532+0000][6304.312s][info][gc,phases     ] GC(128)   Evacuate Collection Set: 1.6ms
[2026-06-17T23:13:07.532+0000][6304.312s][info][gc,phases     ] GC(128)   Post Evacuate Collection Set: 0.3ms
[2026-06-17T23:13:07.532+0000][6304.312s][info][gc,phases     ] GC(128)   Other: 0.3ms
[2026-06-17T23:13:07.532+0000][6304.312s][info][gc,heap       ] GC(128) Eden regions: 241->0(243)
[2026-06-17T23:13:07.532+0000][6304.312s][info][gc,heap       ] GC(128) Survivor regions: 8->6(32)
[2026-06-17T23:13:07.532+0000][6304.312s][info][gc,heap       ] GC(128) Old regions: 49->49
[2026-06-17T23:13:07.532+0000][6304.312s][info][gc,heap       ] GC(128) Humongous regions: 147->147
[2026-06-17T23:13:07.532+0000][6304.312s][info][gc,metaspace  ] GC(128) Metaspace: 52052K(55040K)->52052K(55040K) NonClass: 46155K(47872K)->46155K(47872K) Class: 5896K(7168K)->5896K(7168K)
[2026-06-17T23:13:07.532+0000][6304.312s][info][gc            ] GC(128) Pause Young (Concurrent Start) (G1 Evacuation Pause) 444M->201M(512M) 2.956ms
[2026-06-17T23:13:07.532+0000][6304.312s][info][gc,cpu        ] GC(128) User=0.02s Sys=0.00s Real=0.00s
[2026-06-17T23:13:07.533+0000][6304.312s][info][gc            ] GC(129) Concurrent Cycle
[2026-06-17T23:13:07.533+0000][6304.312s][info][gc,marking    ] GC(129) Concurrent Clear Claimed Marks
[2026-06-17T23:13:07.533+0000][6304.313s][info][gc,marking    ] GC(129) Concurrent Clear Claimed Marks 0.193ms
[2026-06-17T23:13:07.533+0000][6304.313s][info][gc,marking    ] GC(129) Concurrent Scan Root Regions
[2026-06-17T23:13:07.534+0000][6304.314s][info][gc,marking    ] GC(129) Concurrent Scan Root Regions 1.079ms
[2026-06-17T23:13:07.534+0000][6304.314s][info][gc,marking    ] GC(129) Concurrent Mark (6304.314s)
[2026-06-17T23:13:07.534+0000][6304.314s][info][gc,marking    ] GC(129) Concurrent Mark From Roots
[2026-06-17T23:13:07.534+0000][6304.314s][info][gc,task       ] GC(129) Using 3 workers of 3 for marking
[2026-06-17T23:13:07.539+0000][6304.319s][info][gc,marking    ] GC(129) Concurrent Mark From Roots 4.831ms
[2026-06-17T23:13:07.539+0000][6304.319s][info][gc,marking    ] GC(129) Concurrent Preclean
[2026-06-17T23:13:07.539+0000][6304.319s][info][gc,marking    ] GC(129) Concurrent Preclean 0.164ms
[2026-06-17T23:13:07.539+0000][6304.319s][info][gc,marking    ] GC(129) Concurrent Mark (6304.314s, 6304.319s) 5.230ms
[2026-06-17T23:13:07.539+0000][6304.319s][info][gc,start      ] GC(129) Pause Remark
[2026-06-17T23:13:07.542+0000][6304.321s][info][gc,stringtable] GC(129) Cleaned string and symbol table, strings: 17207 processed, 0 removed, symbols: 125016 processed, 0 removed
[2026-06-17T23:13:07.542+0000][6304.322s][info][gc            ] GC(129) Pause Remark 204M->204M(512M) 2.330ms
[2026-06-17T23:13:07.542+0000][6304.322s][info][gc,cpu        ] GC(129) User=0.02s Sys=0.00s Real=0.00s
[2026-06-17T23:13:07.542+0000][6304.322s][info][gc,marking    ] GC(129) Concurrent Rebuild Remembered Sets
[2026-06-17T23:13:07.546+0000][6304.326s][info][gc,marking    ] GC(129) Concurrent Rebuild Remembered Sets 4.432ms
[2026-06-17T23:13:07.547+0000][6304.326s][info][gc,start      ] GC(129) Pause Cleanup
[2026-06-17T23:13:07.547+0000][6304.327s][info][gc            ] GC(129) Pause Cleanup 206M->206M(512M) 0.177ms
[2026-06-17T23:13:07.547+0000][6304.327s][info][gc,cpu        ] GC(129) User=0.00s Sys=0.00s Real=0.00s
[2026-06-17T23:13:07.547+0000][6304.327s][info][gc,marking    ] GC(129) Concurrent Cleanup for Next Mark
[2026-06-17T23:13:07.547+0000][6304.327s][info][gc,marking    ] GC(129) Concurrent Cleanup for Next Mark 0.141ms
[2026-06-17T23:13:07.547+0000][6304.327s][info][gc            ] GC(129) Concurrent Cycle 14.612ms
[2026-06-17T23:13:08.888+0000][6305.667s][info][gc,start      ] GC(130) Pause Young (Prepare Mixed) (G1 Evacuation Pause)
[2026-06-17T23:13:08.888+0000][6305.668s][info][gc,task       ] GC(130) Using 13 workers of 13 for evacuation
[2026-06-17T23:13:08.890+0000][6305.669s][info][gc,phases     ] GC(130)   Pre Evacuate Collection Set: 0.0ms
[2026-06-17T23:13:08.890+0000][6305.670s][info][gc,phases     ] GC(130)   Evacuate Collection Set: 1.4ms
[2026-06-17T23:13:08.890+0000][6305.670s][info][gc,phases     ] GC(130)   Post Evacuate Collection Set: 0.3ms
[2026-06-17T23:13:08.890+0000][6305.670s][info][gc,phases     ] GC(130)   Other: 0.3ms
[2026-06-17T23:13:08.890+0000][6305.670s][info][gc,heap       ] GC(130) Eden regions: 243->0(21)
[2026-06-17T23:13:08.890+0000][6305.670s][info][gc,heap       ] GC(130) Survivor regions: 6->4(32)
[2026-06-17T23:13:08.890+0000][6305.670s][info][gc,heap       ] GC(130) Old regions: 49->49
[2026-06-17T23:13:08.890+0000][6305.670s][info][gc,heap       ] GC(130) Humongous regions: 147->147
[2026-06-17T23:13:08.890+0000][6305.670s][info][gc,metaspace  ] GC(130) Metaspace: 52052K(55040K)->52052K(55040K) NonClass: 46155K(47872K)->46155K(47872K) Class: 5896K(7168K)->5896K(7168K)
[2026-06-17T23:13:08.890+0000][6305.670s][info][gc            ] GC(130) Pause Young (Prepare Mixed) (G1 Evacuation Pause) 444M->199M(512M) 2.530ms
[2026-06-17T23:13:08.890+0000][6305.670s][info][gc,cpu        ] GC(130) User=0.02s Sys=0.00s Real=0.00s
[2026-06-17T23:13:08.992+0000][6305.772s][info][gc,start      ] GC(131) Pause Young (Mixed) (G1 Evacuation Pause)
[2026-06-17T23:13:08.992+0000][6305.772s][info][gc,task       ] GC(131) Using 13 workers of 13 for evacuation
[2026-06-17T23:13:08.994+0000][6305.774s][info][gc,phases     ] GC(131)   Pre Evacuate Collection Set: 0.0ms
[2026-06-17T23:13:08.994+0000][6305.774s][info][gc,phases     ] GC(131)   Evacuate Collection Set: 1.6ms
[2026-06-17T23:13:08.994+0000][6305.774s][info][gc,phases     ] GC(131)   Post Evacuate Collection Set: 0.3ms
[2026-06-17T23:13:08.995+0000][6305.774s][info][gc,phases     ] GC(131)   Other: 0.3ms
[2026-06-17T23:13:08.995+0000][6305.774s][info][gc,heap       ] GC(131) Eden regions: 21->0(248)
[2026-06-17T23:13:08.995+0000][6305.774s][info][gc,heap       ] GC(131) Survivor regions: 4->4(4)
[2026-06-17T23:13:08.995+0000][6305.774s][info][gc,heap       ] GC(131) Old regions: 49->46
[2026-06-17T23:13:08.995+0000][6305.774s][info][gc,heap       ] GC(131) Humongous regions: 147->147
[2026-06-17T23:13:08.995+0000][6305.775s][info][gc,metaspace  ] GC(131) Metaspace: 52052K(55040K)->52052K(55040K) NonClass: 46155K(47872K)->46155K(47872K) Class: 5896K(7168K)->5896K(7168K)
[2026-06-17T23:13:08.995+0000][6305.775s][info][gc            ] GC(131) Pause Young (Mixed) (G1 Evacuation Pause) 220M->195M(512M) 2.604ms
[2026-06-17T23:13:08.995+0000][6305.775s][info][gc,cpu        ] GC(131) User=0.02s Sys=0.00s Real=0.01s
[2026-06-17T23:13:10.305+0000][6307.084s][info][gc,start      ] GC(132) Pause Young (Normal) (G1 Evacuation Pause)
[2026-06-17T23:13:10.305+0000][6307.084s][info][gc,task       ] GC(132) Using 13 workers of 13 for evacuation
[2026-06-17T23:13:10.311+0000][6307.090s][info][gc,phases     ] GC(132)   Pre Evacuate Collection Set: 0.0ms
[2026-06-17T23:13:10.311+0000][6307.091s][info][gc,phases     ] GC(132)   Evacuate Collection Set: 5.2ms
[2026-06-17T23:13:10.311+0000][6307.091s][info][gc,phases     ] GC(132)   Post Evacuate Collection Set: 0.6ms
[2026-06-17T23:13:10.311+0000][6307.091s][info][gc,phases     ] GC(132)   Other: 0.3ms
[2026-06-17T23:13:10.311+0000][6307.091s][info][gc,heap       ] GC(132) Eden regions: 248->0(243)
[2026-06-17T23:13:10.311+0000][6307.091s][info][gc,heap       ] GC(132) Survivor regions: 4->8(32)
[2026-06-17T23:13:10.311+0000][6307.091s][info][gc,heap       ] GC(132) Old regions: 46->46
[2026-06-17T23:13:10.311+0000][6307.091s][info][gc,heap       ] GC(132) Humongous regions: 147->147
[2026-06-17T23:13:10.311+0000][6307.091s][info][gc,metaspace  ] GC(132) Metaspace: 52052K(55040K)->52052K(55040K) NonClass: 46155K(47872K)->46155K(47872K) Class: 5896K(7168K)->5896K(7168K)
[2026-06-17T23:13:10.311+0000][6307.091s][info][gc            ] GC(132) Pause Young (Normal) (G1 Evacuation Pause) 443M->200M(512M) 6.590ms
[2026-06-17T23:13:10.311+0000][6307.091s][info][gc,cpu        ] GC(132) User=0.07s Sys=0.01s Real=0.00s
[2026-06-17T23:13:58.951+0000][6355.731s][info][gc,start      ] GC(133) Pause Young (Normal) (G1 Evacuation Pause)
[2026-06-17T23:13:58.951+0000][6355.731s][info][gc,task       ] GC(133) Using 13 workers of 13 for evacuation
[2026-06-17T23:13:58.954+0000][6355.734s][info][gc,phases     ] GC(133)   Pre Evacuate Collection Set: 0.0ms
[2026-06-17T23:13:58.954+0000][6355.734s][info][gc,phases     ] GC(133)   Evacuate Collection Set: 2.1ms
[2026-06-17T23:13:58.954+0000][6355.734s][info][gc,phases     ] GC(133)   Post Evacuate Collection Set: 0.4ms
[2026-06-17T23:13:58.954+0000][6355.734s][info][gc,phases     ] GC(133)   Other: 0.3ms
[2026-06-17T23:13:58.954+0000][6355.734s][info][gc,heap       ] GC(133) Eden regions: 243->0(245)
[2026-06-17T23:13:58.954+0000][6355.734s][info][gc,heap       ] GC(133) Survivor regions: 8->6(32)
[2026-06-17T23:13:58.954+0000][6355.734s][info][gc,heap       ] GC(133) Old regions: 46->46
[2026-06-17T23:13:58.954+0000][6355.734s][info][gc,heap       ] GC(133) Humongous regions: 147->147
[2026-06-17T23:13:58.954+0000][6355.734s][info][gc,metaspace  ] GC(133) Metaspace: 52070K(55040K)->52070K(55040K) NonClass: 46173K(47872K)->46173K(47872K) Class: 5896K(7168K)->5896K(7168K)
[2026-06-17T23:13:58.954+0000][6355.734s][info][gc            ] GC(133) Pause Young (Normal) (G1 Evacuation Pause) 443M->198M(512M) 3.200ms
[2026-06-17T23:13:58.954+0000][6355.734s][info][gc,cpu        ] GC(133) User=0.03s Sys=0.00s Real=0.01s
[2026-06-17T23:14:00.391+0000][6357.171s][info][gc,start      ] GC(134) Pause Young (Concurrent Start) (G1 Evacuation Pause)
[2026-06-17T23:14:00.391+0000][6357.171s][info][gc,task       ] GC(134) Using 13 workers of 13 for evacuation
[2026-06-17T23:14:00.393+0000][6357.173s][info][gc,phases     ] GC(134)   Pre Evacuate Collection Set: 0.3ms
[2026-06-17T23:14:00.393+0000][6357.173s][info][gc,phases     ] GC(134)   Evacuate Collection Set: 1.4ms
[2026-06-17T23:14:00.393+0000][6357.174s][info][gc,phases     ] GC(134)   Post Evacuate Collection Set: 0.3ms
[2026-06-17T23:14:00.393+0000][6357.174s][info][gc,phases     ] GC(134)   Other: 0.3ms
[2026-06-17T23:14:00.393+0000][6357.174s][info][gc,heap       ] GC(134) Eden regions: 245->0(249)
[2026-06-17T23:14:00.393+0000][6357.174s][info][gc,heap       ] GC(134) Survivor regions: 6->4(32)
[2026-06-17T23:14:00.393+0000][6357.174s][info][gc,heap       ] GC(134) Old regions: 46->46
[2026-06-17T23:14:00.393+0000][6357.174s][info][gc,heap       ] GC(134) Humongous regions: 147->147
[2026-06-17T23:14:00.393+0000][6357.174s][info][gc,metaspace  ] GC(134) Metaspace: 52070K(55040K)->52070K(55040K) NonClass: 46173K(47872K)->46173K(47872K) Class: 5896K(7168K)->5896K(7168K)
[2026-06-17T23:14:00.393+0000][6357.174s][info][gc            ] GC(134) Pause Young (Concurrent Start) (G1 Evacuation Pause) 443M->195M(512M) 2.616ms
[2026-06-17T23:14:00.393+0000][6357.174s][info][gc,cpu        ] GC(134) User=0.02s Sys=0.00s Real=0.01s
[2026-06-17T23:14:00.394+0000][6357.174s][info][gc            ] GC(135) Concurrent Cycle
[2026-06-17T23:14:00.394+0000][6357.174s][info][gc,marking    ] GC(135) Concurrent Clear Claimed Marks
[2026-06-17T23:14:00.394+0000][6357.174s][info][gc,marking    ] GC(135) Concurrent Clear Claimed Marks 0.183ms
[2026-06-17T23:14:00.394+0000][6357.174s][info][gc,marking    ] GC(135) Concurrent Scan Root Regions
[2026-06-17T23:14:00.395+0000][6357.175s][info][gc,marking    ] GC(135) Concurrent Scan Root Regions 0.926ms
[2026-06-17T23:14:00.395+0000][6357.175s][info][gc,marking    ] GC(135) Concurrent Mark (6357.175s)
[2026-06-17T23:14:00.395+0000][6357.175s][info][gc,marking    ] GC(135) Concurrent Mark From Roots
[2026-06-17T23:14:00.395+0000][6357.175s][info][gc,task       ] GC(135) Using 3 workers of 3 for marking
[2026-06-17T23:14:00.400+0000][6357.180s][info][gc,marking    ] GC(135) Concurrent Mark From Roots 5.178ms
[2026-06-17T23:14:00.400+0000][6357.181s][info][gc,marking    ] GC(135) Concurrent Preclean
[2026-06-17T23:14:00.400+0000][6357.181s][info][gc,marking    ] GC(135) Concurrent Preclean 0.134ms
[2026-06-17T23:14:00.400+0000][6357.181s][info][gc,marking    ] GC(135) Concurrent Mark (6357.175s, 6357.181s) 5.552ms
[2026-06-17T23:14:00.401+0000][6357.181s][info][gc,start      ] GC(135) Pause Remark
[2026-06-17T23:14:00.403+0000][6357.183s][info][gc,stringtable] GC(135) Cleaned string and symbol table, strings: 17207 processed, 0 removed, symbols: 125016 processed, 0 removed
[2026-06-17T23:14:00.403+0000][6357.183s][info][gc            ] GC(135) Pause Remark 199M->199M(512M) 2.392ms
[2026-06-17T23:14:00.403+0000][6357.183s][info][gc,cpu        ] GC(135) User=0.02s Sys=0.01s Real=0.01s
[2026-06-17T23:14:00.403+0000][6357.183s][info][gc,marking    ] GC(135) Concurrent Rebuild Remembered Sets
[2026-06-17T23:14:00.407+0000][6357.187s][info][gc,marking    ] GC(135) Concurrent Rebuild Remembered Sets 3.625ms
[2026-06-17T23:14:00.407+0000][6357.187s][info][gc,start      ] GC(135) Pause Cleanup
[2026-06-17T23:14:00.407+0000][6357.187s][info][gc            ] GC(135) Pause Cleanup 200M->200M(512M) 0.183ms
[2026-06-17T23:14:00.407+0000][6357.188s][info][gc,cpu        ] GC(135) User=0.00s Sys=0.00s Real=0.00s
[2026-06-17T23:14:00.407+0000][6357.188s][info][gc,marking    ] GC(135) Concurrent Cleanup for Next Mark
[2026-06-17T23:14:00.407+0000][6357.188s][info][gc,marking    ] GC(135) Concurrent Cleanup for Next Mark 0.149ms
[2026-06-17T23:14:00.407+0000][6357.188s][info][gc            ] GC(135) Concurrent Cycle 13.948ms
[2026-06-17T23:14:01.721+0000][6358.501s][info][gc,start      ] GC(136) Pause Young (Prepare Mixed) (G1 Evacuation Pause)
[2026-06-17T23:14:01.721+0000][6358.501s][info][gc,task       ] GC(136) Using 13 workers of 13 for evacuation
[2026-06-17T23:14:01.732+0000][6358.512s][info][gc,phases     ] GC(136)   Pre Evacuate Collection Set: 0.0ms
[2026-06-17T23:14:01.732+0000][6358.512s][info][gc,phases     ] GC(136)   Evacuate Collection Set: 9.9ms
[2026-06-17T23:14:01.732+0000][6358.512s][info][gc,phases     ] GC(136)   Post Evacuate Collection Set: 0.4ms
[2026-06-17T23:14:01.732+0000][6358.512s][info][gc,phases     ] GC(136)   Other: 0.4ms
[2026-06-17T23:14:01.732+0000][6358.512s][info][gc,heap       ] GC(136) Eden regions: 249->0(17)
[2026-06-17T23:14:01.732+0000][6358.512s][info][gc,heap       ] GC(136) Survivor regions: 4->8(32)
[2026-06-17T23:14:01.732+0000][6358.512s][info][gc,heap       ] GC(136) Old regions: 46->46
[2026-06-17T23:14:01.732+0000][6358.512s][info][gc,heap       ] GC(136) Humongous regions: 147->147
[2026-06-17T23:14:01.732+0000][6358.513s][info][gc,metaspace  ] GC(136) Metaspace: 52070K(55040K)->52070K(55040K) NonClass: 46173K(47872K)->46173K(47872K) Class: 5896K(7168K)->5896K(7168K)
[2026-06-17T23:14:01.732+0000][6358.513s][info][gc            ] GC(136) Pause Young (Prepare Mixed) (G1 Evacuation Pause) 444M->200M(512M) 11.178ms
[2026-06-17T23:14:01.732+0000][6358.513s][info][gc,cpu        ] GC(136) User=0.09s Sys=0.00s Real=0.01s
[2026-06-17T23:14:01.818+0000][6358.598s][info][gc,start      ] GC(137) Pause Young (Mixed) (G1 Evacuation Pause)
[2026-06-17T23:14:01.818+0000][6358.598s][info][gc,task       ] GC(137) Using 13 workers of 13 for evacuation
[2026-06-17T23:14:01.822+0000][6358.602s][info][gc,phases     ] GC(137)   Pre Evacuate Collection Set: 0.0ms
[2026-06-17T23:14:01.822+0000][6358.602s][info][gc,phases     ] GC(137)   Evacuate Collection Set: 3.7ms
[2026-06-17T23:14:01.822+0000][6358.602s][info][gc,phases     ] GC(137)   Post Evacuate Collection Set: 0.3ms
[2026-06-17T23:14:01.822+0000][6358.602s][info][gc,phases     ] GC(137)   Other: 0.3ms
[2026-06-17T23:14:01.822+0000][6358.602s][info][gc,heap       ] GC(137) Eden regions: 17->0(244)
[2026-06-17T23:14:01.822+0000][6358.603s][info][gc,heap       ] GC(137) Survivor regions: 8->2(4)
[2026-06-17T23:14:01.822+0000][6358.603s][info][gc,heap       ] GC(137) Old regions: 46->52
[2026-06-17T23:14:01.822+0000][6358.603s][info][gc,heap       ] GC(137) Humongous regions: 147->147
[2026-06-17T23:14:01.822+0000][6358.603s][info][gc,metaspace  ] GC(137) Metaspace: 52070K(55040K)->52070K(55040K) NonClass: 46173K(47872K)->46173K(47872K) Class: 5896K(7168K)->5896K(7168K)
[2026-06-17T23:14:01.822+0000][6358.603s][info][gc            ] GC(137) Pause Young (Mixed) (G1 Evacuation Pause) 217M->199M(512M) 4.723ms
[2026-06-17T23:14:01.822+0000][6358.603s][info][gc,cpu        ] GC(137) User=0.03s Sys=0.00s Real=0.00s
[2026-06-17T23:14:50.281+0000][6407.060s][info][gc,start      ] GC(138) Pause Young (Normal) (G1 Evacuation Pause)
[2026-06-17T23:14:50.282+0000][6407.061s][info][gc,task       ] GC(138) Using 13 workers of 13 for evacuation
[2026-06-17T23:14:50.285+0000][6407.064s][info][gc,phases     ] GC(138)   Pre Evacuate Collection Set: 0.0ms
[2026-06-17T23:14:50.285+0000][6407.064s][info][gc,phases     ] GC(138)   Evacuate Collection Set: 2.5ms
[2026-06-17T23:14:50.285+0000][6407.064s][info][gc,phases     ] GC(138)   Post Evacuate Collection Set: 0.3ms
[2026-06-17T23:14:50.285+0000][6407.064s][info][gc,phases     ] GC(138)   Other: 1.0ms
[2026-06-17T23:14:50.285+0000][6407.064s][info][gc,heap       ] GC(138) Eden regions: 244->0(244)
[2026-06-17T23:14:50.285+0000][6407.064s][info][gc,heap       ] GC(138) Survivor regions: 2->4(31)
[2026-06-17T23:14:50.285+0000][6407.064s][info][gc,heap       ] GC(138) Old regions: 52->52
[2026-06-17T23:14:50.285+0000][6407.064s][info][gc,heap       ] GC(138) Humongous regions: 147->147
[2026-06-17T23:14:50.285+0000][6407.064s][info][gc,metaspace  ] GC(138) Metaspace: 52076K(55040K)->52076K(55040K) NonClass: 46179K(47872K)->46179K(47872K) Class: 5896K(7168K)->5896K(7168K)
[2026-06-17T23:14:50.285+0000][6407.065s][info][gc            ] GC(138) Pause Young (Normal) (G1 Evacuation Pause) 443M->201M(512M) 4.192ms
[2026-06-17T23:14:50.285+0000][6407.065s][info][gc,cpu        ] GC(138) User=0.02s Sys=0.00s Real=0.01s
[2026-06-17T23:14:51.777+0000][6408.557s][info][gc,start      ] GC(139) Pause Young (Normal) (G1 Evacuation Pause)
[2026-06-17T23:14:51.778+0000][6408.557s][info][gc,task       ] GC(139) Using 13 workers of 13 for evacuation
[2026-06-17T23:14:51.781+0000][6408.560s][info][gc,phases     ] GC(139)   Pre Evacuate Collection Set: 0.0ms
[2026-06-17T23:14:51.781+0000][6408.560s][info][gc,phases     ] GC(139)   Evacuate Collection Set: 2.5ms
[2026-06-17T23:14:51.781+0000][6408.560s][info][gc,phases     ] GC(139)   Post Evacuate Collection Set: 0.5ms
[2026-06-17T23:14:51.781+0000][6408.560s][info][gc,phases     ] GC(139)   Other: 0.2ms
[2026-06-17T23:14:51.781+0000][6408.560s][info][gc,heap       ] GC(139) Eden regions: 244->0(238)
[2026-06-17T23:14:51.781+0000][6408.560s][info][gc,heap       ] GC(139) Survivor regions: 4->8(31)
[2026-06-17T23:14:51.781+0000][6408.561s][info][gc,heap       ] GC(139) Old regions: 52->52
[2026-06-17T23:14:51.781+0000][6408.561s][info][gc,heap       ] GC(139) Humongous regions: 147->147
[2026-06-17T23:14:51.781+0000][6408.561s][info][gc,metaspace  ] GC(139) Metaspace: 52076K(55040K)->52076K(55040K) NonClass: 46179K(47872K)->46179K(47872K) Class: 5896K(7168K)->5896K(7168K)
[2026-06-17T23:14:51.781+0000][6408.561s][info][gc            ] GC(139) Pause Young (Normal) (G1 Evacuation Pause) 445M->206M(512M) 3.551ms
[2026-06-17T23:14:51.781+0000][6408.561s][info][gc,cpu        ] GC(139) User=0.03s Sys=0.01s Real=0.00s
[2026-06-17T23:14:53.060+0000][6409.840s][info][gc,start      ] GC(140) Pause Young (Concurrent Start) (G1 Evacuation Pause)
[2026-06-17T23:14:53.061+0000][6409.840s][info][gc,task       ] GC(140) Using 13 workers of 13 for evacuation
[2026-06-17T23:14:53.063+0000][6409.842s][info][gc,phases     ] GC(140)   Pre Evacuate Collection Set: 0.3ms
[2026-06-17T23:14:53.063+0000][6409.843s][info][gc,phases     ] GC(140)   Evacuate Collection Set: 1.5ms
[2026-06-17T23:14:53.063+0000][6409.843s][info][gc,phases     ] GC(140)   Post Evacuate Collection Set: 0.3ms
[2026-06-17T23:14:53.063+0000][6409.843s][info][gc,phases     ] GC(140)   Other: 0.3ms
[2026-06-17T23:14:53.063+0000][6409.843s][info][gc,heap       ] GC(140) Eden regions: 238->0(239)
[2026-06-17T23:14:53.063+0000][6409.843s][info][gc,heap       ] GC(140) Survivor regions: 8->6(31)
[2026-06-17T23:14:53.063+0000][6409.843s][info][gc,heap       ] GC(140) Old regions: 52->52
[2026-06-17T23:14:53.063+0000][6409.843s][info][gc,heap       ] GC(140) Humongous regions: 147->147
[2026-06-17T23:14:53.063+0000][6409.843s][info][gc,metaspace  ] GC(140) Metaspace: 52076K(55040K)->52076K(55040K) NonClass: 46179K(47872K)->46179K(47872K) Class: 5896K(7168K)->5896K(7168K)
[2026-06-17T23:14:53.063+0000][6409.843s][info][gc            ] GC(140) Pause Young (Concurrent Start) (G1 Evacuation Pause) 444M->203M(512M) 2.782ms
[2026-06-17T23:14:53.063+0000][6409.843s][info][gc,cpu        ] GC(140) User=0.02s Sys=0.00s Real=0.00s
[2026-06-17T23:14:53.063+0000][6409.843s][info][gc            ] GC(141) Concurrent Cycle
[2026-06-17T23:14:53.063+0000][6409.843s][info][gc,marking    ] GC(141) Concurrent Clear Claimed Marks
[2026-06-17T23:14:53.064+0000][6409.843s][info][gc,marking    ] GC(141) Concurrent Clear Claimed Marks 0.167ms
[2026-06-17T23:14:53.064+0000][6409.843s][info][gc,marking    ] GC(141) Concurrent Scan Root Regions
[2026-06-17T23:14:53.065+0000][6409.844s][info][gc,marking    ] GC(141) Concurrent Scan Root Regions 1.125ms
[2026-06-17T23:14:53.065+0000][6409.844s][info][gc,marking    ] GC(141) Concurrent Mark (6409.844s)
[2026-06-17T23:14:53.065+0000][6409.844s][info][gc,marking    ] GC(141) Concurrent Mark From Roots
[2026-06-17T23:14:53.065+0000][6409.845s][info][gc,task       ] GC(141) Using 3 workers of 3 for marking
[2026-06-17T23:14:53.070+0000][6409.849s][info][gc,marking    ] GC(141) Concurrent Mark From Roots 5.010ms
[2026-06-17T23:14:53.070+0000][6409.850s][info][gc,marking    ] GC(141) Concurrent Preclean
[2026-06-17T23:14:53.070+0000][6409.850s][info][gc,marking    ] GC(141) Concurrent Preclean 0.133ms
[2026-06-17T23:14:53.070+0000][6409.850s][info][gc,marking    ] GC(141) Concurrent Mark (6409.844s, 6409.850s) 5.365ms
[2026-06-17T23:14:53.070+0000][6409.850s][info][gc,start      ] GC(141) Pause Remark
[2026-06-17T23:14:53.076+0000][6409.855s][info][gc,stringtable] GC(141) Cleaned string and symbol table, strings: 17210 processed, 0 removed, symbols: 125016 processed, 0 removed
[2026-06-17T23:14:53.076+0000][6409.856s][info][gc            ] GC(141) Pause Remark 207M->205M(512M) 5.678ms
[2026-06-17T23:14:53.076+0000][6409.856s][info][gc,cpu        ] GC(141) User=0.06s Sys=0.00s Real=0.01s
[2026-06-17T23:14:53.076+0000][6409.856s][info][gc,marking    ] GC(141) Concurrent Rebuild Remembered Sets
[2026-06-17T23:14:53.080+0000][6409.860s][info][gc,marking    ] GC(141) Concurrent Rebuild Remembered Sets 3.751ms
[2026-06-17T23:14:53.080+0000][6409.860s][info][gc,start      ] GC(141) Pause Cleanup
[2026-06-17T23:14:53.080+0000][6409.860s][info][gc            ] GC(141) Pause Cleanup 206M->206M(512M) 0.166ms
[2026-06-17T23:14:53.080+0000][6409.860s][info][gc,cpu        ] GC(141) User=0.01s Sys=0.00s Real=0.00s
[2026-06-17T23:14:53.080+0000][6409.860s][info][gc,marking    ] GC(141) Concurrent Cleanup for Next Mark
[2026-06-17T23:14:53.081+0000][6409.860s][info][gc,marking    ] GC(141) Concurrent Cleanup for Next Mark 0.153ms
[2026-06-17T23:14:53.081+0000][6409.860s][info][gc            ] GC(141) Concurrent Cycle 17.349ms
[2026-06-17T23:15:41.374+0000][6458.154s][info][gc,start      ] GC(142) Pause Young (Prepare Mixed) (G1 Evacuation Pause)
[2026-06-17T23:15:41.374+0000][6458.154s][info][gc,task       ] GC(142) Using 13 workers of 13 for evacuation
[2026-06-17T23:15:41.377+0000][6458.157s][info][gc,phases     ] GC(142)   Pre Evacuate Collection Set: 0.0ms
[2026-06-17T23:15:41.377+0000][6458.157s][info][gc,phases     ] GC(142)   Evacuate Collection Set: 2.5ms
[2026-06-17T23:15:41.377+0000][6458.158s][info][gc,phases     ] GC(142)   Post Evacuate Collection Set: 0.4ms
[2026-06-17T23:15:41.377+0000][6458.158s][info][gc,phases     ] GC(142)   Other: 0.3ms
[2026-06-17T23:15:41.377+0000][6458.158s][info][gc,heap       ] GC(142) Eden regions: 239->0(22)
[2026-06-17T23:15:41.377+0000][6458.158s][info][gc,heap       ] GC(142) Survivor regions: 6->3(31)
[2026-06-17T23:15:41.377+0000][6458.158s][info][gc,heap       ] GC(142) Old regions: 50->50
[2026-06-17T23:15:41.377+0000][6458.158s][info][gc,heap       ] GC(142) Humongous regions: 147->147
[2026-06-17T23:15:41.377+0000][6458.158s][info][gc,metaspace  ] GC(142) Metaspace: 52077K(55040K)->52077K(55040K) NonClass: 46180K(47872K)->46180K(47872K) Class: 5896K(7168K)->5896K(7168K)
[2026-06-17T23:15:41.377+0000][6458.158s][info][gc            ] GC(142) Pause Young (Prepare Mixed) (G1 Evacuation Pause) 440M->199M(512M) 3.637ms
[2026-06-17T23:15:41.377+0000][6458.158s][info][gc,cpu        ] GC(142) User=0.02s Sys=0.01s Real=0.00s
[2026-06-17T23:15:41.548+0000][6458.329s][info][gc,start      ] GC(143) Pause Young (Mixed) (G1 Evacuation Pause)
[2026-06-17T23:15:41.549+0000][6458.329s][info][gc,task       ] GC(143) Using 13 workers of 13 for evacuation
[2026-06-17T23:15:41.550+0000][6458.331s][info][gc,phases     ] GC(143)   Pre Evacuate Collection Set: 0.0ms
[2026-06-17T23:15:41.550+0000][6458.331s][info][gc,phases     ] GC(143)   Evacuate Collection Set: 1.2ms
[2026-06-17T23:15:41.550+0000][6458.331s][info][gc,phases     ] GC(143)   Post Evacuate Collection Set: 0.3ms
[2026-06-17T23:15:41.550+0000][6458.331s][info][gc,phases     ] GC(143)   Other: 0.9ms
[2026-06-17T23:15:41.550+0000][6458.331s][info][gc,heap       ] GC(143) Eden regions: 22->0(249)
[2026-06-17T23:15:41.550+0000][6458.331s][info][gc,heap       ] GC(143) Survivor regions: 3->3(4)
[2026-06-17T23:15:41.550+0000][6458.331s][info][gc,heap       ] GC(143) Old regions: 50->44
[2026-06-17T23:15:41.551+0000][6458.331s][info][gc,heap       ] GC(143) Humongous regions: 147->147
[2026-06-17T23:15:41.551+0000][6458.331s][info][gc,metaspace  ] GC(143) Metaspace: 52077K(55040K)->52077K(55040K) NonClass: 46180K(47872K)->46180K(47872K) Class: 5896K(7168K)->5896K(7168K)
[2026-06-17T23:15:41.551+0000][6458.331s][info][gc            ] GC(143) Pause Young (Mixed) (G1 Evacuation Pause) 221M->193M(512M) 2.717ms
[2026-06-17T23:15:41.551+0000][6458.331s][info][gc,cpu        ] GC(143) User=0.01s Sys=0.00s Real=0.00s
[2026-06-17T23:15:43.140+0000][6459.921s][info][gc,start      ] GC(144) Pause Young (Normal) (G1 Evacuation Pause)
[2026-06-17T23:15:43.140+0000][6459.921s][info][gc,task       ] GC(144) Using 13 workers of 13 for evacuation
[2026-06-17T23:15:43.144+0000][6459.925s][info][gc,phases     ] GC(144)   Pre Evacuate Collection Set: 0.0ms
[2026-06-17T23:15:43.144+0000][6459.925s][info][gc,phases     ] GC(144)   Evacuate Collection Set: 3.4ms
[2026-06-17T23:15:43.144+0000][6459.925s][info][gc,phases     ] GC(144)   Post Evacuate Collection Set: 0.3ms
[2026-06-17T23:15:43.145+0000][6459.925s][info][gc,phases     ] GC(144)   Other: 0.3ms
[2026-06-17T23:15:43.145+0000][6459.925s][info][gc,heap       ] GC(144) Eden regions: 249->0(245)
[2026-06-17T23:15:43.145+0000][6459.925s][info][gc,heap       ] GC(144) Survivor regions: 3->8(32)
[2026-06-17T23:15:43.145+0000][6459.925s][info][gc,heap       ] GC(144) Old regions: 44->44
[2026-06-17T23:15:43.145+0000][6459.925s][info][gc,heap       ] GC(144) Humongous regions: 147->147
[2026-06-17T23:15:43.145+0000][6459.925s][info][gc,metaspace  ] GC(144) Metaspace: 52078K(55040K)->52078K(55040K) NonClass: 46181K(47872K)->46181K(47872K) Class: 5896K(7168K)->5896K(7168K)
[2026-06-17T23:15:43.145+0000][6459.925s][info][gc            ] GC(144) Pause Young (Normal) (G1 Evacuation Pause) 442M->197M(512M) 4.509ms
[2026-06-17T23:15:43.145+0000][6459.925s][info][gc,cpu        ] GC(144) User=0.04s Sys=0.00s Real=0.01s
[2026-06-17T23:15:44.518+0000][6461.298s][info][gc,start      ] GC(145) Pause Young (Normal) (G1 Evacuation Pause)
[2026-06-17T23:15:44.518+0000][6461.298s][info][gc,task       ] GC(145) Using 13 workers of 13 for evacuation
[2026-06-17T23:15:44.520+0000][6461.300s][info][gc,phases     ] GC(145)   Pre Evacuate Collection Set: 0.0ms
[2026-06-17T23:15:44.520+0000][6461.300s][info][gc,phases     ] GC(145)   Evacuate Collection Set: 1.3ms
[2026-06-17T23:15:44.520+0000][6461.300s][info][gc,phases     ] GC(145)   Post Evacuate Collection Set: 0.3ms
[2026-06-17T23:15:44.520+0000][6461.300s][info][gc,phases     ] GC(145)   Other: 0.3ms
[2026-06-17T23:15:44.520+0000][6461.300s][info][gc,heap       ] GC(145) Eden regions: 245->0(249)
[2026-06-17T23:15:44.520+0000][6461.300s][info][gc,heap       ] GC(145) Survivor regions: 8->5(32)
[2026-06-17T23:15:44.520+0000][6461.301s][info][gc,heap       ] GC(145) Old regions: 44->44
[2026-06-17T23:15:44.520+0000][6461.301s][info][gc,heap       ] GC(145) Humongous regions: 147->147
[2026-06-17T23:15:44.520+0000][6461.301s][info][gc,metaspace  ] GC(145) Metaspace: 52078K(55040K)->52078K(55040K) NonClass: 46181K(47872K)->46181K(47872K) Class: 5896K(7168K)->5896K(7168K)
[2026-06-17T23:15:44.520+0000][6461.301s][info][gc            ] GC(145) Pause Young (Normal) (G1 Evacuation Pause) 442M->195M(512M) 2.322ms
[2026-06-17T23:15:44.520+0000][6461.301s][info][gc,cpu        ] GC(145) User=0.02s Sys=0.00s Real=0.00s
[2026-06-17T23:15:45.861+0000][6462.642s][info][gc,start      ] GC(146) Pause Young (Concurrent Start) (G1 Evacuation Pause)
[2026-06-17T23:15:45.861+0000][6462.642s][info][gc,task       ] GC(146) Using 13 workers of 13 for evacuation
[2026-06-17T23:15:45.864+0000][6462.645s][info][gc,phases     ] GC(146)   Pre Evacuate Collection Set: 0.3ms
[2026-06-17T23:15:45.864+0000][6462.645s][info][gc,phases     ] GC(146)   Evacuate Collection Set: 2.4ms
[2026-06-17T23:15:45.864+0000][6462.645s][info][gc,phases     ] GC(146)   Post Evacuate Collection Set: 0.3ms
[2026-06-17T23:15:45.865+0000][6462.645s][info][gc,phases     ] GC(146)   Other: 0.4ms
[2026-06-17T23:15:45.865+0000][6462.645s][info][gc,heap       ] GC(146) Eden regions: 249->0(244)
[2026-06-17T23:15:45.865+0000][6462.645s][info][gc,heap       ] GC(146) Survivor regions: 5->10(32)
[2026-06-17T23:15:45.865+0000][6462.646s][info][gc,heap       ] GC(146) Old regions: 44->44
[2026-06-17T23:15:45.865+0000][6462.646s][info][gc,heap       ] GC(146) Humongous regions: 147->147
[2026-06-17T23:15:45.865+0000][6462.646s][info][gc,metaspace  ] GC(146) Metaspace: 52078K(55040K)->52078K(55040K) NonClass: 46181K(47872K)->46181K(47872K) Class: 5896K(7168K)->5896K(7168K)
[2026-06-17T23:15:45.865+0000][6462.646s][info][gc            ] GC(146) Pause Young (Concurrent Start) (G1 Evacuation Pause) 444M->200M(512M) 3.981ms
[2026-06-17T23:15:45.865+0000][6462.646s][info][gc,cpu        ] GC(146) User=0.03s Sys=0.00s Real=0.01s
[2026-06-17T23:15:45.865+0000][6462.646s][info][gc            ] GC(147) Concurrent Cycle
[2026-06-17T23:15:45.865+0000][6462.646s][info][gc,marking    ] GC(147) Concurrent Clear Claimed Marks
[2026-06-17T23:15:45.865+0000][6462.646s][info][gc,marking    ] GC(147) Concurrent Clear Claimed Marks 0.185ms
[2026-06-17T23:15:45.865+0000][6462.646s][info][gc,marking    ] GC(147) Concurrent Scan Root Regions
[2026-06-17T23:15:45.867+0000][6462.648s][info][gc,marking    ] GC(147) Concurrent Scan Root Regions 1.731ms
[2026-06-17T23:15:45.867+0000][6462.648s][info][gc,marking    ] GC(147) Concurrent Mark (6462.648s)
[2026-06-17T23:15:45.867+0000][6462.648s][info][gc,marking    ] GC(147) Concurrent Mark From Roots
[2026-06-17T23:15:45.867+0000][6462.648s][info][gc,task       ] GC(147) Using 3 workers of 3 for marking
[2026-06-17T23:15:45.872+0000][6462.653s][info][gc,marking    ] GC(147) Concurrent Mark From Roots 5.121ms
[2026-06-17T23:15:45.873+0000][6462.653s][info][gc,marking    ] GC(147) Concurrent Preclean
[2026-06-17T23:15:45.873+0000][6462.653s][info][gc,marking    ] GC(147) Concurrent Preclean 0.166ms
[2026-06-17T23:15:45.873+0000][6462.653s][info][gc,marking    ] GC(147) Concurrent Mark (6462.648s, 6462.653s) 5.553ms
[2026-06-17T23:15:45.873+0000][6462.654s][info][gc,start      ] GC(147) Pause Remark
[2026-06-17T23:15:45.875+0000][6462.656s][info][gc,stringtable] GC(147) Cleaned string and symbol table, strings: 17210 processed, 0 removed, symbols: 125016 processed, 0 removed
[2026-06-17T23:15:45.876+0000][6462.656s][info][gc            ] GC(147) Pause Remark 204M->204M(512M) 2.352ms
[2026-06-17T23:15:45.876+0000][6462.656s][info][gc,cpu        ] GC(147) User=0.02s Sys=0.00s Real=0.00s
[2026-06-17T23:15:45.876+0000][6462.656s][info][gc,marking    ] GC(147) Concurrent Rebuild Remembered Sets
[2026-06-17T23:15:45.880+0000][6462.661s][info][gc,marking    ] GC(147) Concurrent Rebuild Remembered Sets 4.448ms
[2026-06-17T23:15:45.880+0000][6462.661s][info][gc,start      ] GC(147) Pause Cleanup
[2026-06-17T23:15:45.881+0000][6462.661s][info][gc            ] GC(147) Pause Cleanup 205M->205M(512M) 0.242ms
[2026-06-17T23:15:45.881+0000][6462.661s][info][gc,cpu        ] GC(147) User=0.01s Sys=0.00s Real=0.00s
[2026-06-17T23:15:45.881+0000][6462.661s][info][gc,marking    ] GC(147) Concurrent Cleanup for Next Mark
[2026-06-17T23:15:45.881+0000][6462.662s][info][gc,marking    ] GC(147) Concurrent Cleanup for Next Mark 0.157ms
[2026-06-17T23:15:45.881+0000][6462.662s][info][gc            ] GC(147) Concurrent Cycle 15.933ms
[2026-06-17T23:16:34.523+0000][6511.303s][info][gc,start      ] GC(148) Pause Young (Normal) (G1 Evacuation Pause)
[2026-06-17T23:16:34.523+0000][6511.303s][info][gc,task       ] GC(148) Using 13 workers of 13 for evacuation
[2026-06-17T23:16:34.526+0000][6511.306s][info][gc,phases     ] GC(148)   Pre Evacuate Collection Set: 0.0ms
[2026-06-17T23:16:34.526+0000][6511.306s][info][gc,phases     ] GC(148)   Evacuate Collection Set: 2.4ms
[2026-06-17T23:16:34.526+0000][6511.306s][info][gc,phases     ] GC(148)   Post Evacuate Collection Set: 0.3ms
[2026-06-17T23:16:34.526+0000][6511.306s][info][gc,phases     ] GC(148)   Other: 0.5ms
[2026-06-17T23:16:34.526+0000][6511.307s][info][gc,heap       ] GC(148) Eden regions: 244->0(246)
[2026-06-17T23:16:34.526+0000][6511.307s][info][gc,heap       ] GC(148) Survivor regions: 10->8(32)
[2026-06-17T23:16:34.526+0000][6511.307s][info][gc,heap       ] GC(148) Old regions: 44->44
[2026-06-17T23:16:34.526+0000][6511.307s][info][gc,heap       ] GC(148) Humongous regions: 147->147
[2026-06-17T23:16:34.526+0000][6511.307s][info][gc,metaspace  ] GC(148) Metaspace: 52080K(55040K)->52080K(55040K) NonClass: 46183K(47872K)->46183K(47872K) Class: 5896K(7168K)->5896K(7168K)
[2026-06-17T23:16:34.526+0000][6511.307s][info][gc            ] GC(148) Pause Young (Normal) (G1 Evacuation Pause) 444M->198M(512M) 3.773ms
[2026-06-17T23:16:34.526+0000][6511.307s][info][gc,cpu        ] GC(148) User=0.03s Sys=0.00s Real=0.01s
[2026-06-17T23:16:36.036+0000][6512.816s][info][gc,start      ] GC(149) Pause Young (Concurrent Start) (G1 Evacuation Pause)
[2026-06-17T23:16:36.036+0000][6512.816s][info][gc,task       ] GC(149) Using 13 workers of 13 for evacuation
[2026-06-17T23:16:36.044+0000][6512.824s][info][gc,phases     ] GC(149)   Pre Evacuate Collection Set: 0.3ms
[2026-06-17T23:16:36.044+0000][6512.824s][info][gc,phases     ] GC(149)   Evacuate Collection Set: 7.0ms
[2026-06-17T23:16:36.044+0000][6512.824s][info][gc,phases     ] GC(149)   Post Evacuate Collection Set: 0.4ms
[2026-06-17T23:16:36.044+0000][6512.824s][info][gc,phases     ] GC(149)   Other: 0.4ms
[2026-06-17T23:16:36.044+0000][6512.824s][info][gc,heap       ] GC(149) Eden regions: 246->0(240)
[2026-06-17T23:16:36.044+0000][6512.824s][info][gc,heap       ] GC(149) Survivor regions: 8->12(32)
[2026-06-17T23:16:36.044+0000][6512.824s][info][gc,heap       ] GC(149) Old regions: 44->44
[2026-06-17T23:16:36.044+0000][6512.824s][info][gc,heap       ] GC(149) Humongous regions: 147->147
[2026-06-17T23:16:36.044+0000][6512.824s][info][gc,metaspace  ] GC(149) Metaspace: 52080K(55040K)->52080K(55040K) NonClass: 46183K(47872K)->46183K(47872K) Class: 5896K(7168K)->5896K(7168K)
[2026-06-17T23:16:36.044+0000][6512.824s][info][gc            ] GC(149) Pause Young (Concurrent Start) (G1 Evacuation Pause) 444M->202M(512M) 8.393ms
[2026-06-17T23:16:36.044+0000][6512.825s][info][gc,cpu        ] GC(149) User=0.08s Sys=0.00s Real=0.01s
[2026-06-17T23:16:36.044+0000][6512.825s][info][gc            ] GC(150) Concurrent Cycle
[2026-06-17T23:16:36.044+0000][6512.825s][info][gc,marking    ] GC(150) Concurrent Clear Claimed Marks
[2026-06-17T23:16:36.044+0000][6512.825s][info][gc,marking    ] GC(150) Concurrent Clear Claimed Marks 0.167ms
[2026-06-17T23:16:36.044+0000][6512.825s][info][gc,marking    ] GC(150) Concurrent Scan Root Regions
[2026-06-17T23:16:36.046+0000][6512.827s][info][gc,marking    ] GC(150) Concurrent Scan Root Regions 1.838ms
[2026-06-17T23:16:36.046+0000][6512.827s][info][gc,marking    ] GC(150) Concurrent Mark (6512.827s)
[2026-06-17T23:16:36.046+0000][6512.827s][info][gc,marking    ] GC(150) Concurrent Mark From Roots
[2026-06-17T23:16:36.047+0000][6512.827s][info][gc,task       ] GC(150) Using 3 workers of 3 for marking
[2026-06-17T23:16:36.051+0000][6512.832s][info][gc,marking    ] GC(150) Concurrent Mark From Roots 5.011ms
[2026-06-17T23:16:36.052+0000][6512.832s][info][gc,marking    ] GC(150) Concurrent Preclean
[2026-06-17T23:16:36.052+0000][6512.832s][info][gc,marking    ] GC(150) Concurrent Preclean 0.199ms
[2026-06-17T23:16:36.052+0000][6512.832s][info][gc,marking    ] GC(150) Concurrent Mark (6512.827s, 6512.832s) 5.507ms
[2026-06-17T23:16:36.052+0000][6512.833s][info][gc,start      ] GC(150) Pause Remark
[2026-06-17T23:16:36.055+0000][6512.835s][info][gc,stringtable] GC(150) Cleaned string and symbol table, strings: 17210 processed, 0 removed, symbols: 125016 processed, 0 removed
[2026-06-17T23:16:36.055+0000][6512.835s][info][gc            ] GC(150) Pause Remark 207M->207M(512M) 2.812ms
[2026-06-17T23:16:36.055+0000][6512.835s][info][gc,cpu        ] GC(150) User=0.03s Sys=0.00s Real=0.01s
[2026-06-17T23:16:36.055+0000][6512.836s][info][gc,marking    ] GC(150) Concurrent Rebuild Remembered Sets
[2026-06-17T23:16:36.059+0000][6512.839s][info][gc,marking    ] GC(150) Concurrent Rebuild Remembered Sets 3.904ms
[2026-06-17T23:16:36.059+0000][6512.840s][info][gc,start      ] GC(150) Pause Cleanup
[2026-06-17T23:16:36.059+0000][6512.840s][info][gc            ] GC(150) Pause Cleanup 207M->207M(512M) 0.183ms
[2026-06-17T23:16:36.059+0000][6512.840s][info][gc,cpu        ] GC(150) User=0.00s Sys=0.00s Real=0.00s
[2026-06-17T23:16:36.059+0000][6512.840s][info][gc,marking    ] GC(150) Concurrent Cleanup for Next Mark
[2026-06-17T23:16:36.060+0000][6512.840s][info][gc,marking    ] GC(150) Concurrent Cleanup for Next Mark 0.177ms
[2026-06-17T23:16:36.060+0000][6512.840s][info][gc            ] GC(150) Concurrent Cycle 15.725ms
[2026-06-17T23:16:37.317+0000][6514.098s][info][gc,start      ] GC(151) Pause Young (Prepare Mixed) (G1 Evacuation Pause)
[2026-06-17T23:16:37.318+0000][6514.098s][info][gc,task       ] GC(151) Using 13 workers of 13 for evacuation
[2026-06-17T23:16:37.328+0000][6514.108s][info][gc,phases     ] GC(151)   Pre Evacuate Collection Set: 0.0ms
[2026-06-17T23:16:37.328+0000][6514.108s][info][gc,phases     ] GC(151)   Evacuate Collection Set: 9.4ms
[2026-06-17T23:16:37.328+0000][6514.108s][info][gc,phases     ] GC(151)   Post Evacuate Collection Set: 0.4ms
[2026-06-17T23:16:37.328+0000][6514.108s][info][gc,phases     ] GC(151)   Other: 0.3ms
[2026-06-17T23:16:37.328+0000][6514.108s][info][gc,heap       ] GC(151) Eden regions: 240->0(16)
[2026-06-17T23:16:37.328+0000][6514.108s][info][gc,heap       ] GC(151) Survivor regions: 12->9(32)
[2026-06-17T23:16:37.328+0000][6514.108s][info][gc,heap       ] GC(151) Old regions: 44->44
[2026-06-17T23:16:37.328+0000][6514.109s][info][gc,heap       ] GC(151) Humongous regions: 147->147
[2026-06-17T23:16:37.328+0000][6514.109s][info][gc,metaspace  ] GC(151) Metaspace: 52080K(55040K)->52080K(55040K) NonClass: 46183K(47872K)->46183K(47872K) Class: 5896K(7168K)->5896K(7168K)
[2026-06-17T23:16:37.328+0000][6514.109s][info][gc            ] GC(151) Pause Young (Prepare Mixed) (G1 Evacuation Pause) 442M->199M(512M) 10.599ms
[2026-06-17T23:16:37.328+0000][6514.109s][info][gc,cpu        ] GC(151) User=0.09s Sys=0.00s Real=0.01s
[2026-06-17T23:16:37.406+0000][6514.187s][info][gc,start      ] GC(152) Pause Young (Mixed) (G1 Evacuation Pause)
[2026-06-17T23:16:37.406+0000][6514.187s][info][gc,task       ] GC(152) Using 13 workers of 13 for evacuation
[2026-06-17T23:16:37.410+0000][6514.191s][info][gc,phases     ] GC(152)   Pre Evacuate Collection Set: 0.0ms
[2026-06-17T23:16:37.410+0000][6514.191s][info][gc,phases     ] GC(152)   Evacuate Collection Set: 3.3ms
[2026-06-17T23:16:37.410+0000][6514.191s][info][gc,phases     ] GC(152)   Post Evacuate Collection Set: 0.3ms
[2026-06-17T23:16:37.410+0000][6514.191s][info][gc,phases     ] GC(152)   Other: 0.3ms
[2026-06-17T23:16:37.410+0000][6514.191s][info][gc,heap       ] GC(152) Eden regions: 16->0(244)
[2026-06-17T23:16:37.410+0000][6514.191s][info][gc,heap       ] GC(152) Survivor regions: 9->2(4)
[2026-06-17T23:16:37.410+0000][6514.191s][info][gc,heap       ] GC(152) Old regions: 44->51
[2026-06-17T23:16:37.411+0000][6514.191s][info][gc,heap       ] GC(152) Humongous regions: 147->147
[2026-06-17T23:16:37.411+0000][6514.191s][info][gc,metaspace  ] GC(152) Metaspace: 52080K(55040K)->52080K(55040K) NonClass: 46183K(47872K)->46183K(47872K) Class: 5896K(7168K)->5896K(7168K)
[2026-06-17T23:16:37.411+0000][6514.191s][info][gc            ] GC(152) Pause Young (Mixed) (G1 Evacuation Pause) 215M->199M(512M) 4.346ms
[2026-06-17T23:16:37.411+0000][6514.191s][info][gc,cpu        ] GC(152) User=0.03s Sys=0.00s Real=0.00s
[2026-06-17T23:17:25.855+0000][6562.635s][info][gc,start      ] GC(153) Pause Young (Normal) (G1 Evacuation Pause)
[2026-06-17T23:17:25.855+0000][6562.635s][info][gc,task       ] GC(153) Using 13 workers of 13 for evacuation
[2026-06-17T23:17:25.858+0000][6562.638s][info][gc,phases     ] GC(153)   Pre Evacuate Collection Set: 0.0ms
[2026-06-17T23:17:25.858+0000][6562.638s][info][gc,phases     ] GC(153)   Evacuate Collection Set: 2.9ms
[2026-06-17T23:17:25.858+0000][6562.638s][info][gc,phases     ] GC(153)   Post Evacuate Collection Set: 0.3ms
[2026-06-17T23:17:25.859+0000][6562.638s][info][gc,phases     ] GC(153)   Other: 0.3ms
[2026-06-17T23:17:25.859+0000][6562.639s][info][gc,heap       ] GC(153) Eden regions: 244->0(246)
[2026-06-17T23:17:25.859+0000][6562.639s][info][gc,heap       ] GC(153) Survivor regions: 2->2(31)
[2026-06-17T23:17:25.859+0000][6562.639s][info][gc,heap       ] GC(153) Old regions: 51->51
[2026-06-17T23:17:25.859+0000][6562.639s][info][gc,heap       ] GC(153) Humongous regions: 147->147
[2026-06-17T23:17:25.859+0000][6562.639s][info][gc,metaspace  ] GC(153) Metaspace: 52083K(55040K)->52083K(55040K) NonClass: 46186K(47872K)->46186K(47872K) Class: 5896K(7168K)->5896K(7168K)
[2026-06-17T23:17:25.859+0000][6562.639s][info][gc            ] GC(153) Pause Young (Normal) (G1 Evacuation Pause) 443M->199M(512M) 4.091ms
[2026-06-17T23:17:25.859+0000][6562.639s][info][gc,cpu        ] GC(153) User=0.03s Sys=0.00s Real=0.00s
[2026-06-17T23:17:27.418+0000][6564.198s][info][gc,start      ] GC(154) Pause Young (Normal) (G1 Evacuation Pause)
[2026-06-17T23:17:27.418+0000][6564.198s][info][gc,task       ] GC(154) Using 13 workers of 13 for evacuation
[2026-06-17T23:17:27.420+0000][6564.200s][info][gc,phases     ] GC(154)   Pre Evacuate Collection Set: 0.0ms
[2026-06-17T23:17:27.420+0000][6564.200s][info][gc,phases     ] GC(154)   Evacuate Collection Set: 1.4ms
[2026-06-17T23:17:27.420+0000][6564.200s][info][gc,phases     ] GC(154)   Post Evacuate Collection Set: 0.3ms
[2026-06-17T23:17:27.420+0000][6564.200s][info][gc,phases     ] GC(154)   Other: 0.3ms
[2026-06-17T23:17:27.420+0000][6564.200s][info][gc,heap       ] GC(154) Eden regions: 246->0(243)
[2026-06-17T23:17:27.420+0000][6564.200s][info][gc,heap       ] GC(154) Survivor regions: 2->6(31)
[2026-06-17T23:17:27.420+0000][6564.200s][info][gc,heap       ] GC(154) Old regions: 51->51
[2026-06-17T23:17:27.420+0000][6564.200s][info][gc,heap       ] GC(154) Humongous regions: 147->147
[2026-06-17T23:17:27.420+0000][6564.200s][info][gc,metaspace  ] GC(154) Metaspace: 52083K(55040K)->52083K(55040K) NonClass: 46186K(47872K)->46186K(47872K) Class: 5896K(7168K)->5896K(7168K)
[2026-06-17T23:17:27.420+0000][6564.200s][info][gc            ] GC(154) Pause Young (Normal) (G1 Evacuation Pause) 445M->203M(512M) 2.388ms
[2026-06-17T23:17:27.420+0000][6564.200s][info][gc,cpu        ] GC(154) User=0.02s Sys=0.00s Real=0.00s
[2026-06-17T23:17:28.742+0000][6565.522s][info][gc,start      ] GC(155) Pause Young (Concurrent Start) (G1 Evacuation Pause)
[2026-06-17T23:17:28.742+0000][6565.522s][info][gc,task       ] GC(155) Using 13 workers of 13 for evacuation
[2026-06-17T23:17:28.745+0000][6565.525s][info][gc,phases     ] GC(155)   Pre Evacuate Collection Set: 0.3ms
[2026-06-17T23:17:28.745+0000][6565.525s][info][gc,phases     ] GC(155)   Evacuate Collection Set: 2.1ms
[2026-06-17T23:17:28.745+0000][6565.525s][info][gc,phases     ] GC(155)   Post Evacuate Collection Set: 0.4ms
[2026-06-17T23:17:28.745+0000][6565.525s][info][gc,phases     ] GC(155)   Other: 0.3ms
[2026-06-17T23:17:28.745+0000][6565.525s][info][gc,heap       ] GC(155) Eden regions: 243->0(237)
[2026-06-17T23:17:28.745+0000][6565.525s][info][gc,heap       ] GC(155) Survivor regions: 6->10(32)
[2026-06-17T23:17:28.745+0000][6565.525s][info][gc,heap       ] GC(155) Old regions: 51->51
[2026-06-17T23:17:28.745+0000][6565.525s][info][gc,heap       ] GC(155) Humongous regions: 147->147
[2026-06-17T23:17:28.745+0000][6565.525s][info][gc,metaspace  ] GC(155) Metaspace: 52083K(55040K)->52083K(55040K) NonClass: 46186K(47872K)->46186K(47872K) Class: 5896K(7168K)->5896K(7168K)
[2026-06-17T23:17:28.745+0000][6565.525s][info][gc            ] GC(155) Pause Young (Concurrent Start) (G1 Evacuation Pause) 446M->206M(512M) 3.545ms
[2026-06-17T23:17:28.745+0000][6565.525s][info][gc,cpu        ] GC(155) User=0.02s Sys=0.00s Real=0.01s
[2026-06-17T23:17:28.745+0000][6565.525s][info][gc            ] GC(156) Concurrent Cycle
[2026-06-17T23:17:28.745+0000][6565.526s][info][gc,marking    ] GC(156) Concurrent Clear Claimed Marks
[2026-06-17T23:17:28.746+0000][6565.526s][info][gc,marking    ] GC(156) Concurrent Clear Claimed Marks 0.177ms
[2026-06-17T23:17:28.746+0000][6565.526s][info][gc,marking    ] GC(156) Concurrent Scan Root Regions
[2026-06-17T23:17:28.747+0000][6565.527s][info][gc,marking    ] GC(156) Concurrent Scan Root Regions 1.371ms
[2026-06-17T23:17:28.747+0000][6565.527s][info][gc,marking    ] GC(156) Concurrent Mark (6565.527s)
[2026-06-17T23:17:28.747+0000][6565.527s][info][gc,marking    ] GC(156) Concurrent Mark From Roots
[2026-06-17T23:17:28.747+0000][6565.527s][info][gc,task       ] GC(156) Using 3 workers of 3 for marking
[2026-06-17T23:17:28.752+0000][6565.532s][info][gc,marking    ] GC(156) Concurrent Mark From Roots 5.151ms
[2026-06-17T23:17:28.752+0000][6565.533s][info][gc,marking    ] GC(156) Concurrent Preclean
[2026-06-17T23:17:28.753+0000][6565.533s][info][gc,marking    ] GC(156) Concurrent Preclean 0.135ms
[2026-06-17T23:17:28.753+0000][6565.533s][info][gc,marking    ] GC(156) Concurrent Mark (6565.527s, 6565.533s) 5.548ms
[2026-06-17T23:17:28.753+0000][6565.533s][info][gc,start      ] GC(156) Pause Remark
[2026-06-17T23:17:28.755+0000][6565.535s][info][gc,stringtable] GC(156) Cleaned string and symbol table, strings: 17210 processed, 0 removed, symbols: 125016 processed, 0 removed
[2026-06-17T23:17:28.755+0000][6565.535s][info][gc            ] GC(156) Pause Remark 210M->210M(512M) 2.423ms
[2026-06-17T23:17:28.755+0000][6565.536s][info][gc,cpu        ] GC(156) User=0.02s Sys=0.00s Real=0.01s
[2026-06-17T23:17:28.755+0000][6565.536s][info][gc,marking    ] GC(156) Concurrent Rebuild Remembered Sets
[2026-06-17T23:17:28.760+0000][6565.540s][info][gc,marking    ] GC(156) Concurrent Rebuild Remembered Sets 4.027ms
[2026-06-17T23:17:28.760+0000][6565.540s][info][gc,start      ] GC(156) Pause Cleanup
[2026-06-17T23:17:28.760+0000][6565.540s][info][gc            ] GC(156) Pause Cleanup 211M->211M(512M) 0.161ms
[2026-06-17T23:17:28.760+0000][6565.540s][info][gc,cpu        ] GC(156) User=0.00s Sys=0.00s Real=0.00s
[2026-06-17T23:17:28.760+0000][6565.540s][info][gc,marking    ] GC(156) Concurrent Cleanup for Next Mark
[2026-06-17T23:17:28.760+0000][6565.540s][info][gc,marking    ] GC(156) Concurrent Cleanup for Next Mark 0.146ms
[2026-06-17T23:17:28.760+0000][6565.540s][info][gc            ] GC(156) Concurrent Cycle 14.850ms
[2026-06-17T23:17:30.065+0000][6566.845s][info][gc,start      ] GC(157) Pause Young (Prepare Mixed) (G1 Evacuation Pause)
[2026-06-17T23:17:30.065+0000][6566.845s][info][gc,task       ] GC(157) Using 13 workers of 13 for evacuation
[2026-06-17T23:17:30.067+0000][6566.847s][info][gc,phases     ] GC(157)   Pre Evacuate Collection Set: 0.0ms
[2026-06-17T23:17:30.067+0000][6566.847s][info][gc,phases     ] GC(157)   Evacuate Collection Set: 1.7ms
[2026-06-17T23:17:30.067+0000][6566.847s][info][gc,phases     ] GC(157)   Post Evacuate Collection Set: 0.3ms
[2026-06-17T23:17:30.067+0000][6566.847s][info][gc,phases     ] GC(157)   Other: 0.2ms
[2026-06-17T23:17:30.067+0000][6566.847s][info][gc,heap       ] GC(157) Eden regions: 237->0(18)
[2026-06-17T23:17:30.067+0000][6566.847s][info][gc,heap       ] GC(157) Survivor regions: 10->7(31)
[2026-06-17T23:17:30.067+0000][6566.847s][info][gc,heap       ] GC(157) Old regions: 51->51
[2026-06-17T23:17:30.067+0000][6566.847s][info][gc,heap       ] GC(157) Humongous regions: 147->147
[2026-06-17T23:17:30.067+0000][6566.847s][info][gc,metaspace  ] GC(157) Metaspace: 52163K(55040K)->52163K(55040K) NonClass: 46245K(47872K)->46245K(47872K) Class: 5917K(7168K)->5917K(7168K)
[2026-06-17T23:17:30.067+0000][6566.847s][info][gc            ] GC(157) Pause Young (Prepare Mixed) (G1 Evacuation Pause) 443M->204M(512M) 2.354ms
[2026-06-17T23:17:30.067+0000][6566.847s][info][gc,cpu        ] GC(157) User=0.02s Sys=0.00s Real=0.00s
[2026-06-17T23:18:15.083+0000][6611.864s][info][gc,start      ] GC(158) Pause Young (Mixed) (G1 Evacuation Pause)
[2026-06-17T23:18:15.083+0000][6611.864s][info][gc,task       ] GC(158) Using 13 workers of 13 for evacuation
[2026-06-17T23:18:15.095+0000][6611.876s][info][gc,phases     ] GC(158)   Pre Evacuate Collection Set: 0.0ms
[2026-06-17T23:18:15.095+0000][6611.876s][info][gc,phases     ] GC(158)   Evacuate Collection Set: 11.4ms
[2026-06-17T23:18:15.095+0000][6611.876s][info][gc,phases     ] GC(158)   Post Evacuate Collection Set: 0.3ms
[2026-06-17T23:18:15.095+0000][6611.876s][info][gc,phases     ] GC(158)   Other: 0.7ms
[2026-06-17T23:18:15.095+0000][6611.876s][info][gc,heap       ] GC(158) Eden regions: 18->0(244)
[2026-06-17T23:18:15.095+0000][6611.876s][info][gc,heap       ] GC(158) Survivor regions: 7->2(4)
[2026-06-17T23:18:15.095+0000][6611.876s][info][gc,heap       ] GC(158) Old regions: 51->51
[2026-06-17T23:18:15.095+0000][6611.876s][info][gc,heap       ] GC(158) Humongous regions: 147->147
[2026-06-17T23:18:15.095+0000][6611.876s][info][gc,metaspace  ] GC(158) Metaspace: 52167K(55040K)->52167K(55040K) NonClass: 46250K(47872K)->46250K(47872K) Class: 5917K(7168K)->5917K(7168K)
[2026-06-17T23:18:15.095+0000][6611.876s][info][gc            ] GC(158) Pause Young (Mixed) (G1 Evacuation Pause) 222M->199M(512M) 12.578ms
[2026-06-17T23:18:15.095+0000][6611.876s][info][gc,cpu        ] GC(158) User=0.08s Sys=0.00s Real=0.01s
[2026-06-17T23:18:18.686+0000][6615.467s][info][gc,start      ] GC(159) Pause Young (Normal) (G1 Evacuation Pause)
[2026-06-17T23:18:18.686+0000][6615.467s][info][gc,task       ] GC(159) Using 13 workers of 13 for evacuation
[2026-06-17T23:18:18.692+0000][6615.473s][info][gc,phases     ] GC(159)   Pre Evacuate Collection Set: 0.0ms
[2026-06-17T23:18:18.692+0000][6615.473s][info][gc,phases     ] GC(159)   Evacuate Collection Set: 5.6ms
[2026-06-17T23:18:18.692+0000][6615.473s][info][gc,phases     ] GC(159)   Post Evacuate Collection Set: 0.3ms
[2026-06-17T23:18:18.692+0000][6615.473s][info][gc,phases     ] GC(159)   Other: 0.3ms
[2026-06-17T23:18:18.692+0000][6615.473s][info][gc,heap       ] GC(159) Eden regions: 244->0(245)
[2026-06-17T23:18:18.693+0000][6615.473s][info][gc,heap       ] GC(159) Survivor regions: 2->3(31)
[2026-06-17T23:18:18.693+0000][6615.473s][info][gc,heap       ] GC(159) Old regions: 51->51
[2026-06-17T23:18:18.693+0000][6615.473s][info][gc,heap       ] GC(159) Humongous regions: 147->147
[2026-06-17T23:18:18.693+0000][6615.473s][info][gc,metaspace  ] GC(159) Metaspace: 52190K(55040K)->52190K(55040K) NonClass: 46272K(47872K)->46272K(47872K) Class: 5918K(7168K)->5918K(7168K)
[2026-06-17T23:18:18.693+0000][6615.473s][info][gc            ] GC(159) Pause Young (Normal) (G1 Evacuation Pause) 443M->199M(512M) 6.658ms
[2026-06-17T23:18:18.693+0000][6615.473s][info][gc,cpu        ] GC(159) User=0.08s Sys=0.00s Real=0.01s
[2026-06-17T23:18:20.117+0000][6616.898s][info][gc,start      ] GC(160) Pause Young (Normal) (G1 Evacuation Pause)
[2026-06-17T23:18:20.117+0000][6616.898s][info][gc,task       ] GC(160) Using 13 workers of 13 for evacuation
[2026-06-17T23:18:20.127+0000][6616.908s][info][gc,phases     ] GC(160)   Pre Evacuate Collection Set: 0.0ms
[2026-06-17T23:18:20.128+0000][6616.908s][info][gc,phases     ] GC(160)   Evacuate Collection Set: 8.3ms
[2026-06-17T23:18:20.128+0000][6616.908s][info][gc,phases     ] GC(160)   Post Evacuate Collection Set: 1.6ms
[2026-06-17T23:18:20.128+0000][6616.908s][info][gc,phases     ] GC(160)   Other: 0.5ms
[2026-06-17T23:18:20.128+0000][6616.908s][info][gc,heap       ] GC(160) Eden regions: 245->0(239)
[2026-06-17T23:18:20.128+0000][6616.908s][info][gc,heap       ] GC(160) Survivor regions: 3->8(31)
[2026-06-17T23:18:20.128+0000][6616.908s][info][gc,heap       ] GC(160) Old regions: 51->51
[2026-06-17T23:18:20.128+0000][6616.908s][info][gc,heap       ] GC(160) Humongous regions: 147->147
[2026-06-17T23:18:20.128+0000][6616.909s][info][gc,metaspace  ] GC(160) Metaspace: 52200K(55040K)->52200K(55040K) NonClass: 46282K(47872K)->46282K(47872K) Class: 5918K(7168K)->5918K(7168K)
[2026-06-17T23:18:20.128+0000][6616.909s][info][gc            ] GC(160) Pause Young (Normal) (G1 Evacuation Pause) 444M->204M(512M) 10.678ms
[2026-06-17T23:18:20.128+0000][6616.909s][info][gc,cpu        ] GC(160) User=0.08s Sys=0.00s Real=0.01s
[2026-06-17T23:18:21.393+0000][6618.174s][info][gc,start      ] GC(161) Pause Young (Concurrent Start) (G1 Evacuation Pause)
[2026-06-17T23:18:21.393+0000][6618.174s][info][gc,task       ] GC(161) Using 13 workers of 13 for evacuation
[2026-06-17T23:18:21.399+0000][6618.180s][info][gc,phases     ] GC(161)   Pre Evacuate Collection Set: 0.3ms
[2026-06-17T23:18:21.399+0000][6618.180s][info][gc,phases     ] GC(161)   Evacuate Collection Set: 4.9ms
[2026-06-17T23:18:21.399+0000][6618.180s][info][gc,phases     ] GC(161)   Post Evacuate Collection Set: 0.5ms
[2026-06-17T23:18:21.399+0000][6618.180s][info][gc,phases     ] GC(161)   Other: 0.3ms
[2026-06-17T23:18:21.399+0000][6618.180s][info][gc,heap       ] GC(161) Eden regions: 239->0(243)
[2026-06-17T23:18:21.399+0000][6618.180s][info][gc,heap       ] GC(161) Survivor regions: 8->5(31)
[2026-06-17T23:18:21.399+0000][6618.180s][info][gc,heap       ] GC(161) Old regions: 51->51
[2026-06-17T23:18:21.400+0000][6618.180s][info][gc,heap       ] GC(161) Humongous regions: 147->147
[2026-06-17T23:18:21.400+0000][6618.180s][info][gc,metaspace  ] GC(161) Metaspace: 52200K(55040K)->52200K(55040K) NonClass: 46282K(47872K)->46282K(47872K) Class: 5918K(7168K)->5918K(7168K)
[2026-06-17T23:18:21.400+0000][6618.180s][info][gc            ] GC(161) Pause Young (Concurrent Start) (G1 Evacuation Pause) 443M->202M(512M) 6.458ms
[2026-06-17T23:18:21.400+0000][6618.180s][info][gc,cpu        ] GC(161) User=0.06s Sys=0.00s Real=0.00s
[2026-06-17T23:18:21.400+0000][6618.180s][info][gc            ] GC(162) Concurrent Cycle
[2026-06-17T23:18:21.400+0000][6618.181s][info][gc,marking    ] GC(162) Concurrent Clear Claimed Marks
[2026-06-17T23:18:21.400+0000][6618.181s][info][gc,marking    ] GC(162) Concurrent Clear Claimed Marks 0.212ms
[2026-06-17T23:18:21.400+0000][6618.181s][info][gc,marking    ] GC(162) Concurrent Scan Root Regions
[2026-06-17T23:18:21.401+0000][6618.182s][info][gc,marking    ] GC(162) Concurrent Scan Root Regions 0.971ms
[2026-06-17T23:18:21.401+0000][6618.182s][info][gc,marking    ] GC(162) Concurrent Mark (6618.182s)
[2026-06-17T23:18:21.401+0000][6618.182s][info][gc,marking    ] GC(162) Concurrent Mark From Roots
[2026-06-17T23:18:21.401+0000][6618.182s][info][gc,task       ] GC(162) Using 3 workers of 3 for marking
[2026-06-17T23:18:21.406+0000][6618.187s][info][gc,marking    ] GC(162) Concurrent Mark From Roots 5.072ms
[2026-06-17T23:18:21.406+0000][6618.187s][info][gc,marking    ] GC(162) Concurrent Preclean
[2026-06-17T23:18:21.407+0000][6618.187s][info][gc,marking    ] GC(162) Concurrent Preclean 0.208ms
[2026-06-17T23:18:21.407+0000][6618.187s][info][gc,marking    ] GC(162) Concurrent Mark (6618.182s, 6618.187s) 5.541ms
[2026-06-17T23:18:21.407+0000][6618.188s][info][gc,start      ] GC(162) Pause Remark
[2026-06-17T23:18:21.410+0000][6618.190s][info][gc,stringtable] GC(162) Cleaned string and symbol table, strings: 17239 processed, 2 removed, symbols: 125050 processed, 1 removed
[2026-06-17T23:18:21.410+0000][6618.191s][info][gc            ] GC(162) Pause Remark 205M->205M(512M) 3.017ms
[2026-06-17T23:18:21.410+0000][6618.191s][info][gc,cpu        ] GC(162) User=0.02s Sys=0.00s Real=0.00s
[2026-06-17T23:18:21.410+0000][6618.191s][info][gc,marking    ] GC(162) Concurrent Rebuild Remembered Sets
[2026-06-17T23:18:21.414+0000][6618.194s][info][gc,marking    ] GC(162) Concurrent Rebuild Remembered Sets 3.672ms
[2026-06-17T23:18:21.414+0000][6618.195s][info][gc,start      ] GC(162) Pause Cleanup
[2026-06-17T23:18:21.414+0000][6618.195s][info][gc            ] GC(162) Pause Cleanup 206M->206M(512M) 0.163ms
[2026-06-17T23:18:21.414+0000][6618.195s][info][gc,cpu        ] GC(162) User=0.00s Sys=0.00s Real=0.00s
[2026-06-17T23:18:21.414+0000][6618.195s][info][gc,marking    ] GC(162) Concurrent Cleanup for Next Mark
[2026-06-17T23:18:21.414+0000][6618.195s][info][gc,marking    ] GC(162) Concurrent Cleanup for Next Mark 0.156ms
[2026-06-17T23:18:21.414+0000][6618.195s][info][gc            ] GC(162) Concurrent Cycle 14.812ms
[2026-06-17T23:19:09.844+0000][6666.625s][info][gc,start      ] GC(163) Pause Young (Prepare Mixed) (G1 Evacuation Pause)
[2026-06-17T23:19:09.844+0000][6666.625s][info][gc,task       ] GC(163) Using 13 workers of 13 for evacuation
[2026-06-17T23:19:09.848+0000][6666.629s][info][gc,phases     ] GC(163)   Pre Evacuate Collection Set: 0.0ms
[2026-06-17T23:19:09.848+0000][6666.629s][info][gc,phases     ] GC(163)   Evacuate Collection Set: 3.1ms
[2026-06-17T23:19:09.848+0000][6666.629s][info][gc,phases     ] GC(163)   Post Evacuate Collection Set: 0.4ms
[2026-06-17T23:19:09.848+0000][6666.629s][info][gc,phases     ] GC(163)   Other: 0.3ms
[2026-06-17T23:19:09.848+0000][6666.629s][info][gc,heap       ] GC(163) Eden regions: 243->0(16)
[2026-06-17T23:19:09.848+0000][6666.629s][info][gc,heap       ] GC(163) Survivor regions: 5->9(31)
[2026-06-17T23:19:09.848+0000][6666.629s][info][gc,heap       ] GC(163) Old regions: 51->51
[2026-06-17T23:19:09.848+0000][6666.629s][info][gc,heap       ] GC(163) Humongous regions: 147->147
[2026-06-17T23:19:09.848+0000][6666.629s][info][gc,metaspace  ] GC(163) Metaspace: 52202K(55040K)->52202K(55040K) NonClass: 46283K(47872K)->46283K(47872K) Class: 5918K(7168K)->5918K(7168K)
[2026-06-17T23:19:09.848+0000][6666.629s][info][gc            ] GC(163) Pause Young (Prepare Mixed) (G1 Evacuation Pause) 445M->205M(512M) 4.494ms
[2026-06-17T23:19:09.848+0000][6666.629s][info][gc,cpu        ] GC(163) User=0.02s Sys=0.00s Real=0.00s
[2026-06-17T23:19:09.958+0000][6666.739s][info][gc,start      ] GC(164) Pause Young (Mixed) (G1 Evacuation Pause)
[2026-06-17T23:19:09.958+0000][6666.739s][info][gc,task       ] GC(164) Using 13 workers of 13 for evacuation
[2026-06-17T23:19:09.964+0000][6666.745s][info][gc,phases     ] GC(164)   Pre Evacuate Collection Set: 0.0ms
[2026-06-17T23:19:09.966+0000][6666.747s][info][gc,phases     ] GC(164)   Evacuate Collection Set: 4.9ms
[2026-06-17T23:19:09.966+0000][6666.747s][info][gc,phases     ] GC(164)   Post Evacuate Collection Set: 0.5ms
[2026-06-17T23:19:09.966+0000][6666.747s][info][gc,phases     ] GC(164)   Other: 0.2ms
[2026-06-17T23:19:09.966+0000][6666.747s][info][gc,heap       ] GC(164) Eden regions: 16->0(244)
[2026-06-17T23:19:09.966+0000][6666.747s][info][gc,heap       ] GC(164) Survivor regions: 9->2(4)
[2026-06-17T23:19:09.966+0000][6666.748s][info][gc,heap       ] GC(164) Old regions: 51->52
[2026-06-17T23:19:09.967+0000][6666.748s][info][gc,heap       ] GC(164) Humongous regions: 147->147
[2026-06-17T23:19:09.967+0000][6666.748s][info][gc,metaspace  ] GC(164) Metaspace: 52202K(55040K)->52202K(55040K) NonClass: 46283K(47872K)->46283K(47872K) Class: 5918K(7168K)->5918K(7168K)
[2026-06-17T23:19:09.967+0000][6666.748s][info][gc            ] GC(164) Pause Young (Mixed) (G1 Evacuation Pause) 221M->200M(512M) 8.316ms
[2026-06-17T23:19:09.967+0000][6666.748s][info][gc,cpu        ] GC(164) User=0.04s Sys=0.00s Real=0.01s
[2026-06-17T23:19:11.450+0000][6668.231s][info][gc,start      ] GC(165) Pause Young (Normal) (G1 Evacuation Pause)
[2026-06-17T23:19:11.450+0000][6668.231s][info][gc,task       ] GC(165) Using 13 workers of 13 for evacuation
[2026-06-17T23:19:11.451+0000][6668.233s][info][gc,phases     ] GC(165)   Pre Evacuate Collection Set: 0.0ms
[2026-06-17T23:19:11.452+0000][6668.233s][info][gc,phases     ] GC(165)   Evacuate Collection Set: 1.4ms
[2026-06-17T23:19:11.452+0000][6668.233s][info][gc,phases     ] GC(165)   Post Evacuate Collection Set: 0.3ms
[2026-06-17T23:19:11.452+0000][6668.233s][info][gc,phases     ] GC(165)   Other: 0.3ms
[2026-06-17T23:19:11.452+0000][6668.233s][info][gc,heap       ] GC(165) Eden regions: 244->0(243)
[2026-06-17T23:19:11.452+0000][6668.233s][info][gc,heap       ] GC(165) Survivor regions: 2->4(31)
[2026-06-17T23:19:11.452+0000][6668.233s][info][gc,heap       ] GC(165) Old regions: 52->52
[2026-06-17T23:19:11.452+0000][6668.233s][info][gc,heap       ] GC(165) Humongous regions: 147->147
[2026-06-17T23:19:11.452+0000][6668.233s][info][gc,metaspace  ] GC(165) Metaspace: 52202K(55040K)->52202K(55040K) NonClass: 46283K(47872K)->46283K(47872K) Class: 5918K(7168K)->5918K(7168K)
[2026-06-17T23:19:11.452+0000][6668.233s][info][gc            ] GC(165) Pause Young (Normal) (G1 Evacuation Pause) 444M->201M(512M) 2.373ms
[2026-06-17T23:19:11.452+0000][6668.233s][info][gc,cpu        ] GC(165) User=0.02s Sys=0.00s Real=0.00s
[2026-06-17T23:19:12.752+0000][6669.533s][info][gc,start      ] GC(166) Pause Young (Normal) (G1 Evacuation Pause)
[2026-06-17T23:19:12.752+0000][6669.533s][info][gc,task       ] GC(166) Using 13 workers of 13 for evacuation
[2026-06-17T23:19:12.756+0000][6669.537s][info][gc,phases     ] GC(166)   Pre Evacuate Collection Set: 0.0ms
[2026-06-17T23:19:12.756+0000][6669.537s][info][gc,phases     ] GC(166)   Evacuate Collection Set: 3.0ms
[2026-06-17T23:19:12.756+0000][6669.537s][info][gc,phases     ] GC(166)   Post Evacuate Collection Set: 0.4ms
[2026-06-17T23:19:12.756+0000][6669.537s][info][gc,phases     ] GC(166)   Other: 0.3ms
[2026-06-17T23:19:12.756+0000][6669.537s][info][gc,heap       ] GC(166) Eden regions: 243->0(247)
[2026-06-17T23:19:12.756+0000][6669.537s][info][gc,heap       ] GC(166) Survivor regions: 4->2(31)
[2026-06-17T23:19:12.756+0000][6669.537s][info][gc,heap       ] GC(166) Old regions: 52->52
[2026-06-17T23:19:12.756+0000][6669.537s][info][gc,heap       ] GC(166) Humongous regions: 147->147
[2026-06-17T23:19:12.756+0000][6669.537s][info][gc,metaspace  ] GC(166) Metaspace: 52202K(55040K)->52202K(55040K) NonClass: 46283K(47872K)->46283K(47872K) Class: 5918K(7168K)->5918K(7168K)
[2026-06-17T23:19:12.756+0000][6669.537s][info][gc            ] GC(166) Pause Young (Normal) (G1 Evacuation Pause) 444M->200M(512M) 4.072ms
[2026-06-17T23:19:12.756+0000][6669.537s][info][gc,cpu        ] GC(166) User=0.03s Sys=0.00s Real=0.01s
[2026-06-17T23:20:01.088+0000][6717.868s][info][gc,start      ] GC(167) Pause Young (Concurrent Start) (G1 Evacuation Pause)
[2026-06-17T23:20:01.088+0000][6717.868s][info][gc,task       ] GC(167) Using 13 workers of 13 for evacuation
[2026-06-17T23:20:01.091+0000][6717.872s][info][gc,phases     ] GC(167)   Pre Evacuate Collection Set: 0.4ms
[2026-06-17T23:20:01.091+0000][6717.872s][info][gc,phases     ] GC(167)   Evacuate Collection Set: 2.5ms
[2026-06-17T23:20:01.091+0000][6717.872s][info][gc,phases     ] GC(167)   Post Evacuate Collection Set: 0.3ms
[2026-06-17T23:20:01.091+0000][6717.872s][info][gc,phases     ] GC(167)   Other: 0.4ms
[2026-06-17T23:20:01.091+0000][6717.872s][info][gc,heap       ] GC(167) Eden regions: 247->0(242)
[2026-06-17T23:20:01.092+0000][6717.872s][info][gc,heap       ] GC(167) Survivor regions: 2->7(32)
[2026-06-17T23:20:01.092+0000][6717.872s][info][gc,heap       ] GC(167) Old regions: 52->52
[2026-06-17T23:20:01.092+0000][6717.872s][info][gc,heap       ] GC(167) Humongous regions: 147->147
[2026-06-17T23:20:01.092+0000][6717.872s][info][gc,metaspace  ] GC(167) Metaspace: 52203K(55040K)->52203K(55040K) NonClass: 46285K(47872K)->46285K(47872K) Class: 5918K(7168K)->5918K(7168K)
[2026-06-17T23:20:01.092+0000][6717.872s][info][gc            ] GC(167) Pause Young (Concurrent Start) (G1 Evacuation Pause) 447M->204M(512M) 4.048ms
[2026-06-17T23:20:01.092+0000][6717.872s][info][gc,cpu        ] GC(167) User=0.02s Sys=0.00s Real=0.00s
[2026-06-17T23:20:01.092+0000][6717.872s][info][gc            ] GC(168) Concurrent Cycle
[2026-06-17T23:20:01.092+0000][6717.872s][info][gc,marking    ] GC(168) Concurrent Clear Claimed Marks
[2026-06-17T23:20:01.092+0000][6717.873s][info][gc,marking    ] GC(168) Concurrent Clear Claimed Marks 0.168ms
[2026-06-17T23:20:01.092+0000][6717.873s][info][gc,marking    ] GC(168) Concurrent Scan Root Regions
[2026-06-17T23:20:01.094+0000][6717.874s][info][gc,marking    ] GC(168) Concurrent Scan Root Regions 1.379ms
[2026-06-17T23:20:01.094+0000][6717.874s][info][gc,marking    ] GC(168) Concurrent Mark (6717.874s)
[2026-06-17T23:20:01.094+0000][6717.874s][info][gc,marking    ] GC(168) Concurrent Mark From Roots
[2026-06-17T23:20:01.094+0000][6717.874s][info][gc,task       ] GC(168) Using 3 workers of 3 for marking
[2026-06-17T23:20:01.100+0000][6717.880s][info][gc,marking    ] GC(168) Concurrent Mark From Roots 5.677ms
[2026-06-17T23:20:01.100+0000][6717.880s][info][gc,marking    ] GC(168) Concurrent Preclean
[2026-06-17T23:20:01.100+0000][6717.880s][info][gc,marking    ] GC(168) Concurrent Preclean 0.201ms
[2026-06-17T23:20:01.100+0000][6717.880s][info][gc,marking    ] GC(168) Concurrent Mark (6717.874s, 6717.880s) 6.215ms
[2026-06-17T23:20:01.100+0000][6717.881s][info][gc,start      ] GC(168) Pause Remark
[2026-06-17T23:20:01.103+0000][6717.883s][info][gc,stringtable] GC(168) Cleaned string and symbol table, strings: 17238 processed, 0 removed, symbols: 125049 processed, 0 removed
[2026-06-17T23:20:01.103+0000][6717.884s][info][gc            ] GC(168) Pause Remark 207M->207M(512M) 2.931ms
[2026-06-17T23:20:01.103+0000][6717.884s][info][gc,cpu        ] GC(168) User=0.01s Sys=0.00s Real=0.01s
[2026-06-17T23:20:01.103+0000][6717.884s][info][gc,marking    ] GC(168) Concurrent Rebuild Remembered Sets
[2026-06-17T23:20:01.108+0000][6717.888s][info][gc,marking    ] GC(168) Concurrent Rebuild Remembered Sets 4.482ms
[2026-06-17T23:20:01.108+0000][6717.889s][info][gc,start      ] GC(168) Pause Cleanup
[2026-06-17T23:20:01.108+0000][6717.889s][info][gc            ] GC(168) Pause Cleanup 209M->209M(512M) 0.217ms
[2026-06-17T23:20:01.109+0000][6717.889s][info][gc,cpu        ] GC(168) User=0.00s Sys=0.00s Real=0.00s
[2026-06-17T23:20:01.109+0000][6717.889s][info][gc,marking    ] GC(168) Concurrent Cleanup for Next Mark
[2026-06-17T23:20:01.109+0000][6717.889s][info][gc,marking    ] GC(168) Concurrent Cleanup for Next Mark 0.158ms
[2026-06-17T23:20:01.109+0000][6717.889s][info][gc            ] GC(168) Concurrent Cycle 17.007ms
[2026-06-17T23:20:02.819+0000][6719.600s][info][gc,start      ] GC(169) Pause Young (Prepare Mixed) (G1 Evacuation Pause)
[2026-06-17T23:20:02.819+0000][6719.600s][info][gc,task       ] GC(169) Using 13 workers of 13 for evacuation
[2026-06-17T23:20:02.823+0000][6719.603s][info][gc,phases     ] GC(169)   Pre Evacuate Collection Set: 0.0ms
[2026-06-17T23:20:02.823+0000][6719.603s][info][gc,phases     ] GC(169)   Evacuate Collection Set: 2.7ms
[2026-06-17T23:20:02.823+0000][6719.603s][info][gc,phases     ] GC(169)   Post Evacuate Collection Set: 0.3ms
[2026-06-17T23:20:02.823+0000][6719.603s][info][gc,phases     ] GC(169)   Other: 0.4ms
[2026-06-17T23:20:02.823+0000][6719.603s][info][gc,heap       ] GC(169) Eden regions: 242->0(21)
[2026-06-17T23:20:02.823+0000][6719.603s][info][gc,heap       ] GC(169) Survivor regions: 7->4(32)
[2026-06-17T23:20:02.823+0000][6719.603s][info][gc,heap       ] GC(169) Old regions: 52->52
[2026-06-17T23:20:02.823+0000][6719.603s][info][gc,heap       ] GC(169) Humongous regions: 147->147
[2026-06-17T23:20:02.823+0000][6719.604s][info][gc,metaspace  ] GC(169) Metaspace: 52203K(55040K)->52203K(55040K) NonClass: 46285K(47872K)->46285K(47872K) Class: 5918K(7168K)->5918K(7168K)
[2026-06-17T23:20:02.823+0000][6719.604s][info][gc            ] GC(169) Pause Young (Prepare Mixed) (G1 Evacuation Pause) 446M->201M(512M) 3.981ms
[2026-06-17T23:20:02.823+0000][6719.604s][info][gc,cpu        ] GC(169) User=0.02s Sys=0.00s Real=0.01s
[2026-06-17T23:20:02.945+0000][6719.726s][info][gc,start      ] GC(170) Pause Young (Mixed) (G1 Evacuation Pause)
[2026-06-17T23:20:02.946+0000][6719.726s][info][gc,task       ] GC(170) Using 13 workers of 13 for evacuation
[2026-06-17T23:20:02.948+0000][6719.728s][info][gc,phases     ] GC(170)   Pre Evacuate Collection Set: 0.0ms
[2026-06-17T23:20:02.948+0000][6719.728s][info][gc,phases     ] GC(170)   Evacuate Collection Set: 1.6ms
[2026-06-17T23:20:02.948+0000][6719.728s][info][gc,phases     ] GC(170)   Post Evacuate Collection Set: 0.3ms
[2026-06-17T23:20:02.948+0000][6719.728s][info][gc,phases     ] GC(170)   Other: 0.3ms
[2026-06-17T23:20:02.948+0000][6719.728s][info][gc,heap       ] GC(170) Eden regions: 21->0(251)
[2026-06-17T23:20:02.948+0000][6719.728s][info][gc,heap       ] GC(170) Survivor regions: 4->3(4)
[2026-06-17T23:20:02.948+0000][6719.729s][info][gc,heap       ] GC(170) Old regions: 52->45
[2026-06-17T23:20:02.948+0000][6719.729s][info][gc,heap       ] GC(170) Humongous regions: 147->147
[2026-06-17T23:20:02.948+0000][6719.729s][info][gc,metaspace  ] GC(170) Metaspace: 52203K(55040K)->52203K(55040K) NonClass: 46285K(47872K)->46285K(47872K) Class: 5918K(7168K)->5918K(7168K)
[2026-06-17T23:20:02.948+0000][6719.729s][info][gc            ] GC(170) Pause Young (Mixed) (G1 Evacuation Pause) 222M->194M(512M) 2.929ms
[2026-06-17T23:20:02.948+0000][6719.729s][info][gc,cpu        ] GC(170) User=0.02s Sys=0.00s Real=0.00s
[2026-06-17T23:20:04.327+0000][6721.107s][info][gc,start      ] GC(171) Pause Young (Normal) (G1 Evacuation Pause)
[2026-06-17T23:20:04.327+0000][6721.107s][info][gc,task       ] GC(171) Using 13 workers of 13 for evacuation
[2026-06-17T23:20:04.329+0000][6721.110s][info][gc,phases     ] GC(171)   Pre Evacuate Collection Set: 0.0ms
[2026-06-17T23:20:04.329+0000][6721.110s][info][gc,phases     ] GC(171)   Evacuate Collection Set: 1.6ms
[2026-06-17T23:20:04.329+0000][6721.110s][info][gc,phases     ] GC(171)   Post Evacuate Collection Set: 0.3ms
[2026-06-17T23:20:04.329+0000][6721.110s][info][gc,phases     ] GC(171)   Other: 0.3ms
[2026-06-17T23:20:04.329+0000][6721.110s][info][gc,heap       ] GC(171) Eden regions: 251->0(247)
[2026-06-17T23:20:04.329+0000][6721.110s][info][gc,heap       ] GC(171) Survivor regions: 3->7(32)
[2026-06-17T23:20:04.330+0000][6721.110s][info][gc,heap       ] GC(171) Old regions: 45->45
[2026-06-17T23:20:04.330+0000][6721.110s][info][gc,heap       ] GC(171) Humongous regions: 147->147
[2026-06-17T23:20:04.330+0000][6721.110s][info][gc,metaspace  ] GC(171) Metaspace: 52203K(55040K)->52203K(55040K) NonClass: 46285K(47872K)->46285K(47872K) Class: 5918K(7168K)->5918K(7168K)
[2026-06-17T23:20:04.330+0000][6721.110s][info][gc            ] GC(171) Pause Young (Normal) (G1 Evacuation Pause) 445M->198M(512M) 2.633ms
[2026-06-17T23:20:04.330+0000][6721.110s][info][gc,cpu        ] GC(171) User=0.02s Sys=0.00s Real=0.00s
[2026-06-17T23:20:05.627+0000][6722.407s][info][gc,start      ] GC(172) Pause Young (Normal) (G1 Evacuation Pause)
[2026-06-17T23:20:05.627+0000][6722.407s][info][gc,task       ] GC(172) Using 13 workers of 13 for evacuation
[2026-06-17T23:20:05.629+0000][6722.409s][info][gc,phases     ] GC(172)   Pre Evacuate Collection Set: 0.0ms
[2026-06-17T23:20:05.629+0000][6722.409s][info][gc,phases     ] GC(172)   Evacuate Collection Set: 1.5ms
[2026-06-17T23:20:05.629+0000][6722.409s][info][gc,phases     ] GC(172)   Post Evacuate Collection Set: 0.3ms
[2026-06-17T23:20:05.629+0000][6722.409s][info][gc,phases     ] GC(172)   Other: 0.3ms
[2026-06-17T23:20:05.629+0000][6722.409s][info][gc,heap       ] GC(172) Eden regions: 247->0(248)
[2026-06-17T23:20:05.629+0000][6722.409s][info][gc,heap       ] GC(172) Survivor regions: 7->6(32)
[2026-06-17T23:20:05.629+0000][6722.409s][info][gc,heap       ] GC(172) Old regions: 45->45
[2026-06-17T23:20:05.629+0000][6722.409s][info][gc,heap       ] GC(172) Humongous regions: 147->147
[2026-06-17T23:20:05.629+0000][6722.409s][info][gc,metaspace  ] GC(172) Metaspace: 52203K(55040K)->52203K(55040K) NonClass: 46285K(47872K)->46285K(47872K) Class: 5918K(7168K)->5918K(7168K)
[2026-06-17T23:20:05.629+0000][6722.409s][info][gc            ] GC(172) Pause Young (Normal) (G1 Evacuation Pause) 445M->196M(512M) 2.554ms
[2026-06-17T23:20:05.629+0000][6722.409s][info][gc,cpu        ] GC(172) User=0.02s Sys=0.00s Real=0.00s
[2026-06-17T23:20:54.212+0000][6770.993s][info][gc,start      ] GC(173) Pause Young (Concurrent Start) (G1 Evacuation Pause)
[2026-06-17T23:20:54.212+0000][6770.993s][info][gc,task       ] GC(173) Using 13 workers of 13 for evacuation
[2026-06-17T23:20:54.218+0000][6770.999s][info][gc,phases     ] GC(173)   Pre Evacuate Collection Set: 0.3ms
[2026-06-17T23:20:54.218+0000][6770.999s][info][gc,phases     ] GC(173)   Evacuate Collection Set: 4.4ms
[2026-06-17T23:20:54.218+0000][6770.999s][info][gc,phases     ] GC(173)   Post Evacuate Collection Set: 0.5ms
[2026-06-17T23:20:54.218+0000][6770.999s][info][gc,phases     ] GC(173)   Other: 0.5ms
[2026-06-17T23:20:54.218+0000][6770.999s][info][gc,heap       ] GC(173) Eden regions: 248->0(245)
[2026-06-17T23:20:54.218+0000][6770.999s][info][gc,heap       ] GC(173) Survivor regions: 6->9(32)
[2026-06-17T23:20:54.218+0000][6770.999s][info][gc,heap       ] GC(173) Old regions: 45->45
[2026-06-17T23:20:54.218+0000][6770.999s][info][gc,heap       ] GC(173) Humongous regions: 147->147
[2026-06-17T23:20:54.218+0000][6770.999s][info][gc,metaspace  ] GC(173) Metaspace: 52205K(55040K)->52205K(55040K) NonClass: 46287K(47872K)->46287K(47872K) Class: 5918K(7168K)->5918K(7168K)
[2026-06-17T23:20:54.218+0000][6770.999s][info][gc            ] GC(173) Pause Young (Concurrent Start) (G1 Evacuation Pause) 444M->200M(512M) 6.214ms
[2026-06-17T23:20:54.219+0000][6770.999s][info][gc,cpu        ] GC(173) User=0.03s Sys=0.00s Real=0.01s
[2026-06-17T23:20:54.219+0000][6771.000s][info][gc            ] GC(174) Concurrent Cycle
[2026-06-17T23:20:54.219+0000][6771.000s][info][gc,marking    ] GC(174) Concurrent Clear Claimed Marks
[2026-06-17T23:20:54.219+0000][6771.000s][info][gc,marking    ] GC(174) Concurrent Clear Claimed Marks 0.201ms
[2026-06-17T23:20:54.219+0000][6771.000s][info][gc,marking    ] GC(174) Concurrent Scan Root Regions
[2026-06-17T23:20:54.221+0000][6771.002s][info][gc,marking    ] GC(174) Concurrent Scan Root Regions 1.724ms
[2026-06-17T23:20:54.221+0000][6771.002s][info][gc,marking    ] GC(174) Concurrent Mark (6771.002s)
[2026-06-17T23:20:54.221+0000][6771.002s][info][gc,marking    ] GC(174) Concurrent Mark From Roots
[2026-06-17T23:20:54.221+0000][6771.002s][info][gc,task       ] GC(174) Using 3 workers of 3 for marking
[2026-06-17T23:20:54.226+0000][6771.007s][info][gc,marking    ] GC(174) Concurrent Mark From Roots 5.200ms
[2026-06-17T23:20:54.226+0000][6771.007s][info][gc,marking    ] GC(174) Concurrent Preclean
[2026-06-17T23:20:54.227+0000][6771.008s][info][gc,marking    ] GC(174) Concurrent Preclean 0.201ms
[2026-06-17T23:20:54.227+0000][6771.008s][info][gc,marking    ] GC(174) Concurrent Mark (6771.002s, 6771.008s) 5.758ms
[2026-06-17T23:20:54.227+0000][6771.008s][info][gc,start      ] GC(174) Pause Remark
[2026-06-17T23:20:54.231+0000][6771.012s][info][gc,stringtable] GC(174) Cleaned string and symbol table, strings: 17238 processed, 0 removed, symbols: 125049 processed, 0 removed
[2026-06-17T23:20:54.231+0000][6771.012s][info][gc            ] GC(174) Pause Remark 204M->204M(512M) 4.199ms
[2026-06-17T23:20:54.231+0000][6771.012s][info][gc,cpu        ] GC(174) User=0.02s Sys=0.00s Real=0.00s
[2026-06-17T23:20:54.232+0000][6771.012s][info][gc,marking    ] GC(174) Concurrent Rebuild Remembered Sets
[2026-06-17T23:20:54.236+0000][6771.017s][info][gc,marking    ] GC(174) Concurrent Rebuild Remembered Sets 4.559ms
[2026-06-17T23:20:54.236+0000][6771.017s][info][gc,start      ] GC(174) Pause Cleanup
[2026-06-17T23:20:54.237+0000][6771.017s][info][gc            ] GC(174) Pause Cleanup 205M->205M(512M) 0.209ms
[2026-06-17T23:20:54.237+0000][6771.018s][info][gc,cpu        ] GC(174) User=0.00s Sys=0.00s Real=0.00s
[2026-06-17T23:20:54.237+0000][6771.018s][info][gc,marking    ] GC(174) Concurrent Cleanup for Next Mark
[2026-06-17T23:20:54.237+0000][6771.018s][info][gc,marking    ] GC(174) Concurrent Cleanup for Next Mark 0.169ms
[2026-06-17T23:20:54.237+0000][6771.018s][info][gc            ] GC(174) Concurrent Cycle 18.358ms
[2026-06-17T23:20:55.598+0000][6772.379s][info][gc,start      ] GC(175) Pause Young (Prepare Mixed) (G1 Evacuation Pause)
[2026-06-17T23:20:55.598+0000][6772.379s][info][gc,task       ] GC(175) Using 13 workers of 13 for evacuation
[2026-06-17T23:20:55.601+0000][6772.382s][info][gc,phases     ] GC(175)   Pre Evacuate Collection Set: 0.0ms
[2026-06-17T23:20:55.601+0000][6772.382s][info][gc,phases     ] GC(175)   Evacuate Collection Set: 2.1ms
[2026-06-17T23:20:55.601+0000][6772.382s][info][gc,phases     ] GC(175)   Post Evacuate Collection Set: 0.3ms
[2026-06-17T23:20:55.601+0000][6772.382s][info][gc,phases     ] GC(175)   Other: 0.3ms
[2026-06-17T23:20:55.601+0000][6772.382s][info][gc,heap       ] GC(175) Eden regions: 245->0(16)
[2026-06-17T23:20:55.601+0000][6772.382s][info][gc,heap       ] GC(175) Survivor regions: 9->9(32)
[2026-06-17T23:20:55.601+0000][6772.382s][info][gc,heap       ] GC(175) Old regions: 45->45
[2026-06-17T23:20:55.601+0000][6772.382s][info][gc,heap       ] GC(175) Humongous regions: 147->147
[2026-06-17T23:20:55.601+0000][6772.382s][info][gc,metaspace  ] GC(175) Metaspace: 52205K(55040K)->52205K(55040K) NonClass: 46287K(47872K)->46287K(47872K) Class: 5918K(7168K)->5918K(7168K)
[2026-06-17T23:20:55.601+0000][6772.382s][info][gc            ] GC(175) Pause Young (Prepare Mixed) (G1 Evacuation Pause) 445M->199M(512M) 3.125ms
[2026-06-17T23:20:55.601+0000][6772.382s][info][gc,cpu        ] GC(175) User=0.02s Sys=0.00s Real=0.00s
[2026-06-17T23:20:55.703+0000][6772.483s][info][gc,start      ] GC(176) Pause Young (Mixed) (G1 Evacuation Pause)
[2026-06-17T23:20:55.703+0000][6772.484s][info][gc,task       ] GC(176) Using 13 workers of 13 for evacuation
[2026-06-17T23:20:55.709+0000][6772.489s][info][gc,phases     ] GC(176)   Pre Evacuate Collection Set: 0.0ms
[2026-06-17T23:20:55.709+0000][6772.489s][info][gc,phases     ] GC(176)   Evacuate Collection Set: 5.3ms
[2026-06-17T23:20:55.709+0000][6772.489s][info][gc,phases     ] GC(176)   Post Evacuate Collection Set: 0.3ms
[2026-06-17T23:20:55.709+0000][6772.490s][info][gc,phases     ] GC(176)   Other: 0.2ms
[2026-06-17T23:20:55.709+0000][6772.490s][info][gc,heap       ] GC(176) Eden regions: 16->0(245)
[2026-06-17T23:20:55.709+0000][6772.490s][info][gc,heap       ] GC(176) Survivor regions: 9->2(4)
[2026-06-17T23:20:55.709+0000][6772.490s][info][gc,heap       ] GC(176) Old regions: 45->51
[2026-06-17T23:20:55.709+0000][6772.490s][info][gc,heap       ] GC(176) Humongous regions: 147->147
[2026-06-17T23:20:55.709+0000][6772.490s][info][gc,metaspace  ] GC(176) Metaspace: 52205K(55040K)->52205K(55040K) NonClass: 46287K(47872K)->46287K(47872K) Class: 5918K(7168K)->5918K(7168K)
[2026-06-17T23:20:55.709+0000][6772.490s][info][gc            ] GC(176) Pause Young (Mixed) (G1 Evacuation Pause) 215M->199M(512M) 6.291ms
[2026-06-17T23:20:55.709+0000][6772.490s][info][gc,cpu        ] GC(176) User=0.05s Sys=0.00s Real=0.00s
[2026-06-17T23:20:57.012+0000][6773.793s][info][gc,start      ] GC(177) Pause Young (Normal) (G1 Evacuation Pause)
[2026-06-17T23:20:57.013+0000][6773.793s][info][gc,task       ] GC(177) Using 13 workers of 13 for evacuation
[2026-06-17T23:20:57.014+0000][6773.795s][info][gc,phases     ] GC(177)   Pre Evacuate Collection Set: 0.0ms
[2026-06-17T23:20:57.014+0000][6773.795s][info][gc,phases     ] GC(177)   Evacuate Collection Set: 1.4ms
[2026-06-17T23:20:57.015+0000][6773.795s][info][gc,phases     ] GC(177)   Post Evacuate Collection Set: 0.3ms
[2026-06-17T23:20:57.015+0000][6773.795s][info][gc,phases     ] GC(177)   Other: 0.3ms
[2026-06-17T23:20:57.015+0000][6773.795s][info][gc,heap       ] GC(177) Eden regions: 245->0(245)
[2026-06-17T23:20:57.015+0000][6773.795s][info][gc,heap       ] GC(177) Survivor regions: 2->4(31)
[2026-06-17T23:20:57.015+0000][6773.795s][info][gc,heap       ] GC(177) Old regions: 51->51
[2026-06-17T23:20:57.015+0000][6773.795s][info][gc,heap       ] GC(177) Humongous regions: 147->147
[2026-06-17T23:20:57.015+0000][6773.795s][info][gc,metaspace  ] GC(177) Metaspace: 52205K(55040K)->52205K(55040K) NonClass: 46287K(47872K)->46287K(47872K) Class: 5918K(7168K)->5918K(7168K)
[2026-06-17T23:20:57.015+0000][6773.795s][info][gc            ] GC(177) Pause Young (Normal) (G1 Evacuation Pause) 444M->201M(512M) 2.437ms
[2026-06-17T23:20:57.015+0000][6773.795s][info][gc,cpu        ] GC(177) User=0.01s Sys=0.00s Real=0.01s
[2026-06-17T23:21:45.421+0000][6822.202s][info][gc,start      ] GC(178) Pause Young (Normal) (G1 Evacuation Pause)
[2026-06-17T23:21:45.421+0000][6822.202s][info][gc,task       ] GC(178) Using 13 workers of 13 for evacuation
[2026-06-17T23:21:45.425+0000][6822.206s][info][gc,phases     ] GC(178)   Pre Evacuate Collection Set: 0.0ms
[2026-06-17T23:21:45.425+0000][6822.206s][info][gc,phases     ] GC(178)   Evacuate Collection Set: 3.3ms
[2026-06-17T23:21:45.425+0000][6822.206s][info][gc,phases     ] GC(178)   Post Evacuate Collection Set: 0.3ms
[2026-06-17T23:21:45.425+0000][6822.206s][info][gc,phases     ] GC(178)   Other: 0.3ms
[2026-06-17T23:21:45.425+0000][6822.206s][info][gc,heap       ] GC(178) Eden regions: 245->0(239)
[2026-06-17T23:21:45.425+0000][6822.206s][info][gc,heap       ] GC(178) Survivor regions: 4->8(32)
[2026-06-17T23:21:45.425+0000][6822.206s][info][gc,heap       ] GC(178) Old regions: 51->51
[2026-06-17T23:21:45.425+0000][6822.206s][info][gc,heap       ] GC(178) Humongous regions: 147->147
[2026-06-17T23:21:45.425+0000][6822.206s][info][gc,metaspace  ] GC(178) Metaspace: 52207K(55040K)->52207K(55040K) NonClass: 46289K(47872K)->46289K(47872K) Class: 5918K(7168K)->5918K(7168K)
[2026-06-17T23:21:45.425+0000][6822.206s][info][gc            ] GC(178) Pause Young (Normal) (G1 Evacuation Pause) 446M->205M(512M) 4.348ms
[2026-06-17T23:21:45.425+0000][6822.206s][info][gc,cpu        ] GC(178) User=0.04s Sys=0.00s Real=0.01s
[2026-06-17T23:21:46.884+0000][6823.665s][info][gc,start      ] GC(179) Pause Young (Concurrent Start) (G1 Evacuation Pause)
[2026-06-17T23:21:46.884+0000][6823.665s][info][gc,task       ] GC(179) Using 13 workers of 13 for evacuation
[2026-06-17T23:21:46.891+0000][6823.672s][info][gc,phases     ] GC(179)   Pre Evacuate Collection Set: 0.3ms
[2026-06-17T23:21:46.891+0000][6823.672s][info][gc,phases     ] GC(179)   Evacuate Collection Set: 5.7ms
[2026-06-17T23:21:46.891+0000][6823.672s][info][gc,phases     ] GC(179)   Post Evacuate Collection Set: 0.5ms
[2026-06-17T23:21:46.892+0000][6823.673s][info][gc,phases     ] GC(179)   Other: 0.3ms
[2026-06-17T23:21:46.892+0000][6823.673s][info][gc,heap       ] GC(179) Eden regions: 239->0(243)
[2026-06-17T23:21:46.892+0000][6823.673s][info][gc,heap       ] GC(179) Survivor regions: 8->5(31)
[2026-06-17T23:21:46.892+0000][6823.673s][info][gc,heap       ] GC(179) Old regions: 51->51
[2026-06-17T23:21:46.892+0000][6823.673s][info][gc,heap       ] GC(179) Humongous regions: 147->147
[2026-06-17T23:21:46.892+0000][6823.673s][info][gc,metaspace  ] GC(179) Metaspace: 52207K(55040K)->52207K(55040K) NonClass: 46289K(47872K)->46289K(47872K) Class: 5918K(7168K)->5918K(7168K)
[2026-06-17T23:21:46.892+0000][6823.673s][info][gc            ] GC(179) Pause Young (Concurrent Start) (G1 Evacuation Pause) 444M->202M(512M) 7.588ms
[2026-06-17T23:21:46.892+0000][6823.673s][info][gc,cpu        ] GC(179) User=0.05s Sys=0.00s Real=0.00s
[2026-06-17T23:21:46.892+0000][6823.673s][info][gc            ] GC(180) Concurrent Cycle
[2026-06-17T23:21:46.892+0000][6823.673s][info][gc,marking    ] GC(180) Concurrent Clear Claimed Marks
[2026-06-17T23:21:46.892+0000][6823.673s][info][gc,marking    ] GC(180) Concurrent Clear Claimed Marks 0.200ms
[2026-06-17T23:21:46.892+0000][6823.674s][info][gc,marking    ] GC(180) Concurrent Scan Root Regions
[2026-06-17T23:21:46.894+0000][6823.675s][info][gc,marking    ] GC(180) Concurrent Scan Root Regions 1.856ms
[2026-06-17T23:21:46.895+0000][6823.676s][info][gc,marking    ] GC(180) Concurrent Mark (6823.676s)
[2026-06-17T23:21:46.895+0000][6823.676s][info][gc,marking    ] GC(180) Concurrent Mark From Roots
[2026-06-17T23:21:46.895+0000][6823.676s][info][gc,task       ] GC(180) Using 3 workers of 3 for marking
[2026-06-17T23:21:46.900+0000][6823.681s][info][gc,marking    ] GC(180) Concurrent Mark From Roots 5.448ms
[2026-06-17T23:21:46.900+0000][6823.681s][info][gc,marking    ] GC(180) Concurrent Preclean
[2026-06-17T23:21:46.901+0000][6823.682s][info][gc,marking    ] GC(180) Concurrent Preclean 0.604ms
[2026-06-17T23:21:46.901+0000][6823.682s][info][gc,marking    ] GC(180) Concurrent Mark (6823.676s, 6823.682s) 6.490ms
[2026-06-17T23:21:46.902+0000][6823.683s][info][gc,start      ] GC(180) Pause Remark
[2026-06-17T23:21:46.905+0000][6823.686s][info][gc,stringtable] GC(180) Cleaned string and symbol table, strings: 17238 processed, 0 removed, symbols: 125049 processed, 0 removed
[2026-06-17T23:21:46.906+0000][6823.687s][info][gc            ] GC(180) Pause Remark 206M->206M(512M) 3.457ms
[2026-06-17T23:21:46.906+0000][6823.687s][info][gc,cpu        ] GC(180) User=0.02s Sys=0.00s Real=0.00s
[2026-06-17T23:21:46.906+0000][6823.687s][info][gc,marking    ] GC(180) Concurrent Rebuild Remembered Sets
[2026-06-17T23:21:46.910+0000][6823.691s][info][gc,marking    ] GC(180) Concurrent Rebuild Remembered Sets 4.064ms
[2026-06-17T23:21:46.910+0000][6823.691s][info][gc,start      ] GC(180) Pause Cleanup
[2026-06-17T23:21:46.910+0000][6823.691s][info][gc            ] GC(180) Pause Cleanup 207M->207M(512M) 0.226ms
[2026-06-17T23:21:46.911+0000][6823.692s][info][gc,cpu        ] GC(180) User=0.00s Sys=0.00s Real=0.00s
[2026-06-17T23:21:46.911+0000][6823.692s][info][gc,marking    ] GC(180) Concurrent Cleanup for Next Mark
[2026-06-17T23:21:46.911+0000][6823.692s][info][gc,marking    ] GC(180) Concurrent Cleanup for Next Mark 0.173ms
[2026-06-17T23:21:46.911+0000][6823.692s][info][gc            ] GC(180) Concurrent Cycle 18.968ms
[2026-06-17T23:21:48.296+0000][6825.077s][info][gc,start      ] GC(181) Pause Young (Prepare Mixed) (G1 Evacuation Pause)
[2026-06-17T23:21:48.296+0000][6825.077s][info][gc,task       ] GC(181) Using 13 workers of 13 for evacuation
[2026-06-17T23:21:48.299+0000][6825.080s][info][gc,phases     ] GC(181)   Pre Evacuate Collection Set: 0.0ms
[2026-06-17T23:21:48.299+0000][6825.080s][info][gc,phases     ] GC(181)   Evacuate Collection Set: 2.2ms
[2026-06-17T23:21:48.299+0000][6825.080s][info][gc,phases     ] GC(181)   Post Evacuate Collection Set: 0.3ms
[2026-06-17T23:21:48.299+0000][6825.080s][info][gc,phases     ] GC(181)   Other: 0.3ms
[2026-06-17T23:21:48.299+0000][6825.080s][info][gc,heap       ] GC(181) Eden regions: 243->0(16)
[2026-06-17T23:21:48.299+0000][6825.080s][info][gc,heap       ] GC(181) Survivor regions: 5->9(31)
[2026-06-17T23:21:48.299+0000][6825.080s][info][gc,heap       ] GC(181) Old regions: 51->51
[2026-06-17T23:21:48.299+0000][6825.080s][info][gc,heap       ] GC(181) Humongous regions: 147->147
[2026-06-17T23:21:48.299+0000][6825.080s][info][gc,metaspace  ] GC(181) Metaspace: 52207K(55040K)->52207K(55040K) NonClass: 46289K(47872K)->46289K(47872K) Class: 5918K(7168K)->5918K(7168K)
[2026-06-17T23:21:48.299+0000][6825.080s][info][gc            ] GC(181) Pause Young (Prepare Mixed) (G1 Evacuation Pause) 445M->206M(512M) 3.302ms
[2026-06-17T23:21:48.299+0000][6825.080s][info][gc,cpu        ] GC(181) User=0.03s Sys=0.00s Real=0.00s
[2026-06-17T23:21:48.379+0000][6825.160s][info][gc,start      ] GC(182) Pause Young (Mixed) (G1 Evacuation Pause)
[2026-06-17T23:21:48.379+0000][6825.160s][info][gc,task       ] GC(182) Using 13 workers of 13 for evacuation
[2026-06-17T23:21:48.384+0000][6825.165s][info][gc,phases     ] GC(182)   Pre Evacuate Collection Set: 0.0ms
[2026-06-17T23:21:48.384+0000][6825.165s][info][gc,phases     ] GC(182)   Evacuate Collection Set: 3.8ms
[2026-06-17T23:21:48.384+0000][6825.165s][info][gc,phases     ] GC(182)   Post Evacuate Collection Set: 0.5ms
[2026-06-17T23:21:48.384+0000][6825.165s][info][gc,phases     ] GC(182)   Other: 0.2ms
[2026-06-17T23:21:48.384+0000][6825.165s][info][gc,heap       ] GC(182) Eden regions: 16->0(242)
[2026-06-17T23:21:48.384+0000][6825.165s][info][gc,heap       ] GC(182) Survivor regions: 9->2(4)
[2026-06-17T23:21:48.384+0000][6825.165s][info][gc,heap       ] GC(182) Old regions: 51->53
[2026-06-17T23:21:48.384+0000][6825.165s][info][gc,heap       ] GC(182) Humongous regions: 147->147
[2026-06-17T23:21:48.384+0000][6825.165s][info][gc,metaspace  ] GC(182) Metaspace: 52207K(55040K)->52207K(55040K) NonClass: 46289K(47872K)->46289K(47872K) Class: 5918K(7168K)->5918K(7168K)
[2026-06-17T23:21:48.384+0000][6825.165s][info][gc            ] GC(182) Pause Young (Mixed) (G1 Evacuation Pause) 222M->200M(512M) 4.923ms
[2026-06-17T23:21:48.384+0000][6825.165s][info][gc,cpu        ] GC(182) User=0.03s Sys=0.00s Real=0.01s
[2026-06-17T23:22:36.745+0000][6873.526s][info][gc,start      ] GC(183) Pause Young (Normal) (G1 Evacuation Pause)
[2026-06-17T23:22:36.745+0000][6873.526s][info][gc,task       ] GC(183) Using 13 workers of 13 for evacuation
[2026-06-17T23:22:36.751+0000][6873.533s][info][gc,phases     ] GC(183)   Pre Evacuate Collection Set: 0.0ms
[2026-06-17T23:22:36.751+0000][6873.533s][info][gc,phases     ] GC(183)   Evacuate Collection Set: 5.9ms
[2026-06-17T23:22:36.751+0000][6873.533s][info][gc,phases     ] GC(183)   Post Evacuate Collection Set: 0.5ms
[2026-06-17T23:22:36.751+0000][6873.533s][info][gc,phases     ] GC(183)   Other: 0.3ms
[2026-06-17T23:22:36.751+0000][6873.533s][info][gc,heap       ] GC(183) Eden regions: 242->0(242)
[2026-06-17T23:22:36.752+0000][6873.533s][info][gc,heap       ] GC(183) Survivor regions: 2->4(31)
[2026-06-17T23:22:36.752+0000][6873.533s][info][gc,heap       ] GC(183) Old regions: 53->53
[2026-06-17T23:22:36.752+0000][6873.533s][info][gc,heap       ] GC(183) Humongous regions: 147->147
[2026-06-17T23:22:36.752+0000][6873.533s][info][gc,metaspace  ] GC(183) Metaspace: 52207K(55040K)->52207K(55040K) NonClass: 46289K(47872K)->46289K(47872K) Class: 5918K(7168K)->5918K(7168K)
[2026-06-17T23:22:36.752+0000][6873.533s][info][gc            ] GC(183) Pause Young (Normal) (G1 Evacuation Pause) 442M->202M(512M) 7.263ms
[2026-06-17T23:22:36.752+0000][6873.533s][info][gc,cpu        ] GC(183) User=0.06s Sys=0.00s Real=0.01s
[2026-06-17T23:22:38.340+0000][6875.122s][info][gc,start      ] GC(184) Pause Young (Normal) (G1 Evacuation Pause)
[2026-06-17T23:22:38.340+0000][6875.122s][info][gc,task       ] GC(184) Using 13 workers of 13 for evacuation
[2026-06-17T23:22:38.343+0000][6875.125s][info][gc,phases     ] GC(184)   Pre Evacuate Collection Set: 0.0ms
[2026-06-17T23:22:38.343+0000][6875.125s][info][gc,phases     ] GC(184)   Evacuate Collection Set: 2.6ms
[2026-06-17T23:22:38.343+0000][6875.125s][info][gc,phases     ] GC(184)   Post Evacuate Collection Set: 0.3ms
[2026-06-17T23:22:38.344+0000][6875.125s][info][gc,phases     ] GC(184)   Other: 0.4ms
[2026-06-17T23:22:38.344+0000][6875.125s][info][gc,heap       ] GC(184) Eden regions: 242->0(235)
[2026-06-17T23:22:38.344+0000][6875.125s][info][gc,heap       ] GC(184) Survivor regions: 4->9(31)
[2026-06-17T23:22:38.344+0000][6875.125s][info][gc,heap       ] GC(184) Old regions: 53->53
[2026-06-17T23:22:38.344+0000][6875.125s][info][gc,heap       ] GC(184) Humongous regions: 147->147
[2026-06-17T23:22:38.344+0000][6875.125s][info][gc,metaspace  ] GC(184) Metaspace: 52207K(55040K)->52207K(55040K) NonClass: 46289K(47872K)->46289K(47872K) Class: 5918K(7168K)->5918K(7168K)
[2026-06-17T23:22:38.344+0000][6875.125s][info][gc            ] GC(184) Pause Young (Normal) (G1 Evacuation Pause) 444M->207M(512M) 3.825ms
[2026-06-17T23:22:38.344+0000][6875.125s][info][gc,cpu        ] GC(184) User=0.03s Sys=0.00s Real=0.01s
[2026-06-17T23:22:39.688+0000][6876.470s][info][gc,start      ] GC(185) Pause Young (Concurrent Start) (G1 Evacuation Pause)
[2026-06-17T23:22:39.689+0000][6876.470s][info][gc,task       ] GC(185) Using 13 workers of 13 for evacuation
[2026-06-17T23:22:39.691+0000][6876.473s][info][gc,phases     ] GC(185)   Pre Evacuate Collection Set: 0.3ms
[2026-06-17T23:22:39.691+0000][6876.473s][info][gc,phases     ] GC(185)   Evacuate Collection Set: 1.7ms
[2026-06-17T23:22:39.691+0000][6876.473s][info][gc,phases     ] GC(185)   Post Evacuate Collection Set: 0.3ms
[2026-06-17T23:22:39.691+0000][6876.473s][info][gc,phases     ] GC(185)   Other: 0.3ms
[2026-06-17T23:22:39.691+0000][6876.473s][info][gc,heap       ] GC(185) Eden regions: 235->0(239)
[2026-06-17T23:22:39.691+0000][6876.473s][info][gc,heap       ] GC(185) Survivor regions: 9->6(31)
[2026-06-17T23:22:39.691+0000][6876.473s][info][gc,heap       ] GC(185) Old regions: 53->53
[2026-06-17T23:22:39.691+0000][6876.473s][info][gc,heap       ] GC(185) Humongous regions: 147->147
[2026-06-17T23:22:39.692+0000][6876.473s][info][gc,metaspace  ] GC(185) Metaspace: 52207K(55040K)->52207K(55040K) NonClass: 46289K(47872K)->46289K(47872K) Class: 5918K(7168K)->5918K(7168K)
[2026-06-17T23:22:39.692+0000][6876.473s][info][gc            ] GC(185) Pause Young (Concurrent Start) (G1 Evacuation Pause) 442M->204M(512M) 3.104ms
[2026-06-17T23:22:39.692+0000][6876.473s][info][gc,cpu        ] GC(185) User=0.02s Sys=0.00s Real=0.01s
[2026-06-17T23:22:39.692+0000][6876.473s][info][gc            ] GC(186) Concurrent Cycle
[2026-06-17T23:22:39.692+0000][6876.473s][info][gc,marking    ] GC(186) Concurrent Clear Claimed Marks
[2026-06-17T23:22:39.692+0000][6876.474s][info][gc,marking    ] GC(186) Concurrent Clear Claimed Marks 0.175ms
[2026-06-17T23:22:39.692+0000][6876.474s][info][gc,marking    ] GC(186) Concurrent Scan Root Regions
[2026-06-17T23:22:39.693+0000][6876.475s][info][gc,marking    ] GC(186) Concurrent Scan Root Regions 1.005ms
[2026-06-17T23:22:39.693+0000][6876.475s][info][gc,marking    ] GC(186) Concurrent Mark (6876.475s)
[2026-06-17T23:22:39.693+0000][6876.475s][info][gc,marking    ] GC(186) Concurrent Mark From Roots
[2026-06-17T23:22:39.693+0000][6876.475s][info][gc,task       ] GC(186) Using 3 workers of 3 for marking
[2026-06-17T23:22:39.698+0000][6876.480s][info][gc,marking    ] GC(186) Concurrent Mark From Roots 5.133ms
[2026-06-17T23:22:39.698+0000][6876.480s][info][gc,marking    ] GC(186) Concurrent Preclean
[2026-06-17T23:22:39.699+0000][6876.480s][info][gc,marking    ] GC(186) Concurrent Preclean 0.248ms
[2026-06-17T23:22:39.699+0000][6876.480s][info][gc,marking    ] GC(186) Concurrent Mark (6876.475s, 6876.480s) 5.624ms
[2026-06-17T23:22:39.699+0000][6876.481s][info][gc,start      ] GC(186) Pause Remark
[2026-06-17T23:22:39.702+0000][6876.484s][info][gc,stringtable] GC(186) Cleaned string and symbol table, strings: 17238 processed, 1 removed, symbols: 125049 processed, 0 removed
[2026-06-17T23:22:39.702+0000][6876.484s][info][gc            ] GC(186) Pause Remark 208M->206M(512M) 3.373ms
[2026-06-17T23:22:39.702+0000][6876.484s][info][gc,cpu        ] GC(186) User=0.03s Sys=0.00s Real=0.01s
[2026-06-17T23:22:39.702+0000][6876.484s][info][gc,marking    ] GC(186) Concurrent Rebuild Remembered Sets
[2026-06-17T23:22:39.707+0000][6876.488s][info][gc,marking    ] GC(186) Concurrent Rebuild Remembered Sets 4.430ms
[2026-06-17T23:22:39.707+0000][6876.489s][info][gc,start      ] GC(186) Pause Cleanup
[2026-06-17T23:22:39.707+0000][6876.489s][info][gc            ] GC(186) Pause Cleanup 207M->207M(512M) 0.150ms
[2026-06-17T23:22:39.707+0000][6876.489s][info][gc,cpu        ] GC(186) User=0.00s Sys=0.00s Real=0.00s
[2026-06-17T23:22:39.707+0000][6876.489s][info][gc,marking    ] GC(186) Concurrent Cleanup for Next Mark
[2026-06-17T23:22:39.708+0000][6876.489s][info][gc,marking    ] GC(186) Concurrent Cleanup for Next Mark 0.137ms
[2026-06-17T23:22:39.708+0000][6876.489s][info][gc            ] GC(186) Concurrent Cycle 15.867ms
[2026-06-17T23:22:40.989+0000][6877.771s][info][gc,start      ] GC(187) Pause Young (Prepare Mixed) (G1 Evacuation Pause)
[2026-06-17T23:22:40.989+0000][6877.771s][info][gc,task       ] GC(187) Using 13 workers of 13 for evacuation
[2026-06-17T23:22:40.991+0000][6877.773s][info][gc,phases     ] GC(187)   Pre Evacuate Collection Set: 0.0ms
[2026-06-17T23:22:40.991+0000][6877.773s][info][gc,phases     ] GC(187)   Evacuate Collection Set: 1.4ms
[2026-06-17T23:22:40.991+0000][6877.773s][info][gc,phases     ] GC(187)   Post Evacuate Collection Set: 0.3ms
[2026-06-17T23:22:40.991+0000][6877.773s][info][gc,phases     ] GC(187)   Other: 0.3ms
[2026-06-17T23:22:40.991+0000][6877.773s][info][gc,heap       ] GC(187) Eden regions: 239->0(22)
[2026-06-17T23:22:40.991+0000][6877.773s][info][gc,heap       ] GC(187) Survivor regions: 6->3(31)
[2026-06-17T23:22:40.991+0000][6877.773s][info][gc,heap       ] GC(187) Old regions: 51->51
[2026-06-17T23:22:40.991+0000][6877.773s][info][gc,heap       ] GC(187) Humongous regions: 147->147
[2026-06-17T23:22:40.992+0000][6877.773s][info][gc,metaspace  ] GC(187) Metaspace: 52207K(55040K)->52207K(55040K) NonClass: 46289K(47872K)->46289K(47872K) Class: 5918K(7168K)->5918K(7168K)
[2026-06-17T23:22:40.992+0000][6877.773s][info][gc            ] GC(187) Pause Young (Prepare Mixed) (G1 Evacuation Pause) 441M->200M(512M) 2.535ms
[2026-06-17T23:22:40.992+0000][6877.773s][info][gc,cpu        ] GC(187) User=0.02s Sys=0.00s Real=0.01s
[2026-06-17T23:22:41.102+0000][6877.883s][info][gc,start      ] GC(188) Pause Young (Mixed) (G1 Evacuation Pause)
[2026-06-17T23:22:41.102+0000][6877.883s][info][gc,task       ] GC(188) Using 13 workers of 13 for evacuation
[2026-06-17T23:22:41.105+0000][6877.886s][info][gc,phases     ] GC(188)   Pre Evacuate Collection Set: 0.0ms
[2026-06-17T23:22:41.105+0000][6877.886s][info][gc,phases     ] GC(188)   Evacuate Collection Set: 2.4ms
[2026-06-17T23:22:41.105+0000][6877.886s][info][gc,phases     ] GC(188)   Post Evacuate Collection Set: 0.4ms
[2026-06-17T23:22:41.105+0000][6877.886s][info][gc,phases     ] GC(188)   Other: 0.3ms
[2026-06-17T23:22:41.105+0000][6877.886s][info][gc,heap       ] GC(188) Eden regions: 22->0(249)
[2026-06-17T23:22:41.105+0000][6877.887s][info][gc,heap       ] GC(188) Survivor regions: 3->3(4)
[2026-06-17T23:22:41.105+0000][6877.887s][info][gc,heap       ] GC(188) Old regions: 51->45
[2026-06-17T23:22:41.105+0000][6877.887s][info][gc,heap       ] GC(188) Humongous regions: 147->147
[2026-06-17T23:22:41.105+0000][6877.887s][info][gc,metaspace  ] GC(188) Metaspace: 52207K(55040K)->52207K(55040K) NonClass: 46289K(47872K)->46289K(47872K) Class: 5918K(7168K)->5918K(7168K)
[2026-06-17T23:22:41.105+0000][6877.887s][info][gc            ] GC(188) Pause Young (Mixed) (G1 Evacuation Pause) 222M->194M(512M) 3.388ms
[2026-06-17T23:22:41.105+0000][6877.887s][info][gc,cpu        ] GC(188) User=0.03s Sys=0.00s Real=0.00s
[2026-06-17T23:23:29.597+0000][6926.378s][info][gc,start      ] GC(189) Pause Young (Normal) (G1 Evacuation Pause)
[2026-06-17T23:23:29.598+0000][6926.379s][info][gc,task       ] GC(189) Using 13 workers of 13 for evacuation
[2026-06-17T23:23:29.602+0000][6926.383s][info][gc,phases     ] GC(189)   Pre Evacuate Collection Set: 0.0ms
[2026-06-17T23:23:29.602+0000][6926.383s][info][gc,phases     ] GC(189)   Evacuate Collection Set: 3.5ms
[2026-06-17T23:23:29.603+0000][6926.383s][info][gc,phases     ] GC(189)   Post Evacuate Collection Set: 0.3ms
[2026-06-17T23:23:29.603+0000][6926.383s][info][gc,phases     ] GC(189)   Other: 1.1ms
[2026-06-17T23:23:29.603+0000][6926.383s][info][gc,heap       ] GC(189) Eden regions: 249->0(244)
[2026-06-17T23:23:29.603+0000][6926.383s][info][gc,heap       ] GC(189) Survivor regions: 3->8(32)
[2026-06-17T23:23:29.603+0000][6926.383s][info][gc,heap       ] GC(189) Old regions: 45->45
[2026-06-17T23:23:29.603+0000][6926.383s][info][gc,heap       ] GC(189) Humongous regions: 147->147
[2026-06-17T23:23:29.603+0000][6926.384s][info][gc,metaspace  ] GC(189) Metaspace: 52212K(55040K)->52212K(55040K) NonClass: 46294K(47872K)->46294K(47872K) Class: 5918K(7168K)->5918K(7168K)
[2026-06-17T23:23:29.603+0000][6926.384s][info][gc            ] GC(189) Pause Young (Normal) (G1 Evacuation Pause) 443M->199M(512M) 5.346ms
[2026-06-17T23:23:29.603+0000][6926.384s][info][gc,cpu        ] GC(189) User=0.04s Sys=0.00s Real=0.01s
[2026-06-17T23:23:31.086+0000][6927.867s][info][gc,start      ] GC(190) Pause Young (Normal) (G1 Evacuation Pause)
[2026-06-17T23:23:31.086+0000][6927.867s][info][gc,task       ] GC(190) Using 13 workers of 13 for evacuation
[2026-06-17T23:23:31.089+0000][6927.870s][info][gc,phases     ] GC(190)   Pre Evacuate Collection Set: 0.0ms
[2026-06-17T23:23:31.089+0000][6927.870s][info][gc,phases     ] GC(190)   Evacuate Collection Set: 2.5ms
[2026-06-17T23:23:31.089+0000][6927.870s][info][gc,phases     ] GC(190)   Post Evacuate Collection Set: 0.4ms
[2026-06-17T23:23:31.089+0000][6927.870s][info][gc,phases     ] GC(190)   Other: 0.3ms
[2026-06-17T23:23:31.089+0000][6927.870s][info][gc,heap       ] GC(190) Eden regions: 244->0(246)
[2026-06-17T23:23:31.090+0000][6927.870s][info][gc,heap       ] GC(190) Survivor regions: 8->6(32)
[2026-06-17T23:23:31.090+0000][6927.870s][info][gc,heap       ] GC(190) Old regions: 45->45
[2026-06-17T23:23:31.090+0000][6927.870s][info][gc,heap       ] GC(190) Humongous regions: 147->147
[2026-06-17T23:23:31.090+0000][6927.870s][info][gc,metaspace  ] GC(190) Metaspace: 52212K(55040K)->52212K(55040K) NonClass: 46294K(47872K)->46294K(47872K) Class: 5918K(7168K)->5918K(7168K)
[2026-06-17T23:23:31.090+0000][6927.870s][info][gc            ] GC(190) Pause Young (Normal) (G1 Evacuation Pause) 443M->196M(512M) 3.618ms
[2026-06-17T23:23:31.090+0000][6927.871s][info][gc,cpu        ] GC(190) User=0.03s Sys=0.00s Real=0.00s
[2026-06-17T23:23:32.405+0000][6929.186s][info][gc,start      ] GC(191) Pause Young (Concurrent Start) (G1 Evacuation Pause)
[2026-06-17T23:23:32.405+0000][6929.186s][info][gc,task       ] GC(191) Using 13 workers of 13 for evacuation
[2026-06-17T23:23:32.408+0000][6929.189s][info][gc,phases     ] GC(191)   Pre Evacuate Collection Set: 0.3ms
[2026-06-17T23:23:32.408+0000][6929.189s][info][gc,phases     ] GC(191)   Evacuate Collection Set: 2.4ms
[2026-06-17T23:23:32.408+0000][6929.189s][info][gc,phases     ] GC(191)   Post Evacuate Collection Set: 0.4ms
[2026-06-17T23:23:32.408+0000][6929.189s][info][gc,phases     ] GC(191)   Other: 0.3ms
[2026-06-17T23:23:32.409+0000][6929.189s][info][gc,heap       ] GC(191) Eden regions: 246->0(243)
[2026-06-17T23:23:32.409+0000][6929.189s][info][gc,heap       ] GC(191) Survivor regions: 6->9(32)
[2026-06-17T23:23:32.409+0000][6929.189s][info][gc,heap       ] GC(191) Old regions: 45->45
[2026-06-17T23:23:32.409+0000][6929.189s][info][gc,heap       ] GC(191) Humongous regions: 147->147
[2026-06-17T23:23:32.409+0000][6929.189s][info][gc,metaspace  ] GC(191) Metaspace: 52212K(55040K)->52212K(55040K) NonClass: 46294K(47872K)->46294K(47872K) Class: 5918K(7168K)->5918K(7168K)
[2026-06-17T23:23:32.409+0000][6929.189s][info][gc            ] GC(191) Pause Young (Concurrent Start) (G1 Evacuation Pause) 442M->200M(512M) 3.823ms
[2026-06-17T23:23:32.409+0000][6929.190s][info][gc,cpu        ] GC(191) User=0.03s Sys=0.00s Real=0.00s
[2026-06-17T23:23:32.409+0000][6929.190s][info][gc            ] GC(192) Concurrent Cycle
[2026-06-17T23:23:32.409+0000][6929.190s][info][gc,marking    ] GC(192) Concurrent Clear Claimed Marks
[2026-06-17T23:23:32.409+0000][6929.190s][info][gc,marking    ] GC(192) Concurrent Clear Claimed Marks 0.236ms
[2026-06-17T23:23:32.409+0000][6929.190s][info][gc,marking    ] GC(192) Concurrent Scan Root Regions
[2026-06-17T23:23:32.411+0000][6929.192s][info][gc,marking    ] GC(192) Concurrent Scan Root Regions 1.520ms
[2026-06-17T23:23:32.411+0000][6929.192s][info][gc,marking    ] GC(192) Concurrent Mark (6929.192s)
[2026-06-17T23:23:32.411+0000][6929.192s][info][gc,marking    ] GC(192) Concurrent Mark From Roots
[2026-06-17T23:23:32.411+0000][6929.192s][info][gc,task       ] GC(192) Using 3 workers of 3 for marking
[2026-06-17T23:23:32.416+0000][6929.197s][info][gc,marking    ] GC(192) Concurrent Mark From Roots 5.249ms
[2026-06-17T23:23:32.416+0000][6929.197s][info][gc,marking    ] GC(192) Concurrent Preclean
[2026-06-17T23:23:32.417+0000][6929.197s][info][gc,marking    ] GC(192) Concurrent Preclean 0.153ms
[2026-06-17T23:23:32.417+0000][6929.197s][info][gc,marking    ] GC(192) Concurrent Mark (6929.192s, 6929.197s) 5.609ms
[2026-06-17T23:23:32.417+0000][6929.197s][info][gc,start      ] GC(192) Pause Remark
[2026-06-17T23:23:32.419+0000][6929.200s][info][gc,stringtable] GC(192) Cleaned string and symbol table, strings: 17237 processed, 0 removed, symbols: 125049 processed, 0 removed
[2026-06-17T23:23:32.419+0000][6929.200s][info][gc            ] GC(192) Pause Remark 204M->204M(512M) 2.628ms
[2026-06-17T23:23:32.419+0000][6929.200s][info][gc,cpu        ] GC(192) User=0.02s Sys=0.00s Real=0.00s
[2026-06-17T23:23:32.420+0000][6929.200s][info][gc,marking    ] GC(192) Concurrent Rebuild Remembered Sets
[2026-06-17T23:23:32.424+0000][6929.205s][info][gc,marking    ] GC(192) Concurrent Rebuild Remembered Sets 4.333ms
[2026-06-17T23:23:32.424+0000][6929.205s][info][gc,start      ] GC(192) Pause Cleanup
[2026-06-17T23:23:32.424+0000][6929.205s][info][gc            ] GC(192) Pause Cleanup 205M->205M(512M) 0.162ms
[2026-06-17T23:23:32.424+0000][6929.205s][info][gc,cpu        ] GC(192) User=0.00s Sys=0.00s Real=0.00s
[2026-06-17T23:23:32.424+0000][6929.205s][info][gc,marking    ] GC(192) Concurrent Cleanup for Next Mark
[2026-06-17T23:23:32.425+0000][6929.205s][info][gc,marking    ] GC(192) Concurrent Cleanup for Next Mark 0.151ms
[2026-06-17T23:23:32.425+0000][6929.205s][info][gc            ] GC(192) Concurrent Cycle 15.883ms
[2026-06-17T23:24:20.639+0000][6977.420s][info][gc,start      ] GC(193) Pause Young (Prepare Mixed) (G1 Evacuation Pause)
[2026-06-17T23:24:20.639+0000][6977.420s][info][gc,task       ] GC(193) Using 13 workers of 13 for evacuation
[2026-06-17T23:24:20.649+0000][6977.430s][info][gc,phases     ] GC(193)   Pre Evacuate Collection Set: 0.0ms
[2026-06-17T23:24:20.649+0000][6977.430s][info][gc,phases     ] GC(193)   Evacuate Collection Set: 9.7ms
[2026-06-17T23:24:20.649+0000][6977.430s][info][gc,phases     ] GC(193)   Post Evacuate Collection Set: 0.4ms
[2026-06-17T23:24:20.649+0000][6977.430s][info][gc,phases     ] GC(193)   Other: 0.3ms
[2026-06-17T23:24:20.649+0000][6977.430s][info][gc,heap       ] GC(193) Eden regions: 243->0(18)
[2026-06-17T23:24:20.649+0000][6977.430s][info][gc,heap       ] GC(193) Survivor regions: 9->7(32)
[2026-06-17T23:24:20.650+0000][6977.430s][info][gc,heap       ] GC(193) Old regions: 45->45
[2026-06-17T23:24:20.650+0000][6977.430s][info][gc,heap       ] GC(193) Humongous regions: 147->147
[2026-06-17T23:24:20.650+0000][6977.430s][info][gc,metaspace  ] GC(193) Metaspace: 52213K(55040K)->52213K(55040K) NonClass: 46295K(47872K)->46295K(47872K) Class: 5918K(7168K)->5918K(7168K)
[2026-06-17T23:24:20.650+0000][6977.430s][info][gc            ] GC(193) Pause Young (Prepare Mixed) (G1 Evacuation Pause) 443M->198M(512M) 10.603ms
[2026-06-17T23:24:20.650+0000][6977.430s][info][gc,cpu        ] GC(193) User=0.08s Sys=0.00s Real=0.01s
[2026-06-17T23:24:20.776+0000][6977.557s][info][gc,start      ] GC(194) Pause Young (Mixed) (G1 Evacuation Pause)
[2026-06-17T23:24:20.776+0000][6977.557s][info][gc,task       ] GC(194) Using 13 workers of 13 for evacuation
[2026-06-17T23:24:20.784+0000][6977.565s][info][gc,phases     ] GC(194)   Pre Evacuate Collection Set: 0.0ms
[2026-06-17T23:24:20.785+0000][6977.565s][info][gc,phases     ] GC(194)   Evacuate Collection Set: 7.8ms
[2026-06-17T23:24:20.785+0000][6977.565s][info][gc,phases     ] GC(194)   Post Evacuate Collection Set: 0.4ms
[2026-06-17T23:24:20.785+0000][6977.565s][info][gc,phases     ] GC(194)   Other: 0.4ms
[2026-06-17T23:24:20.785+0000][6977.566s][info][gc,heap       ] GC(194) Eden regions: 18->0(246)
[2026-06-17T23:24:20.785+0000][6977.566s][info][gc,heap       ] GC(194) Survivor regions: 7->2(4)
[2026-06-17T23:24:20.785+0000][6977.566s][info][gc,heap       ] GC(194) Old regions: 45->50
[2026-06-17T23:24:20.785+0000][6977.566s][info][gc,heap       ] GC(194) Humongous regions: 147->147
[2026-06-17T23:24:20.785+0000][6977.566s][info][gc,metaspace  ] GC(194) Metaspace: 52213K(55040K)->52213K(55040K) NonClass: 46295K(47872K)->46295K(47872K) Class: 5918K(7168K)->5918K(7168K)
[2026-06-17T23:24:20.785+0000][6977.566s][info][gc            ] GC(194) Pause Young (Mixed) (G1 Evacuation Pause) 216M->197M(512M) 8.991ms
[2026-06-17T23:24:20.785+0000][6977.566s][info][gc,cpu        ] GC(194) User=0.09s Sys=0.00s Real=0.01s
[2026-06-17T23:24:22.393+0000][6979.174s][info][gc,start      ] GC(195) Pause Young (Normal) (G1 Evacuation Pause)
[2026-06-17T23:24:22.393+0000][6979.174s][info][gc,task       ] GC(195) Using 13 workers of 13 for evacuation
[2026-06-17T23:24:22.395+0000][6979.175s][info][gc,phases     ] GC(195)   Pre Evacuate Collection Set: 0.0ms
[2026-06-17T23:24:22.395+0000][6979.176s][info][gc,phases     ] GC(195)   Evacuate Collection Set: 1.4ms
[2026-06-17T23:24:22.395+0000][6979.176s][info][gc,phases     ] GC(195)   Post Evacuate Collection Set: 0.3ms
[2026-06-17T23:24:22.395+0000][6979.176s][info][gc,phases     ] GC(195)   Other: 0.2ms
[2026-06-17T23:24:22.395+0000][6979.176s][info][gc,heap       ] GC(195) Eden regions: 246->0(247)
[2026-06-17T23:24:22.395+0000][6979.176s][info][gc,heap       ] GC(195) Survivor regions: 2->2(31)
[2026-06-17T23:24:22.395+0000][6979.176s][info][gc,heap       ] GC(195) Old regions: 50->50
[2026-06-17T23:24:22.395+0000][6979.176s][info][gc,heap       ] GC(195) Humongous regions: 147->147
[2026-06-17T23:24:22.395+0000][6979.176s][info][gc,metaspace  ] GC(195) Metaspace: 52213K(55040K)->52213K(55040K) NonClass: 46295K(47872K)->46295K(47872K) Class: 5918K(7168K)->5918K(7168K)
[2026-06-17T23:24:22.395+0000][6979.176s][info][gc            ] GC(195) Pause Young (Normal) (G1 Evacuation Pause) 443M->198M(512M) 2.132ms
[2026-06-17T23:24:22.395+0000][6979.176s][info][gc,cpu        ] GC(195) User=0.02s Sys=0.00s Real=0.00s
[2026-06-17T23:24:23.740+0000][6980.520s][info][gc,start      ] GC(196) Pause Young (Normal) (G1 Evacuation Pause)
[2026-06-17T23:24:23.740+0000][6980.521s][info][gc,task       ] GC(196) Using 13 workers of 13 for evacuation
[2026-06-17T23:24:23.742+0000][6980.523s][info][gc,phases     ] GC(196)   Pre Evacuate Collection Set: 0.0ms
[2026-06-17T23:24:23.742+0000][6980.523s][info][gc,phases     ] GC(196)   Evacuate Collection Set: 1.5ms
[2026-06-17T23:24:23.742+0000][6980.523s][info][gc,phases     ] GC(196)   Post Evacuate Collection Set: 0.4ms
[2026-06-17T23:24:23.742+0000][6980.523s][info][gc,phases     ] GC(196)   Other: 0.8ms
[2026-06-17T23:24:23.743+0000][6980.523s][info][gc,heap       ] GC(196) Eden regions: 247->0(243)
[2026-06-17T23:24:23.743+0000][6980.523s][info][gc,heap       ] GC(196) Survivor regions: 2->7(32)
[2026-06-17T23:24:23.743+0000][6980.523s][info][gc,heap       ] GC(196) Old regions: 50->50
[2026-06-17T23:24:23.743+0000][6980.523s][info][gc,heap       ] GC(196) Humongous regions: 147->147
[2026-06-17T23:24:23.743+0000][6980.524s][info][gc,metaspace  ] GC(196) Metaspace: 52213K(55040K)->52213K(55040K) NonClass: 46295K(47872K)->46295K(47872K) Class: 5918K(7168K)->5918K(7168K)
[2026-06-17T23:24:23.743+0000][6980.524s][info][gc            ] GC(196) Pause Young (Normal) (G1 Evacuation Pause) 445M->203M(512M) 3.248ms
[2026-06-17T23:24:23.743+0000][6980.524s][info][gc,cpu        ] GC(196) User=0.02s Sys=0.00s Real=0.01s
[2026-06-17T23:24:25.021+0000][6981.801s][info][gc,start      ] GC(197) Pause Young (Concurrent Start) (G1 Evacuation Pause)
[2026-06-17T23:24:25.021+0000][6981.801s][info][gc,task       ] GC(197) Using 13 workers of 13 for evacuation
[2026-06-17T23:24:25.023+0000][6981.804s][info][gc,phases     ] GC(197)   Pre Evacuate Collection Set: 0.3ms
[2026-06-17T23:24:25.023+0000][6981.804s][info][gc,phases     ] GC(197)   Evacuate Collection Set: 1.5ms
[2026-06-17T23:24:25.023+0000][6981.804s][info][gc,phases     ] GC(197)   Post Evacuate Collection Set: 0.3ms
[2026-06-17T23:24:25.023+0000][6981.804s][info][gc,phases     ] GC(197)   Other: 0.4ms
[2026-06-17T23:24:25.023+0000][6981.804s][info][gc,heap       ] GC(197) Eden regions: 243->0(245)
[2026-06-17T23:24:25.023+0000][6981.804s][info][gc,heap       ] GC(197) Survivor regions: 7->5(32)
[2026-06-17T23:24:25.023+0000][6981.804s][info][gc,heap       ] GC(197) Old regions: 50->50
[2026-06-17T23:24:25.023+0000][6981.804s][info][gc,heap       ] GC(197) Humongous regions: 147->147
[2026-06-17T23:24:25.024+0000][6981.804s][info][gc,metaspace  ] GC(197) Metaspace: 52213K(55040K)->52213K(55040K) NonClass: 46295K(47872K)->46295K(47872K) Class: 5918K(7168K)->5918K(7168K)
[2026-06-17T23:24:25.024+0000][6981.804s][info][gc            ] GC(197) Pause Young (Concurrent Start) (G1 Evacuation Pause) 446M->201M(512M) 2.993ms
[2026-06-17T23:24:25.024+0000][6981.804s][info][gc,cpu        ] GC(197) User=0.01s Sys=0.00s Real=0.01s
[2026-06-17T23:24:25.024+0000][6981.804s][info][gc            ] GC(198) Concurrent Cycle
[2026-06-17T23:24:25.024+0000][6981.805s][info][gc,marking    ] GC(198) Concurrent Clear Claimed Marks
[2026-06-17T23:24:25.024+0000][6981.805s][info][gc,marking    ] GC(198) Concurrent Clear Claimed Marks 0.170ms
[2026-06-17T23:24:25.024+0000][6981.805s][info][gc,marking    ] GC(198) Concurrent Scan Root Regions
[2026-06-17T23:24:25.025+0000][6981.806s][info][gc,marking    ] GC(198) Concurrent Scan Root Regions 0.824ms
[2026-06-17T23:24:25.025+0000][6981.806s][info][gc,marking    ] GC(198) Concurrent Mark (6981.806s)
[2026-06-17T23:24:25.025+0000][6981.806s][info][gc,marking    ] GC(198) Concurrent Mark From Roots
[2026-06-17T23:24:25.025+0000][6981.806s][info][gc,task       ] GC(198) Using 3 workers of 3 for marking
[2026-06-17T23:24:25.030+0000][6981.811s][info][gc,marking    ] GC(198) Concurrent Mark From Roots 5.051ms
[2026-06-17T23:24:25.030+0000][6981.811s][info][gc,marking    ] GC(198) Concurrent Preclean
[2026-06-17T23:24:25.030+0000][6981.811s][info][gc,marking    ] GC(198) Concurrent Preclean 0.163ms
[2026-06-17T23:24:25.031+0000][6981.811s][info][gc,marking    ] GC(198) Concurrent Mark (6981.806s, 6981.811s) 5.528ms
[2026-06-17T23:24:25.031+0000][6981.811s][info][gc,start      ] GC(198) Pause Remark
[2026-06-17T23:24:25.033+0000][6981.814s][info][gc,stringtable] GC(198) Cleaned string and symbol table, strings: 17240 processed, 0 removed, symbols: 125049 processed, 0 removed
[2026-06-17T23:24:25.033+0000][6981.814s][info][gc            ] GC(198) Pause Remark 205M->205M(512M) 2.636ms
[2026-06-17T23:24:25.033+0000][6981.814s][info][gc,cpu        ] GC(198) User=0.02s Sys=0.00s Real=0.01s
[2026-06-17T23:24:25.034+0000][6981.814s][info][gc,marking    ] GC(198) Concurrent Rebuild Remembered Sets
[2026-06-17T23:24:25.038+0000][6981.819s][info][gc,marking    ] GC(198) Concurrent Rebuild Remembered Sets 4.595ms
[2026-06-17T23:24:25.038+0000][6981.819s][info][gc,start      ] GC(198) Pause Cleanup
[2026-06-17T23:24:25.039+0000][6981.820s][info][gc            ] GC(198) Pause Cleanup 205M->205M(512M) 0.281ms
[2026-06-17T23:24:25.039+0000][6981.820s][info][gc,cpu        ] GC(198) User=0.00s Sys=0.00s Real=0.00s
[2026-06-17T23:24:25.039+0000][6981.820s][info][gc,marking    ] GC(198) Concurrent Cleanup for Next Mark
[2026-06-17T23:24:25.039+0000][6981.820s][info][gc,marking    ] GC(198) Concurrent Cleanup for Next Mark 0.181ms
[2026-06-17T23:24:25.039+0000][6981.820s][info][gc            ] GC(198) Concurrent Cycle 15.390ms
[2026-06-17T23:25:13.569+0000][7030.351s][info][gc,start      ] GC(199) Pause Young (Prepare Mixed) (G1 Evacuation Pause)
[2026-06-17T23:25:13.569+0000][7030.351s][info][gc,task       ] GC(199) Using 13 workers of 13 for evacuation
[2026-06-17T23:25:13.573+0000][7030.355s][info][gc,phases     ] GC(199)   Pre Evacuate Collection Set: 0.0ms
[2026-06-17T23:25:13.573+0000][7030.355s][info][gc,phases     ] GC(199)   Evacuate Collection Set: 2.9ms
[2026-06-17T23:25:13.573+0000][7030.355s][info][gc,phases     ] GC(199)   Post Evacuate Collection Set: 0.5ms
[2026-06-17T23:25:13.573+0000][7030.355s][info][gc,phases     ] GC(199)   Other: 0.3ms
[2026-06-17T23:25:13.573+0000][7030.355s][info][gc,heap       ] GC(199) Eden regions: 245->0(16)
[2026-06-17T23:25:13.573+0000][7030.355s][info][gc,heap       ] GC(199) Survivor regions: 5->9(32)
[2026-06-17T23:25:13.573+0000][7030.355s][info][gc,heap       ] GC(199) Old regions: 50->50
[2026-06-17T23:25:13.573+0000][7030.355s][info][gc,heap       ] GC(199) Humongous regions: 147->147
[2026-06-17T23:25:13.573+0000][7030.355s][info][gc,metaspace  ] GC(199) Metaspace: 52221K(55040K)->52221K(55040K) NonClass: 46303K(47872K)->46303K(47872K) Class: 5918K(7168K)->5918K(7168K)
[2026-06-17T23:25:13.573+0000][7030.355s][info][gc            ] GC(199) Pause Young (Prepare Mixed) (G1 Evacuation Pause) 446M->205M(512M) 3.978ms
[2026-06-17T23:25:13.573+0000][7030.355s][info][gc,cpu        ] GC(199) User=0.03s Sys=0.00s Real=0.01s
[2026-06-17T23:25:13.672+0000][7030.454s][info][gc,start      ] GC(200) Pause Young (Mixed) (G1 Evacuation Pause)
[2026-06-17T23:25:13.672+0000][7030.454s][info][gc,task       ] GC(200) Using 13 workers of 13 for evacuation
[2026-06-17T23:25:13.675+0000][7030.458s][info][gc,phases     ] GC(200)   Pre Evacuate Collection Set: 0.0ms
[2026-06-17T23:25:13.676+0000][7030.458s][info][gc,phases     ] GC(200)   Evacuate Collection Set: 3.2ms
[2026-06-17T23:25:13.676+0000][7030.458s][info][gc,phases     ] GC(200)   Post Evacuate Collection Set: 0.3ms
[2026-06-17T23:25:13.676+0000][7030.458s][info][gc,phases     ] GC(200)   Other: 0.3ms
[2026-06-17T23:25:13.676+0000][7030.458s][info][gc,heap       ] GC(200) Eden regions: 16->0(243)
[2026-06-17T23:25:13.676+0000][7030.458s][info][gc,heap       ] GC(200) Survivor regions: 9->2(4)
[2026-06-17T23:25:13.676+0000][7030.458s][info][gc,heap       ] GC(200) Old regions: 50->53
[2026-06-17T23:25:13.676+0000][7030.458s][info][gc,heap       ] GC(200) Humongous regions: 147->147
[2026-06-17T23:25:13.676+0000][7030.458s][info][gc,metaspace  ] GC(200) Metaspace: 52221K(55040K)->52221K(55040K) NonClass: 46303K(47872K)->46303K(47872K) Class: 5918K(7168K)->5918K(7168K)
[2026-06-17T23:25:13.676+0000][7030.458s][info][gc            ] GC(200) Pause Young (Mixed) (G1 Evacuation Pause) 221M->200M(512M) 4.295ms
[2026-06-17T23:25:13.676+0000][7030.458s][info][gc,cpu        ] GC(200) User=0.02s Sys=0.00s Real=0.00s
[2026-06-17T23:25:15.092+0000][7031.874s][info][gc,start      ] GC(201) Pause Young (Normal) (G1 Evacuation Pause)
[2026-06-17T23:25:15.095+0000][7031.877s][info][gc,task       ] GC(201) Using 13 workers of 13 for evacuation
[2026-06-17T23:25:15.097+0000][7031.879s][info][gc,phases     ] GC(201)   Pre Evacuate Collection Set: 0.0ms
[2026-06-17T23:25:15.097+0000][7031.879s][info][gc,phases     ] GC(201)   Evacuate Collection Set: 1.6ms
[2026-06-17T23:25:15.097+0000][7031.879s][info][gc,phases     ] GC(201)   Post Evacuate Collection Set: 0.3ms
[2026-06-17T23:25:15.097+0000][7031.879s][info][gc,phases     ] GC(201)   Other: 3.6ms
[2026-06-17T23:25:15.097+0000][7031.879s][info][gc,heap       ] GC(201) Eden regions: 243->0(242)
[2026-06-17T23:25:15.097+0000][7031.880s][info][gc,heap       ] GC(201) Survivor regions: 2->4(31)
[2026-06-17T23:25:15.097+0000][7031.880s][info][gc,heap       ] GC(201) Old regions: 53->53
[2026-06-17T23:25:15.098+0000][7031.880s][info][gc,heap       ] GC(201) Humongous regions: 147->147
[2026-06-17T23:25:15.098+0000][7031.880s][info][gc,metaspace  ] GC(201) Metaspace: 52221K(55040K)->52221K(55040K) NonClass: 46303K(47872K)->46303K(47872K) Class: 5918K(7168K)->5918K(7168K)
[2026-06-17T23:25:15.098+0000][7031.880s][info][gc            ] GC(201) Pause Young (Normal) (G1 Evacuation Pause) 443M->202M(512M) 6.029ms
[2026-06-17T23:25:15.098+0000][7031.880s][info][gc,cpu        ] GC(201) User=0.02s Sys=0.00s Real=0.00s
[2026-06-17T23:25:16.355+0000][7033.137s][info][gc,start      ] GC(202) Pause Young (Normal) (G1 Evacuation Pause)
[2026-06-17T23:25:16.355+0000][7033.137s][info][gc,task       ] GC(202) Using 13 workers of 13 for evacuation
[2026-06-17T23:25:16.358+0000][7033.140s][info][gc,phases     ] GC(202)   Pre Evacuate Collection Set: 0.0ms
[2026-06-17T23:25:16.358+0000][7033.140s][info][gc,phases     ] GC(202)   Evacuate Collection Set: 2.4ms
[2026-06-17T23:25:16.358+0000][7033.140s][info][gc,phases     ] GC(202)   Post Evacuate Collection Set: 0.3ms
[2026-06-17T23:25:16.358+0000][7033.140s][info][gc,phases     ] GC(202)   Other: 0.3ms
[2026-06-17T23:25:16.358+0000][7033.140s][info][gc,heap       ] GC(202) Eden regions: 242->0(245)
[2026-06-17T23:25:16.358+0000][7033.140s][info][gc,heap       ] GC(202) Survivor regions: 4->2(31)
[2026-06-17T23:25:16.358+0000][7033.140s][info][gc,heap       ] GC(202) Old regions: 53->53
[2026-06-17T23:25:16.358+0000][7033.140s][info][gc,heap       ] GC(202) Humongous regions: 147->147
[2026-06-17T23:25:16.358+0000][7033.140s][info][gc,metaspace  ] GC(202) Metaspace: 52221K(55040K)->52221K(55040K) NonClass: 46303K(47872K)->46303K(47872K) Class: 5918K(7168K)->5918K(7168K)
[2026-06-17T23:25:16.358+0000][7033.140s][info][gc            ] GC(202) Pause Young (Normal) (G1 Evacuation Pause) 444M->200M(512M) 3.550ms
[2026-06-17T23:25:16.358+0000][7033.140s][info][gc,cpu        ] GC(202) User=0.03s Sys=0.00s Real=0.00s
[2026-06-17T23:26:04.634+0000][7081.416s][info][gc,start      ] GC(203) Pause Young (Concurrent Start) (G1 Evacuation Pause)
[2026-06-17T23:26:04.634+0000][7081.416s][info][gc,task       ] GC(203) Using 13 workers of 13 for evacuation
[2026-06-17T23:26:04.639+0000][7081.421s][info][gc,phases     ] GC(203)   Pre Evacuate Collection Set: 0.3ms
[2026-06-17T23:26:04.639+0000][7081.421s][info][gc,phases     ] GC(203)   Evacuate Collection Set: 4.1ms
[2026-06-17T23:26:04.639+0000][7081.421s][info][gc,phases     ] GC(203)   Post Evacuate Collection Set: 0.4ms
[2026-06-17T23:26:04.639+0000][7081.421s][info][gc,phases     ] GC(203)   Other: 0.4ms
[2026-06-17T23:26:04.639+0000][7081.421s][info][gc,heap       ] GC(203) Eden regions: 245->0(242)
[2026-06-17T23:26:04.639+0000][7081.421s][info][gc,heap       ] GC(203) Survivor regions: 2->6(31)
[2026-06-17T23:26:04.639+0000][7081.422s][info][gc,heap       ] GC(203) Old regions: 53->53
[2026-06-17T23:26:04.639+0000][7081.422s][info][gc,heap       ] GC(203) Humongous regions: 147->147
[2026-06-17T23:26:04.639+0000][7081.422s][info][gc,metaspace  ] GC(203) Metaspace: 52223K(55040K)->52223K(55040K) NonClass: 46304K(47872K)->46304K(47872K) Class: 5918K(7168K)->5918K(7168K)
[2026-06-17T23:26:04.639+0000][7081.422s][info][gc            ] GC(203) Pause Young (Concurrent Start) (G1 Evacuation Pause) 445M->204M(512M) 5.486ms
[2026-06-17T23:26:04.639+0000][7081.422s][info][gc,cpu        ] GC(203) User=0.05s Sys=0.01s Real=0.00s
[2026-06-17T23:26:04.639+0000][7081.422s][info][gc            ] GC(204) Concurrent Cycle
[2026-06-17T23:26:04.640+0000][7081.422s][info][gc,marking    ] GC(204) Concurrent Clear Claimed Marks
[2026-06-17T23:26:04.640+0000][7081.422s][info][gc,marking    ] GC(204) Concurrent Clear Claimed Marks 0.198ms
[2026-06-17T23:26:04.640+0000][7081.422s][info][gc,marking    ] GC(204) Concurrent Scan Root Regions
[2026-06-17T23:26:04.641+0000][7081.423s][info][gc,marking    ] GC(204) Concurrent Scan Root Regions 1.139ms
[2026-06-17T23:26:04.641+0000][7081.423s][info][gc,marking    ] GC(204) Concurrent Mark (7081.423s)
[2026-06-17T23:26:04.641+0000][7081.423s][info][gc,marking    ] GC(204) Concurrent Mark From Roots
[2026-06-17T23:26:04.641+0000][7081.423s][info][gc,task       ] GC(204) Using 3 workers of 3 for marking
[2026-06-17T23:26:04.647+0000][7081.429s][info][gc,marking    ] GC(204) Concurrent Mark From Roots 5.481ms
[2026-06-17T23:26:04.647+0000][7081.429s][info][gc,marking    ] GC(204) Concurrent Preclean
[2026-06-17T23:26:04.647+0000][7081.429s][info][gc,marking    ] GC(204) Concurrent Preclean 0.170ms
[2026-06-17T23:26:04.647+0000][7081.429s][info][gc,marking    ] GC(204) Concurrent Mark (7081.423s, 7081.429s) 5.910ms
[2026-06-17T23:26:04.647+0000][7081.430s][info][gc,start      ] GC(204) Pause Remark
[2026-06-17T23:26:04.650+0000][7081.432s][info][gc,stringtable] GC(204) Cleaned string and symbol table, strings: 17241 processed, 0 removed, symbols: 125049 processed, 0 removed
[2026-06-17T23:26:04.650+0000][7081.432s][info][gc            ] GC(204) Pause Remark 208M->205M(512M) 2.757ms
[2026-06-17T23:26:04.650+0000][7081.432s][info][gc,cpu        ] GC(204) User=0.02s Sys=0.00s Real=0.00s
[2026-06-17T23:26:04.650+0000][7081.433s][info][gc,marking    ] GC(204) Concurrent Rebuild Remembered Sets
[2026-06-17T23:26:04.655+0000][7081.437s][info][gc,marking    ] GC(204) Concurrent Rebuild Remembered Sets 4.528ms
[2026-06-17T23:26:04.655+0000][7081.437s][info][gc,start      ] GC(204) Pause Cleanup
[2026-06-17T23:26:04.656+0000][7081.438s][info][gc            ] GC(204) Pause Cleanup 206M->206M(512M) 0.399ms
[2026-06-17T23:26:04.657+0000][7081.439s][info][gc,cpu        ] GC(204) User=0.00s Sys=0.00s Real=0.00s
[2026-06-17T23:26:04.657+0000][7081.439s][info][gc,marking    ] GC(204) Concurrent Cleanup for Next Mark
[2026-06-17T23:26:04.657+0000][7081.439s][info][gc,marking    ] GC(204) Concurrent Cleanup for Next Mark 0.189ms
[2026-06-17T23:26:04.657+0000][7081.439s][info][gc            ] GC(204) Concurrent Cycle 17.662ms
[2026-06-17T23:26:06.326+0000][7083.108s][info][gc,start      ] GC(205) Pause Young (Prepare Mixed) (G1 Evacuation Pause)
[2026-06-17T23:26:06.326+0000][7083.109s][info][gc,task       ] GC(205) Using 13 workers of 13 for evacuation
[2026-06-17T23:26:06.339+0000][7083.121s][info][gc,phases     ] GC(205)   Pre Evacuate Collection Set: 0.0ms
[2026-06-17T23:26:06.339+0000][7083.121s][info][gc,phases     ] GC(205)   Evacuate Collection Set: 11.8ms
[2026-06-17T23:26:06.339+0000][7083.121s][info][gc,phases     ] GC(205)   Post Evacuate Collection Set: 0.6ms
[2026-06-17T23:26:06.339+0000][7083.122s][info][gc,phases     ] GC(205)   Other: 0.6ms
[2026-06-17T23:26:06.340+0000][7083.122s][info][gc,heap       ] GC(205) Eden regions: 242->0(15)
[2026-06-17T23:26:06.340+0000][7083.122s][info][gc,heap       ] GC(205) Survivor regions: 6->10(31)
[2026-06-17T23:26:06.340+0000][7083.122s][info][gc,heap       ] GC(205) Old regions: 50->50
[2026-06-17T23:26:06.340+0000][7083.122s][info][gc,heap       ] GC(205) Humongous regions: 147->147
[2026-06-17T23:26:06.340+0000][7083.122s][info][gc,metaspace  ] GC(205) Metaspace: 52223K(55040K)->52223K(55040K) NonClass: 46304K(47872K)->46304K(47872K) Class: 5918K(7168K)->5918K(7168K)
[2026-06-17T23:26:06.341+0000][7083.123s][info][gc            ] GC(205) Pause Young (Prepare Mixed) (G1 Evacuation Pause) 443M->205M(512M) 15.190ms
[2026-06-17T23:26:06.341+0000][7083.123s][info][gc,cpu        ] GC(205) User=0.10s Sys=0.00s Real=0.02s
[2026-06-17T23:26:06.435+0000][7083.217s][info][gc,start      ] GC(206) Pause Young (Mixed) (G1 Evacuation Pause)
[2026-06-17T23:26:06.435+0000][7083.217s][info][gc,task       ] GC(206) Using 13 workers of 13 for evacuation
[2026-06-17T23:26:06.440+0000][7083.222s][info][gc,phases     ] GC(206)   Pre Evacuate Collection Set: 0.0ms
[2026-06-17T23:26:06.440+0000][7083.222s][info][gc,phases     ] GC(206)   Evacuate Collection Set: 3.8ms
[2026-06-17T23:26:06.440+0000][7083.223s][info][gc,phases     ] GC(206)   Post Evacuate Collection Set: 0.8ms
[2026-06-17T23:26:06.440+0000][7083.223s][info][gc,phases     ] GC(206)   Other: 0.5ms
[2026-06-17T23:26:06.440+0000][7083.223s][info][gc,heap       ] GC(206) Eden regions: 15->0(247)
[2026-06-17T23:26:06.440+0000][7083.223s][info][gc,heap       ] GC(206) Survivor regions: 10->2(4)
[2026-06-17T23:26:06.441+0000][7083.223s][info][gc,heap       ] GC(206) Old regions: 50->46
[2026-06-17T23:26:06.441+0000][7083.223s][info][gc,heap       ] GC(206) Humongous regions: 147->147
[2026-06-17T23:26:06.441+0000][7083.223s][info][gc,metaspace  ] GC(206) Metaspace: 52223K(55040K)->52223K(55040K) NonClass: 46304K(47872K)->46304K(47872K) Class: 5918K(7168K)->5918K(7168K)
[2026-06-17T23:26:06.441+0000][7083.223s][info][gc            ] GC(206) Pause Young (Mixed) (G1 Evacuation Pause) 220M->194M(512M) 5.591ms
[2026-06-17T23:26:06.441+0000][7083.223s][info][gc,cpu        ] GC(206) User=0.02s Sys=0.00s Real=0.00s
[2026-06-17T23:26:07.884+0000][7084.666s][info][gc,start      ] GC(207) Pause Young (Normal) (G1 Evacuation Pause)
[2026-06-17T23:26:07.884+0000][7084.666s][info][gc,task       ] GC(207) Using 13 workers of 13 for evacuation
[2026-06-17T23:26:07.886+0000][7084.668s][info][gc,phases     ] GC(207)   Pre Evacuate Collection Set: 0.0ms
[2026-06-17T23:26:07.886+0000][7084.668s][info][gc,phases     ] GC(207)   Evacuate Collection Set: 1.4ms
[2026-06-17T23:26:07.886+0000][7084.668s][info][gc,phases     ] GC(207)   Post Evacuate Collection Set: 0.3ms
[2026-06-17T23:26:07.886+0000][7084.668s][info][gc,phases     ] GC(207)   Other: 0.2ms
[2026-06-17T23:26:07.886+0000][7084.668s][info][gc,heap       ] GC(207) Eden regions: 247->0(244)
[2026-06-17T23:26:07.886+0000][7084.668s][info][gc,heap       ] GC(207) Survivor regions: 2->6(32)
[2026-06-17T23:26:07.886+0000][7084.668s][info][gc,heap       ] GC(207) Old regions: 46->46
[2026-06-17T23:26:07.886+0000][7084.668s][info][gc,heap       ] GC(207) Humongous regions: 147->147
[2026-06-17T23:26:07.886+0000][7084.668s][info][gc,metaspace  ] GC(207) Metaspace: 52223K(55040K)->52223K(55040K) NonClass: 46304K(47872K)->46304K(47872K) Class: 5918K(7168K)->5918K(7168K)
[2026-06-17T23:26:07.886+0000][7084.669s][info][gc            ] GC(207) Pause Young (Normal) (G1 Evacuation Pause) 441M->197M(512M) 2.167ms
[2026-06-17T23:26:07.886+0000][7084.669s][info][gc,cpu        ] GC(207) User=0.01s Sys=0.00s Real=0.00s
[2026-06-17T23:26:09.152+0000][7085.934s][info][gc,start      ] GC(208) Pause Young (Normal) (G1 Evacuation Pause)
[2026-06-17T23:26:09.152+0000][7085.934s][info][gc,task       ] GC(208) Using 13 workers of 13 for evacuation
[2026-06-17T23:26:09.153+0000][7085.936s][info][gc,phases     ] GC(208)   Pre Evacuate Collection Set: 0.0ms
[2026-06-17T23:26:09.153+0000][7085.936s][info][gc,phases     ] GC(208)   Evacuate Collection Set: 1.2ms
[2026-06-17T23:26:09.154+0000][7085.936s][info][gc,phases     ] GC(208)   Post Evacuate Collection Set: 0.3ms
[2026-06-17T23:26:09.154+0000][7085.936s][info][gc,phases     ] GC(208)   Other: 0.3ms
[2026-06-17T23:26:09.154+0000][7085.936s][info][gc,heap       ] GC(208) Eden regions: 244->0(247)
[2026-06-17T23:26:09.154+0000][7085.936s][info][gc,heap       ] GC(208) Survivor regions: 6->4(32)
[2026-06-17T23:26:09.154+0000][7085.936s][info][gc,heap       ] GC(208) Old regions: 46->46
[2026-06-17T23:26:09.154+0000][7085.936s][info][gc,heap       ] GC(208) Humongous regions: 147->147
[2026-06-17T23:26:09.154+0000][7085.936s][info][gc,metaspace  ] GC(208) Metaspace: 52223K(55040K)->52223K(55040K) NonClass: 46304K(47872K)->46304K(47872K) Class: 5918K(7168K)->5918K(7168K)
[2026-06-17T23:26:09.154+0000][7085.936s][info][gc            ] GC(208) Pause Young (Normal) (G1 Evacuation Pause) 441M->195M(512M) 2.317ms
[2026-06-17T23:26:09.154+0000][7085.936s][info][gc,cpu        ] GC(208) User=0.01s Sys=0.00s Real=0.00s
[2026-06-17T23:26:57.728+0000][7134.510s][info][gc,start      ] GC(209) Pause Young (Concurrent Start) (G1 Evacuation Pause)
[2026-06-17T23:26:57.729+0000][7134.510s][info][gc,task       ] GC(209) Using 13 workers of 13 for evacuation
[2026-06-17T23:26:57.734+0000][7134.516s][info][gc,phases     ] GC(209)   Pre Evacuate Collection Set: 0.3ms
[2026-06-17T23:26:57.735+0000][7134.516s][info][gc,phases     ] GC(209)   Evacuate Collection Set: 4.9ms
[2026-06-17T23:26:57.735+0000][7134.516s][info][gc,phases     ] GC(209)   Post Evacuate Collection Set: 0.4ms
[2026-06-17T23:26:57.735+0000][7134.516s][info][gc,phases     ] GC(209)   Other: 0.4ms
[2026-06-17T23:26:57.735+0000][7134.516s][info][gc,heap       ] GC(209) Eden regions: 247->0(244)
[2026-06-17T23:26:57.735+0000][7134.516s][info][gc,heap       ] GC(209) Survivor regions: 4->8(32)
[2026-06-17T23:26:57.735+0000][7134.516s][info][gc,heap       ] GC(209) Old regions: 46->46
[2026-06-17T23:26:57.735+0000][7134.516s][info][gc,heap       ] GC(209) Humongous regions: 147->147
[2026-06-17T23:26:57.735+0000][7134.516s][info][gc,metaspace  ] GC(209) Metaspace: 52223K(55040K)->52223K(55040K) NonClass: 46304K(47872K)->46304K(47872K) Class: 5918K(7168K)->5918K(7168K)
[2026-06-17T23:26:57.735+0000][7134.516s][info][gc            ] GC(209) Pause Young (Concurrent Start) (G1 Evacuation Pause) 442M->199M(512M) 6.473ms
[2026-06-17T23:26:57.735+0000][7134.516s][info][gc,cpu        ] GC(209) User=0.05s Sys=0.00s Real=0.01s
[2026-06-17T23:26:57.735+0000][7134.516s][info][gc            ] GC(210) Concurrent Cycle
[2026-06-17T23:26:57.735+0000][7134.516s][info][gc,marking    ] GC(210) Concurrent Clear Claimed Marks
[2026-06-17T23:26:57.735+0000][7134.517s][info][gc,marking    ] GC(210) Concurrent Clear Claimed Marks 0.156ms
[2026-06-17T23:26:57.735+0000][7134.517s][info][gc,marking    ] GC(210) Concurrent Scan Root Regions
[2026-06-17T23:26:57.736+0000][7134.518s][info][gc,marking    ] GC(210) Concurrent Scan Root Regions 1.108ms
[2026-06-17T23:26:57.737+0000][7134.518s][info][gc,marking    ] GC(210) Concurrent Mark (7134.518s)
[2026-06-17T23:26:57.737+0000][7134.518s][info][gc,marking    ] GC(210) Concurrent Mark From Roots
[2026-06-17T23:26:57.737+0000][7134.518s][info][gc,task       ] GC(210) Using 3 workers of 3 for marking
[2026-06-17T23:26:57.742+0000][7134.523s][info][gc,marking    ] GC(210) Concurrent Mark From Roots 5.214ms
[2026-06-17T23:26:57.742+0000][7134.523s][info][gc,marking    ] GC(210) Concurrent Preclean
[2026-06-17T23:26:57.742+0000][7134.523s][info][gc,marking    ] GC(210) Concurrent Preclean 0.262ms
[2026-06-17T23:26:57.742+0000][7134.524s][info][gc,marking    ] GC(210) Concurrent Mark (7134.518s, 7134.524s) 5.756ms
[2026-06-17T23:26:57.743+0000][7134.524s][info][gc,start      ] GC(210) Pause Remark
[2026-06-17T23:26:57.745+0000][7134.526s][info][gc,stringtable] GC(210) Cleaned string and symbol table, strings: 17241 processed, 0 removed, symbols: 125049 processed, 0 removed
[2026-06-17T23:26:57.746+0000][7134.527s][info][gc            ] GC(210) Pause Remark 203M->203M(512M) 2.981ms
[2026-06-17T23:26:57.746+0000][7134.527s][info][gc,cpu        ] GC(210) User=0.03s Sys=0.00s Real=0.00s
[2026-06-17T23:26:57.746+0000][7134.527s][info][gc,marking    ] GC(210) Concurrent Rebuild Remembered Sets
[2026-06-17T23:26:57.750+0000][7134.531s][info][gc,marking    ] GC(210) Concurrent Rebuild Remembered Sets 4.436ms
[2026-06-17T23:26:57.750+0000][7134.532s][info][gc,start      ] GC(210) Pause Cleanup
[2026-06-17T23:26:57.751+0000][7134.532s][info][gc            ] GC(210) Pause Cleanup 204M->204M(512M) 0.348ms
[2026-06-17T23:26:57.751+0000][7134.532s][info][gc,cpu        ] GC(210) User=0.00s Sys=0.00s Real=0.00s
[2026-06-17T23:26:57.751+0000][7134.532s][info][gc,marking    ] GC(210) Concurrent Cleanup for Next Mark
[2026-06-17T23:26:57.751+0000][7134.532s][info][gc,marking    ] GC(210) Concurrent Cleanup for Next Mark 0.164ms
[2026-06-17T23:26:57.751+0000][7134.532s][info][gc            ] GC(210) Concurrent Cycle 15.979ms
[2026-06-17T23:26:59.126+0000][7135.907s][info][gc,start      ] GC(211) Pause Young (Prepare Mixed) (G1 Evacuation Pause)
[2026-06-17T23:26:59.126+0000][7135.907s][info][gc,task       ] GC(211) Using 13 workers of 13 for evacuation
[2026-06-17T23:26:59.128+0000][7135.909s][info][gc,phases     ] GC(211)   Pre Evacuate Collection Set: 0.0ms
[2026-06-17T23:26:59.128+0000][7135.909s][info][gc,phases     ] GC(211)   Evacuate Collection Set: 1.5ms
[2026-06-17T23:26:59.128+0000][7135.909s][info][gc,phases     ] GC(211)   Post Evacuate Collection Set: 0.3ms
[2026-06-17T23:26:59.128+0000][7135.909s][info][gc,phases     ] GC(211)   Other: 0.3ms
[2026-06-17T23:26:59.128+0000][7135.909s][info][gc,heap       ] GC(211) Eden regions: 244->0(20)
[2026-06-17T23:26:59.128+0000][7135.909s][info][gc,heap       ] GC(211) Survivor regions: 8->5(32)
[2026-06-17T23:26:59.128+0000][7135.909s][info][gc,heap       ] GC(211) Old regions: 46->46
[2026-06-17T23:26:59.128+0000][7135.909s][info][gc,heap       ] GC(211) Humongous regions: 147->147
[2026-06-17T23:26:59.128+0000][7135.909s][info][gc,metaspace  ] GC(211) Metaspace: 52223K(55040K)->52223K(55040K) NonClass: 46304K(47872K)->46304K(47872K) Class: 5918K(7168K)->5918K(7168K)
[2026-06-17T23:26:59.128+0000][7135.909s][info][gc            ] GC(211) Pause Young (Prepare Mixed) (G1 Evacuation Pause) 443M->196M(512M) 2.551ms
[2026-06-17T23:26:59.128+0000][7135.909s][info][gc,cpu        ] GC(211) User=0.02s Sys=0.00s Real=0.00s
[2026-06-17T23:26:59.231+0000][7136.013s][info][gc,start      ] GC(212) Pause Young (Mixed) (G1 Evacuation Pause)
[2026-06-17T23:26:59.231+0000][7136.013s][info][gc,task       ] GC(212) Using 13 workers of 13 for evacuation
[2026-06-17T23:26:59.234+0000][7136.015s][info][gc,phases     ] GC(212)   Pre Evacuate Collection Set: 0.0ms
[2026-06-17T23:26:59.234+0000][7136.015s][info][gc,phases     ] GC(212)   Evacuate Collection Set: 1.9ms
[2026-06-17T23:26:59.234+0000][7136.015s][info][gc,phases     ] GC(212)   Post Evacuate Collection Set: 0.3ms
[2026-06-17T23:26:59.234+0000][7136.015s][info][gc,phases     ] GC(212)   Other: 0.3ms
[2026-06-17T23:26:59.234+0000][7136.015s][info][gc,heap       ] GC(212) Eden regions: 20->0(248)
[2026-06-17T23:26:59.234+0000][7136.015s][info][gc,heap       ] GC(212) Survivor regions: 5->2(4)
[2026-06-17T23:26:59.234+0000][7136.015s][info][gc,heap       ] GC(212) Old regions: 46->48
[2026-06-17T23:26:59.234+0000][7136.015s][info][gc,heap       ] GC(212) Humongous regions: 147->147
[2026-06-17T23:26:59.234+0000][7136.015s][info][gc,metaspace  ] GC(212) Metaspace: 52223K(55040K)->52223K(55040K) NonClass: 46304K(47872K)->46304K(47872K) Class: 5918K(7168K)->5918K(7168K)
[2026-06-17T23:26:59.234+0000][7136.016s][info][gc            ] GC(212) Pause Young (Mixed) (G1 Evacuation Pause) 216M->195M(512M) 3.006ms
[2026-06-17T23:26:59.234+0000][7136.016s][info][gc,cpu        ] GC(212) User=0.02s Sys=0.00s Real=0.01s
[2026-06-17T23:27:00.543+0000][7137.324s][info][gc,start      ] GC(213) Pause Young (Normal) (G1 Evacuation Pause)
[2026-06-17T23:27:00.543+0000][7137.324s][info][gc,task       ] GC(213) Using 13 workers of 13 for evacuation
[2026-06-17T23:27:00.544+0000][7137.325s][info][gc,phases     ] GC(213)   Pre Evacuate Collection Set: 0.0ms
[2026-06-17T23:27:00.544+0000][7137.326s][info][gc,phases     ] GC(213)   Evacuate Collection Set: 1.1ms
[2026-06-17T23:27:00.544+0000][7137.326s][info][gc,phases     ] GC(213)   Post Evacuate Collection Set: 0.3ms
[2026-06-17T23:27:00.544+0000][7137.326s][info][gc,phases     ] GC(213)   Other: 0.3ms
[2026-06-17T23:27:00.544+0000][7137.326s][info][gc,heap       ] GC(213) Eden regions: 248->0(251)
[2026-06-17T23:27:00.544+0000][7137.326s][info][gc,heap       ] GC(213) Survivor regions: 2->2(32)
[2026-06-17T23:27:00.545+0000][7137.326s][info][gc,heap       ] GC(213) Old regions: 48->48
[2026-06-17T23:27:00.545+0000][7137.326s][info][gc,heap       ] GC(213) Humongous regions: 147->147
[2026-06-17T23:27:00.545+0000][7137.326s][info][gc,metaspace  ] GC(213) Metaspace: 52223K(55040K)->52223K(55040K) NonClass: 46304K(47872K)->46304K(47872K) Class: 5918K(7168K)->5918K(7168K)
[2026-06-17T23:27:00.545+0000][7137.326s][info][gc            ] GC(213) Pause Young (Normal) (G1 Evacuation Pause) 443M->195M(512M) 2.104ms
[2026-06-17T23:27:00.545+0000][7137.326s][info][gc,cpu        ] GC(213) User=0.01s Sys=0.00s Real=0.00s
[2026-06-17T23:27:49.087+0000][7185.869s][info][gc,start      ] GC(214) Pause Young (Normal) (G1 Evacuation Pause)
[2026-06-17T23:27:49.087+0000][7185.869s][info][gc,task       ] GC(214) Using 13 workers of 13 for evacuation
[2026-06-17T23:27:49.090+0000][7185.872s][info][gc,phases     ] GC(214)   Pre Evacuate Collection Set: 0.0ms
[2026-06-17T23:27:49.090+0000][7185.872s][info][gc,phases     ] GC(214)   Evacuate Collection Set: 2.3ms
[2026-06-17T23:27:49.090+0000][7185.872s][info][gc,phases     ] GC(214)   Post Evacuate Collection Set: 0.3ms
[2026-06-17T23:27:49.090+0000][7185.872s][info][gc,phases     ] GC(214)   Other: 0.3ms
[2026-06-17T23:27:49.090+0000][7185.872s][info][gc,heap       ] GC(214) Eden regions: 251->0(245)
[2026-06-17T23:27:49.090+0000][7185.872s][info][gc,heap       ] GC(214) Survivor regions: 2->7(32)
[2026-06-17T23:27:49.090+0000][7185.872s][info][gc,heap       ] GC(214) Old regions: 48->48
[2026-06-17T23:27:49.090+0000][7185.872s][info][gc,heap       ] GC(214) Humongous regions: 147->147
[2026-06-17T23:27:49.090+0000][7185.872s][info][gc,metaspace  ] GC(214) Metaspace: 52226K(55040K)->52226K(55040K) NonClass: 46308K(47872K)->46308K(47872K) Class: 5918K(7168K)->5918K(7168K)
[2026-06-17T23:27:49.091+0000][7185.872s][info][gc            ] GC(214) Pause Young (Normal) (G1 Evacuation Pause) 446M->200M(512M) 3.435ms
[2026-06-17T23:27:49.091+0000][7185.873s][info][gc,cpu        ] GC(214) User=0.03s Sys=0.00s Real=0.00s
[2026-06-17T23:27:50.531+0000][7187.313s][info][gc,start      ] GC(215) Pause Young (Concurrent Start) (G1 Evacuation Pause)
[2026-06-17T23:27:50.531+0000][7187.313s][info][gc,task       ] GC(215) Using 13 workers of 13 for evacuation
[2026-06-17T23:27:50.534+0000][7187.316s][info][gc,phases     ] GC(215)   Pre Evacuate Collection Set: 0.2ms
[2026-06-17T23:27:50.534+0000][7187.316s][info][gc,phases     ] GC(215)   Evacuate Collection Set: 2.1ms
[2026-06-17T23:27:50.534+0000][7187.316s][info][gc,phases     ] GC(215)   Post Evacuate Collection Set: 0.5ms
[2026-06-17T23:27:50.534+0000][7187.316s][info][gc,phases     ] GC(215)   Other: 0.3ms
[2026-06-17T23:27:50.534+0000][7187.316s][info][gc,heap       ] GC(215) Eden regions: 245->0(238)
[2026-06-17T23:27:50.535+0000][7187.316s][info][gc,heap       ] GC(215) Survivor regions: 7->11(32)
[2026-06-17T23:27:50.535+0000][7187.317s][info][gc,heap       ] GC(215) Old regions: 48->48
[2026-06-17T23:27:50.535+0000][7187.317s][info][gc,heap       ] GC(215) Humongous regions: 147->147
[2026-06-17T23:27:50.535+0000][7187.317s][info][gc,metaspace  ] GC(215) Metaspace: 52226K(55040K)->52226K(55040K) NonClass: 46308K(47872K)->46308K(47872K) Class: 5918K(7168K)->5918K(7168K)
[2026-06-17T23:27:50.535+0000][7187.317s][info][gc            ] GC(215) Pause Young (Concurrent Start) (G1 Evacuation Pause) 445M->204M(512M) 3.643ms
[2026-06-17T23:27:50.535+0000][7187.317s][info][gc,cpu        ] GC(215) User=0.03s Sys=0.00s Real=0.01s
[2026-06-17T23:27:50.535+0000][7187.317s][info][gc            ] GC(216) Concurrent Cycle
[2026-06-17T23:27:50.535+0000][7187.317s][info][gc,marking    ] GC(216) Concurrent Clear Claimed Marks
[2026-06-17T23:27:50.535+0000][7187.317s][info][gc,marking    ] GC(216) Concurrent Clear Claimed Marks 0.261ms
[2026-06-17T23:27:50.535+0000][7187.317s][info][gc,marking    ] GC(216) Concurrent Scan Root Regions
[2026-06-17T23:27:50.537+0000][7187.319s][info][gc,marking    ] GC(216) Concurrent Scan Root Regions 1.468ms
[2026-06-17T23:27:50.537+0000][7187.319s][info][gc,marking    ] GC(216) Concurrent Mark (7187.319s)
[2026-06-17T23:27:50.537+0000][7187.319s][info][gc,marking    ] GC(216) Concurrent Mark From Roots
[2026-06-17T23:27:50.537+0000][7187.319s][info][gc,task       ] GC(216) Using 3 workers of 3 for marking
[2026-06-17T23:27:50.542+0000][7187.324s][info][gc,marking    ] GC(216) Concurrent Mark From Roots 5.121ms
[2026-06-17T23:27:50.542+0000][7187.324s][info][gc,marking    ] GC(216) Concurrent Preclean
[2026-06-17T23:27:50.542+0000][7187.324s][info][gc,marking    ] GC(216) Concurrent Preclean 0.160ms
[2026-06-17T23:27:50.542+0000][7187.324s][info][gc,marking    ] GC(216) Concurrent Mark (7187.319s, 7187.324s) 5.500ms
[2026-06-17T23:27:50.543+0000][7187.325s][info][gc,start      ] GC(216) Pause Remark
[2026-06-17T23:27:50.545+0000][7187.327s][info][gc,stringtable] GC(216) Cleaned string and symbol table, strings: 17241 processed, 0 removed, symbols: 125049 processed, 0 removed
[2026-06-17T23:27:50.545+0000][7187.327s][info][gc            ] GC(216) Pause Remark 208M->208M(512M) 2.548ms
[2026-06-17T23:27:50.545+0000][7187.327s][info][gc,cpu        ] GC(216) User=0.03s Sys=0.00s Real=0.00s
[2026-06-17T23:27:50.545+0000][7187.327s][info][gc,marking    ] GC(216) Concurrent Rebuild Remembered Sets
[2026-06-17T23:27:50.549+0000][7187.331s][info][gc,marking    ] GC(216) Concurrent Rebuild Remembered Sets 4.117ms
[2026-06-17T23:27:50.550+0000][7187.332s][info][gc,start      ] GC(216) Pause Cleanup
[2026-06-17T23:27:50.550+0000][7187.332s][info][gc            ] GC(216) Pause Cleanup 208M->208M(512M) 0.196ms
[2026-06-17T23:27:50.550+0000][7187.332s][info][gc,cpu        ] GC(216) User=0.00s Sys=0.00s Real=0.00s
[2026-06-17T23:27:50.550+0000][7187.332s][info][gc,marking    ] GC(216) Concurrent Cleanup for Next Mark
[2026-06-17T23:27:50.550+0000][7187.332s][info][gc,marking    ] GC(216) Concurrent Cleanup for Next Mark 0.131ms
[2026-06-17T23:27:50.550+0000][7187.332s][info][gc            ] GC(216) Concurrent Cycle 15.209ms
[2026-06-17T23:27:51.833+0000][7188.615s][info][gc,start      ] GC(217) Pause Young (Prepare Mixed) (G1 Evacuation Pause)
[2026-06-17T23:27:51.833+0000][7188.615s][info][gc,task       ] GC(217) Using 13 workers of 13 for evacuation
[2026-06-17T23:27:51.837+0000][7188.619s][info][gc,phases     ] GC(217)   Pre Evacuate Collection Set: 0.0ms
[2026-06-17T23:27:51.838+0000][7188.620s][info][gc,phases     ] GC(217)   Evacuate Collection Set: 2.9ms
[2026-06-17T23:27:51.838+0000][7188.620s][info][gc,phases     ] GC(217)   Post Evacuate Collection Set: 0.4ms
[2026-06-17T23:27:51.838+0000][7188.620s][info][gc,phases     ] GC(217)   Other: 0.7ms
[2026-06-17T23:27:51.838+0000][7188.620s][info][gc,heap       ] GC(217) Eden regions: 238->0(17)
[2026-06-17T23:27:51.839+0000][7188.621s][info][gc,heap       ] GC(217) Survivor regions: 11->8(32)
[2026-06-17T23:27:51.839+0000][7188.621s][info][gc,heap       ] GC(217) Old regions: 48->48
[2026-06-17T23:27:51.839+0000][7188.621s][info][gc,heap       ] GC(217) Humongous regions: 147->147
[2026-06-17T23:27:51.839+0000][7188.621s][info][gc,metaspace  ] GC(217) Metaspace: 52226K(55040K)->52226K(55040K) NonClass: 46308K(47872K)->46308K(47872K) Class: 5918K(7168K)->5918K(7168K)
[2026-06-17T23:27:51.839+0000][7188.621s][info][gc            ] GC(217) Pause Young (Prepare Mixed) (G1 Evacuation Pause) 442M->201M(512M) 5.630ms
[2026-06-17T23:27:51.839+0000][7188.621s][info][gc,cpu        ] GC(217) User=0.03s Sys=0.00s Real=0.00s
[2026-06-17T23:27:51.930+0000][7188.712s][info][gc,start      ] GC(218) Pause Young (Mixed) (G1 Evacuation Pause)
[2026-06-17T23:27:51.930+0000][7188.712s][info][gc,task       ] GC(218) Using 13 workers of 13 for evacuation
[2026-06-17T23:27:51.934+0000][7188.716s][info][gc,phases     ] GC(218)   Pre Evacuate Collection Set: 0.0ms
[2026-06-17T23:27:51.934+0000][7188.716s][info][gc,phases     ] GC(218)   Evacuate Collection Set: 3.3ms
[2026-06-17T23:27:51.935+0000][7188.716s][info][gc,phases     ] GC(218)   Post Evacuate Collection Set: 0.3ms
[2026-06-17T23:27:51.935+0000][7188.717s][info][gc,phases     ] GC(218)   Other: 0.3ms
[2026-06-17T23:27:51.935+0000][7188.717s][info][gc,heap       ] GC(218) Eden regions: 17->0(245)
[2026-06-17T23:27:51.935+0000][7188.717s][info][gc,heap       ] GC(218) Survivor regions: 8->2(4)
[2026-06-17T23:27:51.935+0000][7188.717s][info][gc,heap       ] GC(218) Old regions: 48->50
[2026-06-17T23:27:51.935+0000][7188.717s][info][gc,heap       ] GC(218) Humongous regions: 147->147
[2026-06-17T23:27:51.935+0000][7188.717s][info][gc,metaspace  ] GC(218) Metaspace: 52226K(55040K)->52226K(55040K) NonClass: 46308K(47872K)->46308K(47872K) Class: 5918K(7168K)->5918K(7168K)
[2026-06-17T23:27:51.935+0000][7188.717s][info][gc            ] GC(218) Pause Young (Mixed) (G1 Evacuation Pause) 218M->198M(512M) 4.744ms
[2026-06-17T23:27:51.935+0000][7188.717s][info][gc,cpu        ] GC(218) User=0.03s Sys=0.00s Real=0.01s
[2026-06-17T23:28:14.738+0000][7211.519s][info][gc,start      ] GC(219) Pause Young (Normal) (G1 Evacuation Pause)
[2026-06-17T23:28:14.738+0000][7211.519s][info][gc,task       ] GC(219) Using 13 workers of 13 for evacuation
[2026-06-17T23:28:14.740+0000][7211.522s][info][gc,phases     ] GC(219)   Pre Evacuate Collection Set: 0.0ms
[2026-06-17T23:28:14.740+0000][7211.522s][info][gc,phases     ] GC(219)   Evacuate Collection Set: 2.0ms
[2026-06-17T23:28:14.741+0000][7211.522s][info][gc,phases     ] GC(219)   Post Evacuate Collection Set: 0.4ms
[2026-06-17T23:28:14.741+0000][7211.522s][info][gc,phases     ] GC(219)   Other: 0.3ms
[2026-06-17T23:28:14.741+0000][7211.522s][info][gc,heap       ] GC(219) Eden regions: 245->0(241)
[2026-06-17T23:28:14.741+0000][7211.522s][info][gc,heap       ] GC(219) Survivor regions: 2->6(31)
[2026-06-17T23:28:14.741+0000][7211.522s][info][gc,heap       ] GC(219) Old regions: 50->50
[2026-06-17T23:28:14.741+0000][7211.522s][info][gc,heap       ] GC(219) Humongous regions: 147->147
[2026-06-17T23:28:14.741+0000][7211.522s][info][gc,metaspace  ] GC(219) Metaspace: 52242K(55040K)->52242K(55040K) NonClass: 46321K(47872K)->46321K(47872K) Class: 5920K(7168K)->5920K(7168K)
[2026-06-17T23:28:14.741+0000][7211.522s][info][gc            ] GC(219) Pause Young (Normal) (G1 Evacuation Pause) 443M->202M(512M) 3.214ms
[2026-06-17T23:28:14.741+0000][7211.522s][info][gc,cpu        ] GC(219) User=0.02s Sys=0.00s Real=0.00s
[2026-06-17T23:28:41.949+0000][7238.731s][info][gc,start      ] GC(220) Pause Young (Normal) (G1 Evacuation Pause)
[2026-06-17T23:28:41.950+0000][7238.731s][info][gc,task       ] GC(220) Using 13 workers of 13 for evacuation
[2026-06-17T23:28:41.954+0000][7238.735s][info][gc,phases     ] GC(220)   Pre Evacuate Collection Set: 0.0ms
[2026-06-17T23:28:41.954+0000][7238.735s][info][gc,phases     ] GC(220)   Evacuate Collection Set: 3.5ms
[2026-06-17T23:28:41.954+0000][7238.735s][info][gc,phases     ] GC(220)   Post Evacuate Collection Set: 0.3ms
[2026-06-17T23:28:41.954+0000][7238.735s][info][gc,phases     ] GC(220)   Other: 0.3ms
[2026-06-17T23:28:41.954+0000][7238.735s][info][gc,heap       ] GC(220) Eden regions: 241->0(238)
[2026-06-17T23:28:41.954+0000][7238.735s][info][gc,heap       ] GC(220) Survivor regions: 6->9(31)
[2026-06-17T23:28:41.954+0000][7238.735s][info][gc,heap       ] GC(220) Old regions: 50->50
[2026-06-17T23:28:41.954+0000][7238.735s][info][gc,heap       ] GC(220) Humongous regions: 147->147
[2026-06-17T23:28:41.954+0000][7238.735s][info][gc,metaspace  ] GC(220) Metaspace: 52242K(55040K)->52242K(55040K) NonClass: 46321K(47872K)->46321K(47872K) Class: 5920K(7168K)->5920K(7168K)
[2026-06-17T23:28:41.954+0000][7238.736s][info][gc            ] GC(220) Pause Young (Normal) (G1 Evacuation Pause) 443M->205M(512M) 4.727ms
[2026-06-17T23:28:41.954+0000][7238.736s][info][gc,cpu        ] GC(220) User=0.02s Sys=0.00s Real=0.01s
[2026-06-17T23:28:43.361+0000][7240.142s][info][gc,start      ] GC(221) Pause Young (Concurrent Start) (G1 Evacuation Pause)
[2026-06-17T23:28:43.361+0000][7240.142s][info][gc,task       ] GC(221) Using 13 workers of 13 for evacuation
[2026-06-17T23:28:43.367+0000][7240.149s][info][gc,phases     ] GC(221)   Pre Evacuate Collection Set: 0.2ms
[2026-06-17T23:28:43.367+0000][7240.149s][info][gc,phases     ] GC(221)   Evacuate Collection Set: 5.8ms
[2026-06-17T23:28:43.367+0000][7240.149s][info][gc,phases     ] GC(221)   Post Evacuate Collection Set: 0.3ms
[2026-06-17T23:28:43.368+0000][7240.149s][info][gc,phases     ] GC(221)   Other: 0.3ms
[2026-06-17T23:28:43.368+0000][7240.149s][info][gc,heap       ] GC(221) Eden regions: 238->0(242)
[2026-06-17T23:28:43.368+0000][7240.149s][info][gc,heap       ] GC(221) Survivor regions: 9->6(31)
[2026-06-17T23:28:43.368+0000][7240.149s][info][gc,heap       ] GC(221) Old regions: 50->50
[2026-06-17T23:28:43.368+0000][7240.149s][info][gc,heap       ] GC(221) Humongous regions: 147->147
[2026-06-17T23:28:43.368+0000][7240.149s][info][gc,metaspace  ] GC(221) Metaspace: 52242K(55040K)->52242K(55040K) NonClass: 46321K(47872K)->46321K(47872K) Class: 5920K(7168K)->5920K(7168K)
[2026-06-17T23:28:43.368+0000][7240.149s][info][gc            ] GC(221) Pause Young (Concurrent Start) (G1 Evacuation Pause) 443M->202M(512M) 6.782ms
[2026-06-17T23:28:43.368+0000][7240.149s][info][gc,cpu        ] GC(221) User=0.07s Sys=0.00s Real=0.01s
[2026-06-17T23:28:43.368+0000][7240.149s][info][gc            ] GC(222) Concurrent Cycle
[2026-06-17T23:28:43.368+0000][7240.149s][info][gc,marking    ] GC(222) Concurrent Clear Claimed Marks
[2026-06-17T23:28:43.368+0000][7240.149s][info][gc,marking    ] GC(222) Concurrent Clear Claimed Marks 0.162ms
[2026-06-17T23:28:43.368+0000][7240.149s][info][gc,marking    ] GC(222) Concurrent Scan Root Regions
[2026-06-17T23:28:43.369+0000][7240.151s][info][gc,marking    ] GC(222) Concurrent Scan Root Regions 1.168ms
[2026-06-17T23:28:43.369+0000][7240.151s][info][gc,marking    ] GC(222) Concurrent Mark (7240.151s)
[2026-06-17T23:28:43.369+0000][7240.151s][info][gc,marking    ] GC(222) Concurrent Mark From Roots
[2026-06-17T23:28:43.370+0000][7240.151s][info][gc,task       ] GC(222) Using 3 workers of 3 for marking
[2026-06-17T23:28:43.375+0000][7240.156s][info][gc,marking    ] GC(222) Concurrent Mark From Roots 5.265ms
[2026-06-17T23:28:43.375+0000][7240.156s][info][gc,marking    ] GC(222) Concurrent Preclean
[2026-06-17T23:28:43.375+0000][7240.156s][info][gc,marking    ] GC(222) Concurrent Preclean 0.181ms
[2026-06-17T23:28:43.375+0000][7240.156s][info][gc,marking    ] GC(222) Concurrent Mark (7240.151s, 7240.156s) 5.736ms
[2026-06-17T23:28:43.375+0000][7240.157s][info][gc,start      ] GC(222) Pause Remark
[2026-06-17T23:28:43.378+0000][7240.159s][info][gc,stringtable] GC(222) Cleaned string and symbol table, strings: 17251 processed, 0 removed, symbols: 125052 processed, 0 removed
[2026-06-17T23:28:43.378+0000][7240.159s][info][gc            ] GC(222) Pause Remark 206M->206M(512M) 2.707ms
[2026-06-17T23:28:43.378+0000][7240.160s][info][gc,cpu        ] GC(222) User=0.02s Sys=0.00s Real=0.00s
[2026-06-17T23:28:43.378+0000][7240.160s][info][gc,marking    ] GC(222) Concurrent Rebuild Remembered Sets
[2026-06-17T23:28:43.383+0000][7240.164s][info][gc,marking    ] GC(222) Concurrent Rebuild Remembered Sets 4.594ms
[2026-06-17T23:28:43.383+0000][7240.165s][info][gc,start      ] GC(222) Pause Cleanup
[2026-06-17T23:28:43.383+0000][7240.165s][info][gc            ] GC(222) Pause Cleanup 207M->207M(512M) 0.196ms
[2026-06-17T23:28:43.383+0000][7240.165s][info][gc,cpu        ] GC(222) User=0.00s Sys=0.00s Real=0.00s
[2026-06-17T23:28:43.383+0000][7240.165s][info][gc,marking    ] GC(222) Concurrent Cleanup for Next Mark
[2026-06-17T23:28:43.384+0000][7240.165s][info][gc,marking    ] GC(222) Concurrent Cleanup for Next Mark 0.130ms
[2026-06-17T23:28:43.384+0000][7240.165s][info][gc            ] GC(222) Concurrent Cycle 15.898ms
[2026-06-17T23:28:44.674+0000][7241.456s][info][gc,start      ] GC(223) Pause Young (Prepare Mixed) (G1 Evacuation Pause)
[2026-06-17T23:28:44.674+0000][7241.456s][info][gc,task       ] GC(223) Using 13 workers of 13 for evacuation
[2026-06-17T23:28:44.678+0000][7241.460s][info][gc,phases     ] GC(223)   Pre Evacuate Collection Set: 0.0ms
[2026-06-17T23:28:44.678+0000][7241.460s][info][gc,phases     ] GC(223)   Evacuate Collection Set: 3.0ms
[2026-06-17T23:28:44.679+0000][7241.460s][info][gc,phases     ] GC(223)   Post Evacuate Collection Set: 0.6ms
[2026-06-17T23:28:44.679+0000][7241.460s][info][gc,phases     ] GC(223)   Other: 0.4ms
[2026-06-17T23:28:44.679+0000][7241.460s][info][gc,heap       ] GC(223) Eden regions: 242->0(15)
[2026-06-17T23:28:44.679+0000][7241.460s][info][gc,heap       ] GC(223) Survivor regions: 6->10(31)
[2026-06-17T23:28:44.679+0000][7241.460s][info][gc,heap       ] GC(223) Old regions: 50->50
[2026-06-17T23:28:44.679+0000][7241.460s][info][gc,heap       ] GC(223) Humongous regions: 147->147
[2026-06-17T23:28:44.679+0000][7241.460s][info][gc,metaspace  ] GC(223) Metaspace: 52242K(55040K)->52242K(55040K) NonClass: 46321K(47872K)->46321K(47872K) Class: 5920K(7168K)->5920K(7168K)
[2026-06-17T23:28:44.679+0000][7241.460s][info][gc            ] GC(223) Pause Young (Prepare Mixed) (G1 Evacuation Pause) 444M->206M(512M) 4.787ms
[2026-06-17T23:28:44.679+0000][7241.461s][info][gc,cpu        ] GC(223) User=0.04s Sys=0.00s Real=0.00s
[2026-06-17T23:28:44.763+0000][7241.544s][info][gc,start      ] GC(224) Pause Young (Mixed) (G1 Evacuation Pause)
[2026-06-17T23:28:44.763+0000][7241.544s][info][gc,task       ] GC(224) Using 13 workers of 13 for evacuation
[2026-06-17T23:28:44.766+0000][7241.548s][info][gc,phases     ] GC(224)   Pre Evacuate Collection Set: 0.0ms
[2026-06-17T23:28:44.766+0000][7241.548s][info][gc,phases     ] GC(224)   Evacuate Collection Set: 2.8ms
[2026-06-17T23:28:44.766+0000][7241.548s][info][gc,phases     ] GC(224)   Post Evacuate Collection Set: 0.3ms
[2026-06-17T23:28:44.766+0000][7241.548s][info][gc,phases     ] GC(224)   Other: 0.3ms
[2026-06-17T23:28:44.766+0000][7241.548s][info][gc,heap       ] GC(224) Eden regions: 15->0(245)
[2026-06-17T23:28:44.766+0000][7241.548s][info][gc,heap       ] GC(224) Survivor regions: 10->2(4)
[2026-06-17T23:28:44.766+0000][7241.548s][info][gc,heap       ] GC(224) Old regions: 50->48
[2026-06-17T23:28:44.767+0000][7241.548s][info][gc,heap       ] GC(224) Humongous regions: 147->147
[2026-06-17T23:28:44.767+0000][7241.548s][info][gc,metaspace  ] GC(224) Metaspace: 52242K(55040K)->52242K(55040K) NonClass: 46321K(47872K)->46321K(47872K) Class: 5920K(7168K)->5920K(7168K)
[2026-06-17T23:28:44.767+0000][7241.548s][info][gc            ] GC(224) Pause Young (Mixed) (G1 Evacuation Pause) 221M->195M(512M) 3.793ms
[2026-06-17T23:28:44.767+0000][7241.548s][info][gc,cpu        ] GC(224) User=0.02s Sys=0.00s Real=0.00s
[2026-06-17T23:29:33.416+0000][7290.199s][info][gc,start      ] GC(225) Pause Young (Normal) (G1 Evacuation Pause)
[2026-06-17T23:29:33.417+0000][7290.199s][info][gc,task       ] GC(225) Using 13 workers of 13 for evacuation
[2026-06-17T23:29:33.422+0000][7290.204s][info][gc,phases     ] GC(225)   Pre Evacuate Collection Set: 0.0ms
[2026-06-17T23:29:33.423+0000][7290.205s][info][gc,phases     ] GC(225)   Evacuate Collection Set: 5.0ms
[2026-06-17T23:29:33.423+0000][7290.205s][info][gc,phases     ] GC(225)   Post Evacuate Collection Set: 0.5ms
[2026-06-17T23:29:33.423+0000][7290.205s][info][gc,phases     ] GC(225)   Other: 0.3ms
[2026-06-17T23:29:33.423+0000][7290.205s][info][gc,heap       ] GC(225) Eden regions: 245->0(245)
[2026-06-17T23:29:33.423+0000][7290.205s][info][gc,heap       ] GC(225) Survivor regions: 2->4(31)
[2026-06-17T23:29:33.423+0000][7290.205s][info][gc,heap       ] GC(225) Old regions: 48->48
[2026-06-17T23:29:33.423+0000][7290.205s][info][gc,heap       ] GC(225) Humongous regions: 147->147
[2026-06-17T23:29:33.423+0000][7290.205s][info][gc,metaspace  ] GC(225) Metaspace: 52312K(55040K)->52312K(55040K) NonClass: 46372K(47872K)->46372K(47872K) Class: 5939K(7168K)->5939K(7168K)
[2026-06-17T23:29:33.423+0000][7290.205s][info][gc            ] GC(225) Pause Young (Normal) (G1 Evacuation Pause) 440M->198M(512M) 6.908ms
[2026-06-17T23:29:33.423+0000][7290.205s][info][gc,cpu        ] GC(225) User=0.06s Sys=0.00s Real=0.01s
[2026-06-17T23:29:34.844+0000][7291.626s][info][gc,start      ] GC(226) Pause Young (Normal) (G1 Evacuation Pause)
[2026-06-17T23:29:34.844+0000][7291.626s][info][gc,task       ] GC(226) Using 13 workers of 13 for evacuation
[2026-06-17T23:29:34.846+0000][7291.628s][info][gc,phases     ] GC(226)   Pre Evacuate Collection Set: 0.0ms
[2026-06-17T23:29:34.846+0000][7291.628s][info][gc,phases     ] GC(226)   Evacuate Collection Set: 2.0ms
[2026-06-17T23:29:34.846+0000][7291.629s][info][gc,phases     ] GC(226)   Post Evacuate Collection Set: 0.3ms
[2026-06-17T23:29:34.847+0000][7291.629s][info][gc,phases     ] GC(226)   Other: 0.3ms
[2026-06-17T23:29:34.847+0000][7291.629s][info][gc,heap       ] GC(226) Eden regions: 245->0(247)
[2026-06-17T23:29:34.847+0000][7291.629s][info][gc,heap       ] GC(226) Survivor regions: 4->3(32)
[2026-06-17T23:29:34.847+0000][7291.629s][info][gc,heap       ] GC(226) Old regions: 48->48
[2026-06-17T23:29:34.847+0000][7291.629s][info][gc,heap       ] GC(226) Humongous regions: 147->147
[2026-06-17T23:29:34.847+0000][7291.629s][info][gc,metaspace  ] GC(226) Metaspace: 52312K(55040K)->52312K(55040K) NonClass: 46372K(47872K)->46372K(47872K) Class: 5939K(7168K)->5939K(7168K)
[2026-06-17T23:29:34.847+0000][7291.629s][info][gc            ] GC(226) Pause Young (Normal) (G1 Evacuation Pause) 443M->196M(512M) 3.138ms
[2026-06-17T23:29:34.847+0000][7291.629s][info][gc,cpu        ] GC(226) User=0.02s Sys=0.00s Real=0.00s
[2026-06-17T23:29:36.187+0000][7292.969s][info][gc,start      ] GC(227) Pause Young (Concurrent Start) (G1 Evacuation Pause)
[2026-06-17T23:29:36.187+0000][7292.969s][info][gc,task       ] GC(227) Using 13 workers of 13 for evacuation
[2026-06-17T23:29:36.190+0000][7292.972s][info][gc,phases     ] GC(227)   Pre Evacuate Collection Set: 0.2ms
[2026-06-17T23:29:36.190+0000][7292.972s][info][gc,phases     ] GC(227)   Evacuate Collection Set: 1.9ms
[2026-06-17T23:29:36.190+0000][7292.972s][info][gc,phases     ] GC(227)   Post Evacuate Collection Set: 0.8ms
[2026-06-17T23:29:36.190+0000][7292.972s][info][gc,phases     ] GC(227)   Other: 0.4ms
[2026-06-17T23:29:36.190+0000][7292.973s][info][gc,heap       ] GC(227) Eden regions: 247->0(245)
[2026-06-17T23:29:36.191+0000][7292.973s][info][gc,heap       ] GC(227) Survivor regions: 3->6(32)
[2026-06-17T23:29:36.191+0000][7292.973s][info][gc,heap       ] GC(227) Old regions: 48->48
[2026-06-17T23:29:36.191+0000][7292.973s][info][gc,heap       ] GC(227) Humongous regions: 147->147
[2026-06-17T23:29:36.191+0000][7292.973s][info][gc,metaspace  ] GC(227) Metaspace: 52312K(55040K)->52312K(55040K) NonClass: 46372K(47872K)->46372K(47872K) Class: 5939K(7168K)->5939K(7168K)
[2026-06-17T23:29:36.191+0000][7292.973s][info][gc            ] GC(227) Pause Young (Concurrent Start) (G1 Evacuation Pause) 443M->200M(512M) 4.046ms
[2026-06-17T23:29:36.191+0000][7292.973s][info][gc,cpu        ] GC(227) User=0.02s Sys=0.00s Real=0.01s
[2026-06-17T23:29:36.191+0000][7292.973s][info][gc            ] GC(228) Concurrent Cycle
[2026-06-17T23:29:36.191+0000][7292.973s][info][gc,marking    ] GC(228) Concurrent Clear Claimed Marks
[2026-06-17T23:29:36.192+0000][7292.974s][info][gc,marking    ] GC(228) Concurrent Clear Claimed Marks 0.218ms
[2026-06-17T23:29:36.192+0000][7292.974s][info][gc,marking    ] GC(228) Concurrent Scan Root Regions
[2026-06-17T23:29:36.193+0000][7292.975s][info][gc,marking    ] GC(228) Concurrent Scan Root Regions 1.126ms
[2026-06-17T23:29:36.193+0000][7292.975s][info][gc,marking    ] GC(228) Concurrent Mark (7292.975s)
[2026-06-17T23:29:36.193+0000][7292.975s][info][gc,marking    ] GC(228) Concurrent Mark From Roots
[2026-06-17T23:29:36.193+0000][7292.975s][info][gc,task       ] GC(228) Using 3 workers of 3 for marking
[2026-06-17T23:29:36.199+0000][7292.981s][info][gc,marking    ] GC(228) Concurrent Mark From Roots 5.586ms
[2026-06-17T23:29:36.199+0000][7292.981s][info][gc,marking    ] GC(228) Concurrent Preclean
[2026-06-17T23:29:36.199+0000][7292.981s][info][gc,marking    ] GC(228) Concurrent Preclean 0.147ms
[2026-06-17T23:29:36.199+0000][7292.981s][info][gc,marking    ] GC(228) Concurrent Mark (7292.975s, 7292.981s) 5.987ms
[2026-06-17T23:29:36.199+0000][7292.981s][info][gc,start      ] GC(228) Pause Remark
[2026-06-17T23:29:36.201+0000][7292.983s][info][gc,stringtable] GC(228) Cleaned string and symbol table, strings: 17257 processed, 0 removed, symbols: 125114 processed, 0 removed
[2026-06-17T23:29:36.202+0000][7292.984s][info][gc            ] GC(228) Pause Remark 203M->203M(512M) 2.460ms
[2026-06-17T23:29:36.202+0000][7292.984s][info][gc,cpu        ] GC(228) User=0.02s Sys=0.00s Real=0.01s
[2026-06-17T23:29:36.202+0000][7292.984s][info][gc,marking    ] GC(228) Concurrent Rebuild Remembered Sets
[2026-06-17T23:29:36.206+0000][7292.988s][info][gc,marking    ] GC(228) Concurrent Rebuild Remembered Sets 4.350ms
[2026-06-17T23:29:36.206+0000][7292.988s][info][gc,start      ] GC(228) Pause Cleanup
[2026-06-17T23:29:36.206+0000][7292.989s][info][gc            ] GC(228) Pause Cleanup 205M->205M(512M) 0.177ms
[2026-06-17T23:29:36.207+0000][7292.989s][info][gc,cpu        ] GC(228) User=0.00s Sys=0.00s Real=0.00s
[2026-06-17T23:29:36.207+0000][7292.989s][info][gc,marking    ] GC(228) Concurrent Cleanup for Next Mark
[2026-06-17T23:29:36.207+0000][7292.989s][info][gc,marking    ] GC(228) Concurrent Cleanup for Next Mark 0.141ms
[2026-06-17T23:29:36.207+0000][7292.989s][info][gc            ] GC(228) Concurrent Cycle 15.591ms
[2026-06-17T23:30:24.573+0000][7341.356s][info][gc,start      ] GC(229) Pause Young (Prepare Mixed) (G1 Evacuation Pause)
[2026-06-17T23:30:24.574+0000][7341.356s][info][gc,task       ] GC(229) Using 13 workers of 13 for evacuation
[2026-06-17T23:30:24.577+0000][7341.360s][info][gc,phases     ] GC(229)   Pre Evacuate Collection Set: 0.0ms
[2026-06-17T23:30:24.578+0000][7341.360s][info][gc,phases     ] GC(229)   Evacuate Collection Set: 3.4ms
[2026-06-17T23:30:24.578+0000][7341.360s][info][gc,phases     ] GC(229)   Post Evacuate Collection Set: 0.3ms
[2026-06-17T23:30:24.578+0000][7341.360s][info][gc,phases     ] GC(229)   Other: 0.4ms
[2026-06-17T23:30:24.578+0000][7341.360s][info][gc,heap       ] GC(229) Eden regions: 245->0(22)
[2026-06-17T23:30:24.578+0000][7341.360s][info][gc,heap       ] GC(229) Survivor regions: 6->3(32)
[2026-06-17T23:30:24.578+0000][7341.360s][info][gc,heap       ] GC(229) Old regions: 48->48
[2026-06-17T23:30:24.578+0000][7341.360s][info][gc,heap       ] GC(229) Humongous regions: 147->147
[2026-06-17T23:30:24.578+0000][7341.361s][info][gc,metaspace  ] GC(229) Metaspace: 52313K(55040K)->52313K(55040K) NonClass: 46373K(47872K)->46373K(47872K) Class: 5939K(7168K)->5939K(7168K)
[2026-06-17T23:30:24.578+0000][7341.361s][info][gc            ] GC(229) Pause Young (Prepare Mixed) (G1 Evacuation Pause) 445M->197M(512M) 4.617ms
[2026-06-17T23:30:24.578+0000][7341.361s][info][gc,cpu        ] GC(229) User=0.02s Sys=0.00s Real=0.00s
[2026-06-17T23:30:24.742+0000][7341.524s][info][gc,start      ] GC(230) Pause Young (Mixed) (G1 Evacuation Pause)
[2026-06-17T23:30:24.742+0000][7341.524s][info][gc,task       ] GC(230) Using 13 workers of 13 for evacuation
[2026-06-17T23:30:24.744+0000][7341.527s][info][gc,phases     ] GC(230)   Pre Evacuate Collection Set: 0.0ms
[2026-06-17T23:30:24.744+0000][7341.527s][info][gc,phases     ] GC(230)   Evacuate Collection Set: 1.8ms
[2026-06-17T23:30:24.744+0000][7341.527s][info][gc,phases     ] GC(230)   Post Evacuate Collection Set: 0.4ms
[2026-06-17T23:30:24.744+0000][7341.527s][info][gc,phases     ] GC(230)   Other: 0.4ms
[2026-06-17T23:30:24.744+0000][7341.527s][info][gc,heap       ] GC(230) Eden regions: 22->0(250)
[2026-06-17T23:30:24.744+0000][7341.527s][info][gc,heap       ] GC(230) Survivor regions: 3->4(4)
[2026-06-17T23:30:24.744+0000][7341.527s][info][gc,heap       ] GC(230) Old regions: 48->45
[2026-06-17T23:30:24.744+0000][7341.527s][info][gc,heap       ] GC(230) Humongous regions: 147->147
[2026-06-17T23:30:24.745+0000][7341.527s][info][gc,metaspace  ] GC(230) Metaspace: 52313K(55040K)->52313K(55040K) NonClass: 46373K(47872K)->46373K(47872K) Class: 5939K(7168K)->5939K(7168K)
[2026-06-17T23:30:24.745+0000][7341.527s][info][gc            ] GC(230) Pause Young (Mixed) (G1 Evacuation Pause) 219M->195M(512M) 2.954ms
[2026-06-17T23:30:24.745+0000][7341.527s][info][gc,cpu        ] GC(230) User=0.02s Sys=0.00s Real=0.00s
[2026-06-17T23:30:26.479+0000][7343.261s][info][gc,start      ] GC(231) Pause Young (Normal) (G1 Evacuation Pause)
[2026-06-17T23:30:26.480+0000][7343.261s][info][gc,task       ] GC(231) Using 13 workers of 13 for evacuation
[2026-06-17T23:30:26.482+0000][7343.264s][info][gc,phases     ] GC(231)   Pre Evacuate Collection Set: 0.0ms
[2026-06-17T23:30:26.482+0000][7343.264s][info][gc,phases     ] GC(231)   Evacuate Collection Set: 2.0ms
[2026-06-17T23:30:26.482+0000][7343.264s][info][gc,phases     ] GC(231)   Post Evacuate Collection Set: 0.3ms
[2026-06-17T23:30:26.482+0000][7343.264s][info][gc,phases     ] GC(231)   Other: 0.3ms
[2026-06-17T23:30:26.482+0000][7343.264s][info][gc,heap       ] GC(231) Eden regions: 250->0(246)
[2026-06-17T23:30:26.482+0000][7343.264s][info][gc,heap       ] GC(231) Survivor regions: 4->8(32)
[2026-06-17T23:30:26.482+0000][7343.264s][info][gc,heap       ] GC(231) Old regions: 45->45
[2026-06-17T23:30:26.482+0000][7343.264s][info][gc,heap       ] GC(231) Humongous regions: 147->147
[2026-06-17T23:30:26.482+0000][7343.264s][info][gc,metaspace  ] GC(231) Metaspace: 52313K(55040K)->52313K(55040K) NonClass: 46373K(47872K)->46373K(47872K) Class: 5939K(7168K)->5939K(7168K)
[2026-06-17T23:30:26.483+0000][7343.264s][info][gc            ] GC(231) Pause Young (Normal) (G1 Evacuation Pause) 445M->199M(512M) 3.116ms
[2026-06-17T23:30:26.483+0000][7343.264s][info][gc,cpu        ] GC(231) User=0.03s Sys=0.00s Real=0.01s
[2026-06-17T23:30:27.854+0000][7344.636s][info][gc,start      ] GC(232) Pause Young (Normal) (G1 Evacuation Pause)
[2026-06-17T23:30:27.855+0000][7344.636s][info][gc,task       ] GC(232) Using 13 workers of 13 for evacuation
[2026-06-17T23:30:27.856+0000][7344.638s][info][gc,phases     ] GC(232)   Pre Evacuate Collection Set: 0.0ms
[2026-06-17T23:30:27.856+0000][7344.638s][info][gc,phases     ] GC(232)   Evacuate Collection Set: 1.3ms
[2026-06-17T23:30:27.856+0000][7344.638s][info][gc,phases     ] GC(232)   Post Evacuate Collection Set: 0.3ms
[2026-06-17T23:30:27.856+0000][7344.638s][info][gc,phases     ] GC(232)   Other: 0.3ms
[2026-06-17T23:30:27.856+0000][7344.638s][info][gc,heap       ] GC(232) Eden regions: 246->0(248)
[2026-06-17T23:30:27.856+0000][7344.638s][info][gc,heap       ] GC(232) Survivor regions: 8->6(32)
[2026-06-17T23:30:27.856+0000][7344.638s][info][gc,heap       ] GC(232) Old regions: 45->45
[2026-06-17T23:30:27.856+0000][7344.638s][info][gc,heap       ] GC(232) Humongous regions: 147->147
[2026-06-17T23:30:27.856+0000][7344.638s][info][gc,metaspace  ] GC(232) Metaspace: 52313K(55040K)->52313K(55040K) NonClass: 46373K(47872K)->46373K(47872K) Class: 5939K(7168K)->5939K(7168K)
[2026-06-17T23:30:27.856+0000][7344.638s][info][gc            ] GC(232) Pause Young (Normal) (G1 Evacuation Pause) 445M->197M(512M) 2.048ms
[2026-06-17T23:30:27.857+0000][7344.638s][info][gc,cpu        ] GC(232) User=0.02s Sys=0.00s Real=0.00s
[2026-06-17T23:30:44.812+0000][7361.594s][info][gc,start      ] GC(233) Pause Young (Concurrent Start) (G1 Evacuation Pause)
[2026-06-17T23:30:44.813+0000][7361.594s][info][gc,task       ] GC(233) Using 13 workers of 13 for evacuation
[2026-06-17T23:30:44.823+0000][7361.605s][info][gc,phases     ] GC(233)   Pre Evacuate Collection Set: 0.7ms
[2026-06-17T23:30:44.824+0000][7361.605s][info][gc,phases     ] GC(233)   Evacuate Collection Set: 9.5ms
[2026-06-17T23:30:44.824+0000][7361.605s][info][gc,phases     ] GC(233)   Post Evacuate Collection Set: 0.4ms
[2026-06-17T23:30:44.824+0000][7361.605s][info][gc,phases     ] GC(233)   Other: 0.6ms
[2026-06-17T23:30:44.824+0000][7361.605s][info][gc,heap       ] GC(233) Eden regions: 248->0(251)
[2026-06-17T23:30:44.824+0000][7361.605s][info][gc,heap       ] GC(233) Survivor regions: 6->4(32)
[2026-06-17T23:30:44.824+0000][7361.605s][info][gc,heap       ] GC(233) Old regions: 45->45
[2026-06-17T23:30:44.824+0000][7361.606s][info][gc,heap       ] GC(233) Humongous regions: 147->147
[2026-06-17T23:30:44.824+0000][7361.606s][info][gc,metaspace  ] GC(233) Metaspace: 52314K(55040K)->52314K(55040K) NonClass: 46374K(47872K)->46374K(47872K) Class: 5939K(7168K)->5939K(7168K)
[2026-06-17T23:30:44.824+0000][7361.606s][info][gc            ] GC(233) Pause Young (Concurrent Start) (G1 Evacuation Pause) 445M->195M(512M) 11.672ms
[2026-06-17T23:30:44.824+0000][7361.606s][info][gc,cpu        ] GC(233) User=0.04s Sys=0.00s Real=0.01s
[2026-06-17T23:30:44.824+0000][7361.606s][info][gc            ] GC(234) Concurrent Cycle
[2026-06-17T23:30:44.824+0000][7361.606s][info][gc,marking    ] GC(234) Concurrent Clear Claimed Marks
[2026-06-17T23:30:44.824+0000][7361.606s][info][gc,marking    ] GC(234) Concurrent Clear Claimed Marks 0.113ms
[2026-06-17T23:30:44.824+0000][7361.606s][info][gc,marking    ] GC(234) Concurrent Scan Root Regions
[2026-06-17T23:30:44.825+0000][7361.607s][info][gc,marking    ] GC(234) Concurrent Scan Root Regions 1.013ms
[2026-06-17T23:30:44.825+0000][7361.607s][info][gc,marking    ] GC(234) Concurrent Mark (7361.607s)
[2026-06-17T23:30:44.826+0000][7361.607s][info][gc,marking    ] GC(234) Concurrent Mark From Roots
[2026-06-17T23:30:44.826+0000][7361.607s][info][gc,task       ] GC(234) Using 3 workers of 3 for marking
[2026-06-17T23:30:44.830+0000][7361.612s][info][gc,marking    ] GC(234) Concurrent Mark From Roots 4.901ms
[2026-06-17T23:30:44.831+0000][7361.612s][info][gc,marking    ] GC(234) Concurrent Preclean
[2026-06-17T23:30:44.831+0000][7361.612s][info][gc,marking    ] GC(234) Concurrent Preclean 0.158ms
[2026-06-17T23:30:44.831+0000][7361.612s][info][gc,marking    ] GC(234) Concurrent Mark (7361.607s, 7361.612s) 5.301ms
[2026-06-17T23:30:44.831+0000][7361.613s][info][gc,start      ] GC(234) Pause Remark
[2026-06-17T23:30:44.836+0000][7361.617s][info][gc,stringtable] GC(234) Cleaned string and symbol table, strings: 17264 processed, 1 removed, symbols: 125114 processed, 0 removed
[2026-06-17T23:30:44.836+0000][7361.618s][info][gc            ] GC(234) Pause Remark 195M->195M(512M) 4.950ms
[2026-06-17T23:30:44.836+0000][7361.618s][info][gc,cpu        ] GC(234) User=0.06s Sys=0.00s Real=0.01s
[2026-06-17T23:30:44.836+0000][7361.618s][info][gc,marking    ] GC(234) Concurrent Rebuild Remembered Sets
[2026-06-17T23:30:44.840+0000][7361.622s][info][gc,marking    ] GC(234) Concurrent Rebuild Remembered Sets 4.167ms
[2026-06-17T23:30:44.840+0000][7361.622s][info][gc,start      ] GC(234) Pause Cleanup
[2026-06-17T23:30:44.841+0000][7361.622s][info][gc            ] GC(234) Pause Cleanup 195M->195M(512M) 0.196ms
[2026-06-17T23:30:44.841+0000][7361.622s][info][gc,cpu        ] GC(234) User=0.00s Sys=0.00s Real=0.00s
[2026-06-17T23:30:44.841+0000][7361.622s][info][gc,marking    ] GC(234) Concurrent Cleanup for Next Mark
[2026-06-17T23:30:44.841+0000][7361.623s][info][gc,marking    ] GC(234) Concurrent Cleanup for Next Mark 0.131ms
[2026-06-17T23:30:44.841+0000][7361.623s][info][gc            ] GC(234) Concurrent Cycle 16.866ms
[2026-06-17T23:31:17.887+0000][7394.669s][info][gc,start      ] GC(235) Pause Young (Prepare Mixed) (G1 Evacuation Pause)
[2026-06-17T23:31:17.887+0000][7394.669s][info][gc,task       ] GC(235) Using 13 workers of 13 for evacuation
[2026-06-17T23:31:17.890+0000][7394.671s][info][gc,phases     ] GC(235)   Pre Evacuate Collection Set: 0.0ms
[2026-06-17T23:31:17.890+0000][7394.672s][info][gc,phases     ] GC(235)   Evacuate Collection Set: 1.9ms
[2026-06-17T23:31:17.890+0000][7394.672s][info][gc,phases     ] GC(235)   Post Evacuate Collection Set: 0.4ms
[2026-06-17T23:31:17.890+0000][7394.672s][info][gc,phases     ] GC(235)   Other: 0.4ms
[2026-06-17T23:31:17.890+0000][7394.672s][info][gc,heap       ] GC(235) Eden regions: 251->0(17)
[2026-06-17T23:31:17.890+0000][7394.672s][info][gc,heap       ] GC(235) Survivor regions: 4->8(32)
[2026-06-17T23:31:17.890+0000][7394.672s][info][gc,heap       ] GC(235) Old regions: 45->45
[2026-06-17T23:31:17.890+0000][7394.672s][info][gc,heap       ] GC(235) Humongous regions: 147->147
[2026-06-17T23:31:17.890+0000][7394.672s][info][gc,metaspace  ] GC(235) Metaspace: 52314K(55040K)->52314K(55040K) NonClass: 46374K(47872K)->46374K(47872K) Class: 5939K(7168K)->5939K(7168K)
[2026-06-17T23:31:17.890+0000][7394.672s][info][gc            ] GC(235) Pause Young (Prepare Mixed) (G1 Evacuation Pause) 446M->199M(512M) 3.119ms
[2026-06-17T23:31:17.890+0000][7394.672s][info][gc,cpu        ] GC(235) User=0.02s Sys=0.00s Real=0.00s
[2026-06-17T23:31:18.005+0000][7394.787s][info][gc,start      ] GC(236) Pause Young (Mixed) (G1 Evacuation Pause)
[2026-06-17T23:31:18.005+0000][7394.787s][info][gc,task       ] GC(236) Using 13 workers of 13 for evacuation
[2026-06-17T23:31:18.009+0000][7394.791s][info][gc,phases     ] GC(236)   Pre Evacuate Collection Set: 0.0ms
[2026-06-17T23:31:18.009+0000][7394.791s][info][gc,phases     ] GC(236)   Evacuate Collection Set: 3.7ms
[2026-06-17T23:31:18.010+0000][7394.791s][info][gc,phases     ] GC(236)   Post Evacuate Collection Set: 0.3ms
[2026-06-17T23:31:18.010+0000][7394.791s][info][gc,phases     ] GC(236)   Other: 0.3ms
[2026-06-17T23:31:18.010+0000][7394.791s][info][gc,heap       ] GC(236) Eden regions: 17->0(247)
[2026-06-17T23:31:18.010+0000][7394.791s][info][gc,heap       ] GC(236) Survivor regions: 8->2(4)
[2026-06-17T23:31:18.010+0000][7394.791s][info][gc,heap       ] GC(236) Old regions: 45->52
[2026-06-17T23:31:18.010+0000][7394.791s][info][gc,heap       ] GC(236) Humongous regions: 147->147
[2026-06-17T23:31:18.010+0000][7394.792s][info][gc,metaspace  ] GC(236) Metaspace: 52314K(55040K)->52314K(55040K) NonClass: 46374K(47872K)->46374K(47872K) Class: 5939K(7168K)->5939K(7168K)
[2026-06-17T23:31:18.010+0000][7394.792s][info][gc            ] GC(236) Pause Young (Mixed) (G1 Evacuation Pause) 216M->200M(512M) 4.799ms
[2026-06-17T23:31:18.010+0000][7394.792s][info][gc,cpu        ] GC(236) User=0.03s Sys=0.00s Real=0.00s
[2026-06-17T23:31:19.491+0000][7396.273s][info][gc,start      ] GC(237) Pause Young (Normal) (G1 Evacuation Pause)
[2026-06-17T23:31:19.491+0000][7396.273s][info][gc,task       ] GC(237) Using 13 workers of 13 for evacuation
[2026-06-17T23:31:19.493+0000][7396.275s][info][gc,phases     ] GC(237)   Pre Evacuate Collection Set: 0.0ms
[2026-06-17T23:31:19.493+0000][7396.275s][info][gc,phases     ] GC(237)   Evacuate Collection Set: 1.5ms
[2026-06-17T23:31:19.493+0000][7396.275s][info][gc,phases     ] GC(237)   Post Evacuate Collection Set: 0.3ms
[2026-06-17T23:31:19.493+0000][7396.275s][info][gc,phases     ] GC(237)   Other: 0.3ms
[2026-06-17T23:31:19.493+0000][7396.275s][info][gc,heap       ] GC(237) Eden regions: 247->0(247)
[2026-06-17T23:31:19.493+0000][7396.275s][info][gc,heap       ] GC(237) Survivor regions: 2->3(32)
[2026-06-17T23:31:19.493+0000][7396.275s][info][gc,heap       ] GC(237) Old regions: 52->52
[2026-06-17T23:31:19.493+0000][7396.275s][info][gc,heap       ] GC(237) Humongous regions: 147->147
[2026-06-17T23:31:19.494+0000][7396.275s][info][gc,metaspace  ] GC(237) Metaspace: 52314K(55040K)->52314K(55040K) NonClass: 46374K(47872K)->46374K(47872K) Class: 5939K(7168K)->5939K(7168K)
[2026-06-17T23:31:19.494+0000][7396.275s][info][gc            ] GC(237) Pause Young (Normal) (G1 Evacuation Pause) 447M->200M(512M) 2.708ms
[2026-06-17T23:31:19.494+0000][7396.275s][info][gc,cpu        ] GC(237) User=0.02s Sys=0.00s Real=0.01s
[2026-06-17T23:31:20.827+0000][7397.609s][info][gc,start      ] GC(238) Pause Young (Normal) (G1 Evacuation Pause)
[2026-06-17T23:31:20.827+0000][7397.609s][info][gc,task       ] GC(238) Using 13 workers of 13 for evacuation
[2026-06-17T23:31:20.832+0000][7397.614s][info][gc,phases     ] GC(238)   Pre Evacuate Collection Set: 0.0ms
[2026-06-17T23:31:20.832+0000][7397.614s][info][gc,phases     ] GC(238)   Evacuate Collection Set: 4.0ms
[2026-06-17T23:31:20.832+0000][7397.614s][info][gc,phases     ] GC(238)   Post Evacuate Collection Set: 0.4ms
[2026-06-17T23:31:20.832+0000][7397.614s][info][gc,phases     ] GC(238)   Other: 0.3ms
[2026-06-17T23:31:20.832+0000][7397.614s][info][gc,heap       ] GC(238) Eden regions: 247->0(240)
[2026-06-17T23:31:20.832+0000][7397.614s][info][gc,heap       ] GC(238) Survivor regions: 3->8(32)
[2026-06-17T23:31:20.832+0000][7397.614s][info][gc,heap       ] GC(238) Old regions: 52->52
[2026-06-17T23:31:20.832+0000][7397.614s][info][gc,heap       ] GC(238) Humongous regions: 147->147
[2026-06-17T23:31:20.832+0000][7397.614s][info][gc,metaspace  ] GC(238) Metaspace: 52314K(55040K)->52314K(55040K) NonClass: 46374K(47872K)->46374K(47872K) Class: 5939K(7168K)->5939K(7168K)
[2026-06-17T23:31:20.832+0000][7397.614s][info][gc            ] GC(238) Pause Young (Normal) (G1 Evacuation Pause) 447M->205M(512M) 5.088ms
[2026-06-17T23:31:20.832+0000][7397.614s][info][gc,cpu        ] GC(238) User=0.05s Sys=0.00s Real=0.01s
[2026-06-17T23:32:09.376+0000][7446.159s][info][gc,start      ] GC(239) Pause Young (Concurrent Start) (G1 Evacuation Pause)
[2026-06-17T23:32:09.376+0000][7446.159s][info][gc,task       ] GC(239) Using 13 workers of 13 for evacuation
[2026-06-17T23:32:09.379+0000][7446.161s][info][gc,phases     ] GC(239)   Pre Evacuate Collection Set: 0.3ms
[2026-06-17T23:32:09.379+0000][7446.161s][info][gc,phases     ] GC(239)   Evacuate Collection Set: 1.7ms
[2026-06-17T23:32:09.379+0000][7446.161s][info][gc,phases     ] GC(239)   Post Evacuate Collection Set: 0.3ms
[2026-06-17T23:32:09.379+0000][7446.161s][info][gc,phases     ] GC(239)   Other: 0.3ms
[2026-06-17T23:32:09.379+0000][7446.161s][info][gc,heap       ] GC(239) Eden regions: 240->0(243)
[2026-06-17T23:32:09.379+0000][7446.161s][info][gc,heap       ] GC(239) Survivor regions: 8->6(31)
[2026-06-17T23:32:09.379+0000][7446.161s][info][gc,heap       ] GC(239) Old regions: 52->52
[2026-06-17T23:32:09.379+0000][7446.162s][info][gc,heap       ] GC(239) Humongous regions: 147->147
[2026-06-17T23:32:09.379+0000][7446.162s][info][gc,metaspace  ] GC(239) Metaspace: 52317K(55040K)->52317K(55040K) NonClass: 46377K(47872K)->46377K(47872K) Class: 5939K(7168K)->5939K(7168K)
[2026-06-17T23:32:09.379+0000][7446.162s][info][gc            ] GC(239) Pause Young (Concurrent Start) (G1 Evacuation Pause) 445M->203M(512M) 3.083ms
[2026-06-17T23:32:09.379+0000][7446.162s][info][gc,cpu        ] GC(239) User=0.02s Sys=0.00s Real=0.00s
[2026-06-17T23:32:09.379+0000][7446.162s][info][gc            ] GC(240) Concurrent Cycle
[2026-06-17T23:32:09.379+0000][7446.162s][info][gc,marking    ] GC(240) Concurrent Clear Claimed Marks
[2026-06-17T23:32:09.380+0000][7446.162s][info][gc,marking    ] GC(240) Concurrent Clear Claimed Marks 0.186ms
[2026-06-17T23:32:09.380+0000][7446.162s][info][gc,marking    ] GC(240) Concurrent Scan Root Regions
[2026-06-17T23:32:09.381+0000][7446.163s][info][gc,marking    ] GC(240) Concurrent Scan Root Regions 1.107ms
[2026-06-17T23:32:09.381+0000][7446.163s][info][gc,marking    ] GC(240) Concurrent Mark (7446.163s)
[2026-06-17T23:32:09.381+0000][7446.163s][info][gc,marking    ] GC(240) Concurrent Mark From Roots
[2026-06-17T23:32:09.381+0000][7446.163s][info][gc,task       ] GC(240) Using 3 workers of 3 for marking
[2026-06-17T23:32:09.386+0000][7446.169s][info][gc,marking    ] GC(240) Concurrent Mark From Roots 5.281ms
[2026-06-17T23:32:09.386+0000][7446.169s][info][gc,marking    ] GC(240) Concurrent Preclean
[2026-06-17T23:32:09.387+0000][7446.169s][info][gc,marking    ] GC(240) Concurrent Preclean 0.158ms
[2026-06-17T23:32:09.387+0000][7446.169s][info][gc,marking    ] GC(240) Concurrent Mark (7446.163s, 7446.169s) 5.716ms
[2026-06-17T23:32:09.387+0000][7446.169s][info][gc,start      ] GC(240) Pause Remark
[2026-06-17T23:32:09.389+0000][7446.172s][info][gc,stringtable] GC(240) Cleaned string and symbol table, strings: 17263 processed, 0 removed, symbols: 125114 processed, 0 removed
[2026-06-17T23:32:09.389+0000][7446.172s][info][gc            ] GC(240) Pause Remark 206M->206M(512M) 2.697ms
[2026-06-17T23:32:09.390+0000][7446.172s][info][gc,cpu        ] GC(240) User=0.03s Sys=0.00s Real=0.00s
[2026-06-17T23:32:09.390+0000][7446.172s][info][gc,marking    ] GC(240) Concurrent Rebuild Remembered Sets
[2026-06-17T23:32:09.394+0000][7446.176s][info][gc,marking    ] GC(240) Concurrent Rebuild Remembered Sets 4.268ms
[2026-06-17T23:32:09.394+0000][7446.176s][info][gc,start      ] GC(240) Pause Cleanup
[2026-06-17T23:32:09.394+0000][7446.177s][info][gc            ] GC(240) Pause Cleanup 207M->207M(512M) 0.152ms
[2026-06-17T23:32:09.394+0000][7446.177s][info][gc,cpu        ] GC(240) User=0.00s Sys=0.00s Real=0.00s
[2026-06-17T23:32:09.394+0000][7446.177s][info][gc,marking    ] GC(240) Concurrent Cleanup for Next Mark
[2026-06-17T23:32:09.395+0000][7446.177s][info][gc,marking    ] GC(240) Concurrent Cleanup for Next Mark 0.141ms
[2026-06-17T23:32:09.395+0000][7446.177s][info][gc            ] GC(240) Concurrent Cycle 15.237ms
[2026-06-17T23:32:10.860+0000][7447.643s][info][gc,start      ] GC(241) Pause Young (Prepare Mixed) (G1 Evacuation Pause)
[2026-06-17T23:32:10.860+0000][7447.643s][info][gc,task       ] GC(241) Using 13 workers of 13 for evacuation
[2026-06-17T23:32:10.867+0000][7447.649s][info][gc,phases     ] GC(241)   Pre Evacuate Collection Set: 0.0ms
[2026-06-17T23:32:10.867+0000][7447.650s][info][gc,phases     ] GC(241)   Evacuate Collection Set: 6.0ms
[2026-06-17T23:32:10.867+0000][7447.650s][info][gc,phases     ] GC(241)   Post Evacuate Collection Set: 0.4ms
[2026-06-17T23:32:10.867+0000][7447.650s][info][gc,phases     ] GC(241)   Other: 0.3ms
[2026-06-17T23:32:10.867+0000][7447.650s][info][gc,heap       ] GC(241) Eden regions: 243->0(16)
[2026-06-17T23:32:10.867+0000][7447.650s][info][gc,heap       ] GC(241) Survivor regions: 6->9(32)
[2026-06-17T23:32:10.867+0000][7447.650s][info][gc,heap       ] GC(241) Old regions: 52->52
[2026-06-17T23:32:10.868+0000][7447.650s][info][gc,heap       ] GC(241) Humongous regions: 147->147
[2026-06-17T23:32:10.868+0000][7447.650s][info][gc,metaspace  ] GC(241) Metaspace: 52317K(55040K)->52317K(55040K) NonClass: 46377K(47872K)->46377K(47872K) Class: 5939K(7168K)->5939K(7168K)
[2026-06-17T23:32:10.868+0000][7447.650s][info][gc            ] GC(241) Pause Young (Prepare Mixed) (G1 Evacuation Pause) 446M->206M(512M) 7.479ms
[2026-06-17T23:32:10.868+0000][7447.650s][info][gc,cpu        ] GC(241) User=0.06s Sys=0.00s Real=0.01s
[2026-06-17T23:32:10.965+0000][7447.747s][info][gc,start      ] GC(242) Pause Young (Mixed) (G1 Evacuation Pause)
[2026-06-17T23:32:10.965+0000][7447.747s][info][gc,task       ] GC(242) Using 13 workers of 13 for evacuation
[2026-06-17T23:32:10.970+0000][7447.752s][info][gc,phases     ] GC(242)   Pre Evacuate Collection Set: 0.0ms
[2026-06-17T23:32:10.970+0000][7447.752s][info][gc,phases     ] GC(242)   Evacuate Collection Set: 4.2ms
[2026-06-17T23:32:10.970+0000][7447.752s][info][gc,phases     ] GC(242)   Post Evacuate Collection Set: 0.3ms
[2026-06-17T23:32:10.970+0000][7447.752s][info][gc,phases     ] GC(242)   Other: 0.3ms
[2026-06-17T23:32:10.970+0000][7447.752s][info][gc,heap       ] GC(242) Eden regions: 16->0(244)
[2026-06-17T23:32:10.970+0000][7447.752s][info][gc,heap       ] GC(242) Survivor regions: 9->2(4)
[2026-06-17T23:32:10.970+0000][7447.752s][info][gc,heap       ] GC(242) Old regions: 52->53
[2026-06-17T23:32:10.970+0000][7447.752s][info][gc,heap       ] GC(242) Humongous regions: 147->147
[2026-06-17T23:32:10.970+0000][7447.752s][info][gc,metaspace  ] GC(242) Metaspace: 52317K(55040K)->52317K(55040K) NonClass: 46377K(47872K)->46377K(47872K) Class: 5939K(7168K)->5939K(7168K)
[2026-06-17T23:32:10.970+0000][7447.752s][info][gc            ] GC(242) Pause Young (Mixed) (G1 Evacuation Pause) 222M->200M(512M) 5.171ms
[2026-06-17T23:32:10.970+0000][7447.752s][info][gc,cpu        ] GC(242) User=0.03s Sys=0.00s Real=0.00s
[2026-06-17T23:32:12.292+0000][7449.075s][info][gc,start      ] GC(243) Pause Young (Normal) (G1 Evacuation Pause)
[2026-06-17T23:32:12.292+0000][7449.075s][info][gc,task       ] GC(243) Using 13 workers of 13 for evacuation
[2026-06-17T23:32:12.294+0000][7449.077s][info][gc,phases     ] GC(243)   Pre Evacuate Collection Set: 0.0ms
[2026-06-17T23:32:12.294+0000][7449.077s][info][gc,phases     ] GC(243)   Evacuate Collection Set: 1.4ms
[2026-06-17T23:32:12.294+0000][7449.077s][info][gc,phases     ] GC(243)   Post Evacuate Collection Set: 0.3ms
[2026-06-17T23:32:12.294+0000][7449.077s][info][gc,phases     ] GC(243)   Other: 0.2ms
[2026-06-17T23:32:12.294+0000][7449.077s][info][gc,heap       ] GC(243) Eden regions: 244->0(243)
[2026-06-17T23:32:12.294+0000][7449.077s][info][gc,heap       ] GC(243) Survivor regions: 2->4(31)
[2026-06-17T23:32:12.294+0000][7449.077s][info][gc,heap       ] GC(243) Old regions: 53->53
[2026-06-17T23:32:12.294+0000][7449.077s][info][gc,heap       ] GC(243) Humongous regions: 147->147
[2026-06-17T23:32:12.294+0000][7449.077s][info][gc,metaspace  ] GC(243) Metaspace: 52317K(55040K)->52317K(55040K) NonClass: 46377K(47872K)->46377K(47872K) Class: 5939K(7168K)->5939K(7168K)
[2026-06-17T23:32:12.294+0000][7449.077s][info][gc            ] GC(243) Pause Young (Normal) (G1 Evacuation Pause) 444M->202M(512M) 2.228ms
[2026-06-17T23:32:12.294+0000][7449.077s][info][gc,cpu        ] GC(243) User=0.01s Sys=0.00s Real=0.00s
[2026-06-17T23:33:00.747+0000][7497.529s][info][gc,start      ] GC(244) Pause Young (Normal) (G1 Evacuation Pause)
[2026-06-17T23:33:00.747+0000][7497.530s][info][gc,task       ] GC(244) Using 13 workers of 13 for evacuation
[2026-06-17T23:33:00.748+0000][7497.531s][info][gc,phases     ] GC(244)   Pre Evacuate Collection Set: 0.0ms
[2026-06-17T23:33:00.748+0000][7497.531s][info][gc,phases     ] GC(244)   Evacuate Collection Set: 0.9ms
[2026-06-17T23:33:00.748+0000][7497.531s][info][gc,phases     ] GC(244)   Post Evacuate Collection Set: 0.5ms
[2026-06-17T23:33:00.748+0000][7497.531s][info][gc,phases     ] GC(244)   Other: 0.3ms
[2026-06-17T23:33:00.748+0000][7497.531s][info][gc,heap       ] GC(244) Eden regions: 243->0(247)
[2026-06-17T23:33:00.749+0000][7497.531s][info][gc,heap       ] GC(244) Survivor regions: 4->2(31)
[2026-06-17T23:33:00.749+0000][7497.531s][info][gc,heap       ] GC(244) Old regions: 53->53
[2026-06-17T23:33:00.749+0000][7497.531s][info][gc,heap       ] GC(244) Humongous regions: 147->147
[2026-06-17T23:33:00.749+0000][7497.532s][info][gc,metaspace  ] GC(244) Metaspace: 52319K(55040K)->52319K(55040K) NonClass: 46379K(47872K)->46379K(47872K) Class: 5939K(7168K)->5939K(7168K)
[2026-06-17T23:33:00.749+0000][7497.532s][info][gc            ] GC(244) Pause Young (Normal) (G1 Evacuation Pause) 445M->200M(512M) 2.251ms
[2026-06-17T23:33:00.749+0000][7497.532s][info][gc,cpu        ] GC(244) User=0.01s Sys=0.00s Real=0.00s
[2026-06-17T23:33:02.270+0000][7499.053s][info][gc,start      ] GC(245) Pause Young (Concurrent Start) (G1 Evacuation Pause)
[2026-06-17T23:33:02.270+0000][7499.053s][info][gc,task       ] GC(245) Using 13 workers of 13 for evacuation
[2026-06-17T23:33:02.274+0000][7499.057s][info][gc,phases     ] GC(245)   Pre Evacuate Collection Set: 0.3ms
[2026-06-17T23:33:02.274+0000][7499.057s][info][gc,phases     ] GC(245)   Evacuate Collection Set: 2.1ms
[2026-06-17T23:33:02.274+0000][7499.057s][info][gc,phases     ] GC(245)   Post Evacuate Collection Set: 0.3ms
[2026-06-17T23:33:02.274+0000][7499.057s][info][gc,phases     ] GC(245)   Other: 1.4ms
[2026-06-17T23:33:02.274+0000][7499.057s][info][gc,heap       ] GC(245) Eden regions: 247->0(243)
[2026-06-17T23:33:02.274+0000][7499.057s][info][gc,heap       ] GC(245) Survivor regions: 2->6(32)
[2026-06-17T23:33:02.274+0000][7499.057s][info][gc,heap       ] GC(245) Old regions: 53->53
[2026-06-17T23:33:02.274+0000][7499.057s][info][gc,heap       ] GC(245) Humongous regions: 147->147
[2026-06-17T23:33:02.275+0000][7499.057s][info][gc,metaspace  ] GC(245) Metaspace: 52319K(55040K)->52319K(55040K) NonClass: 46379K(47872K)->46379K(47872K) Class: 5939K(7168K)->5939K(7168K)
[2026-06-17T23:33:02.275+0000][7499.057s][info][gc            ] GC(245) Pause Young (Concurrent Start) (G1 Evacuation Pause) 447M->205M(512M) 4.831ms
[2026-06-17T23:33:02.275+0000][7499.058s][info][gc,cpu        ] GC(245) User=0.02s Sys=0.00s Real=0.01s
[2026-06-17T23:33:02.275+0000][7499.058s][info][gc            ] GC(246) Concurrent Cycle
[2026-06-17T23:33:02.275+0000][7499.058s][info][gc,marking    ] GC(246) Concurrent Clear Claimed Marks
[2026-06-17T23:33:02.275+0000][7499.058s][info][gc,marking    ] GC(246) Concurrent Clear Claimed Marks 0.192ms
[2026-06-17T23:33:02.275+0000][7499.058s][info][gc,marking    ] GC(246) Concurrent Scan Root Regions
[2026-06-17T23:33:02.276+0000][7499.059s][info][gc,marking    ] GC(246) Concurrent Scan Root Regions 1.257ms
[2026-06-17T23:33:02.276+0000][7499.059s][info][gc,marking    ] GC(246) Concurrent Mark (7499.059s)
[2026-06-17T23:33:02.277+0000][7499.059s][info][gc,marking    ] GC(246) Concurrent Mark From Roots
[2026-06-17T23:33:02.277+0000][7499.060s][info][gc,task       ] GC(246) Using 3 workers of 3 for marking
[2026-06-17T23:33:02.282+0000][7499.065s][info][gc,marking    ] GC(246) Concurrent Mark From Roots 5.811ms
[2026-06-17T23:33:02.283+0000][7499.065s][info][gc,marking    ] GC(246) Concurrent Preclean
[2026-06-17T23:33:02.283+0000][7499.066s][info][gc,marking    ] GC(246) Concurrent Preclean 0.180ms
[2026-06-17T23:33:02.283+0000][7499.066s][info][gc,marking    ] GC(246) Concurrent Mark (7499.059s, 7499.066s) 6.319ms
[2026-06-17T23:33:02.283+0000][7499.066s][info][gc,start      ] GC(246) Pause Remark
[2026-06-17T23:33:02.288+0000][7499.071s][info][gc,stringtable] GC(246) Cleaned string and symbol table, strings: 17267 processed, 0 removed, symbols: 125114 processed, 0 removed
[2026-06-17T23:33:02.288+0000][7499.071s][info][gc            ] GC(246) Pause Remark 209M->209M(512M) 4.969ms
[2026-06-17T23:33:02.288+0000][7499.071s][info][gc,cpu        ] GC(246) User=0.05s Sys=0.00s Real=0.00s
[2026-06-17T23:33:02.288+0000][7499.071s][info][gc,marking    ] GC(246) Concurrent Rebuild Remembered Sets
[2026-06-17T23:33:02.292+0000][7499.075s][info][gc,marking    ] GC(246) Concurrent Rebuild Remembered Sets 3.919ms
[2026-06-17T23:33:02.292+0000][7499.075s][info][gc,start      ] GC(246) Pause Cleanup
[2026-06-17T23:33:02.292+0000][7499.075s][info][gc            ] GC(246) Pause Cleanup 210M->210M(512M) 0.182ms
[2026-06-17T23:33:02.293+0000][7499.075s][info][gc,cpu        ] GC(246) User=0.00s Sys=0.00s Real=0.00s
[2026-06-17T23:33:02.293+0000][7499.076s][info][gc,marking    ] GC(246) Concurrent Cleanup for Next Mark
[2026-06-17T23:33:02.293+0000][7499.076s][info][gc,marking    ] GC(246) Concurrent Cleanup for Next Mark 0.157ms
[2026-06-17T23:33:02.293+0000][7499.076s][info][gc            ] GC(246) Concurrent Cycle 18.125ms
[2026-06-17T23:33:03.627+0000][7500.410s][info][gc,start      ] GC(247) Pause Young (Prepare Mixed) (G1 Evacuation Pause)
[2026-06-17T23:33:03.627+0000][7500.410s][info][gc,task       ] GC(247) Using 13 workers of 13 for evacuation
[2026-06-17T23:33:03.630+0000][7500.413s][info][gc,phases     ] GC(247)   Pre Evacuate Collection Set: 0.0ms
[2026-06-17T23:33:03.630+0000][7500.413s][info][gc,phases     ] GC(247)   Evacuate Collection Set: 2.2ms
[2026-06-17T23:33:03.630+0000][7500.413s][info][gc,phases     ] GC(247)   Post Evacuate Collection Set: 0.3ms
[2026-06-17T23:33:03.630+0000][7500.413s][info][gc,phases     ] GC(247)   Other: 0.3ms
[2026-06-17T23:33:03.630+0000][7500.413s][info][gc,heap       ] GC(247) Eden regions: 243->0(15)
[2026-06-17T23:33:03.630+0000][7500.413s][info][gc,heap       ] GC(247) Survivor regions: 6->10(32)
[2026-06-17T23:33:03.630+0000][7500.413s][info][gc,heap       ] GC(247) Old regions: 53->53
[2026-06-17T23:33:03.630+0000][7500.413s][info][gc,heap       ] GC(247) Humongous regions: 147->147
[2026-06-17T23:33:03.630+0000][7500.413s][info][gc,metaspace  ] GC(247) Metaspace: 52319K(55040K)->52319K(55040K) NonClass: 46379K(47872K)->46379K(47872K) Class: 5939K(7168K)->5939K(7168K)
[2026-06-17T23:33:03.630+0000][7500.413s][info][gc            ] GC(247) Pause Young (Prepare Mixed) (G1 Evacuation Pause) 448M->208M(512M) 3.398ms
[2026-06-17T23:33:03.630+0000][7500.413s][info][gc,cpu        ] GC(247) User=0.03s Sys=0.00s Real=0.00s
[2026-06-17T23:33:03.698+0000][7500.481s][info][gc,start      ] GC(248) Pause Young (Mixed) (G1 Evacuation Pause)
[2026-06-17T23:33:03.698+0000][7500.481s][info][gc,task       ] GC(248) Using 13 workers of 13 for evacuation
[2026-06-17T23:33:03.702+0000][7500.485s][info][gc,phases     ] GC(248)   Pre Evacuate Collection Set: 0.0ms
[2026-06-17T23:33:03.703+0000][7500.485s][info][gc,phases     ] GC(248)   Evacuate Collection Set: 3.5ms
[2026-06-17T23:33:03.703+0000][7500.485s][info][gc,phases     ] GC(248)   Post Evacuate Collection Set: 0.3ms
[2026-06-17T23:33:03.703+0000][7500.486s][info][gc,phases     ] GC(248)   Other: 0.3ms
[2026-06-17T23:33:03.703+0000][7500.486s][info][gc,heap       ] GC(248) Eden regions: 15->0(242)
[2026-06-17T23:33:03.703+0000][7500.486s][info][gc,heap       ] GC(248) Survivor regions: 10->2(4)
[2026-06-17T23:33:03.703+0000][7500.486s][info][gc,heap       ] GC(248) Old regions: 53->54
[2026-06-17T23:33:03.703+0000][7500.486s][info][gc,heap       ] GC(248) Humongous regions: 147->147
[2026-06-17T23:33:03.703+0000][7500.486s][info][gc,metaspace  ] GC(248) Metaspace: 52319K(55040K)->52319K(55040K) NonClass: 46379K(47872K)->46379K(47872K) Class: 5939K(7168K)->5939K(7168K)
[2026-06-17T23:33:03.703+0000][7500.486s][info][gc            ] GC(248) Pause Young (Mixed) (G1 Evacuation Pause) 223M->202M(512M) 4.713ms
[2026-06-17T23:33:03.703+0000][7500.486s][info][gc,cpu        ] GC(248) User=0.02s Sys=0.00s Real=0.01s
[2026-06-17T23:33:38.892+0000][7535.674s][info][gc,start      ] GC(249) Pause Young (Normal) (G1 Evacuation Pause)
[2026-06-17T23:33:38.892+0000][7535.674s][info][gc,task       ] GC(249) Using 13 workers of 13 for evacuation
[2026-06-17T23:33:38.899+0000][7535.681s][info][gc,phases     ] GC(249)   Pre Evacuate Collection Set: 0.0ms
[2026-06-17T23:33:38.899+0000][7535.681s][info][gc,phases     ] GC(249)   Evacuate Collection Set: 5.6ms
[2026-06-17T23:33:38.899+0000][7535.681s][info][gc,phases     ] GC(249)   Post Evacuate Collection Set: 0.3ms
[2026-06-17T23:33:38.899+0000][7535.681s][info][gc,phases     ] GC(249)   Other: 0.4ms
[2026-06-17T23:33:38.899+0000][7535.681s][info][gc,heap       ] GC(249) Eden regions: 242->0(240)
[2026-06-17T23:33:38.899+0000][7535.681s][info][gc,heap       ] GC(249) Survivor regions: 2->5(31)
[2026-06-17T23:33:38.899+0000][7535.681s][info][gc,heap       ] GC(249) Old regions: 54->54
[2026-06-17T23:33:38.899+0000][7535.681s][info][gc,heap       ] GC(249) Humongous regions: 147->147
[2026-06-17T23:33:38.899+0000][7535.681s][info][gc,metaspace  ] GC(249) Metaspace: 52321K(55040K)->52321K(55040K) NonClass: 46381K(47872K)->46381K(47872K) Class: 5939K(7168K)->5939K(7168K)
[2026-06-17T23:33:38.899+0000][7535.681s][info][gc            ] GC(249) Pause Young (Normal) (G1 Evacuation Pause) 444M->205M(512M) 6.609ms
[2026-06-17T23:33:38.899+0000][7535.681s][info][gc,cpu        ] GC(249) User=0.07s Sys=0.00s Real=0.00s
[2026-06-17T23:33:53.707+0000][7550.488s][info][gc,start      ] GC(250) Pause Young (Normal) (G1 Evacuation Pause)
[2026-06-17T23:33:53.707+0000][7550.489s][info][gc,task       ] GC(250) Using 13 workers of 13 for evacuation
[2026-06-17T23:33:53.709+0000][7550.491s][info][gc,phases     ] GC(250)   Pre Evacuate Collection Set: 0.0ms
[2026-06-17T23:33:53.709+0000][7550.491s][info][gc,phases     ] GC(250)   Evacuate Collection Set: 1.6ms
[2026-06-17T23:33:53.709+0000][7550.491s][info][gc,phases     ] GC(250)   Post Evacuate Collection Set: 0.3ms
[2026-06-17T23:33:53.709+0000][7550.491s][info][gc,phases     ] GC(250)   Other: 0.3ms
[2026-06-17T23:33:53.709+0000][7550.491s][info][gc,heap       ] GC(250) Eden regions: 240->0(233)
[2026-06-17T23:33:53.709+0000][7550.491s][info][gc,heap       ] GC(250) Survivor regions: 5->9(31)
[2026-06-17T23:33:53.709+0000][7550.491s][info][gc,heap       ] GC(250) Old regions: 54->54
[2026-06-17T23:33:53.709+0000][7550.491s][info][gc,heap       ] GC(250) Humongous regions: 147->147
[2026-06-17T23:33:53.709+0000][7550.491s][info][gc,metaspace  ] GC(250) Metaspace: 52321K(55040K)->52321K(55040K) NonClass: 46381K(47872K)->46381K(47872K) Class: 5939K(7168K)->5939K(7168K)
[2026-06-17T23:33:53.709+0000][7550.491s][info][gc            ] GC(250) Pause Young (Normal) (G1 Evacuation Pause) 445M->209M(512M) 2.653ms
[2026-06-17T23:33:53.709+0000][7550.491s][info][gc,cpu        ] GC(250) User=0.02s Sys=0.00s Real=0.00s
[2026-06-17T23:33:54.994+0000][7551.776s][info][gc,start      ] GC(251) Pause Young (Concurrent Start) (G1 Evacuation Pause)
[2026-06-17T23:33:54.994+0000][7551.776s][info][gc,task       ] GC(251) Using 13 workers of 13 for evacuation
[2026-06-17T23:33:54.999+0000][7551.781s][info][gc,phases     ] GC(251)   Pre Evacuate Collection Set: 0.3ms
[2026-06-17T23:33:55.000+0000][7551.782s][info][gc,phases     ] GC(251)   Evacuate Collection Set: 4.4ms
[2026-06-17T23:33:55.000+0000][7551.782s][info][gc,phases     ] GC(251)   Post Evacuate Collection Set: 0.3ms
[2026-06-17T23:33:55.000+0000][7551.782s][info][gc,phases     ] GC(251)   Other: 0.3ms
[2026-06-17T23:33:55.000+0000][7551.782s][info][gc,heap       ] GC(251) Eden regions: 233->0(239)
[2026-06-17T23:33:55.000+0000][7551.782s][info][gc,heap       ] GC(251) Survivor regions: 9->5(31)
[2026-06-17T23:33:55.000+0000][7551.782s][info][gc,heap       ] GC(251) Old regions: 54->54
[2026-06-17T23:33:55.000+0000][7551.782s][info][gc,heap       ] GC(251) Humongous regions: 147->147
[2026-06-17T23:33:55.000+0000][7551.782s][info][gc,metaspace  ] GC(251) Metaspace: 52321K(55040K)->52321K(55040K) NonClass: 46381K(47872K)->46381K(47872K) Class: 5939K(7168K)->5939K(7168K)
[2026-06-17T23:33:55.000+0000][7551.782s][info][gc            ] GC(251) Pause Young (Concurrent Start) (G1 Evacuation Pause) 442M->205M(512M) 5.708ms
[2026-06-17T23:33:55.000+0000][7551.782s][info][gc,cpu        ] GC(251) User=0.05s Sys=0.00s Real=0.00s
[2026-06-17T23:33:55.000+0000][7551.782s][info][gc            ] GC(252) Concurrent Cycle
[2026-06-17T23:33:55.000+0000][7551.782s][info][gc,marking    ] GC(252) Concurrent Clear Claimed Marks
[2026-06-17T23:33:55.000+0000][7551.782s][info][gc,marking    ] GC(252) Concurrent Clear Claimed Marks 0.165ms
[2026-06-17T23:33:55.000+0000][7551.782s][info][gc,marking    ] GC(252) Concurrent Scan Root Regions
[2026-06-17T23:33:55.001+0000][7551.783s][info][gc,marking    ] GC(252) Concurrent Scan Root Regions 1.043ms
[2026-06-17T23:33:55.001+0000][7551.783s][info][gc,marking    ] GC(252) Concurrent Mark (7551.783s)
[2026-06-17T23:33:55.002+0000][7551.783s][info][gc,marking    ] GC(252) Concurrent Mark From Roots
[2026-06-17T23:33:55.002+0000][7551.784s][info][gc,task       ] GC(252) Using 3 workers of 3 for marking
[2026-06-17T23:33:55.007+0000][7551.789s][info][gc,marking    ] GC(252) Concurrent Mark From Roots 5.461ms
[2026-06-17T23:33:55.007+0000][7551.789s][info][gc,marking    ] GC(252) Concurrent Preclean
[2026-06-17T23:33:55.007+0000][7551.789s][info][gc,marking    ] GC(252) Concurrent Preclean 0.181ms
[2026-06-17T23:33:55.007+0000][7551.789s][info][gc,marking    ] GC(252) Concurrent Mark (7551.783s, 7551.789s) 5.876ms
[2026-06-17T23:33:55.008+0000][7551.790s][info][gc,start      ] GC(252) Pause Remark
[2026-06-17T23:33:55.010+0000][7551.792s][info][gc,stringtable] GC(252) Cleaned string and symbol table, strings: 17268 processed, 4 removed, symbols: 125114 processed, 0 removed
[2026-06-17T23:33:55.010+0000][7551.792s][info][gc            ] GC(252) Pause Remark 209M->208M(512M) 2.643ms
[2026-06-17T23:33:55.010+0000][7551.792s][info][gc,cpu        ] GC(252) User=0.02s Sys=0.00s Real=0.00s
[2026-06-17T23:33:55.010+0000][7551.792s][info][gc,marking    ] GC(252) Concurrent Rebuild Remembered Sets
[2026-06-17T23:33:55.014+0000][7551.796s][info][gc,marking    ] GC(252) Concurrent Rebuild Remembered Sets 4.054ms
[2026-06-17T23:33:55.015+0000][7551.797s][info][gc,start      ] GC(252) Pause Cleanup
[2026-06-17T23:33:55.015+0000][7551.797s][info][gc            ] GC(252) Pause Cleanup 209M->209M(512M) 0.175ms
[2026-06-17T23:33:55.015+0000][7551.797s][info][gc,cpu        ] GC(252) User=0.00s Sys=0.00s Real=0.00s
[2026-06-17T23:33:55.015+0000][7551.797s][info][gc,marking    ] GC(252) Concurrent Cleanup for Next Mark
[2026-06-17T23:33:55.015+0000][7551.797s][info][gc,marking    ] GC(252) Concurrent Cleanup for Next Mark 0.156ms
[2026-06-17T23:33:55.015+0000][7551.797s][info][gc            ] GC(252) Concurrent Cycle 15.083ms
[2026-06-17T23:33:56.239+0000][7553.022s][info][gc,start      ] GC(253) Pause Young (Prepare Mixed) (G1 Evacuation Pause)
[2026-06-17T23:33:56.240+0000][7553.022s][info][gc,task       ] GC(253) Using 13 workers of 13 for evacuation
[2026-06-17T23:33:56.242+0000][7553.024s][info][gc,phases     ] GC(253)   Pre Evacuate Collection Set: 0.0ms
[2026-06-17T23:33:56.242+0000][7553.024s][info][gc,phases     ] GC(253)   Evacuate Collection Set: 2.0ms
[2026-06-17T23:33:56.242+0000][7553.024s][info][gc,phases     ] GC(253)   Post Evacuate Collection Set: 0.3ms
[2026-06-17T23:33:56.242+0000][7553.024s][info][gc,phases     ] GC(253)   Other: 0.3ms
[2026-06-17T23:33:56.242+0000][7553.024s][info][gc,heap       ] GC(253) Eden regions: 239->0(16)
[2026-06-17T23:33:56.242+0000][7553.024s][info][gc,heap       ] GC(253) Survivor regions: 5->9(31)
[2026-06-17T23:33:56.242+0000][7553.024s][info][gc,heap       ] GC(253) Old regions: 53->53
[2026-06-17T23:33:56.242+0000][7553.024s][info][gc,heap       ] GC(253) Humongous regions: 147->147
[2026-06-17T23:33:56.243+0000][7553.025s][info][gc,metaspace  ] GC(253) Metaspace: 52321K(55040K)->52321K(55040K) NonClass: 46381K(47872K)->46381K(47872K) Class: 5939K(7168K)->5939K(7168K)
[2026-06-17T23:33:56.243+0000][7553.025s][info][gc            ] GC(253) Pause Young (Prepare Mixed) (G1 Evacuation Pause) 443M->208M(512M) 3.053ms
[2026-06-17T23:33:56.243+0000][7553.025s][info][gc,cpu        ] GC(253) User=0.02s Sys=0.00s Real=0.01s
[2026-06-17T23:33:56.322+0000][7553.104s][info][gc,start      ] GC(254) Pause Young (Mixed) (G1 Evacuation Pause)
[2026-06-17T23:33:56.322+0000][7553.104s][info][gc,task       ] GC(254) Using 13 workers of 13 for evacuation
[2026-06-17T23:33:56.326+0000][7553.108s][info][gc,phases     ] GC(254)   Pre Evacuate Collection Set: 0.0ms
[2026-06-17T23:33:56.326+0000][7553.108s][info][gc,phases     ] GC(254)   Evacuate Collection Set: 4.0ms
[2026-06-17T23:33:56.326+0000][7553.108s][info][gc,phases     ] GC(254)   Post Evacuate Collection Set: 0.3ms
[2026-06-17T23:33:56.326+0000][7553.108s][info][gc,phases     ] GC(254)   Other: 0.3ms
[2026-06-17T23:33:56.326+0000][7553.108s][info][gc,heap       ] GC(254) Eden regions: 16->0(242)
[2026-06-17T23:33:56.326+0000][7553.108s][info][gc,heap       ] GC(254) Survivor regions: 9->2(4)
[2026-06-17T23:33:56.326+0000][7553.108s][info][gc,heap       ] GC(254) Old regions: 53->52
[2026-06-17T23:33:56.327+0000][7553.109s][info][gc,heap       ] GC(254) Humongous regions: 147->147
[2026-06-17T23:33:56.327+0000][7553.109s][info][gc,metaspace  ] GC(254) Metaspace: 52321K(55040K)->52321K(55040K) NonClass: 46381K(47872K)->46381K(47872K) Class: 5939K(7168K)->5939K(7168K)
[2026-06-17T23:33:56.327+0000][7553.109s][info][gc            ] GC(254) Pause Young (Mixed) (G1 Evacuation Pause) 224M->200M(512M) 5.036ms
[2026-06-17T23:33:56.327+0000][7553.109s][info][gc,cpu        ] GC(254) User=0.03s Sys=0.00s Real=0.00s
[2026-06-17T23:34:44.906+0000][7601.688s][info][gc,start      ] GC(255) Pause Young (Normal) (G1 Evacuation Pause)
[2026-06-17T23:34:44.906+0000][7601.688s][info][gc,task       ] GC(255) Using 13 workers of 13 for evacuation
[2026-06-17T23:34:44.908+0000][7601.690s][info][gc,phases     ] GC(255)   Pre Evacuate Collection Set: 0.0ms
[2026-06-17T23:34:44.908+0000][7601.690s][info][gc,phases     ] GC(255)   Evacuate Collection Set: 1.9ms
[2026-06-17T23:34:44.908+0000][7601.690s][info][gc,phases     ] GC(255)   Post Evacuate Collection Set: 0.3ms
[2026-06-17T23:34:44.908+0000][7601.690s][info][gc,phases     ] GC(255)   Other: 0.3ms
[2026-06-17T23:34:44.908+0000][7601.690s][info][gc,heap       ] GC(255) Eden regions: 242->0(241)
[2026-06-17T23:34:44.908+0000][7601.691s][info][gc,heap       ] GC(255) Survivor regions: 2->5(31)
[2026-06-17T23:34:44.908+0000][7601.691s][info][gc,heap       ] GC(255) Old regions: 52->52
[2026-06-17T23:34:44.908+0000][7601.691s][info][gc,heap       ] GC(255) Humongous regions: 147->147
[2026-06-17T23:34:44.908+0000][7601.691s][info][gc,metaspace  ] GC(255) Metaspace: 52321K(55040K)->52321K(55040K) NonClass: 46381K(47872K)->46381K(47872K) Class: 5939K(7168K)->5939K(7168K)
[2026-06-17T23:34:44.908+0000][7601.691s][info][gc            ] GC(255) Pause Young (Normal) (G1 Evacuation Pause) 442M->203M(512M) 2.918ms
[2026-06-17T23:34:44.909+0000][7601.691s][info][gc,cpu        ] GC(255) User=0.02s Sys=0.00s Real=0.00s
[2026-06-17T23:34:46.352+0000][7603.134s][info][gc,start      ] GC(256) Pause Young (Normal) (G1 Evacuation Pause)
[2026-06-17T23:34:46.352+0000][7603.134s][info][gc,task       ] GC(256) Using 13 workers of 13 for evacuation
[2026-06-17T23:34:46.356+0000][7603.138s][info][gc,phases     ] GC(256)   Pre Evacuate Collection Set: 0.0ms
[2026-06-17T23:34:46.356+0000][7603.138s][info][gc,phases     ] GC(256)   Evacuate Collection Set: 2.9ms
[2026-06-17T23:34:46.356+0000][7603.138s][info][gc,phases     ] GC(256)   Post Evacuate Collection Set: 0.3ms
[2026-06-17T23:34:46.356+0000][7603.138s][info][gc,phases     ] GC(256)   Other: 0.3ms
[2026-06-17T23:34:46.356+0000][7603.138s][info][gc,heap       ] GC(256) Eden regions: 241->0(237)
[2026-06-17T23:34:46.356+0000][7603.138s][info][gc,heap       ] GC(256) Survivor regions: 5->8(31)
[2026-06-17T23:34:46.356+0000][7603.138s][info][gc,heap       ] GC(256) Old regions: 52->52
[2026-06-17T23:34:46.356+0000][7603.138s][info][gc,heap       ] GC(256) Humongous regions: 147->147
[2026-06-17T23:34:46.356+0000][7603.138s][info][gc,metaspace  ] GC(256) Metaspace: 52321K(55040K)->52321K(55040K) NonClass: 46381K(47872K)->46381K(47872K) Class: 5939K(7168K)->5939K(7168K)
[2026-06-17T23:34:46.356+0000][7603.138s][info][gc            ] GC(256) Pause Young (Normal) (G1 Evacuation Pause) 444M->206M(512M) 3.964ms
[2026-06-17T23:34:46.356+0000][7603.138s][info][gc,cpu        ] GC(256) User=0.03s Sys=0.00s Real=0.00s
[2026-06-17T23:34:47.584+0000][7604.366s][info][gc,start      ] GC(257) Pause Young (Concurrent Start) (G1 Evacuation Pause)
[2026-06-17T23:34:47.584+0000][7604.366s][info][gc,task       ] GC(257) Using 13 workers of 13 for evacuation
[2026-06-17T23:34:47.587+0000][7604.369s][info][gc,phases     ] GC(257)   Pre Evacuate Collection Set: 0.3ms
[2026-06-17T23:34:47.587+0000][7604.369s][info][gc,phases     ] GC(257)   Evacuate Collection Set: 1.8ms
[2026-06-17T23:34:47.587+0000][7604.369s][info][gc,phases     ] GC(257)   Post Evacuate Collection Set: 0.3ms
[2026-06-17T23:34:47.587+0000][7604.369s][info][gc,phases     ] GC(257)   Other: 0.3ms
[2026-06-17T23:34:47.587+0000][7604.369s][info][gc,heap       ] GC(257) Eden regions: 237->0(241)
[2026-06-17T23:34:47.587+0000][7604.369s][info][gc,heap       ] GC(257) Survivor regions: 8->5(31)
[2026-06-17T23:34:47.587+0000][7604.369s][info][gc,heap       ] GC(257) Old regions: 52->52
[2026-06-17T23:34:47.587+0000][7604.369s][info][gc,heap       ] GC(257) Humongous regions: 147->147
[2026-06-17T23:34:47.587+0000][7604.369s][info][gc,metaspace  ] GC(257) Metaspace: 52321K(55040K)->52321K(55040K) NonClass: 46381K(47872K)->46381K(47872K) Class: 5939K(7168K)->5939K(7168K)
[2026-06-17T23:34:47.587+0000][7604.369s][info][gc            ] GC(257) Pause Young (Concurrent Start) (G1 Evacuation Pause) 443M->203M(512M) 3.221ms
[2026-06-17T23:34:47.587+0000][7604.369s][info][gc,cpu        ] GC(257) User=0.02s Sys=0.00s Real=0.00s
[2026-06-17T23:34:47.587+0000][7604.369s][info][gc            ] GC(258) Concurrent Cycle
[2026-06-17T23:34:47.587+0000][7604.370s][info][gc,marking    ] GC(258) Concurrent Clear Claimed Marks
[2026-06-17T23:34:47.587+0000][7604.370s][info][gc,marking    ] GC(258) Concurrent Clear Claimed Marks 0.139ms
[2026-06-17T23:34:47.588+0000][7604.370s][info][gc,marking    ] GC(258) Concurrent Scan Root Regions
[2026-06-17T23:34:47.588+0000][7604.371s][info][gc,marking    ] GC(258) Concurrent Scan Root Regions 0.921ms
[2026-06-17T23:34:47.589+0000][7604.371s][info][gc,marking    ] GC(258) Concurrent Mark (7604.371s)
[2026-06-17T23:34:47.589+0000][7604.371s][info][gc,marking    ] GC(258) Concurrent Mark From Roots
[2026-06-17T23:34:47.589+0000][7604.371s][info][gc,task       ] GC(258) Using 3 workers of 3 for marking
[2026-06-17T23:34:47.595+0000][7604.377s][info][gc,marking    ] GC(258) Concurrent Mark From Roots 5.840ms
[2026-06-17T23:34:47.595+0000][7604.377s][info][gc,marking    ] GC(258) Concurrent Preclean
[2026-06-17T23:34:47.595+0000][7604.377s][info][gc,marking    ] GC(258) Concurrent Preclean 0.196ms
[2026-06-17T23:34:47.595+0000][7604.377s][info][gc,marking    ] GC(258) Concurrent Mark (7604.371s, 7604.377s) 6.501ms
[2026-06-17T23:34:47.595+0000][7604.378s][info][gc,start      ] GC(258) Pause Remark
[2026-06-17T23:34:47.598+0000][7604.380s][info][gc,stringtable] GC(258) Cleaned string and symbol table, strings: 17264 processed, 0 removed, symbols: 125114 processed, 0 removed
[2026-06-17T23:34:47.598+0000][7604.380s][info][gc            ] GC(258) Pause Remark 207M->205M(512M) 2.605ms
[2026-06-17T23:34:47.598+0000][7604.380s][info][gc,cpu        ] GC(258) User=0.02s Sys=0.00s Real=0.00s
[2026-06-17T23:34:47.598+0000][7604.380s][info][gc,marking    ] GC(258) Concurrent Rebuild Remembered Sets
[2026-06-17T23:34:47.603+0000][7604.385s][info][gc,marking    ] GC(258) Concurrent Rebuild Remembered Sets 4.565ms
[2026-06-17T23:34:47.603+0000][7604.385s][info][gc,start      ] GC(258) Pause Cleanup
[2026-06-17T23:34:47.603+0000][7604.385s][info][gc            ] GC(258) Pause Cleanup 205M->205M(512M) 0.153ms
[2026-06-17T23:34:47.603+0000][7604.385s][info][gc,cpu        ] GC(258) User=0.00s Sys=0.00s Real=0.00s
[2026-06-17T23:34:47.603+0000][7604.385s][info][gc,marking    ] GC(258) Concurrent Cleanup for Next Mark
[2026-06-17T23:34:47.603+0000][7604.385s][info][gc,marking    ] GC(258) Concurrent Cleanup for Next Mark 0.145ms
[2026-06-17T23:34:47.603+0000][7604.386s][info][gc            ] GC(258) Concurrent Cycle 16.056ms
[2026-06-17T23:34:48.836+0000][7605.618s][info][gc,start      ] GC(259) Pause Young (Prepare Mixed) (G1 Evacuation Pause)
[2026-06-17T23:34:48.836+0000][7605.619s][info][gc,task       ] GC(259) Using 13 workers of 13 for evacuation
[2026-06-17T23:34:48.839+0000][7605.621s][info][gc,phases     ] GC(259)   Pre Evacuate Collection Set: 0.0ms
[2026-06-17T23:34:48.839+0000][7605.622s][info][gc,phases     ] GC(259)   Evacuate Collection Set: 2.2ms
[2026-06-17T23:34:48.839+0000][7605.622s][info][gc,phases     ] GC(259)   Post Evacuate Collection Set: 0.5ms
[2026-06-17T23:34:48.840+0000][7605.622s][info][gc,phases     ] GC(259)   Other: 0.3ms
[2026-06-17T23:34:48.840+0000][7605.622s][info][gc,heap       ] GC(259) Eden regions: 241->0(16)
[2026-06-17T23:34:48.840+0000][7605.622s][info][gc,heap       ] GC(259) Survivor regions: 5->9(31)
[2026-06-17T23:34:48.840+0000][7605.622s][info][gc,heap       ] GC(259) Old regions: 50->50
[2026-06-17T23:34:48.840+0000][7605.622s][info][gc,heap       ] GC(259) Humongous regions: 147->147
[2026-06-17T23:34:48.840+0000][7605.622s][info][gc,metaspace  ] GC(259) Metaspace: 52321K(55040K)->52321K(55040K) NonClass: 46381K(47872K)->46381K(47872K) Class: 5939K(7168K)->5939K(7168K)
[2026-06-17T23:34:48.840+0000][7605.622s][info][gc            ] GC(259) Pause Young (Prepare Mixed) (G1 Evacuation Pause) 442M->205M(512M) 3.495ms
[2026-06-17T23:34:48.840+0000][7605.622s][info][gc,cpu        ] GC(259) User=0.03s Sys=0.00s Real=0.00s
[2026-06-17T23:34:48.923+0000][7605.705s][info][gc,start      ] GC(260) Pause Young (Mixed) (G1 Evacuation Pause)
[2026-06-17T23:34:48.923+0000][7605.705s][info][gc,task       ] GC(260) Using 13 workers of 13 for evacuation
[2026-06-17T23:34:48.928+0000][7605.710s][info][gc,phases     ] GC(260)   Pre Evacuate Collection Set: 0.0ms
[2026-06-17T23:34:48.928+0000][7605.710s][info][gc,phases     ] GC(260)   Evacuate Collection Set: 4.6ms
[2026-06-17T23:34:48.928+0000][7605.710s][info][gc,phases     ] GC(260)   Post Evacuate Collection Set: 0.3ms
[2026-06-17T23:34:48.928+0000][7605.710s][info][gc,phases     ] GC(260)   Other: 0.3ms
[2026-06-17T23:34:48.928+0000][7605.711s][info][gc,heap       ] GC(260) Eden regions: 16->0(242)
[2026-06-17T23:34:48.928+0000][7605.711s][info][gc,heap       ] GC(260) Survivor regions: 9->2(4)
[2026-06-17T23:34:48.928+0000][7605.711s][info][gc,heap       ] GC(260) Old regions: 50->53
[2026-06-17T23:34:48.928+0000][7605.711s][info][gc,heap       ] GC(260) Humongous regions: 147->147
[2026-06-17T23:34:48.929+0000][7605.711s][info][gc,metaspace  ] GC(260) Metaspace: 52321K(55040K)->52321K(55040K) NonClass: 46381K(47872K)->46381K(47872K) Class: 5939K(7168K)->5939K(7168K)
[2026-06-17T23:34:48.929+0000][7605.711s][info][gc            ] GC(260) Pause Young (Mixed) (G1 Evacuation Pause) 221M->200M(512M) 5.835ms
[2026-06-17T23:34:48.929+0000][7605.711s][info][gc,cpu        ] GC(260) User=0.03s Sys=0.00s Real=0.00s
[2026-06-17T23:35:37.469+0000][7654.252s][info][gc,start      ] GC(261) Pause Young (Normal) (G1 Evacuation Pause)
[2026-06-17T23:35:37.470+0000][7654.253s][info][gc,task       ] GC(261) Using 13 workers of 13 for evacuation
[2026-06-17T23:35:37.475+0000][7654.258s][info][gc,phases     ] GC(261)   Pre Evacuate Collection Set: 0.0ms
[2026-06-17T23:35:37.475+0000][7654.258s][info][gc,phases     ] GC(261)   Evacuate Collection Set: 4.7ms
[2026-06-17T23:35:37.475+0000][7654.258s][info][gc,phases     ] GC(261)   Post Evacuate Collection Set: 0.4ms
[2026-06-17T23:35:37.475+0000][7654.258s][info][gc,phases     ] GC(261)   Other: 0.7ms
[2026-06-17T23:35:37.475+0000][7654.258s][info][gc,heap       ] GC(261) Eden regions: 242->0(241)
[2026-06-17T23:35:37.475+0000][7654.258s][info][gc,heap       ] GC(261) Survivor regions: 2->4(31)
[2026-06-17T23:35:37.475+0000][7654.258s][info][gc,heap       ] GC(261) Old regions: 53->53
[2026-06-17T23:35:37.475+0000][7654.258s][info][gc,heap       ] GC(261) Humongous regions: 147->147
[2026-06-17T23:35:37.475+0000][7654.258s][info][gc,metaspace  ] GC(261) Metaspace: 52330K(55040K)->52330K(55040K) NonClass: 46390K(47872K)->46390K(47872K) Class: 5939K(7168K)->5939K(7168K)
[2026-06-17T23:35:37.475+0000][7654.258s][info][gc            ] GC(261) Pause Young (Normal) (G1 Evacuation Pause) 442M->202M(512M) 6.251ms
[2026-06-17T23:35:37.475+0000][7654.258s][info][gc,cpu        ] GC(261) User=0.06s Sys=0.00s Real=0.01s
[2026-06-17T23:35:38.868+0000][7655.650s][info][gc,start      ] GC(262) Pause Young (Normal) (G1 Evacuation Pause)
[2026-06-17T23:35:38.868+0000][7655.651s][info][gc,task       ] GC(262) Using 13 workers of 13 for evacuation
[2026-06-17T23:35:38.871+0000][7655.654s][info][gc,phases     ] GC(262)   Pre Evacuate Collection Set: 0.0ms
[2026-06-17T23:35:38.871+0000][7655.654s][info][gc,phases     ] GC(262)   Evacuate Collection Set: 2.7ms
[2026-06-17T23:35:38.871+0000][7655.654s][info][gc,phases     ] GC(262)   Post Evacuate Collection Set: 0.4ms
[2026-06-17T23:35:38.871+0000][7655.654s][info][gc,phases     ] GC(262)   Other: 0.2ms
[2026-06-17T23:35:38.871+0000][7655.654s][info][gc,heap       ] GC(262) Eden regions: 241->0(238)
[2026-06-17T23:35:38.871+0000][7655.654s][info][gc,heap       ] GC(262) Survivor regions: 4->7(31)
[2026-06-17T23:35:38.871+0000][7655.654s][info][gc,heap       ] GC(262) Old regions: 53->53
[2026-06-17T23:35:38.871+0000][7655.654s][info][gc,heap       ] GC(262) Humongous regions: 147->147
[2026-06-17T23:35:38.871+0000][7655.654s][info][gc,metaspace  ] GC(262) Metaspace: 52338K(55040K)->52338K(55040K) NonClass: 46398K(47872K)->46398K(47872K) Class: 5939K(7168K)->5939K(7168K)
[2026-06-17T23:35:38.871+0000][7655.654s][info][gc            ] GC(262) Pause Young (Normal) (G1 Evacuation Pause) 443M->205M(512M) 3.743ms
[2026-06-17T23:35:38.871+0000][7655.654s][info][gc,cpu        ] GC(262) User=0.04s Sys=0.00s Real=0.01s
[2026-06-17T23:35:40.111+0000][7656.894s][info][gc,start      ] GC(263) Pause Young (Concurrent Start) (G1 Evacuation Pause)
[2026-06-17T23:35:40.111+0000][7656.894s][info][gc,task       ] GC(263) Using 13 workers of 13 for evacuation
[2026-06-17T23:35:40.114+0000][7656.897s][info][gc,phases     ] GC(263)   Pre Evacuate Collection Set: 0.3ms
[2026-06-17T23:35:40.114+0000][7656.897s][info][gc,phases     ] GC(263)   Evacuate Collection Set: 2.1ms
[2026-06-17T23:35:40.114+0000][7656.897s][info][gc,phases     ] GC(263)   Post Evacuate Collection Set: 0.4ms
[2026-06-17T23:35:40.114+0000][7656.897s][info][gc,phases     ] GC(263)   Other: 0.3ms
[2026-06-17T23:35:40.114+0000][7656.897s][info][gc,heap       ] GC(263) Eden regions: 238->0(241)
[2026-06-17T23:35:40.114+0000][7656.897s][info][gc,heap       ] GC(263) Survivor regions: 7->4(31)
[2026-06-17T23:35:40.115+0000][7656.897s][info][gc,heap       ] GC(263) Old regions: 53->53
[2026-06-17T23:35:40.115+0000][7656.897s][info][gc,heap       ] GC(263) Humongous regions: 147->147
[2026-06-17T23:35:40.115+0000][7656.898s][info][gc,metaspace  ] GC(263) Metaspace: 52340K(55040K)->52340K(55040K) NonClass: 46401K(47872K)->46401K(47872K) Class: 5939K(7168K)->5939K(7168K)
[2026-06-17T23:35:40.115+0000][7656.898s][info][gc            ] GC(263) Pause Young (Concurrent Start) (G1 Evacuation Pause) 443M->202M(512M) 3.567ms
[2026-06-17T23:35:40.115+0000][7656.898s][info][gc,cpu        ] GC(263) User=0.01s Sys=0.00s Real=0.00s
[2026-06-17T23:35:40.115+0000][7656.898s][info][gc            ] GC(264) Concurrent Cycle
[2026-06-17T23:35:40.115+0000][7656.898s][info][gc,marking    ] GC(264) Concurrent Clear Claimed Marks
[2026-06-17T23:35:40.115+0000][7656.898s][info][gc,marking    ] GC(264) Concurrent Clear Claimed Marks 0.199ms
[2026-06-17T23:35:40.115+0000][7656.898s][info][gc,marking    ] GC(264) Concurrent Scan Root Regions
[2026-06-17T23:35:40.116+0000][7656.899s][info][gc,marking    ] GC(264) Concurrent Scan Root Regions 0.884ms
[2026-06-17T23:35:40.116+0000][7656.899s][info][gc,marking    ] GC(264) Concurrent Mark (7656.899s)
[2026-06-17T23:35:40.116+0000][7656.899s][info][gc,marking    ] GC(264) Concurrent Mark From Roots
[2026-06-17T23:35:40.116+0000][7656.899s][info][gc,task       ] GC(264) Using 3 workers of 3 for marking
[2026-06-17T23:35:40.122+0000][7656.905s][info][gc,marking    ] GC(264) Concurrent Mark From Roots 5.478ms
[2026-06-17T23:35:40.122+0000][7656.905s][info][gc,marking    ] GC(264) Concurrent Preclean
[2026-06-17T23:35:40.122+0000][7656.905s][info][gc,marking    ] GC(264) Concurrent Preclean 0.182ms
[2026-06-17T23:35:40.122+0000][7656.905s][info][gc,marking    ] GC(264) Concurrent Mark (7656.899s, 7656.905s) 5.937ms
[2026-06-17T23:35:40.122+0000][7656.905s][info][gc,start      ] GC(264) Pause Remark
[2026-06-17T23:35:40.125+0000][7656.908s][info][gc,stringtable] GC(264) Cleaned string and symbol table, strings: 17266 processed, 0 removed, symbols: 125114 processed, 0 removed
[2026-06-17T23:35:40.125+0000][7656.908s][info][gc            ] GC(264) Pause Remark 206M->205M(512M) 2.809ms
[2026-06-17T23:35:40.125+0000][7656.908s][info][gc,cpu        ] GC(264) User=0.03s Sys=0.00s Real=0.00s
[2026-06-17T23:35:40.125+0000][7656.908s][info][gc,marking    ] GC(264) Concurrent Rebuild Remembered Sets
[2026-06-17T23:35:40.130+0000][7656.913s][info][gc,marking    ] GC(264) Concurrent Rebuild Remembered Sets 4.931ms
[2026-06-17T23:35:40.131+0000][7656.913s][info][gc,start      ] GC(264) Pause Cleanup
[2026-06-17T23:35:40.131+0000][7656.914s][info][gc            ] GC(264) Pause Cleanup 206M->206M(512M) 0.170ms
[2026-06-17T23:35:40.131+0000][7656.914s][info][gc,cpu        ] GC(264) User=0.01s Sys=0.00s Real=0.00s
[2026-06-17T23:35:40.131+0000][7656.914s][info][gc,marking    ] GC(264) Concurrent Cleanup for Next Mark
[2026-06-17T23:35:40.131+0000][7656.914s][info][gc,marking    ] GC(264) Concurrent Cleanup for Next Mark 0.171ms
[2026-06-17T23:35:40.131+0000][7656.914s][info][gc            ] GC(264) Concurrent Cycle 16.361ms
[2026-06-17T23:36:28.539+0000][7705.322s][info][gc,start      ] GC(265) Pause Young (Prepare Mixed) (G1 Evacuation Pause)
[2026-06-17T23:36:28.539+0000][7705.322s][info][gc,task       ] GC(265) Using 13 workers of 13 for evacuation
[2026-06-17T23:36:28.543+0000][7705.326s][info][gc,phases     ] GC(265)   Pre Evacuate Collection Set: 0.0ms
[2026-06-17T23:36:28.543+0000][7705.326s][info][gc,phases     ] GC(265)   Evacuate Collection Set: 3.5ms
[2026-06-17T23:36:28.544+0000][7705.326s][info][gc,phases     ] GC(265)   Post Evacuate Collection Set: 0.4ms
[2026-06-17T23:36:28.544+0000][7705.326s][info][gc,phases     ] GC(265)   Other: 0.3ms
[2026-06-17T23:36:28.544+0000][7705.326s][info][gc,heap       ] GC(265) Eden regions: 241->0(17)
[2026-06-17T23:36:28.544+0000][7705.326s][info][gc,heap       ] GC(265) Survivor regions: 4->8(31)
[2026-06-17T23:36:28.544+0000][7705.326s][info][gc,heap       ] GC(265) Old regions: 52->52
[2026-06-17T23:36:28.544+0000][7705.326s][info][gc,heap       ] GC(265) Humongous regions: 147->147
[2026-06-17T23:36:28.544+0000][7705.326s][info][gc,metaspace  ] GC(265) Metaspace: 52340K(55040K)->52340K(55040K) NonClass: 46401K(47872K)->46401K(47872K) Class: 5939K(7168K)->5939K(7168K)
[2026-06-17T23:36:28.544+0000][7705.327s][info][gc            ] GC(265) Pause Young (Prepare Mixed) (G1 Evacuation Pause) 442M->205M(512M) 4.635ms
[2026-06-17T23:36:28.544+0000][7705.327s][info][gc,cpu        ] GC(265) User=0.05s Sys=0.00s Real=0.01s
[2026-06-17T23:36:28.643+0000][7705.426s][info][gc,start      ] GC(266) Pause Young (Mixed) (G1 Evacuation Pause)
[2026-06-17T23:36:28.643+0000][7705.426s][info][gc,task       ] GC(266) Using 13 workers of 13 for evacuation
[2026-06-17T23:36:28.647+0000][7705.430s][info][gc,phases     ] GC(266)   Pre Evacuate Collection Set: 0.0ms
[2026-06-17T23:36:28.647+0000][7705.430s][info][gc,phases     ] GC(266)   Evacuate Collection Set: 3.3ms
[2026-06-17T23:36:28.647+0000][7705.430s][info][gc,phases     ] GC(266)   Post Evacuate Collection Set: 0.3ms
[2026-06-17T23:36:28.647+0000][7705.430s][info][gc,phases     ] GC(266)   Other: 0.3ms
[2026-06-17T23:36:28.647+0000][7705.430s][info][gc,heap       ] GC(266) Eden regions: 17->0(243)
[2026-06-17T23:36:28.647+0000][7705.430s][info][gc,heap       ] GC(266) Survivor regions: 8->2(4)
[2026-06-17T23:36:28.647+0000][7705.430s][info][gc,heap       ] GC(266) Old regions: 52->51
[2026-06-17T23:36:28.647+0000][7705.430s][info][gc,heap       ] GC(266) Humongous regions: 147->147
[2026-06-17T23:36:28.647+0000][7705.430s][info][gc,metaspace  ] GC(266) Metaspace: 52340K(55040K)->52340K(55040K) NonClass: 46401K(47872K)->46401K(47872K) Class: 5939K(7168K)->5939K(7168K)
[2026-06-17T23:36:28.648+0000][7705.430s][info][gc            ] GC(266) Pause Young (Mixed) (G1 Evacuation Pause) 222M->198M(512M) 4.360ms
[2026-06-17T23:36:28.648+0000][7705.430s][info][gc,cpu        ] GC(266) User=0.02s Sys=0.00s Real=0.00s
[2026-06-17T23:36:30.187+0000][7706.969s][info][gc,start      ] GC(267) Pause Young (Normal) (G1 Evacuation Pause)
[2026-06-17T23:36:30.187+0000][7706.969s][info][gc,task       ] GC(267) Using 13 workers of 13 for evacuation
[2026-06-17T23:36:30.191+0000][7706.974s][info][gc,phases     ] GC(267)   Pre Evacuate Collection Set: 0.0ms
[2026-06-17T23:36:30.191+0000][7706.974s][info][gc,phases     ] GC(267)   Evacuate Collection Set: 4.0ms
[2026-06-17T23:36:30.191+0000][7706.974s][info][gc,phases     ] GC(267)   Post Evacuate Collection Set: 0.3ms
[2026-06-17T23:36:30.191+0000][7706.974s][info][gc,phases     ] GC(267)   Other: 0.2ms
[2026-06-17T23:36:30.191+0000][7706.974s][info][gc,heap       ] GC(267) Eden regions: 243->0(244)
[2026-06-17T23:36:30.191+0000][7706.974s][info][gc,heap       ] GC(267) Survivor regions: 2->3(31)
[2026-06-17T23:36:30.192+0000][7706.974s][info][gc,heap       ] GC(267) Old regions: 51->51
[2026-06-17T23:36:30.192+0000][7706.974s][info][gc,heap       ] GC(267) Humongous regions: 147->147
[2026-06-17T23:36:30.192+0000][7706.974s][info][gc,metaspace  ] GC(267) Metaspace: 52340K(55040K)->52340K(55040K) NonClass: 46401K(47872K)->46401K(47872K) Class: 5939K(7168K)->5939K(7168K)
[2026-06-17T23:36:30.192+0000][7706.974s][info][gc            ] GC(267) Pause Young (Normal) (G1 Evacuation Pause) 441M->200M(512M) 4.929ms
[2026-06-17T23:36:30.192+0000][7706.974s][info][gc,cpu        ] GC(267) User=0.04s Sys=0.00s Real=0.01s
[2026-06-17T23:36:31.464+0000][7708.246s][info][gc,start      ] GC(268) Pause Young (Normal) (G1 Evacuation Pause)
[2026-06-17T23:36:31.464+0000][7708.246s][info][gc,task       ] GC(268) Using 13 workers of 13 for evacuation
[2026-06-17T23:36:31.466+0000][7708.249s][info][gc,phases     ] GC(268)   Pre Evacuate Collection Set: 0.0ms
[2026-06-17T23:36:31.466+0000][7708.249s][info][gc,phases     ] GC(268)   Evacuate Collection Set: 2.1ms
[2026-06-17T23:36:31.466+0000][7708.249s][info][gc,phases     ] GC(268)   Post Evacuate Collection Set: 0.3ms
[2026-06-17T23:36:31.466+0000][7708.249s][info][gc,phases     ] GC(268)   Other: 0.3ms
[2026-06-17T23:36:31.466+0000][7708.249s][info][gc,heap       ] GC(268) Eden regions: 244->0(239)
[2026-06-17T23:36:31.466+0000][7708.249s][info][gc,heap       ] GC(268) Survivor regions: 3->8(31)
[2026-06-17T23:36:31.467+0000][7708.249s][info][gc,heap       ] GC(268) Old regions: 51->51
[2026-06-17T23:36:31.467+0000][7708.249s][info][gc,heap       ] GC(268) Humongous regions: 147->147
[2026-06-17T23:36:31.467+0000][7708.249s][info][gc,metaspace  ] GC(268) Metaspace: 52340K(55040K)->52340K(55040K) NonClass: 46401K(47872K)->46401K(47872K) Class: 5939K(7168K)->5939K(7168K)
[2026-06-17T23:36:31.467+0000][7708.249s][info][gc            ] GC(268) Pause Young (Normal) (G1 Evacuation Pause) 444M->205M(512M) 3.156ms
[2026-06-17T23:36:31.467+0000][7708.249s][info][gc,cpu        ] GC(268) User=0.02s Sys=0.00s Real=0.00s
[2026-06-17T23:36:32.703+0000][7709.486s][info][gc,start      ] GC(269) Pause Young (Concurrent Start) (G1 Evacuation Pause)
[2026-06-17T23:36:32.703+0000][7709.486s][info][gc,task       ] GC(269) Using 13 workers of 13 for evacuation
[2026-06-17T23:36:32.706+0000][7709.489s][info][gc,phases     ] GC(269)   Pre Evacuate Collection Set: 0.3ms
[2026-06-17T23:36:32.706+0000][7709.489s][info][gc,phases     ] GC(269)   Evacuate Collection Set: 2.4ms
[2026-06-17T23:36:32.706+0000][7709.489s][info][gc,phases     ] GC(269)   Post Evacuate Collection Set: 0.3ms
[2026-06-17T23:36:32.706+0000][7709.489s][info][gc,phases     ] GC(269)   Other: 0.3ms
[2026-06-17T23:36:32.706+0000][7709.489s][info][gc,heap       ] GC(269) Eden regions: 239->0(241)
[2026-06-17T23:36:32.706+0000][7709.489s][info][gc,heap       ] GC(269) Survivor regions: 8->6(31)
[2026-06-17T23:36:32.707+0000][7709.489s][info][gc,heap       ] GC(269) Old regions: 51->51
[2026-06-17T23:36:32.707+0000][7709.489s][info][gc,heap       ] GC(269) Humongous regions: 147->147
[2026-06-17T23:36:32.707+0000][7709.489s][info][gc,metaspace  ] GC(269) Metaspace: 52340K(55040K)->52340K(55040K) NonClass: 46401K(47872K)->46401K(47872K) Class: 5939K(7168K)->5939K(7168K)
[2026-06-17T23:36:32.707+0000][7709.489s][info][gc            ] GC(269) Pause Young (Concurrent Start) (G1 Evacuation Pause) 444M->202M(512M) 3.795ms
[2026-06-17T23:36:32.707+0000][7709.489s][info][gc,cpu        ] GC(269) User=0.03s Sys=0.00s Real=0.00s
[2026-06-17T23:36:32.707+0000][7709.489s][info][gc            ] GC(270) Concurrent Cycle
[2026-06-17T23:36:32.707+0000][7709.490s][info][gc,marking    ] GC(270) Concurrent Clear Claimed Marks
[2026-06-17T23:36:32.707+0000][7709.490s][info][gc,marking    ] GC(270) Concurrent Clear Claimed Marks 0.225ms
[2026-06-17T23:36:32.707+0000][7709.490s][info][gc,marking    ] GC(270) Concurrent Scan Root Regions
[2026-06-17T23:36:32.708+0000][7709.491s][info][gc,marking    ] GC(270) Concurrent Scan Root Regions 1.049ms
[2026-06-17T23:36:32.708+0000][7709.491s][info][gc,marking    ] GC(270) Concurrent Mark (7709.491s)
[2026-06-17T23:36:32.708+0000][7709.491s][info][gc,marking    ] GC(270) Concurrent Mark From Roots
[2026-06-17T23:36:32.708+0000][7709.491s][info][gc,task       ] GC(270) Using 3 workers of 3 for marking
[2026-06-17T23:36:32.713+0000][7709.496s][info][gc,marking    ] GC(270) Concurrent Mark From Roots 5.034ms
[2026-06-17T23:36:32.714+0000][7709.496s][info][gc,marking    ] GC(270) Concurrent Preclean
[2026-06-17T23:36:32.714+0000][7709.496s][info][gc,marking    ] GC(270) Concurrent Preclean 0.144ms
[2026-06-17T23:36:32.714+0000][7709.496s][info][gc,marking    ] GC(270) Concurrent Mark (7709.491s, 7709.496s) 5.433ms
[2026-06-17T23:36:32.714+0000][7709.497s][info][gc,start      ] GC(270) Pause Remark
[2026-06-17T23:36:32.716+0000][7709.499s][info][gc,stringtable] GC(270) Cleaned string and symbol table, strings: 17266 processed, 0 removed, symbols: 125114 processed, 0 removed
[2026-06-17T23:36:32.717+0000][7709.499s][info][gc            ] GC(270) Pause Remark 206M->204M(512M) 2.589ms
[2026-06-17T23:36:32.717+0000][7709.499s][info][gc,cpu        ] GC(270) User=0.03s Sys=0.00s Real=0.00s
[2026-06-17T23:36:32.717+0000][7709.499s][info][gc,marking    ] GC(270) Concurrent Rebuild Remembered Sets
[2026-06-17T23:36:32.721+0000][7709.503s][info][gc,marking    ] GC(270) Concurrent Rebuild Remembered Sets 3.915ms
[2026-06-17T23:36:32.721+0000][7709.503s][info][gc,start      ] GC(270) Pause Cleanup
[2026-06-17T23:36:32.721+0000][7709.504s][info][gc            ] GC(270) Pause Cleanup 205M->205M(512M) 0.157ms
[2026-06-17T23:36:32.721+0000][7709.504s][info][gc,cpu        ] GC(270) User=0.00s Sys=0.00s Real=0.00s
[2026-06-17T23:36:32.721+0000][7709.504s][info][gc,marking    ] GC(270) Concurrent Cleanup for Next Mark
[2026-06-17T23:36:32.721+0000][7709.504s][info][gc,marking    ] GC(270) Concurrent Cleanup for Next Mark 0.137ms
[2026-06-17T23:36:32.721+0000][7709.504s][info][gc            ] GC(270) Concurrent Cycle 14.475ms
[2026-06-17T23:37:06.551+0000][7743.334s][info][gc,start      ] GC(271) Pause Young (Prepare Mixed) (G1 Evacuation Pause)
[2026-06-17T23:37:06.552+0000][7743.335s][info][gc,task       ] GC(271) Using 13 workers of 13 for evacuation
[2026-06-17T23:37:06.562+0000][7743.346s][info][gc,phases     ] GC(271)   Pre Evacuate Collection Set: 0.0ms
[2026-06-17T23:37:06.562+0000][7743.346s][info][gc,phases     ] GC(271)   Evacuate Collection Set: 9.9ms
[2026-06-17T23:37:06.562+0000][7743.346s][info][gc,phases     ] GC(271)   Post Evacuate Collection Set: 0.3ms
[2026-06-17T23:37:06.562+0000][7743.346s][info][gc,phases     ] GC(271)   Other: 1.2ms
[2026-06-17T23:37:06.563+0000][7743.346s][info][gc,heap       ] GC(271) Eden regions: 241->0(20)
[2026-06-17T23:37:06.563+0000][7743.346s][info][gc,heap       ] GC(271) Survivor regions: 6->5(31)
[2026-06-17T23:37:06.563+0000][7743.346s][info][gc,heap       ] GC(271) Old regions: 49->49
[2026-06-17T23:37:06.563+0000][7743.346s][info][gc,heap       ] GC(271) Humongous regions: 147->147
[2026-06-17T23:37:06.563+0000][7743.346s][info][gc,metaspace  ] GC(271) Metaspace: 52341K(55040K)->52341K(55040K) NonClass: 46401K(47872K)->46401K(47872K) Class: 5939K(7168K)->5939K(7168K)
[2026-06-17T23:37:06.563+0000][7743.346s][info][gc            ] GC(271) Pause Young (Prepare Mixed) (G1 Evacuation Pause) 441M->199M(512M) 11.752ms
[2026-06-17T23:37:06.563+0000][7743.346s][info][gc,cpu        ] GC(271) User=0.07s Sys=0.00s Real=0.01s
[2026-06-17T23:37:06.607+0000][7743.390s][info][gc,start      ] GC(272) Pause Young (Mixed) (G1 Evacuation Pause)
[2026-06-17T23:37:06.607+0000][7743.390s][info][gc,task       ] GC(272) Using 13 workers of 13 for evacuation
[2026-06-17T23:37:06.620+0000][7743.403s][info][gc,phases     ] GC(272)   Pre Evacuate Collection Set: 0.0ms
[2026-06-17T23:37:06.621+0000][7743.404s][info][gc,phases     ] GC(272)   Evacuate Collection Set: 10.7ms
[2026-06-17T23:37:06.621+0000][7743.404s][info][gc,phases     ] GC(272)   Post Evacuate Collection Set: 2.0ms
[2026-06-17T23:37:06.621+0000][7743.404s][info][gc,phases     ] GC(272)   Other: 0.3ms
[2026-06-17T23:37:06.621+0000][7743.404s][info][gc,heap       ] GC(272) Eden regions: 20->0(249)
[2026-06-17T23:37:06.621+0000][7743.404s][info][gc,heap       ] GC(272) Survivor regions: 5->3(4)
[2026-06-17T23:37:06.621+0000][7743.404s][info][gc,heap       ] GC(272) Old regions: 49->45
[2026-06-17T23:37:06.621+0000][7743.404s][info][gc,heap       ] GC(272) Humongous regions: 147->147
[2026-06-17T23:37:06.621+0000][7743.404s][info][gc,metaspace  ] GC(272) Metaspace: 52341K(55040K)->52341K(55040K) NonClass: 46401K(47872K)->46401K(47872K) Class: 5939K(7168K)->5939K(7168K)
[2026-06-17T23:37:06.621+0000][7743.405s][info][gc            ] GC(272) Pause Young (Mixed) (G1 Evacuation Pause) 219M->194M(512M) 14.313ms
[2026-06-17T23:37:06.621+0000][7743.405s][info][gc,cpu        ] GC(272) User=0.10s Sys=0.00s Real=0.02s
[2026-06-17T23:37:07.105+0000][7743.888s][info][gc,start      ] GC(273) Pause Young (Normal) (G1 Evacuation Pause)
[2026-06-17T23:37:07.105+0000][7743.888s][info][gc,task       ] GC(273) Using 13 workers of 13 for evacuation
[2026-06-17T23:37:07.115+0000][7743.898s][info][gc,phases     ] GC(273)   Pre Evacuate Collection Set: 0.0ms
[2026-06-17T23:37:07.115+0000][7743.898s][info][gc,phases     ] GC(273)   Evacuate Collection Set: 9.2ms
[2026-06-17T23:37:07.115+0000][7743.898s][info][gc,phases     ] GC(273)   Post Evacuate Collection Set: 0.4ms
[2026-06-17T23:37:07.115+0000][7743.898s][info][gc,phases     ] GC(273)   Other: 0.3ms
[2026-06-17T23:37:07.115+0000][7743.898s][info][gc,heap       ] GC(273) Eden regions: 249->0(241)
[2026-06-17T23:37:07.115+0000][7743.898s][info][gc,heap       ] GC(273) Survivor regions: 3->11(32)
[2026-06-17T23:37:07.115+0000][7743.898s][info][gc,heap       ] GC(273) Old regions: 45->45
[2026-06-17T23:37:07.115+0000][7743.898s][info][gc,heap       ] GC(273) Humongous regions: 147->147
[2026-06-17T23:37:07.115+0000][7743.898s][info][gc,metaspace  ] GC(273) Metaspace: 52341K(55040K)->52341K(55040K) NonClass: 46401K(47872K)->46401K(47872K) Class: 5939K(7168K)->5939K(7168K)
[2026-06-17T23:37:07.115+0000][7743.898s][info][gc            ] GC(273) Pause Young (Normal) (G1 Evacuation Pause) 443M->202M(512M) 10.379ms
[2026-06-17T23:37:07.115+0000][7743.899s][info][gc,cpu        ] GC(273) User=0.09s Sys=0.00s Real=0.01s
[2026-06-17T23:37:07.560+0000][7744.344s][info][gc,start      ] GC(274) Pause Young (Normal) (G1 Evacuation Pause)
[2026-06-17T23:37:07.560+0000][7744.344s][info][gc,task       ] GC(274) Using 13 workers of 13 for evacuation
[2026-06-17T23:37:07.562+0000][7744.345s][info][gc,phases     ] GC(274)   Pre Evacuate Collection Set: 0.0ms
[2026-06-17T23:37:07.562+0000][7744.345s][info][gc,phases     ] GC(274)   Evacuate Collection Set: 1.1ms
[2026-06-17T23:37:07.562+0000][7744.345s][info][gc,phases     ] GC(274)   Post Evacuate Collection Set: 0.4ms
[2026-06-17T23:37:07.562+0000][7744.345s][info][gc,phases     ] GC(274)   Other: 0.2ms
[2026-06-17T23:37:07.562+0000][7744.346s][info][gc,heap       ] GC(274) Eden regions: 241->0(248)
[2026-06-17T23:37:07.562+0000][7744.346s][info][gc,heap       ] GC(274) Survivor regions: 11->3(32)
[2026-06-17T23:37:07.562+0000][7744.346s][info][gc,heap       ] GC(274) Old regions: 45->45
[2026-06-17T23:37:07.562+0000][7744.346s][info][gc,heap       ] GC(274) Humongous regions: 147->147
[2026-06-17T23:37:07.562+0000][7744.346s][info][gc,metaspace  ] GC(274) Metaspace: 52341K(55040K)->52341K(55040K) NonClass: 46401K(47872K)->46401K(47872K) Class: 5939K(7168K)->5939K(7168K)
[2026-06-17T23:37:07.562+0000][7744.346s][info][gc            ] GC(274) Pause Young (Normal) (G1 Evacuation Pause) 443M->194M(512M) 2.122ms
[2026-06-17T23:37:07.563+0000][7744.346s][info][gc,cpu        ] GC(274) User=0.01s Sys=0.00s Real=0.00s
[2026-06-17T23:37:08.034+0000][7744.817s][info][gc,start      ] GC(275) Pause Young (Concurrent Start) (G1 Evacuation Pause)
[2026-06-17T23:37:08.034+0000][7744.817s][info][gc,task       ] GC(275) Using 13 workers of 13 for evacuation
[2026-06-17T23:37:08.036+0000][7744.819s][info][gc,phases     ] GC(275)   Pre Evacuate Collection Set: 0.3ms
[2026-06-17T23:37:08.036+0000][7744.819s][info][gc,phases     ] GC(275)   Evacuate Collection Set: 1.3ms
[2026-06-17T23:37:08.036+0000][7744.819s][info][gc,phases     ] GC(275)   Post Evacuate Collection Set: 0.3ms
[2026-06-17T23:37:08.036+0000][7744.819s][info][gc,phases     ] GC(275)   Other: 0.3ms
[2026-06-17T23:37:08.036+0000][7744.819s][info][gc,heap       ] GC(275) Eden regions: 248->0(249)
[2026-06-17T23:37:08.036+0000][7744.819s][info][gc,heap       ] GC(275) Survivor regions: 3->4(32)
[2026-06-17T23:37:08.036+0000][7744.819s][info][gc,heap       ] GC(275) Old regions: 45->45
[2026-06-17T23:37:08.036+0000][7744.819s][info][gc,heap       ] GC(275) Humongous regions: 147->147
[2026-06-17T23:37:08.036+0000][7744.819s][info][gc,metaspace  ] GC(275) Metaspace: 52341K(55040K)->52341K(55040K) NonClass: 46401K(47872K)->46401K(47872K) Class: 5939K(7168K)->5939K(7168K)
[2026-06-17T23:37:08.036+0000][7744.819s][info][gc            ] GC(275) Pause Young (Concurrent Start) (G1 Evacuation Pause) 442M->195M(512M) 2.657ms
[2026-06-17T23:37:08.036+0000][7744.820s][info][gc,cpu        ] GC(275) User=0.01s Sys=0.00s Real=0.00s
[2026-06-17T23:37:08.036+0000][7744.820s][info][gc            ] GC(276) Concurrent Cycle
[2026-06-17T23:37:08.036+0000][7744.820s][info][gc,marking    ] GC(276) Concurrent Clear Claimed Marks
[2026-06-17T23:37:08.037+0000][7744.820s][info][gc,marking    ] GC(276) Concurrent Clear Claimed Marks 0.143ms
[2026-06-17T23:37:08.037+0000][7744.820s][info][gc,marking    ] GC(276) Concurrent Scan Root Regions
[2026-06-17T23:37:08.037+0000][7744.821s][info][gc,marking    ] GC(276) Concurrent Scan Root Regions 0.850ms
[2026-06-17T23:37:08.038+0000][7744.821s][info][gc,marking    ] GC(276) Concurrent Mark (7744.821s)
[2026-06-17T23:37:08.038+0000][7744.821s][info][gc,marking    ] GC(276) Concurrent Mark From Roots
[2026-06-17T23:37:08.038+0000][7744.821s][info][gc,task       ] GC(276) Using 3 workers of 3 for marking
[2026-06-17T23:37:08.043+0000][7744.826s][info][gc,marking    ] GC(276) Concurrent Mark From Roots 5.394ms
[2026-06-17T23:37:08.043+0000][7744.826s][info][gc,marking    ] GC(276) Concurrent Preclean
[2026-06-17T23:37:08.043+0000][7744.827s][info][gc,marking    ] GC(276) Concurrent Preclean 0.170ms
[2026-06-17T23:37:08.043+0000][7744.827s][info][gc,marking    ] GC(276) Concurrent Mark (7744.821s, 7744.827s) 5.817ms
[2026-06-17T23:37:08.043+0000][7744.827s][info][gc,start      ] GC(276) Pause Remark
[2026-06-17T23:37:08.046+0000][7744.829s][info][gc,stringtable] GC(276) Cleaned string and symbol table, strings: 17266 processed, 0 removed, symbols: 125114 processed, 0 removed
[2026-06-17T23:37:08.046+0000][7744.829s][info][gc            ] GC(276) Pause Remark 201M->201M(512M) 2.603ms
[2026-06-17T23:37:08.046+0000][7744.829s][info][gc,cpu        ] GC(276) User=0.02s Sys=0.00s Real=0.00s
[2026-06-17T23:37:08.046+0000][7744.829s][info][gc,marking    ] GC(276) Concurrent Rebuild Remembered Sets
[2026-06-17T23:37:08.051+0000][7744.834s][info][gc,marking    ] GC(276) Concurrent Rebuild Remembered Sets 4.652ms
[2026-06-17T23:37:08.051+0000][7744.834s][info][gc,start      ] GC(276) Pause Cleanup
[2026-06-17T23:37:08.051+0000][7744.835s][info][gc            ] GC(276) Pause Cleanup 203M->203M(512M) 0.152ms
[2026-06-17T23:37:08.051+0000][7744.835s][info][gc,cpu        ] GC(276) User=0.00s Sys=0.00s Real=0.00s
[2026-06-17T23:37:08.051+0000][7744.835s][info][gc,marking    ] GC(276) Concurrent Cleanup for Next Mark
[2026-06-17T23:37:08.052+0000][7744.835s][info][gc,marking    ] GC(276) Concurrent Cleanup for Next Mark 0.194ms
[2026-06-17T23:37:08.052+0000][7744.835s][info][gc            ] GC(276) Concurrent Cycle 15.323ms
[2026-06-17T23:37:08.529+0000][7745.312s][info][gc,start      ] GC(277) Pause Young (Prepare Mixed) (G1 Evacuation Pause)
[2026-06-17T23:37:08.529+0000][7745.312s][info][gc,task       ] GC(277) Using 13 workers of 13 for evacuation
[2026-06-17T23:37:08.533+0000][7745.317s][info][gc,phases     ] GC(277)   Pre Evacuate Collection Set: 0.0ms
[2026-06-17T23:37:08.533+0000][7745.317s][info][gc,phases     ] GC(277)   Evacuate Collection Set: 3.9ms
[2026-06-17T23:37:08.534+0000][7745.317s][info][gc,phases     ] GC(277)   Post Evacuate Collection Set: 0.3ms
[2026-06-17T23:37:08.534+0000][7745.317s][info][gc,phases     ] GC(277)   Other: 0.3ms
[2026-06-17T23:37:08.534+0000][7745.317s][info][gc,heap       ] GC(277) Eden regions: 249->0(19)
[2026-06-17T23:37:08.534+0000][7745.317s][info][gc,heap       ] GC(277) Survivor regions: 4->6(32)
[2026-06-17T23:37:08.534+0000][7745.317s][info][gc,heap       ] GC(277) Old regions: 45->45
[2026-06-17T23:37:08.534+0000][7745.317s][info][gc,heap       ] GC(277) Humongous regions: 147->147
[2026-06-17T23:37:08.534+0000][7745.317s][info][gc,metaspace  ] GC(277) Metaspace: 52341K(55040K)->52341K(55040K) NonClass: 46401K(47872K)->46401K(47872K) Class: 5939K(7168K)->5939K(7168K)
[2026-06-17T23:37:08.534+0000][7745.317s][info][gc            ] GC(277) Pause Young (Prepare Mixed) (G1 Evacuation Pause) 444M->197M(512M) 4.905ms
[2026-06-17T23:37:08.534+0000][7745.317s][info][gc,cpu        ] GC(277) User=0.05s Sys=0.00s Real=0.01s
[2026-06-17T23:37:08.570+0000][7745.353s][info][gc,start      ] GC(278) Pause Young (Mixed) (G1 Evacuation Pause)
[2026-06-17T23:37:08.570+0000][7745.354s][info][gc,task       ] GC(278) Using 13 workers of 13 for evacuation
[2026-06-17T23:37:08.574+0000][7745.357s][info][gc,phases     ] GC(278)   Pre Evacuate Collection Set: 0.0ms
[2026-06-17T23:37:08.574+0000][7745.358s][info][gc,phases     ] GC(278)   Evacuate Collection Set: 3.5ms
[2026-06-17T23:37:08.574+0000][7745.358s][info][gc,phases     ] GC(278)   Post Evacuate Collection Set: 0.3ms
[2026-06-17T23:37:08.574+0000][7745.358s][info][gc,phases     ] GC(278)   Other: 0.3ms
[2026-06-17T23:37:08.574+0000][7745.358s][info][gc,heap       ] GC(278) Eden regions: 19->0(247)
[2026-06-17T23:37:08.575+0000][7745.358s][info][gc,heap       ] GC(278) Survivor regions: 6->2(4)
[2026-06-17T23:37:08.575+0000][7745.358s][info][gc,heap       ] GC(278) Old regions: 45->50
[2026-06-17T23:37:08.575+0000][7745.358s][info][gc,heap       ] GC(278) Humongous regions: 147->147
[2026-06-17T23:37:08.575+0000][7745.358s][info][gc,metaspace  ] GC(278) Metaspace: 52341K(55040K)->52341K(55040K) NonClass: 46401K(47872K)->46401K(47872K) Class: 5939K(7168K)->5939K(7168K)
[2026-06-17T23:37:08.575+0000][7745.358s][info][gc            ] GC(278) Pause Young (Mixed) (G1 Evacuation Pause) 216M->197M(512M) 4.571ms
[2026-06-17T23:37:08.575+0000][7745.358s][info][gc,cpu        ] GC(278) User=0.04s Sys=0.00s Real=0.00s
[2026-06-17T23:37:20.106+0000][7756.889s][info][gc,start      ] GC(279) Pause Young (Normal) (G1 Evacuation Pause)
[2026-06-17T23:37:20.106+0000][7756.889s][info][gc,task       ] GC(279) Using 13 workers of 13 for evacuation
[2026-06-17T23:37:20.109+0000][7756.892s][info][gc,phases     ] GC(279)   Pre Evacuate Collection Set: 0.0ms
[2026-06-17T23:37:20.109+0000][7756.892s][info][gc,phases     ] GC(279)   Evacuate Collection Set: 2.7ms
[2026-06-17T23:37:20.109+0000][7756.892s][info][gc,phases     ] GC(279)   Post Evacuate Collection Set: 0.3ms
[2026-06-17T23:37:20.109+0000][7756.892s][info][gc,phases     ] GC(279)   Other: 0.4ms
[2026-06-17T23:37:20.109+0000][7756.892s][info][gc,heap       ] GC(279) Eden regions: 247->0(241)
[2026-06-17T23:37:20.109+0000][7756.893s][info][gc,heap       ] GC(279) Survivor regions: 2->7(32)
[2026-06-17T23:37:20.109+0000][7756.893s][info][gc,heap       ] GC(279) Old regions: 50->50
[2026-06-17T23:37:20.109+0000][7756.893s][info][gc,heap       ] GC(279) Humongous regions: 147->147
[2026-06-17T23:37:20.109+0000][7756.893s][info][gc,metaspace  ] GC(279) Metaspace: 52341K(55040K)->52341K(55040K) NonClass: 46401K(47872K)->46401K(47872K) Class: 5939K(7168K)->5939K(7168K)
[2026-06-17T23:37:20.109+0000][7756.893s][info][gc            ] GC(279) Pause Young (Normal) (G1 Evacuation Pause) 444M->203M(512M) 3.864ms
[2026-06-17T23:37:20.109+0000][7756.893s][info][gc,cpu        ] GC(279) User=0.03s Sys=0.00s Real=0.00s
[2026-06-17T23:37:21.713+0000][7758.497s][info][gc,start      ] GC(280) Pause Young (Normal) (G1 Evacuation Pause)
[2026-06-17T23:37:21.714+0000][7758.497s][info][gc,task       ] GC(280) Using 13 workers of 13 for evacuation
[2026-06-17T23:37:21.718+0000][7758.502s][info][gc,phases     ] GC(280)   Pre Evacuate Collection Set: 0.0ms
[2026-06-17T23:37:21.719+0000][7758.502s][info][gc,phases     ] GC(280)   Evacuate Collection Set: 4.3ms
[2026-06-17T23:37:21.719+0000][7758.502s][info][gc,phases     ] GC(280)   Post Evacuate Collection Set: 0.3ms
[2026-06-17T23:37:21.719+0000][7758.502s][info][gc,phases     ] GC(280)   Other: 0.4ms
[2026-06-17T23:37:21.719+0000][7758.502s][info][gc,heap       ] GC(280) Eden regions: 241->0(245)
[2026-06-17T23:37:21.719+0000][7758.502s][info][gc,heap       ] GC(280) Survivor regions: 7->4(31)
[2026-06-17T23:37:21.719+0000][7758.502s][info][gc,heap       ] GC(280) Old regions: 50->50
[2026-06-17T23:37:21.719+0000][7758.502s][info][gc,heap       ] GC(280) Humongous regions: 147->147
[2026-06-17T23:37:21.719+0000][7758.502s][info][gc,metaspace  ] GC(280) Metaspace: 52341K(55040K)->52341K(55040K) NonClass: 46401K(47872K)->46401K(47872K) Class: 5939K(7168K)->5939K(7168K)
[2026-06-17T23:37:21.719+0000][7758.502s][info][gc            ] GC(280) Pause Young (Normal) (G1 Evacuation Pause) 444M->200M(512M) 5.450ms
[2026-06-17T23:37:21.719+0000][7758.502s][info][gc,cpu        ] GC(280) User=0.05s Sys=0.00s Real=0.00s
[2026-06-17T23:37:23.066+0000][7759.849s][info][gc,start      ] GC(281) Pause Young (Concurrent Start) (G1 Evacuation Pause)
[2026-06-17T23:37:23.066+0000][7759.849s][info][gc,task       ] GC(281) Using 13 workers of 13 for evacuation
[2026-06-17T23:37:23.072+0000][7759.855s][info][gc,phases     ] GC(281)   Pre Evacuate Collection Set: 0.3ms
[2026-06-17T23:37:23.072+0000][7759.855s][info][gc,phases     ] GC(281)   Evacuate Collection Set: 5.5ms
[2026-06-17T23:37:23.072+0000][7759.856s][info][gc,phases     ] GC(281)   Post Evacuate Collection Set: 0.3ms
[2026-06-17T23:37:23.072+0000][7759.856s][info][gc,phases     ] GC(281)   Other: 0.3ms
[2026-06-17T23:37:23.072+0000][7759.856s][info][gc,heap       ] GC(281) Eden regions: 245->0(240)
[2026-06-17T23:37:23.072+0000][7759.856s][info][gc,heap       ] GC(281) Survivor regions: 4->8(32)
[2026-06-17T23:37:23.072+0000][7759.856s][info][gc,heap       ] GC(281) Old regions: 50->50
[2026-06-17T23:37:23.072+0000][7759.856s][info][gc,heap       ] GC(281) Humongous regions: 147->147
[2026-06-17T23:37:23.073+0000][7759.856s][info][gc,metaspace  ] GC(281) Metaspace: 52341K(55040K)->52341K(55040K) NonClass: 46401K(47872K)->46401K(47872K) Class: 5939K(7168K)->5939K(7168K)
[2026-06-17T23:37:23.073+0000][7759.856s][info][gc            ] GC(281) Pause Young (Concurrent Start) (G1 Evacuation Pause) 445M->204M(512M) 6.911ms
[2026-06-17T23:37:23.073+0000][7759.856s][info][gc,cpu        ] GC(281) User=0.07s Sys=0.00s Real=0.01s
[2026-06-17T23:37:23.073+0000][7759.856s][info][gc            ] GC(282) Concurrent Cycle
[2026-06-17T23:37:23.073+0000][7759.856s][info][gc,marking    ] GC(282) Concurrent Clear Claimed Marks
[2026-06-17T23:37:23.073+0000][7759.856s][info][gc,marking    ] GC(282) Concurrent Clear Claimed Marks 0.312ms
[2026-06-17T23:37:23.073+0000][7759.856s][info][gc,marking    ] GC(282) Concurrent Scan Root Regions
[2026-06-17T23:37:23.074+0000][7759.858s][info][gc,marking    ] GC(282) Concurrent Scan Root Regions 1.357ms
[2026-06-17T23:37:23.075+0000][7759.858s][info][gc,marking    ] GC(282) Concurrent Mark (7759.858s)
[2026-06-17T23:37:23.075+0000][7759.858s][info][gc,marking    ] GC(282) Concurrent Mark From Roots
[2026-06-17T23:37:23.075+0000][7759.858s][info][gc,task       ] GC(282) Using 3 workers of 3 for marking
[2026-06-17T23:37:23.080+0000][7759.863s][info][gc,marking    ] GC(282) Concurrent Mark From Roots 5.465ms
[2026-06-17T23:37:23.080+0000][7759.863s][info][gc,marking    ] GC(282) Concurrent Preclean
[2026-06-17T23:37:23.080+0000][7759.864s][info][gc,marking    ] GC(282) Concurrent Preclean 0.164ms
[2026-06-17T23:37:23.080+0000][7759.864s][info][gc,marking    ] GC(282) Concurrent Mark (7759.858s, 7759.864s) 5.850ms
[2026-06-17T23:37:23.081+0000][7759.864s][info][gc,start      ] GC(282) Pause Remark
[2026-06-17T23:37:23.083+0000][7759.866s][info][gc,stringtable] GC(282) Cleaned string and symbol table, strings: 17266 processed, 0 removed, symbols: 125114 processed, 0 removed
[2026-06-17T23:37:23.083+0000][7759.866s][info][gc            ] GC(282) Pause Remark 207M->207M(512M) 2.459ms
[2026-06-17T23:37:23.083+0000][7759.866s][info][gc,cpu        ] GC(282) User=0.02s Sys=0.00s Real=0.00s
[2026-06-17T23:37:23.083+0000][7759.866s][info][gc,marking    ] GC(282) Concurrent Rebuild Remembered Sets
[2026-06-17T23:37:23.087+0000][7759.870s][info][gc,marking    ] GC(282) Concurrent Rebuild Remembered Sets 3.828ms
[2026-06-17T23:37:23.087+0000][7759.870s][info][gc,start      ] GC(282) Pause Cleanup
[2026-06-17T23:37:23.087+0000][7759.871s][info][gc            ] GC(282) Pause Cleanup 208M->208M(512M) 0.190ms
[2026-06-17T23:37:23.087+0000][7759.871s][info][gc,cpu        ] GC(282) User=0.00s Sys=0.00s Real=0.00s
[2026-06-17T23:37:23.088+0000][7759.871s][info][gc,marking    ] GC(282) Concurrent Cleanup for Next Mark
[2026-06-17T23:37:23.088+0000][7759.871s][info][gc,marking    ] GC(282) Concurrent Cleanup for Next Mark 0.125ms
[2026-06-17T23:37:23.088+0000][7759.871s][info][gc            ] GC(282) Concurrent Cycle 15.023ms
[2026-06-17T23:37:24.359+0000][7761.142s][info][gc,start      ] GC(283) Pause Young (Prepare Mixed) (G1 Evacuation Pause)
[2026-06-17T23:37:24.359+0000][7761.142s][info][gc,task       ] GC(283) Using 13 workers of 13 for evacuation
[2026-06-17T23:37:24.363+0000][7761.146s][info][gc,phases     ] GC(283)   Pre Evacuate Collection Set: 0.0ms
[2026-06-17T23:37:24.363+0000][7761.146s][info][gc,phases     ] GC(283)   Evacuate Collection Set: 3.0ms
[2026-06-17T23:37:24.363+0000][7761.146s][info][gc,phases     ] GC(283)   Post Evacuate Collection Set: 0.3ms
[2026-06-17T23:37:24.363+0000][7761.146s][info][gc,phases     ] GC(283)   Other: 0.3ms
[2026-06-17T23:37:24.363+0000][7761.146s][info][gc,heap       ] GC(283) Eden regions: 240->0(20)
[2026-06-17T23:37:24.363+0000][7761.146s][info][gc,heap       ] GC(283) Survivor regions: 8->5(31)
[2026-06-17T23:37:24.363+0000][7761.146s][info][gc,heap       ] GC(283) Old regions: 50->50
[2026-06-17T23:37:24.363+0000][7761.146s][info][gc,heap       ] GC(283) Humongous regions: 147->147
[2026-06-17T23:37:24.363+0000][7761.146s][info][gc,metaspace  ] GC(283) Metaspace: 52341K(55040K)->52341K(55040K) NonClass: 46401K(47872K)->46401K(47872K) Class: 5939K(7168K)->5939K(7168K)
[2026-06-17T23:37:24.363+0000][7761.147s][info][gc            ] GC(283) Pause Young (Prepare Mixed) (G1 Evacuation Pause) 444M->201M(512M) 4.291ms
[2026-06-17T23:37:24.363+0000][7761.147s][info][gc,cpu        ] GC(283) User=0.02s Sys=0.00s Real=0.01s
[2026-06-17T23:37:24.468+0000][7761.251s][info][gc,start      ] GC(284) Pause Young (Mixed) (G1 Evacuation Pause)
[2026-06-17T23:37:24.468+0000][7761.251s][info][gc,task       ] GC(284) Using 13 workers of 13 for evacuation
[2026-06-17T23:37:24.471+0000][7761.254s][info][gc,phases     ] GC(284)   Pre Evacuate Collection Set: 0.0ms
[2026-06-17T23:37:24.471+0000][7761.254s][info][gc,phases     ] GC(284)   Evacuate Collection Set: 2.8ms
[2026-06-17T23:37:24.471+0000][7761.255s][info][gc,phases     ] GC(284)   Post Evacuate Collection Set: 0.3ms
[2026-06-17T23:37:24.471+0000][7761.255s][info][gc,phases     ] GC(284)   Other: 0.3ms
[2026-06-17T23:37:24.471+0000][7761.255s][info][gc,heap       ] GC(284) Eden regions: 20->0(247)
[2026-06-17T23:37:24.471+0000][7761.255s][info][gc,heap       ] GC(284) Survivor regions: 5->2(4)
[2026-06-17T23:37:24.471+0000][7761.255s][info][gc,heap       ] GC(284) Old regions: 50->48
[2026-06-17T23:37:24.471+0000][7761.255s][info][gc,heap       ] GC(284) Humongous regions: 147->147
[2026-06-17T23:37:24.472+0000][7761.255s][info][gc,metaspace  ] GC(284) Metaspace: 52341K(55040K)->52341K(55040K) NonClass: 46401K(47872K)->46401K(47872K) Class: 5939K(7168K)->5939K(7168K)
[2026-06-17T23:37:24.472+0000][7761.255s][info][gc            ] GC(284) Pause Young (Mixed) (G1 Evacuation Pause) 221M->196M(512M) 3.795ms
[2026-06-17T23:37:24.472+0000][7761.255s][info][gc,cpu        ] GC(284) User=0.03s Sys=0.00s Real=0.01s
[2026-06-17T23:38:13.021+0000][7809.806s][info][gc,start      ] GC(285) Pause Young (Normal) (G1 Evacuation Pause)
[2026-06-17T23:38:13.021+0000][7809.807s][info][gc,task       ] GC(285) Using 13 workers of 13 for evacuation
[2026-06-17T23:38:13.023+0000][7809.809s][info][gc,phases     ] GC(285)   Pre Evacuate Collection Set: 0.0ms
[2026-06-17T23:38:13.024+0000][7809.809s][info][gc,phases     ] GC(285)   Evacuate Collection Set: 1.9ms
[2026-06-17T23:38:13.024+0000][7809.809s][info][gc,phases     ] GC(285)   Post Evacuate Collection Set: 0.3ms
[2026-06-17T23:38:13.024+0000][7809.809s][info][gc,phases     ] GC(285)   Other: 0.8ms
[2026-06-17T23:38:13.024+0000][7809.809s][info][gc,heap       ] GC(285) Eden regions: 247->0(241)
[2026-06-17T23:38:13.024+0000][7809.809s][info][gc,heap       ] GC(285) Survivor regions: 2->8(32)
[2026-06-17T23:38:13.024+0000][7809.809s][info][gc,heap       ] GC(285) Old regions: 48->48
[2026-06-17T23:38:13.024+0000][7809.809s][info][gc,heap       ] GC(285) Humongous regions: 147->147
[2026-06-17T23:38:13.024+0000][7809.809s][info][gc,metaspace  ] GC(285) Metaspace: 52341K(55040K)->52341K(55040K) NonClass: 46401K(47872K)->46401K(47872K) Class: 5939K(7168K)->5939K(7168K)
[2026-06-17T23:38:13.024+0000][7809.809s][info][gc            ] GC(285) Pause Young (Normal) (G1 Evacuation Pause) 443M->202M(512M) 3.329ms
[2026-06-17T23:38:13.024+0000][7809.810s][info][gc,cpu        ] GC(285) User=0.03s Sys=0.00s Real=0.00s
[2026-06-17T23:38:14.506+0000][7811.291s][info][gc,start      ] GC(286) Pause Young (Normal) (G1 Evacuation Pause)
[2026-06-17T23:38:14.506+0000][7811.292s][info][gc,task       ] GC(286) Using 13 workers of 13 for evacuation
[2026-06-17T23:38:14.510+0000][7811.296s][info][gc,phases     ] GC(286)   Pre Evacuate Collection Set: 0.0ms
[2026-06-17T23:38:14.510+0000][7811.296s][info][gc,phases     ] GC(286)   Evacuate Collection Set: 3.6ms
[2026-06-17T23:38:14.510+0000][7811.296s][info][gc,phases     ] GC(286)   Post Evacuate Collection Set: 0.4ms
[2026-06-17T23:38:14.511+0000][7811.296s][info][gc,phases     ] GC(286)   Other: 0.3ms
[2026-06-17T23:38:14.511+0000][7811.296s][info][gc,heap       ] GC(286) Eden regions: 241->0(245)
[2026-06-17T23:38:14.511+0000][7811.296s][info][gc,heap       ] GC(286) Survivor regions: 8->5(32)
[2026-06-17T23:38:14.511+0000][7811.297s][info][gc,heap       ] GC(286) Old regions: 48->48
[2026-06-17T23:38:14.511+0000][7811.297s][info][gc,heap       ] GC(286) Humongous regions: 147->147
[2026-06-17T23:38:14.511+0000][7811.297s][info][gc,metaspace  ] GC(286) Metaspace: 52341K(55040K)->52341K(55040K) NonClass: 46401K(47872K)->46401K(47872K) Class: 5939K(7168K)->5939K(7168K)
[2026-06-17T23:38:14.511+0000][7811.297s][info][gc            ] GC(286) Pause Young (Normal) (G1 Evacuation Pause) 443M->199M(512M) 5.219ms
[2026-06-17T23:38:14.511+0000][7811.297s][info][gc,cpu        ] GC(286) User=0.03s Sys=0.00s Real=0.01s
[2026-06-17T23:38:15.846+0000][7812.632s][info][gc,start      ] GC(287) Pause Young (Concurrent Start) (G1 Evacuation Pause)
[2026-06-17T23:38:15.846+0000][7812.632s][info][gc,task       ] GC(287) Using 13 workers of 13 for evacuation
[2026-06-17T23:38:15.849+0000][7812.635s][info][gc,phases     ] GC(287)   Pre Evacuate Collection Set: 0.3ms
[2026-06-17T23:38:15.849+0000][7812.635s][info][gc,phases     ] GC(287)   Evacuate Collection Set: 1.9ms
[2026-06-17T23:38:15.849+0000][7812.635s][info][gc,phases     ] GC(287)   Post Evacuate Collection Set: 0.3ms
[2026-06-17T23:38:15.849+0000][7812.635s][info][gc,phases     ] GC(287)   Other: 0.3ms
[2026-06-17T23:38:15.849+0000][7812.635s][info][gc,heap       ] GC(287) Eden regions: 245->0(241)
[2026-06-17T23:38:15.849+0000][7812.635s][info][gc,heap       ] GC(287) Survivor regions: 5->8(32)
[2026-06-17T23:38:15.849+0000][7812.635s][info][gc,heap       ] GC(287) Old regions: 48->48
[2026-06-17T23:38:15.849+0000][7812.635s][info][gc,heap       ] GC(287) Humongous regions: 147->147
[2026-06-17T23:38:15.850+0000][7812.635s][info][gc,metaspace  ] GC(287) Metaspace: 52341K(55040K)->52341K(55040K) NonClass: 46401K(47872K)->46401K(47872K) Class: 5939K(7168K)->5939K(7168K)
[2026-06-17T23:38:15.850+0000][7812.635s][info][gc            ] GC(287) Pause Young (Concurrent Start) (G1 Evacuation Pause) 444M->202M(512M) 3.359ms
[2026-06-17T23:38:15.850+0000][7812.635s][info][gc,cpu        ] GC(287) User=0.02s Sys=0.00s Real=0.01s
[2026-06-17T23:38:15.850+0000][7812.635s][info][gc            ] GC(288) Concurrent Cycle
[2026-06-17T23:38:15.850+0000][7812.635s][info][gc,marking    ] GC(288) Concurrent Clear Claimed Marks
[2026-06-17T23:38:15.850+0000][7812.636s][info][gc,marking    ] GC(288) Concurrent Clear Claimed Marks 0.225ms
[2026-06-17T23:38:15.850+0000][7812.636s][info][gc,marking    ] GC(288) Concurrent Scan Root Regions
[2026-06-17T23:38:15.851+0000][7812.637s][info][gc,marking    ] GC(288) Concurrent Scan Root Regions 1.206ms
[2026-06-17T23:38:15.851+0000][7812.637s][info][gc,marking    ] GC(288) Concurrent Mark (7812.637s)
[2026-06-17T23:38:15.851+0000][7812.637s][info][gc,marking    ] GC(288) Concurrent Mark From Roots
[2026-06-17T23:38:15.851+0000][7812.637s][info][gc,task       ] GC(288) Using 3 workers of 3 for marking
[2026-06-17T23:38:15.857+0000][7812.642s][info][gc,marking    ] GC(288) Concurrent Mark From Roots 5.353ms
[2026-06-17T23:38:15.857+0000][7812.642s][info][gc,marking    ] GC(288) Concurrent Preclean
[2026-06-17T23:38:15.857+0000][7812.643s][info][gc,marking    ] GC(288) Concurrent Preclean 0.147ms
[2026-06-17T23:38:15.857+0000][7812.643s][info][gc,marking    ] GC(288) Concurrent Mark (7812.637s, 7812.643s) 5.716ms
[2026-06-17T23:38:15.857+0000][7812.643s][info][gc,start      ] GC(288) Pause Remark
[2026-06-17T23:38:15.861+0000][7812.646s][info][gc,stringtable] GC(288) Cleaned string and symbol table, strings: 17266 processed, 0 removed, symbols: 125114 processed, 0 removed
[2026-06-17T23:38:15.861+0000][7812.646s][info][gc            ] GC(288) Pause Remark 206M->206M(512M) 3.534ms
[2026-06-17T23:38:15.861+0000][7812.646s][info][gc,cpu        ] GC(288) User=0.03s Sys=0.00s Real=0.01s
[2026-06-17T23:38:15.861+0000][7812.647s][info][gc,marking    ] GC(288) Concurrent Rebuild Remembered Sets
[2026-06-17T23:38:15.865+0000][7812.650s][info][gc,marking    ] GC(288) Concurrent Rebuild Remembered Sets 3.832ms
[2026-06-17T23:38:15.865+0000][7812.651s][info][gc,start      ] GC(288) Pause Cleanup
[2026-06-17T23:38:15.865+0000][7812.651s][info][gc            ] GC(288) Pause Cleanup 207M->207M(512M) 0.144ms
[2026-06-17T23:38:15.865+0000][7812.651s][info][gc,cpu        ] GC(288) User=0.00s Sys=0.00s Real=0.00s
[2026-06-17T23:38:15.865+0000][7812.651s][info][gc,marking    ] GC(288) Concurrent Cleanup for Next Mark
[2026-06-17T23:38:15.865+0000][7812.651s][info][gc,marking    ] GC(288) Concurrent Cleanup for Next Mark 0.144ms
[2026-06-17T23:38:15.865+0000][7812.651s][info][gc            ] GC(288) Concurrent Cycle 15.712ms
[2026-06-17T23:39:04.118+0000][7860.902s][info][gc,start      ] GC(289) Pause Young (Prepare Mixed) (G1 Evacuation Pause)
[2026-06-17T23:39:04.118+0000][7860.902s][info][gc,task       ] GC(289) Using 13 workers of 13 for evacuation
[2026-06-17T23:39:04.120+0000][7860.904s][info][gc,phases     ] GC(289)   Pre Evacuate Collection Set: 0.0ms
[2026-06-17T23:39:04.120+0000][7860.904s][info][gc,phases     ] GC(289)   Evacuate Collection Set: 1.5ms
[2026-06-17T23:39:04.120+0000][7860.904s][info][gc,phases     ] GC(289)   Post Evacuate Collection Set: 0.3ms
[2026-06-17T23:39:04.120+0000][7860.904s][info][gc,phases     ] GC(289)   Other: 0.3ms
[2026-06-17T23:39:04.120+0000][7860.904s][info][gc,heap       ] GC(289) Eden regions: 241->0(20)
[2026-06-17T23:39:04.121+0000][7860.904s][info][gc,heap       ] GC(289) Survivor regions: 8->5(32)
[2026-06-17T23:39:04.121+0000][7860.904s][info][gc,heap       ] GC(289) Old regions: 48->48
[2026-06-17T23:39:04.121+0000][7860.904s][info][gc,heap       ] GC(289) Humongous regions: 147->147
[2026-06-17T23:39:04.121+0000][7860.904s][info][gc,metaspace  ] GC(289) Metaspace: 52341K(55040K)->52341K(55040K) NonClass: 46401K(47872K)->46401K(47872K) Class: 5939K(7168K)->5939K(7168K)
[2026-06-17T23:39:04.121+0000][7860.904s][info][gc            ] GC(289) Pause Young (Prepare Mixed) (G1 Evacuation Pause) 443M->199M(512M) 2.612ms
[2026-06-17T23:39:04.121+0000][7860.904s][info][gc,cpu        ] GC(289) User=0.02s Sys=0.00s Real=0.01s
[2026-06-17T23:39:04.258+0000][7861.042s][info][gc,start      ] GC(290) Pause Young (Mixed) (G1 Evacuation Pause)
[2026-06-17T23:39:04.259+0000][7861.042s][info][gc,task       ] GC(290) Using 13 workers of 13 for evacuation
[2026-06-17T23:39:04.261+0000][7861.045s][info][gc,phases     ] GC(290)   Pre Evacuate Collection Set: 0.0ms
[2026-06-17T23:39:04.261+0000][7861.045s][info][gc,phases     ] GC(290)   Evacuate Collection Set: 2.3ms
[2026-06-17T23:39:04.261+0000][7861.045s][info][gc,phases     ] GC(290)   Post Evacuate Collection Set: 0.3ms
[2026-06-17T23:39:04.262+0000][7861.045s][info][gc,phases     ] GC(290)   Other: 0.3ms
[2026-06-17T23:39:04.262+0000][7861.045s][info][gc,heap       ] GC(290) Eden regions: 20->0(247)
[2026-06-17T23:39:04.262+0000][7861.045s][info][gc,heap       ] GC(290) Survivor regions: 5->2(4)
[2026-06-17T23:39:04.262+0000][7861.045s][info][gc,heap       ] GC(290) Old regions: 48->49
[2026-06-17T23:39:04.262+0000][7861.045s][info][gc,heap       ] GC(290) Humongous regions: 147->147
[2026-06-17T23:39:04.262+0000][7861.045s][info][gc,metaspace  ] GC(290) Metaspace: 52341K(55040K)->52341K(55040K) NonClass: 46401K(47872K)->46401K(47872K) Class: 5939K(7168K)->5939K(7168K)
[2026-06-17T23:39:04.262+0000][7861.045s][info][gc            ] GC(290) Pause Young (Mixed) (G1 Evacuation Pause) 219M->196M(512M) 3.377ms
[2026-06-17T23:39:04.262+0000][7861.045s][info][gc,cpu        ] GC(290) User=0.03s Sys=0.00s Real=0.01s
[2026-06-17T23:39:05.901+0000][7862.684s][info][gc,start      ] GC(291) Pause Young (Normal) (G1 Evacuation Pause)
[2026-06-17T23:39:05.901+0000][7862.684s][info][gc,task       ] GC(291) Using 13 workers of 13 for evacuation
[2026-06-17T23:39:05.905+0000][7862.688s][info][gc,phases     ] GC(291)   Pre Evacuate Collection Set: 0.0ms
[2026-06-17T23:39:05.905+0000][7862.688s][info][gc,phases     ] GC(291)   Evacuate Collection Set: 3.4ms
[2026-06-17T23:39:05.905+0000][7862.688s][info][gc,phases     ] GC(291)   Post Evacuate Collection Set: 0.4ms
[2026-06-17T23:39:05.905+0000][7862.688s][info][gc,phases     ] GC(291)   Other: 0.3ms
[2026-06-17T23:39:05.905+0000][7862.688s][info][gc,heap       ] GC(291) Eden regions: 247->0(240)
[2026-06-17T23:39:05.905+0000][7862.689s][info][gc,heap       ] GC(291) Survivor regions: 2->8(32)
[2026-06-17T23:39:05.905+0000][7862.689s][info][gc,heap       ] GC(291) Old regions: 49->49
[2026-06-17T23:39:05.905+0000][7862.689s][info][gc,heap       ] GC(291) Humongous regions: 147->147
[2026-06-17T23:39:05.905+0000][7862.689s][info][gc,metaspace  ] GC(291) Metaspace: 52341K(55040K)->52341K(55040K) NonClass: 46401K(47872K)->46401K(47872K) Class: 5939K(7168K)->5939K(7168K)
[2026-06-17T23:39:05.905+0000][7862.689s][info][gc            ] GC(291) Pause Young (Normal) (G1 Evacuation Pause) 443M->202M(512M) 4.498ms
[2026-06-17T23:39:05.905+0000][7862.689s][info][gc,cpu        ] GC(291) User=0.04s Sys=0.00s Real=0.00s
[2026-06-17T23:39:07.167+0000][7863.950s][info][gc,start      ] GC(292) Pause Young (Normal) (G1 Evacuation Pause)
[2026-06-17T23:39:07.167+0000][7863.950s][info][gc,task       ] GC(292) Using 13 workers of 13 for evacuation
[2026-06-17T23:39:07.169+0000][7863.952s][info][gc,phases     ] GC(292)   Pre Evacuate Collection Set: 0.0ms
[2026-06-17T23:39:07.169+0000][7863.952s][info][gc,phases     ] GC(292)   Evacuate Collection Set: 1.4ms
[2026-06-17T23:39:07.169+0000][7863.952s][info][gc,phases     ] GC(292)   Post Evacuate Collection Set: 0.4ms
[2026-06-17T23:39:07.169+0000][7863.952s][info][gc,phases     ] GC(292)   Other: 0.3ms
[2026-06-17T23:39:07.169+0000][7863.952s][info][gc,heap       ] GC(292) Eden regions: 240->0(241)
[2026-06-17T23:39:07.169+0000][7863.952s][info][gc,heap       ] GC(292) Survivor regions: 8->6(31)
[2026-06-17T23:39:07.169+0000][7863.953s][info][gc,heap       ] GC(292) Old regions: 49->49
[2026-06-17T23:39:07.169+0000][7863.953s][info][gc,heap       ] GC(292) Humongous regions: 147->147
[2026-06-17T23:39:07.169+0000][7863.953s][info][gc,metaspace  ] GC(292) Metaspace: 52341K(55040K)->52341K(55040K) NonClass: 46401K(47872K)->46401K(47872K) Class: 5939K(7168K)->5939K(7168K)
[2026-06-17T23:39:07.169+0000][7863.953s][info][gc            ] GC(292) Pause Young (Normal) (G1 Evacuation Pause) 442M->201M(512M) 2.790ms
[2026-06-17T23:39:07.169+0000][7863.953s][info][gc,cpu        ] GC(292) User=0.01s Sys=0.00s Real=0.00s
[2026-06-17T23:39:08.379+0000][7865.163s][info][gc,start      ] GC(293) Pause Young (Concurrent Start) (G1 Evacuation Pause)
[2026-06-17T23:39:08.379+0000][7865.163s][info][gc,task       ] GC(293) Using 13 workers of 13 for evacuation
[2026-06-17T23:39:08.384+0000][7865.167s][info][gc,phases     ] GC(293)   Pre Evacuate Collection Set: 0.3ms
[2026-06-17T23:39:08.384+0000][7865.168s][info][gc,phases     ] GC(293)   Evacuate Collection Set: 3.5ms
[2026-06-17T23:39:08.384+0000][7865.168s][info][gc,phases     ] GC(293)   Post Evacuate Collection Set: 0.9ms
[2026-06-17T23:39:08.384+0000][7865.168s][info][gc,phases     ] GC(293)   Other: 0.3ms
[2026-06-17T23:39:08.384+0000][7865.168s][info][gc,heap       ] GC(293) Eden regions: 241->0(246)
[2026-06-17T23:39:08.384+0000][7865.168s][info][gc,heap       ] GC(293) Survivor regions: 6->3(31)
[2026-06-17T23:39:08.384+0000][7865.168s][info][gc,heap       ] GC(293) Old regions: 49->49
[2026-06-17T23:39:08.384+0000][7865.168s][info][gc,heap       ] GC(293) Humongous regions: 147->147
[2026-06-17T23:39:08.384+0000][7865.168s][info][gc,metaspace  ] GC(293) Metaspace: 52341K(55040K)->52341K(55040K) NonClass: 46401K(47872K)->46401K(47872K) Class: 5939K(7168K)->5939K(7168K)
[2026-06-17T23:39:08.384+0000][7865.168s][info][gc            ] GC(293) Pause Young (Concurrent Start) (G1 Evacuation Pause) 442M->198M(512M) 5.433ms
[2026-06-17T23:39:08.384+0000][7865.168s][info][gc,cpu        ] GC(293) User=0.03s Sys=0.00s Real=0.01s
[2026-06-17T23:39:08.385+0000][7865.168s][info][gc            ] GC(294) Concurrent Cycle
[2026-06-17T23:39:08.385+0000][7865.168s][info][gc,marking    ] GC(294) Concurrent Clear Claimed Marks
[2026-06-17T23:39:08.385+0000][7865.168s][info][gc,marking    ] GC(294) Concurrent Clear Claimed Marks 0.244ms
[2026-06-17T23:39:08.385+0000][7865.169s][info][gc,marking    ] GC(294) Concurrent Scan Root Regions
[2026-06-17T23:39:08.386+0000][7865.169s][info][gc,marking    ] GC(294) Concurrent Scan Root Regions 0.825ms
[2026-06-17T23:39:08.386+0000][7865.170s][info][gc,marking    ] GC(294) Concurrent Mark (7865.170s)
[2026-06-17T23:39:08.386+0000][7865.170s][info][gc,marking    ] GC(294) Concurrent Mark From Roots
[2026-06-17T23:39:08.386+0000][7865.170s][info][gc,task       ] GC(294) Using 3 workers of 3 for marking
[2026-06-17T23:39:08.392+0000][7865.175s][info][gc,marking    ] GC(294) Concurrent Mark From Roots 5.596ms
[2026-06-17T23:39:08.392+0000][7865.175s][info][gc,marking    ] GC(294) Concurrent Preclean
[2026-06-17T23:39:08.392+0000][7865.176s][info][gc,marking    ] GC(294) Concurrent Preclean 0.205ms
[2026-06-17T23:39:08.392+0000][7865.176s][info][gc,marking    ] GC(294) Concurrent Mark (7865.170s, 7865.176s) 6.099ms
[2026-06-17T23:39:08.392+0000][7865.176s][info][gc,start      ] GC(294) Pause Remark
[2026-06-17T23:39:08.395+0000][7865.178s][info][gc,stringtable] GC(294) Cleaned string and symbol table, strings: 17269 processed, 0 removed, symbols: 125114 processed, 0 removed
[2026-06-17T23:39:08.395+0000][7865.179s][info][gc            ] GC(294) Pause Remark 201M->201M(512M) 2.793ms
[2026-06-17T23:39:08.395+0000][7865.179s][info][gc,cpu        ] GC(294) User=0.02s Sys=0.00s Real=0.00s
[2026-06-17T23:39:08.395+0000][7865.179s][info][gc,marking    ] GC(294) Concurrent Rebuild Remembered Sets
[2026-06-17T23:39:08.400+0000][7865.184s][info][gc,marking    ] GC(294) Concurrent Rebuild Remembered Sets 4.850ms
[2026-06-17T23:39:08.401+0000][7865.184s][info][gc,start      ] GC(294) Pause Cleanup
[2026-06-17T23:39:08.401+0000][7865.185s][info][gc            ] GC(294) Pause Cleanup 202M->202M(512M) 0.252ms
[2026-06-17T23:39:08.401+0000][7865.185s][info][gc,cpu        ] GC(294) User=0.00s Sys=0.00s Real=0.00s
[2026-06-17T23:39:08.401+0000][7865.185s][info][gc,marking    ] GC(294) Concurrent Cleanup for Next Mark
[2026-06-17T23:39:08.401+0000][7865.185s][info][gc,marking    ] GC(294) Concurrent Cleanup for Next Mark 0.160ms
[2026-06-17T23:39:08.401+0000][7865.185s][info][gc            ] GC(294) Concurrent Cycle 16.921ms
[2026-06-17T23:39:56.948+0000][7913.732s][info][gc,start      ] GC(295) Pause Young (Prepare Mixed) (G1 Evacuation Pause)
[2026-06-17T23:39:56.948+0000][7913.732s][info][gc,task       ] GC(295) Using 13 workers of 13 for evacuation
[2026-06-17T23:39:56.954+0000][7913.737s][info][gc,phases     ] GC(295)   Pre Evacuate Collection Set: 0.0ms
[2026-06-17T23:39:56.955+0000][7913.738s][info][gc,phases     ] GC(295)   Evacuate Collection Set: 2.1ms
[2026-06-17T23:39:56.955+0000][7913.738s][info][gc,phases     ] GC(295)   Post Evacuate Collection Set: 3.2ms
[2026-06-17T23:39:56.955+0000][7913.738s][info][gc,phases     ] GC(295)   Other: 0.3ms
[2026-06-17T23:39:56.955+0000][7913.738s][info][gc,heap       ] GC(295) Eden regions: 246->0(19)
[2026-06-17T23:39:56.955+0000][7913.738s][info][gc,heap       ] GC(295) Survivor regions: 3->6(32)
[2026-06-17T23:39:56.955+0000][7913.738s][info][gc,heap       ] GC(295) Old regions: 49->49
[2026-06-17T23:39:56.955+0000][7913.738s][info][gc,heap       ] GC(295) Humongous regions: 147->147
[2026-06-17T23:39:56.955+0000][7913.738s][info][gc,metaspace  ] GC(295) Metaspace: 52351K(55040K)->52351K(55040K) NonClass: 46412K(47872K)->46412K(47872K) Class: 5939K(7168K)->5939K(7168K)
[2026-06-17T23:39:56.955+0000][7913.739s][info][gc            ] GC(295) Pause Young (Prepare Mixed) (G1 Evacuation Pause) 444M->200M(512M) 6.862ms
[2026-06-17T23:39:56.955+0000][7913.739s][info][gc,cpu        ] GC(295) User=0.02s Sys=0.00s Real=0.01s
[2026-06-17T23:39:57.094+0000][7913.877s][info][gc,start      ] GC(296) Pause Young (Mixed) (G1 Evacuation Pause)
[2026-06-17T23:39:57.094+0000][7913.877s][info][gc,task       ] GC(296) Using 13 workers of 13 for evacuation
[2026-06-17T23:39:57.097+0000][7913.881s][info][gc,phases     ] GC(296)   Pre Evacuate Collection Set: 0.0ms
[2026-06-17T23:39:57.097+0000][7913.881s][info][gc,phases     ] GC(296)   Evacuate Collection Set: 2.9ms
[2026-06-17T23:39:57.097+0000][7913.881s][info][gc,phases     ] GC(296)   Post Evacuate Collection Set: 0.3ms
[2026-06-17T23:39:57.097+0000][7913.881s][info][gc,phases     ] GC(296)   Other: 0.3ms
[2026-06-17T23:39:57.097+0000][7913.881s][info][gc,heap       ] GC(296) Eden regions: 19->0(247)
[2026-06-17T23:39:57.097+0000][7913.881s][info][gc,heap       ] GC(296) Survivor regions: 6->2(4)
[2026-06-17T23:39:57.097+0000][7913.881s][info][gc,heap       ] GC(296) Old regions: 49->49
[2026-06-17T23:39:57.097+0000][7913.881s][info][gc,heap       ] GC(296) Humongous regions: 147->147
[2026-06-17T23:39:57.098+0000][7913.881s][info][gc,metaspace  ] GC(296) Metaspace: 52351K(55040K)->52351K(55040K) NonClass: 46412K(47872K)->46412K(47872K) Class: 5939K(7168K)->5939K(7168K)
[2026-06-17T23:39:57.098+0000][7913.881s][info][gc            ] GC(296) Pause Young (Mixed) (G1 Evacuation Pause) 219M->196M(512M) 3.765ms
[2026-06-17T23:39:57.098+0000][7913.881s][info][gc,cpu        ] GC(296) User=0.03s Sys=0.00s Real=0.00s
[2026-06-17T23:39:58.645+0000][7915.428s][info][gc,start      ] GC(297) Pause Young (Normal) (G1 Evacuation Pause)
[2026-06-17T23:39:58.645+0000][7915.428s][info][gc,task       ] GC(297) Using 13 workers of 13 for evacuation
[2026-06-17T23:39:58.648+0000][7915.431s][info][gc,phases     ] GC(297)   Pre Evacuate Collection Set: 0.0ms
[2026-06-17T23:39:58.648+0000][7915.431s][info][gc,phases     ] GC(297)   Evacuate Collection Set: 2.4ms
[2026-06-17T23:39:58.648+0000][7915.431s][info][gc,phases     ] GC(297)   Post Evacuate Collection Set: 0.4ms
[2026-06-17T23:39:58.648+0000][7915.431s][info][gc,phases     ] GC(297)   Other: 0.3ms
[2026-06-17T23:39:58.648+0000][7915.431s][info][gc,heap       ] GC(297) Eden regions: 247->0(248)
[2026-06-17T23:39:58.648+0000][7915.431s][info][gc,heap       ] GC(297) Survivor regions: 2->2(32)
[2026-06-17T23:39:58.648+0000][7915.431s][info][gc,heap       ] GC(297) Old regions: 49->49
[2026-06-17T23:39:58.648+0000][7915.431s][info][gc,heap       ] GC(297) Humongous regions: 147->147
[2026-06-17T23:39:58.648+0000][7915.431s][info][gc,metaspace  ] GC(297) Metaspace: 52351K(55040K)->52351K(55040K) NonClass: 46412K(47872K)->46412K(47872K) Class: 5939K(7168K)->5939K(7168K)
[2026-06-17T23:39:58.648+0000][7915.432s][info][gc            ] GC(297) Pause Young (Normal) (G1 Evacuation Pause) 443M->197M(512M) 3.589ms
[2026-06-17T23:39:58.648+0000][7915.432s][info][gc,cpu        ] GC(297) User=0.03s Sys=0.00s Real=0.00s
[2026-06-17T23:40:00.038+0000][7916.821s][info][gc,start      ] GC(298) Pause Young (Normal) (G1 Evacuation Pause)
[2026-06-17T23:40:00.039+0000][7916.822s][info][gc,task       ] GC(298) Using 13 workers of 13 for evacuation
[2026-06-17T23:40:00.045+0000][7916.829s][info][gc,phases     ] GC(298)   Pre Evacuate Collection Set: 0.0ms
[2026-06-17T23:40:00.045+0000][7916.829s][info][gc,phases     ] GC(298)   Evacuate Collection Set: 5.9ms
[2026-06-17T23:40:00.045+0000][7916.829s][info][gc,phases     ] GC(298)   Post Evacuate Collection Set: 0.4ms
[2026-06-17T23:40:00.047+0000][7916.830s][info][gc,phases     ] GC(298)   Other: 1.1ms
[2026-06-17T23:40:00.047+0000][7916.830s][info][gc,heap       ] GC(298) Eden regions: 248->0(245)
[2026-06-17T23:40:00.047+0000][7916.830s][info][gc,heap       ] GC(298) Survivor regions: 2->6(32)
[2026-06-17T23:40:00.047+0000][7916.830s][info][gc,heap       ] GC(298) Old regions: 49->49
[2026-06-17T23:40:00.047+0000][7916.830s][info][gc,heap       ] GC(298) Humongous regions: 147->147
[2026-06-17T23:40:00.047+0000][7916.830s][info][gc,metaspace  ] GC(298) Metaspace: 52351K(55040K)->52351K(55040K) NonClass: 46412K(47872K)->46412K(47872K) Class: 5939K(7168K)->5939K(7168K)
[2026-06-17T23:40:00.047+0000][7916.830s][info][gc            ] GC(298) Pause Young (Normal) (G1 Evacuation Pause) 445M->200M(512M) 9.243ms
[2026-06-17T23:40:00.047+0000][7916.831s][info][gc,cpu        ] GC(298) User=0.04s Sys=0.00s Real=0.01s
[2026-06-17T23:40:48.499+0000][7965.282s][info][gc,start      ] GC(299) Pause Young (Concurrent Start) (G1 Evacuation Pause)
[2026-06-17T23:40:48.499+0000][7965.282s][info][gc,task       ] GC(299) Using 13 workers of 13 for evacuation
[2026-06-17T23:40:48.502+0000][7965.286s][info][gc,phases     ] GC(299)   Pre Evacuate Collection Set: 0.2ms
[2026-06-17T23:40:48.503+0000][7965.286s][info][gc,phases     ] GC(299)   Evacuate Collection Set: 2.7ms
[2026-06-17T23:40:48.503+0000][7965.286s][info][gc,phases     ] GC(299)   Post Evacuate Collection Set: 0.4ms
[2026-06-17T23:40:48.503+0000][7965.286s][info][gc,phases     ] GC(299)   Other: 0.4ms
[2026-06-17T23:40:48.503+0000][7965.286s][info][gc,heap       ] GC(299) Eden regions: 245->0(240)
[2026-06-17T23:40:48.503+0000][7965.286s][info][gc,heap       ] GC(299) Survivor regions: 6->9(32)
[2026-06-17T23:40:48.503+0000][7965.286s][info][gc,heap       ] GC(299) Old regions: 49->49
[2026-06-17T23:40:48.503+0000][7965.286s][info][gc,heap       ] GC(299) Humongous regions: 147->147
[2026-06-17T23:40:48.503+0000][7965.286s][info][gc,metaspace  ] GC(299) Metaspace: 52351K(55040K)->52351K(55040K) NonClass: 46412K(47872K)->46412K(47872K) Class: 5939K(7168K)->5939K(7168K)
[2026-06-17T23:40:48.503+0000][7965.286s][info][gc            ] GC(299) Pause Young (Concurrent Start) (G1 Evacuation Pause) 445M->204M(512M) 4.190ms
[2026-06-17T23:40:48.503+0000][7965.286s][info][gc,cpu        ] GC(299) User=0.03s Sys=0.00s Real=0.01s
[2026-06-17T23:40:48.503+0000][7965.286s][info][gc            ] GC(300) Concurrent Cycle
[2026-06-17T23:40:48.503+0000][7965.286s][info][gc,marking    ] GC(300) Concurrent Clear Claimed Marks
[2026-06-17T23:40:48.503+0000][7965.287s][info][gc,marking    ] GC(300) Concurrent Clear Claimed Marks 0.154ms
[2026-06-17T23:40:48.503+0000][7965.287s][info][gc,marking    ] GC(300) Concurrent Scan Root Regions
[2026-06-17T23:40:48.505+0000][7965.288s][info][gc,marking    ] GC(300) Concurrent Scan Root Regions 1.650ms
[2026-06-17T23:40:48.505+0000][7965.288s][info][gc,marking    ] GC(300) Concurrent Mark (7965.288s)
[2026-06-17T23:40:48.505+0000][7965.289s][info][gc,marking    ] GC(300) Concurrent Mark From Roots
[2026-06-17T23:40:48.505+0000][7965.289s][info][gc,task       ] GC(300) Using 3 workers of 3 for marking
[2026-06-17T23:40:48.510+0000][7965.294s][info][gc,marking    ] GC(300) Concurrent Mark From Roots 5.127ms
[2026-06-17T23:40:48.510+0000][7965.294s][info][gc,marking    ] GC(300) Concurrent Preclean
[2026-06-17T23:40:48.511+0000][7965.294s][info][gc,marking    ] GC(300) Concurrent Preclean 0.161ms
[2026-06-17T23:40:48.511+0000][7965.294s][info][gc,marking    ] GC(300) Concurrent Mark (7965.288s, 7965.294s) 5.576ms
[2026-06-17T23:40:48.511+0000][7965.294s][info][gc,start      ] GC(300) Pause Remark
[2026-06-17T23:40:48.514+0000][7965.297s][info][gc,stringtable] GC(300) Cleaned string and symbol table, strings: 17279 processed, 0 removed, symbols: 125115 processed, 1 removed
[2026-06-17T23:40:48.514+0000][7965.298s][info][gc            ] GC(300) Pause Remark 208M->208M(512M) 3.470ms
[2026-06-17T23:40:48.514+0000][7965.298s][info][gc,cpu        ] GC(300) User=0.03s Sys=0.00s Real=0.00s
[2026-06-17T23:40:48.515+0000][7965.298s][info][gc,marking    ] GC(300) Concurrent Rebuild Remembered Sets
[2026-06-17T23:40:48.520+0000][7965.303s][info][gc,marking    ] GC(300) Concurrent Rebuild Remembered Sets 5.034ms
[2026-06-17T23:40:48.520+0000][7965.303s][info][gc,start      ] GC(300) Pause Cleanup
[2026-06-17T23:40:48.520+0000][7965.303s][info][gc            ] GC(300) Pause Cleanup 209M->209M(512M) 0.174ms
[2026-06-17T23:40:48.520+0000][7965.303s][info][gc,cpu        ] GC(300) User=0.00s Sys=0.00s Real=0.00s
[2026-06-17T23:40:48.520+0000][7965.304s][info][gc,marking    ] GC(300) Concurrent Cleanup for Next Mark
[2026-06-17T23:40:48.520+0000][7965.304s][info][gc,marking    ] GC(300) Concurrent Cleanup for Next Mark 0.162ms
[2026-06-17T23:40:48.520+0000][7965.304s][info][gc            ] GC(300) Concurrent Cycle 17.361ms
[2026-06-17T23:40:49.900+0000][7966.683s][info][gc,start      ] GC(301) Pause Young (Prepare Mixed) (G1 Evacuation Pause)
[2026-06-17T23:40:49.900+0000][7966.683s][info][gc,task       ] GC(301) Using 13 workers of 13 for evacuation
[2026-06-17T23:40:49.902+0000][7966.686s][info][gc,phases     ] GC(301)   Pre Evacuate Collection Set: 0.0ms
[2026-06-17T23:40:49.902+0000][7966.686s][info][gc,phases     ] GC(301)   Evacuate Collection Set: 1.7ms
[2026-06-17T23:40:49.902+0000][7966.686s][info][gc,phases     ] GC(301)   Post Evacuate Collection Set: 0.3ms
[2026-06-17T23:40:49.902+0000][7966.686s][info][gc,phases     ] GC(301)   Other: 0.3ms
[2026-06-17T23:40:49.903+0000][7966.686s][info][gc,heap       ] GC(301) Eden regions: 240->0(19)
[2026-06-17T23:40:49.903+0000][7966.686s][info][gc,heap       ] GC(301) Survivor regions: 9->6(32)
[2026-06-17T23:40:49.903+0000][7966.686s][info][gc,heap       ] GC(301) Old regions: 49->49
[2026-06-17T23:40:49.903+0000][7966.686s][info][gc,heap       ] GC(301) Humongous regions: 147->147
[2026-06-17T23:40:49.903+0000][7966.686s][info][gc,metaspace  ] GC(301) Metaspace: 52351K(55040K)->52351K(55040K) NonClass: 46412K(47872K)->46412K(47872K) Class: 5939K(7168K)->5939K(7168K)
[2026-06-17T23:40:49.903+0000][7966.686s][info][gc            ] GC(301) Pause Young (Prepare Mixed) (G1 Evacuation Pause) 444M->201M(512M) 2.827ms
[2026-06-17T23:40:49.903+0000][7966.686s][info][gc,cpu        ] GC(301) User=0.02s Sys=0.00s Real=0.00s
[2026-06-17T23:40:50.005+0000][7966.789s][info][gc,start      ] GC(302) Pause Young (Mixed) (G1 Evacuation Pause)
[2026-06-17T23:40:50.005+0000][7966.789s][info][gc,task       ] GC(302) Using 13 workers of 13 for evacuation
[2026-06-17T23:40:50.008+0000][7966.792s][info][gc,phases     ] GC(302)   Pre Evacuate Collection Set: 0.0ms
[2026-06-17T23:40:50.008+0000][7966.792s][info][gc,phases     ] GC(302)   Evacuate Collection Set: 2.4ms
[2026-06-17T23:40:50.008+0000][7966.792s][info][gc,phases     ] GC(302)   Post Evacuate Collection Set: 0.3ms
[2026-06-17T23:40:50.009+0000][7966.792s][info][gc,phases     ] GC(302)   Other: 0.3ms
[2026-06-17T23:40:50.009+0000][7966.792s][info][gc,heap       ] GC(302) Eden regions: 19->0(246)
[2026-06-17T23:40:50.009+0000][7966.792s][info][gc,heap       ] GC(302) Survivor regions: 6->2(4)
[2026-06-17T23:40:50.009+0000][7966.792s][info][gc,heap       ] GC(302) Old regions: 49->49
[2026-06-17T23:40:50.009+0000][7966.792s][info][gc,heap       ] GC(302) Humongous regions: 147->147
[2026-06-17T23:40:50.009+0000][7966.792s][info][gc,metaspace  ] GC(302) Metaspace: 52351K(55040K)->52351K(55040K) NonClass: 46412K(47872K)->46412K(47872K) Class: 5939K(7168K)->5939K(7168K)
[2026-06-17T23:40:50.009+0000][7966.792s][info][gc            ] GC(302) Pause Young (Mixed) (G1 Evacuation Pause) 220M->197M(512M) 3.539ms
[2026-06-17T23:40:50.009+0000][7966.792s][info][gc,cpu        ] GC(302) User=0.02s Sys=0.00s Real=0.00s
[2026-06-17T23:40:51.341+0000][7968.124s][info][gc,start      ] GC(303) Pause Young (Normal) (G1 Evacuation Pause)
[2026-06-17T23:40:51.341+0000][7968.124s][info][gc,task       ] GC(303) Using 13 workers of 13 for evacuation
[2026-06-17T23:40:51.345+0000][7968.128s][info][gc,phases     ] GC(303)   Pre Evacuate Collection Set: 0.0ms
[2026-06-17T23:40:51.345+0000][7968.128s][info][gc,phases     ] GC(303)   Evacuate Collection Set: 3.3ms
[2026-06-17T23:40:51.345+0000][7968.128s][info][gc,phases     ] GC(303)   Post Evacuate Collection Set: 0.4ms
[2026-06-17T23:40:51.345+0000][7968.128s][info][gc,phases     ] GC(303)   Other: 0.3ms
[2026-06-17T23:40:51.345+0000][7968.128s][info][gc,heap       ] GC(303) Eden regions: 246->0(248)
[2026-06-17T23:40:51.345+0000][7968.128s][info][gc,heap       ] GC(303) Survivor regions: 2->2(31)
[2026-06-17T23:40:51.345+0000][7968.128s][info][gc,heap       ] GC(303) Old regions: 49->49
[2026-06-17T23:40:51.345+0000][7968.129s][info][gc,heap       ] GC(303) Humongous regions: 147->147
[2026-06-17T23:40:51.345+0000][7968.129s][info][gc,metaspace  ] GC(303) Metaspace: 52351K(55040K)->52351K(55040K) NonClass: 46412K(47872K)->46412K(47872K) Class: 5939K(7168K)->5939K(7168K)
[2026-06-17T23:40:51.345+0000][7968.129s][info][gc            ] GC(303) Pause Young (Normal) (G1 Evacuation Pause) 443M->196M(512M) 4.582ms
[2026-06-17T23:40:51.345+0000][7968.129s][info][gc,cpu        ] GC(303) User=0.03s Sys=0.00s Real=0.00s
[2026-06-17T23:40:52.624+0000][7969.407s][info][gc,start      ] GC(304) Pause Young (Normal) (G1 Evacuation Pause)
[2026-06-17T23:40:52.624+0000][7969.407s][info][gc,task       ] GC(304) Using 13 workers of 13 for evacuation
[2026-06-17T23:40:52.626+0000][7969.409s][info][gc,phases     ] GC(304)   Pre Evacuate Collection Set: 0.0ms
[2026-06-17T23:40:52.626+0000][7969.409s][info][gc,phases     ] GC(304)   Evacuate Collection Set: 1.5ms
[2026-06-17T23:40:52.626+0000][7969.409s][info][gc,phases     ] GC(304)   Post Evacuate Collection Set: 0.3ms
[2026-06-17T23:40:52.626+0000][7969.409s][info][gc,phases     ] GC(304)   Other: 0.3ms
[2026-06-17T23:40:52.626+0000][7969.409s][info][gc,heap       ] GC(304) Eden regions: 248->0(245)
[2026-06-17T23:40:52.626+0000][7969.409s][info][gc,heap       ] GC(304) Survivor regions: 2->6(32)
[2026-06-17T23:40:52.626+0000][7969.409s][info][gc,heap       ] GC(304) Old regions: 49->49
[2026-06-17T23:40:52.626+0000][7969.409s][info][gc,heap       ] GC(304) Humongous regions: 147->147
[2026-06-17T23:40:52.626+0000][7969.409s][info][gc,metaspace  ] GC(304) Metaspace: 52351K(55040K)->52351K(55040K) NonClass: 46412K(47872K)->46412K(47872K) Class: 5939K(7168K)->5939K(7168K)
[2026-06-17T23:40:52.626+0000][7969.409s][info][gc            ] GC(304) Pause Young (Normal) (G1 Evacuation Pause) 444M->201M(512M) 2.532ms
[2026-06-17T23:40:52.626+0000][7969.409s][info][gc,cpu        ] GC(304) User=0.02s Sys=0.00s Real=0.00s
[2026-06-17T23:41:41.145+0000][8017.928s][info][gc,start      ] GC(305) Pause Young (Concurrent Start) (G1 Evacuation Pause)
[2026-06-17T23:41:41.146+0000][8017.929s][info][gc,task       ] GC(305) Using 13 workers of 13 for evacuation
[2026-06-17T23:41:41.148+0000][8017.931s][info][gc,phases     ] GC(305)   Pre Evacuate Collection Set: 0.3ms
[2026-06-17T23:41:41.148+0000][8017.931s][info][gc,phases     ] GC(305)   Evacuate Collection Set: 1.6ms
[2026-06-17T23:41:41.148+0000][8017.931s][info][gc,phases     ] GC(305)   Post Evacuate Collection Set: 0.4ms
[2026-06-17T23:41:41.148+0000][8017.931s][info][gc,phases     ] GC(305)   Other: 0.3ms
[2026-06-17T23:41:41.148+0000][8017.931s][info][gc,heap       ] GC(305) Eden regions: 245->0(248)
[2026-06-17T23:41:41.148+0000][8017.931s][info][gc,heap       ] GC(305) Survivor regions: 6->3(32)
[2026-06-17T23:41:41.148+0000][8017.931s][info][gc,heap       ] GC(305) Old regions: 49->49
[2026-06-17T23:41:41.148+0000][8017.931s][info][gc,heap       ] GC(305) Humongous regions: 147->147
[2026-06-17T23:41:41.148+0000][8017.931s][info][gc,metaspace  ] GC(305) Metaspace: 52353K(55040K)->52353K(55040K) NonClass: 46414K(47872K)->46414K(47872K) Class: 5939K(7168K)->5939K(7168K)
[2026-06-17T23:41:41.148+0000][8017.931s][info][gc            ] GC(305) Pause Young (Concurrent Start) (G1 Evacuation Pause) 446M->198M(512M) 2.743ms
[2026-06-17T23:41:41.148+0000][8017.931s][info][gc,cpu        ] GC(305) User=0.02s Sys=0.00s Real=0.00s
[2026-06-17T23:41:41.148+0000][8017.931s][info][gc            ] GC(306) Concurrent Cycle
[2026-06-17T23:41:41.148+0000][8017.931s][info][gc,marking    ] GC(306) Concurrent Clear Claimed Marks
[2026-06-17T23:41:41.149+0000][8017.932s][info][gc,marking    ] GC(306) Concurrent Clear Claimed Marks 0.196ms
[2026-06-17T23:41:41.149+0000][8017.932s][info][gc,marking    ] GC(306) Concurrent Scan Root Regions
[2026-06-17T23:41:41.150+0000][8017.933s][info][gc,marking    ] GC(306) Concurrent Scan Root Regions 1.133ms
[2026-06-17T23:41:41.150+0000][8017.933s][info][gc,marking    ] GC(306) Concurrent Mark (8017.933s)
[2026-06-17T23:41:41.150+0000][8017.933s][info][gc,marking    ] GC(306) Concurrent Mark From Roots
[2026-06-17T23:41:41.150+0000][8017.933s][info][gc,task       ] GC(306) Using 3 workers of 3 for marking
[2026-06-17T23:41:41.155+0000][8017.938s][info][gc,marking    ] GC(306) Concurrent Mark From Roots 5.407ms
[2026-06-17T23:41:41.155+0000][8017.938s][info][gc,marking    ] GC(306) Concurrent Preclean
[2026-06-17T23:41:41.156+0000][8017.939s][info][gc,marking    ] GC(306) Concurrent Preclean 0.133ms
[2026-06-17T23:41:41.156+0000][8017.939s][info][gc,marking    ] GC(306) Concurrent Mark (8017.933s, 8017.939s) 5.744ms
[2026-06-17T23:41:41.156+0000][8017.939s][info][gc,start      ] GC(306) Pause Remark
[2026-06-17T23:41:41.159+0000][8017.942s][info][gc,stringtable] GC(306) Cleaned string and symbol table, strings: 17279 processed, 0 removed, symbols: 125114 processed, 0 removed
[2026-06-17T23:41:41.159+0000][8017.942s][info][gc            ] GC(306) Pause Remark 201M->201M(512M) 3.299ms
[2026-06-17T23:41:41.159+0000][8017.942s][info][gc,cpu        ] GC(306) User=0.03s Sys=0.00s Real=0.00s
[2026-06-17T23:41:41.159+0000][8017.942s][info][gc,marking    ] GC(306) Concurrent Rebuild Remembered Sets
[2026-06-17T23:41:41.164+0000][8017.947s][info][gc,marking    ] GC(306) Concurrent Rebuild Remembered Sets 4.774ms
[2026-06-17T23:41:41.164+0000][8017.947s][info][gc,start      ] GC(306) Pause Cleanup
[2026-06-17T23:41:41.165+0000][8017.947s][info][gc            ] GC(306) Pause Cleanup 202M->202M(512M) 0.218ms
[2026-06-17T23:41:41.165+0000][8017.948s][info][gc,cpu        ] GC(306) User=0.00s Sys=0.00s Real=0.00s
[2026-06-17T23:41:41.165+0000][8017.948s][info][gc,marking    ] GC(306) Concurrent Cleanup for Next Mark
[2026-06-17T23:41:41.165+0000][8017.948s][info][gc,marking    ] GC(306) Concurrent Cleanup for Next Mark 0.150ms
[2026-06-17T23:41:41.165+0000][8017.948s][info][gc            ] GC(306) Concurrent Cycle 16.654ms
[2026-06-17T23:41:42.659+0000][8019.442s][info][gc,start      ] GC(307) Pause Young (Prepare Mixed) (G1 Evacuation Pause)
[2026-06-17T23:41:42.659+0000][8019.442s][info][gc,task       ] GC(307) Using 13 workers of 13 for evacuation
[2026-06-17T23:41:42.662+0000][8019.445s][info][gc,phases     ] GC(307)   Pre Evacuate Collection Set: 0.0ms
[2026-06-17T23:41:42.662+0000][8019.445s][info][gc,phases     ] GC(307)   Evacuate Collection Set: 2.7ms
[2026-06-17T23:41:42.662+0000][8019.445s][info][gc,phases     ] GC(307)   Post Evacuate Collection Set: 0.4ms
[2026-06-17T23:41:42.662+0000][8019.445s][info][gc,phases     ] GC(307)   Other: 0.3ms
[2026-06-17T23:41:42.662+0000][8019.445s][info][gc,heap       ] GC(307) Eden regions: 248->0(19)
[2026-06-17T23:41:42.662+0000][8019.445s][info][gc,heap       ] GC(307) Survivor regions: 3->6(32)
[2026-06-17T23:41:42.663+0000][8019.445s][info][gc,heap       ] GC(307) Old regions: 49->49
[2026-06-17T23:41:42.663+0000][8019.445s][info][gc,heap       ] GC(307) Humongous regions: 147->147
[2026-06-17T23:41:42.663+0000][8019.446s][info][gc,metaspace  ] GC(307) Metaspace: 52353K(55040K)->52353K(55040K) NonClass: 46414K(47872K)->46414K(47872K) Class: 5939K(7168K)->5939K(7168K)
[2026-06-17T23:41:42.663+0000][8019.446s][info][gc            ] GC(307) Pause Young (Prepare Mixed) (G1 Evacuation Pause) 446M->201M(512M) 3.954ms
[2026-06-17T23:41:42.663+0000][8019.446s][info][gc,cpu        ] GC(307) User=0.02s Sys=0.00s Real=0.01s
[2026-06-17T23:41:42.755+0000][8019.537s][info][gc,start      ] GC(308) Pause Young (Mixed) (G1 Evacuation Pause)
[2026-06-17T23:41:42.755+0000][8019.538s][info][gc,task       ] GC(308) Using 13 workers of 13 for evacuation
[2026-06-17T23:41:42.758+0000][8019.541s][info][gc,phases     ] GC(308)   Pre Evacuate Collection Set: 0.0ms
[2026-06-17T23:41:42.758+0000][8019.541s][info][gc,phases     ] GC(308)   Evacuate Collection Set: 2.6ms
[2026-06-17T23:41:42.758+0000][8019.541s][info][gc,phases     ] GC(308)   Post Evacuate Collection Set: 0.3ms
[2026-06-17T23:41:42.758+0000][8019.541s][info][gc,phases     ] GC(308)   Other: 0.3ms
[2026-06-17T23:41:42.758+0000][8019.541s][info][gc,heap       ] GC(308) Eden regions: 19->0(248)
[2026-06-17T23:41:42.758+0000][8019.541s][info][gc,heap       ] GC(308) Survivor regions: 6->2(4)
[2026-06-17T23:41:42.758+0000][8019.541s][info][gc,heap       ] GC(308) Old regions: 49->50
[2026-06-17T23:41:42.758+0000][8019.541s][info][gc,heap       ] GC(308) Humongous regions: 147->147
[2026-06-17T23:41:42.758+0000][8019.541s][info][gc,metaspace  ] GC(308) Metaspace: 52353K(55040K)->52353K(55040K) NonClass: 46414K(47872K)->46414K(47872K) Class: 5939K(7168K)->5939K(7168K)
[2026-06-17T23:41:42.758+0000][8019.541s][info][gc            ] GC(308) Pause Young (Mixed) (G1 Evacuation Pause) 220M->197M(512M) 3.667ms
[2026-06-17T23:41:42.758+0000][8019.541s][info][gc,cpu        ] GC(308) User=0.03s Sys=0.00s Real=0.00s
[2026-06-17T23:41:44.059+0000][8020.841s][info][gc,start      ] GC(309) Pause Young (Normal) (G1 Evacuation Pause)
[2026-06-17T23:41:44.059+0000][8020.842s][info][gc,task       ] GC(309) Using 13 workers of 13 for evacuation
[2026-06-17T23:41:44.060+0000][8020.843s][info][gc,phases     ] GC(309)   Pre Evacuate Collection Set: 0.0ms
[2026-06-17T23:41:44.060+0000][8020.843s][info][gc,phases     ] GC(309)   Evacuate Collection Set: 1.2ms
[2026-06-17T23:41:44.060+0000][8020.843s][info][gc,phases     ] GC(309)   Post Evacuate Collection Set: 0.3ms
[2026-06-17T23:41:44.061+0000][8020.843s][info][gc,phases     ] GC(309)   Other: 0.3ms
[2026-06-17T23:41:44.061+0000][8020.843s][info][gc,heap       ] GC(309) Eden regions: 248->0(248)
[2026-06-17T23:41:44.061+0000][8020.843s][info][gc,heap       ] GC(309) Survivor regions: 2->3(32)
[2026-06-17T23:41:44.061+0000][8020.844s][info][gc,heap       ] GC(309) Old regions: 50->50
[2026-06-17T23:41:44.061+0000][8020.844s][info][gc,heap       ] GC(309) Humongous regions: 147->147
[2026-06-17T23:41:44.061+0000][8020.844s][info][gc,metaspace  ] GC(309) Metaspace: 52353K(55040K)->52353K(55040K) NonClass: 46414K(47872K)->46414K(47872K) Class: 5939K(7168K)->5939K(7168K)
[2026-06-17T23:41:44.061+0000][8020.844s][info][gc            ] GC(309) Pause Young (Normal) (G1 Evacuation Pause) 445M->198M(512M) 2.154ms
[2026-06-17T23:41:44.061+0000][8020.844s][info][gc,cpu        ] GC(309) User=0.01s Sys=0.00s Real=0.01s
[2026-06-17T23:42:32.605+0000][8069.391s][info][gc,start      ] GC(310) Pause Young (Normal) (G1 Evacuation Pause)
[2026-06-17T23:42:32.606+0000][8069.391s][info][gc,task       ] GC(310) Using 13 workers of 13 for evacuation
[2026-06-17T23:42:32.608+0000][8069.393s][info][gc,phases     ] GC(310)   Pre Evacuate Collection Set: 0.0ms
[2026-06-17T23:42:32.608+0000][8069.393s][info][gc,phases     ] GC(310)   Evacuate Collection Set: 1.6ms
[2026-06-17T23:42:32.608+0000][8069.394s][info][gc,phases     ] GC(310)   Post Evacuate Collection Set: 0.3ms
[2026-06-17T23:42:32.608+0000][8069.394s][info][gc,phases     ] GC(310)   Other: 0.3ms
[2026-06-17T23:42:32.608+0000][8069.394s][info][gc,heap       ] GC(310) Eden regions: 248->0(243)
[2026-06-17T23:42:32.608+0000][8069.394s][info][gc,heap       ] GC(310) Survivor regions: 3->7(32)
[2026-06-17T23:42:32.608+0000][8069.394s][info][gc,heap       ] GC(310) Old regions: 50->50
[2026-06-17T23:42:32.608+0000][8069.394s][info][gc,heap       ] GC(310) Humongous regions: 147->147
[2026-06-17T23:42:32.608+0000][8069.394s][info][gc,metaspace  ] GC(310) Metaspace: 52358K(55040K)->52358K(55040K) NonClass: 46419K(47872K)->46419K(47872K) Class: 5939K(7168K)->5939K(7168K)
[2026-06-17T23:42:32.608+0000][8069.394s][info][gc            ] GC(310) Pause Young (Normal) (G1 Evacuation Pause) 446M->203M(512M) 2.789ms
[2026-06-17T23:42:32.608+0000][8069.394s][info][gc,cpu        ] GC(310) User=0.02s Sys=0.01s Real=0.01s
[2026-06-17T23:42:33.995+0000][8070.781s][info][gc,start      ] GC(311) Pause Young (Concurrent Start) (G1 Evacuation Pause)
[2026-06-17T23:42:33.995+0000][8070.781s][info][gc,task       ] GC(311) Using 13 workers of 13 for evacuation
[2026-06-17T23:42:33.997+0000][8070.783s][info][gc,phases     ] GC(311)   Pre Evacuate Collection Set: 0.3ms
[2026-06-17T23:42:33.997+0000][8070.783s][info][gc,phases     ] GC(311)   Evacuate Collection Set: 1.3ms
[2026-06-17T23:42:33.998+0000][8070.783s][info][gc,phases     ] GC(311)   Post Evacuate Collection Set: 0.3ms
[2026-06-17T23:42:33.998+0000][8070.783s][info][gc,phases     ] GC(311)   Other: 0.4ms
[2026-06-17T23:42:33.998+0000][8070.783s][info][gc,heap       ] GC(311) Eden regions: 243->0(247)
[2026-06-17T23:42:33.998+0000][8070.784s][info][gc,heap       ] GC(311) Survivor regions: 7->4(32)
[2026-06-17T23:42:33.998+0000][8070.784s][info][gc,heap       ] GC(311) Old regions: 50->50
[2026-06-17T23:42:33.998+0000][8070.784s][info][gc,heap       ] GC(311) Humongous regions: 147->147
[2026-06-17T23:42:33.998+0000][8070.784s][info][gc,metaspace  ] GC(311) Metaspace: 52358K(55040K)->52358K(55040K) NonClass: 46419K(47872K)->46419K(47872K) Class: 5939K(7168K)->5939K(7168K)
[2026-06-17T23:42:33.998+0000][8070.784s][info][gc            ] GC(311) Pause Young (Concurrent Start) (G1 Evacuation Pause) 446M->199M(512M) 2.791ms
[2026-06-17T23:42:33.998+0000][8070.784s][info][gc,cpu        ] GC(311) User=0.01s Sys=0.00s Real=0.01s
[2026-06-17T23:42:33.998+0000][8070.784s][info][gc            ] GC(312) Concurrent Cycle
[2026-06-17T23:42:33.998+0000][8070.784s][info][gc,marking    ] GC(312) Concurrent Clear Claimed Marks
[2026-06-17T23:42:33.998+0000][8070.784s][info][gc,marking    ] GC(312) Concurrent Clear Claimed Marks 0.237ms
[2026-06-17T23:42:33.998+0000][8070.784s][info][gc,marking    ] GC(312) Concurrent Scan Root Regions
[2026-06-17T23:42:33.999+0000][8070.785s][info][gc,marking    ] GC(312) Concurrent Scan Root Regions 0.740ms
[2026-06-17T23:42:33.999+0000][8070.785s][info][gc,marking    ] GC(312) Concurrent Mark (8070.785s)
[2026-06-17T23:42:33.999+0000][8070.785s][info][gc,marking    ] GC(312) Concurrent Mark From Roots
[2026-06-17T23:42:33.999+0000][8070.785s][info][gc,task       ] GC(312) Using 3 workers of 3 for marking
[2026-06-17T23:42:34.005+0000][8070.791s][info][gc,marking    ] GC(312) Concurrent Mark From Roots 5.392ms
[2026-06-17T23:42:34.005+0000][8070.791s][info][gc,marking    ] GC(312) Concurrent Preclean
[2026-06-17T23:42:34.005+0000][8070.791s][info][gc,marking    ] GC(312) Concurrent Preclean 0.140ms
[2026-06-17T23:42:34.005+0000][8070.791s][info][gc,marking    ] GC(312) Concurrent Mark (8070.785s, 8070.791s) 5.804ms
[2026-06-17T23:42:34.005+0000][8070.791s][info][gc,start      ] GC(312) Pause Remark
[2026-06-17T23:42:34.008+0000][8070.794s][info][gc,stringtable] GC(312) Cleaned string and symbol table, strings: 17283 processed, 0 removed, symbols: 125114 processed, 0 removed
[2026-06-17T23:42:34.008+0000][8070.794s][info][gc            ] GC(312) Pause Remark 203M->203M(512M) 3.176ms
[2026-06-17T23:42:34.009+0000][8070.794s][info][gc,cpu        ] GC(312) User=0.02s Sys=0.01s Real=0.01s
[2026-06-17T23:42:34.009+0000][8070.794s][info][gc,marking    ] GC(312) Concurrent Rebuild Remembered Sets
[2026-06-17T23:42:34.013+0000][8070.798s][info][gc,marking    ] GC(312) Concurrent Rebuild Remembered Sets 4.012ms
[2026-06-17T23:42:34.013+0000][8070.799s][info][gc,start      ] GC(312) Pause Cleanup
[2026-06-17T23:42:34.013+0000][8070.799s][info][gc            ] GC(312) Pause Cleanup 204M->204M(512M) 0.168ms
[2026-06-17T23:42:34.013+0000][8070.799s][info][gc,cpu        ] GC(312) User=0.00s Sys=0.00s Real=0.00s
[2026-06-17T23:42:34.013+0000][8070.799s][info][gc,marking    ] GC(312) Concurrent Cleanup for Next Mark
[2026-06-17T23:42:34.013+0000][8070.799s][info][gc,marking    ] GC(312) Concurrent Cleanup for Next Mark 0.152ms
[2026-06-17T23:42:34.013+0000][8070.799s][info][gc            ] GC(312) Concurrent Cycle 15.310ms
[2026-06-17T23:42:35.293+0000][8072.079s][info][gc,start      ] GC(313) Pause Young (Prepare Mixed) (G1 Evacuation Pause)
[2026-06-17T23:42:35.293+0000][8072.079s][info][gc,task       ] GC(313) Using 13 workers of 13 for evacuation
[2026-06-17T23:42:35.297+0000][8072.083s][info][gc,phases     ] GC(313)   Pre Evacuate Collection Set: 0.0ms
[2026-06-17T23:42:35.297+0000][8072.083s][info][gc,phases     ] GC(313)   Evacuate Collection Set: 3.0ms
[2026-06-17T23:42:35.297+0000][8072.083s][info][gc,phases     ] GC(313)   Post Evacuate Collection Set: 0.4ms
[2026-06-17T23:42:35.297+0000][8072.083s][info][gc,phases     ] GC(313)   Other: 0.4ms
[2026-06-17T23:42:35.298+0000][8072.083s][info][gc,heap       ] GC(313) Eden regions: 247->0(17)
[2026-06-17T23:42:35.298+0000][8072.083s][info][gc,heap       ] GC(313) Survivor regions: 4->8(32)
[2026-06-17T23:42:35.298+0000][8072.083s][info][gc,heap       ] GC(313) Old regions: 50->50
[2026-06-17T23:42:35.298+0000][8072.083s][info][gc,heap       ] GC(313) Humongous regions: 147->147
[2026-06-17T23:42:35.298+0000][8072.084s][info][gc,metaspace  ] GC(313) Metaspace: 52358K(55040K)->52358K(55040K) NonClass: 46419K(47872K)->46419K(47872K) Class: 5939K(7168K)->5939K(7168K)
[2026-06-17T23:42:35.298+0000][8072.084s][info][gc            ] GC(313) Pause Young (Prepare Mixed) (G1 Evacuation Pause) 446M->203M(512M) 4.477ms
[2026-06-17T23:42:35.298+0000][8072.084s][info][gc,cpu        ] GC(313) User=0.02s Sys=0.00s Real=0.01s
[2026-06-17T23:42:35.386+0000][8072.172s][info][gc,start      ] GC(314) Pause Young (Mixed) (G1 Evacuation Pause)
[2026-06-17T23:42:35.386+0000][8072.172s][info][gc,task       ] GC(314) Using 13 workers of 13 for evacuation
[2026-06-17T23:42:35.392+0000][8072.178s][info][gc,phases     ] GC(314)   Pre Evacuate Collection Set: 0.0ms
[2026-06-17T23:42:35.392+0000][8072.178s][info][gc,phases     ] GC(314)   Evacuate Collection Set: 5.3ms
[2026-06-17T23:42:35.392+0000][8072.178s][info][gc,phases     ] GC(314)   Post Evacuate Collection Set: 0.4ms
[2026-06-17T23:42:35.392+0000][8072.178s][info][gc,phases     ] GC(314)   Other: 0.3ms
[2026-06-17T23:42:35.392+0000][8072.178s][info][gc,heap       ] GC(314) Eden regions: 17->0(246)
[2026-06-17T23:42:35.392+0000][8072.178s][info][gc,heap       ] GC(314) Survivor regions: 8->2(4)
[2026-06-17T23:42:35.392+0000][8072.178s][info][gc,heap       ] GC(314) Old regions: 50->51
[2026-06-17T23:42:35.392+0000][8072.178s][info][gc,heap       ] GC(314) Humongous regions: 147->147
[2026-06-17T23:42:35.392+0000][8072.178s][info][gc,metaspace  ] GC(314) Metaspace: 52358K(55040K)->52358K(55040K) NonClass: 46419K(47872K)->46419K(47872K) Class: 5939K(7168K)->5939K(7168K)
[2026-06-17T23:42:35.393+0000][8072.179s][info][gc            ] GC(314) Pause Young (Mixed) (G1 Evacuation Pause) 220M->199M(512M) 7.012ms
[2026-06-17T23:42:35.393+0000][8072.179s][info][gc,cpu        ] GC(314) User=0.02s Sys=0.00s Real=0.01s
[2026-06-17T23:42:36.636+0000][8073.422s][info][gc,start      ] GC(315) Pause Young (Normal) (G1 Evacuation Pause)
[2026-06-17T23:42:36.636+0000][8073.422s][info][gc,task       ] GC(315) Using 13 workers of 13 for evacuation
[2026-06-17T23:42:36.638+0000][8073.424s][info][gc,phases     ] GC(315)   Pre Evacuate Collection Set: 0.0ms
[2026-06-17T23:42:36.638+0000][8073.424s][info][gc,phases     ] GC(315)   Evacuate Collection Set: 1.3ms
[2026-06-17T23:42:36.638+0000][8073.424s][info][gc,phases     ] GC(315)   Post Evacuate Collection Set: 0.3ms
[2026-06-17T23:42:36.638+0000][8073.424s][info][gc,phases     ] GC(315)   Other: 0.3ms
[2026-06-17T23:42:36.638+0000][8073.424s][info][gc,heap       ] GC(315) Eden regions: 246->0(246)
[2026-06-17T23:42:36.638+0000][8073.424s][info][gc,heap       ] GC(315) Survivor regions: 2->4(31)
[2026-06-17T23:42:36.638+0000][8073.424s][info][gc,heap       ] GC(315) Old regions: 51->51
[2026-06-17T23:42:36.639+0000][8073.424s][info][gc,heap       ] GC(315) Humongous regions: 147->147
[2026-06-17T23:42:36.639+0000][8073.424s][info][gc,metaspace  ] GC(315) Metaspace: 52358K(55040K)->52358K(55040K) NonClass: 46419K(47872K)->46419K(47872K) Class: 5939K(7168K)->5939K(7168K)
[2026-06-17T23:42:36.639+0000][8073.424s][info][gc            ] GC(315) Pause Young (Normal) (G1 Evacuation Pause) 445M->200M(512M) 2.407ms
[2026-06-17T23:42:36.639+0000][8073.424s][info][gc,cpu        ] GC(315) User=0.02s Sys=0.00s Real=0.01s
[2026-06-17T23:43:25.223+0000][8122.006s][info][gc,start      ] GC(316) Pause Young (Normal) (G1 Evacuation Pause)
[2026-06-17T23:43:25.223+0000][8122.006s][info][gc,task       ] GC(316) Using 13 workers of 13 for evacuation
[2026-06-17T23:43:25.225+0000][8122.009s][info][gc,phases     ] GC(316)   Pre Evacuate Collection Set: 0.0ms
[2026-06-17T23:43:25.225+0000][8122.009s][info][gc,phases     ] GC(316)   Evacuate Collection Set: 1.5ms
[2026-06-17T23:43:25.225+0000][8122.009s][info][gc,phases     ] GC(316)   Post Evacuate Collection Set: 0.4ms
[2026-06-17T23:43:25.225+0000][8122.009s][info][gc,phases     ] GC(316)   Other: 0.3ms
[2026-06-17T23:43:25.225+0000][8122.009s][info][gc,heap       ] GC(316) Eden regions: 246->0(240)
[2026-06-17T23:43:25.226+0000][8122.009s][info][gc,heap       ] GC(316) Survivor regions: 4->8(32)
[2026-06-17T23:43:25.226+0000][8122.009s][info][gc,heap       ] GC(316) Old regions: 51->51
[2026-06-17T23:43:25.226+0000][8122.009s][info][gc,heap       ] GC(316) Humongous regions: 147->147
[2026-06-17T23:43:25.226+0000][8122.009s][info][gc,metaspace  ] GC(316) Metaspace: 52366K(55040K)->52366K(55040K) NonClass: 46427K(47872K)->46427K(47872K) Class: 5939K(7168K)->5939K(7168K)
[2026-06-17T23:43:25.226+0000][8122.009s][info][gc            ] GC(316) Pause Young (Normal) (G1 Evacuation Pause) 446M->205M(512M) 2.601ms
[2026-06-17T23:43:25.226+0000][8122.009s][info][gc,cpu        ] GC(316) User=0.02s Sys=0.01s Real=0.00s
[2026-06-17T23:43:26.656+0000][8123.439s][info][gc,start      ] GC(317) Pause Young (Concurrent Start) (G1 Evacuation Pause)
[2026-06-17T23:43:26.657+0000][8123.440s][info][gc,task       ] GC(317) Using 13 workers of 13 for evacuation
[2026-06-17T23:43:26.661+0000][8123.444s][info][gc,phases     ] GC(317)   Pre Evacuate Collection Set: 0.3ms
[2026-06-17T23:43:26.661+0000][8123.444s][info][gc,phases     ] GC(317)   Evacuate Collection Set: 1.7ms
[2026-06-17T23:43:26.661+0000][8123.444s][info][gc,phases     ] GC(317)   Post Evacuate Collection Set: 0.3ms
[2026-06-17T23:43:26.661+0000][8123.444s][info][gc,phases     ] GC(317)   Other: 2.3ms
[2026-06-17T23:43:26.661+0000][8123.444s][info][gc,heap       ] GC(317) Eden regions: 240->0(243)
[2026-06-17T23:43:26.661+0000][8123.444s][info][gc,heap       ] GC(317) Survivor regions: 8->6(31)
[2026-06-17T23:43:26.661+0000][8123.444s][info][gc,heap       ] GC(317) Old regions: 51->51
[2026-06-17T23:43:26.661+0000][8123.444s][info][gc,heap       ] GC(317) Humongous regions: 147->147
[2026-06-17T23:43:26.661+0000][8123.444s][info][gc,metaspace  ] GC(317) Metaspace: 52366K(55040K)->52366K(55040K) NonClass: 46427K(47872K)->46427K(47872K) Class: 5939K(7168K)->5939K(7168K)
[2026-06-17T23:43:26.661+0000][8123.444s][info][gc            ] GC(317) Pause Young (Concurrent Start) (G1 Evacuation Pause) 445M->202M(512M) 4.870ms
[2026-06-17T23:43:26.661+0000][8123.444s][info][gc,cpu        ] GC(317) User=0.02s Sys=0.00s Real=0.01s
[2026-06-17T23:43:26.661+0000][8123.444s][info][gc            ] GC(318) Concurrent Cycle
[2026-06-17T23:43:26.662+0000][8123.444s][info][gc,marking    ] GC(318) Concurrent Clear Claimed Marks
[2026-06-17T23:43:26.662+0000][8123.444s][info][gc,marking    ] GC(318) Concurrent Clear Claimed Marks 0.145ms
[2026-06-17T23:43:26.662+0000][8123.444s][info][gc,marking    ] GC(318) Concurrent Scan Root Regions
[2026-06-17T23:43:26.663+0000][8123.445s][info][gc,marking    ] GC(318) Concurrent Scan Root Regions 1.039ms
[2026-06-17T23:43:26.663+0000][8123.446s][info][gc,marking    ] GC(318) Concurrent Mark (8123.446s)
[2026-06-17T23:43:26.663+0000][8123.446s][info][gc,marking    ] GC(318) Concurrent Mark From Roots
[2026-06-17T23:43:26.663+0000][8123.446s][info][gc,task       ] GC(318) Using 3 workers of 3 for marking
[2026-06-17T23:43:26.668+0000][8123.451s][info][gc,marking    ] GC(318) Concurrent Mark From Roots 5.348ms
[2026-06-17T23:43:26.668+0000][8123.451s][info][gc,marking    ] GC(318) Concurrent Preclean
[2026-06-17T23:43:26.669+0000][8123.451s][info][gc,marking    ] GC(318) Concurrent Preclean 0.183ms
[2026-06-17T23:43:26.669+0000][8123.451s][info][gc,marking    ] GC(318) Concurrent Mark (8123.446s, 8123.451s) 5.743ms
[2026-06-17T23:43:26.669+0000][8123.451s][info][gc,start      ] GC(318) Pause Remark
[2026-06-17T23:43:26.671+0000][8123.454s][info][gc,stringtable] GC(318) Cleaned string and symbol table, strings: 17283 processed, 0 removed, symbols: 125114 processed, 0 removed
[2026-06-17T23:43:26.672+0000][8123.454s][info][gc            ] GC(318) Pause Remark 206M->206M(512M) 2.855ms
[2026-06-17T23:43:26.672+0000][8123.454s][info][gc,cpu        ] GC(318) User=0.02s Sys=0.00s Real=0.01s
[2026-06-17T23:43:26.672+0000][8123.455s][info][gc,marking    ] GC(318) Concurrent Rebuild Remembered Sets
[2026-06-17T23:43:26.676+0000][8123.459s][info][gc,marking    ] GC(318) Concurrent Rebuild Remembered Sets 4.048ms
[2026-06-17T23:43:26.676+0000][8123.459s][info][gc,start      ] GC(318) Pause Cleanup
[2026-06-17T23:43:26.676+0000][8123.459s][info][gc            ] GC(318) Pause Cleanup 207M->207M(512M) 0.159ms
[2026-06-17T23:43:26.676+0000][8123.459s][info][gc,cpu        ] GC(318) User=0.00s Sys=0.00s Real=0.00s
[2026-06-17T23:43:26.676+0000][8123.459s][info][gc,marking    ] GC(318) Concurrent Cleanup for Next Mark
[2026-06-17T23:43:26.677+0000][8123.459s][info][gc,marking    ] GC(318) Concurrent Cleanup for Next Mark 0.155ms
[2026-06-17T23:43:26.677+0000][8123.459s][info][gc            ] GC(318) Concurrent Cycle 15.134ms
[2026-06-17T23:43:27.924+0000][8124.707s][info][gc,start      ] GC(319) Pause Young (Prepare Mixed) (G1 Evacuation Pause)
[2026-06-17T23:43:27.924+0000][8124.707s][info][gc,task       ] GC(319) Using 13 workers of 13 for evacuation
[2026-06-17T23:43:27.927+0000][8124.709s][info][gc,phases     ] GC(319)   Pre Evacuate Collection Set: 0.0ms
[2026-06-17T23:43:27.927+0000][8124.709s][info][gc,phases     ] GC(319)   Evacuate Collection Set: 2.0ms
[2026-06-17T23:43:27.927+0000][8124.709s][info][gc,phases     ] GC(319)   Post Evacuate Collection Set: 0.4ms
[2026-06-17T23:43:27.927+0000][8124.710s][info][gc,phases     ] GC(319)   Other: 0.3ms
[2026-06-17T23:43:27.927+0000][8124.710s][info][gc,heap       ] GC(319) Eden regions: 243->0(15)
[2026-06-17T23:43:27.927+0000][8124.710s][info][gc,heap       ] GC(319) Survivor regions: 6->10(32)
[2026-06-17T23:43:27.927+0000][8124.710s][info][gc,heap       ] GC(319) Old regions: 51->51
[2026-06-17T23:43:27.927+0000][8124.710s][info][gc,heap       ] GC(319) Humongous regions: 147->147
[2026-06-17T23:43:27.927+0000][8124.710s][info][gc,metaspace  ] GC(319) Metaspace: 52366K(55040K)->52366K(55040K) NonClass: 46427K(47872K)->46427K(47872K) Class: 5939K(7168K)->5939K(7168K)
[2026-06-17T23:43:27.927+0000][8124.710s][info][gc            ] GC(319) Pause Young (Prepare Mixed) (G1 Evacuation Pause) 445M->206M(512M) 3.297ms
[2026-06-17T23:43:27.927+0000][8124.710s][info][gc,cpu        ] GC(319) User=0.03s Sys=0.00s Real=0.00s
[2026-06-17T23:43:27.994+0000][8124.777s][info][gc,start      ] GC(320) Pause Young (Mixed) (G1 Evacuation Pause)
[2026-06-17T23:43:27.994+0000][8124.777s][info][gc,task       ] GC(320) Using 13 workers of 13 for evacuation
[2026-06-17T23:43:27.997+0000][8124.779s][info][gc,phases     ] GC(320)   Pre Evacuate Collection Set: 0.0ms
[2026-06-17T23:43:27.997+0000][8124.779s][info][gc,phases     ] GC(320)   Evacuate Collection Set: 1.9ms
[2026-06-17T23:43:27.997+0000][8124.779s][info][gc,phases     ] GC(320)   Post Evacuate Collection Set: 0.3ms
[2026-06-17T23:43:27.997+0000][8124.780s][info][gc,phases     ] GC(320)   Other: 0.3ms
[2026-06-17T23:43:27.997+0000][8124.780s][info][gc,heap       ] GC(320) Eden regions: 15->0(248)
[2026-06-17T23:43:27.997+0000][8124.780s][info][gc,heap       ] GC(320) Survivor regions: 10->2(4)
[2026-06-17T23:43:27.997+0000][8124.780s][info][gc,heap       ] GC(320) Old regions: 51->47
[2026-06-17T23:43:27.997+0000][8124.780s][info][gc,heap       ] GC(320) Humongous regions: 147->147
[2026-06-17T23:43:27.997+0000][8124.780s][info][gc,metaspace  ] GC(320) Metaspace: 52366K(55040K)->52366K(55040K) NonClass: 46427K(47872K)->46427K(47872K) Class: 5939K(7168K)->5939K(7168K)
[2026-06-17T23:43:27.997+0000][8124.780s][info][gc            ] GC(320) Pause Young (Mixed) (G1 Evacuation Pause) 221M->194M(512M) 2.929ms
[2026-06-17T23:43:27.997+0000][8124.780s][info][gc,cpu        ] GC(320) User=0.02s Sys=0.00s Real=0.00s
[2026-06-17T23:44:16.542+0000][8173.327s][info][gc,start      ] GC(321) Pause Young (Normal) (G1 Evacuation Pause)
[2026-06-17T23:44:16.542+0000][8173.327s][info][gc,task       ] GC(321) Using 13 workers of 13 for evacuation
[2026-06-17T23:44:16.544+0000][8173.329s][info][gc,phases     ] GC(321)   Pre Evacuate Collection Set: 0.0ms
[2026-06-17T23:44:16.544+0000][8173.329s][info][gc,phases     ] GC(321)   Evacuate Collection Set: 1.4ms
[2026-06-17T23:44:16.544+0000][8173.329s][info][gc,phases     ] GC(321)   Post Evacuate Collection Set: 0.4ms
[2026-06-17T23:44:16.544+0000][8173.329s][info][gc,phases     ] GC(321)   Other: 0.3ms
[2026-06-17T23:44:16.544+0000][8173.329s][info][gc,heap       ] GC(321) Eden regions: 248->0(245)
[2026-06-17T23:44:16.544+0000][8173.329s][info][gc,heap       ] GC(321) Survivor regions: 2->5(32)
[2026-06-17T23:44:16.544+0000][8173.329s][info][gc,heap       ] GC(321) Old regions: 47->47
[2026-06-17T23:44:16.544+0000][8173.329s][info][gc,heap       ] GC(321) Humongous regions: 147->147
[2026-06-17T23:44:16.544+0000][8173.329s][info][gc,metaspace  ] GC(321) Metaspace: 52367K(55040K)->52367K(55040K) NonClass: 46427K(47872K)->46427K(47872K) Class: 5939K(7168K)->5939K(7168K)
[2026-06-17T23:44:16.544+0000][8173.329s][info][gc            ] GC(321) Pause Young (Normal) (G1 Evacuation Pause) 442M->198M(512M) 2.347ms
[2026-06-17T23:44:16.544+0000][8173.329s][info][gc,cpu        ] GC(321) User=0.02s Sys=0.00s Real=0.00s
[2026-06-17T23:44:18.070+0000][8174.855s][info][gc,start      ] GC(322) Pause Young (Normal) (G1 Evacuation Pause)
[2026-06-17T23:44:18.070+0000][8174.855s][info][gc,task       ] GC(322) Using 13 workers of 13 for evacuation
[2026-06-17T23:44:18.072+0000][8174.857s][info][gc,phases     ] GC(322)   Pre Evacuate Collection Set: 0.0ms
[2026-06-17T23:44:18.072+0000][8174.857s][info][gc,phases     ] GC(322)   Evacuate Collection Set: 1.3ms
[2026-06-17T23:44:18.072+0000][8174.857s][info][gc,phases     ] GC(322)   Post Evacuate Collection Set: 0.4ms
[2026-06-17T23:44:18.073+0000][8174.857s][info][gc,phases     ] GC(322)   Other: 0.3ms
[2026-06-17T23:44:18.073+0000][8174.857s][info][gc,heap       ] GC(322) Eden regions: 245->0(248)
[2026-06-17T23:44:18.073+0000][8174.858s][info][gc,heap       ] GC(322) Survivor regions: 5->3(32)
[2026-06-17T23:44:18.073+0000][8174.858s][info][gc,heap       ] GC(322) Old regions: 47->47
[2026-06-17T23:44:18.073+0000][8174.858s][info][gc,heap       ] GC(322) Humongous regions: 147->147
[2026-06-17T23:44:18.073+0000][8174.858s][info][gc,metaspace  ] GC(322) Metaspace: 52367K(55040K)->52367K(55040K) NonClass: 46427K(47872K)->46427K(47872K) Class: 5939K(7168K)->5939K(7168K)
[2026-06-17T23:44:18.073+0000][8174.858s][info][gc            ] GC(322) Pause Young (Normal) (G1 Evacuation Pause) 443M->195M(512M) 2.417ms
[2026-06-17T23:44:18.073+0000][8174.858s][info][gc,cpu        ] GC(322) User=0.01s Sys=0.00s Real=0.00s
[2026-06-17T23:44:19.399+0000][8176.184s][info][gc,start      ] GC(323) Pause Young (Concurrent Start) (G1 Evacuation Pause)
[2026-06-17T23:44:19.399+0000][8176.184s][info][gc,task       ] GC(323) Using 13 workers of 13 for evacuation
[2026-06-17T23:44:19.402+0000][8176.187s][info][gc,phases     ] GC(323)   Pre Evacuate Collection Set: 0.2ms
[2026-06-17T23:44:19.402+0000][8176.187s][info][gc,phases     ] GC(323)   Evacuate Collection Set: 2.0ms
[2026-06-17T23:44:19.402+0000][8176.187s][info][gc,phases     ] GC(323)   Post Evacuate Collection Set: 0.4ms
[2026-06-17T23:44:19.402+0000][8176.187s][info][gc,phases     ] GC(323)   Other: 0.3ms
[2026-06-17T23:44:19.402+0000][8176.187s][info][gc,heap       ] GC(323) Eden regions: 248->0(245)
[2026-06-17T23:44:19.402+0000][8176.187s][info][gc,heap       ] GC(323) Survivor regions: 3->7(32)
[2026-06-17T23:44:19.403+0000][8176.187s][info][gc,heap       ] GC(323) Old regions: 47->47
[2026-06-17T23:44:19.403+0000][8176.188s][info][gc,heap       ] GC(323) Humongous regions: 147->147
[2026-06-17T23:44:19.403+0000][8176.188s][info][gc,metaspace  ] GC(323) Metaspace: 52367K(55040K)->52367K(55040K) NonClass: 46427K(47872K)->46427K(47872K) Class: 5939K(7168K)->5939K(7168K)
[2026-06-17T23:44:19.403+0000][8176.188s][info][gc            ] GC(323) Pause Young (Concurrent Start) (G1 Evacuation Pause) 443M->199M(512M) 3.382ms
[2026-06-17T23:44:19.403+0000][8176.188s][info][gc,cpu        ] GC(323) User=0.03s Sys=0.00s Real=0.00s
[2026-06-17T23:44:19.403+0000][8176.188s][info][gc            ] GC(324) Concurrent Cycle
[2026-06-17T23:44:19.403+0000][8176.188s][info][gc,marking    ] GC(324) Concurrent Clear Claimed Marks
[2026-06-17T23:44:19.403+0000][8176.188s][info][gc,marking    ] GC(324) Concurrent Clear Claimed Marks 0.155ms
[2026-06-17T23:44:19.403+0000][8176.188s][info][gc,marking    ] GC(324) Concurrent Scan Root Regions
[2026-06-17T23:44:19.405+0000][8176.189s][info][gc,marking    ] GC(324) Concurrent Scan Root Regions 1.420ms
[2026-06-17T23:44:19.405+0000][8176.190s][info][gc,marking    ] GC(324) Concurrent Mark (8176.190s)
[2026-06-17T23:44:19.405+0000][8176.190s][info][gc,marking    ] GC(324) Concurrent Mark From Roots
[2026-06-17T23:44:19.405+0000][8176.190s][info][gc,task       ] GC(324) Using 3 workers of 3 for marking
[2026-06-17T23:44:19.410+0000][8176.195s][info][gc,marking    ] GC(324) Concurrent Mark From Roots 5.397ms
[2026-06-17T23:44:19.410+0000][8176.195s][info][gc,marking    ] GC(324) Concurrent Preclean
[2026-06-17T23:44:19.410+0000][8176.195s][info][gc,marking    ] GC(324) Concurrent Preclean 0.161ms
[2026-06-17T23:44:19.410+0000][8176.195s][info][gc,marking    ] GC(324) Concurrent Mark (8176.190s, 8176.195s) 5.786ms
[2026-06-17T23:44:19.411+0000][8176.196s][info][gc,start      ] GC(324) Pause Remark
[2026-06-17T23:44:19.413+0000][8176.198s][info][gc,stringtable] GC(324) Cleaned string and symbol table, strings: 17286 processed, 0 removed, symbols: 125114 processed, 0 removed
[2026-06-17T23:44:19.413+0000][8176.198s][info][gc            ] GC(324) Pause Remark 203M->203M(512M) 2.421ms
[2026-06-17T23:44:19.413+0000][8176.198s][info][gc,cpu        ] GC(324) User=0.02s Sys=0.00s Real=0.00s
[2026-06-17T23:44:19.413+0000][8176.198s][info][gc,marking    ] GC(324) Concurrent Rebuild Remembered Sets
[2026-06-17T23:44:19.418+0000][8176.203s][info][gc,marking    ] GC(324) Concurrent Rebuild Remembered Sets 4.698ms
[2026-06-17T23:44:19.418+0000][8176.203s][info][gc,start      ] GC(324) Pause Cleanup
[2026-06-17T23:44:19.419+0000][8176.203s][info][gc            ] GC(324) Pause Cleanup 204M->204M(512M) 0.394ms
[2026-06-17T23:44:19.419+0000][8176.204s][info][gc,cpu        ] GC(324) User=0.00s Sys=0.00s Real=0.01s
[2026-06-17T23:44:19.419+0000][8176.204s][info][gc,marking    ] GC(324) Concurrent Cleanup for Next Mark
[2026-06-17T23:44:19.419+0000][8176.204s][info][gc,marking    ] GC(324) Concurrent Cleanup for Next Mark 0.132ms
[2026-06-17T23:44:19.419+0000][8176.204s][info][gc            ] GC(324) Concurrent Cycle 16.062ms
[2026-06-17T23:45:07.606+0000][8224.389s][info][gc,start      ] GC(325) Pause Young (Prepare Mixed) (G1 Evacuation Pause)
[2026-06-17T23:45:07.606+0000][8224.389s][info][gc,task       ] GC(325) Using 13 workers of 13 for evacuation
[2026-06-17T23:45:07.608+0000][8224.391s][info][gc,phases     ] GC(325)   Pre Evacuate Collection Set: 0.0ms
[2026-06-17T23:45:07.609+0000][8224.391s][info][gc,phases     ] GC(325)   Evacuate Collection Set: 1.7ms
[2026-06-17T23:45:07.609+0000][8224.391s][info][gc,phases     ] GC(325)   Post Evacuate Collection Set: 0.3ms
[2026-06-17T23:45:07.609+0000][8224.392s][info][gc,phases     ] GC(325)   Other: 0.4ms
[2026-06-17T23:45:07.609+0000][8224.392s][info][gc,heap       ] GC(325) Eden regions: 245->0(21)
[2026-06-17T23:45:07.609+0000][8224.392s][info][gc,heap       ] GC(325) Survivor regions: 7->4(32)
[2026-06-17T23:45:07.609+0000][8224.392s][info][gc,heap       ] GC(325) Old regions: 47->47
[2026-06-17T23:45:07.609+0000][8224.392s][info][gc,heap       ] GC(325) Humongous regions: 147->147
[2026-06-17T23:45:07.609+0000][8224.392s][info][gc,metaspace  ] GC(325) Metaspace: 52372K(55040K)->52372K(55040K) NonClass: 46433K(47872K)->46433K(47872K) Class: 5939K(7168K)->5939K(7168K)
[2026-06-17T23:45:07.609+0000][8224.392s][info][gc            ] GC(325) Pause Young (Prepare Mixed) (G1 Evacuation Pause) 444M->196M(512M) 2.861ms
[2026-06-17T23:45:07.609+0000][8224.392s][info][gc,cpu        ] GC(325) User=0.01s Sys=0.00s Real=0.00s
[2026-06-17T23:45:07.720+0000][8224.503s][info][gc,start      ] GC(326) Pause Young (Mixed) (G1 Evacuation Pause)
[2026-06-17T23:45:07.720+0000][8224.503s][info][gc,task       ] GC(326) Using 13 workers of 13 for evacuation
[2026-06-17T23:45:07.722+0000][8224.505s][info][gc,phases     ] GC(326)   Pre Evacuate Collection Set: 0.0ms
[2026-06-17T23:45:07.722+0000][8224.505s][info][gc,phases     ] GC(326)   Evacuate Collection Set: 1.6ms
[2026-06-17T23:45:07.722+0000][8224.505s][info][gc,phases     ] GC(326)   Post Evacuate Collection Set: 0.3ms
[2026-06-17T23:45:07.722+0000][8224.505s][info][gc,phases     ] GC(326)   Other: 0.4ms
[2026-06-17T23:45:07.722+0000][8224.505s][info][gc,heap       ] GC(326) Eden regions: 21->0(252)
[2026-06-17T23:45:07.722+0000][8224.505s][info][gc,heap       ] GC(326) Survivor regions: 4->3(4)
[2026-06-17T23:45:07.722+0000][8224.505s][info][gc,heap       ] GC(326) Old regions: 47->45
[2026-06-17T23:45:07.722+0000][8224.505s][info][gc,heap       ] GC(326) Humongous regions: 147->147
[2026-06-17T23:45:07.723+0000][8224.505s][info][gc,metaspace  ] GC(326) Metaspace: 52372K(55040K)->52372K(55040K) NonClass: 46433K(47872K)->46433K(47872K) Class: 5939K(7168K)->5939K(7168K)
[2026-06-17T23:45:07.723+0000][8224.505s][info][gc            ] GC(326) Pause Young (Mixed) (G1 Evacuation Pause) 217M->194M(512M) 2.707ms
[2026-06-17T23:45:07.723+0000][8224.505s][info][gc,cpu        ] GC(326) User=0.01s Sys=0.00s Real=0.01s
[2026-06-17T23:45:09.315+0000][8226.098s][info][gc,start      ] GC(327) Pause Young (Normal) (G1 Evacuation Pause)
[2026-06-17T23:45:09.316+0000][8226.098s][info][gc,task       ] GC(327) Using 13 workers of 13 for evacuation
[2026-06-17T23:45:09.318+0000][8226.101s][info][gc,phases     ] GC(327)   Pre Evacuate Collection Set: 0.0ms
[2026-06-17T23:45:09.318+0000][8226.101s][info][gc,phases     ] GC(327)   Evacuate Collection Set: 1.7ms
[2026-06-17T23:45:09.318+0000][8226.101s][info][gc,phases     ] GC(327)   Post Evacuate Collection Set: 0.4ms
[2026-06-17T23:45:09.318+0000][8226.101s][info][gc,phases     ] GC(327)   Other: 0.3ms
[2026-06-17T23:45:09.318+0000][8226.101s][info][gc,heap       ] GC(327) Eden regions: 252->0(246)
[2026-06-17T23:45:09.318+0000][8226.101s][info][gc,heap       ] GC(327) Survivor regions: 3->8(32)
[2026-06-17T23:45:09.318+0000][8226.101s][info][gc,heap       ] GC(327) Old regions: 45->45
[2026-06-17T23:45:09.318+0000][8226.101s][info][gc,heap       ] GC(327) Humongous regions: 147->147
[2026-06-17T23:45:09.318+0000][8226.101s][info][gc,metaspace  ] GC(327) Metaspace: 52372K(55040K)->52372K(55040K) NonClass: 46433K(47872K)->46433K(47872K) Class: 5939K(7168K)->5939K(7168K)
[2026-06-17T23:45:09.318+0000][8226.101s][info][gc            ] GC(327) Pause Young (Normal) (G1 Evacuation Pause) 446M->198M(512M) 2.989ms
[2026-06-17T23:45:09.318+0000][8226.101s][info][gc,cpu        ] GC(327) User=0.02s Sys=0.00s Real=0.00s
[2026-06-17T23:45:10.614+0000][8227.397s][info][gc,start      ] GC(328) Pause Young (Normal) (G1 Evacuation Pause)
[2026-06-17T23:45:10.615+0000][8227.397s][info][gc,task       ] GC(328) Using 13 workers of 13 for evacuation
[2026-06-17T23:45:10.618+0000][8227.400s][info][gc,phases     ] GC(328)   Pre Evacuate Collection Set: 0.0ms
[2026-06-17T23:45:10.618+0000][8227.401s][info][gc,phases     ] GC(328)   Evacuate Collection Set: 2.6ms
[2026-06-17T23:45:10.618+0000][8227.401s][info][gc,phases     ] GC(328)   Post Evacuate Collection Set: 0.4ms
[2026-06-17T23:45:10.618+0000][8227.401s][info][gc,phases     ] GC(328)   Other: 0.3ms
[2026-06-17T23:45:10.618+0000][8227.401s][info][gc,heap       ] GC(328) Eden regions: 246->0(249)
[2026-06-17T23:45:10.618+0000][8227.401s][info][gc,heap       ] GC(328) Survivor regions: 8->6(32)
[2026-06-17T23:45:10.618+0000][8227.401s][info][gc,heap       ] GC(328) Old regions: 45->45
[2026-06-17T23:45:10.618+0000][8227.401s][info][gc,heap       ] GC(328) Humongous regions: 147->147
[2026-06-17T23:45:10.618+0000][8227.401s][info][gc,metaspace  ] GC(328) Metaspace: 52372K(55040K)->52372K(55040K) NonClass: 46433K(47872K)->46433K(47872K) Class: 5939K(7168K)->5939K(7168K)
[2026-06-17T23:45:10.618+0000][8227.401s][info][gc            ] GC(328) Pause Young (Normal) (G1 Evacuation Pause) 444M->196M(512M) 3.668ms
[2026-06-17T23:45:10.618+0000][8227.401s][info][gc,cpu        ] GC(328) User=0.03s Sys=0.00s Real=0.00s
[2026-06-17T23:45:11.886+0000][8228.669s][info][gc,start      ] GC(329) Pause Young (Concurrent Start) (G1 Evacuation Pause)
[2026-06-17T23:45:11.886+0000][8228.669s][info][gc,task       ] GC(329) Using 13 workers of 13 for evacuation
[2026-06-17T23:45:11.889+0000][8228.672s][info][gc,phases     ] GC(329)   Pre Evacuate Collection Set: 0.3ms
[2026-06-17T23:45:11.889+0000][8228.672s][info][gc,phases     ] GC(329)   Evacuate Collection Set: 2.4ms
[2026-06-17T23:45:11.889+0000][8228.672s][info][gc,phases     ] GC(329)   Post Evacuate Collection Set: 0.3ms
[2026-06-17T23:45:11.889+0000][8228.672s][info][gc,phases     ] GC(329)   Other: 0.3ms
[2026-06-17T23:45:11.889+0000][8228.672s][info][gc,heap       ] GC(329) Eden regions: 249->0(244)
[2026-06-17T23:45:11.890+0000][8228.672s][info][gc,heap       ] GC(329) Survivor regions: 6->10(32)
[2026-06-17T23:45:11.890+0000][8228.672s][info][gc,heap       ] GC(329) Old regions: 45->45
[2026-06-17T23:45:11.890+0000][8228.672s][info][gc,heap       ] GC(329) Humongous regions: 147->147
[2026-06-17T23:45:11.890+0000][8228.672s][info][gc,metaspace  ] GC(329) Metaspace: 52372K(55040K)->52372K(55040K) NonClass: 46433K(47872K)->46433K(47872K) Class: 5939K(7168K)->5939K(7168K)
[2026-06-17T23:45:11.890+0000][8228.673s][info][gc            ] GC(329) Pause Young (Concurrent Start) (G1 Evacuation Pause) 445M->200M(512M) 3.725ms
[2026-06-17T23:45:11.890+0000][8228.673s][info][gc,cpu        ] GC(329) User=0.03s Sys=0.00s Real=0.00s
[2026-06-17T23:45:11.890+0000][8228.673s][info][gc            ] GC(330) Concurrent Cycle
[2026-06-17T23:45:11.890+0000][8228.673s][info][gc,marking    ] GC(330) Concurrent Clear Claimed Marks
[2026-06-17T23:45:11.890+0000][8228.673s][info][gc,marking    ] GC(330) Concurrent Clear Claimed Marks 0.224ms
[2026-06-17T23:45:11.890+0000][8228.673s][info][gc,marking    ] GC(330) Concurrent Scan Root Regions
[2026-06-17T23:45:11.892+0000][8228.675s][info][gc,marking    ] GC(330) Concurrent Scan Root Regions 1.582ms
[2026-06-17T23:45:11.892+0000][8228.675s][info][gc,marking    ] GC(330) Concurrent Mark (8228.675s)
[2026-06-17T23:45:11.892+0000][8228.675s][info][gc,marking    ] GC(330) Concurrent Mark From Roots
[2026-06-17T23:45:11.892+0000][8228.675s][info][gc,task       ] GC(330) Using 3 workers of 3 for marking
[2026-06-17T23:45:11.897+0000][8228.680s][info][gc,marking    ] GC(330) Concurrent Mark From Roots 4.916ms
[2026-06-17T23:45:11.897+0000][8228.680s][info][gc,marking    ] GC(330) Concurrent Preclean
[2026-06-17T23:45:11.897+0000][8228.680s][info][gc,marking    ] GC(330) Concurrent Preclean 0.147ms
[2026-06-17T23:45:11.897+0000][8228.680s][info][gc,marking    ] GC(330) Concurrent Mark (8228.675s, 8228.680s) 5.321ms
[2026-06-17T23:45:11.897+0000][8228.680s][info][gc,start      ] GC(330) Pause Remark
[2026-06-17T23:45:11.900+0000][8228.683s][info][gc,stringtable] GC(330) Cleaned string and symbol table, strings: 17286 processed, 0 removed, symbols: 125114 processed, 0 removed
[2026-06-17T23:45:11.900+0000][8228.683s][info][gc            ] GC(330) Pause Remark 204M->204M(512M) 2.629ms
[2026-06-17T23:45:11.900+0000][8228.683s][info][gc,cpu        ] GC(330) User=0.03s Sys=0.00s Real=0.00s
[2026-06-17T23:45:11.900+0000][8228.683s][info][gc,marking    ] GC(330) Concurrent Rebuild Remembered Sets
[2026-06-17T23:45:11.905+0000][8228.687s][info][gc,marking    ] GC(330) Concurrent Rebuild Remembered Sets 4.440ms
[2026-06-17T23:45:11.905+0000][8228.688s][info][gc,start      ] GC(330) Pause Cleanup
[2026-06-17T23:45:11.905+0000][8228.688s][info][gc            ] GC(330) Pause Cleanup 205M->205M(512M) 0.177ms
[2026-06-17T23:45:11.905+0000][8228.688s][info][gc,cpu        ] GC(330) User=0.00s Sys=0.00s Real=0.00s
[2026-06-17T23:45:11.905+0000][8228.688s][info][gc,marking    ] GC(330) Concurrent Cleanup for Next Mark
[2026-06-17T23:45:11.905+0000][8228.688s][info][gc,marking    ] GC(330) Concurrent Cleanup for Next Mark 0.152ms
[2026-06-17T23:45:11.905+0000][8228.688s][info][gc            ] GC(330) Concurrent Cycle 15.580ms
[2026-06-17T23:46:00.333+0000][8277.117s][info][gc,start      ] GC(331) Pause Young (Prepare Mixed) (G1 Evacuation Pause)
[2026-06-17T23:46:00.334+0000][8277.117s][info][gc,task       ] GC(331) Using 13 workers of 13 for evacuation
[2026-06-17T23:46:00.336+0000][8277.119s][info][gc,phases     ] GC(331)   Pre Evacuate Collection Set: 0.0ms
[2026-06-17T23:46:00.336+0000][8277.119s][info][gc,phases     ] GC(331)   Evacuate Collection Set: 1.7ms
[2026-06-17T23:46:00.336+0000][8277.119s][info][gc,phases     ] GC(331)   Post Evacuate Collection Set: 0.4ms
[2026-06-17T23:46:00.336+0000][8277.119s][info][gc,phases     ] GC(331)   Other: 0.3ms
[2026-06-17T23:46:00.336+0000][8277.119s][info][gc,heap       ] GC(331) Eden regions: 244->0(18)
[2026-06-17T23:46:00.336+0000][8277.119s][info][gc,heap       ] GC(331) Survivor regions: 10->7(32)
[2026-06-17T23:46:00.336+0000][8277.119s][info][gc,heap       ] GC(331) Old regions: 45->45
[2026-06-17T23:46:00.336+0000][8277.119s][info][gc,heap       ] GC(331) Humongous regions: 147->147
[2026-06-17T23:46:00.336+0000][8277.119s][info][gc,metaspace  ] GC(331) Metaspace: 52372K(55040K)->52372K(55040K) NonClass: 46433K(47872K)->46433K(47872K) Class: 5939K(7168K)->5939K(7168K)
[2026-06-17T23:46:00.336+0000][8277.119s][info][gc            ] GC(331) Pause Young (Prepare Mixed) (G1 Evacuation Pause) 444M->197M(512M) 2.949ms
[2026-06-17T23:46:00.336+0000][8277.120s][info][gc,cpu        ] GC(331) User=0.02s Sys=0.00s Real=0.00s
[2026-06-17T23:46:00.457+0000][8277.240s][info][gc,start      ] GC(332) Pause Young (Mixed) (G1 Evacuation Pause)
[2026-06-17T23:46:00.457+0000][8277.240s][info][gc,task       ] GC(332) Using 13 workers of 13 for evacuation
[2026-06-17T23:46:00.462+0000][8277.245s][info][gc,phases     ] GC(332)   Pre Evacuate Collection Set: 0.0ms
[2026-06-17T23:46:00.462+0000][8277.245s][info][gc,phases     ] GC(332)   Evacuate Collection Set: 4.4ms
[2026-06-17T23:46:00.462+0000][8277.245s][info][gc,phases     ] GC(332)   Post Evacuate Collection Set: 0.3ms
[2026-06-17T23:46:00.462+0000][8277.245s][info][gc,phases     ] GC(332)   Other: 0.4ms
[2026-06-17T23:46:00.462+0000][8277.245s][info][gc,heap       ] GC(332) Eden regions: 18->0(248)
[2026-06-17T23:46:00.462+0000][8277.245s][info][gc,heap       ] GC(332) Survivor regions: 7->2(4)
[2026-06-17T23:46:00.462+0000][8277.245s][info][gc,heap       ] GC(332) Old regions: 45->49
[2026-06-17T23:46:00.462+0000][8277.245s][info][gc,heap       ] GC(332) Humongous regions: 147->147
[2026-06-17T23:46:00.462+0000][8277.245s][info][gc,metaspace  ] GC(332) Metaspace: 52372K(55040K)->52372K(55040K) NonClass: 46433K(47872K)->46433K(47872K) Class: 5939K(7168K)->5939K(7168K)
[2026-06-17T23:46:00.462+0000][8277.245s][info][gc            ] GC(332) Pause Young (Mixed) (G1 Evacuation Pause) 215M->197M(512M) 5.523ms
[2026-06-17T23:46:00.462+0000][8277.245s][info][gc,cpu        ] GC(332) User=0.03s Sys=0.00s Real=0.01s
[2026-06-17T23:46:01.901+0000][8278.684s][info][gc,start      ] GC(333) Pause Young (Normal) (G1 Evacuation Pause)
[2026-06-17T23:46:01.901+0000][8278.684s][info][gc,task       ] GC(333) Using 13 workers of 13 for evacuation
[2026-06-17T23:46:01.904+0000][8278.687s][info][gc,phases     ] GC(333)   Pre Evacuate Collection Set: 0.0ms
[2026-06-17T23:46:01.904+0000][8278.687s][info][gc,phases     ] GC(333)   Evacuate Collection Set: 2.0ms
[2026-06-17T23:46:01.904+0000][8278.687s][info][gc,phases     ] GC(333)   Post Evacuate Collection Set: 0.3ms
[2026-06-17T23:46:01.904+0000][8278.687s][info][gc,phases     ] GC(333)   Other: 0.3ms
[2026-06-17T23:46:01.904+0000][8278.687s][info][gc,heap       ] GC(333) Eden regions: 248->0(241)
[2026-06-17T23:46:01.904+0000][8278.687s][info][gc,heap       ] GC(333) Survivor regions: 2->8(32)
[2026-06-17T23:46:01.904+0000][8278.687s][info][gc,heap       ] GC(333) Old regions: 49->49
[2026-06-17T23:46:01.904+0000][8278.687s][info][gc,heap       ] GC(333) Humongous regions: 147->147
[2026-06-17T23:46:01.904+0000][8278.687s][info][gc,metaspace  ] GC(333) Metaspace: 52372K(55040K)->52372K(55040K) NonClass: 46433K(47872K)->46433K(47872K) Class: 5939K(7168K)->5939K(7168K)
[2026-06-17T23:46:01.904+0000][8278.687s][info][gc            ] GC(333) Pause Young (Normal) (G1 Evacuation Pause) 445M->203M(512M) 3.032ms
[2026-06-17T23:46:01.904+0000][8278.687s][info][gc,cpu        ] GC(333) User=0.02s Sys=0.00s Real=0.00s
[2026-06-17T23:46:03.166+0000][8279.949s][info][gc,start      ] GC(334) Pause Young (Normal) (G1 Evacuation Pause)
[2026-06-17T23:46:03.167+0000][8279.950s][info][gc,task       ] GC(334) Using 13 workers of 13 for evacuation
[2026-06-17T23:46:03.168+0000][8279.951s][info][gc,phases     ] GC(334)   Pre Evacuate Collection Set: 0.0ms
[2026-06-17T23:46:03.168+0000][8279.951s][info][gc,phases     ] GC(334)   Evacuate Collection Set: 1.3ms
[2026-06-17T23:46:03.168+0000][8279.951s][info][gc,phases     ] GC(334)   Post Evacuate Collection Set: 0.3ms
[2026-06-17T23:46:03.168+0000][8279.952s][info][gc,phases     ] GC(334)   Other: 0.3ms
[2026-06-17T23:46:03.169+0000][8279.952s][info][gc,heap       ] GC(334) Eden regions: 241->0(243)
[2026-06-17T23:46:03.169+0000][8279.952s][info][gc,heap       ] GC(334) Survivor regions: 8->6(32)
[2026-06-17T23:46:03.169+0000][8279.952s][info][gc,heap       ] GC(334) Old regions: 49->49
[2026-06-17T23:46:03.169+0000][8279.952s][info][gc,heap       ] GC(334) Humongous regions: 147->147
[2026-06-17T23:46:03.169+0000][8279.952s][info][gc,metaspace  ] GC(334) Metaspace: 52372K(55040K)->52372K(55040K) NonClass: 46433K(47872K)->46433K(47872K) Class: 5939K(7168K)->5939K(7168K)
[2026-06-17T23:46:03.169+0000][8279.952s][info][gc            ] GC(334) Pause Young (Normal) (G1 Evacuation Pause) 444M->201M(512M) 2.365ms
[2026-06-17T23:46:03.169+0000][8279.952s][info][gc,cpu        ] GC(334) User=0.02s Sys=0.00s Real=0.00s
[2026-06-17T23:46:05.310+0000][8282.093s][info][gc,start      ] GC(335) Pause Young (Concurrent Start) (G1 Evacuation Pause)
[2026-06-17T23:46:05.310+0000][8282.093s][info][gc,task       ] GC(335) Using 13 workers of 13 for evacuation
[2026-06-17T23:46:05.313+0000][8282.096s][info][gc,phases     ] GC(335)   Pre Evacuate Collection Set: 0.3ms
[2026-06-17T23:46:05.313+0000][8282.096s][info][gc,phases     ] GC(335)   Evacuate Collection Set: 1.3ms
[2026-06-17T23:46:05.313+0000][8282.096s][info][gc,phases     ] GC(335)   Post Evacuate Collection Set: 0.4ms
[2026-06-17T23:46:05.313+0000][8282.096s][info][gc,phases     ] GC(335)   Other: 0.3ms
[2026-06-17T23:46:05.313+0000][8282.096s][info][gc,heap       ] GC(335) Eden regions: 243->0(248)
[2026-06-17T23:46:05.313+0000][8282.096s][info][gc,heap       ] GC(335) Survivor regions: 6->3(32)
[2026-06-17T23:46:05.313+0000][8282.096s][info][gc,heap       ] GC(335) Old regions: 49->49
[2026-06-17T23:46:05.313+0000][8282.096s][info][gc,heap       ] GC(335) Humongous regions: 147->147
[2026-06-17T23:46:05.313+0000][8282.096s][info][gc,metaspace  ] GC(335) Metaspace: 52372K(55040K)->52372K(55040K) NonClass: 46433K(47872K)->46433K(47872K) Class: 5939K(7168K)->5939K(7168K)
[2026-06-17T23:46:05.313+0000][8282.096s][info][gc            ] GC(335) Pause Young (Concurrent Start) (G1 Evacuation Pause) 444M->198M(512M) 2.897ms
[2026-06-17T23:46:05.313+0000][8282.096s][info][gc,cpu        ] GC(335) User=0.01s Sys=0.00s Real=0.00s
[2026-06-17T23:46:05.313+0000][8282.096s][info][gc            ] GC(336) Concurrent Cycle
[2026-06-17T23:46:05.313+0000][8282.096s][info][gc,marking    ] GC(336) Concurrent Clear Claimed Marks
[2026-06-17T23:46:05.314+0000][8282.097s][info][gc,marking    ] GC(336) Concurrent Clear Claimed Marks 0.175ms
[2026-06-17T23:46:05.314+0000][8282.097s][info][gc,marking    ] GC(336) Concurrent Scan Root Regions
[2026-06-17T23:46:05.314+0000][8282.097s][info][gc,marking    ] GC(336) Concurrent Scan Root Regions 0.777ms
[2026-06-17T23:46:05.314+0000][8282.098s][info][gc,marking    ] GC(336) Concurrent Mark (8282.098s)
[2026-06-17T23:46:05.315+0000][8282.098s][info][gc,marking    ] GC(336) Concurrent Mark From Roots
[2026-06-17T23:46:05.315+0000][8282.098s][info][gc,task       ] GC(336) Using 3 workers of 3 for marking
[2026-06-17T23:46:05.319+0000][8282.102s][info][gc,marking    ] GC(336) Concurrent Mark From Roots 4.787ms
[2026-06-17T23:46:05.319+0000][8282.102s][info][gc,marking    ] GC(336) Concurrent Preclean
[2026-06-17T23:46:05.320+0000][8282.103s][info][gc,marking    ] GC(336) Concurrent Preclean 0.129ms
[2026-06-17T23:46:05.320+0000][8282.103s][info][gc,marking    ] GC(336) Concurrent Mark (8282.098s, 8282.103s) 5.151ms
[2026-06-17T23:46:05.320+0000][8282.103s][info][gc,start      ] GC(336) Pause Remark
[2026-06-17T23:46:05.322+0000][8282.105s][info][gc,stringtable] GC(336) Cleaned string and symbol table, strings: 17293 processed, 0 removed, symbols: 125114 processed, 0 removed
[2026-06-17T23:46:05.322+0000][8282.105s][info][gc            ] GC(336) Pause Remark 199M->199M(512M) 2.479ms
[2026-06-17T23:46:05.322+0000][8282.105s][info][gc,cpu        ] GC(336) User=0.02s Sys=0.00s Real=0.01s
[2026-06-17T23:46:05.322+0000][8282.105s][info][gc,marking    ] GC(336) Concurrent Rebuild Remembered Sets
[2026-06-17T23:46:05.326+0000][8282.109s][info][gc,marking    ] GC(336) Concurrent Rebuild Remembered Sets 3.764ms
[2026-06-17T23:46:05.326+0000][8282.109s][info][gc,start      ] GC(336) Pause Cleanup
[2026-06-17T23:46:05.327+0000][8282.110s][info][gc            ] GC(336) Pause Cleanup 199M->199M(512M) 0.253ms
[2026-06-17T23:46:05.327+0000][8282.110s][info][gc,cpu        ] GC(336) User=0.00s Sys=0.00s Real=0.00s
[2026-06-17T23:46:05.327+0000][8282.110s][info][gc,marking    ] GC(336) Concurrent Cleanup for Next Mark
[2026-06-17T23:46:05.327+0000][8282.110s][info][gc,marking    ] GC(336) Concurrent Cleanup for Next Mark 0.160ms
[2026-06-17T23:46:05.327+0000][8282.110s][info][gc            ] GC(336) Concurrent Cycle 13.742ms
[2026-06-17T23:46:52.864+0000][8329.648s][info][gc,start      ] GC(337) Pause Young (Prepare Mixed) (G1 Evacuation Pause)
[2026-06-17T23:46:52.865+0000][8329.649s][info][gc,task       ] GC(337) Using 13 workers of 13 for evacuation
[2026-06-17T23:46:52.867+0000][8329.651s][info][gc,phases     ] GC(337)   Pre Evacuate Collection Set: 0.0ms
[2026-06-17T23:46:52.867+0000][8329.651s][info][gc,phases     ] GC(337)   Evacuate Collection Set: 1.9ms
[2026-06-17T23:46:52.867+0000][8329.651s][info][gc,phases     ] GC(337)   Post Evacuate Collection Set: 0.4ms
[2026-06-17T23:46:52.867+0000][8329.651s][info][gc,phases     ] GC(337)   Other: 0.3ms
[2026-06-17T23:46:52.867+0000][8329.651s][info][gc,heap       ] GC(337) Eden regions: 248->0(18)
[2026-06-17T23:46:52.867+0000][8329.651s][info][gc,heap       ] GC(337) Survivor regions: 3->7(32)
[2026-06-17T23:46:52.867+0000][8329.651s][info][gc,heap       ] GC(337) Old regions: 49->49
[2026-06-17T23:46:52.867+0000][8329.651s][info][gc,heap       ] GC(337) Humongous regions: 147->147
[2026-06-17T23:46:52.867+0000][8329.651s][info][gc,metaspace  ] GC(337) Metaspace: 52373K(55040K)->52373K(55040K) NonClass: 46434K(47872K)->46434K(47872K) Class: 5939K(7168K)->5939K(7168K)
[2026-06-17T23:46:52.867+0000][8329.651s][info][gc            ] GC(337) Pause Young (Prepare Mixed) (G1 Evacuation Pause) 446M->202M(512M) 2.997ms
[2026-06-17T23:46:52.867+0000][8329.651s][info][gc,cpu        ] GC(337) User=0.02s Sys=0.00s Real=0.00s
[2026-06-17T23:46:52.964+0000][8329.748s][info][gc,start      ] GC(338) Pause Young (Mixed) (G1 Evacuation Pause)
[2026-06-17T23:46:52.964+0000][8329.748s][info][gc,task       ] GC(338) Using 13 workers of 13 for evacuation
[2026-06-17T23:46:52.967+0000][8329.751s][info][gc,phases     ] GC(338)   Pre Evacuate Collection Set: 0.0ms
[2026-06-17T23:46:52.968+0000][8329.752s][info][gc,phases     ] GC(338)   Evacuate Collection Set: 3.1ms
[2026-06-17T23:46:52.968+0000][8329.752s][info][gc,phases     ] GC(338)   Post Evacuate Collection Set: 0.3ms
[2026-06-17T23:46:52.968+0000][8329.752s][info][gc,phases     ] GC(338)   Other: 0.3ms
[2026-06-17T23:46:52.968+0000][8329.752s][info][gc,heap       ] GC(338) Eden regions: 18->0(247)
[2026-06-17T23:46:52.968+0000][8329.752s][info][gc,heap       ] GC(338) Survivor regions: 7->2(4)
[2026-06-17T23:46:52.968+0000][8329.752s][info][gc,heap       ] GC(338) Old regions: 49->51
[2026-06-17T23:46:52.968+0000][8329.752s][info][gc,heap       ] GC(338) Humongous regions: 147->147
[2026-06-17T23:46:52.968+0000][8329.752s][info][gc,metaspace  ] GC(338) Metaspace: 52373K(55040K)->52373K(55040K) NonClass: 46434K(47872K)->46434K(47872K) Class: 5939K(7168K)->5939K(7168K)
[2026-06-17T23:46:52.968+0000][8329.752s][info][gc            ] GC(338) Pause Young (Mixed) (G1 Evacuation Pause) 220M->198M(512M) 3.897ms
[2026-06-17T23:46:52.968+0000][8329.752s][info][gc,cpu        ] GC(338) User=0.02s Sys=0.01s Real=0.00s
[2026-06-17T23:46:54.313+0000][8331.097s][info][gc,start      ] GC(339) Pause Young (Normal) (G1 Evacuation Pause)
[2026-06-17T23:46:54.313+0000][8331.098s][info][gc,task       ] GC(339) Using 13 workers of 13 for evacuation
[2026-06-17T23:46:54.316+0000][8331.100s][info][gc,phases     ] GC(339)   Pre Evacuate Collection Set: 0.0ms
[2026-06-17T23:46:54.316+0000][8331.100s][info][gc,phases     ] GC(339)   Evacuate Collection Set: 1.9ms
[2026-06-17T23:46:54.316+0000][8331.100s][info][gc,phases     ] GC(339)   Post Evacuate Collection Set: 0.3ms
[2026-06-17T23:46:54.316+0000][8331.100s][info][gc,phases     ] GC(339)   Other: 0.2ms
[2026-06-17T23:46:54.316+0000][8331.100s][info][gc,heap       ] GC(339) Eden regions: 247->0(237)
[2026-06-17T23:46:54.316+0000][8331.100s][info][gc,heap       ] GC(339) Survivor regions: 2->9(32)
[2026-06-17T23:46:54.316+0000][8331.100s][info][gc,heap       ] GC(339) Old regions: 51->51
[2026-06-17T23:46:54.316+0000][8331.100s][info][gc,heap       ] GC(339) Humongous regions: 147->147
[2026-06-17T23:46:54.316+0000][8331.100s][info][gc,metaspace  ] GC(339) Metaspace: 52373K(55040K)->52373K(55040K) NonClass: 46434K(47872K)->46434K(47872K) Class: 5939K(7168K)->5939K(7168K)
[2026-06-17T23:46:54.316+0000][8331.100s][info][gc            ] GC(339) Pause Young (Normal) (G1 Evacuation Pause) 445M->205M(512M) 3.044ms
[2026-06-17T23:46:54.316+0000][8331.100s][info][gc,cpu        ] GC(339) User=0.02s Sys=0.00s Real=0.00s
[2026-06-17T23:46:55.500+0000][8332.284s][info][gc,start      ] GC(340) Pause Young (Normal) (G1 Evacuation Pause)
[2026-06-17T23:46:55.500+0000][8332.284s][info][gc,task       ] GC(340) Using 13 workers of 13 for evacuation
[2026-06-17T23:46:55.504+0000][8332.288s][info][gc,phases     ] GC(340)   Pre Evacuate Collection Set: 0.0ms
[2026-06-17T23:46:55.504+0000][8332.288s][info][gc,phases     ] GC(340)   Evacuate Collection Set: 3.3ms
[2026-06-17T23:46:55.504+0000][8332.288s][info][gc,phases     ] GC(340)   Post Evacuate Collection Set: 0.3ms
[2026-06-17T23:46:55.504+0000][8332.288s][info][gc,phases     ] GC(340)   Other: 0.3ms
[2026-06-17T23:46:55.504+0000][8332.289s][info][gc,heap       ] GC(340) Eden regions: 237->0(240)
[2026-06-17T23:46:55.505+0000][8332.289s][info][gc,heap       ] GC(340) Survivor regions: 9->6(31)
[2026-06-17T23:46:55.505+0000][8332.289s][info][gc,heap       ] GC(340) Old regions: 51->51
[2026-06-17T23:46:55.505+0000][8332.289s][info][gc,heap       ] GC(340) Humongous regions: 147->147
[2026-06-17T23:46:55.505+0000][8332.289s][info][gc,metaspace  ] GC(340) Metaspace: 52373K(55040K)->52373K(55040K) NonClass: 46434K(47872K)->46434K(47872K) Class: 5939K(7168K)->5939K(7168K)
[2026-06-17T23:46:55.505+0000][8332.289s][info][gc            ] GC(340) Pause Young (Normal) (G1 Evacuation Pause) 442M->202M(512M) 4.419ms
[2026-06-17T23:46:55.505+0000][8332.289s][info][gc,cpu        ] GC(340) User=0.05s Sys=0.00s Real=0.00s
[2026-06-17T23:47:43.795+0000][8380.578s][info][gc,start      ] GC(341) Pause Young (Concurrent Start) (G1 Evacuation Pause)
[2026-06-17T23:47:43.795+0000][8380.578s][info][gc,task       ] GC(341) Using 13 workers of 13 for evacuation
[2026-06-17T23:47:43.798+0000][8380.581s][info][gc,phases     ] GC(341)   Pre Evacuate Collection Set: 0.3ms
[2026-06-17T23:47:43.798+0000][8380.581s][info][gc,phases     ] GC(341)   Evacuate Collection Set: 2.0ms
[2026-06-17T23:47:43.798+0000][8380.581s][info][gc,phases     ] GC(341)   Post Evacuate Collection Set: 0.3ms
[2026-06-17T23:47:43.798+0000][8380.581s][info][gc,phases     ] GC(341)   Other: 0.3ms
[2026-06-17T23:47:43.798+0000][8380.581s][info][gc,heap       ] GC(341) Eden regions: 240->0(237)
[2026-06-17T23:47:43.798+0000][8380.582s][info][gc,heap       ] GC(341) Survivor regions: 6->9(31)
[2026-06-17T23:47:43.798+0000][8380.582s][info][gc,heap       ] GC(341) Old regions: 51->51
[2026-06-17T23:47:43.798+0000][8380.582s][info][gc,heap       ] GC(341) Humongous regions: 147->147
[2026-06-17T23:47:43.799+0000][8380.582s][info][gc,metaspace  ] GC(341) Metaspace: 52373K(55040K)->52373K(55040K) NonClass: 46434K(47872K)->46434K(47872K) Class: 5939K(7168K)->5939K(7168K)
[2026-06-17T23:47:43.799+0000][8380.582s][info][gc            ] GC(341) Pause Young (Concurrent Start) (G1 Evacuation Pause) 442M->205M(512M) 3.407ms
[2026-06-17T23:47:43.799+0000][8380.582s][info][gc,cpu        ] GC(341) User=0.02s Sys=0.00s Real=0.00s
[2026-06-17T23:47:43.799+0000][8380.582s][info][gc            ] GC(342) Concurrent Cycle
[2026-06-17T23:47:43.799+0000][8380.582s][info][gc,marking    ] GC(342) Concurrent Clear Claimed Marks
[2026-06-17T23:47:43.799+0000][8380.582s][info][gc,marking    ] GC(342) Concurrent Clear Claimed Marks 0.209ms
[2026-06-17T23:47:43.799+0000][8380.582s][info][gc,marking    ] GC(342) Concurrent Scan Root Regions
[2026-06-17T23:47:43.800+0000][8380.584s][info][gc,marking    ] GC(342) Concurrent Scan Root Regions 1.401ms
[2026-06-17T23:47:43.801+0000][8380.584s][info][gc,marking    ] GC(342) Concurrent Mark (8380.584s)
[2026-06-17T23:47:43.801+0000][8380.584s][info][gc,marking    ] GC(342) Concurrent Mark From Roots
[2026-06-17T23:47:43.801+0000][8380.584s][info][gc,task       ] GC(342) Using 3 workers of 3 for marking
[2026-06-17T23:47:43.806+0000][8380.589s][info][gc,marking    ] GC(342) Concurrent Mark From Roots 5.376ms
[2026-06-17T23:47:43.806+0000][8380.589s][info][gc,marking    ] GC(342) Concurrent Preclean
[2026-06-17T23:47:43.806+0000][8380.589s][info][gc,marking    ] GC(342) Concurrent Preclean 0.139ms
[2026-06-17T23:47:43.806+0000][8380.589s][info][gc,marking    ] GC(342) Concurrent Mark (8380.584s, 8380.589s) 5.776ms
[2026-06-17T23:47:43.806+0000][8380.590s][info][gc,start      ] GC(342) Pause Remark
[2026-06-17T23:47:43.809+0000][8380.592s][info][gc,stringtable] GC(342) Cleaned string and symbol table, strings: 17293 processed, 0 removed, symbols: 125114 processed, 0 removed
[2026-06-17T23:47:43.809+0000][8380.592s][info][gc            ] GC(342) Pause Remark 209M->209M(512M) 2.519ms
[2026-06-17T23:47:43.809+0000][8380.592s][info][gc,cpu        ] GC(342) User=0.02s Sys=0.00s Real=0.00s
[2026-06-17T23:47:43.809+0000][8380.592s][info][gc,marking    ] GC(342) Concurrent Rebuild Remembered Sets
[2026-06-17T23:47:43.814+0000][8380.597s][info][gc,marking    ] GC(342) Concurrent Rebuild Remembered Sets 4.453ms
[2026-06-17T23:47:43.814+0000][8380.597s][info][gc,start      ] GC(342) Pause Cleanup
[2026-06-17T23:47:43.814+0000][8380.597s][info][gc            ] GC(342) Pause Cleanup 209M->209M(512M) 0.158ms
[2026-06-17T23:47:43.814+0000][8380.597s][info][gc,cpu        ] GC(342) User=0.00s Sys=0.00s Real=0.00s
[2026-06-17T23:47:43.814+0000][8380.597s][info][gc,marking    ] GC(342) Concurrent Cleanup for Next Mark
[2026-06-17T23:47:43.814+0000][8380.597s][info][gc,marking    ] GC(342) Concurrent Cleanup for Next Mark 0.152ms
[2026-06-17T23:47:43.814+0000][8380.597s][info][gc            ] GC(342) Concurrent Cycle 15.573ms
[2026-06-17T23:47:45.293+0000][8382.076s][info][gc,start      ] GC(343) Pause Young (Prepare Mixed) (G1 Evacuation Pause)
[2026-06-17T23:47:45.293+0000][8382.076s][info][gc,task       ] GC(343) Using 13 workers of 13 for evacuation
[2026-06-17T23:47:45.295+0000][8382.078s][info][gc,phases     ] GC(343)   Pre Evacuate Collection Set: 0.0ms
[2026-06-17T23:47:45.295+0000][8382.078s][info][gc,phases     ] GC(343)   Evacuate Collection Set: 1.3ms
[2026-06-17T23:47:45.295+0000][8382.078s][info][gc,phases     ] GC(343)   Post Evacuate Collection Set: 0.3ms
[2026-06-17T23:47:45.295+0000][8382.078s][info][gc,phases     ] GC(343)   Other: 0.3ms
[2026-06-17T23:47:45.295+0000][8382.078s][info][gc,heap       ] GC(343) Eden regions: 237->0(21)
[2026-06-17T23:47:45.295+0000][8382.078s][info][gc,heap       ] GC(343) Survivor regions: 9->4(31)
[2026-06-17T23:47:45.295+0000][8382.078s][info][gc,heap       ] GC(343) Old regions: 50->50
[2026-06-17T23:47:45.295+0000][8382.078s][info][gc,heap       ] GC(343) Humongous regions: 147->147
[2026-06-17T23:47:45.295+0000][8382.078s][info][gc,metaspace  ] GC(343) Metaspace: 52373K(55040K)->52373K(55040K) NonClass: 46434K(47872K)->46434K(47872K) Class: 5939K(7168K)->5939K(7168K)
[2026-06-17T23:47:45.295+0000][8382.078s][info][gc            ] GC(343) Pause Young (Prepare Mixed) (G1 Evacuation Pause) 442M->201M(512M) 2.411ms
[2026-06-17T23:47:45.295+0000][8382.078s][info][gc,cpu        ] GC(343) User=0.02s Sys=0.00s Real=0.00s
[2026-06-17T23:47:45.399+0000][8382.182s][info][gc,start      ] GC(344) Pause Young (Mixed) (G1 Evacuation Pause)
[2026-06-17T23:47:45.399+0000][8382.182s][info][gc,task       ] GC(344) Using 13 workers of 13 for evacuation
[2026-06-17T23:47:45.400+0000][8382.184s][info][gc,phases     ] GC(344)   Pre Evacuate Collection Set: 0.0ms
[2026-06-17T23:47:45.401+0000][8382.184s][info][gc,phases     ] GC(344)   Evacuate Collection Set: 1.2ms
[2026-06-17T23:47:45.401+0000][8382.184s][info][gc,phases     ] GC(344)   Post Evacuate Collection Set: 0.3ms
[2026-06-17T23:47:45.401+0000][8382.184s][info][gc,phases     ] GC(344)   Other: 0.3ms
[2026-06-17T23:47:45.401+0000][8382.184s][info][gc,heap       ] GC(344) Eden regions: 21->0(248)
[2026-06-17T23:47:45.401+0000][8382.184s][info][gc,heap       ] GC(344) Survivor regions: 4->4(4)
[2026-06-17T23:47:45.401+0000][8382.184s][info][gc,heap       ] GC(344) Old regions: 50->45
[2026-06-17T23:47:45.401+0000][8382.184s][info][gc,heap       ] GC(344) Humongous regions: 147->147
[2026-06-17T23:47:45.401+0000][8382.184s][info][gc,metaspace  ] GC(344) Metaspace: 52373K(55040K)->52373K(55040K) NonClass: 46434K(47872K)->46434K(47872K) Class: 5939K(7168K)->5939K(7168K)
[2026-06-17T23:47:45.401+0000][8382.184s][info][gc            ] GC(344) Pause Young (Mixed) (G1 Evacuation Pause) 222M->194M(512M) 2.277ms
[2026-06-17T23:47:45.401+0000][8382.184s][info][gc,cpu        ] GC(344) User=0.01s Sys=0.01s Real=0.01s
[2026-06-17T23:47:46.713+0000][8383.496s][info][gc,start      ] GC(345) Pause Young (Normal) (G1 Evacuation Pause)
[2026-06-17T23:47:46.714+0000][8383.497s][info][gc,task       ] GC(345) Using 13 workers of 13 for evacuation
[2026-06-17T23:47:46.721+0000][8383.504s][info][gc,phases     ] GC(345)   Pre Evacuate Collection Set: 0.0ms
[2026-06-17T23:47:46.721+0000][8383.505s][info][gc,phases     ] GC(345)   Evacuate Collection Set: 7.0ms
[2026-06-17T23:47:46.721+0000][8383.505s][info][gc,phases     ] GC(345)   Post Evacuate Collection Set: 0.5ms
[2026-06-17T23:47:46.722+0000][8383.505s][info][gc,phases     ] GC(345)   Other: 0.5ms
[2026-06-17T23:47:46.722+0000][8383.505s][info][gc,heap       ] GC(345) Eden regions: 248->0(243)
[2026-06-17T23:47:46.722+0000][8383.505s][info][gc,heap       ] GC(345) Survivor regions: 4->8(32)
[2026-06-17T23:47:46.722+0000][8383.505s][info][gc,heap       ] GC(345) Old regions: 45->45
[2026-06-17T23:47:46.722+0000][8383.505s][info][gc,heap       ] GC(345) Humongous regions: 147->147
[2026-06-17T23:47:46.722+0000][8383.505s][info][gc,metaspace  ] GC(345) Metaspace: 52373K(55040K)->52373K(55040K) NonClass: 46434K(47872K)->46434K(47872K) Class: 5939K(7168K)->5939K(7168K)
[2026-06-17T23:47:46.722+0000][8383.505s][info][gc            ] GC(345) Pause Young (Normal) (G1 Evacuation Pause) 442M->199M(512M) 8.775ms
[2026-06-17T23:47:46.722+0000][8383.505s][info][gc,cpu        ] GC(345) User=0.07s Sys=0.00s Real=0.01s
[2026-06-17T23:47:47.965+0000][8384.748s][info][gc,start      ] GC(346) Pause Young (Normal) (G1 Evacuation Pause)
[2026-06-17T23:47:47.965+0000][8384.748s][info][gc,task       ] GC(346) Using 13 workers of 13 for evacuation
[2026-06-17T23:47:47.967+0000][8384.750s][info][gc,phases     ] GC(346)   Pre Evacuate Collection Set: 0.0ms
[2026-06-17T23:47:47.967+0000][8384.750s][info][gc,phases     ] GC(346)   Evacuate Collection Set: 1.5ms
[2026-06-17T23:47:47.967+0000][8384.750s][info][gc,phases     ] GC(346)   Post Evacuate Collection Set: 0.3ms
[2026-06-17T23:47:47.967+0000][8384.750s][info][gc,phases     ] GC(346)   Other: 0.3ms
[2026-06-17T23:47:47.967+0000][8384.750s][info][gc,heap       ] GC(346) Eden regions: 243->0(246)
[2026-06-17T23:47:47.967+0000][8384.750s][info][gc,heap       ] GC(346) Survivor regions: 8->6(32)
[2026-06-17T23:47:47.967+0000][8384.751s][info][gc,heap       ] GC(346) Old regions: 45->45
[2026-06-17T23:47:47.967+0000][8384.751s][info][gc,heap       ] GC(346) Humongous regions: 147->147
[2026-06-17T23:47:47.968+0000][8384.751s][info][gc,metaspace  ] GC(346) Metaspace: 52373K(55040K)->52373K(55040K) NonClass: 46434K(47872K)->46434K(47872K) Class: 5939K(7168K)->5939K(7168K)
[2026-06-17T23:47:47.968+0000][8384.751s][info][gc            ] GC(346) Pause Young (Normal) (G1 Evacuation Pause) 442M->197M(512M) 2.610ms
[2026-06-17T23:47:47.968+0000][8384.751s][info][gc,cpu        ] GC(346) User=0.01s Sys=0.00s Real=0.00s
[2026-06-17T23:48:36.427+0000][8433.211s][info][gc,start      ] GC(347) Pause Young (Concurrent Start) (G1 Evacuation Pause)
[2026-06-17T23:48:36.427+0000][8433.211s][info][gc,task       ] GC(347) Using 13 workers of 13 for evacuation
[2026-06-17T23:48:36.430+0000][8433.213s][info][gc,phases     ] GC(347)   Pre Evacuate Collection Set: 0.3ms
[2026-06-17T23:48:36.430+0000][8433.214s][info][gc,phases     ] GC(347)   Evacuate Collection Set: 1.6ms
[2026-06-17T23:48:36.430+0000][8433.214s][info][gc,phases     ] GC(347)   Post Evacuate Collection Set: 0.3ms
[2026-06-17T23:48:36.430+0000][8433.214s][info][gc,phases     ] GC(347)   Other: 0.3ms
[2026-06-17T23:48:36.430+0000][8433.214s][info][gc,heap       ] GC(347) Eden regions: 246->0(249)
[2026-06-17T23:48:36.430+0000][8433.214s][info][gc,heap       ] GC(347) Survivor regions: 6->4(32)
[2026-06-17T23:48:36.430+0000][8433.214s][info][gc,heap       ] GC(347) Old regions: 45->45
[2026-06-17T23:48:36.430+0000][8433.214s][info][gc,heap       ] GC(347) Humongous regions: 147->147
[2026-06-17T23:48:36.430+0000][8433.214s][info][gc,metaspace  ] GC(347) Metaspace: 52393K(55040K)->52393K(55040K) NonClass: 46453K(47872K)->46453K(47872K) Class: 5939K(7168K)->5939K(7168K)
[2026-06-17T23:48:36.430+0000][8433.214s][info][gc            ] GC(347) Pause Young (Concurrent Start) (G1 Evacuation Pause) 443M->195M(512M) 3.076ms
[2026-06-17T23:48:36.430+0000][8433.214s][info][gc,cpu        ] GC(347) User=0.02s Sys=0.00s Real=0.01s
[2026-06-17T23:48:36.430+0000][8433.214s][info][gc            ] GC(348) Concurrent Cycle
[2026-06-17T23:48:36.430+0000][8433.214s][info][gc,marking    ] GC(348) Concurrent Clear Claimed Marks
[2026-06-17T23:48:36.430+0000][8433.214s][info][gc,marking    ] GC(348) Concurrent Clear Claimed Marks 0.156ms
[2026-06-17T23:48:36.431+0000][8433.214s][info][gc,marking    ] GC(348) Concurrent Scan Root Regions
[2026-06-17T23:48:36.432+0000][8433.215s][info][gc,marking    ] GC(348) Concurrent Scan Root Regions 0.991ms
[2026-06-17T23:48:36.432+0000][8433.215s][info][gc,marking    ] GC(348) Concurrent Mark (8433.215s)
[2026-06-17T23:48:36.432+0000][8433.216s][info][gc,marking    ] GC(348) Concurrent Mark From Roots
[2026-06-17T23:48:36.432+0000][8433.216s][info][gc,task       ] GC(348) Using 3 workers of 3 for marking
[2026-06-17T23:48:36.437+0000][8433.221s][info][gc,marking    ] GC(348) Concurrent Mark From Roots 5.198ms
[2026-06-17T23:48:36.437+0000][8433.221s][info][gc,marking    ] GC(348) Concurrent Preclean
[2026-06-17T23:48:36.437+0000][8433.221s][info][gc,marking    ] GC(348) Concurrent Preclean 0.159ms
[2026-06-17T23:48:36.437+0000][8433.221s][info][gc,marking    ] GC(348) Concurrent Mark (8433.215s, 8433.221s) 5.576ms
[2026-06-17T23:48:36.437+0000][8433.221s][info][gc,start      ] GC(348) Pause Remark
[2026-06-17T23:48:36.440+0000][8433.223s][info][gc,stringtable] GC(348) Cleaned string and symbol table, strings: 17293 processed, 0 removed, symbols: 125114 processed, 0 removed
[2026-06-17T23:48:36.440+0000][8433.224s][info][gc            ] GC(348) Pause Remark 199M->199M(512M) 2.498ms
[2026-06-17T23:48:36.440+0000][8433.224s][info][gc,cpu        ] GC(348) User=0.02s Sys=0.00s Real=0.01s
[2026-06-17T23:48:36.440+0000][8433.224s][info][gc,marking    ] GC(348) Concurrent Rebuild Remembered Sets
[2026-06-17T23:48:36.444+0000][8433.228s][info][gc,marking    ] GC(348) Concurrent Rebuild Remembered Sets 3.813ms
[2026-06-17T23:48:36.444+0000][8433.228s][info][gc,start      ] GC(348) Pause Cleanup
[2026-06-17T23:48:36.444+0000][8433.228s][info][gc            ] GC(348) Pause Cleanup 200M->200M(512M) 0.163ms
[2026-06-17T23:48:36.444+0000][8433.228s][info][gc,cpu        ] GC(348) User=0.00s Sys=0.00s Real=0.00s
[2026-06-17T23:48:36.444+0000][8433.228s][info][gc,marking    ] GC(348) Concurrent Cleanup for Next Mark
[2026-06-17T23:48:36.445+0000][8433.228s][info][gc,marking    ] GC(348) Concurrent Cleanup for Next Mark 0.130ms
[2026-06-17T23:48:36.445+0000][8433.228s][info][gc            ] GC(348) Concurrent Cycle 14.417ms
[2026-06-17T23:48:37.812+0000][8434.596s][info][gc,start      ] GC(349) Pause Young (Prepare Mixed) (G1 Evacuation Pause)
[2026-06-17T23:48:37.812+0000][8434.596s][info][gc,task       ] GC(349) Using 13 workers of 13 for evacuation
[2026-06-17T23:48:37.815+0000][8434.599s][info][gc,phases     ] GC(349)   Pre Evacuate Collection Set: 0.0ms
[2026-06-17T23:48:37.815+0000][8434.599s][info][gc,phases     ] GC(349)   Evacuate Collection Set: 2.2ms
[2026-06-17T23:48:37.815+0000][8434.599s][info][gc,phases     ] GC(349)   Post Evacuate Collection Set: 0.4ms
[2026-06-17T23:48:37.815+0000][8434.599s][info][gc,phases     ] GC(349)   Other: 0.3ms
[2026-06-17T23:48:37.815+0000][8434.599s][info][gc,heap       ] GC(349) Eden regions: 249->0(17)
[2026-06-17T23:48:37.815+0000][8434.599s][info][gc,heap       ] GC(349) Survivor regions: 4->8(32)
[2026-06-17T23:48:37.815+0000][8434.599s][info][gc,heap       ] GC(349) Old regions: 45->45
[2026-06-17T23:48:37.815+0000][8434.599s][info][gc,heap       ] GC(349) Humongous regions: 147->147
[2026-06-17T23:48:37.815+0000][8434.599s][info][gc,metaspace  ] GC(349) Metaspace: 52393K(55040K)->52393K(55040K) NonClass: 46453K(47872K)->46453K(47872K) Class: 5939K(7168K)->5939K(7168K)
[2026-06-17T23:48:37.815+0000][8434.599s][info][gc            ] GC(349) Pause Young (Prepare Mixed) (G1 Evacuation Pause) 444M->198M(512M) 3.337ms
[2026-06-17T23:48:37.815+0000][8434.599s][info][gc,cpu        ] GC(349) User=0.03s Sys=0.00s Real=0.00s
[2026-06-17T23:48:37.910+0000][8434.694s][info][gc,start      ] GC(350) Pause Young (Mixed) (G1 Evacuation Pause)
[2026-06-17T23:48:37.910+0000][8434.694s][info][gc,task       ] GC(350) Using 13 workers of 13 for evacuation
[2026-06-17T23:48:37.913+0000][8434.697s][info][gc,phases     ] GC(350)   Pre Evacuate Collection Set: 0.0ms
[2026-06-17T23:48:37.913+0000][8434.697s][info][gc,phases     ] GC(350)   Evacuate Collection Set: 3.1ms
[2026-06-17T23:48:37.914+0000][8434.697s][info][gc,phases     ] GC(350)   Post Evacuate Collection Set: 0.3ms
[2026-06-17T23:48:37.914+0000][8434.697s][info][gc,phases     ] GC(350)   Other: 0.3ms
[2026-06-17T23:48:37.914+0000][8434.697s][info][gc,heap       ] GC(350) Eden regions: 17->0(246)
[2026-06-17T23:48:37.914+0000][8434.697s][info][gc,heap       ] GC(350) Survivor regions: 8->2(4)
[2026-06-17T23:48:37.914+0000][8434.698s][info][gc,heap       ] GC(350) Old regions: 45->51
[2026-06-17T23:48:37.914+0000][8434.698s][info][gc,heap       ] GC(350) Humongous regions: 147->147
[2026-06-17T23:48:37.914+0000][8434.698s][info][gc,metaspace  ] GC(350) Metaspace: 52393K(55040K)->52393K(55040K) NonClass: 46453K(47872K)->46453K(47872K) Class: 5939K(7168K)->5939K(7168K)
[2026-06-17T23:48:37.914+0000][8434.698s][info][gc            ] GC(350) Pause Young (Mixed) (G1 Evacuation Pause) 215M->199M(512M) 4.035ms
[2026-06-17T23:48:37.914+0000][8434.698s][info][gc,cpu        ] GC(350) User=0.02s Sys=0.00s Real=0.00s
[2026-06-17T23:48:39.112+0000][8435.895s][info][gc,start      ] GC(351) Pause Young (Normal) (G1 Evacuation Pause)
[2026-06-17T23:48:39.112+0000][8435.896s][info][gc,task       ] GC(351) Using 13 workers of 13 for evacuation
[2026-06-17T23:48:39.116+0000][8435.900s][info][gc,phases     ] GC(351)   Pre Evacuate Collection Set: 0.0ms
[2026-06-17T23:48:39.116+0000][8435.900s][info][gc,phases     ] GC(351)   Evacuate Collection Set: 3.4ms
[2026-06-17T23:48:39.116+0000][8435.900s][info][gc,phases     ] GC(351)   Post Evacuate Collection Set: 0.3ms
[2026-06-17T23:48:39.116+0000][8435.900s][info][gc,phases     ] GC(351)   Other: 0.3ms
[2026-06-17T23:48:39.116+0000][8435.900s][info][gc,heap       ] GC(351) Eden regions: 246->0(246)
[2026-06-17T23:48:39.116+0000][8435.900s][info][gc,heap       ] GC(351) Survivor regions: 2->3(31)
[2026-06-17T23:48:39.116+0000][8435.900s][info][gc,heap       ] GC(351) Old regions: 51->51
[2026-06-17T23:48:39.116+0000][8435.900s][info][gc,heap       ] GC(351) Humongous regions: 147->147
[2026-06-17T23:48:39.116+0000][8435.900s][info][gc,metaspace  ] GC(351) Metaspace: 52393K(55040K)->52393K(55040K) NonClass: 46453K(47872K)->46453K(47872K) Class: 5939K(7168K)->5939K(7168K)
[2026-06-17T23:48:39.116+0000][8435.900s][info][gc            ] GC(351) Pause Young (Normal) (G1 Evacuation Pause) 445M->200M(512M) 4.604ms
[2026-06-17T23:48:39.116+0000][8435.900s][info][gc,cpu        ] GC(351) User=0.05s Sys=0.00s Real=0.00s
[2026-06-17T23:49:27.459+0000][8484.243s][info][gc,start      ] GC(352) Pause Young (Normal) (G1 Evacuation Pause)
[2026-06-17T23:49:27.459+0000][8484.243s][info][gc,task       ] GC(352) Using 13 workers of 13 for evacuation
[2026-06-17T23:49:27.461+0000][8484.245s][info][gc,phases     ] GC(352)   Pre Evacuate Collection Set: 0.0ms
[2026-06-17T23:49:27.461+0000][8484.245s][info][gc,phases     ] GC(352)   Evacuate Collection Set: 1.6ms
[2026-06-17T23:49:27.462+0000][8484.245s][info][gc,phases     ] GC(352)   Post Evacuate Collection Set: 0.3ms
[2026-06-17T23:49:27.462+0000][8484.245s][info][gc,phases     ] GC(352)   Other: 0.3ms
[2026-06-17T23:49:27.462+0000][8484.246s][info][gc,heap       ] GC(352) Eden regions: 246->0(241)
[2026-06-17T23:49:27.462+0000][8484.246s][info][gc,heap       ] GC(352) Survivor regions: 3->7(32)
[2026-06-17T23:49:27.462+0000][8484.246s][info][gc,heap       ] GC(352) Old regions: 51->51
[2026-06-17T23:49:27.462+0000][8484.246s][info][gc,heap       ] GC(352) Humongous regions: 147->147
[2026-06-17T23:49:27.462+0000][8484.246s][info][gc,metaspace  ] GC(352) Metaspace: 52416K(55296K)->52416K(55296K) NonClass: 46476K(48128K)->46476K(48128K) Class: 5939K(7168K)->5939K(7168K)
[2026-06-17T23:49:27.462+0000][8484.246s][info][gc            ] GC(352) Pause Young (Normal) (G1 Evacuation Pause) 446M->204M(512M) 2.668ms
[2026-06-17T23:49:27.462+0000][8484.246s][info][gc,cpu        ] GC(352) User=0.02s Sys=0.00s Real=0.01s
[2026-06-17T23:49:28.989+0000][8485.772s][info][gc,start      ] GC(353) Pause Young (Concurrent Start) (G1 Evacuation Pause)
[2026-06-17T23:49:28.989+0000][8485.773s][info][gc,task       ] GC(353) Using 13 workers of 13 for evacuation
[2026-06-17T23:49:28.991+0000][8485.775s][info][gc,phases     ] GC(353)   Pre Evacuate Collection Set: 0.3ms
[2026-06-17T23:49:28.991+0000][8485.775s][info][gc,phases     ] GC(353)   Evacuate Collection Set: 1.6ms
[2026-06-17T23:49:28.991+0000][8485.775s][info][gc,phases     ] GC(353)   Post Evacuate Collection Set: 0.3ms
[2026-06-17T23:49:28.991+0000][8485.775s][info][gc,phases     ] GC(353)   Other: 0.4ms
[2026-06-17T23:49:28.991+0000][8485.775s][info][gc,heap       ] GC(353) Eden regions: 241->0(244)
[2026-06-17T23:49:28.992+0000][8485.775s][info][gc,heap       ] GC(353) Survivor regions: 7->4(31)
[2026-06-17T23:49:28.992+0000][8485.775s][info][gc,heap       ] GC(353) Old regions: 51->51
[2026-06-17T23:49:28.992+0000][8485.775s][info][gc,heap       ] GC(353) Humongous regions: 147->147
[2026-06-17T23:49:28.992+0000][8485.775s][info][gc,metaspace  ] GC(353) Metaspace: 52416K(55296K)->52416K(55296K) NonClass: 46476K(48128K)->46476K(48128K) Class: 5939K(7168K)->5939K(7168K)
[2026-06-17T23:49:28.992+0000][8485.776s][info][gc            ] GC(353) Pause Young (Concurrent Start) (G1 Evacuation Pause) 445M->201M(512M) 3.158ms
[2026-06-17T23:49:28.992+0000][8485.776s][info][gc,cpu        ] GC(353) User=0.02s Sys=0.00s Real=0.01s
[2026-06-17T23:49:28.992+0000][8485.776s][info][gc            ] GC(354) Concurrent Cycle
[2026-06-17T23:49:28.992+0000][8485.776s][info][gc,marking    ] GC(354) Concurrent Clear Claimed Marks
[2026-06-17T23:49:28.992+0000][8485.776s][info][gc,marking    ] GC(354) Concurrent Clear Claimed Marks 0.185ms
[2026-06-17T23:49:28.992+0000][8485.776s][info][gc,marking    ] GC(354) Concurrent Scan Root Regions
[2026-06-17T23:49:28.993+0000][8485.777s][info][gc,marking    ] GC(354) Concurrent Scan Root Regions 0.945ms
[2026-06-17T23:49:28.993+0000][8485.777s][info][gc,marking    ] GC(354) Concurrent Mark (8485.777s)
[2026-06-17T23:49:28.993+0000][8485.777s][info][gc,marking    ] GC(354) Concurrent Mark From Roots
[2026-06-17T23:49:28.993+0000][8485.777s][info][gc,task       ] GC(354) Using 3 workers of 3 for marking
[2026-06-17T23:49:28.999+0000][8485.783s][info][gc,marking    ] GC(354) Concurrent Mark From Roots 5.465ms
[2026-06-17T23:49:28.999+0000][8485.783s][info][gc,marking    ] GC(354) Concurrent Preclean
[2026-06-17T23:49:28.999+0000][8485.783s][info][gc,marking    ] GC(354) Concurrent Preclean 0.224ms
[2026-06-17T23:49:28.999+0000][8485.783s][info][gc,marking    ] GC(354) Concurrent Mark (8485.777s, 8485.783s) 5.986ms
[2026-06-17T23:49:28.999+0000][8485.783s][info][gc,start      ] GC(354) Pause Remark
[2026-06-17T23:49:29.002+0000][8485.786s][info][gc,stringtable] GC(354) Cleaned string and symbol table, strings: 17294 processed, 0 removed, symbols: 125114 processed, 0 removed
[2026-06-17T23:49:29.002+0000][8485.786s][info][gc            ] GC(354) Pause Remark 205M->205M(512M) 2.861ms
[2026-06-17T23:49:29.002+0000][8485.786s][info][gc,cpu        ] GC(354) User=0.02s Sys=0.00s Real=0.00s
[2026-06-17T23:49:29.003+0000][8485.786s][info][gc,marking    ] GC(354) Concurrent Rebuild Remembered Sets
[2026-06-17T23:49:29.007+0000][8485.791s][info][gc,marking    ] GC(354) Concurrent Rebuild Remembered Sets 4.770ms
[2026-06-17T23:49:29.008+0000][8485.791s][info][gc,start      ] GC(354) Pause Cleanup
[2026-06-17T23:49:29.008+0000][8485.792s][info][gc            ] GC(354) Pause Cleanup 206M->206M(512M) 0.193ms
[2026-06-17T23:49:29.008+0000][8485.792s][info][gc,cpu        ] GC(354) User=0.00s Sys=0.00s Real=0.00s
[2026-06-17T23:49:29.008+0000][8485.792s][info][gc,marking    ] GC(354) Concurrent Cleanup for Next Mark
[2026-06-17T23:49:29.008+0000][8485.792s][info][gc,marking    ] GC(354) Concurrent Cleanup for Next Mark 0.228ms
[2026-06-17T23:49:29.008+0000][8485.792s][info][gc            ] GC(354) Concurrent Cycle 16.399ms
[2026-06-17T23:49:30.324+0000][8487.107s][info][gc,start      ] GC(355) Pause Young (Prepare Mixed) (G1 Evacuation Pause)
[2026-06-17T23:49:30.324+0000][8487.107s][info][gc,task       ] GC(355) Using 13 workers of 13 for evacuation
[2026-06-17T23:49:30.330+0000][8487.114s][info][gc,phases     ] GC(355)   Pre Evacuate Collection Set: 0.0ms
[2026-06-17T23:49:30.330+0000][8487.114s][info][gc,phases     ] GC(355)   Evacuate Collection Set: 5.7ms
[2026-06-17T23:49:30.330+0000][8487.114s][info][gc,phases     ] GC(355)   Post Evacuate Collection Set: 0.3ms
[2026-06-17T23:49:30.330+0000][8487.114s][info][gc,phases     ] GC(355)   Other: 0.2ms
[2026-06-17T23:49:30.330+0000][8487.114s][info][gc,heap       ] GC(355) Eden regions: 244->0(17)
[2026-06-17T23:49:30.330+0000][8487.114s][info][gc,heap       ] GC(355) Survivor regions: 4->8(31)
[2026-06-17T23:49:30.330+0000][8487.114s][info][gc,heap       ] GC(355) Old regions: 51->51
[2026-06-17T23:49:30.330+0000][8487.114s][info][gc,heap       ] GC(355) Humongous regions: 147->147
[2026-06-17T23:49:30.330+0000][8487.114s][info][gc,metaspace  ] GC(355) Metaspace: 52416K(55296K)->52416K(55296K) NonClass: 46476K(48128K)->46476K(48128K) Class: 5939K(7168K)->5939K(7168K)
[2026-06-17T23:49:30.330+0000][8487.114s][info][gc            ] GC(355) Pause Young (Prepare Mixed) (G1 Evacuation Pause) 445M->205M(512M) 6.684ms
[2026-06-17T23:49:30.330+0000][8487.114s][info][gc,cpu        ] GC(355) User=0.06s Sys=0.00s Real=0.01s
[2026-06-17T23:49:30.411+0000][8487.195s][info][gc,start      ] GC(356) Pause Young (Mixed) (G1 Evacuation Pause)
[2026-06-17T23:49:30.411+0000][8487.195s][info][gc,task       ] GC(356) Using 13 workers of 13 for evacuation
[2026-06-17T23:49:30.415+0000][8487.199s][info][gc,phases     ] GC(356)   Pre Evacuate Collection Set: 0.0ms
[2026-06-17T23:49:30.415+0000][8487.199s][info][gc,phases     ] GC(356)   Evacuate Collection Set: 3.3ms
[2026-06-17T23:49:30.415+0000][8487.199s][info][gc,phases     ] GC(356)   Post Evacuate Collection Set: 0.3ms
[2026-06-17T23:49:30.415+0000][8487.199s][info][gc,phases     ] GC(356)   Other: 0.3ms
[2026-06-17T23:49:30.415+0000][8487.199s][info][gc,heap       ] GC(356) Eden regions: 17->0(245)
[2026-06-17T23:49:30.416+0000][8487.199s][info][gc,heap       ] GC(356) Survivor regions: 8->2(4)
[2026-06-17T23:49:30.416+0000][8487.199s][info][gc,heap       ] GC(356) Old regions: 51->51
[2026-06-17T23:49:30.416+0000][8487.199s][info][gc,heap       ] GC(356) Humongous regions: 147->147
[2026-06-17T23:49:30.416+0000][8487.199s][info][gc,metaspace  ] GC(356) Metaspace: 52416K(55296K)->52416K(55296K) NonClass: 46476K(48128K)->46476K(48128K) Class: 5939K(7168K)->5939K(7168K)
[2026-06-17T23:49:30.416+0000][8487.199s][info][gc            ] GC(356) Pause Young (Mixed) (G1 Evacuation Pause) 222M->199M(512M) 4.320ms
[2026-06-17T23:49:30.416+0000][8487.200s][info][gc,cpu        ] GC(356) User=0.02s Sys=0.00s Real=0.00s
[2026-06-17T23:49:31.635+0000][8488.418s][info][gc,start      ] GC(357) Pause Young (Normal) (G1 Evacuation Pause)
[2026-06-17T23:49:31.635+0000][8488.419s][info][gc,task       ] GC(357) Using 13 workers of 13 for evacuation
[2026-06-17T23:49:31.637+0000][8488.421s][info][gc,phases     ] GC(357)   Pre Evacuate Collection Set: 0.0ms
[2026-06-17T23:49:31.637+0000][8488.421s][info][gc,phases     ] GC(357)   Evacuate Collection Set: 1.4ms
[2026-06-17T23:49:31.637+0000][8488.421s][info][gc,phases     ] GC(357)   Post Evacuate Collection Set: 0.3ms
[2026-06-17T23:49:31.637+0000][8488.421s][info][gc,phases     ] GC(357)   Other: 0.3ms
[2026-06-17T23:49:31.637+0000][8488.421s][info][gc,heap       ] GC(357) Eden regions: 245->0(244)
[2026-06-17T23:49:31.637+0000][8488.421s][info][gc,heap       ] GC(357) Survivor regions: 2->4(31)
[2026-06-17T23:49:31.637+0000][8488.421s][info][gc,heap       ] GC(357) Old regions: 51->51
[2026-06-17T23:49:31.637+0000][8488.421s][info][gc,heap       ] GC(357) Humongous regions: 147->147
[2026-06-17T23:49:31.637+0000][8488.421s][info][gc,metaspace  ] GC(357) Metaspace: 52416K(55296K)->52416K(55296K) NonClass: 46476K(48128K)->46476K(48128K) Class: 5939K(7168K)->5939K(7168K)
[2026-06-17T23:49:31.637+0000][8488.421s][info][gc            ] GC(357) Pause Young (Normal) (G1 Evacuation Pause) 444M->201M(512M) 2.478ms
[2026-06-17T23:49:31.637+0000][8488.421s][info][gc,cpu        ] GC(357) User=0.02s Sys=0.00s Real=0.00s
[2026-06-17T23:50:20.074+0000][8536.860s][info][gc,start      ] GC(358) Pause Young (Normal) (G1 Evacuation Pause)
[2026-06-17T23:50:20.074+0000][8536.860s][info][gc,task       ] GC(358) Using 13 workers of 13 for evacuation
[2026-06-17T23:50:20.077+0000][8536.862s][info][gc,phases     ] GC(358)   Pre Evacuate Collection Set: 0.0ms
[2026-06-17T23:50:20.077+0000][8536.863s][info][gc,phases     ] GC(358)   Evacuate Collection Set: 1.9ms
[2026-06-17T23:50:20.077+0000][8536.863s][info][gc,phases     ] GC(358)   Post Evacuate Collection Set: 0.4ms
[2026-06-17T23:50:20.077+0000][8536.863s][info][gc,phases     ] GC(358)   Other: 0.3ms
[2026-06-17T23:50:20.077+0000][8536.863s][info][gc,heap       ] GC(358) Eden regions: 244->0(239)
[2026-06-17T23:50:20.077+0000][8536.863s][info][gc,heap       ] GC(358) Survivor regions: 4->8(31)
[2026-06-17T23:50:20.077+0000][8536.863s][info][gc,heap       ] GC(358) Old regions: 51->51
[2026-06-17T23:50:20.077+0000][8536.863s][info][gc,heap       ] GC(358) Humongous regions: 147->147
[2026-06-17T23:50:20.077+0000][8536.863s][info][gc,metaspace  ] GC(358) Metaspace: 52419K(55296K)->52419K(55296K) NonClass: 46479K(48128K)->46479K(48128K) Class: 5939K(7168K)->5939K(7168K)
[2026-06-17T23:50:20.077+0000][8536.863s][info][gc            ] GC(358) Pause Young (Normal) (G1 Evacuation Pause) 445M->205M(512M) 3.027ms
[2026-06-17T23:50:20.077+0000][8536.863s][info][gc,cpu        ] GC(358) User=0.02s Sys=0.00s Real=0.00s
[2026-06-17T23:50:21.507+0000][8538.293s][info][gc,start      ] GC(359) Pause Young (Concurrent Start) (G1 Evacuation Pause)
[2026-06-17T23:50:21.507+0000][8538.293s][info][gc,task       ] GC(359) Using 13 workers of 13 for evacuation
[2026-06-17T23:50:21.510+0000][8538.295s][info][gc,phases     ] GC(359)   Pre Evacuate Collection Set: 0.3ms
[2026-06-17T23:50:21.510+0000][8538.296s][info][gc,phases     ] GC(359)   Evacuate Collection Set: 1.6ms
[2026-06-17T23:50:21.510+0000][8538.296s][info][gc,phases     ] GC(359)   Post Evacuate Collection Set: 0.3ms
[2026-06-17T23:50:21.510+0000][8538.296s][info][gc,phases     ] GC(359)   Other: 0.4ms
[2026-06-17T23:50:21.510+0000][8538.296s][info][gc,heap       ] GC(359) Eden regions: 239->0(241)
[2026-06-17T23:50:21.510+0000][8538.296s][info][gc,heap       ] GC(359) Survivor regions: 8->5(31)
[2026-06-17T23:50:21.510+0000][8538.296s][info][gc,heap       ] GC(359) Old regions: 51->51
[2026-06-17T23:50:21.510+0000][8538.296s][info][gc,heap       ] GC(359) Humongous regions: 147->147
[2026-06-17T23:50:21.510+0000][8538.296s][info][gc,metaspace  ] GC(359) Metaspace: 52419K(55296K)->52419K(55296K) NonClass: 46479K(48128K)->46479K(48128K) Class: 5939K(7168K)->5939K(7168K)
[2026-06-17T23:50:21.510+0000][8538.296s][info][gc            ] GC(359) Pause Young (Concurrent Start) (G1 Evacuation Pause) 444M->202M(512M) 2.965ms
[2026-06-17T23:50:21.510+0000][8538.296s][info][gc,cpu        ] GC(359) User=0.02s Sys=0.00s Real=0.01s
[2026-06-17T23:50:21.510+0000][8538.296s][info][gc            ] GC(360) Concurrent Cycle
[2026-06-17T23:50:21.511+0000][8538.296s][info][gc,marking    ] GC(360) Concurrent Clear Claimed Marks
[2026-06-17T23:50:21.511+0000][8538.296s][info][gc,marking    ] GC(360) Concurrent Clear Claimed Marks 0.182ms
[2026-06-17T23:50:21.511+0000][8538.297s][info][gc,marking    ] GC(360) Concurrent Scan Root Regions
[2026-06-17T23:50:21.512+0000][8538.298s][info][gc,marking    ] GC(360) Concurrent Scan Root Regions 1.078ms
[2026-06-17T23:50:21.512+0000][8538.298s][info][gc,marking    ] GC(360) Concurrent Mark (8538.298s)
[2026-06-17T23:50:21.512+0000][8538.298s][info][gc,marking    ] GC(360) Concurrent Mark From Roots
[2026-06-17T23:50:21.512+0000][8538.298s][info][gc,task       ] GC(360) Using 3 workers of 3 for marking
[2026-06-17T23:50:21.517+0000][8538.303s][info][gc,marking    ] GC(360) Concurrent Mark From Roots 4.884ms
[2026-06-17T23:50:21.517+0000][8538.303s][info][gc,marking    ] GC(360) Concurrent Preclean
[2026-06-17T23:50:21.517+0000][8538.303s][info][gc,marking    ] GC(360) Concurrent Preclean 0.157ms
[2026-06-17T23:50:21.517+0000][8538.303s][info][gc,marking    ] GC(360) Concurrent Mark (8538.298s, 8538.303s) 5.238ms
[2026-06-17T23:50:21.517+0000][8538.303s][info][gc,start      ] GC(360) Pause Remark
[2026-06-17T23:50:21.520+0000][8538.305s][info][gc,stringtable] GC(360) Cleaned string and symbol table, strings: 17298 processed, 0 removed, symbols: 125114 processed, 0 removed
[2026-06-17T23:50:21.520+0000][8538.306s][info][gc            ] GC(360) Pause Remark 206M->206M(512M) 2.481ms
[2026-06-17T23:50:21.520+0000][8538.306s][info][gc,cpu        ] GC(360) User=0.02s Sys=0.00s Real=0.01s
[2026-06-17T23:50:21.520+0000][8538.306s][info][gc,marking    ] GC(360) Concurrent Rebuild Remembered Sets
[2026-06-17T23:50:21.524+0000][8538.309s][info][gc,marking    ] GC(360) Concurrent Rebuild Remembered Sets 3.714ms
[2026-06-17T23:50:21.524+0000][8538.310s][info][gc,start      ] GC(360) Pause Cleanup
[2026-06-17T23:50:21.524+0000][8538.310s][info][gc            ] GC(360) Pause Cleanup 207M->207M(512M) 0.210ms
[2026-06-17T23:50:21.524+0000][8538.310s][info][gc,cpu        ] GC(360) User=0.00s Sys=0.00s Real=0.00s
[2026-06-17T23:50:21.524+0000][8538.310s][info][gc,marking    ] GC(360) Concurrent Cleanup for Next Mark
[2026-06-17T23:50:21.525+0000][8538.310s][info][gc,marking    ] GC(360) Concurrent Cleanup for Next Mark 0.147ms
[2026-06-17T23:50:21.525+0000][8538.310s][info][gc            ] GC(360) Concurrent Cycle 14.195ms
[2026-06-17T23:50:22.802+0000][8539.588s][info][gc,start      ] GC(361) Pause Young (Prepare Mixed) (G1 Evacuation Pause)
[2026-06-17T23:50:22.802+0000][8539.588s][info][gc,task       ] GC(361) Using 13 workers of 13 for evacuation
[2026-06-17T23:50:22.805+0000][8539.591s][info][gc,phases     ] GC(361)   Pre Evacuate Collection Set: 0.0ms
[2026-06-17T23:50:22.805+0000][8539.591s][info][gc,phases     ] GC(361)   Evacuate Collection Set: 2.5ms
[2026-06-17T23:50:22.806+0000][8539.591s][info][gc,phases     ] GC(361)   Post Evacuate Collection Set: 0.4ms
[2026-06-17T23:50:22.806+0000][8539.591s][info][gc,phases     ] GC(361)   Other: 0.3ms
[2026-06-17T23:50:22.806+0000][8539.591s][info][gc,heap       ] GC(361) Eden regions: 241->0(16)
[2026-06-17T23:50:22.806+0000][8539.591s][info][gc,heap       ] GC(361) Survivor regions: 5->9(31)
[2026-06-17T23:50:22.806+0000][8539.591s][info][gc,heap       ] GC(361) Old regions: 51->51
[2026-06-17T23:50:22.806+0000][8539.592s][info][gc,heap       ] GC(361) Humongous regions: 147->147
[2026-06-17T23:50:22.806+0000][8539.592s][info][gc,metaspace  ] GC(361) Metaspace: 52419K(55296K)->52419K(55296K) NonClass: 46479K(48128K)->46479K(48128K) Class: 5939K(7168K)->5939K(7168K)
[2026-06-17T23:50:22.806+0000][8539.592s][info][gc            ] GC(361) Pause Young (Prepare Mixed) (G1 Evacuation Pause) 443M->206M(512M) 3.813ms
[2026-06-17T23:50:22.806+0000][8539.592s][info][gc,cpu        ] GC(361) User=0.04s Sys=0.00s Real=0.00s
[2026-06-17T23:50:22.881+0000][8539.666s][info][gc,start      ] GC(362) Pause Young (Mixed) (G1 Evacuation Pause)
[2026-06-17T23:50:22.881+0000][8539.667s][info][gc,task       ] GC(362) Using 13 workers of 13 for evacuation
[2026-06-17T23:50:22.885+0000][8539.670s][info][gc,phases     ] GC(362)   Pre Evacuate Collection Set: 0.0ms
[2026-06-17T23:50:22.885+0000][8539.671s][info][gc,phases     ] GC(362)   Evacuate Collection Set: 3.5ms
[2026-06-17T23:50:22.885+0000][8539.671s][info][gc,phases     ] GC(362)   Post Evacuate Collection Set: 0.3ms
[2026-06-17T23:50:22.885+0000][8539.671s][info][gc,phases     ] GC(362)   Other: 0.3ms
[2026-06-17T23:50:22.885+0000][8539.671s][info][gc,heap       ] GC(362) Eden regions: 16->0(241)
[2026-06-17T23:50:22.885+0000][8539.671s][info][gc,heap       ] GC(362) Survivor regions: 9->2(4)
[2026-06-17T23:50:22.885+0000][8539.671s][info][gc,heap       ] GC(362) Old regions: 51->53
[2026-06-17T23:50:22.885+0000][8539.671s][info][gc,heap       ] GC(362) Humongous regions: 147->147
[2026-06-17T23:50:22.885+0000][8539.671s][info][gc,metaspace  ] GC(362) Metaspace: 52419K(55296K)->52419K(55296K) NonClass: 46479K(48128K)->46479K(48128K) Class: 5939K(7168K)->5939K(7168K)
[2026-06-17T23:50:22.885+0000][8539.671s][info][gc            ] GC(362) Pause Young (Mixed) (G1 Evacuation Pause) 222M->200M(512M) 4.506ms
[2026-06-17T23:50:22.885+0000][8539.671s][info][gc,cpu        ] GC(362) User=0.02s Sys=0.01s Real=0.00s
[2026-06-17T23:50:24.048+0000][8540.833s][info][gc,start      ] GC(363) Pause Young (Normal) (G1 Evacuation Pause)
[2026-06-17T23:50:24.048+0000][8540.833s][info][gc,task       ] GC(363) Using 13 workers of 13 for evacuation
[2026-06-17T23:50:24.050+0000][8540.835s][info][gc,phases     ] GC(363)   Pre Evacuate Collection Set: 0.0ms
[2026-06-17T23:50:24.050+0000][8540.836s][info][gc,phases     ] GC(363)   Evacuate Collection Set: 1.5ms
[2026-06-17T23:50:24.050+0000][8540.836s][info][gc,phases     ] GC(363)   Post Evacuate Collection Set: 0.4ms
[2026-06-17T23:50:24.050+0000][8540.836s][info][gc,phases     ] GC(363)   Other: 0.3ms
[2026-06-17T23:50:24.050+0000][8540.836s][info][gc,heap       ] GC(363) Eden regions: 241->0(241)
[2026-06-17T23:50:24.050+0000][8540.836s][info][gc,heap       ] GC(363) Survivor regions: 2->4(31)
[2026-06-17T23:50:24.050+0000][8540.836s][info][gc,heap       ] GC(363) Old regions: 53->53
[2026-06-17T23:50:24.050+0000][8540.836s][info][gc,heap       ] GC(363) Humongous regions: 147->147
[2026-06-17T23:50:24.050+0000][8540.836s][info][gc,metaspace  ] GC(363) Metaspace: 52419K(55296K)->52419K(55296K) NonClass: 46479K(48128K)->46479K(48128K) Class: 5939K(7168K)->5939K(7168K)
[2026-06-17T23:50:24.050+0000][8540.836s][info][gc            ] GC(363) Pause Young (Normal) (G1 Evacuation Pause) 441M->203M(512M) 2.629ms
[2026-06-17T23:50:24.050+0000][8540.836s][info][gc,cpu        ] GC(363) User=0.02s Sys=0.01s Real=0.00s
[2026-06-17T23:51:12.578+0000][8589.362s][info][gc,start      ] GC(364) Pause Young (Normal) (G1 Evacuation Pause)
[2026-06-17T23:51:12.578+0000][8589.363s][info][gc,task       ] GC(364) Using 13 workers of 13 for evacuation
[2026-06-17T23:51:12.581+0000][8589.365s][info][gc,phases     ] GC(364)   Pre Evacuate Collection Set: 0.0ms
[2026-06-17T23:51:12.581+0000][8589.366s][info][gc,phases     ] GC(364)   Evacuate Collection Set: 2.4ms
[2026-06-17T23:51:12.581+0000][8589.366s][info][gc,phases     ] GC(364)   Post Evacuate Collection Set: 0.3ms
[2026-06-17T23:51:12.581+0000][8589.366s][info][gc,phases     ] GC(364)   Other: 0.3ms
[2026-06-17T23:51:12.581+0000][8589.366s][info][gc,heap       ] GC(364) Eden regions: 241->0(238)
[2026-06-17T23:51:12.582+0000][8589.366s][info][gc,heap       ] GC(364) Survivor regions: 4->7(31)
[2026-06-17T23:51:12.582+0000][8589.366s][info][gc,heap       ] GC(364) Old regions: 53->53
[2026-06-17T23:51:12.582+0000][8589.366s][info][gc,heap       ] GC(364) Humongous regions: 147->147
[2026-06-17T23:51:12.582+0000][8589.366s][info][gc,metaspace  ] GC(364) Metaspace: 52438K(55296K)->52438K(55296K) NonClass: 46498K(48128K)->46498K(48128K) Class: 5939K(7168K)->5939K(7168K)
[2026-06-17T23:51:12.582+0000][8589.366s][info][gc            ] GC(364) Pause Young (Normal) (G1 Evacuation Pause) 444M->206M(512M) 3.481ms
[2026-06-17T23:51:12.582+0000][8589.366s][info][gc,cpu        ] GC(364) User=0.03s Sys=0.00s Real=0.01s
[2026-06-17T23:51:13.849+0000][8590.633s][info][gc,start      ] GC(365) Pause Young (Concurrent Start) (G1 Evacuation Pause)
[2026-06-17T23:51:13.849+0000][8590.633s][info][gc,task       ] GC(365) Using 13 workers of 13 for evacuation
[2026-06-17T23:51:13.851+0000][8590.636s][info][gc,phases     ] GC(365)   Pre Evacuate Collection Set: 0.3ms
[2026-06-17T23:51:13.852+0000][8590.636s][info][gc,phases     ] GC(365)   Evacuate Collection Set: 1.4ms
[2026-06-17T23:51:13.852+0000][8590.636s][info][gc,phases     ] GC(365)   Post Evacuate Collection Set: 0.4ms
[2026-06-17T23:51:13.852+0000][8590.636s][info][gc,phases     ] GC(365)   Other: 0.3ms
[2026-06-17T23:51:13.852+0000][8590.636s][info][gc,heap       ] GC(365) Eden regions: 238->0(241)
[2026-06-17T23:51:13.852+0000][8590.636s][info][gc,heap       ] GC(365) Survivor regions: 7->4(31)
[2026-06-17T23:51:13.852+0000][8590.636s][info][gc,heap       ] GC(365) Old regions: 53->53
[2026-06-17T23:51:13.852+0000][8590.636s][info][gc,heap       ] GC(365) Humongous regions: 147->147
[2026-06-17T23:51:13.852+0000][8590.636s][info][gc,metaspace  ] GC(365) Metaspace: 52438K(55296K)->52438K(55296K) NonClass: 46498K(48128K)->46498K(48128K) Class: 5939K(7168K)->5939K(7168K)
[2026-06-17T23:51:13.852+0000][8590.636s][info][gc            ] GC(365) Pause Young (Concurrent Start) (G1 Evacuation Pause) 444M->202M(512M) 2.975ms
[2026-06-17T23:51:13.852+0000][8590.636s][info][gc,cpu        ] GC(365) User=0.01s Sys=0.00s Real=0.00s
[2026-06-17T23:51:13.852+0000][8590.636s][info][gc            ] GC(366) Concurrent Cycle
[2026-06-17T23:51:13.852+0000][8590.636s][info][gc,marking    ] GC(366) Concurrent Clear Claimed Marks
[2026-06-17T23:51:13.852+0000][8590.637s][info][gc,marking    ] GC(366) Concurrent Clear Claimed Marks 0.173ms
[2026-06-17T23:51:13.853+0000][8590.637s][info][gc,marking    ] GC(366) Concurrent Scan Root Regions
[2026-06-17T23:51:13.853+0000][8590.638s][info][gc,marking    ] GC(366) Concurrent Scan Root Regions 0.826ms
[2026-06-17T23:51:13.853+0000][8590.638s][info][gc,marking    ] GC(366) Concurrent Mark (8590.638s)
[2026-06-17T23:51:13.854+0000][8590.638s][info][gc,marking    ] GC(366) Concurrent Mark From Roots
[2026-06-17T23:51:13.854+0000][8590.638s][info][gc,task       ] GC(366) Using 3 workers of 3 for marking
[2026-06-17T23:51:13.859+0000][8590.643s][info][gc,marking    ] GC(366) Concurrent Mark From Roots 5.485ms
[2026-06-17T23:51:13.859+0000][8590.643s][info][gc,marking    ] GC(366) Concurrent Preclean
[2026-06-17T23:51:13.859+0000][8590.643s][info][gc,marking    ] GC(366) Concurrent Preclean 0.161ms
[2026-06-17T23:51:13.859+0000][8590.644s][info][gc,marking    ] GC(366) Concurrent Mark (8590.638s, 8590.644s) 5.910ms
[2026-06-17T23:51:13.860+0000][8590.644s][info][gc,start      ] GC(366) Pause Remark
[2026-06-17T23:51:13.862+0000][8590.646s][info][gc,stringtable] GC(366) Cleaned string and symbol table, strings: 17312 processed, 0 removed, symbols: 125114 processed, 0 removed
[2026-06-17T23:51:13.862+0000][8590.646s][info][gc            ] GC(366) Pause Remark 206M->203M(512M) 2.553ms
[2026-06-17T23:51:13.862+0000][8590.646s][info][gc,cpu        ] GC(366) User=0.03s Sys=0.01s Real=0.00s
[2026-06-17T23:51:13.862+0000][8590.646s][info][gc,marking    ] GC(366) Concurrent Rebuild Remembered Sets
[2026-06-17T23:51:13.866+0000][8590.650s][info][gc,marking    ] GC(366) Concurrent Rebuild Remembered Sets 3.924ms
[2026-06-17T23:51:13.866+0000][8590.651s][info][gc,start      ] GC(366) Pause Cleanup
[2026-06-17T23:51:13.867+0000][8590.651s][info][gc            ] GC(366) Pause Cleanup 204M->204M(512M) 0.174ms
[2026-06-17T23:51:13.867+0000][8590.651s][info][gc,cpu        ] GC(366) User=0.00s Sys=0.00s Real=0.00s
[2026-06-17T23:51:13.867+0000][8590.651s][info][gc,marking    ] GC(366) Concurrent Cleanup for Next Mark
[2026-06-17T23:51:13.867+0000][8590.651s][info][gc,marking    ] GC(366) Concurrent Cleanup for Next Mark 0.192ms
[2026-06-17T23:51:13.867+0000][8590.651s][info][gc            ] GC(366) Concurrent Cycle 14.652ms
[2026-06-17T23:51:15.063+0000][8591.847s][info][gc,start      ] GC(367) Pause Young (Prepare Mixed) (G1 Evacuation Pause)
[2026-06-17T23:51:15.063+0000][8591.847s][info][gc,task       ] GC(367) Using 13 workers of 13 for evacuation
[2026-06-17T23:51:15.065+0000][8591.850s][info][gc,phases     ] GC(367)   Pre Evacuate Collection Set: 0.0ms
[2026-06-17T23:51:15.066+0000][8591.850s][info][gc,phases     ] GC(367)   Evacuate Collection Set: 1.8ms
[2026-06-17T23:51:15.066+0000][8591.850s][info][gc,phases     ] GC(367)   Post Evacuate Collection Set: 0.4ms
[2026-06-17T23:51:15.066+0000][8591.850s][info][gc,phases     ] GC(367)   Other: 0.4ms
[2026-06-17T23:51:15.066+0000][8591.850s][info][gc,heap       ] GC(367) Eden regions: 241->0(18)
[2026-06-17T23:51:15.066+0000][8591.850s][info][gc,heap       ] GC(367) Survivor regions: 4->7(31)
[2026-06-17T23:51:15.066+0000][8591.850s][info][gc,heap       ] GC(367) Old regions: 50->50
[2026-06-17T23:51:15.066+0000][8591.850s][info][gc,heap       ] GC(367) Humongous regions: 147->147
[2026-06-17T23:51:15.066+0000][8591.850s][info][gc,metaspace  ] GC(367) Metaspace: 52440K(55296K)->52440K(55296K) NonClass: 46500K(48128K)->46500K(48128K) Class: 5939K(7168K)->5939K(7168K)
[2026-06-17T23:51:15.066+0000][8591.850s][info][gc            ] GC(367) Pause Young (Prepare Mixed) (G1 Evacuation Pause) 440M->203M(512M) 3.140ms
[2026-06-17T23:51:15.066+0000][8591.850s][info][gc,cpu        ] GC(367) User=0.02s Sys=0.00s Real=0.00s
[2026-06-17T23:51:15.148+0000][8591.932s][info][gc,start      ] GC(368) Pause Young (Mixed) (G1 Evacuation Pause)
[2026-06-17T23:51:15.148+0000][8591.932s][info][gc,task       ] GC(368) Using 13 workers of 13 for evacuation
[2026-06-17T23:51:15.151+0000][8591.936s][info][gc,phases     ] GC(368)   Pre Evacuate Collection Set: 0.0ms
[2026-06-17T23:51:15.151+0000][8591.936s][info][gc,phases     ] GC(368)   Evacuate Collection Set: 3.1ms
[2026-06-17T23:51:15.152+0000][8591.936s][info][gc,phases     ] GC(368)   Post Evacuate Collection Set: 0.3ms
[2026-06-17T23:51:15.152+0000][8591.936s][info][gc,phases     ] GC(368)   Other: 0.3ms
[2026-06-17T23:51:15.152+0000][8591.936s][info][gc,heap       ] GC(368) Eden regions: 18->0(244)
[2026-06-17T23:51:15.152+0000][8591.936s][info][gc,heap       ] GC(368) Survivor regions: 7->2(4)
[2026-06-17T23:51:15.152+0000][8591.936s][info][gc,heap       ] GC(368) Old regions: 50->50
[2026-06-17T23:51:15.152+0000][8591.936s][info][gc,heap       ] GC(368) Humongous regions: 147->147
[2026-06-17T23:51:15.152+0000][8591.936s][info][gc,metaspace  ] GC(368) Metaspace: 52440K(55296K)->52440K(55296K) NonClass: 46500K(48128K)->46500K(48128K) Class: 5939K(7168K)->5939K(7168K)
[2026-06-17T23:51:15.152+0000][8591.936s][info][gc            ] GC(368) Pause Young (Mixed) (G1 Evacuation Pause) 221M->198M(512M) 4.189ms
[2026-06-17T23:51:15.152+0000][8591.936s][info][gc,cpu        ] GC(368) User=0.02s Sys=0.00s Real=0.01s
[2026-06-17T23:52:03.466+0000][8640.250s][info][gc,start      ] GC(369) Pause Young (Normal) (G1 Evacuation Pause)
[2026-06-17T23:52:03.466+0000][8640.250s][info][gc,task       ] GC(369) Using 13 workers of 13 for evacuation
[2026-06-17T23:52:03.468+0000][8640.252s][info][gc,phases     ] GC(369)   Pre Evacuate Collection Set: 0.0ms
[2026-06-17T23:52:03.468+0000][8640.252s][info][gc,phases     ] GC(369)   Evacuate Collection Set: 1.5ms
[2026-06-17T23:52:03.468+0000][8640.252s][info][gc,phases     ] GC(369)   Post Evacuate Collection Set: 0.3ms
[2026-06-17T23:52:03.468+0000][8640.252s][info][gc,phases     ] GC(369)   Other: 0.3ms
[2026-06-17T23:52:03.468+0000][8640.252s][info][gc,heap       ] GC(369) Eden regions: 244->0(244)
[2026-06-17T23:52:03.468+0000][8640.252s][info][gc,heap       ] GC(369) Survivor regions: 2->4(31)
[2026-06-17T23:52:03.468+0000][8640.252s][info][gc,heap       ] GC(369) Old regions: 50->50
[2026-06-17T23:52:03.468+0000][8640.252s][info][gc,heap       ] GC(369) Humongous regions: 147->147
[2026-06-17T23:52:03.468+0000][8640.252s][info][gc,metaspace  ] GC(369) Metaspace: 52447K(55296K)->52447K(55296K) NonClass: 46507K(48128K)->46507K(48128K) Class: 5939K(7168K)->5939K(7168K)
[2026-06-17T23:52:03.469+0000][8640.252s][info][gc            ] GC(369) Pause Young (Normal) (G1 Evacuation Pause) 442M->200M(512M) 2.589ms
[2026-06-17T23:52:03.469+0000][8640.252s][info][gc,cpu        ] GC(369) User=0.02s Sys=0.00s Real=0.00s
[2026-06-17T23:52:05.032+0000][8641.815s][info][gc,start      ] GC(370) Pause Young (Normal) (G1 Evacuation Pause)
[2026-06-17T23:52:05.032+0000][8641.816s][info][gc,task       ] GC(370) Using 13 workers of 13 for evacuation
[2026-06-17T23:52:05.034+0000][8641.817s][info][gc,phases     ] GC(370)   Pre Evacuate Collection Set: 0.0ms
[2026-06-17T23:52:05.034+0000][8641.818s][info][gc,phases     ] GC(370)   Evacuate Collection Set: 1.4ms
[2026-06-17T23:52:05.034+0000][8641.818s][info][gc,phases     ] GC(370)   Post Evacuate Collection Set: 0.3ms
[2026-06-17T23:52:05.034+0000][8641.818s][info][gc,phases     ] GC(370)   Other: 0.3ms
[2026-06-17T23:52:05.034+0000][8641.818s][info][gc,heap       ] GC(370) Eden regions: 244->0(241)
[2026-06-17T23:52:05.034+0000][8641.818s][info][gc,heap       ] GC(370) Survivor regions: 4->7(31)
[2026-06-17T23:52:05.034+0000][8641.818s][info][gc,heap       ] GC(370) Old regions: 50->50
[2026-06-17T23:52:05.034+0000][8641.818s][info][gc,heap       ] GC(370) Humongous regions: 147->147
[2026-06-17T23:52:05.034+0000][8641.818s][info][gc,metaspace  ] GC(370) Metaspace: 52447K(55296K)->52447K(55296K) NonClass: 46507K(48128K)->46507K(48128K) Class: 5939K(7168K)->5939K(7168K)
[2026-06-17T23:52:05.034+0000][8641.818s][info][gc            ] GC(370) Pause Young (Normal) (G1 Evacuation Pause) 444M->203M(512M) 2.478ms
[2026-06-17T23:52:05.034+0000][8641.818s][info][gc,cpu        ] GC(370) User=0.01s Sys=0.00s Real=0.00s
[2026-06-17T23:52:06.276+0000][8643.059s][info][gc,start      ] GC(371) Pause Young (Concurrent Start) (G1 Evacuation Pause)
[2026-06-17T23:52:06.276+0000][8643.060s][info][gc,task       ] GC(371) Using 13 workers of 13 for evacuation
[2026-06-17T23:52:06.282+0000][8643.066s][info][gc,phases     ] GC(371)   Pre Evacuate Collection Set: 0.3ms
[2026-06-17T23:52:06.282+0000][8643.066s][info][gc,phases     ] GC(371)   Evacuate Collection Set: 5.4ms
[2026-06-17T23:52:06.282+0000][8643.066s][info][gc,phases     ] GC(371)   Post Evacuate Collection Set: 0.4ms
[2026-06-17T23:52:06.282+0000][8643.066s][info][gc,phases     ] GC(371)   Other: 0.4ms
[2026-06-17T23:52:06.282+0000][8643.066s][info][gc,heap       ] GC(371) Eden regions: 241->0(246)
[2026-06-17T23:52:06.282+0000][8643.066s][info][gc,heap       ] GC(371) Survivor regions: 7->4(31)
[2026-06-17T23:52:06.283+0000][8643.066s][info][gc,heap       ] GC(371) Old regions: 50->50
[2026-06-17T23:52:06.283+0000][8643.066s][info][gc,heap       ] GC(371) Humongous regions: 147->147
[2026-06-17T23:52:06.283+0000][8643.066s][info][gc,metaspace  ] GC(371) Metaspace: 52447K(55296K)->52447K(55296K) NonClass: 46507K(48128K)->46507K(48128K) Class: 5939K(7168K)->5939K(7168K)
[2026-06-17T23:52:06.283+0000][8643.066s][info][gc            ] GC(371) Pause Young (Concurrent Start) (G1 Evacuation Pause) 444M->200M(512M) 6.956ms
[2026-06-17T23:52:06.283+0000][8643.066s][info][gc,cpu        ] GC(371) User=0.06s Sys=0.00s Real=0.01s
[2026-06-17T23:52:06.283+0000][8643.067s][info][gc            ] GC(372) Concurrent Cycle
[2026-06-17T23:52:06.283+0000][8643.067s][info][gc,marking    ] GC(372) Concurrent Clear Claimed Marks
[2026-06-17T23:52:06.283+0000][8643.067s][info][gc,marking    ] GC(372) Concurrent Clear Claimed Marks 0.325ms
[2026-06-17T23:52:06.283+0000][8643.067s][info][gc,marking    ] GC(372) Concurrent Scan Root Regions
[2026-06-17T23:52:06.285+0000][8643.068s][info][gc,marking    ] GC(372) Concurrent Scan Root Regions 1.164ms
[2026-06-17T23:52:06.285+0000][8643.068s][info][gc,marking    ] GC(372) Concurrent Mark (8643.068s)
[2026-06-17T23:52:06.285+0000][8643.068s][info][gc,marking    ] GC(372) Concurrent Mark From Roots
[2026-06-17T23:52:06.285+0000][8643.069s][info][gc,task       ] GC(372) Using 3 workers of 3 for marking
[2026-06-17T23:52:06.291+0000][8643.075s][info][gc,marking    ] GC(372) Concurrent Mark From Roots 6.303ms
[2026-06-17T23:52:06.292+0000][8643.075s][info][gc,marking    ] GC(372) Concurrent Preclean
[2026-06-17T23:52:06.292+0000][8643.076s][info][gc,marking    ] GC(372) Concurrent Preclean 0.478ms
[2026-06-17T23:52:06.292+0000][8643.076s][info][gc,marking    ] GC(372) Concurrent Mark (8643.068s, 8643.076s) 7.516ms
[2026-06-17T23:52:06.293+0000][8643.076s][info][gc,start      ] GC(372) Pause Remark
[2026-06-17T23:52:06.296+0000][8643.080s][info][gc,stringtable] GC(372) Cleaned string and symbol table, strings: 17314 processed, 0 removed, symbols: 125114 processed, 0 removed
[2026-06-17T23:52:06.296+0000][8643.080s][info][gc            ] GC(372) Pause Remark 204M->204M(512M) 3.690ms
[2026-06-17T23:52:06.297+0000][8643.080s][info][gc,cpu        ] GC(372) User=0.02s Sys=0.00s Real=0.00s
[2026-06-17T23:52:06.297+0000][8643.081s][info][gc,marking    ] GC(372) Concurrent Rebuild Remembered Sets
[2026-06-17T23:52:06.301+0000][8643.085s][info][gc,marking    ] GC(372) Concurrent Rebuild Remembered Sets 4.558ms
[2026-06-17T23:52:06.302+0000][8643.085s][info][gc,start      ] GC(372) Pause Cleanup
[2026-06-17T23:52:06.302+0000][8643.086s][info][gc            ] GC(372) Pause Cleanup 205M->205M(512M) 0.289ms
[2026-06-17T23:52:06.302+0000][8643.086s][info][gc,cpu        ] GC(372) User=0.00s Sys=0.00s Real=0.00s
[2026-06-17T23:52:06.302+0000][8643.086s][info][gc,marking    ] GC(372) Concurrent Cleanup for Next Mark
[2026-06-17T23:52:06.302+0000][8643.086s][info][gc,marking    ] GC(372) Concurrent Cleanup for Next Mark 0.173ms
[2026-06-17T23:52:06.303+0000][8643.086s][info][gc            ] GC(372) Concurrent Cycle 19.642ms
[2026-06-17T23:52:07.519+0000][8644.302s][info][gc,start      ] GC(373) Pause Young (Prepare Mixed) (G1 Evacuation Pause)
[2026-06-17T23:52:07.519+0000][8644.302s][info][gc,task       ] GC(373) Using 13 workers of 13 for evacuation
[2026-06-17T23:52:07.524+0000][8644.308s][info][gc,phases     ] GC(373)   Pre Evacuate Collection Set: 0.0ms
[2026-06-17T23:52:07.524+0000][8644.308s][info][gc,phases     ] GC(373)   Evacuate Collection Set: 3.9ms
[2026-06-17T23:52:07.524+0000][8644.308s][info][gc,phases     ] GC(373)   Post Evacuate Collection Set: 0.9ms
[2026-06-17T23:52:07.524+0000][8644.308s][info][gc,phases     ] GC(373)   Other: 0.4ms
[2026-06-17T23:52:07.524+0000][8644.308s][info][gc,heap       ] GC(373) Eden regions: 246->0(17)
[2026-06-17T23:52:07.524+0000][8644.308s][info][gc,heap       ] GC(373) Survivor regions: 4->8(32)
[2026-06-17T23:52:07.524+0000][8644.308s][info][gc,heap       ] GC(373) Old regions: 50->50
[2026-06-17T23:52:07.524+0000][8644.308s][info][gc,heap       ] GC(373) Humongous regions: 147->147
[2026-06-17T23:52:07.524+0000][8644.308s][info][gc,metaspace  ] GC(373) Metaspace: 52447K(55296K)->52447K(55296K) NonClass: 46507K(48128K)->46507K(48128K) Class: 5939K(7168K)->5939K(7168K)
[2026-06-17T23:52:07.525+0000][8644.308s][info][gc            ] GC(373) Pause Young (Prepare Mixed) (G1 Evacuation Pause) 446M->204M(512M) 5.842ms
[2026-06-17T23:52:07.525+0000][8644.308s][info][gc,cpu        ] GC(373) User=0.02s Sys=0.00s Real=0.01s
[2026-06-17T23:52:07.616+0000][8644.400s][info][gc,start      ] GC(374) Pause Young (Mixed) (G1 Evacuation Pause)
[2026-06-17T23:52:07.616+0000][8644.400s][info][gc,task       ] GC(374) Using 13 workers of 13 for evacuation
[2026-06-17T23:52:07.621+0000][8644.405s][info][gc,phases     ] GC(374)   Pre Evacuate Collection Set: 0.0ms
[2026-06-17T23:52:07.621+0000][8644.405s][info][gc,phases     ] GC(374)   Evacuate Collection Set: 4.4ms
[2026-06-17T23:52:07.621+0000][8644.405s][info][gc,phases     ] GC(374)   Post Evacuate Collection Set: 0.5ms
[2026-06-17T23:52:07.621+0000][8644.405s][info][gc,phases     ] GC(374)   Other: 0.3ms
[2026-06-17T23:52:07.621+0000][8644.405s][info][gc,heap       ] GC(374) Eden regions: 17->0(246)
[2026-06-17T23:52:07.622+0000][8644.405s][info][gc,heap       ] GC(374) Survivor regions: 8->2(4)
[2026-06-17T23:52:07.622+0000][8644.405s][info][gc,heap       ] GC(374) Old regions: 50->51
[2026-06-17T23:52:07.622+0000][8644.406s][info][gc,heap       ] GC(374) Humongous regions: 147->147
[2026-06-17T23:52:07.622+0000][8644.406s][info][gc,metaspace  ] GC(374) Metaspace: 52447K(55296K)->52447K(55296K) NonClass: 46507K(48128K)->46507K(48128K) Class: 5939K(7168K)->5939K(7168K)
[2026-06-17T23:52:07.622+0000][8644.406s][info][gc            ] GC(374) Pause Young (Mixed) (G1 Evacuation Pause) 221M->198M(512M) 6.049ms
[2026-06-17T23:52:07.622+0000][8644.406s][info][gc,cpu        ] GC(374) User=0.03s Sys=0.00s Real=0.01s
[2026-06-17T23:52:56.244+0000][8693.028s][info][gc,start      ] GC(375) Pause Young (Normal) (G1 Evacuation Pause)
[2026-06-17T23:52:56.244+0000][8693.028s][info][gc,task       ] GC(375) Using 13 workers of 13 for evacuation
[2026-06-17T23:52:56.246+0000][8693.031s][info][gc,phases     ] GC(375)   Pre Evacuate Collection Set: 0.0ms
[2026-06-17T23:52:56.246+0000][8693.031s][info][gc,phases     ] GC(375)   Evacuate Collection Set: 1.5ms
[2026-06-17T23:52:56.247+0000][8693.031s][info][gc,phases     ] GC(375)   Post Evacuate Collection Set: 0.3ms
[2026-06-17T23:52:56.247+0000][8693.031s][info][gc,phases     ] GC(375)   Other: 0.3ms
[2026-06-17T23:52:56.247+0000][8693.031s][info][gc,heap       ] GC(375) Eden regions: 246->0(246)
[2026-06-17T23:52:56.247+0000][8693.031s][info][gc,heap       ] GC(375) Survivor regions: 2->3(31)
[2026-06-17T23:52:56.247+0000][8693.031s][info][gc,heap       ] GC(375) Old regions: 51->51
[2026-06-17T23:52:56.247+0000][8693.031s][info][gc,heap       ] GC(375) Humongous regions: 147->147
[2026-06-17T23:52:56.247+0000][8693.031s][info][gc,metaspace  ] GC(375) Metaspace: 52448K(55296K)->52448K(55296K) NonClass: 46508K(48128K)->46508K(48128K) Class: 5939K(7168K)->5939K(7168K)
[2026-06-17T23:52:56.247+0000][8693.031s][info][gc            ] GC(375) Pause Young (Normal) (G1 Evacuation Pause) 444M->199M(512M) 2.622ms
[2026-06-17T23:52:56.247+0000][8693.031s][info][gc,cpu        ] GC(375) User=0.02s Sys=0.00s Real=0.00s
[2026-06-17T23:52:57.740+0000][8694.524s][info][gc,start      ] GC(376) Pause Young (Normal) (G1 Evacuation Pause)
[2026-06-17T23:52:57.741+0000][8694.524s][info][gc,task       ] GC(376) Using 13 workers of 13 for evacuation
[2026-06-17T23:52:57.744+0000][8694.528s][info][gc,phases     ] GC(376)   Pre Evacuate Collection Set: 0.0ms
[2026-06-17T23:52:57.744+0000][8694.528s][info][gc,phases     ] GC(376)   Evacuate Collection Set: 2.8ms
[2026-06-17T23:52:57.744+0000][8694.528s][info][gc,phases     ] GC(376)   Post Evacuate Collection Set: 0.4ms
[2026-06-17T23:52:57.744+0000][8694.528s][info][gc,phases     ] GC(376)   Other: 0.4ms
[2026-06-17T23:52:57.744+0000][8694.528s][info][gc,heap       ] GC(376) Eden regions: 246->0(243)
[2026-06-17T23:52:57.744+0000][8694.528s][info][gc,heap       ] GC(376) Survivor regions: 3->6(32)
[2026-06-17T23:52:57.745+0000][8694.528s][info][gc,heap       ] GC(376) Old regions: 51->51
[2026-06-17T23:52:57.745+0000][8694.528s][info][gc,heap       ] GC(376) Humongous regions: 147->147
[2026-06-17T23:52:57.745+0000][8694.529s][info][gc,metaspace  ] GC(376) Metaspace: 52448K(55296K)->52448K(55296K) NonClass: 46508K(48128K)->46508K(48128K) Class: 5939K(7168K)->5939K(7168K)
[2026-06-17T23:52:57.745+0000][8694.529s][info][gc            ] GC(376) Pause Young (Normal) (G1 Evacuation Pause) 445M->203M(512M) 4.460ms
[2026-06-17T23:52:57.745+0000][8694.529s][info][gc,cpu        ] GC(376) User=0.02s Sys=0.00s Real=0.00s
[2026-06-17T23:52:59.057+0000][8695.841s][info][gc,start      ] GC(377) Pause Young (Concurrent Start) (G1 Evacuation Pause)
[2026-06-17T23:52:59.058+0000][8695.841s][info][gc,task       ] GC(377) Using 13 workers of 13 for evacuation
[2026-06-17T23:52:59.060+0000][8695.844s][info][gc,phases     ] GC(377)   Pre Evacuate Collection Set: 0.3ms
[2026-06-17T23:52:59.060+0000][8695.844s][info][gc,phases     ] GC(377)   Evacuate Collection Set: 1.5ms
[2026-06-17T23:52:59.060+0000][8695.844s][info][gc,phases     ] GC(377)   Post Evacuate Collection Set: 0.3ms
[2026-06-17T23:52:59.060+0000][8695.844s][info][gc,phases     ] GC(377)   Other: 0.3ms
[2026-06-17T23:52:59.060+0000][8695.844s][info][gc,heap       ] GC(377) Eden regions: 243->0(245)
[2026-06-17T23:52:59.060+0000][8695.844s][info][gc,heap       ] GC(377) Survivor regions: 6->4(32)
[2026-06-17T23:52:59.060+0000][8695.844s][info][gc,heap       ] GC(377) Old regions: 51->51
[2026-06-17T23:52:59.060+0000][8695.844s][info][gc,heap       ] GC(377) Humongous regions: 147->147
[2026-06-17T23:52:59.060+0000][8695.844s][info][gc,metaspace  ] GC(377) Metaspace: 52448K(55296K)->52448K(55296K) NonClass: 46508K(48128K)->46508K(48128K) Class: 5939K(7168K)->5939K(7168K)
[2026-06-17T23:52:59.060+0000][8695.844s][info][gc            ] GC(377) Pause Young (Concurrent Start) (G1 Evacuation Pause) 446M->200M(512M) 2.890ms
[2026-06-17T23:52:59.060+0000][8695.844s][info][gc,cpu        ] GC(377) User=0.01s Sys=0.01s Real=0.01s
[2026-06-17T23:52:59.060+0000][8695.844s][info][gc            ] GC(378) Concurrent Cycle
[2026-06-17T23:52:59.060+0000][8695.844s][info][gc,marking    ] GC(378) Concurrent Clear Claimed Marks
[2026-06-17T23:52:59.061+0000][8695.844s][info][gc,marking    ] GC(378) Concurrent Clear Claimed Marks 0.214ms
[2026-06-17T23:52:59.061+0000][8695.845s][info][gc,marking    ] GC(378) Concurrent Scan Root Regions
[2026-06-17T23:52:59.062+0000][8695.845s][info][gc,marking    ] GC(378) Concurrent Scan Root Regions 0.903ms
[2026-06-17T23:52:59.062+0000][8695.846s][info][gc,marking    ] GC(378) Concurrent Mark (8695.846s)
[2026-06-17T23:52:59.062+0000][8695.846s][info][gc,marking    ] GC(378) Concurrent Mark From Roots
[2026-06-17T23:52:59.062+0000][8695.846s][info][gc,task       ] GC(378) Using 3 workers of 3 for marking
[2026-06-17T23:52:59.067+0000][8695.851s][info][gc,marking    ] GC(378) Concurrent Mark From Roots 5.034ms
[2026-06-17T23:52:59.067+0000][8695.851s][info][gc,marking    ] GC(378) Concurrent Preclean
[2026-06-17T23:52:59.067+0000][8695.851s][info][gc,marking    ] GC(378) Concurrent Preclean 0.172ms
[2026-06-17T23:52:59.067+0000][8695.851s][info][gc,marking    ] GC(378) Concurrent Mark (8695.846s, 8695.851s) 5.446ms
[2026-06-17T23:52:59.067+0000][8695.851s][info][gc,start      ] GC(378) Pause Remark
[2026-06-17T23:52:59.070+0000][8695.853s][info][gc,stringtable] GC(378) Cleaned string and symbol table, strings: 17314 processed, 0 removed, symbols: 125114 processed, 0 removed
[2026-06-17T23:52:59.070+0000][8695.854s][info][gc            ] GC(378) Pause Remark 204M->203M(512M) 2.516ms
[2026-06-17T23:52:59.070+0000][8695.854s][info][gc,cpu        ] GC(378) User=0.02s Sys=0.00s Real=0.01s
[2026-06-17T23:52:59.070+0000][8695.854s][info][gc,marking    ] GC(378) Concurrent Rebuild Remembered Sets
[2026-06-17T23:52:59.074+0000][8695.858s][info][gc,marking    ] GC(378) Concurrent Rebuild Remembered Sets 3.842ms
[2026-06-17T23:52:59.074+0000][8695.858s][info][gc,start      ] GC(378) Pause Cleanup
[2026-06-17T23:52:59.074+0000][8695.858s][info][gc            ] GC(378) Pause Cleanup 204M->204M(512M) 0.257ms
[2026-06-17T23:52:59.074+0000][8695.858s][info][gc,cpu        ] GC(378) User=0.01s Sys=0.00s Real=0.00s
[2026-06-17T23:52:59.075+0000][8695.858s][info][gc,marking    ] GC(378) Concurrent Cleanup for Next Mark
[2026-06-17T23:52:59.075+0000][8695.859s][info][gc,marking    ] GC(378) Concurrent Cleanup for Next Mark 0.159ms
[2026-06-17T23:52:59.075+0000][8695.859s][info][gc            ] GC(378) Concurrent Cycle 14.378ms
[2026-06-17T23:53:47.431+0000][8744.215s][info][gc,start      ] GC(379) Pause Young (Prepare Mixed) (G1 Evacuation Pause)
[2026-06-17T23:53:47.431+0000][8744.216s][info][gc,task       ] GC(379) Using 13 workers of 13 for evacuation
[2026-06-17T23:53:47.434+0000][8744.219s][info][gc,phases     ] GC(379)   Pre Evacuate Collection Set: 0.0ms
[2026-06-17T23:53:47.434+0000][8744.219s][info][gc,phases     ] GC(379)   Evacuate Collection Set: 2.8ms
[2026-06-17T23:53:47.434+0000][8744.219s][info][gc,phases     ] GC(379)   Post Evacuate Collection Set: 0.4ms
[2026-06-17T23:53:47.434+0000][8744.219s][info][gc,phases     ] GC(379)   Other: 0.4ms
[2026-06-17T23:53:47.434+0000][8744.219s][info][gc,heap       ] GC(379) Eden regions: 245->0(18)
[2026-06-17T23:53:47.434+0000][8744.219s][info][gc,heap       ] GC(379) Survivor regions: 4->7(32)
[2026-06-17T23:53:47.435+0000][8744.219s][info][gc,heap       ] GC(379) Old regions: 50->50
[2026-06-17T23:53:47.435+0000][8744.219s][info][gc,heap       ] GC(379) Humongous regions: 147->147
[2026-06-17T23:53:47.435+0000][8744.219s][info][gc,metaspace  ] GC(379) Metaspace: 52476K(55296K)->52476K(55296K) NonClass: 46536K(48128K)->46536K(48128K) Class: 5939K(7168K)->5939K(7168K)
[2026-06-17T23:53:47.435+0000][8744.220s][info][gc            ] GC(379) Pause Young (Prepare Mixed) (G1 Evacuation Pause) 444M->202M(512M) 4.121ms
[2026-06-17T23:53:47.435+0000][8744.220s][info][gc,cpu        ] GC(379) User=0.04s Sys=0.00s Real=0.00s
[2026-06-17T23:53:47.549+0000][8744.334s][info][gc,start      ] GC(380) Pause Young (Mixed) (G1 Evacuation Pause)
[2026-06-17T23:53:47.549+0000][8744.334s][info][gc,task       ] GC(380) Using 13 workers of 13 for evacuation
[2026-06-17T23:53:47.553+0000][8744.337s][info][gc,phases     ] GC(380)   Pre Evacuate Collection Set: 0.0ms
[2026-06-17T23:53:47.553+0000][8744.338s][info][gc,phases     ] GC(380)   Evacuate Collection Set: 2.8ms
[2026-06-17T23:53:47.553+0000][8744.338s][info][gc,phases     ] GC(380)   Post Evacuate Collection Set: 0.3ms
[2026-06-17T23:53:47.553+0000][8744.338s][info][gc,phases     ] GC(380)   Other: 0.3ms
[2026-06-17T23:53:47.553+0000][8744.338s][info][gc,heap       ] GC(380) Eden regions: 18->0(247)
[2026-06-17T23:53:47.553+0000][8744.338s][info][gc,heap       ] GC(380) Survivor regions: 7->2(4)
[2026-06-17T23:53:47.553+0000][8744.338s][info][gc,heap       ] GC(380) Old regions: 50->50
[2026-06-17T23:53:47.553+0000][8744.338s][info][gc,heap       ] GC(380) Humongous regions: 147->147
[2026-06-17T23:53:47.553+0000][8744.338s][info][gc,metaspace  ] GC(380) Metaspace: 52476K(55296K)->52476K(55296K) NonClass: 46536K(48128K)->46536K(48128K) Class: 5939K(7168K)->5939K(7168K)
[2026-06-17T23:53:47.553+0000][8744.338s][info][gc            ] GC(380) Pause Young (Mixed) (G1 Evacuation Pause) 220M->197M(512M) 3.847ms
[2026-06-17T23:53:47.553+0000][8744.338s][info][gc,cpu        ] GC(380) User=0.02s Sys=0.00s Real=0.00s
[2026-06-17T23:53:49.027+0000][8745.812s][info][gc,start      ] GC(381) Pause Young (Normal) (G1 Evacuation Pause)
[2026-06-17T23:53:49.027+0000][8745.812s][info][gc,task       ] GC(381) Using 13 workers of 13 for evacuation
[2026-06-17T23:53:49.029+0000][8745.814s][info][gc,phases     ] GC(381)   Pre Evacuate Collection Set: 0.0ms
[2026-06-17T23:53:49.029+0000][8745.814s][info][gc,phases     ] GC(381)   Evacuate Collection Set: 1.2ms
[2026-06-17T23:53:49.029+0000][8745.814s][info][gc,phases     ] GC(381)   Post Evacuate Collection Set: 0.4ms
[2026-06-17T23:53:49.029+0000][8745.814s][info][gc,phases     ] GC(381)   Other: 0.3ms
[2026-06-17T23:53:49.029+0000][8745.814s][info][gc,heap       ] GC(381) Eden regions: 247->0(248)
[2026-06-17T23:53:49.029+0000][8745.814s][info][gc,heap       ] GC(381) Survivor regions: 2->3(32)
[2026-06-17T23:53:49.029+0000][8745.814s][info][gc,heap       ] GC(381) Old regions: 50->50
[2026-06-17T23:53:49.029+0000][8745.814s][info][gc,heap       ] GC(381) Humongous regions: 147->147
[2026-06-17T23:53:49.030+0000][8745.814s][info][gc,metaspace  ] GC(381) Metaspace: 52476K(55296K)->52476K(55296K) NonClass: 46536K(48128K)->46536K(48128K) Class: 5939K(7168K)->5939K(7168K)
[2026-06-17T23:53:49.030+0000][8745.814s][info][gc            ] GC(381) Pause Young (Normal) (G1 Evacuation Pause) 444M->198M(512M) 2.393ms
[2026-06-17T23:53:49.030+0000][8745.815s][info][gc,cpu        ] GC(381) User=0.01s Sys=0.00s Real=0.01s
[2026-06-17T23:53:50.360+0000][8747.145s][info][gc,start      ] GC(382) Pause Young (Normal) (G1 Evacuation Pause)
[2026-06-17T23:53:50.360+0000][8747.145s][info][gc,task       ] GC(382) Using 13 workers of 13 for evacuation
[2026-06-17T23:53:50.362+0000][8747.147s][info][gc,phases     ] GC(382)   Pre Evacuate Collection Set: 0.0ms
[2026-06-17T23:53:50.362+0000][8747.147s][info][gc,phases     ] GC(382)   Evacuate Collection Set: 1.4ms
[2026-06-17T23:53:50.362+0000][8747.147s][info][gc,phases     ] GC(382)   Post Evacuate Collection Set: 0.3ms
[2026-06-17T23:53:50.362+0000][8747.147s][info][gc,phases     ] GC(382)   Other: 0.3ms
[2026-06-17T23:53:50.362+0000][8747.147s][info][gc,heap       ] GC(382) Eden regions: 248->0(245)
[2026-06-17T23:53:50.362+0000][8747.147s][info][gc,heap       ] GC(382) Survivor regions: 3->6(32)
[2026-06-17T23:53:50.362+0000][8747.147s][info][gc,heap       ] GC(382) Old regions: 50->50
[2026-06-17T23:53:50.362+0000][8747.147s][info][gc,heap       ] GC(382) Humongous regions: 147->147
[2026-06-17T23:53:50.362+0000][8747.147s][info][gc,metaspace  ] GC(382) Metaspace: 52476K(55296K)->52476K(55296K) NonClass: 46536K(48128K)->46536K(48128K) Class: 5939K(7168K)->5939K(7168K)
[2026-06-17T23:53:50.362+0000][8747.147s][info][gc            ] GC(382) Pause Young (Normal) (G1 Evacuation Pause) 446M->201M(512M) 2.487ms
[2026-06-17T23:53:50.362+0000][8747.147s][info][gc,cpu        ] GC(382) User=0.02s Sys=0.00s Real=0.00s
[2026-06-17T23:53:51.601+0000][8748.386s][info][gc,start      ] GC(383) Pause Young (Concurrent Start) (G1 Evacuation Pause)
[2026-06-17T23:53:51.601+0000][8748.386s][info][gc,task       ] GC(383) Using 13 workers of 13 for evacuation
[2026-06-17T23:53:51.603+0000][8748.388s][info][gc,phases     ] GC(383)   Pre Evacuate Collection Set: 0.2ms
[2026-06-17T23:53:51.603+0000][8748.388s][info][gc,phases     ] GC(383)   Evacuate Collection Set: 1.8ms
[2026-06-17T23:53:51.604+0000][8748.388s][info][gc,phases     ] GC(383)   Post Evacuate Collection Set: 0.4ms
[2026-06-17T23:53:51.604+0000][8748.389s][info][gc,phases     ] GC(383)   Other: 0.3ms
[2026-06-17T23:53:51.604+0000][8748.389s][info][gc,heap       ] GC(383) Eden regions: 245->0(249)
[2026-06-17T23:53:51.604+0000][8748.389s][info][gc,heap       ] GC(383) Survivor regions: 6->3(32)
[2026-06-17T23:53:51.604+0000][8748.389s][info][gc,heap       ] GC(383) Old regions: 50->50
[2026-06-17T23:53:51.604+0000][8748.389s][info][gc,heap       ] GC(383) Humongous regions: 147->147
[2026-06-17T23:53:51.604+0000][8748.389s][info][gc,metaspace  ] GC(383) Metaspace: 52476K(55296K)->52476K(55296K) NonClass: 46536K(48128K)->46536K(48128K) Class: 5939K(7168K)->5939K(7168K)
[2026-06-17T23:53:51.604+0000][8748.389s][info][gc            ] GC(383) Pause Young (Concurrent Start) (G1 Evacuation Pause) 446M->199M(512M) 3.217ms
[2026-06-17T23:53:51.604+0000][8748.389s][info][gc,cpu        ] GC(383) User=0.01s Sys=0.00s Real=0.00s
[2026-06-17T23:53:51.604+0000][8748.389s][info][gc            ] GC(384) Concurrent Cycle
[2026-06-17T23:53:51.604+0000][8748.389s][info][gc,marking    ] GC(384) Concurrent Clear Claimed Marks
[2026-06-17T23:53:51.604+0000][8748.389s][info][gc,marking    ] GC(384) Concurrent Clear Claimed Marks 0.198ms
[2026-06-17T23:53:51.604+0000][8748.389s][info][gc,marking    ] GC(384) Concurrent Scan Root Regions
[2026-06-17T23:53:51.605+0000][8748.390s][info][gc,marking    ] GC(384) Concurrent Scan Root Regions 1.027ms
[2026-06-17T23:53:51.606+0000][8748.390s][info][gc,marking    ] GC(384) Concurrent Mark (8748.390s)
[2026-06-17T23:53:51.606+0000][8748.391s][info][gc,marking    ] GC(384) Concurrent Mark From Roots
[2026-06-17T23:53:51.606+0000][8748.391s][info][gc,task       ] GC(384) Using 3 workers of 3 for marking
[2026-06-17T23:53:51.611+0000][8748.396s][info][gc,marking    ] GC(384) Concurrent Mark From Roots 5.343ms
[2026-06-17T23:53:51.611+0000][8748.396s][info][gc,marking    ] GC(384) Concurrent Preclean
[2026-06-17T23:53:51.611+0000][8748.396s][info][gc,marking    ] GC(384) Concurrent Preclean 0.159ms
[2026-06-17T23:53:51.611+0000][8748.396s][info][gc,marking    ] GC(384) Concurrent Mark (8748.390s, 8748.396s) 5.889ms
[2026-06-17T23:53:51.612+0000][8748.397s][info][gc,start      ] GC(384) Pause Remark
[2026-06-17T23:53:51.614+0000][8748.399s][info][gc,stringtable] GC(384) Cleaned string and symbol table, strings: 17324 processed, 0 removed, symbols: 125114 processed, 0 removed
[2026-06-17T23:53:51.615+0000][8748.399s][info][gc            ] GC(384) Pause Remark 203M->203M(512M) 2.832ms
[2026-06-17T23:53:51.615+0000][8748.400s][info][gc,cpu        ] GC(384) User=0.02s Sys=0.00s Real=0.00s
[2026-06-17T23:53:51.615+0000][8748.400s][info][gc,marking    ] GC(384) Concurrent Rebuild Remembered Sets
[2026-06-17T23:53:51.619+0000][8748.404s][info][gc,marking    ] GC(384) Concurrent Rebuild Remembered Sets 4.601ms
[2026-06-17T23:53:51.620+0000][8748.405s][info][gc,start      ] GC(384) Pause Cleanup
[2026-06-17T23:53:51.620+0000][8748.405s][info][gc            ] GC(384) Pause Cleanup 204M->204M(512M) 0.262ms
[2026-06-17T23:53:51.620+0000][8748.405s][info][gc,cpu        ] GC(384) User=0.00s Sys=0.00s Real=0.00s
[2026-06-17T23:53:51.620+0000][8748.405s][info][gc,marking    ] GC(384) Concurrent Cleanup for Next Mark
[2026-06-17T23:53:51.621+0000][8748.405s][info][gc,marking    ] GC(384) Concurrent Cleanup for Next Mark 0.381ms
[2026-06-17T23:53:51.621+0000][8748.405s][info][gc            ] GC(384) Concurrent Cycle 16.517ms
[2026-06-17T23:54:40.112+0000][8796.897s][info][gc,start      ] GC(385) Pause Young (Prepare Mixed) (G1 Evacuation Pause)
[2026-06-17T23:54:40.113+0000][8796.897s][info][gc,task       ] GC(385) Using 13 workers of 13 for evacuation
[2026-06-17T23:54:40.115+0000][8796.899s][info][gc,phases     ] GC(385)   Pre Evacuate Collection Set: 0.0ms
[2026-06-17T23:54:40.115+0000][8796.899s][info][gc,phases     ] GC(385)   Evacuate Collection Set: 1.9ms
[2026-06-17T23:54:40.115+0000][8796.900s][info][gc,phases     ] GC(385)   Post Evacuate Collection Set: 0.4ms
[2026-06-17T23:54:40.115+0000][8796.900s][info][gc,phases     ] GC(385)   Other: 0.3ms
[2026-06-17T23:54:40.115+0000][8796.900s][info][gc,heap       ] GC(385) Eden regions: 249->0(19)
[2026-06-17T23:54:40.115+0000][8796.900s][info][gc,heap       ] GC(385) Survivor regions: 3->6(32)
[2026-06-17T23:54:40.115+0000][8796.900s][info][gc,heap       ] GC(385) Old regions: 50->50
[2026-06-17T23:54:40.115+0000][8796.900s][info][gc,heap       ] GC(385) Humongous regions: 147->147
[2026-06-17T23:54:40.115+0000][8796.900s][info][gc,metaspace  ] GC(385) Metaspace: 52477K(55296K)->52477K(55296K) NonClass: 46537K(48128K)->46537K(48128K) Class: 5939K(7168K)->5939K(7168K)
[2026-06-17T23:54:40.115+0000][8796.900s][info][gc            ] GC(385) Pause Young (Prepare Mixed) (G1 Evacuation Pause) 448M->202M(512M) 3.036ms
[2026-06-17T23:54:40.116+0000][8796.900s][info][gc,cpu        ] GC(385) User=0.02s Sys=0.01s Real=0.00s
[2026-06-17T23:54:40.225+0000][8797.010s][info][gc,start      ] GC(386) Pause Young (Mixed) (G1 Evacuation Pause)
[2026-06-17T23:54:40.225+0000][8797.010s][info][gc,task       ] GC(386) Using 13 workers of 13 for evacuation
[2026-06-17T23:54:40.228+0000][8797.013s][info][gc,phases     ] GC(386)   Pre Evacuate Collection Set: 0.0ms
[2026-06-17T23:54:40.228+0000][8797.013s][info][gc,phases     ] GC(386)   Evacuate Collection Set: 2.5ms
[2026-06-17T23:54:40.228+0000][8797.013s][info][gc,phases     ] GC(386)   Post Evacuate Collection Set: 0.3ms
[2026-06-17T23:54:40.229+0000][8797.013s][info][gc,phases     ] GC(386)   Other: 0.2ms
[2026-06-17T23:54:40.229+0000][8797.013s][info][gc,heap       ] GC(386) Eden regions: 19->0(249)
[2026-06-17T23:54:40.229+0000][8797.013s][info][gc,heap       ] GC(386) Survivor regions: 6->2(4)
[2026-06-17T23:54:40.229+0000][8797.013s][info][gc,heap       ] GC(386) Old regions: 50->50
[2026-06-17T23:54:40.229+0000][8797.013s][info][gc,heap       ] GC(386) Humongous regions: 147->147
[2026-06-17T23:54:40.229+0000][8797.013s][info][gc,metaspace  ] GC(386) Metaspace: 52477K(55296K)->52477K(55296K) NonClass: 46537K(48128K)->46537K(48128K) Class: 5939K(7168K)->5939K(7168K)
[2026-06-17T23:54:40.229+0000][8797.013s][info][gc            ] GC(386) Pause Young (Mixed) (G1 Evacuation Pause) 221M->197M(512M) 3.367ms
[2026-06-17T23:54:40.229+0000][8797.013s][info][gc,cpu        ] GC(386) User=0.02s Sys=0.00s Real=0.01s
[2026-06-17T23:54:41.632+0000][8798.417s][info][gc,start      ] GC(387) Pause Young (Normal) (G1 Evacuation Pause)
[2026-06-17T23:54:41.633+0000][8798.417s][info][gc,task       ] GC(387) Using 13 workers of 13 for evacuation
[2026-06-17T23:54:41.636+0000][8798.420s][info][gc,phases     ] GC(387)   Pre Evacuate Collection Set: 0.0ms
[2026-06-17T23:54:41.636+0000][8798.420s][info][gc,phases     ] GC(387)   Evacuate Collection Set: 2.5ms
[2026-06-17T23:54:41.636+0000][8798.420s][info][gc,phases     ] GC(387)   Post Evacuate Collection Set: 0.3ms
[2026-06-17T23:54:41.636+0000][8798.420s][info][gc,phases     ] GC(387)   Other: 0.3ms
[2026-06-17T23:54:41.636+0000][8798.420s][info][gc,heap       ] GC(387) Eden regions: 249->0(250)
[2026-06-17T23:54:41.636+0000][8798.420s][info][gc,heap       ] GC(387) Survivor regions: 2->2(32)
[2026-06-17T23:54:41.636+0000][8798.420s][info][gc,heap       ] GC(387) Old regions: 50->50
[2026-06-17T23:54:41.636+0000][8798.420s][info][gc,heap       ] GC(387) Humongous regions: 147->147
[2026-06-17T23:54:41.636+0000][8798.420s][info][gc,metaspace  ] GC(387) Metaspace: 52477K(55296K)->52477K(55296K) NonClass: 46537K(48128K)->46537K(48128K) Class: 5939K(7168K)->5939K(7168K)
[2026-06-17T23:54:41.636+0000][8798.420s][info][gc            ] GC(387) Pause Young (Normal) (G1 Evacuation Pause) 446M->198M(512M) 3.590ms
[2026-06-17T23:54:41.636+0000][8798.421s][info][gc,cpu        ] GC(387) User=0.03s Sys=0.00s Real=0.00s
[2026-06-17T23:54:42.895+0000][8799.679s][info][gc,start      ] GC(388) Pause Young (Normal) (G1 Evacuation Pause)
[2026-06-17T23:54:42.895+0000][8799.679s][info][gc,task       ] GC(388) Using 13 workers of 13 for evacuation
[2026-06-17T23:54:42.899+0000][8799.683s][info][gc,phases     ] GC(388)   Pre Evacuate Collection Set: 0.0ms
[2026-06-17T23:54:42.899+0000][8799.683s][info][gc,phases     ] GC(388)   Evacuate Collection Set: 3.4ms
[2026-06-17T23:54:42.899+0000][8799.683s][info][gc,phases     ] GC(388)   Post Evacuate Collection Set: 0.4ms
[2026-06-17T23:54:42.899+0000][8799.683s][info][gc,phases     ] GC(388)   Other: 0.3ms
[2026-06-17T23:54:42.899+0000][8799.683s][info][gc,heap       ] GC(388) Eden regions: 250->0(244)
[2026-06-17T23:54:42.899+0000][8799.683s][info][gc,heap       ] GC(388) Survivor regions: 2->7(32)
[2026-06-17T23:54:42.899+0000][8799.683s][info][gc,heap       ] GC(388) Old regions: 50->50
[2026-06-17T23:54:42.899+0000][8799.684s][info][gc,heap       ] GC(388) Humongous regions: 147->147
[2026-06-17T23:54:42.899+0000][8799.684s][info][gc,metaspace  ] GC(388) Metaspace: 52477K(55296K)->52477K(55296K) NonClass: 46537K(48128K)->46537K(48128K) Class: 5939K(7168K)->5939K(7168K)
[2026-06-17T23:54:42.899+0000][8799.684s][info][gc            ] GC(388) Pause Young (Normal) (G1 Evacuation Pause) 448M->202M(512M) 4.716ms
[2026-06-17T23:54:42.899+0000][8799.684s][info][gc,cpu        ] GC(388) User=0.05s Sys=0.00s Real=0.01s
[2026-06-17T23:55:31.252+0000][8848.037s][info][gc,start      ] GC(389) Pause Young (Concurrent Start) (G1 Evacuation Pause)
[2026-06-17T23:55:31.252+0000][8848.037s][info][gc,task       ] GC(389) Using 13 workers of 13 for evacuation
[2026-06-17T23:55:31.255+0000][8848.040s][info][gc,phases     ] GC(389)   Pre Evacuate Collection Set: 0.3ms
[2026-06-17T23:55:31.256+0000][8848.040s][info][gc,phases     ] GC(389)   Evacuate Collection Set: 2.1ms
[2026-06-17T23:55:31.256+0000][8848.041s][info][gc,phases     ] GC(389)   Post Evacuate Collection Set: 0.7ms
[2026-06-17T23:55:31.256+0000][8848.041s][info][gc,phases     ] GC(389)   Other: 0.3ms
[2026-06-17T23:55:31.256+0000][8848.041s][info][gc,heap       ] GC(389) Eden regions: 244->0(249)
[2026-06-17T23:55:31.256+0000][8848.041s][info][gc,heap       ] GC(389) Survivor regions: 7->4(32)
[2026-06-17T23:55:31.256+0000][8848.041s][info][gc,heap       ] GC(389) Old regions: 50->50
[2026-06-17T23:55:31.256+0000][8848.041s][info][gc,heap       ] GC(389) Humongous regions: 147->147
[2026-06-17T23:55:31.256+0000][8848.041s][info][gc,metaspace  ] GC(389) Metaspace: 52489K(55296K)->52489K(55296K) NonClass: 46549K(48128K)->46549K(48128K) Class: 5939K(7168K)->5939K(7168K)
[2026-06-17T23:55:31.256+0000][8848.041s][info][gc            ] GC(389) Pause Young (Concurrent Start) (G1 Evacuation Pause) 446M->200M(512M) 4.028ms
[2026-06-17T23:55:31.256+0000][8848.041s][info][gc,cpu        ] GC(389) User=0.01s Sys=0.00s Real=0.00s
[2026-06-17T23:55:31.256+0000][8848.041s][info][gc            ] GC(390) Concurrent Cycle
[2026-06-17T23:55:31.256+0000][8848.041s][info][gc,marking    ] GC(390) Concurrent Clear Claimed Marks
[2026-06-17T23:55:31.256+0000][8848.041s][info][gc,marking    ] GC(390) Concurrent Clear Claimed Marks 0.213ms
[2026-06-17T23:55:31.257+0000][8848.042s][info][gc,marking    ] GC(390) Concurrent Scan Root Regions
[2026-06-17T23:55:31.258+0000][8848.043s][info][gc,marking    ] GC(390) Concurrent Scan Root Regions 1.096ms
[2026-06-17T23:55:31.258+0000][8848.043s][info][gc,marking    ] GC(390) Concurrent Mark (8848.043s)
[2026-06-17T23:55:31.258+0000][8848.043s][info][gc,marking    ] GC(390) Concurrent Mark From Roots
[2026-06-17T23:55:31.258+0000][8848.043s][info][gc,task       ] GC(390) Using 3 workers of 3 for marking
[2026-06-17T23:55:31.264+0000][8848.049s][info][gc,marking    ] GC(390) Concurrent Mark From Roots 5.901ms
[2026-06-17T23:55:31.264+0000][8848.049s][info][gc,marking    ] GC(390) Concurrent Preclean
[2026-06-17T23:55:31.264+0000][8848.049s][info][gc,marking    ] GC(390) Concurrent Preclean 0.290ms
[2026-06-17T23:55:31.265+0000][8848.050s][info][gc,marking    ] GC(390) Concurrent Mark (8848.043s, 8848.050s) 7.348ms
[2026-06-17T23:55:31.266+0000][8848.051s][info][gc,start      ] GC(390) Pause Remark
[2026-06-17T23:55:31.269+0000][8848.054s][info][gc,stringtable] GC(390) Cleaned string and symbol table, strings: 17328 processed, 0 removed, symbols: 125114 processed, 0 removed
[2026-06-17T23:55:31.269+0000][8848.054s][info][gc            ] GC(390) Pause Remark 204M->204M(512M) 3.398ms
[2026-06-17T23:55:31.269+0000][8848.054s][info][gc,cpu        ] GC(390) User=0.02s Sys=0.00s Real=0.01s
[2026-06-17T23:55:31.269+0000][8848.054s][info][gc,marking    ] GC(390) Concurrent Rebuild Remembered Sets
[2026-06-17T23:55:31.274+0000][8848.059s][info][gc,marking    ] GC(390) Concurrent Rebuild Remembered Sets 4.791ms
[2026-06-17T23:55:31.275+0000][8848.059s][info][gc,start      ] GC(390) Pause Cleanup
[2026-06-17T23:55:31.275+0000][8848.060s][info][gc            ] GC(390) Pause Cleanup 205M->205M(512M) 0.230ms
[2026-06-17T23:55:31.275+0000][8848.060s][info][gc,cpu        ] GC(390) User=0.00s Sys=0.00s Real=0.00s
[2026-06-17T23:55:31.275+0000][8848.060s][info][gc,marking    ] GC(390) Concurrent Cleanup for Next Mark
[2026-06-17T23:55:31.275+0000][8848.060s][info][gc,marking    ] GC(390) Concurrent Cleanup for Next Mark 0.163ms
[2026-06-17T23:55:31.275+0000][8848.060s][info][gc            ] GC(390) Concurrent Cycle 19.137ms
[2026-06-17T23:55:32.907+0000][8849.692s][info][gc,start      ] GC(391) Pause Young (Prepare Mixed) (G1 Evacuation Pause)
[2026-06-17T23:55:32.907+0000][8849.692s][info][gc,task       ] GC(391) Using 13 workers of 13 for evacuation
[2026-06-17T23:55:32.909+0000][8849.694s][info][gc,phases     ] GC(391)   Pre Evacuate Collection Set: 0.0ms
[2026-06-17T23:55:32.909+0000][8849.694s][info][gc,phases     ] GC(391)   Evacuate Collection Set: 1.9ms
[2026-06-17T23:55:32.910+0000][8849.694s][info][gc,phases     ] GC(391)   Post Evacuate Collection Set: 0.4ms
[2026-06-17T23:55:32.910+0000][8849.694s][info][gc,phases     ] GC(391)   Other: 0.3ms
[2026-06-17T23:55:32.910+0000][8849.695s][info][gc,heap       ] GC(391) Eden regions: 249->0(18)
[2026-06-17T23:55:32.910+0000][8849.695s][info][gc,heap       ] GC(391) Survivor regions: 4->7(32)
[2026-06-17T23:55:32.910+0000][8849.695s][info][gc,heap       ] GC(391) Old regions: 50->50
[2026-06-17T23:55:32.910+0000][8849.695s][info][gc,heap       ] GC(391) Humongous regions: 147->147
[2026-06-17T23:55:32.910+0000][8849.695s][info][gc,metaspace  ] GC(391) Metaspace: 52489K(55296K)->52489K(55296K) NonClass: 46549K(48128K)->46549K(48128K) Class: 5939K(7168K)->5939K(7168K)
[2026-06-17T23:55:32.910+0000][8849.695s][info][gc            ] GC(391) Pause Young (Prepare Mixed) (G1 Evacuation Pause) 449M->202M(512M) 3.122ms
[2026-06-17T23:55:32.910+0000][8849.695s][info][gc,cpu        ] GC(391) User=0.02s Sys=0.00s Real=0.01s
[2026-06-17T23:55:33.020+0000][8849.805s][info][gc,start      ] GC(392) Pause Young (Mixed) (G1 Evacuation Pause)
[2026-06-17T23:55:33.029+0000][8849.814s][info][gc,task       ] GC(392) Using 13 workers of 13 for evacuation
[2026-06-17T23:55:33.034+0000][8849.819s][info][gc,phases     ] GC(392)   Pre Evacuate Collection Set: 0.0ms
[2026-06-17T23:55:33.034+0000][8849.819s][info][gc,phases     ] GC(392)   Evacuate Collection Set: 4.4ms
[2026-06-17T23:55:33.034+0000][8849.819s][info][gc,phases     ] GC(392)   Post Evacuate Collection Set: 0.4ms
[2026-06-17T23:55:33.034+0000][8849.819s][info][gc,phases     ] GC(392)   Other: 8.7ms
[2026-06-17T23:55:33.034+0000][8849.819s][info][gc,heap       ] GC(392) Eden regions: 18->0(249)
[2026-06-17T23:55:33.034+0000][8849.819s][info][gc,heap       ] GC(392) Survivor regions: 7->2(4)
[2026-06-17T23:55:33.034+0000][8849.819s][info][gc,heap       ] GC(392) Old regions: 50->50
[2026-06-17T23:55:33.034+0000][8849.819s][info][gc,heap       ] GC(392) Humongous regions: 147->147
[2026-06-17T23:55:33.034+0000][8849.819s][info][gc,metaspace  ] GC(392) Metaspace: 52489K(55296K)->52489K(55296K) NonClass: 46549K(48128K)->46549K(48128K) Class: 5939K(7168K)->5939K(7168K)
[2026-06-17T23:55:33.034+0000][8849.819s][info][gc            ] GC(392) Pause Young (Mixed) (G1 Evacuation Pause) 220M->197M(512M) 13.920ms
[2026-06-17T23:55:33.034+0000][8849.819s][info][gc,cpu        ] GC(392) User=0.04s Sys=0.00s Real=0.01s
[2026-06-17T23:55:34.341+0000][8851.126s][info][gc,start      ] GC(393) Pause Young (Normal) (G1 Evacuation Pause)
[2026-06-17T23:55:34.342+0000][8851.126s][info][gc,task       ] GC(393) Using 13 workers of 13 for evacuation
[2026-06-17T23:55:34.343+0000][8851.128s][info][gc,phases     ] GC(393)   Pre Evacuate Collection Set: 0.0ms
[2026-06-17T23:55:34.343+0000][8851.128s][info][gc,phases     ] GC(393)   Evacuate Collection Set: 1.2ms
[2026-06-17T23:55:34.343+0000][8851.128s][info][gc,phases     ] GC(393)   Post Evacuate Collection Set: 0.3ms
[2026-06-17T23:55:34.343+0000][8851.128s][info][gc,phases     ] GC(393)   Other: 0.3ms
[2026-06-17T23:55:34.343+0000][8851.128s][info][gc,heap       ] GC(393) Eden regions: 249->0(249)
[2026-06-17T23:55:34.344+0000][8851.128s][info][gc,heap       ] GC(393) Survivor regions: 2->3(32)
[2026-06-17T23:55:34.344+0000][8851.128s][info][gc,heap       ] GC(393) Old regions: 50->50
[2026-06-17T23:55:34.344+0000][8851.128s][info][gc,heap       ] GC(393) Humongous regions: 147->147
[2026-06-17T23:55:34.344+0000][8851.128s][info][gc,metaspace  ] GC(393) Metaspace: 52489K(55296K)->52489K(55296K) NonClass: 46549K(48128K)->46549K(48128K) Class: 5939K(7168K)->5939K(7168K)
[2026-06-17T23:55:34.344+0000][8851.129s][info][gc            ] GC(393) Pause Young (Normal) (G1 Evacuation Pause) 446M->199M(512M) 2.308ms
[2026-06-17T23:55:34.344+0000][8851.129s][info][gc,cpu        ] GC(393) User=0.02s Sys=0.00s Real=0.00s
[2026-06-17T23:55:35.580+0000][8852.365s][info][gc,start      ] GC(394) Pause Young (Normal) (G1 Evacuation Pause)
[2026-06-17T23:55:35.580+0000][8852.365s][info][gc,task       ] GC(394) Using 13 workers of 13 for evacuation
[2026-06-17T23:55:35.582+0000][8852.367s][info][gc,phases     ] GC(394)   Pre Evacuate Collection Set: 0.0ms
[2026-06-17T23:55:35.582+0000][8852.367s][info][gc,phases     ] GC(394)   Evacuate Collection Set: 1.6ms
[2026-06-17T23:55:35.582+0000][8852.367s][info][gc,phases     ] GC(394)   Post Evacuate Collection Set: 0.3ms
[2026-06-17T23:55:35.582+0000][8852.367s][info][gc,phases     ] GC(394)   Other: 0.3ms
[2026-06-17T23:55:35.582+0000][8852.367s][info][gc,heap       ] GC(394) Eden regions: 249->0(244)
[2026-06-17T23:55:35.582+0000][8852.367s][info][gc,heap       ] GC(394) Survivor regions: 3->7(32)
[2026-06-17T23:55:35.583+0000][8852.367s][info][gc,heap       ] GC(394) Old regions: 50->50
[2026-06-17T23:55:35.583+0000][8852.367s][info][gc,heap       ] GC(394) Humongous regions: 147->147
[2026-06-17T23:55:35.583+0000][8852.368s][info][gc,metaspace  ] GC(394) Metaspace: 52489K(55296K)->52489K(55296K) NonClass: 46549K(48128K)->46549K(48128K) Class: 5939K(7168K)->5939K(7168K)
[2026-06-17T23:55:35.583+0000][8852.368s][info][gc            ] GC(394) Pause Young (Normal) (G1 Evacuation Pause) 448M->203M(512M) 2.684ms
[2026-06-17T23:55:35.583+0000][8852.368s][info][gc,cpu        ] GC(394) User=0.02s Sys=0.00s Real=0.00s
[2026-06-17T23:56:24.011+0000][8900.795s][info][gc,start      ] GC(395) Pause Young (Concurrent Start) (G1 Evacuation Pause)
[2026-06-17T23:56:24.011+0000][8900.796s][info][gc,task       ] GC(395) Using 13 workers of 13 for evacuation
[2026-06-17T23:56:24.020+0000][8900.805s][info][gc,phases     ] GC(395)   Pre Evacuate Collection Set: 0.3ms
[2026-06-17T23:56:24.020+0000][8900.805s][info][gc,phases     ] GC(395)   Evacuate Collection Set: 8.6ms
[2026-06-17T23:56:24.020+0000][8900.805s][info][gc,phases     ] GC(395)   Post Evacuate Collection Set: 0.4ms
[2026-06-17T23:56:24.020+0000][8900.805s][info][gc,phases     ] GC(395)   Other: 0.4ms
[2026-06-17T23:56:24.020+0000][8900.805s][info][gc,heap       ] GC(395) Eden regions: 244->0(248)
[2026-06-17T23:56:24.020+0000][8900.805s][info][gc,heap       ] GC(395) Survivor regions: 7->4(32)
[2026-06-17T23:56:24.020+0000][8900.805s][info][gc,heap       ] GC(395) Old regions: 50->50
[2026-06-17T23:56:24.021+0000][8900.805s][info][gc,heap       ] GC(395) Humongous regions: 147->147
[2026-06-17T23:56:24.021+0000][8900.805s][info][gc,metaspace  ] GC(395) Metaspace: 52492K(55296K)->52492K(55296K) NonClass: 46552K(48128K)->46552K(48128K) Class: 5939K(7168K)->5939K(7168K)
[2026-06-17T23:56:24.021+0000][8900.805s][info][gc            ] GC(395) Pause Young (Concurrent Start) (G1 Evacuation Pause) 447M->200M(512M) 10.056ms
[2026-06-17T23:56:24.021+0000][8900.806s][info][gc,cpu        ] GC(395) User=0.07s Sys=0.00s Real=0.01s
[2026-06-17T23:56:24.021+0000][8900.806s][info][gc            ] GC(396) Concurrent Cycle
[2026-06-17T23:56:24.021+0000][8900.806s][info][gc,marking    ] GC(396) Concurrent Clear Claimed Marks
[2026-06-17T23:56:24.021+0000][8900.806s][info][gc,marking    ] GC(396) Concurrent Clear Claimed Marks 0.195ms
[2026-06-17T23:56:24.021+0000][8900.806s][info][gc,marking    ] GC(396) Concurrent Scan Root Regions
[2026-06-17T23:56:24.022+0000][8900.807s][info][gc,marking    ] GC(396) Concurrent Scan Root Regions 1.082ms
[2026-06-17T23:56:24.022+0000][8900.807s][info][gc,marking    ] GC(396) Concurrent Mark (8900.807s)
[2026-06-17T23:56:24.022+0000][8900.807s][info][gc,marking    ] GC(396) Concurrent Mark From Roots
[2026-06-17T23:56:24.022+0000][8900.807s][info][gc,task       ] GC(396) Using 3 workers of 3 for marking
[2026-06-17T23:56:24.028+0000][8900.812s][info][gc,marking    ] GC(396) Concurrent Mark From Roots 5.204ms
[2026-06-17T23:56:24.028+0000][8900.813s][info][gc,marking    ] GC(396) Concurrent Preclean
[2026-06-17T23:56:24.028+0000][8900.813s][info][gc,marking    ] GC(396) Concurrent Preclean 0.179ms
[2026-06-17T23:56:24.028+0000][8900.813s][info][gc,marking    ] GC(396) Concurrent Mark (8900.807s, 8900.813s) 5.701ms
[2026-06-17T23:56:24.028+0000][8900.813s][info][gc,start      ] GC(396) Pause Remark
[2026-06-17T23:56:24.032+0000][8900.817s][info][gc,stringtable] GC(396) Cleaned string and symbol table, strings: 17328 processed, 0 removed, symbols: 125115 processed, 1 removed
[2026-06-17T23:56:24.033+0000][8900.817s][info][gc            ] GC(396) Pause Remark 204M->204M(512M) 4.356ms
[2026-06-17T23:56:24.033+0000][8900.817s][info][gc,cpu        ] GC(396) User=0.04s Sys=0.00s Real=0.01s
[2026-06-17T23:56:24.033+0000][8900.818s][info][gc,marking    ] GC(396) Concurrent Rebuild Remembered Sets
[2026-06-17T23:56:24.037+0000][8900.822s][info][gc,marking    ] GC(396) Concurrent Rebuild Remembered Sets 4.580ms
[2026-06-17T23:56:24.038+0000][8900.823s][info][gc,start      ] GC(396) Pause Cleanup
[2026-06-17T23:56:24.038+0000][8900.823s][info][gc            ] GC(396) Pause Cleanup 205M->205M(512M) 0.208ms
[2026-06-17T23:56:24.038+0000][8900.823s][info][gc,cpu        ] GC(396) User=0.00s Sys=0.00s Real=0.00s
[2026-06-17T23:56:24.038+0000][8900.823s][info][gc,marking    ] GC(396) Concurrent Cleanup for Next Mark
[2026-06-17T23:56:24.038+0000][8900.823s][info][gc,marking    ] GC(396) Concurrent Cleanup for Next Mark 0.175ms
[2026-06-17T23:56:24.039+0000][8900.823s][info][gc            ] GC(396) Concurrent Cycle 17.822ms
[2026-06-17T23:56:25.517+0000][8902.301s][info][gc,start      ] GC(397) Pause Young (Prepare Mixed) (G1 Evacuation Pause)
[2026-06-17T23:56:25.517+0000][8902.302s][info][gc,task       ] GC(397) Using 13 workers of 13 for evacuation
[2026-06-17T23:56:25.519+0000][8902.304s][info][gc,phases     ] GC(397)   Pre Evacuate Collection Set: 0.0ms
[2026-06-17T23:56:25.519+0000][8902.304s][info][gc,phases     ] GC(397)   Evacuate Collection Set: 1.9ms
[2026-06-17T23:56:25.519+0000][8902.304s][info][gc,phases     ] GC(397)   Post Evacuate Collection Set: 0.3ms
[2026-06-17T23:56:25.519+0000][8902.304s][info][gc,phases     ] GC(397)   Other: 0.3ms
[2026-06-17T23:56:25.519+0000][8902.304s][info][gc,heap       ] GC(397) Eden regions: 248->0(18)
[2026-06-17T23:56:25.519+0000][8902.304s][info][gc,heap       ] GC(397) Survivor regions: 4->7(32)
[2026-06-17T23:56:25.520+0000][8902.304s][info][gc,heap       ] GC(397) Old regions: 50->50
[2026-06-17T23:56:25.520+0000][8902.304s][info][gc,heap       ] GC(397) Humongous regions: 147->147
[2026-06-17T23:56:25.520+0000][8902.304s][info][gc,metaspace  ] GC(397) Metaspace: 52492K(55296K)->52492K(55296K) NonClass: 46552K(48128K)->46552K(48128K) Class: 5939K(7168K)->5939K(7168K)
[2026-06-17T23:56:25.520+0000][8902.305s][info][gc            ] GC(397) Pause Young (Prepare Mixed) (G1 Evacuation Pause) 448M->203M(512M) 3.103ms
[2026-06-17T23:56:25.520+0000][8902.305s][info][gc,cpu        ] GC(397) User=0.02s Sys=0.00s Real=0.01s
[2026-06-17T23:56:25.622+0000][8902.407s][info][gc,start      ] GC(398) Pause Young (Mixed) (G1 Evacuation Pause)
[2026-06-17T23:56:25.622+0000][8902.407s][info][gc,task       ] GC(398) Using 13 workers of 13 for evacuation
[2026-06-17T23:56:25.625+0000][8902.410s][info][gc,phases     ] GC(398)   Pre Evacuate Collection Set: 0.0ms
[2026-06-17T23:56:25.626+0000][8902.410s][info][gc,phases     ] GC(398)   Evacuate Collection Set: 2.9ms
[2026-06-17T23:56:25.626+0000][8902.411s][info][gc,phases     ] GC(398)   Post Evacuate Collection Set: 0.3ms
[2026-06-17T23:56:25.626+0000][8902.411s][info][gc,phases     ] GC(398)   Other: 0.3ms
[2026-06-17T23:56:25.626+0000][8902.411s][info][gc,heap       ] GC(398) Eden regions: 18->0(247)
[2026-06-17T23:56:25.626+0000][8902.411s][info][gc,heap       ] GC(398) Survivor regions: 7->2(4)
[2026-06-17T23:56:25.626+0000][8902.411s][info][gc,heap       ] GC(398) Old regions: 50->51
[2026-06-17T23:56:25.626+0000][8902.411s][info][gc,heap       ] GC(398) Humongous regions: 147->147
[2026-06-17T23:56:25.626+0000][8902.411s][info][gc,metaspace  ] GC(398) Metaspace: 52492K(55296K)->52492K(55296K) NonClass: 46552K(48128K)->46552K(48128K) Class: 5939K(7168K)->5939K(7168K)
[2026-06-17T23:56:25.626+0000][8902.411s][info][gc            ] GC(398) Pause Young (Mixed) (G1 Evacuation Pause) 221M->198M(512M) 4.076ms
[2026-06-17T23:56:25.626+0000][8902.411s][info][gc,cpu        ] GC(398) User=0.02s Sys=0.00s Real=0.00s
[2026-06-17T23:56:26.914+0000][8903.698s][info][gc,start      ] GC(399) Pause Young (Normal) (G1 Evacuation Pause)
[2026-06-17T23:56:26.914+0000][8903.698s][info][gc,task       ] GC(399) Using 13 workers of 13 for evacuation
[2026-06-17T23:56:26.916+0000][8903.700s][info][gc,phases     ] GC(399)   Pre Evacuate Collection Set: 0.0ms
[2026-06-17T23:56:26.916+0000][8903.700s][info][gc,phases     ] GC(399)   Evacuate Collection Set: 1.5ms
[2026-06-17T23:56:26.916+0000][8903.700s][info][gc,phases     ] GC(399)   Post Evacuate Collection Set: 0.3ms
[2026-06-17T23:56:26.916+0000][8903.700s][info][gc,phases     ] GC(399)   Other: 0.3ms
[2026-06-17T23:56:26.916+0000][8903.700s][info][gc,heap       ] GC(399) Eden regions: 247->0(247)
[2026-06-17T23:56:26.916+0000][8903.700s][info][gc,heap       ] GC(399) Survivor regions: 2->3(32)
[2026-06-17T23:56:26.916+0000][8903.700s][info][gc,heap       ] GC(399) Old regions: 51->51
[2026-06-17T23:56:26.916+0000][8903.700s][info][gc,heap       ] GC(399) Humongous regions: 147->147
[2026-06-17T23:56:26.916+0000][8903.700s][info][gc,metaspace  ] GC(399) Metaspace: 52492K(55296K)->52492K(55296K) NonClass: 46552K(48128K)->46552K(48128K) Class: 5939K(7168K)->5939K(7168K)
[2026-06-17T23:56:26.916+0000][8903.700s][info][gc            ] GC(399) Pause Young (Normal) (G1 Evacuation Pause) 445M->199M(512M) 2.656ms
[2026-06-17T23:56:26.916+0000][8903.700s][info][gc,cpu        ] GC(399) User=0.02s Sys=0.00s Real=0.00s
[2026-06-17T23:57:15.191+0000][8951.976s][info][gc,start      ] GC(400) Pause Young (Normal) (G1 Evacuation Pause)
[2026-06-17T23:57:15.192+0000][8951.977s][info][gc,task       ] GC(400) Using 13 workers of 13 for evacuation
[2026-06-17T23:57:15.194+0000][8951.979s][info][gc,phases     ] GC(400)   Pre Evacuate Collection Set: 0.0ms
[2026-06-17T23:57:15.194+0000][8951.979s][info][gc,phases     ] GC(400)   Evacuate Collection Set: 1.9ms
[2026-06-17T23:57:15.194+0000][8951.979s][info][gc,phases     ] GC(400)   Post Evacuate Collection Set: 0.3ms
[2026-06-17T23:57:15.194+0000][8951.979s][info][gc,phases     ] GC(400)   Other: 0.4ms
[2026-06-17T23:57:15.194+0000][8951.979s][info][gc,heap       ] GC(400) Eden regions: 247->0(242)
[2026-06-17T23:57:15.194+0000][8951.979s][info][gc,heap       ] GC(400) Survivor regions: 3->7(32)
[2026-06-17T23:57:15.194+0000][8951.979s][info][gc,heap       ] GC(400) Old regions: 51->51
[2026-06-17T23:57:15.195+0000][8951.979s][info][gc,heap       ] GC(400) Humongous regions: 147->147
[2026-06-17T23:57:15.195+0000][8951.979s][info][gc,metaspace  ] GC(400) Metaspace: 52492K(55296K)->52492K(55296K) NonClass: 46552K(48128K)->46552K(48128K) Class: 5939K(7168K)->5939K(7168K)
[2026-06-17T23:57:15.195+0000][8951.979s][info][gc            ] GC(400) Pause Young (Normal) (G1 Evacuation Pause) 446M->203M(512M) 3.157ms
[2026-06-17T23:57:15.195+0000][8951.980s][info][gc,cpu        ] GC(400) User=0.02s Sys=0.00s Real=0.00s
[2026-06-17T23:57:16.711+0000][8953.496s][info][gc,start      ] GC(401) Pause Young (Concurrent Start) (G1 Evacuation Pause)
[2026-06-17T23:57:16.711+0000][8953.496s][info][gc,task       ] GC(401) Using 13 workers of 13 for evacuation
[2026-06-17T23:57:16.715+0000][8953.500s][info][gc,phases     ] GC(401)   Pre Evacuate Collection Set: 0.3ms
[2026-06-17T23:57:16.715+0000][8953.500s][info][gc,phases     ] GC(401)   Evacuate Collection Set: 3.2ms
[2026-06-17T23:57:16.715+0000][8953.500s][info][gc,phases     ] GC(401)   Post Evacuate Collection Set: 0.3ms
[2026-06-17T23:57:16.715+0000][8953.500s][info][gc,phases     ] GC(401)   Other: 0.3ms
[2026-06-17T23:57:16.715+0000][8953.500s][info][gc,heap       ] GC(401) Eden regions: 242->0(246)
[2026-06-17T23:57:16.715+0000][8953.500s][info][gc,heap       ] GC(401) Survivor regions: 7->4(32)
[2026-06-17T23:57:16.715+0000][8953.500s][info][gc,heap       ] GC(401) Old regions: 51->51
[2026-06-17T23:57:16.715+0000][8953.500s][info][gc,heap       ] GC(401) Humongous regions: 147->147
[2026-06-17T23:57:16.715+0000][8953.500s][info][gc,metaspace  ] GC(401) Metaspace: 52492K(55296K)->52492K(55296K) NonClass: 46552K(48128K)->46552K(48128K) Class: 5939K(7168K)->5939K(7168K)
[2026-06-17T23:57:16.715+0000][8953.500s][info][gc            ] GC(401) Pause Young (Concurrent Start) (G1 Evacuation Pause) 445M->200M(512M) 4.520ms
[2026-06-17T23:57:16.715+0000][8953.500s][info][gc,cpu        ] GC(401) User=0.04s Sys=0.00s Real=0.00s
[2026-06-17T23:57:16.715+0000][8953.500s][info][gc            ] GC(402) Concurrent Cycle
[2026-06-17T23:57:16.715+0000][8953.500s][info][gc,marking    ] GC(402) Concurrent Clear Claimed Marks
[2026-06-17T23:57:16.716+0000][8953.500s][info][gc,marking    ] GC(402) Concurrent Clear Claimed Marks 0.225ms
[2026-06-17T23:57:16.716+0000][8953.501s][info][gc,marking    ] GC(402) Concurrent Scan Root Regions
[2026-06-17T23:57:16.717+0000][8953.502s][info][gc,marking    ] GC(402) Concurrent Scan Root Regions 1.032ms
[2026-06-17T23:57:16.717+0000][8953.502s][info][gc,marking    ] GC(402) Concurrent Mark (8953.502s)
[2026-06-17T23:57:16.717+0000][8953.502s][info][gc,marking    ] GC(402) Concurrent Mark From Roots
[2026-06-17T23:57:16.717+0000][8953.502s][info][gc,task       ] GC(402) Using 3 workers of 3 for marking
[2026-06-17T23:57:16.722+0000][8953.507s][info][gc,marking    ] GC(402) Concurrent Mark From Roots 5.418ms
[2026-06-17T23:57:16.723+0000][8953.507s][info][gc,marking    ] GC(402) Concurrent Preclean
[2026-06-17T23:57:16.723+0000][8953.508s][info][gc,marking    ] GC(402) Concurrent Preclean 0.171ms
[2026-06-17T23:57:16.723+0000][8953.508s][info][gc,marking    ] GC(402) Concurrent Mark (8953.502s, 8953.508s) 5.901ms
[2026-06-17T23:57:16.723+0000][8953.508s][info][gc,start      ] GC(402) Pause Remark
[2026-06-17T23:57:16.727+0000][8953.512s][info][gc,stringtable] GC(402) Cleaned string and symbol table, strings: 17328 processed, 0 removed, symbols: 125114 processed, 0 removed
[2026-06-17T23:57:16.727+0000][8953.512s][info][gc            ] GC(402) Pause Remark 204M->204M(512M) 3.995ms
[2026-06-17T23:57:16.727+0000][8953.512s][info][gc,cpu        ] GC(402) User=0.04s Sys=0.00s Real=0.00s
[2026-06-17T23:57:16.727+0000][8953.512s][info][gc,marking    ] GC(402) Concurrent Rebuild Remembered Sets
[2026-06-17T23:57:16.731+0000][8953.516s][info][gc,marking    ] GC(402) Concurrent Rebuild Remembered Sets 3.854ms
[2026-06-17T23:57:16.731+0000][8953.516s][info][gc,start      ] GC(402) Pause Cleanup
[2026-06-17T23:57:16.732+0000][8953.516s][info][gc            ] GC(402) Pause Cleanup 205M->205M(512M) 0.206ms
[2026-06-17T23:57:16.732+0000][8953.517s][info][gc,cpu        ] GC(402) User=0.00s Sys=0.00s Real=0.00s
[2026-06-17T23:57:16.732+0000][8953.517s][info][gc,marking    ] GC(402) Concurrent Cleanup for Next Mark
[2026-06-17T23:57:16.732+0000][8953.517s][info][gc,marking    ] GC(402) Concurrent Cleanup for Next Mark 0.145ms
[2026-06-17T23:57:16.732+0000][8953.517s][info][gc            ] GC(402) Concurrent Cycle 16.655ms
[2026-06-17T23:57:18.052+0000][8954.837s][info][gc,start      ] GC(403) Pause Young (Prepare Mixed) (G1 Evacuation Pause)
[2026-06-17T23:57:18.052+0000][8954.837s][info][gc,task       ] GC(403) Using 13 workers of 13 for evacuation
[2026-06-17T23:57:18.054+0000][8954.839s][info][gc,phases     ] GC(403)   Pre Evacuate Collection Set: 0.0ms
[2026-06-17T23:57:18.054+0000][8954.839s][info][gc,phases     ] GC(403)   Evacuate Collection Set: 1.7ms
[2026-06-17T23:57:18.055+0000][8954.839s][info][gc,phases     ] GC(403)   Post Evacuate Collection Set: 0.4ms
[2026-06-17T23:57:18.055+0000][8954.839s][info][gc,phases     ] GC(403)   Other: 0.3ms
[2026-06-17T23:57:18.055+0000][8954.839s][info][gc,heap       ] GC(403) Eden regions: 246->0(18)
[2026-06-17T23:57:18.055+0000][8954.840s][info][gc,heap       ] GC(403) Survivor regions: 4->7(32)
[2026-06-17T23:57:18.055+0000][8954.840s][info][gc,heap       ] GC(403) Old regions: 51->51
[2026-06-17T23:57:18.055+0000][8954.840s][info][gc,heap       ] GC(403) Humongous regions: 147->147
[2026-06-17T23:57:18.055+0000][8954.840s][info][gc,metaspace  ] GC(403) Metaspace: 52492K(55296K)->52492K(55296K) NonClass: 46552K(48128K)->46552K(48128K) Class: 5939K(7168K)->5939K(7168K)
[2026-06-17T23:57:18.055+0000][8954.840s][info][gc            ] GC(403) Pause Young (Prepare Mixed) (G1 Evacuation Pause) 446M->203M(512M) 2.850ms
[2026-06-17T23:57:18.055+0000][8954.840s][info][gc,cpu        ] GC(403) User=0.02s Sys=0.00s Real=0.00s
[2026-06-17T23:57:18.141+0000][8954.926s][info][gc,start      ] GC(404) Pause Young (Mixed) (G1 Evacuation Pause)
[2026-06-17T23:57:18.141+0000][8954.926s][info][gc,task       ] GC(404) Using 13 workers of 13 for evacuation
[2026-06-17T23:57:18.145+0000][8954.930s][info][gc,phases     ] GC(404)   Pre Evacuate Collection Set: 0.0ms
[2026-06-17T23:57:18.145+0000][8954.930s][info][gc,phases     ] GC(404)   Evacuate Collection Set: 3.3ms
[2026-06-17T23:57:18.145+0000][8954.930s][info][gc,phases     ] GC(404)   Post Evacuate Collection Set: 0.3ms
[2026-06-17T23:57:18.145+0000][8954.930s][info][gc,phases     ] GC(404)   Other: 0.3ms
[2026-06-17T23:57:18.145+0000][8954.930s][info][gc,heap       ] GC(404) Eden regions: 18->0(247)
[2026-06-17T23:57:18.145+0000][8954.930s][info][gc,heap       ] GC(404) Survivor regions: 7->2(4)
[2026-06-17T23:57:18.145+0000][8954.930s][info][gc,heap       ] GC(404) Old regions: 51->50
[2026-06-17T23:57:18.145+0000][8954.930s][info][gc,heap       ] GC(404) Humongous regions: 147->147
[2026-06-17T23:57:18.145+0000][8954.930s][info][gc,metaspace  ] GC(404) Metaspace: 52492K(55296K)->52492K(55296K) NonClass: 46552K(48128K)->46552K(48128K) Class: 5939K(7168K)->5939K(7168K)
[2026-06-17T23:57:18.145+0000][8954.930s][info][gc            ] GC(404) Pause Young (Mixed) (G1 Evacuation Pause) 221M->198M(512M) 4.391ms
[2026-06-17T23:57:18.145+0000][8954.930s][info][gc,cpu        ] GC(404) User=0.03s Sys=0.01s Real=0.00s
[2026-06-17T23:57:19.388+0000][8956.173s][info][gc,start      ] GC(405) Pause Young (Normal) (G1 Evacuation Pause)
[2026-06-17T23:57:19.388+0000][8956.173s][info][gc,task       ] GC(405) Using 13 workers of 13 for evacuation
[2026-06-17T23:57:19.390+0000][8956.175s][info][gc,phases     ] GC(405)   Pre Evacuate Collection Set: 0.0ms
[2026-06-17T23:57:19.390+0000][8956.175s][info][gc,phases     ] GC(405)   Evacuate Collection Set: 1.3ms
[2026-06-17T23:57:19.390+0000][8956.175s][info][gc,phases     ] GC(405)   Post Evacuate Collection Set: 0.3ms
[2026-06-17T23:57:19.390+0000][8956.175s][info][gc,phases     ] GC(405)   Other: 0.3ms
[2026-06-17T23:57:19.390+0000][8956.175s][info][gc,heap       ] GC(405) Eden regions: 247->0(247)
[2026-06-17T23:57:19.390+0000][8956.175s][info][gc,heap       ] GC(405) Survivor regions: 2->4(32)
[2026-06-17T23:57:19.390+0000][8956.175s][info][gc,heap       ] GC(405) Old regions: 50->50
[2026-06-17T23:57:19.391+0000][8956.175s][info][gc,heap       ] GC(405) Humongous regions: 147->147
[2026-06-17T23:57:19.391+0000][8956.175s][info][gc,metaspace  ] GC(405) Metaspace: 52492K(55296K)->52492K(55296K) NonClass: 46552K(48128K)->46552K(48128K) Class: 5939K(7168K)->5939K(7168K)
[2026-06-17T23:57:19.391+0000][8956.176s][info][gc            ] GC(405) Pause Young (Normal) (G1 Evacuation Pause) 445M->199M(512M) 2.440ms
[2026-06-17T23:57:19.391+0000][8956.176s][info][gc,cpu        ] GC(405) User=0.01s Sys=0.00s Real=0.01s
[2026-06-17T23:58:07.867+0000][9004.652s][info][gc,start      ] GC(406) Pause Young (Normal) (G1 Evacuation Pause)
[2026-06-17T23:58:07.867+0000][9004.652s][info][gc,task       ] GC(406) Using 13 workers of 13 for evacuation
[2026-06-17T23:58:07.869+0000][9004.654s][info][gc,phases     ] GC(406)   Pre Evacuate Collection Set: 0.0ms
[2026-06-17T23:58:07.869+0000][9004.654s][info][gc,phases     ] GC(406)   Evacuate Collection Set: 1.6ms
[2026-06-17T23:58:07.869+0000][9004.654s][info][gc,phases     ] GC(406)   Post Evacuate Collection Set: 0.3ms
[2026-06-17T23:58:07.869+0000][9004.654s][info][gc,phases     ] GC(406)   Other: 0.3ms
[2026-06-17T23:58:07.869+0000][9004.654s][info][gc,heap       ] GC(406) Eden regions: 247->0(243)
[2026-06-17T23:58:07.869+0000][9004.654s][info][gc,heap       ] GC(406) Survivor regions: 4->7(32)
[2026-06-17T23:58:07.869+0000][9004.654s][info][gc,heap       ] GC(406) Old regions: 50->50
[2026-06-17T23:58:07.869+0000][9004.654s][info][gc,heap       ] GC(406) Humongous regions: 147->147
[2026-06-17T23:58:07.870+0000][9004.654s][info][gc,metaspace  ] GC(406) Metaspace: 52497K(55296K)->52497K(55296K) NonClass: 46557K(48128K)->46557K(48128K) Class: 5939K(7168K)->5939K(7168K)
[2026-06-17T23:58:07.870+0000][9004.654s][info][gc            ] GC(406) Pause Young (Normal) (G1 Evacuation Pause) 446M->202M(512M) 2.627ms
[2026-06-17T23:58:07.870+0000][9004.654s][info][gc,cpu        ] GC(406) User=0.02s Sys=0.00s Real=0.01s
[2026-06-17T23:58:09.530+0000][9006.315s][info][gc,start      ] GC(407) Pause Young (Concurrent Start) (G1 Evacuation Pause)
[2026-06-17T23:58:09.530+0000][9006.315s][info][gc,task       ] GC(407) Using 13 workers of 13 for evacuation
[2026-06-17T23:58:09.535+0000][9006.320s][info][gc,phases     ] GC(407)   Pre Evacuate Collection Set: 0.3ms
[2026-06-17T23:58:09.535+0000][9006.320s][info][gc,phases     ] GC(407)   Evacuate Collection Set: 3.8ms
[2026-06-17T23:58:09.535+0000][9006.320s][info][gc,phases     ] GC(407)   Post Evacuate Collection Set: 0.6ms
[2026-06-17T23:58:09.535+0000][9006.320s][info][gc,phases     ] GC(407)   Other: 0.4ms
[2026-06-17T23:58:09.535+0000][9006.320s][info][gc,heap       ] GC(407) Eden regions: 243->0(248)
[2026-06-17T23:58:09.535+0000][9006.320s][info][gc,heap       ] GC(407) Survivor regions: 7->3(32)
[2026-06-17T23:58:09.535+0000][9006.320s][info][gc,heap       ] GC(407) Old regions: 50->50
[2026-06-17T23:58:09.535+0000][9006.320s][info][gc,heap       ] GC(407) Humongous regions: 147->147
[2026-06-17T23:58:09.535+0000][9006.320s][info][gc,metaspace  ] GC(407) Metaspace: 52497K(55296K)->52497K(55296K) NonClass: 46557K(48128K)->46557K(48128K) Class: 5939K(7168K)->5939K(7168K)
[2026-06-17T23:58:09.535+0000][9006.320s][info][gc            ] GC(407) Pause Young (Concurrent Start) (G1 Evacuation Pause) 445M->199M(512M) 5.426ms
[2026-06-17T23:58:09.535+0000][9006.320s][info][gc,cpu        ] GC(407) User=0.02s Sys=0.00s Real=0.00s
[2026-06-17T23:58:09.535+0000][9006.320s][info][gc            ] GC(408) Concurrent Cycle
[2026-06-17T23:58:09.536+0000][9006.320s][info][gc,marking    ] GC(408) Concurrent Clear Claimed Marks
[2026-06-17T23:58:09.536+0000][9006.320s][info][gc,marking    ] GC(408) Concurrent Clear Claimed Marks 0.182ms
[2026-06-17T23:58:09.536+0000][9006.321s][info][gc,marking    ] GC(408) Concurrent Scan Root Regions
[2026-06-17T23:58:09.538+0000][9006.322s][info][gc,marking    ] GC(408) Concurrent Scan Root Regions 1.813ms
[2026-06-17T23:58:09.538+0000][9006.323s][info][gc,marking    ] GC(408) Concurrent Mark (9006.323s)
[2026-06-17T23:58:09.539+0000][9006.324s][info][gc,marking    ] GC(408) Concurrent Mark From Roots
[2026-06-17T23:58:09.539+0000][9006.324s][info][gc,task       ] GC(408) Using 3 workers of 3 for marking
[2026-06-17T23:58:09.547+0000][9006.332s][info][gc,marking    ] GC(408) Concurrent Mark From Roots 7.511ms
[2026-06-17T23:58:09.547+0000][9006.332s][info][gc,marking    ] GC(408) Concurrent Preclean
[2026-06-17T23:58:09.547+0000][9006.332s][info][gc,marking    ] GC(408) Concurrent Preclean 0.271ms
[2026-06-17T23:58:09.547+0000][9006.332s][info][gc,marking    ] GC(408) Concurrent Mark (9006.323s, 9006.332s) 9.418ms
[2026-06-17T23:58:09.548+0000][9006.332s][info][gc,start      ] GC(408) Pause Remark
[2026-06-17T23:58:09.552+0000][9006.337s][info][gc,stringtable] GC(408) Cleaned string and symbol table, strings: 17328 processed, 0 removed, symbols: 125114 processed, 0 removed
[2026-06-17T23:58:09.552+0000][9006.337s][info][gc            ] GC(408) Pause Remark 203M->203M(512M) 4.481ms
[2026-06-17T23:58:09.552+0000][9006.337s][info][gc,cpu        ] GC(408) User=0.02s Sys=0.00s Real=0.01s
[2026-06-17T23:58:09.553+0000][9006.337s][info][gc,marking    ] GC(408) Concurrent Rebuild Remembered Sets
[2026-06-17T23:58:09.558+0000][9006.343s][info][gc,marking    ] GC(408) Concurrent Rebuild Remembered Sets 5.391ms
[2026-06-17T23:58:09.559+0000][9006.343s][info][gc,start      ] GC(408) Pause Cleanup
[2026-06-17T23:58:09.559+0000][9006.344s][info][gc            ] GC(408) Pause Cleanup 204M->204M(512M) 0.594ms
[2026-06-17T23:58:09.560+0000][9006.344s][info][gc,cpu        ] GC(408) User=0.00s Sys=0.00s Real=0.00s
[2026-06-17T23:58:09.560+0000][9006.345s][info][gc,marking    ] GC(408) Concurrent Cleanup for Next Mark
[2026-06-17T23:58:09.560+0000][9006.345s][info][gc,marking    ] GC(408) Concurrent Cleanup for Next Mark 0.333ms
[2026-06-17T23:58:09.561+0000][9006.346s][info][gc            ] GC(408) Concurrent Cycle 25.454ms
[2026-06-17T23:58:10.872+0000][9007.656s][info][gc,start      ] GC(409) Pause Young (Prepare Mixed) (G1 Evacuation Pause)
[2026-06-17T23:58:10.872+0000][9007.657s][info][gc,task       ] GC(409) Using 13 workers of 13 for evacuation
[2026-06-17T23:58:10.874+0000][9007.659s][info][gc,phases     ] GC(409)   Pre Evacuate Collection Set: 0.0ms
[2026-06-17T23:58:10.874+0000][9007.659s][info][gc,phases     ] GC(409)   Evacuate Collection Set: 1.9ms
[2026-06-17T23:58:10.874+0000][9007.659s][info][gc,phases     ] GC(409)   Post Evacuate Collection Set: 0.4ms
[2026-06-17T23:58:10.874+0000][9007.659s][info][gc,phases     ] GC(409)   Other: 0.3ms
[2026-06-17T23:58:10.874+0000][9007.659s][info][gc,heap       ] GC(409) Eden regions: 248->0(18)
[2026-06-17T23:58:10.874+0000][9007.659s][info][gc,heap       ] GC(409) Survivor regions: 3->7(32)
[2026-06-17T23:58:10.875+0000][9007.659s][info][gc,heap       ] GC(409) Old regions: 50->50
[2026-06-17T23:58:10.875+0000][9007.659s][info][gc,heap       ] GC(409) Humongous regions: 147->147
[2026-06-17T23:58:10.875+0000][9007.659s][info][gc,metaspace  ] GC(409) Metaspace: 52497K(55296K)->52497K(55296K) NonClass: 46557K(48128K)->46557K(48128K) Class: 5939K(7168K)->5939K(7168K)
[2026-06-17T23:58:10.875+0000][9007.659s][info][gc            ] GC(409) Pause Young (Prepare Mixed) (G1 Evacuation Pause) 447M->203M(512M) 2.892ms
[2026-06-17T23:58:10.875+0000][9007.659s][info][gc,cpu        ] GC(409) User=0.02s Sys=0.00s Real=0.00s
[2026-06-17T23:58:10.956+0000][9007.741s][info][gc,start      ] GC(410) Pause Young (Mixed) (G1 Evacuation Pause)
[2026-06-17T23:58:10.956+0000][9007.741s][info][gc,task       ] GC(410) Using 13 workers of 13 for evacuation
[2026-06-17T23:58:10.960+0000][9007.745s][info][gc,phases     ] GC(410)   Pre Evacuate Collection Set: 0.0ms
[2026-06-17T23:58:10.960+0000][9007.745s][info][gc,phases     ] GC(410)   Evacuate Collection Set: 3.4ms
[2026-06-17T23:58:10.960+0000][9007.745s][info][gc,phases     ] GC(410)   Post Evacuate Collection Set: 0.3ms
[2026-06-17T23:58:10.960+0000][9007.745s][info][gc,phases     ] GC(410)   Other: 0.3ms
[2026-06-17T23:58:10.960+0000][9007.745s][info][gc,heap       ] GC(410) Eden regions: 18->0(247)
[2026-06-17T23:58:10.960+0000][9007.745s][info][gc,heap       ] GC(410) Survivor regions: 7->2(4)
[2026-06-17T23:58:10.960+0000][9007.745s][info][gc,heap       ] GC(410) Old regions: 50->51
[2026-06-17T23:58:10.960+0000][9007.745s][info][gc,heap       ] GC(410) Humongous regions: 147->147
[2026-06-17T23:58:10.961+0000][9007.745s][info][gc,metaspace  ] GC(410) Metaspace: 52497K(55296K)->52497K(55296K) NonClass: 46557K(48128K)->46557K(48128K) Class: 5939K(7168K)->5939K(7168K)
[2026-06-17T23:58:10.961+0000][9007.745s][info][gc            ] GC(410) Pause Young (Mixed) (G1 Evacuation Pause) 221M->198M(512M) 4.480ms
[2026-06-17T23:58:10.961+0000][9007.745s][info][gc,cpu        ] GC(410) User=0.02s Sys=0.00s Real=0.01s
[2026-06-17T23:58:59.246+0000][9056.030s][info][gc,start      ] GC(411) Pause Young (Normal) (G1 Evacuation Pause)
[2026-06-17T23:58:59.246+0000][9056.031s][info][gc,task       ] GC(411) Using 13 workers of 13 for evacuation
[2026-06-17T23:58:59.252+0000][9056.037s][info][gc,phases     ] GC(411)   Pre Evacuate Collection Set: 0.0ms
[2026-06-17T23:58:59.252+0000][9056.037s][info][gc,phases     ] GC(411)   Evacuate Collection Set: 4.4ms
[2026-06-17T23:58:59.252+0000][9056.037s][info][gc,phases     ] GC(411)   Post Evacuate Collection Set: 1.3ms
[2026-06-17T23:58:59.252+0000][9056.037s][info][gc,phases     ] GC(411)   Other: 0.8ms
[2026-06-17T23:58:59.252+0000][9056.037s][info][gc,heap       ] GC(411) Eden regions: 247->0(247)
[2026-06-17T23:58:59.252+0000][9056.037s][info][gc,heap       ] GC(411) Survivor regions: 2->3(32)
[2026-06-17T23:58:59.253+0000][9056.037s][info][gc,heap       ] GC(411) Old regions: 51->51
[2026-06-17T23:58:59.253+0000][9056.037s][info][gc,heap       ] GC(411) Humongous regions: 147->147
[2026-06-17T23:58:59.253+0000][9056.037s][info][gc,metaspace  ] GC(411) Metaspace: 52498K(55296K)->52498K(55296K) NonClass: 46558K(48128K)->46558K(48128K) Class: 5939K(7168K)->5939K(7168K)
[2026-06-17T23:58:59.253+0000][9056.038s][info][gc            ] GC(411) Pause Young (Normal) (G1 Evacuation Pause) 445M->199M(512M) 7.278ms
[2026-06-17T23:58:59.253+0000][9056.038s][info][gc,cpu        ] GC(411) User=0.02s Sys=0.00s Real=0.01s
[2026-06-17T23:59:00.820+0000][9057.605s][info][gc,start      ] GC(412) Pause Young (Normal) (G1 Evacuation Pause)
[2026-06-17T23:59:00.821+0000][9057.605s][info][gc,task       ] GC(412) Using 13 workers of 13 for evacuation
[2026-06-17T23:59:00.823+0000][9057.607s][info][gc,phases     ] GC(412)   Pre Evacuate Collection Set: 0.0ms
[2026-06-17T23:59:00.823+0000][9057.608s][info][gc,phases     ] GC(412)   Evacuate Collection Set: 1.6ms
[2026-06-17T23:59:00.823+0000][9057.608s][info][gc,phases     ] GC(412)   Post Evacuate Collection Set: 0.3ms
[2026-06-17T23:59:00.823+0000][9057.608s][info][gc,phases     ] GC(412)   Other: 0.3ms
[2026-06-17T23:59:00.823+0000][9057.608s][info][gc,heap       ] GC(412) Eden regions: 247->0(242)
[2026-06-17T23:59:00.823+0000][9057.608s][info][gc,heap       ] GC(412) Survivor regions: 3->7(32)
[2026-06-17T23:59:00.823+0000][9057.608s][info][gc,heap       ] GC(412) Old regions: 51->51
[2026-06-17T23:59:00.823+0000][9057.608s][info][gc,heap       ] GC(412) Humongous regions: 147->147
[2026-06-17T23:59:00.823+0000][9057.608s][info][gc,metaspace  ] GC(412) Metaspace: 52498K(55296K)->52498K(55296K) NonClass: 46558K(48128K)->46558K(48128K) Class: 5939K(7168K)->5939K(7168K)
[2026-06-17T23:59:00.823+0000][9057.608s][info][gc            ] GC(412) Pause Young (Normal) (G1 Evacuation Pause) 446M->203M(512M) 2.617ms
[2026-06-17T23:59:00.823+0000][9057.608s][info][gc,cpu        ] GC(412) User=0.02s Sys=0.00s Real=0.00s
[2026-06-17T23:59:02.155+0000][9058.940s][info][gc,start      ] GC(413) Pause Young (Concurrent Start) (G1 Evacuation Pause)
[2026-06-17T23:59:02.155+0000][9058.940s][info][gc,task       ] GC(413) Using 13 workers of 13 for evacuation
[2026-06-17T23:59:02.158+0000][9058.943s][info][gc,phases     ] GC(413)   Pre Evacuate Collection Set: 0.3ms
[2026-06-17T23:59:02.158+0000][9058.943s][info][gc,phases     ] GC(413)   Evacuate Collection Set: 2.1ms
[2026-06-17T23:59:02.158+0000][9058.943s][info][gc,phases     ] GC(413)   Post Evacuate Collection Set: 0.3ms
[2026-06-17T23:59:02.159+0000][9058.943s][info][gc,phases     ] GC(413)   Other: 0.4ms
[2026-06-17T23:59:02.159+0000][9058.943s][info][gc,heap       ] GC(413) Eden regions: 242->0(247)
[2026-06-17T23:59:02.159+0000][9058.944s][info][gc,heap       ] GC(413) Survivor regions: 7->3(32)
[2026-06-17T23:59:02.159+0000][9058.944s][info][gc,heap       ] GC(413) Old regions: 51->51
[2026-06-17T23:59:02.159+0000][9058.944s][info][gc,heap       ] GC(413) Humongous regions: 147->147
[2026-06-17T23:59:02.159+0000][9058.944s][info][gc,metaspace  ] GC(413) Metaspace: 52498K(55296K)->52498K(55296K) NonClass: 46558K(48128K)->46558K(48128K) Class: 5939K(7168K)->5939K(7168K)
[2026-06-17T23:59:02.159+0000][9058.944s][info][gc            ] GC(413) Pause Young (Concurrent Start) (G1 Evacuation Pause) 445M->199M(512M) 3.847ms
[2026-06-17T23:59:02.159+0000][9058.944s][info][gc,cpu        ] GC(413) User=0.02s Sys=0.00s Real=0.01s
[2026-06-17T23:59:02.159+0000][9058.944s][info][gc            ] GC(414) Concurrent Cycle
[2026-06-17T23:59:02.159+0000][9058.944s][info][gc,marking    ] GC(414) Concurrent Clear Claimed Marks
[2026-06-17T23:59:02.160+0000][9058.944s][info][gc,marking    ] GC(414) Concurrent Clear Claimed Marks 0.243ms
[2026-06-17T23:59:02.160+0000][9058.945s][info][gc,marking    ] GC(414) Concurrent Scan Root Regions
[2026-06-17T23:59:02.161+0000][9058.946s][info][gc,marking    ] GC(414) Concurrent Scan Root Regions 1.138ms
[2026-06-17T23:59:02.161+0000][9058.946s][info][gc,marking    ] GC(414) Concurrent Mark (9058.946s)
[2026-06-17T23:59:02.161+0000][9058.946s][info][gc,marking    ] GC(414) Concurrent Mark From Roots
[2026-06-17T23:59:02.161+0000][9058.946s][info][gc,task       ] GC(414) Using 3 workers of 3 for marking
[2026-06-17T23:59:02.166+0000][9058.951s][info][gc,marking    ] GC(414) Concurrent Mark From Roots 5.162ms
[2026-06-17T23:59:02.166+0000][9058.951s][info][gc,marking    ] GC(414) Concurrent Preclean
[2026-06-17T23:59:02.167+0000][9058.951s][info][gc,marking    ] GC(414) Concurrent Preclean 0.237ms
[2026-06-17T23:59:02.167+0000][9058.952s][info][gc,marking    ] GC(414) Concurrent Mark (9058.946s, 9058.952s) 5.799ms
[2026-06-17T23:59:02.167+0000][9058.952s][info][gc,start      ] GC(414) Pause Remark
[2026-06-17T23:59:02.171+0000][9058.956s][info][gc,stringtable] GC(414) Cleaned string and symbol table, strings: 17328 processed, 0 removed, symbols: 125114 processed, 0 removed
[2026-06-17T23:59:02.171+0000][9058.956s][info][gc            ] GC(414) Pause Remark 203M->202M(512M) 4.064ms
[2026-06-17T23:59:02.171+0000][9058.956s][info][gc,cpu        ] GC(414) User=0.03s Sys=0.00s Real=0.01s
[2026-06-17T23:59:02.171+0000][9058.956s][info][gc,marking    ] GC(414) Concurrent Rebuild Remembered Sets
[2026-06-17T23:59:02.179+0000][9058.964s][info][gc,marking    ] GC(414) Concurrent Rebuild Remembered Sets 7.510ms
[2026-06-17T23:59:02.179+0000][9058.964s][info][gc,start      ] GC(414) Pause Cleanup
[2026-06-17T23:59:02.180+0000][9058.964s][info][gc            ] GC(414) Pause Cleanup 204M->204M(512M) 0.353ms
[2026-06-17T23:59:02.180+0000][9058.965s][info][gc,cpu        ] GC(414) User=0.00s Sys=0.00s Real=0.00s
[2026-06-17T23:59:02.180+0000][9058.965s][info][gc,marking    ] GC(414) Concurrent Cleanup for Next Mark
[2026-06-17T23:59:02.180+0000][9058.965s][info][gc,marking    ] GC(414) Concurrent Cleanup for Next Mark 0.169ms
[2026-06-17T23:59:02.180+0000][9058.965s][info][gc            ] GC(414) Concurrent Cycle 20.872ms
[2026-06-17T23:59:03.426+0000][9060.211s][info][gc,start      ] GC(415) Pause Young (Prepare Mixed) (G1 Evacuation Pause)
[2026-06-17T23:59:03.426+0000][9060.211s][info][gc,task       ] GC(415) Using 13 workers of 13 for evacuation
[2026-06-17T23:59:03.429+0000][9060.213s][info][gc,phases     ] GC(415)   Pre Evacuate Collection Set: 0.0ms
[2026-06-17T23:59:03.429+0000][9060.213s][info][gc,phases     ] GC(415)   Evacuate Collection Set: 1.9ms
[2026-06-17T23:59:03.429+0000][9060.214s][info][gc,phases     ] GC(415)   Post Evacuate Collection Set: 0.4ms
[2026-06-17T23:59:03.429+0000][9060.214s][info][gc,phases     ] GC(415)   Other: 0.3ms
[2026-06-17T23:59:03.429+0000][9060.214s][info][gc,heap       ] GC(415) Eden regions: 247->0(18)
[2026-06-17T23:59:03.429+0000][9060.214s][info][gc,heap       ] GC(415) Survivor regions: 3->7(32)
[2026-06-17T23:59:03.429+0000][9060.214s][info][gc,heap       ] GC(415) Old regions: 50->50
[2026-06-17T23:59:03.429+0000][9060.214s][info][gc,heap       ] GC(415) Humongous regions: 147->147
[2026-06-17T23:59:03.429+0000][9060.214s][info][gc,metaspace  ] GC(415) Metaspace: 52498K(55296K)->52498K(55296K) NonClass: 46558K(48128K)->46558K(48128K) Class: 5939K(7168K)->5939K(7168K)
[2026-06-17T23:59:03.429+0000][9060.214s][info][gc            ] GC(415) Pause Young (Prepare Mixed) (G1 Evacuation Pause) 445M->202M(512M) 3.040ms
[2026-06-17T23:59:03.429+0000][9060.214s][info][gc,cpu        ] GC(415) User=0.03s Sys=0.00s Real=0.01s
[2026-06-17T23:59:03.511+0000][9060.296s][info][gc,start      ] GC(416) Pause Young (Mixed) (G1 Evacuation Pause)
[2026-06-17T23:59:03.511+0000][9060.296s][info][gc,task       ] GC(416) Using 13 workers of 13 for evacuation
[2026-06-17T23:59:03.515+0000][9060.300s][info][gc,phases     ] GC(416)   Pre Evacuate Collection Set: 0.0ms
[2026-06-17T23:59:03.515+0000][9060.300s][info][gc,phases     ] GC(416)   Evacuate Collection Set: 2.9ms
[2026-06-17T23:59:03.515+0000][9060.300s][info][gc,phases     ] GC(416)   Post Evacuate Collection Set: 0.4ms
[2026-06-17T23:59:03.515+0000][9060.300s][info][gc,phases     ] GC(416)   Other: 0.3ms
[2026-06-17T23:59:03.515+0000][9060.300s][info][gc,heap       ] GC(416) Eden regions: 18->0(248)
[2026-06-17T23:59:03.515+0000][9060.300s][info][gc,heap       ] GC(416) Survivor regions: 7->2(4)
[2026-06-17T23:59:03.515+0000][9060.300s][info][gc,heap       ] GC(416) Old regions: 50->50
[2026-06-17T23:59:03.515+0000][9060.300s][info][gc,heap       ] GC(416) Humongous regions: 147->147
[2026-06-17T23:59:03.515+0000][9060.300s][info][gc,metaspace  ] GC(416) Metaspace: 52498K(55296K)->52498K(55296K) NonClass: 46558K(48128K)->46558K(48128K) Class: 5939K(7168K)->5939K(7168K)
[2026-06-17T23:59:03.515+0000][9060.300s][info][gc            ] GC(416) Pause Young (Mixed) (G1 Evacuation Pause) 220M->198M(512M) 4.077ms
[2026-06-17T23:59:03.515+0000][9060.300s][info][gc,cpu        ] GC(416) User=0.02s Sys=0.01s Real=0.00s
[2026-06-17T23:59:52.124+0000][9108.910s][info][gc,start      ] GC(417) Pause Young (Normal) (G1 Evacuation Pause)
[2026-06-17T23:59:52.124+0000][9108.910s][info][gc,task       ] GC(417) Using 13 workers of 13 for evacuation
[2026-06-17T23:59:52.126+0000][9108.912s][info][gc,phases     ] GC(417)   Pre Evacuate Collection Set: 0.0ms
[2026-06-17T23:59:52.126+0000][9108.912s][info][gc,phases     ] GC(417)   Evacuate Collection Set: 1.3ms
[2026-06-17T23:59:52.126+0000][9108.912s][info][gc,phases     ] GC(417)   Post Evacuate Collection Set: 0.3ms
[2026-06-17T23:59:52.126+0000][9108.912s][info][gc,phases     ] GC(417)   Other: 0.3ms
[2026-06-17T23:59:52.126+0000][9108.912s][info][gc,heap       ] GC(417) Eden regions: 248->0(248)
[2026-06-17T23:59:52.126+0000][9108.912s][info][gc,heap       ] GC(417) Survivor regions: 2->3(32)
[2026-06-17T23:59:52.127+0000][9108.912s][info][gc,heap       ] GC(417) Old regions: 50->50
[2026-06-17T23:59:52.127+0000][9108.912s][info][gc,heap       ] GC(417) Humongous regions: 147->147
[2026-06-17T23:59:52.127+0000][9108.912s][info][gc,metaspace  ] GC(417) Metaspace: 52501K(55296K)->52501K(55296K) NonClass: 46561K(48128K)->46561K(48128K) Class: 5939K(7168K)->5939K(7168K)
[2026-06-17T23:59:52.127+0000][9108.912s][info][gc            ] GC(417) Pause Young (Normal) (G1 Evacuation Pause) 446M->198M(512M) 2.348ms
[2026-06-17T23:59:52.127+0000][9108.912s][info][gc,cpu        ] GC(417) User=0.02s Sys=0.00s Real=0.00s
[2026-06-17T23:59:53.636+0000][9110.421s][info][gc,start      ] GC(418) Pause Young (Normal) (G1 Evacuation Pause)
[2026-06-17T23:59:53.636+0000][9110.422s][info][gc,task       ] GC(418) Using 13 workers of 13 for evacuation
[2026-06-17T23:59:53.640+0000][9110.426s][info][gc,phases     ] GC(418)   Pre Evacuate Collection Set: 0.0ms
[2026-06-17T23:59:53.640+0000][9110.426s][info][gc,phases     ] GC(418)   Evacuate Collection Set: 3.6ms
[2026-06-17T23:59:53.641+0000][9110.426s][info][gc,phases     ] GC(418)   Post Evacuate Collection Set: 0.4ms
[2026-06-17T23:59:53.641+0000][9110.426s][info][gc,phases     ] GC(418)   Other: 0.4ms
[2026-06-17T23:59:53.641+0000][9110.426s][info][gc,heap       ] GC(418) Eden regions: 248->0(245)
[2026-06-17T23:59:53.641+0000][9110.426s][info][gc,heap       ] GC(418) Survivor regions: 3->6(32)
[2026-06-17T23:59:53.641+0000][9110.426s][info][gc,heap       ] GC(418) Old regions: 50->50
[2026-06-17T23:59:53.641+0000][9110.426s][info][gc,heap       ] GC(418) Humongous regions: 147->147
[2026-06-17T23:59:53.641+0000][9110.426s][info][gc,metaspace  ] GC(418) Metaspace: 52501K(55296K)->52501K(55296K) NonClass: 46561K(48128K)->46561K(48128K) Class: 5939K(7168K)->5939K(7168K)
[2026-06-17T23:59:53.641+0000][9110.426s][info][gc            ] GC(418) Pause Young (Normal) (G1 Evacuation Pause) 446M->202M(512M) 4.912ms
[2026-06-17T23:59:53.641+0000][9110.426s][info][gc,cpu        ] GC(418) User=0.05s Sys=0.00s Real=0.01s
[2026-06-17T23:59:54.877+0000][9111.663s][info][gc,start      ] GC(419) Pause Young (Concurrent Start) (G1 Evacuation Pause)
[2026-06-17T23:59:54.877+0000][9111.663s][info][gc,task       ] GC(419) Using 13 workers of 13 for evacuation
[2026-06-17T23:59:54.880+0000][9111.665s][info][gc,phases     ] GC(419)   Pre Evacuate Collection Set: 0.3ms
[2026-06-17T23:59:54.880+0000][9111.665s][info][gc,phases     ] GC(419)   Evacuate Collection Set: 1.8ms
[2026-06-17T23:59:54.880+0000][9111.666s][info][gc,phases     ] GC(419)   Post Evacuate Collection Set: 0.4ms
[2026-06-17T23:59:54.880+0000][9111.666s][info][gc,phases     ] GC(419)   Other: 0.3ms
[2026-06-17T23:59:54.880+0000][9111.666s][info][gc,heap       ] GC(419) Eden regions: 245->0(248)
[2026-06-17T23:59:54.880+0000][9111.666s][info][gc,heap       ] GC(419) Survivor regions: 6->4(32)
[2026-06-17T23:59:54.880+0000][9111.666s][info][gc,heap       ] GC(419) Old regions: 50->50
[2026-06-17T23:59:54.880+0000][9111.666s][info][gc,heap       ] GC(419) Humongous regions: 147->147
[2026-06-17T23:59:54.881+0000][9111.666s][info][gc,metaspace  ] GC(419) Metaspace: 52501K(55296K)->52501K(55296K) NonClass: 46561K(48128K)->46561K(48128K) Class: 5939K(7168K)->5939K(7168K)
[2026-06-17T23:59:54.881+0000][9111.666s][info][gc            ] GC(419) Pause Young (Concurrent Start) (G1 Evacuation Pause) 447M->200M(512M) 3.490ms
[2026-06-17T23:59:54.881+0000][9111.666s][info][gc,cpu        ] GC(419) User=0.02s Sys=0.00s Real=0.01s
[2026-06-17T23:59:54.881+0000][9111.666s][info][gc            ] GC(420) Concurrent Cycle
[2026-06-17T23:59:54.881+0000][9111.666s][info][gc,marking    ] GC(420) Concurrent Clear Claimed Marks
[2026-06-17T23:59:54.881+0000][9111.667s][info][gc,marking    ] GC(420) Concurrent Clear Claimed Marks 0.339ms
[2026-06-17T23:59:54.881+0000][9111.667s][info][gc,marking    ] GC(420) Concurrent Scan Root Regions
[2026-06-17T23:59:54.882+0000][9111.668s][info][gc,marking    ] GC(420) Concurrent Scan Root Regions 1.126ms
[2026-06-17T23:59:54.882+0000][9111.668s][info][gc,marking    ] GC(420) Concurrent Mark (9111.668s)
[2026-06-17T23:59:54.883+0000][9111.668s][info][gc,marking    ] GC(420) Concurrent Mark From Roots
[2026-06-17T23:59:54.883+0000][9111.668s][info][gc,task       ] GC(420) Using 3 workers of 3 for marking
[2026-06-17T23:59:54.888+0000][9111.673s][info][gc,marking    ] GC(420) Concurrent Mark From Roots 5.448ms
[2026-06-17T23:59:54.888+0000][9111.674s][info][gc,marking    ] GC(420) Concurrent Preclean
[2026-06-17T23:59:54.888+0000][9111.674s][info][gc,marking    ] GC(420) Concurrent Preclean 0.234ms
[2026-06-17T23:59:54.888+0000][9111.674s][info][gc,marking    ] GC(420) Concurrent Mark (9111.668s, 9111.674s) 5.980ms
[2026-06-17T23:59:54.889+0000][9111.674s][info][gc,start      ] GC(420) Pause Remark
[2026-06-17T23:59:54.891+0000][9111.677s][info][gc,stringtable] GC(420) Cleaned string and symbol table, strings: 17328 processed, 0 removed, symbols: 125114 processed, 0 removed
[2026-06-17T23:59:54.892+0000][9111.677s][info][gc            ] GC(420) Pause Remark 204M->203M(512M) 2.993ms
[2026-06-17T23:59:54.892+0000][9111.677s][info][gc,cpu        ] GC(420) User=0.03s Sys=0.00s Real=0.00s
[2026-06-17T23:59:54.892+0000][9111.677s][info][gc,marking    ] GC(420) Concurrent Rebuild Remembered Sets
[2026-06-17T23:59:54.897+0000][9111.682s][info][gc,marking    ] GC(420) Concurrent Rebuild Remembered Sets 4.460ms
[2026-06-17T23:59:54.897+0000][9111.682s][info][gc,start      ] GC(420) Pause Cleanup
[2026-06-17T23:59:54.897+0000][9111.682s][info][gc            ] GC(420) Pause Cleanup 204M->204M(512M) 0.185ms
[2026-06-17T23:59:54.897+0000][9111.682s][info][gc,cpu        ] GC(420) User=0.00s Sys=0.00s Real=0.00s
[2026-06-17T23:59:54.897+0000][9111.683s][info][gc,marking    ] GC(420) Concurrent Cleanup for Next Mark
[2026-06-17T23:59:54.897+0000][9111.683s][info][gc,marking    ] GC(420) Concurrent Cleanup for Next Mark 0.171ms
[2026-06-17T23:59:54.897+0000][9111.683s][info][gc            ] GC(420) Concurrent Cycle 16.731ms
[2026-06-18T00:00:43.144+0000][9159.967s][info][gc,start      ] GC(421) Pause Young (Prepare Mixed) (G1 Evacuation Pause)
[2026-06-18T00:00:43.144+0000][9159.967s][info][gc,task       ] GC(421) Using 13 workers of 13 for evacuation
[2026-06-18T00:00:43.148+0000][9159.971s][info][gc,phases     ] GC(421)   Pre Evacuate Collection Set: 0.0ms
[2026-06-18T00:00:43.148+0000][9159.971s][info][gc,phases     ] GC(421)   Evacuate Collection Set: 3.3ms
[2026-06-18T00:00:43.148+0000][9159.971s][info][gc,phases     ] GC(421)   Post Evacuate Collection Set: 0.3ms
[2026-06-18T00:00:43.148+0000][9159.971s][info][gc,phases     ] GC(421)   Other: 0.3ms
[2026-06-18T00:00:43.148+0000][9159.971s][info][gc,heap       ] GC(421) Eden regions: 248->0(17)
[2026-06-18T00:00:43.148+0000][9159.971s][info][gc,heap       ] GC(421) Survivor regions: 4->8(32)
[2026-06-18T00:00:43.148+0000][9159.972s][info][gc,heap       ] GC(421) Old regions: 49->49
[2026-06-18T00:00:43.148+0000][9159.972s][info][gc,heap       ] GC(421) Humongous regions: 147->147
[2026-06-18T00:00:43.148+0000][9159.972s][info][gc,metaspace  ] GC(421) Metaspace: 52502K(55296K)->52502K(55296K) NonClass: 46562K(48128K)->46562K(48128K) Class: 5939K(7168K)->5939K(7168K)
[2026-06-18T00:00:43.148+0000][9159.972s][info][gc            ] GC(421) Pause Young (Prepare Mixed) (G1 Evacuation Pause) 447M->203M(512M) 4.579ms
[2026-06-18T00:00:43.148+0000][9159.972s][info][gc,cpu        ] GC(421) User=0.03s Sys=0.00s Real=0.00s
[2026-06-18T00:00:43.223+0000][9160.047s][info][gc,start      ] GC(422) Pause Young (Mixed) (G1 Evacuation Pause)
[2026-06-18T00:00:43.223+0000][9160.047s][info][gc,task       ] GC(422) Using 13 workers of 13 for evacuation
[2026-06-18T00:00:43.229+0000][9160.052s][info][gc,phases     ] GC(422)   Pre Evacuate Collection Set: 0.0ms
[2026-06-18T00:00:43.229+0000][9160.052s][info][gc,phases     ] GC(422)   Evacuate Collection Set: 4.6ms
[2026-06-18T00:00:43.229+0000][9160.052s][info][gc,phases     ] GC(422)   Post Evacuate Collection Set: 0.7ms
[2026-06-18T00:00:43.229+0000][9160.052s][info][gc,phases     ] GC(422)   Other: 0.3ms
[2026-06-18T00:00:43.229+0000][9160.053s][info][gc,heap       ] GC(422) Eden regions: 17->0(247)
[2026-06-18T00:00:43.229+0000][9160.053s][info][gc,heap       ] GC(422) Survivor regions: 8->2(4)
[2026-06-18T00:00:43.229+0000][9160.053s][info][gc,heap       ] GC(422) Old regions: 49->51
[2026-06-18T00:00:43.229+0000][9160.053s][info][gc,heap       ] GC(422) Humongous regions: 147->147
[2026-06-18T00:00:43.229+0000][9160.053s][info][gc,metaspace  ] GC(422) Metaspace: 52502K(55296K)->52502K(55296K) NonClass: 46562K(48128K)->46562K(48128K) Class: 5939K(7168K)->5939K(7168K)
[2026-06-18T00:00:43.229+0000][9160.053s][info][gc            ] GC(422) Pause Young (Mixed) (G1 Evacuation Pause) 220M->199M(512M) 6.080ms
[2026-06-18T00:00:43.229+0000][9160.053s][info][gc,cpu        ] GC(422) User=0.04s Sys=0.00s Real=0.00s
[2026-06-18T00:00:44.889+0000][9161.712s][info][gc,start      ] GC(423) Pause Young (Normal) (G1 Evacuation Pause)
[2026-06-18T00:00:44.889+0000][9161.713s][info][gc,task       ] GC(423) Using 13 workers of 13 for evacuation
[2026-06-18T00:00:44.893+0000][9161.717s][info][gc,phases     ] GC(423)   Pre Evacuate Collection Set: 0.0ms
[2026-06-18T00:00:44.893+0000][9161.717s][info][gc,phases     ] GC(423)   Evacuate Collection Set: 3.7ms
[2026-06-18T00:00:44.894+0000][9161.717s][info][gc,phases     ] GC(423)   Post Evacuate Collection Set: 0.3ms
[2026-06-18T00:00:44.894+0000][9161.717s][info][gc,phases     ] GC(423)   Other: 0.3ms
[2026-06-18T00:00:44.894+0000][9161.717s][info][gc,heap       ] GC(423) Eden regions: 247->0(247)
[2026-06-18T00:00:44.894+0000][9161.717s][info][gc,heap       ] GC(423) Survivor regions: 2->3(32)
[2026-06-18T00:00:44.894+0000][9161.717s][info][gc,heap       ] GC(423) Old regions: 51->51
[2026-06-18T00:00:44.894+0000][9161.717s][info][gc,heap       ] GC(423) Humongous regions: 147->147
[2026-06-18T00:00:44.894+0000][9161.717s][info][gc,metaspace  ] GC(423) Metaspace: 52502K(55296K)->52502K(55296K) NonClass: 46562K(48128K)->46562K(48128K) Class: 5939K(7168K)->5939K(7168K)
[2026-06-18T00:00:44.894+0000][9161.717s][info][gc            ] GC(423) Pause Young (Normal) (G1 Evacuation Pause) 446M->200M(512M) 4.809ms
[2026-06-18T00:00:44.894+0000][9161.717s][info][gc,cpu        ] GC(423) User=0.04s Sys=0.00s Real=0.01s
[2026-06-18T00:00:46.225+0000][9163.048s][info][gc,start      ] GC(424) Pause Young (Normal) (G1 Evacuation Pause)
[2026-06-18T00:00:46.225+0000][9163.048s][info][gc,task       ] GC(424) Using 13 workers of 13 for evacuation
[2026-06-18T00:00:46.227+0000][9163.050s][info][gc,phases     ] GC(424)   Pre Evacuate Collection Set: 0.0ms
[2026-06-18T00:00:46.227+0000][9163.050s][info][gc,phases     ] GC(424)   Evacuate Collection Set: 1.7ms
[2026-06-18T00:00:46.227+0000][9163.050s][info][gc,phases     ] GC(424)   Post Evacuate Collection Set: 0.3ms
[2026-06-18T00:00:46.227+0000][9163.051s][info][gc,phases     ] GC(424)   Other: 0.3ms
[2026-06-18T00:00:46.227+0000][9163.051s][info][gc,heap       ] GC(424) Eden regions: 247->0(244)
[2026-06-18T00:00:46.227+0000][9163.051s][info][gc,heap       ] GC(424) Survivor regions: 3->6(32)
[2026-06-18T00:00:46.227+0000][9163.051s][info][gc,heap       ] GC(424) Old regions: 51->51
[2026-06-18T00:00:46.227+0000][9163.051s][info][gc,heap       ] GC(424) Humongous regions: 147->147
[2026-06-18T00:00:46.227+0000][9163.051s][info][gc,metaspace  ] GC(424) Metaspace: 52502K(55296K)->52502K(55296K) NonClass: 46562K(48128K)->46562K(48128K) Class: 5939K(7168K)->5939K(7168K)
[2026-06-18T00:00:46.227+0000][9163.051s][info][gc            ] GC(424) Pause Young (Normal) (G1 Evacuation Pause) 447M->203M(512M) 2.831ms
[2026-06-18T00:00:46.228+0000][9163.051s][info][gc,cpu        ] GC(424) User=0.02s Sys=0.00s Real=0.00s
[2026-06-18T00:00:47.418+0000][9164.241s][info][gc,start      ] GC(425) Pause Young (Concurrent Start) (G1 Evacuation Pause)
[2026-06-18T00:00:47.418+0000][9164.241s][info][gc,task       ] GC(425) Using 13 workers of 13 for evacuation
[2026-06-18T00:00:47.421+0000][9164.244s][info][gc,phases     ] GC(425)   Pre Evacuate Collection Set: 0.3ms
[2026-06-18T00:00:47.421+0000][9164.244s][info][gc,phases     ] GC(425)   Evacuate Collection Set: 1.9ms
[2026-06-18T00:00:47.421+0000][9164.244s][info][gc,phases     ] GC(425)   Post Evacuate Collection Set: 0.3ms
[2026-06-18T00:00:47.421+0000][9164.244s][info][gc,phases     ] GC(425)   Other: 0.3ms
[2026-06-18T00:00:47.421+0000][9164.244s][info][gc,heap       ] GC(425) Eden regions: 244->0(246)
[2026-06-18T00:00:47.421+0000][9164.244s][info][gc,heap       ] GC(425) Survivor regions: 6->4(32)
[2026-06-18T00:00:47.421+0000][9164.244s][info][gc,heap       ] GC(425) Old regions: 51->51
[2026-06-18T00:00:47.421+0000][9164.244s][info][gc,heap       ] GC(425) Humongous regions: 147->147
[2026-06-18T00:00:47.421+0000][9164.244s][info][gc,metaspace  ] GC(425) Metaspace: 52502K(55296K)->52502K(55296K) NonClass: 46562K(48128K)->46562K(48128K) Class: 5939K(7168K)->5939K(7168K)
[2026-06-18T00:00:47.421+0000][9164.244s][info][gc            ] GC(425) Pause Young (Concurrent Start) (G1 Evacuation Pause) 447M->201M(512M) 3.338ms
[2026-06-18T00:00:47.421+0000][9164.244s][info][gc,cpu        ] GC(425) User=0.02s Sys=0.00s Real=0.01s
[2026-06-18T00:00:47.421+0000][9164.245s][info][gc            ] GC(426) Concurrent Cycle
[2026-06-18T00:00:47.421+0000][9164.245s][info][gc,marking    ] GC(426) Concurrent Clear Claimed Marks
[2026-06-18T00:00:47.421+0000][9164.245s][info][gc,marking    ] GC(426) Concurrent Clear Claimed Marks 0.127ms
[2026-06-18T00:00:47.421+0000][9164.245s][info][gc,marking    ] GC(426) Concurrent Scan Root Regions
[2026-06-18T00:00:47.422+0000][9164.246s][info][gc,marking    ] GC(426) Concurrent Scan Root Regions 0.874ms
[2026-06-18T00:00:47.422+0000][9164.246s][info][gc,marking    ] GC(426) Concurrent Mark (9164.246s)
[2026-06-18T00:00:47.422+0000][9164.246s][info][gc,marking    ] GC(426) Concurrent Mark From Roots
[2026-06-18T00:00:47.423+0000][9164.246s][info][gc,task       ] GC(426) Using 3 workers of 3 for marking
[2026-06-18T00:00:47.428+0000][9164.251s][info][gc,marking    ] GC(426) Concurrent Mark From Roots 5.501ms
[2026-06-18T00:00:47.428+0000][9164.252s][info][gc,marking    ] GC(426) Concurrent Preclean
[2026-06-18T00:00:47.428+0000][9164.252s][info][gc,marking    ] GC(426) Concurrent Preclean 0.185ms
[2026-06-18T00:00:47.428+0000][9164.252s][info][gc,marking    ] GC(426) Concurrent Mark (9164.246s, 9164.252s) 5.956ms
[2026-06-18T00:00:47.429+0000][9164.252s][info][gc,start      ] GC(426) Pause Remark
[2026-06-18T00:00:47.431+0000][9164.254s][info][gc,stringtable] GC(426) Cleaned string and symbol table, strings: 17328 processed, 0 removed, symbols: 125114 processed, 0 removed
[2026-06-18T00:00:47.431+0000][9164.255s][info][gc            ] GC(426) Pause Remark 205M->204M(512M) 2.555ms
[2026-06-18T00:00:47.431+0000][9164.255s][info][gc,cpu        ] GC(426) User=0.02s Sys=0.00s Real=0.01s
[2026-06-18T00:00:47.431+0000][9164.255s][info][gc,marking    ] GC(426) Concurrent Rebuild Remembered Sets
[2026-06-18T00:00:47.435+0000][9164.259s][info][gc,marking    ] GC(426) Concurrent Rebuild Remembered Sets 3.976ms
[2026-06-18T00:00:47.436+0000][9164.259s][info][gc,start      ] GC(426) Pause Cleanup
[2026-06-18T00:00:47.436+0000][9164.259s][info][gc            ] GC(426) Pause Cleanup 205M->205M(512M) 0.135ms
[2026-06-18T00:00:47.436+0000][9164.259s][info][gc,cpu        ] GC(426) User=0.00s Sys=0.00s Real=0.00s
[2026-06-18T00:00:47.436+0000][9164.259s][info][gc,marking    ] GC(426) Concurrent Cleanup for Next Mark
[2026-06-18T00:00:47.436+0000][9164.259s][info][gc,marking    ] GC(426) Concurrent Cleanup for Next Mark 0.137ms
[2026-06-18T00:00:47.436+0000][9164.259s][info][gc            ] GC(426) Concurrent Cycle 14.941ms
[2026-06-18T00:01:35.906+0000][9212.734s][info][gc,start      ] GC(427) Pause Young (Prepare Mixed) (G1 Evacuation Pause)
[2026-06-18T00:01:35.906+0000][9212.734s][info][gc,task       ] GC(427) Using 13 workers of 13 for evacuation
[2026-06-18T00:01:35.910+0000][9212.738s][info][gc,phases     ] GC(427)   Pre Evacuate Collection Set: 0.0ms
[2026-06-18T00:01:35.910+0000][9212.738s][info][gc,phases     ] GC(427)   Evacuate Collection Set: 3.6ms
[2026-06-18T00:01:35.910+0000][9212.738s][info][gc,phases     ] GC(427)   Post Evacuate Collection Set: 0.4ms
[2026-06-18T00:01:35.910+0000][9212.738s][info][gc,phases     ] GC(427)   Other: 0.3ms
[2026-06-18T00:01:35.910+0000][9212.738s][info][gc,heap       ] GC(427) Eden regions: 246->0(18)
[2026-06-18T00:01:35.910+0000][9212.738s][info][gc,heap       ] GC(427) Survivor regions: 4->7(32)
[2026-06-18T00:01:35.910+0000][9212.738s][info][gc,heap       ] GC(427) Old regions: 50->50
[2026-06-18T00:01:35.910+0000][9212.739s][info][gc,heap       ] GC(427) Humongous regions: 147->147
[2026-06-18T00:01:35.910+0000][9212.739s][info][gc,metaspace  ] GC(427) Metaspace: 52510K(55296K)->52510K(55296K) NonClass: 46570K(48128K)->46570K(48128K) Class: 5939K(7168K)->5939K(7168K)
[2026-06-18T00:01:35.910+0000][9212.739s][info][gc            ] GC(427) Pause Young (Prepare Mixed) (G1 Evacuation Pause) 446M->203M(512M) 4.872ms
[2026-06-18T00:01:35.911+0000][9212.739s][info][gc,cpu        ] GC(427) User=0.04s Sys=0.00s Real=0.00s
[2026-06-18T00:01:36.036+0000][9212.864s][info][gc,start      ] GC(428) Pause Young (Mixed) (G1 Evacuation Pause)
[2026-06-18T00:01:36.036+0000][9212.865s][info][gc,task       ] GC(428) Using 13 workers of 13 for evacuation
[2026-06-18T00:01:36.040+0000][9212.868s][info][gc,phases     ] GC(428)   Pre Evacuate Collection Set: 0.0ms
[2026-06-18T00:01:36.040+0000][9212.868s][info][gc,phases     ] GC(428)   Evacuate Collection Set: 2.8ms
[2026-06-18T00:01:36.040+0000][9212.868s][info][gc,phases     ] GC(428)   Post Evacuate Collection Set: 0.3ms
[2026-06-18T00:01:36.040+0000][9212.868s][info][gc,phases     ] GC(428)   Other: 0.3ms
[2026-06-18T00:01:36.040+0000][9212.868s][info][gc,heap       ] GC(428) Eden regions: 18->0(246)
[2026-06-18T00:01:36.040+0000][9212.868s][info][gc,heap       ] GC(428) Survivor regions: 7->2(4)
[2026-06-18T00:01:36.040+0000][9212.868s][info][gc,heap       ] GC(428) Old regions: 50->51
[2026-06-18T00:01:36.040+0000][9212.868s][info][gc,heap       ] GC(428) Humongous regions: 147->147
[2026-06-18T00:01:36.040+0000][9212.868s][info][gc,metaspace  ] GC(428) Metaspace: 52510K(55296K)->52510K(55296K) NonClass: 46570K(48128K)->46570K(48128K) Class: 5939K(7168K)->5939K(7168K)
[2026-06-18T00:01:36.040+0000][9212.868s][info][gc            ] GC(428) Pause Young (Mixed) (G1 Evacuation Pause) 221M->199M(512M) 4.023ms
[2026-06-18T00:01:36.040+0000][9212.868s][info][gc,cpu        ] GC(428) User=0.02s Sys=0.00s Real=0.00s
[2026-06-18T00:01:37.650+0000][9214.478s][info][gc,start      ] GC(429) Pause Young (Normal) (G1 Evacuation Pause)
[2026-06-18T00:01:37.650+0000][9214.478s][info][gc,task       ] GC(429) Using 13 workers of 13 for evacuation
[2026-06-18T00:01:37.653+0000][9214.481s][info][gc,phases     ] GC(429)   Pre Evacuate Collection Set: 0.0ms
[2026-06-18T00:01:37.653+0000][9214.481s][info][gc,phases     ] GC(429)   Evacuate Collection Set: 2.4ms
[2026-06-18T00:01:37.653+0000][9214.481s][info][gc,phases     ] GC(429)   Post Evacuate Collection Set: 0.3ms
[2026-06-18T00:01:37.653+0000][9214.481s][info][gc,phases     ] GC(429)   Other: 0.3ms
[2026-06-18T00:01:37.653+0000][9214.481s][info][gc,heap       ] GC(429) Eden regions: 246->0(247)
[2026-06-18T00:01:37.653+0000][9214.481s][info][gc,heap       ] GC(429) Survivor regions: 2->3(31)
[2026-06-18T00:01:37.653+0000][9214.481s][info][gc,heap       ] GC(429) Old regions: 51->51
[2026-06-18T00:01:37.653+0000][9214.481s][info][gc,heap       ] GC(429) Humongous regions: 147->147
[2026-06-18T00:01:37.653+0000][9214.481s][info][gc,metaspace  ] GC(429) Metaspace: 52510K(55296K)->52510K(55296K) NonClass: 46570K(48128K)->46570K(48128K) Class: 5939K(7168K)->5939K(7168K)
[2026-06-18T00:01:37.653+0000][9214.482s][info][gc            ] GC(429) Pause Young (Normal) (G1 Evacuation Pause) 445M->199M(512M) 3.490ms
[2026-06-18T00:01:37.653+0000][9214.482s][info][gc,cpu        ] GC(429) User=0.02s Sys=0.00s Real=0.00s
[2026-06-18T00:01:38.965+0000][9215.794s][info][gc,start      ] GC(430) Pause Young (Normal) (G1 Evacuation Pause)
[2026-06-18T00:01:38.965+0000][9215.794s][info][gc,task       ] GC(430) Using 13 workers of 13 for evacuation
[2026-06-18T00:01:38.970+0000][9215.799s][info][gc,phases     ] GC(430)   Pre Evacuate Collection Set: 0.0ms
[2026-06-18T00:01:38.971+0000][9215.799s][info][gc,phases     ] GC(430)   Evacuate Collection Set: 4.5ms
[2026-06-18T00:01:38.971+0000][9215.799s][info][gc,phases     ] GC(430)   Post Evacuate Collection Set: 0.3ms
[2026-06-18T00:01:38.971+0000][9215.799s][info][gc,phases     ] GC(430)   Other: 0.3ms
[2026-06-18T00:01:38.971+0000][9215.799s][info][gc,heap       ] GC(430) Eden regions: 247->0(242)
[2026-06-18T00:01:38.971+0000][9215.799s][info][gc,heap       ] GC(430) Survivor regions: 3->7(32)
[2026-06-18T00:01:38.971+0000][9215.799s][info][gc,heap       ] GC(430) Old regions: 51->51
[2026-06-18T00:01:38.971+0000][9215.799s][info][gc,heap       ] GC(430) Humongous regions: 147->147
[2026-06-18T00:01:38.971+0000][9215.799s][info][gc,metaspace  ] GC(430) Metaspace: 52510K(55296K)->52510K(55296K) NonClass: 46570K(48128K)->46570K(48128K) Class: 5939K(7168K)->5939K(7168K)
[2026-06-18T00:01:38.971+0000][9215.799s][info][gc            ] GC(430) Pause Young (Normal) (G1 Evacuation Pause) 446M->204M(512M) 5.549ms
[2026-06-18T00:01:38.971+0000][9215.799s][info][gc,cpu        ] GC(430) User=0.06s Sys=0.00s Real=0.00s
[2026-06-18T00:02:27.870+0000][9264.699s][info][gc,start      ] GC(431) Pause Young (Concurrent Start) (G1 Evacuation Pause)
[2026-06-18T00:02:27.870+0000][9264.699s][info][gc,task       ] GC(431) Using 13 workers of 13 for evacuation
[2026-06-18T00:02:27.873+0000][9264.702s][info][gc,phases     ] GC(431)   Pre Evacuate Collection Set: 0.3ms
[2026-06-18T00:02:27.873+0000][9264.702s][info][gc,phases     ] GC(431)   Evacuate Collection Set: 1.9ms
[2026-06-18T00:02:27.873+0000][9264.702s][info][gc,phases     ] GC(431)   Post Evacuate Collection Set: 0.6ms
[2026-06-18T00:02:27.873+0000][9264.702s][info][gc,phases     ] GC(431)   Other: 0.3ms
[2026-06-18T00:02:27.874+0000][9264.702s][info][gc,heap       ] GC(431) Eden regions: 242->0(244)
[2026-06-18T00:02:27.874+0000][9264.702s][info][gc,heap       ] GC(431) Survivor regions: 7->5(32)
[2026-06-18T00:02:27.874+0000][9264.702s][info][gc,heap       ] GC(431) Old regions: 51->51
[2026-06-18T00:02:27.874+0000][9264.702s][info][gc,heap       ] GC(431) Humongous regions: 147->147
[2026-06-18T00:02:27.874+0000][9264.702s][info][gc,metaspace  ] GC(431) Metaspace: 52527K(55296K)->52527K(55296K) NonClass: 46587K(48128K)->46587K(48128K) Class: 5939K(7168K)->5939K(7168K)
[2026-06-18T00:02:27.874+0000][9264.703s][info][gc            ] GC(431) Pause Young (Concurrent Start) (G1 Evacuation Pause) 446M->202M(512M) 3.547ms
[2026-06-18T00:02:27.874+0000][9264.703s][info][gc,cpu        ] GC(431) User=0.02s Sys=0.00s Real=0.00s
[2026-06-18T00:02:27.874+0000][9264.703s][info][gc            ] GC(432) Concurrent Cycle
[2026-06-18T00:02:27.874+0000][9264.703s][info][gc,marking    ] GC(432) Concurrent Clear Claimed Marks
[2026-06-18T00:02:27.874+0000][9264.703s][info][gc,marking    ] GC(432) Concurrent Clear Claimed Marks 0.188ms
[2026-06-18T00:02:27.874+0000][9264.703s][info][gc,marking    ] GC(432) Concurrent Scan Root Regions
[2026-06-18T00:02:27.875+0000][9264.704s][info][gc,marking    ] GC(432) Concurrent Scan Root Regions 1.129ms
[2026-06-18T00:02:27.875+0000][9264.704s][info][gc,marking    ] GC(432) Concurrent Mark (9264.704s)
[2026-06-18T00:02:27.876+0000][9264.704s][info][gc,marking    ] GC(432) Concurrent Mark From Roots
[2026-06-18T00:02:27.876+0000][9264.704s][info][gc,task       ] GC(432) Using 3 workers of 3 for marking
[2026-06-18T00:02:27.881+0000][9264.710s][info][gc,marking    ] GC(432) Concurrent Mark From Roots 5.278ms
[2026-06-18T00:02:27.881+0000][9264.710s][info][gc,marking    ] GC(432) Concurrent Preclean
[2026-06-18T00:02:27.881+0000][9264.710s][info][gc,marking    ] GC(432) Concurrent Preclean 0.171ms
[2026-06-18T00:02:27.881+0000][9264.710s][info][gc,marking    ] GC(432) Concurrent Mark (9264.704s, 9264.710s) 5.927ms
[2026-06-18T00:02:27.882+0000][9264.710s][info][gc,start      ] GC(432) Pause Remark
[2026-06-18T00:02:27.884+0000][9264.713s][info][gc,stringtable] GC(432) Cleaned string and symbol table, strings: 17333 processed, 0 removed, symbols: 125114 processed, 0 removed
[2026-06-18T00:02:27.884+0000][9264.713s][info][gc            ] GC(432) Pause Remark 206M->206M(512M) 2.591ms
[2026-06-18T00:02:27.884+0000][9264.713s][info][gc,cpu        ] GC(432) User=0.02s Sys=0.00s Real=0.00s
[2026-06-18T00:02:27.884+0000][9264.713s][info][gc,marking    ] GC(432) Concurrent Rebuild Remembered Sets
[2026-06-18T00:02:27.889+0000][9264.718s][info][gc,marking    ] GC(432) Concurrent Rebuild Remembered Sets 4.467ms
[2026-06-18T00:02:27.889+0000][9264.718s][info][gc,start      ] GC(432) Pause Cleanup
[2026-06-18T00:02:27.889+0000][9264.718s][info][gc            ] GC(432) Pause Cleanup 206M->206M(512M) 0.152ms
[2026-06-18T00:02:27.889+0000][9264.718s][info][gc,cpu        ] GC(432) User=0.00s Sys=0.00s Real=0.00s
[2026-06-18T00:02:27.889+0000][9264.718s][info][gc,marking    ] GC(432) Concurrent Cleanup for Next Mark
[2026-06-18T00:02:27.890+0000][9264.718s][info][gc,marking    ] GC(432) Concurrent Cleanup for Next Mark 0.183ms
[2026-06-18T00:02:27.890+0000][9264.718s][info][gc            ] GC(432) Concurrent Cycle 15.769ms
[2026-06-18T00:02:29.472+0000][9266.301s][info][gc,start      ] GC(433) Pause Young (Prepare Mixed) (G1 Evacuation Pause)
[2026-06-18T00:02:29.472+0000][9266.301s][info][gc,task       ] GC(433) Using 13 workers of 13 for evacuation
[2026-06-18T00:02:29.479+0000][9266.307s][info][gc,phases     ] GC(433)   Pre Evacuate Collection Set: 0.0ms
[2026-06-18T00:02:29.479+0000][9266.308s][info][gc,phases     ] GC(433)   Evacuate Collection Set: 5.7ms
[2026-06-18T00:02:29.479+0000][9266.308s][info][gc,phases     ] GC(433)   Post Evacuate Collection Set: 0.4ms
[2026-06-18T00:02:29.479+0000][9266.308s][info][gc,phases     ] GC(433)   Other: 0.4ms
[2026-06-18T00:02:29.479+0000][9266.308s][info][gc,heap       ] GC(433) Eden regions: 244->0(17)
[2026-06-18T00:02:29.479+0000][9266.308s][info][gc,heap       ] GC(433) Survivor regions: 5->8(32)
[2026-06-18T00:02:29.479+0000][9266.308s][info][gc,heap       ] GC(433) Old regions: 51->51
[2026-06-18T00:02:29.479+0000][9266.308s][info][gc,heap       ] GC(433) Humongous regions: 147->147
[2026-06-18T00:02:29.479+0000][9266.308s][info][gc,metaspace  ] GC(433) Metaspace: 52527K(55296K)->52527K(55296K) NonClass: 46587K(48128K)->46587K(48128K) Class: 5939K(7168K)->5939K(7168K)
[2026-06-18T00:02:29.479+0000][9266.308s][info][gc            ] GC(433) Pause Young (Prepare Mixed) (G1 Evacuation Pause) 446M->205M(512M) 6.927ms
[2026-06-18T00:02:29.479+0000][9266.308s][info][gc,cpu        ] GC(433) User=0.06s Sys=0.00s Real=0.01s
[2026-06-18T00:02:29.564+0000][9266.393s][info][gc,start      ] GC(434) Pause Young (Mixed) (G1 Evacuation Pause)
[2026-06-18T00:02:29.565+0000][9266.393s][info][gc,task       ] GC(434) Using 13 workers of 13 for evacuation
[2026-06-18T00:02:29.570+0000][9266.399s][info][gc,phases     ] GC(434)   Pre Evacuate Collection Set: 0.0ms
[2026-06-18T00:02:29.570+0000][9266.399s][info][gc,phases     ] GC(434)   Evacuate Collection Set: 4.8ms
[2026-06-18T00:02:29.570+0000][9266.399s][info][gc,phases     ] GC(434)   Post Evacuate Collection Set: 0.3ms
[2026-06-18T00:02:29.570+0000][9266.399s][info][gc,phases     ] GC(434)   Other: 0.3ms
[2026-06-18T00:02:29.570+0000][9266.399s][info][gc,heap       ] GC(434) Eden regions: 17->0(244)
[2026-06-18T00:02:29.570+0000][9266.399s][info][gc,heap       ] GC(434) Survivor regions: 8->2(4)
[2026-06-18T00:02:29.570+0000][9266.399s][info][gc,heap       ] GC(434) Old regions: 51->52
[2026-06-18T00:02:29.570+0000][9266.399s][info][gc,heap       ] GC(434) Humongous regions: 147->147
[2026-06-18T00:02:29.570+0000][9266.399s][info][gc,metaspace  ] GC(434) Metaspace: 52527K(55296K)->52527K(55296K) NonClass: 46587K(48128K)->46587K(48128K) Class: 5939K(7168K)->5939K(7168K)
[2026-06-18T00:02:29.570+0000][9266.399s][info][gc            ] GC(434) Pause Young (Mixed) (G1 Evacuation Pause) 222M->199M(512M) 5.922ms
[2026-06-18T00:02:29.570+0000][9266.399s][info][gc,cpu        ] GC(434) User=0.04s Sys=0.00s Real=0.01s
[2026-06-18T00:02:30.964+0000][9267.793s][info][gc,start      ] GC(435) Pause Young (Normal) (G1 Evacuation Pause)
[2026-06-18T00:02:30.964+0000][9267.793s][info][gc,task       ] GC(435) Using 13 workers of 13 for evacuation
[2026-06-18T00:02:30.968+0000][9267.796s][info][gc,phases     ] GC(435)   Pre Evacuate Collection Set: 0.0ms
[2026-06-18T00:02:30.968+0000][9267.797s][info][gc,phases     ] GC(435)   Evacuate Collection Set: 2.4ms
[2026-06-18T00:02:30.968+0000][9267.797s][info][gc,phases     ] GC(435)   Post Evacuate Collection Set: 0.6ms
[2026-06-18T00:02:30.968+0000][9267.797s][info][gc,phases     ] GC(435)   Other: 0.3ms
[2026-06-18T00:02:30.968+0000][9267.797s][info][gc,heap       ] GC(435) Eden regions: 244->0(245)
[2026-06-18T00:02:30.968+0000][9267.797s][info][gc,heap       ] GC(435) Survivor regions: 2->3(31)
[2026-06-18T00:02:30.968+0000][9267.797s][info][gc,heap       ] GC(435) Old regions: 52->52
[2026-06-18T00:02:30.968+0000][9267.797s][info][gc,heap       ] GC(435) Humongous regions: 147->147
[2026-06-18T00:02:30.968+0000][9267.797s][info][gc,metaspace  ] GC(435) Metaspace: 52527K(55296K)->52527K(55296K) NonClass: 46587K(48128K)->46587K(48128K) Class: 5939K(7168K)->5939K(7168K)
[2026-06-18T00:02:30.968+0000][9267.797s][info][gc            ] GC(435) Pause Young (Normal) (G1 Evacuation Pause) 443M->201M(512M) 4.092ms
[2026-06-18T00:02:30.968+0000][9267.797s][info][gc,cpu        ] GC(435) User=0.02s Sys=0.00s Real=0.01s
[2026-06-18T00:02:32.233+0000][9269.062s][info][gc,start      ] GC(436) Pause Young (Normal) (G1 Evacuation Pause)
[2026-06-18T00:02:32.234+0000][9269.062s][info][gc,task       ] GC(436) Using 13 workers of 13 for evacuation
[2026-06-18T00:02:32.237+0000][9269.065s][info][gc,phases     ] GC(436)   Pre Evacuate Collection Set: 0.0ms
[2026-06-18T00:02:32.237+0000][9269.066s][info][gc,phases     ] GC(436)   Evacuate Collection Set: 2.7ms
[2026-06-18T00:02:32.237+0000][9269.066s][info][gc,phases     ] GC(436)   Post Evacuate Collection Set: 0.4ms
[2026-06-18T00:02:32.237+0000][9269.066s][info][gc,phases     ] GC(436)   Other: 0.3ms
[2026-06-18T00:02:32.237+0000][9269.066s][info][gc,heap       ] GC(436) Eden regions: 245->0(241)
[2026-06-18T00:02:32.237+0000][9269.066s][info][gc,heap       ] GC(436) Survivor regions: 3->7(31)
[2026-06-18T00:02:32.237+0000][9269.066s][info][gc,heap       ] GC(436) Old regions: 52->52
[2026-06-18T00:02:32.237+0000][9269.066s][info][gc,heap       ] GC(436) Humongous regions: 147->147
[2026-06-18T00:02:32.237+0000][9269.066s][info][gc,metaspace  ] GC(436) Metaspace: 52527K(55296K)->52527K(55296K) NonClass: 46587K(48128K)->46587K(48128K) Class: 5939K(7168K)->5939K(7168K)
[2026-06-18T00:02:32.237+0000][9269.066s][info][gc            ] GC(436) Pause Young (Normal) (G1 Evacuation Pause) 446M->204M(512M) 3.863ms
[2026-06-18T00:02:32.237+0000][9269.066s][info][gc,cpu        ] GC(436) User=0.03s Sys=0.00s Real=0.01s
[2026-06-18T00:03:20.960+0000][9317.789s][info][gc,start      ] GC(437) Pause Young (Concurrent Start) (G1 Evacuation Pause)
[2026-06-18T00:03:20.960+0000][9317.790s][info][gc,task       ] GC(437) Using 13 workers of 13 for evacuation
[2026-06-18T00:03:20.964+0000][9317.793s][info][gc,phases     ] GC(437)   Pre Evacuate Collection Set: 0.3ms
[2026-06-18T00:03:20.964+0000][9317.793s][info][gc,phases     ] GC(437)   Evacuate Collection Set: 2.5ms
[2026-06-18T00:03:20.964+0000][9317.793s][info][gc,phases     ] GC(437)   Post Evacuate Collection Set: 0.5ms
[2026-06-18T00:03:20.964+0000][9317.793s][info][gc,phases     ] GC(437)   Other: 0.4ms
[2026-06-18T00:03:20.964+0000][9317.793s][info][gc,heap       ] GC(437) Eden regions: 241->0(246)
[2026-06-18T00:03:20.964+0000][9317.793s][info][gc,heap       ] GC(437) Survivor regions: 7->3(31)
[2026-06-18T00:03:20.964+0000][9317.793s][info][gc,heap       ] GC(437) Old regions: 52->52
[2026-06-18T00:03:20.964+0000][9317.793s][info][gc,heap       ] GC(437) Humongous regions: 147->147
[2026-06-18T00:03:20.964+0000][9317.793s][info][gc,metaspace  ] GC(437) Metaspace: 52528K(55296K)->52528K(55296K) NonClass: 46588K(48128K)->46588K(48128K) Class: 5939K(7168K)->5939K(7168K)
[2026-06-18T00:03:20.964+0000][9317.793s][info][gc            ] GC(437) Pause Young (Concurrent Start) (G1 Evacuation Pause) 445M->201M(512M) 4.067ms
[2026-06-18T00:03:20.964+0000][9317.793s][info][gc,cpu        ] GC(437) User=0.02s Sys=0.00s Real=0.01s
[2026-06-18T00:03:20.964+0000][9317.794s][info][gc            ] GC(438) Concurrent Cycle
[2026-06-18T00:03:20.965+0000][9317.794s][info][gc,marking    ] GC(438) Concurrent Clear Claimed Marks
[2026-06-18T00:03:20.965+0000][9317.794s][info][gc,marking    ] GC(438) Concurrent Clear Claimed Marks 0.157ms
[2026-06-18T00:03:20.965+0000][9317.794s][info][gc,marking    ] GC(438) Concurrent Scan Root Regions
[2026-06-18T00:03:20.966+0000][9317.795s][info][gc,marking    ] GC(438) Concurrent Scan Root Regions 0.871ms
[2026-06-18T00:03:20.966+0000][9317.795s][info][gc,marking    ] GC(438) Concurrent Mark (9317.795s)
[2026-06-18T00:03:20.966+0000][9317.795s][info][gc,marking    ] GC(438) Concurrent Mark From Roots
[2026-06-18T00:03:20.966+0000][9317.795s][info][gc,task       ] GC(438) Using 3 workers of 3 for marking
[2026-06-18T00:03:20.971+0000][9317.800s][info][gc,marking    ] GC(438) Concurrent Mark From Roots 5.052ms
[2026-06-18T00:03:20.971+0000][9317.800s][info][gc,marking    ] GC(438) Concurrent Preclean
[2026-06-18T00:03:20.971+0000][9317.800s][info][gc,marking    ] GC(438) Concurrent Preclean 0.134ms
[2026-06-18T00:03:20.971+0000][9317.800s][info][gc,marking    ] GC(438) Concurrent Mark (9317.795s, 9317.800s) 5.436ms
[2026-06-18T00:03:20.971+0000][9317.800s][info][gc,start      ] GC(438) Pause Remark
[2026-06-18T00:03:20.977+0000][9317.806s][info][gc,stringtable] GC(438) Cleaned string and symbol table, strings: 17333 processed, 0 removed, symbols: 125114 processed, 0 removed
[2026-06-18T00:03:20.978+0000][9317.807s][info][gc            ] GC(438) Pause Remark 205M->203M(512M) 6.305ms
[2026-06-18T00:03:20.978+0000][9317.807s][info][gc,cpu        ] GC(438) User=0.07s Sys=0.00s Real=0.01s
[2026-06-18T00:03:20.978+0000][9317.807s][info][gc,marking    ] GC(438) Concurrent Rebuild Remembered Sets
[2026-06-18T00:03:20.982+0000][9317.812s][info][gc,marking    ] GC(438) Concurrent Rebuild Remembered Sets 4.718ms
[2026-06-18T00:03:20.983+0000][9317.812s][info][gc,start      ] GC(438) Pause Cleanup
[2026-06-18T00:03:20.983+0000][9317.812s][info][gc            ] GC(438) Pause Cleanup 204M->204M(512M) 0.209ms
[2026-06-18T00:03:20.983+0000][9317.812s][info][gc,cpu        ] GC(438) User=0.00s Sys=0.00s Real=0.00s
[2026-06-18T00:03:20.983+0000][9317.812s][info][gc,marking    ] GC(438) Concurrent Cleanup for Next Mark
[2026-06-18T00:03:20.983+0000][9317.812s][info][gc,marking    ] GC(438) Concurrent Cleanup for Next Mark 0.150ms
[2026-06-18T00:03:20.983+0000][9317.812s][info][gc            ] GC(438) Concurrent Cycle 18.775ms
[2026-06-18T00:03:22.442+0000][9319.271s][info][gc,start      ] GC(439) Pause Young (Prepare Mixed) (G1 Evacuation Pause)
[2026-06-18T00:03:22.442+0000][9319.271s][info][gc,task       ] GC(439) Using 13 workers of 13 for evacuation
[2026-06-18T00:03:22.445+0000][9319.274s][info][gc,phases     ] GC(439)   Pre Evacuate Collection Set: 0.0ms
[2026-06-18T00:03:22.445+0000][9319.274s][info][gc,phases     ] GC(439)   Evacuate Collection Set: 2.0ms
[2026-06-18T00:03:22.445+0000][9319.274s][info][gc,phases     ] GC(439)   Post Evacuate Collection Set: 0.3ms
[2026-06-18T00:03:22.445+0000][9319.274s][info][gc,phases     ] GC(439)   Other: 0.4ms
[2026-06-18T00:03:22.445+0000][9319.274s][info][gc,heap       ] GC(439) Eden regions: 246->0(18)
[2026-06-18T00:03:22.445+0000][9319.274s][info][gc,heap       ] GC(439) Survivor regions: 3->7(32)
[2026-06-18T00:03:22.445+0000][9319.274s][info][gc,heap       ] GC(439) Old regions: 50->50
[2026-06-18T00:03:22.445+0000][9319.274s][info][gc,heap       ] GC(439) Humongous regions: 147->147
[2026-06-18T00:03:22.445+0000][9319.274s][info][gc,metaspace  ] GC(439) Metaspace: 52528K(55296K)->52528K(55296K) NonClass: 46588K(48128K)->46588K(48128K) Class: 5939K(7168K)->5939K(7168K)
[2026-06-18T00:03:22.445+0000][9319.274s][info][gc            ] GC(439) Pause Young (Prepare Mixed) (G1 Evacuation Pause) 445M->202M(512M) 3.027ms
[2026-06-18T00:03:22.445+0000][9319.274s][info][gc,cpu        ] GC(439) User=0.02s Sys=0.00s Real=0.01s
[2026-06-18T00:03:22.533+0000][9319.362s][info][gc,start      ] GC(440) Pause Young (Mixed) (G1 Evacuation Pause)
[2026-06-18T00:03:22.533+0000][9319.362s][info][gc,task       ] GC(440) Using 13 workers of 13 for evacuation
[2026-06-18T00:03:22.536+0000][9319.365s][info][gc,phases     ] GC(440)   Pre Evacuate Collection Set: 0.0ms
[2026-06-18T00:03:22.536+0000][9319.366s][info][gc,phases     ] GC(440)   Evacuate Collection Set: 3.3ms
[2026-06-18T00:03:22.537+0000][9319.366s][info][gc,phases     ] GC(440)   Post Evacuate Collection Set: 0.3ms
[2026-06-18T00:03:22.537+0000][9319.366s][info][gc,phases     ] GC(440)   Other: 0.3ms
[2026-06-18T00:03:22.537+0000][9319.366s][info][gc,heap       ] GC(440) Eden regions: 18->0(247)
[2026-06-18T00:03:22.537+0000][9319.366s][info][gc,heap       ] GC(440) Survivor regions: 7->2(4)
[2026-06-18T00:03:22.537+0000][9319.366s][info][gc,heap       ] GC(440) Old regions: 50->50
[2026-06-18T00:03:22.537+0000][9319.366s][info][gc,heap       ] GC(440) Humongous regions: 147->147
[2026-06-18T00:03:22.537+0000][9319.366s][info][gc,metaspace  ] GC(440) Metaspace: 52528K(55296K)->52528K(55296K) NonClass: 46588K(48128K)->46588K(48128K) Class: 5939K(7168K)->5939K(7168K)
[2026-06-18T00:03:22.537+0000][9319.366s][info][gc            ] GC(440) Pause Young (Mixed) (G1 Evacuation Pause) 220M->198M(512M) 4.316ms
[2026-06-18T00:03:22.537+0000][9319.366s][info][gc,cpu        ] GC(440) User=0.03s Sys=0.00s Real=0.01s
[2026-06-18T00:03:23.759+0000][9320.588s][info][gc,start      ] GC(441) Pause Young (Normal) (G1 Evacuation Pause)
[2026-06-18T00:03:23.759+0000][9320.588s][info][gc,task       ] GC(441) Using 13 workers of 13 for evacuation
[2026-06-18T00:03:23.760+0000][9320.589s][info][gc,phases     ] GC(441)   Pre Evacuate Collection Set: 0.0ms
[2026-06-18T00:03:23.761+0000][9320.590s][info][gc,phases     ] GC(441)   Evacuate Collection Set: 1.3ms
[2026-06-18T00:03:23.761+0000][9320.590s][info][gc,phases     ] GC(441)   Post Evacuate Collection Set: 0.3ms
[2026-06-18T00:03:23.761+0000][9320.590s][info][gc,phases     ] GC(441)   Other: 0.3ms
[2026-06-18T00:03:23.761+0000][9320.590s][info][gc,heap       ] GC(441) Eden regions: 247->0(246)
[2026-06-18T00:03:23.761+0000][9320.590s][info][gc,heap       ] GC(441) Survivor regions: 2->4(32)
[2026-06-18T00:03:23.761+0000][9320.590s][info][gc,heap       ] GC(441) Old regions: 50->50
[2026-06-18T00:03:23.761+0000][9320.590s][info][gc,heap       ] GC(441) Humongous regions: 147->147
[2026-06-18T00:03:23.761+0000][9320.590s][info][gc,metaspace  ] GC(441) Metaspace: 52528K(55296K)->52528K(55296K) NonClass: 46588K(48128K)->46588K(48128K) Class: 5939K(7168K)->5939K(7168K)
[2026-06-18T00:03:23.761+0000][9320.590s][info][gc            ] GC(441) Pause Young (Normal) (G1 Evacuation Pause) 445M->199M(512M) 2.427ms
[2026-06-18T00:03:23.761+0000][9320.590s][info][gc,cpu        ] GC(441) User=0.01s Sys=0.00s Real=0.00s
[2026-06-18T00:04:12.082+0000][9368.912s][info][gc,start      ] GC(442) Pause Young (Normal) (G1 Evacuation Pause)
[2026-06-18T00:04:12.082+0000][9368.912s][info][gc,task       ] GC(442) Using 13 workers of 13 for evacuation
[2026-06-18T00:04:12.091+0000][9368.921s][info][gc,phases     ] GC(442)   Pre Evacuate Collection Set: 0.0ms
[2026-06-18T00:04:12.091+0000][9368.921s][info][gc,phases     ] GC(442)   Evacuate Collection Set: 8.2ms
[2026-06-18T00:04:12.091+0000][9368.921s][info][gc,phases     ] GC(442)   Post Evacuate Collection Set: 0.3ms
[2026-06-18T00:04:12.091+0000][9368.921s][info][gc,phases     ] GC(442)   Other: 0.3ms
[2026-06-18T00:04:12.091+0000][9368.921s][info][gc,heap       ] GC(442) Eden regions: 246->0(243)
[2026-06-18T00:04:12.091+0000][9368.921s][info][gc,heap       ] GC(442) Survivor regions: 4->7(32)
[2026-06-18T00:04:12.091+0000][9368.921s][info][gc,heap       ] GC(442) Old regions: 50->50
[2026-06-18T00:04:12.091+0000][9368.921s][info][gc,heap       ] GC(442) Humongous regions: 147->147
[2026-06-18T00:04:12.091+0000][9368.921s][info][gc,metaspace  ] GC(442) Metaspace: 52528K(55296K)->52528K(55296K) NonClass: 46588K(48128K)->46588K(48128K) Class: 5939K(7168K)->5939K(7168K)
[2026-06-18T00:04:12.091+0000][9368.921s][info][gc            ] GC(442) Pause Young (Normal) (G1 Evacuation Pause) 445M->203M(512M) 9.246ms
[2026-06-18T00:04:12.091+0000][9368.921s][info][gc,cpu        ] GC(442) User=0.08s Sys=0.00s Real=0.01s
[2026-06-18T00:04:13.723+0000][9370.553s][info][gc,start      ] GC(443) Pause Young (Concurrent Start) (G1 Evacuation Pause)
[2026-06-18T00:04:13.724+0000][9370.554s][info][gc,task       ] GC(443) Using 13 workers of 13 for evacuation
[2026-06-18T00:04:13.726+0000][9370.556s][info][gc,phases     ] GC(443)   Pre Evacuate Collection Set: 0.3ms
[2026-06-18T00:04:13.726+0000][9370.557s][info][gc,phases     ] GC(443)   Evacuate Collection Set: 1.5ms
[2026-06-18T00:04:13.726+0000][9370.557s][info][gc,phases     ] GC(443)   Post Evacuate Collection Set: 0.3ms
[2026-06-18T00:04:13.726+0000][9370.557s][info][gc,phases     ] GC(443)   Other: 1.7ms
[2026-06-18T00:04:13.726+0000][9370.557s][info][gc,heap       ] GC(443) Eden regions: 243->0(246)
[2026-06-18T00:04:13.727+0000][9370.557s][info][gc,heap       ] GC(443) Survivor regions: 7->4(32)
[2026-06-18T00:04:13.727+0000][9370.557s][info][gc,heap       ] GC(443) Old regions: 50->50
[2026-06-18T00:04:13.727+0000][9370.557s][info][gc,heap       ] GC(443) Humongous regions: 147->147
[2026-06-18T00:04:13.727+0000][9370.557s][info][gc,metaspace  ] GC(443) Metaspace: 52528K(55296K)->52528K(55296K) NonClass: 46588K(48128K)->46588K(48128K) Class: 5939K(7168K)->5939K(7168K)
[2026-06-18T00:04:13.727+0000][9370.557s][info][gc            ] GC(443) Pause Young (Concurrent Start) (G1 Evacuation Pause) 446M->200M(512M) 4.051ms
[2026-06-18T00:04:13.727+0000][9370.557s][info][gc,cpu        ] GC(443) User=0.02s Sys=0.00s Real=0.01s
[2026-06-18T00:04:13.727+0000][9370.557s][info][gc            ] GC(444) Concurrent Cycle
[2026-06-18T00:04:13.727+0000][9370.557s][info][gc,marking    ] GC(444) Concurrent Clear Claimed Marks
[2026-06-18T00:04:13.727+0000][9370.557s][info][gc,marking    ] GC(444) Concurrent Clear Claimed Marks 0.202ms
[2026-06-18T00:04:13.727+0000][9370.557s][info][gc,marking    ] GC(444) Concurrent Scan Root Regions
[2026-06-18T00:04:13.728+0000][9370.558s][info][gc,marking    ] GC(444) Concurrent Scan Root Regions 0.829ms
[2026-06-18T00:04:13.728+0000][9370.558s][info][gc,marking    ] GC(444) Concurrent Mark (9370.558s)
[2026-06-18T00:04:13.728+0000][9370.558s][info][gc,marking    ] GC(444) Concurrent Mark From Roots
[2026-06-18T00:04:13.728+0000][9370.558s][info][gc,task       ] GC(444) Using 3 workers of 3 for marking
[2026-06-18T00:04:13.733+0000][9370.564s][info][gc,marking    ] GC(444) Concurrent Mark From Roots 5.364ms
[2026-06-18T00:04:13.734+0000][9370.564s][info][gc,marking    ] GC(444) Concurrent Preclean
[2026-06-18T00:04:13.734+0000][9370.564s][info][gc,marking    ] GC(444) Concurrent Preclean 0.267ms
[2026-06-18T00:04:13.734+0000][9370.564s][info][gc,marking    ] GC(444) Concurrent Mark (9370.558s, 9370.564s) 5.880ms
[2026-06-18T00:04:13.734+0000][9370.564s][info][gc,start      ] GC(444) Pause Remark
[2026-06-18T00:04:13.736+0000][9370.567s][info][gc,stringtable] GC(444) Cleaned string and symbol table, strings: 17333 processed, 0 removed, symbols: 125114 processed, 0 removed
[2026-06-18T00:04:13.737+0000][9370.567s][info][gc            ] GC(444) Pause Remark 204M->204M(512M) 2.632ms
[2026-06-18T00:04:13.737+0000][9370.567s][info][gc,cpu        ] GC(444) User=0.03s Sys=0.00s Real=0.00s
[2026-06-18T00:04:13.737+0000][9370.567s][info][gc,marking    ] GC(444) Concurrent Rebuild Remembered Sets
[2026-06-18T00:04:13.741+0000][9370.571s][info][gc,marking    ] GC(444) Concurrent Rebuild Remembered Sets 3.989ms
[2026-06-18T00:04:13.741+0000][9370.571s][info][gc,start      ] GC(444) Pause Cleanup
[2026-06-18T00:04:13.741+0000][9370.571s][info][gc            ] GC(444) Pause Cleanup 205M->205M(512M) 0.174ms
[2026-06-18T00:04:13.741+0000][9370.571s][info][gc,cpu        ] GC(444) User=0.00s Sys=0.00s Real=0.00s
[2026-06-18T00:04:13.741+0000][9370.572s][info][gc,marking    ] GC(444) Concurrent Cleanup for Next Mark
[2026-06-18T00:04:13.742+0000][9370.572s][info][gc,marking    ] GC(444) Concurrent Cleanup for Next Mark 0.162ms
[2026-06-18T00:04:13.742+0000][9370.572s][info][gc            ] GC(444) Concurrent Cycle 14.954ms
[2026-06-18T00:04:15.064+0000][9371.895s][info][gc,start      ] GC(445) Pause Young (Prepare Mixed) (G1 Evacuation Pause)
[2026-06-18T00:04:15.065+0000][9371.895s][info][gc,task       ] GC(445) Using 13 workers of 13 for evacuation
[2026-06-18T00:04:15.068+0000][9371.898s][info][gc,phases     ] GC(445)   Pre Evacuate Collection Set: 0.0ms
[2026-06-18T00:04:15.068+0000][9371.898s][info][gc,phases     ] GC(445)   Evacuate Collection Set: 2.5ms
[2026-06-18T00:04:15.068+0000][9371.898s][info][gc,phases     ] GC(445)   Post Evacuate Collection Set: 0.4ms
[2026-06-18T00:04:15.068+0000][9371.898s][info][gc,phases     ] GC(445)   Other: 0.3ms
[2026-06-18T00:04:15.068+0000][9371.898s][info][gc,heap       ] GC(445) Eden regions: 246->0(17)
[2026-06-18T00:04:15.068+0000][9371.898s][info][gc,heap       ] GC(445) Survivor regions: 4->8(32)
[2026-06-18T00:04:15.068+0000][9371.898s][info][gc,heap       ] GC(445) Old regions: 50->50
[2026-06-18T00:04:15.068+0000][9371.898s][info][gc,heap       ] GC(445) Humongous regions: 147->147
[2026-06-18T00:04:15.068+0000][9371.898s][info][gc,metaspace  ] GC(445) Metaspace: 52528K(55296K)->52528K(55296K) NonClass: 46588K(48128K)->46588K(48128K) Class: 5939K(7168K)->5939K(7168K)
[2026-06-18T00:04:15.068+0000][9371.898s][info][gc            ] GC(445) Pause Young (Prepare Mixed) (G1 Evacuation Pause) 446M->204M(512M) 3.804ms
[2026-06-18T00:04:15.068+0000][9371.898s][info][gc,cpu        ] GC(445) User=0.02s Sys=0.00s Real=0.00s
[2026-06-18T00:04:15.152+0000][9371.982s][info][gc,start      ] GC(446) Pause Young (Mixed) (G1 Evacuation Pause)
[2026-06-18T00:04:15.152+0000][9371.982s][info][gc,task       ] GC(446) Using 13 workers of 13 for evacuation
[2026-06-18T00:04:15.157+0000][9371.987s][info][gc,phases     ] GC(446)   Pre Evacuate Collection Set: 0.0ms
[2026-06-18T00:04:15.157+0000][9371.987s][info][gc,phases     ] GC(446)   Evacuate Collection Set: 3.9ms
[2026-06-18T00:04:15.157+0000][9371.987s][info][gc,phases     ] GC(446)   Post Evacuate Collection Set: 0.5ms
[2026-06-18T00:04:15.157+0000][9371.987s][info][gc,phases     ] GC(446)   Other: 0.5ms
[2026-06-18T00:04:15.157+0000][9371.987s][info][gc,heap       ] GC(446) Eden regions: 17->0(245)
[2026-06-18T00:04:15.157+0000][9371.988s][info][gc,heap       ] GC(446) Survivor regions: 8->2(4)
[2026-06-18T00:04:15.157+0000][9371.988s][info][gc,heap       ] GC(446) Old regions: 50->52
[2026-06-18T00:04:15.158+0000][9371.988s][info][gc,heap       ] GC(446) Humongous regions: 147->147
[2026-06-18T00:04:15.158+0000][9371.988s][info][gc,metaspace  ] GC(446) Metaspace: 52528K(55296K)->52528K(55296K) NonClass: 46588K(48128K)->46588K(48128K) Class: 5939K(7168K)->5939K(7168K)
[2026-06-18T00:04:15.158+0000][9371.988s][info][gc            ] GC(446) Pause Young (Mixed) (G1 Evacuation Pause) 221M->200M(512M) 5.614ms
[2026-06-18T00:04:15.158+0000][9371.988s][info][gc,cpu        ] GC(446) User=0.03s Sys=0.00s Real=0.01s
[2026-06-18T00:04:16.394+0000][9373.224s][info][gc,start      ] GC(447) Pause Young (Normal) (G1 Evacuation Pause)
[2026-06-18T00:04:16.394+0000][9373.224s][info][gc,task       ] GC(447) Using 13 workers of 13 for evacuation
[2026-06-18T00:04:16.395+0000][9373.226s][info][gc,phases     ] GC(447)   Pre Evacuate Collection Set: 0.0ms
[2026-06-18T00:04:16.396+0000][9373.226s][info][gc,phases     ] GC(447)   Evacuate Collection Set: 1.2ms
[2026-06-18T00:04:16.396+0000][9373.226s][info][gc,phases     ] GC(447)   Post Evacuate Collection Set: 0.3ms
[2026-06-18T00:04:16.396+0000][9373.226s][info][gc,phases     ] GC(447)   Other: 0.3ms
[2026-06-18T00:04:16.396+0000][9373.226s][info][gc,heap       ] GC(447) Eden regions: 245->0(245)
[2026-06-18T00:04:16.396+0000][9373.226s][info][gc,heap       ] GC(447) Survivor regions: 2->4(31)
[2026-06-18T00:04:16.396+0000][9373.226s][info][gc,heap       ] GC(447) Old regions: 52->52
[2026-06-18T00:04:16.396+0000][9373.226s][info][gc,heap       ] GC(447) Humongous regions: 147->147
[2026-06-18T00:04:16.396+0000][9373.226s][info][gc,metaspace  ] GC(447) Metaspace: 52528K(55296K)->52528K(55296K) NonClass: 46588K(48128K)->46588K(48128K) Class: 5939K(7168K)->5939K(7168K)
[2026-06-18T00:04:16.396+0000][9373.226s][info][gc            ] GC(447) Pause Young (Normal) (G1 Evacuation Pause) 445M->202M(512M) 2.307ms
[2026-06-18T00:04:16.396+0000][9373.226s][info][gc,cpu        ] GC(447) User=0.01s Sys=0.00s Real=0.00s
[2026-06-18T00:05:05.253+0000][9422.083s][info][gc,start      ] GC(448) Pause Young (Normal) (G1 Evacuation Pause)
[2026-06-18T00:05:05.253+0000][9422.083s][info][gc,task       ] GC(448) Using 13 workers of 13 for evacuation
[2026-06-18T00:05:05.255+0000][9422.086s][info][gc,phases     ] GC(448)   Pre Evacuate Collection Set: 0.0ms
[2026-06-18T00:05:05.255+0000][9422.086s][info][gc,phases     ] GC(448)   Evacuate Collection Set: 1.8ms
[2026-06-18T00:05:05.255+0000][9422.086s][info][gc,phases     ] GC(448)   Post Evacuate Collection Set: 0.3ms
[2026-06-18T00:05:05.255+0000][9422.086s][info][gc,phases     ] GC(448)   Other: 0.3ms
[2026-06-18T00:05:05.255+0000][9422.086s][info][gc,heap       ] GC(448) Eden regions: 245->0(241)
[2026-06-18T00:05:05.256+0000][9422.086s][info][gc,heap       ] GC(448) Survivor regions: 4->7(32)
[2026-06-18T00:05:05.256+0000][9422.086s][info][gc,heap       ] GC(448) Old regions: 52->52
[2026-06-18T00:05:05.256+0000][9422.086s][info][gc,heap       ] GC(448) Humongous regions: 147->147
[2026-06-18T00:05:05.256+0000][9422.086s][info][gc,metaspace  ] GC(448) Metaspace: 52528K(55296K)->52528K(55296K) NonClass: 46588K(48128K)->46588K(48128K) Class: 5939K(7168K)->5939K(7168K)
[2026-06-18T00:05:05.256+0000][9422.086s][info][gc            ] GC(448) Pause Young (Normal) (G1 Evacuation Pause) 447M->204M(512M) 2.840ms
[2026-06-18T00:05:05.256+0000][9422.086s][info][gc,cpu        ] GC(448) User=0.02s Sys=0.00s Real=0.00s
[2026-06-18T00:05:06.736+0000][9423.566s][info][gc,start      ] GC(449) Pause Young (Concurrent Start) (G1 Evacuation Pause)
[2026-06-18T00:05:06.736+0000][9423.566s][info][gc,task       ] GC(449) Using 13 workers of 13 for evacuation
[2026-06-18T00:05:06.738+0000][9423.569s][info][gc,phases     ] GC(449)   Pre Evacuate Collection Set: 0.3ms
[2026-06-18T00:05:06.738+0000][9423.569s][info][gc,phases     ] GC(449)   Evacuate Collection Set: 1.7ms
[2026-06-18T00:05:06.739+0000][9423.569s][info][gc,phases     ] GC(449)   Post Evacuate Collection Set: 0.3ms
[2026-06-18T00:05:06.739+0000][9423.569s][info][gc,phases     ] GC(449)   Other: 0.4ms
[2026-06-18T00:05:06.739+0000][9423.569s][info][gc,heap       ] GC(449) Eden regions: 241->0(246)
[2026-06-18T00:05:06.739+0000][9423.569s][info][gc,heap       ] GC(449) Survivor regions: 7->3(31)
[2026-06-18T00:05:06.739+0000][9423.569s][info][gc,heap       ] GC(449) Old regions: 52->52
[2026-06-18T00:05:06.739+0000][9423.569s][info][gc,heap       ] GC(449) Humongous regions: 147->147
[2026-06-18T00:05:06.739+0000][9423.569s][info][gc,metaspace  ] GC(449) Metaspace: 52528K(55296K)->52528K(55296K) NonClass: 46588K(48128K)->46588K(48128K) Class: 5939K(7168K)->5939K(7168K)
[2026-06-18T00:05:06.739+0000][9423.569s][info][gc            ] GC(449) Pause Young (Concurrent Start) (G1 Evacuation Pause) 445M->201M(512M) 2.907ms
[2026-06-18T00:05:06.739+0000][9423.569s][info][gc,cpu        ] GC(449) User=0.02s Sys=0.00s Real=0.00s
[2026-06-18T00:05:06.739+0000][9423.569s][info][gc            ] GC(450) Concurrent Cycle
[2026-06-18T00:05:06.739+0000][9423.569s][info][gc,marking    ] GC(450) Concurrent Clear Claimed Marks
[2026-06-18T00:05:06.739+0000][9423.570s][info][gc,marking    ] GC(450) Concurrent Clear Claimed Marks 0.183ms
[2026-06-18T00:05:06.739+0000][9423.570s][info][gc,marking    ] GC(450) Concurrent Scan Root Regions
[2026-06-18T00:05:06.741+0000][9423.571s][info][gc,marking    ] GC(450) Concurrent Scan Root Regions 1.345ms
[2026-06-18T00:05:06.741+0000][9423.571s][info][gc,marking    ] GC(450) Concurrent Mark (9423.571s)
[2026-06-18T00:05:06.741+0000][9423.571s][info][gc,marking    ] GC(450) Concurrent Mark From Roots
[2026-06-18T00:05:06.741+0000][9423.572s][info][gc,task       ] GC(450) Using 3 workers of 3 for marking
[2026-06-18T00:05:06.747+0000][9423.578s][info][gc,marking    ] GC(450) Concurrent Mark From Roots 6.146ms
[2026-06-18T00:05:06.747+0000][9423.578s][info][gc,marking    ] GC(450) Concurrent Preclean
[2026-06-18T00:05:06.748+0000][9423.578s][info][gc,marking    ] GC(450) Concurrent Preclean 0.248ms
[2026-06-18T00:05:06.748+0000][9423.578s][info][gc,marking    ] GC(450) Concurrent Mark (9423.571s, 9423.578s) 6.792ms
[2026-06-18T00:05:06.748+0000][9423.578s][info][gc,start      ] GC(450) Pause Remark
[2026-06-18T00:05:06.754+0000][9423.584s][info][gc,stringtable] GC(450) Cleaned string and symbol table, strings: 17333 processed, 0 removed, symbols: 125114 processed, 0 removed
[2026-06-18T00:05:06.756+0000][9423.586s][info][gc            ] GC(450) Pause Remark 205M->205M(512M) 8.124ms
[2026-06-18T00:05:06.756+0000][9423.587s][info][gc,cpu        ] GC(450) User=0.06s Sys=0.00s Real=0.01s
[2026-06-18T00:05:06.756+0000][9423.587s][info][gc,marking    ] GC(450) Concurrent Rebuild Remembered Sets
[2026-06-18T00:05:06.762+0000][9423.592s][info][gc,marking    ] GC(450) Concurrent Rebuild Remembered Sets 5.527ms
[2026-06-18T00:05:06.762+0000][9423.593s][info][gc,start      ] GC(450) Pause Cleanup
[2026-06-18T00:05:06.763+0000][9423.593s][info][gc            ] GC(450) Pause Cleanup 206M->206M(512M) 0.631ms
[2026-06-18T00:05:06.763+0000][9423.593s][info][gc,cpu        ] GC(450) User=0.00s Sys=0.00s Real=0.01s
[2026-06-18T00:05:06.763+0000][9423.594s][info][gc,marking    ] GC(450) Concurrent Cleanup for Next Mark
[2026-06-18T00:05:06.763+0000][9423.594s][info][gc,marking    ] GC(450) Concurrent Cleanup for Next Mark 0.207ms
[2026-06-18T00:05:06.764+0000][9423.594s][info][gc            ] GC(450) Concurrent Cycle 24.764ms
[2026-06-18T00:05:08.124+0000][9424.955s][info][gc,start      ] GC(451) Pause Young (Prepare Mixed) (G1 Evacuation Pause)
[2026-06-18T00:05:08.124+0000][9424.955s][info][gc,task       ] GC(451) Using 13 workers of 13 for evacuation
[2026-06-18T00:05:08.127+0000][9424.958s][info][gc,phases     ] GC(451)   Pre Evacuate Collection Set: 0.0ms
[2026-06-18T00:05:08.127+0000][9424.958s][info][gc,phases     ] GC(451)   Evacuate Collection Set: 2.4ms
[2026-06-18T00:05:08.127+0000][9424.958s][info][gc,phases     ] GC(451)   Post Evacuate Collection Set: 0.4ms
[2026-06-18T00:05:08.127+0000][9424.958s][info][gc,phases     ] GC(451)   Other: 0.3ms
[2026-06-18T00:05:08.128+0000][9424.958s][info][gc,heap       ] GC(451) Eden regions: 246->0(19)
[2026-06-18T00:05:08.128+0000][9424.958s][info][gc,heap       ] GC(451) Survivor regions: 3->6(32)
[2026-06-18T00:05:08.128+0000][9424.958s][info][gc,heap       ] GC(451) Old regions: 52->52
[2026-06-18T00:05:08.128+0000][9424.958s][info][gc,heap       ] GC(451) Humongous regions: 147->147
[2026-06-18T00:05:08.128+0000][9424.958s][info][gc,metaspace  ] GC(451) Metaspace: 52528K(55296K)->52528K(55296K) NonClass: 46588K(48128K)->46588K(48128K) Class: 5939K(7168K)->5939K(7168K)
[2026-06-18T00:05:08.128+0000][9424.958s][info][gc            ] GC(451) Pause Young (Prepare Mixed) (G1 Evacuation Pause) 447M->204M(512M) 3.590ms
[2026-06-18T00:05:08.128+0000][9424.958s][info][gc,cpu        ] GC(451) User=0.03s Sys=0.00s Real=0.00s
[2026-06-18T00:05:08.229+0000][9425.060s][info][gc,start      ] GC(452) Pause Young (Mixed) (G1 Evacuation Pause)
[2026-06-18T00:05:08.229+0000][9425.060s][info][gc,task       ] GC(452) Using 13 workers of 13 for evacuation
[2026-06-18T00:05:08.233+0000][9425.063s][info][gc,phases     ] GC(452)   Pre Evacuate Collection Set: 0.0ms
[2026-06-18T00:05:08.233+0000][9425.064s][info][gc,phases     ] GC(452)   Evacuate Collection Set: 3.0ms
[2026-06-18T00:05:08.233+0000][9425.064s][info][gc,phases     ] GC(452)   Post Evacuate Collection Set: 0.4ms
[2026-06-18T00:05:08.233+0000][9425.064s][info][gc,phases     ] GC(452)   Other: 0.3ms
[2026-06-18T00:05:08.233+0000][9425.064s][info][gc,heap       ] GC(452) Eden regions: 19->0(248)
[2026-06-18T00:05:08.233+0000][9425.064s][info][gc,heap       ] GC(452) Survivor regions: 6->2(4)
[2026-06-18T00:05:08.233+0000][9425.064s][info][gc,heap       ] GC(452) Old regions: 52->50
[2026-06-18T00:05:08.233+0000][9425.064s][info][gc,heap       ] GC(452) Humongous regions: 147->147
[2026-06-18T00:05:08.233+0000][9425.064s][info][gc,metaspace  ] GC(452) Metaspace: 52528K(55296K)->52528K(55296K) NonClass: 46588K(48128K)->46588K(48128K) Class: 5939K(7168K)->5939K(7168K)
[2026-06-18T00:05:08.234+0000][9425.064s][info][gc            ] GC(452) Pause Young (Mixed) (G1 Evacuation Pause) 223M->197M(512M) 4.235ms
[2026-06-18T00:05:08.234+0000][9425.064s][info][gc,cpu        ] GC(452) User=0.02s Sys=0.00s Real=0.01s
[2026-06-18T00:05:57.020+0000][9473.851s][info][gc,start      ] GC(453) Pause Young (Normal) (G1 Evacuation Pause)
[2026-06-18T00:05:57.021+0000][9473.852s][info][gc,task       ] GC(453) Using 13 workers of 13 for evacuation
[2026-06-18T00:05:57.022+0000][9473.853s][info][gc,phases     ] GC(453)   Pre Evacuate Collection Set: 0.0ms
[2026-06-18T00:05:57.022+0000][9473.853s][info][gc,phases     ] GC(453)   Evacuate Collection Set: 1.2ms
[2026-06-18T00:05:57.022+0000][9473.853s][info][gc,phases     ] GC(453)   Post Evacuate Collection Set: 0.3ms
[2026-06-18T00:05:57.022+0000][9473.854s][info][gc,phases     ] GC(453)   Other: 0.3ms
[2026-06-18T00:05:57.023+0000][9473.854s][info][gc,heap       ] GC(453) Eden regions: 248->0(249)
[2026-06-18T00:05:57.023+0000][9473.854s][info][gc,heap       ] GC(453) Survivor regions: 2->2(32)
[2026-06-18T00:05:57.023+0000][9473.854s][info][gc,heap       ] GC(453) Old regions: 50->50
[2026-06-18T00:05:57.023+0000][9473.854s][info][gc,heap       ] GC(453) Humongous regions: 147->147
[2026-06-18T00:05:57.023+0000][9473.854s][info][gc,metaspace  ] GC(453) Metaspace: 52528K(55296K)->52528K(55296K) NonClass: 46588K(48128K)->46588K(48128K) Class: 5939K(7168K)->5939K(7168K)
[2026-06-18T00:05:57.023+0000][9473.854s][info][gc            ] GC(453) Pause Young (Normal) (G1 Evacuation Pause) 445M->198M(512M) 2.369ms
[2026-06-18T00:05:57.023+0000][9473.854s][info][gc,cpu        ] GC(453) User=0.02s Sys=0.00s Real=0.01s
[2026-06-18T00:05:58.525+0000][9475.357s][info][gc,start      ] GC(454) Pause Young (Normal) (G1 Evacuation Pause)
[2026-06-18T00:05:58.526+0000][9475.357s][info][gc,task       ] GC(454) Using 13 workers of 13 for evacuation
[2026-06-18T00:05:58.528+0000][9475.359s][info][gc,phases     ] GC(454)   Pre Evacuate Collection Set: 0.0ms
[2026-06-18T00:05:58.528+0000][9475.359s][info][gc,phases     ] GC(454)   Evacuate Collection Set: 1.6ms
[2026-06-18T00:05:58.528+0000][9475.359s][info][gc,phases     ] GC(454)   Post Evacuate Collection Set: 0.4ms
[2026-06-18T00:05:58.528+0000][9475.359s][info][gc,phases     ] GC(454)   Other: 0.3ms
[2026-06-18T00:05:58.528+0000][9475.359s][info][gc,heap       ] GC(454) Eden regions: 249->0(246)
[2026-06-18T00:05:58.528+0000][9475.359s][info][gc,heap       ] GC(454) Survivor regions: 2->6(32)
[2026-06-18T00:05:58.528+0000][9475.359s][info][gc,heap       ] GC(454) Old regions: 50->50
[2026-06-18T00:05:58.528+0000][9475.359s][info][gc,heap       ] GC(454) Humongous regions: 147->147
[2026-06-18T00:05:58.528+0000][9475.359s][info][gc,metaspace  ] GC(454) Metaspace: 52528K(55296K)->52528K(55296K) NonClass: 46588K(48128K)->46588K(48128K) Class: 5939K(7168K)->5939K(7168K)
[2026-06-18T00:05:58.528+0000][9475.359s][info][gc            ] GC(454) Pause Young (Normal) (G1 Evacuation Pause) 447M->201M(512M) 2.693ms
[2026-06-18T00:05:58.528+0000][9475.359s][info][gc,cpu        ] GC(454) User=0.02s Sys=0.00s Real=0.00s
[2026-06-18T00:05:59.833+0000][9476.664s][info][gc,start      ] GC(455) Pause Young (Concurrent Start) (G1 Evacuation Pause)
[2026-06-18T00:05:59.834+0000][9476.665s][info][gc,task       ] GC(455) Using 13 workers of 13 for evacuation
[2026-06-18T00:05:59.836+0000][9476.668s][info][gc,phases     ] GC(455)   Pre Evacuate Collection Set: 0.3ms
[2026-06-18T00:05:59.837+0000][9476.668s][info][gc,phases     ] GC(455)   Evacuate Collection Set: 2.2ms
[2026-06-18T00:05:59.837+0000][9476.668s][info][gc,phases     ] GC(455)   Post Evacuate Collection Set: 0.4ms
[2026-06-18T00:05:59.837+0000][9476.668s][info][gc,phases     ] GC(455)   Other: 0.3ms
[2026-06-18T00:05:59.837+0000][9476.668s][info][gc,heap       ] GC(455) Eden regions: 246->0(249)
[2026-06-18T00:05:59.837+0000][9476.668s][info][gc,heap       ] GC(455) Survivor regions: 6->4(32)
[2026-06-18T00:05:59.837+0000][9476.668s][info][gc,heap       ] GC(455) Old regions: 50->50
[2026-06-18T00:05:59.837+0000][9476.668s][info][gc,heap       ] GC(455) Humongous regions: 147->147
[2026-06-18T00:05:59.837+0000][9476.668s][info][gc,metaspace  ] GC(455) Metaspace: 52528K(55296K)->52528K(55296K) NonClass: 46588K(48128K)->46588K(48128K) Class: 5939K(7168K)->5939K(7168K)
[2026-06-18T00:05:59.837+0000][9476.668s][info][gc            ] GC(455) Pause Young (Concurrent Start) (G1 Evacuation Pause) 447M->200M(512M) 3.606ms
[2026-06-18T00:05:59.837+0000][9476.668s][info][gc,cpu        ] GC(455) User=0.03s Sys=0.00s Real=0.00s
[2026-06-18T00:05:59.837+0000][9476.668s][info][gc            ] GC(456) Concurrent Cycle
[2026-06-18T00:05:59.837+0000][9476.668s][info][gc,marking    ] GC(456) Concurrent Clear Claimed Marks
[2026-06-18T00:05:59.837+0000][9476.669s][info][gc,marking    ] GC(456) Concurrent Clear Claimed Marks 0.239ms
[2026-06-18T00:05:59.838+0000][9476.669s][info][gc,marking    ] GC(456) Concurrent Scan Root Regions
[2026-06-18T00:05:59.839+0000][9476.670s][info][gc,marking    ] GC(456) Concurrent Scan Root Regions 1.209ms
[2026-06-18T00:05:59.839+0000][9476.670s][info][gc,marking    ] GC(456) Concurrent Mark (9476.670s)
[2026-06-18T00:05:59.839+0000][9476.670s][info][gc,marking    ] GC(456) Concurrent Mark From Roots
[2026-06-18T00:05:59.839+0000][9476.670s][info][gc,task       ] GC(456) Using 3 workers of 3 for marking
[2026-06-18T00:05:59.844+0000][9476.675s][info][gc,marking    ] GC(456) Concurrent Mark From Roots 5.264ms
[2026-06-18T00:05:59.844+0000][9476.675s][info][gc,marking    ] GC(456) Concurrent Preclean
[2026-06-18T00:05:59.845+0000][9476.676s][info][gc,marking    ] GC(456) Concurrent Preclean 0.212ms
[2026-06-18T00:05:59.845+0000][9476.676s][info][gc,marking    ] GC(456) Concurrent Mark (9476.670s, 9476.676s) 5.814ms
[2026-06-18T00:05:59.845+0000][9476.676s][info][gc,start      ] GC(456) Pause Remark
[2026-06-18T00:05:59.847+0000][9476.678s][info][gc,stringtable] GC(456) Cleaned string and symbol table, strings: 17333 processed, 0 removed, symbols: 125114 processed, 0 removed
[2026-06-18T00:05:59.848+0000][9476.679s][info][gc            ] GC(456) Pause Remark 204M->204M(512M) 2.717ms
[2026-06-18T00:05:59.848+0000][9476.679s][info][gc,cpu        ] GC(456) User=0.02s Sys=0.00s Real=0.00s
[2026-06-18T00:05:59.848+0000][9476.679s][info][gc,marking    ] GC(456) Concurrent Rebuild Remembered Sets
[2026-06-18T00:05:59.852+0000][9476.683s][info][gc,marking    ] GC(456) Concurrent Rebuild Remembered Sets 3.884ms
[2026-06-18T00:05:59.852+0000][9476.683s][info][gc,start      ] GC(456) Pause Cleanup
[2026-06-18T00:05:59.852+0000][9476.683s][info][gc            ] GC(456) Pause Cleanup 205M->205M(512M) 0.176ms
[2026-06-18T00:05:59.852+0000][9476.683s][info][gc,cpu        ] GC(456) User=0.00s Sys=0.00s Real=0.01s
[2026-06-18T00:05:59.852+0000][9476.683s][info][gc,marking    ] GC(456) Concurrent Cleanup for Next Mark
[2026-06-18T00:05:59.852+0000][9476.683s][info][gc,marking    ] GC(456) Concurrent Cleanup for Next Mark 0.172ms
[2026-06-18T00:05:59.852+0000][9476.684s][info][gc            ] GC(456) Concurrent Cycle 15.276ms
[2026-06-18T00:06:48.474+0000][9525.305s][info][gc,start      ] GC(457) Pause Young (Prepare Mixed) (G1 Evacuation Pause)
[2026-06-18T00:06:48.474+0000][9525.305s][info][gc,task       ] GC(457) Using 13 workers of 13 for evacuation
[2026-06-18T00:06:48.477+0000][9525.308s][info][gc,phases     ] GC(457)   Pre Evacuate Collection Set: 0.0ms
[2026-06-18T00:06:48.477+0000][9525.308s][info][gc,phases     ] GC(457)   Evacuate Collection Set: 2.4ms
[2026-06-18T00:06:48.477+0000][9525.308s][info][gc,phases     ] GC(457)   Post Evacuate Collection Set: 0.3ms
[2026-06-18T00:06:48.477+0000][9525.308s][info][gc,phases     ] GC(457)   Other: 0.3ms
[2026-06-18T00:06:48.477+0000][9525.309s][info][gc,heap       ] GC(457) Eden regions: 249->0(17)
[2026-06-18T00:06:48.477+0000][9525.309s][info][gc,heap       ] GC(457) Survivor regions: 4->8(32)
[2026-06-18T00:06:48.477+0000][9525.309s][info][gc,heap       ] GC(457) Old regions: 50->50
[2026-06-18T00:06:48.477+0000][9525.309s][info][gc,heap       ] GC(457) Humongous regions: 147->147
[2026-06-18T00:06:48.477+0000][9525.309s][info][gc,metaspace  ] GC(457) Metaspace: 52528K(55296K)->52528K(55296K) NonClass: 46588K(48128K)->46588K(48128K) Class: 5939K(7168K)->5939K(7168K)
[2026-06-18T00:06:48.477+0000][9525.309s][info][gc            ] GC(457) Pause Young (Prepare Mixed) (G1 Evacuation Pause) 449M->203M(512M) 3.412ms
[2026-06-18T00:06:48.477+0000][9525.309s][info][gc,cpu        ] GC(457) User=0.03s Sys=0.00s Real=0.00s
[2026-06-18T00:06:48.567+0000][9525.398s][info][gc,start      ] GC(458) Pause Young (Mixed) (G1 Evacuation Pause)
[2026-06-18T00:06:48.567+0000][9525.399s][info][gc,task       ] GC(458) Using 13 workers of 13 for evacuation
[2026-06-18T00:06:48.575+0000][9525.407s][info][gc,phases     ] GC(458)   Pre Evacuate Collection Set: 0.0ms
[2026-06-18T00:06:48.575+0000][9525.407s][info][gc,phases     ] GC(458)   Evacuate Collection Set: 7.8ms
[2026-06-18T00:06:48.575+0000][9525.407s][info][gc,phases     ] GC(458)   Post Evacuate Collection Set: 0.4ms
[2026-06-18T00:06:48.575+0000][9525.407s][info][gc,phases     ] GC(458)   Other: 0.3ms
[2026-06-18T00:06:48.575+0000][9525.407s][info][gc,heap       ] GC(458) Eden regions: 17->0(248)
[2026-06-18T00:06:48.576+0000][9525.407s][info][gc,heap       ] GC(458) Survivor regions: 8->2(4)
[2026-06-18T00:06:48.576+0000][9525.407s][info][gc,heap       ] GC(458) Old regions: 50->51
[2026-06-18T00:06:48.576+0000][9525.407s][info][gc,heap       ] GC(458) Humongous regions: 147->147
[2026-06-18T00:06:48.576+0000][9525.407s][info][gc,metaspace  ] GC(458) Metaspace: 52528K(55296K)->52528K(55296K) NonClass: 46588K(48128K)->46588K(48128K) Class: 5939K(7168K)->5939K(7168K)
[2026-06-18T00:06:48.576+0000][9525.407s][info][gc            ] GC(458) Pause Young (Mixed) (G1 Evacuation Pause) 220M->199M(512M) 8.999ms
[2026-06-18T00:06:48.576+0000][9525.408s][info][gc,cpu        ] GC(458) User=0.07s Sys=0.00s Real=0.01s
[2026-06-18T00:06:50.035+0000][9526.867s][info][gc,start      ] GC(459) Pause Young (Normal) (G1 Evacuation Pause)
[2026-06-18T00:06:50.035+0000][9526.867s][info][gc,task       ] GC(459) Using 13 workers of 13 for evacuation
[2026-06-18T00:06:50.037+0000][9526.869s][info][gc,phases     ] GC(459)   Pre Evacuate Collection Set: 0.0ms
[2026-06-18T00:06:50.037+0000][9526.869s][info][gc,phases     ] GC(459)   Evacuate Collection Set: 1.4ms
[2026-06-18T00:06:50.037+0000][9526.869s][info][gc,phases     ] GC(459)   Post Evacuate Collection Set: 0.3ms
[2026-06-18T00:06:50.037+0000][9526.869s][info][gc,phases     ] GC(459)   Other: 0.3ms
[2026-06-18T00:06:50.037+0000][9526.869s][info][gc,heap       ] GC(459) Eden regions: 248->0(247)
[2026-06-18T00:06:50.037+0000][9526.869s][info][gc,heap       ] GC(459) Survivor regions: 2->4(32)
[2026-06-18T00:06:50.037+0000][9526.869s][info][gc,heap       ] GC(459) Old regions: 51->51
[2026-06-18T00:06:50.037+0000][9526.869s][info][gc,heap       ] GC(459) Humongous regions: 147->147
[2026-06-18T00:06:50.037+0000][9526.869s][info][gc,metaspace  ] GC(459) Metaspace: 52528K(55296K)->52528K(55296K) NonClass: 46588K(48128K)->46588K(48128K) Class: 5939K(7168K)->5939K(7168K)
[2026-06-18T00:06:50.037+0000][9526.869s][info][gc            ] GC(459) Pause Young (Normal) (G1 Evacuation Pause) 447M->201M(512M) 2.567ms
[2026-06-18T00:06:50.037+0000][9526.869s][info][gc,cpu        ] GC(459) User=0.02s Sys=0.00s Real=0.00s
[2026-06-18T00:06:51.349+0000][9528.181s][info][gc,start      ] GC(460) Pause Young (Normal) (G1 Evacuation Pause)
[2026-06-18T00:06:51.349+0000][9528.181s][info][gc,task       ] GC(460) Using 13 workers of 13 for evacuation
[2026-06-18T00:06:51.353+0000][9528.185s][info][gc,phases     ] GC(460)   Pre Evacuate Collection Set: 0.0ms
[2026-06-18T00:06:51.354+0000][9528.186s][info][gc,phases     ] GC(460)   Evacuate Collection Set: 3.4ms
[2026-06-18T00:06:51.354+0000][9528.186s][info][gc,phases     ] GC(460)   Post Evacuate Collection Set: 0.3ms
[2026-06-18T00:06:51.355+0000][9528.186s][info][gc,phases     ] GC(460)   Other: 0.4ms
[2026-06-18T00:06:51.355+0000][9528.186s][info][gc,heap       ] GC(460) Eden regions: 247->0(242)
[2026-06-18T00:06:51.355+0000][9528.187s][info][gc,heap       ] GC(460) Survivor regions: 4->7(32)
[2026-06-18T00:06:51.355+0000][9528.187s][info][gc,heap       ] GC(460) Old regions: 51->51
[2026-06-18T00:06:51.355+0000][9528.187s][info][gc,heap       ] GC(460) Humongous regions: 147->147
[2026-06-18T00:06:51.355+0000][9528.187s][info][gc,metaspace  ] GC(460) Metaspace: 52528K(55296K)->52528K(55296K) NonClass: 46588K(48128K)->46588K(48128K) Class: 5939K(7168K)->5939K(7168K)
[2026-06-18T00:06:51.355+0000][9528.187s][info][gc            ] GC(460) Pause Young (Normal) (G1 Evacuation Pause) 448M->204M(512M) 5.955ms
[2026-06-18T00:06:51.355+0000][9528.187s][info][gc,cpu        ] GC(460) User=0.03s Sys=0.00s Real=0.01s
[2026-06-18T00:06:52.605+0000][9529.437s][info][gc,start      ] GC(461) Pause Young (Concurrent Start) (G1 Evacuation Pause)
[2026-06-18T00:06:52.605+0000][9529.437s][info][gc,task       ] GC(461) Using 13 workers of 13 for evacuation
[2026-06-18T00:06:52.607+0000][9529.439s][info][gc,phases     ] GC(461)   Pre Evacuate Collection Set: 0.3ms
[2026-06-18T00:06:52.608+0000][9529.439s][info][gc,phases     ] GC(461)   Evacuate Collection Set: 1.6ms
[2026-06-18T00:06:52.608+0000][9529.439s][info][gc,phases     ] GC(461)   Post Evacuate Collection Set: 0.4ms
[2026-06-18T00:06:52.608+0000][9529.440s][info][gc,phases     ] GC(461)   Other: 0.3ms
[2026-06-18T00:06:52.608+0000][9529.440s][info][gc,heap       ] GC(461) Eden regions: 242->0(244)
[2026-06-18T00:06:52.608+0000][9529.440s][info][gc,heap       ] GC(461) Survivor regions: 7->5(32)
[2026-06-18T00:06:52.608+0000][9529.440s][info][gc,heap       ] GC(461) Old regions: 51->51
[2026-06-18T00:06:52.608+0000][9529.440s][info][gc,heap       ] GC(461) Humongous regions: 147->147
[2026-06-18T00:06:52.608+0000][9529.440s][info][gc,metaspace  ] GC(461) Metaspace: 52528K(55296K)->52528K(55296K) NonClass: 46588K(48128K)->46588K(48128K) Class: 5939K(7168K)->5939K(7168K)
[2026-06-18T00:06:52.608+0000][9529.440s][info][gc            ] GC(461) Pause Young (Concurrent Start) (G1 Evacuation Pause) 446M->202M(512M) 3.054ms
[2026-06-18T00:06:52.608+0000][9529.440s][info][gc,cpu        ] GC(461) User=0.02s Sys=0.00s Real=0.00s
[2026-06-18T00:06:52.608+0000][9529.440s][info][gc            ] GC(462) Concurrent Cycle
[2026-06-18T00:06:52.608+0000][9529.440s][info][gc,marking    ] GC(462) Concurrent Clear Claimed Marks
[2026-06-18T00:06:52.609+0000][9529.440s][info][gc,marking    ] GC(462) Concurrent Clear Claimed Marks 0.273ms
[2026-06-18T00:06:52.609+0000][9529.440s][info][gc,marking    ] GC(462) Concurrent Scan Root Regions
[2026-06-18T00:06:52.610+0000][9529.442s][info][gc,marking    ] GC(462) Concurrent Scan Root Regions 1.146ms
[2026-06-18T00:06:52.610+0000][9529.442s][info][gc,marking    ] GC(462) Concurrent Mark (9529.442s)
[2026-06-18T00:06:52.610+0000][9529.442s][info][gc,marking    ] GC(462) Concurrent Mark From Roots
[2026-06-18T00:06:52.610+0000][9529.442s][info][gc,task       ] GC(462) Using 3 workers of 3 for marking
[2026-06-18T00:06:52.615+0000][9529.447s][info][gc,marking    ] GC(462) Concurrent Mark From Roots 5.407ms
[2026-06-18T00:06:52.615+0000][9529.447s][info][gc,marking    ] GC(462) Concurrent Preclean
[2026-06-18T00:06:52.616+0000][9529.447s][info][gc,marking    ] GC(462) Concurrent Preclean 0.197ms
[2026-06-18T00:06:52.616+0000][9529.447s][info][gc,marking    ] GC(462) Concurrent Mark (9529.442s, 9529.447s) 5.879ms
[2026-06-18T00:06:52.616+0000][9529.448s][info][gc,start      ] GC(462) Pause Remark
[2026-06-18T00:06:52.618+0000][9529.450s][info][gc,stringtable] GC(462) Cleaned string and symbol table, strings: 17333 processed, 0 removed, symbols: 125114 processed, 0 removed
[2026-06-18T00:06:52.619+0000][9529.451s][info][gc            ] GC(462) Pause Remark 206M->206M(512M) 2.757ms
[2026-06-18T00:06:52.619+0000][9529.451s][info][gc,cpu        ] GC(462) User=0.03s Sys=0.00s Real=0.00s
[2026-06-18T00:06:52.619+0000][9529.451s][info][gc,marking    ] GC(462) Concurrent Rebuild Remembered Sets
[2026-06-18T00:06:52.623+0000][9529.455s][info][gc,marking    ] GC(462) Concurrent Rebuild Remembered Sets 4.202ms
[2026-06-18T00:06:52.623+0000][9529.455s][info][gc,start      ] GC(462) Pause Cleanup
[2026-06-18T00:06:52.623+0000][9529.455s][info][gc            ] GC(462) Pause Cleanup 206M->206M(512M) 0.161ms
[2026-06-18T00:06:52.624+0000][9529.455s][info][gc,cpu        ] GC(462) User=0.00s Sys=0.00s Real=0.00s
[2026-06-18T00:06:52.624+0000][9529.455s][info][gc,marking    ] GC(462) Concurrent Cleanup for Next Mark
[2026-06-18T00:06:52.624+0000][9529.456s][info][gc,marking    ] GC(462) Concurrent Cleanup for Next Mark 0.181ms
[2026-06-18T00:06:52.624+0000][9529.456s][info][gc            ] GC(462) Concurrent Cycle 15.793ms
[2026-06-18T00:07:41.335+0000][9578.169s][info][gc,start      ] GC(463) Pause Young (Prepare Mixed) (G1 Evacuation Pause)
[2026-06-18T00:07:41.335+0000][9578.169s][info][gc,task       ] GC(463) Using 13 workers of 13 for evacuation
[2026-06-18T00:07:41.341+0000][9578.175s][info][gc,phases     ] GC(463)   Pre Evacuate Collection Set: 0.0ms
[2026-06-18T00:07:41.341+0000][9578.175s][info][gc,phases     ] GC(463)   Evacuate Collection Set: 4.1ms
[2026-06-18T00:07:41.341+0000][9578.175s][info][gc,phases     ] GC(463)   Post Evacuate Collection Set: 0.7ms
[2026-06-18T00:07:41.341+0000][9578.175s][info][gc,phases     ] GC(463)   Other: 0.5ms
[2026-06-18T00:07:41.341+0000][9578.175s][info][gc,heap       ] GC(463) Eden regions: 244->0(17)
[2026-06-18T00:07:41.341+0000][9578.175s][info][gc,heap       ] GC(463) Survivor regions: 5->8(32)
[2026-06-18T00:07:41.341+0000][9578.175s][info][gc,heap       ] GC(463) Old regions: 51->51
[2026-06-18T00:07:41.341+0000][9578.175s][info][gc,heap       ] GC(463) Humongous regions: 147->147
[2026-06-18T00:07:41.341+0000][9578.175s][info][gc,metaspace  ] GC(463) Metaspace: 52528K(55296K)->52528K(55296K) NonClass: 46588K(48128K)->46588K(48128K) Class: 5939K(7168K)->5939K(7168K)
[2026-06-18T00:07:41.342+0000][9578.175s][info][gc            ] GC(463) Pause Young (Prepare Mixed) (G1 Evacuation Pause) 446M->205M(512M) 6.157ms
[2026-06-18T00:07:41.342+0000][9578.176s][info][gc,cpu        ] GC(463) User=0.03s Sys=0.00s Real=0.01s
[2026-06-18T00:07:41.467+0000][9578.301s][info][gc,start      ] GC(464) Pause Young (Mixed) (G1 Evacuation Pause)
[2026-06-18T00:07:41.467+0000][9578.301s][info][gc,task       ] GC(464) Using 13 workers of 13 for evacuation
[2026-06-18T00:07:41.472+0000][9578.306s][info][gc,phases     ] GC(464)   Pre Evacuate Collection Set: 0.1ms
[2026-06-18T00:07:41.472+0000][9578.306s][info][gc,phases     ] GC(464)   Evacuate Collection Set: 4.7ms
[2026-06-18T00:07:41.473+0000][9578.307s][info][gc,phases     ] GC(464)   Post Evacuate Collection Set: 0.3ms
[2026-06-18T00:07:41.473+0000][9578.307s][info][gc,phases     ] GC(464)   Other: 0.3ms
[2026-06-18T00:07:41.473+0000][9578.307s][info][gc,heap       ] GC(464) Eden regions: 17->0(244)
[2026-06-18T00:07:41.473+0000][9578.307s][info][gc,heap       ] GC(464) Survivor regions: 8->2(4)
[2026-06-18T00:07:41.473+0000][9578.307s][info][gc,heap       ] GC(464) Old regions: 51->52
[2026-06-18T00:07:41.473+0000][9578.307s][info][gc,heap       ] GC(464) Humongous regions: 147->147
[2026-06-18T00:07:41.473+0000][9578.307s][info][gc,metaspace  ] GC(464) Metaspace: 52528K(55296K)->52528K(55296K) NonClass: 46588K(48128K)->46588K(48128K) Class: 5939K(7168K)->5939K(7168K)
[2026-06-18T00:07:41.473+0000][9578.307s][info][gc            ] GC(464) Pause Young (Mixed) (G1 Evacuation Pause) 222M->199M(512M) 6.211ms
[2026-06-18T00:07:41.473+0000][9578.307s][info][gc,cpu        ] GC(464) User=0.02s Sys=0.00s Real=0.01s
[2026-06-18T00:07:42.884+0000][9579.718s][info][gc,start      ] GC(465) Pause Young (Normal) (G1 Evacuation Pause)
[2026-06-18T00:07:42.884+0000][9579.718s][info][gc,task       ] GC(465) Using 13 workers of 13 for evacuation
[2026-06-18T00:07:42.886+0000][9579.720s][info][gc,phases     ] GC(465)   Pre Evacuate Collection Set: 0.0ms
[2026-06-18T00:07:42.886+0000][9579.720s][info][gc,phases     ] GC(465)   Evacuate Collection Set: 1.3ms
[2026-06-18T00:07:42.886+0000][9579.720s][info][gc,phases     ] GC(465)   Post Evacuate Collection Set: 0.3ms
[2026-06-18T00:07:42.886+0000][9579.720s][info][gc,phases     ] GC(465)   Other: 0.3ms
[2026-06-18T00:07:42.886+0000][9579.720s][info][gc,heap       ] GC(465) Eden regions: 244->0(244)
[2026-06-18T00:07:42.886+0000][9579.720s][info][gc,heap       ] GC(465) Survivor regions: 2->3(31)
[2026-06-18T00:07:42.886+0000][9579.720s][info][gc,heap       ] GC(465) Old regions: 52->52
[2026-06-18T00:07:42.886+0000][9579.720s][info][gc,heap       ] GC(465) Humongous regions: 147->147
[2026-06-18T00:07:42.886+0000][9579.720s][info][gc,metaspace  ] GC(465) Metaspace: 52528K(55296K)->52528K(55296K) NonClass: 46588K(48128K)->46588K(48128K) Class: 5939K(7168K)->5939K(7168K)
[2026-06-18T00:07:42.886+0000][9579.720s][info][gc            ] GC(465) Pause Young (Normal) (G1 Evacuation Pause) 443M->200M(512M) 2.417ms
[2026-06-18T00:07:42.886+0000][9579.720s][info][gc,cpu        ] GC(465) User=0.02s Sys=0.00s Real=0.00s
[2026-06-18T00:07:44.135+0000][9580.969s][info][gc,start      ] GC(466) Pause Young (Normal) (G1 Evacuation Pause)
[2026-06-18T00:07:44.135+0000][9580.969s][info][gc,task       ] GC(466) Using 13 workers of 13 for evacuation
[2026-06-18T00:07:44.137+0000][9580.971s][info][gc,phases     ] GC(466)   Pre Evacuate Collection Set: 0.0ms
[2026-06-18T00:07:44.137+0000][9580.971s][info][gc,phases     ] GC(466)   Evacuate Collection Set: 1.9ms
[2026-06-18T00:07:44.138+0000][9580.971s][info][gc,phases     ] GC(466)   Post Evacuate Collection Set: 0.3ms
[2026-06-18T00:07:44.138+0000][9580.972s][info][gc,phases     ] GC(466)   Other: 0.3ms
[2026-06-18T00:07:44.138+0000][9580.972s][info][gc,heap       ] GC(466) Eden regions: 244->0(240)
[2026-06-18T00:07:44.138+0000][9580.972s][info][gc,heap       ] GC(466) Survivor regions: 3->7(31)
[2026-06-18T00:07:44.138+0000][9580.972s][info][gc,heap       ] GC(466) Old regions: 52->52
[2026-06-18T00:07:44.138+0000][9580.972s][info][gc,heap       ] GC(466) Humongous regions: 147->147
[2026-06-18T00:07:44.138+0000][9580.972s][info][gc,metaspace  ] GC(466) Metaspace: 52528K(55296K)->52528K(55296K) NonClass: 46588K(48128K)->46588K(48128K) Class: 5939K(7168K)->5939K(7168K)
[2026-06-18T00:07:44.138+0000][9580.972s][info][gc            ] GC(466) Pause Young (Normal) (G1 Evacuation Pause) 444M->204M(512M) 2.781ms
[2026-06-18T00:07:44.138+0000][9580.972s][info][gc,cpu        ] GC(466) User=0.02s Sys=0.01s Real=0.00s
[2026-06-18T00:08:32.880+0000][9629.715s][info][gc,start      ] GC(467) Pause Young (Concurrent Start) (G1 Evacuation Pause)
[2026-06-18T00:08:32.881+0000][9629.715s][info][gc,task       ] GC(467) Using 13 workers of 13 for evacuation
[2026-06-18T00:08:32.883+0000][9629.717s][info][gc,phases     ] GC(467)   Pre Evacuate Collection Set: 0.3ms
[2026-06-18T00:08:32.883+0000][9629.717s][info][gc,phases     ] GC(467)   Evacuate Collection Set: 1.6ms
[2026-06-18T00:08:32.883+0000][9629.717s][info][gc,phases     ] GC(467)   Post Evacuate Collection Set: 0.4ms
[2026-06-18T00:08:32.883+0000][9629.717s][info][gc,phases     ] GC(467)   Other: 0.4ms
[2026-06-18T00:08:32.883+0000][9629.717s][info][gc,heap       ] GC(467) Eden regions: 240->0(244)
[2026-06-18T00:08:32.883+0000][9629.717s][info][gc,heap       ] GC(467) Survivor regions: 7->4(31)
[2026-06-18T00:08:32.883+0000][9629.718s][info][gc,heap       ] GC(467) Old regions: 52->52
[2026-06-18T00:08:32.883+0000][9629.718s][info][gc,heap       ] GC(467) Humongous regions: 147->147
[2026-06-18T00:08:32.883+0000][9629.718s][info][gc,metaspace  ] GC(467) Metaspace: 52528K(55296K)->52528K(55296K) NonClass: 46589K(48128K)->46589K(48128K) Class: 5939K(7168K)->5939K(7168K)
[2026-06-18T00:08:32.884+0000][9629.718s][info][gc            ] GC(467) Pause Young (Concurrent Start) (G1 Evacuation Pause) 444M->201M(512M) 3.140ms
[2026-06-18T00:08:32.884+0000][9629.718s][info][gc,cpu        ] GC(467) User=0.01s Sys=0.00s Real=0.00s
[2026-06-18T00:08:32.884+0000][9629.718s][info][gc            ] GC(468) Concurrent Cycle
[2026-06-18T00:08:32.884+0000][9629.718s][info][gc,marking    ] GC(468) Concurrent Clear Claimed Marks
[2026-06-18T00:08:32.884+0000][9629.718s][info][gc,marking    ] GC(468) Concurrent Clear Claimed Marks 0.221ms
[2026-06-18T00:08:32.884+0000][9629.718s][info][gc,marking    ] GC(468) Concurrent Scan Root Regions
[2026-06-18T00:08:32.885+0000][9629.719s][info][gc,marking    ] GC(468) Concurrent Scan Root Regions 0.910ms
[2026-06-18T00:08:32.885+0000][9629.719s][info][gc,marking    ] GC(468) Concurrent Mark (9629.719s)
[2026-06-18T00:08:32.885+0000][9629.719s][info][gc,marking    ] GC(468) Concurrent Mark From Roots
[2026-06-18T00:08:32.885+0000][9629.719s][info][gc,task       ] GC(468) Using 3 workers of 3 for marking
[2026-06-18T00:08:32.891+0000][9629.725s][info][gc,marking    ] GC(468) Concurrent Mark From Roots 5.454ms
[2026-06-18T00:08:32.891+0000][9629.725s][info][gc,marking    ] GC(468) Concurrent Preclean
[2026-06-18T00:08:32.891+0000][9629.725s][info][gc,marking    ] GC(468) Concurrent Preclean 0.205ms
[2026-06-18T00:08:32.891+0000][9629.725s][info][gc,marking    ] GC(468) Concurrent Mark (9629.719s, 9629.725s) 5.892ms
[2026-06-18T00:08:32.891+0000][9629.725s][info][gc,start      ] GC(468) Pause Remark
[2026-06-18T00:08:32.894+0000][9629.728s][info][gc,stringtable] GC(468) Cleaned string and symbol table, strings: 17344 processed, 0 removed, symbols: 125114 processed, 0 removed
[2026-06-18T00:08:32.894+0000][9629.728s][info][gc            ] GC(468) Pause Remark 205M->205M(512M) 2.707ms
[2026-06-18T00:08:32.894+0000][9629.728s][info][gc,cpu        ] GC(468) User=0.03s Sys=0.00s Real=0.00s
[2026-06-18T00:08:32.894+0000][9629.728s][info][gc,marking    ] GC(468) Concurrent Rebuild Remembered Sets
[2026-06-18T00:08:32.899+0000][9629.733s][info][gc,marking    ] GC(468) Concurrent Rebuild Remembered Sets 4.609ms
[2026-06-18T00:08:32.899+0000][9629.733s][info][gc,start      ] GC(468) Pause Cleanup
[2026-06-18T00:08:32.899+0000][9629.733s][info][gc            ] GC(468) Pause Cleanup 206M->206M(512M) 0.238ms
[2026-06-18T00:08:32.899+0000][9629.733s][info][gc,cpu        ] GC(468) User=0.01s Sys=0.00s Real=0.01s
[2026-06-18T00:08:32.899+0000][9629.733s][info][gc,marking    ] GC(468) Concurrent Cleanup for Next Mark
[2026-06-18T00:08:32.899+0000][9629.734s][info][gc,marking    ] GC(468) Concurrent Cleanup for Next Mark 0.168ms
[2026-06-18T00:08:32.900+0000][9629.734s][info][gc            ] GC(468) Concurrent Cycle 15.953ms
[2026-06-18T00:08:34.437+0000][9631.271s][info][gc,start      ] GC(469) Pause Young (Prepare Mixed) (G1 Evacuation Pause)
[2026-06-18T00:08:34.437+0000][9631.271s][info][gc,task       ] GC(469) Using 13 workers of 13 for evacuation
[2026-06-18T00:08:34.439+0000][9631.274s][info][gc,phases     ] GC(469)   Pre Evacuate Collection Set: 0.0ms
[2026-06-18T00:08:34.440+0000][9631.274s][info][gc,phases     ] GC(469)   Evacuate Collection Set: 1.9ms
[2026-06-18T00:08:34.440+0000][9631.274s][info][gc,phases     ] GC(469)   Post Evacuate Collection Set: 0.4ms
[2026-06-18T00:08:34.440+0000][9631.274s][info][gc,phases     ] GC(469)   Other: 0.3ms
[2026-06-18T00:08:34.440+0000][9631.274s][info][gc,heap       ] GC(469) Eden regions: 244->0(18)
[2026-06-18T00:08:34.440+0000][9631.274s][info][gc,heap       ] GC(469) Survivor regions: 4->7(31)
[2026-06-18T00:08:34.440+0000][9631.274s][info][gc,heap       ] GC(469) Old regions: 52->52
[2026-06-18T00:08:34.440+0000][9631.274s][info][gc,heap       ] GC(469) Humongous regions: 147->147
[2026-06-18T00:08:34.440+0000][9631.274s][info][gc,metaspace  ] GC(469) Metaspace: 52528K(55296K)->52528K(55296K) NonClass: 46589K(48128K)->46589K(48128K) Class: 5939K(7168K)->5939K(7168K)
[2026-06-18T00:08:34.440+0000][9631.274s][info][gc            ] GC(469) Pause Young (Prepare Mixed) (G1 Evacuation Pause) 445M->204M(512M) 3.105ms
[2026-06-18T00:08:34.440+0000][9631.274s][info][gc,cpu        ] GC(469) User=0.02s Sys=0.00s Real=0.01s
[2026-06-18T00:08:34.541+0000][9631.375s][info][gc,start      ] GC(470) Pause Young (Mixed) (G1 Evacuation Pause)
[2026-06-18T00:08:34.541+0000][9631.376s][info][gc,task       ] GC(470) Using 13 workers of 13 for evacuation
[2026-06-18T00:08:34.546+0000][9631.380s][info][gc,phases     ] GC(470)   Pre Evacuate Collection Set: 0.0ms
[2026-06-18T00:08:34.546+0000][9631.380s][info][gc,phases     ] GC(470)   Evacuate Collection Set: 4.2ms
[2026-06-18T00:08:34.546+0000][9631.380s][info][gc,phases     ] GC(470)   Post Evacuate Collection Set: 0.3ms
[2026-06-18T00:08:34.546+0000][9631.380s][info][gc,phases     ] GC(470)   Other: 0.4ms
[2026-06-18T00:08:34.546+0000][9631.381s][info][gc,heap       ] GC(470) Eden regions: 18->0(246)
[2026-06-18T00:08:34.546+0000][9631.381s][info][gc,heap       ] GC(470) Survivor regions: 7->2(4)
[2026-06-18T00:08:34.546+0000][9631.381s][info][gc,heap       ] GC(470) Old regions: 52->50
[2026-06-18T00:08:34.547+0000][9631.381s][info][gc,heap       ] GC(470) Humongous regions: 147->147
[2026-06-18T00:08:34.547+0000][9631.381s][info][gc,metaspace  ] GC(470) Metaspace: 52528K(55296K)->52528K(55296K) NonClass: 46589K(48128K)->46589K(48128K) Class: 5939K(7168K)->5939K(7168K)
[2026-06-18T00:08:34.547+0000][9631.381s][info][gc            ] GC(470) Pause Young (Mixed) (G1 Evacuation Pause) 222M->198M(512M) 5.299ms
[2026-06-18T00:08:34.547+0000][9631.381s][info][gc,cpu        ] GC(470) User=0.03s Sys=0.00s Real=0.00s
[2026-06-18T00:08:35.842+0000][9632.676s][info][gc,start      ] GC(471) Pause Young (Normal) (G1 Evacuation Pause)
[2026-06-18T00:08:35.842+0000][9632.676s][info][gc,task       ] GC(471) Using 13 workers of 13 for evacuation
[2026-06-18T00:08:35.843+0000][9632.678s][info][gc,phases     ] GC(471)   Pre Evacuate Collection Set: 0.0ms
[2026-06-18T00:08:35.844+0000][9632.678s][info][gc,phases     ] GC(471)   Evacuate Collection Set: 1.3ms
[2026-06-18T00:08:35.844+0000][9632.678s][info][gc,phases     ] GC(471)   Post Evacuate Collection Set: 0.3ms
[2026-06-18T00:08:35.844+0000][9632.678s][info][gc,phases     ] GC(471)   Other: 0.3ms
[2026-06-18T00:08:35.844+0000][9632.678s][info][gc,heap       ] GC(471) Eden regions: 246->0(247)
[2026-06-18T00:08:35.844+0000][9632.678s][info][gc,heap       ] GC(471) Survivor regions: 2->3(31)
[2026-06-18T00:08:35.844+0000][9632.678s][info][gc,heap       ] GC(471) Old regions: 50->50
[2026-06-18T00:08:35.844+0000][9632.678s][info][gc,heap       ] GC(471) Humongous regions: 147->147
[2026-06-18T00:08:35.844+0000][9632.678s][info][gc,metaspace  ] GC(471) Metaspace: 52528K(55296K)->52528K(55296K) NonClass: 46589K(48128K)->46589K(48128K) Class: 5939K(7168K)->5939K(7168K)
[2026-06-18T00:08:35.844+0000][9632.678s][info][gc            ] GC(471) Pause Young (Normal) (G1 Evacuation Pause) 444M->198M(512M) 2.463ms
[2026-06-18T00:08:35.844+0000][9632.678s][info][gc,cpu        ] GC(471) User=0.02s Sys=0.00s Real=0.00s
[2026-06-18T00:09:24.265+0000][9681.098s][info][gc,start      ] GC(472) Pause Young (Normal) (G1 Evacuation Pause)
[2026-06-18T00:09:24.265+0000][9681.098s][info][gc,task       ] GC(472) Using 13 workers of 13 for evacuation
[2026-06-18T00:09:24.268+0000][9681.101s][info][gc,phases     ] GC(472)   Pre Evacuate Collection Set: 0.0ms
[2026-06-18T00:09:24.268+0000][9681.101s][info][gc,phases     ] GC(472)   Evacuate Collection Set: 2.3ms
[2026-06-18T00:09:24.268+0000][9681.102s][info][gc,phases     ] GC(472)   Post Evacuate Collection Set: 0.5ms
[2026-06-18T00:09:24.268+0000][9681.102s][info][gc,phases     ] GC(472)   Other: 0.4ms
[2026-06-18T00:09:24.268+0000][9681.102s][info][gc,heap       ] GC(472) Eden regions: 247->0(243)
[2026-06-18T00:09:24.268+0000][9681.102s][info][gc,heap       ] GC(472) Survivor regions: 3->7(32)
[2026-06-18T00:09:24.268+0000][9681.102s][info][gc,heap       ] GC(472) Old regions: 50->50
[2026-06-18T00:09:24.268+0000][9681.102s][info][gc,heap       ] GC(472) Humongous regions: 147->147
[2026-06-18T00:09:24.268+0000][9681.102s][info][gc,metaspace  ] GC(472) Metaspace: 52529K(55296K)->52529K(55296K) NonClass: 46589K(48128K)->46589K(48128K) Class: 5939K(7168K)->5939K(7168K)
[2026-06-18T00:09:24.268+0000][9681.102s][info][gc            ] GC(472) Pause Young (Normal) (G1 Evacuation Pause) 445M->202M(512M) 3.580ms
[2026-06-18T00:09:24.268+0000][9681.102s][info][gc,cpu        ] GC(472) User=0.02s Sys=0.00s Real=0.00s
[2026-06-18T00:09:25.886+0000][9682.720s][info][gc,start      ] GC(473) Pause Young (Concurrent Start) (G1 Evacuation Pause)
[2026-06-18T00:09:25.887+0000][9682.720s][info][gc,task       ] GC(473) Using 13 workers of 13 for evacuation
[2026-06-18T00:09:25.890+0000][9682.723s][info][gc,phases     ] GC(473)   Pre Evacuate Collection Set: 0.3ms
[2026-06-18T00:09:25.890+0000][9682.723s][info][gc,phases     ] GC(473)   Evacuate Collection Set: 2.6ms
[2026-06-18T00:09:25.890+0000][9682.724s][info][gc,phases     ] GC(473)   Post Evacuate Collection Set: 0.3ms
[2026-06-18T00:09:25.890+0000][9682.724s][info][gc,phases     ] GC(473)   Other: 0.3ms
[2026-06-18T00:09:25.890+0000][9682.724s][info][gc,heap       ] GC(473) Eden regions: 243->0(237)
[2026-06-18T00:09:25.890+0000][9682.724s][info][gc,heap       ] GC(473) Survivor regions: 7->10(32)
[2026-06-18T00:09:25.890+0000][9682.724s][info][gc,heap       ] GC(473) Old regions: 50->50
[2026-06-18T00:09:25.890+0000][9682.724s][info][gc,heap       ] GC(473) Humongous regions: 147->147
[2026-06-18T00:09:25.890+0000][9682.724s][info][gc,metaspace  ] GC(473) Metaspace: 52529K(55296K)->52529K(55296K) NonClass: 46589K(48128K)->46589K(48128K) Class: 5939K(7168K)->5939K(7168K)
[2026-06-18T00:09:25.890+0000][9682.724s][info][gc            ] GC(473) Pause Young (Concurrent Start) (G1 Evacuation Pause) 445M->206M(512M) 3.917ms
[2026-06-18T00:09:25.890+0000][9682.724s][info][gc,cpu        ] GC(473) User=0.03s Sys=0.00s Real=0.01s
[2026-06-18T00:09:25.890+0000][9682.724s][info][gc            ] GC(474) Concurrent Cycle
[2026-06-18T00:09:25.891+0000][9682.724s][info][gc,marking    ] GC(474) Concurrent Clear Claimed Marks
[2026-06-18T00:09:25.891+0000][9682.724s][info][gc,marking    ] GC(474) Concurrent Clear Claimed Marks 0.315ms
[2026-06-18T00:09:25.891+0000][9682.724s][info][gc,marking    ] GC(474) Concurrent Scan Root Regions
[2026-06-18T00:09:25.892+0000][9682.726s][info][gc,marking    ] GC(474) Concurrent Scan Root Regions 1.505ms
[2026-06-18T00:09:25.893+0000][9682.726s][info][gc,marking    ] GC(474) Concurrent Mark (9682.726s)
[2026-06-18T00:09:25.893+0000][9682.726s][info][gc,marking    ] GC(474) Concurrent Mark From Roots
[2026-06-18T00:09:25.893+0000][9682.726s][info][gc,task       ] GC(474) Using 3 workers of 3 for marking
[2026-06-18T00:09:25.899+0000][9682.732s][info][gc,marking    ] GC(474) Concurrent Mark From Roots 6.028ms
[2026-06-18T00:09:25.899+0000][9682.732s][info][gc,marking    ] GC(474) Concurrent Preclean
[2026-06-18T00:09:25.899+0000][9682.732s][info][gc,marking    ] GC(474) Concurrent Preclean 0.192ms
[2026-06-18T00:09:25.899+0000][9682.733s][info][gc,marking    ] GC(474) Concurrent Mark (9682.726s, 9682.733s) 6.511ms
[2026-06-18T00:09:25.899+0000][9682.733s][info][gc,start      ] GC(474) Pause Remark
[2026-06-18T00:09:25.902+0000][9682.735s][info][gc,stringtable] GC(474) Cleaned string and symbol table, strings: 17344 processed, 0 removed, symbols: 125114 processed, 0 removed
[2026-06-18T00:09:25.902+0000][9682.735s][info][gc            ] GC(474) Pause Remark 210M->210M(512M) 2.522ms
[2026-06-18T00:09:25.902+0000][9682.735s][info][gc,cpu        ] GC(474) User=0.02s Sys=0.01s Real=0.01s
[2026-06-18T00:09:25.902+0000][9682.735s][info][gc,marking    ] GC(474) Concurrent Rebuild Remembered Sets
[2026-06-18T00:09:25.906+0000][9682.740s][info][gc,marking    ] GC(474) Concurrent Rebuild Remembered Sets 4.236ms
[2026-06-18T00:09:25.906+0000][9682.740s][info][gc,start      ] GC(474) Pause Cleanup
[2026-06-18T00:09:25.907+0000][9682.740s][info][gc            ] GC(474) Pause Cleanup 211M->211M(512M) 0.174ms
[2026-06-18T00:09:25.907+0000][9682.740s][info][gc,cpu        ] GC(474) User=0.00s Sys=0.00s Real=0.00s
[2026-06-18T00:09:25.907+0000][9682.740s][info][gc,marking    ] GC(474) Concurrent Cleanup for Next Mark
[2026-06-18T00:09:25.907+0000][9682.740s][info][gc,marking    ] GC(474) Concurrent Cleanup for Next Mark 0.151ms
[2026-06-18T00:09:25.907+0000][9682.740s][info][gc            ] GC(474) Concurrent Cycle 16.418ms
[2026-06-18T00:09:27.164+0000][9683.997s][info][gc,start      ] GC(475) Pause Young (Prepare Mixed) (G1 Evacuation Pause)
[2026-06-18T00:09:27.164+0000][9683.997s][info][gc,task       ] GC(475) Using 13 workers of 13 for evacuation
[2026-06-18T00:09:27.166+0000][9683.999s][info][gc,phases     ] GC(475)   Pre Evacuate Collection Set: 0.0ms
[2026-06-18T00:09:27.166+0000][9683.999s][info][gc,phases     ] GC(475)   Evacuate Collection Set: 1.7ms
[2026-06-18T00:09:27.166+0000][9684.000s][info][gc,phases     ] GC(475)   Post Evacuate Collection Set: 0.3ms
[2026-06-18T00:09:27.166+0000][9684.000s][info][gc,phases     ] GC(475)   Other: 0.3ms
[2026-06-18T00:09:27.166+0000][9684.000s][info][gc,heap       ] GC(475) Eden regions: 237->0(19)
[2026-06-18T00:09:27.166+0000][9684.000s][info][gc,heap       ] GC(475) Survivor regions: 10->6(31)
[2026-06-18T00:09:27.166+0000][9684.000s][info][gc,heap       ] GC(475) Old regions: 50->50
[2026-06-18T00:09:27.166+0000][9684.000s][info][gc,heap       ] GC(475) Humongous regions: 147->147
[2026-06-18T00:09:27.166+0000][9684.000s][info][gc,metaspace  ] GC(475) Metaspace: 52529K(55296K)->52529K(55296K) NonClass: 46589K(48128K)->46589K(48128K) Class: 5939K(7168K)->5939K(7168K)
[2026-06-18T00:09:27.166+0000][9684.000s][info][gc            ] GC(475) Pause Young (Prepare Mixed) (G1 Evacuation Pause) 443M->202M(512M) 2.724ms
[2026-06-18T00:09:27.166+0000][9684.000s][info][gc,cpu        ] GC(475) User=0.02s Sys=0.00s Real=0.00s
[2026-06-18T00:09:27.260+0000][9684.094s][info][gc,start      ] GC(476) Pause Young (Mixed) (G1 Evacuation Pause)
[2026-06-18T00:09:27.260+0000][9684.094s][info][gc,task       ] GC(476) Using 13 workers of 13 for evacuation
[2026-06-18T00:09:27.263+0000][9684.097s][info][gc,phases     ] GC(476)   Pre Evacuate Collection Set: 0.0ms
[2026-06-18T00:09:27.263+0000][9684.097s][info][gc,phases     ] GC(476)   Evacuate Collection Set: 2.5ms
[2026-06-18T00:09:27.263+0000][9684.097s][info][gc,phases     ] GC(476)   Post Evacuate Collection Set: 0.4ms
[2026-06-18T00:09:27.264+0000][9684.097s][info][gc,phases     ] GC(476)   Other: 0.3ms
[2026-06-18T00:09:27.264+0000][9684.097s][info][gc,heap       ] GC(476) Eden regions: 19->0(247)
[2026-06-18T00:09:27.264+0000][9684.097s][info][gc,heap       ] GC(476) Survivor regions: 6->2(4)
[2026-06-18T00:09:27.264+0000][9684.097s][info][gc,heap       ] GC(476) Old regions: 50->49
[2026-06-18T00:09:27.264+0000][9684.097s][info][gc,heap       ] GC(476) Humongous regions: 147->147
[2026-06-18T00:09:27.264+0000][9684.097s][info][gc,metaspace  ] GC(476) Metaspace: 52529K(55296K)->52529K(55296K) NonClass: 46589K(48128K)->46589K(48128K) Class: 5939K(7168K)->5939K(7168K)
[2026-06-18T00:09:27.264+0000][9684.097s][info][gc            ] GC(476) Pause Young (Mixed) (G1 Evacuation Pause) 221M->196M(512M) 3.712ms
[2026-06-18T00:09:27.264+0000][9684.097s][info][gc,cpu        ] GC(476) User=0.02s Sys=0.00s Real=0.00s
[2026-06-18T00:09:28.464+0000][9685.298s][info][gc,start      ] GC(477) Pause Young (Normal) (G1 Evacuation Pause)
[2026-06-18T00:09:28.464+0000][9685.298s][info][gc,task       ] GC(477) Using 13 workers of 13 for evacuation
[2026-06-18T00:09:28.471+0000][9685.305s][info][gc,phases     ] GC(477)   Pre Evacuate Collection Set: 0.0ms
[2026-06-18T00:09:28.471+0000][9685.305s][info][gc,phases     ] GC(477)   Evacuate Collection Set: 6.2ms
[2026-06-18T00:09:28.471+0000][9685.305s][info][gc,phases     ] GC(477)   Post Evacuate Collection Set: 0.4ms
[2026-06-18T00:09:28.471+0000][9685.305s][info][gc,phases     ] GC(477)   Other: 0.4ms
[2026-06-18T00:09:28.471+0000][9685.305s][info][gc,heap       ] GC(477) Eden regions: 247->0(239)
[2026-06-18T00:09:28.472+0000][9685.305s][info][gc,heap       ] GC(477) Survivor regions: 2->8(32)
[2026-06-18T00:09:28.472+0000][9685.305s][info][gc,heap       ] GC(477) Old regions: 49->49
[2026-06-18T00:09:28.472+0000][9685.305s][info][gc,heap       ] GC(477) Humongous regions: 147->147
[2026-06-18T00:09:28.472+0000][9685.305s][info][gc,metaspace  ] GC(477) Metaspace: 52529K(55296K)->52529K(55296K) NonClass: 46589K(48128K)->46589K(48128K) Class: 5939K(7168K)->5939K(7168K)
[2026-06-18T00:09:28.472+0000][9685.305s][info][gc            ] GC(477) Pause Young (Normal) (G1 Evacuation Pause) 443M->203M(512M) 7.452ms
[2026-06-18T00:09:28.472+0000][9685.305s][info][gc,cpu        ] GC(477) User=0.07s Sys=0.00s Real=0.01s
[2026-06-18T00:10:16.937+0000][9733.771s][info][gc,start      ] GC(478) Pause Young (Normal) (G1 Evacuation Pause)
[2026-06-18T00:10:16.937+0000][9733.771s][info][gc,task       ] GC(478) Using 13 workers of 13 for evacuation
[2026-06-18T00:10:16.939+0000][9733.773s][info][gc,phases     ] GC(478)   Pre Evacuate Collection Set: 0.0ms
[2026-06-18T00:10:16.940+0000][9733.773s][info][gc,phases     ] GC(478)   Evacuate Collection Set: 1.5ms
[2026-06-18T00:10:16.940+0000][9733.774s][info][gc,phases     ] GC(478)   Post Evacuate Collection Set: 0.4ms
[2026-06-18T00:10:16.940+0000][9733.774s][info][gc,phases     ] GC(478)   Other: 0.3ms
[2026-06-18T00:10:16.940+0000][9733.774s][info][gc,heap       ] GC(478) Eden regions: 239->0(242)
[2026-06-18T00:10:16.940+0000][9733.774s][info][gc,heap       ] GC(478) Survivor regions: 8->5(31)
[2026-06-18T00:10:16.940+0000][9733.774s][info][gc,heap       ] GC(478) Old regions: 49->49
[2026-06-18T00:10:16.940+0000][9733.774s][info][gc,heap       ] GC(478) Humongous regions: 147->147
[2026-06-18T00:10:16.940+0000][9733.774s][info][gc,metaspace  ] GC(478) Metaspace: 52529K(55296K)->52529K(55296K) NonClass: 46589K(48128K)->46589K(48128K) Class: 5939K(7168K)->5939K(7168K)
[2026-06-18T00:10:16.940+0000][9733.774s][info][gc            ] GC(478) Pause Young (Normal) (G1 Evacuation Pause) 442M->200M(512M) 2.657ms
[2026-06-18T00:10:16.940+0000][9733.774s][info][gc,cpu        ] GC(478) User=0.02s Sys=0.00s Real=0.01s
[2026-06-18T00:10:18.326+0000][9735.160s][info][gc,start      ] GC(479) Pause Young (Concurrent Start) (G1 Evacuation Pause)
[2026-06-18T00:10:18.326+0000][9735.160s][info][gc,task       ] GC(479) Using 13 workers of 13 for evacuation
[2026-06-18T00:10:18.329+0000][9735.163s][info][gc,phases     ] GC(479)   Pre Evacuate Collection Set: 0.3ms
[2026-06-18T00:10:18.329+0000][9735.163s][info][gc,phases     ] GC(479)   Evacuate Collection Set: 2.2ms
[2026-06-18T00:10:18.330+0000][9735.163s][info][gc,phases     ] GC(479)   Post Evacuate Collection Set: 0.4ms
[2026-06-18T00:10:18.330+0000][9735.164s][info][gc,phases     ] GC(479)   Other: 0.4ms
[2026-06-18T00:10:18.330+0000][9735.164s][info][gc,heap       ] GC(479) Eden regions: 242->0(238)
[2026-06-18T00:10:18.330+0000][9735.164s][info][gc,heap       ] GC(479) Survivor regions: 5->9(31)
[2026-06-18T00:10:18.330+0000][9735.164s][info][gc,heap       ] GC(479) Old regions: 49->49
[2026-06-18T00:10:18.330+0000][9735.164s][info][gc,heap       ] GC(479) Humongous regions: 147->147
[2026-06-18T00:10:18.330+0000][9735.164s][info][gc,metaspace  ] GC(479) Metaspace: 52529K(55296K)->52529K(55296K) NonClass: 46589K(48128K)->46589K(48128K) Class: 5939K(7168K)->5939K(7168K)
[2026-06-18T00:10:18.330+0000][9735.164s][info][gc            ] GC(479) Pause Young (Concurrent Start) (G1 Evacuation Pause) 442M->204M(512M) 3.849ms
[2026-06-18T00:10:18.330+0000][9735.164s][info][gc,cpu        ] GC(479) User=0.03s Sys=0.00s Real=0.01s
[2026-06-18T00:10:18.330+0000][9735.164s][info][gc            ] GC(480) Concurrent Cycle
[2026-06-18T00:10:18.330+0000][9735.164s][info][gc,marking    ] GC(480) Concurrent Clear Claimed Marks
[2026-06-18T00:10:18.330+0000][9735.164s][info][gc,marking    ] GC(480) Concurrent Clear Claimed Marks 0.190ms
[2026-06-18T00:10:18.331+0000][9735.165s][info][gc,marking    ] GC(480) Concurrent Scan Root Regions
[2026-06-18T00:10:18.332+0000][9735.166s][info][gc,marking    ] GC(480) Concurrent Scan Root Regions 1.599ms
[2026-06-18T00:10:18.332+0000][9735.166s][info][gc,marking    ] GC(480) Concurrent Mark (9735.166s)
[2026-06-18T00:10:18.332+0000][9735.166s][info][gc,marking    ] GC(480) Concurrent Mark From Roots
[2026-06-18T00:10:18.332+0000][9735.166s][info][gc,task       ] GC(480) Using 3 workers of 3 for marking
[2026-06-18T00:10:18.338+0000][9735.172s][info][gc,marking    ] GC(480) Concurrent Mark From Roots 5.439ms
[2026-06-18T00:10:18.338+0000][9735.172s][info][gc,marking    ] GC(480) Concurrent Preclean
[2026-06-18T00:10:18.338+0000][9735.172s][info][gc,marking    ] GC(480) Concurrent Preclean 0.173ms
[2026-06-18T00:10:18.338+0000][9735.172s][info][gc,marking    ] GC(480) Concurrent Mark (9735.166s, 9735.172s) 5.932ms
[2026-06-18T00:10:18.339+0000][9735.172s][info][gc,start      ] GC(480) Pause Remark
[2026-06-18T00:10:18.341+0000][9735.175s][info][gc,stringtable] GC(480) Cleaned string and symbol table, strings: 17344 processed, 0 removed, symbols: 125114 processed, 0 removed
[2026-06-18T00:10:18.342+0000][9735.176s][info][gc            ] GC(480) Pause Remark 208M->208M(512M) 3.059ms
[2026-06-18T00:10:18.342+0000][9735.176s][info][gc,cpu        ] GC(480) User=0.03s Sys=0.00s Real=0.01s
[2026-06-18T00:10:18.342+0000][9735.176s][info][gc,marking    ] GC(480) Concurrent Rebuild Remembered Sets
[2026-06-18T00:10:18.346+0000][9735.180s][info][gc,marking    ] GC(480) Concurrent Rebuild Remembered Sets 4.337ms
[2026-06-18T00:10:18.346+0000][9735.180s][info][gc,start      ] GC(480) Pause Cleanup
[2026-06-18T00:10:18.347+0000][9735.181s][info][gc            ] GC(480) Pause Cleanup 209M->209M(512M) 0.178ms
[2026-06-18T00:10:18.347+0000][9735.181s][info][gc,cpu        ] GC(480) User=0.00s Sys=0.00s Real=0.00s
[2026-06-18T00:10:18.347+0000][9735.181s][info][gc,marking    ] GC(480) Concurrent Cleanup for Next Mark
[2026-06-18T00:10:18.347+0000][9735.181s][info][gc,marking    ] GC(480) Concurrent Cleanup for Next Mark 0.189ms
[2026-06-18T00:10:18.347+0000][9735.181s][info][gc            ] GC(480) Concurrent Cycle 16.988ms
[2026-06-18T00:10:19.498+0000][9736.332s][info][gc,start      ] GC(481) Pause Young (Prepare Mixed) (G1 Evacuation Pause)
[2026-06-18T00:10:19.498+0000][9736.332s][info][gc,task       ] GC(481) Using 13 workers of 13 for evacuation
[2026-06-18T00:10:19.503+0000][9736.337s][info][gc,phases     ] GC(481)   Pre Evacuate Collection Set: 0.0ms
[2026-06-18T00:10:19.503+0000][9736.337s][info][gc,phases     ] GC(481)   Evacuate Collection Set: 4.0ms
[2026-06-18T00:10:19.503+0000][9736.337s][info][gc,phases     ] GC(481)   Post Evacuate Collection Set: 0.4ms
[2026-06-18T00:10:19.503+0000][9736.337s][info][gc,phases     ] GC(481)   Other: 0.5ms
[2026-06-18T00:10:19.503+0000][9736.337s][info][gc,heap       ] GC(481) Eden regions: 238->0(20)
[2026-06-18T00:10:19.503+0000][9736.337s][info][gc,heap       ] GC(481) Survivor regions: 9->5(31)
[2026-06-18T00:10:19.503+0000][9736.337s][info][gc,heap       ] GC(481) Old regions: 49->49
[2026-06-18T00:10:19.503+0000][9736.337s][info][gc,heap       ] GC(481) Humongous regions: 147->147
[2026-06-18T00:10:19.503+0000][9736.337s][info][gc,metaspace  ] GC(481) Metaspace: 52529K(55296K)->52529K(55296K) NonClass: 46589K(48128K)->46589K(48128K) Class: 5939K(7168K)->5939K(7168K)
[2026-06-18T00:10:19.503+0000][9736.337s][info][gc            ] GC(481) Pause Young (Prepare Mixed) (G1 Evacuation Pause) 442M->200M(512M) 5.507ms
[2026-06-18T00:10:19.504+0000][9736.337s][info][gc,cpu        ] GC(481) User=0.04s Sys=0.00s Real=0.01s
[2026-06-18T00:10:19.600+0000][9736.434s][info][gc,start      ] GC(482) Pause Young (Mixed) (G1 Evacuation Pause)
[2026-06-18T00:10:19.600+0000][9736.434s][info][gc,task       ] GC(482) Using 13 workers of 13 for evacuation
[2026-06-18T00:10:19.603+0000][9736.437s][info][gc,phases     ] GC(482)   Pre Evacuate Collection Set: 0.0ms
[2026-06-18T00:10:19.603+0000][9736.437s][info][gc,phases     ] GC(482)   Evacuate Collection Set: 2.7ms
[2026-06-18T00:10:19.603+0000][9736.437s][info][gc,phases     ] GC(482)   Post Evacuate Collection Set: 0.3ms
[2026-06-18T00:10:19.603+0000][9736.437s][info][gc,phases     ] GC(482)   Other: 0.3ms
[2026-06-18T00:10:19.603+0000][9736.437s][info][gc,heap       ] GC(482) Eden regions: 20->0(246)
[2026-06-18T00:10:19.603+0000][9736.437s][info][gc,heap       ] GC(482) Survivor regions: 5->2(4)
[2026-06-18T00:10:19.603+0000][9736.437s][info][gc,heap       ] GC(482) Old regions: 49->48
[2026-06-18T00:10:19.603+0000][9736.437s][info][gc,heap       ] GC(482) Humongous regions: 147->147
[2026-06-18T00:10:19.603+0000][9736.437s][info][gc,metaspace  ] GC(482) Metaspace: 52529K(55296K)->52529K(55296K) NonClass: 46589K(48128K)->46589K(48128K) Class: 5939K(7168K)->5939K(7168K)
[2026-06-18T00:10:19.603+0000][9736.437s][info][gc            ] GC(482) Pause Young (Mixed) (G1 Evacuation Pause) 220M->196M(512M) 3.884ms
[2026-06-18T00:10:19.604+0000][9736.437s][info][gc,cpu        ] GC(482) User=0.03s Sys=0.00s Real=0.00s
[2026-06-18T00:10:49.510+0000][9766.345s][info][gc,start      ] GC(483) Pause Young (Normal) (G1 Evacuation Pause)
[2026-06-18T00:10:49.510+0000][9766.345s][info][gc,task       ] GC(483) Using 13 workers of 13 for evacuation
[2026-06-18T00:10:49.526+0000][9766.361s][info][gc,phases     ] GC(483)   Pre Evacuate Collection Set: 0.0ms
[2026-06-18T00:10:49.526+0000][9766.361s][info][gc,phases     ] GC(483)   Evacuate Collection Set: 14.9ms
[2026-06-18T00:10:49.526+0000][9766.361s][info][gc,phases     ] GC(483)   Post Evacuate Collection Set: 0.4ms
[2026-06-18T00:10:49.526+0000][9766.361s][info][gc,phases     ] GC(483)   Other: 0.8ms
[2026-06-18T00:10:49.527+0000][9766.362s][info][gc,heap       ] GC(483) Eden regions: 246->0(248)
[2026-06-18T00:10:49.527+0000][9766.362s][info][gc,heap       ] GC(483) Survivor regions: 2->2(31)
[2026-06-18T00:10:49.527+0000][9766.362s][info][gc,heap       ] GC(483) Old regions: 48->48
[2026-06-18T00:10:49.527+0000][9766.362s][info][gc,heap       ] GC(483) Humongous regions: 147->147
[2026-06-18T00:10:49.527+0000][9766.362s][info][gc,metaspace  ] GC(483) Metaspace: 52529K(55296K)->52529K(55296K) NonClass: 46589K(48128K)->46589K(48128K) Class: 5939K(7168K)->5939K(7168K)
[2026-06-18T00:10:49.527+0000][9766.362s][info][gc            ] GC(483) Pause Young (Normal) (G1 Evacuation Pause) 442M->195M(512M) 17.043ms
[2026-06-18T00:10:49.527+0000][9766.362s][info][gc,cpu        ] GC(483) User=0.06s Sys=0.00s Real=0.01s
[2026-06-18T00:11:09.598+0000][9786.433s][info][gc,start      ] GC(484) Pause Young (Normal) (G1 Evacuation Pause)
[2026-06-18T00:11:09.598+0000][9786.433s][info][gc,task       ] GC(484) Using 13 workers of 13 for evacuation
[2026-06-18T00:11:09.600+0000][9786.435s][info][gc,phases     ] GC(484)   Pre Evacuate Collection Set: 0.0ms
[2026-06-18T00:11:09.600+0000][9786.435s][info][gc,phases     ] GC(484)   Evacuate Collection Set: 1.3ms
[2026-06-18T00:11:09.600+0000][9786.435s][info][gc,phases     ] GC(484)   Post Evacuate Collection Set: 0.3ms
[2026-06-18T00:11:09.600+0000][9786.435s][info][gc,phases     ] GC(484)   Other: 0.3ms
[2026-06-18T00:11:09.600+0000][9786.435s][info][gc,heap       ] GC(484) Eden regions: 248->0(246)
[2026-06-18T00:11:09.600+0000][9786.435s][info][gc,heap       ] GC(484) Survivor regions: 2->5(32)
[2026-06-18T00:11:09.600+0000][9786.435s][info][gc,heap       ] GC(484) Old regions: 48->48
[2026-06-18T00:11:09.600+0000][9786.435s][info][gc,heap       ] GC(484) Humongous regions: 147->147
[2026-06-18T00:11:09.600+0000][9786.435s][info][gc,metaspace  ] GC(484) Metaspace: 52529K(55296K)->52529K(55296K) NonClass: 46589K(48128K)->46589K(48128K) Class: 5939K(7168K)->5939K(7168K)
[2026-06-18T00:11:09.600+0000][9786.435s][info][gc            ] GC(484) Pause Young (Normal) (G1 Evacuation Pause) 443M->199M(512M) 2.386ms
[2026-06-18T00:11:09.600+0000][9786.435s][info][gc,cpu        ] GC(484) User=0.02s Sys=0.00s Real=0.01s
[2026-06-18T00:11:11.021+0000][9787.856s][info][gc,start      ] GC(485) Pause Young (Concurrent Start) (G1 Evacuation Pause)
[2026-06-18T00:11:11.021+0000][9787.856s][info][gc,task       ] GC(485) Using 13 workers of 13 for evacuation
[2026-06-18T00:11:11.024+0000][9787.859s][info][gc,phases     ] GC(485)   Pre Evacuate Collection Set: 0.3ms
[2026-06-18T00:11:11.024+0000][9787.859s][info][gc,phases     ] GC(485)   Evacuate Collection Set: 2.3ms
[2026-06-18T00:11:11.024+0000][9787.859s][info][gc,phases     ] GC(485)   Post Evacuate Collection Set: 0.5ms
[2026-06-18T00:11:11.024+0000][9787.859s][info][gc,phases     ] GC(485)   Other: 0.3ms
[2026-06-18T00:11:11.024+0000][9787.859s][info][gc,heap       ] GC(485) Eden regions: 246->0(240)
[2026-06-18T00:11:11.024+0000][9787.859s][info][gc,heap       ] GC(485) Survivor regions: 5->10(32)
[2026-06-18T00:11:11.024+0000][9787.859s][info][gc,heap       ] GC(485) Old regions: 48->48
[2026-06-18T00:11:11.024+0000][9787.860s][info][gc,heap       ] GC(485) Humongous regions: 147->147
[2026-06-18T00:11:11.024+0000][9787.860s][info][gc,metaspace  ] GC(485) Metaspace: 52529K(55296K)->52529K(55296K) NonClass: 46589K(48128K)->46589K(48128K) Class: 5939K(7168K)->5939K(7168K)
[2026-06-18T00:11:11.024+0000][9787.860s][info][gc            ] GC(485) Pause Young (Concurrent Start) (G1 Evacuation Pause) 445M->204M(512M) 3.605ms
[2026-06-18T00:11:11.024+0000][9787.860s][info][gc,cpu        ] GC(485) User=0.03s Sys=0.00s Real=0.00s
[2026-06-18T00:11:11.025+0000][9787.860s][info][gc            ] GC(486) Concurrent Cycle
[2026-06-18T00:11:11.025+0000][9787.860s][info][gc,marking    ] GC(486) Concurrent Clear Claimed Marks
[2026-06-18T00:11:11.025+0000][9787.860s][info][gc,marking    ] GC(486) Concurrent Clear Claimed Marks 0.232ms
[2026-06-18T00:11:11.025+0000][9787.860s][info][gc,marking    ] GC(486) Concurrent Scan Root Regions
[2026-06-18T00:11:11.027+0000][9787.862s][info][gc,marking    ] GC(486) Concurrent Scan Root Regions 1.543ms
[2026-06-18T00:11:11.027+0000][9787.862s][info][gc,marking    ] GC(486) Concurrent Mark (9787.862s)
[2026-06-18T00:11:11.027+0000][9787.862s][info][gc,marking    ] GC(486) Concurrent Mark From Roots
[2026-06-18T00:11:11.027+0000][9787.862s][info][gc,task       ] GC(486) Using 3 workers of 3 for marking
[2026-06-18T00:11:11.032+0000][9787.867s][info][gc,marking    ] GC(486) Concurrent Mark From Roots 5.109ms
[2026-06-18T00:11:11.032+0000][9787.867s][info][gc,marking    ] GC(486) Concurrent Preclean
[2026-06-18T00:11:11.032+0000][9787.867s][info][gc,marking    ] GC(486) Concurrent Preclean 0.173ms
[2026-06-18T00:11:11.032+0000][9787.867s][info][gc,marking    ] GC(486) Concurrent Mark (9787.862s, 9787.867s) 5.550ms
[2026-06-18T00:11:11.032+0000][9787.867s][info][gc,start      ] GC(486) Pause Remark
[2026-06-18T00:11:11.036+0000][9787.871s][info][gc,stringtable] GC(486) Cleaned string and symbol table, strings: 17344 processed, 0 removed, symbols: 125114 processed, 0 removed
[2026-06-18T00:11:11.036+0000][9787.871s][info][gc            ] GC(486) Pause Remark 208M->208M(512M) 3.820ms
[2026-06-18T00:11:11.036+0000][9787.871s][info][gc,cpu        ] GC(486) User=0.04s Sys=0.00s Real=0.00s
[2026-06-18T00:11:11.036+0000][9787.871s][info][gc,marking    ] GC(486) Concurrent Rebuild Remembered Sets
[2026-06-18T00:11:11.040+0000][9787.876s][info][gc,marking    ] GC(486) Concurrent Rebuild Remembered Sets 4.115ms
[2026-06-18T00:11:11.041+0000][9787.876s][info][gc,start      ] GC(486) Pause Cleanup
[2026-06-18T00:11:11.041+0000][9787.876s][info][gc            ] GC(486) Pause Cleanup 209M->209M(512M) 0.182ms
[2026-06-18T00:11:11.041+0000][9787.876s][info][gc,cpu        ] GC(486) User=0.00s Sys=0.00s Real=0.00s
[2026-06-18T00:11:11.041+0000][9787.876s][info][gc,marking    ] GC(486) Concurrent Cleanup for Next Mark
[2026-06-18T00:11:11.041+0000][9787.876s][info][gc,marking    ] GC(486) Concurrent Cleanup for Next Mark 0.136ms
[2026-06-18T00:11:11.041+0000][9787.876s][info][gc            ] GC(486) Concurrent Cycle 16.596ms
[2026-06-18T00:11:12.194+0000][9789.029s][info][gc,start      ] GC(487) Pause Young (Prepare Mixed) (G1 Evacuation Pause)
[2026-06-18T00:11:12.194+0000][9789.029s][info][gc,task       ] GC(487) Using 13 workers of 13 for evacuation
[2026-06-18T00:11:12.196+0000][9789.031s][info][gc,phases     ] GC(487)   Pre Evacuate Collection Set: 0.0ms
[2026-06-18T00:11:12.196+0000][9789.031s][info][gc,phases     ] GC(487)   Evacuate Collection Set: 1.6ms
[2026-06-18T00:11:12.196+0000][9789.031s][info][gc,phases     ] GC(487)   Post Evacuate Collection Set: 0.4ms
[2026-06-18T00:11:12.196+0000][9789.031s][info][gc,phases     ] GC(487)   Other: 0.2ms
[2026-06-18T00:11:12.196+0000][9789.031s][info][gc,heap       ] GC(487) Eden regions: 240->0(19)
[2026-06-18T00:11:12.196+0000][9789.031s][info][gc,heap       ] GC(487) Survivor regions: 10->6(32)
[2026-06-18T00:11:12.196+0000][9789.031s][info][gc,heap       ] GC(487) Old regions: 48->48
[2026-06-18T00:11:12.196+0000][9789.031s][info][gc,heap       ] GC(487) Humongous regions: 147->147
[2026-06-18T00:11:12.196+0000][9789.031s][info][gc,metaspace  ] GC(487) Metaspace: 52529K(55296K)->52529K(55296K) NonClass: 46589K(48128K)->46589K(48128K) Class: 5939K(7168K)->5939K(7168K)
[2026-06-18T00:11:12.196+0000][9789.031s][info][gc            ] GC(487) Pause Young (Prepare Mixed) (G1 Evacuation Pause) 444M->200M(512M) 2.727ms
[2026-06-18T00:11:12.196+0000][9789.031s][info][gc,cpu        ] GC(487) User=0.02s Sys=0.00s Real=0.00s
[2026-06-18T00:11:12.302+0000][9789.137s][info][gc,start      ] GC(488) Pause Young (Mixed) (G1 Evacuation Pause)
[2026-06-18T00:11:12.302+0000][9789.137s][info][gc,task       ] GC(488) Using 13 workers of 13 for evacuation
[2026-06-18T00:11:12.307+0000][9789.142s][info][gc,phases     ] GC(488)   Pre Evacuate Collection Set: 0.0ms
[2026-06-18T00:11:12.307+0000][9789.142s][info][gc,phases     ] GC(488)   Evacuate Collection Set: 3.9ms
[2026-06-18T00:11:12.307+0000][9789.142s][info][gc,phases     ] GC(488)   Post Evacuate Collection Set: 0.4ms
[2026-06-18T00:11:12.307+0000][9789.142s][info][gc,phases     ] GC(488)   Other: 0.4ms
[2026-06-18T00:11:12.307+0000][9789.142s][info][gc,heap       ] GC(488) Eden regions: 19->0(247)
[2026-06-18T00:11:12.307+0000][9789.142s][info][gc,heap       ] GC(488) Survivor regions: 6->2(4)
[2026-06-18T00:11:12.307+0000][9789.142s][info][gc,heap       ] GC(488) Old regions: 48->49
[2026-06-18T00:11:12.307+0000][9789.142s][info][gc,heap       ] GC(488) Humongous regions: 147->147
[2026-06-18T00:11:12.307+0000][9789.143s][info][gc,metaspace  ] GC(488) Metaspace: 52529K(55296K)->52529K(55296K) NonClass: 46589K(48128K)->46589K(48128K) Class: 5939K(7168K)->5939K(7168K)
[2026-06-18T00:11:12.308+0000][9789.143s][info][gc            ] GC(488) Pause Young (Mixed) (G1 Evacuation Pause) 219M->197M(512M) 5.429ms
[2026-06-18T00:11:12.308+0000][9789.143s][info][gc,cpu        ] GC(488) User=0.03s Sys=0.00s Real=0.00s
[2026-06-18T00:12:00.842+0000][9837.678s][info][gc,start      ] GC(489) Pause Young (Normal) (G1 Evacuation Pause)
[2026-06-18T00:12:00.842+0000][9837.678s][info][gc,task       ] GC(489) Using 13 workers of 13 for evacuation
[2026-06-18T00:12:00.845+0000][9837.680s][info][gc,phases     ] GC(489)   Pre Evacuate Collection Set: 0.0ms
[2026-06-18T00:12:00.845+0000][9837.681s][info][gc,phases     ] GC(489)   Evacuate Collection Set: 1.9ms
[2026-06-18T00:12:00.845+0000][9837.681s][info][gc,phases     ] GC(489)   Post Evacuate Collection Set: 0.3ms
[2026-06-18T00:12:00.845+0000][9837.681s][info][gc,phases     ] GC(489)   Other: 0.3ms
[2026-06-18T00:12:00.845+0000][9837.681s][info][gc,heap       ] GC(489) Eden regions: 247->0(240)
[2026-06-18T00:12:00.845+0000][9837.681s][info][gc,heap       ] GC(489) Survivor regions: 2->8(32)
[2026-06-18T00:12:00.845+0000][9837.681s][info][gc,heap       ] GC(489) Old regions: 49->49
[2026-06-18T00:12:00.845+0000][9837.681s][info][gc,heap       ] GC(489) Humongous regions: 147->147
[2026-06-18T00:12:00.845+0000][9837.681s][info][gc,metaspace  ] GC(489) Metaspace: 52534K(55296K)->52534K(55296K) NonClass: 46595K(48128K)->46595K(48128K) Class: 5939K(7168K)->5939K(7168K)
[2026-06-18T00:12:00.845+0000][9837.681s][info][gc            ] GC(489) Pause Young (Normal) (G1 Evacuation Pause) 444M->203M(512M) 3.134ms
[2026-06-18T00:12:00.845+0000][9837.681s][info][gc,cpu        ] GC(489) User=0.02s Sys=0.00s Real=0.00s
[2026-06-18T00:12:02.311+0000][9839.147s][info][gc,start      ] GC(490) Pause Young (Normal) (G1 Evacuation Pause)
[2026-06-18T00:12:02.311+0000][9839.147s][info][gc,task       ] GC(490) Using 13 workers of 13 for evacuation
[2026-06-18T00:12:02.315+0000][9839.151s][info][gc,phases     ] GC(490)   Pre Evacuate Collection Set: 0.0ms
[2026-06-18T00:12:02.315+0000][9839.151s][info][gc,phases     ] GC(490)   Evacuate Collection Set: 3.2ms
[2026-06-18T00:12:02.315+0000][9839.151s][info][gc,phases     ] GC(490)   Post Evacuate Collection Set: 0.4ms
[2026-06-18T00:12:02.315+0000][9839.151s][info][gc,phases     ] GC(490)   Other: 0.2ms
[2026-06-18T00:12:02.315+0000][9839.151s][info][gc,heap       ] GC(490) Eden regions: 240->0(242)
[2026-06-18T00:12:02.315+0000][9839.151s][info][gc,heap       ] GC(490) Survivor regions: 8->6(31)
[2026-06-18T00:12:02.315+0000][9839.151s][info][gc,heap       ] GC(490) Old regions: 49->49
[2026-06-18T00:12:02.315+0000][9839.151s][info][gc,heap       ] GC(490) Humongous regions: 147->147
[2026-06-18T00:12:02.316+0000][9839.151s][info][gc,metaspace  ] GC(490) Metaspace: 52534K(55296K)->52534K(55296K) NonClass: 46595K(48128K)->46595K(48128K) Class: 5939K(7168K)->5939K(7168K)
[2026-06-18T00:12:02.316+0000][9839.151s][info][gc            ] GC(490) Pause Young (Normal) (G1 Evacuation Pause) 443M->201M(512M) 4.230ms
[2026-06-18T00:12:02.316+0000][9839.151s][info][gc,cpu        ] GC(490) User=0.03s Sys=0.00s Real=0.00s
[2026-06-18T00:12:03.678+0000][9840.513s][info][gc,start      ] GC(491) Pause Young (Concurrent Start) (G1 Evacuation Pause)
[2026-06-18T00:12:03.678+0000][9840.513s][info][gc,task       ] GC(491) Using 13 workers of 13 for evacuation
[2026-06-18T00:12:03.681+0000][9840.516s][info][gc,phases     ] GC(491)   Pre Evacuate Collection Set: 0.3ms
[2026-06-18T00:12:03.681+0000][9840.517s][info][gc,phases     ] GC(491)   Evacuate Collection Set: 2.2ms
[2026-06-18T00:12:03.681+0000][9840.517s][info][gc,phases     ] GC(491)   Post Evacuate Collection Set: 0.4ms
[2026-06-18T00:12:03.681+0000][9840.517s][info][gc,phases     ] GC(491)   Other: 0.3ms
[2026-06-18T00:12:03.681+0000][9840.517s][info][gc,heap       ] GC(491) Eden regions: 242->0(238)
[2026-06-18T00:12:03.681+0000][9840.517s][info][gc,heap       ] GC(491) Survivor regions: 6->9(31)
[2026-06-18T00:12:03.681+0000][9840.517s][info][gc,heap       ] GC(491) Old regions: 49->49
[2026-06-18T00:12:03.681+0000][9840.517s][info][gc,heap       ] GC(491) Humongous regions: 147->147
[2026-06-18T00:12:03.681+0000][9840.517s][info][gc,metaspace  ] GC(491) Metaspace: 52534K(55296K)->52534K(55296K) NonClass: 46595K(48128K)->46595K(48128K) Class: 5939K(7168K)->5939K(7168K)
[2026-06-18T00:12:03.681+0000][9840.517s][info][gc            ] GC(491) Pause Young (Concurrent Start) (G1 Evacuation Pause) 443M->204M(512M) 3.795ms
[2026-06-18T00:12:03.681+0000][9840.517s][info][gc,cpu        ] GC(491) User=0.02s Sys=0.00s Real=0.00s
[2026-06-18T00:12:03.682+0000][9840.517s][info][gc            ] GC(492) Concurrent Cycle
[2026-06-18T00:12:03.682+0000][9840.517s][info][gc,marking    ] GC(492) Concurrent Clear Claimed Marks
[2026-06-18T00:12:03.682+0000][9840.518s][info][gc,marking    ] GC(492) Concurrent Clear Claimed Marks 0.341ms
[2026-06-18T00:12:03.682+0000][9840.518s][info][gc,marking    ] GC(492) Concurrent Scan Root Regions
[2026-06-18T00:12:03.683+0000][9840.519s][info][gc,marking    ] GC(492) Concurrent Scan Root Regions 1.436ms
[2026-06-18T00:12:03.683+0000][9840.519s][info][gc,marking    ] GC(492) Concurrent Mark (9840.519s)
[2026-06-18T00:12:03.684+0000][9840.519s][info][gc,marking    ] GC(492) Concurrent Mark From Roots
[2026-06-18T00:12:03.684+0000][9840.519s][info][gc,task       ] GC(492) Using 3 workers of 3 for marking
[2026-06-18T00:12:03.689+0000][9840.525s][info][gc,marking    ] GC(492) Concurrent Mark From Roots 5.388ms
[2026-06-18T00:12:03.689+0000][9840.525s][info][gc,marking    ] GC(492) Concurrent Preclean
[2026-06-18T00:12:03.689+0000][9840.525s][info][gc,marking    ] GC(492) Concurrent Preclean 0.180ms
[2026-06-18T00:12:03.689+0000][9840.525s][info][gc,marking    ] GC(492) Concurrent Mark (9840.519s, 9840.525s) 5.806ms
[2026-06-18T00:12:03.690+0000][9840.525s][info][gc,start      ] GC(492) Pause Remark
[2026-06-18T00:12:03.692+0000][9840.528s][info][gc,stringtable] GC(492) Cleaned string and symbol table, strings: 17346 processed, 0 removed, symbols: 125114 processed, 0 removed
[2026-06-18T00:12:03.693+0000][9840.528s][info][gc            ] GC(492) Pause Remark 208M->208M(512M) 3.026ms
[2026-06-18T00:12:03.693+0000][9840.528s][info][gc,cpu        ] GC(492) User=0.02s Sys=0.00s Real=0.00s
[2026-06-18T00:12:03.693+0000][9840.528s][info][gc,marking    ] GC(492) Concurrent Rebuild Remembered Sets
[2026-06-18T00:12:03.698+0000][9840.533s][info][gc,marking    ] GC(492) Concurrent Rebuild Remembered Sets 4.751ms
[2026-06-18T00:12:03.698+0000][9840.534s][info][gc,start      ] GC(492) Pause Cleanup
[2026-06-18T00:12:03.698+0000][9840.534s][info][gc            ] GC(492) Pause Cleanup 209M->209M(512M) 0.188ms
[2026-06-18T00:12:03.698+0000][9840.534s][info][gc,cpu        ] GC(492) User=0.00s Sys=0.00s Real=0.00s
[2026-06-18T00:12:03.698+0000][9840.534s][info][gc,marking    ] GC(492) Concurrent Cleanup for Next Mark
[2026-06-18T00:12:03.699+0000][9840.534s][info][gc,marking    ] GC(492) Concurrent Cleanup for Next Mark 0.164ms
[2026-06-18T00:12:03.699+0000][9840.534s][info][gc            ] GC(492) Concurrent Cycle 17.166ms
[2026-06-18T00:12:32.647+0000][9869.484s][info][gc,start      ] GC(493) Pause Young (Prepare Mixed) (G1 Evacuation Pause)
[2026-06-18T00:12:32.648+0000][9869.484s][info][gc,task       ] GC(493) Using 13 workers of 13 for evacuation
[2026-06-18T00:12:32.651+0000][9869.487s][info][gc,phases     ] GC(493)   Pre Evacuate Collection Set: 0.0ms
[2026-06-18T00:12:32.651+0000][9869.487s][info][gc,phases     ] GC(493)   Evacuate Collection Set: 2.4ms
[2026-06-18T00:12:32.651+0000][9869.487s][info][gc,phases     ] GC(493)   Post Evacuate Collection Set: 0.4ms
[2026-06-18T00:12:32.651+0000][9869.487s][info][gc,phases     ] GC(493)   Other: 0.3ms
[2026-06-18T00:12:32.651+0000][9869.487s][info][gc,heap       ] GC(493) Eden regions: 238->0(19)
[2026-06-18T00:12:32.651+0000][9869.487s][info][gc,heap       ] GC(493) Survivor regions: 9->6(31)
[2026-06-18T00:12:32.651+0000][9869.487s][info][gc,heap       ] GC(493) Old regions: 49->49
[2026-06-18T00:12:32.651+0000][9869.487s][info][gc,heap       ] GC(493) Humongous regions: 147->147
[2026-06-18T00:12:32.651+0000][9869.487s][info][gc,metaspace  ] GC(493) Metaspace: 52534K(55296K)->52534K(55296K) NonClass: 46595K(48128K)->46595K(48128K) Class: 5939K(7168K)->5939K(7168K)
[2026-06-18T00:12:32.651+0000][9869.487s][info][gc            ] GC(493) Pause Young (Prepare Mixed) (G1 Evacuation Pause) 442M->201M(512M) 3.599ms
[2026-06-18T00:12:32.651+0000][9869.487s][info][gc,cpu        ] GC(493) User=0.03s Sys=0.00s Real=0.00s
[2026-06-18T00:12:52.123+0000][9888.959s][info][gc,start      ] GC(494) Pause Young (Mixed) (G1 Evacuation Pause)
[2026-06-18T00:12:52.124+0000][9888.960s][info][gc,task       ] GC(494) Using 13 workers of 13 for evacuation
[2026-06-18T00:12:52.128+0000][9888.964s][info][gc,phases     ] GC(494)   Pre Evacuate Collection Set: 0.0ms
[2026-06-18T00:12:52.128+0000][9888.964s][info][gc,phases     ] GC(494)   Evacuate Collection Set: 3.7ms
[2026-06-18T00:12:52.128+0000][9888.964s][info][gc,phases     ] GC(494)   Post Evacuate Collection Set: 0.3ms
[2026-06-18T00:12:52.128+0000][9888.964s][info][gc,phases     ] GC(494)   Other: 0.4ms
[2026-06-18T00:12:52.128+0000][9888.964s][info][gc,heap       ] GC(494) Eden regions: 19->0(245)
[2026-06-18T00:12:52.128+0000][9888.964s][info][gc,heap       ] GC(494) Survivor regions: 6->2(4)
[2026-06-18T00:12:52.128+0000][9888.964s][info][gc,heap       ] GC(494) Old regions: 49->50
[2026-06-18T00:12:52.128+0000][9888.964s][info][gc,heap       ] GC(494) Humongous regions: 147->147
[2026-06-18T00:12:52.128+0000][9888.964s][info][gc,metaspace  ] GC(494) Metaspace: 52534K(55296K)->52534K(55296K) NonClass: 46595K(48128K)->46595K(48128K) Class: 5939K(7168K)->5939K(7168K)
[2026-06-18T00:12:52.128+0000][9888.964s][info][gc            ] GC(494) Pause Young (Mixed) (G1 Evacuation Pause) 220M->197M(512M) 4.916ms
[2026-06-18T00:12:52.128+0000][9888.964s][info][gc,cpu        ] GC(494) User=0.02s Sys=0.00s Real=0.01s
[2026-06-18T00:12:53.718+0000][9890.554s][info][gc,start      ] GC(495) Pause Young (Normal) (G1 Evacuation Pause)
[2026-06-18T00:12:53.718+0000][9890.555s][info][gc,task       ] GC(495) Using 13 workers of 13 for evacuation
[2026-06-18T00:12:53.722+0000][9890.558s][info][gc,phases     ] GC(495)   Pre Evacuate Collection Set: 0.0ms
[2026-06-18T00:12:53.722+0000][9890.559s][info][gc,phases     ] GC(495)   Evacuate Collection Set: 3.3ms
[2026-06-18T00:12:53.723+0000][9890.559s][info][gc,phases     ] GC(495)   Post Evacuate Collection Set: 0.5ms
[2026-06-18T00:12:53.723+0000][9890.559s][info][gc,phases     ] GC(495)   Other: 0.3ms
[2026-06-18T00:12:53.723+0000][9890.559s][info][gc,heap       ] GC(495) Eden regions: 245->0(238)
[2026-06-18T00:12:53.723+0000][9890.559s][info][gc,heap       ] GC(495) Survivor regions: 2->8(31)
[2026-06-18T00:12:53.723+0000][9890.559s][info][gc,heap       ] GC(495) Old regions: 50->50
[2026-06-18T00:12:53.723+0000][9890.559s][info][gc,heap       ] GC(495) Humongous regions: 147->147
[2026-06-18T00:12:53.723+0000][9890.559s][info][gc,metaspace  ] GC(495) Metaspace: 52534K(55296K)->52534K(55296K) NonClass: 46595K(48128K)->46595K(48128K) Class: 5939K(7168K)->5939K(7168K)
[2026-06-18T00:12:53.723+0000][9890.559s][info][gc            ] GC(495) Pause Young (Normal) (G1 Evacuation Pause) 442M->203M(512M) 4.495ms
[2026-06-18T00:12:53.723+0000][9890.559s][info][gc,cpu        ] GC(495) User=0.04s Sys=0.00s Real=0.00s
[2026-06-18T00:12:54.972+0000][9891.808s][info][gc,start      ] GC(496) Pause Young (Normal) (G1 Evacuation Pause)
[2026-06-18T00:12:54.973+0000][9891.809s][info][gc,task       ] GC(496) Using 13 workers of 13 for evacuation
[2026-06-18T00:12:54.974+0000][9891.810s][info][gc,phases     ] GC(496)   Pre Evacuate Collection Set: 0.0ms
[2026-06-18T00:12:54.974+0000][9891.810s][info][gc,phases     ] GC(496)   Evacuate Collection Set: 1.2ms
[2026-06-18T00:12:54.975+0000][9891.811s][info][gc,phases     ] GC(496)   Post Evacuate Collection Set: 0.3ms
[2026-06-18T00:12:54.975+0000][9891.811s][info][gc,phases     ] GC(496)   Other: 0.4ms
[2026-06-18T00:12:54.975+0000][9891.811s][info][gc,heap       ] GC(496) Eden regions: 238->0(242)
[2026-06-18T00:12:54.975+0000][9891.811s][info][gc,heap       ] GC(496) Survivor regions: 8->5(31)
[2026-06-18T00:12:54.975+0000][9891.811s][info][gc,heap       ] GC(496) Old regions: 50->50
[2026-06-18T00:12:54.975+0000][9891.811s][info][gc,heap       ] GC(496) Humongous regions: 147->147
[2026-06-18T00:12:54.975+0000][9891.811s][info][gc,metaspace  ] GC(496) Metaspace: 52534K(55296K)->52534K(55296K) NonClass: 46595K(48128K)->46595K(48128K) Class: 5939K(7168K)->5939K(7168K)
[2026-06-18T00:12:54.975+0000][9891.811s][info][gc            ] GC(496) Pause Young (Normal) (G1 Evacuation Pause) 441M->200M(512M) 2.425ms
[2026-06-18T00:12:54.975+0000][9891.811s][info][gc,cpu        ] GC(496) User=0.02s Sys=0.00s Real=0.00s
[2026-06-18T00:12:56.169+0000][9893.005s][info][gc,start      ] GC(497) Pause Young (Concurrent Start) (G1 Evacuation Pause)
[2026-06-18T00:12:56.170+0000][9893.006s][info][gc,task       ] GC(497) Using 13 workers of 13 for evacuation
[2026-06-18T00:12:56.173+0000][9893.009s][info][gc,phases     ] GC(497)   Pre Evacuate Collection Set: 0.3ms
[2026-06-18T00:12:56.173+0000][9893.009s][info][gc,phases     ] GC(497)   Evacuate Collection Set: 2.2ms
[2026-06-18T00:12:56.173+0000][9893.009s][info][gc,phases     ] GC(497)   Post Evacuate Collection Set: 0.4ms
[2026-06-18T00:12:56.173+0000][9893.009s][info][gc,phases     ] GC(497)   Other: 0.3ms
[2026-06-18T00:12:56.173+0000][9893.009s][info][gc,heap       ] GC(497) Eden regions: 242->0(237)
[2026-06-18T00:12:56.173+0000][9893.009s][info][gc,heap       ] GC(497) Survivor regions: 5->9(31)
[2026-06-18T00:12:56.173+0000][9893.009s][info][gc,heap       ] GC(497) Old regions: 50->50
[2026-06-18T00:12:56.173+0000][9893.009s][info][gc,heap       ] GC(497) Humongous regions: 147->147
[2026-06-18T00:12:56.173+0000][9893.009s][info][gc,metaspace  ] GC(497) Metaspace: 52534K(55296K)->52534K(55296K) NonClass: 46595K(48128K)->46595K(48128K) Class: 5939K(7168K)->5939K(7168K)
[2026-06-18T00:12:56.173+0000][9893.009s][info][gc            ] GC(497) Pause Young (Concurrent Start) (G1 Evacuation Pause) 442M->204M(512M) 3.542ms
[2026-06-18T00:12:56.173+0000][9893.009s][info][gc,cpu        ] GC(497) User=0.02s Sys=0.00s Real=0.00s
[2026-06-18T00:12:56.173+0000][9893.009s][info][gc            ] GC(498) Concurrent Cycle
[2026-06-18T00:12:56.173+0000][9893.009s][info][gc,marking    ] GC(498) Concurrent Clear Claimed Marks
[2026-06-18T00:12:56.173+0000][9893.009s][info][gc,marking    ] GC(498) Concurrent Clear Claimed Marks 0.231ms
[2026-06-18T00:12:56.173+0000][9893.009s][info][gc,marking    ] GC(498) Concurrent Scan Root Regions
[2026-06-18T00:12:56.175+0000][9893.011s][info][gc,marking    ] GC(498) Concurrent Scan Root Regions 1.345ms
[2026-06-18T00:12:56.175+0000][9893.011s][info][gc,marking    ] GC(498) Concurrent Mark (9893.011s)
[2026-06-18T00:12:56.175+0000][9893.011s][info][gc,marking    ] GC(498) Concurrent Mark From Roots
[2026-06-18T00:12:56.175+0000][9893.011s][info][gc,task       ] GC(498) Using 3 workers of 3 for marking
[2026-06-18T00:12:56.180+0000][9893.016s][info][gc,marking    ] GC(498) Concurrent Mark From Roots 5.279ms
[2026-06-18T00:12:56.180+0000][9893.016s][info][gc,marking    ] GC(498) Concurrent Preclean
[2026-06-18T00:12:56.181+0000][9893.017s][info][gc,marking    ] GC(498) Concurrent Preclean 0.158ms
[2026-06-18T00:12:56.181+0000][9893.017s][info][gc,marking    ] GC(498) Concurrent Mark (9893.011s, 9893.017s) 5.683ms
[2026-06-18T00:12:56.181+0000][9893.017s][info][gc,start      ] GC(498) Pause Remark
[2026-06-18T00:12:56.183+0000][9893.019s][info][gc,stringtable] GC(498) Cleaned string and symbol table, strings: 17350 processed, 0 removed, symbols: 125114 processed, 0 removed
[2026-06-18T00:12:56.183+0000][9893.019s][info][gc            ] GC(498) Pause Remark 208M->208M(512M) 2.628ms
[2026-06-18T00:12:56.183+0000][9893.019s][info][gc,cpu        ] GC(498) User=0.02s Sys=0.00s Real=0.00s
[2026-06-18T00:12:56.184+0000][9893.020s][info][gc,marking    ] GC(498) Concurrent Rebuild Remembered Sets
[2026-06-18T00:12:56.187+0000][9893.023s][info][gc,marking    ] GC(498) Concurrent Rebuild Remembered Sets 3.939ms
[2026-06-18T00:12:56.188+0000][9893.024s][info][gc,start      ] GC(498) Pause Cleanup
[2026-06-18T00:12:56.188+0000][9893.024s][info][gc            ] GC(498) Pause Cleanup 209M->209M(512M) 0.169ms
[2026-06-18T00:12:56.188+0000][9893.024s][info][gc,cpu        ] GC(498) User=0.00s Sys=0.00s Real=0.00s
[2026-06-18T00:12:56.188+0000][9893.024s][info][gc,marking    ] GC(498) Concurrent Cleanup for Next Mark
[2026-06-18T00:12:56.188+0000][9893.024s][info][gc,marking    ] GC(498) Concurrent Cleanup for Next Mark 0.191ms
[2026-06-18T00:12:56.188+0000][9893.024s][info][gc            ] GC(498) Concurrent Cycle 15.091ms
[2026-06-18T00:13:44.571+0000][9941.407s][info][gc,start      ] GC(499) Pause Young (Prepare Mixed) (G1 Evacuation Pause)
[2026-06-18T00:13:44.571+0000][9941.407s][info][gc,task       ] GC(499) Using 13 workers of 13 for evacuation
[2026-06-18T00:13:44.573+0000][9941.409s][info][gc,phases     ] GC(499)   Pre Evacuate Collection Set: 0.0ms
[2026-06-18T00:13:44.573+0000][9941.410s][info][gc,phases     ] GC(499)   Evacuate Collection Set: 1.5ms
[2026-06-18T00:13:44.573+0000][9941.410s][info][gc,phases     ] GC(499)   Post Evacuate Collection Set: 0.3ms
[2026-06-18T00:13:44.573+0000][9941.410s][info][gc,phases     ] GC(499)   Other: 0.3ms
[2026-06-18T00:13:44.573+0000][9941.410s][info][gc,heap       ] GC(499) Eden regions: 237->0(20)
[2026-06-18T00:13:44.573+0000][9941.410s][info][gc,heap       ] GC(499) Survivor regions: 9->5(31)
[2026-06-18T00:13:44.573+0000][9941.410s][info][gc,heap       ] GC(499) Old regions: 50->50
[2026-06-18T00:13:44.573+0000][9941.410s][info][gc,heap       ] GC(499) Humongous regions: 147->147
[2026-06-18T00:13:44.573+0000][9941.410s][info][gc,metaspace  ] GC(499) Metaspace: 52537K(55296K)->52537K(55296K) NonClass: 46597K(48128K)->46597K(48128K) Class: 5939K(7168K)->5939K(7168K)
[2026-06-18T00:13:44.573+0000][9941.410s][info][gc            ] GC(499) Pause Young (Prepare Mixed) (G1 Evacuation Pause) 441M->201M(512M) 2.601ms
[2026-06-18T00:13:44.573+0000][9941.410s][info][gc,cpu        ] GC(499) User=0.02s Sys=0.00s Real=0.00s
[2026-06-18T00:13:44.695+0000][9941.531s][info][gc,start      ] GC(500) Pause Young (Mixed) (G1 Evacuation Pause)
[2026-06-18T00:13:44.695+0000][9941.532s][info][gc,task       ] GC(500) Using 13 workers of 13 for evacuation
[2026-06-18T00:13:44.698+0000][9941.535s][info][gc,phases     ] GC(500)   Pre Evacuate Collection Set: 0.0ms
[2026-06-18T00:13:44.698+0000][9941.535s][info][gc,phases     ] GC(500)   Evacuate Collection Set: 3.0ms
[2026-06-18T00:13:44.698+0000][9941.535s][info][gc,phases     ] GC(500)   Post Evacuate Collection Set: 0.3ms
[2026-06-18T00:13:44.699+0000][9941.535s][info][gc,phases     ] GC(500)   Other: 0.3ms
[2026-06-18T00:13:44.699+0000][9941.535s][info][gc,heap       ] GC(500) Eden regions: 20->0(246)
[2026-06-18T00:13:44.699+0000][9941.535s][info][gc,heap       ] GC(500) Survivor regions: 5->2(4)
[2026-06-18T00:13:44.699+0000][9941.535s][info][gc,heap       ] GC(500) Old regions: 50->48
[2026-06-18T00:13:44.699+0000][9941.535s][info][gc,heap       ] GC(500) Humongous regions: 147->147
[2026-06-18T00:13:44.699+0000][9941.536s][info][gc,metaspace  ] GC(500) Metaspace: 52537K(55296K)->52537K(55296K) NonClass: 46597K(48128K)->46597K(48128K) Class: 5939K(7168K)->5939K(7168K)
[2026-06-18T00:13:44.699+0000][9941.536s][info][gc            ] GC(500) Pause Young (Mixed) (G1 Evacuation Pause) 221M->196M(512M) 4.152ms
[2026-06-18T00:13:44.699+0000][9941.536s][info][gc,cpu        ] GC(500) User=0.03s Sys=0.00s Real=0.01s
[2026-06-18T00:13:46.257+0000][9943.093s][info][gc,start      ] GC(501) Pause Young (Normal) (G1 Evacuation Pause)
[2026-06-18T00:13:46.257+0000][9943.093s][info][gc,task       ] GC(501) Using 13 workers of 13 for evacuation
[2026-06-18T00:13:46.259+0000][9943.096s][info][gc,phases     ] GC(501)   Pre Evacuate Collection Set: 0.0ms
[2026-06-18T00:13:46.259+0000][9943.096s][info][gc,phases     ] GC(501)   Evacuate Collection Set: 1.8ms
[2026-06-18T00:13:46.259+0000][9943.096s][info][gc,phases     ] GC(501)   Post Evacuate Collection Set: 0.4ms
[2026-06-18T00:13:46.259+0000][9943.096s][info][gc,phases     ] GC(501)   Other: 0.3ms
[2026-06-18T00:13:46.259+0000][9943.096s][info][gc,heap       ] GC(501) Eden regions: 246->0(240)
[2026-06-18T00:13:46.259+0000][9943.096s][info][gc,heap       ] GC(501) Survivor regions: 2->8(31)
[2026-06-18T00:13:46.259+0000][9943.096s][info][gc,heap       ] GC(501) Old regions: 48->48
[2026-06-18T00:13:46.260+0000][9943.096s][info][gc,heap       ] GC(501) Humongous regions: 147->147
[2026-06-18T00:13:46.260+0000][9943.096s][info][gc,metaspace  ] GC(501) Metaspace: 52537K(55296K)->52537K(55296K) NonClass: 46597K(48128K)->46597K(48128K) Class: 5939K(7168K)->5939K(7168K)
[2026-06-18T00:13:46.260+0000][9943.096s][info][gc            ] GC(501) Pause Young (Normal) (G1 Evacuation Pause) 442M->202M(512M) 3.020ms
[2026-06-18T00:13:46.260+0000][9943.096s][info][gc,cpu        ] GC(501) User=0.03s Sys=0.00s Real=0.00s
[2026-06-18T00:13:47.567+0000][9944.404s][info][gc,start      ] GC(502) Pause Young (Normal) (G1 Evacuation Pause)
[2026-06-18T00:13:47.567+0000][9944.404s][info][gc,task       ] GC(502) Using 13 workers of 13 for evacuation
[2026-06-18T00:13:47.569+0000][9944.406s][info][gc,phases     ] GC(502)   Pre Evacuate Collection Set: 0.0ms
[2026-06-18T00:13:47.569+0000][9944.406s][info][gc,phases     ] GC(502)   Evacuate Collection Set: 1.2ms
[2026-06-18T00:13:47.569+0000][9944.406s][info][gc,phases     ] GC(502)   Post Evacuate Collection Set: 0.3ms
[2026-06-18T00:13:47.569+0000][9944.406s][info][gc,phases     ] GC(502)   Other: 0.3ms
[2026-06-18T00:13:47.569+0000][9944.406s][info][gc,heap       ] GC(502) Eden regions: 240->0(244)
[2026-06-18T00:13:47.569+0000][9944.406s][info][gc,heap       ] GC(502) Survivor regions: 8->5(31)
[2026-06-18T00:13:47.569+0000][9944.406s][info][gc,heap       ] GC(502) Old regions: 48->48
[2026-06-18T00:13:47.569+0000][9944.406s][info][gc,heap       ] GC(502) Humongous regions: 147->147
[2026-06-18T00:13:47.569+0000][9944.406s][info][gc,metaspace  ] GC(502) Metaspace: 52537K(55296K)->52537K(55296K) NonClass: 46597K(48128K)->46597K(48128K) Class: 5939K(7168K)->5939K(7168K)
[2026-06-18T00:13:47.569+0000][9944.406s][info][gc            ] GC(502) Pause Young (Normal) (G1 Evacuation Pause) 442M->199M(512M) 2.233ms
[2026-06-18T00:13:47.569+0000][9944.406s][info][gc,cpu        ] GC(502) User=0.02s Sys=0.00s Real=0.00s
[2026-06-18T00:13:48.778+0000][9945.614s][info][gc,start      ] GC(503) Pause Young (Concurrent Start) (G1 Evacuation Pause)
[2026-06-18T00:13:48.778+0000][9945.615s][info][gc,task       ] GC(503) Using 13 workers of 13 for evacuation
[2026-06-18T00:13:48.781+0000][9945.618s][info][gc,phases     ] GC(503)   Pre Evacuate Collection Set: 0.3ms
[2026-06-18T00:13:48.781+0000][9945.618s][info][gc,phases     ] GC(503)   Evacuate Collection Set: 2.3ms
[2026-06-18T00:13:48.781+0000][9945.618s][info][gc,phases     ] GC(503)   Post Evacuate Collection Set: 0.3ms
[2026-06-18T00:13:48.781+0000][9945.618s][info][gc,phases     ] GC(503)   Other: 0.3ms
[2026-06-18T00:13:48.781+0000][9945.618s][info][gc,heap       ] GC(503) Eden regions: 244->0(240)
[2026-06-18T00:13:48.781+0000][9945.618s][info][gc,heap       ] GC(503) Survivor regions: 5->9(32)
[2026-06-18T00:13:48.781+0000][9945.618s][info][gc,heap       ] GC(503) Old regions: 48->48
[2026-06-18T00:13:48.781+0000][9945.618s][info][gc,heap       ] GC(503) Humongous regions: 147->147
[2026-06-18T00:13:48.781+0000][9945.618s][info][gc,metaspace  ] GC(503) Metaspace: 52537K(55296K)->52537K(55296K) NonClass: 46597K(48128K)->46597K(48128K) Class: 5939K(7168K)->5939K(7168K)
[2026-06-18T00:13:48.781+0000][9945.618s][info][gc            ] GC(503) Pause Young (Concurrent Start) (G1 Evacuation Pause) 443M->203M(512M) 3.790ms
[2026-06-18T00:13:48.782+0000][9945.618s][info][gc,cpu        ] GC(503) User=0.03s Sys=0.00s Real=0.00s
[2026-06-18T00:13:48.782+0000][9945.618s][info][gc            ] GC(504) Concurrent Cycle
[2026-06-18T00:13:48.782+0000][9945.618s][info][gc,marking    ] GC(504) Concurrent Clear Claimed Marks
[2026-06-18T00:13:48.782+0000][9945.619s][info][gc,marking    ] GC(504) Concurrent Clear Claimed Marks 0.210ms
[2026-06-18T00:13:48.782+0000][9945.619s][info][gc,marking    ] GC(504) Concurrent Scan Root Regions
[2026-06-18T00:13:48.783+0000][9945.620s][info][gc,marking    ] GC(504) Concurrent Scan Root Regions 1.460ms
[2026-06-18T00:13:48.783+0000][9945.620s][info][gc,marking    ] GC(504) Concurrent Mark (9945.620s)
[2026-06-18T00:13:48.784+0000][9945.620s][info][gc,marking    ] GC(504) Concurrent Mark From Roots
[2026-06-18T00:13:48.784+0000][9945.620s][info][gc,task       ] GC(504) Using 3 workers of 3 for marking
[2026-06-18T00:13:48.789+0000][9945.626s][info][gc,marking    ] GC(504) Concurrent Mark From Roots 5.455ms
[2026-06-18T00:13:48.789+0000][9945.626s][info][gc,marking    ] GC(504) Concurrent Preclean
[2026-06-18T00:13:48.789+0000][9945.626s][info][gc,marking    ] GC(504) Concurrent Preclean 0.199ms
[2026-06-18T00:13:48.790+0000][9945.626s][info][gc,marking    ] GC(504) Concurrent Mark (9945.620s, 9945.626s) 6.060ms
[2026-06-18T00:13:48.790+0000][9945.627s][info][gc,start      ] GC(504) Pause Remark
[2026-06-18T00:13:48.792+0000][9945.629s][info][gc,stringtable] GC(504) Cleaned string and symbol table, strings: 17350 processed, 0 removed, symbols: 125114 processed, 0 removed
[2026-06-18T00:13:48.793+0000][9945.629s][info][gc            ] GC(504) Pause Remark 207M->207M(512M) 2.651ms
[2026-06-18T00:13:48.793+0000][9945.629s][info][gc,cpu        ] GC(504) User=0.02s Sys=0.01s Real=0.00s
[2026-06-18T00:13:48.793+0000][9945.630s][info][gc,marking    ] GC(504) Concurrent Rebuild Remembered Sets
[2026-06-18T00:13:48.798+0000][9945.634s][info][gc,marking    ] GC(504) Concurrent Rebuild Remembered Sets 4.713ms
[2026-06-18T00:13:48.798+0000][9945.635s][info][gc,start      ] GC(504) Pause Cleanup
[2026-06-18T00:13:48.798+0000][9945.635s][info][gc            ] GC(504) Pause Cleanup 208M->208M(512M) 0.201ms
[2026-06-18T00:13:48.798+0000][9945.635s][info][gc,cpu        ] GC(504) User=0.00s Sys=0.00s Real=0.00s
[2026-06-18T00:13:48.798+0000][9945.635s][info][gc,marking    ] GC(504) Concurrent Cleanup for Next Mark
[2026-06-18T00:13:48.798+0000][9945.635s][info][gc,marking    ] GC(504) Concurrent Cleanup for Next Mark 0.157ms
[2026-06-18T00:13:48.798+0000][9945.635s][info][gc            ] GC(504) Concurrent Cycle 16.911ms
[2026-06-18T00:14:37.517+0000][9994.353s][info][gc,start      ] GC(505) Pause Young (Prepare Mixed) (G1 Evacuation Pause)
[2026-06-18T00:14:37.517+0000][9994.354s][info][gc,task       ] GC(505) Using 13 workers of 13 for evacuation
[2026-06-18T00:14:37.524+0000][9994.361s][info][gc,phases     ] GC(505)   Pre Evacuate Collection Set: 0.0ms
[2026-06-18T00:14:37.524+0000][9994.361s][info][gc,phases     ] GC(505)   Evacuate Collection Set: 6.6ms
[2026-06-18T00:14:37.524+0000][9994.361s][info][gc,phases     ] GC(505)   Post Evacuate Collection Set: 0.5ms
[2026-06-18T00:14:37.524+0000][9994.361s][info][gc,phases     ] GC(505)   Other: 0.3ms
[2026-06-18T00:14:37.524+0000][9994.361s][info][gc,heap       ] GC(505) Eden regions: 240->0(20)
[2026-06-18T00:14:37.525+0000][9994.361s][info][gc,heap       ] GC(505) Survivor regions: 9->5(32)
[2026-06-18T00:14:37.525+0000][9994.362s][info][gc,heap       ] GC(505) Old regions: 48->48
[2026-06-18T00:14:37.525+0000][9994.362s][info][gc,heap       ] GC(505) Humongous regions: 147->147
[2026-06-18T00:14:37.525+0000][9994.362s][info][gc,metaspace  ] GC(505) Metaspace: 52538K(55296K)->52538K(55296K) NonClass: 46598K(48128K)->46598K(48128K) Class: 5939K(7168K)->5939K(7168K)
[2026-06-18T00:14:37.526+0000][9994.363s][info][gc            ] GC(505) Pause Young (Prepare Mixed) (G1 Evacuation Pause) 443M->199M(512M) 9.113ms
[2026-06-18T00:14:37.526+0000][9994.363s][info][gc,cpu        ] GC(505) User=0.09s Sys=0.00s Real=0.00s
[2026-06-18T00:14:37.657+0000][9994.494s][info][gc,start      ] GC(506) Pause Young (Mixed) (G1 Evacuation Pause)
[2026-06-18T00:14:37.657+0000][9994.494s][info][gc,task       ] GC(506) Using 13 workers of 13 for evacuation
[2026-06-18T00:14:37.659+0000][9994.495s][info][gc,phases     ] GC(506)   Pre Evacuate Collection Set: 0.0ms
[2026-06-18T00:14:37.659+0000][9994.495s][info][gc,phases     ] GC(506)   Evacuate Collection Set: 1.3ms
[2026-06-18T00:14:37.659+0000][9994.496s][info][gc,phases     ] GC(506)   Post Evacuate Collection Set: 0.3ms
[2026-06-18T00:14:37.659+0000][9994.496s][info][gc,phases     ] GC(506)   Other: 0.3ms
[2026-06-18T00:14:37.659+0000][9994.496s][info][gc,heap       ] GC(506) Eden regions: 20->0(248)
[2026-06-18T00:14:37.659+0000][9994.496s][info][gc,heap       ] GC(506) Survivor regions: 5->4(4)
[2026-06-18T00:14:37.659+0000][9994.496s][info][gc,heap       ] GC(506) Old regions: 48->46
[2026-06-18T00:14:37.659+0000][9994.496s][info][gc,heap       ] GC(506) Humongous regions: 147->147
[2026-06-18T00:14:37.659+0000][9994.496s][info][gc,metaspace  ] GC(506) Metaspace: 52538K(55296K)->52538K(55296K) NonClass: 46598K(48128K)->46598K(48128K) Class: 5939K(7168K)->5939K(7168K)
[2026-06-18T00:14:37.659+0000][9994.496s][info][gc            ] GC(506) Pause Young (Mixed) (G1 Evacuation Pause) 219M->195M(512M) 2.384ms
[2026-06-18T00:14:37.659+0000][9994.496s][info][gc,cpu        ] GC(506) User=0.02s Sys=0.00s Real=0.00s
[2026-06-18T00:14:39.083+0000][9995.920s][info][gc,start      ] GC(507) Pause Young (Normal) (G1 Evacuation Pause)
[2026-06-18T00:14:39.083+0000][9995.920s][info][gc,task       ] GC(507) Using 13 workers of 13 for evacuation
[2026-06-18T00:14:39.085+0000][9995.922s][info][gc,phases     ] GC(507)   Pre Evacuate Collection Set: 0.0ms
[2026-06-18T00:14:39.085+0000][9995.922s][info][gc,phases     ] GC(507)   Evacuate Collection Set: 1.8ms
[2026-06-18T00:14:39.086+0000][9995.922s][info][gc,phases     ] GC(507)   Post Evacuate Collection Set: 0.3ms
[2026-06-18T00:14:39.086+0000][9995.922s][info][gc,phases     ] GC(507)   Other: 0.3ms
[2026-06-18T00:14:39.086+0000][9995.923s][info][gc,heap       ] GC(507) Eden regions: 248->0(245)
[2026-06-18T00:14:39.086+0000][9995.923s][info][gc,heap       ] GC(507) Survivor regions: 4->7(32)
[2026-06-18T00:14:39.086+0000][9995.923s][info][gc,heap       ] GC(507) Old regions: 46->46
[2026-06-18T00:14:39.086+0000][9995.923s][info][gc,heap       ] GC(507) Humongous regions: 147->147
[2026-06-18T00:14:39.086+0000][9995.923s][info][gc,metaspace  ] GC(507) Metaspace: 52538K(55296K)->52538K(55296K) NonClass: 46598K(48128K)->46598K(48128K) Class: 5939K(7168K)->5939K(7168K)
[2026-06-18T00:14:39.086+0000][9995.923s][info][gc            ] GC(507) Pause Young (Normal) (G1 Evacuation Pause) 443M->199M(512M) 2.981ms
[2026-06-18T00:14:39.086+0000][9995.923s][info][gc,cpu        ] GC(507) User=0.03s Sys=0.00s Real=0.00s
[2026-06-18T00:14:40.294+0000][9997.131s][info][gc,start      ] GC(508) Pause Young (Normal) (G1 Evacuation Pause)
[2026-06-18T00:14:40.294+0000][9997.131s][info][gc,task       ] GC(508) Using 13 workers of 13 for evacuation
[2026-06-18T00:14:40.297+0000][9997.134s][info][gc,phases     ] GC(508)   Pre Evacuate Collection Set: 0.0ms
[2026-06-18T00:14:40.297+0000][9997.134s][info][gc,phases     ] GC(508)   Evacuate Collection Set: 2.1ms
[2026-06-18T00:14:40.297+0000][9997.134s][info][gc,phases     ] GC(508)   Post Evacuate Collection Set: 0.4ms
[2026-06-18T00:14:40.297+0000][9997.134s][info][gc,phases     ] GC(508)   Other: 0.3ms
[2026-06-18T00:14:40.297+0000][9997.134s][info][gc,heap       ] GC(508) Eden regions: 245->0(249)
[2026-06-18T00:14:40.297+0000][9997.134s][info][gc,heap       ] GC(508) Survivor regions: 7->4(32)
[2026-06-18T00:14:40.297+0000][9997.134s][info][gc,heap       ] GC(508) Old regions: 46->46
[2026-06-18T00:14:40.297+0000][9997.134s][info][gc,heap       ] GC(508) Humongous regions: 147->147
[2026-06-18T00:14:40.297+0000][9997.134s][info][gc,metaspace  ] GC(508) Metaspace: 52538K(55296K)->52538K(55296K) NonClass: 46598K(48128K)->46598K(48128K) Class: 5939K(7168K)->5939K(7168K)
[2026-06-18T00:14:40.297+0000][9997.134s][info][gc            ] GC(508) Pause Young (Normal) (G1 Evacuation Pause) 444M->196M(512M) 3.336ms
[2026-06-18T00:14:40.297+0000][9997.134s][info][gc,cpu        ] GC(508) User=0.03s Sys=0.00s Real=0.01s
[2026-06-18T00:15:28.718+0000][10045.556s][info][gc,start      ] GC(509) Pause Young (Concurrent Start) (G1 Evacuation Pause)
[2026-06-18T00:15:28.718+0000][10045.556s][info][gc,task       ] GC(509) Using 13 workers of 13 for evacuation
[2026-06-18T00:15:28.721+0000][10045.559s][info][gc,phases     ] GC(509)   Pre Evacuate Collection Set: 0.3ms
[2026-06-18T00:15:28.721+0000][10045.559s][info][gc,phases     ] GC(509)   Evacuate Collection Set: 2.2ms
[2026-06-18T00:15:28.721+0000][10045.559s][info][gc,phases     ] GC(509)   Post Evacuate Collection Set: 0.5ms
[2026-06-18T00:15:28.721+0000][10045.559s][info][gc,phases     ] GC(509)   Other: 0.3ms
[2026-06-18T00:15:28.721+0000][10045.559s][info][gc,heap       ] GC(509) Eden regions: 249->0(245)
[2026-06-18T00:15:28.722+0000][10045.560s][info][gc,heap       ] GC(509) Survivor regions: 4->8(32)
[2026-06-18T00:15:28.722+0000][10045.560s][info][gc,heap       ] GC(509) Old regions: 46->46
[2026-06-18T00:15:28.722+0000][10045.560s][info][gc,heap       ] GC(509) Humongous regions: 147->147
[2026-06-18T00:15:28.722+0000][10045.560s][info][gc,metaspace  ] GC(509) Metaspace: 52539K(55296K)->52539K(55296K) NonClass: 46599K(48128K)->46599K(48128K) Class: 5939K(7168K)->5939K(7168K)
[2026-06-18T00:15:28.722+0000][10045.560s][info][gc            ] GC(509) Pause Young (Concurrent Start) (G1 Evacuation Pause) 445M->200M(512M) 3.847ms
[2026-06-18T00:15:28.722+0000][10045.560s][info][gc,cpu        ] GC(509) User=0.02s Sys=0.00s Real=0.00s
[2026-06-18T00:15:28.722+0000][10045.560s][info][gc            ] GC(510) Concurrent Cycle
[2026-06-18T00:15:28.722+0000][10045.560s][info][gc,marking    ] GC(510) Concurrent Clear Claimed Marks
[2026-06-18T00:15:28.722+0000][10045.560s][info][gc,marking    ] GC(510) Concurrent Clear Claimed Marks 0.246ms
[2026-06-18T00:15:28.722+0000][10045.560s][info][gc,marking    ] GC(510) Concurrent Scan Root Regions
[2026-06-18T00:15:28.724+0000][10045.562s][info][gc,marking    ] GC(510) Concurrent Scan Root Regions 1.538ms
[2026-06-18T00:15:28.724+0000][10045.562s][info][gc,marking    ] GC(510) Concurrent Mark (10045.562s)
[2026-06-18T00:15:28.724+0000][10045.562s][info][gc,marking    ] GC(510) Concurrent Mark From Roots
[2026-06-18T00:15:28.724+0000][10045.562s][info][gc,task       ] GC(510) Using 3 workers of 3 for marking
[2026-06-18T00:15:28.729+0000][10045.567s][info][gc,marking    ] GC(510) Concurrent Mark From Roots 4.910ms
[2026-06-18T00:15:28.729+0000][10045.567s][info][gc,marking    ] GC(510) Concurrent Preclean
[2026-06-18T00:15:28.729+0000][10045.567s][info][gc,marking    ] GC(510) Concurrent Preclean 0.187ms
[2026-06-18T00:15:28.729+0000][10045.567s][info][gc,marking    ] GC(510) Concurrent Mark (10045.562s, 10045.567s) 5.365ms
[2026-06-18T00:15:28.729+0000][10045.567s][info][gc,start      ] GC(510) Pause Remark
[2026-06-18T00:15:28.732+0000][10045.570s][info][gc,stringtable] GC(510) Cleaned string and symbol table, strings: 17358 processed, 0 removed, symbols: 125114 processed, 0 removed
[2026-06-18T00:15:28.732+0000][10045.570s][info][gc            ] GC(510) Pause Remark 204M->204M(512M) 2.944ms
[2026-06-18T00:15:28.732+0000][10045.570s][info][gc,cpu        ] GC(510) User=0.02s Sys=0.00s Real=0.00s
[2026-06-18T00:15:28.733+0000][10045.571s][info][gc,marking    ] GC(510) Concurrent Rebuild Remembered Sets
[2026-06-18T00:15:28.737+0000][10045.575s][info][gc,marking    ] GC(510) Concurrent Rebuild Remembered Sets 4.504ms
[2026-06-18T00:15:28.739+0000][10045.577s][info][gc,start      ] GC(510) Pause Cleanup
[2026-06-18T00:15:28.739+0000][10045.577s][info][gc            ] GC(510) Pause Cleanup 205M->205M(512M) 0.249ms
[2026-06-18T00:15:28.739+0000][10045.577s][info][gc,cpu        ] GC(510) User=0.00s Sys=0.00s Real=0.00s
[2026-06-18T00:15:28.739+0000][10045.577s][info][gc,marking    ] GC(510) Concurrent Cleanup for Next Mark
[2026-06-18T00:15:28.739+0000][10045.577s][info][gc,marking    ] GC(510) Concurrent Cleanup for Next Mark 0.147ms
[2026-06-18T00:15:28.739+0000][10045.577s][info][gc            ] GC(510) Concurrent Cycle 17.568ms
[2026-06-18T00:15:30.251+0000][10047.089s][info][gc,start      ] GC(511) Pause Young (Prepare Mixed) (G1 Evacuation Pause)
[2026-06-18T00:15:30.251+0000][10047.089s][info][gc,task       ] GC(511) Using 13 workers of 13 for evacuation
[2026-06-18T00:15:30.253+0000][10047.091s][info][gc,phases     ] GC(511)   Pre Evacuate Collection Set: 0.0ms
[2026-06-18T00:15:30.253+0000][10047.091s][info][gc,phases     ] GC(511)   Evacuate Collection Set: 1.7ms
[2026-06-18T00:15:30.254+0000][10047.092s][info][gc,phases     ] GC(511)   Post Evacuate Collection Set: 0.3ms
[2026-06-18T00:15:30.254+0000][10047.092s][info][gc,phases     ] GC(511)   Other: 0.3ms
[2026-06-18T00:15:30.254+0000][10047.092s][info][gc,heap       ] GC(511) Eden regions: 245->0(20)
[2026-06-18T00:15:30.254+0000][10047.092s][info][gc,heap       ] GC(511) Survivor regions: 8->5(32)
[2026-06-18T00:15:30.254+0000][10047.092s][info][gc,heap       ] GC(511) Old regions: 46->46
[2026-06-18T00:15:30.254+0000][10047.092s][info][gc,heap       ] GC(511) Humongous regions: 147->147
[2026-06-18T00:15:30.254+0000][10047.092s][info][gc,metaspace  ] GC(511) Metaspace: 52539K(55296K)->52539K(55296K) NonClass: 46599K(48128K)->46599K(48128K) Class: 5939K(7168K)->5939K(7168K)
[2026-06-18T00:15:30.254+0000][10047.092s][info][gc            ] GC(511) Pause Young (Prepare Mixed) (G1 Evacuation Pause) 445M->197M(512M) 2.809ms
[2026-06-18T00:15:30.254+0000][10047.092s][info][gc,cpu        ] GC(511) User=0.02s Sys=0.01s Real=0.00s
[2026-06-18T00:15:30.367+0000][10047.205s][info][gc,start      ] GC(512) Pause Young (Mixed) (G1 Evacuation Pause)
[2026-06-18T00:15:30.367+0000][10047.205s][info][gc,task       ] GC(512) Using 13 workers of 13 for evacuation
[2026-06-18T00:15:30.369+0000][10047.207s][info][gc,phases     ] GC(512)   Pre Evacuate Collection Set: 0.0ms
[2026-06-18T00:15:30.369+0000][10047.207s][info][gc,phases     ] GC(512)   Evacuate Collection Set: 1.7ms
[2026-06-18T00:15:30.369+0000][10047.207s][info][gc,phases     ] GC(512)   Post Evacuate Collection Set: 0.3ms
[2026-06-18T00:15:30.369+0000][10047.207s][info][gc,phases     ] GC(512)   Other: 0.3ms
[2026-06-18T00:15:30.370+0000][10047.208s][info][gc,heap       ] GC(512) Eden regions: 20->0(250)
[2026-06-18T00:15:30.370+0000][10047.208s][info][gc,heap       ] GC(512) Survivor regions: 5->4(4)
[2026-06-18T00:15:30.370+0000][10047.208s][info][gc,heap       ] GC(512) Old regions: 46->46
[2026-06-18T00:15:30.370+0000][10047.208s][info][gc,heap       ] GC(512) Humongous regions: 147->147
[2026-06-18T00:15:30.370+0000][10047.208s][info][gc,metaspace  ] GC(512) Metaspace: 52539K(55296K)->52539K(55296K) NonClass: 46599K(48128K)->46599K(48128K) Class: 5939K(7168K)->5939K(7168K)
[2026-06-18T00:15:30.370+0000][10047.208s][info][gc            ] GC(512) Pause Young (Mixed) (G1 Evacuation Pause) 217M->196M(512M) 2.769ms
[2026-06-18T00:15:30.370+0000][10047.208s][info][gc,cpu        ] GC(512) User=0.02s Sys=0.00s Real=0.00s
[2026-06-18T00:15:31.663+0000][10048.501s][info][gc,start      ] GC(513) Pause Young (Normal) (G1 Evacuation Pause)
[2026-06-18T00:15:31.664+0000][10048.502s][info][gc,task       ] GC(513) Using 13 workers of 13 for evacuation
[2026-06-18T00:15:31.668+0000][10048.506s][info][gc,phases     ] GC(513)   Pre Evacuate Collection Set: 0.0ms
[2026-06-18T00:15:31.668+0000][10048.506s][info][gc,phases     ] GC(513)   Evacuate Collection Set: 3.7ms
[2026-06-18T00:15:31.668+0000][10048.506s][info][gc,phases     ] GC(513)   Post Evacuate Collection Set: 0.4ms
[2026-06-18T00:15:31.668+0000][10048.506s][info][gc,phases     ] GC(513)   Other: 0.3ms
[2026-06-18T00:15:31.668+0000][10048.506s][info][gc,heap       ] GC(513) Eden regions: 250->0(246)
[2026-06-18T00:15:31.668+0000][10048.506s][info][gc,heap       ] GC(513) Survivor regions: 4->7(32)
[2026-06-18T00:15:31.668+0000][10048.506s][info][gc,heap       ] GC(513) Old regions: 46->46
[2026-06-18T00:15:31.668+0000][10048.506s][info][gc,heap       ] GC(513) Humongous regions: 147->147
[2026-06-18T00:15:31.668+0000][10048.506s][info][gc,metaspace  ] GC(513) Metaspace: 52539K(55296K)->52539K(55296K) NonClass: 46599K(48128K)->46599K(48128K) Class: 5939K(7168K)->5939K(7168K)
[2026-06-18T00:15:31.668+0000][10048.506s][info][gc            ] GC(513) Pause Young (Normal) (G1 Evacuation Pause) 446M->199M(512M) 4.820ms
[2026-06-18T00:15:31.668+0000][10048.506s][info][gc,cpu        ] GC(513) User=0.04s Sys=0.00s Real=0.01s
[2026-06-18T00:15:32.919+0000][10049.757s][info][gc,start      ] GC(514) Pause Young (Normal) (G1 Evacuation Pause)
[2026-06-18T00:15:32.919+0000][10049.757s][info][gc,task       ] GC(514) Using 13 workers of 13 for evacuation
[2026-06-18T00:15:32.921+0000][10049.759s][info][gc,phases     ] GC(514)   Pre Evacuate Collection Set: 0.0ms
[2026-06-18T00:15:32.921+0000][10049.759s][info][gc,phases     ] GC(514)   Evacuate Collection Set: 1.3ms
[2026-06-18T00:15:32.921+0000][10049.759s][info][gc,phases     ] GC(514)   Post Evacuate Collection Set: 0.3ms
[2026-06-18T00:15:32.921+0000][10049.759s][info][gc,phases     ] GC(514)   Other: 0.3ms
[2026-06-18T00:15:32.921+0000][10049.759s][info][gc,heap       ] GC(514) Eden regions: 246->0(250)
[2026-06-18T00:15:32.921+0000][10049.759s][info][gc,heap       ] GC(514) Survivor regions: 7->4(32)
[2026-06-18T00:15:32.921+0000][10049.759s][info][gc,heap       ] GC(514) Old regions: 46->46
[2026-06-18T00:15:32.921+0000][10049.759s][info][gc,heap       ] GC(514) Humongous regions: 147->147
[2026-06-18T00:15:32.921+0000][10049.759s][info][gc,metaspace  ] GC(514) Metaspace: 52539K(55296K)->52539K(55296K) NonClass: 46599K(48128K)->46599K(48128K) Class: 5939K(7168K)->5939K(7168K)
[2026-06-18T00:15:32.921+0000][10049.759s][info][gc            ] GC(514) Pause Young (Normal) (G1 Evacuation Pause) 445M->196M(512M) 2.353ms
[2026-06-18T00:15:32.921+0000][10049.759s][info][gc,cpu        ] GC(514) User=0.01s Sys=0.00s Real=0.00s
[2026-06-18T00:16:21.729+0000][10098.567s][info][gc,start      ] GC(515) Pause Young (Concurrent Start) (G1 Evacuation Pause)
[2026-06-18T00:16:21.730+0000][10098.567s][info][gc,task       ] GC(515) Using 13 workers of 13 for evacuation
[2026-06-18T00:16:21.734+0000][10098.572s][info][gc,phases     ] GC(515)   Pre Evacuate Collection Set: 0.3ms
[2026-06-18T00:16:21.734+0000][10098.572s][info][gc,phases     ] GC(515)   Evacuate Collection Set: 3.2ms
[2026-06-18T00:16:21.734+0000][10098.572s][info][gc,phases     ] GC(515)   Post Evacuate Collection Set: 0.4ms
[2026-06-18T00:16:21.734+0000][10098.572s][info][gc,phases     ] GC(515)   Other: 0.3ms
[2026-06-18T00:16:21.734+0000][10098.572s][info][gc,heap       ] GC(515) Eden regions: 250->0(247)
[2026-06-18T00:16:21.734+0000][10098.572s][info][gc,heap       ] GC(515) Survivor regions: 4->7(32)
[2026-06-18T00:16:21.734+0000][10098.572s][info][gc,heap       ] GC(515) Old regions: 46->46
[2026-06-18T00:16:21.734+0000][10098.572s][info][gc,heap       ] GC(515) Humongous regions: 147->147
[2026-06-18T00:16:21.734+0000][10098.572s][info][gc,metaspace  ] GC(515) Metaspace: 52539K(55296K)->52539K(55296K) NonClass: 46599K(48128K)->46599K(48128K) Class: 5939K(7168K)->5939K(7168K)
[2026-06-18T00:16:21.734+0000][10098.572s][info][gc            ] GC(515) Pause Young (Concurrent Start) (G1 Evacuation Pause) 446M->199M(512M) 4.725ms
[2026-06-18T00:16:21.734+0000][10098.572s][info][gc,cpu        ] GC(515) User=0.03s Sys=0.01s Real=0.00s
[2026-06-18T00:16:21.734+0000][10098.572s][info][gc            ] GC(516) Concurrent Cycle
[2026-06-18T00:16:21.734+0000][10098.572s][info][gc,marking    ] GC(516) Concurrent Clear Claimed Marks
[2026-06-18T00:16:21.735+0000][10098.573s][info][gc,marking    ] GC(516) Concurrent Clear Claimed Marks 0.247ms
[2026-06-18T00:16:21.735+0000][10098.573s][info][gc,marking    ] GC(516) Concurrent Scan Root Regions
[2026-06-18T00:16:21.736+0000][10098.574s][info][gc,marking    ] GC(516) Concurrent Scan Root Regions 1.450ms
[2026-06-18T00:16:21.736+0000][10098.574s][info][gc,marking    ] GC(516) Concurrent Mark (10098.574s)
[2026-06-18T00:16:21.736+0000][10098.574s][info][gc,marking    ] GC(516) Concurrent Mark From Roots
[2026-06-18T00:16:21.737+0000][10098.575s][info][gc,task       ] GC(516) Using 3 workers of 3 for marking
[2026-06-18T00:16:21.742+0000][10098.580s][info][gc,marking    ] GC(516) Concurrent Mark From Roots 5.484ms
[2026-06-18T00:16:21.742+0000][10098.580s][info][gc,marking    ] GC(516) Concurrent Preclean
[2026-06-18T00:16:21.742+0000][10098.580s][info][gc,marking    ] GC(516) Concurrent Preclean 0.256ms
[2026-06-18T00:16:21.742+0000][10098.580s][info][gc,marking    ] GC(516) Concurrent Mark (10098.574s, 10098.580s) 6.158ms
[2026-06-18T00:16:21.743+0000][10098.581s][info][gc,start      ] GC(516) Pause Remark
[2026-06-18T00:16:21.746+0000][10098.584s][info][gc,stringtable] GC(516) Cleaned string and symbol table, strings: 17358 processed, 0 removed, symbols: 125114 processed, 0 removed
[2026-06-18T00:16:21.747+0000][10098.585s][info][gc            ] GC(516) Pause Remark 203M->203M(512M) 4.011ms
[2026-06-18T00:16:21.747+0000][10098.585s][info][gc,cpu        ] GC(516) User=0.04s Sys=0.00s Real=0.01s
[2026-06-18T00:16:21.747+0000][10098.585s][info][gc,marking    ] GC(516) Concurrent Rebuild Remembered Sets
[2026-06-18T00:16:21.751+0000][10098.589s][info][gc,marking    ] GC(516) Concurrent Rebuild Remembered Sets 4.243ms
[2026-06-18T00:16:21.751+0000][10098.589s][info][gc,start      ] GC(516) Pause Cleanup
[2026-06-18T00:16:21.752+0000][10098.590s][info][gc            ] GC(516) Pause Cleanup 204M->204M(512M) 0.186ms
[2026-06-18T00:16:21.752+0000][10098.590s][info][gc,cpu        ] GC(516) User=0.00s Sys=0.00s Real=0.00s
[2026-06-18T00:16:21.752+0000][10098.590s][info][gc,marking    ] GC(516) Concurrent Cleanup for Next Mark
[2026-06-18T00:16:21.752+0000][10098.590s][info][gc,marking    ] GC(516) Concurrent Cleanup for Next Mark 0.148ms
[2026-06-18T00:16:21.752+0000][10098.590s][info][gc            ] GC(516) Concurrent Cycle 17.774ms
[2026-06-18T00:16:23.246+0000][10100.084s][info][gc,start      ] GC(517) Pause Young (Prepare Mixed) (G1 Evacuation Pause)
[2026-06-18T00:16:23.246+0000][10100.084s][info][gc,task       ] GC(517) Using 13 workers of 13 for evacuation
[2026-06-18T00:16:23.249+0000][10100.087s][info][gc,phases     ] GC(517)   Pre Evacuate Collection Set: 0.0ms
[2026-06-18T00:16:23.249+0000][10100.087s][info][gc,phases     ] GC(517)   Evacuate Collection Set: 2.5ms
[2026-06-18T00:16:23.250+0000][10100.088s][info][gc,phases     ] GC(517)   Post Evacuate Collection Set: 0.5ms
[2026-06-18T00:16:23.250+0000][10100.088s][info][gc,phases     ] GC(517)   Other: 0.3ms
[2026-06-18T00:16:23.250+0000][10100.088s][info][gc,heap       ] GC(517) Eden regions: 247->0(20)
[2026-06-18T00:16:23.250+0000][10100.088s][info][gc,heap       ] GC(517) Survivor regions: 7->5(32)
[2026-06-18T00:16:23.250+0000][10100.088s][info][gc,heap       ] GC(517) Old regions: 46->46
[2026-06-18T00:16:23.250+0000][10100.088s][info][gc,heap       ] GC(517) Humongous regions: 147->147
[2026-06-18T00:16:23.250+0000][10100.088s][info][gc,metaspace  ] GC(517) Metaspace: 52539K(55296K)->52539K(55296K) NonClass: 46599K(48128K)->46599K(48128K) Class: 5939K(7168K)->5939K(7168K)
[2026-06-18T00:16:23.250+0000][10100.088s][info][gc            ] GC(517) Pause Young (Prepare Mixed) (G1 Evacuation Pause) 446M->197M(512M) 3.725ms
[2026-06-18T00:16:23.250+0000][10100.088s][info][gc,cpu        ] GC(517) User=0.02s Sys=0.00s Real=0.00s
[2026-06-18T00:16:23.352+0000][10100.190s][info][gc,start      ] GC(518) Pause Young (Mixed) (G1 Evacuation Pause)
[2026-06-18T00:16:23.352+0000][10100.190s][info][gc,task       ] GC(518) Using 13 workers of 13 for evacuation
[2026-06-18T00:16:23.354+0000][10100.192s][info][gc,phases     ] GC(518)   Pre Evacuate Collection Set: 0.0ms
[2026-06-18T00:16:23.355+0000][10100.193s][info][gc,phases     ] GC(518)   Evacuate Collection Set: 2.2ms
[2026-06-18T00:16:23.355+0000][10100.193s][info][gc,phases     ] GC(518)   Post Evacuate Collection Set: 0.4ms
[2026-06-18T00:16:23.355+0000][10100.193s][info][gc,phases     ] GC(518)   Other: 0.3ms
[2026-06-18T00:16:23.355+0000][10100.193s][info][gc,heap       ] GC(518) Eden regions: 20->0(250)
[2026-06-18T00:16:23.355+0000][10100.193s][info][gc,heap       ] GC(518) Survivor regions: 5->3(4)
[2026-06-18T00:16:23.355+0000][10100.193s][info][gc,heap       ] GC(518) Old regions: 46->47
[2026-06-18T00:16:23.355+0000][10100.193s][info][gc,heap       ] GC(518) Humongous regions: 147->147
[2026-06-18T00:16:23.355+0000][10100.193s][info][gc,metaspace  ] GC(518) Metaspace: 52539K(55296K)->52539K(55296K) NonClass: 46599K(48128K)->46599K(48128K) Class: 5939K(7168K)->5939K(7168K)
[2026-06-18T00:16:23.355+0000][10100.193s][info][gc            ] GC(518) Pause Young (Mixed) (G1 Evacuation Pause) 217M->196M(512M) 3.483ms
[2026-06-18T00:16:23.355+0000][10100.193s][info][gc,cpu        ] GC(518) User=0.02s Sys=0.00s Real=0.00s
[2026-06-18T00:16:24.749+0000][10101.587s][info][gc,start      ] GC(519) Pause Young (Normal) (G1 Evacuation Pause)
[2026-06-18T00:16:24.749+0000][10101.587s][info][gc,task       ] GC(519) Using 13 workers of 13 for evacuation
[2026-06-18T00:16:24.751+0000][10101.589s][info][gc,phases     ] GC(519)   Pre Evacuate Collection Set: 0.0ms
[2026-06-18T00:16:24.752+0000][10101.589s][info][gc,phases     ] GC(519)   Evacuate Collection Set: 1.7ms
[2026-06-18T00:16:24.752+0000][10101.590s][info][gc,phases     ] GC(519)   Post Evacuate Collection Set: 0.4ms
[2026-06-18T00:16:24.752+0000][10101.590s][info][gc,phases     ] GC(519)   Other: 0.4ms
[2026-06-18T00:16:24.752+0000][10101.590s][info][gc,heap       ] GC(519) Eden regions: 250->0(246)
[2026-06-18T00:16:24.752+0000][10101.590s][info][gc,heap       ] GC(519) Survivor regions: 3->7(32)
[2026-06-18T00:16:24.752+0000][10101.590s][info][gc,heap       ] GC(519) Old regions: 47->47
[2026-06-18T00:16:24.752+0000][10101.590s][info][gc,heap       ] GC(519) Humongous regions: 147->147
[2026-06-18T00:16:24.752+0000][10101.590s][info][gc,metaspace  ] GC(519) Metaspace: 52539K(55296K)->52539K(55296K) NonClass: 46599K(48128K)->46599K(48128K) Class: 5939K(7168K)->5939K(7168K)
[2026-06-18T00:16:24.752+0000][10101.590s][info][gc            ] GC(519) Pause Young (Normal) (G1 Evacuation Pause) 446M->200M(512M) 2.873ms
[2026-06-18T00:16:24.752+0000][10101.590s][info][gc,cpu        ] GC(519) User=0.02s Sys=0.00s Real=0.00s
[2026-06-18T00:17:13.332+0000][10150.171s][info][gc,start      ] GC(520) Pause Young (Normal) (G1 Evacuation Pause)
[2026-06-18T00:17:13.333+0000][10150.171s][info][gc,task       ] GC(520) Using 13 workers of 13 for evacuation
[2026-06-18T00:17:13.334+0000][10150.173s][info][gc,phases     ] GC(520)   Pre Evacuate Collection Set: 0.0ms
[2026-06-18T00:17:13.334+0000][10150.173s][info][gc,phases     ] GC(520)   Evacuate Collection Set: 1.3ms
[2026-06-18T00:17:13.334+0000][10150.173s][info][gc,phases     ] GC(520)   Post Evacuate Collection Set: 0.3ms
[2026-06-18T00:17:13.334+0000][10150.173s][info][gc,phases     ] GC(520)   Other: 0.3ms
[2026-06-18T00:17:13.335+0000][10150.173s][info][gc,heap       ] GC(520) Eden regions: 246->0(249)
[2026-06-18T00:17:13.335+0000][10150.173s][info][gc,heap       ] GC(520) Survivor regions: 7->4(32)
[2026-06-18T00:17:13.335+0000][10150.173s][info][gc,heap       ] GC(520) Old regions: 47->47
[2026-06-18T00:17:13.335+0000][10150.174s][info][gc,heap       ] GC(520) Humongous regions: 147->147
[2026-06-18T00:17:13.335+0000][10150.174s][info][gc,metaspace  ] GC(520) Metaspace: 52539K(55296K)->52539K(55296K) NonClass: 46599K(48128K)->46599K(48128K) Class: 5939K(7168K)->5939K(7168K)
[2026-06-18T00:17:13.335+0000][10150.174s][info][gc            ] GC(520) Pause Young (Normal) (G1 Evacuation Pause) 446M->196M(512M) 2.538ms
[2026-06-18T00:17:13.335+0000][10150.174s][info][gc,cpu        ] GC(520) User=0.02s Sys=0.00s Real=0.01s
[2026-06-18T00:17:14.838+0000][10151.677s][info][gc,start      ] GC(521) Pause Young (Concurrent Start) (G1 Evacuation Pause)
[2026-06-18T00:17:14.838+0000][10151.677s][info][gc,task       ] GC(521) Using 13 workers of 13 for evacuation
[2026-06-18T00:17:14.841+0000][10151.680s][info][gc,phases     ] GC(521)   Pre Evacuate Collection Set: 0.3ms
[2026-06-18T00:17:14.841+0000][10151.680s][info][gc,phases     ] GC(521)   Evacuate Collection Set: 1.9ms
[2026-06-18T00:17:14.841+0000][10151.680s][info][gc,phases     ] GC(521)   Post Evacuate Collection Set: 0.4ms
[2026-06-18T00:17:14.841+0000][10151.680s][info][gc,phases     ] GC(521)   Other: 0.3ms
[2026-06-18T00:17:14.841+0000][10151.680s][info][gc,heap       ] GC(521) Eden regions: 249->0(246)
[2026-06-18T00:17:14.841+0000][10151.680s][info][gc,heap       ] GC(521) Survivor regions: 4->7(32)
[2026-06-18T00:17:14.841+0000][10151.680s][info][gc,heap       ] GC(521) Old regions: 47->47
[2026-06-18T00:17:14.841+0000][10151.680s][info][gc,heap       ] GC(521) Humongous regions: 147->147
[2026-06-18T00:17:14.841+0000][10151.680s][info][gc,metaspace  ] GC(521) Metaspace: 52539K(55296K)->52539K(55296K) NonClass: 46599K(48128K)->46599K(48128K) Class: 5939K(7168K)->5939K(7168K)
[2026-06-18T00:17:14.842+0000][10151.680s][info][gc            ] GC(521) Pause Young (Concurrent Start) (G1 Evacuation Pause) 445M->199M(512M) 3.368ms
[2026-06-18T00:17:14.842+0000][10151.680s][info][gc,cpu        ] GC(521) User=0.01s Sys=0.00s Real=0.00s
[2026-06-18T00:17:14.842+0000][10151.680s][info][gc            ] GC(522) Concurrent Cycle
[2026-06-18T00:17:14.842+0000][10151.680s][info][gc,marking    ] GC(522) Concurrent Clear Claimed Marks
[2026-06-18T00:17:14.842+0000][10151.681s][info][gc,marking    ] GC(522) Concurrent Clear Claimed Marks 0.212ms
[2026-06-18T00:17:14.842+0000][10151.681s][info][gc,marking    ] GC(522) Concurrent Scan Root Regions
[2026-06-18T00:17:14.843+0000][10151.682s][info][gc,marking    ] GC(522) Concurrent Scan Root Regions 1.102ms
[2026-06-18T00:17:14.843+0000][10151.682s][info][gc,marking    ] GC(522) Concurrent Mark (10151.682s)
[2026-06-18T00:17:14.843+0000][10151.682s][info][gc,marking    ] GC(522) Concurrent Mark From Roots
[2026-06-18T00:17:14.843+0000][10151.682s][info][gc,task       ] GC(522) Using 3 workers of 3 for marking
[2026-06-18T00:17:14.849+0000][10151.687s][info][gc,marking    ] GC(522) Concurrent Mark From Roots 5.205ms
[2026-06-18T00:17:14.849+0000][10151.687s][info][gc,marking    ] GC(522) Concurrent Preclean
[2026-06-18T00:17:14.849+0000][10151.688s][info][gc,marking    ] GC(522) Concurrent Preclean 0.174ms
[2026-06-18T00:17:14.849+0000][10151.688s][info][gc,marking    ] GC(522) Concurrent Mark (10151.682s, 10151.688s) 5.761ms
[2026-06-18T00:17:14.849+0000][10151.688s][info][gc,start      ] GC(522) Pause Remark
[2026-06-18T00:17:14.852+0000][10151.690s][info][gc,stringtable] GC(522) Cleaned string and symbol table, strings: 17358 processed, 0 removed, symbols: 125114 processed, 0 removed
[2026-06-18T00:17:14.852+0000][10151.691s][info][gc            ] GC(522) Pause Remark 203M->203M(512M) 2.771ms
[2026-06-18T00:17:14.852+0000][10151.691s][info][gc,cpu        ] GC(522) User=0.02s Sys=0.00s Real=0.00s
[2026-06-18T00:17:14.852+0000][10151.691s][info][gc,marking    ] GC(522) Concurrent Rebuild Remembered Sets
[2026-06-18T00:17:14.856+0000][10151.695s][info][gc,marking    ] GC(522) Concurrent Rebuild Remembered Sets 4.035ms
[2026-06-18T00:17:14.857+0000][10151.695s][info][gc,start      ] GC(522) Pause Cleanup
[2026-06-18T00:17:14.857+0000][10151.696s][info][gc            ] GC(522) Pause Cleanup 204M->204M(512M) 0.432ms
[2026-06-18T00:17:14.857+0000][10151.696s][info][gc,cpu        ] GC(522) User=0.00s Sys=0.00s Real=0.00s
[2026-06-18T00:17:14.857+0000][10151.696s][info][gc,marking    ] GC(522) Concurrent Cleanup for Next Mark
[2026-06-18T00:17:14.857+0000][10151.696s][info][gc,marking    ] GC(522) Concurrent Cleanup for Next Mark 0.167ms
[2026-06-18T00:17:14.857+0000][10151.696s][info][gc            ] GC(522) Concurrent Cycle 15.696ms
[2026-06-18T00:17:16.155+0000][10152.994s][info][gc,start      ] GC(523) Pause Young (Prepare Mixed) (G1 Evacuation Pause)
[2026-06-18T00:17:16.155+0000][10152.994s][info][gc,task       ] GC(523) Using 13 workers of 13 for evacuation
[2026-06-18T00:17:16.157+0000][10152.996s][info][gc,phases     ] GC(523)   Pre Evacuate Collection Set: 0.0ms
[2026-06-18T00:17:16.157+0000][10152.996s][info][gc,phases     ] GC(523)   Evacuate Collection Set: 1.4ms
[2026-06-18T00:17:16.157+0000][10152.996s][info][gc,phases     ] GC(523)   Post Evacuate Collection Set: 0.3ms
[2026-06-18T00:17:16.158+0000][10152.996s][info][gc,phases     ] GC(523)   Other: 0.4ms
[2026-06-18T00:17:16.158+0000][10152.996s][info][gc,heap       ] GC(523) Eden regions: 246->0(21)
[2026-06-18T00:17:16.158+0000][10152.996s][info][gc,heap       ] GC(523) Survivor regions: 7->4(32)
[2026-06-18T00:17:16.158+0000][10152.996s][info][gc,heap       ] GC(523) Old regions: 47->47
[2026-06-18T00:17:16.158+0000][10152.996s][info][gc,heap       ] GC(523) Humongous regions: 147->147
[2026-06-18T00:17:16.158+0000][10152.997s][info][gc,metaspace  ] GC(523) Metaspace: 52539K(55296K)->52539K(55296K) NonClass: 46599K(48128K)->46599K(48128K) Class: 5939K(7168K)->5939K(7168K)
[2026-06-18T00:17:16.158+0000][10152.997s][info][gc            ] GC(523) Pause Young (Prepare Mixed) (G1 Evacuation Pause) 445M->197M(512M) 2.727ms
[2026-06-18T00:17:16.158+0000][10152.997s][info][gc,cpu        ] GC(523) User=0.01s Sys=0.00s Real=0.00s
[2026-06-18T00:17:16.254+0000][10153.093s][info][gc,start      ] GC(524) Pause Young (Mixed) (G1 Evacuation Pause)
[2026-06-18T00:17:16.254+0000][10153.093s][info][gc,task       ] GC(524) Using 13 workers of 13 for evacuation
[2026-06-18T00:17:16.257+0000][10153.095s][info][gc,phases     ] GC(524)   Pre Evacuate Collection Set: 0.0ms
[2026-06-18T00:17:16.257+0000][10153.095s][info][gc,phases     ] GC(524)   Evacuate Collection Set: 2.0ms
[2026-06-18T00:17:16.257+0000][10153.096s][info][gc,phases     ] GC(524)   Post Evacuate Collection Set: 0.3ms
[2026-06-18T00:17:16.257+0000][10153.096s][info][gc,phases     ] GC(524)   Other: 0.3ms
[2026-06-18T00:17:16.257+0000][10153.096s][info][gc,heap       ] GC(524) Eden regions: 21->0(250)
[2026-06-18T00:17:16.257+0000][10153.096s][info][gc,heap       ] GC(524) Survivor regions: 4->3(4)
[2026-06-18T00:17:16.257+0000][10153.096s][info][gc,heap       ] GC(524) Old regions: 47->47
[2026-06-18T00:17:16.257+0000][10153.096s][info][gc,heap       ] GC(524) Humongous regions: 147->147
[2026-06-18T00:17:16.257+0000][10153.096s][info][gc,metaspace  ] GC(524) Metaspace: 52539K(55296K)->52539K(55296K) NonClass: 46599K(48128K)->46599K(48128K) Class: 5939K(7168K)->5939K(7168K)
[2026-06-18T00:17:16.257+0000][10153.096s][info][gc            ] GC(524) Pause Young (Mixed) (G1 Evacuation Pause) 218M->195M(512M) 3.159ms
[2026-06-18T00:17:16.257+0000][10153.096s][info][gc,cpu        ] GC(524) User=0.02s Sys=0.00s Real=0.01s
[2026-06-18T00:18:04.814+0000][10201.653s][info][gc,start      ] GC(525) Pause Young (Normal) (G1 Evacuation Pause)
[2026-06-18T00:18:04.814+0000][10201.653s][info][gc,task       ] GC(525) Using 13 workers of 13 for evacuation
[2026-06-18T00:18:04.816+0000][10201.656s][info][gc,phases     ] GC(525)   Pre Evacuate Collection Set: 0.0ms
[2026-06-18T00:18:04.816+0000][10201.656s][info][gc,phases     ] GC(525)   Evacuate Collection Set: 1.7ms
[2026-06-18T00:18:04.816+0000][10201.656s][info][gc,phases     ] GC(525)   Post Evacuate Collection Set: 0.4ms
[2026-06-18T00:18:04.816+0000][10201.656s][info][gc,phases     ] GC(525)   Other: 0.3ms
[2026-06-18T00:18:04.816+0000][10201.656s][info][gc,heap       ] GC(525) Eden regions: 250->0(245)
[2026-06-18T00:18:04.817+0000][10201.656s][info][gc,heap       ] GC(525) Survivor regions: 3->8(32)
[2026-06-18T00:18:04.817+0000][10201.656s][info][gc,heap       ] GC(525) Old regions: 47->47
[2026-06-18T00:18:04.817+0000][10201.656s][info][gc,heap       ] GC(525) Humongous regions: 147->147
[2026-06-18T00:18:04.817+0000][10201.656s][info][gc,metaspace  ] GC(525) Metaspace: 52547K(55296K)->52547K(55296K) NonClass: 46607K(48128K)->46607K(48128K) Class: 5939K(7168K)->5939K(7168K)
[2026-06-18T00:18:04.817+0000][10201.656s][info][gc            ] GC(525) Pause Young (Normal) (G1 Evacuation Pause) 445M->200M(512M) 2.888ms
[2026-06-18T00:18:04.817+0000][10201.656s][info][gc,cpu        ] GC(525) User=0.02s Sys=0.00s Real=0.00s
[2026-06-18T00:18:06.264+0000][10203.104s][info][gc,start      ] GC(526) Pause Young (Normal) (G1 Evacuation Pause)
[2026-06-18T00:18:06.264+0000][10203.104s][info][gc,task       ] GC(526) Using 13 workers of 13 for evacuation
[2026-06-18T00:18:06.266+0000][10203.106s][info][gc,phases     ] GC(526)   Pre Evacuate Collection Set: 0.0ms
[2026-06-18T00:18:06.266+0000][10203.106s][info][gc,phases     ] GC(526)   Evacuate Collection Set: 1.2ms
[2026-06-18T00:18:06.266+0000][10203.106s][info][gc,phases     ] GC(526)   Post Evacuate Collection Set: 0.4ms
[2026-06-18T00:18:06.267+0000][10203.106s][info][gc,phases     ] GC(526)   Other: 0.4ms
[2026-06-18T00:18:06.267+0000][10203.106s][info][gc,heap       ] GC(526) Eden regions: 245->0(249)
[2026-06-18T00:18:06.267+0000][10203.106s][info][gc,heap       ] GC(526) Survivor regions: 8->5(32)
[2026-06-18T00:18:06.267+0000][10203.106s][info][gc,heap       ] GC(526) Old regions: 47->47
[2026-06-18T00:18:06.267+0000][10203.106s][info][gc,heap       ] GC(526) Humongous regions: 147->147
[2026-06-18T00:18:06.267+0000][10203.106s][info][gc,metaspace  ] GC(526) Metaspace: 52547K(55296K)->52547K(55296K) NonClass: 46607K(48128K)->46607K(48128K) Class: 5939K(7168K)->5939K(7168K)
[2026-06-18T00:18:06.267+0000][10203.106s][info][gc            ] GC(526) Pause Young (Normal) (G1 Evacuation Pause) 445M->197M(512M) 2.528ms
[2026-06-18T00:18:06.267+0000][10203.106s][info][gc,cpu        ] GC(526) User=0.02s Sys=0.00s Real=0.00s
[2026-06-18T00:18:07.517+0000][10204.356s][info][gc,start      ] GC(527) Pause Young (Concurrent Start) (G1 Evacuation Pause)
[2026-06-18T00:18:07.517+0000][10204.356s][info][gc,task       ] GC(527) Using 13 workers of 13 for evacuation
[2026-06-18T00:18:07.523+0000][10204.363s][info][gc,phases     ] GC(527)   Pre Evacuate Collection Set: 0.3ms
[2026-06-18T00:18:07.524+0000][10204.363s][info][gc,phases     ] GC(527)   Evacuate Collection Set: 6.0ms
[2026-06-18T00:18:07.524+0000][10204.363s][info][gc,phases     ] GC(527)   Post Evacuate Collection Set: 0.3ms
[2026-06-18T00:18:07.524+0000][10204.363s][info][gc,phases     ] GC(527)   Other: 0.3ms
[2026-06-18T00:18:07.524+0000][10204.363s][info][gc,heap       ] GC(527) Eden regions: 249->0(244)
[2026-06-18T00:18:07.524+0000][10204.363s][info][gc,heap       ] GC(527) Survivor regions: 5->9(32)
[2026-06-18T00:18:07.524+0000][10204.363s][info][gc,heap       ] GC(527) Old regions: 47->47
[2026-06-18T00:18:07.524+0000][10204.363s][info][gc,heap       ] GC(527) Humongous regions: 147->147
[2026-06-18T00:18:07.524+0000][10204.363s][info][gc,metaspace  ] GC(527) Metaspace: 52547K(55296K)->52547K(55296K) NonClass: 46607K(48128K)->46607K(48128K) Class: 5939K(7168K)->5939K(7168K)
[2026-06-18T00:18:07.524+0000][10204.363s][info][gc            ] GC(527) Pause Young (Concurrent Start) (G1 Evacuation Pause) 446M->201M(512M) 7.363ms
[2026-06-18T00:18:07.524+0000][10204.363s][info][gc,cpu        ] GC(527) User=0.07s Sys=0.00s Real=0.01s
[2026-06-18T00:18:07.524+0000][10204.363s][info][gc            ] GC(528) Concurrent Cycle
[2026-06-18T00:18:07.524+0000][10204.363s][info][gc,marking    ] GC(528) Concurrent Clear Claimed Marks
[2026-06-18T00:18:07.524+0000][10204.364s][info][gc,marking    ] GC(528) Concurrent Clear Claimed Marks 0.182ms
[2026-06-18T00:18:07.524+0000][10204.364s][info][gc,marking    ] GC(528) Concurrent Scan Root Regions
[2026-06-18T00:18:07.526+0000][10204.365s][info][gc,marking    ] GC(528) Concurrent Scan Root Regions 1.440ms
[2026-06-18T00:18:07.526+0000][10204.365s][info][gc,marking    ] GC(528) Concurrent Mark (10204.365s)
[2026-06-18T00:18:07.526+0000][10204.365s][info][gc,marking    ] GC(528) Concurrent Mark From Roots
[2026-06-18T00:18:07.526+0000][10204.365s][info][gc,task       ] GC(528) Using 3 workers of 3 for marking
[2026-06-18T00:18:07.531+0000][10204.370s][info][gc,marking    ] GC(528) Concurrent Mark From Roots 4.988ms
[2026-06-18T00:18:07.532+0000][10204.371s][info][gc,marking    ] GC(528) Concurrent Preclean
[2026-06-18T00:18:07.532+0000][10204.371s][info][gc,marking    ] GC(528) Concurrent Preclean 0.169ms
[2026-06-18T00:18:07.532+0000][10204.371s][info][gc,marking    ] GC(528) Concurrent Mark (10204.365s, 10204.371s) 5.913ms
[2026-06-18T00:18:07.532+0000][10204.371s][info][gc,start      ] GC(528) Pause Remark
[2026-06-18T00:18:07.534+0000][10204.374s][info][gc,stringtable] GC(528) Cleaned string and symbol table, strings: 17358 processed, 0 removed, symbols: 125114 processed, 0 removed
[2026-06-18T00:18:07.534+0000][10204.374s][info][gc            ] GC(528) Pause Remark 206M->206M(512M) 2.507ms
[2026-06-18T00:18:07.534+0000][10204.374s][info][gc,cpu        ] GC(528) User=0.02s Sys=0.00s Real=0.01s
[2026-06-18T00:18:07.535+0000][10204.374s][info][gc,marking    ] GC(528) Concurrent Rebuild Remembered Sets
[2026-06-18T00:18:07.539+0000][10204.378s][info][gc,marking    ] GC(528) Concurrent Rebuild Remembered Sets 4.220ms
[2026-06-18T00:18:07.539+0000][10204.378s][info][gc,start      ] GC(528) Pause Cleanup
[2026-06-18T00:18:07.539+0000][10204.379s][info][gc            ] GC(528) Pause Cleanup 206M->206M(512M) 0.155ms
[2026-06-18T00:18:07.539+0000][10204.379s][info][gc,cpu        ] GC(528) User=0.00s Sys=0.00s Real=0.00s
[2026-06-18T00:18:07.539+0000][10204.379s][info][gc,marking    ] GC(528) Concurrent Cleanup for Next Mark
[2026-06-18T00:18:07.539+0000][10204.379s][info][gc,marking    ] GC(528) Concurrent Cleanup for Next Mark 0.138ms
[2026-06-18T00:18:07.539+0000][10204.379s][info][gc            ] GC(528) Concurrent Cycle 15.438ms
[2026-06-18T00:18:08.669+0000][10205.508s][info][gc,start      ] GC(529) Pause Young (Prepare Mixed) (G1 Evacuation Pause)
[2026-06-18T00:18:08.669+0000][10205.509s][info][gc,task       ] GC(529) Using 13 workers of 13 for evacuation
[2026-06-18T00:18:08.673+0000][10205.512s][info][gc,phases     ] GC(529)   Pre Evacuate Collection Set: 0.0ms
[2026-06-18T00:18:08.673+0000][10205.513s][info][gc,phases     ] GC(529)   Evacuate Collection Set: 3.4ms
[2026-06-18T00:18:08.673+0000][10205.513s][info][gc,phases     ] GC(529)   Post Evacuate Collection Set: 0.4ms
[2026-06-18T00:18:08.673+0000][10205.513s][info][gc,phases     ] GC(529)   Other: 0.3ms
[2026-06-18T00:18:08.673+0000][10205.513s][info][gc,heap       ] GC(529) Eden regions: 244->0(19)
[2026-06-18T00:18:08.673+0000][10205.513s][info][gc,heap       ] GC(529) Survivor regions: 9->6(32)
[2026-06-18T00:18:08.673+0000][10205.513s][info][gc,heap       ] GC(529) Old regions: 47->47
[2026-06-18T00:18:08.673+0000][10205.513s][info][gc,heap       ] GC(529) Humongous regions: 147->147
[2026-06-18T00:18:08.673+0000][10205.513s][info][gc,metaspace  ] GC(529) Metaspace: 52547K(55296K)->52547K(55296K) NonClass: 46607K(48128K)->46607K(48128K) Class: 5939K(7168K)->5939K(7168K)
[2026-06-18T00:18:08.674+0000][10205.513s][info][gc            ] GC(529) Pause Young (Prepare Mixed) (G1 Evacuation Pause) 445M->198M(512M) 4.491ms
[2026-06-18T00:18:08.674+0000][10205.513s][info][gc,cpu        ] GC(529) User=0.04s Sys=0.00s Real=0.00s
[2026-06-18T00:18:08.760+0000][10205.600s][info][gc,start      ] GC(530) Pause Young (Mixed) (G1 Evacuation Pause)
[2026-06-18T00:18:08.760+0000][10205.600s][info][gc,task       ] GC(530) Using 13 workers of 13 for evacuation
[2026-06-18T00:18:08.763+0000][10205.603s][info][gc,phases     ] GC(530)   Pre Evacuate Collection Set: 0.0ms
[2026-06-18T00:18:08.763+0000][10205.603s][info][gc,phases     ] GC(530)   Evacuate Collection Set: 2.4ms
[2026-06-18T00:18:08.763+0000][10205.603s][info][gc,phases     ] GC(530)   Post Evacuate Collection Set: 0.3ms
[2026-06-18T00:18:08.764+0000][10205.603s][info][gc,phases     ] GC(530)   Other: 0.3ms
[2026-06-18T00:18:08.764+0000][10205.603s][info][gc,heap       ] GC(530) Eden regions: 19->0(247)
[2026-06-18T00:18:08.764+0000][10205.603s][info][gc,heap       ] GC(530) Survivor regions: 6->2(4)
[2026-06-18T00:18:08.764+0000][10205.603s][info][gc,heap       ] GC(530) Old regions: 47->50
[2026-06-18T00:18:08.764+0000][10205.603s][info][gc,heap       ] GC(530) Humongous regions: 147->147
[2026-06-18T00:18:08.764+0000][10205.603s][info][gc,metaspace  ] GC(530) Metaspace: 52547K(55296K)->52547K(55296K) NonClass: 46607K(48128K)->46607K(48128K) Class: 5939K(7168K)->5939K(7168K)
[2026-06-18T00:18:08.764+0000][10205.603s][info][gc            ] GC(530) Pause Young (Mixed) (G1 Evacuation Pause) 217M->197M(512M) 3.548ms
[2026-06-18T00:18:08.764+0000][10205.603s][info][gc,cpu        ] GC(530) User=0.02s Sys=0.00s Real=0.01s
[2026-06-18T00:18:57.278+0000][10254.118s][info][gc,start      ] GC(531) Pause Young (Normal) (G1 Evacuation Pause)
[2026-06-18T00:18:57.278+0000][10254.119s][info][gc,task       ] GC(531) Using 13 workers of 13 for evacuation
[2026-06-18T00:18:57.283+0000][10254.123s][info][gc,phases     ] GC(531)   Pre Evacuate Collection Set: 0.0ms
[2026-06-18T00:18:57.283+0000][10254.123s][info][gc,phases     ] GC(531)   Evacuate Collection Set: 4.0ms
[2026-06-18T00:18:57.283+0000][10254.123s][info][gc,phases     ] GC(531)   Post Evacuate Collection Set: 0.3ms
[2026-06-18T00:18:57.283+0000][10254.123s][info][gc,phases     ] GC(531)   Other: 0.3ms
[2026-06-18T00:18:57.283+0000][10254.123s][info][gc,heap       ] GC(531) Eden regions: 247->0(240)
[2026-06-18T00:18:57.283+0000][10254.123s][info][gc,heap       ] GC(531) Survivor regions: 2->8(32)
[2026-06-18T00:18:57.283+0000][10254.123s][info][gc,heap       ] GC(531) Old regions: 50->50
[2026-06-18T00:18:57.283+0000][10254.123s][info][gc,heap       ] GC(531) Humongous regions: 147->147
[2026-06-18T00:18:57.283+0000][10254.123s][info][gc,metaspace  ] GC(531) Metaspace: 52547K(55296K)->52547K(55296K) NonClass: 46608K(48128K)->46608K(48128K) Class: 5939K(7168K)->5939K(7168K)
[2026-06-18T00:18:57.283+0000][10254.124s][info][gc            ] GC(531) Pause Young (Normal) (G1 Evacuation Pause) 444M->203M(512M) 5.158ms
[2026-06-18T00:18:57.284+0000][10254.124s][info][gc,cpu        ] GC(531) User=0.06s Sys=0.00s Real=0.01s
[2026-06-18T00:18:58.681+0000][10255.521s][info][gc,start      ] GC(532) Pause Young (Normal) (G1 Evacuation Pause)
[2026-06-18T00:18:58.681+0000][10255.521s][info][gc,task       ] GC(532) Using 13 workers of 13 for evacuation
[2026-06-18T00:18:58.682+0000][10255.522s][info][gc,phases     ] GC(532)   Pre Evacuate Collection Set: 0.0ms
[2026-06-18T00:18:58.682+0000][10255.522s][info][gc,phases     ] GC(532)   Evacuate Collection Set: 1.1ms
[2026-06-18T00:18:58.682+0000][10255.522s][info][gc,phases     ] GC(532)   Post Evacuate Collection Set: 0.4ms
[2026-06-18T00:18:58.682+0000][10255.523s][info][gc,phases     ] GC(532)   Other: 0.3ms
[2026-06-18T00:18:58.683+0000][10255.523s][info][gc,heap       ] GC(532) Eden regions: 240->0(245)
[2026-06-18T00:18:58.683+0000][10255.523s][info][gc,heap       ] GC(532) Survivor regions: 8->4(31)
[2026-06-18T00:18:58.683+0000][10255.523s][info][gc,heap       ] GC(532) Old regions: 50->50
[2026-06-18T00:18:58.683+0000][10255.523s][info][gc,heap       ] GC(532) Humongous regions: 147->147
[2026-06-18T00:18:58.683+0000][10255.523s][info][gc,metaspace  ] GC(532) Metaspace: 52547K(55296K)->52547K(55296K) NonClass: 46608K(48128K)->46608K(48128K) Class: 5939K(7168K)->5939K(7168K)
[2026-06-18T00:18:58.683+0000][10255.523s][info][gc            ] GC(532) Pause Young (Normal) (G1 Evacuation Pause) 443M->200M(512M) 2.188ms
[2026-06-18T00:18:58.683+0000][10255.523s][info][gc,cpu        ] GC(532) User=0.01s Sys=0.00s Real=0.00s
[2026-06-18T00:18:59.924+0000][10256.765s][info][gc,start      ] GC(533) Pause Young (Concurrent Start) (G1 Evacuation Pause)
[2026-06-18T00:18:59.925+0000][10256.765s][info][gc,task       ] GC(533) Using 13 workers of 13 for evacuation
[2026-06-18T00:18:59.929+0000][10256.769s][info][gc,phases     ] GC(533)   Pre Evacuate Collection Set: 0.3ms
[2026-06-18T00:18:59.929+0000][10256.769s][info][gc,phases     ] GC(533)   Evacuate Collection Set: 3.5ms
[2026-06-18T00:18:59.929+0000][10256.769s][info][gc,phases     ] GC(533)   Post Evacuate Collection Set: 0.4ms
[2026-06-18T00:18:59.929+0000][10256.769s][info][gc,phases     ] GC(533)   Other: 0.4ms
[2026-06-18T00:18:59.929+0000][10256.769s][info][gc,heap       ] GC(533) Eden regions: 245->0(241)
[2026-06-18T00:18:59.929+0000][10256.769s][info][gc,heap       ] GC(533) Survivor regions: 4->8(32)
[2026-06-18T00:18:59.929+0000][10256.769s][info][gc,heap       ] GC(533) Old regions: 50->50
[2026-06-18T00:18:59.929+0000][10256.769s][info][gc,heap       ] GC(533) Humongous regions: 147->147
[2026-06-18T00:18:59.929+0000][10256.769s][info][gc,metaspace  ] GC(533) Metaspace: 52547K(55296K)->52547K(55296K) NonClass: 46608K(48128K)->46608K(48128K) Class: 5939K(7168K)->5939K(7168K)
[2026-06-18T00:18:59.930+0000][10256.770s][info][gc            ] GC(533) Pause Young (Concurrent Start) (G1 Evacuation Pause) 445M->204M(512M) 5.048ms
[2026-06-18T00:18:59.930+0000][10256.770s][info][gc,cpu        ] GC(533) User=0.04s Sys=0.00s Real=0.00s
[2026-06-18T00:18:59.930+0000][10256.770s][info][gc            ] GC(534) Concurrent Cycle
[2026-06-18T00:18:59.930+0000][10256.770s][info][gc,marking    ] GC(534) Concurrent Clear Claimed Marks
[2026-06-18T00:18:59.930+0000][10256.770s][info][gc,marking    ] GC(534) Concurrent Clear Claimed Marks 0.285ms
[2026-06-18T00:18:59.930+0000][10256.770s][info][gc,marking    ] GC(534) Concurrent Scan Root Regions
[2026-06-18T00:18:59.932+0000][10256.772s][info][gc,marking    ] GC(534) Concurrent Scan Root Regions 1.447ms
[2026-06-18T00:18:59.932+0000][10256.772s][info][gc,marking    ] GC(534) Concurrent Mark (10256.772s)
[2026-06-18T00:18:59.932+0000][10256.772s][info][gc,marking    ] GC(534) Concurrent Mark From Roots
[2026-06-18T00:18:59.932+0000][10256.772s][info][gc,task       ] GC(534) Using 3 workers of 3 for marking
[2026-06-18T00:18:59.938+0000][10256.778s][info][gc,marking    ] GC(534) Concurrent Mark From Roots 5.967ms
[2026-06-18T00:18:59.938+0000][10256.778s][info][gc,marking    ] GC(534) Concurrent Preclean
[2026-06-18T00:18:59.938+0000][10256.778s][info][gc,marking    ] GC(534) Concurrent Preclean 0.198ms
[2026-06-18T00:18:59.938+0000][10256.778s][info][gc,marking    ] GC(534) Concurrent Mark (10256.772s, 10256.778s) 6.433ms
[2026-06-18T00:18:59.938+0000][10256.778s][info][gc,start      ] GC(534) Pause Remark
[2026-06-18T00:18:59.941+0000][10256.781s][info][gc,stringtable] GC(534) Cleaned string and symbol table, strings: 17358 processed, 0 removed, symbols: 125114 processed, 0 removed
[2026-06-18T00:18:59.941+0000][10256.781s][info][gc            ] GC(534) Pause Remark 208M->208M(512M) 2.669ms
[2026-06-18T00:18:59.941+0000][10256.781s][info][gc,cpu        ] GC(534) User=0.03s Sys=0.00s Real=0.00s
[2026-06-18T00:18:59.941+0000][10256.781s][info][gc,marking    ] GC(534) Concurrent Rebuild Remembered Sets
[2026-06-18T00:18:59.946+0000][10256.786s][info][gc,marking    ] GC(534) Concurrent Rebuild Remembered Sets 4.560ms
[2026-06-18T00:18:59.946+0000][10256.786s][info][gc,start      ] GC(534) Pause Cleanup
[2026-06-18T00:18:59.946+0000][10256.786s][info][gc            ] GC(534) Pause Cleanup 209M->209M(512M) 0.140ms
[2026-06-18T00:18:59.946+0000][10256.786s][info][gc,cpu        ] GC(534) User=0.00s Sys=0.00s Real=0.00s
[2026-06-18T00:18:59.946+0000][10256.786s][info][gc,marking    ] GC(534) Concurrent Cleanup for Next Mark
[2026-06-18T00:18:59.946+0000][10256.786s][info][gc,marking    ] GC(534) Concurrent Cleanup for Next Mark 0.139ms
[2026-06-18T00:18:59.946+0000][10256.786s][info][gc            ] GC(534) Concurrent Cycle 16.699ms
[2026-06-18T00:19:01.092+0000][10257.932s][info][gc,start      ] GC(535) Pause Young (Prepare Mixed) (G1 Evacuation Pause)
[2026-06-18T00:19:01.093+0000][10257.933s][info][gc,task       ] GC(535) Using 13 workers of 13 for evacuation
[2026-06-18T00:19:01.095+0000][10257.935s][info][gc,phases     ] GC(535)   Pre Evacuate Collection Set: 0.0ms
[2026-06-18T00:19:01.095+0000][10257.935s][info][gc,phases     ] GC(535)   Evacuate Collection Set: 2.2ms
[2026-06-18T00:19:01.095+0000][10257.936s][info][gc,phases     ] GC(535)   Post Evacuate Collection Set: 0.3ms
[2026-06-18T00:19:01.096+0000][10257.936s][info][gc,phases     ] GC(535)   Other: 0.3ms
[2026-06-18T00:19:01.096+0000][10257.936s][info][gc,heap       ] GC(535) Eden regions: 241->0(20)
[2026-06-18T00:19:01.096+0000][10257.936s][info][gc,heap       ] GC(535) Survivor regions: 8->5(32)
[2026-06-18T00:19:01.096+0000][10257.936s][info][gc,heap       ] GC(535) Old regions: 50->50
[2026-06-18T00:19:01.096+0000][10257.936s][info][gc,heap       ] GC(535) Humongous regions: 147->147
[2026-06-18T00:19:01.096+0000][10257.936s][info][gc,metaspace  ] GC(535) Metaspace: 52547K(55296K)->52547K(55296K) NonClass: 46608K(48128K)->46608K(48128K) Class: 5939K(7168K)->5939K(7168K)
[2026-06-18T00:19:01.096+0000][10257.936s][info][gc            ] GC(535) Pause Young (Prepare Mixed) (G1 Evacuation Pause) 445M->200M(512M) 3.366ms
[2026-06-18T00:19:01.096+0000][10257.936s][info][gc,cpu        ] GC(535) User=0.03s Sys=0.00s Real=0.01s
[2026-06-18T00:19:01.188+0000][10258.028s][info][gc,start      ] GC(536) Pause Young (Mixed) (G1 Evacuation Pause)
[2026-06-18T00:19:01.188+0000][10258.028s][info][gc,task       ] GC(536) Using 13 workers of 13 for evacuation
[2026-06-18T00:19:01.191+0000][10258.031s][info][gc,phases     ] GC(536)   Pre Evacuate Collection Set: 0.0ms
[2026-06-18T00:19:01.191+0000][10258.031s][info][gc,phases     ] GC(536)   Evacuate Collection Set: 1.9ms
[2026-06-18T00:19:01.191+0000][10258.031s][info][gc,phases     ] GC(536)   Post Evacuate Collection Set: 0.3ms
[2026-06-18T00:19:01.191+0000][10258.031s][info][gc,phases     ] GC(536)   Other: 0.3ms
[2026-06-18T00:19:01.191+0000][10258.031s][info][gc,heap       ] GC(536) Eden regions: 20->0(247)
[2026-06-18T00:19:01.191+0000][10258.031s][info][gc,heap       ] GC(536) Survivor regions: 5->2(4)
[2026-06-18T00:19:01.191+0000][10258.031s][info][gc,heap       ] GC(536) Old regions: 50->49
[2026-06-18T00:19:01.191+0000][10258.031s][info][gc,heap       ] GC(536) Humongous regions: 147->147
[2026-06-18T00:19:01.191+0000][10258.031s][info][gc,metaspace  ] GC(536) Metaspace: 52547K(55296K)->52547K(55296K) NonClass: 46608K(48128K)->46608K(48128K) Class: 5939K(7168K)->5939K(7168K)
[2026-06-18T00:19:01.191+0000][10258.031s][info][gc            ] GC(536) Pause Young (Mixed) (G1 Evacuation Pause) 220M->196M(512M) 3.062ms
[2026-06-18T00:19:01.191+0000][10258.031s][info][gc,cpu        ] GC(536) User=0.01s Sys=0.00s Real=0.00s
[2026-06-18T00:19:49.880+0000][10306.721s][info][gc,start      ] GC(537) Pause Young (Normal) (G1 Evacuation Pause)
[2026-06-18T00:19:49.880+0000][10306.721s][info][gc,task       ] GC(537) Using 13 workers of 13 for evacuation
[2026-06-18T00:19:49.884+0000][10306.725s][info][gc,phases     ] GC(537)   Pre Evacuate Collection Set: 0.0ms
[2026-06-18T00:19:49.884+0000][10306.725s][info][gc,phases     ] GC(537)   Evacuate Collection Set: 3.5ms
[2026-06-18T00:19:49.884+0000][10306.725s][info][gc,phases     ] GC(537)   Post Evacuate Collection Set: 0.3ms
[2026-06-18T00:19:49.884+0000][10306.725s][info][gc,phases     ] GC(537)   Other: 0.3ms
[2026-06-18T00:19:49.884+0000][10306.725s][info][gc,heap       ] GC(537) Eden regions: 247->0(242)
[2026-06-18T00:19:49.884+0000][10306.725s][info][gc,heap       ] GC(537) Survivor regions: 2->7(32)
[2026-06-18T00:19:49.884+0000][10306.725s][info][gc,heap       ] GC(537) Old regions: 49->49
[2026-06-18T00:19:49.884+0000][10306.725s][info][gc,heap       ] GC(537) Humongous regions: 147->147
[2026-06-18T00:19:49.884+0000][10306.725s][info][gc,metaspace  ] GC(537) Metaspace: 52561K(55296K)->52561K(55296K) NonClass: 46621K(48128K)->46621K(48128K) Class: 5939K(7168K)->5939K(7168K)
[2026-06-18T00:19:49.885+0000][10306.725s][info][gc            ] GC(537) Pause Young (Normal) (G1 Evacuation Pause) 443M->202M(512M) 4.602ms
[2026-06-18T00:19:49.885+0000][10306.725s][info][gc,cpu        ] GC(537) User=0.04s Sys=0.00s Real=0.01s
[2026-06-18T00:19:51.269+0000][10308.110s][info][gc,start      ] GC(538) Pause Young (Normal) (G1 Evacuation Pause)
[2026-06-18T00:19:51.269+0000][10308.110s][info][gc,task       ] GC(538) Using 13 workers of 13 for evacuation
[2026-06-18T00:19:51.271+0000][10308.112s][info][gc,phases     ] GC(538)   Pre Evacuate Collection Set: 0.0ms
[2026-06-18T00:19:51.271+0000][10308.112s][info][gc,phases     ] GC(538)   Evacuate Collection Set: 1.4ms
[2026-06-18T00:19:51.271+0000][10308.112s][info][gc,phases     ] GC(538)   Post Evacuate Collection Set: 0.4ms
[2026-06-18T00:19:51.271+0000][10308.112s][info][gc,phases     ] GC(538)   Other: 0.3ms
[2026-06-18T00:19:51.271+0000][10308.112s][info][gc,heap       ] GC(538) Eden regions: 242->0(245)
[2026-06-18T00:19:51.272+0000][10308.112s][info][gc,heap       ] GC(538) Survivor regions: 7->4(32)
[2026-06-18T00:19:51.272+0000][10308.112s][info][gc,heap       ] GC(538) Old regions: 49->49
[2026-06-18T00:19:51.272+0000][10308.112s][info][gc,heap       ] GC(538) Humongous regions: 147->147
[2026-06-18T00:19:51.272+0000][10308.112s][info][gc,metaspace  ] GC(538) Metaspace: 52561K(55296K)->52561K(55296K) NonClass: 46621K(48128K)->46621K(48128K) Class: 5939K(7168K)->5939K(7168K)
[2026-06-18T00:19:51.272+0000][10308.113s][info][gc            ] GC(538) Pause Young (Normal) (G1 Evacuation Pause) 444M->198M(512M) 2.592ms
[2026-06-18T00:19:51.272+0000][10308.113s][info][gc,cpu        ] GC(538) User=0.02s Sys=0.00s Real=0.00s
[2026-06-18T00:19:52.535+0000][10309.375s][info][gc,start      ] GC(539) Pause Young (Concurrent Start) (G1 Evacuation Pause)
[2026-06-18T00:19:52.535+0000][10309.376s][info][gc,task       ] GC(539) Using 13 workers of 13 for evacuation
[2026-06-18T00:19:52.538+0000][10309.378s][info][gc,phases     ] GC(539)   Pre Evacuate Collection Set: 0.3ms
[2026-06-18T00:19:52.538+0000][10309.378s][info][gc,phases     ] GC(539)   Evacuate Collection Set: 1.9ms
[2026-06-18T00:19:52.538+0000][10309.379s][info][gc,phases     ] GC(539)   Post Evacuate Collection Set: 0.4ms
[2026-06-18T00:19:52.538+0000][10309.379s][info][gc,phases     ] GC(539)   Other: 0.3ms
[2026-06-18T00:19:52.538+0000][10309.379s][info][gc,heap       ] GC(539) Eden regions: 245->0(243)
[2026-06-18T00:19:52.538+0000][10309.379s][info][gc,heap       ] GC(539) Survivor regions: 4->7(32)
[2026-06-18T00:19:52.538+0000][10309.379s][info][gc,heap       ] GC(539) Old regions: 49->49
[2026-06-18T00:19:52.538+0000][10309.379s][info][gc,heap       ] GC(539) Humongous regions: 147->147
[2026-06-18T00:19:52.538+0000][10309.379s][info][gc,metaspace  ] GC(539) Metaspace: 52561K(55296K)->52561K(55296K) NonClass: 46621K(48128K)->46621K(48128K) Class: 5939K(7168K)->5939K(7168K)
[2026-06-18T00:19:52.538+0000][10309.379s][info][gc            ] GC(539) Pause Young (Concurrent Start) (G1 Evacuation Pause) 443M->201M(512M) 3.458ms
[2026-06-18T00:19:52.538+0000][10309.379s][info][gc,cpu        ] GC(539) User=0.02s Sys=0.00s Real=0.00s
[2026-06-18T00:19:52.538+0000][10309.379s][info][gc            ] GC(540) Concurrent Cycle
[2026-06-18T00:19:52.538+0000][10309.379s][info][gc,marking    ] GC(540) Concurrent Clear Claimed Marks
[2026-06-18T00:19:52.539+0000][10309.379s][info][gc,marking    ] GC(540) Concurrent Clear Claimed Marks 0.274ms
[2026-06-18T00:19:52.539+0000][10309.379s][info][gc,marking    ] GC(540) Concurrent Scan Root Regions
[2026-06-18T00:19:52.540+0000][10309.381s][info][gc,marking    ] GC(540) Concurrent Scan Root Regions 1.212ms
[2026-06-18T00:19:52.540+0000][10309.381s][info][gc,marking    ] GC(540) Concurrent Mark (10309.381s)
[2026-06-18T00:19:52.540+0000][10309.381s][info][gc,marking    ] GC(540) Concurrent Mark From Roots
[2026-06-18T00:19:52.540+0000][10309.381s][info][gc,task       ] GC(540) Using 3 workers of 3 for marking
[2026-06-18T00:19:52.546+0000][10309.387s][info][gc,marking    ] GC(540) Concurrent Mark From Roots 5.866ms
[2026-06-18T00:19:52.546+0000][10309.387s][info][gc,marking    ] GC(540) Concurrent Preclean
[2026-06-18T00:19:52.546+0000][10309.387s][info][gc,marking    ] GC(540) Concurrent Preclean 0.163ms
[2026-06-18T00:19:52.546+0000][10309.387s][info][gc,marking    ] GC(540) Concurrent Mark (10309.381s, 10309.387s) 6.253ms
[2026-06-18T00:19:52.546+0000][10309.387s][info][gc,start      ] GC(540) Pause Remark
[2026-06-18T00:19:52.549+0000][10309.390s][info][gc,stringtable] GC(540) Cleaned string and symbol table, strings: 17360 processed, 0 removed, symbols: 125114 processed, 0 removed
[2026-06-18T00:19:52.549+0000][10309.390s][info][gc            ] GC(540) Pause Remark 205M->205M(512M) 2.649ms
[2026-06-18T00:19:52.549+0000][10309.390s][info][gc,cpu        ] GC(540) User=0.03s Sys=0.00s Real=0.00s
[2026-06-18T00:19:52.549+0000][10309.390s][info][gc,marking    ] GC(540) Concurrent Rebuild Remembered Sets
[2026-06-18T00:19:52.554+0000][10309.394s][info][gc,marking    ] GC(540) Concurrent Rebuild Remembered Sets 4.373ms
[2026-06-18T00:19:52.554+0000][10309.395s][info][gc,start      ] GC(540) Pause Cleanup
[2026-06-18T00:19:52.554+0000][10309.395s][info][gc            ] GC(540) Pause Cleanup 206M->206M(512M) 0.154ms
[2026-06-18T00:19:52.554+0000][10309.395s][info][gc,cpu        ] GC(540) User=0.00s Sys=0.00s Real=0.00s
[2026-06-18T00:19:52.554+0000][10309.395s][info][gc,marking    ] GC(540) Concurrent Cleanup for Next Mark
[2026-06-18T00:19:52.554+0000][10309.395s][info][gc,marking    ] GC(540) Concurrent Cleanup for Next Mark 0.223ms
[2026-06-18T00:19:52.555+0000][10309.395s][info][gc            ] GC(540) Concurrent Cycle 16.251ms
[2026-06-18T00:20:41.164+0000][10357.927s][info][gc,start      ] GC(541) Pause Young (Prepare Mixed) (G1 Evacuation Pause)
[2026-06-18T00:20:41.164+0000][10357.927s][info][gc,task       ] GC(541) Using 13 workers of 13 for evacuation
[2026-06-18T00:20:41.166+0000][10357.929s][info][gc,phases     ] GC(541)   Pre Evacuate Collection Set: 0.0ms
[2026-06-18T00:20:41.166+0000][10357.929s][info][gc,phases     ] GC(541)   Evacuate Collection Set: 1.3ms
[2026-06-18T00:20:41.166+0000][10357.929s][info][gc,phases     ] GC(541)   Post Evacuate Collection Set: 0.3ms
[2026-06-18T00:20:41.166+0000][10357.929s][info][gc,phases     ] GC(541)   Other: 0.3ms
[2026-06-18T00:20:41.166+0000][10357.929s][info][gc,heap       ] GC(541) Eden regions: 243->0(22)
[2026-06-18T00:20:41.166+0000][10357.929s][info][gc,heap       ] GC(541) Survivor regions: 7->3(32)
[2026-06-18T00:20:41.166+0000][10357.930s][info][gc,heap       ] GC(541) Old regions: 49->49
[2026-06-18T00:20:41.166+0000][10357.930s][info][gc,heap       ] GC(541) Humongous regions: 147->147
[2026-06-18T00:20:41.166+0000][10357.930s][info][gc,metaspace  ] GC(541) Metaspace: 52593K(55296K)->52593K(55296K) NonClass: 46653K(48128K)->46653K(48128K) Class: 5939K(7168K)->5939K(7168K)
[2026-06-18T00:20:41.166+0000][10357.930s][info][gc            ] GC(541) Pause Young (Prepare Mixed) (G1 Evacuation Pause) 444M->198M(512M) 2.297ms
[2026-06-18T00:20:41.166+0000][10357.930s][info][gc,cpu        ] GC(541) User=0.02s Sys=0.00s Real=0.00s
[2026-06-18T00:20:41.312+0000][10358.076s][info][gc,start      ] GC(542) Pause Young (Mixed) (G1 Evacuation Pause)
[2026-06-18T00:20:41.312+0000][10358.076s][info][gc,task       ] GC(542) Using 13 workers of 13 for evacuation
[2026-06-18T00:20:41.314+0000][10358.078s][info][gc,phases     ] GC(542)   Pre Evacuate Collection Set: 0.0ms
[2026-06-18T00:20:41.314+0000][10358.078s][info][gc,phases     ] GC(542)   Evacuate Collection Set: 1.4ms
[2026-06-18T00:20:41.314+0000][10358.078s][info][gc,phases     ] GC(542)   Post Evacuate Collection Set: 0.3ms
[2026-06-18T00:20:41.314+0000][10358.078s][info][gc,phases     ] GC(542)   Other: 0.3ms
[2026-06-18T00:20:41.314+0000][10358.078s][info][gc,heap       ] GC(542) Eden regions: 22->0(250)
[2026-06-18T00:20:41.314+0000][10358.078s][info][gc,heap       ] GC(542) Survivor regions: 3->3(4)
[2026-06-18T00:20:41.314+0000][10358.078s][info][gc,heap       ] GC(542) Old regions: 49->45
[2026-06-18T00:20:41.314+0000][10358.078s][info][gc,heap       ] GC(542) Humongous regions: 147->147
[2026-06-18T00:20:41.314+0000][10358.078s][info][gc,metaspace  ] GC(542) Metaspace: 52593K(55296K)->52593K(55296K) NonClass: 46653K(48128K)->46653K(48128K) Class: 5939K(7168K)->5939K(7168K)
[2026-06-18T00:20:41.314+0000][10358.078s][info][gc            ] GC(542) Pause Young (Mixed) (G1 Evacuation Pause) 220M->194M(512M) 2.599ms
[2026-06-18T00:20:41.314+0000][10358.078s][info][gc,cpu        ] GC(542) User=0.02s Sys=0.00s Real=0.00s
[2026-06-18T00:20:42.886+0000][10359.650s][info][gc,start      ] GC(543) Pause Young (Normal) (G1 Evacuation Pause)
[2026-06-18T00:20:42.886+0000][10359.650s][info][gc,task       ] GC(543) Using 13 workers of 13 for evacuation
[2026-06-18T00:20:42.891+0000][10359.655s][info][gc,phases     ] GC(543)   Pre Evacuate Collection Set: 0.0ms
[2026-06-18T00:20:42.891+0000][10359.655s][info][gc,phases     ] GC(543)   Evacuate Collection Set: 4.6ms
[2026-06-18T00:20:42.892+0000][10359.655s][info][gc,phases     ] GC(543)   Post Evacuate Collection Set: 0.3ms
[2026-06-18T00:20:42.892+0000][10359.655s][info][gc,phases     ] GC(543)   Other: 0.3ms
[2026-06-18T00:20:42.892+0000][10359.655s][info][gc,heap       ] GC(543) Eden regions: 250->0(247)
[2026-06-18T00:20:42.892+0000][10359.655s][info][gc,heap       ] GC(543) Survivor regions: 3->7(32)
[2026-06-18T00:20:42.892+0000][10359.655s][info][gc,heap       ] GC(543) Old regions: 45->45
[2026-06-18T00:20:42.892+0000][10359.656s][info][gc,heap       ] GC(543) Humongous regions: 147->147
[2026-06-18T00:20:42.892+0000][10359.656s][info][gc,metaspace  ] GC(543) Metaspace: 52593K(55296K)->52593K(55296K) NonClass: 46653K(48128K)->46653K(48128K) Class: 5939K(7168K)->5939K(7168K)
[2026-06-18T00:20:42.892+0000][10359.656s][info][gc            ] GC(543) Pause Young (Normal) (G1 Evacuation Pause) 444M->197M(512M) 5.825ms
[2026-06-18T00:20:42.892+0000][10359.656s][info][gc,cpu        ] GC(543) User=0.05s Sys=0.00s Real=0.01s
[2026-06-18T00:20:44.192+0000][10360.956s][info][gc,start      ] GC(544) Pause Young (Normal) (G1 Evacuation Pause)
[2026-06-18T00:20:44.192+0000][10360.956s][info][gc,task       ] GC(544) Using 13 workers of 13 for evacuation
[2026-06-18T00:20:44.194+0000][10360.958s][info][gc,phases     ] GC(544)   Pre Evacuate Collection Set: 0.0ms
[2026-06-18T00:20:44.194+0000][10360.958s][info][gc,phases     ] GC(544)   Evacuate Collection Set: 1.4ms
[2026-06-18T00:20:44.194+0000][10360.958s][info][gc,phases     ] GC(544)   Post Evacuate Collection Set: 0.3ms
[2026-06-18T00:20:44.194+0000][10360.958s][info][gc,phases     ] GC(544)   Other: 0.3ms
[2026-06-18T00:20:44.194+0000][10360.958s][info][gc,heap       ] GC(544) Eden regions: 247->0(251)
[2026-06-18T00:20:44.194+0000][10360.958s][info][gc,heap       ] GC(544) Survivor regions: 7->4(32)
[2026-06-18T00:20:44.194+0000][10360.958s][info][gc,heap       ] GC(544) Old regions: 45->45
[2026-06-18T00:20:44.194+0000][10360.958s][info][gc,heap       ] GC(544) Humongous regions: 147->147
[2026-06-18T00:20:44.195+0000][10360.958s][info][gc,metaspace  ] GC(544) Metaspace: 52593K(55296K)->52593K(55296K) NonClass: 46653K(48128K)->46653K(48128K) Class: 5939K(7168K)->5939K(7168K)
[2026-06-18T00:20:44.195+0000][10360.958s][info][gc            ] GC(544) Pause Young (Normal) (G1 Evacuation Pause) 444M->194M(512M) 2.635ms
[2026-06-18T00:20:44.195+0000][10360.958s][info][gc,cpu        ] GC(544) User=0.02s Sys=0.00s Real=0.00s
[2026-06-18T00:21:32.622+0000][10409.385s][info][gc,start      ] GC(545) Pause Young (Concurrent Start) (G1 Evacuation Pause)
[2026-06-18T00:21:32.623+0000][10409.386s][info][gc,task       ] GC(545) Using 13 workers of 13 for evacuation
[2026-06-18T00:21:32.629+0000][10409.392s][info][gc,phases     ] GC(545)   Pre Evacuate Collection Set: 0.3ms
[2026-06-18T00:21:32.629+0000][10409.392s][info][gc,phases     ] GC(545)   Evacuate Collection Set: 5.1ms
[2026-06-18T00:21:32.629+0000][10409.392s][info][gc,phases     ] GC(545)   Post Evacuate Collection Set: 0.4ms
[2026-06-18T00:21:32.629+0000][10409.392s][info][gc,phases     ] GC(545)   Other: 1.3ms
[2026-06-18T00:21:32.629+0000][10409.392s][info][gc,heap       ] GC(545) Eden regions: 251->0(249)
[2026-06-18T00:21:32.629+0000][10409.392s][info][gc,heap       ] GC(545) Survivor regions: 4->7(32)
[2026-06-18T00:21:32.629+0000][10409.392s][info][gc,heap       ] GC(545) Old regions: 45->45
[2026-06-18T00:21:32.629+0000][10409.392s][info][gc,heap       ] GC(545) Humongous regions: 147->147
[2026-06-18T00:21:32.629+0000][10409.393s][info][gc,metaspace  ] GC(545) Metaspace: 52593K(55296K)->52593K(55296K) NonClass: 46653K(48128K)->46653K(48128K) Class: 5939K(7168K)->5939K(7168K)
[2026-06-18T00:21:32.629+0000][10409.393s][info][gc            ] GC(545) Pause Young (Concurrent Start) (G1 Evacuation Pause) 445M->197M(512M) 7.462ms
[2026-06-18T00:21:32.629+0000][10409.393s][info][gc,cpu        ] GC(545) User=0.06s Sys=0.00s Real=0.00s
[2026-06-18T00:21:32.630+0000][10409.393s][info][gc            ] GC(546) Concurrent Cycle
[2026-06-18T00:21:32.630+0000][10409.393s][info][gc,marking    ] GC(546) Concurrent Clear Claimed Marks
[2026-06-18T00:21:32.630+0000][10409.393s][info][gc,marking    ] GC(546) Concurrent Clear Claimed Marks 0.215ms
[2026-06-18T00:21:32.630+0000][10409.393s][info][gc,marking    ] GC(546) Concurrent Scan Root Regions
[2026-06-18T00:21:32.631+0000][10409.395s][info][gc,marking    ] GC(546) Concurrent Scan Root Regions 1.621ms
[2026-06-18T00:21:32.632+0000][10409.395s][info][gc,marking    ] GC(546) Concurrent Mark (10409.395s)
[2026-06-18T00:21:32.632+0000][10409.395s][info][gc,marking    ] GC(546) Concurrent Mark From Roots
[2026-06-18T00:21:32.632+0000][10409.395s][info][gc,task       ] GC(546) Using 3 workers of 3 for marking
[2026-06-18T00:21:32.637+0000][10409.401s][info][gc,marking    ] GC(546) Concurrent Mark From Roots 5.575ms
[2026-06-18T00:21:32.638+0000][10409.401s][info][gc,marking    ] GC(546) Concurrent Preclean
[2026-06-18T00:21:32.638+0000][10409.401s][info][gc,marking    ] GC(546) Concurrent Preclean 0.213ms
[2026-06-18T00:21:32.638+0000][10409.401s][info][gc,marking    ] GC(546) Concurrent Mark (10409.395s, 10409.401s) 6.196ms
[2026-06-18T00:21:32.638+0000][10409.401s][info][gc,start      ] GC(546) Pause Remark
[2026-06-18T00:21:32.641+0000][10409.404s][info][gc,stringtable] GC(546) Cleaned string and symbol table, strings: 17360 processed, 0 removed, symbols: 125114 processed, 0 removed
[2026-06-18T00:21:32.642+0000][10409.405s][info][gc            ] GC(546) Pause Remark 202M->202M(512M) 3.446ms
[2026-06-18T00:21:32.642+0000][10409.405s][info][gc,cpu        ] GC(546) User=0.02s Sys=0.00s Real=0.01s
[2026-06-18T00:21:32.642+0000][10409.405s][info][gc,marking    ] GC(546) Concurrent Rebuild Remembered Sets
[2026-06-18T00:21:32.646+0000][10409.409s][info][gc,marking    ] GC(546) Concurrent Rebuild Remembered Sets 4.636ms
[2026-06-18T00:21:32.647+0000][10409.410s][info][gc,start      ] GC(546) Pause Cleanup
[2026-06-18T00:21:32.647+0000][10409.410s][info][gc            ] GC(546) Pause Cleanup 204M->204M(512M) 0.226ms
[2026-06-18T00:21:32.647+0000][10409.410s][info][gc,cpu        ] GC(546) User=0.00s Sys=0.00s Real=0.00s
[2026-06-18T00:21:32.647+0000][10409.410s][info][gc,marking    ] GC(546) Concurrent Cleanup for Next Mark
[2026-06-18T00:21:32.647+0000][10409.410s][info][gc,marking    ] GC(546) Concurrent Cleanup for Next Mark 0.128ms
[2026-06-18T00:21:32.647+0000][10409.410s][info][gc            ] GC(546) Concurrent Cycle 17.660ms
[2026-06-18T00:21:34.356+0000][10411.119s][info][gc,start      ] GC(547) Pause Young (Normal) (G1 Evacuation Pause)
[2026-06-18T00:21:34.356+0000][10411.120s][info][gc,task       ] GC(547) Using 13 workers of 13 for evacuation
[2026-06-18T00:21:34.359+0000][10411.122s][info][gc,phases     ] GC(547)   Pre Evacuate Collection Set: 0.0ms
[2026-06-18T00:21:34.359+0000][10411.122s][info][gc,phases     ] GC(547)   Evacuate Collection Set: 2.2ms
[2026-06-18T00:21:34.359+0000][10411.122s][info][gc,phases     ] GC(547)   Post Evacuate Collection Set: 0.4ms
[2026-06-18T00:21:34.359+0000][10411.123s][info][gc,phases     ] GC(547)   Other: 0.3ms
[2026-06-18T00:21:34.359+0000][10411.123s][info][gc,heap       ] GC(547) Eden regions: 249->0(245)
[2026-06-18T00:21:34.360+0000][10411.123s][info][gc,heap       ] GC(547) Survivor regions: 7->10(32)
[2026-06-18T00:21:34.360+0000][10411.123s][info][gc,heap       ] GC(547) Old regions: 45->45
[2026-06-18T00:21:34.360+0000][10411.123s][info][gc,heap       ] GC(547) Humongous regions: 147->147
[2026-06-18T00:21:34.360+0000][10411.123s][info][gc,metaspace  ] GC(547) Metaspace: 52593K(55296K)->52593K(55296K) NonClass: 46653K(48128K)->46653K(48128K) Class: 5939K(7168K)->5939K(7168K)
[2026-06-18T00:21:34.360+0000][10411.123s][info][gc            ] GC(547) Pause Young (Normal) (G1 Evacuation Pause) 446M->201M(512M) 3.377ms
[2026-06-18T00:21:34.360+0000][10411.123s][info][gc,cpu        ] GC(547) User=0.03s Sys=0.00s Real=0.00s
[2026-06-18T00:21:35.789+0000][10412.552s][info][gc,start      ] GC(548) Pause Young (Concurrent Start) (G1 Evacuation Pause)
[2026-06-18T00:21:35.789+0000][10412.552s][info][gc,task       ] GC(548) Using 13 workers of 13 for evacuation
[2026-06-18T00:21:35.791+0000][10412.554s][info][gc,phases     ] GC(548)   Pre Evacuate Collection Set: 0.3ms
[2026-06-18T00:21:35.791+0000][10412.555s][info][gc,phases     ] GC(548)   Evacuate Collection Set: 1.7ms
[2026-06-18T00:21:35.792+0000][10412.555s][info][gc,phases     ] GC(548)   Post Evacuate Collection Set: 0.4ms
[2026-06-18T00:21:35.792+0000][10412.555s][info][gc,phases     ] GC(548)   Other: 0.4ms
[2026-06-18T00:21:35.792+0000][10412.555s][info][gc,heap       ] GC(548) Eden regions: 245->0(247)
[2026-06-18T00:21:35.792+0000][10412.555s][info][gc,heap       ] GC(548) Survivor regions: 10->7(32)
[2026-06-18T00:21:35.792+0000][10412.555s][info][gc,heap       ] GC(548) Old regions: 45->45
[2026-06-18T00:21:35.792+0000][10412.555s][info][gc,heap       ] GC(548) Humongous regions: 147->147
[2026-06-18T00:21:35.792+0000][10412.555s][info][gc,metaspace  ] GC(548) Metaspace: 52593K(55296K)->52593K(55296K) NonClass: 46653K(48128K)->46653K(48128K) Class: 5939K(7168K)->5939K(7168K)
[2026-06-18T00:21:35.792+0000][10412.555s][info][gc            ] GC(548) Pause Young (Concurrent Start) (G1 Evacuation Pause) 446M->198M(512M) 3.374ms
[2026-06-18T00:21:35.792+0000][10412.555s][info][gc,cpu        ] GC(548) User=0.01s Sys=0.00s Real=0.01s
[2026-06-18T00:21:35.792+0000][10412.555s][info][gc            ] GC(549) Concurrent Cycle
[2026-06-18T00:21:35.792+0000][10412.555s][info][gc,marking    ] GC(549) Concurrent Clear Claimed Marks
[2026-06-18T00:21:35.792+0000][10412.556s][info][gc,marking    ] GC(549) Concurrent Clear Claimed Marks 0.240ms
[2026-06-18T00:21:35.792+0000][10412.556s][info][gc,marking    ] GC(549) Concurrent Scan Root Regions
[2026-06-18T00:21:35.794+0000][10412.557s][info][gc,marking    ] GC(549) Concurrent Scan Root Regions 1.473ms
[2026-06-18T00:21:35.794+0000][10412.557s][info][gc,marking    ] GC(549) Concurrent Mark (10412.557s)
[2026-06-18T00:21:35.794+0000][10412.557s][info][gc,marking    ] GC(549) Concurrent Mark From Roots
[2026-06-18T00:21:35.794+0000][10412.557s][info][gc,task       ] GC(549) Using 3 workers of 3 for marking
[2026-06-18T00:21:35.799+0000][10412.562s][info][gc,marking    ] GC(549) Concurrent Mark From Roots 5.148ms
[2026-06-18T00:21:35.799+0000][10412.563s][info][gc,marking    ] GC(549) Concurrent Preclean
[2026-06-18T00:21:35.800+0000][10412.563s][info][gc,marking    ] GC(549) Concurrent Preclean 0.203ms
[2026-06-18T00:21:35.800+0000][10412.563s][info][gc,marking    ] GC(549) Concurrent Mark (10412.557s, 10412.563s) 5.618ms
[2026-06-18T00:21:35.800+0000][10412.563s][info][gc,start      ] GC(549) Pause Remark
[2026-06-18T00:21:35.802+0000][10412.565s][info][gc,stringtable] GC(549) Cleaned string and symbol table, strings: 17360 processed, 0 removed, symbols: 125114 processed, 0 removed
[2026-06-18T00:21:35.802+0000][10412.566s][info][gc            ] GC(549) Pause Remark 202M->202M(512M) 2.617ms
[2026-06-18T00:21:35.803+0000][10412.566s][info][gc,cpu        ] GC(549) User=0.02s Sys=0.00s Real=0.01s
[2026-06-18T00:21:35.803+0000][10412.566s][info][gc,marking    ] GC(549) Concurrent Rebuild Remembered Sets
[2026-06-18T00:21:35.807+0000][10412.570s][info][gc,marking    ] GC(549) Concurrent Rebuild Remembered Sets 4.159ms
[2026-06-18T00:21:35.807+0000][10412.570s][info][gc,start      ] GC(549) Pause Cleanup
[2026-06-18T00:21:35.807+0000][10412.571s][info][gc            ] GC(549) Pause Cleanup 203M->203M(512M) 0.266ms
[2026-06-18T00:21:35.807+0000][10412.571s][info][gc,cpu        ] GC(549) User=0.00s Sys=0.00s Real=0.00s
[2026-06-18T00:21:35.808+0000][10412.571s][info][gc,marking    ] GC(549) Concurrent Cleanup for Next Mark
[2026-06-18T00:21:35.808+0000][10412.571s][info][gc,marking    ] GC(549) Concurrent Cleanup for Next Mark 0.194ms
[2026-06-18T00:21:35.808+0000][10412.571s][info][gc            ] GC(549) Concurrent Cycle 15.696ms
[2026-06-18T00:21:37.069+0000][10413.832s][info][gc,start      ] GC(550) Pause Young (Normal) (G1 Evacuation Pause)
[2026-06-18T00:21:37.069+0000][10413.832s][info][gc,task       ] GC(550) Using 13 workers of 13 for evacuation
[2026-06-18T00:21:37.072+0000][10413.835s][info][gc,phases     ] GC(550)   Pre Evacuate Collection Set: 0.0ms
[2026-06-18T00:21:37.072+0000][10413.835s][info][gc,phases     ] GC(550)   Evacuate Collection Set: 2.0ms
[2026-06-18T00:21:37.072+0000][10413.835s][info][gc,phases     ] GC(550)   Post Evacuate Collection Set: 0.5ms
[2026-06-18T00:21:37.072+0000][10413.835s][info][gc,phases     ] GC(550)   Other: 0.3ms
[2026-06-18T00:21:37.072+0000][10413.835s][info][gc,heap       ] GC(550) Eden regions: 247->0(243)
[2026-06-18T00:21:37.072+0000][10413.835s][info][gc,heap       ] GC(550) Survivor regions: 7->11(32)
[2026-06-18T00:21:37.072+0000][10413.835s][info][gc,heap       ] GC(550) Old regions: 45->45
[2026-06-18T00:21:37.072+0000][10413.835s][info][gc,heap       ] GC(550) Humongous regions: 147->147
[2026-06-18T00:21:37.072+0000][10413.835s][info][gc,metaspace  ] GC(550) Metaspace: 52593K(55296K)->52593K(55296K) NonClass: 46653K(48128K)->46653K(48128K) Class: 5939K(7168K)->5939K(7168K)
[2026-06-18T00:21:37.072+0000][10413.835s][info][gc            ] GC(550) Pause Young (Normal) (G1 Evacuation Pause) 445M->202M(512M) 3.357ms
[2026-06-18T00:21:37.072+0000][10413.835s][info][gc,cpu        ] GC(550) User=0.02s Sys=0.00s Real=0.01s
[2026-06-18T00:22:25.737+0000][10462.500s][info][gc,start      ] GC(551) Pause Young (Concurrent Start) (G1 Evacuation Pause)
[2026-06-18T00:22:25.737+0000][10462.500s][info][gc,task       ] GC(551) Using 13 workers of 13 for evacuation
[2026-06-18T00:22:25.740+0000][10462.504s][info][gc,phases     ] GC(551)   Pre Evacuate Collection Set: 0.3ms
[2026-06-18T00:22:25.740+0000][10462.504s][info][gc,phases     ] GC(551)   Evacuate Collection Set: 2.5ms
[2026-06-18T00:22:25.740+0000][10462.504s][info][gc,phases     ] GC(551)   Post Evacuate Collection Set: 0.4ms
[2026-06-18T00:22:25.740+0000][10462.504s][info][gc,phases     ] GC(551)   Other: 0.3ms
[2026-06-18T00:22:25.740+0000][10462.504s][info][gc,heap       ] GC(551) Eden regions: 243->0(245)
[2026-06-18T00:22:25.740+0000][10462.504s][info][gc,heap       ] GC(551) Survivor regions: 11->9(32)
[2026-06-18T00:22:25.740+0000][10462.504s][info][gc,heap       ] GC(551) Old regions: 45->45
[2026-06-18T00:22:25.741+0000][10462.504s][info][gc,heap       ] GC(551) Humongous regions: 147->147
[2026-06-18T00:22:25.741+0000][10462.504s][info][gc,metaspace  ] GC(551) Metaspace: 52594K(55296K)->52594K(55296K) NonClass: 46654K(48128K)->46654K(48128K) Class: 5939K(7168K)->5939K(7168K)
[2026-06-18T00:22:25.741+0000][10462.504s][info][gc            ] GC(551) Pause Young (Concurrent Start) (G1 Evacuation Pause) 445M->199M(512M) 3.994ms
[2026-06-18T00:22:25.741+0000][10462.504s][info][gc,cpu        ] GC(551) User=0.03s Sys=0.00s Real=0.01s
[2026-06-18T00:22:25.741+0000][10462.504s][info][gc            ] GC(552) Concurrent Cycle
[2026-06-18T00:22:25.741+0000][10462.504s][info][gc,marking    ] GC(552) Concurrent Clear Claimed Marks
[2026-06-18T00:22:25.741+0000][10462.505s][info][gc,marking    ] GC(552) Concurrent Clear Claimed Marks 0.244ms
[2026-06-18T00:22:25.741+0000][10462.505s][info][gc,marking    ] GC(552) Concurrent Scan Root Regions
[2026-06-18T00:22:25.743+0000][10462.506s][info][gc,marking    ] GC(552) Concurrent Scan Root Regions 1.659ms
[2026-06-18T00:22:25.743+0000][10462.506s][info][gc,marking    ] GC(552) Concurrent Mark (10462.506s)
[2026-06-18T00:22:25.743+0000][10462.506s][info][gc,marking    ] GC(552) Concurrent Mark From Roots
[2026-06-18T00:22:25.743+0000][10462.506s][info][gc,task       ] GC(552) Using 3 workers of 3 for marking
[2026-06-18T00:22:25.748+0000][10462.512s][info][gc,marking    ] GC(552) Concurrent Mark From Roots 5.341ms
[2026-06-18T00:22:25.748+0000][10462.512s][info][gc,marking    ] GC(552) Concurrent Preclean
[2026-06-18T00:22:25.749+0000][10462.512s][info][gc,marking    ] GC(552) Concurrent Preclean 0.186ms
[2026-06-18T00:22:25.749+0000][10462.512s][info][gc,marking    ] GC(552) Concurrent Mark (10462.506s, 10462.512s) 5.777ms
[2026-06-18T00:22:25.749+0000][10462.512s][info][gc,start      ] GC(552) Pause Remark
[2026-06-18T00:22:25.752+0000][10462.515s][info][gc,stringtable] GC(552) Cleaned string and symbol table, strings: 17360 processed, 0 removed, symbols: 125114 processed, 0 removed
[2026-06-18T00:22:25.752+0000][10462.515s][info][gc            ] GC(552) Pause Remark 203M->203M(512M) 3.029ms
[2026-06-18T00:22:25.752+0000][10462.515s][info][gc,cpu        ] GC(552) User=0.02s Sys=0.00s Real=0.01s
[2026-06-18T00:22:25.752+0000][10462.515s][info][gc,marking    ] GC(552) Concurrent Rebuild Remembered Sets
[2026-06-18T00:22:25.756+0000][10462.520s][info][gc,marking    ] GC(552) Concurrent Rebuild Remembered Sets 4.389ms
[2026-06-18T00:22:25.757+0000][10462.520s][info][gc,start      ] GC(552) Pause Cleanup
[2026-06-18T00:22:25.757+0000][10462.520s][info][gc            ] GC(552) Pause Cleanup 204M->204M(512M) 0.240ms
[2026-06-18T00:22:25.757+0000][10462.520s][info][gc,cpu        ] GC(552) User=0.00s Sys=0.00s Real=0.00s
[2026-06-18T00:22:25.757+0000][10462.520s][info][gc,marking    ] GC(552) Concurrent Cleanup for Next Mark
[2026-06-18T00:22:25.757+0000][10462.521s][info][gc,marking    ] GC(552) Concurrent Cleanup for Next Mark 0.175ms
[2026-06-18T00:22:25.757+0000][10462.521s][info][gc            ] GC(552) Concurrent Cycle 16.545ms
[2026-06-18T00:22:27.139+0000][10463.902s][info][gc,start      ] GC(553) Pause Young (Prepare Mixed) (G1 Evacuation Pause)
[2026-06-18T00:22:27.139+0000][10463.902s][info][gc,task       ] GC(553) Using 13 workers of 13 for evacuation
[2026-06-18T00:22:27.142+0000][10463.904s][info][gc,phases     ] GC(553)   Pre Evacuate Collection Set: 0.0ms
[2026-06-18T00:22:27.142+0000][10463.905s][info][gc,phases     ] GC(553)   Evacuate Collection Set: 2.2ms
[2026-06-18T00:22:27.142+0000][10463.905s][info][gc,phases     ] GC(553)   Post Evacuate Collection Set: 0.4ms
[2026-06-18T00:22:27.142+0000][10463.905s][info][gc,phases     ] GC(553)   Other: 0.3ms
[2026-06-18T00:22:27.142+0000][10463.905s][info][gc,heap       ] GC(553) Eden regions: 245->0(13)
[2026-06-18T00:22:27.142+0000][10463.905s][info][gc,heap       ] GC(553) Survivor regions: 9->12(32)
[2026-06-18T00:22:27.142+0000][10463.905s][info][gc,heap       ] GC(553) Old regions: 45->45
[2026-06-18T00:22:27.142+0000][10463.905s][info][gc,heap       ] GC(553) Humongous regions: 147->147
[2026-06-18T00:22:27.142+0000][10463.905s][info][gc,metaspace  ] GC(553) Metaspace: 52594K(55296K)->52594K(55296K) NonClass: 46654K(48128K)->46654K(48128K) Class: 5939K(7168K)->5939K(7168K)
[2026-06-18T00:22:27.142+0000][10463.905s][info][gc            ] GC(553) Pause Young (Prepare Mixed) (G1 Evacuation Pause) 444M->202M(512M) 3.389ms
[2026-06-18T00:22:27.142+0000][10463.905s][info][gc,cpu        ] GC(553) User=0.03s Sys=0.00s Real=0.01s
[2026-06-18T00:22:27.201+0000][10463.964s][info][gc,start      ] GC(554) Pause Young (Mixed) (G1 Evacuation Pause)
[2026-06-18T00:22:27.202+0000][10463.964s][info][gc,task       ] GC(554) Using 13 workers of 13 for evacuation
[2026-06-18T00:22:27.207+0000][10463.969s][info][gc,phases     ] GC(554)   Pre Evacuate Collection Set: 0.0ms
[2026-06-18T00:22:27.207+0000][10463.969s][info][gc,phases     ] GC(554)   Evacuate Collection Set: 4.6ms
[2026-06-18T00:22:27.207+0000][10463.969s][info][gc,phases     ] GC(554)   Post Evacuate Collection Set: 0.3ms
[2026-06-18T00:22:27.207+0000][10463.969s][info][gc,phases     ] GC(554)   Other: 0.3ms
[2026-06-18T00:22:27.207+0000][10463.969s][info][gc,heap       ] GC(554) Eden regions: 13->0(243)
[2026-06-18T00:22:27.207+0000][10463.970s][info][gc,heap       ] GC(554) Survivor regions: 12->2(4)
[2026-06-18T00:22:27.207+0000][10463.970s][info][gc,heap       ] GC(554) Old regions: 45->54
[2026-06-18T00:22:27.207+0000][10463.970s][info][gc,heap       ] GC(554) Humongous regions: 147->147
[2026-06-18T00:22:27.207+0000][10463.970s][info][gc,metaspace  ] GC(554) Metaspace: 52594K(55296K)->52594K(55296K) NonClass: 46654K(48128K)->46654K(48128K) Class: 5939K(7168K)->5939K(7168K)
[2026-06-18T00:22:27.207+0000][10463.970s][info][gc            ] GC(554) Pause Young (Mixed) (G1 Evacuation Pause) 215M->202M(512M) 5.632ms
[2026-06-18T00:22:27.207+0000][10463.970s][info][gc,cpu        ] GC(554) User=0.03s Sys=0.00s Real=0.00s
[2026-06-18T00:22:28.392+0000][10465.155s][info][gc,start      ] GC(555) Pause Young (Normal) (G1 Evacuation Pause)
[2026-06-18T00:22:28.392+0000][10465.155s][info][gc,task       ] GC(555) Using 13 workers of 13 for evacuation
[2026-06-18T00:22:28.394+0000][10465.157s][info][gc,phases     ] GC(555)   Pre Evacuate Collection Set: 0.0ms
[2026-06-18T00:22:28.394+0000][10465.157s][info][gc,phases     ] GC(555)   Evacuate Collection Set: 1.4ms
[2026-06-18T00:22:28.394+0000][10465.157s][info][gc,phases     ] GC(555)   Post Evacuate Collection Set: 0.4ms
[2026-06-18T00:22:28.394+0000][10465.157s][info][gc,phases     ] GC(555)   Other: 0.3ms
[2026-06-18T00:22:28.394+0000][10465.157s][info][gc,heap       ] GC(555) Eden regions: 243->0(244)
[2026-06-18T00:22:28.394+0000][10465.157s][info][gc,heap       ] GC(555) Survivor regions: 2->3(31)
[2026-06-18T00:22:28.394+0000][10465.157s][info][gc,heap       ] GC(555) Old regions: 54->54
[2026-06-18T00:22:28.394+0000][10465.157s][info][gc,heap       ] GC(555) Humongous regions: 147->147
[2026-06-18T00:22:28.394+0000][10465.157s][info][gc,metaspace  ] GC(555) Metaspace: 52594K(55296K)->52594K(55296K) NonClass: 46654K(48128K)->46654K(48128K) Class: 5939K(7168K)->5939K(7168K)
[2026-06-18T00:22:28.395+0000][10465.157s][info][gc            ] GC(555) Pause Young (Normal) (G1 Evacuation Pause) 445M->203M(512M) 2.642ms
[2026-06-18T00:22:28.395+0000][10465.157s][info][gc,cpu        ] GC(555) User=0.02s Sys=0.00s Real=0.00s
[2026-06-18T00:23:16.754+0000][10513.517s][info][gc,start      ] GC(556) Pause Young (Normal) (G1 Evacuation Pause)
[2026-06-18T00:23:16.754+0000][10513.517s][info][gc,task       ] GC(556) Using 13 workers of 13 for evacuation
[2026-06-18T00:23:16.766+0000][10513.529s][info][gc,phases     ] GC(556)   Pre Evacuate Collection Set: 0.0ms
[2026-06-18T00:23:16.766+0000][10513.529s][info][gc,phases     ] GC(556)   Evacuate Collection Set: 11.6ms
[2026-06-18T00:23:16.766+0000][10513.529s][info][gc,phases     ] GC(556)   Post Evacuate Collection Set: 0.3ms
[2026-06-18T00:23:16.766+0000][10513.529s][info][gc,phases     ] GC(556)   Other: 0.3ms
[2026-06-18T00:23:16.766+0000][10513.529s][info][gc,heap       ] GC(556) Eden regions: 244->0(239)
[2026-06-18T00:23:16.766+0000][10513.529s][info][gc,heap       ] GC(556) Survivor regions: 3->7(31)
[2026-06-18T00:23:16.766+0000][10513.529s][info][gc,heap       ] GC(556) Old regions: 54->54
[2026-06-18T00:23:16.766+0000][10513.529s][info][gc,heap       ] GC(556) Humongous regions: 147->147
[2026-06-18T00:23:16.766+0000][10513.529s][info][gc,metaspace  ] GC(556) Metaspace: 52595K(55296K)->52595K(55296K) NonClass: 46655K(48128K)->46655K(48128K) Class: 5939K(7168K)->5939K(7168K)
[2026-06-18T00:23:16.766+0000][10513.529s][info][gc            ] GC(556) Pause Young (Normal) (G1 Evacuation Pause) 447M->207M(512M) 12.733ms
[2026-06-18T00:23:16.766+0000][10513.529s][info][gc,cpu        ] GC(556) User=0.14s Sys=0.00s Real=0.01s
[2026-06-18T00:23:18.262+0000][10515.025s][info][gc,start      ] GC(557) Pause Young (Concurrent Start) (G1 Evacuation Pause)
[2026-06-18T00:23:18.263+0000][10515.026s][info][gc,task       ] GC(557) Using 13 workers of 13 for evacuation
[2026-06-18T00:23:18.267+0000][10515.030s][info][gc,phases     ] GC(557)   Pre Evacuate Collection Set: 0.3ms
[2026-06-18T00:23:18.267+0000][10515.030s][info][gc,phases     ] GC(557)   Evacuate Collection Set: 3.4ms
[2026-06-18T00:23:18.267+0000][10515.030s][info][gc,phases     ] GC(557)   Post Evacuate Collection Set: 0.4ms
[2026-06-18T00:23:18.267+0000][10515.030s][info][gc,phases     ] GC(557)   Other: 0.4ms
[2026-06-18T00:23:18.267+0000][10515.030s][info][gc,heap       ] GC(557) Eden regions: 239->0(244)
[2026-06-18T00:23:18.267+0000][10515.030s][info][gc,heap       ] GC(557) Survivor regions: 7->3(31)
[2026-06-18T00:23:18.267+0000][10515.030s][info][gc,heap       ] GC(557) Old regions: 54->54
[2026-06-18T00:23:18.267+0000][10515.030s][info][gc,heap       ] GC(557) Humongous regions: 147->147
[2026-06-18T00:23:18.267+0000][10515.030s][info][gc,metaspace  ] GC(557) Metaspace: 52595K(55296K)->52595K(55296K) NonClass: 46655K(48128K)->46655K(48128K) Class: 5939K(7168K)->5939K(7168K)
[2026-06-18T00:23:18.267+0000][10515.030s][info][gc            ] GC(557) Pause Young (Concurrent Start) (G1 Evacuation Pause) 446M->203M(512M) 4.980ms
[2026-06-18T00:23:18.268+0000][10515.030s][info][gc,cpu        ] GC(557) User=0.04s Sys=0.00s Real=0.00s
[2026-06-18T00:23:18.268+0000][10515.031s][info][gc            ] GC(558) Concurrent Cycle
[2026-06-18T00:23:18.268+0000][10515.031s][info][gc,marking    ] GC(558) Concurrent Clear Claimed Marks
[2026-06-18T00:23:18.268+0000][10515.031s][info][gc,marking    ] GC(558) Concurrent Clear Claimed Marks 0.172ms
[2026-06-18T00:23:18.268+0000][10515.031s][info][gc,marking    ] GC(558) Concurrent Scan Root Regions
[2026-06-18T00:23:18.269+0000][10515.032s][info][gc,marking    ] GC(558) Concurrent Scan Root Regions 1.017ms
[2026-06-18T00:23:18.269+0000][10515.032s][info][gc,marking    ] GC(558) Concurrent Mark (10515.032s)
[2026-06-18T00:23:18.269+0000][10515.032s][info][gc,marking    ] GC(558) Concurrent Mark From Roots
[2026-06-18T00:23:18.269+0000][10515.032s][info][gc,task       ] GC(558) Using 3 workers of 3 for marking
[2026-06-18T00:23:18.275+0000][10515.038s][info][gc,marking    ] GC(558) Concurrent Mark From Roots 5.584ms
[2026-06-18T00:23:18.275+0000][10515.038s][info][gc,marking    ] GC(558) Concurrent Preclean
[2026-06-18T00:23:18.275+0000][10515.038s][info][gc,marking    ] GC(558) Concurrent Preclean 0.170ms
[2026-06-18T00:23:18.275+0000][10515.038s][info][gc,marking    ] GC(558) Concurrent Mark (10515.032s, 10515.038s) 6.034ms
[2026-06-18T00:23:18.275+0000][10515.038s][info][gc,start      ] GC(558) Pause Remark
[2026-06-18T00:23:18.278+0000][10515.041s][info][gc,stringtable] GC(558) Cleaned string and symbol table, strings: 17360 processed, 0 removed, symbols: 125114 processed, 0 removed
[2026-06-18T00:23:18.278+0000][10515.041s][info][gc            ] GC(558) Pause Remark 207M->207M(512M) 2.844ms
[2026-06-18T00:23:18.278+0000][10515.041s][info][gc,cpu        ] GC(558) User=0.02s Sys=0.00s Real=0.00s
[2026-06-18T00:23:18.278+0000][10515.041s][info][gc,marking    ] GC(558) Concurrent Rebuild Remembered Sets
[2026-06-18T00:23:18.283+0000][10515.046s][info][gc,marking    ] GC(558) Concurrent Rebuild Remembered Sets 4.576ms
[2026-06-18T00:23:18.283+0000][10515.046s][info][gc,start      ] GC(558) Pause Cleanup
[2026-06-18T00:23:18.283+0000][10515.046s][info][gc            ] GC(558) Pause Cleanup 208M->208M(512M) 0.231ms
[2026-06-18T00:23:18.283+0000][10515.046s][info][gc,cpu        ] GC(558) User=0.00s Sys=0.00s Real=0.00s
[2026-06-18T00:23:18.283+0000][10515.046s][info][gc,marking    ] GC(558) Concurrent Cleanup for Next Mark
[2026-06-18T00:23:18.284+0000][10515.047s][info][gc,marking    ] GC(558) Concurrent Cleanup for Next Mark 0.143ms
[2026-06-18T00:23:18.284+0000][10515.047s][info][gc            ] GC(558) Concurrent Cycle 16.086ms
[2026-06-18T00:23:19.546+0000][10516.309s][info][gc,start      ] GC(559) Pause Young (Prepare Mixed) (G1 Evacuation Pause)
[2026-06-18T00:23:19.546+0000][10516.309s][info][gc,task       ] GC(559) Using 13 workers of 13 for evacuation
[2026-06-18T00:23:19.548+0000][10516.311s][info][gc,phases     ] GC(559)   Pre Evacuate Collection Set: 0.0ms
[2026-06-18T00:23:19.549+0000][10516.311s][info][gc,phases     ] GC(559)   Evacuate Collection Set: 1.9ms
[2026-06-18T00:23:19.549+0000][10516.312s][info][gc,phases     ] GC(559)   Post Evacuate Collection Set: 0.3ms
[2026-06-18T00:23:19.549+0000][10516.312s][info][gc,phases     ] GC(559)   Other: 0.3ms
[2026-06-18T00:23:19.549+0000][10516.312s][info][gc,heap       ] GC(559) Eden regions: 244->0(19)
[2026-06-18T00:23:19.549+0000][10516.312s][info][gc,heap       ] GC(559) Survivor regions: 3->6(31)
[2026-06-18T00:23:19.549+0000][10516.312s][info][gc,heap       ] GC(559) Old regions: 54->54
[2026-06-18T00:23:19.549+0000][10516.312s][info][gc,heap       ] GC(559) Humongous regions: 147->147
[2026-06-18T00:23:19.549+0000][10516.312s][info][gc,metaspace  ] GC(559) Metaspace: 52595K(55296K)->52595K(55296K) NonClass: 46655K(48128K)->46655K(48128K) Class: 5939K(7168K)->5939K(7168K)
[2026-06-18T00:23:19.549+0000][10516.312s][info][gc            ] GC(559) Pause Young (Prepare Mixed) (G1 Evacuation Pause) 447M->206M(512M) 2.976ms
[2026-06-18T00:23:19.549+0000][10516.312s][info][gc,cpu        ] GC(559) User=0.02s Sys=0.00s Real=0.00s
[2026-06-18T00:23:19.637+0000][10516.400s][info][gc,start      ] GC(560) Pause Young (Mixed) (G1 Evacuation Pause)
[2026-06-18T00:23:19.637+0000][10516.400s][info][gc,task       ] GC(560) Using 13 workers of 13 for evacuation
[2026-06-18T00:23:19.640+0000][10516.403s][info][gc,phases     ] GC(560)   Pre Evacuate Collection Set: 0.0ms
[2026-06-18T00:23:19.640+0000][10516.403s][info][gc,phases     ] GC(560)   Evacuate Collection Set: 3.0ms
[2026-06-18T00:23:19.640+0000][10516.403s][info][gc,phases     ] GC(560)   Post Evacuate Collection Set: 0.3ms
[2026-06-18T00:23:19.640+0000][10516.403s][info][gc,phases     ] GC(560)   Other: 0.3ms
[2026-06-18T00:23:19.641+0000][10516.403s][info][gc,heap       ] GC(560) Eden regions: 19->0(246)
[2026-06-18T00:23:19.641+0000][10516.403s][info][gc,heap       ] GC(560) Survivor regions: 6->2(4)
[2026-06-18T00:23:19.641+0000][10516.404s][info][gc,heap       ] GC(560) Old regions: 54->51
[2026-06-18T00:23:19.641+0000][10516.404s][info][gc,heap       ] GC(560) Humongous regions: 147->147
[2026-06-18T00:23:19.641+0000][10516.404s][info][gc,metaspace  ] GC(560) Metaspace: 52595K(55296K)->52595K(55296K) NonClass: 46655K(48128K)->46655K(48128K) Class: 5939K(7168K)->5939K(7168K)
[2026-06-18T00:23:19.641+0000][10516.404s][info][gc            ] GC(560) Pause Young (Mixed) (G1 Evacuation Pause) 225M->198M(512M) 4.054ms
[2026-06-18T00:23:19.641+0000][10516.404s][info][gc,cpu        ] GC(560) User=0.02s Sys=0.00s Real=0.01s
[2026-06-18T00:23:20.892+0000][10517.655s][info][gc,start      ] GC(561) Pause Young (Normal) (G1 Evacuation Pause)
[2026-06-18T00:23:20.892+0000][10517.655s][info][gc,task       ] GC(561) Using 13 workers of 13 for evacuation
[2026-06-18T00:23:20.894+0000][10517.657s][info][gc,phases     ] GC(561)   Pre Evacuate Collection Set: 0.0ms
[2026-06-18T00:23:20.894+0000][10517.657s][info][gc,phases     ] GC(561)   Evacuate Collection Set: 1.1ms
[2026-06-18T00:23:20.894+0000][10517.657s][info][gc,phases     ] GC(561)   Post Evacuate Collection Set: 0.3ms
[2026-06-18T00:23:20.894+0000][10517.657s][info][gc,phases     ] GC(561)   Other: 0.3ms
[2026-06-18T00:23:20.894+0000][10517.657s][info][gc,heap       ] GC(561) Eden regions: 246->0(246)
[2026-06-18T00:23:20.894+0000][10517.657s][info][gc,heap       ] GC(561) Survivor regions: 2->3(31)
[2026-06-18T00:23:20.894+0000][10517.657s][info][gc,heap       ] GC(561) Old regions: 51->51
[2026-06-18T00:23:20.894+0000][10517.657s][info][gc,heap       ] GC(561) Humongous regions: 147->147
[2026-06-18T00:23:20.894+0000][10517.657s][info][gc,metaspace  ] GC(561) Metaspace: 52595K(55296K)->52595K(55296K) NonClass: 46655K(48128K)->46655K(48128K) Class: 5939K(7168K)->5939K(7168K)
[2026-06-18T00:23:20.894+0000][10517.657s][info][gc            ] GC(561) Pause Young (Normal) (G1 Evacuation Pause) 444M->199M(512M) 2.135ms
[2026-06-18T00:23:20.894+0000][10517.657s][info][gc,cpu        ] GC(561) User=0.02s Sys=0.00s Real=0.00s
[2026-06-18T00:24:09.377+0000][10566.140s][info][gc,start      ] GC(562) Pause Young (Normal) (G1 Evacuation Pause)
[2026-06-18T00:24:09.377+0000][10566.140s][info][gc,task       ] GC(562) Using 13 workers of 13 for evacuation
[2026-06-18T00:24:09.379+0000][10566.142s][info][gc,phases     ] GC(562)   Pre Evacuate Collection Set: 0.0ms
[2026-06-18T00:24:09.380+0000][10566.142s][info][gc,phases     ] GC(562)   Evacuate Collection Set: 1.7ms
[2026-06-18T00:24:09.380+0000][10566.142s][info][gc,phases     ] GC(562)   Post Evacuate Collection Set: 0.3ms
[2026-06-18T00:24:09.380+0000][10566.142s][info][gc,phases     ] GC(562)   Other: 0.4ms
[2026-06-18T00:24:09.380+0000][10566.142s][info][gc,heap       ] GC(562) Eden regions: 246->0(242)
[2026-06-18T00:24:09.380+0000][10566.143s][info][gc,heap       ] GC(562) Survivor regions: 3->7(32)
[2026-06-18T00:24:09.380+0000][10566.143s][info][gc,heap       ] GC(562) Old regions: 51->51
[2026-06-18T00:24:09.380+0000][10566.143s][info][gc,heap       ] GC(562) Humongous regions: 147->147
[2026-06-18T00:24:09.380+0000][10566.143s][info][gc,metaspace  ] GC(562) Metaspace: 52606K(55552K)->52606K(55552K) NonClass: 46666K(48384K)->46666K(48384K) Class: 5939K(7168K)->5939K(7168K)
[2026-06-18T00:24:09.380+0000][10566.143s][info][gc            ] GC(562) Pause Young (Normal) (G1 Evacuation Pause) 445M->203M(512M) 2.972ms
[2026-06-18T00:24:09.380+0000][10566.143s][info][gc,cpu        ] GC(562) User=0.02s Sys=0.00s Real=0.00s
[2026-06-18T00:24:11.008+0000][10567.771s][info][gc,start      ] GC(563) Pause Young (Concurrent Start) (G1 Evacuation Pause)
[2026-06-18T00:24:11.008+0000][10567.771s][info][gc,task       ] GC(563) Using 13 workers of 13 for evacuation
[2026-06-18T00:24:11.011+0000][10567.773s][info][gc,phases     ] GC(563)   Pre Evacuate Collection Set: 0.3ms
[2026-06-18T00:24:11.011+0000][10567.773s][info][gc,phases     ] GC(563)   Evacuate Collection Set: 1.6ms
[2026-06-18T00:24:11.011+0000][10567.773s][info][gc,phases     ] GC(563)   Post Evacuate Collection Set: 0.4ms
[2026-06-18T00:24:11.011+0000][10567.773s][info][gc,phases     ] GC(563)   Other: 0.3ms
[2026-06-18T00:24:11.011+0000][10567.773s][info][gc,heap       ] GC(563) Eden regions: 242->0(247)
[2026-06-18T00:24:11.011+0000][10567.774s][info][gc,heap       ] GC(563) Survivor regions: 7->3(32)
[2026-06-18T00:24:11.011+0000][10567.774s][info][gc,heap       ] GC(563) Old regions: 51->51
[2026-06-18T00:24:11.011+0000][10567.774s][info][gc,heap       ] GC(563) Humongous regions: 147->147
[2026-06-18T00:24:11.011+0000][10567.774s][info][gc,metaspace  ] GC(563) Metaspace: 52606K(55552K)->52606K(55552K) NonClass: 46666K(48384K)->46666K(48384K) Class: 5939K(7168K)->5939K(7168K)
[2026-06-18T00:24:11.011+0000][10567.774s][info][gc            ] GC(563) Pause Young (Concurrent Start) (G1 Evacuation Pause) 445M->200M(512M) 2.938ms
[2026-06-18T00:24:11.011+0000][10567.774s][info][gc,cpu        ] GC(563) User=0.01s Sys=0.00s Real=0.01s
[2026-06-18T00:24:11.011+0000][10567.774s][info][gc            ] GC(564) Concurrent Cycle
[2026-06-18T00:24:11.011+0000][10567.774s][info][gc,marking    ] GC(564) Concurrent Clear Claimed Marks
[2026-06-18T00:24:11.011+0000][10567.774s][info][gc,marking    ] GC(564) Concurrent Clear Claimed Marks 0.220ms
[2026-06-18T00:24:11.011+0000][10567.774s][info][gc,marking    ] GC(564) Concurrent Scan Root Regions
[2026-06-18T00:24:11.013+0000][10567.775s][info][gc,marking    ] GC(564) Concurrent Scan Root Regions 1.236ms
[2026-06-18T00:24:11.013+0000][10567.775s][info][gc,marking    ] GC(564) Concurrent Mark (10567.775s)
[2026-06-18T00:24:11.013+0000][10567.776s][info][gc,marking    ] GC(564) Concurrent Mark From Roots
[2026-06-18T00:24:11.013+0000][10567.776s][info][gc,task       ] GC(564) Using 3 workers of 3 for marking
[2026-06-18T00:24:11.018+0000][10567.781s][info][gc,marking    ] GC(564) Concurrent Mark From Roots 5.212ms
[2026-06-18T00:24:11.018+0000][10567.781s][info][gc,marking    ] GC(564) Concurrent Preclean
[2026-06-18T00:24:11.018+0000][10567.781s][info][gc,marking    ] GC(564) Concurrent Preclean 0.159ms
[2026-06-18T00:24:11.018+0000][10567.781s][info][gc,marking    ] GC(564) Concurrent Mark (10567.775s, 10567.781s) 5.620ms
[2026-06-18T00:24:11.019+0000][10567.781s][info][gc,start      ] GC(564) Pause Remark
[2026-06-18T00:24:11.022+0000][10567.784s][info][gc,stringtable] GC(564) Cleaned string and symbol table, strings: 17361 processed, 0 removed, symbols: 125114 processed, 0 removed
[2026-06-18T00:24:11.022+0000][10567.785s][info][gc            ] GC(564) Pause Remark 204M->204M(512M) 3.332ms
[2026-06-18T00:24:11.022+0000][10567.785s][info][gc,cpu        ] GC(564) User=0.02s Sys=0.00s Real=0.01s
[2026-06-18T00:24:11.022+0000][10567.785s][info][gc,marking    ] GC(564) Concurrent Rebuild Remembered Sets
[2026-06-18T00:24:11.026+0000][10567.789s][info][gc,marking    ] GC(564) Concurrent Rebuild Remembered Sets 4.016ms
[2026-06-18T00:24:11.026+0000][10567.789s][info][gc,start      ] GC(564) Pause Cleanup
[2026-06-18T00:24:11.027+0000][10567.789s][info][gc            ] GC(564) Pause Cleanup 205M->205M(512M) 0.212ms
[2026-06-18T00:24:11.027+0000][10567.789s][info][gc,cpu        ] GC(564) User=0.01s Sys=0.00s Real=0.00s
[2026-06-18T00:24:11.027+0000][10567.790s][info][gc,marking    ] GC(564) Concurrent Cleanup for Next Mark
[2026-06-18T00:24:11.027+0000][10567.790s][info][gc,marking    ] GC(564) Concurrent Cleanup for Next Mark 0.219ms
[2026-06-18T00:24:11.027+0000][10567.790s][info][gc            ] GC(564) Concurrent Cycle 16.038ms
[2026-06-18T00:24:12.388+0000][10569.151s][info][gc,start      ] GC(565) Pause Young (Prepare Mixed) (G1 Evacuation Pause)
[2026-06-18T00:24:12.388+0000][10569.151s][info][gc,task       ] GC(565) Using 13 workers of 13 for evacuation
[2026-06-18T00:24:12.392+0000][10569.155s][info][gc,phases     ] GC(565)   Pre Evacuate Collection Set: 0.0ms
[2026-06-18T00:24:12.392+0000][10569.155s][info][gc,phases     ] GC(565)   Evacuate Collection Set: 3.7ms
[2026-06-18T00:24:12.393+0000][10569.155s][info][gc,phases     ] GC(565)   Post Evacuate Collection Set: 0.3ms
[2026-06-18T00:24:12.393+0000][10569.155s][info][gc,phases     ] GC(565)   Other: 0.3ms
[2026-06-18T00:24:12.393+0000][10569.155s][info][gc,heap       ] GC(565) Eden regions: 247->0(19)
[2026-06-18T00:24:12.393+0000][10569.155s][info][gc,heap       ] GC(565) Survivor regions: 3->6(32)
[2026-06-18T00:24:12.393+0000][10569.155s][info][gc,heap       ] GC(565) Old regions: 51->51
[2026-06-18T00:24:12.393+0000][10569.155s][info][gc,heap       ] GC(565) Humongous regions: 147->147
[2026-06-18T00:24:12.393+0000][10569.156s][info][gc,metaspace  ] GC(565) Metaspace: 52606K(55552K)->52606K(55552K) NonClass: 46666K(48384K)->46666K(48384K) Class: 5939K(7168K)->5939K(7168K)
[2026-06-18T00:24:12.393+0000][10569.156s][info][gc            ] GC(565) Pause Young (Prepare Mixed) (G1 Evacuation Pause) 447M->203M(512M) 4.882ms
[2026-06-18T00:24:12.393+0000][10569.156s][info][gc,cpu        ] GC(565) User=0.04s Sys=0.00s Real=0.01s
[2026-06-18T00:24:12.476+0000][10569.238s][info][gc,start      ] GC(566) Pause Young (Mixed) (G1 Evacuation Pause)
[2026-06-18T00:24:12.476+0000][10569.238s][info][gc,task       ] GC(566) Using 13 workers of 13 for evacuation
[2026-06-18T00:24:12.479+0000][10569.242s][info][gc,phases     ] GC(566)   Pre Evacuate Collection Set: 0.0ms
[2026-06-18T00:24:12.479+0000][10569.242s][info][gc,phases     ] GC(566)   Evacuate Collection Set: 2.7ms
[2026-06-18T00:24:12.479+0000][10569.242s][info][gc,phases     ] GC(566)   Post Evacuate Collection Set: 0.3ms
[2026-06-18T00:24:12.479+0000][10569.242s][info][gc,phases     ] GC(566)   Other: 0.3ms
[2026-06-18T00:24:12.479+0000][10569.242s][info][gc,heap       ] GC(566) Eden regions: 19->0(248)
[2026-06-18T00:24:12.479+0000][10569.242s][info][gc,heap       ] GC(566) Survivor regions: 6->2(4)
[2026-06-18T00:24:12.479+0000][10569.242s][info][gc,heap       ] GC(566) Old regions: 51->50
[2026-06-18T00:24:12.479+0000][10569.242s][info][gc,heap       ] GC(566) Humongous regions: 147->147
[2026-06-18T00:24:12.479+0000][10569.242s][info][gc,metaspace  ] GC(566) Metaspace: 52606K(55552K)->52606K(55552K) NonClass: 46666K(48384K)->46666K(48384K) Class: 5939K(7168K)->5939K(7168K)
[2026-06-18T00:24:12.479+0000][10569.242s][info][gc            ] GC(566) Pause Young (Mixed) (G1 Evacuation Pause) 222M->197M(512M) 3.795ms
[2026-06-18T00:24:12.479+0000][10569.242s][info][gc,cpu        ] GC(566) User=0.02s Sys=0.00s Real=0.00s
[2026-06-18T00:25:00.776+0000][10617.538s][info][gc,start      ] GC(567) Pause Young (Normal) (G1 Evacuation Pause)
[2026-06-18T00:25:00.776+0000][10617.538s][info][gc,task       ] GC(567) Using 13 workers of 13 for evacuation
[2026-06-18T00:25:00.782+0000][10617.543s][info][gc,phases     ] GC(567)   Pre Evacuate Collection Set: 0.0ms
[2026-06-18T00:25:00.782+0000][10617.543s][info][gc,phases     ] GC(567)   Evacuate Collection Set: 4.6ms
[2026-06-18T00:25:00.782+0000][10617.543s][info][gc,phases     ] GC(567)   Post Evacuate Collection Set: 0.4ms
[2026-06-18T00:25:00.782+0000][10617.544s][info][gc,phases     ] GC(567)   Other: 0.3ms
[2026-06-18T00:25:00.782+0000][10617.544s][info][gc,heap       ] GC(567) Eden regions: 248->0(249)
[2026-06-18T00:25:00.782+0000][10617.544s][info][gc,heap       ] GC(567) Survivor regions: 2->2(32)
[2026-06-18T00:25:00.782+0000][10617.544s][info][gc,heap       ] GC(567) Old regions: 50->50
[2026-06-18T00:25:00.782+0000][10617.544s][info][gc,heap       ] GC(567) Humongous regions: 147->147
[2026-06-18T00:25:00.782+0000][10617.544s][info][gc,metaspace  ] GC(567) Metaspace: 52610K(55552K)->52610K(55552K) NonClass: 46670K(48384K)->46670K(48384K) Class: 5939K(7168K)->5939K(7168K)
[2026-06-18T00:25:00.782+0000][10617.544s][info][gc            ] GC(567) Pause Young (Normal) (G1 Evacuation Pause) 445M->198M(512M) 5.755ms
[2026-06-18T00:25:00.782+0000][10617.544s][info][gc,cpu        ] GC(567) User=0.04s Sys=0.00s Real=0.01s
[2026-06-18T00:25:02.417+0000][10619.179s][info][gc,start      ] GC(568) Pause Young (Normal) (G1 Evacuation Pause)
[2026-06-18T00:25:02.418+0000][10619.179s][info][gc,task       ] GC(568) Using 13 workers of 13 for evacuation
[2026-06-18T00:25:02.422+0000][10619.183s][info][gc,phases     ] GC(568)   Pre Evacuate Collection Set: 0.0ms
[2026-06-18T00:25:02.422+0000][10619.183s][info][gc,phases     ] GC(568)   Evacuate Collection Set: 3.4ms
[2026-06-18T00:25:02.422+0000][10619.183s][info][gc,phases     ] GC(568)   Post Evacuate Collection Set: 0.4ms
[2026-06-18T00:25:02.422+0000][10619.184s][info][gc,phases     ] GC(568)   Other: 0.3ms
[2026-06-18T00:25:02.422+0000][10619.184s][info][gc,heap       ] GC(568) Eden regions: 249->0(245)
[2026-06-18T00:25:02.422+0000][10619.184s][info][gc,heap       ] GC(568) Survivor regions: 2->6(32)
[2026-06-18T00:25:02.422+0000][10619.184s][info][gc,heap       ] GC(568) Old regions: 50->50
[2026-06-18T00:25:02.422+0000][10619.184s][info][gc,heap       ] GC(568) Humongous regions: 147->147
[2026-06-18T00:25:02.422+0000][10619.184s][info][gc,metaspace  ] GC(568) Metaspace: 52610K(55552K)->52610K(55552K) NonClass: 46670K(48384K)->46670K(48384K) Class: 5939K(7168K)->5939K(7168K)
[2026-06-18T00:25:02.422+0000][10619.184s][info][gc            ] GC(568) Pause Young (Normal) (G1 Evacuation Pause) 447M->202M(512M) 4.583ms
[2026-06-18T00:25:02.422+0000][10619.184s][info][gc,cpu        ] GC(568) User=0.04s Sys=0.00s Real=0.01s
[2026-06-18T00:25:03.708+0000][10620.470s][info][gc,start      ] GC(569) Pause Young (Concurrent Start) (G1 Evacuation Pause)
[2026-06-18T00:25:03.708+0000][10620.470s][info][gc,task       ] GC(569) Using 13 workers of 13 for evacuation
[2026-06-18T00:25:03.712+0000][10620.474s][info][gc,phases     ] GC(569)   Pre Evacuate Collection Set: 0.3ms
[2026-06-18T00:25:03.712+0000][10620.474s][info][gc,phases     ] GC(569)   Evacuate Collection Set: 3.4ms
[2026-06-18T00:25:03.712+0000][10620.474s][info][gc,phases     ] GC(569)   Post Evacuate Collection Set: 0.4ms
[2026-06-18T00:25:03.713+0000][10620.474s][info][gc,phases     ] GC(569)   Other: 0.3ms
[2026-06-18T00:25:03.713+0000][10620.474s][info][gc,heap       ] GC(569) Eden regions: 245->0(247)
[2026-06-18T00:25:03.713+0000][10620.474s][info][gc,heap       ] GC(569) Survivor regions: 6->4(32)
[2026-06-18T00:25:03.713+0000][10620.474s][info][gc,heap       ] GC(569) Old regions: 50->50
[2026-06-18T00:25:03.713+0000][10620.474s][info][gc,heap       ] GC(569) Humongous regions: 147->147
[2026-06-18T00:25:03.713+0000][10620.474s][info][gc,metaspace  ] GC(569) Metaspace: 52610K(55552K)->52610K(55552K) NonClass: 46670K(48384K)->46670K(48384K) Class: 5939K(7168K)->5939K(7168K)
[2026-06-18T00:25:03.713+0000][10620.474s][info][gc            ] GC(569) Pause Young (Concurrent Start) (G1 Evacuation Pause) 447M->199M(512M) 4.804ms
[2026-06-18T00:25:03.713+0000][10620.475s][info][gc,cpu        ] GC(569) User=0.04s Sys=0.00s Real=0.01s
[2026-06-18T00:25:03.713+0000][10620.475s][info][gc            ] GC(570) Concurrent Cycle
[2026-06-18T00:25:03.713+0000][10620.475s][info][gc,marking    ] GC(570) Concurrent Clear Claimed Marks
[2026-06-18T00:25:03.713+0000][10620.475s][info][gc,marking    ] GC(570) Concurrent Clear Claimed Marks 0.130ms
[2026-06-18T00:25:03.713+0000][10620.475s][info][gc,marking    ] GC(570) Concurrent Scan Root Regions
[2026-06-18T00:25:03.714+0000][10620.476s][info][gc,marking    ] GC(570) Concurrent Scan Root Regions 0.935ms
[2026-06-18T00:25:03.714+0000][10620.476s][info][gc,marking    ] GC(570) Concurrent Mark (10620.476s)
[2026-06-18T00:25:03.714+0000][10620.476s][info][gc,marking    ] GC(570) Concurrent Mark From Roots
[2026-06-18T00:25:03.714+0000][10620.476s][info][gc,task       ] GC(570) Using 3 workers of 3 for marking
[2026-06-18T00:25:03.720+0000][10620.482s][info][gc,marking    ] GC(570) Concurrent Mark From Roots 5.616ms
[2026-06-18T00:25:03.720+0000][10620.482s][info][gc,marking    ] GC(570) Concurrent Preclean
[2026-06-18T00:25:03.720+0000][10620.482s][info][gc,marking    ] GC(570) Concurrent Preclean 0.187ms
[2026-06-18T00:25:03.720+0000][10620.482s][info][gc,marking    ] GC(570) Concurrent Mark (10620.476s, 10620.482s) 6.115ms
[2026-06-18T00:25:03.720+0000][10620.482s][info][gc,start      ] GC(570) Pause Remark
[2026-06-18T00:25:03.723+0000][10620.484s][info][gc,stringtable] GC(570) Cleaned string and symbol table, strings: 17361 processed, 0 removed, symbols: 125114 processed, 0 removed
[2026-06-18T00:25:03.723+0000][10620.485s][info][gc            ] GC(570) Pause Remark 203M->203M(512M) 2.523ms
[2026-06-18T00:25:03.723+0000][10620.485s][info][gc,cpu        ] GC(570) User=0.02s Sys=0.00s Real=0.01s
[2026-06-18T00:25:03.723+0000][10620.485s][info][gc,marking    ] GC(570) Concurrent Rebuild Remembered Sets
[2026-06-18T00:25:03.727+0000][10620.489s][info][gc,marking    ] GC(570) Concurrent Rebuild Remembered Sets 3.843ms
[2026-06-18T00:25:03.727+0000][10620.489s][info][gc,start      ] GC(570) Pause Cleanup
[2026-06-18T00:25:03.727+0000][10620.489s][info][gc            ] GC(570) Pause Cleanup 204M->204M(512M) 0.191ms
[2026-06-18T00:25:03.727+0000][10620.489s][info][gc,cpu        ] GC(570) User=0.00s Sys=0.00s Real=0.00s
[2026-06-18T00:25:03.728+0000][10620.489s][info][gc,marking    ] GC(570) Concurrent Cleanup for Next Mark
[2026-06-18T00:25:03.728+0000][10620.489s][info][gc,marking    ] GC(570) Concurrent Cleanup for Next Mark 0.135ms
[2026-06-18T00:25:03.728+0000][10620.489s][info][gc            ] GC(570) Concurrent Cycle 14.880ms
[2026-06-18T00:25:04.885+0000][10621.647s][info][gc,start      ] GC(571) Pause Young (Prepare Mixed) (G1 Evacuation Pause)
[2026-06-18T00:25:04.885+0000][10621.647s][info][gc,task       ] GC(571) Using 13 workers of 13 for evacuation
[2026-06-18T00:25:04.894+0000][10621.656s][info][gc,phases     ] GC(571)   Pre Evacuate Collection Set: 0.0ms
[2026-06-18T00:25:04.894+0000][10621.656s][info][gc,phases     ] GC(571)   Evacuate Collection Set: 8.3ms
[2026-06-18T00:25:04.894+0000][10621.656s][info][gc,phases     ] GC(571)   Post Evacuate Collection Set: 0.3ms
[2026-06-18T00:25:04.894+0000][10621.656s][info][gc,phases     ] GC(571)   Other: 0.3ms
[2026-06-18T00:25:04.895+0000][10621.656s][info][gc,heap       ] GC(571) Eden regions: 247->0(17)
[2026-06-18T00:25:04.895+0000][10621.656s][info][gc,heap       ] GC(571) Survivor regions: 4->8(32)
[2026-06-18T00:25:04.895+0000][10621.656s][info][gc,heap       ] GC(571) Old regions: 50->50
[2026-06-18T00:25:04.895+0000][10621.656s][info][gc,heap       ] GC(571) Humongous regions: 147->147
[2026-06-18T00:25:04.895+0000][10621.656s][info][gc,metaspace  ] GC(571) Metaspace: 52610K(55552K)->52610K(55552K) NonClass: 46670K(48384K)->46670K(48384K) Class: 5939K(7168K)->5939K(7168K)
[2026-06-18T00:25:04.895+0000][10621.656s][info][gc            ] GC(571) Pause Young (Prepare Mixed) (G1 Evacuation Pause) 446M->203M(512M) 9.414ms
[2026-06-18T00:25:04.895+0000][10621.656s][info][gc,cpu        ] GC(571) User=0.08s Sys=0.01s Real=0.01s
[2026-06-18T00:25:04.971+0000][10621.733s][info][gc,start      ] GC(572) Pause Young (Mixed) (G1 Evacuation Pause)
[2026-06-18T00:25:04.971+0000][10621.733s][info][gc,task       ] GC(572) Using 13 workers of 13 for evacuation
[2026-06-18T00:25:04.976+0000][10621.737s][info][gc,phases     ] GC(572)   Pre Evacuate Collection Set: 0.0ms
[2026-06-18T00:25:04.976+0000][10621.737s][info][gc,phases     ] GC(572)   Evacuate Collection Set: 4.2ms
[2026-06-18T00:25:04.976+0000][10621.738s][info][gc,phases     ] GC(572)   Post Evacuate Collection Set: 0.3ms
[2026-06-18T00:25:04.976+0000][10621.738s][info][gc,phases     ] GC(572)   Other: 0.3ms
[2026-06-18T00:25:04.976+0000][10621.738s][info][gc,heap       ] GC(572) Eden regions: 17->0(246)
[2026-06-18T00:25:04.976+0000][10621.738s][info][gc,heap       ] GC(572) Survivor regions: 8->2(4)
[2026-06-18T00:25:04.976+0000][10621.738s][info][gc,heap       ] GC(572) Old regions: 50->52
[2026-06-18T00:25:04.976+0000][10621.738s][info][gc,heap       ] GC(572) Humongous regions: 147->147
[2026-06-18T00:25:04.976+0000][10621.738s][info][gc,metaspace  ] GC(572) Metaspace: 52610K(55552K)->52610K(55552K) NonClass: 46670K(48384K)->46670K(48384K) Class: 5939K(7168K)->5939K(7168K)
[2026-06-18T00:25:04.976+0000][10621.738s][info][gc            ] GC(572) Pause Young (Mixed) (G1 Evacuation Pause) 220M->199M(512M) 5.269ms
[2026-06-18T00:25:04.976+0000][10621.738s][info][gc,cpu        ] GC(572) User=0.04s Sys=0.00s Real=0.01s
[2026-06-18T00:25:53.475+0000][10670.237s][info][gc,start      ] GC(573) Pause Young (Normal) (G1 Evacuation Pause)
[2026-06-18T00:25:53.475+0000][10670.237s][info][gc,task       ] GC(573) Using 13 workers of 13 for evacuation
[2026-06-18T00:25:53.477+0000][10670.239s][info][gc,phases     ] GC(573)   Pre Evacuate Collection Set: 0.0ms
[2026-06-18T00:25:53.477+0000][10670.239s][info][gc,phases     ] GC(573)   Evacuate Collection Set: 1.3ms
[2026-06-18T00:25:53.477+0000][10670.239s][info][gc,phases     ] GC(573)   Post Evacuate Collection Set: 0.3ms
[2026-06-18T00:25:53.477+0000][10670.239s][info][gc,phases     ] GC(573)   Other: 0.3ms
[2026-06-18T00:25:53.477+0000][10670.239s][info][gc,heap       ] GC(573) Eden regions: 246->0(246)
[2026-06-18T00:25:53.477+0000][10670.239s][info][gc,heap       ] GC(573) Survivor regions: 2->3(31)
[2026-06-18T00:25:53.477+0000][10670.239s][info][gc,heap       ] GC(573) Old regions: 52->52
[2026-06-18T00:25:53.477+0000][10670.239s][info][gc,heap       ] GC(573) Humongous regions: 147->147
[2026-06-18T00:25:53.477+0000][10670.239s][info][gc,metaspace  ] GC(573) Metaspace: 52610K(55552K)->52610K(55552K) NonClass: 46670K(48384K)->46670K(48384K) Class: 5939K(7168K)->5939K(7168K)
[2026-06-18T00:25:53.477+0000][10670.239s][info][gc            ] GC(573) Pause Young (Normal) (G1 Evacuation Pause) 445M->201M(512M) 2.443ms
[2026-06-18T00:25:53.477+0000][10670.239s][info][gc,cpu        ] GC(573) User=0.02s Sys=0.00s Real=0.00s
[2026-06-18T00:25:54.953+0000][10671.715s][info][gc,start      ] GC(574) Pause Young (Normal) (G1 Evacuation Pause)
[2026-06-18T00:25:54.953+0000][10671.715s][info][gc,task       ] GC(574) Using 13 workers of 13 for evacuation
[2026-06-18T00:25:54.955+0000][10671.717s][info][gc,phases     ] GC(574)   Pre Evacuate Collection Set: 0.0ms
[2026-06-18T00:25:54.955+0000][10671.717s][info][gc,phases     ] GC(574)   Evacuate Collection Set: 1.5ms
[2026-06-18T00:25:54.955+0000][10671.717s][info][gc,phases     ] GC(574)   Post Evacuate Collection Set: 0.3ms
[2026-06-18T00:25:54.955+0000][10671.717s][info][gc,phases     ] GC(574)   Other: 0.3ms
[2026-06-18T00:25:54.955+0000][10671.717s][info][gc,heap       ] GC(574) Eden regions: 246->0(242)
[2026-06-18T00:25:54.955+0000][10671.717s][info][gc,heap       ] GC(574) Survivor regions: 3->7(32)
[2026-06-18T00:25:54.955+0000][10671.718s][info][gc,heap       ] GC(574) Old regions: 52->52
[2026-06-18T00:25:54.955+0000][10671.718s][info][gc,heap       ] GC(574) Humongous regions: 147->147
[2026-06-18T00:25:54.956+0000][10671.718s][info][gc,metaspace  ] GC(574) Metaspace: 52610K(55552K)->52610K(55552K) NonClass: 46670K(48384K)->46670K(48384K) Class: 5939K(7168K)->5939K(7168K)
[2026-06-18T00:25:54.956+0000][10671.718s][info][gc            ] GC(574) Pause Young (Normal) (G1 Evacuation Pause) 447M->204M(512M) 2.555ms
[2026-06-18T00:25:54.956+0000][10671.718s][info][gc,cpu        ] GC(574) User=0.02s Sys=0.00s Real=0.00s
[2026-06-18T00:25:56.415+0000][10673.178s][info][gc,start      ] GC(575) Pause Young (Concurrent Start) (G1 Evacuation Pause)
[2026-06-18T00:25:56.416+0000][10673.178s][info][gc,task       ] GC(575) Using 13 workers of 13 for evacuation
[2026-06-18T00:25:56.419+0000][10673.181s][info][gc,phases     ] GC(575)   Pre Evacuate Collection Set: 0.3ms
[2026-06-18T00:25:56.419+0000][10673.181s][info][gc,phases     ] GC(575)   Evacuate Collection Set: 2.4ms
[2026-06-18T00:25:56.419+0000][10673.181s][info][gc,phases     ] GC(575)   Post Evacuate Collection Set: 0.4ms
[2026-06-18T00:25:56.419+0000][10673.181s][info][gc,phases     ] GC(575)   Other: 0.3ms
[2026-06-18T00:25:56.419+0000][10673.181s][info][gc,heap       ] GC(575) Eden regions: 242->0(245)
[2026-06-18T00:25:56.419+0000][10673.181s][info][gc,heap       ] GC(575) Survivor regions: 7->4(32)
[2026-06-18T00:25:56.419+0000][10673.182s][info][gc,heap       ] GC(575) Old regions: 52->52
[2026-06-18T00:25:56.419+0000][10673.182s][info][gc,heap       ] GC(575) Humongous regions: 147->147
[2026-06-18T00:25:56.420+0000][10673.182s][info][gc,metaspace  ] GC(575) Metaspace: 52610K(55552K)->52610K(55552K) NonClass: 46670K(48384K)->46670K(48384K) Class: 5939K(7168K)->5939K(7168K)
[2026-06-18T00:25:56.420+0000][10673.182s][info][gc            ] GC(575) Pause Young (Concurrent Start) (G1 Evacuation Pause) 446M->202M(512M) 4.091ms
[2026-06-18T00:25:56.420+0000][10673.182s][info][gc,cpu        ] GC(575) User=0.02s Sys=0.00s Real=0.00s
[2026-06-18T00:25:56.420+0000][10673.182s][info][gc            ] GC(576) Concurrent Cycle
[2026-06-18T00:25:56.420+0000][10673.182s][info][gc,marking    ] GC(576) Concurrent Clear Claimed Marks
[2026-06-18T00:25:56.420+0000][10673.182s][info][gc,marking    ] GC(576) Concurrent Clear Claimed Marks 0.246ms
[2026-06-18T00:25:56.420+0000][10673.182s][info][gc,marking    ] GC(576) Concurrent Scan Root Regions
[2026-06-18T00:25:56.421+0000][10673.183s][info][gc,marking    ] GC(576) Concurrent Scan Root Regions 1.103ms
[2026-06-18T00:25:56.421+0000][10673.183s][info][gc,marking    ] GC(576) Concurrent Mark (10673.183s)
[2026-06-18T00:25:56.421+0000][10673.184s][info][gc,marking    ] GC(576) Concurrent Mark From Roots
[2026-06-18T00:25:56.422+0000][10673.184s][info][gc,task       ] GC(576) Using 3 workers of 3 for marking
[2026-06-18T00:25:56.428+0000][10673.190s][info][gc,marking    ] GC(576) Concurrent Mark From Roots 6.282ms
[2026-06-18T00:25:56.428+0000][10673.190s][info][gc,marking    ] GC(576) Concurrent Preclean
[2026-06-18T00:25:56.428+0000][10673.190s][info][gc,marking    ] GC(576) Concurrent Preclean 0.228ms
[2026-06-18T00:25:56.428+0000][10673.190s][info][gc,marking    ] GC(576) Concurrent Mark (10673.183s, 10673.190s) 6.863ms
[2026-06-18T00:25:56.429+0000][10673.191s][info][gc,start      ] GC(576) Pause Remark
[2026-06-18T00:25:56.432+0000][10673.194s][info][gc,stringtable] GC(576) Cleaned string and symbol table, strings: 17361 processed, 0 removed, symbols: 125114 processed, 0 removed
[2026-06-18T00:25:56.432+0000][10673.194s][info][gc            ] GC(576) Pause Remark 206M->206M(512M) 3.499ms
[2026-06-18T00:25:56.432+0000][10673.195s][info][gc,cpu        ] GC(576) User=0.02s Sys=0.00s Real=0.01s
[2026-06-18T00:25:56.433+0000][10673.195s][info][gc,marking    ] GC(576) Concurrent Rebuild Remembered Sets
[2026-06-18T00:25:56.438+0000][10673.200s][info][gc,marking    ] GC(576) Concurrent Rebuild Remembered Sets 5.016ms
[2026-06-18T00:25:56.438+0000][10673.200s][info][gc,start      ] GC(576) Pause Cleanup
[2026-06-18T00:25:56.438+0000][10673.200s][info][gc            ] GC(576) Pause Cleanup 207M->207M(512M) 0.198ms
[2026-06-18T00:25:56.438+0000][10673.200s][info][gc,cpu        ] GC(576) User=0.00s Sys=0.00s Real=0.00s
[2026-06-18T00:25:56.438+0000][10673.200s][info][gc,marking    ] GC(576) Concurrent Cleanup for Next Mark
[2026-06-18T00:25:56.439+0000][10673.201s][info][gc,marking    ] GC(576) Concurrent Cleanup for Next Mark 0.168ms
[2026-06-18T00:25:56.439+0000][10673.201s][info][gc            ] GC(576) Concurrent Cycle 18.896ms
[2026-06-18T00:26:35.306+0000][10712.067s][info][gc,start      ] GC(577) Pause Young (Prepare Mixed) (G1 Evacuation Pause)
[2026-06-18T00:26:35.306+0000][10712.067s][info][gc,task       ] GC(577) Using 13 workers of 13 for evacuation
[2026-06-18T00:26:35.317+0000][10712.078s][info][gc,phases     ] GC(577)   Pre Evacuate Collection Set: 0.0ms
[2026-06-18T00:26:35.317+0000][10712.078s][info][gc,phases     ] GC(577)   Evacuate Collection Set: 10.5ms
[2026-06-18T00:26:35.317+0000][10712.079s][info][gc,phases     ] GC(577)   Post Evacuate Collection Set: 0.4ms
[2026-06-18T00:26:35.317+0000][10712.079s][info][gc,phases     ] GC(577)   Other: 0.7ms
[2026-06-18T00:26:35.318+0000][10712.079s][info][gc,heap       ] GC(577) Eden regions: 245->0(18)
[2026-06-18T00:26:35.318+0000][10712.079s][info][gc,heap       ] GC(577) Survivor regions: 4->7(32)
[2026-06-18T00:26:35.318+0000][10712.079s][info][gc,heap       ] GC(577) Old regions: 52->52
[2026-06-18T00:26:35.318+0000][10712.079s][info][gc,heap       ] GC(577) Humongous regions: 147->147
[2026-06-18T00:26:35.318+0000][10712.079s][info][gc,metaspace  ] GC(577) Metaspace: 52610K(55552K)->52610K(55552K) NonClass: 46670K(48384K)->46670K(48384K) Class: 5939K(7168K)->5939K(7168K)
[2026-06-18T00:26:35.318+0000][10712.079s][info][gc            ] GC(577) Pause Young (Prepare Mixed) (G1 Evacuation Pause) 447M->204M(512M) 12.453ms
[2026-06-18T00:26:35.318+0000][10712.079s][info][gc,cpu        ] GC(577) User=0.04s Sys=0.00s Real=0.01s
[2026-06-18T00:26:44.862+0000][10721.624s][info][gc,start      ] GC(578) Pause Young (Mixed) (G1 Evacuation Pause)
[2026-06-18T00:26:44.863+0000][10721.624s][info][gc,task       ] GC(578) Using 13 workers of 13 for evacuation
[2026-06-18T00:26:44.870+0000][10721.631s][info][gc,phases     ] GC(578)   Pre Evacuate Collection Set: 0.0ms
[2026-06-18T00:26:44.870+0000][10721.631s][info][gc,phases     ] GC(578)   Evacuate Collection Set: 6.5ms
[2026-06-18T00:26:44.870+0000][10721.631s][info][gc,phases     ] GC(578)   Post Evacuate Collection Set: 0.3ms
[2026-06-18T00:26:44.870+0000][10721.631s][info][gc,phases     ] GC(578)   Other: 0.3ms
[2026-06-18T00:26:44.870+0000][10721.631s][info][gc,heap       ] GC(578) Eden regions: 18->0(246)
[2026-06-18T00:26:44.870+0000][10721.631s][info][gc,heap       ] GC(578) Survivor regions: 7->2(4)
[2026-06-18T00:26:44.870+0000][10721.631s][info][gc,heap       ] GC(578) Old regions: 52->52
[2026-06-18T00:26:44.870+0000][10721.631s][info][gc,heap       ] GC(578) Humongous regions: 147->147
[2026-06-18T00:26:44.870+0000][10721.631s][info][gc,metaspace  ] GC(578) Metaspace: 52610K(55552K)->52610K(55552K) NonClass: 46670K(48384K)->46670K(48384K) Class: 5939K(7168K)->5939K(7168K)
[2026-06-18T00:26:44.870+0000][10721.631s][info][gc            ] GC(578) Pause Young (Mixed) (G1 Evacuation Pause) 222M->199M(512M) 7.822ms
[2026-06-18T00:26:44.870+0000][10721.631s][info][gc,cpu        ] GC(578) User=0.04s Sys=0.00s Real=0.00s
[2026-06-18T00:26:46.541+0000][10723.302s][info][gc,start      ] GC(579) Pause Young (Normal) (G1 Evacuation Pause)
[2026-06-18T00:26:46.541+0000][10723.302s][info][gc,task       ] GC(579) Using 13 workers of 13 for evacuation
[2026-06-18T00:26:46.543+0000][10723.304s][info][gc,phases     ] GC(579)   Pre Evacuate Collection Set: 0.0ms
[2026-06-18T00:26:46.543+0000][10723.304s][info][gc,phases     ] GC(579)   Evacuate Collection Set: 1.3ms
[2026-06-18T00:26:46.543+0000][10723.304s][info][gc,phases     ] GC(579)   Post Evacuate Collection Set: 0.3ms
[2026-06-18T00:26:46.543+0000][10723.304s][info][gc,phases     ] GC(579)   Other: 0.3ms
[2026-06-18T00:26:46.543+0000][10723.304s][info][gc,heap       ] GC(579) Eden regions: 246->0(246)
[2026-06-18T00:26:46.543+0000][10723.304s][info][gc,heap       ] GC(579) Survivor regions: 2->3(31)
[2026-06-18T00:26:46.543+0000][10723.304s][info][gc,heap       ] GC(579) Old regions: 52->52
[2026-06-18T00:26:46.543+0000][10723.305s][info][gc,heap       ] GC(579) Humongous regions: 147->147
[2026-06-18T00:26:46.543+0000][10723.305s][info][gc,metaspace  ] GC(579) Metaspace: 52610K(55552K)->52610K(55552K) NonClass: 46670K(48384K)->46670K(48384K) Class: 5939K(7168K)->5939K(7168K)
[2026-06-18T00:26:46.543+0000][10723.305s][info][gc            ] GC(579) Pause Young (Normal) (G1 Evacuation Pause) 445M->200M(512M) 2.310ms
[2026-06-18T00:26:46.544+0000][10723.305s][info][gc,cpu        ] GC(579) User=0.01s Sys=0.01s Real=0.01s
[2026-06-18T00:26:47.873+0000][10724.634s][info][gc,start      ] GC(580) Pause Young (Normal) (G1 Evacuation Pause)
[2026-06-18T00:26:47.873+0000][10724.635s][info][gc,task       ] GC(580) Using 13 workers of 13 for evacuation
[2026-06-18T00:26:47.875+0000][10724.636s][info][gc,phases     ] GC(580)   Pre Evacuate Collection Set: 0.0ms
[2026-06-18T00:26:47.875+0000][10724.637s][info][gc,phases     ] GC(580)   Evacuate Collection Set: 1.5ms
[2026-06-18T00:26:47.876+0000][10724.637s][info][gc,phases     ] GC(580)   Post Evacuate Collection Set: 0.3ms
[2026-06-18T00:26:47.876+0000][10724.637s][info][gc,phases     ] GC(580)   Other: 0.3ms
[2026-06-18T00:26:47.876+0000][10724.637s][info][gc,heap       ] GC(580) Eden regions: 246->0(243)
[2026-06-18T00:26:47.876+0000][10724.637s][info][gc,heap       ] GC(580) Survivor regions: 3->6(32)
[2026-06-18T00:26:47.876+0000][10724.637s][info][gc,heap       ] GC(580) Old regions: 52->52
[2026-06-18T00:26:47.876+0000][10724.637s][info][gc,heap       ] GC(580) Humongous regions: 147->147
[2026-06-18T00:26:47.876+0000][10724.637s][info][gc,metaspace  ] GC(580) Metaspace: 52612K(55552K)->52612K(55552K) NonClass: 46672K(48384K)->46672K(48384K) Class: 5939K(7168K)->5939K(7168K)
[2026-06-18T00:26:47.876+0000][10724.637s][info][gc            ] GC(580) Pause Young (Normal) (G1 Evacuation Pause) 446M->203M(512M) 2.503ms
[2026-06-18T00:26:47.876+0000][10724.637s][info][gc,cpu        ] GC(580) User=0.01s Sys=0.00s Real=0.00s
[2026-06-18T00:26:49.092+0000][10725.853s][info][gc,start      ] GC(581) Pause Young (Concurrent Start) (G1 Evacuation Pause)
[2026-06-18T00:26:49.092+0000][10725.853s][info][gc,task       ] GC(581) Using 13 workers of 13 for evacuation
[2026-06-18T00:26:49.102+0000][10725.863s][info][gc,phases     ] GC(581)   Pre Evacuate Collection Set: 0.3ms
[2026-06-18T00:26:49.102+0000][10725.863s][info][gc,phases     ] GC(581)   Evacuate Collection Set: 8.8ms
[2026-06-18T00:26:49.102+0000][10725.863s][info][gc,phases     ] GC(581)   Post Evacuate Collection Set: 0.4ms
[2026-06-18T00:26:49.102+0000][10725.863s][info][gc,phases     ] GC(581)   Other: 0.3ms
[2026-06-18T00:26:49.102+0000][10725.863s][info][gc,heap       ] GC(581) Eden regions: 243->0(246)
[2026-06-18T00:26:49.102+0000][10725.863s][info][gc,heap       ] GC(581) Survivor regions: 6->4(32)
[2026-06-18T00:26:49.102+0000][10725.863s][info][gc,heap       ] GC(581) Old regions: 52->52
[2026-06-18T00:26:49.103+0000][10725.864s][info][gc,heap       ] GC(581) Humongous regions: 147->147
[2026-06-18T00:26:49.103+0000][10725.864s][info][gc,metaspace  ] GC(581) Metaspace: 52612K(55552K)->52612K(55552K) NonClass: 46672K(48384K)->46672K(48384K) Class: 5939K(7168K)->5939K(7168K)
[2026-06-18T00:26:49.103+0000][10725.864s][info][gc            ] GC(581) Pause Young (Concurrent Start) (G1 Evacuation Pause) 446M->201M(512M) 11.005ms
[2026-06-18T00:26:49.103+0000][10725.864s][info][gc,cpu        ] GC(581) User=0.06s Sys=0.00s Real=0.02s
[2026-06-18T00:26:49.103+0000][10725.864s][info][gc            ] GC(582) Concurrent Cycle
[2026-06-18T00:26:49.103+0000][10725.864s][info][gc,marking    ] GC(582) Concurrent Clear Claimed Marks
[2026-06-18T00:26:49.104+0000][10725.865s][info][gc,marking    ] GC(582) Concurrent Clear Claimed Marks 0.513ms
[2026-06-18T00:26:49.104+0000][10725.865s][info][gc,marking    ] GC(582) Concurrent Scan Root Regions
[2026-06-18T00:26:49.105+0000][10725.866s][info][gc,marking    ] GC(582) Concurrent Scan Root Regions 1.127ms
[2026-06-18T00:26:49.105+0000][10725.866s][info][gc,marking    ] GC(582) Concurrent Mark (10725.866s)
[2026-06-18T00:26:49.105+0000][10725.866s][info][gc,marking    ] GC(582) Concurrent Mark From Roots
[2026-06-18T00:26:49.105+0000][10725.866s][info][gc,task       ] GC(582) Using 3 workers of 3 for marking
[2026-06-18T00:26:49.111+0000][10725.872s][info][gc,marking    ] GC(582) Concurrent Mark From Roots 5.867ms
[2026-06-18T00:26:49.111+0000][10725.872s][info][gc,marking    ] GC(582) Concurrent Preclean
[2026-06-18T00:26:49.111+0000][10725.872s][info][gc,marking    ] GC(582) Concurrent Preclean 0.173ms
[2026-06-18T00:26:49.111+0000][10725.873s][info][gc,marking    ] GC(582) Concurrent Mark (10725.866s, 10725.873s) 6.551ms
[2026-06-18T00:26:49.112+0000][10725.873s][info][gc,start      ] GC(582) Pause Remark
[2026-06-18T00:26:49.114+0000][10725.875s][info][gc,stringtable] GC(582) Cleaned string and symbol table, strings: 17365 processed, 0 removed, symbols: 125114 processed, 0 removed
[2026-06-18T00:26:49.115+0000][10725.876s][info][gc            ] GC(582) Pause Remark 206M->205M(512M) 2.853ms
[2026-06-18T00:26:49.115+0000][10725.876s][info][gc,cpu        ] GC(582) User=0.01s Sys=0.00s Real=0.01s
[2026-06-18T00:26:49.115+0000][10725.876s][info][gc,marking    ] GC(582) Concurrent Rebuild Remembered Sets
[2026-06-18T00:26:49.120+0000][10725.881s][info][gc,marking    ] GC(582) Concurrent Rebuild Remembered Sets 4.968ms
[2026-06-18T00:26:49.120+0000][10725.881s][info][gc,start      ] GC(582) Pause Cleanup
[2026-06-18T00:26:49.121+0000][10725.882s][info][gc            ] GC(582) Pause Cleanup 205M->205M(512M) 0.272ms
[2026-06-18T00:26:49.121+0000][10725.882s][info][gc,cpu        ] GC(582) User=0.00s Sys=0.00s Real=0.00s
[2026-06-18T00:26:49.121+0000][10725.882s][info][gc,marking    ] GC(582) Concurrent Cleanup for Next Mark
[2026-06-18T00:26:49.121+0000][10725.882s][info][gc,marking    ] GC(582) Concurrent Cleanup for Next Mark 0.159ms
[2026-06-18T00:26:49.121+0000][10725.882s][info][gc            ] GC(582) Concurrent Cycle 18.002ms
[2026-06-18T00:27:37.623+0000][10774.384s][info][gc,start      ] GC(583) Pause Young (Prepare Mixed) (G1 Evacuation Pause)
[2026-06-18T00:27:37.623+0000][10774.384s][info][gc,task       ] GC(583) Using 13 workers of 13 for evacuation
[2026-06-18T00:27:37.625+0000][10774.386s][info][gc,phases     ] GC(583)   Pre Evacuate Collection Set: 0.0ms
[2026-06-18T00:27:37.625+0000][10774.386s][info][gc,phases     ] GC(583)   Evacuate Collection Set: 1.9ms
[2026-06-18T00:27:37.626+0000][10774.387s][info][gc,phases     ] GC(583)   Post Evacuate Collection Set: 0.6ms
[2026-06-18T00:27:37.626+0000][10774.387s][info][gc,phases     ] GC(583)   Other: 0.4ms
[2026-06-18T00:27:37.626+0000][10774.387s][info][gc,heap       ] GC(583) Eden regions: 246->0(17)
[2026-06-18T00:27:37.626+0000][10774.387s][info][gc,heap       ] GC(583) Survivor regions: 4->8(32)
[2026-06-18T00:27:37.626+0000][10774.387s][info][gc,heap       ] GC(583) Old regions: 50->50
[2026-06-18T00:27:37.626+0000][10774.387s][info][gc,heap       ] GC(583) Humongous regions: 147->147
[2026-06-18T00:27:37.626+0000][10774.387s][info][gc,metaspace  ] GC(583) Metaspace: 52662K(55552K)->52662K(55552K) NonClass: 46722K(48384K)->46722K(48384K) Class: 5939K(7168K)->5939K(7168K)
[2026-06-18T00:27:37.626+0000][10774.387s][info][gc            ] GC(583) Pause Young (Prepare Mixed) (G1 Evacuation Pause) 446M->204M(512M) 3.358ms
[2026-06-18T00:27:37.626+0000][10774.387s][info][gc,cpu        ] GC(583) User=0.03s Sys=0.00s Real=0.00s
[2026-06-18T00:27:37.731+0000][10774.492s][info][gc,start      ] GC(584) Pause Young (Mixed) (G1 Evacuation Pause)
[2026-06-18T00:27:37.731+0000][10774.492s][info][gc,task       ] GC(584) Using 13 workers of 13 for evacuation
[2026-06-18T00:27:37.734+0000][10774.495s][info][gc,phases     ] GC(584)   Pre Evacuate Collection Set: 0.0ms
[2026-06-18T00:27:37.734+0000][10774.495s][info][gc,phases     ] GC(584)   Evacuate Collection Set: 3.0ms
[2026-06-18T00:27:37.734+0000][10774.495s][info][gc,phases     ] GC(584)   Post Evacuate Collection Set: 0.4ms
[2026-06-18T00:27:37.734+0000][10774.495s][info][gc,phases     ] GC(584)   Other: 0.3ms
[2026-06-18T00:27:37.734+0000][10774.495s][info][gc,heap       ] GC(584) Eden regions: 17->0(246)
[2026-06-18T00:27:37.735+0000][10774.496s][info][gc,heap       ] GC(584) Survivor regions: 8->2(4)
[2026-06-18T00:27:37.735+0000][10774.496s][info][gc,heap       ] GC(584) Old regions: 50->52
[2026-06-18T00:27:37.735+0000][10774.496s][info][gc,heap       ] GC(584) Humongous regions: 147->147
[2026-06-18T00:27:37.735+0000][10774.496s][info][gc,metaspace  ] GC(584) Metaspace: 52662K(55552K)->52662K(55552K) NonClass: 46722K(48384K)->46722K(48384K) Class: 5939K(7168K)->5939K(7168K)
[2026-06-18T00:27:37.735+0000][10774.496s][info][gc            ] GC(584) Pause Young (Mixed) (G1 Evacuation Pause) 221M->199M(512M) 4.161ms
[2026-06-18T00:27:37.735+0000][10774.496s][info][gc,cpu        ] GC(584) User=0.03s Sys=0.00s Real=0.01s
[2026-06-18T00:27:39.284+0000][10776.045s][info][gc,start      ] GC(585) Pause Young (Normal) (G1 Evacuation Pause)
[2026-06-18T00:27:39.284+0000][10776.045s][info][gc,task       ] GC(585) Using 13 workers of 13 for evacuation
[2026-06-18T00:27:39.287+0000][10776.048s][info][gc,phases     ] GC(585)   Pre Evacuate Collection Set: 0.0ms
[2026-06-18T00:27:39.287+0000][10776.048s][info][gc,phases     ] GC(585)   Evacuate Collection Set: 2.2ms
[2026-06-18T00:27:39.287+0000][10776.048s][info][gc,phases     ] GC(585)   Post Evacuate Collection Set: 0.3ms
[2026-06-18T00:27:39.287+0000][10776.048s][info][gc,phases     ] GC(585)   Other: 0.3ms
[2026-06-18T00:27:39.287+0000][10776.048s][info][gc,heap       ] GC(585) Eden regions: 246->0(247)
[2026-06-18T00:27:39.287+0000][10776.048s][info][gc,heap       ] GC(585) Survivor regions: 2->2(31)
[2026-06-18T00:27:39.287+0000][10776.048s][info][gc,heap       ] GC(585) Old regions: 52->52
[2026-06-18T00:27:39.287+0000][10776.048s][info][gc,heap       ] GC(585) Humongous regions: 147->147
[2026-06-18T00:27:39.287+0000][10776.048s][info][gc,metaspace  ] GC(585) Metaspace: 52662K(55552K)->52662K(55552K) NonClass: 46722K(48384K)->46722K(48384K) Class: 5939K(7168K)->5939K(7168K)
[2026-06-18T00:27:39.287+0000][10776.049s][info][gc            ] GC(585) Pause Young (Normal) (G1 Evacuation Pause) 445M->200M(512M) 3.371ms
[2026-06-18T00:27:39.288+0000][10776.049s][info][gc,cpu        ] GC(585) User=0.02s Sys=0.00s Real=0.00s
[2026-06-18T00:27:40.594+0000][10777.355s][info][gc,start      ] GC(586) Pause Young (Normal) (G1 Evacuation Pause)
[2026-06-18T00:27:40.594+0000][10777.355s][info][gc,task       ] GC(586) Using 13 workers of 13 for evacuation
[2026-06-18T00:27:40.597+0000][10777.358s][info][gc,phases     ] GC(586)   Pre Evacuate Collection Set: 0.0ms
[2026-06-18T00:27:40.597+0000][10777.358s][info][gc,phases     ] GC(586)   Evacuate Collection Set: 1.9ms
[2026-06-18T00:27:40.597+0000][10777.358s][info][gc,phases     ] GC(586)   Post Evacuate Collection Set: 0.3ms
[2026-06-18T00:27:40.597+0000][10777.358s][info][gc,phases     ] GC(586)   Other: 0.3ms
[2026-06-18T00:27:40.597+0000][10777.358s][info][gc,heap       ] GC(586) Eden regions: 247->0(242)
[2026-06-18T00:27:40.597+0000][10777.358s][info][gc,heap       ] GC(586) Survivor regions: 2->7(32)
[2026-06-18T00:27:40.597+0000][10777.358s][info][gc,heap       ] GC(586) Old regions: 52->52
[2026-06-18T00:27:40.597+0000][10777.358s][info][gc,heap       ] GC(586) Humongous regions: 147->147
[2026-06-18T00:27:40.597+0000][10777.358s][info][gc,metaspace  ] GC(586) Metaspace: 52662K(55552K)->52662K(55552K) NonClass: 46722K(48384K)->46722K(48384K) Class: 5939K(7168K)->5939K(7168K)
[2026-06-18T00:27:40.597+0000][10777.358s][info][gc            ] GC(586) Pause Young (Normal) (G1 Evacuation Pause) 447M->204M(512M) 2.961ms
[2026-06-18T00:27:40.597+0000][10777.358s][info][gc,cpu        ] GC(586) User=0.03s Sys=0.00s Real=0.00s
[2026-06-18T00:28:28.954+0000][10825.714s][info][gc,start      ] GC(587) Pause Young (Concurrent Start) (G1 Evacuation Pause)
[2026-06-18T00:28:28.954+0000][10825.714s][info][gc,task       ] GC(587) Using 13 workers of 13 for evacuation
[2026-06-18T00:28:28.957+0000][10825.717s][info][gc,phases     ] GC(587)   Pre Evacuate Collection Set: 0.3ms
[2026-06-18T00:28:28.957+0000][10825.717s][info][gc,phases     ] GC(587)   Evacuate Collection Set: 2.4ms
[2026-06-18T00:28:28.957+0000][10825.718s][info][gc,phases     ] GC(587)   Post Evacuate Collection Set: 0.4ms
[2026-06-18T00:28:28.957+0000][10825.718s][info][gc,phases     ] GC(587)   Other: 0.5ms
[2026-06-18T00:28:28.957+0000][10825.718s][info][gc,heap       ] GC(587) Eden regions: 242->0(242)
[2026-06-18T00:28:28.957+0000][10825.718s][info][gc,heap       ] GC(587) Survivor regions: 7->6(32)
[2026-06-18T00:28:28.957+0000][10825.718s][info][gc,heap       ] GC(587) Old regions: 52->52
[2026-06-18T00:28:28.958+0000][10825.718s][info][gc,heap       ] GC(587) Humongous regions: 147->147
[2026-06-18T00:28:28.958+0000][10825.718s][info][gc,metaspace  ] GC(587) Metaspace: 52666K(55552K)->52666K(55552K) NonClass: 46726K(48384K)->46726K(48384K) Class: 5939K(7168K)->5939K(7168K)
[2026-06-18T00:28:28.958+0000][10825.718s][info][gc            ] GC(587) Pause Young (Concurrent Start) (G1 Evacuation Pause) 446M->204M(512M) 4.054ms
[2026-06-18T00:28:28.958+0000][10825.718s][info][gc,cpu        ] GC(587) User=0.02s Sys=0.00s Real=0.00s
[2026-06-18T00:28:28.958+0000][10825.718s][info][gc            ] GC(588) Concurrent Cycle
[2026-06-18T00:28:28.958+0000][10825.718s][info][gc,marking    ] GC(588) Concurrent Clear Claimed Marks
[2026-06-18T00:28:28.958+0000][10825.718s][info][gc,marking    ] GC(588) Concurrent Clear Claimed Marks 0.193ms
[2026-06-18T00:28:28.958+0000][10825.718s][info][gc,marking    ] GC(588) Concurrent Scan Root Regions
[2026-06-18T00:28:28.959+0000][10825.720s][info][gc,marking    ] GC(588) Concurrent Scan Root Regions 1.203ms
[2026-06-18T00:28:28.959+0000][10825.720s][info][gc,marking    ] GC(588) Concurrent Mark (10825.720s)
[2026-06-18T00:28:28.959+0000][10825.720s][info][gc,marking    ] GC(588) Concurrent Mark From Roots
[2026-06-18T00:28:28.960+0000][10825.720s][info][gc,task       ] GC(588) Using 3 workers of 3 for marking
[2026-06-18T00:28:28.965+0000][10825.725s][info][gc,marking    ] GC(588) Concurrent Mark From Roots 5.669ms
[2026-06-18T00:28:28.965+0000][10825.726s][info][gc,marking    ] GC(588) Concurrent Preclean
[2026-06-18T00:28:28.966+0000][10825.726s][info][gc,marking    ] GC(588) Concurrent Preclean 0.242ms
[2026-06-18T00:28:28.966+0000][10825.726s][info][gc,marking    ] GC(588) Concurrent Mark (10825.720s, 10825.726s) 6.224ms
[2026-06-18T00:28:28.966+0000][10825.726s][info][gc,start      ] GC(588) Pause Remark
[2026-06-18T00:28:28.969+0000][10825.729s][info][gc,stringtable] GC(588) Cleaned string and symbol table, strings: 17370 processed, 0 removed, symbols: 125114 processed, 0 removed
[2026-06-18T00:28:28.969+0000][10825.729s][info][gc            ] GC(588) Pause Remark 210M->209M(512M) 3.191ms
[2026-06-18T00:28:28.969+0000][10825.730s][info][gc,cpu        ] GC(588) User=0.02s Sys=0.00s Real=0.00s
[2026-06-18T00:28:28.969+0000][10825.730s][info][gc,marking    ] GC(588) Concurrent Rebuild Remembered Sets
[2026-06-18T00:28:28.974+0000][10825.735s][info][gc,marking    ] GC(588) Concurrent Rebuild Remembered Sets 4.940ms
[2026-06-18T00:28:28.975+0000][10825.735s][info][gc,start      ] GC(588) Pause Cleanup
[2026-06-18T00:28:28.975+0000][10825.735s][info][gc            ] GC(588) Pause Cleanup 210M->210M(512M) 0.281ms
[2026-06-18T00:28:28.975+0000][10825.735s][info][gc,cpu        ] GC(588) User=0.00s Sys=0.00s Real=0.00s
[2026-06-18T00:28:28.975+0000][10825.735s][info][gc,marking    ] GC(588) Concurrent Cleanup for Next Mark
[2026-06-18T00:28:28.975+0000][10825.736s][info][gc,marking    ] GC(588) Concurrent Cleanup for Next Mark 0.165ms
[2026-06-18T00:28:28.975+0000][10825.736s][info][gc            ] GC(588) Concurrent Cycle 17.666ms
[2026-06-18T00:28:30.507+0000][10827.268s][info][gc,start      ] GC(589) Pause Young (Prepare Mixed) (G1 Evacuation Pause)
[2026-06-18T00:28:30.508+0000][10827.268s][info][gc,task       ] GC(589) Using 13 workers of 13 for evacuation
[2026-06-18T00:28:30.512+0000][10827.272s][info][gc,phases     ] GC(589)   Pre Evacuate Collection Set: 0.0ms
[2026-06-18T00:28:30.512+0000][10827.272s][info][gc,phases     ] GC(589)   Evacuate Collection Set: 4.0ms
[2026-06-18T00:28:30.512+0000][10827.273s][info][gc,phases     ] GC(589)   Post Evacuate Collection Set: 0.4ms
[2026-06-18T00:28:30.512+0000][10827.273s][info][gc,phases     ] GC(589)   Other: 0.2ms
[2026-06-18T00:28:30.512+0000][10827.273s][info][gc,heap       ] GC(589) Eden regions: 242->0(16)
[2026-06-18T00:28:30.512+0000][10827.273s][info][gc,heap       ] GC(589) Survivor regions: 6->9(31)
[2026-06-18T00:28:30.512+0000][10827.273s][info][gc,heap       ] GC(589) Old regions: 51->51
[2026-06-18T00:28:30.513+0000][10827.273s][info][gc,heap       ] GC(589) Humongous regions: 147->147
[2026-06-18T00:28:30.513+0000][10827.273s][info][gc,metaspace  ] GC(589) Metaspace: 52666K(55552K)->52666K(55552K) NonClass: 46726K(48384K)->46726K(48384K) Class: 5939K(7168K)->5939K(7168K)
[2026-06-18T00:28:30.513+0000][10827.273s][info][gc            ] GC(589) Pause Young (Prepare Mixed) (G1 Evacuation Pause) 445M->205M(512M) 5.110ms
[2026-06-18T00:28:30.513+0000][10827.273s][info][gc,cpu        ] GC(589) User=0.05s Sys=0.00s Real=0.00s
[2026-06-18T00:28:30.610+0000][10827.370s][info][gc,start      ] GC(590) Pause Young (Mixed) (G1 Evacuation Pause)
[2026-06-18T00:28:30.610+0000][10827.370s][info][gc,task       ] GC(590) Using 13 workers of 13 for evacuation
[2026-06-18T00:28:30.614+0000][10827.375s][info][gc,phases     ] GC(590)   Pre Evacuate Collection Set: 0.0ms
[2026-06-18T00:28:30.615+0000][10827.375s][info][gc,phases     ] GC(590)   Evacuate Collection Set: 3.9ms
[2026-06-18T00:28:30.615+0000][10827.375s][info][gc,phases     ] GC(590)   Post Evacuate Collection Set: 0.5ms
[2026-06-18T00:28:30.615+0000][10827.375s][info][gc,phases     ] GC(590)   Other: 0.3ms
[2026-06-18T00:28:30.615+0000][10827.375s][info][gc,heap       ] GC(590) Eden regions: 16->0(243)
[2026-06-18T00:28:30.615+0000][10827.375s][info][gc,heap       ] GC(590) Survivor regions: 9->2(4)
[2026-06-18T00:28:30.615+0000][10827.375s][info][gc,heap       ] GC(590) Old regions: 51->53
[2026-06-18T00:28:30.615+0000][10827.375s][info][gc,heap       ] GC(590) Humongous regions: 147->147
[2026-06-18T00:28:30.615+0000][10827.375s][info][gc,metaspace  ] GC(590) Metaspace: 52666K(55552K)->52666K(55552K) NonClass: 46726K(48384K)->46726K(48384K) Class: 5939K(7168K)->5939K(7168K)
[2026-06-18T00:28:30.615+0000][10827.375s][info][gc            ] GC(590) Pause Young (Mixed) (G1 Evacuation Pause) 221M->201M(512M) 5.228ms
[2026-06-18T00:28:30.615+0000][10827.375s][info][gc,cpu        ] GC(590) User=0.03s Sys=0.01s Real=0.01s
[2026-06-18T00:28:31.940+0000][10828.700s][info][gc,start      ] GC(591) Pause Young (Normal) (G1 Evacuation Pause)
[2026-06-18T00:28:31.940+0000][10828.700s][info][gc,task       ] GC(591) Using 13 workers of 13 for evacuation
[2026-06-18T00:28:31.944+0000][10828.704s][info][gc,phases     ] GC(591)   Pre Evacuate Collection Set: 0.0ms
[2026-06-18T00:28:31.944+0000][10828.704s][info][gc,phases     ] GC(591)   Evacuate Collection Set: 2.9ms
[2026-06-18T00:28:31.944+0000][10828.704s][info][gc,phases     ] GC(591)   Post Evacuate Collection Set: 0.4ms
[2026-06-18T00:28:31.944+0000][10828.704s][info][gc,phases     ] GC(591)   Other: 0.4ms
[2026-06-18T00:28:31.944+0000][10828.704s][info][gc,heap       ] GC(591) Eden regions: 243->0(244)
[2026-06-18T00:28:31.944+0000][10828.704s][info][gc,heap       ] GC(591) Survivor regions: 2->3(31)
[2026-06-18T00:28:31.944+0000][10828.704s][info][gc,heap       ] GC(591) Old regions: 53->53
[2026-06-18T00:28:31.944+0000][10828.704s][info][gc,heap       ] GC(591) Humongous regions: 147->147
[2026-06-18T00:28:31.944+0000][10828.704s][info][gc,metaspace  ] GC(591) Metaspace: 52666K(55552K)->52666K(55552K) NonClass: 46726K(48384K)->46726K(48384K) Class: 5939K(7168K)->5939K(7168K)
[2026-06-18T00:28:31.944+0000][10828.704s][info][gc            ] GC(591) Pause Young (Normal) (G1 Evacuation Pause) 444M->202M(512M) 4.146ms
[2026-06-18T00:28:31.944+0000][10828.705s][info][gc,cpu        ] GC(591) User=0.03s Sys=0.00s Real=0.01s
[2026-06-18T00:28:33.153+0000][10829.913s][info][gc,start      ] GC(592) Pause Young (Normal) (G1 Evacuation Pause)
[2026-06-18T00:28:33.153+0000][10829.913s][info][gc,task       ] GC(592) Using 13 workers of 13 for evacuation
[2026-06-18T00:28:33.156+0000][10829.916s][info][gc,phases     ] GC(592)   Pre Evacuate Collection Set: 0.0ms
[2026-06-18T00:28:33.156+0000][10829.916s][info][gc,phases     ] GC(592)   Evacuate Collection Set: 2.1ms
[2026-06-18T00:28:33.156+0000][10829.916s][info][gc,phases     ] GC(592)   Post Evacuate Collection Set: 0.3ms
[2026-06-18T00:28:33.156+0000][10829.916s][info][gc,phases     ] GC(592)   Other: 0.3ms
[2026-06-18T00:28:33.156+0000][10829.916s][info][gc,heap       ] GC(592) Eden regions: 244->0(240)
[2026-06-18T00:28:33.156+0000][10829.916s][info][gc,heap       ] GC(592) Survivor regions: 3->7(31)
[2026-06-18T00:28:33.156+0000][10829.916s][info][gc,heap       ] GC(592) Old regions: 53->53
[2026-06-18T00:28:33.156+0000][10829.916s][info][gc,heap       ] GC(592) Humongous regions: 147->147
[2026-06-18T00:28:33.156+0000][10829.916s][info][gc,metaspace  ] GC(592) Metaspace: 52666K(55552K)->52666K(55552K) NonClass: 46726K(48384K)->46726K(48384K) Class: 5939K(7168K)->5939K(7168K)
[2026-06-18T00:28:33.156+0000][10829.916s][info][gc            ] GC(592) Pause Young (Normal) (G1 Evacuation Pause) 446M->205M(512M) 3.170ms
[2026-06-18T00:28:33.156+0000][10829.916s][info][gc,cpu        ] GC(592) User=0.02s Sys=0.00s Real=0.00s
[2026-06-18T00:29:21.573+0000][10878.333s][info][gc,start      ] GC(593) Pause Young (Concurrent Start) (G1 Evacuation Pause)
[2026-06-18T00:29:21.573+0000][10878.333s][info][gc,task       ] GC(593) Using 13 workers of 13 for evacuation
[2026-06-18T00:29:21.575+0000][10878.335s][info][gc,phases     ] GC(593)   Pre Evacuate Collection Set: 0.3ms
[2026-06-18T00:29:21.575+0000][10878.335s][info][gc,phases     ] GC(593)   Evacuate Collection Set: 1.5ms
[2026-06-18T00:29:21.576+0000][10878.336s][info][gc,phases     ] GC(593)   Post Evacuate Collection Set: 0.4ms
[2026-06-18T00:29:21.576+0000][10878.336s][info][gc,phases     ] GC(593)   Other: 0.4ms
[2026-06-18T00:29:21.576+0000][10878.336s][info][gc,heap       ] GC(593) Eden regions: 240->0(244)
[2026-06-18T00:29:21.576+0000][10878.336s][info][gc,heap       ] GC(593) Survivor regions: 7->4(31)
[2026-06-18T00:29:21.576+0000][10878.336s][info][gc,heap       ] GC(593) Old regions: 53->53
[2026-06-18T00:29:21.576+0000][10878.336s][info][gc,heap       ] GC(593) Humongous regions: 147->147
[2026-06-18T00:29:21.576+0000][10878.336s][info][gc,metaspace  ] GC(593) Metaspace: 52667K(55552K)->52667K(55552K) NonClass: 46727K(48384K)->46727K(48384K) Class: 5939K(7168K)->5939K(7168K)
[2026-06-18T00:29:21.576+0000][10878.336s][info][gc            ] GC(593) Pause Young (Concurrent Start) (G1 Evacuation Pause) 445M->202M(512M) 3.054ms
[2026-06-18T00:29:21.576+0000][10878.336s][info][gc,cpu        ] GC(593) User=0.01s Sys=0.00s Real=0.01s
[2026-06-18T00:29:21.576+0000][10878.336s][info][gc            ] GC(594) Concurrent Cycle
[2026-06-18T00:29:21.576+0000][10878.336s][info][gc,marking    ] GC(594) Concurrent Clear Claimed Marks
[2026-06-18T00:29:21.576+0000][10878.336s][info][gc,marking    ] GC(594) Concurrent Clear Claimed Marks 0.187ms
[2026-06-18T00:29:21.576+0000][10878.336s][info][gc,marking    ] GC(594) Concurrent Scan Root Regions
[2026-06-18T00:29:21.577+0000][10878.337s][info][gc,marking    ] GC(594) Concurrent Scan Root Regions 0.871ms
[2026-06-18T00:29:21.577+0000][10878.337s][info][gc,marking    ] GC(594) Concurrent Mark (10878.337s)
[2026-06-18T00:29:21.577+0000][10878.337s][info][gc,marking    ] GC(594) Concurrent Mark From Roots
[2026-06-18T00:29:21.577+0000][10878.338s][info][gc,task       ] GC(594) Using 3 workers of 3 for marking
[2026-06-18T00:29:21.583+0000][10878.343s][info][gc,marking    ] GC(594) Concurrent Mark From Roots 5.167ms
[2026-06-18T00:29:21.583+0000][10878.343s][info][gc,marking    ] GC(594) Concurrent Preclean
[2026-06-18T00:29:21.583+0000][10878.343s][info][gc,marking    ] GC(594) Concurrent Preclean 0.155ms
[2026-06-18T00:29:21.583+0000][10878.343s][info][gc,marking    ] GC(594) Concurrent Mark (10878.337s, 10878.343s) 5.556ms
[2026-06-18T00:29:21.583+0000][10878.343s][info][gc,start      ] GC(594) Pause Remark
[2026-06-18T00:29:21.586+0000][10878.346s][info][gc,stringtable] GC(594) Cleaned string and symbol table, strings: 17370 processed, 0 removed, symbols: 125114 processed, 0 removed
[2026-06-18T00:29:21.586+0000][10878.346s][info][gc            ] GC(594) Pause Remark 206M->206M(512M) 2.818ms
[2026-06-18T00:29:21.586+0000][10878.346s][info][gc,cpu        ] GC(594) User=0.02s Sys=0.00s Real=0.01s
[2026-06-18T00:29:21.586+0000][10878.346s][info][gc,marking    ] GC(594) Concurrent Rebuild Remembered Sets
[2026-06-18T00:29:21.590+0000][10878.350s][info][gc,marking    ] GC(594) Concurrent Rebuild Remembered Sets 4.313ms
[2026-06-18T00:29:21.591+0000][10878.351s][info][gc,start      ] GC(594) Pause Cleanup
[2026-06-18T00:29:21.591+0000][10878.351s][info][gc            ] GC(594) Pause Cleanup 207M->207M(512M) 0.217ms
[2026-06-18T00:29:21.591+0000][10878.351s][info][gc,cpu        ] GC(594) User=0.00s Sys=0.00s Real=0.00s
[2026-06-18T00:29:21.591+0000][10878.351s][info][gc,marking    ] GC(594) Concurrent Cleanup for Next Mark
[2026-06-18T00:29:21.591+0000][10878.351s][info][gc,marking    ] GC(594) Concurrent Cleanup for Next Mark 0.197ms
[2026-06-18T00:29:21.591+0000][10878.351s][info][gc            ] GC(594) Concurrent Cycle 15.231ms
[2026-06-18T00:29:23.096+0000][10879.856s][info][gc,start      ] GC(595) Pause Young (Prepare Mixed) (G1 Evacuation Pause)
[2026-06-18T00:29:23.096+0000][10879.856s][info][gc,task       ] GC(595) Using 13 workers of 13 for evacuation
[2026-06-18T00:29:23.098+0000][10879.858s][info][gc,phases     ] GC(595)   Pre Evacuate Collection Set: 0.0ms
[2026-06-18T00:29:23.098+0000][10879.858s][info][gc,phases     ] GC(595)   Evacuate Collection Set: 1.7ms
[2026-06-18T00:29:23.098+0000][10879.858s][info][gc,phases     ] GC(595)   Post Evacuate Collection Set: 0.3ms
[2026-06-18T00:29:23.098+0000][10879.858s][info][gc,phases     ] GC(595)   Other: 0.3ms
[2026-06-18T00:29:23.098+0000][10879.858s][info][gc,heap       ] GC(595) Eden regions: 244->0(19)
[2026-06-18T00:29:23.098+0000][10879.858s][info][gc,heap       ] GC(595) Survivor regions: 4->6(31)
[2026-06-18T00:29:23.099+0000][10879.859s][info][gc,heap       ] GC(595) Old regions: 53->53
[2026-06-18T00:29:23.099+0000][10879.859s][info][gc,heap       ] GC(595) Humongous regions: 147->147
[2026-06-18T00:29:23.099+0000][10879.859s][info][gc,metaspace  ] GC(595) Metaspace: 52667K(55552K)->52667K(55552K) NonClass: 46727K(48384K)->46727K(48384K) Class: 5939K(7168K)->5939K(7168K)
[2026-06-18T00:29:23.099+0000][10879.859s][info][gc            ] GC(595) Pause Young (Prepare Mixed) (G1 Evacuation Pause) 446M->205M(512M) 2.979ms
[2026-06-18T00:29:23.099+0000][10879.859s][info][gc,cpu        ] GC(595) User=0.03s Sys=0.00s Real=0.00s
[2026-06-18T00:29:23.201+0000][10879.961s][info][gc,start      ] GC(596) Pause Young (Mixed) (G1 Evacuation Pause)
[2026-06-18T00:29:23.202+0000][10879.962s][info][gc,task       ] GC(596) Using 13 workers of 13 for evacuation
[2026-06-18T00:29:23.205+0000][10879.965s][info][gc,phases     ] GC(596)   Pre Evacuate Collection Set: 0.0ms
[2026-06-18T00:29:23.205+0000][10879.965s][info][gc,phases     ] GC(596)   Evacuate Collection Set: 2.8ms
[2026-06-18T00:29:23.205+0000][10879.965s][info][gc,phases     ] GC(596)   Post Evacuate Collection Set: 0.4ms
[2026-06-18T00:29:23.205+0000][10879.965s][info][gc,phases     ] GC(596)   Other: 0.3ms
[2026-06-18T00:29:23.205+0000][10879.965s][info][gc,heap       ] GC(596) Eden regions: 19->0(247)
[2026-06-18T00:29:23.205+0000][10879.965s][info][gc,heap       ] GC(596) Survivor regions: 6->2(4)
[2026-06-18T00:29:23.205+0000][10879.965s][info][gc,heap       ] GC(596) Old regions: 53->50
[2026-06-18T00:29:23.205+0000][10879.965s][info][gc,heap       ] GC(596) Humongous regions: 147->147
[2026-06-18T00:29:23.205+0000][10879.965s][info][gc,metaspace  ] GC(596) Metaspace: 52667K(55552K)->52667K(55552K) NonClass: 46727K(48384K)->46727K(48384K) Class: 5939K(7168K)->5939K(7168K)
[2026-06-18T00:29:23.205+0000][10879.965s][info][gc            ] GC(596) Pause Young (Mixed) (G1 Evacuation Pause) 224M->197M(512M) 3.913ms
[2026-06-18T00:29:23.205+0000][10879.965s][info][gc,cpu        ] GC(596) User=0.02s Sys=0.00s Real=0.01s
[2026-06-18T00:29:24.527+0000][10881.287s][info][gc,start      ] GC(597) Pause Young (Normal) (G1 Evacuation Pause)
[2026-06-18T00:29:24.527+0000][10881.288s][info][gc,task       ] GC(597) Using 13 workers of 13 for evacuation
[2026-06-18T00:29:24.532+0000][10881.292s][info][gc,phases     ] GC(597)   Pre Evacuate Collection Set: 0.0ms
[2026-06-18T00:29:24.532+0000][10881.292s][info][gc,phases     ] GC(597)   Evacuate Collection Set: 3.7ms
[2026-06-18T00:29:24.532+0000][10881.292s][info][gc,phases     ] GC(597)   Post Evacuate Collection Set: 0.3ms
[2026-06-18T00:29:24.532+0000][10881.292s][info][gc,phases     ] GC(597)   Other: 0.3ms
[2026-06-18T00:29:24.532+0000][10881.292s][info][gc,heap       ] GC(597) Eden regions: 247->0(248)
[2026-06-18T00:29:24.532+0000][10881.292s][info][gc,heap       ] GC(597) Survivor regions: 2->3(32)
[2026-06-18T00:29:24.532+0000][10881.292s][info][gc,heap       ] GC(597) Old regions: 50->50
[2026-06-18T00:29:24.532+0000][10881.292s][info][gc,heap       ] GC(597) Humongous regions: 147->147
[2026-06-18T00:29:24.532+0000][10881.292s][info][gc,metaspace  ] GC(597) Metaspace: 52667K(55552K)->52667K(55552K) NonClass: 46727K(48384K)->46727K(48384K) Class: 5939K(7168K)->5939K(7168K)
[2026-06-18T00:29:24.532+0000][10881.292s][info][gc            ] GC(597) Pause Young (Normal) (G1 Evacuation Pause) 444M->198M(512M) 4.992ms
[2026-06-18T00:29:24.532+0000][10881.292s][info][gc,cpu        ] GC(597) User=0.05s Sys=0.00s Real=0.00s
[2026-06-18T00:29:25.772+0000][10882.532s][info][gc,start      ] GC(598) Pause Young (Normal) (G1 Evacuation Pause)
[2026-06-18T00:29:25.772+0000][10882.532s][info][gc,task       ] GC(598) Using 13 workers of 13 for evacuation
[2026-06-18T00:29:25.774+0000][10882.534s][info][gc,phases     ] GC(598)   Pre Evacuate Collection Set: 0.0ms
[2026-06-18T00:29:25.774+0000][10882.534s][info][gc,phases     ] GC(598)   Evacuate Collection Set: 1.6ms
[2026-06-18T00:29:25.774+0000][10882.534s][info][gc,phases     ] GC(598)   Post Evacuate Collection Set: 0.3ms
[2026-06-18T00:29:25.774+0000][10882.534s][info][gc,phases     ] GC(598)   Other: 0.3ms
[2026-06-18T00:29:25.774+0000][10882.534s][info][gc,heap       ] GC(598) Eden regions: 248->0(243)
[2026-06-18T00:29:25.774+0000][10882.534s][info][gc,heap       ] GC(598) Survivor regions: 3->7(32)
[2026-06-18T00:29:25.774+0000][10882.534s][info][gc,heap       ] GC(598) Old regions: 50->50
[2026-06-18T00:29:25.774+0000][10882.534s][info][gc,heap       ] GC(598) Humongous regions: 147->147
[2026-06-18T00:29:25.774+0000][10882.534s][info][gc,metaspace  ] GC(598) Metaspace: 52667K(55552K)->52667K(55552K) NonClass: 46727K(48384K)->46727K(48384K) Class: 5939K(7168K)->5939K(7168K)
[2026-06-18T00:29:25.774+0000][10882.534s][info][gc            ] GC(598) Pause Young (Normal) (G1 Evacuation Pause) 446M->203M(512M) 2.513ms
[2026-06-18T00:29:25.774+0000][10882.534s][info][gc,cpu        ] GC(598) User=0.02s Sys=0.00s Real=0.01s
[2026-06-18T00:30:14.666+0000][10931.426s][info][gc,start      ] GC(599) Pause Young (Concurrent Start) (G1 Evacuation Pause)
[2026-06-18T00:30:14.666+0000][10931.426s][info][gc,task       ] GC(599) Using 13 workers of 13 for evacuation
[2026-06-18T00:30:14.668+0000][10931.428s][info][gc,phases     ] GC(599)   Pre Evacuate Collection Set: 0.3ms
[2026-06-18T00:30:14.668+0000][10931.428s][info][gc,phases     ] GC(599)   Evacuate Collection Set: 1.3ms
[2026-06-18T00:30:14.668+0000][10931.428s][info][gc,phases     ] GC(599)   Post Evacuate Collection Set: 0.3ms
[2026-06-18T00:30:14.668+0000][10931.428s][info][gc,phases     ] GC(599)   Other: 0.3ms
[2026-06-18T00:30:14.668+0000][10931.428s][info][gc,heap       ] GC(599) Eden regions: 243->0(246)
[2026-06-18T00:30:14.669+0000][10931.428s][info][gc,heap       ] GC(599) Survivor regions: 7->4(32)
[2026-06-18T00:30:14.669+0000][10931.428s][info][gc,heap       ] GC(599) Old regions: 50->50
[2026-06-18T00:30:14.669+0000][10931.429s][info][gc,heap       ] GC(599) Humongous regions: 147->147
[2026-06-18T00:30:14.669+0000][10931.429s][info][gc,metaspace  ] GC(599) Metaspace: 52668K(55552K)->52668K(55552K) NonClass: 46728K(48384K)->46728K(48384K) Class: 5939K(7168K)->5939K(7168K)
[2026-06-18T00:30:14.669+0000][10931.429s][info][gc            ] GC(599) Pause Young (Concurrent Start) (G1 Evacuation Pause) 446M->199M(512M) 2.602ms
[2026-06-18T00:30:14.669+0000][10931.429s][info][gc,cpu        ] GC(599) User=0.01s Sys=0.00s Real=0.00s
[2026-06-18T00:30:14.669+0000][10931.429s][info][gc            ] GC(600) Concurrent Cycle
[2026-06-18T00:30:14.669+0000][10931.429s][info][gc,marking    ] GC(600) Concurrent Clear Claimed Marks
[2026-06-18T00:30:14.669+0000][10931.429s][info][gc,marking    ] GC(600) Concurrent Clear Claimed Marks 0.147ms
[2026-06-18T00:30:14.669+0000][10931.429s][info][gc,marking    ] GC(600) Concurrent Scan Root Regions
[2026-06-18T00:30:14.670+0000][10931.430s][info][gc,marking    ] GC(600) Concurrent Scan Root Regions 1.038ms
[2026-06-18T00:30:14.670+0000][10931.430s][info][gc,marking    ] GC(600) Concurrent Mark (10931.430s)
[2026-06-18T00:30:14.670+0000][10931.430s][info][gc,marking    ] GC(600) Concurrent Mark From Roots
[2026-06-18T00:30:14.671+0000][10931.430s][info][gc,task       ] GC(600) Using 3 workers of 3 for marking
[2026-06-18T00:30:14.677+0000][10931.437s][info][gc,marking    ] GC(600) Concurrent Mark From Roots 6.271ms
[2026-06-18T00:30:14.677+0000][10931.437s][info][gc,marking    ] GC(600) Concurrent Preclean
[2026-06-18T00:30:14.677+0000][10931.437s][info][gc,marking    ] GC(600) Concurrent Preclean 0.168ms
[2026-06-18T00:30:14.677+0000][10931.437s][info][gc,marking    ] GC(600) Concurrent Mark (10931.430s, 10931.437s) 6.740ms
[2026-06-18T00:30:14.677+0000][10931.437s][info][gc,start      ] GC(600) Pause Remark
[2026-06-18T00:30:14.682+0000][10931.441s][info][gc,stringtable] GC(600) Cleaned string and symbol table, strings: 17370 processed, 0 removed, symbols: 125114 processed, 0 removed
[2026-06-18T00:30:14.682+0000][10931.442s][info][gc            ] GC(600) Pause Remark 203M->203M(512M) 4.444ms
[2026-06-18T00:30:14.682+0000][10931.442s][info][gc,cpu        ] GC(600) User=0.03s Sys=0.00s Real=0.00s
[2026-06-18T00:30:14.682+0000][10931.442s][info][gc,marking    ] GC(600) Concurrent Rebuild Remembered Sets
[2026-06-18T00:30:14.687+0000][10931.447s][info][gc,marking    ] GC(600) Concurrent Rebuild Remembered Sets 4.703ms
[2026-06-18T00:30:14.687+0000][10931.447s][info][gc,start      ] GC(600) Pause Cleanup
[2026-06-18T00:30:14.687+0000][10931.447s][info][gc            ] GC(600) Pause Cleanup 204M->204M(512M) 0.217ms
[2026-06-18T00:30:14.687+0000][10931.447s][info][gc,cpu        ] GC(600) User=0.01s Sys=0.00s Real=0.00s
[2026-06-18T00:30:14.687+0000][10931.447s][info][gc,marking    ] GC(600) Concurrent Cleanup for Next Mark
[2026-06-18T00:30:14.687+0000][10931.447s][info][gc,marking    ] GC(600) Concurrent Cleanup for Next Mark 0.151ms
[2026-06-18T00:30:14.688+0000][10931.447s][info][gc            ] GC(600) Concurrent Cycle 18.666ms
[2026-06-18T00:30:16.272+0000][10933.032s][info][gc,start      ] GC(601) Pause Young (Prepare Mixed) (G1 Evacuation Pause)
[2026-06-18T00:30:16.272+0000][10933.032s][info][gc,task       ] GC(601) Using 13 workers of 13 for evacuation
[2026-06-18T00:30:16.274+0000][10933.034s][info][gc,phases     ] GC(601)   Pre Evacuate Collection Set: 0.0ms
[2026-06-18T00:30:16.274+0000][10933.034s][info][gc,phases     ] GC(601)   Evacuate Collection Set: 1.8ms
[2026-06-18T00:30:16.274+0000][10933.034s][info][gc,phases     ] GC(601)   Post Evacuate Collection Set: 0.4ms
[2026-06-18T00:30:16.274+0000][10933.034s][info][gc,phases     ] GC(601)   Other: 0.3ms
[2026-06-18T00:30:16.275+0000][10933.034s][info][gc,heap       ] GC(601) Eden regions: 246->0(19)
[2026-06-18T00:30:16.275+0000][10933.034s][info][gc,heap       ] GC(601) Survivor regions: 4->6(32)
[2026-06-18T00:30:16.275+0000][10933.035s][info][gc,heap       ] GC(601) Old regions: 50->50
[2026-06-18T00:30:16.275+0000][10933.035s][info][gc,heap       ] GC(601) Humongous regions: 147->147
[2026-06-18T00:30:16.275+0000][10933.035s][info][gc,metaspace  ] GC(601) Metaspace: 52668K(55552K)->52668K(55552K) NonClass: 46728K(48384K)->46728K(48384K) Class: 5939K(7168K)->5939K(7168K)
[2026-06-18T00:30:16.275+0000][10933.035s][info][gc            ] GC(601) Pause Young (Prepare Mixed) (G1 Evacuation Pause) 445M->202M(512M) 2.919ms
[2026-06-18T00:30:16.275+0000][10933.035s][info][gc,cpu        ] GC(601) User=0.03s Sys=0.00s Real=0.01s
[2026-06-18T00:30:16.380+0000][10933.140s][info][gc,start      ] GC(602) Pause Young (Mixed) (G1 Evacuation Pause)
[2026-06-18T00:30:16.380+0000][10933.140s][info][gc,task       ] GC(602) Using 13 workers of 13 for evacuation
[2026-06-18T00:30:16.385+0000][10933.145s][info][gc,phases     ] GC(602)   Pre Evacuate Collection Set: 0.0ms
[2026-06-18T00:30:16.385+0000][10933.145s][info][gc,phases     ] GC(602)   Evacuate Collection Set: 4.5ms
[2026-06-18T00:30:16.386+0000][10933.145s][info][gc,phases     ] GC(602)   Post Evacuate Collection Set: 0.4ms
[2026-06-18T00:30:16.386+0000][10933.146s][info][gc,phases     ] GC(602)   Other: 0.3ms
[2026-06-18T00:30:16.386+0000][10933.146s][info][gc,heap       ] GC(602) Eden regions: 19->0(247)
[2026-06-18T00:30:16.386+0000][10933.146s][info][gc,heap       ] GC(602) Survivor regions: 6->2(4)
[2026-06-18T00:30:16.386+0000][10933.146s][info][gc,heap       ] GC(602) Old regions: 50->51
[2026-06-18T00:30:16.386+0000][10933.146s][info][gc,heap       ] GC(602) Humongous regions: 147->147
[2026-06-18T00:30:16.386+0000][10933.146s][info][gc,metaspace  ] GC(602) Metaspace: 52668K(55552K)->52668K(55552K) NonClass: 46728K(48384K)->46728K(48384K) Class: 5939K(7168K)->5939K(7168K)
[2026-06-18T00:30:16.386+0000][10933.146s][info][gc            ] GC(602) Pause Young (Mixed) (G1 Evacuation Pause) 221M->198M(512M) 5.761ms
[2026-06-18T00:30:16.386+0000][10933.146s][info][gc,cpu        ] GC(602) User=0.05s Sys=0.00s Real=0.01s
[2026-06-18T00:30:17.730+0000][10934.490s][info][gc,start      ] GC(603) Pause Young (Normal) (G1 Evacuation Pause)
[2026-06-18T00:30:17.731+0000][10934.490s][info][gc,task       ] GC(603) Using 13 workers of 13 for evacuation
[2026-06-18T00:30:17.735+0000][10934.494s][info][gc,phases     ] GC(603)   Pre Evacuate Collection Set: 0.0ms
[2026-06-18T00:30:17.735+0000][10934.495s][info][gc,phases     ] GC(603)   Evacuate Collection Set: 3.5ms
[2026-06-18T00:30:17.735+0000][10934.495s][info][gc,phases     ] GC(603)   Post Evacuate Collection Set: 0.4ms
[2026-06-18T00:30:17.735+0000][10934.495s][info][gc,phases     ] GC(603)   Other: 0.3ms
[2026-06-18T00:30:17.735+0000][10934.495s][info][gc,heap       ] GC(603) Eden regions: 247->0(238)
[2026-06-18T00:30:17.735+0000][10934.495s][info][gc,heap       ] GC(603) Survivor regions: 2->9(32)
[2026-06-18T00:30:17.735+0000][10934.495s][info][gc,heap       ] GC(603) Old regions: 51->51
[2026-06-18T00:30:17.735+0000][10934.495s][info][gc,heap       ] GC(603) Humongous regions: 147->147
[2026-06-18T00:30:17.735+0000][10934.495s][info][gc,metaspace  ] GC(603) Metaspace: 52668K(55552K)->52668K(55552K) NonClass: 46728K(48384K)->46728K(48384K) Class: 5939K(7168K)->5939K(7168K)
[2026-06-18T00:30:17.735+0000][10934.495s][info][gc            ] GC(603) Pause Young (Normal) (G1 Evacuation Pause) 445M->205M(512M) 4.626ms
[2026-06-18T00:30:17.735+0000][10934.495s][info][gc,cpu        ] GC(603) User=0.05s Sys=0.00s Real=0.01s
[2026-06-18T00:31:06.394+0000][10983.153s][info][gc,start      ] GC(604) Pause Young (Normal) (G1 Evacuation Pause)
[2026-06-18T00:31:06.394+0000][10983.153s][info][gc,task       ] GC(604) Using 13 workers of 13 for evacuation
[2026-06-18T00:31:06.396+0000][10983.155s][info][gc,phases     ] GC(604)   Pre Evacuate Collection Set: 0.0ms
[2026-06-18T00:31:06.396+0000][10983.156s][info][gc,phases     ] GC(604)   Evacuate Collection Set: 1.3ms
[2026-06-18T00:31:06.396+0000][10983.156s][info][gc,phases     ] GC(604)   Post Evacuate Collection Set: 0.5ms
[2026-06-18T00:31:06.397+0000][10983.156s][info][gc,phases     ] GC(604)   Other: 0.3ms
[2026-06-18T00:31:06.397+0000][10983.156s][info][gc,heap       ] GC(604) Eden regions: 238->0(243)
[2026-06-18T00:31:06.397+0000][10983.156s][info][gc,heap       ] GC(604) Survivor regions: 9->5(31)
[2026-06-18T00:31:06.397+0000][10983.156s][info][gc,heap       ] GC(604) Old regions: 51->51
[2026-06-18T00:31:06.397+0000][10983.156s][info][gc,heap       ] GC(604) Humongous regions: 147->147
[2026-06-18T00:31:06.397+0000][10983.156s][info][gc,metaspace  ] GC(604) Metaspace: 52669K(55552K)->52669K(55552K) NonClass: 46729K(48384K)->46729K(48384K) Class: 5939K(7168K)->5939K(7168K)
[2026-06-18T00:31:06.397+0000][10983.156s][info][gc            ] GC(604) Pause Young (Normal) (G1 Evacuation Pause) 443M->201M(512M) 2.758ms
[2026-06-18T00:31:06.397+0000][10983.156s][info][gc,cpu        ] GC(604) User=0.01s Sys=0.00s Real=0.00s
[2026-06-18T00:31:07.950+0000][10984.709s][info][gc,start      ] GC(605) Pause Young (Concurrent Start) (G1 Evacuation Pause)
[2026-06-18T00:31:07.951+0000][10984.710s][info][gc,task       ] GC(605) Using 13 workers of 13 for evacuation
[2026-06-18T00:31:07.957+0000][10984.716s][info][gc,phases     ] GC(605)   Pre Evacuate Collection Set: 0.3ms
[2026-06-18T00:31:07.957+0000][10984.716s][info][gc,phases     ] GC(605)   Evacuate Collection Set: 5.4ms
[2026-06-18T00:31:07.957+0000][10984.717s][info][gc,phases     ] GC(605)   Post Evacuate Collection Set: 0.4ms
[2026-06-18T00:31:07.957+0000][10984.717s][info][gc,phases     ] GC(605)   Other: 1.2ms
[2026-06-18T00:31:07.957+0000][10984.717s][info][gc,heap       ] GC(605) Eden regions: 243->0(239)
[2026-06-18T00:31:07.957+0000][10984.717s][info][gc,heap       ] GC(605) Survivor regions: 5->8(31)
[2026-06-18T00:31:07.957+0000][10984.717s][info][gc,heap       ] GC(605) Old regions: 51->51
[2026-06-18T00:31:07.957+0000][10984.717s][info][gc,heap       ] GC(605) Humongous regions: 147->147
[2026-06-18T00:31:07.957+0000][10984.717s][info][gc,metaspace  ] GC(605) Metaspace: 52669K(55552K)->52669K(55552K) NonClass: 46729K(48384K)->46729K(48384K) Class: 5939K(7168K)->5939K(7168K)
[2026-06-18T00:31:07.957+0000][10984.717s][info][gc            ] GC(605) Pause Young (Concurrent Start) (G1 Evacuation Pause) 444M->204M(512M) 7.461ms
[2026-06-18T00:31:07.957+0000][10984.717s][info][gc,cpu        ] GC(605) User=0.06s Sys=0.00s Real=0.01s
[2026-06-18T00:31:07.957+0000][10984.717s][info][gc            ] GC(606) Concurrent Cycle
[2026-06-18T00:31:07.958+0000][10984.717s][info][gc,marking    ] GC(606) Concurrent Clear Claimed Marks
[2026-06-18T00:31:07.958+0000][10984.717s][info][gc,marking    ] GC(606) Concurrent Clear Claimed Marks 0.093ms
[2026-06-18T00:31:07.958+0000][10984.717s][info][gc,marking    ] GC(606) Concurrent Scan Root Regions
[2026-06-18T00:31:07.959+0000][10984.718s][info][gc,marking    ] GC(606) Concurrent Scan Root Regions 1.483ms
[2026-06-18T00:31:07.959+0000][10984.719s][info][gc,marking    ] GC(606) Concurrent Mark (10984.719s)
[2026-06-18T00:31:07.959+0000][10984.719s][info][gc,marking    ] GC(606) Concurrent Mark From Roots
[2026-06-18T00:31:07.959+0000][10984.719s][info][gc,task       ] GC(606) Using 3 workers of 3 for marking
[2026-06-18T00:31:07.965+0000][10984.725s][info][gc,marking    ] GC(606) Concurrent Mark From Roots 6.130ms
[2026-06-18T00:31:07.966+0000][10984.725s][info][gc,marking    ] GC(606) Concurrent Preclean
[2026-06-18T00:31:07.966+0000][10984.725s][info][gc,marking    ] GC(606) Concurrent Preclean 0.201ms
[2026-06-18T00:31:07.966+0000][10984.725s][info][gc,marking    ] GC(606) Concurrent Mark (10984.719s, 10984.725s) 6.559ms
[2026-06-18T00:31:07.966+0000][10984.725s][info][gc,start      ] GC(606) Pause Remark
[2026-06-18T00:31:07.969+0000][10984.728s][info][gc,stringtable] GC(606) Cleaned string and symbol table, strings: 17370 processed, 0 removed, symbols: 125114 processed, 0 removed
[2026-06-18T00:31:07.969+0000][10984.729s][info][gc            ] GC(606) Pause Remark 209M->209M(512M) 3.365ms
[2026-06-18T00:31:07.970+0000][10984.729s][info][gc,cpu        ] GC(606) User=0.03s Sys=0.00s Real=0.00s
[2026-06-18T00:31:07.970+0000][10984.729s][info][gc,marking    ] GC(606) Concurrent Rebuild Remembered Sets
[2026-06-18T00:31:07.974+0000][10984.734s][info][gc,marking    ] GC(606) Concurrent Rebuild Remembered Sets 4.125ms
[2026-06-18T00:31:07.975+0000][10984.734s][info][gc,start      ] GC(606) Pause Cleanup
[2026-06-18T00:31:07.975+0000][10984.734s][info][gc            ] GC(606) Pause Cleanup 209M->209M(512M) 0.181ms
[2026-06-18T00:31:07.975+0000][10984.734s][info][gc,cpu        ] GC(606) User=0.00s Sys=0.00s Real=0.00s
[2026-06-18T00:31:07.975+0000][10984.734s][info][gc,marking    ] GC(606) Concurrent Cleanup for Next Mark
[2026-06-18T00:31:07.975+0000][10984.734s][info][gc,marking    ] GC(606) Concurrent Cleanup for Next Mark 0.166ms
[2026-06-18T00:31:07.975+0000][10984.734s][info][gc            ] GC(606) Concurrent Cycle 17.608ms
[2026-06-18T00:31:09.272+0000][10986.032s][info][gc,start      ] GC(607) Pause Young (Prepare Mixed) (G1 Evacuation Pause)
[2026-06-18T00:31:09.273+0000][10986.032s][info][gc,task       ] GC(607) Using 13 workers of 13 for evacuation
[2026-06-18T00:31:09.275+0000][10986.034s][info][gc,phases     ] GC(607)   Pre Evacuate Collection Set: 0.0ms
[2026-06-18T00:31:09.275+0000][10986.034s][info][gc,phases     ] GC(607)   Evacuate Collection Set: 1.5ms
[2026-06-18T00:31:09.275+0000][10986.034s][info][gc,phases     ] GC(607)   Post Evacuate Collection Set: 0.4ms
[2026-06-18T00:31:09.275+0000][10986.034s][info][gc,phases     ] GC(607)   Other: 0.3ms
[2026-06-18T00:31:09.275+0000][10986.034s][info][gc,heap       ] GC(607) Eden regions: 239->0(21)
[2026-06-18T00:31:09.275+0000][10986.034s][info][gc,heap       ] GC(607) Survivor regions: 8->4(31)
[2026-06-18T00:31:09.275+0000][10986.034s][info][gc,heap       ] GC(607) Old regions: 51->51
[2026-06-18T00:31:09.275+0000][10986.034s][info][gc,heap       ] GC(607) Humongous regions: 147->147
[2026-06-18T00:31:09.275+0000][10986.034s][info][gc,metaspace  ] GC(607) Metaspace: 52669K(55552K)->52669K(55552K) NonClass: 46729K(48384K)->46729K(48384K) Class: 5939K(7168K)->5939K(7168K)
[2026-06-18T00:31:09.275+0000][10986.034s][info][gc            ] GC(607) Pause Young (Prepare Mixed) (G1 Evacuation Pause) 443M->200M(512M) 2.692ms
[2026-06-18T00:31:09.275+0000][10986.034s][info][gc,cpu        ] GC(607) User=0.02s Sys=0.00s Real=0.01s
[2026-06-18T00:31:09.380+0000][10986.139s][info][gc,start      ] GC(608) Pause Young (Mixed) (G1 Evacuation Pause)
[2026-06-18T00:31:09.380+0000][10986.139s][info][gc,task       ] GC(608) Using 13 workers of 13 for evacuation
[2026-06-18T00:31:09.382+0000][10986.141s][info][gc,phases     ] GC(608)   Pre Evacuate Collection Set: 0.0ms
[2026-06-18T00:31:09.382+0000][10986.141s][info][gc,phases     ] GC(608)   Evacuate Collection Set: 1.5ms
[2026-06-18T00:31:09.382+0000][10986.141s][info][gc,phases     ] GC(608)   Post Evacuate Collection Set: 0.3ms
[2026-06-18T00:31:09.382+0000][10986.141s][info][gc,phases     ] GC(608)   Other: 0.3ms
[2026-06-18T00:31:09.382+0000][10986.141s][info][gc,heap       ] GC(608) Eden regions: 21->0(249)
[2026-06-18T00:31:09.382+0000][10986.141s][info][gc,heap       ] GC(608) Survivor regions: 4->4(4)
[2026-06-18T00:31:09.382+0000][10986.141s][info][gc,heap       ] GC(608) Old regions: 51->46
[2026-06-18T00:31:09.382+0000][10986.141s][info][gc,heap       ] GC(608) Humongous regions: 147->147
[2026-06-18T00:31:09.382+0000][10986.141s][info][gc,metaspace  ] GC(608) Metaspace: 52669K(55552K)->52669K(55552K) NonClass: 46729K(48384K)->46729K(48384K) Class: 5939K(7168K)->5939K(7168K)
[2026-06-18T00:31:09.382+0000][10986.142s][info][gc            ] GC(608) Pause Young (Mixed) (G1 Evacuation Pause) 221M->195M(512M) 2.558ms
[2026-06-18T00:31:09.382+0000][10986.142s][info][gc,cpu        ] GC(608) User=0.02s Sys=0.00s Real=0.00s
[2026-06-18T00:31:58.047+0000][11034.806s][info][gc,start      ] GC(609) Pause Young (Normal) (G1 Evacuation Pause)
[2026-06-18T00:31:58.047+0000][11034.806s][info][gc,task       ] GC(609) Using 13 workers of 13 for evacuation
[2026-06-18T00:31:58.050+0000][11034.809s][info][gc,phases     ] GC(609)   Pre Evacuate Collection Set: 0.0ms
[2026-06-18T00:31:58.050+0000][11034.809s][info][gc,phases     ] GC(609)   Evacuate Collection Set: 2.1ms
[2026-06-18T00:31:58.050+0000][11034.809s][info][gc,phases     ] GC(609)   Post Evacuate Collection Set: 0.3ms
[2026-06-18T00:31:58.050+0000][11034.809s][info][gc,phases     ] GC(609)   Other: 0.3ms
[2026-06-18T00:31:58.050+0000][11034.809s][info][gc,heap       ] GC(609) Eden regions: 249->0(244)
[2026-06-18T00:31:58.050+0000][11034.809s][info][gc,heap       ] GC(609) Survivor regions: 4->8(32)
[2026-06-18T00:31:58.050+0000][11034.809s][info][gc,heap       ] GC(609) Old regions: 46->46
[2026-06-18T00:31:58.050+0000][11034.809s][info][gc,heap       ] GC(609) Humongous regions: 147->147
[2026-06-18T00:31:58.050+0000][11034.809s][info][gc,metaspace  ] GC(609) Metaspace: 52670K(55552K)->52670K(55552K) NonClass: 46730K(48384K)->46730K(48384K) Class: 5939K(7168K)->5939K(7168K)
[2026-06-18T00:31:58.050+0000][11034.809s][info][gc            ] GC(609) Pause Young (Normal) (G1 Evacuation Pause) 444M->199M(512M) 3.277ms
[2026-06-18T00:31:58.050+0000][11034.809s][info][gc,cpu        ] GC(609) User=0.03s Sys=0.00s Real=0.00s
[2026-06-18T00:31:59.551+0000][11036.310s][info][gc,start      ] GC(610) Pause Young (Normal) (G1 Evacuation Pause)
[2026-06-18T00:31:59.551+0000][11036.310s][info][gc,task       ] GC(610) Using 13 workers of 13 for evacuation
[2026-06-18T00:31:59.553+0000][11036.312s][info][gc,phases     ] GC(610)   Pre Evacuate Collection Set: 0.0ms
[2026-06-18T00:31:59.553+0000][11036.312s][info][gc,phases     ] GC(610)   Evacuate Collection Set: 1.4ms
[2026-06-18T00:31:59.553+0000][11036.312s][info][gc,phases     ] GC(610)   Post Evacuate Collection Set: 0.4ms
[2026-06-18T00:31:59.553+0000][11036.312s][info][gc,phases     ] GC(610)   Other: 0.3ms
[2026-06-18T00:31:59.553+0000][11036.312s][info][gc,heap       ] GC(610) Eden regions: 244->0(249)
[2026-06-18T00:31:59.553+0000][11036.312s][info][gc,heap       ] GC(610) Survivor regions: 8->5(32)
[2026-06-18T00:31:59.553+0000][11036.312s][info][gc,heap       ] GC(610) Old regions: 46->46
[2026-06-18T00:31:59.554+0000][11036.312s][info][gc,heap       ] GC(610) Humongous regions: 147->147
[2026-06-18T00:31:59.554+0000][11036.312s][info][gc,metaspace  ] GC(610) Metaspace: 52670K(55552K)->52670K(55552K) NonClass: 46730K(48384K)->46730K(48384K) Class: 5939K(7168K)->5939K(7168K)
[2026-06-18T00:31:59.554+0000][11036.313s][info][gc            ] GC(610) Pause Young (Normal) (G1 Evacuation Pause) 443M->196M(512M) 2.464ms
[2026-06-18T00:31:59.554+0000][11036.313s][info][gc,cpu        ] GC(610) User=0.01s Sys=0.00s Real=0.00s
[2026-06-18T00:32:00.816+0000][11037.575s][info][gc,start      ] GC(611) Pause Young (Concurrent Start) (G1 Evacuation Pause)
[2026-06-18T00:32:00.816+0000][11037.575s][info][gc,task       ] GC(611) Using 13 workers of 13 for evacuation
[2026-06-18T00:32:00.819+0000][11037.578s][info][gc,phases     ] GC(611)   Pre Evacuate Collection Set: 0.3ms
[2026-06-18T00:32:00.819+0000][11037.578s][info][gc,phases     ] GC(611)   Evacuate Collection Set: 2.1ms
[2026-06-18T00:32:00.819+0000][11037.578s][info][gc,phases     ] GC(611)   Post Evacuate Collection Set: 0.3ms
[2026-06-18T00:32:00.819+0000][11037.578s][info][gc,phases     ] GC(611)   Other: 0.3ms
[2026-06-18T00:32:00.819+0000][11037.578s][info][gc,heap       ] GC(611) Eden regions: 249->0(246)
[2026-06-18T00:32:00.819+0000][11037.578s][info][gc,heap       ] GC(611) Survivor regions: 5->8(32)
[2026-06-18T00:32:00.819+0000][11037.578s][info][gc,heap       ] GC(611) Old regions: 46->46
[2026-06-18T00:32:00.819+0000][11037.578s][info][gc,heap       ] GC(611) Humongous regions: 147->147
[2026-06-18T00:32:00.819+0000][11037.578s][info][gc,metaspace  ] GC(611) Metaspace: 52670K(55552K)->52670K(55552K) NonClass: 46730K(48384K)->46730K(48384K) Class: 5939K(7168K)->5939K(7168K)
[2026-06-18T00:32:00.819+0000][11037.578s][info][gc            ] GC(611) Pause Young (Concurrent Start) (G1 Evacuation Pause) 445M->199M(512M) 3.472ms
[2026-06-18T00:32:00.819+0000][11037.578s][info][gc,cpu        ] GC(611) User=0.02s Sys=0.00s Real=0.00s
[2026-06-18T00:32:00.819+0000][11037.578s][info][gc            ] GC(612) Concurrent Cycle
[2026-06-18T00:32:00.819+0000][11037.578s][info][gc,marking    ] GC(612) Concurrent Clear Claimed Marks
[2026-06-18T00:32:00.820+0000][11037.579s][info][gc,marking    ] GC(612) Concurrent Clear Claimed Marks 0.219ms
[2026-06-18T00:32:00.820+0000][11037.579s][info][gc,marking    ] GC(612) Concurrent Scan Root Regions
[2026-06-18T00:32:00.821+0000][11037.580s][info][gc,marking    ] GC(612) Concurrent Scan Root Regions 1.324ms
[2026-06-18T00:32:00.821+0000][11037.580s][info][gc,marking    ] GC(612) Concurrent Mark (11037.580s)
[2026-06-18T00:32:00.821+0000][11037.580s][info][gc,marking    ] GC(612) Concurrent Mark From Roots
[2026-06-18T00:32:00.821+0000][11037.580s][info][gc,task       ] GC(612) Using 3 workers of 3 for marking
[2026-06-18T00:32:00.827+0000][11037.586s][info][gc,marking    ] GC(612) Concurrent Mark From Roots 5.380ms
[2026-06-18T00:32:00.827+0000][11037.586s][info][gc,marking    ] GC(612) Concurrent Preclean
[2026-06-18T00:32:00.827+0000][11037.586s][info][gc,marking    ] GC(612) Concurrent Preclean 0.182ms
[2026-06-18T00:32:00.827+0000][11037.586s][info][gc,marking    ] GC(612) Concurrent Mark (11037.580s, 11037.586s) 5.808ms
[2026-06-18T00:32:00.827+0000][11037.586s][info][gc,start      ] GC(612) Pause Remark
[2026-06-18T00:32:00.830+0000][11037.589s][info][gc,stringtable] GC(612) Cleaned string and symbol table, strings: 17370 processed, 0 removed, symbols: 125114 processed, 0 removed
[2026-06-18T00:32:00.830+0000][11037.589s][info][gc            ] GC(612) Pause Remark 203M->203M(512M) 3.041ms
[2026-06-18T00:32:00.830+0000][11037.589s][info][gc,cpu        ] GC(612) User=0.03s Sys=0.00s Real=0.00s
[2026-06-18T00:32:00.831+0000][11037.589s][info][gc,marking    ] GC(612) Concurrent Rebuild Remembered Sets
[2026-06-18T00:32:00.835+0000][11037.594s][info][gc,marking    ] GC(612) Concurrent Rebuild Remembered Sets 4.699ms
[2026-06-18T00:32:00.835+0000][11037.594s][info][gc,start      ] GC(612) Pause Cleanup
[2026-06-18T00:32:00.836+0000][11037.595s][info][gc            ] GC(612) Pause Cleanup 205M->205M(512M) 0.161ms
[2026-06-18T00:32:00.836+0000][11037.595s][info][gc,cpu        ] GC(612) User=0.00s Sys=0.00s Real=0.00s
[2026-06-18T00:32:00.836+0000][11037.595s][info][gc,marking    ] GC(612) Concurrent Cleanup for Next Mark
[2026-06-18T00:32:00.836+0000][11037.595s][info][gc,marking    ] GC(612) Concurrent Cleanup for Next Mark 0.140ms
[2026-06-18T00:32:00.836+0000][11037.595s][info][gc            ] GC(612) Concurrent Cycle 16.571ms
[2026-06-18T00:32:02.041+0000][11038.800s][info][gc,start      ] GC(613) Pause Young (Prepare Mixed) (G1 Evacuation Pause)
[2026-06-18T00:32:02.041+0000][11038.800s][info][gc,task       ] GC(613) Using 13 workers of 13 for evacuation
[2026-06-18T00:32:02.045+0000][11038.803s][info][gc,phases     ] GC(613)   Pre Evacuate Collection Set: 0.0ms
[2026-06-18T00:32:02.045+0000][11038.804s][info][gc,phases     ] GC(613)   Evacuate Collection Set: 3.0ms
[2026-06-18T00:32:02.045+0000][11038.804s][info][gc,phases     ] GC(613)   Post Evacuate Collection Set: 0.4ms
[2026-06-18T00:32:02.045+0000][11038.804s][info][gc,phases     ] GC(613)   Other: 0.3ms
[2026-06-18T00:32:02.045+0000][11038.804s][info][gc,heap       ] GC(613) Eden regions: 246->0(20)
[2026-06-18T00:32:02.045+0000][11038.804s][info][gc,heap       ] GC(613) Survivor regions: 8->5(32)
[2026-06-18T00:32:02.045+0000][11038.804s][info][gc,heap       ] GC(613) Old regions: 46->46
[2026-06-18T00:32:02.045+0000][11038.804s][info][gc,heap       ] GC(613) Humongous regions: 147->147
[2026-06-18T00:32:02.045+0000][11038.804s][info][gc,metaspace  ] GC(613) Metaspace: 52670K(55552K)->52670K(55552K) NonClass: 46730K(48384K)->46730K(48384K) Class: 5939K(7168K)->5939K(7168K)
[2026-06-18T00:32:02.045+0000][11038.804s][info][gc            ] GC(613) Pause Young (Prepare Mixed) (G1 Evacuation Pause) 445M->196M(512M) 4.179ms
[2026-06-18T00:32:02.045+0000][11038.804s][info][gc,cpu        ] GC(613) User=0.04s Sys=0.00s Real=0.01s
[2026-06-18T00:32:35.894+0000][11072.653s][info][gc,start      ] GC(614) Pause Young (Mixed) (G1 Evacuation Pause)
[2026-06-18T00:32:35.895+0000][11072.653s][info][gc,task       ] GC(614) Using 13 workers of 13 for evacuation
[2026-06-18T00:32:35.902+0000][11072.660s][info][gc,phases     ] GC(614)   Pre Evacuate Collection Set: 0.0ms
[2026-06-18T00:32:35.902+0000][11072.661s][info][gc,phases     ] GC(614)   Evacuate Collection Set: 6.6ms
[2026-06-18T00:32:35.902+0000][11072.661s][info][gc,phases     ] GC(614)   Post Evacuate Collection Set: 0.4ms
[2026-06-18T00:32:35.902+0000][11072.661s][info][gc,phases     ] GC(614)   Other: 0.4ms
[2026-06-18T00:32:35.902+0000][11072.661s][info][gc,heap       ] GC(614) Eden regions: 20->0(251)
[2026-06-18T00:32:35.902+0000][11072.661s][info][gc,heap       ] GC(614) Survivor regions: 5->3(4)
[2026-06-18T00:32:35.902+0000][11072.661s][info][gc,heap       ] GC(614) Old regions: 46->47
[2026-06-18T00:32:35.902+0000][11072.661s][info][gc,heap       ] GC(614) Humongous regions: 147->147
[2026-06-18T00:32:35.902+0000][11072.661s][info][gc,metaspace  ] GC(614) Metaspace: 52679K(55552K)->52679K(55552K) NonClass: 46739K(48384K)->46739K(48384K) Class: 5939K(7168K)->5939K(7168K)
[2026-06-18T00:32:35.902+0000][11072.661s][info][gc            ] GC(614) Pause Young (Mixed) (G1 Evacuation Pause) 216M->196M(512M) 7.845ms
[2026-06-18T00:32:35.902+0000][11072.661s][info][gc,cpu        ] GC(614) User=0.07s Sys=0.00s Real=0.01s
[2026-06-18T00:32:50.947+0000][11087.706s][info][gc,start      ] GC(615) Pause Young (Normal) (G1 Evacuation Pause)
[2026-06-18T00:32:50.947+0000][11087.706s][info][gc,task       ] GC(615) Using 13 workers of 13 for evacuation
[2026-06-18T00:32:50.950+0000][11087.709s][info][gc,phases     ] GC(615)   Pre Evacuate Collection Set: 0.0ms
[2026-06-18T00:32:50.950+0000][11087.709s][info][gc,phases     ] GC(615)   Evacuate Collection Set: 2.2ms
[2026-06-18T00:32:50.950+0000][11087.709s][info][gc,phases     ] GC(615)   Post Evacuate Collection Set: 0.3ms
[2026-06-18T00:32:50.950+0000][11087.709s][info][gc,phases     ] GC(615)   Other: 0.3ms
[2026-06-18T00:32:50.950+0000][11087.709s][info][gc,heap       ] GC(615) Eden regions: 251->0(246)
[2026-06-18T00:32:50.950+0000][11087.709s][info][gc,heap       ] GC(615) Survivor regions: 3->7(32)
[2026-06-18T00:32:50.950+0000][11087.709s][info][gc,heap       ] GC(615) Old regions: 47->47
[2026-06-18T00:32:50.951+0000][11087.709s][info][gc,heap       ] GC(615) Humongous regions: 147->147
[2026-06-18T00:32:50.951+0000][11087.709s][info][gc,metaspace  ] GC(615) Metaspace: 52679K(55552K)->52679K(55552K) NonClass: 46739K(48384K)->46739K(48384K) Class: 5939K(7168K)->5939K(7168K)
[2026-06-18T00:32:50.951+0000][11087.709s][info][gc            ] GC(615) Pause Young (Normal) (G1 Evacuation Pause) 447M->200M(512M) 3.273ms
[2026-06-18T00:32:50.951+0000][11087.709s][info][gc,cpu        ] GC(615) User=0.03s Sys=0.00s Real=0.00s
[2026-06-18T00:32:52.370+0000][11089.129s][info][gc,start      ] GC(616) Pause Young (Normal) (G1 Evacuation Pause)
[2026-06-18T00:32:52.371+0000][11089.129s][info][gc,task       ] GC(616) Using 13 workers of 13 for evacuation
[2026-06-18T00:32:52.372+0000][11089.131s][info][gc,phases     ] GC(616)   Pre Evacuate Collection Set: 0.0ms
[2026-06-18T00:32:52.372+0000][11089.131s][info][gc,phases     ] GC(616)   Evacuate Collection Set: 1.2ms
[2026-06-18T00:32:52.372+0000][11089.131s][info][gc,phases     ] GC(616)   Post Evacuate Collection Set: 0.3ms
[2026-06-18T00:32:52.372+0000][11089.131s][info][gc,phases     ] GC(616)   Other: 0.3ms
[2026-06-18T00:32:52.372+0000][11089.131s][info][gc,heap       ] GC(616) Eden regions: 246->0(251)
[2026-06-18T00:32:52.372+0000][11089.131s][info][gc,heap       ] GC(616) Survivor regions: 7->3(32)
[2026-06-18T00:32:52.373+0000][11089.131s][info][gc,heap       ] GC(616) Old regions: 47->47
[2026-06-18T00:32:52.373+0000][11089.131s][info][gc,heap       ] GC(616) Humongous regions: 147->147
[2026-06-18T00:32:52.373+0000][11089.131s][info][gc,metaspace  ] GC(616) Metaspace: 52679K(55552K)->52679K(55552K) NonClass: 46739K(48384K)->46739K(48384K) Class: 5939K(7168K)->5939K(7168K)
[2026-06-18T00:32:52.373+0000][11089.131s][info][gc            ] GC(616) Pause Young (Normal) (G1 Evacuation Pause) 446M->196M(512M) 2.338ms
[2026-06-18T00:32:52.373+0000][11089.131s][info][gc,cpu        ] GC(616) User=0.01s Sys=0.00s Real=0.00s
[2026-06-18T00:32:53.607+0000][11090.366s][info][gc,start      ] GC(617) Pause Young (Concurrent Start) (G1 Evacuation Pause)
[2026-06-18T00:32:53.607+0000][11090.366s][info][gc,task       ] GC(617) Using 13 workers of 13 for evacuation
[2026-06-18T00:32:53.610+0000][11090.369s][info][gc,phases     ] GC(617)   Pre Evacuate Collection Set: 0.3ms
[2026-06-18T00:32:53.610+0000][11090.369s][info][gc,phases     ] GC(617)   Evacuate Collection Set: 2.0ms
[2026-06-18T00:32:53.610+0000][11090.369s][info][gc,phases     ] GC(617)   Post Evacuate Collection Set: 0.3ms
[2026-06-18T00:32:53.610+0000][11090.369s][info][gc,phases     ] GC(617)   Other: 0.4ms
[2026-06-18T00:32:53.610+0000][11090.369s][info][gc,heap       ] GC(617) Eden regions: 251->0(247)
[2026-06-18T00:32:53.611+0000][11090.369s][info][gc,heap       ] GC(617) Survivor regions: 3->7(32)
[2026-06-18T00:32:53.611+0000][11090.369s][info][gc,heap       ] GC(617) Old regions: 47->47
[2026-06-18T00:32:53.611+0000][11090.369s][info][gc,heap       ] GC(617) Humongous regions: 147->147
[2026-06-18T00:32:53.611+0000][11090.369s][info][gc,metaspace  ] GC(617) Metaspace: 52679K(55552K)->52679K(55552K) NonClass: 46739K(48384K)->46739K(48384K) Class: 5939K(7168K)->5939K(7168K)
[2026-06-18T00:32:53.611+0000][11090.369s][info][gc            ] GC(617) Pause Young (Concurrent Start) (G1 Evacuation Pause) 447M->200M(512M) 3.561ms
[2026-06-18T00:32:53.611+0000][11090.369s][info][gc,cpu        ] GC(617) User=0.02s Sys=0.00s Real=0.00s
[2026-06-18T00:32:53.611+0000][11090.369s][info][gc            ] GC(618) Concurrent Cycle
[2026-06-18T00:32:53.611+0000][11090.370s][info][gc,marking    ] GC(618) Concurrent Clear Claimed Marks
[2026-06-18T00:32:53.611+0000][11090.370s][info][gc,marking    ] GC(618) Concurrent Clear Claimed Marks 0.225ms
[2026-06-18T00:32:53.611+0000][11090.370s][info][gc,marking    ] GC(618) Concurrent Scan Root Regions
[2026-06-18T00:32:53.613+0000][11090.371s][info][gc,marking    ] GC(618) Concurrent Scan Root Regions 1.375ms
[2026-06-18T00:32:53.613+0000][11090.371s][info][gc,marking    ] GC(618) Concurrent Mark (11090.371s)
[2026-06-18T00:32:53.613+0000][11090.371s][info][gc,marking    ] GC(618) Concurrent Mark From Roots
[2026-06-18T00:32:53.613+0000][11090.371s][info][gc,task       ] GC(618) Using 3 workers of 3 for marking
[2026-06-18T00:32:53.618+0000][11090.377s][info][gc,marking    ] GC(618) Concurrent Mark From Roots 5.575ms
[2026-06-18T00:32:53.619+0000][11090.377s][info][gc,marking    ] GC(618) Concurrent Preclean
[2026-06-18T00:32:53.619+0000][11090.377s][info][gc,marking    ] GC(618) Concurrent Preclean 0.173ms
[2026-06-18T00:32:53.619+0000][11090.377s][info][gc,marking    ] GC(618) Concurrent Mark (11090.371s, 11090.377s) 6.006ms
[2026-06-18T00:32:53.619+0000][11090.378s][info][gc,start      ] GC(618) Pause Remark
[2026-06-18T00:32:53.621+0000][11090.380s][info][gc,stringtable] GC(618) Cleaned string and symbol table, strings: 17370 processed, 0 removed, symbols: 125114 processed, 0 removed
[2026-06-18T00:32:53.622+0000][11090.380s][info][gc            ] GC(618) Pause Remark 204M->204M(512M) 2.764ms
[2026-06-18T00:32:53.622+0000][11090.380s][info][gc,cpu        ] GC(618) User=0.02s Sys=0.00s Real=0.00s
[2026-06-18T00:32:53.622+0000][11090.381s][info][gc,marking    ] GC(618) Concurrent Rebuild Remembered Sets
[2026-06-18T00:32:53.626+0000][11090.385s][info][gc,marking    ] GC(618) Concurrent Rebuild Remembered Sets 4.264ms
[2026-06-18T00:32:53.626+0000][11090.385s][info][gc,start      ] GC(618) Pause Cleanup
[2026-06-18T00:32:53.627+0000][11090.385s][info][gc            ] GC(618) Pause Cleanup 205M->205M(512M) 0.176ms
[2026-06-18T00:32:53.627+0000][11090.385s][info][gc,cpu        ] GC(618) User=0.00s Sys=0.00s Real=0.00s
[2026-06-18T00:32:53.627+0000][11090.385s][info][gc,marking    ] GC(618) Concurrent Cleanup for Next Mark
[2026-06-18T00:32:53.627+0000][11090.385s][info][gc,marking    ] GC(618) Concurrent Cleanup for Next Mark 0.150ms
[2026-06-18T00:32:53.627+0000][11090.386s][info][gc            ] GC(618) Concurrent Cycle 16.079ms
[2026-06-18T00:33:42.251+0000][11139.009s][info][gc,start      ] GC(619) Pause Young (Prepare Mixed) (G1 Evacuation Pause)
[2026-06-18T00:33:42.254+0000][11139.012s][info][gc,task       ] GC(619) Using 13 workers of 13 for evacuation
[2026-06-18T00:33:42.258+0000][11139.016s][info][gc,phases     ] GC(619)   Pre Evacuate Collection Set: 0.0ms
[2026-06-18T00:33:42.258+0000][11139.016s][info][gc,phases     ] GC(619)   Evacuate Collection Set: 3.4ms
[2026-06-18T00:33:42.258+0000][11139.016s][info][gc,phases     ] GC(619)   Post Evacuate Collection Set: 0.4ms
[2026-06-18T00:33:42.258+0000][11139.016s][info][gc,phases     ] GC(619)   Other: 3.3ms
[2026-06-18T00:33:42.258+0000][11139.016s][info][gc,heap       ] GC(619) Eden regions: 247->0(14)
[2026-06-18T00:33:42.258+0000][11139.016s][info][gc,heap       ] GC(619) Survivor regions: 7->11(32)
[2026-06-18T00:33:42.258+0000][11139.016s][info][gc,heap       ] GC(619) Old regions: 47->47
[2026-06-18T00:33:42.258+0000][11139.017s][info][gc,heap       ] GC(619) Humongous regions: 147->147
[2026-06-18T00:33:42.258+0000][11139.017s][info][gc,metaspace  ] GC(619) Metaspace: 52679K(55552K)->52679K(55552K) NonClass: 46739K(48384K)->46739K(48384K) Class: 5939K(7168K)->5939K(7168K)
[2026-06-18T00:33:42.259+0000][11139.017s][info][gc            ] GC(619) Pause Young (Prepare Mixed) (G1 Evacuation Pause) 447M->204M(512M) 7.765ms
[2026-06-18T00:33:42.259+0000][11139.017s][info][gc,cpu        ] GC(619) User=0.03s Sys=0.00s Real=0.01s
[2026-06-18T00:33:42.347+0000][11139.105s][info][gc,start      ] GC(620) Pause Young (Mixed) (G1 Evacuation Pause)
[2026-06-18T00:33:42.347+0000][11139.105s][info][gc,task       ] GC(620) Using 13 workers of 13 for evacuation
[2026-06-18T00:33:42.354+0000][11139.113s][info][gc,phases     ] GC(620)   Pre Evacuate Collection Set: 0.0ms
[2026-06-18T00:33:42.354+0000][11139.113s][info][gc,phases     ] GC(620)   Evacuate Collection Set: 7.0ms
[2026-06-18T00:33:42.355+0000][11139.113s][info][gc,phases     ] GC(620)   Post Evacuate Collection Set: 0.4ms
[2026-06-18T00:33:42.355+0000][11139.113s][info][gc,phases     ] GC(620)   Other: 0.3ms
[2026-06-18T00:33:42.355+0000][11139.113s][info][gc,heap       ] GC(620) Eden regions: 14->0(243)
[2026-06-18T00:33:42.355+0000][11139.113s][info][gc,heap       ] GC(620) Survivor regions: 11->2(4)
[2026-06-18T00:33:42.355+0000][11139.113s][info][gc,heap       ] GC(620) Old regions: 47->54
[2026-06-18T00:33:42.355+0000][11139.113s][info][gc,heap       ] GC(620) Humongous regions: 147->147
[2026-06-18T00:33:42.355+0000][11139.113s][info][gc,metaspace  ] GC(620) Metaspace: 52679K(55552K)->52679K(55552K) NonClass: 46739K(48384K)->46739K(48384K) Class: 5939K(7168K)->5939K(7168K)
[2026-06-18T00:33:42.355+0000][11139.113s][info][gc            ] GC(620) Pause Young (Mixed) (G1 Evacuation Pause) 218M->202M(512M) 8.243ms
[2026-06-18T00:33:42.355+0000][11139.113s][info][gc,cpu        ] GC(620) User=0.07s Sys=0.00s Real=0.00s
[2026-06-18T00:33:43.821+0000][11140.579s][info][gc,start      ] GC(621) Pause Young (Normal) (G1 Evacuation Pause)
[2026-06-18T00:33:43.821+0000][11140.579s][info][gc,task       ] GC(621) Using 13 workers of 13 for evacuation
[2026-06-18T00:33:43.823+0000][11140.581s][info][gc,phases     ] GC(621)   Pre Evacuate Collection Set: 0.0ms
[2026-06-18T00:33:43.823+0000][11140.582s][info][gc,phases     ] GC(621)   Evacuate Collection Set: 1.6ms
[2026-06-18T00:33:43.823+0000][11140.582s][info][gc,phases     ] GC(621)   Post Evacuate Collection Set: 0.4ms
[2026-06-18T00:33:43.824+0000][11140.582s][info][gc,phases     ] GC(621)   Other: 0.3ms
[2026-06-18T00:33:43.824+0000][11140.582s][info][gc,heap       ] GC(621) Eden regions: 243->0(240)
[2026-06-18T00:33:43.824+0000][11140.582s][info][gc,heap       ] GC(621) Survivor regions: 2->5(31)
[2026-06-18T00:33:43.824+0000][11140.582s][info][gc,heap       ] GC(621) Old regions: 54->54
[2026-06-18T00:33:43.824+0000][11140.582s][info][gc,heap       ] GC(621) Humongous regions: 147->147
[2026-06-18T00:33:43.824+0000][11140.582s][info][gc,metaspace  ] GC(621) Metaspace: 52679K(55552K)->52679K(55552K) NonClass: 46739K(48384K)->46739K(48384K) Class: 5939K(7168K)->5939K(7168K)
[2026-06-18T00:33:43.824+0000][11140.582s][info][gc            ] GC(621) Pause Young (Normal) (G1 Evacuation Pause) 445M->204M(512M) 2.807ms
[2026-06-18T00:33:43.824+0000][11140.582s][info][gc,cpu        ] GC(621) User=0.02s Sys=0.00s Real=0.00s
[2026-06-18T00:33:45.014+0000][11141.772s][info][gc,start      ] GC(622) Pause Young (Normal) (G1 Evacuation Pause)
[2026-06-18T00:33:45.014+0000][11141.772s][info][gc,task       ] GC(622) Using 13 workers of 13 for evacuation
[2026-06-18T00:33:45.023+0000][11141.781s][info][gc,phases     ] GC(622)   Pre Evacuate Collection Set: 0.0ms
[2026-06-18T00:33:45.023+0000][11141.781s][info][gc,phases     ] GC(622)   Evacuate Collection Set: 8.4ms
[2026-06-18T00:33:45.023+0000][11141.781s][info][gc,phases     ] GC(622)   Post Evacuate Collection Set: 0.3ms
[2026-06-18T00:33:45.023+0000][11141.781s][info][gc,phases     ] GC(622)   Other: 0.4ms
[2026-06-18T00:33:45.023+0000][11141.781s][info][gc,heap       ] GC(622) Eden regions: 240->0(236)
[2026-06-18T00:33:45.023+0000][11141.781s][info][gc,heap       ] GC(622) Survivor regions: 5->8(31)
[2026-06-18T00:33:45.023+0000][11141.781s][info][gc,heap       ] GC(622) Old regions: 54->54
[2026-06-18T00:33:45.023+0000][11141.781s][info][gc,heap       ] GC(622) Humongous regions: 147->147
[2026-06-18T00:33:45.023+0000][11141.781s][info][gc,metaspace  ] GC(622) Metaspace: 52679K(55552K)->52679K(55552K) NonClass: 46739K(48384K)->46739K(48384K) Class: 5939K(7168K)->5939K(7168K)
[2026-06-18T00:33:45.023+0000][11141.782s][info][gc            ] GC(622) Pause Young (Normal) (G1 Evacuation Pause) 444M->208M(512M) 9.611ms
[2026-06-18T00:33:45.023+0000][11141.782s][info][gc,cpu        ] GC(622) User=0.06s Sys=0.00s Real=0.01s
[2026-06-18T00:33:46.221+0000][11142.980s][info][gc,start      ] GC(623) Pause Young (Concurrent Start) (G1 Evacuation Pause)
[2026-06-18T00:33:46.221+0000][11142.980s][info][gc,task       ] GC(623) Using 13 workers of 13 for evacuation
[2026-06-18T00:33:46.227+0000][11142.985s][info][gc,phases     ] GC(623)   Pre Evacuate Collection Set: 0.3ms
[2026-06-18T00:33:46.227+0000][11142.985s][info][gc,phases     ] GC(623)   Evacuate Collection Set: 4.6ms
[2026-06-18T00:33:46.227+0000][11142.985s][info][gc,phases     ] GC(623)   Post Evacuate Collection Set: 0.3ms
[2026-06-18T00:33:46.227+0000][11142.985s][info][gc,phases     ] GC(623)   Other: 0.3ms
[2026-06-18T00:33:46.227+0000][11142.985s][info][gc,heap       ] GC(623) Eden regions: 236->0(240)
[2026-06-18T00:33:46.227+0000][11142.985s][info][gc,heap       ] GC(623) Survivor regions: 8->5(31)
[2026-06-18T00:33:46.227+0000][11142.985s][info][gc,heap       ] GC(623) Old regions: 54->54
[2026-06-18T00:33:46.227+0000][11142.985s][info][gc,heap       ] GC(623) Humongous regions: 147->147
[2026-06-18T00:33:46.227+0000][11142.986s][info][gc,metaspace  ] GC(623) Metaspace: 52679K(55552K)->52679K(55552K) NonClass: 46739K(48384K)->46739K(48384K) Class: 5939K(7168K)->5939K(7168K)
[2026-06-18T00:33:46.227+0000][11142.986s][info][gc            ] GC(623) Pause Young (Concurrent Start) (G1 Evacuation Pause) 444M->205M(512M) 6.077ms
[2026-06-18T00:33:46.227+0000][11142.986s][info][gc,cpu        ] GC(623) User=0.05s Sys=0.00s Real=0.01s
[2026-06-18T00:33:46.228+0000][11142.986s][info][gc            ] GC(624) Concurrent Cycle
[2026-06-18T00:33:46.228+0000][11142.986s][info][gc,marking    ] GC(624) Concurrent Clear Claimed Marks
[2026-06-18T00:33:46.228+0000][11142.986s][info][gc,marking    ] GC(624) Concurrent Clear Claimed Marks 0.180ms
[2026-06-18T00:33:46.228+0000][11142.986s][info][gc,marking    ] GC(624) Concurrent Scan Root Regions
[2026-06-18T00:33:46.229+0000][11142.987s][info][gc,marking    ] GC(624) Concurrent Scan Root Regions 1.057ms
[2026-06-18T00:33:46.229+0000][11142.987s][info][gc,marking    ] GC(624) Concurrent Mark (11142.987s)
[2026-06-18T00:33:46.229+0000][11142.987s][info][gc,marking    ] GC(624) Concurrent Mark From Roots
[2026-06-18T00:33:46.229+0000][11142.987s][info][gc,task       ] GC(624) Using 3 workers of 3 for marking
[2026-06-18T00:33:46.235+0000][11142.993s][info][gc,marking    ] GC(624) Concurrent Mark From Roots 5.954ms
[2026-06-18T00:33:46.235+0000][11142.993s][info][gc,marking    ] GC(624) Concurrent Preclean
[2026-06-18T00:33:46.235+0000][11142.994s][info][gc,marking    ] GC(624) Concurrent Preclean 0.194ms
[2026-06-18T00:33:46.235+0000][11142.994s][info][gc,marking    ] GC(624) Concurrent Mark (11142.987s, 11142.994s) 6.391ms
[2026-06-18T00:33:46.236+0000][11142.994s][info][gc,start      ] GC(624) Pause Remark
[2026-06-18T00:33:46.239+0000][11142.997s][info][gc,stringtable] GC(624) Cleaned string and symbol table, strings: 17370 processed, 0 removed, symbols: 125114 processed, 0 removed
[2026-06-18T00:33:46.239+0000][11142.997s][info][gc            ] GC(624) Pause Remark 209M->208M(512M) 3.626ms
[2026-06-18T00:33:46.239+0000][11142.997s][info][gc,cpu        ] GC(624) User=0.03s Sys=0.00s Real=0.00s
[2026-06-18T00:33:46.239+0000][11142.998s][info][gc,marking    ] GC(624) Concurrent Rebuild Remembered Sets
[2026-06-18T00:33:46.244+0000][11143.003s][info][gc,marking    ] GC(624) Concurrent Rebuild Remembered Sets 5.036ms
[2026-06-18T00:33:46.245+0000][11143.003s][info][gc,start      ] GC(624) Pause Cleanup
[2026-06-18T00:33:46.245+0000][11143.003s][info][gc            ] GC(624) Pause Cleanup 209M->209M(512M) 0.204ms
[2026-06-18T00:33:46.245+0000][11143.003s][info][gc,cpu        ] GC(624) User=0.00s Sys=0.00s Real=0.00s
[2026-06-18T00:33:46.245+0000][11143.003s][info][gc,marking    ] GC(624) Concurrent Cleanup for Next Mark
[2026-06-18T00:33:46.245+0000][11143.003s][info][gc,marking    ] GC(624) Concurrent Cleanup for Next Mark 0.185ms
[2026-06-18T00:33:46.245+0000][11143.003s][info][gc            ] GC(624) Concurrent Cycle 17.784ms
[2026-06-18T00:34:34.888+0000][11191.646s][info][gc,start      ] GC(625) Pause Young (Prepare Mixed) (G1 Evacuation Pause)
[2026-06-18T00:34:34.888+0000][11191.646s][info][gc,task       ] GC(625) Using 13 workers of 13 for evacuation
[2026-06-18T00:34:34.891+0000][11191.648s][info][gc,phases     ] GC(625)   Pre Evacuate Collection Set: 0.0ms
[2026-06-18T00:34:34.891+0000][11191.649s][info][gc,phases     ] GC(625)   Evacuate Collection Set: 2.0ms
[2026-06-18T00:34:34.891+0000][11191.649s][info][gc,phases     ] GC(625)   Post Evacuate Collection Set: 0.4ms
[2026-06-18T00:34:34.891+0000][11191.649s][info][gc,phases     ] GC(625)   Other: 0.4ms
[2026-06-18T00:34:34.891+0000][11191.649s][info][gc,heap       ] GC(625) Eden regions: 240->0(17)
[2026-06-18T00:34:34.891+0000][11191.649s][info][gc,heap       ] GC(625) Survivor regions: 5->8(31)
[2026-06-18T00:34:34.891+0000][11191.649s][info][gc,heap       ] GC(625) Old regions: 53->53
[2026-06-18T00:34:34.891+0000][11191.649s][info][gc,heap       ] GC(625) Humongous regions: 147->147
[2026-06-18T00:34:34.891+0000][11191.649s][info][gc,metaspace  ] GC(625) Metaspace: 52680K(55552K)->52680K(55552K) NonClass: 46741K(48384K)->46741K(48384K) Class: 5939K(7168K)->5939K(7168K)
[2026-06-18T00:34:34.891+0000][11191.649s][info][gc            ] GC(625) Pause Young (Prepare Mixed) (G1 Evacuation Pause) 444M->207M(512M) 3.329ms
[2026-06-18T00:34:34.891+0000][11191.649s][info][gc,cpu        ] GC(625) User=0.02s Sys=0.00s Real=0.00s
[2026-06-18T00:34:34.983+0000][11191.741s][info][gc,start      ] GC(626) Pause Young (Mixed) (G1 Evacuation Pause)
[2026-06-18T00:34:34.983+0000][11191.741s][info][gc,task       ] GC(626) Using 13 workers of 13 for evacuation
[2026-06-18T00:34:34.987+0000][11191.744s][info][gc,phases     ] GC(626)   Pre Evacuate Collection Set: 0.0ms
[2026-06-18T00:34:34.987+0000][11191.745s][info][gc,phases     ] GC(626)   Evacuate Collection Set: 3.0ms
[2026-06-18T00:34:34.987+0000][11191.745s][info][gc,phases     ] GC(626)   Post Evacuate Collection Set: 0.4ms
[2026-06-18T00:34:34.987+0000][11191.745s][info][gc,phases     ] GC(626)   Other: 0.3ms
[2026-06-18T00:34:34.987+0000][11191.745s][info][gc,heap       ] GC(626) Eden regions: 17->0(243)
[2026-06-18T00:34:34.987+0000][11191.745s][info][gc,heap       ] GC(626) Survivor regions: 8->2(4)
[2026-06-18T00:34:34.987+0000][11191.745s][info][gc,heap       ] GC(626) Old regions: 53->53
[2026-06-18T00:34:34.987+0000][11191.745s][info][gc,heap       ] GC(626) Humongous regions: 147->147
[2026-06-18T00:34:34.987+0000][11191.745s][info][gc,metaspace  ] GC(626) Metaspace: 52680K(55552K)->52680K(55552K) NonClass: 46741K(48384K)->46741K(48384K) Class: 5939K(7168K)->5939K(7168K)
[2026-06-18T00:34:34.987+0000][11191.745s][info][gc            ] GC(626) Pause Young (Mixed) (G1 Evacuation Pause) 224M->200M(512M) 4.230ms
[2026-06-18T00:34:34.987+0000][11191.745s][info][gc,cpu        ] GC(626) User=0.02s Sys=0.01s Real=0.01s
[2026-06-18T00:34:36.330+0000][11193.088s][info][gc,start      ] GC(627) Pause Young (Normal) (G1 Evacuation Pause)
[2026-06-18T00:34:36.330+0000][11193.088s][info][gc,task       ] GC(627) Using 13 workers of 13 for evacuation
[2026-06-18T00:34:36.332+0000][11193.090s][info][gc,phases     ] GC(627)   Pre Evacuate Collection Set: 0.0ms
[2026-06-18T00:34:36.332+0000][11193.090s][info][gc,phases     ] GC(627)   Evacuate Collection Set: 1.7ms
[2026-06-18T00:34:36.332+0000][11193.090s][info][gc,phases     ] GC(627)   Post Evacuate Collection Set: 0.3ms
[2026-06-18T00:34:36.332+0000][11193.090s][info][gc,phases     ] GC(627)   Other: 0.3ms
[2026-06-18T00:34:36.332+0000][11193.090s][info][gc,heap       ] GC(627) Eden regions: 243->0(244)
[2026-06-18T00:34:36.332+0000][11193.090s][info][gc,heap       ] GC(627) Survivor regions: 2->3(31)
[2026-06-18T00:34:36.332+0000][11193.090s][info][gc,heap       ] GC(627) Old regions: 53->53
[2026-06-18T00:34:36.333+0000][11193.090s][info][gc,heap       ] GC(627) Humongous regions: 147->147
[2026-06-18T00:34:36.333+0000][11193.090s][info][gc,metaspace  ] GC(627) Metaspace: 52680K(55552K)->52680K(55552K) NonClass: 46741K(48384K)->46741K(48384K) Class: 5939K(7168K)->5939K(7168K)
[2026-06-18T00:34:36.333+0000][11193.091s][info][gc            ] GC(627) Pause Young (Normal) (G1 Evacuation Pause) 443M->201M(512M) 2.955ms
[2026-06-18T00:34:36.333+0000][11193.091s][info][gc,cpu        ] GC(627) User=0.03s Sys=0.00s Real=0.00s
[2026-06-18T00:34:37.514+0000][11194.272s][info][gc,start      ] GC(628) Pause Young (Normal) (G1 Evacuation Pause)
[2026-06-18T00:34:37.514+0000][11194.272s][info][gc,task       ] GC(628) Using 13 workers of 13 for evacuation
[2026-06-18T00:34:37.520+0000][11194.278s][info][gc,phases     ] GC(628)   Pre Evacuate Collection Set: 0.0ms
[2026-06-18T00:34:37.520+0000][11194.278s][info][gc,phases     ] GC(628)   Evacuate Collection Set: 5.2ms
[2026-06-18T00:34:37.520+0000][11194.278s][info][gc,phases     ] GC(628)   Post Evacuate Collection Set: 0.4ms
[2026-06-18T00:34:37.520+0000][11194.278s][info][gc,phases     ] GC(628)   Other: 0.3ms
[2026-06-18T00:34:37.520+0000][11194.278s][info][gc,heap       ] GC(628) Eden regions: 244->0(239)
[2026-06-18T00:34:37.520+0000][11194.278s][info][gc,heap       ] GC(628) Survivor regions: 3->7(31)
[2026-06-18T00:34:37.520+0000][11194.278s][info][gc,heap       ] GC(628) Old regions: 53->53
[2026-06-18T00:34:37.520+0000][11194.278s][info][gc,heap       ] GC(628) Humongous regions: 147->147
[2026-06-18T00:34:37.521+0000][11194.278s][info][gc,metaspace  ] GC(628) Metaspace: 52680K(55552K)->52680K(55552K) NonClass: 46741K(48384K)->46741K(48384K) Class: 5939K(7168K)->5939K(7168K)
[2026-06-18T00:34:37.521+0000][11194.278s][info][gc            ] GC(628) Pause Young (Normal) (G1 Evacuation Pause) 445M->205M(512M) 6.343ms
[2026-06-18T00:34:37.521+0000][11194.279s][info][gc,cpu        ] GC(628) User=0.07s Sys=0.00s Real=0.01s
[2026-06-18T00:35:25.910+0000][11242.668s][info][gc,start      ] GC(629) Pause Young (Concurrent Start) (G1 Evacuation Pause)
[2026-06-18T00:35:25.910+0000][11242.668s][info][gc,task       ] GC(629) Using 13 workers of 13 for evacuation
[2026-06-18T00:35:25.920+0000][11242.677s][info][gc,phases     ] GC(629)   Pre Evacuate Collection Set: 0.3ms
[2026-06-18T00:35:25.920+0000][11242.678s][info][gc,phases     ] GC(629)   Evacuate Collection Set: 5.8ms
[2026-06-18T00:35:25.920+0000][11242.678s][info][gc,phases     ] GC(629)   Post Evacuate Collection Set: 2.2ms
[2026-06-18T00:35:25.920+0000][11242.678s][info][gc,phases     ] GC(629)   Other: 1.4ms
[2026-06-18T00:35:25.921+0000][11242.678s][info][gc,heap       ] GC(629) Eden regions: 239->0(244)
[2026-06-18T00:35:25.921+0000][11242.679s][info][gc,heap       ] GC(629) Survivor regions: 7->3(31)
[2026-06-18T00:35:25.921+0000][11242.679s][info][gc,heap       ] GC(629) Old regions: 53->53
[2026-06-18T00:35:25.921+0000][11242.679s][info][gc,heap       ] GC(629) Humongous regions: 147->147
[2026-06-18T00:35:25.921+0000][11242.679s][info][gc,metaspace  ] GC(629) Metaspace: 52680K(55552K)->52680K(55552K) NonClass: 46741K(48384K)->46741K(48384K) Class: 5939K(7168K)->5939K(7168K)
[2026-06-18T00:35:25.921+0000][11242.679s][info][gc            ] GC(629) Pause Young (Concurrent Start) (G1 Evacuation Pause) 444M->202M(512M) 11.134ms
[2026-06-18T00:35:25.921+0000][11242.679s][info][gc,cpu        ] GC(629) User=0.04s Sys=0.00s Real=0.01s
[2026-06-18T00:35:25.921+0000][11242.679s][info][gc            ] GC(630) Concurrent Cycle
[2026-06-18T00:35:25.921+0000][11242.679s][info][gc,marking    ] GC(630) Concurrent Clear Claimed Marks
[2026-06-18T00:35:25.922+0000][11242.679s][info][gc,marking    ] GC(630) Concurrent Clear Claimed Marks 0.302ms
[2026-06-18T00:35:25.922+0000][11242.679s][info][gc,marking    ] GC(630) Concurrent Scan Root Regions
[2026-06-18T00:35:25.924+0000][11242.681s][info][gc,marking    ] GC(630) Concurrent Scan Root Regions 2.002ms
[2026-06-18T00:35:25.924+0000][11242.682s][info][gc,marking    ] GC(630) Concurrent Mark (11242.682s)
[2026-06-18T00:35:25.924+0000][11242.682s][info][gc,marking    ] GC(630) Concurrent Mark From Roots
[2026-06-18T00:35:25.924+0000][11242.682s][info][gc,task       ] GC(630) Using 3 workers of 3 for marking
[2026-06-18T00:35:25.929+0000][11242.687s][info][gc,marking    ] GC(630) Concurrent Mark From Roots 5.314ms
[2026-06-18T00:35:25.929+0000][11242.687s][info][gc,marking    ] GC(630) Concurrent Preclean
[2026-06-18T00:35:25.930+0000][11242.687s][info][gc,marking    ] GC(630) Concurrent Preclean 0.368ms
[2026-06-18T00:35:25.930+0000][11242.688s][info][gc,marking    ] GC(630) Concurrent Mark (11242.682s, 11242.688s) 5.965ms
[2026-06-18T00:35:25.930+0000][11242.688s][info][gc,start      ] GC(630) Pause Remark
[2026-06-18T00:35:25.936+0000][11242.693s][info][gc,stringtable] GC(630) Cleaned string and symbol table, strings: 17370 processed, 0 removed, symbols: 125114 processed, 0 removed
[2026-06-18T00:35:25.936+0000][11242.694s][info][gc            ] GC(630) Pause Remark 206M->205M(512M) 5.796ms
[2026-06-18T00:35:25.936+0000][11242.694s][info][gc,cpu        ] GC(630) User=0.05s Sys=0.00s Real=0.01s
[2026-06-18T00:35:25.936+0000][11242.694s][info][gc,marking    ] GC(630) Concurrent Rebuild Remembered Sets
[2026-06-18T00:35:25.940+0000][11242.698s][info][gc,marking    ] GC(630) Concurrent Rebuild Remembered Sets 4.218ms
[2026-06-18T00:35:25.941+0000][11242.699s][info][gc,start      ] GC(630) Pause Cleanup
[2026-06-18T00:35:25.941+0000][11242.699s][info][gc            ] GC(630) Pause Cleanup 206M->206M(512M) 0.254ms
[2026-06-18T00:35:25.941+0000][11242.699s][info][gc,cpu        ] GC(630) User=0.00s Sys=0.00s Real=0.00s
[2026-06-18T00:35:25.941+0000][11242.699s][info][gc,marking    ] GC(630) Concurrent Cleanup for Next Mark
[2026-06-18T00:35:25.941+0000][11242.699s][info][gc,marking    ] GC(630) Concurrent Cleanup for Next Mark 0.160ms
[2026-06-18T00:35:25.941+0000][11242.699s][info][gc            ] GC(630) Concurrent Cycle 20.221ms
[2026-06-18T00:35:27.539+0000][11244.297s][info][gc,start      ] GC(631) Pause Young (Prepare Mixed) (G1 Evacuation Pause)
[2026-06-18T00:35:27.539+0000][11244.297s][info][gc,task       ] GC(631) Using 13 workers of 13 for evacuation
[2026-06-18T00:35:27.541+0000][11244.299s][info][gc,phases     ] GC(631)   Pre Evacuate Collection Set: 0.0ms
[2026-06-18T00:35:27.541+0000][11244.299s][info][gc,phases     ] GC(631)   Evacuate Collection Set: 1.6ms
[2026-06-18T00:35:27.541+0000][11244.299s][info][gc,phases     ] GC(631)   Post Evacuate Collection Set: 0.3ms
[2026-06-18T00:35:27.541+0000][11244.299s][info][gc,phases     ] GC(631)   Other: 0.3ms
[2026-06-18T00:35:27.541+0000][11244.299s][info][gc,heap       ] GC(631) Eden regions: 244->0(19)
[2026-06-18T00:35:27.541+0000][11244.299s][info][gc,heap       ] GC(631) Survivor regions: 3->6(31)
[2026-06-18T00:35:27.541+0000][11244.299s][info][gc,heap       ] GC(631) Old regions: 51->51
[2026-06-18T00:35:27.541+0000][11244.299s][info][gc,heap       ] GC(631) Humongous regions: 147->147
[2026-06-18T00:35:27.541+0000][11244.299s][info][gc,metaspace  ] GC(631) Metaspace: 52680K(55552K)->52680K(55552K) NonClass: 46741K(48384K)->46741K(48384K) Class: 5939K(7168K)->5939K(7168K)
[2026-06-18T00:35:27.541+0000][11244.299s][info][gc            ] GC(631) Pause Young (Prepare Mixed) (G1 Evacuation Pause) 445M->204M(512M) 2.380ms
[2026-06-18T00:35:27.542+0000][11244.299s][info][gc,cpu        ] GC(631) User=0.02s Sys=0.00s Real=0.00s
[2026-06-18T00:35:27.636+0000][11244.393s][info][gc,start      ] GC(632) Pause Young (Mixed) (G1 Evacuation Pause)
[2026-06-18T00:35:27.636+0000][11244.393s][info][gc,task       ] GC(632) Using 13 workers of 13 for evacuation
[2026-06-18T00:35:27.639+0000][11244.397s][info][gc,phases     ] GC(632)   Pre Evacuate Collection Set: 0.0ms
[2026-06-18T00:35:27.640+0000][11244.397s][info][gc,phases     ] GC(632)   Evacuate Collection Set: 3.0ms
[2026-06-18T00:35:27.640+0000][11244.397s][info][gc,phases     ] GC(632)   Post Evacuate Collection Set: 0.3ms
[2026-06-18T00:35:27.640+0000][11244.397s][info][gc,phases     ] GC(632)   Other: 0.3ms
[2026-06-18T00:35:27.640+0000][11244.397s][info][gc,heap       ] GC(632) Eden regions: 19->0(245)
[2026-06-18T00:35:27.640+0000][11244.397s][info][gc,heap       ] GC(632) Survivor regions: 6->2(4)
[2026-06-18T00:35:27.640+0000][11244.397s][info][gc,heap       ] GC(632) Old regions: 51->51
[2026-06-18T00:35:27.640+0000][11244.397s][info][gc,heap       ] GC(632) Humongous regions: 147->147
[2026-06-18T00:35:27.640+0000][11244.397s][info][gc,metaspace  ] GC(632) Metaspace: 52680K(55552K)->52680K(55552K) NonClass: 46741K(48384K)->46741K(48384K) Class: 5939K(7168K)->5939K(7168K)
[2026-06-18T00:35:27.640+0000][11244.397s][info][gc            ] GC(632) Pause Young (Mixed) (G1 Evacuation Pause) 223M->198M(512M) 3.903ms
[2026-06-18T00:35:27.640+0000][11244.397s][info][gc,cpu        ] GC(632) User=0.03s Sys=0.00s Real=0.00s
[2026-06-18T00:35:28.975+0000][11245.732s][info][gc,start      ] GC(633) Pause Young (Normal) (G1 Evacuation Pause)
[2026-06-18T00:35:28.975+0000][11245.732s][info][gc,task       ] GC(633) Using 13 workers of 13 for evacuation
[2026-06-18T00:35:28.976+0000][11245.734s][info][gc,phases     ] GC(633)   Pre Evacuate Collection Set: 0.0ms
[2026-06-18T00:35:28.977+0000][11245.734s][info][gc,phases     ] GC(633)   Evacuate Collection Set: 1.2ms
[2026-06-18T00:35:28.977+0000][11245.734s][info][gc,phases     ] GC(633)   Post Evacuate Collection Set: 0.3ms
[2026-06-18T00:35:28.977+0000][11245.734s][info][gc,phases     ] GC(633)   Other: 0.4ms
[2026-06-18T00:35:28.977+0000][11245.734s][info][gc,heap       ] GC(633) Eden regions: 245->0(247)
[2026-06-18T00:35:28.977+0000][11245.734s][info][gc,heap       ] GC(633) Survivor regions: 2->2(31)
[2026-06-18T00:35:28.977+0000][11245.734s][info][gc,heap       ] GC(633) Old regions: 51->51
[2026-06-18T00:35:28.977+0000][11245.734s][info][gc,heap       ] GC(633) Humongous regions: 147->147
[2026-06-18T00:35:28.977+0000][11245.734s][info][gc,metaspace  ] GC(633) Metaspace: 52680K(55552K)->52680K(55552K) NonClass: 46741K(48384K)->46741K(48384K) Class: 5939K(7168K)->5939K(7168K)
[2026-06-18T00:35:28.977+0000][11245.734s][info][gc            ] GC(633) Pause Young (Normal) (G1 Evacuation Pause) 443M->198M(512M) 2.360ms
[2026-06-18T00:35:28.977+0000][11245.734s][info][gc,cpu        ] GC(633) User=0.02s Sys=0.00s Real=0.01s
[2026-06-18T00:35:30.265+0000][11247.022s][info][gc,start      ] GC(634) Pause Young (Normal) (G1 Evacuation Pause)
[2026-06-18T00:35:30.265+0000][11247.022s][info][gc,task       ] GC(634) Using 13 workers of 13 for evacuation
[2026-06-18T00:35:30.267+0000][11247.025s][info][gc,phases     ] GC(634)   Pre Evacuate Collection Set: 0.0ms
[2026-06-18T00:35:30.268+0000][11247.025s][info][gc,phases     ] GC(634)   Evacuate Collection Set: 2.1ms
[2026-06-18T00:35:30.268+0000][11247.025s][info][gc,phases     ] GC(634)   Post Evacuate Collection Set: 0.3ms
[2026-06-18T00:35:30.268+0000][11247.025s][info][gc,phases     ] GC(634)   Other: 0.3ms
[2026-06-18T00:35:30.268+0000][11247.025s][info][gc,heap       ] GC(634) Eden regions: 247->0(244)
[2026-06-18T00:35:30.268+0000][11247.025s][info][gc,heap       ] GC(634) Survivor regions: 2->6(32)
[2026-06-18T00:35:30.268+0000][11247.025s][info][gc,heap       ] GC(634) Old regions: 51->51
[2026-06-18T00:35:30.268+0000][11247.025s][info][gc,heap       ] GC(634) Humongous regions: 147->147
[2026-06-18T00:35:30.268+0000][11247.025s][info][gc,metaspace  ] GC(634) Metaspace: 52680K(55552K)->52680K(55552K) NonClass: 46741K(48384K)->46741K(48384K) Class: 5939K(7168K)->5939K(7168K)
[2026-06-18T00:35:30.268+0000][11247.025s][info][gc            ] GC(634) Pause Young (Normal) (G1 Evacuation Pause) 445M->202M(512M) 3.156ms
[2026-06-18T00:35:30.268+0000][11247.026s][info][gc,cpu        ] GC(634) User=0.03s Sys=0.00s Real=0.01s
[2026-06-18T00:36:18.964+0000][11295.722s][info][gc,start      ] GC(635) Pause Young (Concurrent Start) (G1 Evacuation Pause)
[2026-06-18T00:36:18.964+0000][11295.722s][info][gc,task       ] GC(635) Using 13 workers of 13 for evacuation
[2026-06-18T00:36:18.969+0000][11295.726s][info][gc,phases     ] GC(635)   Pre Evacuate Collection Set: 0.3ms
[2026-06-18T00:36:18.969+0000][11295.727s][info][gc,phases     ] GC(635)   Evacuate Collection Set: 3.8ms
[2026-06-18T00:36:18.969+0000][11295.727s][info][gc,phases     ] GC(635)   Post Evacuate Collection Set: 0.3ms
[2026-06-18T00:36:18.969+0000][11295.727s][info][gc,phases     ] GC(635)   Other: 0.4ms
[2026-06-18T00:36:18.969+0000][11295.727s][info][gc,heap       ] GC(635) Eden regions: 244->0(238)
[2026-06-18T00:36:18.969+0000][11295.727s][info][gc,heap       ] GC(635) Survivor regions: 6->9(32)
[2026-06-18T00:36:18.969+0000][11295.727s][info][gc,heap       ] GC(635) Old regions: 51->51
[2026-06-18T00:36:18.969+0000][11295.727s][info][gc,heap       ] GC(635) Humongous regions: 147->147
[2026-06-18T00:36:18.969+0000][11295.727s][info][gc,metaspace  ] GC(635) Metaspace: 52680K(55552K)->52680K(55552K) NonClass: 46741K(48384K)->46741K(48384K) Class: 5939K(7168K)->5939K(7168K)
[2026-06-18T00:36:18.969+0000][11295.727s][info][gc            ] GC(635) Pause Young (Concurrent Start) (G1 Evacuation Pause) 446M->205M(512M) 5.243ms
[2026-06-18T00:36:18.969+0000][11295.727s][info][gc,cpu        ] GC(635) User=0.05s Sys=0.00s Real=0.01s
[2026-06-18T00:36:18.969+0000][11295.727s][info][gc            ] GC(636) Concurrent Cycle
[2026-06-18T00:36:18.969+0000][11295.727s][info][gc,marking    ] GC(636) Concurrent Clear Claimed Marks
[2026-06-18T00:36:18.970+0000][11295.727s][info][gc,marking    ] GC(636) Concurrent Clear Claimed Marks 0.220ms
[2026-06-18T00:36:18.970+0000][11295.727s][info][gc,marking    ] GC(636) Concurrent Scan Root Regions
[2026-06-18T00:36:18.971+0000][11295.729s][info][gc,marking    ] GC(636) Concurrent Scan Root Regions 1.431ms
[2026-06-18T00:36:18.971+0000][11295.729s][info][gc,marking    ] GC(636) Concurrent Mark (11295.729s)
[2026-06-18T00:36:18.971+0000][11295.729s][info][gc,marking    ] GC(636) Concurrent Mark From Roots
[2026-06-18T00:36:18.971+0000][11295.729s][info][gc,task       ] GC(636) Using 3 workers of 3 for marking
[2026-06-18T00:36:18.976+0000][11295.734s][info][gc,marking    ] GC(636) Concurrent Mark From Roots 5.013ms
[2026-06-18T00:36:18.976+0000][11295.734s][info][gc,marking    ] GC(636) Concurrent Preclean
[2026-06-18T00:36:18.976+0000][11295.734s][info][gc,marking    ] GC(636) Concurrent Preclean 0.179ms
[2026-06-18T00:36:18.977+0000][11295.734s][info][gc,marking    ] GC(636) Concurrent Mark (11295.729s, 11295.734s) 5.400ms
[2026-06-18T00:36:18.977+0000][11295.735s][info][gc,start      ] GC(636) Pause Remark
[2026-06-18T00:36:18.983+0000][11295.741s][info][gc,stringtable] GC(636) Cleaned string and symbol table, strings: 17370 processed, 0 removed, symbols: 125114 processed, 0 removed
[2026-06-18T00:36:18.983+0000][11295.741s][info][gc            ] GC(636) Pause Remark 209M->209M(512M) 6.501ms
[2026-06-18T00:36:18.983+0000][11295.741s][info][gc,cpu        ] GC(636) User=0.07s Sys=0.00s Real=0.00s
[2026-06-18T00:36:18.983+0000][11295.741s][info][gc,marking    ] GC(636) Concurrent Rebuild Remembered Sets
[2026-06-18T00:36:18.988+0000][11295.746s][info][gc,marking    ] GC(636) Concurrent Rebuild Remembered Sets 4.723ms
[2026-06-18T00:36:18.988+0000][11295.746s][info][gc,start      ] GC(636) Pause Cleanup
[2026-06-18T00:36:18.989+0000][11295.746s][info][gc            ] GC(636) Pause Cleanup 210M->210M(512M) 0.238ms
[2026-06-18T00:36:18.989+0000][11295.746s][info][gc,cpu        ] GC(636) User=0.00s Sys=0.00s Real=0.00s
[2026-06-18T00:36:18.989+0000][11295.746s][info][gc,marking    ] GC(636) Concurrent Cleanup for Next Mark
[2026-06-18T00:36:18.989+0000][11295.747s][info][gc,marking    ] GC(636) Concurrent Cleanup for Next Mark 0.148ms
[2026-06-18T00:36:18.989+0000][11295.747s][info][gc            ] GC(636) Concurrent Cycle 19.639ms
[2026-06-18T00:36:20.240+0000][11296.998s][info][gc,start      ] GC(637) Pause Young (Prepare Mixed) (G1 Evacuation Pause)
[2026-06-18T00:36:20.240+0000][11296.998s][info][gc,task       ] GC(637) Using 13 workers of 13 for evacuation
[2026-06-18T00:36:20.242+0000][11297.000s][info][gc,phases     ] GC(637)   Pre Evacuate Collection Set: 0.0ms
[2026-06-18T00:36:20.242+0000][11297.000s][info][gc,phases     ] GC(637)   Evacuate Collection Set: 1.5ms
[2026-06-18T00:36:20.242+0000][11297.000s][info][gc,phases     ] GC(637)   Post Evacuate Collection Set: 0.3ms
[2026-06-18T00:36:20.242+0000][11297.000s][info][gc,phases     ] GC(637)   Other: 0.3ms
[2026-06-18T00:36:20.242+0000][11297.000s][info][gc,heap       ] GC(637) Eden regions: 238->0(20)
[2026-06-18T00:36:20.243+0000][11297.000s][info][gc,heap       ] GC(637) Survivor regions: 9->5(31)
[2026-06-18T00:36:20.243+0000][11297.000s][info][gc,heap       ] GC(637) Old regions: 51->51
[2026-06-18T00:36:20.243+0000][11297.000s][info][gc,heap       ] GC(637) Humongous regions: 147->147
[2026-06-18T00:36:20.243+0000][11297.000s][info][gc,metaspace  ] GC(637) Metaspace: 52680K(55552K)->52680K(55552K) NonClass: 46741K(48384K)->46741K(48384K) Class: 5939K(7168K)->5939K(7168K)
[2026-06-18T00:36:20.243+0000][11297.000s][info][gc            ] GC(637) Pause Young (Prepare Mixed) (G1 Evacuation Pause) 443M->201M(512M) 2.594ms
[2026-06-18T00:36:20.243+0000][11297.001s][info][gc,cpu        ] GC(637) User=0.02s Sys=0.00s Real=0.00s
[2026-06-18T00:36:20.335+0000][11297.093s][info][gc,start      ] GC(638) Pause Young (Mixed) (G1 Evacuation Pause)
[2026-06-18T00:36:20.335+0000][11297.093s][info][gc,task       ] GC(638) Using 13 workers of 13 for evacuation
[2026-06-18T00:36:20.340+0000][11297.098s][info][gc,phases     ] GC(638)   Pre Evacuate Collection Set: 0.0ms
[2026-06-18T00:36:20.340+0000][11297.098s][info][gc,phases     ] GC(638)   Evacuate Collection Set: 4.6ms
[2026-06-18T00:36:20.340+0000][11297.098s][info][gc,phases     ] GC(638)   Post Evacuate Collection Set: 0.3ms
[2026-06-18T00:36:20.340+0000][11297.098s][info][gc,phases     ] GC(638)   Other: 0.3ms
[2026-06-18T00:36:20.340+0000][11297.098s][info][gc,heap       ] GC(638) Eden regions: 20->0(246)
[2026-06-18T00:36:20.340+0000][11297.098s][info][gc,heap       ] GC(638) Survivor regions: 5->2(4)
[2026-06-18T00:36:20.340+0000][11297.098s][info][gc,heap       ] GC(638) Old regions: 51->49
[2026-06-18T00:36:20.340+0000][11297.098s][info][gc,heap       ] GC(638) Humongous regions: 147->147
[2026-06-18T00:36:20.340+0000][11297.098s][info][gc,metaspace  ] GC(638) Metaspace: 52680K(55552K)->52680K(55552K) NonClass: 46741K(48384K)->46741K(48384K) Class: 5939K(7168K)->5939K(7168K)
[2026-06-18T00:36:20.341+0000][11297.098s][info][gc            ] GC(638) Pause Young (Mixed) (G1 Evacuation Pause) 221M->196M(512M) 5.746ms
[2026-06-18T00:36:20.341+0000][11297.098s][info][gc,cpu        ] GC(638) User=0.05s Sys=0.00s Real=0.01s
[2026-06-18T00:36:21.592+0000][11298.350s][info][gc,start      ] GC(639) Pause Young (Normal) (G1 Evacuation Pause)
[2026-06-18T00:36:21.593+0000][11298.350s][info][gc,task       ] GC(639) Using 13 workers of 13 for evacuation
[2026-06-18T00:36:21.596+0000][11298.354s][info][gc,phases     ] GC(639)   Pre Evacuate Collection Set: 0.0ms
[2026-06-18T00:36:21.596+0000][11298.354s][info][gc,phases     ] GC(639)   Evacuate Collection Set: 2.6ms
[2026-06-18T00:36:21.596+0000][11298.354s][info][gc,phases     ] GC(639)   Post Evacuate Collection Set: 0.5ms
[2026-06-18T00:36:21.596+0000][11298.354s][info][gc,phases     ] GC(639)   Other: 0.4ms
[2026-06-18T00:36:21.596+0000][11298.354s][info][gc,heap       ] GC(639) Eden regions: 246->0(248)
[2026-06-18T00:36:21.596+0000][11298.354s][info][gc,heap       ] GC(639) Survivor regions: 2->2(31)
[2026-06-18T00:36:21.596+0000][11298.354s][info][gc,heap       ] GC(639) Old regions: 49->49
[2026-06-18T00:36:21.596+0000][11298.354s][info][gc,heap       ] GC(639) Humongous regions: 147->147
[2026-06-18T00:36:21.596+0000][11298.354s][info][gc,metaspace  ] GC(639) Metaspace: 52680K(55552K)->52680K(55552K) NonClass: 46741K(48384K)->46741K(48384K) Class: 5939K(7168K)->5939K(7168K)
[2026-06-18T00:36:21.596+0000][11298.354s][info][gc            ] GC(639) Pause Young (Normal) (G1 Evacuation Pause) 442M->196M(512M) 4.059ms
[2026-06-18T00:36:21.597+0000][11298.354s][info][gc,cpu        ] GC(639) User=0.04s Sys=0.00s Real=0.01s
[2026-06-18T00:37:10.033+0000][11346.790s][info][gc,start      ] GC(640) Pause Young (Normal) (G1 Evacuation Pause)
[2026-06-18T00:37:10.033+0000][11346.790s][info][gc,task       ] GC(640) Using 13 workers of 13 for evacuation
[2026-06-18T00:37:10.035+0000][11346.792s][info][gc,phases     ] GC(640)   Pre Evacuate Collection Set: 0.0ms
[2026-06-18T00:37:10.035+0000][11346.792s][info][gc,phases     ] GC(640)   Evacuate Collection Set: 1.2ms
[2026-06-18T00:37:10.035+0000][11346.792s][info][gc,phases     ] GC(640)   Post Evacuate Collection Set: 0.3ms
[2026-06-18T00:37:10.035+0000][11346.792s][info][gc,phases     ] GC(640)   Other: 0.3ms
[2026-06-18T00:37:10.035+0000][11346.792s][info][gc,heap       ] GC(640) Eden regions: 248->0(246)
[2026-06-18T00:37:10.035+0000][11346.792s][info][gc,heap       ] GC(640) Survivor regions: 2->5(32)
[2026-06-18T00:37:10.035+0000][11346.792s][info][gc,heap       ] GC(640) Old regions: 49->49
[2026-06-18T00:37:10.035+0000][11346.792s][info][gc,heap       ] GC(640) Humongous regions: 147->147
[2026-06-18T00:37:10.035+0000][11346.792s][info][gc,metaspace  ] GC(640) Metaspace: 52680K(55552K)->52680K(55552K) NonClass: 46741K(48384K)->46741K(48384K) Class: 5939K(7168K)->5939K(7168K)
[2026-06-18T00:37:10.035+0000][11346.792s][info][gc            ] GC(640) Pause Young (Normal) (G1 Evacuation Pause) 444M->200M(512M) 2.258ms
[2026-06-18T00:37:10.035+0000][11346.792s][info][gc,cpu        ] GC(640) User=0.01s Sys=0.00s Real=0.00s
[2026-06-18T00:37:11.679+0000][11348.436s][info][gc,start      ] GC(641) Pause Young (Concurrent Start) (G1 Evacuation Pause)
[2026-06-18T00:37:11.679+0000][11348.436s][info][gc,task       ] GC(641) Using 13 workers of 13 for evacuation
[2026-06-18T00:37:11.682+0000][11348.439s][info][gc,phases     ] GC(641)   Pre Evacuate Collection Set: 0.3ms
[2026-06-18T00:37:11.682+0000][11348.439s][info][gc,phases     ] GC(641)   Evacuate Collection Set: 2.0ms
[2026-06-18T00:37:11.682+0000][11348.439s][info][gc,phases     ] GC(641)   Post Evacuate Collection Set: 0.5ms
[2026-06-18T00:37:11.682+0000][11348.439s][info][gc,phases     ] GC(641)   Other: 0.4ms
[2026-06-18T00:37:11.682+0000][11348.439s][info][gc,heap       ] GC(641) Eden regions: 246->0(242)
[2026-06-18T00:37:11.682+0000][11348.439s][info][gc,heap       ] GC(641) Survivor regions: 5->8(32)
[2026-06-18T00:37:11.683+0000][11348.439s][info][gc,heap       ] GC(641) Old regions: 49->49
[2026-06-18T00:37:11.683+0000][11348.439s][info][gc,heap       ] GC(641) Humongous regions: 147->147
[2026-06-18T00:37:11.683+0000][11348.440s][info][gc,metaspace  ] GC(641) Metaspace: 52680K(55552K)->52680K(55552K) NonClass: 46741K(48384K)->46741K(48384K) Class: 5939K(7168K)->5939K(7168K)
[2026-06-18T00:37:11.683+0000][11348.440s][info][gc            ] GC(641) Pause Young (Concurrent Start) (G1 Evacuation Pause) 446M->203M(512M) 3.928ms
[2026-06-18T00:37:11.683+0000][11348.440s][info][gc,cpu        ] GC(641) User=0.02s Sys=0.00s Real=0.00s
[2026-06-18T00:37:11.683+0000][11348.440s][info][gc            ] GC(642) Concurrent Cycle
[2026-06-18T00:37:11.683+0000][11348.440s][info][gc,marking    ] GC(642) Concurrent Clear Claimed Marks
[2026-06-18T00:37:11.683+0000][11348.440s][info][gc,marking    ] GC(642) Concurrent Clear Claimed Marks 0.243ms
[2026-06-18T00:37:11.683+0000][11348.440s][info][gc,marking    ] GC(642) Concurrent Scan Root Regions
[2026-06-18T00:37:11.685+0000][11348.442s][info][gc,marking    ] GC(642) Concurrent Scan Root Regions 1.410ms
[2026-06-18T00:37:11.685+0000][11348.442s][info][gc,marking    ] GC(642) Concurrent Mark (11348.442s)
[2026-06-18T00:37:11.685+0000][11348.442s][info][gc,marking    ] GC(642) Concurrent Mark From Roots
[2026-06-18T00:37:11.685+0000][11348.442s][info][gc,task       ] GC(642) Using 3 workers of 3 for marking
[2026-06-18T00:37:11.691+0000][11348.448s][info][gc,marking    ] GC(642) Concurrent Mark From Roots 5.991ms
[2026-06-18T00:37:11.691+0000][11348.448s][info][gc,marking    ] GC(642) Concurrent Preclean
[2026-06-18T00:37:11.691+0000][11348.448s][info][gc,marking    ] GC(642) Concurrent Preclean 0.226ms
[2026-06-18T00:37:11.692+0000][11348.448s][info][gc,marking    ] GC(642) Concurrent Mark (11348.442s, 11348.448s) 6.673ms
[2026-06-18T00:37:11.692+0000][11348.449s][info][gc,start      ] GC(642) Pause Remark
[2026-06-18T00:37:11.695+0000][11348.452s][info][gc,stringtable] GC(642) Cleaned string and symbol table, strings: 17370 processed, 0 removed, symbols: 125114 processed, 0 removed
[2026-06-18T00:37:11.695+0000][11348.452s][info][gc            ] GC(642) Pause Remark 207M->207M(512M) 3.378ms
[2026-06-18T00:37:11.695+0000][11348.452s][info][gc,cpu        ] GC(642) User=0.01s Sys=0.01s Real=0.00s
[2026-06-18T00:37:11.695+0000][11348.452s][info][gc,marking    ] GC(642) Concurrent Rebuild Remembered Sets
[2026-06-18T00:37:11.699+0000][11348.456s][info][gc,marking    ] GC(642) Concurrent Rebuild Remembered Sets 4.121ms
[2026-06-18T00:37:11.700+0000][11348.457s][info][gc,start      ] GC(642) Pause Cleanup
[2026-06-18T00:37:11.700+0000][11348.457s][info][gc            ] GC(642) Pause Cleanup 208M->208M(512M) 0.193ms
[2026-06-18T00:37:11.700+0000][11348.457s][info][gc,cpu        ] GC(642) User=0.00s Sys=0.00s Real=0.00s
[2026-06-18T00:37:11.700+0000][11348.457s][info][gc,marking    ] GC(642) Concurrent Cleanup for Next Mark
[2026-06-18T00:37:11.700+0000][11348.457s][info][gc,marking    ] GC(642) Concurrent Cleanup for Next Mark 0.150ms
[2026-06-18T00:37:11.700+0000][11348.457s][info][gc            ] GC(642) Concurrent Cycle 17.514ms
[2026-06-18T00:37:13.022+0000][11349.779s][info][gc,start      ] GC(643) Pause Young (Prepare Mixed) (G1 Evacuation Pause)
[2026-06-18T00:37:13.023+0000][11349.779s][info][gc,task       ] GC(643) Using 13 workers of 13 for evacuation
[2026-06-18T00:37:13.024+0000][11349.781s][info][gc,phases     ] GC(643)   Pre Evacuate Collection Set: 0.0ms
[2026-06-18T00:37:13.025+0000][11349.781s][info][gc,phases     ] GC(643)   Evacuate Collection Set: 1.4ms
[2026-06-18T00:37:13.025+0000][11349.781s][info][gc,phases     ] GC(643)   Post Evacuate Collection Set: 0.3ms
[2026-06-18T00:37:13.025+0000][11349.781s][info][gc,phases     ] GC(643)   Other: 0.3ms
[2026-06-18T00:37:13.025+0000][11349.781s][info][gc,heap       ] GC(643) Eden regions: 242->0(21)
[2026-06-18T00:37:13.025+0000][11349.782s][info][gc,heap       ] GC(643) Survivor regions: 8->4(32)
[2026-06-18T00:37:13.025+0000][11349.782s][info][gc,heap       ] GC(643) Old regions: 49->49
[2026-06-18T00:37:13.025+0000][11349.782s][info][gc,heap       ] GC(643) Humongous regions: 147->147
[2026-06-18T00:37:13.025+0000][11349.782s][info][gc,metaspace  ] GC(643) Metaspace: 52680K(55552K)->52680K(55552K) NonClass: 46741K(48384K)->46741K(48384K) Class: 5939K(7168K)->5939K(7168K)
[2026-06-18T00:37:13.025+0000][11349.782s][info][gc            ] GC(643) Pause Young (Prepare Mixed) (G1 Evacuation Pause) 445M->198M(512M) 2.515ms
[2026-06-18T00:37:13.025+0000][11349.782s][info][gc,cpu        ] GC(643) User=0.02s Sys=0.00s Real=0.00s
[2026-06-18T00:37:13.128+0000][11349.885s][info][gc,start      ] GC(644) Pause Young (Mixed) (G1 Evacuation Pause)
[2026-06-18T00:37:13.128+0000][11349.885s][info][gc,task       ] GC(644) Using 13 workers of 13 for evacuation
[2026-06-18T00:37:13.130+0000][11349.887s][info][gc,phases     ] GC(644)   Pre Evacuate Collection Set: 0.0ms
[2026-06-18T00:37:13.130+0000][11349.887s][info][gc,phases     ] GC(644)   Evacuate Collection Set: 1.3ms
[2026-06-18T00:37:13.130+0000][11349.887s][info][gc,phases     ] GC(644)   Post Evacuate Collection Set: 0.3ms
[2026-06-18T00:37:13.130+0000][11349.887s][info][gc,phases     ] GC(644)   Other: 0.3ms
[2026-06-18T00:37:13.130+0000][11349.887s][info][gc,heap       ] GC(644) Eden regions: 21->0(249)
[2026-06-18T00:37:13.130+0000][11349.887s][info][gc,heap       ] GC(644) Survivor regions: 4->3(4)
[2026-06-18T00:37:13.130+0000][11349.887s][info][gc,heap       ] GC(644) Old regions: 49->46
[2026-06-18T00:37:13.130+0000][11349.887s][info][gc,heap       ] GC(644) Humongous regions: 147->147
[2026-06-18T00:37:13.130+0000][11349.887s][info][gc,metaspace  ] GC(644) Metaspace: 52680K(55552K)->52680K(55552K) NonClass: 46741K(48384K)->46741K(48384K) Class: 5939K(7168K)->5939K(7168K)
[2026-06-18T00:37:13.130+0000][11349.887s][info][gc            ] GC(644) Pause Young (Mixed) (G1 Evacuation Pause) 219M->195M(512M) 2.413ms
[2026-06-18T00:37:13.130+0000][11349.887s][info][gc,cpu        ] GC(644) User=0.02s Sys=0.00s Real=0.00s
[2026-06-18T00:37:14.371+0000][11351.127s][info][gc,start      ] GC(645) Pause Young (Normal) (G1 Evacuation Pause)
[2026-06-18T00:37:14.371+0000][11351.127s][info][gc,task       ] GC(645) Using 13 workers of 13 for evacuation
[2026-06-18T00:37:14.373+0000][11351.129s][info][gc,phases     ] GC(645)   Pre Evacuate Collection Set: 0.0ms
[2026-06-18T00:37:14.373+0000][11351.130s][info][gc,phases     ] GC(645)   Evacuate Collection Set: 1.5ms
[2026-06-18T00:37:14.373+0000][11351.130s][info][gc,phases     ] GC(645)   Post Evacuate Collection Set: 0.3ms
[2026-06-18T00:37:14.373+0000][11351.130s][info][gc,phases     ] GC(645)   Other: 0.3ms
[2026-06-18T00:37:14.373+0000][11351.130s][info][gc,heap       ] GC(645) Eden regions: 249->0(246)
[2026-06-18T00:37:14.373+0000][11351.130s][info][gc,heap       ] GC(645) Survivor regions: 3->7(32)
[2026-06-18T00:37:14.373+0000][11351.130s][info][gc,heap       ] GC(645) Old regions: 46->46
[2026-06-18T00:37:14.373+0000][11351.130s][info][gc,heap       ] GC(645) Humongous regions: 147->147
[2026-06-18T00:37:14.373+0000][11351.130s][info][gc,metaspace  ] GC(645) Metaspace: 52680K(55552K)->52680K(55552K) NonClass: 46741K(48384K)->46741K(48384K) Class: 5939K(7168K)->5939K(7168K)
[2026-06-18T00:37:14.373+0000][11351.130s][info][gc            ] GC(645) Pause Young (Normal) (G1 Evacuation Pause) 444M->199M(512M) 2.550ms
[2026-06-18T00:37:14.373+0000][11351.130s][info][gc,cpu        ] GC(645) User=0.02s Sys=0.00s Real=0.00s
[2026-06-18T00:38:03.155+0000][11399.911s][info][gc,start      ] GC(646) Pause Young (Normal) (G1 Evacuation Pause)
[2026-06-18T00:38:03.155+0000][11399.911s][info][gc,task       ] GC(646) Using 13 workers of 13 for evacuation
[2026-06-18T00:38:03.157+0000][11399.913s][info][gc,phases     ] GC(646)   Pre Evacuate Collection Set: 0.0ms
[2026-06-18T00:38:03.157+0000][11399.913s][info][gc,phases     ] GC(646)   Evacuate Collection Set: 1.4ms
[2026-06-18T00:38:03.157+0000][11399.913s][info][gc,phases     ] GC(646)   Post Evacuate Collection Set: 0.3ms
[2026-06-18T00:38:03.157+0000][11399.913s][info][gc,phases     ] GC(646)   Other: 0.3ms
[2026-06-18T00:38:03.157+0000][11399.913s][info][gc,heap       ] GC(646) Eden regions: 246->0(249)
[2026-06-18T00:38:03.157+0000][11399.913s][info][gc,heap       ] GC(646) Survivor regions: 7->4(32)
[2026-06-18T00:38:03.157+0000][11399.913s][info][gc,heap       ] GC(646) Old regions: 46->46
[2026-06-18T00:38:03.157+0000][11399.913s][info][gc,heap       ] GC(646) Humongous regions: 147->147
[2026-06-18T00:38:03.157+0000][11399.913s][info][gc,metaspace  ] GC(646) Metaspace: 52681K(55552K)->52681K(55552K) NonClass: 46741K(48384K)->46741K(48384K) Class: 5939K(7168K)->5939K(7168K)
[2026-06-18T00:38:03.157+0000][11399.914s][info][gc            ] GC(646) Pause Young (Normal) (G1 Evacuation Pause) 445M->196M(512M) 2.448ms
[2026-06-18T00:38:03.157+0000][11399.914s][info][gc,cpu        ] GC(646) User=0.01s Sys=0.00s Real=0.01s
[2026-06-18T00:38:04.557+0000][11401.313s][info][gc,start      ] GC(647) Pause Young (Concurrent Start) (G1 Evacuation Pause)
[2026-06-18T00:38:04.557+0000][11401.313s][info][gc,task       ] GC(647) Using 13 workers of 13 for evacuation
[2026-06-18T00:38:04.560+0000][11401.316s][info][gc,phases     ] GC(647)   Pre Evacuate Collection Set: 0.3ms
[2026-06-18T00:38:04.560+0000][11401.316s][info][gc,phases     ] GC(647)   Evacuate Collection Set: 2.2ms
[2026-06-18T00:38:04.560+0000][11401.317s][info][gc,phases     ] GC(647)   Post Evacuate Collection Set: 0.4ms
[2026-06-18T00:38:04.560+0000][11401.317s][info][gc,phases     ] GC(647)   Other: 0.3ms
[2026-06-18T00:38:04.560+0000][11401.317s][info][gc,heap       ] GC(647) Eden regions: 249->0(246)
[2026-06-18T00:38:04.560+0000][11401.317s][info][gc,heap       ] GC(647) Survivor regions: 4->8(32)
[2026-06-18T00:38:04.560+0000][11401.317s][info][gc,heap       ] GC(647) Old regions: 46->46
[2026-06-18T00:38:04.560+0000][11401.317s][info][gc,heap       ] GC(647) Humongous regions: 147->147
[2026-06-18T00:38:04.560+0000][11401.317s][info][gc,metaspace  ] GC(647) Metaspace: 52704K(55552K)->52704K(55552K) NonClass: 46764K(48384K)->46764K(48384K) Class: 5940K(7168K)->5940K(7168K)
[2026-06-18T00:38:04.560+0000][11401.317s][info][gc            ] GC(647) Pause Young (Concurrent Start) (G1 Evacuation Pause) 445M->200M(512M) 3.696ms
[2026-06-18T00:38:04.561+0000][11401.317s][info][gc,cpu        ] GC(647) User=0.02s Sys=0.00s Real=0.00s
[2026-06-18T00:38:04.561+0000][11401.317s][info][gc            ] GC(648) Concurrent Cycle
[2026-06-18T00:38:04.561+0000][11401.317s][info][gc,marking    ] GC(648) Concurrent Clear Claimed Marks
[2026-06-18T00:38:04.561+0000][11401.317s][info][gc,marking    ] GC(648) Concurrent Clear Claimed Marks 0.138ms
[2026-06-18T00:38:04.561+0000][11401.317s][info][gc,marking    ] GC(648) Concurrent Scan Root Regions
[2026-06-18T00:38:04.563+0000][11401.319s][info][gc,marking    ] GC(648) Concurrent Scan Root Regions 1.548ms
[2026-06-18T00:38:04.563+0000][11401.319s][info][gc,marking    ] GC(648) Concurrent Mark (11401.319s)
[2026-06-18T00:38:04.563+0000][11401.319s][info][gc,marking    ] GC(648) Concurrent Mark From Roots
[2026-06-18T00:38:04.563+0000][11401.319s][info][gc,task       ] GC(648) Using 3 workers of 3 for marking
[2026-06-18T00:38:04.568+0000][11401.325s][info][gc,marking    ] GC(648) Concurrent Mark From Roots 5.741ms
[2026-06-18T00:38:04.569+0000][11401.325s][info][gc,marking    ] GC(648) Concurrent Preclean
[2026-06-18T00:38:04.569+0000][11401.325s][info][gc,marking    ] GC(648) Concurrent Preclean 0.255ms
[2026-06-18T00:38:04.569+0000][11401.325s][info][gc,marking    ] GC(648) Concurrent Mark (11401.319s, 11401.325s) 6.308ms
[2026-06-18T00:38:04.569+0000][11401.326s][info][gc,start      ] GC(648) Pause Remark
[2026-06-18T00:38:04.572+0000][11401.328s][info][gc,stringtable] GC(648) Cleaned string and symbol table, strings: 17370 processed, 0 removed, symbols: 125114 processed, 0 removed
[2026-06-18T00:38:04.572+0000][11401.329s][info][gc            ] GC(648) Pause Remark 204M->204M(512M) 2.995ms
[2026-06-18T00:38:04.572+0000][11401.329s][info][gc,cpu        ] GC(648) User=0.02s Sys=0.00s Real=0.00s
[2026-06-18T00:38:04.572+0000][11401.329s][info][gc,marking    ] GC(648) Concurrent Rebuild Remembered Sets
[2026-06-18T00:38:04.577+0000][11401.333s][info][gc,marking    ] GC(648) Concurrent Rebuild Remembered Sets 4.628ms
[2026-06-18T00:38:04.577+0000][11401.334s][info][gc,start      ] GC(648) Pause Cleanup
[2026-06-18T00:38:04.578+0000][11401.334s][info][gc            ] GC(648) Pause Cleanup 205M->205M(512M) 0.508ms
[2026-06-18T00:38:04.578+0000][11401.335s][info][gc,cpu        ] GC(648) User=0.00s Sys=0.00s Real=0.00s
[2026-06-18T00:38:04.578+0000][11401.335s][info][gc,marking    ] GC(648) Concurrent Cleanup for Next Mark
[2026-06-18T00:38:04.578+0000][11401.335s][info][gc,marking    ] GC(648) Concurrent Cleanup for Next Mark 0.240ms
[2026-06-18T00:38:04.578+0000][11401.335s][info][gc            ] GC(648) Concurrent Cycle 17.878ms
[2026-06-18T00:38:05.761+0000][11402.517s][info][gc,start      ] GC(649) Pause Young (Prepare Mixed) (G1 Evacuation Pause)
[2026-06-18T00:38:05.761+0000][11402.517s][info][gc,task       ] GC(649) Using 13 workers of 13 for evacuation
[2026-06-18T00:38:05.764+0000][11402.520s][info][gc,phases     ] GC(649)   Pre Evacuate Collection Set: 0.0ms
[2026-06-18T00:38:05.764+0000][11402.520s][info][gc,phases     ] GC(649)   Evacuate Collection Set: 2.3ms
[2026-06-18T00:38:05.764+0000][11402.520s][info][gc,phases     ] GC(649)   Post Evacuate Collection Set: 0.3ms
[2026-06-18T00:38:05.764+0000][11402.520s][info][gc,phases     ] GC(649)   Other: 0.3ms
[2026-06-18T00:38:05.764+0000][11402.520s][info][gc,heap       ] GC(649) Eden regions: 246->0(14)
[2026-06-18T00:38:05.764+0000][11402.520s][info][gc,heap       ] GC(649) Survivor regions: 8->11(32)
[2026-06-18T00:38:05.764+0000][11402.520s][info][gc,heap       ] GC(649) Old regions: 46->46
[2026-06-18T00:38:05.764+0000][11402.521s][info][gc,heap       ] GC(649) Humongous regions: 147->147
[2026-06-18T00:38:05.764+0000][11402.521s][info][gc,metaspace  ] GC(649) Metaspace: 52704K(55552K)->52704K(55552K) NonClass: 46764K(48384K)->46764K(48384K) Class: 5940K(7168K)->5940K(7168K)
[2026-06-18T00:38:05.764+0000][11402.521s][info][gc            ] GC(649) Pause Young (Prepare Mixed) (G1 Evacuation Pause) 446M->203M(512M) 3.495ms
[2026-06-18T00:38:05.764+0000][11402.521s][info][gc,cpu        ] GC(649) User=0.03s Sys=0.00s Real=0.00s
[2026-06-18T00:38:05.826+0000][11402.583s][info][gc,start      ] GC(650) Pause Young (Mixed) (G1 Evacuation Pause)
[2026-06-18T00:38:05.827+0000][11402.583s][info][gc,task       ] GC(650) Using 13 workers of 13 for evacuation
[2026-06-18T00:38:05.832+0000][11402.588s][info][gc,phases     ] GC(650)   Pre Evacuate Collection Set: 0.0ms
[2026-06-18T00:38:05.832+0000][11402.588s][info][gc,phases     ] GC(650)   Evacuate Collection Set: 3.6ms
[2026-06-18T00:38:05.832+0000][11402.588s][info][gc,phases     ] GC(650)   Post Evacuate Collection Set: 1.1ms
[2026-06-18T00:38:05.832+0000][11402.588s][info][gc,phases     ] GC(650)   Other: 0.8ms
[2026-06-18T00:38:05.832+0000][11402.588s][info][gc,heap       ] GC(650) Eden regions: 14->0(246)
[2026-06-18T00:38:05.832+0000][11402.588s][info][gc,heap       ] GC(650) Survivor regions: 11->3(4)
[2026-06-18T00:38:05.832+0000][11402.588s][info][gc,heap       ] GC(650) Old regions: 46->48
[2026-06-18T00:38:05.832+0000][11402.588s][info][gc,heap       ] GC(650) Humongous regions: 147->147
[2026-06-18T00:38:05.832+0000][11402.589s][info][gc,metaspace  ] GC(650) Metaspace: 52704K(55552K)->52704K(55552K) NonClass: 46764K(48384K)->46764K(48384K) Class: 5940K(7168K)->5940K(7168K)
[2026-06-18T00:38:05.832+0000][11402.589s][info][gc            ] GC(650) Pause Young (Mixed) (G1 Evacuation Pause) 217M->196M(512M) 5.918ms
[2026-06-18T00:38:05.832+0000][11402.589s][info][gc,cpu        ] GC(650) User=0.02s Sys=0.01s Real=0.01s
[2026-06-18T00:38:54.228+0000][11450.984s][info][gc,start      ] GC(651) Pause Young (Normal) (G1 Evacuation Pause)
[2026-06-18T00:38:54.228+0000][11450.984s][info][gc,task       ] GC(651) Using 13 workers of 13 for evacuation
[2026-06-18T00:38:54.230+0000][11450.986s][info][gc,phases     ] GC(651)   Pre Evacuate Collection Set: 0.0ms
[2026-06-18T00:38:54.230+0000][11450.986s][info][gc,phases     ] GC(651)   Evacuate Collection Set: 1.4ms
[2026-06-18T00:38:54.230+0000][11450.986s][info][gc,phases     ] GC(651)   Post Evacuate Collection Set: 0.3ms
[2026-06-18T00:38:54.230+0000][11450.986s][info][gc,phases     ] GC(651)   Other: 0.4ms
[2026-06-18T00:38:54.230+0000][11450.986s][info][gc,heap       ] GC(651) Eden regions: 246->0(245)
[2026-06-18T00:38:54.230+0000][11450.986s][info][gc,heap       ] GC(651) Survivor regions: 3->5(32)
[2026-06-18T00:38:54.230+0000][11450.986s][info][gc,heap       ] GC(651) Old regions: 48->48
[2026-06-18T00:38:54.230+0000][11450.986s][info][gc,heap       ] GC(651) Humongous regions: 147->147
[2026-06-18T00:38:54.230+0000][11450.986s][info][gc,metaspace  ] GC(651) Metaspace: 52733K(55552K)->52733K(55552K) NonClass: 46792K(48384K)->46792K(48384K) Class: 5940K(7168K)->5940K(7168K)
[2026-06-18T00:38:54.230+0000][11450.986s][info][gc            ] GC(651) Pause Young (Normal) (G1 Evacuation Pause) 442M->198M(512M) 2.634ms
[2026-06-18T00:38:54.230+0000][11450.986s][info][gc,cpu        ] GC(651) User=0.02s Sys=0.00s Real=0.00s
[2026-06-18T00:38:55.710+0000][11452.466s][info][gc,start      ] GC(652) Pause Young (Normal) (G1 Evacuation Pause)
[2026-06-18T00:38:55.710+0000][11452.466s][info][gc,task       ] GC(652) Using 13 workers of 13 for evacuation
[2026-06-18T00:38:55.713+0000][11452.469s][info][gc,phases     ] GC(652)   Pre Evacuate Collection Set: 0.0ms
[2026-06-18T00:38:55.713+0000][11452.469s][info][gc,phases     ] GC(652)   Evacuate Collection Set: 2.5ms
[2026-06-18T00:38:55.713+0000][11452.469s][info][gc,phases     ] GC(652)   Post Evacuate Collection Set: 0.3ms
[2026-06-18T00:38:55.713+0000][11452.469s][info][gc,phases     ] GC(652)   Other: 0.4ms
[2026-06-18T00:38:55.713+0000][11452.469s][info][gc,heap       ] GC(652) Eden regions: 245->0(239)
[2026-06-18T00:38:55.713+0000][11452.469s][info][gc,heap       ] GC(652) Survivor regions: 5->9(32)
[2026-06-18T00:38:55.713+0000][11452.470s][info][gc,heap       ] GC(652) Old regions: 48->48
[2026-06-18T00:38:55.713+0000][11452.470s][info][gc,heap       ] GC(652) Humongous regions: 147->147
[2026-06-18T00:38:55.713+0000][11452.470s][info][gc,metaspace  ] GC(652) Metaspace: 52733K(55552K)->52733K(55552K) NonClass: 46792K(48384K)->46792K(48384K) Class: 5940K(7168K)->5940K(7168K)
[2026-06-18T00:38:55.714+0000][11452.470s][info][gc            ] GC(652) Pause Young (Normal) (G1 Evacuation Pause) 443M->202M(512M) 3.749ms
[2026-06-18T00:38:55.714+0000][11452.470s][info][gc,cpu        ] GC(652) User=0.03s Sys=0.00s Real=0.00s
[2026-06-18T00:38:57.010+0000][11453.766s][info][gc,start      ] GC(653) Pause Young (Concurrent Start) (G1 Evacuation Pause)
[2026-06-18T00:38:57.010+0000][11453.767s][info][gc,task       ] GC(653) Using 13 workers of 13 for evacuation
[2026-06-18T00:38:57.013+0000][11453.769s][info][gc,phases     ] GC(653)   Pre Evacuate Collection Set: 0.3ms
[2026-06-18T00:38:57.013+0000][11453.769s][info][gc,phases     ] GC(653)   Evacuate Collection Set: 1.4ms
[2026-06-18T00:38:57.013+0000][11453.769s][info][gc,phases     ] GC(653)   Post Evacuate Collection Set: 0.3ms
[2026-06-18T00:38:57.013+0000][11453.769s][info][gc,phases     ] GC(653)   Other: 0.3ms
[2026-06-18T00:38:57.013+0000][11453.769s][info][gc,heap       ] GC(653) Eden regions: 239->0(245)
[2026-06-18T00:38:57.013+0000][11453.769s][info][gc,heap       ] GC(653) Survivor regions: 9->5(31)
[2026-06-18T00:38:57.013+0000][11453.769s][info][gc,heap       ] GC(653) Old regions: 48->48
[2026-06-18T00:38:57.013+0000][11453.769s][info][gc,heap       ] GC(653) Humongous regions: 147->147
[2026-06-18T00:38:57.013+0000][11453.769s][info][gc,metaspace  ] GC(653) Metaspace: 52733K(55552K)->52733K(55552K) NonClass: 46792K(48384K)->46792K(48384K) Class: 5940K(7168K)->5940K(7168K)
[2026-06-18T00:38:57.013+0000][11453.769s][info][gc            ] GC(653) Pause Young (Concurrent Start) (G1 Evacuation Pause) 441M->198M(512M) 2.821ms
[2026-06-18T00:38:57.013+0000][11453.769s][info][gc,cpu        ] GC(653) User=0.02s Sys=0.01s Real=0.00s
[2026-06-18T00:38:57.013+0000][11453.769s][info][gc            ] GC(654) Concurrent Cycle
[2026-06-18T00:38:57.013+0000][11453.769s][info][gc,marking    ] GC(654) Concurrent Clear Claimed Marks
[2026-06-18T00:38:57.014+0000][11453.770s][info][gc,marking    ] GC(654) Concurrent Clear Claimed Marks 0.194ms
[2026-06-18T00:38:57.014+0000][11453.770s][info][gc,marking    ] GC(654) Concurrent Scan Root Regions
[2026-06-18T00:38:57.015+0000][11453.771s][info][gc,marking    ] GC(654) Concurrent Scan Root Regions 0.925ms
[2026-06-18T00:38:57.015+0000][11453.771s][info][gc,marking    ] GC(654) Concurrent Mark (11453.771s)
[2026-06-18T00:38:57.015+0000][11453.771s][info][gc,marking    ] GC(654) Concurrent Mark From Roots
[2026-06-18T00:38:57.015+0000][11453.771s][info][gc,task       ] GC(654) Using 3 workers of 3 for marking
[2026-06-18T00:38:57.020+0000][11453.776s][info][gc,marking    ] GC(654) Concurrent Mark From Roots 5.556ms
[2026-06-18T00:38:57.020+0000][11453.777s][info][gc,marking    ] GC(654) Concurrent Preclean
[2026-06-18T00:38:57.021+0000][11453.777s][info][gc,marking    ] GC(654) Concurrent Preclean 0.173ms
[2026-06-18T00:38:57.021+0000][11453.777s][info][gc,marking    ] GC(654) Concurrent Mark (11453.771s, 11453.777s) 5.953ms
[2026-06-18T00:38:57.021+0000][11453.777s][info][gc,start      ] GC(654) Pause Remark
[2026-06-18T00:38:57.023+0000][11453.779s][info][gc,stringtable] GC(654) Cleaned string and symbol table, strings: 17370 processed, 0 removed, symbols: 125114 processed, 0 removed
[2026-06-18T00:38:57.024+0000][11453.780s][info][gc            ] GC(654) Pause Remark 202M->202M(512M) 2.714ms
[2026-06-18T00:38:57.024+0000][11453.780s][info][gc,cpu        ] GC(654) User=0.02s Sys=0.00s Real=0.00s
[2026-06-18T00:38:57.024+0000][11453.780s][info][gc,marking    ] GC(654) Concurrent Rebuild Remembered Sets
[2026-06-18T00:38:57.028+0000][11453.784s][info][gc,marking    ] GC(654) Concurrent Rebuild Remembered Sets 4.584ms
[2026-06-18T00:38:57.029+0000][11453.785s][info][gc,start      ] GC(654) Pause Cleanup
[2026-06-18T00:38:57.029+0000][11453.785s][info][gc            ] GC(654) Pause Cleanup 203M->203M(512M) 0.177ms
[2026-06-18T00:38:57.029+0000][11453.785s][info][gc,cpu        ] GC(654) User=0.00s Sys=0.00s Real=0.00s
[2026-06-18T00:38:57.029+0000][11453.785s][info][gc,marking    ] GC(654) Concurrent Cleanup for Next Mark
[2026-06-18T00:38:57.029+0000][11453.785s][info][gc,marking    ] GC(654) Concurrent Cleanup for Next Mark 0.156ms
[2026-06-18T00:38:57.029+0000][11453.785s][info][gc            ] GC(654) Concurrent Cycle 15.817ms
[2026-06-18T00:38:58.250+0000][11455.006s][info][gc,start      ] GC(655) Pause Young (Prepare Mixed) (G1 Evacuation Pause)
[2026-06-18T00:38:58.250+0000][11455.006s][info][gc,task       ] GC(655) Using 13 workers of 13 for evacuation
[2026-06-18T00:38:58.252+0000][11455.008s][info][gc,phases     ] GC(655)   Pre Evacuate Collection Set: 0.0ms
[2026-06-18T00:38:58.252+0000][11455.008s][info][gc,phases     ] GC(655)   Evacuate Collection Set: 2.1ms
[2026-06-18T00:38:58.252+0000][11455.009s][info][gc,phases     ] GC(655)   Post Evacuate Collection Set: 0.4ms
[2026-06-18T00:38:58.253+0000][11455.009s][info][gc,phases     ] GC(655)   Other: 0.3ms
[2026-06-18T00:38:58.253+0000][11455.009s][info][gc,heap       ] GC(655) Eden regions: 245->0(16)
[2026-06-18T00:38:58.253+0000][11455.009s][info][gc,heap       ] GC(655) Survivor regions: 5->9(32)
[2026-06-18T00:38:58.253+0000][11455.009s][info][gc,heap       ] GC(655) Old regions: 48->48
[2026-06-18T00:38:58.253+0000][11455.009s][info][gc,heap       ] GC(655) Humongous regions: 147->147
[2026-06-18T00:38:58.253+0000][11455.009s][info][gc,metaspace  ] GC(655) Metaspace: 52733K(55552K)->52733K(55552K) NonClass: 46792K(48384K)->46792K(48384K) Class: 5940K(7168K)->5940K(7168K)
[2026-06-18T00:38:58.253+0000][11455.009s][info][gc            ] GC(655) Pause Young (Prepare Mixed) (G1 Evacuation Pause) 443M->202M(512M) 3.279ms
[2026-06-18T00:38:58.253+0000][11455.009s][info][gc,cpu        ] GC(655) User=0.02s Sys=0.00s Real=0.00s
[2026-06-18T00:38:58.326+0000][11455.083s][info][gc,start      ] GC(656) Pause Young (Mixed) (G1 Evacuation Pause)
[2026-06-18T00:38:58.327+0000][11455.083s][info][gc,task       ] GC(656) Using 13 workers of 13 for evacuation
[2026-06-18T00:38:58.330+0000][11455.087s][info][gc,phases     ] GC(656)   Pre Evacuate Collection Set: 0.0ms
[2026-06-18T00:38:58.331+0000][11455.087s][info][gc,phases     ] GC(656)   Evacuate Collection Set: 3.2ms
[2026-06-18T00:38:58.331+0000][11455.087s][info][gc,phases     ] GC(656)   Post Evacuate Collection Set: 0.5ms
[2026-06-18T00:38:58.331+0000][11455.087s][info][gc,phases     ] GC(656)   Other: 0.3ms
[2026-06-18T00:38:58.331+0000][11455.087s][info][gc,heap       ] GC(656) Eden regions: 16->0(243)
[2026-06-18T00:38:58.331+0000][11455.087s][info][gc,heap       ] GC(656) Survivor regions: 9->2(4)
[2026-06-18T00:38:58.331+0000][11455.087s][info][gc,heap       ] GC(656) Old regions: 48->52
[2026-06-18T00:38:58.331+0000][11455.087s][info][gc,heap       ] GC(656) Humongous regions: 147->147
[2026-06-18T00:38:58.331+0000][11455.087s][info][gc,metaspace  ] GC(656) Metaspace: 52733K(55552K)->52733K(55552K) NonClass: 46792K(48384K)->46792K(48384K) Class: 5940K(7168K)->5940K(7168K)
[2026-06-18T00:38:58.331+0000][11455.087s][info][gc            ] GC(656) Pause Young (Mixed) (G1 Evacuation Pause) 218M->200M(512M) 4.628ms
[2026-06-18T00:38:58.331+0000][11455.087s][info][gc,cpu        ] GC(656) User=0.03s Sys=0.00s Real=0.01s
[2026-06-18T00:39:46.982+0000][11503.738s][info][gc,start      ] GC(657) Pause Young (Normal) (G1 Evacuation Pause)
[2026-06-18T00:39:46.982+0000][11503.738s][info][gc,task       ] GC(657) Using 13 workers of 13 for evacuation
[2026-06-18T00:39:46.984+0000][11503.740s][info][gc,phases     ] GC(657)   Pre Evacuate Collection Set: 0.0ms
[2026-06-18T00:39:46.984+0000][11503.740s][info][gc,phases     ] GC(657)   Evacuate Collection Set: 2.0ms
[2026-06-18T00:39:46.985+0000][11503.740s][info][gc,phases     ] GC(657)   Post Evacuate Collection Set: 0.3ms
[2026-06-18T00:39:46.985+0000][11503.740s][info][gc,phases     ] GC(657)   Other: 0.3ms
[2026-06-18T00:39:46.985+0000][11503.740s][info][gc,heap       ] GC(657) Eden regions: 243->0(243)
[2026-06-18T00:39:46.985+0000][11503.740s][info][gc,heap       ] GC(657) Survivor regions: 2->4(31)
[2026-06-18T00:39:46.985+0000][11503.741s][info][gc,heap       ] GC(657) Old regions: 52->52
[2026-06-18T00:39:46.985+0000][11503.741s][info][gc,heap       ] GC(657) Humongous regions: 147->147
[2026-06-18T00:39:46.985+0000][11503.741s][info][gc,metaspace  ] GC(657) Metaspace: 52742K(55552K)->52742K(55552K) NonClass: 46802K(48384K)->46802K(48384K) Class: 5940K(7168K)->5940K(7168K)
[2026-06-18T00:39:46.985+0000][11503.741s][info][gc            ] GC(657) Pause Young (Normal) (G1 Evacuation Pause) 443M->202M(512M) 3.116ms
[2026-06-18T00:39:46.985+0000][11503.741s][info][gc,cpu        ] GC(657) User=0.03s Sys=0.00s Real=0.00s
[2026-06-18T00:39:48.395+0000][11505.151s][info][gc,start      ] GC(658) Pause Young (Normal) (G1 Evacuation Pause)
[2026-06-18T00:39:48.395+0000][11505.151s][info][gc,task       ] GC(658) Using 13 workers of 13 for evacuation
[2026-06-18T00:39:48.398+0000][11505.153s][info][gc,phases     ] GC(658)   Pre Evacuate Collection Set: 0.0ms
[2026-06-18T00:39:48.398+0000][11505.153s][info][gc,phases     ] GC(658)   Evacuate Collection Set: 1.8ms
[2026-06-18T00:39:48.398+0000][11505.153s][info][gc,phases     ] GC(658)   Post Evacuate Collection Set: 0.3ms
[2026-06-18T00:39:48.398+0000][11505.154s][info][gc,phases     ] GC(658)   Other: 0.3ms
[2026-06-18T00:39:48.398+0000][11505.154s][info][gc,heap       ] GC(658) Eden regions: 243->0(237)
[2026-06-18T00:39:48.398+0000][11505.154s][info][gc,heap       ] GC(658) Survivor regions: 4->8(31)
[2026-06-18T00:39:48.398+0000][11505.154s][info][gc,heap       ] GC(658) Old regions: 52->52
[2026-06-18T00:39:48.398+0000][11505.154s][info][gc,heap       ] GC(658) Humongous regions: 147->147
[2026-06-18T00:39:48.398+0000][11505.154s][info][gc,metaspace  ] GC(658) Metaspace: 52742K(55552K)->52742K(55552K) NonClass: 46802K(48384K)->46802K(48384K) Class: 5940K(7168K)->5940K(7168K)
[2026-06-18T00:39:48.398+0000][11505.154s][info][gc            ] GC(658) Pause Young (Normal) (G1 Evacuation Pause) 445M->206M(512M) 2.831ms
[2026-06-18T00:39:48.398+0000][11505.154s][info][gc,cpu        ] GC(658) User=0.02s Sys=0.01s Real=0.01s
[2026-06-18T00:39:49.668+0000][11506.423s][info][gc,start      ] GC(659) Pause Young (Concurrent Start) (G1 Evacuation Pause)
[2026-06-18T00:39:49.668+0000][11506.424s][info][gc,task       ] GC(659) Using 13 workers of 13 for evacuation
[2026-06-18T00:39:49.671+0000][11506.427s][info][gc,phases     ] GC(659)   Pre Evacuate Collection Set: 0.3ms
[2026-06-18T00:39:49.672+0000][11506.427s][info][gc,phases     ] GC(659)   Evacuate Collection Set: 2.6ms
[2026-06-18T00:39:49.672+0000][11506.427s][info][gc,phases     ] GC(659)   Post Evacuate Collection Set: 0.4ms
[2026-06-18T00:39:49.672+0000][11506.427s][info][gc,phases     ] GC(659)   Other: 0.5ms
[2026-06-18T00:39:49.672+0000][11506.427s][info][gc,heap       ] GC(659) Eden regions: 237->0(241)
[2026-06-18T00:39:49.672+0000][11506.427s][info][gc,heap       ] GC(659) Survivor regions: 8->5(31)
[2026-06-18T00:39:49.672+0000][11506.428s][info][gc,heap       ] GC(659) Old regions: 52->52
[2026-06-18T00:39:49.672+0000][11506.428s][info][gc,heap       ] GC(659) Humongous regions: 147->147
[2026-06-18T00:39:49.672+0000][11506.428s][info][gc,metaspace  ] GC(659) Metaspace: 52742K(55552K)->52742K(55552K) NonClass: 46802K(48384K)->46802K(48384K) Class: 5940K(7168K)->5940K(7168K)
[2026-06-18T00:39:49.672+0000][11506.428s][info][gc            ] GC(659) Pause Young (Concurrent Start) (G1 Evacuation Pause) 443M->202M(512M) 4.257ms
[2026-06-18T00:39:49.672+0000][11506.428s][info][gc,cpu        ] GC(659) User=0.02s Sys=0.00s Real=0.00s
[2026-06-18T00:39:49.672+0000][11506.428s][info][gc            ] GC(660) Concurrent Cycle
[2026-06-18T00:39:49.672+0000][11506.428s][info][gc,marking    ] GC(660) Concurrent Clear Claimed Marks
[2026-06-18T00:39:49.673+0000][11506.429s][info][gc,marking    ] GC(660) Concurrent Clear Claimed Marks 0.796ms
[2026-06-18T00:39:49.673+0000][11506.429s][info][gc,marking    ] GC(660) Concurrent Scan Root Regions
[2026-06-18T00:39:49.674+0000][11506.430s][info][gc,marking    ] GC(660) Concurrent Scan Root Regions 1.142ms
[2026-06-18T00:39:49.674+0000][11506.430s][info][gc,marking    ] GC(660) Concurrent Mark (11506.430s)
[2026-06-18T00:39:49.675+0000][11506.431s][info][gc,marking    ] GC(660) Concurrent Mark From Roots
[2026-06-18T00:39:49.675+0000][11506.431s][info][gc,task       ] GC(660) Using 3 workers of 3 for marking
[2026-06-18T00:39:49.682+0000][11506.438s][info][gc,marking    ] GC(660) Concurrent Mark From Roots 6.844ms
[2026-06-18T00:39:49.682+0000][11506.438s][info][gc,marking    ] GC(660) Concurrent Preclean
[2026-06-18T00:39:49.682+0000][11506.438s][info][gc,marking    ] GC(660) Concurrent Preclean 0.201ms
[2026-06-18T00:39:49.682+0000][11506.438s][info][gc,marking    ] GC(660) Concurrent Mark (11506.430s, 11506.438s) 7.925ms
[2026-06-18T00:39:49.683+0000][11506.438s][info][gc,start      ] GC(660) Pause Remark
[2026-06-18T00:39:49.685+0000][11506.441s][info][gc,stringtable] GC(660) Cleaned string and symbol table, strings: 17370 processed, 0 removed, symbols: 125114 processed, 0 removed
[2026-06-18T00:39:49.686+0000][11506.441s][info][gc            ] GC(660) Pause Remark 206M->204M(512M) 2.958ms
[2026-06-18T00:39:49.686+0000][11506.442s][info][gc,cpu        ] GC(660) User=0.02s Sys=0.00s Real=0.00s
[2026-06-18T00:39:49.686+0000][11506.442s][info][gc,marking    ] GC(660) Concurrent Rebuild Remembered Sets
[2026-06-18T00:39:49.691+0000][11506.446s][info][gc,marking    ] GC(660) Concurrent Rebuild Remembered Sets 4.770ms
[2026-06-18T00:39:49.691+0000][11506.447s][info][gc,start      ] GC(660) Pause Cleanup
[2026-06-18T00:39:49.691+0000][11506.447s][info][gc            ] GC(660) Pause Cleanup 205M->205M(512M) 0.229ms
[2026-06-18T00:39:49.691+0000][11506.447s][info][gc,cpu        ] GC(660) User=0.00s Sys=0.00s Real=0.00s
[2026-06-18T00:39:49.691+0000][11506.447s][info][gc,marking    ] GC(660) Concurrent Cleanup for Next Mark
[2026-06-18T00:39:49.692+0000][11506.447s][info][gc,marking    ] GC(660) Concurrent Cleanup for Next Mark 0.194ms
[2026-06-18T00:39:49.692+0000][11506.447s][info][gc            ] GC(660) Concurrent Cycle 19.741ms
[2026-06-18T00:40:38.190+0000][11554.945s][info][gc,start      ] GC(661) Pause Young (Prepare Mixed) (G1 Evacuation Pause)
[2026-06-18T00:40:38.190+0000][11554.945s][info][gc,task       ] GC(661) Using 13 workers of 13 for evacuation
[2026-06-18T00:40:38.192+0000][11554.948s][info][gc,phases     ] GC(661)   Pre Evacuate Collection Set: 0.0ms
[2026-06-18T00:40:38.193+0000][11554.948s][info][gc,phases     ] GC(661)   Evacuate Collection Set: 1.7ms
[2026-06-18T00:40:38.193+0000][11554.948s][info][gc,phases     ] GC(661)   Post Evacuate Collection Set: 0.4ms
[2026-06-18T00:40:38.193+0000][11554.948s][info][gc,phases     ] GC(661)   Other: 0.6ms
[2026-06-18T00:40:38.193+0000][11554.949s][info][gc,heap       ] GC(661) Eden regions: 241->0(18)
[2026-06-18T00:40:38.193+0000][11554.949s][info][gc,heap       ] GC(661) Survivor regions: 5->7(31)
[2026-06-18T00:40:38.193+0000][11554.949s][info][gc,heap       ] GC(661) Old regions: 50->50
[2026-06-18T00:40:38.193+0000][11554.949s][info][gc,heap       ] GC(661) Humongous regions: 147->147
[2026-06-18T00:40:38.194+0000][11554.949s][info][gc,metaspace  ] GC(661) Metaspace: 52742K(55552K)->52742K(55552K) NonClass: 46802K(48384K)->46802K(48384K) Class: 5940K(7168K)->5940K(7168K)
[2026-06-18T00:40:38.194+0000][11554.949s][info][gc            ] GC(661) Pause Young (Prepare Mixed) (G1 Evacuation Pause) 441M->203M(512M) 3.854ms
[2026-06-18T00:40:38.194+0000][11554.949s][info][gc,cpu        ] GC(661) User=0.02s Sys=0.00s Real=0.00s
[2026-06-18T00:40:38.332+0000][11555.087s][info][gc,start      ] GC(662) Pause Young (Mixed) (G1 Evacuation Pause)
[2026-06-18T00:40:38.332+0000][11555.087s][info][gc,task       ] GC(662) Using 13 workers of 13 for evacuation
[2026-06-18T00:40:38.345+0000][11555.101s][info][gc,phases     ] GC(662)   Pre Evacuate Collection Set: 0.0ms
[2026-06-18T00:40:38.345+0000][11555.101s][info][gc,phases     ] GC(662)   Evacuate Collection Set: 12.9ms
[2026-06-18T00:40:38.346+0000][11555.101s][info][gc,phases     ] GC(662)   Post Evacuate Collection Set: 0.4ms
[2026-06-18T00:40:38.346+0000][11555.101s][info][gc,phases     ] GC(662)   Other: 0.4ms
[2026-06-18T00:40:38.346+0000][11555.101s][info][gc,heap       ] GC(662) Eden regions: 18->0(244)
[2026-06-18T00:40:38.346+0000][11555.101s][info][gc,heap       ] GC(662) Survivor regions: 7->2(4)
[2026-06-18T00:40:38.346+0000][11555.101s][info][gc,heap       ] GC(662) Old regions: 50->52
[2026-06-18T00:40:38.346+0000][11555.101s][info][gc,heap       ] GC(662) Humongous regions: 147->147
[2026-06-18T00:40:38.346+0000][11555.101s][info][gc,metaspace  ] GC(662) Metaspace: 52742K(55552K)->52742K(55552K) NonClass: 46802K(48384K)->46802K(48384K) Class: 5940K(7168K)->5940K(7168K)
[2026-06-18T00:40:38.346+0000][11555.101s][info][gc            ] GC(662) Pause Young (Mixed) (G1 Evacuation Pause) 221M->199M(512M) 14.394ms
[2026-06-18T00:40:38.346+0000][11555.101s][info][gc,cpu        ] GC(662) User=0.10s Sys=0.01s Real=0.01s
[2026-06-18T00:40:40.035+0000][11556.790s][info][gc,start      ] GC(663) Pause Young (Normal) (G1 Evacuation Pause)
[2026-06-18T00:40:40.035+0000][11556.791s][info][gc,task       ] GC(663) Using 13 workers of 13 for evacuation
[2026-06-18T00:40:40.037+0000][11556.793s][info][gc,phases     ] GC(663)   Pre Evacuate Collection Set: 0.0ms
[2026-06-18T00:40:40.037+0000][11556.793s][info][gc,phases     ] GC(663)   Evacuate Collection Set: 1.4ms
[2026-06-18T00:40:40.037+0000][11556.793s][info][gc,phases     ] GC(663)   Post Evacuate Collection Set: 0.4ms
[2026-06-18T00:40:40.037+0000][11556.793s][info][gc,phases     ] GC(663)   Other: 0.4ms
[2026-06-18T00:40:40.038+0000][11556.793s][info][gc,heap       ] GC(663) Eden regions: 244->0(246)
[2026-06-18T00:40:40.038+0000][11556.793s][info][gc,heap       ] GC(663) Survivor regions: 2->2(31)
[2026-06-18T00:40:40.038+0000][11556.793s][info][gc,heap       ] GC(663) Old regions: 52->52
[2026-06-18T00:40:40.038+0000][11556.793s][info][gc,heap       ] GC(663) Humongous regions: 147->147
[2026-06-18T00:40:40.038+0000][11556.793s][info][gc,metaspace  ] GC(663) Metaspace: 52742K(55552K)->52742K(55552K) NonClass: 46802K(48384K)->46802K(48384K) Class: 5940K(7168K)->5940K(7168K)
[2026-06-18T00:40:40.038+0000][11556.794s][info][gc            ] GC(663) Pause Young (Normal) (G1 Evacuation Pause) 443M->199M(512M) 3.288ms
[2026-06-18T00:40:40.038+0000][11556.794s][info][gc,cpu        ] GC(663) User=0.01s Sys=0.00s Real=0.01s
[2026-06-18T00:40:41.338+0000][11558.093s][info][gc,start      ] GC(664) Pause Young (Normal) (G1 Evacuation Pause)
[2026-06-18T00:40:41.338+0000][11558.093s][info][gc,task       ] GC(664) Using 13 workers of 13 for evacuation
[2026-06-18T00:40:41.341+0000][11558.096s][info][gc,phases     ] GC(664)   Pre Evacuate Collection Set: 0.0ms
[2026-06-18T00:40:41.341+0000][11558.096s][info][gc,phases     ] GC(664)   Evacuate Collection Set: 2.4ms
[2026-06-18T00:40:41.341+0000][11558.096s][info][gc,phases     ] GC(664)   Post Evacuate Collection Set: 0.4ms
[2026-06-18T00:40:41.341+0000][11558.096s][info][gc,phases     ] GC(664)   Other: 0.3ms
[2026-06-18T00:40:41.341+0000][11558.097s][info][gc,heap       ] GC(664) Eden regions: 246->0(244)
[2026-06-18T00:40:41.341+0000][11558.097s][info][gc,heap       ] GC(664) Survivor regions: 2->5(31)
[2026-06-18T00:40:41.341+0000][11558.097s][info][gc,heap       ] GC(664) Old regions: 52->52
[2026-06-18T00:40:41.341+0000][11558.097s][info][gc,heap       ] GC(664) Humongous regions: 147->147
[2026-06-18T00:40:41.341+0000][11558.097s][info][gc,metaspace  ] GC(664) Metaspace: 52742K(55552K)->52742K(55552K) NonClass: 46802K(48384K)->46802K(48384K) Class: 5940K(7168K)->5940K(7168K)
[2026-06-18T00:40:41.341+0000][11558.097s][info][gc            ] GC(664) Pause Young (Normal) (G1 Evacuation Pause) 445M->203M(512M) 3.599ms
[2026-06-18T00:40:41.341+0000][11558.097s][info][gc,cpu        ] GC(664) User=0.03s Sys=0.00s Real=0.01s
[2026-06-18T00:40:42.594+0000][11559.350s][info][gc,start      ] GC(665) Pause Young (Concurrent Start) (G1 Evacuation Pause)
[2026-06-18T00:40:42.595+0000][11559.350s][info][gc,task       ] GC(665) Using 13 workers of 13 for evacuation
[2026-06-18T00:40:42.600+0000][11559.355s][info][gc,phases     ] GC(665)   Pre Evacuate Collection Set: 0.3ms
[2026-06-18T00:40:42.600+0000][11559.355s][info][gc,phases     ] GC(665)   Evacuate Collection Set: 4.5ms
[2026-06-18T00:40:42.600+0000][11559.355s][info][gc,phases     ] GC(665)   Post Evacuate Collection Set: 0.4ms
[2026-06-18T00:40:42.600+0000][11559.355s][info][gc,phases     ] GC(665)   Other: 0.3ms
[2026-06-18T00:40:42.600+0000][11559.355s][info][gc,heap       ] GC(665) Eden regions: 244->0(247)
[2026-06-18T00:40:42.600+0000][11559.356s][info][gc,heap       ] GC(665) Survivor regions: 5->3(32)
[2026-06-18T00:40:42.600+0000][11559.356s][info][gc,heap       ] GC(665) Old regions: 52->52
[2026-06-18T00:40:42.600+0000][11559.356s][info][gc,heap       ] GC(665) Humongous regions: 147->147
[2026-06-18T00:40:42.600+0000][11559.356s][info][gc,metaspace  ] GC(665) Metaspace: 52742K(55552K)->52742K(55552K) NonClass: 46802K(48384K)->46802K(48384K) Class: 5940K(7168K)->5940K(7168K)
[2026-06-18T00:40:42.600+0000][11559.356s][info][gc            ] GC(665) Pause Young (Concurrent Start) (G1 Evacuation Pause) 447M->200M(512M) 5.758ms
[2026-06-18T00:40:42.600+0000][11559.356s][info][gc,cpu        ] GC(665) User=0.06s Sys=0.00s Real=0.01s
[2026-06-18T00:40:42.600+0000][11559.356s][info][gc            ] GC(666) Concurrent Cycle
[2026-06-18T00:40:42.600+0000][11559.356s][info][gc,marking    ] GC(666) Concurrent Clear Claimed Marks
[2026-06-18T00:40:42.601+0000][11559.356s][info][gc,marking    ] GC(666) Concurrent Clear Claimed Marks 0.313ms
[2026-06-18T00:40:42.601+0000][11559.356s][info][gc,marking    ] GC(666) Concurrent Scan Root Regions
[2026-06-18T00:40:42.602+0000][11559.358s][info][gc,marking    ] GC(666) Concurrent Scan Root Regions 1.236ms
[2026-06-18T00:40:42.602+0000][11559.358s][info][gc,marking    ] GC(666) Concurrent Mark (11559.358s)
[2026-06-18T00:40:42.602+0000][11559.358s][info][gc,marking    ] GC(666) Concurrent Mark From Roots
[2026-06-18T00:40:42.602+0000][11559.358s][info][gc,task       ] GC(666) Using 3 workers of 3 for marking
[2026-06-18T00:40:42.608+0000][11559.363s][info][gc,marking    ] GC(666) Concurrent Mark From Roots 5.244ms
[2026-06-18T00:40:42.608+0000][11559.363s][info][gc,marking    ] GC(666) Concurrent Preclean
[2026-06-18T00:40:42.608+0000][11559.363s][info][gc,marking    ] GC(666) Concurrent Preclean 0.166ms
[2026-06-18T00:40:42.608+0000][11559.363s][info][gc,marking    ] GC(666) Concurrent Mark (11559.358s, 11559.363s) 5.715ms
[2026-06-18T00:40:42.608+0000][11559.363s][info][gc,start      ] GC(666) Pause Remark
[2026-06-18T00:40:42.610+0000][11559.366s][info][gc,stringtable] GC(666) Cleaned string and symbol table, strings: 17370 processed, 0 removed, symbols: 125114 processed, 0 removed
[2026-06-18T00:40:42.611+0000][11559.366s][info][gc            ] GC(666) Pause Remark 205M->205M(512M) 2.651ms
[2026-06-18T00:40:42.611+0000][11559.366s][info][gc,cpu        ] GC(666) User=0.03s Sys=0.00s Real=0.00s
[2026-06-18T00:40:42.611+0000][11559.366s][info][gc,marking    ] GC(666) Concurrent Rebuild Remembered Sets
[2026-06-18T00:40:42.615+0000][11559.370s][info][gc,marking    ] GC(666) Concurrent Rebuild Remembered Sets 3.902ms
[2026-06-18T00:40:42.615+0000][11559.370s][info][gc,start      ] GC(666) Pause Cleanup
[2026-06-18T00:40:42.615+0000][11559.371s][info][gc            ] GC(666) Pause Cleanup 205M->205M(512M) 0.143ms
[2026-06-18T00:40:42.615+0000][11559.371s][info][gc,cpu        ] GC(666) User=0.00s Sys=0.00s Real=0.00s
[2026-06-18T00:40:42.615+0000][11559.371s][info][gc,marking    ] GC(666) Concurrent Cleanup for Next Mark
[2026-06-18T00:40:42.615+0000][11559.371s][info][gc,marking    ] GC(666) Concurrent Cleanup for Next Mark 0.154ms
[2026-06-18T00:40:42.615+0000][11559.371s][info][gc            ] GC(666) Concurrent Cycle 15.001ms
[2026-06-18T00:41:31.339+0000][11608.096s][info][gc,start      ] GC(667) Pause Young (Prepare Mixed) (G1 Evacuation Pause)
[2026-06-18T00:41:31.339+0000][11608.096s][info][gc,task       ] GC(667) Using 13 workers of 13 for evacuation
[2026-06-18T00:41:31.341+0000][11608.098s][info][gc,phases     ] GC(667)   Pre Evacuate Collection Set: 0.0ms
[2026-06-18T00:41:31.342+0000][11608.098s][info][gc,phases     ] GC(667)   Evacuate Collection Set: 1.5ms
[2026-06-18T00:41:31.342+0000][11608.098s][info][gc,phases     ] GC(667)   Post Evacuate Collection Set: 0.3ms
[2026-06-18T00:41:31.342+0000][11608.098s][info][gc,phases     ] GC(667)   Other: 0.4ms
[2026-06-18T00:41:31.342+0000][11608.098s][info][gc,heap       ] GC(667) Eden regions: 247->0(19)
[2026-06-18T00:41:31.342+0000][11608.098s][info][gc,heap       ] GC(667) Survivor regions: 3->6(32)
[2026-06-18T00:41:31.342+0000][11608.099s][info][gc,heap       ] GC(667) Old regions: 52->52
[2026-06-18T00:41:31.342+0000][11608.099s][info][gc,heap       ] GC(667) Humongous regions: 147->147
[2026-06-18T00:41:31.342+0000][11608.099s][info][gc,metaspace  ] GC(667) Metaspace: 52743K(55552K)->52743K(55552K) NonClass: 46802K(48384K)->46802K(48384K) Class: 5940K(7168K)->5940K(7168K)
[2026-06-18T00:41:31.342+0000][11608.099s][info][gc            ] GC(667) Pause Young (Prepare Mixed) (G1 Evacuation Pause) 447M->203M(512M) 2.672ms
[2026-06-18T00:41:31.342+0000][11608.099s][info][gc,cpu        ] GC(667) User=0.02s Sys=0.00s Real=0.00s
[2026-06-18T00:41:31.459+0000][11608.216s][info][gc,start      ] GC(668) Pause Young (Mixed) (G1 Evacuation Pause)
[2026-06-18T00:41:31.459+0000][11608.216s][info][gc,task       ] GC(668) Using 13 workers of 13 for evacuation
[2026-06-18T00:41:31.463+0000][11608.220s][info][gc,phases     ] GC(668)   Pre Evacuate Collection Set: 0.0ms
[2026-06-18T00:41:31.464+0000][11608.220s][info][gc,phases     ] GC(668)   Evacuate Collection Set: 3.6ms
[2026-06-18T00:41:31.464+0000][11608.220s][info][gc,phases     ] GC(668)   Post Evacuate Collection Set: 0.4ms
[2026-06-18T00:41:31.464+0000][11608.220s][info][gc,phases     ] GC(668)   Other: 0.3ms
[2026-06-18T00:41:31.464+0000][11608.220s][info][gc,heap       ] GC(668) Eden regions: 19->0(249)
[2026-06-18T00:41:31.464+0000][11608.220s][info][gc,heap       ] GC(668) Survivor regions: 6->2(4)
[2026-06-18T00:41:31.464+0000][11608.220s][info][gc,heap       ] GC(668) Old regions: 52->50
[2026-06-18T00:41:31.464+0000][11608.221s][info][gc,heap       ] GC(668) Humongous regions: 147->147
[2026-06-18T00:41:31.464+0000][11608.221s][info][gc,metaspace  ] GC(668) Metaspace: 52743K(55552K)->52743K(55552K) NonClass: 46802K(48384K)->46802K(48384K) Class: 5940K(7168K)->5940K(7168K)
[2026-06-18T00:41:31.464+0000][11608.221s][info][gc            ] GC(668) Pause Young (Mixed) (G1 Evacuation Pause) 222M->197M(512M) 4.846ms
[2026-06-18T00:41:31.464+0000][11608.221s][info][gc,cpu        ] GC(668) User=0.03s Sys=0.00s Real=0.00s
[2026-06-18T00:41:32.748+0000][11609.505s][info][gc,start      ] GC(669) Pause Young (Normal) (G1 Evacuation Pause)
[2026-06-18T00:41:32.749+0000][11609.505s][info][gc,task       ] GC(669) Using 13 workers of 13 for evacuation
[2026-06-18T00:41:32.751+0000][11609.508s][info][gc,phases     ] GC(669)   Pre Evacuate Collection Set: 0.0ms
[2026-06-18T00:41:32.751+0000][11609.508s][info][gc,phases     ] GC(669)   Evacuate Collection Set: 1.9ms
[2026-06-18T00:41:32.751+0000][11609.508s][info][gc,phases     ] GC(669)   Post Evacuate Collection Set: 0.3ms
[2026-06-18T00:41:32.751+0000][11609.508s][info][gc,phases     ] GC(669)   Other: 0.3ms
[2026-06-18T00:41:32.751+0000][11609.508s][info][gc,heap       ] GC(669) Eden regions: 249->0(241)
[2026-06-18T00:41:32.751+0000][11609.508s][info][gc,heap       ] GC(669) Survivor regions: 2->8(32)
[2026-06-18T00:41:32.751+0000][11609.508s][info][gc,heap       ] GC(669) Old regions: 50->50
[2026-06-18T00:41:32.751+0000][11609.508s][info][gc,heap       ] GC(669) Humongous regions: 147->147
[2026-06-18T00:41:32.751+0000][11609.508s][info][gc,metaspace  ] GC(669) Metaspace: 52743K(55552K)->52743K(55552K) NonClass: 46802K(48384K)->46802K(48384K) Class: 5940K(7168K)->5940K(7168K)
[2026-06-18T00:41:32.751+0000][11609.508s][info][gc            ] GC(669) Pause Young (Normal) (G1 Evacuation Pause) 446M->204M(512M) 3.077ms
[2026-06-18T00:41:32.752+0000][11609.508s][info][gc,cpu        ] GC(669) User=0.02s Sys=0.00s Real=0.00s
[2026-06-18T00:41:33.953+0000][11610.710s][info][gc,start      ] GC(670) Pause Young (Normal) (G1 Evacuation Pause)
[2026-06-18T00:41:33.953+0000][11610.710s][info][gc,task       ] GC(670) Using 13 workers of 13 for evacuation
[2026-06-18T00:41:33.955+0000][11610.712s][info][gc,phases     ] GC(670)   Pre Evacuate Collection Set: 0.0ms
[2026-06-18T00:41:33.955+0000][11610.712s][info][gc,phases     ] GC(670)   Evacuate Collection Set: 1.4ms
[2026-06-18T00:41:33.955+0000][11610.712s][info][gc,phases     ] GC(670)   Post Evacuate Collection Set: 0.5ms
[2026-06-18T00:41:33.955+0000][11610.712s][info][gc,phases     ] GC(670)   Other: 0.2ms
[2026-06-18T00:41:33.955+0000][11610.712s][info][gc,heap       ] GC(670) Eden regions: 241->0(242)
[2026-06-18T00:41:33.955+0000][11610.712s][info][gc,heap       ] GC(670) Survivor regions: 8->6(32)
[2026-06-18T00:41:33.955+0000][11610.712s][info][gc,heap       ] GC(670) Old regions: 50->50
[2026-06-18T00:41:33.955+0000][11610.712s][info][gc,heap       ] GC(670) Humongous regions: 147->147
[2026-06-18T00:41:33.955+0000][11610.712s][info][gc,metaspace  ] GC(670) Metaspace: 52743K(55552K)->52743K(55552K) NonClass: 46802K(48384K)->46802K(48384K) Class: 5940K(7168K)->5940K(7168K)
[2026-06-18T00:41:33.955+0000][11610.712s][info][gc            ] GC(670) Pause Young (Normal) (G1 Evacuation Pause) 445M->201M(512M) 2.600ms
[2026-06-18T00:41:33.956+0000][11610.712s][info][gc,cpu        ] GC(670) User=0.02s Sys=0.00s Real=0.00s
[2026-06-18T00:42:22.358+0000][11659.115s][info][gc,start      ] GC(671) Pause Young (Concurrent Start) (G1 Evacuation Pause)
[2026-06-18T00:42:22.359+0000][11659.116s][info][gc,task       ] GC(671) Using 13 workers of 13 for evacuation
[2026-06-18T00:42:22.366+0000][11659.123s][info][gc,phases     ] GC(671)   Pre Evacuate Collection Set: 0.3ms
[2026-06-18T00:42:22.366+0000][11659.123s][info][gc,phases     ] GC(671)   Evacuate Collection Set: 6.3ms
[2026-06-18T00:42:22.367+0000][11659.123s][info][gc,phases     ] GC(671)   Post Evacuate Collection Set: 0.4ms
[2026-06-18T00:42:22.367+0000][11659.123s][info][gc,phases     ] GC(671)   Other: 1.3ms
[2026-06-18T00:42:22.367+0000][11659.123s][info][gc,heap       ] GC(671) Eden regions: 242->0(239)
[2026-06-18T00:42:22.367+0000][11659.123s][info][gc,heap       ] GC(671) Survivor regions: 6->9(31)
[2026-06-18T00:42:22.367+0000][11659.123s][info][gc,heap       ] GC(671) Old regions: 50->50
[2026-06-18T00:42:22.367+0000][11659.123s][info][gc,heap       ] GC(671) Humongous regions: 147->147
[2026-06-18T00:42:22.367+0000][11659.123s][info][gc,metaspace  ] GC(671) Metaspace: 52744K(55552K)->52744K(55552K) NonClass: 46804K(48384K)->46804K(48384K) Class: 5940K(7168K)->5940K(7168K)
[2026-06-18T00:42:22.367+0000][11659.123s][info][gc            ] GC(671) Pause Young (Concurrent Start) (G1 Evacuation Pause) 443M->205M(512M) 8.667ms
[2026-06-18T00:42:22.367+0000][11659.124s][info][gc,cpu        ] GC(671) User=0.07s Sys=0.00s Real=0.01s
[2026-06-18T00:42:22.367+0000][11659.124s][info][gc            ] GC(672) Concurrent Cycle
[2026-06-18T00:42:22.367+0000][11659.124s][info][gc,marking    ] GC(672) Concurrent Clear Claimed Marks
[2026-06-18T00:42:22.367+0000][11659.124s][info][gc,marking    ] GC(672) Concurrent Clear Claimed Marks 0.281ms
[2026-06-18T00:42:22.367+0000][11659.124s][info][gc,marking    ] GC(672) Concurrent Scan Root Regions
[2026-06-18T00:42:22.369+0000][11659.125s][info][gc,marking    ] GC(672) Concurrent Scan Root Regions 1.391ms
[2026-06-18T00:42:22.369+0000][11659.125s][info][gc,marking    ] GC(672) Concurrent Mark (11659.125s)
[2026-06-18T00:42:22.369+0000][11659.126s][info][gc,marking    ] GC(672) Concurrent Mark From Roots
[2026-06-18T00:42:22.369+0000][11659.126s][info][gc,task       ] GC(672) Using 3 workers of 3 for marking
[2026-06-18T00:42:22.375+0000][11659.131s][info][gc,marking    ] GC(672) Concurrent Mark From Roots 5.770ms
[2026-06-18T00:42:22.375+0000][11659.131s][info][gc,marking    ] GC(672) Concurrent Preclean
[2026-06-18T00:42:22.375+0000][11659.132s][info][gc,marking    ] GC(672) Concurrent Preclean 0.174ms
[2026-06-18T00:42:22.375+0000][11659.132s][info][gc,marking    ] GC(672) Concurrent Mark (11659.125s, 11659.132s) 6.200ms
[2026-06-18T00:42:22.375+0000][11659.132s][info][gc,start      ] GC(672) Pause Remark
[2026-06-18T00:42:22.378+0000][11659.134s][info][gc,stringtable] GC(672) Cleaned string and symbol table, strings: 17370 processed, 0 removed, symbols: 125114 processed, 0 removed
[2026-06-18T00:42:22.378+0000][11659.135s][info][gc            ] GC(672) Pause Remark 209M->209M(512M) 2.792ms
[2026-06-18T00:42:22.378+0000][11659.135s][info][gc,cpu        ] GC(672) User=0.02s Sys=0.00s Real=0.01s
[2026-06-18T00:42:22.378+0000][11659.135s][info][gc,marking    ] GC(672) Concurrent Rebuild Remembered Sets
[2026-06-18T00:42:22.382+0000][11659.139s][info][gc,marking    ] GC(672) Concurrent Rebuild Remembered Sets 4.088ms
[2026-06-18T00:42:22.383+0000][11659.139s][info][gc,start      ] GC(672) Pause Cleanup
[2026-06-18T00:42:22.383+0000][11659.139s][info][gc            ] GC(672) Pause Cleanup 210M->210M(512M) 0.234ms
[2026-06-18T00:42:22.383+0000][11659.139s][info][gc,cpu        ] GC(672) User=0.00s Sys=0.00s Real=0.00s
[2026-06-18T00:42:22.383+0000][11659.140s][info][gc,marking    ] GC(672) Concurrent Cleanup for Next Mark
[2026-06-18T00:42:22.383+0000][11659.140s][info][gc,marking    ] GC(672) Concurrent Cleanup for Next Mark 0.153ms
[2026-06-18T00:42:22.383+0000][11659.140s][info][gc            ] GC(672) Concurrent Cycle 16.315ms
[2026-06-18T00:42:23.804+0000][11660.560s][info][gc,start      ] GC(673) Pause Young (Prepare Mixed) (G1 Evacuation Pause)
[2026-06-18T00:42:23.804+0000][11660.561s][info][gc,task       ] GC(673) Using 13 workers of 13 for evacuation
[2026-06-18T00:42:23.807+0000][11660.563s][info][gc,phases     ] GC(673)   Pre Evacuate Collection Set: 0.0ms
[2026-06-18T00:42:23.807+0000][11660.563s][info][gc,phases     ] GC(673)   Evacuate Collection Set: 2.1ms
[2026-06-18T00:42:23.807+0000][11660.563s][info][gc,phases     ] GC(673)   Post Evacuate Collection Set: 0.3ms
[2026-06-18T00:42:23.807+0000][11660.563s][info][gc,phases     ] GC(673)   Other: 0.3ms
[2026-06-18T00:42:23.807+0000][11660.563s][info][gc,heap       ] GC(673) Eden regions: 239->0(20)
[2026-06-18T00:42:23.807+0000][11660.563s][info][gc,heap       ] GC(673) Survivor regions: 9->5(31)
[2026-06-18T00:42:23.807+0000][11660.564s][info][gc,heap       ] GC(673) Old regions: 50->50
[2026-06-18T00:42:23.807+0000][11660.564s][info][gc,heap       ] GC(673) Humongous regions: 147->147
[2026-06-18T00:42:23.807+0000][11660.564s][info][gc,metaspace  ] GC(673) Metaspace: 52744K(55552K)->52744K(55552K) NonClass: 46804K(48384K)->46804K(48384K) Class: 5940K(7168K)->5940K(7168K)
[2026-06-18T00:42:23.807+0000][11660.564s][info][gc            ] GC(673) Pause Young (Prepare Mixed) (G1 Evacuation Pause) 444M->201M(512M) 3.268ms
[2026-06-18T00:42:23.807+0000][11660.564s][info][gc,cpu        ] GC(673) User=0.02s Sys=0.00s Real=0.01s
[2026-06-18T00:42:23.915+0000][11660.671s][info][gc,start      ] GC(674) Pause Young (Mixed) (G1 Evacuation Pause)
[2026-06-18T00:42:23.915+0000][11660.671s][info][gc,task       ] GC(674) Using 13 workers of 13 for evacuation
[2026-06-18T00:42:23.919+0000][11660.676s][info][gc,phases     ] GC(674)   Pre Evacuate Collection Set: 0.0ms
[2026-06-18T00:42:23.919+0000][11660.676s][info][gc,phases     ] GC(674)   Evacuate Collection Set: 4.0ms
[2026-06-18T00:42:23.919+0000][11660.676s][info][gc,phases     ] GC(674)   Post Evacuate Collection Set: 0.3ms
[2026-06-18T00:42:23.919+0000][11660.676s][info][gc,phases     ] GC(674)   Other: 0.3ms
[2026-06-18T00:42:23.919+0000][11660.676s][info][gc,heap       ] GC(674) Eden regions: 20->0(246)
[2026-06-18T00:42:23.920+0000][11660.676s][info][gc,heap       ] GC(674) Survivor regions: 5->2(4)
[2026-06-18T00:42:23.920+0000][11660.676s][info][gc,heap       ] GC(674) Old regions: 50->49
[2026-06-18T00:42:23.920+0000][11660.676s][info][gc,heap       ] GC(674) Humongous regions: 147->147
[2026-06-18T00:42:23.920+0000][11660.676s][info][gc,metaspace  ] GC(674) Metaspace: 52744K(55552K)->52744K(55552K) NonClass: 46804K(48384K)->46804K(48384K) Class: 5940K(7168K)->5940K(7168K)
[2026-06-18T00:42:23.920+0000][11660.676s][info][gc            ] GC(674) Pause Young (Mixed) (G1 Evacuation Pause) 221M->197M(512M) 5.118ms
[2026-06-18T00:42:23.920+0000][11660.676s][info][gc,cpu        ] GC(674) User=0.03s Sys=0.00s Real=0.01s
[2026-06-18T00:42:25.185+0000][11661.941s][info][gc,start      ] GC(675) Pause Young (Normal) (G1 Evacuation Pause)
[2026-06-18T00:42:25.185+0000][11661.942s][info][gc,task       ] GC(675) Using 13 workers of 13 for evacuation
[2026-06-18T00:42:25.187+0000][11661.944s][info][gc,phases     ] GC(675)   Pre Evacuate Collection Set: 0.0ms
[2026-06-18T00:42:25.187+0000][11661.944s][info][gc,phases     ] GC(675)   Evacuate Collection Set: 1.8ms
[2026-06-18T00:42:25.187+0000][11661.944s][info][gc,phases     ] GC(675)   Post Evacuate Collection Set: 0.3ms
[2026-06-18T00:42:25.188+0000][11661.944s][info][gc,phases     ] GC(675)   Other: 0.3ms
[2026-06-18T00:42:25.188+0000][11661.944s][info][gc,heap       ] GC(675) Eden regions: 246->0(241)
[2026-06-18T00:42:25.188+0000][11661.944s][info][gc,heap       ] GC(675) Survivor regions: 2->7(31)
[2026-06-18T00:42:25.188+0000][11661.944s][info][gc,heap       ] GC(675) Old regions: 49->49
[2026-06-18T00:42:25.188+0000][11661.944s][info][gc,heap       ] GC(675) Humongous regions: 147->147
[2026-06-18T00:42:25.188+0000][11661.944s][info][gc,metaspace  ] GC(675) Metaspace: 52744K(55552K)->52744K(55552K) NonClass: 46804K(48384K)->46804K(48384K) Class: 5940K(7168K)->5940K(7168K)
[2026-06-18T00:42:25.188+0000][11661.944s][info][gc            ] GC(675) Pause Young (Normal) (G1 Evacuation Pause) 443M->202M(512M) 2.907ms
[2026-06-18T00:42:25.188+0000][11661.944s][info][gc,cpu        ] GC(675) User=0.03s Sys=0.00s Real=0.01s
[2026-06-18T00:42:26.390+0000][11663.146s][info][gc,start      ] GC(676) Pause Young (Normal) (G1 Evacuation Pause)
[2026-06-18T00:42:26.390+0000][11663.147s][info][gc,task       ] GC(676) Using 13 workers of 13 for evacuation
[2026-06-18T00:42:26.392+0000][11663.148s][info][gc,phases     ] GC(676)   Pre Evacuate Collection Set: 0.0ms
[2026-06-18T00:42:26.392+0000][11663.148s][info][gc,phases     ] GC(676)   Evacuate Collection Set: 1.2ms
[2026-06-18T00:42:26.392+0000][11663.149s][info][gc,phases     ] GC(676)   Post Evacuate Collection Set: 0.4ms
[2026-06-18T00:42:26.392+0000][11663.149s][info][gc,phases     ] GC(676)   Other: 0.3ms
[2026-06-18T00:42:26.392+0000][11663.149s][info][gc,heap       ] GC(676) Eden regions: 241->0(245)
[2026-06-18T00:42:26.392+0000][11663.149s][info][gc,heap       ] GC(676) Survivor regions: 7->4(31)
[2026-06-18T00:42:26.392+0000][11663.149s][info][gc,heap       ] GC(676) Old regions: 49->49
[2026-06-18T00:42:26.392+0000][11663.149s][info][gc,heap       ] GC(676) Humongous regions: 147->147
[2026-06-18T00:42:26.392+0000][11663.149s][info][gc,metaspace  ] GC(676) Metaspace: 52744K(55552K)->52744K(55552K) NonClass: 46804K(48384K)->46804K(48384K) Class: 5940K(7168K)->5940K(7168K)
[2026-06-18T00:42:26.392+0000][11663.149s][info][gc            ] GC(676) Pause Young (Normal) (G1 Evacuation Pause) 443M->199M(512M) 2.408ms
[2026-06-18T00:42:26.392+0000][11663.149s][info][gc,cpu        ] GC(676) User=0.01s Sys=0.01s Real=0.00s
[2026-06-18T00:43:15.009+0000][11711.765s][info][gc,start      ] GC(677) Pause Young (Concurrent Start) (G1 Evacuation Pause)
[2026-06-18T00:43:15.009+0000][11711.765s][info][gc,task       ] GC(677) Using 13 workers of 13 for evacuation
[2026-06-18T00:43:15.013+0000][11711.769s][info][gc,phases     ] GC(677)   Pre Evacuate Collection Set: 0.3ms
[2026-06-18T00:43:15.013+0000][11711.769s][info][gc,phases     ] GC(677)   Evacuate Collection Set: 2.7ms
[2026-06-18T00:43:15.013+0000][11711.769s][info][gc,phases     ] GC(677)   Post Evacuate Collection Set: 0.5ms
[2026-06-18T00:43:15.013+0000][11711.769s][info][gc,phases     ] GC(677)   Other: 0.3ms
[2026-06-18T00:43:15.013+0000][11711.769s][info][gc,heap       ] GC(677) Eden regions: 245->0(241)
[2026-06-18T00:43:15.013+0000][11711.769s][info][gc,heap       ] GC(677) Survivor regions: 4->8(32)
[2026-06-18T00:43:15.013+0000][11711.769s][info][gc,heap       ] GC(677) Old regions: 49->49
[2026-06-18T00:43:15.013+0000][11711.769s][info][gc,heap       ] GC(677) Humongous regions: 147->147
[2026-06-18T00:43:15.013+0000][11711.769s][info][gc,metaspace  ] GC(677) Metaspace: 52744K(55552K)->52744K(55552K) NonClass: 46804K(48384K)->46804K(48384K) Class: 5940K(7168K)->5940K(7168K)
[2026-06-18T00:43:15.013+0000][11711.769s][info][gc            ] GC(677) Pause Young (Concurrent Start) (G1 Evacuation Pause) 444M->203M(512M) 4.426ms
[2026-06-18T00:43:15.013+0000][11711.770s][info][gc,cpu        ] GC(677) User=0.02s Sys=0.00s Real=0.00s
[2026-06-18T00:43:15.013+0000][11711.770s][info][gc            ] GC(678) Concurrent Cycle
[2026-06-18T00:43:15.013+0000][11711.770s][info][gc,marking    ] GC(678) Concurrent Clear Claimed Marks
[2026-06-18T00:43:15.014+0000][11711.770s][info][gc,marking    ] GC(678) Concurrent Clear Claimed Marks 0.250ms
[2026-06-18T00:43:15.014+0000][11711.770s][info][gc,marking    ] GC(678) Concurrent Scan Root Regions
[2026-06-18T00:43:15.015+0000][11711.772s][info][gc,marking    ] GC(678) Concurrent Scan Root Regions 1.551ms
[2026-06-18T00:43:15.015+0000][11711.772s][info][gc,marking    ] GC(678) Concurrent Mark (11711.772s)
[2026-06-18T00:43:15.016+0000][11711.772s][info][gc,marking    ] GC(678) Concurrent Mark From Roots
[2026-06-18T00:43:15.016+0000][11711.772s][info][gc,task       ] GC(678) Using 3 workers of 3 for marking
[2026-06-18T00:43:15.021+0000][11711.777s][info][gc,marking    ] GC(678) Concurrent Mark From Roots 5.431ms
[2026-06-18T00:43:15.021+0000][11711.777s][info][gc,marking    ] GC(678) Concurrent Preclean
[2026-06-18T00:43:15.021+0000][11711.777s][info][gc,marking    ] GC(678) Concurrent Preclean 0.145ms
[2026-06-18T00:43:15.021+0000][11711.777s][info][gc,marking    ] GC(678) Concurrent Mark (11711.772s, 11711.777s) 5.769ms
[2026-06-18T00:43:15.021+0000][11711.778s][info][gc,start      ] GC(678) Pause Remark
[2026-06-18T00:43:15.024+0000][11711.780s][info][gc,stringtable] GC(678) Cleaned string and symbol table, strings: 17370 processed, 0 removed, symbols: 125114 processed, 0 removed
[2026-06-18T00:43:15.024+0000][11711.780s][info][gc            ] GC(678) Pause Remark 207M->207M(512M) 2.893ms
[2026-06-18T00:43:15.024+0000][11711.781s][info][gc,cpu        ] GC(678) User=0.02s Sys=0.00s Real=0.00s
[2026-06-18T00:43:15.024+0000][11711.781s][info][gc,marking    ] GC(678) Concurrent Rebuild Remembered Sets
[2026-06-18T00:43:15.029+0000][11711.785s][info][gc,marking    ] GC(678) Concurrent Rebuild Remembered Sets 4.490ms
[2026-06-18T00:43:15.029+0000][11711.785s][info][gc,start      ] GC(678) Pause Cleanup
[2026-06-18T00:43:15.029+0000][11711.786s][info][gc            ] GC(678) Pause Cleanup 208M->208M(512M) 0.169ms
[2026-06-18T00:43:15.029+0000][11711.786s][info][gc,cpu        ] GC(678) User=0.00s Sys=0.00s Real=0.00s
[2026-06-18T00:43:15.029+0000][11711.786s][info][gc,marking    ] GC(678) Concurrent Cleanup for Next Mark
[2026-06-18T00:43:15.030+0000][11711.786s][info][gc,marking    ] GC(678) Concurrent Cleanup for Next Mark 0.130ms
[2026-06-18T00:43:15.030+0000][11711.786s][info][gc            ] GC(678) Concurrent Cycle 16.206ms
[2026-06-18T00:43:16.556+0000][11713.313s][info][gc,start      ] GC(679) Pause Young (Prepare Mixed) (G1 Evacuation Pause)
[2026-06-18T00:43:16.556+0000][11713.313s][info][gc,task       ] GC(679) Using 13 workers of 13 for evacuation
[2026-06-18T00:43:16.562+0000][11713.318s][info][gc,phases     ] GC(679)   Pre Evacuate Collection Set: 0.0ms
[2026-06-18T00:43:16.562+0000][11713.318s][info][gc,phases     ] GC(679)   Evacuate Collection Set: 4.8ms
[2026-06-18T00:43:16.562+0000][11713.318s][info][gc,phases     ] GC(679)   Post Evacuate Collection Set: 0.3ms
[2026-06-18T00:43:16.562+0000][11713.318s][info][gc,phases     ] GC(679)   Other: 0.3ms
[2026-06-18T00:43:16.562+0000][11713.318s][info][gc,heap       ] GC(679) Eden regions: 241->0(20)
[2026-06-18T00:43:16.562+0000][11713.318s][info][gc,heap       ] GC(679) Survivor regions: 8->5(32)
[2026-06-18T00:43:16.562+0000][11713.318s][info][gc,heap       ] GC(679) Old regions: 49->49
[2026-06-18T00:43:16.562+0000][11713.318s][info][gc,heap       ] GC(679) Humongous regions: 147->147
[2026-06-18T00:43:16.562+0000][11713.318s][info][gc,metaspace  ] GC(679) Metaspace: 52744K(55552K)->52744K(55552K) NonClass: 46804K(48384K)->46804K(48384K) Class: 5940K(7168K)->5940K(7168K)
[2026-06-18T00:43:16.562+0000][11713.318s][info][gc            ] GC(679) Pause Young (Prepare Mixed) (G1 Evacuation Pause) 444M->199M(512M) 5.889ms
[2026-06-18T00:43:16.562+0000][11713.318s][info][gc,cpu        ] GC(679) User=0.06s Sys=0.00s Real=0.01s
[2026-06-18T00:43:16.664+0000][11713.420s][info][gc,start      ] GC(680) Pause Young (Mixed) (G1 Evacuation Pause)
[2026-06-18T00:43:16.664+0000][11713.421s][info][gc,task       ] GC(680) Using 13 workers of 13 for evacuation
[2026-06-18T00:43:16.666+0000][11713.423s][info][gc,phases     ] GC(680)   Pre Evacuate Collection Set: 0.0ms
[2026-06-18T00:43:16.667+0000][11713.423s][info][gc,phases     ] GC(680)   Evacuate Collection Set: 1.5ms
[2026-06-18T00:43:16.667+0000][11713.423s][info][gc,phases     ] GC(680)   Post Evacuate Collection Set: 0.3ms
[2026-06-18T00:43:16.667+0000][11713.423s][info][gc,phases     ] GC(680)   Other: 0.3ms
[2026-06-18T00:43:16.667+0000][11713.423s][info][gc,heap       ] GC(680) Eden regions: 20->0(247)
[2026-06-18T00:43:16.667+0000][11713.423s][info][gc,heap       ] GC(680) Survivor regions: 5->4(4)
[2026-06-18T00:43:16.667+0000][11713.423s][info][gc,heap       ] GC(680) Old regions: 49->47
[2026-06-18T00:43:16.667+0000][11713.423s][info][gc,heap       ] GC(680) Humongous regions: 147->147
[2026-06-18T00:43:16.667+0000][11713.423s][info][gc,metaspace  ] GC(680) Metaspace: 52744K(55552K)->52744K(55552K) NonClass: 46804K(48384K)->46804K(48384K) Class: 5940K(7168K)->5940K(7168K)
[2026-06-18T00:43:16.667+0000][11713.423s][info][gc            ] GC(680) Pause Young (Mixed) (G1 Evacuation Pause) 219M->196M(512M) 2.584ms
[2026-06-18T00:43:16.667+0000][11713.423s][info][gc,cpu        ] GC(680) User=0.01s Sys=0.00s Real=0.00s
[2026-06-18T00:43:17.915+0000][11714.672s][info][gc,start      ] GC(681) Pause Young (Normal) (G1 Evacuation Pause)
[2026-06-18T00:43:17.915+0000][11714.672s][info][gc,task       ] GC(681) Using 13 workers of 13 for evacuation
[2026-06-18T00:43:17.921+0000][11714.677s][info][gc,phases     ] GC(681)   Pre Evacuate Collection Set: 0.0ms
[2026-06-18T00:43:17.921+0000][11714.677s][info][gc,phases     ] GC(681)   Evacuate Collection Set: 4.7ms
[2026-06-18T00:43:17.921+0000][11714.677s][info][gc,phases     ] GC(681)   Post Evacuate Collection Set: 0.3ms
[2026-06-18T00:43:17.921+0000][11714.677s][info][gc,phases     ] GC(681)   Other: 0.2ms
[2026-06-18T00:43:17.921+0000][11714.677s][info][gc,heap       ] GC(681) Eden regions: 247->0(244)
[2026-06-18T00:43:17.921+0000][11714.677s][info][gc,heap       ] GC(681) Survivor regions: 4->7(32)
[2026-06-18T00:43:17.921+0000][11714.677s][info][gc,heap       ] GC(681) Old regions: 47->47
[2026-06-18T00:43:17.921+0000][11714.677s][info][gc,heap       ] GC(681) Humongous regions: 147->147
[2026-06-18T00:43:17.921+0000][11714.677s][info][gc,metaspace  ] GC(681) Metaspace: 52744K(55552K)->52744K(55552K) NonClass: 46804K(48384K)->46804K(48384K) Class: 5940K(7168K)->5940K(7168K)
[2026-06-18T00:43:17.921+0000][11714.677s][info][gc            ] GC(681) Pause Young (Normal) (G1 Evacuation Pause) 443M->199M(512M) 5.626ms
[2026-06-18T00:43:17.921+0000][11714.677s][info][gc,cpu        ] GC(681) User=0.06s Sys=0.00s Real=0.01s
[2026-06-18T00:44:06.222+0000][11762.978s][info][gc,start      ] GC(682) Pause Young (Normal) (G1 Evacuation Pause)
[2026-06-18T00:44:06.222+0000][11762.978s][info][gc,task       ] GC(682) Using 13 workers of 13 for evacuation
[2026-06-18T00:44:06.226+0000][11762.982s][info][gc,phases     ] GC(682)   Pre Evacuate Collection Set: 0.0ms
[2026-06-18T00:44:06.226+0000][11762.982s][info][gc,phases     ] GC(682)   Evacuate Collection Set: 3.5ms
[2026-06-18T00:44:06.226+0000][11762.982s][info][gc,phases     ] GC(682)   Post Evacuate Collection Set: 0.6ms
[2026-06-18T00:44:06.226+0000][11762.982s][info][gc,phases     ] GC(682)   Other: 0.2ms
[2026-06-18T00:44:06.226+0000][11762.982s][info][gc,heap       ] GC(682) Eden regions: 244->0(249)
[2026-06-18T00:44:06.226+0000][11762.982s][info][gc,heap       ] GC(682) Survivor regions: 7->4(32)
[2026-06-18T00:44:06.227+0000][11762.982s][info][gc,heap       ] GC(682) Old regions: 47->47
[2026-06-18T00:44:06.227+0000][11762.982s][info][gc,heap       ] GC(682) Humongous regions: 147->147
[2026-06-18T00:44:06.227+0000][11762.982s][info][gc,metaspace  ] GC(682) Metaspace: 52744K(55552K)->52744K(55552K) NonClass: 46804K(48384K)->46804K(48384K) Class: 5940K(7168K)->5940K(7168K)
[2026-06-18T00:44:06.227+0000][11762.982s][info][gc            ] GC(682) Pause Young (Normal) (G1 Evacuation Pause) 443M->196M(512M) 4.841ms
[2026-06-18T00:44:06.227+0000][11762.982s][info][gc,cpu        ] GC(682) User=0.04s Sys=0.00s Real=0.00s
[2026-06-18T00:44:07.859+0000][11764.615s][info][gc,start      ] GC(683) Pause Young (Concurrent Start) (G1 Evacuation Pause)
[2026-06-18T00:44:07.860+0000][11764.615s][info][gc,task       ] GC(683) Using 13 workers of 13 for evacuation
[2026-06-18T00:44:07.863+0000][11764.618s][info][gc,phases     ] GC(683)   Pre Evacuate Collection Set: 0.3ms
[2026-06-18T00:44:07.863+0000][11764.619s][info][gc,phases     ] GC(683)   Evacuate Collection Set: 2.4ms
[2026-06-18T00:44:07.863+0000][11764.619s][info][gc,phases     ] GC(683)   Post Evacuate Collection Set: 0.3ms
[2026-06-18T00:44:07.863+0000][11764.619s][info][gc,phases     ] GC(683)   Other: 0.3ms
[2026-06-18T00:44:07.863+0000][11764.619s][info][gc,heap       ] GC(683) Eden regions: 249->0(246)
[2026-06-18T00:44:07.863+0000][11764.619s][info][gc,heap       ] GC(683) Survivor regions: 4->7(32)
[2026-06-18T00:44:07.863+0000][11764.619s][info][gc,heap       ] GC(683) Old regions: 47->47
[2026-06-18T00:44:07.863+0000][11764.619s][info][gc,heap       ] GC(683) Humongous regions: 147->147
[2026-06-18T00:44:07.863+0000][11764.619s][info][gc,metaspace  ] GC(683) Metaspace: 52744K(55552K)->52744K(55552K) NonClass: 46804K(48384K)->46804K(48384K) Class: 5940K(7168K)->5940K(7168K)
[2026-06-18T00:44:07.863+0000][11764.619s][info][gc            ] GC(683) Pause Young (Concurrent Start) (G1 Evacuation Pause) 445M->200M(512M) 3.732ms
[2026-06-18T00:44:07.863+0000][11764.619s][info][gc,cpu        ] GC(683) User=0.02s Sys=0.00s Real=0.00s
[2026-06-18T00:44:07.863+0000][11764.619s][info][gc            ] GC(684) Concurrent Cycle
[2026-06-18T00:44:07.863+0000][11764.619s][info][gc,marking    ] GC(684) Concurrent Clear Claimed Marks
[2026-06-18T00:44:07.864+0000][11764.619s][info][gc,marking    ] GC(684) Concurrent Clear Claimed Marks 0.221ms
[2026-06-18T00:44:07.864+0000][11764.619s][info][gc,marking    ] GC(684) Concurrent Scan Root Regions
[2026-06-18T00:44:07.865+0000][11764.621s][info][gc,marking    ] GC(684) Concurrent Scan Root Regions 1.244ms
[2026-06-18T00:44:07.865+0000][11764.621s][info][gc,marking    ] GC(684) Concurrent Mark (11764.621s)
[2026-06-18T00:44:07.865+0000][11764.621s][info][gc,marking    ] GC(684) Concurrent Mark From Roots
[2026-06-18T00:44:07.865+0000][11764.621s][info][gc,task       ] GC(684) Using 3 workers of 3 for marking
[2026-06-18T00:44:07.870+0000][11764.626s][info][gc,marking    ] GC(684) Concurrent Mark From Roots 5.446ms
[2026-06-18T00:44:07.871+0000][11764.626s][info][gc,marking    ] GC(684) Concurrent Preclean
[2026-06-18T00:44:07.871+0000][11764.627s][info][gc,marking    ] GC(684) Concurrent Preclean 0.180ms
[2026-06-18T00:44:07.871+0000][11764.627s][info][gc,marking    ] GC(684) Concurrent Mark (11764.621s, 11764.627s) 5.897ms
[2026-06-18T00:44:07.871+0000][11764.627s][info][gc,start      ] GC(684) Pause Remark
[2026-06-18T00:44:07.875+0000][11764.630s][info][gc,stringtable] GC(684) Cleaned string and symbol table, strings: 17370 processed, 0 removed, symbols: 125114 processed, 0 removed
[2026-06-18T00:44:07.875+0000][11764.631s][info][gc            ] GC(684) Pause Remark 204M->204M(512M) 3.815ms
[2026-06-18T00:44:07.875+0000][11764.631s][info][gc,cpu        ] GC(684) User=0.03s Sys=0.00s Real=0.00s
[2026-06-18T00:44:07.875+0000][11764.631s][info][gc,marking    ] GC(684) Concurrent Rebuild Remembered Sets
[2026-06-18T00:44:07.880+0000][11764.636s][info][gc,marking    ] GC(684) Concurrent Rebuild Remembered Sets 4.875ms
[2026-06-18T00:44:07.880+0000][11764.636s][info][gc,start      ] GC(684) Pause Cleanup
[2026-06-18T00:44:07.880+0000][11764.636s][info][gc            ] GC(684) Pause Cleanup 205M->205M(512M) 0.189ms
[2026-06-18T00:44:07.880+0000][11764.636s][info][gc,cpu        ] GC(684) User=0.00s Sys=0.00s Real=0.00s
[2026-06-18T00:44:07.881+0000][11764.636s][info][gc,marking    ] GC(684) Concurrent Cleanup for Next Mark
[2026-06-18T00:44:07.881+0000][11764.636s][info][gc,marking    ] GC(684) Concurrent Cleanup for Next Mark 0.163ms
[2026-06-18T00:44:07.881+0000][11764.637s][info][gc            ] GC(684) Concurrent Cycle 17.515ms
[2026-06-18T00:44:09.237+0000][11765.993s][info][gc,start      ] GC(685) Pause Young (Prepare Mixed) (G1 Evacuation Pause)
[2026-06-18T00:44:09.237+0000][11765.993s][info][gc,task       ] GC(685) Using 13 workers of 13 for evacuation
[2026-06-18T00:44:09.239+0000][11765.995s][info][gc,phases     ] GC(685)   Pre Evacuate Collection Set: 0.0ms
[2026-06-18T00:44:09.239+0000][11765.995s][info][gc,phases     ] GC(685)   Evacuate Collection Set: 1.8ms
[2026-06-18T00:44:09.240+0000][11765.995s][info][gc,phases     ] GC(685)   Post Evacuate Collection Set: 0.3ms
[2026-06-18T00:44:09.240+0000][11765.995s][info][gc,phases     ] GC(685)   Other: 0.3ms
[2026-06-18T00:44:09.240+0000][11765.995s][info][gc,heap       ] GC(685) Eden regions: 246->0(21)
[2026-06-18T00:44:09.240+0000][11765.995s][info][gc,heap       ] GC(685) Survivor regions: 7->4(32)
[2026-06-18T00:44:09.240+0000][11765.996s][info][gc,heap       ] GC(685) Old regions: 47->47
[2026-06-18T00:44:09.240+0000][11765.996s][info][gc,heap       ] GC(685) Humongous regions: 147->147
[2026-06-18T00:44:09.240+0000][11765.996s][info][gc,metaspace  ] GC(685) Metaspace: 52744K(55552K)->52744K(55552K) NonClass: 46804K(48384K)->46804K(48384K) Class: 5940K(7168K)->5940K(7168K)
[2026-06-18T00:44:09.240+0000][11765.996s][info][gc            ] GC(685) Pause Young (Prepare Mixed) (G1 Evacuation Pause) 446M->197M(512M) 2.809ms
[2026-06-18T00:44:09.240+0000][11765.996s][info][gc,cpu        ] GC(685) User=0.02s Sys=0.00s Real=0.01s
[2026-06-18T00:44:09.348+0000][11766.103s][info][gc,start      ] GC(686) Pause Young (Mixed) (G1 Evacuation Pause)
[2026-06-18T00:44:09.348+0000][11766.103s][info][gc,task       ] GC(686) Using 13 workers of 13 for evacuation
[2026-06-18T00:44:09.354+0000][11766.110s][info][gc,phases     ] GC(686)   Pre Evacuate Collection Set: 0.0ms
[2026-06-18T00:44:09.354+0000][11766.110s][info][gc,phases     ] GC(686)   Evacuate Collection Set: 5.8ms
[2026-06-18T00:44:09.354+0000][11766.110s][info][gc,phases     ] GC(686)   Post Evacuate Collection Set: 0.6ms
[2026-06-18T00:44:09.355+0000][11766.110s][info][gc,phases     ] GC(686)   Other: 0.2ms
[2026-06-18T00:44:09.355+0000][11766.110s][info][gc,heap       ] GC(686) Eden regions: 21->0(250)
[2026-06-18T00:44:09.355+0000][11766.110s][info][gc,heap       ] GC(686) Survivor regions: 4->3(4)
[2026-06-18T00:44:09.355+0000][11766.110s][info][gc,heap       ] GC(686) Old regions: 47->47
[2026-06-18T00:44:09.355+0000][11766.111s][info][gc,heap       ] GC(686) Humongous regions: 147->147
[2026-06-18T00:44:09.355+0000][11766.111s][info][gc,metaspace  ] GC(686) Metaspace: 52744K(55552K)->52744K(55552K) NonClass: 46804K(48384K)->46804K(48384K) Class: 5940K(7168K)->5940K(7168K)
[2026-06-18T00:44:09.355+0000][11766.111s][info][gc            ] GC(686) Pause Young (Mixed) (G1 Evacuation Pause) 218M->196M(512M) 7.241ms
[2026-06-18T00:44:09.355+0000][11766.111s][info][gc,cpu        ] GC(686) User=0.07s Sys=0.00s Real=0.00s
[2026-06-18T00:44:10.663+0000][11767.419s][info][gc,start      ] GC(687) Pause Young (Normal) (G1 Evacuation Pause)
[2026-06-18T00:44:10.663+0000][11767.419s][info][gc,task       ] GC(687) Using 13 workers of 13 for evacuation
[2026-06-18T00:44:10.667+0000][11767.423s][info][gc,phases     ] GC(687)   Pre Evacuate Collection Set: 0.0ms
[2026-06-18T00:44:10.667+0000][11767.423s][info][gc,phases     ] GC(687)   Evacuate Collection Set: 3.5ms
[2026-06-18T00:44:10.668+0000][11767.424s][info][gc,phases     ] GC(687)   Post Evacuate Collection Set: 0.6ms
[2026-06-18T00:44:10.668+0000][11767.424s][info][gc,phases     ] GC(687)   Other: 0.2ms
[2026-06-18T00:44:10.668+0000][11767.424s][info][gc,heap       ] GC(687) Eden regions: 250->0(245)
[2026-06-18T00:44:10.668+0000][11767.424s][info][gc,heap       ] GC(687) Survivor regions: 3->8(32)
[2026-06-18T00:44:10.668+0000][11767.424s][info][gc,heap       ] GC(687) Old regions: 47->47
[2026-06-18T00:44:10.668+0000][11767.424s][info][gc,heap       ] GC(687) Humongous regions: 147->147
[2026-06-18T00:44:10.668+0000][11767.424s][info][gc,metaspace  ] GC(687) Metaspace: 52744K(55552K)->52744K(55552K) NonClass: 46804K(48384K)->46804K(48384K) Class: 5940K(7168K)->5940K(7168K)
[2026-06-18T00:44:10.668+0000][11767.424s][info][gc            ] GC(687) Pause Young (Normal) (G1 Evacuation Pause) 446M->200M(512M) 5.386ms
[2026-06-18T00:44:10.668+0000][11767.424s][info][gc,cpu        ] GC(687) User=0.04s Sys=0.00s Real=0.01s
[2026-06-18T00:44:59.260+0000][11816.015s][info][gc,start      ] GC(688) Pause Young (Normal) (G1 Evacuation Pause)
[2026-06-18T00:44:59.260+0000][11816.015s][info][gc,task       ] GC(688) Using 13 workers of 13 for evacuation
[2026-06-18T00:44:59.261+0000][11816.017s][info][gc,phases     ] GC(688)   Pre Evacuate Collection Set: 0.0ms
[2026-06-18T00:44:59.262+0000][11816.017s][info][gc,phases     ] GC(688)   Evacuate Collection Set: 1.1ms
[2026-06-18T00:44:59.262+0000][11816.017s][info][gc,phases     ] GC(688)   Post Evacuate Collection Set: 0.3ms
[2026-06-18T00:44:59.262+0000][11816.017s][info][gc,phases     ] GC(688)   Other: 0.3ms
[2026-06-18T00:44:59.262+0000][11816.017s][info][gc,heap       ] GC(688) Eden regions: 245->0(250)
[2026-06-18T00:44:59.262+0000][11816.017s][info][gc,heap       ] GC(688) Survivor regions: 8->4(32)
[2026-06-18T00:44:59.262+0000][11816.017s][info][gc,heap       ] GC(688) Old regions: 47->47
[2026-06-18T00:44:59.262+0000][11816.017s][info][gc,heap       ] GC(688) Humongous regions: 147->147
[2026-06-18T00:44:59.262+0000][11816.017s][info][gc,metaspace  ] GC(688) Metaspace: 52745K(55552K)->52745K(55552K) NonClass: 46804K(48384K)->46804K(48384K) Class: 5940K(7168K)->5940K(7168K)
[2026-06-18T00:44:59.262+0000][11816.017s][info][gc            ] GC(688) Pause Young (Normal) (G1 Evacuation Pause) 445M->196M(512M) 2.207ms
[2026-06-18T00:44:59.262+0000][11816.018s][info][gc,cpu        ] GC(688) User=0.01s Sys=0.00s Real=0.00s
[2026-06-18T00:45:00.682+0000][11817.437s][info][gc,start      ] GC(689) Pause Young (Concurrent Start) (G1 Evacuation Pause)
[2026-06-18T00:45:00.682+0000][11817.437s][info][gc,task       ] GC(689) Using 13 workers of 13 for evacuation
[2026-06-18T00:45:00.686+0000][11817.441s][info][gc,phases     ] GC(689)   Pre Evacuate Collection Set: 0.3ms
[2026-06-18T00:45:00.686+0000][11817.441s][info][gc,phases     ] GC(689)   Evacuate Collection Set: 2.8ms
[2026-06-18T00:45:00.686+0000][11817.441s][info][gc,phases     ] GC(689)   Post Evacuate Collection Set: 0.6ms
[2026-06-18T00:45:00.686+0000][11817.441s][info][gc,phases     ] GC(689)   Other: 0.3ms
[2026-06-18T00:45:00.686+0000][11817.442s][info][gc,heap       ] GC(689) Eden regions: 250->0(247)
[2026-06-18T00:45:00.686+0000][11817.442s][info][gc,heap       ] GC(689) Survivor regions: 4->7(32)
[2026-06-18T00:45:00.686+0000][11817.442s][info][gc,heap       ] GC(689) Old regions: 47->47
[2026-06-18T00:45:00.686+0000][11817.442s][info][gc,heap       ] GC(689) Humongous regions: 147->147
[2026-06-18T00:45:00.686+0000][11817.442s][info][gc,metaspace  ] GC(689) Metaspace: 52745K(55552K)->52745K(55552K) NonClass: 46804K(48384K)->46804K(48384K) Class: 5940K(7168K)->5940K(7168K)
[2026-06-18T00:45:00.686+0000][11817.442s][info][gc            ] GC(689) Pause Young (Concurrent Start) (G1 Evacuation Pause) 446M->200M(512M) 4.483ms
[2026-06-18T00:45:00.686+0000][11817.442s][info][gc,cpu        ] GC(689) User=0.03s Sys=0.00s Real=0.00s
[2026-06-18T00:45:00.686+0000][11817.442s][info][gc            ] GC(690) Concurrent Cycle
[2026-06-18T00:45:00.686+0000][11817.442s][info][gc,marking    ] GC(690) Concurrent Clear Claimed Marks
[2026-06-18T00:45:00.687+0000][11817.442s][info][gc,marking    ] GC(690) Concurrent Clear Claimed Marks 0.197ms
[2026-06-18T00:45:00.687+0000][11817.442s][info][gc,marking    ] GC(690) Concurrent Scan Root Regions
[2026-06-18T00:45:00.688+0000][11817.444s][info][gc,marking    ] GC(690) Concurrent Scan Root Regions 1.499ms
[2026-06-18T00:45:00.688+0000][11817.444s][info][gc,marking    ] GC(690) Concurrent Mark (11817.444s)
[2026-06-18T00:45:00.688+0000][11817.444s][info][gc,marking    ] GC(690) Concurrent Mark From Roots
[2026-06-18T00:45:00.689+0000][11817.444s][info][gc,task       ] GC(690) Using 3 workers of 3 for marking
[2026-06-18T00:45:00.694+0000][11817.449s][info][gc,marking    ] GC(690) Concurrent Mark From Roots 5.498ms
[2026-06-18T00:45:00.694+0000][11817.450s][info][gc,marking    ] GC(690) Concurrent Preclean
[2026-06-18T00:45:00.694+0000][11817.450s][info][gc,marking    ] GC(690) Concurrent Preclean 0.235ms
[2026-06-18T00:45:00.694+0000][11817.450s][info][gc,marking    ] GC(690) Concurrent Mark (11817.444s, 11817.450s) 5.995ms
[2026-06-18T00:45:00.695+0000][11817.450s][info][gc,start      ] GC(690) Pause Remark
[2026-06-18T00:45:00.698+0000][11817.454s][info][gc,stringtable] GC(690) Cleaned string and symbol table, strings: 17370 processed, 0 removed, symbols: 125114 processed, 0 removed
[2026-06-18T00:45:00.698+0000][11817.454s][info][gc            ] GC(690) Pause Remark 204M->204M(512M) 3.706ms
[2026-06-18T00:45:00.698+0000][11817.454s][info][gc,cpu        ] GC(690) User=0.03s Sys=0.00s Real=0.01s
[2026-06-18T00:45:00.698+0000][11817.454s][info][gc,marking    ] GC(690) Concurrent Rebuild Remembered Sets
[2026-06-18T00:45:00.702+0000][11817.458s][info][gc,marking    ] GC(690) Concurrent Rebuild Remembered Sets 4.012ms
[2026-06-18T00:45:00.703+0000][11817.458s][info][gc,start      ] GC(690) Pause Cleanup
[2026-06-18T00:45:00.703+0000][11817.458s][info][gc            ] GC(690) Pause Cleanup 205M->205M(512M) 0.179ms
[2026-06-18T00:45:00.703+0000][11817.459s][info][gc,cpu        ] GC(690) User=0.00s Sys=0.00s Real=0.00s
[2026-06-18T00:45:00.703+0000][11817.459s][info][gc,marking    ] GC(690) Concurrent Cleanup for Next Mark
[2026-06-18T00:45:00.703+0000][11817.459s][info][gc,marking    ] GC(690) Concurrent Cleanup for Next Mark 0.141ms
[2026-06-18T00:45:00.703+0000][11817.459s][info][gc            ] GC(690) Concurrent Cycle 16.931ms
[2026-06-18T00:45:01.967+0000][11818.722s][info][gc,start      ] GC(691) Pause Young (Prepare Mixed) (G1 Evacuation Pause)
[2026-06-18T00:45:01.967+0000][11818.722s][info][gc,task       ] GC(691) Using 13 workers of 13 for evacuation
[2026-06-18T00:45:01.970+0000][11818.725s][info][gc,phases     ] GC(691)   Pre Evacuate Collection Set: 0.0ms
[2026-06-18T00:45:01.970+0000][11818.725s][info][gc,phases     ] GC(691)   Evacuate Collection Set: 2.2ms
[2026-06-18T00:45:01.970+0000][11818.725s][info][gc,phases     ] GC(691)   Post Evacuate Collection Set: 0.4ms
[2026-06-18T00:45:01.970+0000][11818.725s][info][gc,phases     ] GC(691)   Other: 0.3ms
[2026-06-18T00:45:01.970+0000][11818.725s][info][gc,heap       ] GC(691) Eden regions: 247->0(14)
[2026-06-18T00:45:01.970+0000][11818.725s][info][gc,heap       ] GC(691) Survivor regions: 7->11(32)
[2026-06-18T00:45:01.970+0000][11818.725s][info][gc,heap       ] GC(691) Old regions: 47->47
[2026-06-18T00:45:01.970+0000][11818.725s][info][gc,heap       ] GC(691) Humongous regions: 147->147
[2026-06-18T00:45:01.970+0000][11818.725s][info][gc,metaspace  ] GC(691) Metaspace: 52745K(55552K)->52745K(55552K) NonClass: 46804K(48384K)->46804K(48384K) Class: 5940K(7168K)->5940K(7168K)
[2026-06-18T00:45:01.970+0000][11818.726s][info][gc            ] GC(691) Pause Young (Prepare Mixed) (G1 Evacuation Pause) 447M->203M(512M) 3.442ms
[2026-06-18T00:45:01.970+0000][11818.726s][info][gc,cpu        ] GC(691) User=0.03s Sys=0.00s Real=0.01s
[2026-06-18T00:45:02.033+0000][11818.788s][info][gc,start      ] GC(692) Pause Young (Mixed) (G1 Evacuation Pause)
[2026-06-18T00:45:02.033+0000][11818.789s][info][gc,task       ] GC(692) Using 13 workers of 13 for evacuation
[2026-06-18T00:45:02.036+0000][11818.791s][info][gc,phases     ] GC(692)   Pre Evacuate Collection Set: 0.0ms
[2026-06-18T00:45:02.036+0000][11818.791s][info][gc,phases     ] GC(692)   Evacuate Collection Set: 1.9ms
[2026-06-18T00:45:02.036+0000][11818.791s][info][gc,phases     ] GC(692)   Post Evacuate Collection Set: 0.3ms
[2026-06-18T00:45:02.036+0000][11818.791s][info][gc,phases     ] GC(692)   Other: 0.3ms
[2026-06-18T00:45:02.036+0000][11818.791s][info][gc,heap       ] GC(692) Eden regions: 14->0(247)
[2026-06-18T00:45:02.036+0000][11818.791s][info][gc,heap       ] GC(692) Survivor regions: 11->2(4)
[2026-06-18T00:45:02.036+0000][11818.791s][info][gc,heap       ] GC(692) Old regions: 47->48
[2026-06-18T00:45:02.036+0000][11818.791s][info][gc,heap       ] GC(692) Humongous regions: 147->147
[2026-06-18T00:45:02.036+0000][11818.791s][info][gc,metaspace  ] GC(692) Metaspace: 52745K(55552K)->52745K(55552K) NonClass: 46804K(48384K)->46804K(48384K) Class: 5940K(7168K)->5940K(7168K)
[2026-06-18T00:45:02.036+0000][11818.791s][info][gc            ] GC(692) Pause Young (Mixed) (G1 Evacuation Pause) 217M->196M(512M) 3.005ms
[2026-06-18T00:45:02.036+0000][11818.792s][info][gc,cpu        ] GC(692) User=0.02s Sys=0.00s Real=0.00s
[2026-06-18T00:45:50.498+0000][11867.253s][info][gc,start      ] GC(693) Pause Young (Normal) (G1 Evacuation Pause)
[2026-06-18T00:45:50.498+0000][11867.254s][info][gc,task       ] GC(693) Using 13 workers of 13 for evacuation
[2026-06-18T00:45:50.501+0000][11867.256s][info][gc,phases     ] GC(693)   Pre Evacuate Collection Set: 0.0ms
[2026-06-18T00:45:50.501+0000][11867.256s][info][gc,phases     ] GC(693)   Evacuate Collection Set: 2.0ms
[2026-06-18T00:45:50.501+0000][11867.256s][info][gc,phases     ] GC(693)   Post Evacuate Collection Set: 0.4ms
[2026-06-18T00:45:50.501+0000][11867.256s][info][gc,phases     ] GC(693)   Other: 0.4ms
[2026-06-18T00:45:50.501+0000][11867.256s][info][gc,heap       ] GC(693) Eden regions: 247->0(245)
[2026-06-18T00:45:50.501+0000][11867.256s][info][gc,heap       ] GC(693) Survivor regions: 2->5(32)
[2026-06-18T00:45:50.501+0000][11867.256s][info][gc,heap       ] GC(693) Old regions: 48->48
[2026-06-18T00:45:50.501+0000][11867.256s][info][gc,heap       ] GC(693) Humongous regions: 147->147
[2026-06-18T00:45:50.501+0000][11867.257s][info][gc,metaspace  ] GC(693) Metaspace: 52745K(55552K)->52745K(55552K) NonClass: 46805K(48384K)->46805K(48384K) Class: 5940K(7168K)->5940K(7168K)
[2026-06-18T00:45:50.501+0000][11867.257s][info][gc            ] GC(693) Pause Young (Normal) (G1 Evacuation Pause) 443M->199M(512M) 3.206ms
[2026-06-18T00:45:50.501+0000][11867.257s][info][gc,cpu        ] GC(693) User=0.02s Sys=0.00s Real=0.00s
[2026-06-18T00:45:52.188+0000][11868.943s][info][gc,start      ] GC(694) Pause Young (Normal) (G1 Evacuation Pause)
[2026-06-18T00:45:52.188+0000][11868.943s][info][gc,task       ] GC(694) Using 13 workers of 13 for evacuation
[2026-06-18T00:45:52.191+0000][11868.947s][info][gc,phases     ] GC(694)   Pre Evacuate Collection Set: 0.0ms
[2026-06-18T00:45:52.191+0000][11868.947s][info][gc,phases     ] GC(694)   Evacuate Collection Set: 3.0ms
[2026-06-18T00:45:52.191+0000][11868.947s][info][gc,phases     ] GC(694)   Post Evacuate Collection Set: 0.3ms
[2026-06-18T00:45:52.191+0000][11868.947s][info][gc,phases     ] GC(694)   Other: 0.3ms
[2026-06-18T00:45:52.192+0000][11868.947s][info][gc,heap       ] GC(694) Eden regions: 245->0(249)
[2026-06-18T00:45:52.192+0000][11868.947s][info][gc,heap       ] GC(694) Survivor regions: 5->2(32)
[2026-06-18T00:45:52.192+0000][11868.947s][info][gc,heap       ] GC(694) Old regions: 48->48
[2026-06-18T00:45:52.192+0000][11868.947s][info][gc,heap       ] GC(694) Humongous regions: 147->147
[2026-06-18T00:45:52.192+0000][11868.947s][info][gc,metaspace  ] GC(694) Metaspace: 52745K(55552K)->52745K(55552K) NonClass: 46805K(48384K)->46805K(48384K) Class: 5940K(7168K)->5940K(7168K)
[2026-06-18T00:45:52.192+0000][11868.947s][info][gc            ] GC(694) Pause Young (Normal) (G1 Evacuation Pause) 444M->196M(512M) 4.161ms
[2026-06-18T00:45:52.192+0000][11868.947s][info][gc,cpu        ] GC(694) User=0.03s Sys=0.01s Real=0.01s
[2026-06-18T00:45:53.564+0000][11870.320s][info][gc,start      ] GC(695) Pause Young (Concurrent Start) (G1 Evacuation Pause)
[2026-06-18T00:45:53.564+0000][11870.320s][info][gc,task       ] GC(695) Using 13 workers of 13 for evacuation
[2026-06-18T00:45:53.568+0000][11870.323s][info][gc,phases     ] GC(695)   Pre Evacuate Collection Set: 0.3ms
[2026-06-18T00:45:53.568+0000][11870.323s][info][gc,phases     ] GC(695)   Evacuate Collection Set: 2.5ms
[2026-06-18T00:45:53.568+0000][11870.323s][info][gc,phases     ] GC(695)   Post Evacuate Collection Set: 0.4ms
[2026-06-18T00:45:53.568+0000][11870.323s][info][gc,phases     ] GC(695)   Other: 0.3ms
[2026-06-18T00:45:53.568+0000][11870.323s][info][gc,heap       ] GC(695) Eden regions: 249->0(247)
[2026-06-18T00:45:53.568+0000][11870.323s][info][gc,heap       ] GC(695) Survivor regions: 2->5(32)
[2026-06-18T00:45:53.568+0000][11870.323s][info][gc,heap       ] GC(695) Old regions: 48->48
[2026-06-18T00:45:53.568+0000][11870.323s][info][gc,heap       ] GC(695) Humongous regions: 147->147
[2026-06-18T00:45:53.568+0000][11870.324s][info][gc,metaspace  ] GC(695) Metaspace: 52745K(55552K)->52745K(55552K) NonClass: 46805K(48384K)->46805K(48384K) Class: 5940K(7168K)->5940K(7168K)
[2026-06-18T00:45:53.568+0000][11870.324s][info][gc            ] GC(695) Pause Young (Concurrent Start) (G1 Evacuation Pause) 445M->199M(512M) 4.133ms
[2026-06-18T00:45:53.568+0000][11870.324s][info][gc,cpu        ] GC(695) User=0.03s Sys=0.00s Real=0.01s
[2026-06-18T00:45:53.568+0000][11870.324s][info][gc            ] GC(696) Concurrent Cycle
[2026-06-18T00:45:53.568+0000][11870.324s][info][gc,marking    ] GC(696) Concurrent Clear Claimed Marks
[2026-06-18T00:45:53.569+0000][11870.324s][info][gc,marking    ] GC(696) Concurrent Clear Claimed Marks 0.262ms
[2026-06-18T00:45:53.569+0000][11870.324s][info][gc,marking    ] GC(696) Concurrent Scan Root Regions
[2026-06-18T00:45:53.570+0000][11870.326s][info][gc,marking    ] GC(696) Concurrent Scan Root Regions 1.392ms
[2026-06-18T00:45:53.570+0000][11870.326s][info][gc,marking    ] GC(696) Concurrent Mark (11870.326s)
[2026-06-18T00:45:53.570+0000][11870.326s][info][gc,marking    ] GC(696) Concurrent Mark From Roots
[2026-06-18T00:45:53.570+0000][11870.326s][info][gc,task       ] GC(696) Using 3 workers of 3 for marking
[2026-06-18T00:45:53.576+0000][11870.332s][info][gc,marking    ] GC(696) Concurrent Mark From Roots 6.058ms
[2026-06-18T00:45:53.577+0000][11870.332s][info][gc,marking    ] GC(696) Concurrent Preclean
[2026-06-18T00:45:53.577+0000][11870.332s][info][gc,marking    ] GC(696) Concurrent Preclean 0.170ms
[2026-06-18T00:45:53.577+0000][11870.332s][info][gc,marking    ] GC(696) Concurrent Mark (11870.326s, 11870.332s) 6.531ms
[2026-06-18T00:45:53.577+0000][11870.332s][info][gc,start      ] GC(696) Pause Remark
[2026-06-18T00:45:53.580+0000][11870.335s][info][gc,stringtable] GC(696) Cleaned string and symbol table, strings: 17370 processed, 0 removed, symbols: 125114 processed, 0 removed
[2026-06-18T00:45:53.580+0000][11870.336s][info][gc            ] GC(696) Pause Remark 203M->203M(512M) 3.107ms
[2026-06-18T00:45:53.580+0000][11870.336s][info][gc,cpu        ] GC(696) User=0.03s Sys=0.00s Real=0.01s
[2026-06-18T00:45:53.580+0000][11870.336s][info][gc,marking    ] GC(696) Concurrent Rebuild Remembered Sets
[2026-06-18T00:45:53.584+0000][11870.340s][info][gc,marking    ] GC(696) Concurrent Rebuild Remembered Sets 3.943ms
[2026-06-18T00:45:53.585+0000][11870.340s][info][gc,start      ] GC(696) Pause Cleanup
[2026-06-18T00:45:53.585+0000][11870.340s][info][gc            ] GC(696) Pause Cleanup 204M->204M(512M) 0.172ms
[2026-06-18T00:45:53.585+0000][11870.340s][info][gc,cpu        ] GC(696) User=0.00s Sys=0.00s Real=0.00s
[2026-06-18T00:45:53.585+0000][11870.340s][info][gc,marking    ] GC(696) Concurrent Cleanup for Next Mark
[2026-06-18T00:45:53.585+0000][11870.341s][info][gc,marking    ] GC(696) Concurrent Cleanup for Next Mark 0.190ms
[2026-06-18T00:45:53.585+0000][11870.341s][info][gc            ] GC(696) Concurrent Cycle 16.831ms
[2026-06-18T00:45:54.841+0000][11871.597s][info][gc,start      ] GC(697) Pause Young (Prepare Mixed) (G1 Evacuation Pause)
[2026-06-18T00:45:54.841+0000][11871.597s][info][gc,task       ] GC(697) Using 13 workers of 13 for evacuation
[2026-06-18T00:45:54.844+0000][11871.599s][info][gc,phases     ] GC(697)   Pre Evacuate Collection Set: 0.0ms
[2026-06-18T00:45:54.844+0000][11871.599s][info][gc,phases     ] GC(697)   Evacuate Collection Set: 1.7ms
[2026-06-18T00:45:54.844+0000][11871.599s][info][gc,phases     ] GC(697)   Post Evacuate Collection Set: 0.3ms
[2026-06-18T00:45:54.844+0000][11871.599s][info][gc,phases     ] GC(697)   Other: 0.3ms
[2026-06-18T00:45:54.844+0000][11871.599s][info][gc,heap       ] GC(697) Eden regions: 247->0(22)
[2026-06-18T00:45:54.844+0000][11871.599s][info][gc,heap       ] GC(697) Survivor regions: 5->3(32)
[2026-06-18T00:45:54.844+0000][11871.599s][info][gc,heap       ] GC(697) Old regions: 48->48
[2026-06-18T00:45:54.844+0000][11871.599s][info][gc,heap       ] GC(697) Humongous regions: 147->147
[2026-06-18T00:45:54.844+0000][11871.599s][info][gc,metaspace  ] GC(697) Metaspace: 52745K(55552K)->52745K(55552K) NonClass: 46805K(48384K)->46805K(48384K) Class: 5940K(7168K)->5940K(7168K)
[2026-06-18T00:45:54.844+0000][11871.600s][info][gc            ] GC(697) Pause Young (Prepare Mixed) (G1 Evacuation Pause) 446M->197M(512M) 2.799ms
[2026-06-18T00:45:54.844+0000][11871.600s][info][gc,cpu        ] GC(697) User=0.02s Sys=0.00s Real=0.00s
[2026-06-18T00:45:54.959+0000][11871.715s][info][gc,start      ] GC(698) Pause Young (Mixed) (G1 Evacuation Pause)
[2026-06-18T00:45:54.959+0000][11871.715s][info][gc,task       ] GC(698) Using 13 workers of 13 for evacuation
[2026-06-18T00:45:54.963+0000][11871.718s][info][gc,phases     ] GC(698)   Pre Evacuate Collection Set: 0.0ms
[2026-06-18T00:45:54.963+0000][11871.719s][info][gc,phases     ] GC(698)   Evacuate Collection Set: 3.0ms
[2026-06-18T00:45:54.963+0000][11871.719s][info][gc,phases     ] GC(698)   Post Evacuate Collection Set: 0.4ms
[2026-06-18T00:45:54.963+0000][11871.719s][info][gc,phases     ] GC(698)   Other: 0.5ms
[2026-06-18T00:45:54.963+0000][11871.719s][info][gc,heap       ] GC(698) Eden regions: 22->0(250)
[2026-06-18T00:45:54.963+0000][11871.719s][info][gc,heap       ] GC(698) Survivor regions: 3->3(4)
[2026-06-18T00:45:54.963+0000][11871.719s][info][gc,heap       ] GC(698) Old regions: 48->46
[2026-06-18T00:45:54.963+0000][11871.719s][info][gc,heap       ] GC(698) Humongous regions: 147->147
[2026-06-18T00:45:54.964+0000][11871.719s][info][gc,metaspace  ] GC(698) Metaspace: 52745K(55552K)->52745K(55552K) NonClass: 46805K(48384K)->46805K(48384K) Class: 5940K(7168K)->5940K(7168K)
[2026-06-18T00:45:54.964+0000][11871.719s][info][gc            ] GC(698) Pause Young (Mixed) (G1 Evacuation Pause) 219M->195M(512M) 4.334ms
[2026-06-18T00:45:54.964+0000][11871.719s][info][gc,cpu        ] GC(698) User=0.02s Sys=0.00s Real=0.00s
[2026-06-18T00:46:43.936+0000][11920.691s][info][gc,start      ] GC(699) Pause Young (Normal) (G1 Evacuation Pause)
[2026-06-18T00:46:43.937+0000][11920.692s][info][gc,task       ] GC(699) Using 13 workers of 13 for evacuation
[2026-06-18T00:46:43.942+0000][11920.696s][info][gc,phases     ] GC(699)   Pre Evacuate Collection Set: 0.0ms
[2026-06-18T00:46:43.942+0000][11920.697s][info][gc,phases     ] GC(699)   Evacuate Collection Set: 3.7ms
[2026-06-18T00:46:43.942+0000][11920.697s][info][gc,phases     ] GC(699)   Post Evacuate Collection Set: 0.4ms
[2026-06-18T00:46:43.942+0000][11920.697s][info][gc,phases     ] GC(699)   Other: 1.2ms
[2026-06-18T00:46:43.942+0000][11920.697s][info][gc,heap       ] GC(699) Eden regions: 250->0(248)
[2026-06-18T00:46:43.942+0000][11920.697s][info][gc,heap       ] GC(699) Survivor regions: 3->6(32)
[2026-06-18T00:46:43.942+0000][11920.697s][info][gc,heap       ] GC(699) Old regions: 46->46
[2026-06-18T00:46:43.942+0000][11920.697s][info][gc,heap       ] GC(699) Humongous regions: 147->147
[2026-06-18T00:46:43.942+0000][11920.697s][info][gc,metaspace  ] GC(699) Metaspace: 52745K(55552K)->52745K(55552K) NonClass: 46805K(48384K)->46805K(48384K) Class: 5940K(7168K)->5940K(7168K)
[2026-06-18T00:46:43.942+0000][11920.697s][info][gc            ] GC(699) Pause Young (Normal) (G1 Evacuation Pause) 445M->198M(512M) 5.658ms
[2026-06-18T00:46:43.942+0000][11920.697s][info][gc,cpu        ] GC(699) User=0.04s Sys=0.00s Real=0.01s
[2026-06-18T00:46:45.545+0000][11922.300s][info][gc,start      ] GC(700) Pause Young (Normal) (G1 Evacuation Pause)
[2026-06-18T00:46:45.545+0000][11922.300s][info][gc,task       ] GC(700) Using 13 workers of 13 for evacuation
[2026-06-18T00:46:45.549+0000][11922.303s][info][gc,phases     ] GC(700)   Pre Evacuate Collection Set: 0.0ms
[2026-06-18T00:46:45.549+0000][11922.304s][info][gc,phases     ] GC(700)   Evacuate Collection Set: 3.0ms
[2026-06-18T00:46:45.549+0000][11922.304s][info][gc,phases     ] GC(700)   Post Evacuate Collection Set: 0.4ms
[2026-06-18T00:46:45.549+0000][11922.304s][info][gc,phases     ] GC(700)   Other: 0.3ms
[2026-06-18T00:46:45.549+0000][11922.304s][info][gc,heap       ] GC(700) Eden regions: 248->0(244)
[2026-06-18T00:46:45.549+0000][11922.304s][info][gc,heap       ] GC(700) Survivor regions: 6->9(32)
[2026-06-18T00:46:45.549+0000][11922.304s][info][gc,heap       ] GC(700) Old regions: 46->46
[2026-06-18T00:46:45.549+0000][11922.304s][info][gc,heap       ] GC(700) Humongous regions: 147->147
[2026-06-18T00:46:45.549+0000][11922.304s][info][gc,metaspace  ] GC(700) Metaspace: 52745K(55552K)->52745K(55552K) NonClass: 46805K(48384K)->46805K(48384K) Class: 5940K(7168K)->5940K(7168K)
[2026-06-18T00:46:45.549+0000][11922.304s][info][gc            ] GC(700) Pause Young (Normal) (G1 Evacuation Pause) 446M->201M(512M) 4.117ms
[2026-06-18T00:46:45.549+0000][11922.304s][info][gc,cpu        ] GC(700) User=0.04s Sys=0.00s Real=0.01s
[2026-06-18T00:46:46.761+0000][11923.515s][info][gc,start      ] GC(701) Pause Young (Concurrent Start) (G1 Evacuation Pause)
[2026-06-18T00:46:46.761+0000][11923.515s][info][gc,task       ] GC(701) Using 13 workers of 13 for evacuation
[2026-06-18T00:46:46.768+0000][11923.522s][info][gc,phases     ] GC(701)   Pre Evacuate Collection Set: 0.3ms
[2026-06-18T00:46:46.768+0000][11923.523s][info][gc,phases     ] GC(701)   Evacuate Collection Set: 6.1ms
[2026-06-18T00:46:46.768+0000][11923.523s][info][gc,phases     ] GC(701)   Post Evacuate Collection Set: 0.4ms
[2026-06-18T00:46:46.768+0000][11923.523s][info][gc,phases     ] GC(701)   Other: 0.3ms
[2026-06-18T00:46:46.768+0000][11923.523s][info][gc,heap       ] GC(701) Eden regions: 244->0(246)
[2026-06-18T00:46:46.768+0000][11923.523s][info][gc,heap       ] GC(701) Survivor regions: 9->7(32)
[2026-06-18T00:46:46.768+0000][11923.523s][info][gc,heap       ] GC(701) Old regions: 46->46
[2026-06-18T00:46:46.768+0000][11923.523s][info][gc,heap       ] GC(701) Humongous regions: 147->147
[2026-06-18T00:46:46.768+0000][11923.523s][info][gc,metaspace  ] GC(701) Metaspace: 52745K(55552K)->52745K(55552K) NonClass: 46805K(48384K)->46805K(48384K) Class: 5940K(7168K)->5940K(7168K)
[2026-06-18T00:46:46.768+0000][11923.523s][info][gc            ] GC(701) Pause Young (Concurrent Start) (G1 Evacuation Pause) 445M->199M(512M) 7.545ms
[2026-06-18T00:46:46.768+0000][11923.523s][info][gc,cpu        ] GC(701) User=0.08s Sys=0.01s Real=0.00s
[2026-06-18T00:46:46.768+0000][11923.523s][info][gc            ] GC(702) Concurrent Cycle
[2026-06-18T00:46:46.768+0000][11923.523s][info][gc,marking    ] GC(702) Concurrent Clear Claimed Marks
[2026-06-18T00:46:46.769+0000][11923.523s][info][gc,marking    ] GC(702) Concurrent Clear Claimed Marks 0.273ms
[2026-06-18T00:46:46.769+0000][11923.523s][info][gc,marking    ] GC(702) Concurrent Scan Root Regions
[2026-06-18T00:46:46.770+0000][11923.525s][info][gc,marking    ] GC(702) Concurrent Scan Root Regions 1.483ms
[2026-06-18T00:46:46.770+0000][11923.525s][info][gc,marking    ] GC(702) Concurrent Mark (11923.525s)
[2026-06-18T00:46:46.770+0000][11923.525s][info][gc,marking    ] GC(702) Concurrent Mark From Roots
[2026-06-18T00:46:46.771+0000][11923.525s][info][gc,task       ] GC(702) Using 3 workers of 3 for marking
[2026-06-18T00:46:46.776+0000][11923.531s][info][gc,marking    ] GC(702) Concurrent Mark From Roots 5.578ms
[2026-06-18T00:46:46.776+0000][11923.531s][info][gc,marking    ] GC(702) Concurrent Preclean
[2026-06-18T00:46:46.776+0000][11923.531s][info][gc,marking    ] GC(702) Concurrent Preclean 0.144ms
[2026-06-18T00:46:46.776+0000][11923.531s][info][gc,marking    ] GC(702) Concurrent Mark (11923.525s, 11923.531s) 6.135ms
[2026-06-18T00:46:46.776+0000][11923.531s][info][gc,start      ] GC(702) Pause Remark
[2026-06-18T00:46:46.779+0000][11923.534s][info][gc,stringtable] GC(702) Cleaned string and symbol table, strings: 17370 processed, 0 removed, symbols: 125114 processed, 0 removed
[2026-06-18T00:46:46.779+0000][11923.534s][info][gc            ] GC(702) Pause Remark 204M->204M(512M) 2.784ms
[2026-06-18T00:46:46.779+0000][11923.534s][info][gc,cpu        ] GC(702) User=0.03s Sys=0.00s Real=0.01s
[2026-06-18T00:46:46.779+0000][11923.534s][info][gc,marking    ] GC(702) Concurrent Rebuild Remembered Sets
[2026-06-18T00:46:46.783+0000][11923.538s][info][gc,marking    ] GC(702) Concurrent Rebuild Remembered Sets 3.951ms
[2026-06-18T00:46:46.784+0000][11923.539s][info][gc,start      ] GC(702) Pause Cleanup
[2026-06-18T00:46:46.784+0000][11923.539s][info][gc            ] GC(702) Pause Cleanup 205M->205M(512M) 0.196ms
[2026-06-18T00:46:46.784+0000][11923.539s][info][gc,cpu        ] GC(702) User=0.00s Sys=0.00s Real=0.00s
[2026-06-18T00:46:46.784+0000][11923.539s][info][gc,marking    ] GC(702) Concurrent Cleanup for Next Mark
[2026-06-18T00:46:46.784+0000][11923.539s][info][gc,marking    ] GC(702) Concurrent Cleanup for Next Mark 0.137ms
[2026-06-18T00:46:46.784+0000][11923.539s][info][gc            ] GC(702) Concurrent Cycle 16.002ms
[2026-06-18T00:47:35.309+0000][11972.063s][info][gc,start      ] GC(703) Pause Young (Prepare Mixed) (G1 Evacuation Pause)
[2026-06-18T00:47:35.309+0000][11972.063s][info][gc,task       ] GC(703) Using 13 workers of 13 for evacuation
[2026-06-18T00:47:35.311+0000][11972.066s][info][gc,phases     ] GC(703)   Pre Evacuate Collection Set: 0.0ms
[2026-06-18T00:47:35.311+0000][11972.066s][info][gc,phases     ] GC(703)   Evacuate Collection Set: 2.2ms
[2026-06-18T00:47:35.312+0000][11972.066s][info][gc,phases     ] GC(703)   Post Evacuate Collection Set: 0.4ms
[2026-06-18T00:47:35.312+0000][11972.066s][info][gc,phases     ] GC(703)   Other: 0.3ms
[2026-06-18T00:47:35.312+0000][11972.066s][info][gc,heap       ] GC(703) Eden regions: 246->0(15)
[2026-06-18T00:47:35.312+0000][11972.066s][info][gc,heap       ] GC(703) Survivor regions: 7->10(32)
[2026-06-18T00:47:35.312+0000][11972.066s][info][gc,heap       ] GC(703) Old regions: 46->46
[2026-06-18T00:47:35.312+0000][11972.066s][info][gc,heap       ] GC(703) Humongous regions: 147->147
[2026-06-18T00:47:35.312+0000][11972.066s][info][gc,metaspace  ] GC(703) Metaspace: 52745K(55552K)->52745K(55552K) NonClass: 46805K(48384K)->46805K(48384K) Class: 5940K(7168K)->5940K(7168K)
[2026-06-18T00:47:35.312+0000][11972.066s][info][gc            ] GC(703) Pause Young (Prepare Mixed) (G1 Evacuation Pause) 445M->202M(512M) 3.367ms
[2026-06-18T00:47:35.312+0000][11972.066s][info][gc,cpu        ] GC(703) User=0.03s Sys=0.00s Real=0.01s
[2026-06-18T00:47:35.397+0000][11972.151s][info][gc,start      ] GC(704) Pause Young (Mixed) (G1 Evacuation Pause)
[2026-06-18T00:47:35.397+0000][11972.152s][info][gc,task       ] GC(704) Using 13 workers of 13 for evacuation
[2026-06-18T00:47:35.400+0000][11972.154s][info][gc,phases     ] GC(704)   Pre Evacuate Collection Set: 0.0ms
[2026-06-18T00:47:35.400+0000][11972.154s][info][gc,phases     ] GC(704)   Evacuate Collection Set: 2.2ms
[2026-06-18T00:47:35.400+0000][11972.154s][info][gc,phases     ] GC(704)   Post Evacuate Collection Set: 0.3ms
[2026-06-18T00:47:35.400+0000][11972.154s][info][gc,phases     ] GC(704)   Other: 0.3ms
[2026-06-18T00:47:35.400+0000][11972.154s][info][gc,heap       ] GC(704) Eden regions: 15->0(246)
[2026-06-18T00:47:35.400+0000][11972.154s][info][gc,heap       ] GC(704) Survivor regions: 10->2(4)
[2026-06-18T00:47:35.400+0000][11972.155s][info][gc,heap       ] GC(704) Old regions: 46->49
[2026-06-18T00:47:35.400+0000][11972.155s][info][gc,heap       ] GC(704) Humongous regions: 147->147
[2026-06-18T00:47:35.400+0000][11972.155s][info][gc,metaspace  ] GC(704) Metaspace: 52745K(55552K)->52745K(55552K) NonClass: 46805K(48384K)->46805K(48384K) Class: 5940K(7168K)->5940K(7168K)
[2026-06-18T00:47:35.400+0000][11972.155s][info][gc            ] GC(704) Pause Young (Mixed) (G1 Evacuation Pause) 217M->196M(512M) 3.237ms
[2026-06-18T00:47:35.400+0000][11972.155s][info][gc,cpu        ] GC(704) User=0.01s Sys=0.01s Real=0.01s
[2026-06-18T00:47:36.911+0000][11973.666s][info][gc,start      ] GC(705) Pause Young (Normal) (G1 Evacuation Pause)
[2026-06-18T00:47:36.911+0000][11973.666s][info][gc,task       ] GC(705) Using 13 workers of 13 for evacuation
[2026-06-18T00:47:36.914+0000][11973.669s][info][gc,phases     ] GC(705)   Pre Evacuate Collection Set: 0.0ms
[2026-06-18T00:47:36.914+0000][11973.669s][info][gc,phases     ] GC(705)   Evacuate Collection Set: 2.2ms
[2026-06-18T00:47:36.914+0000][11973.669s][info][gc,phases     ] GC(705)   Post Evacuate Collection Set: 0.3ms
[2026-06-18T00:47:36.914+0000][11973.669s][info][gc,phases     ] GC(705)   Other: 0.4ms
[2026-06-18T00:47:36.914+0000][11973.669s][info][gc,heap       ] GC(705) Eden regions: 246->0(245)
[2026-06-18T00:47:36.914+0000][11973.669s][info][gc,heap       ] GC(705) Survivor regions: 2->4(31)
[2026-06-18T00:47:36.914+0000][11973.669s][info][gc,heap       ] GC(705) Old regions: 49->49
[2026-06-18T00:47:36.915+0000][11973.669s][info][gc,heap       ] GC(705) Humongous regions: 147->147
[2026-06-18T00:47:36.915+0000][11973.669s][info][gc,metaspace  ] GC(705) Metaspace: 52745K(55552K)->52745K(55552K) NonClass: 46805K(48384K)->46805K(48384K) Class: 5940K(7168K)->5940K(7168K)
[2026-06-18T00:47:36.915+0000][11973.669s][info][gc            ] GC(705) Pause Young (Normal) (G1 Evacuation Pause) 442M->198M(512M) 3.348ms
[2026-06-18T00:47:36.915+0000][11973.669s][info][gc,cpu        ] GC(705) User=0.03s Sys=0.00s Real=0.00s
[2026-06-18T00:47:38.183+0000][11974.937s][info][gc,start      ] GC(706) Pause Young (Normal) (G1 Evacuation Pause)
[2026-06-18T00:47:38.183+0000][11974.937s][info][gc,task       ] GC(706) Using 13 workers of 13 for evacuation
[2026-06-18T00:47:38.186+0000][11974.941s][info][gc,phases     ] GC(706)   Pre Evacuate Collection Set: 0.0ms
[2026-06-18T00:47:38.186+0000][11974.941s][info][gc,phases     ] GC(706)   Evacuate Collection Set: 3.0ms
[2026-06-18T00:47:38.187+0000][11974.941s][info][gc,phases     ] GC(706)   Post Evacuate Collection Set: 0.3ms
[2026-06-18T00:47:38.187+0000][11974.941s][info][gc,phases     ] GC(706)   Other: 0.3ms
[2026-06-18T00:47:38.187+0000][11974.941s][info][gc,heap       ] GC(706) Eden regions: 245->0(242)
[2026-06-18T00:47:38.187+0000][11974.941s][info][gc,heap       ] GC(706) Survivor regions: 4->7(32)
[2026-06-18T00:47:38.187+0000][11974.941s][info][gc,heap       ] GC(706) Old regions: 49->49
[2026-06-18T00:47:38.187+0000][11974.941s][info][gc,heap       ] GC(706) Humongous regions: 147->147
[2026-06-18T00:47:38.187+0000][11974.941s][info][gc,metaspace  ] GC(706) Metaspace: 52745K(55552K)->52745K(55552K) NonClass: 46805K(48384K)->46805K(48384K) Class: 5940K(7168K)->5940K(7168K)
[2026-06-18T00:47:38.187+0000][11974.942s][info][gc            ] GC(706) Pause Young (Normal) (G1 Evacuation Pause) 443M->201M(512M) 4.213ms
[2026-06-18T00:47:38.187+0000][11974.942s][info][gc,cpu        ] GC(706) User=0.04s Sys=0.00s Real=0.00s
[2026-06-18T00:47:39.391+0000][11976.145s][info][gc,start      ] GC(707) Pause Young (Concurrent Start) (G1 Evacuation Pause)
[2026-06-18T00:47:39.391+0000][11976.145s][info][gc,task       ] GC(707) Using 13 workers of 13 for evacuation
[2026-06-18T00:47:39.393+0000][11976.147s][info][gc,phases     ] GC(707)   Pre Evacuate Collection Set: 0.3ms
[2026-06-18T00:47:39.393+0000][11976.147s][info][gc,phases     ] GC(707)   Evacuate Collection Set: 1.3ms
[2026-06-18T00:47:39.393+0000][11976.148s][info][gc,phases     ] GC(707)   Post Evacuate Collection Set: 0.3ms
[2026-06-18T00:47:39.393+0000][11976.148s][info][gc,phases     ] GC(707)   Other: 0.4ms
[2026-06-18T00:47:39.393+0000][11976.148s][info][gc,heap       ] GC(707) Eden regions: 242->0(246)
[2026-06-18T00:47:39.393+0000][11976.148s][info][gc,heap       ] GC(707) Survivor regions: 7->4(32)
[2026-06-18T00:47:39.393+0000][11976.148s][info][gc,heap       ] GC(707) Old regions: 49->49
[2026-06-18T00:47:39.393+0000][11976.148s][info][gc,heap       ] GC(707) Humongous regions: 147->147
[2026-06-18T00:47:39.393+0000][11976.148s][info][gc,metaspace  ] GC(707) Metaspace: 52745K(55552K)->52745K(55552K) NonClass: 46805K(48384K)->46805K(48384K) Class: 5940K(7168K)->5940K(7168K)
[2026-06-18T00:47:39.393+0000][11976.148s][info][gc            ] GC(707) Pause Young (Concurrent Start) (G1 Evacuation Pause) 443M->199M(512M) 2.826ms
[2026-06-18T00:47:39.394+0000][11976.148s][info][gc,cpu        ] GC(707) User=0.01s Sys=0.00s Real=0.00s
[2026-06-18T00:47:39.394+0000][11976.148s][info][gc            ] GC(708) Concurrent Cycle
[2026-06-18T00:47:39.394+0000][11976.148s][info][gc,marking    ] GC(708) Concurrent Clear Claimed Marks
[2026-06-18T00:47:39.394+0000][11976.148s][info][gc,marking    ] GC(708) Concurrent Clear Claimed Marks 0.257ms
[2026-06-18T00:47:39.394+0000][11976.149s][info][gc,marking    ] GC(708) Concurrent Scan Root Regions
[2026-06-18T00:47:39.395+0000][11976.150s][info][gc,marking    ] GC(708) Concurrent Scan Root Regions 1.079ms
[2026-06-18T00:47:39.395+0000][11976.150s][info][gc,marking    ] GC(708) Concurrent Mark (11976.150s)
[2026-06-18T00:47:39.395+0000][11976.150s][info][gc,marking    ] GC(708) Concurrent Mark From Roots
[2026-06-18T00:47:39.395+0000][11976.150s][info][gc,task       ] GC(708) Using 3 workers of 3 for marking
[2026-06-18T00:47:39.401+0000][11976.155s][info][gc,marking    ] GC(708) Concurrent Mark From Roots 5.496ms
[2026-06-18T00:47:39.401+0000][11976.155s][info][gc,marking    ] GC(708) Concurrent Preclean
[2026-06-18T00:47:39.401+0000][11976.156s][info][gc,marking    ] GC(708) Concurrent Preclean 0.176ms
[2026-06-18T00:47:39.401+0000][11976.156s][info][gc,marking    ] GC(708) Concurrent Mark (11976.150s, 11976.156s) 5.941ms
[2026-06-18T00:47:39.401+0000][11976.156s][info][gc,start      ] GC(708) Pause Remark
[2026-06-18T00:47:39.404+0000][11976.159s][info][gc,stringtable] GC(708) Cleaned string and symbol table, strings: 17370 processed, 0 removed, symbols: 125114 processed, 0 removed
[2026-06-18T00:47:39.404+0000][11976.159s][info][gc            ] GC(708) Pause Remark 203M->203M(512M) 3.082ms
[2026-06-18T00:47:39.405+0000][11976.159s][info][gc,cpu        ] GC(708) User=0.03s Sys=0.00s Real=0.00s
[2026-06-18T00:47:39.405+0000][11976.159s][info][gc,marking    ] GC(708) Concurrent Rebuild Remembered Sets
[2026-06-18T00:47:39.409+0000][11976.164s][info][gc,marking    ] GC(708) Concurrent Rebuild Remembered Sets 4.336ms
[2026-06-18T00:47:39.410+0000][11976.165s][info][gc,start      ] GC(708) Pause Cleanup
[2026-06-18T00:47:39.411+0000][11976.166s][info][gc            ] GC(708) Pause Cleanup 204M->204M(512M) 0.689ms
[2026-06-18T00:47:39.411+0000][11976.166s][info][gc,cpu        ] GC(708) User=0.00s Sys=0.00s Real=0.00s
[2026-06-18T00:47:39.411+0000][11976.166s][info][gc,marking    ] GC(708) Concurrent Cleanup for Next Mark
[2026-06-18T00:47:39.411+0000][11976.166s][info][gc,marking    ] GC(708) Concurrent Cleanup for Next Mark 0.206ms
[2026-06-18T00:47:39.412+0000][11976.166s][info][gc            ] GC(708) Concurrent Cycle 17.920ms
[2026-06-18T00:48:28.249+0000][12025.004s][info][gc,start      ] GC(709) Pause Young (Prepare Mixed) (G1 Evacuation Pause)
[2026-06-18T00:48:28.250+0000][12025.004s][info][gc,task       ] GC(709) Using 13 workers of 13 for evacuation
[2026-06-18T00:48:28.256+0000][12025.010s][info][gc,phases     ] GC(709)   Pre Evacuate Collection Set: 0.0ms
[2026-06-18T00:48:28.256+0000][12025.011s][info][gc,phases     ] GC(709)   Evacuate Collection Set: 6.2ms
[2026-06-18T00:48:28.256+0000][12025.011s][info][gc,phases     ] GC(709)   Post Evacuate Collection Set: 0.4ms
[2026-06-18T00:48:28.257+0000][12025.011s][info][gc,phases     ] GC(709)   Other: 0.3ms
[2026-06-18T00:48:28.257+0000][12025.011s][info][gc,heap       ] GC(709) Eden regions: 246->0(18)
[2026-06-18T00:48:28.257+0000][12025.011s][info][gc,heap       ] GC(709) Survivor regions: 4->7(32)
[2026-06-18T00:48:28.257+0000][12025.011s][info][gc,heap       ] GC(709) Old regions: 49->49
[2026-06-18T00:48:28.257+0000][12025.011s][info][gc,heap       ] GC(709) Humongous regions: 147->147
[2026-06-18T00:48:28.257+0000][12025.011s][info][gc,metaspace  ] GC(709) Metaspace: 52745K(55552K)->52745K(55552K) NonClass: 46805K(48384K)->46805K(48384K) Class: 5940K(7168K)->5940K(7168K)
[2026-06-18T00:48:28.257+0000][12025.011s][info][gc            ] GC(709) Pause Young (Prepare Mixed) (G1 Evacuation Pause) 445M->201M(512M) 7.349ms
[2026-06-18T00:48:28.257+0000][12025.011s][info][gc,cpu        ] GC(709) User=0.08s Sys=0.00s Real=0.00s
[2026-06-18T00:48:28.352+0000][12025.106s][info][gc,start      ] GC(710) Pause Young (Mixed) (G1 Evacuation Pause)
[2026-06-18T00:48:28.352+0000][12025.106s][info][gc,task       ] GC(710) Using 13 workers of 13 for evacuation
[2026-06-18T00:48:28.356+0000][12025.110s][info][gc,phases     ] GC(710)   Pre Evacuate Collection Set: 0.0ms
[2026-06-18T00:48:28.356+0000][12025.110s][info][gc,phases     ] GC(710)   Evacuate Collection Set: 3.1ms
[2026-06-18T00:48:28.356+0000][12025.110s][info][gc,phases     ] GC(710)   Post Evacuate Collection Set: 0.3ms
[2026-06-18T00:48:28.356+0000][12025.110s][info][gc,phases     ] GC(710)   Other: 0.3ms
[2026-06-18T00:48:28.356+0000][12025.110s][info][gc,heap       ] GC(710) Eden regions: 18->0(246)
[2026-06-18T00:48:28.356+0000][12025.110s][info][gc,heap       ] GC(710) Survivor regions: 7->2(4)
[2026-06-18T00:48:28.356+0000][12025.110s][info][gc,heap       ] GC(710) Old regions: 49->51
[2026-06-18T00:48:28.356+0000][12025.110s][info][gc,heap       ] GC(710) Humongous regions: 147->147
[2026-06-18T00:48:28.356+0000][12025.111s][info][gc,metaspace  ] GC(710) Metaspace: 52745K(55552K)->52745K(55552K) NonClass: 46805K(48384K)->46805K(48384K) Class: 5940K(7168K)->5940K(7168K)
[2026-06-18T00:48:28.356+0000][12025.111s][info][gc            ] GC(710) Pause Young (Mixed) (G1 Evacuation Pause) 219M->198M(512M) 4.224ms
[2026-06-18T00:48:28.356+0000][12025.111s][info][gc,cpu        ] GC(710) User=0.02s Sys=0.00s Real=0.00s
[2026-06-18T00:48:29.710+0000][12026.465s][info][gc,start      ] GC(711) Pause Young (Normal) (G1 Evacuation Pause)
[2026-06-18T00:48:29.711+0000][12026.465s][info][gc,task       ] GC(711) Using 13 workers of 13 for evacuation
[2026-06-18T00:48:29.715+0000][12026.470s][info][gc,phases     ] GC(711)   Pre Evacuate Collection Set: 0.0ms
[2026-06-18T00:48:29.716+0000][12026.470s][info][gc,phases     ] GC(711)   Evacuate Collection Set: 4.5ms
[2026-06-18T00:48:29.716+0000][12026.470s][info][gc,phases     ] GC(711)   Post Evacuate Collection Set: 0.3ms
[2026-06-18T00:48:29.716+0000][12026.470s][info][gc,phases     ] GC(711)   Other: 0.2ms
[2026-06-18T00:48:29.716+0000][12026.470s][info][gc,heap       ] GC(711) Eden regions: 246->0(236)
[2026-06-18T00:48:29.716+0000][12026.470s][info][gc,heap       ] GC(711) Survivor regions: 2->9(31)
[2026-06-18T00:48:29.716+0000][12026.470s][info][gc,heap       ] GC(711) Old regions: 51->51
[2026-06-18T00:48:29.716+0000][12026.470s][info][gc,heap       ] GC(711) Humongous regions: 147->147
[2026-06-18T00:48:29.716+0000][12026.470s][info][gc,metaspace  ] GC(711) Metaspace: 52745K(55552K)->52745K(55552K) NonClass: 46805K(48384K)->46805K(48384K) Class: 5940K(7168K)->5940K(7168K)
[2026-06-18T00:48:29.716+0000][12026.470s][info][gc            ] GC(711) Pause Young (Normal) (G1 Evacuation Pause) 444M->205M(512M) 5.312ms
[2026-06-18T00:48:29.716+0000][12026.470s][info][gc,cpu        ] GC(711) User=0.05s Sys=0.00s Real=0.00s
[2026-06-18T00:48:30.890+0000][12027.644s][info][gc,start      ] GC(712) Pause Young (Normal) (G1 Evacuation Pause)
[2026-06-18T00:48:30.890+0000][12027.645s][info][gc,task       ] GC(712) Using 13 workers of 13 for evacuation
[2026-06-18T00:48:30.892+0000][12027.646s][info][gc,phases     ] GC(712)   Pre Evacuate Collection Set: 0.0ms
[2026-06-18T00:48:30.892+0000][12027.646s][info][gc,phases     ] GC(712)   Evacuate Collection Set: 1.1ms
[2026-06-18T00:48:30.892+0000][12027.646s][info][gc,phases     ] GC(712)   Post Evacuate Collection Set: 0.3ms
[2026-06-18T00:48:30.892+0000][12027.646s][info][gc,phases     ] GC(712)   Other: 0.3ms
[2026-06-18T00:48:30.892+0000][12027.646s][info][gc,heap       ] GC(712) Eden regions: 236->0(242)
[2026-06-18T00:48:30.892+0000][12027.646s][info][gc,heap       ] GC(712) Survivor regions: 9->5(31)
[2026-06-18T00:48:30.892+0000][12027.646s][info][gc,heap       ] GC(712) Old regions: 51->51
[2026-06-18T00:48:30.892+0000][12027.647s][info][gc,heap       ] GC(712) Humongous regions: 147->147
[2026-06-18T00:48:30.892+0000][12027.647s][info][gc,metaspace  ] GC(712) Metaspace: 52745K(55552K)->52745K(55552K) NonClass: 46805K(48384K)->46805K(48384K) Class: 5940K(7168K)->5940K(7168K)
[2026-06-18T00:48:30.892+0000][12027.647s][info][gc            ] GC(712) Pause Young (Normal) (G1 Evacuation Pause) 441M->202M(512M) 2.119ms
[2026-06-18T00:48:30.892+0000][12027.647s][info][gc,cpu        ] GC(712) User=0.01s Sys=0.00s Real=0.00s
[2026-06-18T00:49:19.330+0000][12076.085s][info][gc,start      ] GC(713) Pause Young (Concurrent Start) (G1 Evacuation Pause)
[2026-06-18T00:49:19.330+0000][12076.085s][info][gc,task       ] GC(713) Using 13 workers of 13 for evacuation
[2026-06-18T00:49:19.333+0000][12076.088s][info][gc,phases     ] GC(713)   Pre Evacuate Collection Set: 0.3ms
[2026-06-18T00:49:19.333+0000][12076.088s][info][gc,phases     ] GC(713)   Evacuate Collection Set: 2.1ms
[2026-06-18T00:49:19.333+0000][12076.088s][info][gc,phases     ] GC(713)   Post Evacuate Collection Set: 0.3ms
[2026-06-18T00:49:19.334+0000][12076.088s][info][gc,phases     ] GC(713)   Other: 0.4ms
[2026-06-18T00:49:19.334+0000][12076.088s][info][gc,heap       ] GC(713) Eden regions: 242->0(238)
[2026-06-18T00:49:19.334+0000][12076.088s][info][gc,heap       ] GC(713) Survivor regions: 5->8(31)
[2026-06-18T00:49:19.334+0000][12076.088s][info][gc,heap       ] GC(713) Old regions: 51->51
[2026-06-18T00:49:19.334+0000][12076.088s][info][gc,heap       ] GC(713) Humongous regions: 147->147
[2026-06-18T00:49:19.334+0000][12076.088s][info][gc,metaspace  ] GC(713) Metaspace: 52745K(55552K)->52745K(55552K) NonClass: 46805K(48384K)->46805K(48384K) Class: 5940K(7168K)->5940K(7168K)
[2026-06-18T00:49:19.334+0000][12076.088s][info][gc            ] GC(713) Pause Young (Concurrent Start) (G1 Evacuation Pause) 444M->205M(512M) 3.502ms
[2026-06-18T00:49:19.334+0000][12076.088s][info][gc,cpu        ] GC(713) User=0.02s Sys=0.00s Real=0.00s
[2026-06-18T00:49:19.334+0000][12076.088s][info][gc            ] GC(714) Concurrent Cycle
[2026-06-18T00:49:19.334+0000][12076.088s][info][gc,marking    ] GC(714) Concurrent Clear Claimed Marks
[2026-06-18T00:49:19.334+0000][12076.088s][info][gc,marking    ] GC(714) Concurrent Clear Claimed Marks 0.218ms
[2026-06-18T00:49:19.334+0000][12076.088s][info][gc,marking    ] GC(714) Concurrent Scan Root Regions
[2026-06-18T00:49:19.336+0000][12076.090s][info][gc,marking    ] GC(714) Concurrent Scan Root Regions 1.283ms
[2026-06-18T00:49:19.336+0000][12076.090s][info][gc,marking    ] GC(714) Concurrent Mark (12076.090s)
[2026-06-18T00:49:19.336+0000][12076.090s][info][gc,marking    ] GC(714) Concurrent Mark From Roots
[2026-06-18T00:49:19.336+0000][12076.090s][info][gc,task       ] GC(714) Using 3 workers of 3 for marking
[2026-06-18T00:49:19.342+0000][12076.096s][info][gc,marking    ] GC(714) Concurrent Mark From Roots 5.908ms
[2026-06-18T00:49:19.342+0000][12076.096s][info][gc,marking    ] GC(714) Concurrent Preclean
[2026-06-18T00:49:19.342+0000][12076.096s][info][gc,marking    ] GC(714) Concurrent Preclean 0.225ms
[2026-06-18T00:49:19.342+0000][12076.097s][info][gc,marking    ] GC(714) Concurrent Mark (12076.090s, 12076.097s) 6.720ms
[2026-06-18T00:49:19.343+0000][12076.097s][info][gc,start      ] GC(714) Pause Remark
[2026-06-18T00:49:19.345+0000][12076.099s][info][gc,stringtable] GC(714) Cleaned string and symbol table, strings: 17370 processed, 0 removed, symbols: 125114 processed, 0 removed
[2026-06-18T00:49:19.345+0000][12076.100s][info][gc            ] GC(714) Pause Remark 208M->208M(512M) 2.767ms
[2026-06-18T00:49:19.345+0000][12076.100s][info][gc,cpu        ] GC(714) User=0.02s Sys=0.00s Real=0.00s
[2026-06-18T00:49:19.346+0000][12076.100s][info][gc,marking    ] GC(714) Concurrent Rebuild Remembered Sets
[2026-06-18T00:49:19.350+0000][12076.104s][info][gc,marking    ] GC(714) Concurrent Rebuild Remembered Sets 4.077ms
[2026-06-18T00:49:19.350+0000][12076.104s][info][gc,start      ] GC(714) Pause Cleanup
[2026-06-18T00:49:19.350+0000][12076.104s][info][gc            ] GC(714) Pause Cleanup 209M->209M(512M) 0.183ms
[2026-06-18T00:49:19.350+0000][12076.105s][info][gc,cpu        ] GC(714) User=0.00s Sys=0.00s Real=0.00s
[2026-06-18T00:49:19.350+0000][12076.105s][info][gc,marking    ] GC(714) Concurrent Cleanup for Next Mark
[2026-06-18T00:49:19.351+0000][12076.105s][info][gc,marking    ] GC(714) Concurrent Cleanup for Next Mark 0.166ms
[2026-06-18T00:49:19.351+0000][12076.105s][info][gc            ] GC(714) Concurrent Cycle 16.842ms
[2026-06-18T00:49:20.807+0000][12077.561s][info][gc,start      ] GC(715) Pause Young (Prepare Mixed) (G1 Evacuation Pause)
[2026-06-18T00:49:20.807+0000][12077.561s][info][gc,task       ] GC(715) Using 13 workers of 13 for evacuation
[2026-06-18T00:49:20.811+0000][12077.565s][info][gc,phases     ] GC(715)   Pre Evacuate Collection Set: 0.0ms
[2026-06-18T00:49:20.811+0000][12077.565s][info][gc,phases     ] GC(715)   Evacuate Collection Set: 3.2ms
[2026-06-18T00:49:20.811+0000][12077.565s][info][gc,phases     ] GC(715)   Post Evacuate Collection Set: 0.3ms
[2026-06-18T00:49:20.811+0000][12077.565s][info][gc,phases     ] GC(715)   Other: 0.3ms
[2026-06-18T00:49:20.811+0000][12077.565s][info][gc,heap       ] GC(715) Eden regions: 238->0(22)
[2026-06-18T00:49:20.811+0000][12077.565s][info][gc,heap       ] GC(715) Survivor regions: 8->3(31)
[2026-06-18T00:49:20.811+0000][12077.565s][info][gc,heap       ] GC(715) Old regions: 51->51
[2026-06-18T00:49:20.811+0000][12077.565s][info][gc,heap       ] GC(715) Humongous regions: 147->147
[2026-06-18T00:49:20.811+0000][12077.565s][info][gc,metaspace  ] GC(715) Metaspace: 52745K(55552K)->52745K(55552K) NonClass: 46805K(48384K)->46805K(48384K) Class: 5940K(7168K)->5940K(7168K)
[2026-06-18T00:49:20.811+0000][12077.565s][info][gc            ] GC(715) Pause Young (Prepare Mixed) (G1 Evacuation Pause) 443M->200M(512M) 4.351ms
[2026-06-18T00:49:20.811+0000][12077.566s][info][gc,cpu        ] GC(715) User=0.04s Sys=0.00s Real=0.01s
[2026-06-18T00:49:20.918+0000][12077.672s][info][gc,start      ] GC(716) Pause Young (Mixed) (G1 Evacuation Pause)
[2026-06-18T00:49:20.918+0000][12077.672s][info][gc,task       ] GC(716) Using 13 workers of 13 for evacuation
[2026-06-18T00:49:20.920+0000][12077.674s][info][gc,phases     ] GC(716)   Pre Evacuate Collection Set: 0.0ms
[2026-06-18T00:49:20.920+0000][12077.674s][info][gc,phases     ] GC(716)   Evacuate Collection Set: 1.4ms
[2026-06-18T00:49:20.920+0000][12077.674s][info][gc,phases     ] GC(716)   Post Evacuate Collection Set: 0.3ms
[2026-06-18T00:49:20.920+0000][12077.674s][info][gc,phases     ] GC(716)   Other: 0.3ms
[2026-06-18T00:49:20.920+0000][12077.674s][info][gc,heap       ] GC(716) Eden regions: 22->0(247)
[2026-06-18T00:49:20.920+0000][12077.674s][info][gc,heap       ] GC(716) Survivor regions: 3->4(4)
[2026-06-18T00:49:20.920+0000][12077.674s][info][gc,heap       ] GC(716) Old regions: 51->46
[2026-06-18T00:49:20.920+0000][12077.674s][info][gc,heap       ] GC(716) Humongous regions: 147->147
[2026-06-18T00:49:20.920+0000][12077.674s][info][gc,metaspace  ] GC(716) Metaspace: 52745K(55552K)->52745K(55552K) NonClass: 46805K(48384K)->46805K(48384K) Class: 5940K(7168K)->5940K(7168K)
[2026-06-18T00:49:20.920+0000][12077.674s][info][gc            ] GC(716) Pause Young (Mixed) (G1 Evacuation Pause) 222M->195M(512M) 2.419ms
[2026-06-18T00:49:20.920+0000][12077.675s][info][gc,cpu        ] GC(716) User=0.02s Sys=0.00s Real=0.01s
[2026-06-18T00:49:22.216+0000][12078.971s][info][gc,start      ] GC(717) Pause Young (Normal) (G1 Evacuation Pause)
[2026-06-18T00:49:22.217+0000][12078.971s][info][gc,task       ] GC(717) Using 13 workers of 13 for evacuation
[2026-06-18T00:49:22.221+0000][12078.975s][info][gc,phases     ] GC(717)   Pre Evacuate Collection Set: 0.0ms
[2026-06-18T00:49:22.221+0000][12078.975s][info][gc,phases     ] GC(717)   Evacuate Collection Set: 2.2ms
[2026-06-18T00:49:22.221+0000][12078.975s][info][gc,phases     ] GC(717)   Post Evacuate Collection Set: 0.3ms
[2026-06-18T00:49:22.221+0000][12078.975s][info][gc,phases     ] GC(717)   Other: 1.6ms
[2026-06-18T00:49:22.221+0000][12078.975s][info][gc,heap       ] GC(717) Eden regions: 247->0(243)
[2026-06-18T00:49:22.221+0000][12078.975s][info][gc,heap       ] GC(717) Survivor regions: 4->8(32)
[2026-06-18T00:49:22.221+0000][12078.975s][info][gc,heap       ] GC(717) Old regions: 46->46
[2026-06-18T00:49:22.221+0000][12078.975s][info][gc,heap       ] GC(717) Humongous regions: 147->147
[2026-06-18T00:49:22.221+0000][12078.975s][info][gc,metaspace  ] GC(717) Metaspace: 52745K(55552K)->52745K(55552K) NonClass: 46805K(48384K)->46805K(48384K) Class: 5940K(7168K)->5940K(7168K)
[2026-06-18T00:49:22.221+0000][12078.975s][info][gc            ] GC(717) Pause Young (Normal) (G1 Evacuation Pause) 442M->199M(512M) 4.762ms
[2026-06-18T00:49:22.221+0000][12078.976s][info][gc,cpu        ] GC(717) User=0.02s Sys=0.00s Real=0.01s
[2026-06-18T00:49:23.419+0000][12080.174s][info][gc,start      ] GC(718) Pause Young (Normal) (G1 Evacuation Pause)
[2026-06-18T00:49:23.420+0000][12080.174s][info][gc,task       ] GC(718) Using 13 workers of 13 for evacuation
[2026-06-18T00:49:23.422+0000][12080.176s][info][gc,phases     ] GC(718)   Pre Evacuate Collection Set: 0.0ms
[2026-06-18T00:49:23.422+0000][12080.176s][info][gc,phases     ] GC(718)   Evacuate Collection Set: 1.5ms
[2026-06-18T00:49:23.422+0000][12080.176s][info][gc,phases     ] GC(718)   Post Evacuate Collection Set: 0.4ms
[2026-06-18T00:49:23.422+0000][12080.176s][info][gc,phases     ] GC(718)   Other: 0.4ms
[2026-06-18T00:49:23.422+0000][12080.176s][info][gc,heap       ] GC(718) Eden regions: 243->0(246)
[2026-06-18T00:49:23.422+0000][12080.176s][info][gc,heap       ] GC(718) Survivor regions: 8->6(32)
[2026-06-18T00:49:23.422+0000][12080.176s][info][gc,heap       ] GC(718) Old regions: 46->46
[2026-06-18T00:49:23.422+0000][12080.176s][info][gc,heap       ] GC(718) Humongous regions: 147->147
[2026-06-18T00:49:23.422+0000][12080.176s][info][gc,metaspace  ] GC(718) Metaspace: 52745K(55552K)->52745K(55552K) NonClass: 46805K(48384K)->46805K(48384K) Class: 5940K(7168K)->5940K(7168K)
[2026-06-18T00:49:23.422+0000][12080.176s][info][gc            ] GC(718) Pause Young (Normal) (G1 Evacuation Pause) 442M->197M(512M) 2.680ms
[2026-06-18T00:49:23.422+0000][12080.176s][info][gc,cpu        ] GC(718) User=0.02s Sys=0.00s Real=0.00s
[2026-06-18T00:50:12.017+0000][12128.770s][info][gc,start      ] GC(719) Pause Young (Concurrent Start) (G1 Evacuation Pause)
[2026-06-18T00:50:12.017+0000][12128.770s][info][gc,task       ] GC(719) Using 13 workers of 13 for evacuation
[2026-06-18T00:50:12.021+0000][12128.775s][info][gc,phases     ] GC(719)   Pre Evacuate Collection Set: 0.6ms
[2026-06-18T00:50:12.021+0000][12128.775s][info][gc,phases     ] GC(719)   Evacuate Collection Set: 2.9ms
[2026-06-18T00:50:12.021+0000][12128.775s][info][gc,phases     ] GC(719)   Post Evacuate Collection Set: 0.4ms
[2026-06-18T00:50:12.021+0000][12128.775s][info][gc,phases     ] GC(719)   Other: 0.4ms
[2026-06-18T00:50:12.021+0000][12128.775s][info][gc,heap       ] GC(719) Eden regions: 246->0(242)
[2026-06-18T00:50:12.021+0000][12128.775s][info][gc,heap       ] GC(719) Survivor regions: 6->10(32)
[2026-06-18T00:50:12.021+0000][12128.775s][info][gc,heap       ] GC(719) Old regions: 46->46
[2026-06-18T00:50:12.022+0000][12128.775s][info][gc,heap       ] GC(719) Humongous regions: 147->147
[2026-06-18T00:50:12.022+0000][12128.775s][info][gc,metaspace  ] GC(719) Metaspace: 52748K(55552K)->52748K(55552K) NonClass: 46807K(48384K)->46807K(48384K) Class: 5940K(7168K)->5940K(7168K)
[2026-06-18T00:50:12.022+0000][12128.775s][info][gc            ] GC(719) Pause Young (Concurrent Start) (G1 Evacuation Pause) 443M->201M(512M) 4.937ms
[2026-06-18T00:50:12.022+0000][12128.775s][info][gc,cpu        ] GC(719) User=0.02s Sys=0.01s Real=0.01s
[2026-06-18T00:50:12.022+0000][12128.775s][info][gc            ] GC(720) Concurrent Cycle
[2026-06-18T00:50:12.022+0000][12128.776s][info][gc,marking    ] GC(720) Concurrent Clear Claimed Marks
[2026-06-18T00:50:12.022+0000][12128.776s][info][gc,marking    ] GC(720) Concurrent Clear Claimed Marks 0.239ms
[2026-06-18T00:50:12.022+0000][12128.776s][info][gc,marking    ] GC(720) Concurrent Scan Root Regions
[2026-06-18T00:50:12.024+0000][12128.778s][info][gc,marking    ] GC(720) Concurrent Scan Root Regions 2.048ms
[2026-06-18T00:50:12.025+0000][12128.779s][info][gc,marking    ] GC(720) Concurrent Mark (12128.779s)
[2026-06-18T00:50:12.026+0000][12128.779s][info][gc,marking    ] GC(720) Concurrent Mark From Roots
[2026-06-18T00:50:12.026+0000][12128.780s][info][gc,task       ] GC(720) Using 3 workers of 3 for marking
[2026-06-18T00:50:12.036+0000][12128.789s][info][gc,marking    ] GC(720) Concurrent Mark From Roots 9.924ms
[2026-06-18T00:50:12.036+0000][12128.789s][info][gc,marking    ] GC(720) Concurrent Preclean
[2026-06-18T00:50:12.036+0000][12128.790s][info][gc,marking    ] GC(720) Concurrent Preclean 0.240ms
[2026-06-18T00:50:12.036+0000][12128.790s][info][gc,marking    ] GC(720) Concurrent Mark (12128.779s, 12128.790s) 11.100ms
[2026-06-18T00:50:12.037+0000][12128.790s][info][gc,start      ] GC(720) Pause Remark
[2026-06-18T00:50:12.042+0000][12128.795s][info][gc,stringtable] GC(720) Cleaned string and symbol table, strings: 17370 processed, 0 removed, symbols: 125114 processed, 0 removed
[2026-06-18T00:50:12.042+0000][12128.796s][info][gc            ] GC(720) Pause Remark 205M->205M(512M) 5.186ms
[2026-06-18T00:50:12.042+0000][12128.796s][info][gc,cpu        ] GC(720) User=0.01s Sys=0.00s Real=0.01s
[2026-06-18T00:50:12.042+0000][12128.796s][info][gc,marking    ] GC(720) Concurrent Rebuild Remembered Sets
[2026-06-18T00:50:12.047+0000][12128.801s][info][gc,marking    ] GC(720) Concurrent Rebuild Remembered Sets 4.822ms
[2026-06-18T00:50:12.048+0000][12128.801s][info][gc,start      ] GC(720) Pause Cleanup
[2026-06-18T00:50:12.048+0000][12128.802s][info][gc            ] GC(720) Pause Cleanup 207M->207M(512M) 0.239ms
[2026-06-18T00:50:12.048+0000][12128.802s][info][gc,cpu        ] GC(720) User=0.00s Sys=0.01s Real=0.00s
[2026-06-18T00:50:12.048+0000][12128.802s][info][gc,marking    ] GC(720) Concurrent Cleanup for Next Mark
[2026-06-18T00:50:12.048+0000][12128.802s][info][gc,marking    ] GC(720) Concurrent Cleanup for Next Mark 0.142ms
[2026-06-18T00:50:12.049+0000][12128.802s][info][gc            ] GC(720) Concurrent Cycle 26.601ms
[2026-06-18T00:50:13.453+0000][12130.206s][info][gc,start      ] GC(721) Pause Young (Prepare Mixed) (G1 Evacuation Pause)
[2026-06-18T00:50:13.453+0000][12130.207s][info][gc,task       ] GC(721) Using 13 workers of 13 for evacuation
[2026-06-18T00:50:13.455+0000][12130.209s][info][gc,phases     ] GC(721)   Pre Evacuate Collection Set: 0.0ms
[2026-06-18T00:50:13.456+0000][12130.209s][info][gc,phases     ] GC(721)   Evacuate Collection Set: 1.8ms
[2026-06-18T00:50:13.456+0000][12130.209s][info][gc,phases     ] GC(721)   Post Evacuate Collection Set: 0.4ms
[2026-06-18T00:50:13.456+0000][12130.209s][info][gc,phases     ] GC(721)   Other: 0.4ms
[2026-06-18T00:50:13.456+0000][12130.209s][info][gc,heap       ] GC(721) Eden regions: 242->0(19)
[2026-06-18T00:50:13.456+0000][12130.209s][info][gc,heap       ] GC(721) Survivor regions: 10->6(32)
[2026-06-18T00:50:13.456+0000][12130.209s][info][gc,heap       ] GC(721) Old regions: 46->46
[2026-06-18T00:50:13.456+0000][12130.210s][info][gc,heap       ] GC(721) Humongous regions: 147->147
[2026-06-18T00:50:13.456+0000][12130.210s][info][gc,metaspace  ] GC(721) Metaspace: 52748K(55552K)->52748K(55552K) NonClass: 46807K(48384K)->46807K(48384K) Class: 5940K(7168K)->5940K(7168K)
[2026-06-18T00:50:13.456+0000][12130.210s][info][gc            ] GC(721) Pause Young (Prepare Mixed) (G1 Evacuation Pause) 443M->198M(512M) 3.271ms
[2026-06-18T00:50:13.456+0000][12130.210s][info][gc,cpu        ] GC(721) User=0.02s Sys=0.00s Real=0.00s
[2026-06-18T00:50:13.549+0000][12130.303s][info][gc,start      ] GC(722) Pause Young (Mixed) (G1 Evacuation Pause)
[2026-06-18T00:50:13.549+0000][12130.303s][info][gc,task       ] GC(722) Using 13 workers of 13 for evacuation
[2026-06-18T00:50:13.552+0000][12130.306s][info][gc,phases     ] GC(722)   Pre Evacuate Collection Set: 0.0ms
[2026-06-18T00:50:13.553+0000][12130.306s][info][gc,phases     ] GC(722)   Evacuate Collection Set: 2.7ms
[2026-06-18T00:50:13.553+0000][12130.306s][info][gc,phases     ] GC(722)   Post Evacuate Collection Set: 0.3ms
[2026-06-18T00:50:13.553+0000][12130.306s][info][gc,phases     ] GC(722)   Other: 0.3ms
[2026-06-18T00:50:13.553+0000][12130.306s][info][gc,heap       ] GC(722) Eden regions: 19->0(247)
[2026-06-18T00:50:13.553+0000][12130.306s][info][gc,heap       ] GC(722) Survivor regions: 6->3(4)
[2026-06-18T00:50:13.553+0000][12130.306s][info][gc,heap       ] GC(722) Old regions: 46->49
[2026-06-18T00:50:13.553+0000][12130.306s][info][gc,heap       ] GC(722) Humongous regions: 147->147
[2026-06-18T00:50:13.553+0000][12130.306s][info][gc,metaspace  ] GC(722) Metaspace: 52748K(55552K)->52748K(55552K) NonClass: 46807K(48384K)->46807K(48384K) Class: 5940K(7168K)->5940K(7168K)
[2026-06-18T00:50:13.553+0000][12130.306s][info][gc            ] GC(722) Pause Young (Mixed) (G1 Evacuation Pause) 217M->197M(512M) 3.870ms
[2026-06-18T00:50:13.553+0000][12130.307s][info][gc,cpu        ] GC(722) User=0.02s Sys=0.00s Real=0.01s
[2026-06-18T00:50:14.794+0000][12131.548s][info][gc,start      ] GC(723) Pause Young (Normal) (G1 Evacuation Pause)
[2026-06-18T00:50:14.794+0000][12131.548s][info][gc,task       ] GC(723) Using 13 workers of 13 for evacuation
[2026-06-18T00:50:14.797+0000][12131.550s][info][gc,phases     ] GC(723)   Pre Evacuate Collection Set: 0.0ms
[2026-06-18T00:50:14.797+0000][12131.550s][info][gc,phases     ] GC(723)   Evacuate Collection Set: 1.6ms
[2026-06-18T00:50:14.797+0000][12131.550s][info][gc,phases     ] GC(723)   Post Evacuate Collection Set: 0.3ms
[2026-06-18T00:50:14.797+0000][12131.550s][info][gc,phases     ] GC(723)   Other: 0.3ms
[2026-06-18T00:50:14.797+0000][12131.550s][info][gc,heap       ] GC(723) Eden regions: 247->0(243)
[2026-06-18T00:50:14.797+0000][12131.550s][info][gc,heap       ] GC(723) Survivor regions: 3->7(32)
[2026-06-18T00:50:14.797+0000][12131.550s][info][gc,heap       ] GC(723) Old regions: 49->49
[2026-06-18T00:50:14.797+0000][12131.551s][info][gc,heap       ] GC(723) Humongous regions: 147->147
[2026-06-18T00:50:14.797+0000][12131.551s][info][gc,metaspace  ] GC(723) Metaspace: 52748K(55552K)->52748K(55552K) NonClass: 46807K(48384K)->46807K(48384K) Class: 5940K(7168K)->5940K(7168K)
[2026-06-18T00:50:14.797+0000][12131.551s][info][gc            ] GC(723) Pause Young (Normal) (G1 Evacuation Pause) 444M->201M(512M) 2.801ms
[2026-06-18T00:50:14.797+0000][12131.551s][info][gc,cpu        ] GC(723) User=0.02s Sys=0.00s Real=0.00s
[2026-06-18T00:51:03.223+0000][12179.976s][info][gc,start      ] GC(724) Pause Young (Normal) (G1 Evacuation Pause)
[2026-06-18T00:51:03.223+0000][12179.977s][info][gc,task       ] GC(724) Using 13 workers of 13 for evacuation
[2026-06-18T00:51:03.225+0000][12179.978s][info][gc,phases     ] GC(724)   Pre Evacuate Collection Set: 0.0ms
[2026-06-18T00:51:03.225+0000][12179.979s][info][gc,phases     ] GC(724)   Evacuate Collection Set: 1.3ms
[2026-06-18T00:51:03.225+0000][12179.979s][info][gc,phases     ] GC(724)   Post Evacuate Collection Set: 0.4ms
[2026-06-18T00:51:03.226+0000][12179.979s][info][gc,phases     ] GC(724)   Other: 0.3ms
[2026-06-18T00:51:03.226+0000][12179.979s][info][gc,heap       ] GC(724) Eden regions: 243->0(245)
[2026-06-18T00:51:03.226+0000][12179.979s][info][gc,heap       ] GC(724) Survivor regions: 7->5(32)
[2026-06-18T00:51:03.226+0000][12179.979s][info][gc,heap       ] GC(724) Old regions: 49->49
[2026-06-18T00:51:03.226+0000][12179.979s][info][gc,heap       ] GC(724) Humongous regions: 147->147
[2026-06-18T00:51:03.226+0000][12179.979s][info][gc,metaspace  ] GC(724) Metaspace: 52748K(55552K)->52748K(55552K) NonClass: 46808K(48384K)->46808K(48384K) Class: 5940K(7168K)->5940K(7168K)
[2026-06-18T00:51:03.226+0000][12179.979s][info][gc            ] GC(724) Pause Young (Normal) (G1 Evacuation Pause) 444M->199M(512M) 2.488ms
[2026-06-18T00:51:03.226+0000][12179.979s][info][gc,cpu        ] GC(724) User=0.01s Sys=0.00s Real=0.00s
[2026-06-18T00:51:04.762+0000][12181.515s][info][gc,start      ] GC(725) Pause Young (Concurrent Start) (G1 Evacuation Pause)
[2026-06-18T00:51:04.762+0000][12181.516s][info][gc,task       ] GC(725) Using 13 workers of 13 for evacuation
[2026-06-18T00:51:04.772+0000][12181.525s][info][gc,phases     ] GC(725)   Pre Evacuate Collection Set: 0.3ms
[2026-06-18T00:51:04.772+0000][12181.526s][info][gc,phases     ] GC(725)   Evacuate Collection Set: 9.1ms
[2026-06-18T00:51:04.772+0000][12181.526s][info][gc,phases     ] GC(725)   Post Evacuate Collection Set: 0.4ms
[2026-06-18T00:51:04.772+0000][12181.526s][info][gc,phases     ] GC(725)   Other: 0.3ms
[2026-06-18T00:51:04.773+0000][12181.526s][info][gc,heap       ] GC(725) Eden regions: 245->0(240)
[2026-06-18T00:51:04.773+0000][12181.526s][info][gc,heap       ] GC(725) Survivor regions: 5->9(32)
[2026-06-18T00:51:04.773+0000][12181.526s][info][gc,heap       ] GC(725) Old regions: 49->49
[2026-06-18T00:51:04.773+0000][12181.526s][info][gc,heap       ] GC(725) Humongous regions: 147->147
[2026-06-18T00:51:04.773+0000][12181.526s][info][gc,metaspace  ] GC(725) Metaspace: 52748K(55552K)->52748K(55552K) NonClass: 46808K(48384K)->46808K(48384K) Class: 5940K(7168K)->5940K(7168K)
[2026-06-18T00:51:04.773+0000][12181.526s][info][gc            ] GC(725) Pause Young (Concurrent Start) (G1 Evacuation Pause) 444M->203M(512M) 10.532ms
[2026-06-18T00:51:04.773+0000][12181.526s][info][gc,cpu        ] GC(725) User=0.08s Sys=0.00s Real=0.01s
[2026-06-18T00:51:04.773+0000][12181.526s][info][gc            ] GC(726) Concurrent Cycle
[2026-06-18T00:51:04.773+0000][12181.526s][info][gc,marking    ] GC(726) Concurrent Clear Claimed Marks
[2026-06-18T00:51:04.773+0000][12181.526s][info][gc,marking    ] GC(726) Concurrent Clear Claimed Marks 0.228ms
[2026-06-18T00:51:04.773+0000][12181.526s][info][gc,marking    ] GC(726) Concurrent Scan Root Regions
[2026-06-18T00:51:04.775+0000][12181.528s][info][gc,marking    ] GC(726) Concurrent Scan Root Regions 1.470ms
[2026-06-18T00:51:04.775+0000][12181.528s][info][gc,marking    ] GC(726) Concurrent Mark (12181.528s)
[2026-06-18T00:51:04.775+0000][12181.528s][info][gc,marking    ] GC(726) Concurrent Mark From Roots
[2026-06-18T00:51:04.775+0000][12181.528s][info][gc,task       ] GC(726) Using 3 workers of 3 for marking
[2026-06-18T00:51:04.780+0000][12181.533s][info][gc,marking    ] GC(726) Concurrent Mark From Roots 5.136ms
[2026-06-18T00:51:04.780+0000][12181.533s][info][gc,marking    ] GC(726) Concurrent Preclean
[2026-06-18T00:51:04.780+0000][12181.533s][info][gc,marking    ] GC(726) Concurrent Preclean 0.180ms
[2026-06-18T00:51:04.780+0000][12181.533s][info][gc,marking    ] GC(726) Concurrent Mark (12181.528s, 12181.533s) 5.552ms
[2026-06-18T00:51:04.780+0000][12181.534s][info][gc,start      ] GC(726) Pause Remark
[2026-06-18T00:51:04.783+0000][12181.536s][info][gc,stringtable] GC(726) Cleaned string and symbol table, strings: 17370 processed, 0 removed, symbols: 125114 processed, 0 removed
[2026-06-18T00:51:04.783+0000][12181.536s][info][gc            ] GC(726) Pause Remark 208M->208M(512M) 2.715ms
[2026-06-18T00:51:04.783+0000][12181.536s][info][gc,cpu        ] GC(726) User=0.02s Sys=0.00s Real=0.00s
[2026-06-18T00:51:04.783+0000][12181.537s][info][gc,marking    ] GC(726) Concurrent Rebuild Remembered Sets
[2026-06-18T00:51:04.787+0000][12181.540s][info][gc,marking    ] GC(726) Concurrent Rebuild Remembered Sets 3.864ms
[2026-06-18T00:51:04.788+0000][12181.541s][info][gc,start      ] GC(726) Pause Cleanup
[2026-06-18T00:51:04.788+0000][12181.541s][info][gc            ] GC(726) Pause Cleanup 208M->208M(512M) 0.217ms
[2026-06-18T00:51:04.788+0000][12181.541s][info][gc,cpu        ] GC(726) User=0.00s Sys=0.00s Real=0.00s
[2026-06-18T00:51:04.788+0000][12181.541s][info][gc,marking    ] GC(726) Concurrent Cleanup for Next Mark
[2026-06-18T00:51:04.788+0000][12181.541s][info][gc,marking    ] GC(726) Concurrent Cleanup for Next Mark 0.160ms
[2026-06-18T00:51:04.788+0000][12181.541s][info][gc            ] GC(726) Concurrent Cycle 15.262ms
[2026-06-18T00:51:06.060+0000][12182.813s][info][gc,start      ] GC(727) Pause Young (Prepare Mixed) (G1 Evacuation Pause)
[2026-06-18T00:51:06.060+0000][12182.813s][info][gc,task       ] GC(727) Using 13 workers of 13 for evacuation
[2026-06-18T00:51:06.062+0000][12182.815s][info][gc,phases     ] GC(727)   Pre Evacuate Collection Set: 0.0ms
[2026-06-18T00:51:06.062+0000][12182.815s][info][gc,phases     ] GC(727)   Evacuate Collection Set: 1.6ms
[2026-06-18T00:51:06.062+0000][12182.815s][info][gc,phases     ] GC(727)   Post Evacuate Collection Set: 0.3ms
[2026-06-18T00:51:06.062+0000][12182.815s][info][gc,phases     ] GC(727)   Other: 0.3ms
[2026-06-18T00:51:06.062+0000][12182.815s][info][gc,heap       ] GC(727) Eden regions: 240->0(20)
[2026-06-18T00:51:06.062+0000][12182.816s][info][gc,heap       ] GC(727) Survivor regions: 9->5(32)
[2026-06-18T00:51:06.062+0000][12182.816s][info][gc,heap       ] GC(727) Old regions: 49->49
[2026-06-18T00:51:06.062+0000][12182.816s][info][gc,heap       ] GC(727) Humongous regions: 147->147
[2026-06-18T00:51:06.063+0000][12182.816s][info][gc,metaspace  ] GC(727) Metaspace: 52748K(55552K)->52748K(55552K) NonClass: 46808K(48384K)->46808K(48384K) Class: 5940K(7168K)->5940K(7168K)
[2026-06-18T00:51:06.063+0000][12182.816s][info][gc            ] GC(727) Pause Young (Prepare Mixed) (G1 Evacuation Pause) 443M->200M(512M) 2.814ms
[2026-06-18T00:51:06.063+0000][12182.816s][info][gc,cpu        ] GC(727) User=0.02s Sys=0.00s Real=0.01s
[2026-06-18T00:51:06.153+0000][12182.907s][info][gc,start      ] GC(728) Pause Young (Mixed) (G1 Evacuation Pause)
[2026-06-18T00:51:06.154+0000][12182.907s][info][gc,task       ] GC(728) Using 13 workers of 13 for evacuation
[2026-06-18T00:51:06.158+0000][12182.911s][info][gc,phases     ] GC(728)   Pre Evacuate Collection Set: 0.0ms
[2026-06-18T00:51:06.158+0000][12182.911s][info][gc,phases     ] GC(728)   Evacuate Collection Set: 3.6ms
[2026-06-18T00:51:06.158+0000][12182.911s][info][gc,phases     ] GC(728)   Post Evacuate Collection Set: 0.3ms
[2026-06-18T00:51:06.158+0000][12182.911s][info][gc,phases     ] GC(728)   Other: 0.3ms
[2026-06-18T00:51:06.158+0000][12182.911s][info][gc,heap       ] GC(728) Eden regions: 20->0(247)
[2026-06-18T00:51:06.158+0000][12182.911s][info][gc,heap       ] GC(728) Survivor regions: 5->4(4)
[2026-06-18T00:51:06.158+0000][12182.911s][info][gc,heap       ] GC(728) Old regions: 49->47
[2026-06-18T00:51:06.158+0000][12182.911s][info][gc,heap       ] GC(728) Humongous regions: 147->147
[2026-06-18T00:51:06.158+0000][12182.911s][info][gc,metaspace  ] GC(728) Metaspace: 52748K(55552K)->52748K(55552K) NonClass: 46808K(48384K)->46808K(48384K) Class: 5940K(7168K)->5940K(7168K)
[2026-06-18T00:51:06.158+0000][12182.912s][info][gc            ] GC(728) Pause Young (Mixed) (G1 Evacuation Pause) 220M->196M(512M) 4.862ms
[2026-06-18T00:51:06.158+0000][12182.912s][info][gc,cpu        ] GC(728) User=0.03s Sys=0.00s Real=0.00s
[2026-06-18T00:51:07.365+0000][12184.118s][info][gc,start      ] GC(729) Pause Young (Normal) (G1 Evacuation Pause)
[2026-06-18T00:51:07.365+0000][12184.118s][info][gc,task       ] GC(729) Using 13 workers of 13 for evacuation
[2026-06-18T00:51:07.370+0000][12184.123s][info][gc,phases     ] GC(729)   Pre Evacuate Collection Set: 0.0ms
[2026-06-18T00:51:07.370+0000][12184.123s][info][gc,phases     ] GC(729)   Evacuate Collection Set: 4.3ms
[2026-06-18T00:51:07.370+0000][12184.123s][info][gc,phases     ] GC(729)   Post Evacuate Collection Set: 0.3ms
[2026-06-18T00:51:07.370+0000][12184.123s][info][gc,phases     ] GC(729)   Other: 0.3ms
[2026-06-18T00:51:07.370+0000][12184.123s][info][gc,heap       ] GC(729) Eden regions: 247->0(245)
[2026-06-18T00:51:07.370+0000][12184.123s][info][gc,heap       ] GC(729) Survivor regions: 4->7(32)
[2026-06-18T00:51:07.370+0000][12184.123s][info][gc,heap       ] GC(729) Old regions: 47->47
[2026-06-18T00:51:07.370+0000][12184.123s][info][gc,heap       ] GC(729) Humongous regions: 147->147
[2026-06-18T00:51:07.370+0000][12184.124s][info][gc,metaspace  ] GC(729) Metaspace: 52748K(55552K)->52748K(55552K) NonClass: 46808K(48384K)->46808K(48384K) Class: 5940K(7168K)->5940K(7168K)
[2026-06-18T00:51:07.370+0000][12184.124s][info][gc            ] GC(729) Pause Young (Normal) (G1 Evacuation Pause) 443M->200M(512M) 5.400ms
[2026-06-18T00:51:07.370+0000][12184.124s][info][gc,cpu        ] GC(729) User=0.05s Sys=0.00s Real=0.01s
[2026-06-18T00:51:55.988+0000][12232.740s][info][gc,start      ] GC(730) Pause Young (Normal) (G1 Evacuation Pause)
[2026-06-18T00:51:55.988+0000][12232.741s][info][gc,task       ] GC(730) Using 13 workers of 13 for evacuation
[2026-06-18T00:51:55.990+0000][12232.743s][info][gc,phases     ] GC(730)   Pre Evacuate Collection Set: 0.0ms
[2026-06-18T00:51:55.990+0000][12232.743s][info][gc,phases     ] GC(730)   Evacuate Collection Set: 2.2ms
[2026-06-18T00:51:55.991+0000][12232.743s][info][gc,phases     ] GC(730)   Post Evacuate Collection Set: 0.3ms
[2026-06-18T00:51:55.991+0000][12232.744s][info][gc,phases     ] GC(730)   Other: 0.3ms
[2026-06-18T00:51:55.991+0000][12232.744s][info][gc,heap       ] GC(730) Eden regions: 245->0(248)
[2026-06-18T00:51:55.991+0000][12232.744s][info][gc,heap       ] GC(730) Survivor regions: 7->4(32)
[2026-06-18T00:51:55.991+0000][12232.744s][info][gc,heap       ] GC(730) Old regions: 47->47
[2026-06-18T00:51:55.991+0000][12232.744s][info][gc,heap       ] GC(730) Humongous regions: 147->147
[2026-06-18T00:51:55.991+0000][12232.744s][info][gc,metaspace  ] GC(730) Metaspace: 52748K(55552K)->52748K(55552K) NonClass: 46808K(48384K)->46808K(48384K) Class: 5940K(7168K)->5940K(7168K)
[2026-06-18T00:51:55.991+0000][12232.744s][info][gc            ] GC(730) Pause Young (Normal) (G1 Evacuation Pause) 445M->197M(512M) 3.349ms
[2026-06-18T00:51:55.991+0000][12232.744s][info][gc,cpu        ] GC(730) User=0.03s Sys=0.00s Real=0.01s
[2026-06-18T00:51:57.450+0000][12234.202s][info][gc,start      ] GC(731) Pause Young (Concurrent Start) (G1 Evacuation Pause)
[2026-06-18T00:51:57.450+0000][12234.203s][info][gc,task       ] GC(731) Using 13 workers of 13 for evacuation
[2026-06-18T00:51:57.453+0000][12234.205s][info][gc,phases     ] GC(731)   Pre Evacuate Collection Set: 0.3ms
[2026-06-18T00:51:57.453+0000][12234.206s][info][gc,phases     ] GC(731)   Evacuate Collection Set: 2.1ms
[2026-06-18T00:51:57.453+0000][12234.206s][info][gc,phases     ] GC(731)   Post Evacuate Collection Set: 0.3ms
[2026-06-18T00:51:57.453+0000][12234.206s][info][gc,phases     ] GC(731)   Other: 0.3ms
[2026-06-18T00:51:57.453+0000][12234.206s][info][gc,heap       ] GC(731) Eden regions: 248->0(244)
[2026-06-18T00:51:57.453+0000][12234.206s][info][gc,heap       ] GC(731) Survivor regions: 4->8(32)
[2026-06-18T00:51:57.453+0000][12234.206s][info][gc,heap       ] GC(731) Old regions: 47->47
[2026-06-18T00:51:57.453+0000][12234.206s][info][gc,heap       ] GC(731) Humongous regions: 147->147
[2026-06-18T00:51:57.453+0000][12234.206s][info][gc,metaspace  ] GC(731) Metaspace: 52748K(55552K)->52748K(55552K) NonClass: 46808K(48384K)->46808K(48384K) Class: 5940K(7168K)->5940K(7168K)
[2026-06-18T00:51:57.453+0000][12234.206s][info][gc            ] GC(731) Pause Young (Concurrent Start) (G1 Evacuation Pause) 445M->201M(512M) 3.553ms
[2026-06-18T00:51:57.453+0000][12234.206s][info][gc,cpu        ] GC(731) User=0.02s Sys=0.00s Real=0.01s
[2026-06-18T00:51:57.453+0000][12234.206s][info][gc            ] GC(732) Concurrent Cycle
[2026-06-18T00:51:57.453+0000][12234.206s][info][gc,marking    ] GC(732) Concurrent Clear Claimed Marks
[2026-06-18T00:51:57.454+0000][12234.206s][info][gc,marking    ] GC(732) Concurrent Clear Claimed Marks 0.232ms
[2026-06-18T00:51:57.454+0000][12234.206s][info][gc,marking    ] GC(732) Concurrent Scan Root Regions
[2026-06-18T00:51:57.455+0000][12234.208s][info][gc,marking    ] GC(732) Concurrent Scan Root Regions 1.459ms
[2026-06-18T00:51:57.455+0000][12234.208s][info][gc,marking    ] GC(732) Concurrent Mark (12234.208s)
[2026-06-18T00:51:57.455+0000][12234.208s][info][gc,marking    ] GC(732) Concurrent Mark From Roots
[2026-06-18T00:51:57.455+0000][12234.208s][info][gc,task       ] GC(732) Using 3 workers of 3 for marking
[2026-06-18T00:51:57.461+0000][12234.213s][info][gc,marking    ] GC(732) Concurrent Mark From Roots 5.155ms
[2026-06-18T00:51:57.461+0000][12234.213s][info][gc,marking    ] GC(732) Concurrent Preclean
[2026-06-18T00:51:57.461+0000][12234.214s][info][gc,marking    ] GC(732) Concurrent Preclean 0.185ms
[2026-06-18T00:51:57.461+0000][12234.214s][info][gc,marking    ] GC(732) Concurrent Mark (12234.208s, 12234.214s) 5.627ms
[2026-06-18T00:51:57.461+0000][12234.214s][info][gc,start      ] GC(732) Pause Remark
[2026-06-18T00:51:57.465+0000][12234.217s][info][gc,stringtable] GC(732) Cleaned string and symbol table, strings: 17370 processed, 0 removed, symbols: 125114 processed, 0 removed
[2026-06-18T00:51:57.465+0000][12234.218s][info][gc            ] GC(732) Pause Remark 205M->205M(512M) 3.734ms
[2026-06-18T00:51:57.465+0000][12234.218s][info][gc,cpu        ] GC(732) User=0.04s Sys=0.00s Real=0.00s
[2026-06-18T00:51:57.465+0000][12234.218s][info][gc,marking    ] GC(732) Concurrent Rebuild Remembered Sets
[2026-06-18T00:51:57.470+0000][12234.223s][info][gc,marking    ] GC(732) Concurrent Rebuild Remembered Sets 4.688ms
[2026-06-18T00:51:57.470+0000][12234.223s][info][gc,start      ] GC(732) Pause Cleanup
[2026-06-18T00:51:57.470+0000][12234.223s][info][gc            ] GC(732) Pause Cleanup 206M->206M(512M) 0.179ms
[2026-06-18T00:51:57.470+0000][12234.223s][info][gc,cpu        ] GC(732) User=0.00s Sys=0.00s Real=0.00s
[2026-06-18T00:51:57.470+0000][12234.223s][info][gc,marking    ] GC(732) Concurrent Cleanup for Next Mark
[2026-06-18T00:51:57.471+0000][12234.223s][info][gc,marking    ] GC(732) Concurrent Cleanup for Next Mark 0.181ms
[2026-06-18T00:51:57.471+0000][12234.223s][info][gc            ] GC(732) Concurrent Cycle 17.313ms
[2026-06-18T00:51:58.691+0000][12235.444s][info][gc,start      ] GC(733) Pause Young (Prepare Mixed) (G1 Evacuation Pause)
[2026-06-18T00:51:58.691+0000][12235.444s][info][gc,task       ] GC(733) Using 13 workers of 13 for evacuation
[2026-06-18T00:51:58.693+0000][12235.446s][info][gc,phases     ] GC(733)   Pre Evacuate Collection Set: 0.0ms
[2026-06-18T00:51:58.693+0000][12235.446s][info][gc,phases     ] GC(733)   Evacuate Collection Set: 1.4ms
[2026-06-18T00:51:58.693+0000][12235.446s][info][gc,phases     ] GC(733)   Post Evacuate Collection Set: 0.4ms
[2026-06-18T00:51:58.694+0000][12235.446s][info][gc,phases     ] GC(733)   Other: 0.3ms
[2026-06-18T00:51:58.694+0000][12235.446s][info][gc,heap       ] GC(733) Eden regions: 244->0(20)
[2026-06-18T00:51:58.694+0000][12235.446s][info][gc,heap       ] GC(733) Survivor regions: 8->5(32)
[2026-06-18T00:51:58.694+0000][12235.446s][info][gc,heap       ] GC(733) Old regions: 47->47
[2026-06-18T00:51:58.694+0000][12235.446s][info][gc,heap       ] GC(733) Humongous regions: 147->147
[2026-06-18T00:51:58.694+0000][12235.447s][info][gc,metaspace  ] GC(733) Metaspace: 52748K(55552K)->52748K(55552K) NonClass: 46808K(48384K)->46808K(48384K) Class: 5940K(7168K)->5940K(7168K)
[2026-06-18T00:51:58.694+0000][12235.447s][info][gc            ] GC(733) Pause Young (Prepare Mixed) (G1 Evacuation Pause) 445M->198M(512M) 2.540ms
[2026-06-18T00:51:58.694+0000][12235.447s][info][gc,cpu        ] GC(733) User=0.02s Sys=0.00s Real=0.00s
[2026-06-18T00:51:58.794+0000][12235.547s][info][gc,start      ] GC(734) Pause Young (Mixed) (G1 Evacuation Pause)
[2026-06-18T00:51:58.794+0000][12235.547s][info][gc,task       ] GC(734) Using 13 workers of 13 for evacuation
[2026-06-18T00:51:58.797+0000][12235.550s][info][gc,phases     ] GC(734)   Pre Evacuate Collection Set: 0.0ms
[2026-06-18T00:51:58.797+0000][12235.550s][info][gc,phases     ] GC(734)   Evacuate Collection Set: 2.2ms
[2026-06-18T00:51:58.797+0000][12235.550s][info][gc,phases     ] GC(734)   Post Evacuate Collection Set: 0.3ms
[2026-06-18T00:51:58.797+0000][12235.550s][info][gc,phases     ] GC(734)   Other: 0.3ms
[2026-06-18T00:51:58.797+0000][12235.550s][info][gc,heap       ] GC(734) Eden regions: 20->0(248)
[2026-06-18T00:51:58.797+0000][12235.550s][info][gc,heap       ] GC(734) Survivor regions: 5->3(4)
[2026-06-18T00:51:58.797+0000][12235.550s][info][gc,heap       ] GC(734) Old regions: 47->48
[2026-06-18T00:51:58.797+0000][12235.550s][info][gc,heap       ] GC(734) Humongous regions: 147->147
[2026-06-18T00:51:58.798+0000][12235.550s][info][gc,metaspace  ] GC(734) Metaspace: 52748K(55552K)->52748K(55552K) NonClass: 46808K(48384K)->46808K(48384K) Class: 5940K(7168K)->5940K(7168K)
[2026-06-18T00:51:58.798+0000][12235.550s][info][gc            ] GC(734) Pause Young (Mixed) (G1 Evacuation Pause) 218M->197M(512M) 3.295ms
[2026-06-18T00:51:58.798+0000][12235.550s][info][gc,cpu        ] GC(734) User=0.03s Sys=0.00s Real=0.00s
[2026-06-18T00:52:47.149+0000][12283.901s][info][gc,start      ] GC(735) Pause Young (Normal) (G1 Evacuation Pause)
[2026-06-18T00:52:47.149+0000][12283.902s][info][gc,task       ] GC(735) Using 13 workers of 13 for evacuation
[2026-06-18T00:52:47.152+0000][12283.905s][info][gc,phases     ] GC(735)   Pre Evacuate Collection Set: 0.0ms
[2026-06-18T00:52:47.152+0000][12283.905s][info][gc,phases     ] GC(735)   Evacuate Collection Set: 2.5ms
[2026-06-18T00:52:47.152+0000][12283.905s][info][gc,phases     ] GC(735)   Post Evacuate Collection Set: 0.3ms
[2026-06-18T00:52:47.152+0000][12283.905s][info][gc,phases     ] GC(735)   Other: 0.4ms
[2026-06-18T00:52:47.152+0000][12283.905s][info][gc,heap       ] GC(735) Eden regions: 248->0(244)
[2026-06-18T00:52:47.152+0000][12283.905s][info][gc,heap       ] GC(735) Survivor regions: 3->7(32)
[2026-06-18T00:52:47.152+0000][12283.905s][info][gc,heap       ] GC(735) Old regions: 48->48
[2026-06-18T00:52:47.152+0000][12283.905s][info][gc,heap       ] GC(735) Humongous regions: 147->147
[2026-06-18T00:52:47.152+0000][12283.905s][info][gc,metaspace  ] GC(735) Metaspace: 52752K(55552K)->52752K(55552K) NonClass: 46812K(48384K)->46812K(48384K) Class: 5940K(7168K)->5940K(7168K)
[2026-06-18T00:52:47.152+0000][12283.905s][info][gc            ] GC(735) Pause Young (Normal) (G1 Evacuation Pause) 445M->200M(512M) 3.682ms
[2026-06-18T00:52:47.153+0000][12283.905s][info][gc,cpu        ] GC(735) User=0.03s Sys=0.00s Real=0.01s
[2026-06-18T00:52:48.902+0000][12285.654s][info][gc,start      ] GC(736) Pause Young (Normal) (G1 Evacuation Pause)
[2026-06-18T00:52:48.902+0000][12285.655s][info][gc,task       ] GC(736) Using 13 workers of 13 for evacuation
[2026-06-18T00:52:48.907+0000][12285.659s][info][gc,phases     ] GC(736)   Pre Evacuate Collection Set: 0.0ms
[2026-06-18T00:52:48.907+0000][12285.660s][info][gc,phases     ] GC(736)   Evacuate Collection Set: 4.3ms
[2026-06-18T00:52:48.907+0000][12285.660s][info][gc,phases     ] GC(736)   Post Evacuate Collection Set: 0.4ms
[2026-06-18T00:52:48.907+0000][12285.660s][info][gc,phases     ] GC(736)   Other: 0.3ms
[2026-06-18T00:52:48.907+0000][12285.660s][info][gc,heap       ] GC(736) Eden regions: 244->0(240)
[2026-06-18T00:52:48.907+0000][12285.660s][info][gc,heap       ] GC(736) Survivor regions: 7->9(32)
[2026-06-18T00:52:48.907+0000][12285.660s][info][gc,heap       ] GC(736) Old regions: 48->48
[2026-06-18T00:52:48.907+0000][12285.660s][info][gc,heap       ] GC(736) Humongous regions: 147->147
[2026-06-18T00:52:48.907+0000][12285.660s][info][gc,metaspace  ] GC(736) Metaspace: 52752K(55552K)->52752K(55552K) NonClass: 46812K(48384K)->46812K(48384K) Class: 5940K(7168K)->5940K(7168K)
[2026-06-18T00:52:48.907+0000][12285.660s][info][gc            ] GC(736) Pause Young (Normal) (G1 Evacuation Pause) 444M->203M(512M) 5.344ms
[2026-06-18T00:52:48.907+0000][12285.660s][info][gc,cpu        ] GC(736) User=0.05s Sys=0.00s Real=0.00s
[2026-06-18T00:52:50.253+0000][12287.005s][info][gc,start      ] GC(737) Pause Young (Concurrent Start) (G1 Evacuation Pause)
[2026-06-18T00:52:50.253+0000][12287.005s][info][gc,task       ] GC(737) Using 13 workers of 13 for evacuation
[2026-06-18T00:52:50.256+0000][12287.008s][info][gc,phases     ] GC(737)   Pre Evacuate Collection Set: 0.3ms
[2026-06-18T00:52:50.256+0000][12287.008s][info][gc,phases     ] GC(737)   Evacuate Collection Set: 2.1ms
[2026-06-18T00:52:50.256+0000][12287.008s][info][gc,phases     ] GC(737)   Post Evacuate Collection Set: 0.4ms
[2026-06-18T00:52:50.256+0000][12287.009s][info][gc,phases     ] GC(737)   Other: 0.4ms
[2026-06-18T00:52:50.256+0000][12287.009s][info][gc,heap       ] GC(737) Eden regions: 240->0(244)
[2026-06-18T00:52:50.256+0000][12287.009s][info][gc,heap       ] GC(737) Survivor regions: 9->5(32)
[2026-06-18T00:52:50.256+0000][12287.009s][info][gc,heap       ] GC(737) Old regions: 48->48
[2026-06-18T00:52:50.256+0000][12287.009s][info][gc,heap       ] GC(737) Humongous regions: 147->147
[2026-06-18T00:52:50.256+0000][12287.009s][info][gc,metaspace  ] GC(737) Metaspace: 52752K(55552K)->52752K(55552K) NonClass: 46812K(48384K)->46812K(48384K) Class: 5940K(7168K)->5940K(7168K)
[2026-06-18T00:52:50.256+0000][12287.009s][info][gc            ] GC(737) Pause Young (Concurrent Start) (G1 Evacuation Pause) 443M->199M(512M) 3.583ms
[2026-06-18T00:52:50.256+0000][12287.009s][info][gc,cpu        ] GC(737) User=0.02s Sys=0.00s Real=0.00s
[2026-06-18T00:52:50.256+0000][12287.009s][info][gc            ] GC(738) Concurrent Cycle
[2026-06-18T00:52:50.257+0000][12287.009s][info][gc,marking    ] GC(738) Concurrent Clear Claimed Marks
[2026-06-18T00:52:50.257+0000][12287.009s][info][gc,marking    ] GC(738) Concurrent Clear Claimed Marks 0.350ms
[2026-06-18T00:52:50.257+0000][12287.010s][info][gc,marking    ] GC(738) Concurrent Scan Root Regions
[2026-06-18T00:52:50.258+0000][12287.011s][info][gc,marking    ] GC(738) Concurrent Scan Root Regions 1.070ms
[2026-06-18T00:52:50.258+0000][12287.011s][info][gc,marking    ] GC(738) Concurrent Mark (12287.011s)
[2026-06-18T00:52:50.258+0000][12287.011s][info][gc,marking    ] GC(738) Concurrent Mark From Roots
[2026-06-18T00:52:50.258+0000][12287.011s][info][gc,task       ] GC(738) Using 3 workers of 3 for marking
[2026-06-18T00:52:50.263+0000][12287.016s][info][gc,marking    ] GC(738) Concurrent Mark From Roots 4.923ms
[2026-06-18T00:52:50.263+0000][12287.016s][info][gc,marking    ] GC(738) Concurrent Preclean
[2026-06-18T00:52:50.263+0000][12287.016s][info][gc,marking    ] GC(738) Concurrent Preclean 0.219ms
[2026-06-18T00:52:50.264+0000][12287.016s][info][gc,marking    ] GC(738) Concurrent Mark (12287.011s, 12287.016s) 5.418ms
[2026-06-18T00:52:50.264+0000][12287.016s][info][gc,start      ] GC(738) Pause Remark
[2026-06-18T00:52:50.268+0000][12287.021s][info][gc,stringtable] GC(738) Cleaned string and symbol table, strings: 17370 processed, 0 removed, symbols: 125114 processed, 0 removed
[2026-06-18T00:52:50.269+0000][12287.021s][info][gc            ] GC(738) Pause Remark 203M->203M(512M) 4.954ms
[2026-06-18T00:52:50.269+0000][12287.021s][info][gc,cpu        ] GC(738) User=0.05s Sys=0.00s Real=0.00s
[2026-06-18T00:52:50.269+0000][12287.021s][info][gc,marking    ] GC(738) Concurrent Rebuild Remembered Sets
[2026-06-18T00:52:50.273+0000][12287.026s][info][gc,marking    ] GC(738) Concurrent Rebuild Remembered Sets 4.345ms
[2026-06-18T00:52:50.273+0000][12287.026s][info][gc,start      ] GC(738) Pause Cleanup
[2026-06-18T00:52:50.274+0000][12287.026s][info][gc            ] GC(738) Pause Cleanup 205M->205M(512M) 0.231ms
[2026-06-18T00:52:50.274+0000][12287.026s][info][gc,cpu        ] GC(738) User=0.00s Sys=0.00s Real=0.00s
[2026-06-18T00:52:50.274+0000][12287.026s][info][gc,marking    ] GC(738) Concurrent Cleanup for Next Mark
[2026-06-18T00:52:50.274+0000][12287.027s][info][gc,marking    ] GC(738) Concurrent Cleanup for Next Mark 0.157ms
[2026-06-18T00:52:50.274+0000][12287.027s][info][gc            ] GC(738) Concurrent Cycle 17.568ms
[2026-06-18T00:52:51.472+0000][12288.224s][info][gc,start      ] GC(739) Pause Young (Prepare Mixed) (G1 Evacuation Pause)
[2026-06-18T00:52:51.472+0000][12288.225s][info][gc,task       ] GC(739) Using 13 workers of 13 for evacuation
[2026-06-18T00:52:51.475+0000][12288.227s][info][gc,phases     ] GC(739)   Pre Evacuate Collection Set: 0.0ms
[2026-06-18T00:52:51.475+0000][12288.227s][info][gc,phases     ] GC(739)   Evacuate Collection Set: 2.0ms
[2026-06-18T00:52:51.475+0000][12288.227s][info][gc,phases     ] GC(739)   Post Evacuate Collection Set: 0.3ms
[2026-06-18T00:52:51.475+0000][12288.227s][info][gc,phases     ] GC(739)   Other: 0.3ms
[2026-06-18T00:52:51.475+0000][12288.227s][info][gc,heap       ] GC(739) Eden regions: 244->0(16)
[2026-06-18T00:52:51.475+0000][12288.227s][info][gc,heap       ] GC(739) Survivor regions: 5->9(32)
[2026-06-18T00:52:51.475+0000][12288.227s][info][gc,heap       ] GC(739) Old regions: 48->48
[2026-06-18T00:52:51.475+0000][12288.228s][info][gc,heap       ] GC(739) Humongous regions: 147->147
[2026-06-18T00:52:51.475+0000][12288.228s][info][gc,metaspace  ] GC(739) Metaspace: 52752K(55552K)->52752K(55552K) NonClass: 46812K(48384K)->46812K(48384K) Class: 5940K(7168K)->5940K(7168K)
[2026-06-18T00:52:51.475+0000][12288.228s][info][gc            ] GC(739) Pause Young (Prepare Mixed) (G1 Evacuation Pause) 443M->203M(512M) 3.113ms
[2026-06-18T00:52:51.475+0000][12288.228s][info][gc,cpu        ] GC(739) User=0.03s Sys=0.00s Real=0.00s
[2026-06-18T00:52:51.541+0000][12288.294s][info][gc,start      ] GC(740) Pause Young (Mixed) (G1 Evacuation Pause)
[2026-06-18T00:52:51.542+0000][12288.294s][info][gc,task       ] GC(740) Using 13 workers of 13 for evacuation
[2026-06-18T00:52:51.546+0000][12288.299s][info][gc,phases     ] GC(740)   Pre Evacuate Collection Set: 0.0ms
[2026-06-18T00:52:51.546+0000][12288.299s][info][gc,phases     ] GC(740)   Evacuate Collection Set: 4.3ms
[2026-06-18T00:52:51.546+0000][12288.299s][info][gc,phases     ] GC(740)   Post Evacuate Collection Set: 0.3ms
[2026-06-18T00:52:51.546+0000][12288.299s][info][gc,phases     ] GC(740)   Other: 0.4ms
[2026-06-18T00:52:51.546+0000][12288.299s][info][gc,heap       ] GC(740) Eden regions: 16->0(241)
[2026-06-18T00:52:51.546+0000][12288.299s][info][gc,heap       ] GC(740) Survivor regions: 9->2(4)
[2026-06-18T00:52:51.547+0000][12288.299s][info][gc,heap       ] GC(740) Old regions: 48->54
[2026-06-18T00:52:51.547+0000][12288.299s][info][gc,heap       ] GC(740) Humongous regions: 147->147
[2026-06-18T00:52:51.547+0000][12288.299s][info][gc,metaspace  ] GC(740) Metaspace: 52752K(55552K)->52752K(55552K) NonClass: 46812K(48384K)->46812K(48384K) Class: 5940K(7168K)->5940K(7168K)
[2026-06-18T00:52:51.547+0000][12288.299s][info][gc            ] GC(740) Pause Young (Mixed) (G1 Evacuation Pause) 219M->201M(512M) 5.331ms
[2026-06-18T00:52:51.547+0000][12288.299s][info][gc,cpu        ] GC(740) User=0.04s Sys=0.00s Real=0.00s
[2026-06-18T00:53:40.114+0000][12336.866s][info][gc,start      ] GC(741) Pause Young (Normal) (G1 Evacuation Pause)
[2026-06-18T00:53:40.114+0000][12336.866s][info][gc,task       ] GC(741) Using 13 workers of 13 for evacuation
[2026-06-18T00:53:40.118+0000][12336.870s][info][gc,phases     ] GC(741)   Pre Evacuate Collection Set: 0.0ms
[2026-06-18T00:53:40.118+0000][12336.870s][info][gc,phases     ] GC(741)   Evacuate Collection Set: 3.0ms
[2026-06-18T00:53:40.118+0000][12336.870s][info][gc,phases     ] GC(741)   Post Evacuate Collection Set: 0.4ms
[2026-06-18T00:53:40.118+0000][12336.870s][info][gc,phases     ] GC(741)   Other: 0.3ms
[2026-06-18T00:53:40.118+0000][12336.870s][info][gc,heap       ] GC(741) Eden regions: 241->0(240)
[2026-06-18T00:53:40.118+0000][12336.870s][info][gc,heap       ] GC(741) Survivor regions: 2->4(31)
[2026-06-18T00:53:40.118+0000][12336.870s][info][gc,heap       ] GC(741) Old regions: 54->54
[2026-06-18T00:53:40.118+0000][12336.870s][info][gc,heap       ] GC(741) Humongous regions: 147->147
[2026-06-18T00:53:40.118+0000][12336.870s][info][gc,metaspace  ] GC(741) Metaspace: 52752K(55552K)->52752K(55552K) NonClass: 46812K(48384K)->46812K(48384K) Class: 5940K(7168K)->5940K(7168K)
[2026-06-18T00:53:40.118+0000][12336.870s][info][gc            ] GC(741) Pause Young (Normal) (G1 Evacuation Pause) 442M->203M(512M) 4.092ms
[2026-06-18T00:53:40.118+0000][12336.870s][info][gc,cpu        ] GC(741) User=0.03s Sys=0.00s Real=0.00s
[2026-06-18T00:53:41.519+0000][12338.271s][info][gc,start      ] GC(742) Pause Young (Normal) (G1 Evacuation Pause)
[2026-06-18T00:53:41.519+0000][12338.271s][info][gc,task       ] GC(742) Using 13 workers of 13 for evacuation
[2026-06-18T00:53:41.525+0000][12338.277s][info][gc,phases     ] GC(742)   Pre Evacuate Collection Set: 0.0ms
[2026-06-18T00:53:41.525+0000][12338.277s][info][gc,phases     ] GC(742)   Evacuate Collection Set: 5.3ms
[2026-06-18T00:53:41.525+0000][12338.277s][info][gc,phases     ] GC(742)   Post Evacuate Collection Set: 0.3ms
[2026-06-18T00:53:41.525+0000][12338.277s][info][gc,phases     ] GC(742)   Other: 0.3ms
[2026-06-18T00:53:41.525+0000][12338.277s][info][gc,heap       ] GC(742) Eden regions: 240->0(236)
[2026-06-18T00:53:41.525+0000][12338.277s][info][gc,heap       ] GC(742) Survivor regions: 4->8(31)
[2026-06-18T00:53:41.525+0000][12338.277s][info][gc,heap       ] GC(742) Old regions: 54->54
[2026-06-18T00:53:41.525+0000][12338.277s][info][gc,heap       ] GC(742) Humongous regions: 147->147
[2026-06-18T00:53:41.525+0000][12338.277s][info][gc,metaspace  ] GC(742) Metaspace: 52752K(55552K)->52752K(55552K) NonClass: 46812K(48384K)->46812K(48384K) Class: 5940K(7168K)->5940K(7168K)
[2026-06-18T00:53:41.525+0000][12338.277s][info][gc            ] GC(742) Pause Young (Normal) (G1 Evacuation Pause) 443M->207M(512M) 6.323ms
[2026-06-18T00:53:41.525+0000][12338.278s][info][gc,cpu        ] GC(742) User=0.06s Sys=0.00s Real=0.01s
[2026-06-18T00:53:42.752+0000][12339.504s][info][gc,start      ] GC(743) Pause Young (Concurrent Start) (G1 Evacuation Pause)
[2026-06-18T00:53:42.752+0000][12339.504s][info][gc,task       ] GC(743) Using 13 workers of 13 for evacuation
[2026-06-18T00:53:42.754+0000][12339.506s][info][gc,phases     ] GC(743)   Pre Evacuate Collection Set: 0.3ms
[2026-06-18T00:53:42.754+0000][12339.506s][info][gc,phases     ] GC(743)   Evacuate Collection Set: 1.4ms
[2026-06-18T00:53:42.754+0000][12339.507s][info][gc,phases     ] GC(743)   Post Evacuate Collection Set: 0.3ms
[2026-06-18T00:53:42.754+0000][12339.507s][info][gc,phases     ] GC(743)   Other: 0.3ms
[2026-06-18T00:53:42.754+0000][12339.507s][info][gc,heap       ] GC(743) Eden regions: 236->0(241)
[2026-06-18T00:53:42.755+0000][12339.507s][info][gc,heap       ] GC(743) Survivor regions: 8->4(31)
[2026-06-18T00:53:42.755+0000][12339.507s][info][gc,heap       ] GC(743) Old regions: 54->54
[2026-06-18T00:53:42.755+0000][12339.507s][info][gc,heap       ] GC(743) Humongous regions: 147->147
[2026-06-18T00:53:42.755+0000][12339.507s][info][gc,metaspace  ] GC(743) Metaspace: 52752K(55552K)->52752K(55552K) NonClass: 46812K(48384K)->46812K(48384K) Class: 5940K(7168K)->5940K(7168K)
[2026-06-18T00:53:42.755+0000][12339.507s][info][gc            ] GC(743) Pause Young (Concurrent Start) (G1 Evacuation Pause) 443M->204M(512M) 2.781ms
[2026-06-18T00:53:42.755+0000][12339.507s][info][gc,cpu        ] GC(743) User=0.02s Sys=0.00s Real=0.00s
[2026-06-18T00:53:42.755+0000][12339.507s][info][gc            ] GC(744) Concurrent Cycle
[2026-06-18T00:53:42.755+0000][12339.507s][info][gc,marking    ] GC(744) Concurrent Clear Claimed Marks
[2026-06-18T00:53:42.755+0000][12339.507s][info][gc,marking    ] GC(744) Concurrent Clear Claimed Marks 0.217ms
[2026-06-18T00:53:42.755+0000][12339.507s][info][gc,marking    ] GC(744) Concurrent Scan Root Regions
[2026-06-18T00:53:42.756+0000][12339.508s][info][gc,marking    ] GC(744) Concurrent Scan Root Regions 0.830ms
[2026-06-18T00:53:42.756+0000][12339.508s][info][gc,marking    ] GC(744) Concurrent Mark (12339.508s)
[2026-06-18T00:53:42.756+0000][12339.508s][info][gc,marking    ] GC(744) Concurrent Mark From Roots
[2026-06-18T00:53:42.756+0000][12339.508s][info][gc,task       ] GC(744) Using 3 workers of 3 for marking
[2026-06-18T00:53:42.761+0000][12339.513s][info][gc,marking    ] GC(744) Concurrent Mark From Roots 5.033ms
[2026-06-18T00:53:42.761+0000][12339.513s][info][gc,marking    ] GC(744) Concurrent Preclean
[2026-06-18T00:53:42.761+0000][12339.514s][info][gc,marking    ] GC(744) Concurrent Preclean 0.168ms
[2026-06-18T00:53:42.761+0000][12339.514s][info][gc,marking    ] GC(744) Concurrent Mark (12339.508s, 12339.514s) 5.439ms
[2026-06-18T00:53:42.762+0000][12339.514s][info][gc,start      ] GC(744) Pause Remark
[2026-06-18T00:53:42.766+0000][12339.518s][info][gc,stringtable] GC(744) Cleaned string and symbol table, strings: 17370 processed, 0 removed, symbols: 125114 processed, 0 removed
[2026-06-18T00:53:42.766+0000][12339.518s][info][gc            ] GC(744) Pause Remark 207M->204M(512M) 4.218ms
[2026-06-18T00:53:42.766+0000][12339.518s][info][gc,cpu        ] GC(744) User=0.04s Sys=0.00s Real=0.00s
[2026-06-18T00:53:42.766+0000][12339.518s][info][gc,marking    ] GC(744) Concurrent Rebuild Remembered Sets
[2026-06-18T00:53:42.770+0000][12339.522s][info][gc,marking    ] GC(744) Concurrent Rebuild Remembered Sets 3.889ms
[2026-06-18T00:53:42.770+0000][12339.522s][info][gc,start      ] GC(744) Pause Cleanup
[2026-06-18T00:53:42.770+0000][12339.523s][info][gc            ] GC(744) Pause Cleanup 206M->206M(512M) 0.161ms
[2026-06-18T00:53:42.770+0000][12339.523s][info][gc,cpu        ] GC(744) User=0.00s Sys=0.00s Real=0.00s
[2026-06-18T00:53:42.770+0000][12339.523s][info][gc,marking    ] GC(744) Concurrent Cleanup for Next Mark
[2026-06-18T00:53:42.771+0000][12339.523s][info][gc,marking    ] GC(744) Concurrent Cleanup for Next Mark 0.145ms
[2026-06-18T00:53:42.771+0000][12339.523s][info][gc            ] GC(744) Concurrent Cycle 15.855ms
[2026-06-18T00:53:44.003+0000][12340.755s][info][gc,start      ] GC(745) Pause Young (Prepare Mixed) (G1 Evacuation Pause)
[2026-06-18T00:53:44.003+0000][12340.755s][info][gc,task       ] GC(745) Using 13 workers of 13 for evacuation
[2026-06-18T00:53:44.005+0000][12340.757s][info][gc,phases     ] GC(745)   Pre Evacuate Collection Set: 0.0ms
[2026-06-18T00:53:44.005+0000][12340.757s][info][gc,phases     ] GC(745)   Evacuate Collection Set: 1.7ms
[2026-06-18T00:53:44.005+0000][12340.758s][info][gc,phases     ] GC(745)   Post Evacuate Collection Set: 0.4ms
[2026-06-18T00:53:44.005+0000][12340.758s][info][gc,phases     ] GC(745)   Other: 0.3ms
[2026-06-18T00:53:44.005+0000][12340.758s][info][gc,heap       ] GC(745) Eden regions: 241->0(18)
[2026-06-18T00:53:44.005+0000][12340.758s][info][gc,heap       ] GC(745) Survivor regions: 4->7(31)
[2026-06-18T00:53:44.005+0000][12340.758s][info][gc,heap       ] GC(745) Old regions: 51->51
[2026-06-18T00:53:44.006+0000][12340.758s][info][gc,heap       ] GC(745) Humongous regions: 147->147
[2026-06-18T00:53:44.006+0000][12340.758s][info][gc,metaspace  ] GC(745) Metaspace: 52752K(55552K)->52752K(55552K) NonClass: 46812K(48384K)->46812K(48384K) Class: 5940K(7168K)->5940K(7168K)
[2026-06-18T00:53:44.006+0000][12340.758s][info][gc            ] GC(745) Pause Young (Prepare Mixed) (G1 Evacuation Pause) 442M->203M(512M) 2.923ms
[2026-06-18T00:53:44.006+0000][12340.758s][info][gc,cpu        ] GC(745) User=0.02s Sys=0.00s Real=0.00s
[2026-06-18T00:53:56.802+0000][12353.554s][info][gc,start      ] GC(746) Pause Young (Mixed) (G1 Evacuation Pause)
[2026-06-18T00:53:56.802+0000][12353.554s][info][gc,task       ] GC(746) Using 13 workers of 13 for evacuation
[2026-06-18T00:53:56.805+0000][12353.557s][info][gc,phases     ] GC(746)   Pre Evacuate Collection Set: 0.0ms
[2026-06-18T00:53:56.805+0000][12353.558s][info][gc,phases     ] GC(746)   Evacuate Collection Set: 2.8ms
[2026-06-18T00:53:56.805+0000][12353.558s][info][gc,phases     ] GC(746)   Post Evacuate Collection Set: 0.4ms
[2026-06-18T00:53:56.805+0000][12353.558s][info][gc,phases     ] GC(746)   Other: 0.3ms
[2026-06-18T00:53:56.806+0000][12353.558s][info][gc,heap       ] GC(746) Eden regions: 18->0(245)
[2026-06-18T00:53:56.806+0000][12353.558s][info][gc,heap       ] GC(746) Survivor regions: 7->2(4)
[2026-06-18T00:53:56.806+0000][12353.558s][info][gc,heap       ] GC(746) Old regions: 51->51
[2026-06-18T00:53:56.806+0000][12353.558s][info][gc,heap       ] GC(746) Humongous regions: 147->147
[2026-06-18T00:53:56.806+0000][12353.558s][info][gc,metaspace  ] GC(746) Metaspace: 52753K(55552K)->52753K(55552K) NonClass: 46813K(48384K)->46813K(48384K) Class: 5940K(7168K)->5940K(7168K)
[2026-06-18T00:53:56.806+0000][12353.558s][info][gc            ] GC(746) Pause Young (Mixed) (G1 Evacuation Pause) 221M->198M(512M) 4.006ms
[2026-06-18T00:53:56.806+0000][12353.558s][info][gc,cpu        ] GC(746) User=0.02s Sys=0.01s Real=0.00s
[2026-06-18T00:54:32.896+0000][12389.648s][info][gc,start      ] GC(747) Pause Young (Normal) (G1 Evacuation Pause)
[2026-06-18T00:54:32.897+0000][12389.648s][info][gc,task       ] GC(747) Using 13 workers of 13 for evacuation
[2026-06-18T00:54:32.898+0000][12389.650s][info][gc,phases     ] GC(747)   Pre Evacuate Collection Set: 0.0ms
[2026-06-18T00:54:32.898+0000][12389.650s][info][gc,phases     ] GC(747)   Evacuate Collection Set: 1.4ms
[2026-06-18T00:54:32.899+0000][12389.650s][info][gc,phases     ] GC(747)   Post Evacuate Collection Set: 0.3ms
[2026-06-18T00:54:32.899+0000][12389.650s][info][gc,phases     ] GC(747)   Other: 0.3ms
[2026-06-18T00:54:32.899+0000][12389.650s][info][gc,heap       ] GC(747) Eden regions: 245->0(246)
[2026-06-18T00:54:32.899+0000][12389.650s][info][gc,heap       ] GC(747) Survivor regions: 2->3(31)
[2026-06-18T00:54:32.899+0000][12389.651s][info][gc,heap       ] GC(747) Old regions: 51->51
[2026-06-18T00:54:32.899+0000][12389.651s][info][gc,heap       ] GC(747) Humongous regions: 147->147
[2026-06-18T00:54:32.899+0000][12389.651s][info][gc,metaspace  ] GC(747) Metaspace: 52756K(55552K)->52756K(55552K) NonClass: 46816K(48384K)->46816K(48384K) Class: 5940K(7168K)->5940K(7168K)
[2026-06-18T00:54:32.899+0000][12389.651s][info][gc            ] GC(747) Pause Young (Normal) (G1 Evacuation Pause) 443M->199M(512M) 2.444ms
[2026-06-18T00:54:32.899+0000][12389.651s][info][gc,cpu        ] GC(747) User=0.02s Sys=0.00s Real=0.00s
[2026-06-18T00:54:34.248+0000][12391.000s][info][gc,start      ] GC(748) Pause Young (Normal) (G1 Evacuation Pause)
[2026-06-18T00:54:34.248+0000][12391.000s][info][gc,task       ] GC(748) Using 13 workers of 13 for evacuation
[2026-06-18T00:54:34.250+0000][12391.002s][info][gc,phases     ] GC(748)   Pre Evacuate Collection Set: 0.0ms
[2026-06-18T00:54:34.250+0000][12391.002s][info][gc,phases     ] GC(748)   Evacuate Collection Set: 1.6ms
[2026-06-18T00:54:34.250+0000][12391.002s][info][gc,phases     ] GC(748)   Post Evacuate Collection Set: 0.3ms
[2026-06-18T00:54:34.250+0000][12391.002s][info][gc,phases     ] GC(748)   Other: 0.2ms
[2026-06-18T00:54:34.250+0000][12391.002s][info][gc,heap       ] GC(748) Eden regions: 246->0(243)
[2026-06-18T00:54:34.250+0000][12391.002s][info][gc,heap       ] GC(748) Survivor regions: 3->6(32)
[2026-06-18T00:54:34.250+0000][12391.002s][info][gc,heap       ] GC(748) Old regions: 51->51
[2026-06-18T00:54:34.250+0000][12391.002s][info][gc,heap       ] GC(748) Humongous regions: 147->147
[2026-06-18T00:54:34.251+0000][12391.002s][info][gc,metaspace  ] GC(748) Metaspace: 52756K(55552K)->52756K(55552K) NonClass: 46816K(48384K)->46816K(48384K) Class: 5940K(7168K)->5940K(7168K)
[2026-06-18T00:54:34.251+0000][12391.002s][info][gc            ] GC(748) Pause Young (Normal) (G1 Evacuation Pause) 445M->202M(512M) 2.562ms
[2026-06-18T00:54:34.251+0000][12391.002s][info][gc,cpu        ] GC(748) User=0.02s Sys=0.00s Real=0.00s
[2026-06-18T00:54:35.455+0000][12392.207s][info][gc,start      ] GC(749) Pause Young (Concurrent Start) (G1 Evacuation Pause)
[2026-06-18T00:54:35.455+0000][12392.207s][info][gc,task       ] GC(749) Using 13 workers of 13 for evacuation
[2026-06-18T00:54:35.458+0000][12392.209s][info][gc,phases     ] GC(749)   Pre Evacuate Collection Set: 0.3ms
[2026-06-18T00:54:35.458+0000][12392.210s][info][gc,phases     ] GC(749)   Evacuate Collection Set: 1.5ms
[2026-06-18T00:54:35.458+0000][12392.210s][info][gc,phases     ] GC(749)   Post Evacuate Collection Set: 0.4ms
[2026-06-18T00:54:35.458+0000][12392.210s][info][gc,phases     ] GC(749)   Other: 0.3ms
[2026-06-18T00:54:35.458+0000][12392.210s][info][gc,heap       ] GC(749) Eden regions: 243->0(246)
[2026-06-18T00:54:35.458+0000][12392.210s][info][gc,heap       ] GC(749) Survivor regions: 6->4(32)
[2026-06-18T00:54:35.458+0000][12392.210s][info][gc,heap       ] GC(749) Old regions: 51->51
[2026-06-18T00:54:35.458+0000][12392.210s][info][gc,heap       ] GC(749) Humongous regions: 147->147
[2026-06-18T00:54:35.458+0000][12392.210s][info][gc,metaspace  ] GC(749) Metaspace: 52756K(55552K)->52756K(55552K) NonClass: 46816K(48384K)->46816K(48384K) Class: 5940K(7168K)->5940K(7168K)
[2026-06-18T00:54:35.458+0000][12392.210s][info][gc            ] GC(749) Pause Young (Concurrent Start) (G1 Evacuation Pause) 445M->200M(512M) 3.096ms
[2026-06-18T00:54:35.458+0000][12392.210s][info][gc,cpu        ] GC(749) User=0.02s Sys=0.00s Real=0.00s
[2026-06-18T00:54:35.458+0000][12392.210s][info][gc            ] GC(750) Concurrent Cycle
[2026-06-18T00:54:35.458+0000][12392.210s][info][gc,marking    ] GC(750) Concurrent Clear Claimed Marks
[2026-06-18T00:54:35.459+0000][12392.210s][info][gc,marking    ] GC(750) Concurrent Clear Claimed Marks 0.173ms
[2026-06-18T00:54:35.459+0000][12392.210s][info][gc,marking    ] GC(750) Concurrent Scan Root Regions
[2026-06-18T00:54:35.460+0000][12392.212s][info][gc,marking    ] GC(750) Concurrent Scan Root Regions 1.164ms
[2026-06-18T00:54:35.460+0000][12392.212s][info][gc,marking    ] GC(750) Concurrent Mark (12392.212s)
[2026-06-18T00:54:35.460+0000][12392.212s][info][gc,marking    ] GC(750) Concurrent Mark From Roots
[2026-06-18T00:54:35.460+0000][12392.212s][info][gc,task       ] GC(750) Using 3 workers of 3 for marking
[2026-06-18T00:54:35.466+0000][12392.218s][info][gc,marking    ] GC(750) Concurrent Mark From Roots 5.711ms
[2026-06-18T00:54:35.466+0000][12392.218s][info][gc,marking    ] GC(750) Concurrent Preclean
[2026-06-18T00:54:35.466+0000][12392.218s][info][gc,marking    ] GC(750) Concurrent Preclean 0.155ms
[2026-06-18T00:54:35.466+0000][12392.218s][info][gc,marking    ] GC(750) Concurrent Mark (12392.212s, 12392.218s) 6.103ms
[2026-06-18T00:54:35.466+0000][12392.218s][info][gc,start      ] GC(750) Pause Remark
[2026-06-18T00:54:35.472+0000][12392.224s][info][gc,stringtable] GC(750) Cleaned string and symbol table, strings: 17372 processed, 0 removed, symbols: 125114 processed, 0 removed
[2026-06-18T00:54:35.472+0000][12392.224s][info][gc            ] GC(750) Pause Remark 204M->204M(512M) 5.963ms
[2026-06-18T00:54:35.472+0000][12392.224s][info][gc,cpu        ] GC(750) User=0.07s Sys=0.00s Real=0.01s
[2026-06-18T00:54:35.472+0000][12392.224s][info][gc,marking    ] GC(750) Concurrent Rebuild Remembered Sets
[2026-06-18T00:54:35.476+0000][12392.228s][info][gc,marking    ] GC(750) Concurrent Rebuild Remembered Sets 3.891ms
[2026-06-18T00:54:35.476+0000][12392.228s][info][gc,start      ] GC(750) Pause Cleanup
[2026-06-18T00:54:35.477+0000][12392.228s][info][gc            ] GC(750) Pause Cleanup 205M->205M(512M) 0.198ms
[2026-06-18T00:54:35.477+0000][12392.229s][info][gc,cpu        ] GC(750) User=0.00s Sys=0.00s Real=0.00s
[2026-06-18T00:54:35.477+0000][12392.229s][info][gc,marking    ] GC(750) Concurrent Cleanup for Next Mark
[2026-06-18T00:54:35.477+0000][12392.229s][info][gc,marking    ] GC(750) Concurrent Cleanup for Next Mark 0.140ms
[2026-06-18T00:54:35.477+0000][12392.229s][info][gc            ] GC(750) Concurrent Cycle 18.669ms
[2026-06-18T00:55:24.004+0000][12440.756s][info][gc,start      ] GC(751) Pause Young (Prepare Mixed) (G1 Evacuation Pause)
[2026-06-18T00:55:24.004+0000][12440.756s][info][gc,task       ] GC(751) Using 13 workers of 13 for evacuation
[2026-06-18T00:55:24.006+0000][12440.758s][info][gc,phases     ] GC(751)   Pre Evacuate Collection Set: 0.0ms
[2026-06-18T00:55:24.007+0000][12440.758s][info][gc,phases     ] GC(751)   Evacuate Collection Set: 1.9ms
[2026-06-18T00:55:24.007+0000][12440.758s][info][gc,phases     ] GC(751)   Post Evacuate Collection Set: 0.3ms
[2026-06-18T00:55:24.007+0000][12440.758s][info][gc,phases     ] GC(751)   Other: 0.3ms
[2026-06-18T00:55:24.007+0000][12440.758s][info][gc,heap       ] GC(751) Eden regions: 246->0(18)
[2026-06-18T00:55:24.007+0000][12440.758s][info][gc,heap       ] GC(751) Survivor regions: 4->7(32)
[2026-06-18T00:55:24.007+0000][12440.758s][info][gc,heap       ] GC(751) Old regions: 51->51
[2026-06-18T00:55:24.007+0000][12440.758s][info][gc,heap       ] GC(751) Humongous regions: 147->147
[2026-06-18T00:55:24.007+0000][12440.759s][info][gc,metaspace  ] GC(751) Metaspace: 52756K(55552K)->52756K(55552K) NonClass: 46816K(48384K)->46816K(48384K) Class: 5940K(7168K)->5940K(7168K)
[2026-06-18T00:55:24.007+0000][12440.759s][info][gc            ] GC(751) Pause Young (Prepare Mixed) (G1 Evacuation Pause) 446M->203M(512M) 3.025ms
[2026-06-18T00:55:24.007+0000][12440.759s][info][gc,cpu        ] GC(751) User=0.02s Sys=0.00s Real=0.00s
[2026-06-18T00:55:24.108+0000][12440.860s][info][gc,start      ] GC(752) Pause Young (Mixed) (G1 Evacuation Pause)
[2026-06-18T00:55:24.109+0000][12440.860s][info][gc,task       ] GC(752) Using 13 workers of 13 for evacuation
[2026-06-18T00:55:24.114+0000][12440.865s][info][gc,phases     ] GC(752)   Pre Evacuate Collection Set: 0.0ms
[2026-06-18T00:55:24.114+0000][12440.865s][info][gc,phases     ] GC(752)   Evacuate Collection Set: 3.0ms
[2026-06-18T00:55:24.114+0000][12440.865s][info][gc,phases     ] GC(752)   Post Evacuate Collection Set: 1.8ms
[2026-06-18T00:55:24.114+0000][12440.865s][info][gc,phases     ] GC(752)   Other: 0.3ms
[2026-06-18T00:55:24.114+0000][12440.866s][info][gc,heap       ] GC(752) Eden regions: 18->0(247)
[2026-06-18T00:55:24.114+0000][12440.866s][info][gc,heap       ] GC(752) Survivor regions: 7->2(4)
[2026-06-18T00:55:24.114+0000][12440.866s][info][gc,heap       ] GC(752) Old regions: 51->51
[2026-06-18T00:55:24.114+0000][12440.866s][info][gc,heap       ] GC(752) Humongous regions: 147->147
[2026-06-18T00:55:24.114+0000][12440.866s][info][gc,metaspace  ] GC(752) Metaspace: 52756K(55552K)->52756K(55552K) NonClass: 46816K(48384K)->46816K(48384K) Class: 5940K(7168K)->5940K(7168K)
[2026-06-18T00:55:24.114+0000][12440.866s][info][gc            ] GC(752) Pause Young (Mixed) (G1 Evacuation Pause) 221M->198M(512M) 5.714ms
[2026-06-18T00:55:24.114+0000][12440.866s][info][gc,cpu        ] GC(752) User=0.02s Sys=0.00s Real=0.01s
[2026-06-18T00:55:25.605+0000][12442.357s][info][gc,start      ] GC(753) Pause Young (Normal) (G1 Evacuation Pause)
[2026-06-18T00:55:25.605+0000][12442.357s][info][gc,task       ] GC(753) Using 13 workers of 13 for evacuation
[2026-06-18T00:55:25.610+0000][12442.362s][info][gc,phases     ] GC(753)   Pre Evacuate Collection Set: 0.0ms
[2026-06-18T00:55:25.611+0000][12442.362s][info][gc,phases     ] GC(753)   Evacuate Collection Set: 4.8ms
[2026-06-18T00:55:25.611+0000][12442.362s][info][gc,phases     ] GC(753)   Post Evacuate Collection Set: 0.3ms
[2026-06-18T00:55:25.611+0000][12442.362s][info][gc,phases     ] GC(753)   Other: 0.3ms
[2026-06-18T00:55:25.611+0000][12442.362s][info][gc,heap       ] GC(753) Eden regions: 247->0(248)
[2026-06-18T00:55:25.611+0000][12442.362s][info][gc,heap       ] GC(753) Survivor regions: 2->2(32)
[2026-06-18T00:55:25.611+0000][12442.362s][info][gc,heap       ] GC(753) Old regions: 51->51
[2026-06-18T00:55:25.611+0000][12442.362s][info][gc,heap       ] GC(753) Humongous regions: 147->147
[2026-06-18T00:55:25.611+0000][12442.363s][info][gc,metaspace  ] GC(753) Metaspace: 52756K(55552K)->52756K(55552K) NonClass: 46816K(48384K)->46816K(48384K) Class: 5940K(7168K)->5940K(7168K)
[2026-06-18T00:55:25.611+0000][12442.363s][info][gc            ] GC(753) Pause Young (Normal) (G1 Evacuation Pause) 445M->198M(512M) 5.917ms
[2026-06-18T00:55:25.611+0000][12442.363s][info][gc,cpu        ] GC(753) User=0.05s Sys=0.00s Real=0.00s
[2026-06-18T00:55:26.852+0000][12443.604s][info][gc,start      ] GC(754) Pause Young (Normal) (G1 Evacuation Pause)
[2026-06-18T00:55:26.853+0000][12443.604s][info][gc,task       ] GC(754) Using 13 workers of 13 for evacuation
[2026-06-18T00:55:26.855+0000][12443.607s][info][gc,phases     ] GC(754)   Pre Evacuate Collection Set: 0.0ms
[2026-06-18T00:55:26.855+0000][12443.607s][info][gc,phases     ] GC(754)   Evacuate Collection Set: 2.0ms
[2026-06-18T00:55:26.856+0000][12443.607s][info][gc,phases     ] GC(754)   Post Evacuate Collection Set: 0.4ms
[2026-06-18T00:55:26.856+0000][12443.607s][info][gc,phases     ] GC(754)   Other: 0.7ms
[2026-06-18T00:55:26.856+0000][12443.607s][info][gc,heap       ] GC(754) Eden regions: 248->0(245)
[2026-06-18T00:55:26.856+0000][12443.607s][info][gc,heap       ] GC(754) Survivor regions: 2->6(32)
[2026-06-18T00:55:26.856+0000][12443.607s][info][gc,heap       ] GC(754) Old regions: 51->51
[2026-06-18T00:55:26.856+0000][12443.607s][info][gc,heap       ] GC(754) Humongous regions: 147->147
[2026-06-18T00:55:26.856+0000][12443.607s][info][gc,metaspace  ] GC(754) Metaspace: 52756K(55552K)->52756K(55552K) NonClass: 46816K(48384K)->46816K(48384K) Class: 5940K(7168K)->5940K(7168K)
[2026-06-18T00:55:26.856+0000][12443.607s][info][gc            ] GC(754) Pause Young (Normal) (G1 Evacuation Pause) 446M->203M(512M) 3.461ms
[2026-06-18T00:55:26.856+0000][12443.607s][info][gc,cpu        ] GC(754) User=0.02s Sys=0.00s Real=0.00s
[2026-06-18T00:55:28.023+0000][12444.775s][info][gc,start      ] GC(755) Pause Young (Concurrent Start) (G1 Evacuation Pause)
[2026-06-18T00:55:28.023+0000][12444.775s][info][gc,task       ] GC(755) Using 13 workers of 13 for evacuation
[2026-06-18T00:55:28.029+0000][12444.781s][info][gc,phases     ] GC(755)   Pre Evacuate Collection Set: 0.3ms
[2026-06-18T00:55:28.029+0000][12444.781s][info][gc,phases     ] GC(755)   Evacuate Collection Set: 4.8ms
[2026-06-18T00:55:28.029+0000][12444.781s][info][gc,phases     ] GC(755)   Post Evacuate Collection Set: 0.6ms
[2026-06-18T00:55:28.030+0000][12444.781s][info][gc,phases     ] GC(755)   Other: 0.4ms
[2026-06-18T00:55:28.030+0000][12444.781s][info][gc,heap       ] GC(755) Eden regions: 245->0(248)
[2026-06-18T00:55:28.030+0000][12444.781s][info][gc,heap       ] GC(755) Survivor regions: 6->3(32)
[2026-06-18T00:55:28.030+0000][12444.781s][info][gc,heap       ] GC(755) Old regions: 51->51
[2026-06-18T00:55:28.030+0000][12444.781s][info][gc,heap       ] GC(755) Humongous regions: 147->147
[2026-06-18T00:55:28.030+0000][12444.781s][info][gc,metaspace  ] GC(755) Metaspace: 52756K(55552K)->52756K(55552K) NonClass: 46816K(48384K)->46816K(48384K) Class: 5940K(7168K)->5940K(7168K)
[2026-06-18T00:55:28.030+0000][12444.781s][info][gc            ] GC(755) Pause Young (Concurrent Start) (G1 Evacuation Pause) 448M->200M(512M) 6.552ms
[2026-06-18T00:55:28.030+0000][12444.781s][info][gc,cpu        ] GC(755) User=0.06s Sys=0.00s Real=0.00s
[2026-06-18T00:55:28.030+0000][12444.781s][info][gc            ] GC(756) Concurrent Cycle
[2026-06-18T00:55:28.030+0000][12444.781s][info][gc,marking    ] GC(756) Concurrent Clear Claimed Marks
[2026-06-18T00:55:28.030+0000][12444.782s][info][gc,marking    ] GC(756) Concurrent Clear Claimed Marks 0.189ms
[2026-06-18T00:55:28.030+0000][12444.782s][info][gc,marking    ] GC(756) Concurrent Scan Root Regions
[2026-06-18T00:55:28.031+0000][12444.783s][info][gc,marking    ] GC(756) Concurrent Scan Root Regions 1.119ms
[2026-06-18T00:55:28.031+0000][12444.783s][info][gc,marking    ] GC(756) Concurrent Mark (12444.783s)
[2026-06-18T00:55:28.032+0000][12444.783s][info][gc,marking    ] GC(756) Concurrent Mark From Roots
[2026-06-18T00:55:28.032+0000][12444.783s][info][gc,task       ] GC(756) Using 3 workers of 3 for marking
[2026-06-18T00:55:28.037+0000][12444.789s][info][gc,marking    ] GC(756) Concurrent Mark From Roots 5.713ms
[2026-06-18T00:55:28.037+0000][12444.789s][info][gc,marking    ] GC(756) Concurrent Preclean
[2026-06-18T00:55:28.038+0000][12444.789s][info][gc,marking    ] GC(756) Concurrent Preclean 0.156ms
[2026-06-18T00:55:28.038+0000][12444.789s][info][gc,marking    ] GC(756) Concurrent Mark (12444.783s, 12444.789s) 6.116ms
[2026-06-18T00:55:28.038+0000][12444.789s][info][gc,start      ] GC(756) Pause Remark
[2026-06-18T00:55:28.040+0000][12444.792s][info][gc,stringtable] GC(756) Cleaned string and symbol table, strings: 17372 processed, 0 removed, symbols: 125114 processed, 0 removed
[2026-06-18T00:55:28.041+0000][12444.792s][info][gc            ] GC(756) Pause Remark 204M->204M(512M) 2.904ms
[2026-06-18T00:55:28.041+0000][12444.792s][info][gc,cpu        ] GC(756) User=0.03s Sys=0.00s Real=0.00s
[2026-06-18T00:55:28.041+0000][12444.792s][info][gc,marking    ] GC(756) Concurrent Rebuild Remembered Sets
[2026-06-18T00:55:28.045+0000][12444.797s][info][gc,marking    ] GC(756) Concurrent Rebuild Remembered Sets 4.413ms
[2026-06-18T00:55:28.045+0000][12444.797s][info][gc,start      ] GC(756) Pause Cleanup
[2026-06-18T00:55:28.046+0000][12444.797s][info][gc            ] GC(756) Pause Cleanup 205M->205M(512M) 0.149ms
[2026-06-18T00:55:28.046+0000][12444.797s][info][gc,cpu        ] GC(756) User=0.00s Sys=0.00s Real=0.00s
[2026-06-18T00:55:28.046+0000][12444.797s][info][gc,marking    ] GC(756) Concurrent Cleanup for Next Mark
[2026-06-18T00:55:28.046+0000][12444.797s][info][gc,marking    ] GC(756) Concurrent Cleanup for Next Mark 0.135ms
[2026-06-18T00:55:28.046+0000][12444.797s][info][gc            ] GC(756) Concurrent Cycle 16.042ms
[2026-06-18T00:56:16.666+0000][12493.417s][info][gc,start      ] GC(757) Pause Young (Prepare Mixed) (G1 Evacuation Pause)
[2026-06-18T00:56:16.666+0000][12493.417s][info][gc,task       ] GC(757) Using 13 workers of 13 for evacuation
[2026-06-18T00:56:16.671+0000][12493.422s][info][gc,phases     ] GC(757)   Pre Evacuate Collection Set: 0.0ms
[2026-06-18T00:56:16.671+0000][12493.422s][info][gc,phases     ] GC(757)   Evacuate Collection Set: 4.5ms
[2026-06-18T00:56:16.671+0000][12493.423s][info][gc,phases     ] GC(757)   Post Evacuate Collection Set: 0.4ms
[2026-06-18T00:56:16.671+0000][12493.423s][info][gc,phases     ] GC(757)   Other: 0.3ms
[2026-06-18T00:56:16.672+0000][12493.423s][info][gc,heap       ] GC(757) Eden regions: 248->0(19)
[2026-06-18T00:56:16.672+0000][12493.423s][info][gc,heap       ] GC(757) Survivor regions: 3->6(32)
[2026-06-18T00:56:16.672+0000][12493.423s][info][gc,heap       ] GC(757) Old regions: 51->51
[2026-06-18T00:56:16.672+0000][12493.423s][info][gc,heap       ] GC(757) Humongous regions: 147->147
[2026-06-18T00:56:16.672+0000][12493.423s][info][gc,metaspace  ] GC(757) Metaspace: 52757K(55552K)->52757K(55552K) NonClass: 46816K(48384K)->46816K(48384K) Class: 5940K(7168K)->5940K(7168K)
[2026-06-18T00:56:16.672+0000][12493.423s][info][gc            ] GC(757) Pause Young (Prepare Mixed) (G1 Evacuation Pause) 448M->202M(512M) 6.157ms
[2026-06-18T00:56:16.672+0000][12493.423s][info][gc,cpu        ] GC(757) User=0.06s Sys=0.00s Real=0.01s
[2026-06-18T00:56:16.810+0000][12493.562s][info][gc,start      ] GC(758) Pause Young (Mixed) (G1 Evacuation Pause)
[2026-06-18T00:56:16.811+0000][12493.562s][info][gc,task       ] GC(758) Using 13 workers of 13 for evacuation
[2026-06-18T00:56:16.814+0000][12493.565s][info][gc,phases     ] GC(758)   Pre Evacuate Collection Set: 0.0ms
[2026-06-18T00:56:16.814+0000][12493.565s][info][gc,phases     ] GC(758)   Evacuate Collection Set: 2.5ms
[2026-06-18T00:56:16.814+0000][12493.565s][info][gc,phases     ] GC(758)   Post Evacuate Collection Set: 0.3ms
[2026-06-18T00:56:16.814+0000][12493.565s][info][gc,phases     ] GC(758)   Other: 0.3ms
[2026-06-18T00:56:16.814+0000][12493.565s][info][gc,heap       ] GC(758) Eden regions: 19->0(249)
[2026-06-18T00:56:16.814+0000][12493.565s][info][gc,heap       ] GC(758) Survivor regions: 6->2(4)
[2026-06-18T00:56:16.814+0000][12493.565s][info][gc,heap       ] GC(758) Old regions: 51->50
[2026-06-18T00:56:16.814+0000][12493.565s][info][gc,heap       ] GC(758) Humongous regions: 147->147
[2026-06-18T00:56:16.814+0000][12493.565s][info][gc,metaspace  ] GC(758) Metaspace: 52757K(55552K)->52757K(55552K) NonClass: 46816K(48384K)->46816K(48384K) Class: 5940K(7168K)->5940K(7168K)
[2026-06-18T00:56:16.814+0000][12493.565s][info][gc            ] GC(758) Pause Young (Mixed) (G1 Evacuation Pause) 221M->198M(512M) 3.736ms
[2026-06-18T00:56:16.814+0000][12493.566s][info][gc,cpu        ] GC(758) User=0.02s Sys=0.00s Real=0.01s
[2026-06-18T00:56:18.279+0000][12495.030s][info][gc,start      ] GC(759) Pause Young (Normal) (G1 Evacuation Pause)
[2026-06-18T00:56:18.279+0000][12495.030s][info][gc,task       ] GC(759) Using 13 workers of 13 for evacuation
[2026-06-18T00:56:18.282+0000][12495.033s][info][gc,phases     ] GC(759)   Pre Evacuate Collection Set: 0.0ms
[2026-06-18T00:56:18.282+0000][12495.033s][info][gc,phases     ] GC(759)   Evacuate Collection Set: 1.9ms
[2026-06-18T00:56:18.282+0000][12495.033s][info][gc,phases     ] GC(759)   Post Evacuate Collection Set: 0.3ms
[2026-06-18T00:56:18.282+0000][12495.033s][info][gc,phases     ] GC(759)   Other: 0.3ms
[2026-06-18T00:56:18.282+0000][12495.033s][info][gc,heap       ] GC(759) Eden regions: 249->0(241)
[2026-06-18T00:56:18.282+0000][12495.033s][info][gc,heap       ] GC(759) Survivor regions: 2->8(32)
[2026-06-18T00:56:18.282+0000][12495.033s][info][gc,heap       ] GC(759) Old regions: 50->50
[2026-06-18T00:56:18.282+0000][12495.033s][info][gc,heap       ] GC(759) Humongous regions: 147->147
[2026-06-18T00:56:18.282+0000][12495.033s][info][gc,metaspace  ] GC(759) Metaspace: 52757K(55552K)->52757K(55552K) NonClass: 46816K(48384K)->46816K(48384K) Class: 5940K(7168K)->5940K(7168K)
[2026-06-18T00:56:18.282+0000][12495.033s][info][gc            ] GC(759) Pause Young (Normal) (G1 Evacuation Pause) 447M->204M(512M) 3.118ms
[2026-06-18T00:56:18.282+0000][12495.033s][info][gc,cpu        ] GC(759) User=0.03s Sys=0.00s Real=0.01s
[2026-06-18T00:56:19.521+0000][12496.272s][info][gc,start      ] GC(760) Pause Young (Normal) (G1 Evacuation Pause)
[2026-06-18T00:56:19.521+0000][12496.272s][info][gc,task       ] GC(760) Using 13 workers of 13 for evacuation
[2026-06-18T00:56:19.523+0000][12496.274s][info][gc,phases     ] GC(760)   Pre Evacuate Collection Set: 0.0ms
[2026-06-18T00:56:19.523+0000][12496.274s][info][gc,phases     ] GC(760)   Evacuate Collection Set: 1.2ms
[2026-06-18T00:56:19.523+0000][12496.274s][info][gc,phases     ] GC(760)   Post Evacuate Collection Set: 0.3ms
[2026-06-18T00:56:19.523+0000][12496.274s][info][gc,phases     ] GC(760)   Other: 0.4ms
[2026-06-18T00:56:19.523+0000][12496.274s][info][gc,heap       ] GC(760) Eden regions: 241->0(244)
[2026-06-18T00:56:19.523+0000][12496.274s][info][gc,heap       ] GC(760) Survivor regions: 8->5(32)
[2026-06-18T00:56:19.523+0000][12496.274s][info][gc,heap       ] GC(760) Old regions: 50->50
[2026-06-18T00:56:19.523+0000][12496.275s][info][gc,heap       ] GC(760) Humongous regions: 147->147
[2026-06-18T00:56:19.523+0000][12496.275s][info][gc,metaspace  ] GC(760) Metaspace: 52757K(55552K)->52757K(55552K) NonClass: 46816K(48384K)->46816K(48384K) Class: 5940K(7168K)->5940K(7168K)
[2026-06-18T00:56:19.523+0000][12496.275s][info][gc            ] GC(760) Pause Young (Normal) (G1 Evacuation Pause) 445M->201M(512M) 2.340ms
[2026-06-18T00:56:19.523+0000][12496.275s][info][gc,cpu        ] GC(760) User=0.01s Sys=0.00s Real=0.01s
[2026-06-18T00:57:07.890+0000][12544.641s][info][gc,start      ] GC(761) Pause Young (Concurrent Start) (G1 Evacuation Pause)
[2026-06-18T00:57:07.890+0000][12544.641s][info][gc,task       ] GC(761) Using 13 workers of 13 for evacuation
[2026-06-18T00:57:07.894+0000][12544.645s][info][gc,phases     ] GC(761)   Pre Evacuate Collection Set: 0.3ms
[2026-06-18T00:57:07.894+0000][12544.645s][info][gc,phases     ] GC(761)   Evacuate Collection Set: 3.1ms
[2026-06-18T00:57:07.894+0000][12544.645s][info][gc,phases     ] GC(761)   Post Evacuate Collection Set: 0.4ms
[2026-06-18T00:57:07.894+0000][12544.645s][info][gc,phases     ] GC(761)   Other: 0.3ms
[2026-06-18T00:57:07.894+0000][12544.645s][info][gc,heap       ] GC(761) Eden regions: 244->0(239)
[2026-06-18T00:57:07.894+0000][12544.645s][info][gc,heap       ] GC(761) Survivor regions: 5->9(32)
[2026-06-18T00:57:07.894+0000][12544.645s][info][gc,heap       ] GC(761) Old regions: 50->50
[2026-06-18T00:57:07.894+0000][12544.645s][info][gc,heap       ] GC(761) Humongous regions: 147->147
[2026-06-18T00:57:07.894+0000][12544.645s][info][gc,metaspace  ] GC(761) Metaspace: 52757K(55552K)->52757K(55552K) NonClass: 46816K(48384K)->46816K(48384K) Class: 5940K(7168K)->5940K(7168K)
[2026-06-18T00:57:07.894+0000][12544.645s][info][gc            ] GC(761) Pause Young (Concurrent Start) (G1 Evacuation Pause) 445M->204M(512M) 4.377ms
[2026-06-18T00:57:07.894+0000][12544.645s][info][gc,cpu        ] GC(761) User=0.04s Sys=0.00s Real=0.01s
[2026-06-18T00:57:07.894+0000][12544.645s][info][gc            ] GC(762) Concurrent Cycle
[2026-06-18T00:57:07.894+0000][12544.645s][info][gc,marking    ] GC(762) Concurrent Clear Claimed Marks
[2026-06-18T00:57:07.895+0000][12544.646s][info][gc,marking    ] GC(762) Concurrent Clear Claimed Marks 0.249ms
[2026-06-18T00:57:07.895+0000][12544.646s][info][gc,marking    ] GC(762) Concurrent Scan Root Regions
[2026-06-18T00:57:07.896+0000][12544.647s][info][gc,marking    ] GC(762) Concurrent Scan Root Regions 1.394ms
[2026-06-18T00:57:07.896+0000][12544.647s][info][gc,marking    ] GC(762) Concurrent Mark (12544.647s)
[2026-06-18T00:57:07.896+0000][12544.647s][info][gc,marking    ] GC(762) Concurrent Mark From Roots
[2026-06-18T00:57:07.896+0000][12544.647s][info][gc,task       ] GC(762) Using 3 workers of 3 for marking
[2026-06-18T00:57:07.902+0000][12544.653s][info][gc,marking    ] GC(762) Concurrent Mark From Roots 5.446ms
[2026-06-18T00:57:07.902+0000][12544.653s][info][gc,marking    ] GC(762) Concurrent Preclean
[2026-06-18T00:57:07.902+0000][12544.653s][info][gc,marking    ] GC(762) Concurrent Preclean 0.218ms
[2026-06-18T00:57:07.902+0000][12544.653s][info][gc,marking    ] GC(762) Concurrent Mark (12544.647s, 12544.653s) 5.945ms
[2026-06-18T00:57:07.903+0000][12544.653s][info][gc,start      ] GC(762) Pause Remark
[2026-06-18T00:57:07.907+0000][12544.658s][info][gc,stringtable] GC(762) Cleaned string and symbol table, strings: 17372 processed, 0 removed, symbols: 125114 processed, 0 removed
[2026-06-18T00:57:07.907+0000][12544.658s][info][gc            ] GC(762) Pause Remark 208M->207M(512M) 4.783ms
[2026-06-18T00:57:07.907+0000][12544.658s][info][gc,cpu        ] GC(762) User=0.04s Sys=0.00s Real=0.00s
[2026-06-18T00:57:07.907+0000][12544.658s][info][gc,marking    ] GC(762) Concurrent Rebuild Remembered Sets
[2026-06-18T00:57:07.912+0000][12544.663s][info][gc,marking    ] GC(762) Concurrent Rebuild Remembered Sets 4.872ms
[2026-06-18T00:57:07.913+0000][12544.663s][info][gc,start      ] GC(762) Pause Cleanup
[2026-06-18T00:57:07.913+0000][12544.664s][info][gc            ] GC(762) Pause Cleanup 208M->208M(512M) 0.200ms
[2026-06-18T00:57:07.913+0000][12544.664s][info][gc,cpu        ] GC(762) User=0.00s Sys=0.00s Real=0.00s
[2026-06-18T00:57:07.913+0000][12544.664s][info][gc,marking    ] GC(762) Concurrent Cleanup for Next Mark
[2026-06-18T00:57:07.913+0000][12544.664s][info][gc,marking    ] GC(762) Concurrent Cleanup for Next Mark 0.140ms
[2026-06-18T00:57:07.913+0000][12544.664s][info][gc            ] GC(762) Concurrent Cycle 18.669ms
[2026-06-18T00:57:09.351+0000][12546.101s][info][gc,start      ] GC(763) Pause Young (Prepare Mixed) (G1 Evacuation Pause)
[2026-06-18T00:57:09.351+0000][12546.102s][info][gc,task       ] GC(763) Using 13 workers of 13 for evacuation
[2026-06-18T00:57:09.355+0000][12546.105s][info][gc,phases     ] GC(763)   Pre Evacuate Collection Set: 0.0ms
[2026-06-18T00:57:09.355+0000][12546.106s][info][gc,phases     ] GC(763)   Evacuate Collection Set: 3.5ms
[2026-06-18T00:57:09.355+0000][12546.106s][info][gc,phases     ] GC(763)   Post Evacuate Collection Set: 0.3ms
[2026-06-18T00:57:09.355+0000][12546.106s][info][gc,phases     ] GC(763)   Other: 0.3ms
[2026-06-18T00:57:09.355+0000][12546.106s][info][gc,heap       ] GC(763) Eden regions: 239->0(19)
[2026-06-18T00:57:09.355+0000][12546.106s][info][gc,heap       ] GC(763) Survivor regions: 9->6(31)
[2026-06-18T00:57:09.355+0000][12546.106s][info][gc,heap       ] GC(763) Old regions: 49->49
[2026-06-18T00:57:09.355+0000][12546.106s][info][gc,heap       ] GC(763) Humongous regions: 147->147
[2026-06-18T00:57:09.355+0000][12546.106s][info][gc,metaspace  ] GC(763) Metaspace: 52757K(55552K)->52757K(55552K) NonClass: 46816K(48384K)->46816K(48384K) Class: 5940K(7168K)->5940K(7168K)
[2026-06-18T00:57:09.355+0000][12546.106s][info][gc            ] GC(763) Pause Young (Prepare Mixed) (G1 Evacuation Pause) 442M->200M(512M) 4.509ms
[2026-06-18T00:57:09.355+0000][12546.106s][info][gc,cpu        ] GC(763) User=0.04s Sys=0.01s Real=0.01s
[2026-06-18T00:57:09.443+0000][12546.194s][info][gc,start      ] GC(764) Pause Young (Mixed) (G1 Evacuation Pause)
[2026-06-18T00:57:09.443+0000][12546.194s][info][gc,task       ] GC(764) Using 13 workers of 13 for evacuation
[2026-06-18T00:57:09.446+0000][12546.197s][info][gc,phases     ] GC(764)   Pre Evacuate Collection Set: 0.0ms
[2026-06-18T00:57:09.446+0000][12546.197s][info][gc,phases     ] GC(764)   Evacuate Collection Set: 2.2ms
[2026-06-18T00:57:09.446+0000][12546.197s][info][gc,phases     ] GC(764)   Post Evacuate Collection Set: 0.3ms
[2026-06-18T00:57:09.446+0000][12546.197s][info][gc,phases     ] GC(764)   Other: 0.3ms
[2026-06-18T00:57:09.446+0000][12546.197s][info][gc,heap       ] GC(764) Eden regions: 19->0(246)
[2026-06-18T00:57:09.446+0000][12546.197s][info][gc,heap       ] GC(764) Survivor regions: 6->2(4)
[2026-06-18T00:57:09.446+0000][12546.197s][info][gc,heap       ] GC(764) Old regions: 49->50
[2026-06-18T00:57:09.446+0000][12546.197s][info][gc,heap       ] GC(764) Humongous regions: 147->147
[2026-06-18T00:57:09.446+0000][12546.197s][info][gc,metaspace  ] GC(764) Metaspace: 52757K(55552K)->52757K(55552K) NonClass: 46816K(48384K)->46816K(48384K) Class: 5940K(7168K)->5940K(7168K)
[2026-06-18T00:57:09.446+0000][12546.197s][info][gc            ] GC(764) Pause Young (Mixed) (G1 Evacuation Pause) 219M->198M(512M) 3.460ms
[2026-06-18T00:57:09.446+0000][12546.197s][info][gc,cpu        ] GC(764) User=0.02s Sys=0.00s Real=0.00s
[2026-06-18T00:57:10.734+0000][12547.484s][info][gc,start      ] GC(765) Pause Young (Normal) (G1 Evacuation Pause)
[2026-06-18T00:57:10.734+0000][12547.485s][info][gc,task       ] GC(765) Using 13 workers of 13 for evacuation
[2026-06-18T00:57:10.738+0000][12547.489s][info][gc,phases     ] GC(765)   Pre Evacuate Collection Set: 0.0ms
[2026-06-18T00:57:10.738+0000][12547.489s][info][gc,phases     ] GC(765)   Evacuate Collection Set: 3.4ms
[2026-06-18T00:57:10.738+0000][12547.489s][info][gc,phases     ] GC(765)   Post Evacuate Collection Set: 0.4ms
[2026-06-18T00:57:10.738+0000][12547.489s][info][gc,phases     ] GC(765)   Other: 0.3ms
[2026-06-18T00:57:10.738+0000][12547.489s][info][gc,heap       ] GC(765) Eden regions: 246->0(240)
[2026-06-18T00:57:10.738+0000][12547.489s][info][gc,heap       ] GC(765) Survivor regions: 2->7(31)
[2026-06-18T00:57:10.738+0000][12547.489s][info][gc,heap       ] GC(765) Old regions: 50->50
[2026-06-18T00:57:10.738+0000][12547.489s][info][gc,heap       ] GC(765) Humongous regions: 147->147
[2026-06-18T00:57:10.738+0000][12547.489s][info][gc,metaspace  ] GC(765) Metaspace: 52757K(55552K)->52757K(55552K) NonClass: 46816K(48384K)->46816K(48384K) Class: 5940K(7168K)->5940K(7168K)
[2026-06-18T00:57:10.738+0000][12547.489s][info][gc            ] GC(765) Pause Young (Normal) (G1 Evacuation Pause) 444M->203M(512M) 4.519ms
[2026-06-18T00:57:10.738+0000][12547.489s][info][gc,cpu        ] GC(765) User=0.03s Sys=0.00s Real=0.00s
[2026-06-18T00:57:11.922+0000][12548.672s][info][gc,start      ] GC(766) Pause Young (Normal) (G1 Evacuation Pause)
[2026-06-18T00:57:11.922+0000][12548.673s][info][gc,task       ] GC(766) Using 13 workers of 13 for evacuation
[2026-06-18T00:57:11.924+0000][12548.675s][info][gc,phases     ] GC(766)   Pre Evacuate Collection Set: 0.0ms
[2026-06-18T00:57:11.924+0000][12548.675s][info][gc,phases     ] GC(766)   Evacuate Collection Set: 2.0ms
[2026-06-18T00:57:11.924+0000][12548.675s][info][gc,phases     ] GC(766)   Post Evacuate Collection Set: 0.3ms
[2026-06-18T00:57:11.924+0000][12548.675s][info][gc,phases     ] GC(766)   Other: 0.3ms
[2026-06-18T00:57:11.924+0000][12548.675s][info][gc,heap       ] GC(766) Eden regions: 240->0(243)
[2026-06-18T00:57:11.924+0000][12548.675s][info][gc,heap       ] GC(766) Survivor regions: 7->4(31)
[2026-06-18T00:57:11.924+0000][12548.675s][info][gc,heap       ] GC(766) Old regions: 50->50
[2026-06-18T00:57:11.925+0000][12548.675s][info][gc,heap       ] GC(766) Humongous regions: 147->147
[2026-06-18T00:57:11.925+0000][12548.675s][info][gc,metaspace  ] GC(766) Metaspace: 52757K(55552K)->52757K(55552K) NonClass: 46816K(48384K)->46816K(48384K) Class: 5940K(7168K)->5940K(7168K)
[2026-06-18T00:57:11.925+0000][12548.675s][info][gc            ] GC(766) Pause Young (Normal) (G1 Evacuation Pause) 443M->199M(512M) 3.066ms
[2026-06-18T00:57:11.925+0000][12548.676s][info][gc,cpu        ] GC(766) User=0.03s Sys=0.00s Real=0.01s
[2026-06-18T00:58:00.451+0000][12597.202s][info][gc,start      ] GC(767) Pause Young (Concurrent Start) (G1 Evacuation Pause)
[2026-06-18T00:58:00.451+0000][12597.202s][info][gc,task       ] GC(767) Using 13 workers of 13 for evacuation
[2026-06-18T00:58:00.454+0000][12597.204s][info][gc,phases     ] GC(767)   Pre Evacuate Collection Set: 0.3ms
[2026-06-18T00:58:00.454+0000][12597.205s][info][gc,phases     ] GC(767)   Evacuate Collection Set: 1.8ms
[2026-06-18T00:58:00.454+0000][12597.205s][info][gc,phases     ] GC(767)   Post Evacuate Collection Set: 0.4ms
[2026-06-18T00:58:00.454+0000][12597.205s][info][gc,phases     ] GC(767)   Other: 0.3ms
[2026-06-18T00:58:00.454+0000][12597.205s][info][gc,heap       ] GC(767) Eden regions: 243->0(241)
[2026-06-18T00:58:00.454+0000][12597.205s][info][gc,heap       ] GC(767) Survivor regions: 4->7(31)
[2026-06-18T00:58:00.454+0000][12597.205s][info][gc,heap       ] GC(767) Old regions: 50->50
[2026-06-18T00:58:00.455+0000][12597.205s][info][gc,heap       ] GC(767) Humongous regions: 147->147
[2026-06-18T00:58:00.455+0000][12597.205s][info][gc,metaspace  ] GC(767) Metaspace: 52757K(55552K)->52757K(55552K) NonClass: 46816K(48384K)->46816K(48384K) Class: 5940K(7168K)->5940K(7168K)
[2026-06-18T00:58:00.455+0000][12597.205s][info][gc            ] GC(767) Pause Young (Concurrent Start) (G1 Evacuation Pause) 442M->203M(512M) 3.362ms
[2026-06-18T00:58:00.455+0000][12597.205s][info][gc,cpu        ] GC(767) User=0.02s Sys=0.00s Real=0.01s
[2026-06-18T00:58:00.455+0000][12597.205s][info][gc            ] GC(768) Concurrent Cycle
[2026-06-18T00:58:00.455+0000][12597.205s][info][gc,marking    ] GC(768) Concurrent Clear Claimed Marks
[2026-06-18T00:58:00.455+0000][12597.205s][info][gc,marking    ] GC(768) Concurrent Clear Claimed Marks 0.183ms
[2026-06-18T00:58:00.455+0000][12597.206s][info][gc,marking    ] GC(768) Concurrent Scan Root Regions
[2026-06-18T00:58:00.456+0000][12597.207s][info][gc,marking    ] GC(768) Concurrent Scan Root Regions 1.204ms
[2026-06-18T00:58:00.456+0000][12597.207s][info][gc,marking    ] GC(768) Concurrent Mark (12597.207s)
[2026-06-18T00:58:00.456+0000][12597.207s][info][gc,marking    ] GC(768) Concurrent Mark From Roots
[2026-06-18T00:58:00.456+0000][12597.207s][info][gc,task       ] GC(768) Using 3 workers of 3 for marking
[2026-06-18T00:58:00.462+0000][12597.212s][info][gc,marking    ] GC(768) Concurrent Mark From Roots 5.290ms
[2026-06-18T00:58:00.462+0000][12597.212s][info][gc,marking    ] GC(768) Concurrent Preclean
[2026-06-18T00:58:00.462+0000][12597.212s][info][gc,marking    ] GC(768) Concurrent Preclean 0.140ms
[2026-06-18T00:58:00.462+0000][12597.212s][info][gc,marking    ] GC(768) Concurrent Mark (12597.207s, 12597.212s) 5.627ms
[2026-06-18T00:58:00.462+0000][12597.213s][info][gc,start      ] GC(768) Pause Remark
[2026-06-18T00:58:00.464+0000][12597.215s][info][gc,stringtable] GC(768) Cleaned string and symbol table, strings: 17372 processed, 0 removed, symbols: 125114 processed, 0 removed
[2026-06-18T00:58:00.465+0000][12597.215s][info][gc            ] GC(768) Pause Remark 207M->206M(512M) 2.609ms
[2026-06-18T00:58:00.465+0000][12597.215s][info][gc,cpu        ] GC(768) User=0.03s Sys=0.00s Real=0.01s
[2026-06-18T00:58:00.465+0000][12597.215s][info][gc,marking    ] GC(768) Concurrent Rebuild Remembered Sets
[2026-06-18T00:58:00.469+0000][12597.220s][info][gc,marking    ] GC(768) Concurrent Rebuild Remembered Sets 4.177ms
[2026-06-18T00:58:00.469+0000][12597.220s][info][gc,start      ] GC(768) Pause Cleanup
[2026-06-18T00:58:00.469+0000][12597.220s][info][gc            ] GC(768) Pause Cleanup 207M->207M(512M) 0.173ms
[2026-06-18T00:58:00.470+0000][12597.220s][info][gc,cpu        ] GC(768) User=0.01s Sys=0.00s Real=0.00s
[2026-06-18T00:58:00.470+0000][12597.220s][info][gc,marking    ] GC(768) Concurrent Cleanup for Next Mark
[2026-06-18T00:58:00.470+0000][12597.220s][info][gc,marking    ] GC(768) Concurrent Cleanup for Next Mark 0.145ms
[2026-06-18T00:58:00.470+0000][12597.220s][info][gc            ] GC(768) Concurrent Cycle 15.070ms
[2026-06-18T00:58:01.930+0000][12598.681s][info][gc,start      ] GC(769) Pause Young (Prepare Mixed) (G1 Evacuation Pause)
[2026-06-18T00:58:01.930+0000][12598.681s][info][gc,task       ] GC(769) Using 13 workers of 13 for evacuation
[2026-06-18T00:58:01.933+0000][12598.683s][info][gc,phases     ] GC(769)   Pre Evacuate Collection Set: 0.0ms
[2026-06-18T00:58:01.933+0000][12598.683s][info][gc,phases     ] GC(769)   Evacuate Collection Set: 1.9ms
[2026-06-18T00:58:01.933+0000][12598.683s][info][gc,phases     ] GC(769)   Post Evacuate Collection Set: 0.3ms
[2026-06-18T00:58:01.933+0000][12598.683s][info][gc,phases     ] GC(769)   Other: 0.3ms
[2026-06-18T00:58:01.933+0000][12598.683s][info][gc,heap       ] GC(769) Eden regions: 241->0(21)
[2026-06-18T00:58:01.933+0000][12598.683s][info][gc,heap       ] GC(769) Survivor regions: 7->4(31)
[2026-06-18T00:58:01.933+0000][12598.684s][info][gc,heap       ] GC(769) Old regions: 49->49
[2026-06-18T00:58:01.933+0000][12598.684s][info][gc,heap       ] GC(769) Humongous regions: 147->147
[2026-06-18T00:58:01.933+0000][12598.684s][info][gc,metaspace  ] GC(769) Metaspace: 52757K(55552K)->52757K(55552K) NonClass: 46816K(48384K)->46816K(48384K) Class: 5940K(7168K)->5940K(7168K)
[2026-06-18T00:58:01.933+0000][12598.684s][info][gc            ] GC(769) Pause Young (Prepare Mixed) (G1 Evacuation Pause) 443M->199M(512M) 3.024ms
[2026-06-18T00:58:01.933+0000][12598.684s][info][gc,cpu        ] GC(769) User=0.02s Sys=0.00s Real=0.01s
[2026-06-18T00:58:02.035+0000][12598.786s][info][gc,start      ] GC(770) Pause Young (Mixed) (G1 Evacuation Pause)
[2026-06-18T00:58:02.035+0000][12598.786s][info][gc,task       ] GC(770) Using 13 workers of 13 for evacuation
[2026-06-18T00:58:02.041+0000][12598.791s][info][gc,phases     ] GC(770)   Pre Evacuate Collection Set: 0.0ms
[2026-06-18T00:58:02.041+0000][12598.791s][info][gc,phases     ] GC(770)   Evacuate Collection Set: 4.7ms
[2026-06-18T00:58:02.041+0000][12598.791s][info][gc,phases     ] GC(770)   Post Evacuate Collection Set: 0.3ms
[2026-06-18T00:58:02.041+0000][12598.791s][info][gc,phases     ] GC(770)   Other: 0.3ms
[2026-06-18T00:58:02.041+0000][12598.791s][info][gc,heap       ] GC(770) Eden regions: 21->0(246)
[2026-06-18T00:58:02.041+0000][12598.791s][info][gc,heap       ] GC(770) Survivor regions: 4->4(4)
[2026-06-18T00:58:02.041+0000][12598.791s][info][gc,heap       ] GC(770) Old regions: 49->47
[2026-06-18T00:58:02.041+0000][12598.791s][info][gc,heap       ] GC(770) Humongous regions: 147->147
[2026-06-18T00:58:02.041+0000][12598.791s][info][gc,metaspace  ] GC(770) Metaspace: 52757K(55552K)->52757K(55552K) NonClass: 46816K(48384K)->46816K(48384K) Class: 5940K(7168K)->5940K(7168K)
[2026-06-18T00:58:02.041+0000][12598.791s][info][gc            ] GC(770) Pause Young (Mixed) (G1 Evacuation Pause) 220M->196M(512M) 5.800ms
[2026-06-18T00:58:02.041+0000][12598.792s][info][gc,cpu        ] GC(770) User=0.05s Sys=0.00s Real=0.00s
[2026-06-18T00:58:03.335+0000][12600.085s][info][gc,start      ] GC(771) Pause Young (Normal) (G1 Evacuation Pause)
[2026-06-18T00:58:03.335+0000][12600.085s][info][gc,task       ] GC(771) Using 13 workers of 13 for evacuation
[2026-06-18T00:58:03.337+0000][12600.087s][info][gc,phases     ] GC(771)   Pre Evacuate Collection Set: 0.0ms
[2026-06-18T00:58:03.337+0000][12600.087s][info][gc,phases     ] GC(771)   Evacuate Collection Set: 1.6ms
[2026-06-18T00:58:03.337+0000][12600.088s][info][gc,phases     ] GC(771)   Post Evacuate Collection Set: 0.4ms
[2026-06-18T00:58:03.337+0000][12600.088s][info][gc,phases     ] GC(771)   Other: 0.3ms
[2026-06-18T00:58:03.337+0000][12600.088s][info][gc,heap       ] GC(771) Eden regions: 246->0(245)
[2026-06-18T00:58:03.337+0000][12600.088s][info][gc,heap       ] GC(771) Survivor regions: 4->6(32)
[2026-06-18T00:58:03.337+0000][12600.088s][info][gc,heap       ] GC(771) Old regions: 47->47
[2026-06-18T00:58:03.337+0000][12600.088s][info][gc,heap       ] GC(771) Humongous regions: 147->147
[2026-06-18T00:58:03.337+0000][12600.088s][info][gc,metaspace  ] GC(771) Metaspace: 52757K(55552K)->52757K(55552K) NonClass: 46816K(48384K)->46816K(48384K) Class: 5940K(7168K)->5940K(7168K)
[2026-06-18T00:58:03.337+0000][12600.088s][info][gc            ] GC(771) Pause Young (Normal) (G1 Evacuation Pause) 442M->199M(512M) 2.694ms
[2026-06-18T00:58:03.337+0000][12600.088s][info][gc,cpu        ] GC(771) User=0.02s Sys=0.00s Real=0.00s
[2026-06-18T00:58:42.178+0000][12638.929s][info][gc,start      ] GC(772) Pause Young (Normal) (G1 Evacuation Pause)
[2026-06-18T00:58:42.179+0000][12638.929s][info][gc,task       ] GC(772) Using 13 workers of 13 for evacuation
[2026-06-18T00:58:42.190+0000][12638.941s][info][gc,phases     ] GC(772)   Pre Evacuate Collection Set: 0.1ms
[2026-06-18T00:58:42.191+0000][12638.941s][info][gc,phases     ] GC(772)   Evacuate Collection Set: 11.1ms
[2026-06-18T00:58:42.191+0000][12638.941s][info][gc,phases     ] GC(772)   Post Evacuate Collection Set: 0.5ms
[2026-06-18T00:58:42.191+0000][12638.941s][info][gc,phases     ] GC(772)   Other: 0.6ms
[2026-06-18T00:58:42.191+0000][12638.941s][info][gc,heap       ] GC(772) Eden regions: 245->0(248)
[2026-06-18T00:58:42.191+0000][12638.941s][info][gc,heap       ] GC(772) Survivor regions: 6->3(32)
[2026-06-18T00:58:42.191+0000][12638.941s][info][gc,heap       ] GC(772) Old regions: 47->47
[2026-06-18T00:58:42.191+0000][12638.941s][info][gc,heap       ] GC(772) Humongous regions: 147->147
[2026-06-18T00:58:42.191+0000][12638.941s][info][gc,metaspace  ] GC(772) Metaspace: 52765K(55552K)->52765K(55552K) NonClass: 46825K(48384K)->46825K(48384K) Class: 5940K(7168K)->5940K(7168K)
[2026-06-18T00:58:42.191+0000][12638.941s][info][gc            ] GC(772) Pause Young (Normal) (G1 Evacuation Pause) 444M->195M(512M) 12.808ms
[2026-06-18T00:58:42.191+0000][12638.942s][info][gc,cpu        ] GC(772) User=0.05s Sys=0.01s Real=0.01s
[2026-06-18T00:58:53.424+0000][12650.174s][info][gc,start      ] GC(773) Pause Young (Concurrent Start) (G1 Evacuation Pause)
[2026-06-18T00:58:53.424+0000][12650.175s][info][gc,task       ] GC(773) Using 13 workers of 13 for evacuation
[2026-06-18T00:58:53.427+0000][12650.178s][info][gc,phases     ] GC(773)   Pre Evacuate Collection Set: 0.3ms
[2026-06-18T00:58:53.427+0000][12650.178s][info][gc,phases     ] GC(773)   Evacuate Collection Set: 2.0ms
[2026-06-18T00:58:53.427+0000][12650.178s][info][gc,phases     ] GC(773)   Post Evacuate Collection Set: 0.4ms
[2026-06-18T00:58:53.428+0000][12650.178s][info][gc,phases     ] GC(773)   Other: 0.9ms
[2026-06-18T00:58:53.428+0000][12650.178s][info][gc,heap       ] GC(773) Eden regions: 248->0(248)
[2026-06-18T00:58:53.428+0000][12650.178s][info][gc,heap       ] GC(773) Survivor regions: 3->5(32)
[2026-06-18T00:58:53.428+0000][12650.178s][info][gc,heap       ] GC(773) Old regions: 47->47
[2026-06-18T00:58:53.428+0000][12650.178s][info][gc,heap       ] GC(773) Humongous regions: 147->147
[2026-06-18T00:58:53.428+0000][12650.178s][info][gc,metaspace  ] GC(773) Metaspace: 52765K(55552K)->52765K(55552K) NonClass: 46825K(48384K)->46825K(48384K) Class: 5940K(7168K)->5940K(7168K)
[2026-06-18T00:58:53.428+0000][12650.178s][info][gc            ] GC(773) Pause Young (Concurrent Start) (G1 Evacuation Pause) 443M->198M(512M) 4.146ms
[2026-06-18T00:58:53.428+0000][12650.178s][info][gc,cpu        ] GC(773) User=0.02s Sys=0.00s Real=0.00s
[2026-06-18T00:58:53.428+0000][12650.178s][info][gc            ] GC(774) Concurrent Cycle
[2026-06-18T00:58:53.428+0000][12650.178s][info][gc,marking    ] GC(774) Concurrent Clear Claimed Marks
[2026-06-18T00:58:53.428+0000][12650.179s][info][gc,marking    ] GC(774) Concurrent Clear Claimed Marks 0.222ms
[2026-06-18T00:58:53.428+0000][12650.179s][info][gc,marking    ] GC(774) Concurrent Scan Root Regions
[2026-06-18T00:58:53.430+0000][12650.180s][info][gc,marking    ] GC(774) Concurrent Scan Root Regions 1.179ms
[2026-06-18T00:58:53.430+0000][12650.180s][info][gc,marking    ] GC(774) Concurrent Mark (12650.180s)
[2026-06-18T00:58:53.430+0000][12650.180s][info][gc,marking    ] GC(774) Concurrent Mark From Roots
[2026-06-18T00:58:53.430+0000][12650.180s][info][gc,task       ] GC(774) Using 3 workers of 3 for marking
[2026-06-18T00:58:53.435+0000][12650.186s][info][gc,marking    ] GC(774) Concurrent Mark From Roots 5.339ms
[2026-06-18T00:58:53.435+0000][12650.186s][info][gc,marking    ] GC(774) Concurrent Preclean
[2026-06-18T00:58:53.436+0000][12650.186s][info][gc,marking    ] GC(774) Concurrent Preclean 0.191ms
[2026-06-18T00:58:53.436+0000][12650.186s][info][gc,marking    ] GC(774) Concurrent Mark (12650.180s, 12650.186s) 5.922ms
[2026-06-18T00:58:53.436+0000][12650.186s][info][gc,start      ] GC(774) Pause Remark
[2026-06-18T00:58:53.439+0000][12650.189s][info][gc,stringtable] GC(774) Cleaned string and symbol table, strings: 17372 processed, 0 removed, symbols: 125114 processed, 0 removed
[2026-06-18T00:58:53.439+0000][12650.189s][info][gc            ] GC(774) Pause Remark 202M->202M(512M) 2.839ms
[2026-06-18T00:58:53.439+0000][12650.189s][info][gc,cpu        ] GC(774) User=0.03s Sys=0.00s Real=0.00s
[2026-06-18T00:58:53.439+0000][12650.190s][info][gc,marking    ] GC(774) Concurrent Rebuild Remembered Sets
[2026-06-18T00:58:53.444+0000][12650.194s][info][gc,marking    ] GC(774) Concurrent Rebuild Remembered Sets 4.695ms
[2026-06-18T00:58:53.444+0000][12650.195s][info][gc,start      ] GC(774) Pause Cleanup
[2026-06-18T00:58:53.444+0000][12650.195s][info][gc            ] GC(774) Pause Cleanup 203M->203M(512M) 0.207ms
[2026-06-18T00:58:53.444+0000][12650.195s][info][gc,cpu        ] GC(774) User=0.00s Sys=0.00s Real=0.00s
[2026-06-18T00:58:53.445+0000][12650.195s][info][gc,marking    ] GC(774) Concurrent Cleanup for Next Mark
[2026-06-18T00:58:53.445+0000][12650.195s][info][gc,marking    ] GC(774) Concurrent Cleanup for Next Mark 0.154ms
[2026-06-18T00:58:53.445+0000][12650.195s][info][gc            ] GC(774) Concurrent Cycle 16.719ms
[2026-06-18T00:58:54.812+0000][12651.562s][info][gc,start      ] GC(775) Pause Young (Prepare Mixed) (G1 Evacuation Pause)
[2026-06-18T00:58:54.812+0000][12651.562s][info][gc,task       ] GC(775) Using 13 workers of 13 for evacuation
[2026-06-18T00:58:54.816+0000][12651.566s][info][gc,phases     ] GC(775)   Pre Evacuate Collection Set: 0.0ms
[2026-06-18T00:58:54.816+0000][12651.566s][info][gc,phases     ] GC(775)   Evacuate Collection Set: 3.3ms
[2026-06-18T00:58:54.816+0000][12651.566s][info][gc,phases     ] GC(775)   Post Evacuate Collection Set: 0.4ms
[2026-06-18T00:58:54.816+0000][12651.567s][info][gc,phases     ] GC(775)   Other: 0.3ms
[2026-06-18T00:58:54.816+0000][12651.567s][info][gc,heap       ] GC(775) Eden regions: 248->0(15)
[2026-06-18T00:58:54.816+0000][12651.567s][info][gc,heap       ] GC(775) Survivor regions: 5->10(32)
[2026-06-18T00:58:54.816+0000][12651.567s][info][gc,heap       ] GC(775) Old regions: 47->47
[2026-06-18T00:58:54.816+0000][12651.567s][info][gc,heap       ] GC(775) Humongous regions: 147->147
[2026-06-18T00:58:54.816+0000][12651.567s][info][gc,metaspace  ] GC(775) Metaspace: 52765K(55552K)->52765K(55552K) NonClass: 46825K(48384K)->46825K(48384K) Class: 5940K(7168K)->5940K(7168K)
[2026-06-18T00:58:54.816+0000][12651.567s][info][gc            ] GC(775) Pause Young (Prepare Mixed) (G1 Evacuation Pause) 446M->202M(512M) 4.524ms
[2026-06-18T00:58:54.817+0000][12651.567s][info][gc,cpu        ] GC(775) User=0.04s Sys=0.00s Real=0.01s
[2026-06-18T00:58:54.882+0000][12651.633s][info][gc,start      ] GC(776) Pause Young (Mixed) (G1 Evacuation Pause)
[2026-06-18T00:58:54.883+0000][12651.633s][info][gc,task       ] GC(776) Using 13 workers of 13 for evacuation
[2026-06-18T00:58:54.887+0000][12651.637s][info][gc,phases     ] GC(776)   Pre Evacuate Collection Set: 0.0ms
[2026-06-18T00:58:54.887+0000][12651.637s][info][gc,phases     ] GC(776)   Evacuate Collection Set: 3.7ms
[2026-06-18T00:58:54.887+0000][12651.637s][info][gc,phases     ] GC(776)   Post Evacuate Collection Set: 0.3ms
[2026-06-18T00:58:54.887+0000][12651.637s][info][gc,phases     ] GC(776)   Other: 0.3ms
[2026-06-18T00:58:54.887+0000][12651.637s][info][gc,heap       ] GC(776) Eden regions: 15->0(243)
[2026-06-18T00:58:54.887+0000][12651.637s][info][gc,heap       ] GC(776) Survivor regions: 10->2(4)
[2026-06-18T00:58:54.887+0000][12651.637s][info][gc,heap       ] GC(776) Old regions: 47->54
[2026-06-18T00:58:54.887+0000][12651.638s][info][gc,heap       ] GC(776) Humongous regions: 147->147
[2026-06-18T00:58:54.887+0000][12651.638s][info][gc,metaspace  ] GC(776) Metaspace: 52765K(55552K)->52765K(55552K) NonClass: 46825K(48384K)->46825K(48384K) Class: 5940K(7168K)->5940K(7168K)
[2026-06-18T00:58:54.887+0000][12651.638s][info][gc            ] GC(776) Pause Young (Mixed) (G1 Evacuation Pause) 217M->201M(512M) 4.747ms
[2026-06-18T00:58:54.887+0000][12651.638s][info][gc,cpu        ] GC(776) User=0.02s Sys=0.01s Real=0.01s
[2026-06-18T00:58:56.081+0000][12652.831s][info][gc,start      ] GC(777) Pause Young (Normal) (G1 Evacuation Pause)
[2026-06-18T00:58:56.081+0000][12652.832s][info][gc,task       ] GC(777) Using 13 workers of 13 for evacuation
[2026-06-18T00:58:56.083+0000][12652.833s][info][gc,phases     ] GC(777)   Pre Evacuate Collection Set: 0.0ms
[2026-06-18T00:58:56.083+0000][12652.834s][info][gc,phases     ] GC(777)   Evacuate Collection Set: 1.5ms
[2026-06-18T00:58:56.083+0000][12652.834s][info][gc,phases     ] GC(777)   Post Evacuate Collection Set: 0.3ms
[2026-06-18T00:58:56.083+0000][12652.834s][info][gc,phases     ] GC(777)   Other: 0.2ms
[2026-06-18T00:58:56.083+0000][12652.834s][info][gc,heap       ] GC(777) Eden regions: 243->0(242)
[2026-06-18T00:58:56.083+0000][12652.834s][info][gc,heap       ] GC(777) Survivor regions: 2->4(31)
[2026-06-18T00:58:56.083+0000][12652.834s][info][gc,heap       ] GC(777) Old regions: 54->54
[2026-06-18T00:58:56.083+0000][12652.834s][info][gc,heap       ] GC(777) Humongous regions: 147->147
[2026-06-18T00:58:56.083+0000][12652.834s][info][gc,metaspace  ] GC(777) Metaspace: 52765K(55552K)->52765K(55552K) NonClass: 46825K(48384K)->46825K(48384K) Class: 5940K(7168K)->5940K(7168K)
[2026-06-18T00:58:56.084+0000][12652.834s][info][gc            ] GC(777) Pause Young (Normal) (G1 Evacuation Pause) 444M->203M(512M) 2.436ms
[2026-06-18T00:58:56.084+0000][12652.834s][info][gc,cpu        ] GC(777) User=0.02s Sys=0.00s Real=0.01s
[2026-06-18T00:59:44.714+0000][12701.464s][info][gc,start      ] GC(778) Pause Young (Normal) (G1 Evacuation Pause)
[2026-06-18T00:59:44.714+0000][12701.464s][info][gc,task       ] GC(778) Using 13 workers of 13 for evacuation
[2026-06-18T00:59:44.717+0000][12701.467s][info][gc,phases     ] GC(778)   Pre Evacuate Collection Set: 0.0ms
[2026-06-18T00:59:44.717+0000][12701.467s][info][gc,phases     ] GC(778)   Evacuate Collection Set: 2.5ms
[2026-06-18T00:59:44.717+0000][12701.467s][info][gc,phases     ] GC(778)   Post Evacuate Collection Set: 0.3ms
[2026-06-18T00:59:44.717+0000][12701.467s][info][gc,phases     ] GC(778)   Other: 0.3ms
[2026-06-18T00:59:44.717+0000][12701.467s][info][gc,heap       ] GC(778) Eden regions: 242->0(238)
[2026-06-18T00:59:44.717+0000][12701.467s][info][gc,heap       ] GC(778) Survivor regions: 4->7(31)
[2026-06-18T00:59:44.717+0000][12701.467s][info][gc,heap       ] GC(778) Old regions: 54->54
[2026-06-18T00:59:44.717+0000][12701.467s][info][gc,heap       ] GC(778) Humongous regions: 147->147
[2026-06-18T00:59:44.718+0000][12701.467s][info][gc,metaspace  ] GC(778) Metaspace: 52765K(55552K)->52765K(55552K) NonClass: 46825K(48384K)->46825K(48384K) Class: 5940K(7168K)->5940K(7168K)
[2026-06-18T00:59:44.718+0000][12701.468s][info][gc            ] GC(778) Pause Young (Normal) (G1 Evacuation Pause) 445M->207M(512M) 3.729ms
[2026-06-18T00:59:44.718+0000][12701.468s][info][gc,cpu        ] GC(778) User=0.02s Sys=0.00s Real=0.00s
[2026-06-18T00:59:46.134+0000][12702.884s][info][gc,start      ] GC(779) Pause Young (Concurrent Start) (G1 Evacuation Pause)
[2026-06-18T00:59:46.135+0000][12702.885s][info][gc,task       ] GC(779) Using 13 workers of 13 for evacuation
[2026-06-18T00:59:46.139+0000][12702.889s][info][gc,phases     ] GC(779)   Pre Evacuate Collection Set: 0.3ms
[2026-06-18T00:59:46.139+0000][12702.889s][info][gc,phases     ] GC(779)   Evacuate Collection Set: 3.5ms
[2026-06-18T00:59:46.140+0000][12702.890s][info][gc,phases     ] GC(779)   Post Evacuate Collection Set: 0.9ms
[2026-06-18T00:59:46.140+0000][12702.890s][info][gc,phases     ] GC(779)   Other: 0.3ms
[2026-06-18T00:59:46.140+0000][12702.890s][info][gc,heap       ] GC(779) Eden regions: 238->0(241)
[2026-06-18T00:59:46.140+0000][12702.890s][info][gc,heap       ] GC(779) Survivor regions: 7->4(31)
[2026-06-18T00:59:46.140+0000][12702.890s][info][gc,heap       ] GC(779) Old regions: 54->54
[2026-06-18T00:59:46.140+0000][12702.890s][info][gc,heap       ] GC(779) Humongous regions: 147->147
[2026-06-18T00:59:46.140+0000][12702.890s][info][gc,metaspace  ] GC(779) Metaspace: 52765K(55552K)->52765K(55552K) NonClass: 46825K(48384K)->46825K(48384K) Class: 5940K(7168K)->5940K(7168K)
[2026-06-18T00:59:46.140+0000][12702.890s][info][gc            ] GC(779) Pause Young (Concurrent Start) (G1 Evacuation Pause) 445M->203M(512M) 5.642ms
[2026-06-18T00:59:46.140+0000][12702.890s][info][gc,cpu        ] GC(779) User=0.04s Sys=0.00s Real=0.00s
[2026-06-18T00:59:46.140+0000][12702.890s][info][gc            ] GC(780) Concurrent Cycle
[2026-06-18T00:59:46.140+0000][12702.890s][info][gc,marking    ] GC(780) Concurrent Clear Claimed Marks
[2026-06-18T00:59:46.141+0000][12702.891s][info][gc,marking    ] GC(780) Concurrent Clear Claimed Marks 0.258ms
[2026-06-18T00:59:46.141+0000][12702.891s][info][gc,marking    ] GC(780) Concurrent Scan Root Regions
[2026-06-18T00:59:46.142+0000][12702.892s][info][gc,marking    ] GC(780) Concurrent Scan Root Regions 0.967ms
[2026-06-18T00:59:46.142+0000][12702.892s][info][gc,marking    ] GC(780) Concurrent Mark (12702.892s)
[2026-06-18T00:59:46.142+0000][12702.892s][info][gc,marking    ] GC(780) Concurrent Mark From Roots
[2026-06-18T00:59:46.142+0000][12702.892s][info][gc,task       ] GC(780) Using 3 workers of 3 for marking
[2026-06-18T00:59:46.147+0000][12702.897s][info][gc,marking    ] GC(780) Concurrent Mark From Roots 5.675ms
[2026-06-18T00:59:46.148+0000][12702.898s][info][gc,marking    ] GC(780) Concurrent Preclean
[2026-06-18T00:59:46.148+0000][12702.898s][info][gc,marking    ] GC(780) Concurrent Preclean 0.202ms
[2026-06-18T00:59:46.148+0000][12702.898s][info][gc,marking    ] GC(780) Concurrent Mark (12702.892s, 12702.898s) 6.129ms
[2026-06-18T00:59:46.148+0000][12702.898s][info][gc,start      ] GC(780) Pause Remark
[2026-06-18T00:59:46.152+0000][12702.902s][info][gc,stringtable] GC(780) Cleaned string and symbol table, strings: 17372 processed, 0 removed, symbols: 125114 processed, 0 removed
[2026-06-18T00:59:46.152+0000][12702.902s][info][gc            ] GC(780) Pause Remark 207M->207M(512M) 3.785ms
[2026-06-18T00:59:46.152+0000][12702.902s][info][gc,cpu        ] GC(780) User=0.04s Sys=0.00s Real=0.00s
[2026-06-18T00:59:46.152+0000][12702.902s][info][gc,marking    ] GC(780) Concurrent Rebuild Remembered Sets
[2026-06-18T00:59:46.156+0000][12702.906s][info][gc,marking    ] GC(780) Concurrent Rebuild Remembered Sets 4.110ms
[2026-06-18T00:59:46.156+0000][12702.906s][info][gc,start      ] GC(780) Pause Cleanup
[2026-06-18T00:59:46.157+0000][12702.907s][info][gc            ] GC(780) Pause Cleanup 208M->208M(512M) 0.177ms
[2026-06-18T00:59:46.157+0000][12702.907s][info][gc,cpu        ] GC(780) User=0.00s Sys=0.00s Real=0.00s
[2026-06-18T00:59:46.157+0000][12702.907s][info][gc,marking    ] GC(780) Concurrent Cleanup for Next Mark
[2026-06-18T00:59:46.157+0000][12702.907s][info][gc,marking    ] GC(780) Concurrent Cleanup for Next Mark 0.179ms
[2026-06-18T00:59:46.157+0000][12702.907s][info][gc            ] GC(780) Concurrent Cycle 16.692ms
[2026-06-18T00:59:47.460+0000][12704.210s][info][gc,start      ] GC(781) Pause Young (Prepare Mixed) (G1 Evacuation Pause)
[2026-06-18T00:59:47.461+0000][12704.211s][info][gc,task       ] GC(781) Using 13 workers of 13 for evacuation
[2026-06-18T00:59:47.464+0000][12704.214s][info][gc,phases     ] GC(781)   Pre Evacuate Collection Set: 0.0ms
[2026-06-18T00:59:47.464+0000][12704.214s][info][gc,phases     ] GC(781)   Evacuate Collection Set: 2.7ms
[2026-06-18T00:59:47.464+0000][12704.214s][info][gc,phases     ] GC(781)   Post Evacuate Collection Set: 0.4ms
[2026-06-18T00:59:47.464+0000][12704.214s][info][gc,phases     ] GC(781)   Other: 0.3ms
[2026-06-18T00:59:47.464+0000][12704.214s][info][gc,heap       ] GC(781) Eden regions: 241->0(18)
[2026-06-18T00:59:47.464+0000][12704.214s][info][gc,heap       ] GC(781) Survivor regions: 4->7(31)
[2026-06-18T00:59:47.464+0000][12704.214s][info][gc,heap       ] GC(781) Old regions: 54->54
[2026-06-18T00:59:47.464+0000][12704.214s][info][gc,heap       ] GC(781) Humongous regions: 147->147
[2026-06-18T00:59:47.464+0000][12704.214s][info][gc,metaspace  ] GC(781) Metaspace: 52765K(55552K)->52765K(55552K) NonClass: 46825K(48384K)->46825K(48384K) Class: 5940K(7168K)->5940K(7168K)
[2026-06-18T00:59:47.464+0000][12704.214s][info][gc            ] GC(781) Pause Young (Prepare Mixed) (G1 Evacuation Pause) 444M->206M(512M) 3.865ms
[2026-06-18T00:59:47.464+0000][12704.214s][info][gc,cpu        ] GC(781) User=0.03s Sys=0.00s Real=0.01s
[2026-06-18T00:59:47.544+0000][12704.294s][info][gc,start      ] GC(782) Pause Young (Mixed) (G1 Evacuation Pause)
[2026-06-18T00:59:47.544+0000][12704.294s][info][gc,task       ] GC(782) Using 13 workers of 13 for evacuation
[2026-06-18T00:59:47.549+0000][12704.299s][info][gc,phases     ] GC(782)   Pre Evacuate Collection Set: 0.0ms
[2026-06-18T00:59:47.549+0000][12704.299s][info][gc,phases     ] GC(782)   Evacuate Collection Set: 3.6ms
[2026-06-18T00:59:47.549+0000][12704.299s][info][gc,phases     ] GC(782)   Post Evacuate Collection Set: 0.4ms
[2026-06-18T00:59:47.549+0000][12704.299s][info][gc,phases     ] GC(782)   Other: 0.3ms
[2026-06-18T00:59:47.549+0000][12704.299s][info][gc,heap       ] GC(782) Eden regions: 18->0(244)
[2026-06-18T00:59:47.549+0000][12704.299s][info][gc,heap       ] GC(782) Survivor regions: 7->2(4)
[2026-06-18T00:59:47.549+0000][12704.299s][info][gc,heap       ] GC(782) Old regions: 54->51
[2026-06-18T00:59:47.549+0000][12704.299s][info][gc,heap       ] GC(782) Humongous regions: 147->147
[2026-06-18T00:59:47.549+0000][12704.299s][info][gc,metaspace  ] GC(782) Metaspace: 52765K(55552K)->52765K(55552K) NonClass: 46825K(48384K)->46825K(48384K) Class: 5940K(7168K)->5940K(7168K)
[2026-06-18T00:59:47.549+0000][12704.299s][info][gc            ] GC(782) Pause Young (Mixed) (G1 Evacuation Pause) 224M->199M(512M) 4.833ms
[2026-06-18T00:59:47.549+0000][12704.299s][info][gc,cpu        ] GC(782) User=0.02s Sys=0.01s Real=0.00s
[2026-06-18T00:59:48.737+0000][12705.487s][info][gc,start      ] GC(783) Pause Young (Normal) (G1 Evacuation Pause)
[2026-06-18T00:59:48.737+0000][12705.487s][info][gc,task       ] GC(783) Using 13 workers of 13 for evacuation
[2026-06-18T00:59:48.741+0000][12705.491s][info][gc,phases     ] GC(783)   Pre Evacuate Collection Set: 0.0ms
[2026-06-18T00:59:48.741+0000][12705.491s][info][gc,phases     ] GC(783)   Evacuate Collection Set: 3.6ms
[2026-06-18T00:59:48.741+0000][12705.491s][info][gc,phases     ] GC(783)   Post Evacuate Collection Set: 0.4ms
[2026-06-18T00:59:48.741+0000][12705.491s][info][gc,phases     ] GC(783)   Other: 0.3ms
[2026-06-18T00:59:48.741+0000][12705.491s][info][gc,heap       ] GC(783) Eden regions: 244->0(245)
[2026-06-18T00:59:48.741+0000][12705.491s][info][gc,heap       ] GC(783) Survivor regions: 2->3(31)
[2026-06-18T00:59:48.741+0000][12705.491s][info][gc,heap       ] GC(783) Old regions: 51->51
[2026-06-18T00:59:48.741+0000][12705.491s][info][gc,heap       ] GC(783) Humongous regions: 147->147
[2026-06-18T00:59:48.742+0000][12705.491s][info][gc,metaspace  ] GC(783) Metaspace: 52765K(55552K)->52765K(55552K) NonClass: 46825K(48384K)->46825K(48384K) Class: 5940K(7168K)->5940K(7168K)
[2026-06-18T00:59:48.742+0000][12705.492s][info][gc            ] GC(783) Pause Young (Normal) (G1 Evacuation Pause) 443M->200M(512M) 4.791ms
[2026-06-18T00:59:48.742+0000][12705.492s][info][gc,cpu        ] GC(783) User=0.05s Sys=0.00s Real=0.00s
[2026-06-18T01:00:37.475+0000][12754.216s][info][gc,start      ] GC(784) Pause Young (Normal) (G1 Evacuation Pause)
[2026-06-18T01:00:37.475+0000][12754.216s][info][gc,task       ] GC(784) Using 13 workers of 13 for evacuation
[2026-06-18T01:00:37.477+0000][12754.219s][info][gc,phases     ] GC(784)   Pre Evacuate Collection Set: 0.0ms
[2026-06-18T01:00:37.477+0000][12754.219s][info][gc,phases     ] GC(784)   Evacuate Collection Set: 1.7ms
[2026-06-18T01:00:37.477+0000][12754.219s][info][gc,phases     ] GC(784)   Post Evacuate Collection Set: 0.3ms
[2026-06-18T01:00:37.477+0000][12754.219s][info][gc,phases     ] GC(784)   Other: 0.3ms
[2026-06-18T01:00:37.477+0000][12754.219s][info][gc,heap       ] GC(784) Eden regions: 245->0(242)
[2026-06-18T01:00:37.477+0000][12754.219s][info][gc,heap       ] GC(784) Survivor regions: 3->6(31)
[2026-06-18T01:00:37.477+0000][12754.219s][info][gc,heap       ] GC(784) Old regions: 51->51
[2026-06-18T01:00:37.477+0000][12754.219s][info][gc,heap       ] GC(784) Humongous regions: 147->147
[2026-06-18T01:00:37.477+0000][12754.219s][info][gc,metaspace  ] GC(784) Metaspace: 52765K(55552K)->52765K(55552K) NonClass: 46825K(48384K)->46825K(48384K) Class: 5940K(7168K)->5940K(7168K)
[2026-06-18T01:00:37.477+0000][12754.219s][info][gc            ] GC(784) Pause Young (Normal) (G1 Evacuation Pause) 445M->203M(512M) 2.716ms
[2026-06-18T01:00:37.477+0000][12754.219s][info][gc,cpu        ] GC(784) User=0.02s Sys=0.00s Real=0.00s
[2026-06-18T01:00:38.881+0000][12755.623s][info][gc,start      ] GC(785) Pause Young (Concurrent Start) (G1 Evacuation Pause)
[2026-06-18T01:00:38.881+0000][12755.623s][info][gc,task       ] GC(785) Using 13 workers of 13 for evacuation
[2026-06-18T01:00:38.886+0000][12755.628s][info][gc,phases     ] GC(785)   Pre Evacuate Collection Set: 0.3ms
[2026-06-18T01:00:38.886+0000][12755.628s][info][gc,phases     ] GC(785)   Evacuate Collection Set: 3.9ms
[2026-06-18T01:00:38.886+0000][12755.628s][info][gc,phases     ] GC(785)   Post Evacuate Collection Set: 0.5ms
[2026-06-18T01:00:38.886+0000][12755.628s][info][gc,phases     ] GC(785)   Other: 0.3ms
[2026-06-18T01:00:38.886+0000][12755.628s][info][gc,heap       ] GC(785) Eden regions: 242->0(237)
[2026-06-18T01:00:38.886+0000][12755.628s][info][gc,heap       ] GC(785) Survivor regions: 6->9(31)
[2026-06-18T01:00:38.886+0000][12755.628s][info][gc,heap       ] GC(785) Old regions: 51->51
[2026-06-18T01:00:38.886+0000][12755.628s][info][gc,heap       ] GC(785) Humongous regions: 147->147
[2026-06-18T01:00:38.886+0000][12755.628s][info][gc,metaspace  ] GC(785) Metaspace: 52765K(55552K)->52765K(55552K) NonClass: 46825K(48384K)->46825K(48384K) Class: 5940K(7168K)->5940K(7168K)
[2026-06-18T01:00:38.886+0000][12755.628s][info][gc            ] GC(785) Pause Young (Concurrent Start) (G1 Evacuation Pause) 445M->206M(512M) 5.726ms
[2026-06-18T01:00:38.886+0000][12755.628s][info][gc,cpu        ] GC(785) User=0.04s Sys=0.00s Real=0.01s
[2026-06-18T01:00:38.887+0000][12755.628s][info][gc            ] GC(786) Concurrent Cycle
[2026-06-18T01:00:38.887+0000][12755.629s][info][gc,marking    ] GC(786) Concurrent Clear Claimed Marks
[2026-06-18T01:00:38.887+0000][12755.629s][info][gc,marking    ] GC(786) Concurrent Clear Claimed Marks 0.354ms
[2026-06-18T01:00:38.887+0000][12755.629s][info][gc,marking    ] GC(786) Concurrent Scan Root Regions
[2026-06-18T01:00:38.889+0000][12755.631s][info][gc,marking    ] GC(786) Concurrent Scan Root Regions 1.632ms
[2026-06-18T01:00:38.889+0000][12755.631s][info][gc,marking    ] GC(786) Concurrent Mark (12755.631s)
[2026-06-18T01:00:38.890+0000][12755.631s][info][gc,marking    ] GC(786) Concurrent Mark From Roots
[2026-06-18T01:00:38.890+0000][12755.632s][info][gc,task       ] GC(786) Using 3 workers of 3 for marking
[2026-06-18T01:00:38.896+0000][12755.638s][info][gc,marking    ] GC(786) Concurrent Mark From Roots 6.098ms
[2026-06-18T01:00:38.896+0000][12755.638s][info][gc,marking    ] GC(786) Concurrent Preclean
[2026-06-18T01:00:38.896+0000][12755.638s][info][gc,marking    ] GC(786) Concurrent Preclean 0.214ms
[2026-06-18T01:00:38.896+0000][12755.638s][info][gc,marking    ] GC(786) Concurrent Mark (12755.631s, 12755.638s) 6.901ms
[2026-06-18T01:00:38.896+0000][12755.638s][info][gc,start      ] GC(786) Pause Remark
[2026-06-18T01:00:38.899+0000][12755.641s][info][gc,stringtable] GC(786) Cleaned string and symbol table, strings: 17372 processed, 0 removed, symbols: 125114 processed, 0 removed
[2026-06-18T01:00:38.899+0000][12755.641s][info][gc            ] GC(786) Pause Remark 210M->210M(512M) 3.053ms
[2026-06-18T01:00:38.900+0000][12755.641s][info][gc,cpu        ] GC(786) User=0.03s Sys=0.00s Real=0.00s
[2026-06-18T01:00:38.900+0000][12755.641s][info][gc,marking    ] GC(786) Concurrent Rebuild Remembered Sets
[2026-06-18T01:00:38.904+0000][12755.646s][info][gc,marking    ] GC(786) Concurrent Rebuild Remembered Sets 4.071ms
[2026-06-18T01:00:38.904+0000][12755.646s][info][gc,start      ] GC(786) Pause Cleanup
[2026-06-18T01:00:38.904+0000][12755.646s][info][gc            ] GC(786) Pause Cleanup 211M->211M(512M) 0.238ms
[2026-06-18T01:00:38.904+0000][12755.646s][info][gc,cpu        ] GC(786) User=0.00s Sys=0.00s Real=0.00s
[2026-06-18T01:00:38.904+0000][12755.646s][info][gc,marking    ] GC(786) Concurrent Cleanup for Next Mark
[2026-06-18T01:00:38.905+0000][12755.647s][info][gc,marking    ] GC(786) Concurrent Cleanup for Next Mark 0.217ms
[2026-06-18T01:00:38.905+0000][12755.647s][info][gc            ] GC(786) Concurrent Cycle 18.157ms
[2026-06-18T01:00:40.089+0000][12756.831s][info][gc,start      ] GC(787) Pause Young (Prepare Mixed) (G1 Evacuation Pause)
[2026-06-18T01:00:40.089+0000][12756.831s][info][gc,task       ] GC(787) Using 13 workers of 13 for evacuation
[2026-06-18T01:00:40.091+0000][12756.833s][info][gc,phases     ] GC(787)   Pre Evacuate Collection Set: 0.0ms
[2026-06-18T01:00:40.092+0000][12756.833s][info][gc,phases     ] GC(787)   Evacuate Collection Set: 1.6ms
[2026-06-18T01:00:40.092+0000][12756.833s][info][gc,phases     ] GC(787)   Post Evacuate Collection Set: 0.3ms
[2026-06-18T01:00:40.092+0000][12756.833s][info][gc,phases     ] GC(787)   Other: 0.3ms
[2026-06-18T01:00:40.092+0000][12756.834s][info][gc,heap       ] GC(787) Eden regions: 237->0(19)
[2026-06-18T01:00:40.092+0000][12756.834s][info][gc,heap       ] GC(787) Survivor regions: 9->6(31)
[2026-06-18T01:00:40.092+0000][12756.834s][info][gc,heap       ] GC(787) Old regions: 51->51
[2026-06-18T01:00:40.092+0000][12756.834s][info][gc,heap       ] GC(787) Humongous regions: 147->147
[2026-06-18T01:00:40.092+0000][12756.834s][info][gc,metaspace  ] GC(787) Metaspace: 52765K(55552K)->52765K(55552K) NonClass: 46825K(48384K)->46825K(48384K) Class: 5940K(7168K)->5940K(7168K)
[2026-06-18T01:00:40.092+0000][12756.834s][info][gc            ] GC(787) Pause Young (Prepare Mixed) (G1 Evacuation Pause) 443M->202M(512M) 2.715ms
[2026-06-18T01:00:40.092+0000][12756.834s][info][gc,cpu        ] GC(787) User=0.02s Sys=0.00s Real=0.01s
[2026-06-18T01:00:40.182+0000][12756.923s][info][gc,start      ] GC(788) Pause Young (Mixed) (G1 Evacuation Pause)
[2026-06-18T01:00:40.182+0000][12756.924s][info][gc,task       ] GC(788) Using 13 workers of 13 for evacuation
[2026-06-18T01:00:40.188+0000][12756.930s][info][gc,phases     ] GC(788)   Pre Evacuate Collection Set: 0.0ms
[2026-06-18T01:00:40.188+0000][12756.930s][info][gc,phases     ] GC(788)   Evacuate Collection Set: 5.9ms
[2026-06-18T01:00:40.188+0000][12756.930s][info][gc,phases     ] GC(788)   Post Evacuate Collection Set: 0.3ms
[2026-06-18T01:00:40.188+0000][12756.930s][info][gc,phases     ] GC(788)   Other: 0.3ms
[2026-06-18T01:00:40.189+0000][12756.930s][info][gc,heap       ] GC(788) Eden regions: 19->0(244)
[2026-06-18T01:00:40.189+0000][12756.930s][info][gc,heap       ] GC(788) Survivor regions: 6->2(4)
[2026-06-18T01:00:40.189+0000][12756.930s][info][gc,heap       ] GC(788) Old regions: 51->50
[2026-06-18T01:00:40.189+0000][12756.930s][info][gc,heap       ] GC(788) Humongous regions: 147->147
[2026-06-18T01:00:40.189+0000][12756.931s][info][gc,metaspace  ] GC(788) Metaspace: 52765K(55552K)->52765K(55552K) NonClass: 46825K(48384K)->46825K(48384K) Class: 5940K(7168K)->5940K(7168K)
[2026-06-18T01:00:40.189+0000][12756.931s][info][gc            ] GC(788) Pause Young (Mixed) (G1 Evacuation Pause) 221M->198M(512M) 7.096ms
[2026-06-18T01:00:40.189+0000][12756.931s][info][gc,cpu        ] GC(788) User=0.06s Sys=0.00s Real=0.00s
[2026-06-18T01:01:28.727+0000][12805.468s][info][gc,start      ] GC(789) Pause Young (Normal) (G1 Evacuation Pause)
[2026-06-18T01:01:28.727+0000][12805.468s][info][gc,task       ] GC(789) Using 13 workers of 13 for evacuation
[2026-06-18T01:01:28.729+0000][12805.470s][info][gc,phases     ] GC(789)   Pre Evacuate Collection Set: 0.0ms
[2026-06-18T01:01:28.729+0000][12805.470s][info][gc,phases     ] GC(789)   Evacuate Collection Set: 1.8ms
[2026-06-18T01:01:28.729+0000][12805.470s][info][gc,phases     ] GC(789)   Post Evacuate Collection Set: 0.3ms
[2026-06-18T01:01:28.729+0000][12805.470s][info][gc,phases     ] GC(789)   Other: 0.3ms
[2026-06-18T01:01:28.729+0000][12805.470s][info][gc,heap       ] GC(789) Eden regions: 244->0(238)
[2026-06-18T01:01:28.730+0000][12805.471s][info][gc,heap       ] GC(789) Survivor regions: 2->8(31)
[2026-06-18T01:01:28.730+0000][12805.471s][info][gc,heap       ] GC(789) Old regions: 50->50
[2026-06-18T01:01:28.730+0000][12805.471s][info][gc,heap       ] GC(789) Humongous regions: 147->147
[2026-06-18T01:01:28.730+0000][12805.471s][info][gc,metaspace  ] GC(789) Metaspace: 52767K(55552K)->52767K(55552K) NonClass: 46827K(48384K)->46827K(48384K) Class: 5940K(7168K)->5940K(7168K)
[2026-06-18T01:01:28.730+0000][12805.471s][info][gc            ] GC(789) Pause Young (Normal) (G1 Evacuation Pause) 442M->204M(512M) 3.563ms
[2026-06-18T01:01:28.730+0000][12805.471s][info][gc,cpu        ] GC(789) User=0.02s Sys=0.00s Real=0.00s
[2026-06-18T01:01:30.128+0000][12806.869s][info][gc,start      ] GC(790) Pause Young (Normal) (G1 Evacuation Pause)
[2026-06-18T01:01:30.128+0000][12806.869s][info][gc,task       ] GC(790) Using 13 workers of 13 for evacuation
[2026-06-18T01:01:30.130+0000][12806.871s][info][gc,phases     ] GC(790)   Pre Evacuate Collection Set: 0.0ms
[2026-06-18T01:01:30.130+0000][12806.871s][info][gc,phases     ] GC(790)   Evacuate Collection Set: 1.3ms
[2026-06-18T01:01:30.130+0000][12806.871s][info][gc,phases     ] GC(790)   Post Evacuate Collection Set: 0.4ms
[2026-06-18T01:01:30.130+0000][12806.871s][info][gc,phases     ] GC(790)   Other: 0.3ms
[2026-06-18T01:01:30.130+0000][12806.871s][info][gc,heap       ] GC(790) Eden regions: 238->0(242)
[2026-06-18T01:01:30.130+0000][12806.871s][info][gc,heap       ] GC(790) Survivor regions: 8->5(31)
[2026-06-18T01:01:30.130+0000][12806.871s][info][gc,heap       ] GC(790) Old regions: 50->50
[2026-06-18T01:01:30.130+0000][12806.871s][info][gc,heap       ] GC(790) Humongous regions: 147->147
[2026-06-18T01:01:30.130+0000][12806.871s][info][gc,metaspace  ] GC(790) Metaspace: 52767K(55552K)->52767K(55552K) NonClass: 46827K(48384K)->46827K(48384K) Class: 5940K(7168K)->5940K(7168K)
[2026-06-18T01:01:30.130+0000][12806.871s][info][gc            ] GC(790) Pause Young (Normal) (G1 Evacuation Pause) 442M->201M(512M) 2.268ms
[2026-06-18T01:01:30.130+0000][12806.871s][info][gc,cpu        ] GC(790) User=0.02s Sys=0.00s Real=0.00s
[2026-06-18T01:01:31.355+0000][12808.096s][info][gc,start      ] GC(791) Pause Young (Concurrent Start) (G1 Evacuation Pause)
[2026-06-18T01:01:31.355+0000][12808.096s][info][gc,task       ] GC(791) Using 13 workers of 13 for evacuation
[2026-06-18T01:01:31.358+0000][12808.099s][info][gc,phases     ] GC(791)   Pre Evacuate Collection Set: 0.3ms
[2026-06-18T01:01:31.358+0000][12808.099s][info][gc,phases     ] GC(791)   Evacuate Collection Set: 2.1ms
[2026-06-18T01:01:31.358+0000][12808.099s][info][gc,phases     ] GC(791)   Post Evacuate Collection Set: 0.4ms
[2026-06-18T01:01:31.358+0000][12808.099s][info][gc,phases     ] GC(791)   Other: 0.3ms
[2026-06-18T01:01:31.358+0000][12808.099s][info][gc,heap       ] GC(791) Eden regions: 242->0(237)
[2026-06-18T01:01:31.358+0000][12808.099s][info][gc,heap       ] GC(791) Survivor regions: 5->9(31)
[2026-06-18T01:01:31.358+0000][12808.099s][info][gc,heap       ] GC(791) Old regions: 50->50
[2026-06-18T01:01:31.358+0000][12808.099s][info][gc,heap       ] GC(791) Humongous regions: 147->147
[2026-06-18T01:01:31.358+0000][12808.099s][info][gc,metaspace  ] GC(791) Metaspace: 52767K(55552K)->52767K(55552K) NonClass: 46827K(48384K)->46827K(48384K) Class: 5940K(7168K)->5940K(7168K)
[2026-06-18T01:01:31.358+0000][12808.099s][info][gc            ] GC(791) Pause Young (Concurrent Start) (G1 Evacuation Pause) 443M->205M(512M) 3.533ms
[2026-06-18T01:01:31.358+0000][12808.099s][info][gc,cpu        ] GC(791) User=0.02s Sys=0.00s Real=0.00s
[2026-06-18T01:01:31.358+0000][12808.099s][info][gc            ] GC(792) Concurrent Cycle
[2026-06-18T01:01:31.358+0000][12808.099s][info][gc,marking    ] GC(792) Concurrent Clear Claimed Marks
[2026-06-18T01:01:31.359+0000][12808.099s][info][gc,marking    ] GC(792) Concurrent Clear Claimed Marks 0.208ms
[2026-06-18T01:01:31.359+0000][12808.100s][info][gc,marking    ] GC(792) Concurrent Scan Root Regions
[2026-06-18T01:01:31.360+0000][12808.101s][info][gc,marking    ] GC(792) Concurrent Scan Root Regions 1.504ms
[2026-06-18T01:01:31.360+0000][12808.101s][info][gc,marking    ] GC(792) Concurrent Mark (12808.101s)
[2026-06-18T01:01:31.361+0000][12808.101s][info][gc,marking    ] GC(792) Concurrent Mark From Roots
[2026-06-18T01:01:31.361+0000][12808.101s][info][gc,task       ] GC(792) Using 3 workers of 3 for marking
[2026-06-18T01:01:31.367+0000][12808.107s][info][gc,marking    ] GC(792) Concurrent Mark From Roots 6.090ms
[2026-06-18T01:01:31.367+0000][12808.108s][info][gc,marking    ] GC(792) Concurrent Preclean
[2026-06-18T01:01:31.367+0000][12808.108s][info][gc,marking    ] GC(792) Concurrent Preclean 0.174ms
[2026-06-18T01:01:31.367+0000][12808.108s][info][gc,marking    ] GC(792) Concurrent Mark (12808.101s, 12808.108s) 6.539ms
[2026-06-18T01:01:31.367+0000][12808.108s][info][gc,start      ] GC(792) Pause Remark
[2026-06-18T01:01:31.370+0000][12808.111s][info][gc,stringtable] GC(792) Cleaned string and symbol table, strings: 17372 processed, 0 removed, symbols: 125114 processed, 0 removed
[2026-06-18T01:01:31.370+0000][12808.111s][info][gc            ] GC(792) Pause Remark 210M->210M(512M) 2.868ms
[2026-06-18T01:01:31.370+0000][12808.111s][info][gc,cpu        ] GC(792) User=0.02s Sys=0.00s Real=0.00s
[2026-06-18T01:01:31.370+0000][12808.111s][info][gc,marking    ] GC(792) Concurrent Rebuild Remembered Sets
[2026-06-18T01:01:31.375+0000][12808.116s][info][gc,marking    ] GC(792) Concurrent Rebuild Remembered Sets 4.859ms
[2026-06-18T01:01:31.375+0000][12808.116s][info][gc,start      ] GC(792) Pause Cleanup
[2026-06-18T01:01:31.376+0000][12808.116s][info][gc            ] GC(792) Pause Cleanup 210M->210M(512M) 0.190ms
[2026-06-18T01:01:31.376+0000][12808.116s][info][gc,cpu        ] GC(792) User=0.00s Sys=0.00s Real=0.00s
[2026-06-18T01:01:31.376+0000][12808.117s][info][gc,marking    ] GC(792) Concurrent Cleanup for Next Mark
[2026-06-18T01:01:31.376+0000][12808.117s][info][gc,marking    ] GC(792) Concurrent Cleanup for Next Mark 0.148ms
[2026-06-18T01:01:31.376+0000][12808.117s][info][gc            ] GC(792) Concurrent Cycle 17.538ms
[2026-06-18T01:01:32.524+0000][12809.265s][info][gc,start      ] GC(793) Pause Young (Prepare Mixed) (G1 Evacuation Pause)
[2026-06-18T01:01:32.525+0000][12809.265s][info][gc,task       ] GC(793) Using 13 workers of 13 for evacuation
[2026-06-18T01:01:32.527+0000][12809.268s][info][gc,phases     ] GC(793)   Pre Evacuate Collection Set: 0.0ms
[2026-06-18T01:01:32.527+0000][12809.268s][info][gc,phases     ] GC(793)   Evacuate Collection Set: 2.3ms
[2026-06-18T01:01:32.528+0000][12809.268s][info][gc,phases     ] GC(793)   Post Evacuate Collection Set: 0.4ms
[2026-06-18T01:01:32.528+0000][12809.268s][info][gc,phases     ] GC(793)   Other: 0.3ms
[2026-06-18T01:01:32.528+0000][12809.269s][info][gc,heap       ] GC(793) Eden regions: 237->0(19)
[2026-06-18T01:01:32.528+0000][12809.269s][info][gc,heap       ] GC(793) Survivor regions: 9->6(31)
[2026-06-18T01:01:32.528+0000][12809.269s][info][gc,heap       ] GC(793) Old regions: 50->50
[2026-06-18T01:01:32.528+0000][12809.269s][info][gc,heap       ] GC(793) Humongous regions: 147->147
[2026-06-18T01:01:32.528+0000][12809.269s][info][gc,metaspace  ] GC(793) Metaspace: 52767K(55552K)->52767K(55552K) NonClass: 46827K(48384K)->46827K(48384K) Class: 5940K(7168K)->5940K(7168K)
[2026-06-18T01:01:32.528+0000][12809.269s][info][gc            ] GC(793) Pause Young (Prepare Mixed) (G1 Evacuation Pause) 442M->202M(512M) 3.550ms
[2026-06-18T01:01:32.528+0000][12809.269s][info][gc,cpu        ] GC(793) User=0.03s Sys=0.00s Real=0.00s
[2026-06-18T01:01:32.621+0000][12809.362s][info][gc,start      ] GC(794) Pause Young (Mixed) (G1 Evacuation Pause)
[2026-06-18T01:01:32.621+0000][12809.362s][info][gc,task       ] GC(794) Using 13 workers of 13 for evacuation
[2026-06-18T01:01:32.625+0000][12809.365s][info][gc,phases     ] GC(794)   Pre Evacuate Collection Set: 0.0ms
[2026-06-18T01:01:32.625+0000][12809.366s][info][gc,phases     ] GC(794)   Evacuate Collection Set: 3.1ms
[2026-06-18T01:01:32.625+0000][12809.366s][info][gc,phases     ] GC(794)   Post Evacuate Collection Set: 0.3ms
[2026-06-18T01:01:32.625+0000][12809.366s][info][gc,phases     ] GC(794)   Other: 0.5ms
[2026-06-18T01:01:32.625+0000][12809.366s][info][gc,heap       ] GC(794) Eden regions: 19->0(244)
[2026-06-18T01:01:32.625+0000][12809.366s][info][gc,heap       ] GC(794) Survivor regions: 6->2(4)
[2026-06-18T01:01:32.625+0000][12809.366s][info][gc,heap       ] GC(794) Old regions: 50->49
[2026-06-18T01:01:32.625+0000][12809.366s][info][gc,heap       ] GC(794) Humongous regions: 147->147
[2026-06-18T01:01:32.625+0000][12809.366s][info][gc,metaspace  ] GC(794) Metaspace: 52767K(55552K)->52767K(55552K) NonClass: 46827K(48384K)->46827K(48384K) Class: 5940K(7168K)->5940K(7168K)
[2026-06-18T01:01:32.625+0000][12809.366s][info][gc            ] GC(794) Pause Young (Mixed) (G1 Evacuation Pause) 221M->197M(512M) 4.356ms
[2026-06-18T01:01:32.625+0000][12809.366s][info][gc,cpu        ] GC(794) User=0.03s Sys=0.00s Real=0.01s
[2026-06-18T01:02:21.302+0000][12858.042s][info][gc,start      ] GC(795) Pause Young (Normal) (G1 Evacuation Pause)
[2026-06-18T01:02:21.302+0000][12858.042s][info][gc,task       ] GC(795) Using 13 workers of 13 for evacuation
[2026-06-18T01:02:21.305+0000][12858.045s][info][gc,phases     ] GC(795)   Pre Evacuate Collection Set: 0.0ms
[2026-06-18T01:02:21.305+0000][12858.045s][info][gc,phases     ] GC(795)   Evacuate Collection Set: 2.5ms
[2026-06-18T01:02:21.305+0000][12858.045s][info][gc,phases     ] GC(795)   Post Evacuate Collection Set: 0.4ms
[2026-06-18T01:02:21.305+0000][12858.046s][info][gc,phases     ] GC(795)   Other: 0.3ms
[2026-06-18T01:02:21.305+0000][12858.046s][info][gc,heap       ] GC(795) Eden regions: 244->0(239)
[2026-06-18T01:02:21.305+0000][12858.046s][info][gc,heap       ] GC(795) Survivor regions: 2->8(31)
[2026-06-18T01:02:21.305+0000][12858.046s][info][gc,heap       ] GC(795) Old regions: 49->49
[2026-06-18T01:02:21.305+0000][12858.046s][info][gc,heap       ] GC(795) Humongous regions: 147->147
[2026-06-18T01:02:21.305+0000][12858.046s][info][gc,metaspace  ] GC(795) Metaspace: 52767K(55552K)->52767K(55552K) NonClass: 46827K(48384K)->46827K(48384K) Class: 5940K(7168K)->5940K(7168K)
[2026-06-18T01:02:21.305+0000][12858.046s][info][gc            ] GC(795) Pause Young (Normal) (G1 Evacuation Pause) 441M->203M(512M) 3.724ms
[2026-06-18T01:02:21.305+0000][12858.046s][info][gc,cpu        ] GC(795) User=0.02s Sys=0.00s Real=0.01s
[2026-06-18T01:02:22.832+0000][12859.573s][info][gc,start      ] GC(796) Pause Young (Normal) (G1 Evacuation Pause)
[2026-06-18T01:02:22.832+0000][12859.573s][info][gc,task       ] GC(796) Using 13 workers of 13 for evacuation
[2026-06-18T01:02:22.844+0000][12859.584s][info][gc,phases     ] GC(796)   Pre Evacuate Collection Set: 0.0ms
[2026-06-18T01:02:22.844+0000][12859.584s][info][gc,phases     ] GC(796)   Evacuate Collection Set: 10.7ms
[2026-06-18T01:02:22.844+0000][12859.585s][info][gc,phases     ] GC(796)   Post Evacuate Collection Set: 0.4ms
[2026-06-18T01:02:22.844+0000][12859.585s][info][gc,phases     ] GC(796)   Other: 0.3ms
[2026-06-18T01:02:22.844+0000][12859.585s][info][gc,heap       ] GC(796) Eden regions: 239->0(243)
[2026-06-18T01:02:22.844+0000][12859.585s][info][gc,heap       ] GC(796) Survivor regions: 8->5(31)
[2026-06-18T01:02:22.844+0000][12859.585s][info][gc,heap       ] GC(796) Old regions: 49->49
[2026-06-18T01:02:22.844+0000][12859.585s][info][gc,heap       ] GC(796) Humongous regions: 147->147
[2026-06-18T01:02:22.844+0000][12859.585s][info][gc,metaspace  ] GC(796) Metaspace: 52767K(55552K)->52767K(55552K) NonClass: 46827K(48384K)->46827K(48384K) Class: 5940K(7168K)->5940K(7168K)
[2026-06-18T01:02:22.844+0000][12859.585s][info][gc            ] GC(796) Pause Young (Normal) (G1 Evacuation Pause) 442M->200M(512M) 12.112ms
[2026-06-18T01:02:22.845+0000][12859.585s][info][gc,cpu        ] GC(796) User=0.11s Sys=0.02s Real=0.02s
[2026-06-18T01:02:24.153+0000][12860.894s][info][gc,start      ] GC(797) Pause Young (Concurrent Start) (G1 Evacuation Pause)
[2026-06-18T01:02:24.153+0000][12860.894s][info][gc,task       ] GC(797) Using 13 workers of 13 for evacuation
[2026-06-18T01:02:24.156+0000][12860.897s][info][gc,phases     ] GC(797)   Pre Evacuate Collection Set: 0.3ms
[2026-06-18T01:02:24.156+0000][12860.897s][info][gc,phases     ] GC(797)   Evacuate Collection Set: 2.0ms
[2026-06-18T01:02:24.156+0000][12860.897s][info][gc,phases     ] GC(797)   Post Evacuate Collection Set: 0.4ms
[2026-06-18T01:02:24.156+0000][12860.897s][info][gc,phases     ] GC(797)   Other: 0.4ms
[2026-06-18T01:02:24.156+0000][12860.897s][info][gc,heap       ] GC(797) Eden regions: 243->0(241)
[2026-06-18T01:02:24.156+0000][12860.897s][info][gc,heap       ] GC(797) Survivor regions: 5->7(31)
[2026-06-18T01:02:24.157+0000][12860.897s][info][gc,heap       ] GC(797) Old regions: 49->49
[2026-06-18T01:02:24.157+0000][12860.897s][info][gc,heap       ] GC(797) Humongous regions: 147->147
[2026-06-18T01:02:24.157+0000][12860.897s][info][gc,metaspace  ] GC(797) Metaspace: 52767K(55552K)->52767K(55552K) NonClass: 46827K(48384K)->46827K(48384K) Class: 5940K(7168K)->5940K(7168K)
[2026-06-18T01:02:24.157+0000][12860.897s][info][gc            ] GC(797) Pause Young (Concurrent Start) (G1 Evacuation Pause) 443M->202M(512M) 3.511ms
[2026-06-18T01:02:24.157+0000][12860.897s][info][gc,cpu        ] GC(797) User=0.02s Sys=0.00s Real=0.00s
[2026-06-18T01:02:24.157+0000][12860.897s][info][gc            ] GC(798) Concurrent Cycle
[2026-06-18T01:02:24.157+0000][12860.897s][info][gc,marking    ] GC(798) Concurrent Clear Claimed Marks
[2026-06-18T01:02:24.157+0000][12860.898s][info][gc,marking    ] GC(798) Concurrent Clear Claimed Marks 0.230ms
[2026-06-18T01:02:24.157+0000][12860.898s][info][gc,marking    ] GC(798) Concurrent Scan Root Regions
[2026-06-18T01:02:24.159+0000][12860.899s][info][gc,marking    ] GC(798) Concurrent Scan Root Regions 1.368ms
[2026-06-18T01:02:24.159+0000][12860.899s][info][gc,marking    ] GC(798) Concurrent Mark (12860.899s)
[2026-06-18T01:02:24.159+0000][12860.899s][info][gc,marking    ] GC(798) Concurrent Mark From Roots
[2026-06-18T01:02:24.159+0000][12860.900s][info][gc,task       ] GC(798) Using 3 workers of 3 for marking
[2026-06-18T01:02:24.164+0000][12860.905s][info][gc,marking    ] GC(798) Concurrent Mark From Roots 5.580ms
[2026-06-18T01:02:24.165+0000][12860.905s][info][gc,marking    ] GC(798) Concurrent Preclean
[2026-06-18T01:02:24.165+0000][12860.905s][info][gc,marking    ] GC(798) Concurrent Preclean 0.199ms
[2026-06-18T01:02:24.165+0000][12860.905s][info][gc,marking    ] GC(798) Concurrent Mark (12860.899s, 12860.905s) 6.238ms
[2026-06-18T01:02:24.165+0000][12860.906s][info][gc,start      ] GC(798) Pause Remark
[2026-06-18T01:02:24.168+0000][12860.908s][info][gc,stringtable] GC(798) Cleaned string and symbol table, strings: 17388 processed, 0 removed, symbols: 125114 processed, 0 removed
[2026-06-18T01:02:24.168+0000][12860.908s][info][gc            ] GC(798) Pause Remark 206M->206M(512M) 2.731ms
[2026-06-18T01:02:24.168+0000][12860.908s][info][gc,cpu        ] GC(798) User=0.02s Sys=0.00s Real=0.00s
[2026-06-18T01:02:24.168+0000][12860.909s][info][gc,marking    ] GC(798) Concurrent Rebuild Remembered Sets
[2026-06-18T01:02:24.173+0000][12860.914s][info][gc,marking    ] GC(798) Concurrent Rebuild Remembered Sets 5.228ms
[2026-06-18T01:02:24.173+0000][12860.914s][info][gc,start      ] GC(798) Pause Cleanup
[2026-06-18T01:02:24.174+0000][12860.914s][info][gc            ] GC(798) Pause Cleanup 207M->207M(512M) 0.189ms
[2026-06-18T01:02:24.174+0000][12860.914s][info][gc,cpu        ] GC(798) User=0.00s Sys=0.00s Real=0.00s
[2026-06-18T01:02:24.174+0000][12860.914s][info][gc,marking    ] GC(798) Concurrent Cleanup for Next Mark
[2026-06-18T01:02:24.174+0000][12860.914s][info][gc,marking    ] GC(798) Concurrent Cleanup for Next Mark 0.139ms
[2026-06-18T01:02:24.174+0000][12860.914s][info][gc            ] GC(798) Concurrent Cycle 17.156ms
[2026-06-18T01:03:12.494+0000][12909.234s][info][gc,start      ] GC(799) Pause Young (Prepare Mixed) (G1 Evacuation Pause)
[2026-06-18T01:03:12.494+0000][12909.234s][info][gc,task       ] GC(799) Using 13 workers of 13 for evacuation
[2026-06-18T01:03:12.496+0000][12909.236s][info][gc,phases     ] GC(799)   Pre Evacuate Collection Set: 0.0ms
[2026-06-18T01:03:12.496+0000][12909.237s][info][gc,phases     ] GC(799)   Evacuate Collection Set: 1.5ms
[2026-06-18T01:03:12.496+0000][12909.237s][info][gc,phases     ] GC(799)   Post Evacuate Collection Set: 0.3ms
[2026-06-18T01:03:12.497+0000][12909.237s][info][gc,phases     ] GC(799)   Other: 0.3ms
[2026-06-18T01:03:12.497+0000][12909.237s][info][gc,heap       ] GC(799) Eden regions: 241->0(20)
[2026-06-18T01:03:12.497+0000][12909.237s][info][gc,heap       ] GC(799) Survivor regions: 7->5(31)
[2026-06-18T01:03:12.497+0000][12909.237s][info][gc,heap       ] GC(799) Old regions: 49->49
[2026-06-18T01:03:12.497+0000][12909.237s][info][gc,heap       ] GC(799) Humongous regions: 147->147
[2026-06-18T01:03:12.497+0000][12909.237s][info][gc,metaspace  ] GC(799) Metaspace: 52767K(55552K)->52767K(55552K) NonClass: 46827K(48384K)->46827K(48384K) Class: 5940K(7168K)->5940K(7168K)
[2026-06-18T01:03:12.497+0000][12909.237s][info][gc            ] GC(799) Pause Young (Prepare Mixed) (G1 Evacuation Pause) 443M->200M(512M) 2.602ms
[2026-06-18T01:03:12.497+0000][12909.237s][info][gc,cpu        ] GC(799) User=0.02s Sys=0.01s Real=0.00s
[2026-06-18T01:03:12.642+0000][12909.382s][info][gc,start      ] GC(800) Pause Young (Mixed) (G1 Evacuation Pause)
[2026-06-18T01:03:12.642+0000][12909.382s][info][gc,task       ] GC(800) Using 13 workers of 13 for evacuation
[2026-06-18T01:03:12.645+0000][12909.385s][info][gc,phases     ] GC(800)   Pre Evacuate Collection Set: 0.0ms
[2026-06-18T01:03:12.645+0000][12909.385s][info][gc,phases     ] GC(800)   Evacuate Collection Set: 2.5ms
[2026-06-18T01:03:12.645+0000][12909.385s][info][gc,phases     ] GC(800)   Post Evacuate Collection Set: 0.3ms
[2026-06-18T01:03:12.645+0000][12909.385s][info][gc,phases     ] GC(800)   Other: 0.3ms
[2026-06-18T01:03:12.645+0000][12909.385s][info][gc,heap       ] GC(800) Eden regions: 20->0(246)
[2026-06-18T01:03:12.645+0000][12909.385s][info][gc,heap       ] GC(800) Survivor regions: 5->2(4)
[2026-06-18T01:03:12.645+0000][12909.385s][info][gc,heap       ] GC(800) Old regions: 49->49
[2026-06-18T01:03:12.645+0000][12909.385s][info][gc,heap       ] GC(800) Humongous regions: 147->147
[2026-06-18T01:03:12.645+0000][12909.385s][info][gc,metaspace  ] GC(800) Metaspace: 52767K(55552K)->52767K(55552K) NonClass: 46827K(48384K)->46827K(48384K) Class: 5940K(7168K)->5940K(7168K)
[2026-06-18T01:03:12.645+0000][12909.386s][info][gc            ] GC(800) Pause Young (Mixed) (G1 Evacuation Pause) 220M->197M(512M) 3.612ms
[2026-06-18T01:03:12.646+0000][12909.386s][info][gc,cpu        ] GC(800) User=0.02s Sys=0.00s Real=0.01s
[2026-06-18T01:03:14.231+0000][12910.971s][info][gc,start      ] GC(801) Pause Young (Normal) (G1 Evacuation Pause)
[2026-06-18T01:03:14.231+0000][12910.972s][info][gc,task       ] GC(801) Using 13 workers of 13 for evacuation
[2026-06-18T01:03:14.235+0000][12910.975s][info][gc,phases     ] GC(801)   Pre Evacuate Collection Set: 0.0ms
[2026-06-18T01:03:14.235+0000][12910.976s][info][gc,phases     ] GC(801)   Evacuate Collection Set: 3.3ms
[2026-06-18T01:03:14.235+0000][12910.976s][info][gc,phases     ] GC(801)   Post Evacuate Collection Set: 0.4ms
[2026-06-18T01:03:14.236+0000][12910.976s][info][gc,phases     ] GC(801)   Other: 0.3ms
[2026-06-18T01:03:14.236+0000][12910.976s][info][gc,heap       ] GC(801) Eden regions: 246->0(242)
[2026-06-18T01:03:14.236+0000][12910.976s][info][gc,heap       ] GC(801) Survivor regions: 2->7(31)
[2026-06-18T01:03:14.236+0000][12910.976s][info][gc,heap       ] GC(801) Old regions: 49->49
[2026-06-18T01:03:14.236+0000][12910.976s][info][gc,heap       ] GC(801) Humongous regions: 147->147
[2026-06-18T01:03:14.236+0000][12910.976s][info][gc,metaspace  ] GC(801) Metaspace: 52767K(55552K)->52767K(55552K) NonClass: 46827K(48384K)->46827K(48384K) Class: 5940K(7168K)->5940K(7168K)
[2026-06-18T01:03:14.236+0000][12910.976s][info][gc            ] GC(801) Pause Young (Normal) (G1 Evacuation Pause) 443M->202M(512M) 4.445ms
[2026-06-18T01:03:14.236+0000][12910.976s][info][gc,cpu        ] GC(801) User=0.04s Sys=0.00s Real=0.01s
[2026-06-18T01:03:15.516+0000][12912.256s][info][gc,start      ] GC(802) Pause Young (Normal) (G1 Evacuation Pause)
[2026-06-18T01:03:15.516+0000][12912.256s][info][gc,task       ] GC(802) Using 13 workers of 13 for evacuation
[2026-06-18T01:03:15.518+0000][12912.258s][info][gc,phases     ] GC(802)   Pre Evacuate Collection Set: 0.0ms
[2026-06-18T01:03:15.518+0000][12912.258s][info][gc,phases     ] GC(802)   Evacuate Collection Set: 1.1ms
[2026-06-18T01:03:15.518+0000][12912.258s][info][gc,phases     ] GC(802)   Post Evacuate Collection Set: 0.3ms
[2026-06-18T01:03:15.518+0000][12912.258s][info][gc,phases     ] GC(802)   Other: 0.5ms
[2026-06-18T01:03:15.518+0000][12912.259s][info][gc,heap       ] GC(802) Eden regions: 242->0(246)
[2026-06-18T01:03:15.518+0000][12912.259s][info][gc,heap       ] GC(802) Survivor regions: 7->4(32)
[2026-06-18T01:03:15.519+0000][12912.259s][info][gc,heap       ] GC(802) Old regions: 49->49
[2026-06-18T01:03:15.519+0000][12912.259s][info][gc,heap       ] GC(802) Humongous regions: 147->147
[2026-06-18T01:03:15.519+0000][12912.259s][info][gc,metaspace  ] GC(802) Metaspace: 52767K(55552K)->52767K(55552K) NonClass: 46827K(48384K)->46827K(48384K) Class: 5940K(7168K)->5940K(7168K)
[2026-06-18T01:03:15.519+0000][12912.259s][info][gc            ] GC(802) Pause Young (Normal) (G1 Evacuation Pause) 444M->198M(512M) 2.580ms
[2026-06-18T01:03:15.519+0000][12912.259s][info][gc,cpu        ] GC(802) User=0.02s Sys=0.00s Real=0.00s
[2026-06-18T01:03:16.785+0000][12913.525s][info][gc,start      ] GC(803) Pause Young (Concurrent Start) (G1 Evacuation Pause)
[2026-06-18T01:03:16.785+0000][12913.525s][info][gc,task       ] GC(803) Using 13 workers of 13 for evacuation
[2026-06-18T01:03:16.788+0000][12913.529s][info][gc,phases     ] GC(803)   Pre Evacuate Collection Set: 0.3ms
[2026-06-18T01:03:16.789+0000][12913.529s][info][gc,phases     ] GC(803)   Evacuate Collection Set: 2.7ms
[2026-06-18T01:03:16.789+0000][12913.529s][info][gc,phases     ] GC(803)   Post Evacuate Collection Set: 0.3ms
[2026-06-18T01:03:16.789+0000][12913.529s][info][gc,phases     ] GC(803)   Other: 0.3ms
[2026-06-18T01:03:16.789+0000][12913.529s][info][gc,heap       ] GC(803) Eden regions: 246->0(245)
[2026-06-18T01:03:16.789+0000][12913.529s][info][gc,heap       ] GC(803) Survivor regions: 4->6(32)
[2026-06-18T01:03:16.789+0000][12913.529s][info][gc,heap       ] GC(803) Old regions: 49->49
[2026-06-18T01:03:16.789+0000][12913.529s][info][gc,heap       ] GC(803) Humongous regions: 147->147
[2026-06-18T01:03:16.789+0000][12913.529s][info][gc,metaspace  ] GC(803) Metaspace: 52767K(55552K)->52767K(55552K) NonClass: 46827K(48384K)->46827K(48384K) Class: 5940K(7168K)->5940K(7168K)
[2026-06-18T01:03:16.789+0000][12913.529s][info][gc            ] GC(803) Pause Young (Concurrent Start) (G1 Evacuation Pause) 444M->201M(512M) 3.959ms
[2026-06-18T01:03:16.789+0000][12913.529s][info][gc,cpu        ] GC(803) User=0.03s Sys=0.00s Real=0.00s
[2026-06-18T01:03:16.789+0000][12913.529s][info][gc            ] GC(804) Concurrent Cycle
[2026-06-18T01:03:16.789+0000][12913.529s][info][gc,marking    ] GC(804) Concurrent Clear Claimed Marks
[2026-06-18T01:03:16.789+0000][12913.530s][info][gc,marking    ] GC(804) Concurrent Clear Claimed Marks 0.396ms
[2026-06-18T01:03:16.790+0000][12913.530s][info][gc,marking    ] GC(804) Concurrent Scan Root Regions
[2026-06-18T01:03:16.791+0000][12913.531s][info][gc,marking    ] GC(804) Concurrent Scan Root Regions 1.132ms
[2026-06-18T01:03:16.791+0000][12913.531s][info][gc,marking    ] GC(804) Concurrent Mark (12913.531s)
[2026-06-18T01:03:16.791+0000][12913.531s][info][gc,marking    ] GC(804) Concurrent Mark From Roots
[2026-06-18T01:03:16.791+0000][12913.531s][info][gc,task       ] GC(804) Using 3 workers of 3 for marking
[2026-06-18T01:03:16.797+0000][12913.537s][info][gc,marking    ] GC(804) Concurrent Mark From Roots 5.665ms
[2026-06-18T01:03:16.797+0000][12913.537s][info][gc,marking    ] GC(804) Concurrent Preclean
[2026-06-18T01:03:16.797+0000][12913.537s][info][gc,marking    ] GC(804) Concurrent Preclean 0.176ms
[2026-06-18T01:03:16.797+0000][12913.537s][info][gc,marking    ] GC(804) Concurrent Mark (12913.531s, 12913.537s) 6.177ms
[2026-06-18T01:03:16.797+0000][12913.537s][info][gc,start      ] GC(804) Pause Remark
[2026-06-18T01:03:16.800+0000][12913.540s][info][gc,stringtable] GC(804) Cleaned string and symbol table, strings: 17388 processed, 0 removed, symbols: 125114 processed, 0 removed
[2026-06-18T01:03:16.800+0000][12913.540s][info][gc            ] GC(804) Pause Remark 205M->205M(512M) 2.756ms
[2026-06-18T01:03:16.800+0000][12913.540s][info][gc,cpu        ] GC(804) User=0.03s Sys=0.00s Real=0.00s
[2026-06-18T01:03:16.800+0000][12913.540s][info][gc,marking    ] GC(804) Concurrent Rebuild Remembered Sets
[2026-06-18T01:03:16.805+0000][12913.545s][info][gc,marking    ] GC(804) Concurrent Rebuild Remembered Sets 5.217ms
[2026-06-18T01:03:16.806+0000][12913.546s][info][gc,start      ] GC(804) Pause Cleanup
[2026-06-18T01:03:16.806+0000][12913.546s][info][gc            ] GC(804) Pause Cleanup 206M->206M(512M) 0.167ms
[2026-06-18T01:03:16.806+0000][12913.546s][info][gc,cpu        ] GC(804) User=0.00s Sys=0.00s Real=0.00s
[2026-06-18T01:03:16.806+0000][12913.546s][info][gc,marking    ] GC(804) Concurrent Cleanup for Next Mark
[2026-06-18T01:03:16.806+0000][12913.546s][info][gc,marking    ] GC(804) Concurrent Cleanup for Next Mark 0.164ms
[2026-06-18T01:03:16.806+0000][12913.546s][info][gc            ] GC(804) Concurrent Cycle 17.222ms
[2026-06-18T01:04:05.364+0000][12962.104s][info][gc,start      ] GC(805) Pause Young (Prepare Mixed) (G1 Evacuation Pause)
[2026-06-18T01:04:05.364+0000][12962.104s][info][gc,task       ] GC(805) Using 13 workers of 13 for evacuation
[2026-06-18T01:04:05.367+0000][12962.106s][info][gc,phases     ] GC(805)   Pre Evacuate Collection Set: 0.0ms
[2026-06-18T01:04:05.367+0000][12962.107s][info][gc,phases     ] GC(805)   Evacuate Collection Set: 2.1ms
[2026-06-18T01:04:05.367+0000][12962.107s][info][gc,phases     ] GC(805)   Post Evacuate Collection Set: 0.4ms
[2026-06-18T01:04:05.367+0000][12962.107s][info][gc,phases     ] GC(805)   Other: 0.5ms
[2026-06-18T01:04:05.367+0000][12962.107s][info][gc,heap       ] GC(805) Eden regions: 245->0(16)
[2026-06-18T01:04:05.367+0000][12962.107s][info][gc,heap       ] GC(805) Survivor regions: 6->9(32)
[2026-06-18T01:04:05.367+0000][12962.107s][info][gc,heap       ] GC(805) Old regions: 49->49
[2026-06-18T01:04:05.367+0000][12962.107s][info][gc,heap       ] GC(805) Humongous regions: 147->147
[2026-06-18T01:04:05.367+0000][12962.107s][info][gc,metaspace  ] GC(805) Metaspace: 52778K(55552K)->52778K(55552K) NonClass: 46837K(48384K)->46837K(48384K) Class: 5940K(7168K)->5940K(7168K)
[2026-06-18T01:04:05.367+0000][12962.107s][info][gc            ] GC(805) Pause Young (Prepare Mixed) (G1 Evacuation Pause) 446M->204M(512M) 3.429ms
[2026-06-18T01:04:05.367+0000][12962.107s][info][gc,cpu        ] GC(805) User=0.03s Sys=0.00s Real=0.00s
[2026-06-18T01:04:05.454+0000][12962.193s][info][gc,start      ] GC(806) Pause Young (Mixed) (G1 Evacuation Pause)
[2026-06-18T01:04:05.454+0000][12962.193s][info][gc,task       ] GC(806) Using 13 workers of 13 for evacuation
[2026-06-18T01:04:05.460+0000][12962.200s][info][gc,phases     ] GC(806)   Pre Evacuate Collection Set: 0.0ms
[2026-06-18T01:04:05.460+0000][12962.200s][info][gc,phases     ] GC(806)   Evacuate Collection Set: 5.7ms
[2026-06-18T01:04:05.460+0000][12962.200s][info][gc,phases     ] GC(806)   Post Evacuate Collection Set: 0.5ms
[2026-06-18T01:04:05.460+0000][12962.200s][info][gc,phases     ] GC(806)   Other: 0.3ms
[2026-06-18T01:04:05.460+0000][12962.200s][info][gc,heap       ] GC(806) Eden regions: 16->0(246)
[2026-06-18T01:04:05.460+0000][12962.200s][info][gc,heap       ] GC(806) Survivor regions: 9->2(4)
[2026-06-18T01:04:05.461+0000][12962.200s][info][gc,heap       ] GC(806) Old regions: 49->48
[2026-06-18T01:04:05.461+0000][12962.200s][info][gc,heap       ] GC(806) Humongous regions: 147->147
[2026-06-18T01:04:05.461+0000][12962.200s][info][gc,metaspace  ] GC(806) Metaspace: 52778K(55552K)->52778K(55552K) NonClass: 46837K(48384K)->46837K(48384K) Class: 5940K(7168K)->5940K(7168K)
[2026-06-18T01:04:05.461+0000][12962.200s][info][gc            ] GC(806) Pause Young (Mixed) (G1 Evacuation Pause) 220M->196M(512M) 7.142ms
[2026-06-18T01:04:05.461+0000][12962.200s][info][gc,cpu        ] GC(806) User=0.06s Sys=0.01s Real=0.00s
[2026-06-18T01:04:06.898+0000][12963.637s][info][gc,start      ] GC(807) Pause Young (Normal) (G1 Evacuation Pause)
[2026-06-18T01:04:06.898+0000][12963.637s][info][gc,task       ] GC(807) Using 13 workers of 13 for evacuation
[2026-06-18T01:04:06.903+0000][12963.643s][info][gc,phases     ] GC(807)   Pre Evacuate Collection Set: 0.0ms
[2026-06-18T01:04:06.903+0000][12963.643s][info][gc,phases     ] GC(807)   Evacuate Collection Set: 5.2ms
[2026-06-18T01:04:06.903+0000][12963.643s][info][gc,phases     ] GC(807)   Post Evacuate Collection Set: 0.3ms
[2026-06-18T01:04:06.903+0000][12963.643s][info][gc,phases     ] GC(807)   Other: 0.2ms
[2026-06-18T01:04:06.903+0000][12963.643s][info][gc,heap       ] GC(807) Eden regions: 246->0(244)
[2026-06-18T01:04:06.903+0000][12963.643s][info][gc,heap       ] GC(807) Survivor regions: 2->5(31)
[2026-06-18T01:04:06.903+0000][12963.643s][info][gc,heap       ] GC(807) Old regions: 48->48
[2026-06-18T01:04:06.904+0000][12963.643s][info][gc,heap       ] GC(807) Humongous regions: 147->147
[2026-06-18T01:04:06.904+0000][12963.643s][info][gc,metaspace  ] GC(807) Metaspace: 52778K(55552K)->52778K(55552K) NonClass: 46837K(48384K)->46837K(48384K) Class: 5940K(7168K)->5940K(7168K)
[2026-06-18T01:04:06.904+0000][12963.643s][info][gc            ] GC(807) Pause Young (Normal) (G1 Evacuation Pause) 442M->199M(512M) 6.046ms
[2026-06-18T01:04:06.904+0000][12963.643s][info][gc,cpu        ] GC(807) User=0.06s Sys=0.00s Real=0.01s
[2026-06-18T01:04:08.114+0000][12964.854s][info][gc,start      ] GC(808) Pause Young (Normal) (G1 Evacuation Pause)
[2026-06-18T01:04:08.114+0000][12964.854s][info][gc,task       ] GC(808) Using 13 workers of 13 for evacuation
[2026-06-18T01:04:08.116+0000][12964.855s][info][gc,phases     ] GC(808)   Pre Evacuate Collection Set: 0.0ms
[2026-06-18T01:04:08.116+0000][12964.856s][info][gc,phases     ] GC(808)   Evacuate Collection Set: 1.1ms
[2026-06-18T01:04:08.116+0000][12964.856s][info][gc,phases     ] GC(808)   Post Evacuate Collection Set: 0.3ms
[2026-06-18T01:04:08.116+0000][12964.856s][info][gc,phases     ] GC(808)   Other: 0.3ms
[2026-06-18T01:04:08.116+0000][12964.856s][info][gc,heap       ] GC(808) Eden regions: 244->0(248)
[2026-06-18T01:04:08.116+0000][12964.856s][info][gc,heap       ] GC(808) Survivor regions: 5->3(32)
[2026-06-18T01:04:08.116+0000][12964.856s][info][gc,heap       ] GC(808) Old regions: 48->48
[2026-06-18T01:04:08.116+0000][12964.856s][info][gc,heap       ] GC(808) Humongous regions: 147->147
[2026-06-18T01:04:08.116+0000][12964.856s][info][gc,metaspace  ] GC(808) Metaspace: 52778K(55552K)->52778K(55552K) NonClass: 46837K(48384K)->46837K(48384K) Class: 5940K(7168K)->5940K(7168K)
[2026-06-18T01:04:08.116+0000][12964.856s][info][gc            ] GC(808) Pause Young (Normal) (G1 Evacuation Pause) 443M->196M(512M) 2.240ms
[2026-06-18T01:04:08.116+0000][12964.856s][info][gc,cpu        ] GC(808) User=0.02s Sys=0.00s Real=0.00s
[2026-06-18T01:04:56.553+0000][13013.293s][info][gc,start      ] GC(809) Pause Young (Concurrent Start) (G1 Evacuation Pause)
[2026-06-18T01:04:56.553+0000][13013.293s][info][gc,task       ] GC(809) Using 13 workers of 13 for evacuation
[2026-06-18T01:04:56.560+0000][13013.299s][info][gc,phases     ] GC(809)   Pre Evacuate Collection Set: 0.3ms
[2026-06-18T01:04:56.560+0000][13013.299s][info][gc,phases     ] GC(809)   Evacuate Collection Set: 5.5ms
[2026-06-18T01:04:56.560+0000][13013.299s][info][gc,phases     ] GC(809)   Post Evacuate Collection Set: 0.3ms
[2026-06-18T01:04:56.560+0000][13013.299s][info][gc,phases     ] GC(809)   Other: 0.4ms
[2026-06-18T01:04:56.560+0000][13013.300s][info][gc,heap       ] GC(809) Eden regions: 248->0(244)
[2026-06-18T01:04:56.560+0000][13013.300s][info][gc,heap       ] GC(809) Survivor regions: 3->7(32)
[2026-06-18T01:04:56.560+0000][13013.300s][info][gc,heap       ] GC(809) Old regions: 48->48
[2026-06-18T01:04:56.560+0000][13013.300s][info][gc,heap       ] GC(809) Humongous regions: 147->147
[2026-06-18T01:04:56.560+0000][13013.300s][info][gc,metaspace  ] GC(809) Metaspace: 52778K(55552K)->52778K(55552K) NonClass: 46837K(48384K)->46837K(48384K) Class: 5940K(7168K)->5940K(7168K)
[2026-06-18T01:04:56.560+0000][13013.300s][info][gc            ] GC(809) Pause Young (Concurrent Start) (G1 Evacuation Pause) 444M->200M(512M) 7.333ms
[2026-06-18T01:04:56.560+0000][13013.300s][info][gc,cpu        ] GC(809) User=0.06s Sys=0.00s Real=0.01s
[2026-06-18T01:04:56.561+0000][13013.300s][info][gc            ] GC(810) Concurrent Cycle
[2026-06-18T01:04:56.561+0000][13013.300s][info][gc,marking    ] GC(810) Concurrent Clear Claimed Marks
[2026-06-18T01:04:56.561+0000][13013.300s][info][gc,marking    ] GC(810) Concurrent Clear Claimed Marks 0.231ms
[2026-06-18T01:04:56.561+0000][13013.301s][info][gc,marking    ] GC(810) Concurrent Scan Root Regions
[2026-06-18T01:04:56.562+0000][13013.302s][info][gc,marking    ] GC(810) Concurrent Scan Root Regions 1.399ms
[2026-06-18T01:04:56.563+0000][13013.302s][info][gc,marking    ] GC(810) Concurrent Mark (13013.302s)
[2026-06-18T01:04:56.563+0000][13013.302s][info][gc,marking    ] GC(810) Concurrent Mark From Roots
[2026-06-18T01:04:56.563+0000][13013.303s][info][gc,task       ] GC(810) Using 3 workers of 3 for marking
[2026-06-18T01:04:56.569+0000][13013.308s][info][gc,marking    ] GC(810) Concurrent Mark From Roots 6.284ms
[2026-06-18T01:04:56.569+0000][13013.309s][info][gc,marking    ] GC(810) Concurrent Preclean
[2026-06-18T01:04:56.569+0000][13013.309s][info][gc,marking    ] GC(810) Concurrent Preclean 0.221ms
[2026-06-18T01:04:56.569+0000][13013.309s][info][gc,marking    ] GC(810) Concurrent Mark (13013.302s, 13013.309s) 6.850ms
[2026-06-18T01:04:56.570+0000][13013.309s][info][gc,start      ] GC(810) Pause Remark
[2026-06-18T01:04:56.573+0000][13013.313s][info][gc,stringtable] GC(810) Cleaned string and symbol table, strings: 17388 processed, 0 removed, symbols: 125114 processed, 0 removed
[2026-06-18T01:04:56.573+0000][13013.313s][info][gc            ] GC(810) Pause Remark 204M->204M(512M) 3.688ms
[2026-06-18T01:04:56.574+0000][13013.313s][info][gc,cpu        ] GC(810) User=0.02s Sys=0.01s Real=0.00s
[2026-06-18T01:04:56.574+0000][13013.313s][info][gc,marking    ] GC(810) Concurrent Rebuild Remembered Sets
[2026-06-18T01:04:56.578+0000][13013.318s][info][gc,marking    ] GC(810) Concurrent Rebuild Remembered Sets 4.519ms
[2026-06-18T01:04:56.578+0000][13013.318s][info][gc,start      ] GC(810) Pause Cleanup
[2026-06-18T01:04:56.579+0000][13013.318s][info][gc            ] GC(810) Pause Cleanup 206M->206M(512M) 0.259ms
[2026-06-18T01:04:56.579+0000][13013.318s][info][gc,cpu        ] GC(810) User=0.01s Sys=0.00s Real=0.00s
[2026-06-18T01:04:56.579+0000][13013.318s][info][gc,marking    ] GC(810) Concurrent Cleanup for Next Mark
[2026-06-18T01:04:56.579+0000][13013.319s][info][gc,marking    ] GC(810) Concurrent Cleanup for Next Mark 0.154ms
[2026-06-18T01:04:56.579+0000][13013.319s][info][gc            ] GC(810) Concurrent Cycle 18.576ms
[2026-06-18T01:04:58.107+0000][13014.846s][info][gc,start      ] GC(811) Pause Young (Prepare Mixed) (G1 Evacuation Pause)
[2026-06-18T01:04:58.107+0000][13014.846s][info][gc,task       ] GC(811) Using 13 workers of 13 for evacuation
[2026-06-18T01:04:58.110+0000][13014.849s][info][gc,phases     ] GC(811)   Pre Evacuate Collection Set: 0.0ms
[2026-06-18T01:04:58.110+0000][13014.849s][info][gc,phases     ] GC(811)   Evacuate Collection Set: 1.9ms
[2026-06-18T01:04:58.110+0000][13014.849s][info][gc,phases     ] GC(811)   Post Evacuate Collection Set: 0.4ms
[2026-06-18T01:04:58.110+0000][13014.849s][info][gc,phases     ] GC(811)   Other: 0.3ms
[2026-06-18T01:04:58.110+0000][13014.849s][info][gc,heap       ] GC(811) Eden regions: 244->0(21)
[2026-06-18T01:04:58.110+0000][13014.849s][info][gc,heap       ] GC(811) Survivor regions: 7->4(32)
[2026-06-18T01:04:58.110+0000][13014.849s][info][gc,heap       ] GC(811) Old regions: 48->48
[2026-06-18T01:04:58.110+0000][13014.849s][info][gc,heap       ] GC(811) Humongous regions: 147->147
[2026-06-18T01:04:58.110+0000][13014.849s][info][gc,metaspace  ] GC(811) Metaspace: 52778K(55552K)->52778K(55552K) NonClass: 46837K(48384K)->46837K(48384K) Class: 5940K(7168K)->5940K(7168K)
[2026-06-18T01:04:58.110+0000][13014.849s][info][gc            ] GC(811) Pause Young (Prepare Mixed) (G1 Evacuation Pause) 444M->198M(512M) 3.182ms
[2026-06-18T01:04:58.110+0000][13014.849s][info][gc,cpu        ] GC(811) User=0.01s Sys=0.00s Real=0.00s
[2026-06-18T01:04:58.224+0000][13014.963s][info][gc,start      ] GC(812) Pause Young (Mixed) (G1 Evacuation Pause)
[2026-06-18T01:04:58.224+0000][13014.964s][info][gc,task       ] GC(812) Using 13 workers of 13 for evacuation
[2026-06-18T01:04:58.226+0000][13014.965s][info][gc,phases     ] GC(812)   Pre Evacuate Collection Set: 0.0ms
[2026-06-18T01:04:58.226+0000][13014.966s][info][gc,phases     ] GC(812)   Evacuate Collection Set: 1.4ms
[2026-06-18T01:04:58.226+0000][13014.966s][info][gc,phases     ] GC(812)   Post Evacuate Collection Set: 0.3ms
[2026-06-18T01:04:58.226+0000][13014.966s][info][gc,phases     ] GC(812)   Other: 0.3ms
[2026-06-18T01:04:58.226+0000][13014.966s][info][gc,heap       ] GC(812) Eden regions: 21->0(250)
[2026-06-18T01:04:58.226+0000][13014.966s][info][gc,heap       ] GC(812) Survivor regions: 4->4(4)
[2026-06-18T01:04:58.227+0000][13014.966s][info][gc,heap       ] GC(812) Old regions: 48->46
[2026-06-18T01:04:58.227+0000][13014.966s][info][gc,heap       ] GC(812) Humongous regions: 147->147
[2026-06-18T01:04:58.227+0000][13014.966s][info][gc,metaspace  ] GC(812) Metaspace: 52778K(55552K)->52778K(55552K) NonClass: 46837K(48384K)->46837K(48384K) Class: 5940K(7168K)->5940K(7168K)
[2026-06-18T01:04:58.227+0000][13014.966s][info][gc            ] GC(812) Pause Young (Mixed) (G1 Evacuation Pause) 219M->195M(512M) 2.371ms
[2026-06-18T01:04:58.227+0000][13014.966s][info][gc,cpu        ] GC(812) User=0.01s Sys=0.00s Real=0.00s
[2026-06-18T01:04:59.549+0000][13016.288s][info][gc,start      ] GC(813) Pause Young (Normal) (G1 Evacuation Pause)
[2026-06-18T01:04:59.549+0000][13016.288s][info][gc,task       ] GC(813) Using 13 workers of 13 for evacuation
[2026-06-18T01:04:59.551+0000][13016.290s][info][gc,phases     ] GC(813)   Pre Evacuate Collection Set: 0.0ms
[2026-06-18T01:04:59.551+0000][13016.290s][info][gc,phases     ] GC(813)   Evacuate Collection Set: 1.5ms
[2026-06-18T01:04:59.551+0000][13016.291s][info][gc,phases     ] GC(813)   Post Evacuate Collection Set: 0.4ms
[2026-06-18T01:04:59.551+0000][13016.291s][info][gc,phases     ] GC(813)   Other: 0.3ms
[2026-06-18T01:04:59.551+0000][13016.291s][info][gc,heap       ] GC(813) Eden regions: 250->0(246)
[2026-06-18T01:04:59.552+0000][13016.291s][info][gc,heap       ] GC(813) Survivor regions: 4->7(32)
[2026-06-18T01:04:59.552+0000][13016.291s][info][gc,heap       ] GC(813) Old regions: 46->46
[2026-06-18T01:04:59.552+0000][13016.291s][info][gc,heap       ] GC(813) Humongous regions: 147->147
[2026-06-18T01:04:59.552+0000][13016.291s][info][gc,metaspace  ] GC(813) Metaspace: 52778K(55552K)->52778K(55552K) NonClass: 46837K(48384K)->46837K(48384K) Class: 5940K(7168K)->5940K(7168K)
[2026-06-18T01:04:59.552+0000][13016.291s][info][gc            ] GC(813) Pause Young (Normal) (G1 Evacuation Pause) 445M->199M(512M) 2.732ms
[2026-06-18T01:04:59.552+0000][13016.291s][info][gc,cpu        ] GC(813) User=0.02s Sys=0.00s Real=0.00s
[2026-06-18T01:05:00.743+0000][13017.482s][info][gc,start      ] GC(814) Pause Young (Normal) (G1 Evacuation Pause)
[2026-06-18T01:05:00.743+0000][13017.482s][info][gc,task       ] GC(814) Using 13 workers of 13 for evacuation
[2026-06-18T01:05:00.745+0000][13017.484s][info][gc,phases     ] GC(814)   Pre Evacuate Collection Set: 0.0ms
[2026-06-18T01:05:00.745+0000][13017.484s][info][gc,phases     ] GC(814)   Evacuate Collection Set: 1.4ms
[2026-06-18T01:05:00.745+0000][13017.484s][info][gc,phases     ] GC(814)   Post Evacuate Collection Set: 0.3ms
[2026-06-18T01:05:00.745+0000][13017.484s][info][gc,phases     ] GC(814)   Other: 0.3ms
[2026-06-18T01:05:00.745+0000][13017.484s][info][gc,heap       ] GC(814) Eden regions: 246->0(249)
[2026-06-18T01:05:00.745+0000][13017.484s][info][gc,heap       ] GC(814) Survivor regions: 7->5(32)
[2026-06-18T01:05:00.745+0000][13017.484s][info][gc,heap       ] GC(814) Old regions: 46->46
[2026-06-18T01:05:00.745+0000][13017.484s][info][gc,heap       ] GC(814) Humongous regions: 147->147
[2026-06-18T01:05:00.745+0000][13017.484s][info][gc,metaspace  ] GC(814) Metaspace: 52778K(55552K)->52778K(55552K) NonClass: 46837K(48384K)->46837K(48384K) Class: 5940K(7168K)->5940K(7168K)
[2026-06-18T01:05:00.745+0000][13017.484s][info][gc            ] GC(814) Pause Young (Normal) (G1 Evacuation Pause) 445M->196M(512M) 2.567ms
[2026-06-18T01:05:00.745+0000][13017.484s][info][gc,cpu        ] GC(814) User=0.02s Sys=0.00s Real=0.01s
[2026-06-18T01:05:49.314+0000][13066.053s][info][gc,start      ] GC(815) Pause Young (Concurrent Start) (G1 Evacuation Pause)
[2026-06-18T01:05:49.315+0000][13066.054s][info][gc,task       ] GC(815) Using 13 workers of 13 for evacuation
[2026-06-18T01:05:49.318+0000][13066.057s][info][gc,phases     ] GC(815)   Pre Evacuate Collection Set: 0.3ms
[2026-06-18T01:05:49.318+0000][13066.057s][info][gc,phases     ] GC(815)   Evacuate Collection Set: 2.6ms
[2026-06-18T01:05:49.318+0000][13066.057s][info][gc,phases     ] GC(815)   Post Evacuate Collection Set: 0.3ms
[2026-06-18T01:05:49.318+0000][13066.057s][info][gc,phases     ] GC(815)   Other: 0.8ms
[2026-06-18T01:05:49.318+0000][13066.057s][info][gc,heap       ] GC(815) Eden regions: 249->0(245)
[2026-06-18T01:05:49.318+0000][13066.057s][info][gc,heap       ] GC(815) Survivor regions: 5->9(32)
[2026-06-18T01:05:49.318+0000][13066.057s][info][gc,heap       ] GC(815) Old regions: 46->46
[2026-06-18T01:05:49.318+0000][13066.057s][info][gc,heap       ] GC(815) Humongous regions: 147->147
[2026-06-18T01:05:49.318+0000][13066.057s][info][gc,metaspace  ] GC(815) Metaspace: 52778K(55552K)->52778K(55552K) NonClass: 46837K(48384K)->46837K(48384K) Class: 5940K(7168K)->5940K(7168K)
[2026-06-18T01:05:49.318+0000][13066.057s][info][gc            ] GC(815) Pause Young (Concurrent Start) (G1 Evacuation Pause) 445M->200M(512M) 4.166ms
[2026-06-18T01:05:49.318+0000][13066.057s][info][gc,cpu        ] GC(815) User=0.03s Sys=0.00s Real=0.01s
[2026-06-18T01:05:49.318+0000][13066.057s][info][gc            ] GC(816) Concurrent Cycle
[2026-06-18T01:05:49.318+0000][13066.057s][info][gc,marking    ] GC(816) Concurrent Clear Claimed Marks
[2026-06-18T01:05:49.319+0000][13066.057s][info][gc,marking    ] GC(816) Concurrent Clear Claimed Marks 0.210ms
[2026-06-18T01:05:49.319+0000][13066.057s][info][gc,marking    ] GC(816) Concurrent Scan Root Regions
[2026-06-18T01:05:49.320+0000][13066.059s][info][gc,marking    ] GC(816) Concurrent Scan Root Regions 1.486ms
[2026-06-18T01:05:49.320+0000][13066.059s][info][gc,marking    ] GC(816) Concurrent Mark (13066.059s)
[2026-06-18T01:05:49.320+0000][13066.059s][info][gc,marking    ] GC(816) Concurrent Mark From Roots
[2026-06-18T01:05:49.320+0000][13066.059s][info][gc,task       ] GC(816) Using 3 workers of 3 for marking
[2026-06-18T01:05:49.325+0000][13066.064s][info][gc,marking    ] GC(816) Concurrent Mark From Roots 5.149ms
[2026-06-18T01:05:49.326+0000][13066.064s][info][gc,marking    ] GC(816) Concurrent Preclean
[2026-06-18T01:05:49.326+0000][13066.065s][info][gc,marking    ] GC(816) Concurrent Preclean 0.153ms
[2026-06-18T01:05:49.326+0000][13066.065s][info][gc,marking    ] GC(816) Concurrent Mark (13066.059s, 13066.065s) 5.534ms
[2026-06-18T01:05:49.326+0000][13066.065s][info][gc,start      ] GC(816) Pause Remark
[2026-06-18T01:05:49.328+0000][13066.067s][info][gc,stringtable] GC(816) Cleaned string and symbol table, strings: 17388 processed, 0 removed, symbols: 125114 processed, 0 removed
[2026-06-18T01:05:49.329+0000][13066.067s][info][gc            ] GC(816) Pause Remark 204M->204M(512M) 2.670ms
[2026-06-18T01:05:49.329+0000][13066.068s][info][gc,cpu        ] GC(816) User=0.03s Sys=0.00s Real=0.00s
[2026-06-18T01:05:49.329+0000][13066.068s][info][gc,marking    ] GC(816) Concurrent Rebuild Remembered Sets
[2026-06-18T01:05:49.333+0000][13066.072s][info][gc,marking    ] GC(816) Concurrent Rebuild Remembered Sets 4.370ms
[2026-06-18T01:05:49.334+0000][13066.072s][info][gc,start      ] GC(816) Pause Cleanup
[2026-06-18T01:05:49.334+0000][13066.073s][info][gc            ] GC(816) Pause Cleanup 204M->204M(512M) 0.213ms
[2026-06-18T01:05:49.334+0000][13066.073s][info][gc,cpu        ] GC(816) User=0.00s Sys=0.00s Real=0.00s
[2026-06-18T01:05:49.334+0000][13066.073s][info][gc,marking    ] GC(816) Concurrent Cleanup for Next Mark
[2026-06-18T01:05:49.334+0000][13066.073s][info][gc,marking    ] GC(816) Concurrent Cleanup for Next Mark 0.161ms
[2026-06-18T01:05:49.334+0000][13066.073s][info][gc            ] GC(816) Concurrent Cycle 15.720ms
[2026-06-18T01:05:50.766+0000][13067.505s][info][gc,start      ] GC(817) Pause Young (Prepare Mixed) (G1 Evacuation Pause)
[2026-06-18T01:05:50.767+0000][13067.505s][info][gc,task       ] GC(817) Using 13 workers of 13 for evacuation
[2026-06-18T01:05:50.769+0000][13067.508s][info][gc,phases     ] GC(817)   Pre Evacuate Collection Set: 0.0ms
[2026-06-18T01:05:50.769+0000][13067.508s][info][gc,phases     ] GC(817)   Evacuate Collection Set: 1.8ms
[2026-06-18T01:05:50.769+0000][13067.508s][info][gc,phases     ] GC(817)   Post Evacuate Collection Set: 0.3ms
[2026-06-18T01:05:50.769+0000][13067.508s][info][gc,phases     ] GC(817)   Other: 0.3ms
[2026-06-18T01:05:50.769+0000][13067.508s][info][gc,heap       ] GC(817) Eden regions: 245->0(19)
[2026-06-18T01:05:50.769+0000][13067.508s][info][gc,heap       ] GC(817) Survivor regions: 9->6(32)
[2026-06-18T01:05:50.769+0000][13067.508s][info][gc,heap       ] GC(817) Old regions: 46->46
[2026-06-18T01:05:50.769+0000][13067.508s][info][gc,heap       ] GC(817) Humongous regions: 147->147
[2026-06-18T01:05:50.769+0000][13067.508s][info][gc,metaspace  ] GC(817) Metaspace: 52778K(55552K)->52778K(55552K) NonClass: 46837K(48384K)->46837K(48384K) Class: 5940K(7168K)->5940K(7168K)
[2026-06-18T01:05:50.769+0000][13067.508s][info][gc            ] GC(817) Pause Young (Prepare Mixed) (G1 Evacuation Pause) 445M->197M(512M) 2.949ms
[2026-06-18T01:05:50.769+0000][13067.508s][info][gc,cpu        ] GC(817) User=0.02s Sys=0.00s Real=0.00s
[2026-06-18T01:05:50.863+0000][13067.602s][info][gc,start      ] GC(818) Pause Young (Mixed) (G1 Evacuation Pause)
[2026-06-18T01:05:50.864+0000][13067.602s][info][gc,task       ] GC(818) Using 13 workers of 13 for evacuation
[2026-06-18T01:05:50.867+0000][13067.605s][info][gc,phases     ] GC(818)   Pre Evacuate Collection Set: 0.0ms
[2026-06-18T01:05:50.867+0000][13067.606s][info][gc,phases     ] GC(818)   Evacuate Collection Set: 2.6ms
[2026-06-18T01:05:50.867+0000][13067.606s][info][gc,phases     ] GC(818)   Post Evacuate Collection Set: 0.3ms
[2026-06-18T01:05:50.867+0000][13067.606s][info][gc,phases     ] GC(818)   Other: 0.3ms
[2026-06-18T01:05:50.867+0000][13067.606s][info][gc,heap       ] GC(818) Eden regions: 19->0(249)
[2026-06-18T01:05:50.867+0000][13067.606s][info][gc,heap       ] GC(818) Survivor regions: 6->2(4)
[2026-06-18T01:05:50.867+0000][13067.606s][info][gc,heap       ] GC(818) Old regions: 46->50
[2026-06-18T01:05:50.867+0000][13067.606s][info][gc,heap       ] GC(818) Humongous regions: 147->147
[2026-06-18T01:05:50.867+0000][13067.606s][info][gc,metaspace  ] GC(818) Metaspace: 52778K(55552K)->52778K(55552K) NonClass: 46837K(48384K)->46837K(48384K) Class: 5940K(7168K)->5940K(7168K)
[2026-06-18T01:05:50.867+0000][13067.606s][info][gc            ] GC(818) Pause Young (Mixed) (G1 Evacuation Pause) 216M->197M(512M) 3.651ms
[2026-06-18T01:05:50.867+0000][13067.606s][info][gc,cpu        ] GC(818) User=0.01s Sys=0.01s Real=0.01s
[2026-06-18T01:05:52.244+0000][13068.982s][info][gc,start      ] GC(819) Pause Young (Normal) (G1 Evacuation Pause)
[2026-06-18T01:05:52.244+0000][13068.983s][info][gc,task       ] GC(819) Using 13 workers of 13 for evacuation
[2026-06-18T01:05:52.246+0000][13068.985s][info][gc,phases     ] GC(819)   Pre Evacuate Collection Set: 0.0ms
[2026-06-18T01:05:52.246+0000][13068.985s][info][gc,phases     ] GC(819)   Evacuate Collection Set: 1.9ms
[2026-06-18T01:05:52.246+0000][13068.985s][info][gc,phases     ] GC(819)   Post Evacuate Collection Set: 0.4ms
[2026-06-18T01:05:52.246+0000][13068.985s][info][gc,phases     ] GC(819)   Other: 0.4ms
[2026-06-18T01:05:52.246+0000][13068.985s][info][gc,heap       ] GC(819) Eden regions: 249->0(243)
[2026-06-18T01:05:52.246+0000][13068.985s][info][gc,heap       ] GC(819) Survivor regions: 2->7(32)
[2026-06-18T01:05:52.246+0000][13068.985s][info][gc,heap       ] GC(819) Old regions: 50->50
[2026-06-18T01:05:52.247+0000][13068.985s][info][gc,heap       ] GC(819) Humongous regions: 147->147
[2026-06-18T01:05:52.247+0000][13068.985s][info][gc,metaspace  ] GC(819) Metaspace: 52778K(55552K)->52778K(55552K) NonClass: 46837K(48384K)->46837K(48384K) Class: 5940K(7168K)->5940K(7168K)
[2026-06-18T01:05:52.247+0000][13068.985s][info][gc            ] GC(819) Pause Young (Normal) (G1 Evacuation Pause) 446M->202M(512M) 3.081ms
[2026-06-18T01:05:52.247+0000][13068.986s][info][gc,cpu        ] GC(819) User=0.02s Sys=0.00s Real=0.01s
[2026-06-18T01:06:40.723+0000][13117.461s][info][gc,start      ] GC(820) Pause Young (Normal) (G1 Evacuation Pause)
[2026-06-18T01:06:40.724+0000][13117.462s][info][gc,task       ] GC(820) Using 13 workers of 13 for evacuation
[2026-06-18T01:06:40.727+0000][13117.465s][info][gc,phases     ] GC(820)   Pre Evacuate Collection Set: 0.0ms
[2026-06-18T01:06:40.727+0000][13117.465s][info][gc,phases     ] GC(820)   Evacuate Collection Set: 2.5ms
[2026-06-18T01:06:40.727+0000][13117.465s][info][gc,phases     ] GC(820)   Post Evacuate Collection Set: 0.4ms
[2026-06-18T01:06:40.727+0000][13117.465s][info][gc,phases     ] GC(820)   Other: 0.9ms
[2026-06-18T01:06:40.727+0000][13117.466s][info][gc,heap       ] GC(820) Eden regions: 243->0(245)
[2026-06-18T01:06:40.727+0000][13117.466s][info][gc,heap       ] GC(820) Survivor regions: 7->5(32)
[2026-06-18T01:06:40.727+0000][13117.466s][info][gc,heap       ] GC(820) Old regions: 50->50
[2026-06-18T01:06:40.727+0000][13117.466s][info][gc,heap       ] GC(820) Humongous regions: 147->147
[2026-06-18T01:06:40.727+0000][13117.466s][info][gc,metaspace  ] GC(820) Metaspace: 52786K(55552K)->52786K(55552K) NonClass: 46846K(48384K)->46846K(48384K) Class: 5940K(7168K)->5940K(7168K)
[2026-06-18T01:06:40.728+0000][13117.466s][info][gc            ] GC(820) Pause Young (Normal) (G1 Evacuation Pause) 445M->200M(512M) 4.470ms
[2026-06-18T01:06:40.728+0000][13117.466s][info][gc,cpu        ] GC(820) User=0.02s Sys=0.00s Real=0.01s
[2026-06-18T01:06:42.334+0000][13119.073s][info][gc,start      ] GC(821) Pause Young (Concurrent Start) (G1 Evacuation Pause)
[2026-06-18T01:06:42.335+0000][13119.073s][info][gc,task       ] GC(821) Using 13 workers of 13 for evacuation
[2026-06-18T01:06:42.339+0000][13119.078s][info][gc,phases     ] GC(821)   Pre Evacuate Collection Set: 0.3ms
[2026-06-18T01:06:42.339+0000][13119.078s][info][gc,phases     ] GC(821)   Evacuate Collection Set: 3.9ms
[2026-06-18T01:06:42.339+0000][13119.078s][info][gc,phases     ] GC(821)   Post Evacuate Collection Set: 0.3ms
[2026-06-18T01:06:42.339+0000][13119.078s][info][gc,phases     ] GC(821)   Other: 0.3ms
[2026-06-18T01:06:42.339+0000][13119.078s][info][gc,heap       ] GC(821) Eden regions: 245->0(243)
[2026-06-18T01:06:42.340+0000][13119.078s][info][gc,heap       ] GC(821) Survivor regions: 5->7(32)
[2026-06-18T01:06:42.340+0000][13119.078s][info][gc,heap       ] GC(821) Old regions: 50->50
[2026-06-18T01:06:42.340+0000][13119.078s][info][gc,heap       ] GC(821) Humongous regions: 147->147
[2026-06-18T01:06:42.340+0000][13119.078s][info][gc,metaspace  ] GC(821) Metaspace: 52786K(55552K)->52786K(55552K) NonClass: 46846K(48384K)->46846K(48384K) Class: 5940K(7168K)->5940K(7168K)
[2026-06-18T01:06:42.340+0000][13119.078s][info][gc            ] GC(821) Pause Young (Concurrent Start) (G1 Evacuation Pause) 445M->203M(512M) 5.324ms
[2026-06-18T01:06:42.340+0000][13119.078s][info][gc,cpu        ] GC(821) User=0.03s Sys=0.00s Real=0.01s
[2026-06-18T01:06:42.340+0000][13119.078s][info][gc            ] GC(822) Concurrent Cycle
[2026-06-18T01:06:42.340+0000][13119.078s][info][gc,marking    ] GC(822) Concurrent Clear Claimed Marks
[2026-06-18T01:06:42.340+0000][13119.079s][info][gc,marking    ] GC(822) Concurrent Clear Claimed Marks 0.207ms
[2026-06-18T01:06:42.340+0000][13119.079s][info][gc,marking    ] GC(822) Concurrent Scan Root Regions
[2026-06-18T01:06:42.342+0000][13119.080s][info][gc,marking    ] GC(822) Concurrent Scan Root Regions 1.279ms
[2026-06-18T01:06:42.342+0000][13119.080s][info][gc,marking    ] GC(822) Concurrent Mark (13119.080s)
[2026-06-18T01:06:42.342+0000][13119.080s][info][gc,marking    ] GC(822) Concurrent Mark From Roots
[2026-06-18T01:06:42.342+0000][13119.080s][info][gc,task       ] GC(822) Using 3 workers of 3 for marking
[2026-06-18T01:06:42.347+0000][13119.086s][info][gc,marking    ] GC(822) Concurrent Mark From Roots 5.565ms
[2026-06-18T01:06:42.347+0000][13119.086s][info][gc,marking    ] GC(822) Concurrent Preclean
[2026-06-18T01:06:42.348+0000][13119.086s][info][gc,marking    ] GC(822) Concurrent Preclean 0.172ms
[2026-06-18T01:06:42.348+0000][13119.086s][info][gc,marking    ] GC(822) Concurrent Mark (13119.080s, 13119.086s) 6.046ms
[2026-06-18T01:06:42.348+0000][13119.086s][info][gc,start      ] GC(822) Pause Remark
[2026-06-18T01:06:42.350+0000][13119.089s][info][gc,stringtable] GC(822) Cleaned string and symbol table, strings: 17402 processed, 0 removed, symbols: 125114 processed, 0 removed
[2026-06-18T01:06:42.351+0000][13119.089s][info][gc            ] GC(822) Pause Remark 207M->207M(512M) 2.727ms
[2026-06-18T01:06:42.351+0000][13119.089s][info][gc,cpu        ] GC(822) User=0.03s Sys=0.00s Real=0.00s
[2026-06-18T01:06:42.351+0000][13119.089s][info][gc,marking    ] GC(822) Concurrent Rebuild Remembered Sets
[2026-06-18T01:06:42.355+0000][13119.093s][info][gc,marking    ] GC(822) Concurrent Rebuild Remembered Sets 4.182ms
[2026-06-18T01:06:42.355+0000][13119.094s][info][gc,start      ] GC(822) Pause Cleanup
[2026-06-18T01:06:42.355+0000][13119.094s][info][gc            ] GC(822) Pause Cleanup 208M->208M(512M) 0.201ms
[2026-06-18T01:06:42.355+0000][13119.094s][info][gc,cpu        ] GC(822) User=0.00s Sys=0.00s Real=0.00s
[2026-06-18T01:06:42.356+0000][13119.094s][info][gc,marking    ] GC(822) Concurrent Cleanup for Next Mark
[2026-06-18T01:06:42.356+0000][13119.094s][info][gc,marking    ] GC(822) Concurrent Cleanup for Next Mark 0.131ms
[2026-06-18T01:06:42.356+0000][13119.094s][info][gc            ] GC(822) Concurrent Cycle 15.852ms
[2026-06-18T01:06:43.650+0000][13120.389s][info][gc,start      ] GC(823) Pause Young (Prepare Mixed) (G1 Evacuation Pause)
[2026-06-18T01:06:43.651+0000][13120.389s][info][gc,task       ] GC(823) Using 13 workers of 13 for evacuation
[2026-06-18T01:06:43.654+0000][13120.393s][info][gc,phases     ] GC(823)   Pre Evacuate Collection Set: 0.0ms
[2026-06-18T01:06:43.654+0000][13120.393s][info][gc,phases     ] GC(823)   Evacuate Collection Set: 3.1ms
[2026-06-18T01:06:43.654+0000][13120.393s][info][gc,phases     ] GC(823)   Post Evacuate Collection Set: 0.4ms
[2026-06-18T01:06:43.654+0000][13120.393s][info][gc,phases     ] GC(823)   Other: 0.3ms
[2026-06-18T01:06:43.654+0000][13120.393s][info][gc,heap       ] GC(823) Eden regions: 243->0(21)
[2026-06-18T01:06:43.654+0000][13120.393s][info][gc,heap       ] GC(823) Survivor regions: 7->4(32)
[2026-06-18T01:06:43.655+0000][13120.393s][info][gc,heap       ] GC(823) Old regions: 50->50
[2026-06-18T01:06:43.655+0000][13120.393s][info][gc,heap       ] GC(823) Humongous regions: 147->147
[2026-06-18T01:06:43.655+0000][13120.393s][info][gc,metaspace  ] GC(823) Metaspace: 52786K(55552K)->52786K(55552K) NonClass: 46846K(48384K)->46846K(48384K) Class: 5940K(7168K)->5940K(7168K)
[2026-06-18T01:06:43.655+0000][13120.393s][info][gc            ] GC(823) Pause Young (Prepare Mixed) (G1 Evacuation Pause) 446M->199M(512M) 4.291ms
[2026-06-18T01:06:43.655+0000][13120.393s][info][gc,cpu        ] GC(823) User=0.04s Sys=0.00s Real=0.00s
[2026-06-18T01:06:43.764+0000][13120.502s][info][gc,start      ] GC(824) Pause Young (Mixed) (G1 Evacuation Pause)
[2026-06-18T01:06:43.764+0000][13120.503s][info][gc,task       ] GC(824) Using 13 workers of 13 for evacuation
[2026-06-18T01:06:43.766+0000][13120.504s][info][gc,phases     ] GC(824)   Pre Evacuate Collection Set: 0.0ms
[2026-06-18T01:06:43.766+0000][13120.504s][info][gc,phases     ] GC(824)   Evacuate Collection Set: 1.3ms
[2026-06-18T01:06:43.766+0000][13120.505s][info][gc,phases     ] GC(824)   Post Evacuate Collection Set: 0.3ms
[2026-06-18T01:06:43.766+0000][13120.505s][info][gc,phases     ] GC(824)   Other: 0.3ms
[2026-06-18T01:06:43.766+0000][13120.505s][info][gc,heap       ] GC(824) Eden regions: 21->0(250)
[2026-06-18T01:06:43.766+0000][13120.505s][info][gc,heap       ] GC(824) Survivor regions: 4->3(4)
[2026-06-18T01:06:43.766+0000][13120.505s][info][gc,heap       ] GC(824) Old regions: 50->46
[2026-06-18T01:06:43.766+0000][13120.505s][info][gc,heap       ] GC(824) Humongous regions: 147->147
[2026-06-18T01:06:43.766+0000][13120.505s][info][gc,metaspace  ] GC(824) Metaspace: 52786K(55552K)->52786K(55552K) NonClass: 46846K(48384K)->46846K(48384K) Class: 5940K(7168K)->5940K(7168K)
[2026-06-18T01:06:43.766+0000][13120.505s][info][gc            ] GC(824) Pause Young (Mixed) (G1 Evacuation Pause) 220M->195M(512M) 2.357ms
[2026-06-18T01:06:43.767+0000][13120.505s][info][gc,cpu        ] GC(824) User=0.01s Sys=0.00s Real=0.01s
[2026-06-18T01:06:45.057+0000][13121.795s][info][gc,start      ] GC(825) Pause Young (Normal) (G1 Evacuation Pause)
[2026-06-18T01:06:45.057+0000][13121.795s][info][gc,task       ] GC(825) Using 13 workers of 13 for evacuation
[2026-06-18T01:06:45.060+0000][13121.798s][info][gc,phases     ] GC(825)   Pre Evacuate Collection Set: 0.0ms
[2026-06-18T01:06:45.060+0000][13121.798s][info][gc,phases     ] GC(825)   Evacuate Collection Set: 2.2ms
[2026-06-18T01:06:45.060+0000][13121.799s][info][gc,phases     ] GC(825)   Post Evacuate Collection Set: 0.3ms
[2026-06-18T01:06:45.060+0000][13121.799s][info][gc,phases     ] GC(825)   Other: 0.5ms
[2026-06-18T01:06:45.060+0000][13121.799s][info][gc,heap       ] GC(825) Eden regions: 250->0(245)
[2026-06-18T01:06:45.060+0000][13121.799s][info][gc,heap       ] GC(825) Survivor regions: 3->8(32)
[2026-06-18T01:06:45.061+0000][13121.799s][info][gc,heap       ] GC(825) Old regions: 46->46
[2026-06-18T01:06:45.061+0000][13121.799s][info][gc,heap       ] GC(825) Humongous regions: 147->147
[2026-06-18T01:06:45.061+0000][13121.799s][info][gc,metaspace  ] GC(825) Metaspace: 52786K(55552K)->52786K(55552K) NonClass: 46846K(48384K)->46846K(48384K) Class: 5940K(7168K)->5940K(7168K)
[2026-06-18T01:06:45.061+0000][13121.799s][info][gc            ] GC(825) Pause Young (Normal) (G1 Evacuation Pause) 445M->199M(512M) 3.788ms
[2026-06-18T01:06:45.061+0000][13121.799s][info][gc,cpu        ] GC(825) User=0.02s Sys=0.00s Real=0.00s
[2026-06-18T01:07:33.802+0000][13170.540s][info][gc,start      ] GC(826) Pause Young (Normal) (G1 Evacuation Pause)
[2026-06-18T01:07:33.802+0000][13170.540s][info][gc,task       ] GC(826) Using 13 workers of 13 for evacuation
[2026-06-18T01:07:33.805+0000][13170.543s][info][gc,phases     ] GC(826)   Pre Evacuate Collection Set: 0.0ms
[2026-06-18T01:07:33.805+0000][13170.543s][info][gc,phases     ] GC(826)   Evacuate Collection Set: 2.5ms
[2026-06-18T01:07:33.805+0000][13170.543s][info][gc,phases     ] GC(826)   Post Evacuate Collection Set: 0.3ms
[2026-06-18T01:07:33.805+0000][13170.543s][info][gc,phases     ] GC(826)   Other: 0.4ms
[2026-06-18T01:07:33.806+0000][13170.543s][info][gc,heap       ] GC(826) Eden regions: 245->0(250)
[2026-06-18T01:07:33.806+0000][13170.543s][info][gc,heap       ] GC(826) Survivor regions: 8->4(32)
[2026-06-18T01:07:33.806+0000][13170.543s][info][gc,heap       ] GC(826) Old regions: 46->46
[2026-06-18T01:07:33.806+0000][13170.544s][info][gc,heap       ] GC(826) Humongous regions: 147->147
[2026-06-18T01:07:33.806+0000][13170.544s][info][gc,metaspace  ] GC(826) Metaspace: 52786K(55552K)->52786K(55552K) NonClass: 46846K(48384K)->46846K(48384K) Class: 5940K(7168K)->5940K(7168K)
[2026-06-18T01:07:33.806+0000][13170.544s][info][gc            ] GC(826) Pause Young (Normal) (G1 Evacuation Pause) 444M->196M(512M) 3.747ms
[2026-06-18T01:07:33.806+0000][13170.544s][info][gc,cpu        ] GC(826) User=0.02s Sys=0.01s Real=0.01s
[2026-06-18T01:07:35.287+0000][13172.025s][info][gc,start      ] GC(827) Pause Young (Concurrent Start) (G1 Evacuation Pause)
[2026-06-18T01:07:35.287+0000][13172.025s][info][gc,task       ] GC(827) Using 13 workers of 13 for evacuation
[2026-06-18T01:07:35.290+0000][13172.027s][info][gc,phases     ] GC(827)   Pre Evacuate Collection Set: 0.3ms
[2026-06-18T01:07:35.290+0000][13172.028s][info][gc,phases     ] GC(827)   Evacuate Collection Set: 1.8ms
[2026-06-18T01:07:35.290+0000][13172.028s][info][gc,phases     ] GC(827)   Post Evacuate Collection Set: 0.3ms
[2026-06-18T01:07:35.290+0000][13172.028s][info][gc,phases     ] GC(827)   Other: 0.3ms
[2026-06-18T01:07:35.290+0000][13172.028s][info][gc,heap       ] GC(827) Eden regions: 250->0(245)
[2026-06-18T01:07:35.290+0000][13172.028s][info][gc,heap       ] GC(827) Survivor regions: 4->9(32)
[2026-06-18T01:07:35.290+0000][13172.028s][info][gc,heap       ] GC(827) Old regions: 46->46
[2026-06-18T01:07:35.290+0000][13172.028s][info][gc,heap       ] GC(827) Humongous regions: 147->147
[2026-06-18T01:07:35.290+0000][13172.028s][info][gc,metaspace  ] GC(827) Metaspace: 52786K(55552K)->52786K(55552K) NonClass: 46846K(48384K)->46846K(48384K) Class: 5940K(7168K)->5940K(7168K)
[2026-06-18T01:07:35.290+0000][13172.028s][info][gc            ] GC(827) Pause Young (Concurrent Start) (G1 Evacuation Pause) 446M->200M(512M) 2.947ms
[2026-06-18T01:07:35.290+0000][13172.028s][info][gc,cpu        ] GC(827) User=0.02s Sys=0.00s Real=0.00s
[2026-06-18T01:07:35.290+0000][13172.028s][info][gc            ] GC(828) Concurrent Cycle
[2026-06-18T01:07:35.290+0000][13172.028s][info][gc,marking    ] GC(828) Concurrent Clear Claimed Marks
[2026-06-18T01:07:35.290+0000][13172.028s][info][gc,marking    ] GC(828) Concurrent Clear Claimed Marks 0.222ms
[2026-06-18T01:07:35.290+0000][13172.028s][info][gc,marking    ] GC(828) Concurrent Scan Root Regions
[2026-06-18T01:07:35.292+0000][13172.029s][info][gc,marking    ] GC(828) Concurrent Scan Root Regions 1.328ms
[2026-06-18T01:07:35.292+0000][13172.030s][info][gc,marking    ] GC(828) Concurrent Mark (13172.030s)
[2026-06-18T01:07:35.292+0000][13172.030s][info][gc,marking    ] GC(828) Concurrent Mark From Roots
[2026-06-18T01:07:35.292+0000][13172.030s][info][gc,task       ] GC(828) Using 3 workers of 3 for marking
[2026-06-18T01:07:35.297+0000][13172.035s][info][gc,marking    ] GC(828) Concurrent Mark From Roots 5.254ms
[2026-06-18T01:07:35.297+0000][13172.035s][info][gc,marking    ] GC(828) Concurrent Preclean
[2026-06-18T01:07:35.297+0000][13172.035s][info][gc,marking    ] GC(828) Concurrent Preclean 0.254ms
[2026-06-18T01:07:35.297+0000][13172.035s][info][gc,marking    ] GC(828) Concurrent Mark (13172.030s, 13172.035s) 5.802ms
[2026-06-18T01:07:35.298+0000][13172.036s][info][gc,start      ] GC(828) Pause Remark
[2026-06-18T01:07:35.301+0000][13172.039s][info][gc,stringtable] GC(828) Cleaned string and symbol table, strings: 17402 processed, 0 removed, symbols: 125114 processed, 0 removed
[2026-06-18T01:07:35.301+0000][13172.039s][info][gc            ] GC(828) Pause Remark 204M->204M(512M) 3.658ms
[2026-06-18T01:07:35.302+0000][13172.039s][info][gc,cpu        ] GC(828) User=0.02s Sys=0.00s Real=0.00s
[2026-06-18T01:07:35.302+0000][13172.040s][info][gc,marking    ] GC(828) Concurrent Rebuild Remembered Sets
[2026-06-18T01:07:35.306+0000][13172.044s][info][gc,marking    ] GC(828) Concurrent Rebuild Remembered Sets 3.989ms
[2026-06-18T01:07:35.306+0000][13172.044s][info][gc,start      ] GC(828) Pause Cleanup
[2026-06-18T01:07:35.306+0000][13172.044s][info][gc            ] GC(828) Pause Cleanup 205M->205M(512M) 0.287ms
[2026-06-18T01:07:35.306+0000][13172.044s][info][gc,cpu        ] GC(828) User=0.00s Sys=0.00s Real=0.00s
[2026-06-18T01:07:35.307+0000][13172.044s][info][gc,marking    ] GC(828) Concurrent Cleanup for Next Mark
[2026-06-18T01:07:35.307+0000][13172.045s][info][gc,marking    ] GC(828) Concurrent Cleanup for Next Mark 0.159ms
[2026-06-18T01:07:35.307+0000][13172.045s][info][gc            ] GC(828) Concurrent Cycle 16.882ms
[2026-06-18T01:07:36.670+0000][13173.408s][info][gc,start      ] GC(829) Pause Young (Prepare Mixed) (G1 Evacuation Pause)
[2026-06-18T01:07:36.670+0000][13173.408s][info][gc,task       ] GC(829) Using 13 workers of 13 for evacuation
[2026-06-18T01:07:36.674+0000][13173.412s][info][gc,phases     ] GC(829)   Pre Evacuate Collection Set: 0.0ms
[2026-06-18T01:07:36.675+0000][13173.412s][info][gc,phases     ] GC(829)   Evacuate Collection Set: 3.7ms
[2026-06-18T01:07:36.675+0000][13173.413s][info][gc,phases     ] GC(829)   Post Evacuate Collection Set: 0.4ms
[2026-06-18T01:07:36.675+0000][13173.413s][info][gc,phases     ] GC(829)   Other: 0.5ms
[2026-06-18T01:07:36.675+0000][13173.413s][info][gc,heap       ] GC(829) Eden regions: 245->0(20)
[2026-06-18T01:07:36.675+0000][13173.413s][info][gc,heap       ] GC(829) Survivor regions: 9->5(32)
[2026-06-18T01:07:36.675+0000][13173.413s][info][gc,heap       ] GC(829) Old regions: 46->46
[2026-06-18T01:07:36.675+0000][13173.413s][info][gc,heap       ] GC(829) Humongous regions: 147->147
[2026-06-18T01:07:36.675+0000][13173.413s][info][gc,metaspace  ] GC(829) Metaspace: 52786K(55552K)->52786K(55552K) NonClass: 46846K(48384K)->46846K(48384K) Class: 5940K(7168K)->5940K(7168K)
[2026-06-18T01:07:36.675+0000][13173.413s][info][gc            ] GC(829) Pause Young (Prepare Mixed) (G1 Evacuation Pause) 445M->196M(512M) 5.632ms
[2026-06-18T01:07:36.676+0000][13173.413s][info][gc,cpu        ] GC(829) User=0.03s Sys=0.00s Real=0.01s
[2026-06-18T01:07:36.791+0000][13173.529s][info][gc,start      ] GC(830) Pause Young (Mixed) (G1 Evacuation Pause)
[2026-06-18T01:07:36.791+0000][13173.529s][info][gc,task       ] GC(830) Using 13 workers of 13 for evacuation
[2026-06-18T01:07:36.798+0000][13173.536s][info][gc,phases     ] GC(830)   Pre Evacuate Collection Set: 0.0ms
[2026-06-18T01:07:36.798+0000][13173.536s][info][gc,phases     ] GC(830)   Evacuate Collection Set: 6.4ms
[2026-06-18T01:07:36.798+0000][13173.536s][info][gc,phases     ] GC(830)   Post Evacuate Collection Set: 0.6ms
[2026-06-18T01:07:36.798+0000][13173.536s][info][gc,phases     ] GC(830)   Other: 0.3ms
[2026-06-18T01:07:36.799+0000][13173.536s][info][gc,heap       ] GC(830) Eden regions: 20->0(250)
[2026-06-18T01:07:36.799+0000][13173.536s][info][gc,heap       ] GC(830) Survivor regions: 5->3(4)
[2026-06-18T01:07:36.799+0000][13173.536s][info][gc,heap       ] GC(830) Old regions: 46->47
[2026-06-18T01:07:36.799+0000][13173.537s][info][gc,heap       ] GC(830) Humongous regions: 147->147
[2026-06-18T01:07:36.799+0000][13173.537s][info][gc,metaspace  ] GC(830) Metaspace: 52786K(55552K)->52786K(55552K) NonClass: 46846K(48384K)->46846K(48384K) Class: 5940K(7168K)->5940K(7168K)
[2026-06-18T01:07:36.799+0000][13173.537s][info][gc            ] GC(830) Pause Young (Mixed) (G1 Evacuation Pause) 216M->196M(512M) 7.819ms
[2026-06-18T01:07:36.799+0000][13173.537s][info][gc,cpu        ] GC(830) User=0.06s Sys=0.00s Real=0.01s
[2026-06-18T01:08:25.298+0000][13222.036s][info][gc,start      ] GC(831) Pause Young (Normal) (G1 Evacuation Pause)
[2026-06-18T01:08:25.298+0000][13222.036s][info][gc,task       ] GC(831) Using 13 workers of 13 for evacuation
[2026-06-18T01:08:25.303+0000][13222.041s][info][gc,phases     ] GC(831)   Pre Evacuate Collection Set: 0.0ms
[2026-06-18T01:08:25.303+0000][13222.041s][info][gc,phases     ] GC(831)   Evacuate Collection Set: 4.2ms
[2026-06-18T01:08:25.303+0000][13222.041s][info][gc,phases     ] GC(831)   Post Evacuate Collection Set: 0.6ms
[2026-06-18T01:08:25.303+0000][13222.041s][info][gc,phases     ] GC(831)   Other: 0.3ms
[2026-06-18T01:08:25.304+0000][13222.041s][info][gc,heap       ] GC(831) Eden regions: 250->0(246)
[2026-06-18T01:08:25.304+0000][13222.041s][info][gc,heap       ] GC(831) Survivor regions: 3->7(32)
[2026-06-18T01:08:25.304+0000][13222.041s][info][gc,heap       ] GC(831) Old regions: 47->47
[2026-06-18T01:08:25.304+0000][13222.041s][info][gc,heap       ] GC(831) Humongous regions: 147->147
[2026-06-18T01:08:25.304+0000][13222.041s][info][gc,metaspace  ] GC(831) Metaspace: 52787K(55552K)->52787K(55552K) NonClass: 46846K(48384K)->46846K(48384K) Class: 5940K(7168K)->5940K(7168K)
[2026-06-18T01:08:25.304+0000][13222.041s][info][gc            ] GC(831) Pause Young (Normal) (G1 Evacuation Pause) 446M->200M(512M) 5.591ms
[2026-06-18T01:08:25.304+0000][13222.041s][info][gc,cpu        ] GC(831) User=0.05s Sys=0.00s Real=0.00s
[2026-06-18T01:08:27.137+0000][13223.875s][info][gc,start      ] GC(832) Pause Young (Normal) (G1 Evacuation Pause)
[2026-06-18T01:08:27.138+0000][13223.875s][info][gc,task       ] GC(832) Using 13 workers of 13 for evacuation
[2026-06-18T01:08:27.142+0000][13223.880s][info][gc,phases     ] GC(832)   Pre Evacuate Collection Set: 0.0ms
[2026-06-18T01:08:27.143+0000][13223.880s][info][gc,phases     ] GC(832)   Evacuate Collection Set: 4.2ms
[2026-06-18T01:08:27.143+0000][13223.880s][info][gc,phases     ] GC(832)   Post Evacuate Collection Set: 0.4ms
[2026-06-18T01:08:27.143+0000][13223.880s][info][gc,phases     ] GC(832)   Other: 0.5ms
[2026-06-18T01:08:27.143+0000][13223.880s][info][gc,heap       ] GC(832) Eden regions: 246->0(249)
[2026-06-18T01:08:27.143+0000][13223.880s][info][gc,heap       ] GC(832) Survivor regions: 7->4(32)
[2026-06-18T01:08:27.143+0000][13223.880s][info][gc,heap       ] GC(832) Old regions: 47->47
[2026-06-18T01:08:27.143+0000][13223.881s][info][gc,heap       ] GC(832) Humongous regions: 147->147
[2026-06-18T01:08:27.143+0000][13223.881s][info][gc,metaspace  ] GC(832) Metaspace: 52787K(55552K)->52787K(55552K) NonClass: 46846K(48384K)->46846K(48384K) Class: 5940K(7168K)->5940K(7168K)
[2026-06-18T01:08:27.143+0000][13223.881s][info][gc            ] GC(832) Pause Young (Normal) (G1 Evacuation Pause) 446M->197M(512M) 5.831ms
[2026-06-18T01:08:27.143+0000][13223.881s][info][gc,cpu        ] GC(832) User=0.03s Sys=0.00s Real=0.00s
[2026-06-18T01:08:28.545+0000][13225.283s][info][gc,start      ] GC(833) Pause Young (Concurrent Start) (G1 Evacuation Pause)
[2026-06-18T01:08:28.545+0000][13225.283s][info][gc,task       ] GC(833) Using 13 workers of 13 for evacuation
[2026-06-18T01:08:28.548+0000][13225.286s][info][gc,phases     ] GC(833)   Pre Evacuate Collection Set: 0.3ms
[2026-06-18T01:08:28.548+0000][13225.286s][info][gc,phases     ] GC(833)   Evacuate Collection Set: 2.1ms
[2026-06-18T01:08:28.548+0000][13225.286s][info][gc,phases     ] GC(833)   Post Evacuate Collection Set: 0.4ms
[2026-06-18T01:08:28.548+0000][13225.286s][info][gc,phases     ] GC(833)   Other: 0.4ms
[2026-06-18T01:08:28.548+0000][13225.286s][info][gc,heap       ] GC(833) Eden regions: 249->0(246)
[2026-06-18T01:08:28.548+0000][13225.286s][info][gc,heap       ] GC(833) Survivor regions: 4->8(32)
[2026-06-18T01:08:28.548+0000][13225.286s][info][gc,heap       ] GC(833) Old regions: 47->47
[2026-06-18T01:08:28.548+0000][13225.286s][info][gc,heap       ] GC(833) Humongous regions: 147->147
[2026-06-18T01:08:28.548+0000][13225.286s][info][gc,metaspace  ] GC(833) Metaspace: 52787K(55552K)->52787K(55552K) NonClass: 46846K(48384K)->46846K(48384K) Class: 5940K(7168K)->5940K(7168K)
[2026-06-18T01:08:28.548+0000][13225.286s][info][gc            ] GC(833) Pause Young (Concurrent Start) (G1 Evacuation Pause) 446M->201M(512M) 3.485ms
[2026-06-18T01:08:28.549+0000][13225.286s][info][gc,cpu        ] GC(833) User=0.02s Sys=0.00s Real=0.01s
[2026-06-18T01:08:28.549+0000][13225.286s][info][gc            ] GC(834) Concurrent Cycle
[2026-06-18T01:08:28.549+0000][13225.286s][info][gc,marking    ] GC(834) Concurrent Clear Claimed Marks
[2026-06-18T01:08:28.549+0000][13225.286s][info][gc,marking    ] GC(834) Concurrent Clear Claimed Marks 0.179ms
[2026-06-18T01:08:28.549+0000][13225.286s][info][gc,marking    ] GC(834) Concurrent Scan Root Regions
[2026-06-18T01:08:28.550+0000][13225.288s][info][gc,marking    ] GC(834) Concurrent Scan Root Regions 1.542ms
[2026-06-18T01:08:28.551+0000][13225.288s][info][gc,marking    ] GC(834) Concurrent Mark (13225.288s)
[2026-06-18T01:08:28.551+0000][13225.288s][info][gc,marking    ] GC(834) Concurrent Mark From Roots
[2026-06-18T01:08:28.551+0000][13225.288s][info][gc,task       ] GC(834) Using 3 workers of 3 for marking
[2026-06-18T01:08:28.556+0000][13225.294s][info][gc,marking    ] GC(834) Concurrent Mark From Roots 5.747ms
[2026-06-18T01:08:28.556+0000][13225.294s][info][gc,marking    ] GC(834) Concurrent Preclean
[2026-06-18T01:08:28.557+0000][13225.294s][info][gc,marking    ] GC(834) Concurrent Preclean 0.195ms
[2026-06-18T01:08:28.557+0000][13225.294s][info][gc,marking    ] GC(834) Concurrent Mark (13225.288s, 13225.294s) 6.184ms
[2026-06-18T01:08:28.557+0000][13225.294s][info][gc,start      ] GC(834) Pause Remark
[2026-06-18T01:08:28.560+0000][13225.297s][info][gc,stringtable] GC(834) Cleaned string and symbol table, strings: 17402 processed, 0 removed, symbols: 125114 processed, 0 removed
[2026-06-18T01:08:28.560+0000][13225.297s][info][gc            ] GC(834) Pause Remark 205M->205M(512M) 2.856ms
[2026-06-18T01:08:28.560+0000][13225.297s][info][gc,cpu        ] GC(834) User=0.03s Sys=0.00s Real=0.00s
[2026-06-18T01:08:28.560+0000][13225.297s][info][gc,marking    ] GC(834) Concurrent Rebuild Remembered Sets
[2026-06-18T01:08:28.564+0000][13225.302s][info][gc,marking    ] GC(834) Concurrent Rebuild Remembered Sets 4.565ms
[2026-06-18T01:08:28.565+0000][13225.302s][info][gc,start      ] GC(834) Pause Cleanup
[2026-06-18T01:08:28.565+0000][13225.303s][info][gc            ] GC(834) Pause Cleanup 206M->206M(512M) 0.232ms
[2026-06-18T01:08:28.565+0000][13225.303s][info][gc,cpu        ] GC(834) User=0.00s Sys=0.00s Real=0.00s
[2026-06-18T01:08:28.565+0000][13225.303s][info][gc,marking    ] GC(834) Concurrent Cleanup for Next Mark
[2026-06-18T01:08:28.565+0000][13225.303s][info][gc,marking    ] GC(834) Concurrent Cleanup for Next Mark 0.157ms
[2026-06-18T01:08:28.565+0000][13225.303s][info][gc            ] GC(834) Concurrent Cycle 16.843ms
[2026-06-18T01:08:29.743+0000][13226.481s][info][gc,start      ] GC(835) Pause Young (Prepare Mixed) (G1 Evacuation Pause)
[2026-06-18T01:08:29.743+0000][13226.481s][info][gc,task       ] GC(835) Using 13 workers of 13 for evacuation
[2026-06-18T01:08:29.747+0000][13226.484s][info][gc,phases     ] GC(835)   Pre Evacuate Collection Set: 0.0ms
[2026-06-18T01:08:29.747+0000][13226.484s][info][gc,phases     ] GC(835)   Evacuate Collection Set: 3.0ms
[2026-06-18T01:08:29.747+0000][13226.485s][info][gc,phases     ] GC(835)   Post Evacuate Collection Set: 0.4ms
[2026-06-18T01:08:29.747+0000][13226.485s][info][gc,phases     ] GC(835)   Other: 0.3ms
[2026-06-18T01:08:29.747+0000][13226.485s][info][gc,heap       ] GC(835) Eden regions: 246->0(19)
[2026-06-18T01:08:29.747+0000][13226.485s][info][gc,heap       ] GC(835) Survivor regions: 8->6(32)
[2026-06-18T01:08:29.747+0000][13226.485s][info][gc,heap       ] GC(835) Old regions: 47->47
[2026-06-18T01:08:29.747+0000][13226.485s][info][gc,heap       ] GC(835) Humongous regions: 147->147
[2026-06-18T01:08:29.747+0000][13226.485s][info][gc,metaspace  ] GC(835) Metaspace: 52787K(55552K)->52787K(55552K) NonClass: 46846K(48384K)->46846K(48384K) Class: 5940K(7168K)->5940K(7168K)
[2026-06-18T01:08:29.747+0000][13226.485s][info][gc            ] GC(835) Pause Young (Prepare Mixed) (G1 Evacuation Pause) 447M->198M(512M) 4.366ms
[2026-06-18T01:08:29.747+0000][13226.485s][info][gc,cpu        ] GC(835) User=0.02s Sys=0.00s Real=0.01s
[2026-06-18T01:08:37.867+0000][13234.605s][info][gc,start      ] GC(836) Pause Young (Mixed) (G1 Evacuation Pause)
[2026-06-18T01:08:37.868+0000][13234.605s][info][gc,task       ] GC(836) Using 13 workers of 13 for evacuation
[2026-06-18T01:08:37.871+0000][13234.608s][info][gc,phases     ] GC(836)   Pre Evacuate Collection Set: 0.0ms
[2026-06-18T01:08:37.871+0000][13234.608s][info][gc,phases     ] GC(836)   Evacuate Collection Set: 2.7ms
[2026-06-18T01:08:37.871+0000][13234.608s][info][gc,phases     ] GC(836)   Post Evacuate Collection Set: 0.2ms
[2026-06-18T01:08:37.871+0000][13234.608s][info][gc,phases     ] GC(836)   Other: 0.2ms
[2026-06-18T01:08:37.871+0000][13234.609s][info][gc,heap       ] GC(836) Eden regions: 19->0(249)
[2026-06-18T01:08:37.871+0000][13234.609s][info][gc,heap       ] GC(836) Survivor regions: 6->4(4)
[2026-06-18T01:08:37.871+0000][13234.609s][info][gc,heap       ] GC(836) Old regions: 47->48
[2026-06-18T01:08:37.871+0000][13234.609s][info][gc,heap       ] GC(836) Humongous regions: 147->147
[2026-06-18T01:08:37.871+0000][13234.609s][info][gc,metaspace  ] GC(836) Metaspace: 52787K(55552K)->52787K(55552K) NonClass: 46846K(48384K)->46846K(48384K) Class: 5940K(7168K)->5940K(7168K)
[2026-06-18T01:08:37.871+0000][13234.609s][info][gc            ] GC(836) Pause Young (Mixed) (G1 Evacuation Pause) 217M->197M(512M) 3.655ms
[2026-06-18T01:08:37.871+0000][13234.609s][info][gc,cpu        ] GC(836) User=0.01s Sys=0.00s Real=0.00s
[2026-06-18T01:09:18.639+0000][13275.376s][info][gc,start      ] GC(837) Pause Young (Normal) (G1 Evacuation Pause)
[2026-06-18T01:09:18.639+0000][13275.376s][info][gc,task       ] GC(837) Using 13 workers of 13 for evacuation
[2026-06-18T01:09:18.646+0000][13275.383s][info][gc,phases     ] GC(837)   Pre Evacuate Collection Set: 0.0ms
[2026-06-18T01:09:18.646+0000][13275.383s][info][gc,phases     ] GC(837)   Evacuate Collection Set: 6.6ms
[2026-06-18T01:09:18.646+0000][13275.383s][info][gc,phases     ] GC(837)   Post Evacuate Collection Set: 0.4ms
[2026-06-18T01:09:18.646+0000][13275.383s][info][gc,phases     ] GC(837)   Other: 0.3ms
[2026-06-18T01:09:18.646+0000][13275.383s][info][gc,heap       ] GC(837) Eden regions: 249->0(245)
[2026-06-18T01:09:18.646+0000][13275.383s][info][gc,heap       ] GC(837) Survivor regions: 4->7(32)
[2026-06-18T01:09:18.646+0000][13275.383s][info][gc,heap       ] GC(837) Old regions: 48->48
[2026-06-18T01:09:18.646+0000][13275.383s][info][gc,heap       ] GC(837) Humongous regions: 147->147
[2026-06-18T01:09:18.646+0000][13275.383s][info][gc,metaspace  ] GC(837) Metaspace: 52787K(55552K)->52787K(55552K) NonClass: 46846K(48384K)->46846K(48384K) Class: 5940K(7168K)->5940K(7168K)
[2026-06-18T01:09:18.646+0000][13275.383s][info][gc            ] GC(837) Pause Young (Normal) (G1 Evacuation Pause) 446M->201M(512M) 7.727ms
[2026-06-18T01:09:18.646+0000][13275.384s][info][gc,cpu        ] GC(837) User=0.07s Sys=0.00s Real=0.01s
[2026-06-18T01:09:19.962+0000][13276.699s][info][gc,start      ] GC(838) Pause Young (Normal) (G1 Evacuation Pause)
[2026-06-18T01:09:19.962+0000][13276.699s][info][gc,task       ] GC(838) Using 13 workers of 13 for evacuation
[2026-06-18T01:09:19.965+0000][13276.702s][info][gc,phases     ] GC(838)   Pre Evacuate Collection Set: 0.0ms
[2026-06-18T01:09:19.965+0000][13276.702s][info][gc,phases     ] GC(838)   Evacuate Collection Set: 2.2ms
[2026-06-18T01:09:19.965+0000][13276.702s][info][gc,phases     ] GC(838)   Post Evacuate Collection Set: 0.4ms
[2026-06-18T01:09:19.965+0000][13276.702s][info][gc,phases     ] GC(838)   Other: 0.4ms
[2026-06-18T01:09:19.965+0000][13276.702s][info][gc,heap       ] GC(838) Eden regions: 245->0(248)
[2026-06-18T01:09:19.965+0000][13276.703s][info][gc,heap       ] GC(838) Survivor regions: 7->4(32)
[2026-06-18T01:09:19.965+0000][13276.703s][info][gc,heap       ] GC(838) Old regions: 48->48
[2026-06-18T01:09:19.966+0000][13276.703s][info][gc,heap       ] GC(838) Humongous regions: 147->147
[2026-06-18T01:09:19.966+0000][13276.703s][info][gc,metaspace  ] GC(838) Metaspace: 52787K(55552K)->52787K(55552K) NonClass: 46846K(48384K)->46846K(48384K) Class: 5940K(7168K)->5940K(7168K)
[2026-06-18T01:09:19.966+0000][13276.703s][info][gc            ] GC(838) Pause Young (Normal) (G1 Evacuation Pause) 446M->198M(512M) 3.721ms
[2026-06-18T01:09:19.966+0000][13276.703s][info][gc,cpu        ] GC(838) User=0.01s Sys=0.00s Real=0.00s
[2026-06-18T01:09:21.198+0000][13277.935s][info][gc,start      ] GC(839) Pause Young (Concurrent Start) (G1 Evacuation Pause)
[2026-06-18T01:09:21.198+0000][13277.936s][info][gc,task       ] GC(839) Using 13 workers of 13 for evacuation
[2026-06-18T01:09:21.203+0000][13277.940s][info][gc,phases     ] GC(839)   Pre Evacuate Collection Set: 0.3ms
[2026-06-18T01:09:21.203+0000][13277.940s][info][gc,phases     ] GC(839)   Evacuate Collection Set: 3.6ms
[2026-06-18T01:09:21.203+0000][13277.940s][info][gc,phases     ] GC(839)   Post Evacuate Collection Set: 0.3ms
[2026-06-18T01:09:21.203+0000][13277.940s][info][gc,phases     ] GC(839)   Other: 0.5ms
[2026-06-18T01:09:21.203+0000][13277.940s][info][gc,heap       ] GC(839) Eden regions: 248->0(244)
[2026-06-18T01:09:21.203+0000][13277.940s][info][gc,heap       ] GC(839) Survivor regions: 4->8(32)
[2026-06-18T01:09:21.203+0000][13277.940s][info][gc,heap       ] GC(839) Old regions: 48->48
[2026-06-18T01:09:21.203+0000][13277.941s][info][gc,heap       ] GC(839) Humongous regions: 147->147
[2026-06-18T01:09:21.203+0000][13277.941s][info][gc,metaspace  ] GC(839) Metaspace: 52787K(55552K)->52787K(55552K) NonClass: 46846K(48384K)->46846K(48384K) Class: 5940K(7168K)->5940K(7168K)
[2026-06-18T01:09:21.203+0000][13277.941s][info][gc            ] GC(839) Pause Young (Concurrent Start) (G1 Evacuation Pause) 446M->202M(512M) 5.399ms
[2026-06-18T01:09:21.204+0000][13277.941s][info][gc,cpu        ] GC(839) User=0.02s Sys=0.00s Real=0.00s
[2026-06-18T01:09:21.204+0000][13277.941s][info][gc            ] GC(840) Concurrent Cycle
[2026-06-18T01:09:21.204+0000][13277.941s][info][gc,marking    ] GC(840) Concurrent Clear Claimed Marks
[2026-06-18T01:09:21.204+0000][13277.941s][info][gc,marking    ] GC(840) Concurrent Clear Claimed Marks 0.165ms
[2026-06-18T01:09:21.204+0000][13277.941s][info][gc,marking    ] GC(840) Concurrent Scan Root Regions
[2026-06-18T01:09:21.206+0000][13277.943s][info][gc,marking    ] GC(840) Concurrent Scan Root Regions 1.742ms
[2026-06-18T01:09:21.206+0000][13277.943s][info][gc,marking    ] GC(840) Concurrent Mark (13277.943s)
[2026-06-18T01:09:21.206+0000][13277.943s][info][gc,marking    ] GC(840) Concurrent Mark From Roots
[2026-06-18T01:09:21.206+0000][13277.943s][info][gc,task       ] GC(840) Using 3 workers of 3 for marking
[2026-06-18T01:09:21.212+0000][13277.949s][info][gc,marking    ] GC(840) Concurrent Mark From Roots 5.597ms
[2026-06-18T01:09:21.212+0000][13277.949s][info][gc,marking    ] GC(840) Concurrent Preclean
[2026-06-18T01:09:21.212+0000][13277.949s][info][gc,marking    ] GC(840) Concurrent Preclean 0.187ms
[2026-06-18T01:09:21.212+0000][13277.949s][info][gc,marking    ] GC(840) Concurrent Mark (13277.943s, 13277.949s) 6.018ms
[2026-06-18T01:09:21.212+0000][13277.949s][info][gc,start      ] GC(840) Pause Remark
[2026-06-18T01:09:21.215+0000][13277.952s][info][gc,stringtable] GC(840) Cleaned string and symbol table, strings: 17402 processed, 0 removed, symbols: 125114 processed, 0 removed
[2026-06-18T01:09:21.215+0000][13277.952s][info][gc            ] GC(840) Pause Remark 206M->206M(512M) 2.852ms
[2026-06-18T01:09:21.215+0000][13277.952s][info][gc,cpu        ] GC(840) User=0.02s Sys=0.00s Real=0.00s
[2026-06-18T01:09:21.215+0000][13277.952s][info][gc,marking    ] GC(840) Concurrent Rebuild Remembered Sets
[2026-06-18T01:09:21.220+0000][13277.957s][info][gc,marking    ] GC(840) Concurrent Rebuild Remembered Sets 4.727ms
[2026-06-18T01:09:21.220+0000][13277.958s][info][gc,start      ] GC(840) Pause Cleanup
[2026-06-18T01:09:21.221+0000][13277.958s][info][gc            ] GC(840) Pause Cleanup 207M->207M(512M) 0.247ms
[2026-06-18T01:09:21.221+0000][13277.958s][info][gc,cpu        ] GC(840) User=0.00s Sys=0.00s Real=0.00s
[2026-06-18T01:09:21.221+0000][13277.958s][info][gc,marking    ] GC(840) Concurrent Cleanup for Next Mark
[2026-06-18T01:09:21.221+0000][13277.958s][info][gc,marking    ] GC(840) Concurrent Cleanup for Next Mark 0.156ms
[2026-06-18T01:09:21.221+0000][13277.958s][info][gc            ] GC(840) Concurrent Cycle 17.330ms
[2026-06-18T01:10:09.663+0000][13326.399s][info][gc,start      ] GC(841) Pause Young (Prepare Mixed) (G1 Evacuation Pause)
[2026-06-18T01:10:09.663+0000][13326.400s][info][gc,task       ] GC(841) Using 13 workers of 13 for evacuation
[2026-06-18T01:10:09.666+0000][13326.403s][info][gc,phases     ] GC(841)   Pre Evacuate Collection Set: 0.0ms
[2026-06-18T01:10:09.666+0000][13326.403s][info][gc,phases     ] GC(841)   Evacuate Collection Set: 2.5ms
[2026-06-18T01:10:09.666+0000][13326.403s][info][gc,phases     ] GC(841)   Post Evacuate Collection Set: 0.4ms
[2026-06-18T01:10:09.666+0000][13326.403s][info][gc,phases     ] GC(841)   Other: 0.4ms
[2026-06-18T01:10:09.666+0000][13326.403s][info][gc,heap       ] GC(841) Eden regions: 244->0(19)
[2026-06-18T01:10:09.666+0000][13326.403s][info][gc,heap       ] GC(841) Survivor regions: 8->6(32)
[2026-06-18T01:10:09.666+0000][13326.403s][info][gc,heap       ] GC(841) Old regions: 48->48
[2026-06-18T01:10:09.666+0000][13326.403s][info][gc,heap       ] GC(841) Humongous regions: 147->147
[2026-06-18T01:10:09.666+0000][13326.403s][info][gc,metaspace  ] GC(841) Metaspace: 52832K(55552K)->52832K(55552K) NonClass: 46891K(48384K)->46891K(48384K) Class: 5940K(7168K)->5940K(7168K)
[2026-06-18T01:10:09.666+0000][13326.403s][info][gc            ] GC(841) Pause Young (Prepare Mixed) (G1 Evacuation Pause) 446M->199M(512M) 3.685ms
[2026-06-18T01:10:09.666+0000][13326.403s][info][gc,cpu        ] GC(841) User=0.03s Sys=0.00s Real=0.01s
[2026-06-18T01:10:09.793+0000][13326.530s][info][gc,start      ] GC(842) Pause Young (Mixed) (G1 Evacuation Pause)
[2026-06-18T01:10:09.794+0000][13326.530s][info][gc,task       ] GC(842) Using 13 workers of 13 for evacuation
[2026-06-18T01:10:09.802+0000][13326.539s][info][gc,phases     ] GC(842)   Pre Evacuate Collection Set: 0.0ms
[2026-06-18T01:10:09.802+0000][13326.539s][info][gc,phases     ] GC(842)   Evacuate Collection Set: 8.1ms
[2026-06-18T01:10:09.802+0000][13326.539s][info][gc,phases     ] GC(842)   Post Evacuate Collection Set: 0.3ms
[2026-06-18T01:10:09.802+0000][13326.539s][info][gc,phases     ] GC(842)   Other: 0.3ms
[2026-06-18T01:10:09.802+0000][13326.539s][info][gc,heap       ] GC(842) Eden regions: 19->0(247)
[2026-06-18T01:10:09.802+0000][13326.539s][info][gc,heap       ] GC(842) Survivor regions: 6->2(4)
[2026-06-18T01:10:09.802+0000][13326.539s][info][gc,heap       ] GC(842) Old regions: 48->50
[2026-06-18T01:10:09.803+0000][13326.539s][info][gc,heap       ] GC(842) Humongous regions: 147->147
[2026-06-18T01:10:09.803+0000][13326.539s][info][gc,metaspace  ] GC(842) Metaspace: 52832K(55552K)->52832K(55552K) NonClass: 46891K(48384K)->46891K(48384K) Class: 5940K(7168K)->5940K(7168K)
[2026-06-18T01:10:09.803+0000][13326.539s][info][gc            ] GC(842) Pause Young (Mixed) (G1 Evacuation Pause) 218M->197M(512M) 9.257ms
[2026-06-18T01:10:09.803+0000][13326.539s][info][gc,cpu        ] GC(842) User=0.07s Sys=0.00s Real=0.01s
[2026-06-18T01:10:11.378+0000][13328.115s][info][gc,start      ] GC(843) Pause Young (Normal) (G1 Evacuation Pause)
[2026-06-18T01:10:11.378+0000][13328.115s][info][gc,task       ] GC(843) Using 13 workers of 13 for evacuation
[2026-06-18T01:10:11.381+0000][13328.118s][info][gc,phases     ] GC(843)   Pre Evacuate Collection Set: 0.0ms
[2026-06-18T01:10:11.381+0000][13328.118s][info][gc,phases     ] GC(843)   Evacuate Collection Set: 2.5ms
[2026-06-18T01:10:11.382+0000][13328.118s][info][gc,phases     ] GC(843)   Post Evacuate Collection Set: 0.4ms
[2026-06-18T01:10:11.382+0000][13328.118s][info][gc,phases     ] GC(843)   Other: 0.3ms
[2026-06-18T01:10:11.382+0000][13328.118s][info][gc,heap       ] GC(843) Eden regions: 247->0(242)
[2026-06-18T01:10:11.382+0000][13328.119s][info][gc,heap       ] GC(843) Survivor regions: 2->7(32)
[2026-06-18T01:10:11.382+0000][13328.119s][info][gc,heap       ] GC(843) Old regions: 50->50
[2026-06-18T01:10:11.382+0000][13328.119s][info][gc,heap       ] GC(843) Humongous regions: 147->147
[2026-06-18T01:10:11.382+0000][13328.119s][info][gc,metaspace  ] GC(843) Metaspace: 52832K(55552K)->52832K(55552K) NonClass: 46891K(48384K)->46891K(48384K) Class: 5940K(7168K)->5940K(7168K)
[2026-06-18T01:10:11.382+0000][13328.119s][info][gc            ] GC(843) Pause Young (Normal) (G1 Evacuation Pause) 444M->202M(512M) 3.730ms
[2026-06-18T01:10:11.382+0000][13328.119s][info][gc,cpu        ] GC(843) User=0.03s Sys=0.00s Real=0.00s
[2026-06-18T01:10:12.686+0000][13329.423s][info][gc,start      ] GC(844) Pause Young (Normal) (G1 Evacuation Pause)
[2026-06-18T01:10:12.686+0000][13329.423s][info][gc,task       ] GC(844) Using 13 workers of 13 for evacuation
[2026-06-18T01:10:12.688+0000][13329.425s][info][gc,phases     ] GC(844)   Pre Evacuate Collection Set: 0.0ms
[2026-06-18T01:10:12.688+0000][13329.425s][info][gc,phases     ] GC(844)   Evacuate Collection Set: 1.7ms
[2026-06-18T01:10:12.688+0000][13329.425s][info][gc,phases     ] GC(844)   Post Evacuate Collection Set: 0.3ms
[2026-06-18T01:10:12.688+0000][13329.425s][info][gc,phases     ] GC(844)   Other: 0.3ms
[2026-06-18T01:10:12.688+0000][13329.425s][info][gc,heap       ] GC(844) Eden regions: 242->0(247)
[2026-06-18T01:10:12.688+0000][13329.425s][info][gc,heap       ] GC(844) Survivor regions: 7->3(32)
[2026-06-18T01:10:12.688+0000][13329.425s][info][gc,heap       ] GC(844) Old regions: 50->50
[2026-06-18T01:10:12.688+0000][13329.425s][info][gc,heap       ] GC(844) Humongous regions: 147->147
[2026-06-18T01:10:12.688+0000][13329.425s][info][gc,metaspace  ] GC(844) Metaspace: 52832K(55552K)->52832K(55552K) NonClass: 46891K(48384K)->46891K(48384K) Class: 5940K(7168K)->5940K(7168K)
[2026-06-18T01:10:12.688+0000][13329.425s][info][gc            ] GC(844) Pause Young (Normal) (G1 Evacuation Pause) 444M->199M(512M) 2.695ms
[2026-06-18T01:10:12.688+0000][13329.425s][info][gc,cpu        ] GC(844) User=0.02s Sys=0.00s Real=0.01s
[2026-06-18T01:10:13.920+0000][13330.657s][info][gc,start      ] GC(845) Pause Young (Concurrent Start) (G1 Evacuation Pause)
[2026-06-18T01:10:13.920+0000][13330.657s][info][gc,task       ] GC(845) Using 13 workers of 13 for evacuation
[2026-06-18T01:10:13.923+0000][13330.660s][info][gc,phases     ] GC(845)   Pre Evacuate Collection Set: 0.3ms
[2026-06-18T01:10:13.923+0000][13330.660s][info][gc,phases     ] GC(845)   Evacuate Collection Set: 2.2ms
[2026-06-18T01:10:13.923+0000][13330.660s][info][gc,phases     ] GC(845)   Post Evacuate Collection Set: 0.3ms
[2026-06-18T01:10:13.923+0000][13330.660s][info][gc,phases     ] GC(845)   Other: 0.4ms
[2026-06-18T01:10:13.923+0000][13330.660s][info][gc,heap       ] GC(845) Eden regions: 247->0(242)
[2026-06-18T01:10:13.924+0000][13330.660s][info][gc,heap       ] GC(845) Survivor regions: 3->8(32)
[2026-06-18T01:10:13.924+0000][13330.660s][info][gc,heap       ] GC(845) Old regions: 50->50
[2026-06-18T01:10:13.924+0000][13330.660s][info][gc,heap       ] GC(845) Humongous regions: 147->147
[2026-06-18T01:10:13.924+0000][13330.660s][info][gc,metaspace  ] GC(845) Metaspace: 52832K(55552K)->52832K(55552K) NonClass: 46891K(48384K)->46891K(48384K) Class: 5940K(7168K)->5940K(7168K)
[2026-06-18T01:10:13.924+0000][13330.660s][info][gc            ] GC(845) Pause Young (Concurrent Start) (G1 Evacuation Pause) 446M->203M(512M) 3.427ms
[2026-06-18T01:10:13.924+0000][13330.660s][info][gc,cpu        ] GC(845) User=0.02s Sys=0.00s Real=0.00s
[2026-06-18T01:10:13.924+0000][13330.660s][info][gc            ] GC(846) Concurrent Cycle
[2026-06-18T01:10:13.924+0000][13330.661s][info][gc,marking    ] GC(846) Concurrent Clear Claimed Marks
[2026-06-18T01:10:13.924+0000][13330.661s][info][gc,marking    ] GC(846) Concurrent Clear Claimed Marks 0.214ms
[2026-06-18T01:10:13.924+0000][13330.661s][info][gc,marking    ] GC(846) Concurrent Scan Root Regions
[2026-06-18T01:10:13.925+0000][13330.662s][info][gc,marking    ] GC(846) Concurrent Scan Root Regions 1.298ms
[2026-06-18T01:10:13.925+0000][13330.662s][info][gc,marking    ] GC(846) Concurrent Mark (13330.662s)
[2026-06-18T01:10:13.926+0000][13330.662s][info][gc,marking    ] GC(846) Concurrent Mark From Roots
[2026-06-18T01:10:13.926+0000][13330.662s][info][gc,task       ] GC(846) Using 3 workers of 3 for marking
[2026-06-18T01:10:13.931+0000][13330.668s][info][gc,marking    ] GC(846) Concurrent Mark From Roots 5.572ms
[2026-06-18T01:10:13.931+0000][13330.668s][info][gc,marking    ] GC(846) Concurrent Preclean
[2026-06-18T01:10:13.932+0000][13330.668s][info][gc,marking    ] GC(846) Concurrent Preclean 0.312ms
[2026-06-18T01:10:13.932+0000][13330.668s][info][gc,marking    ] GC(846) Concurrent Mark (13330.662s, 13330.668s) 6.186ms
[2026-06-18T01:10:13.932+0000][13330.669s][info][gc,start      ] GC(846) Pause Remark
[2026-06-18T01:10:13.934+0000][13330.671s][info][gc,stringtable] GC(846) Cleaned string and symbol table, strings: 17404 processed, 0 removed, symbols: 125114 processed, 0 removed
[2026-06-18T01:10:13.935+0000][13330.671s][info][gc            ] GC(846) Pause Remark 208M->208M(512M) 2.672ms
[2026-06-18T01:10:13.935+0000][13330.671s][info][gc,cpu        ] GC(846) User=0.02s Sys=0.00s Real=0.00s
[2026-06-18T01:10:13.935+0000][13330.671s][info][gc,marking    ] GC(846) Concurrent Rebuild Remembered Sets
[2026-06-18T01:10:13.940+0000][13330.676s][info][gc,marking    ] GC(846) Concurrent Rebuild Remembered Sets 4.871ms
[2026-06-18T01:10:13.940+0000][13330.677s][info][gc,start      ] GC(846) Pause Cleanup
[2026-06-18T01:10:13.940+0000][13330.677s][info][gc            ] GC(846) Pause Cleanup 208M->208M(512M) 0.300ms
[2026-06-18T01:10:13.941+0000][13330.678s][info][gc,cpu        ] GC(846) User=0.00s Sys=0.00s Real=0.00s
[2026-06-18T01:10:13.941+0000][13330.678s][info][gc,marking    ] GC(846) Concurrent Cleanup for Next Mark
[2026-06-18T01:10:13.943+0000][13330.679s][info][gc,marking    ] GC(846) Concurrent Cleanup for Next Mark 1.630ms
[2026-06-18T01:10:13.943+0000][13330.679s][info][gc            ] GC(846) Concurrent Cycle 18.950ms
[2026-06-18T01:11:02.535+0000][13379.271s][info][gc,start      ] GC(847) Pause Young (Prepare Mixed) (G1 Evacuation Pause)
[2026-06-18T01:11:02.535+0000][13379.271s][info][gc,task       ] GC(847) Using 13 workers of 13 for evacuation
[2026-06-18T01:11:02.537+0000][13379.273s][info][gc,phases     ] GC(847)   Pre Evacuate Collection Set: 0.0ms
[2026-06-18T01:11:02.537+0000][13379.273s][info][gc,phases     ] GC(847)   Evacuate Collection Set: 1.5ms
[2026-06-18T01:11:02.537+0000][13379.274s][info][gc,phases     ] GC(847)   Post Evacuate Collection Set: 0.5ms
[2026-06-18T01:11:02.538+0000][13379.274s][info][gc,phases     ] GC(847)   Other: 0.4ms
[2026-06-18T01:11:02.538+0000][13379.274s][info][gc,heap       ] GC(847) Eden regions: 242->0(21)
[2026-06-18T01:11:02.538+0000][13379.274s][info][gc,heap       ] GC(847) Survivor regions: 8->4(32)
[2026-06-18T01:11:02.538+0000][13379.274s][info][gc,heap       ] GC(847) Old regions: 50->50
[2026-06-18T01:11:02.538+0000][13379.274s][info][gc,heap       ] GC(847) Humongous regions: 147->147
[2026-06-18T01:11:02.538+0000][13379.274s][info][gc,metaspace  ] GC(847) Metaspace: 52832K(55552K)->52832K(55552K) NonClass: 46891K(48384K)->46891K(48384K) Class: 5940K(7168K)->5940K(7168K)
[2026-06-18T01:11:02.538+0000][13379.274s][info][gc            ] GC(847) Pause Young (Prepare Mixed) (G1 Evacuation Pause) 445M->200M(512M) 2.842ms
[2026-06-18T01:11:02.538+0000][13379.274s][info][gc,cpu        ] GC(847) User=0.02s Sys=0.00s Real=0.01s
[2026-06-18T01:11:02.670+0000][13379.406s][info][gc,start      ] GC(848) Pause Young (Mixed) (G1 Evacuation Pause)
[2026-06-18T01:11:02.670+0000][13379.406s][info][gc,task       ] GC(848) Using 13 workers of 13 for evacuation
[2026-06-18T01:11:02.673+0000][13379.409s][info][gc,phases     ] GC(848)   Pre Evacuate Collection Set: 0.0ms
[2026-06-18T01:11:02.673+0000][13379.409s][info][gc,phases     ] GC(848)   Evacuate Collection Set: 2.1ms
[2026-06-18T01:11:02.673+0000][13379.409s][info][gc,phases     ] GC(848)   Post Evacuate Collection Set: 0.3ms
[2026-06-18T01:11:02.673+0000][13379.409s][info][gc,phases     ] GC(848)   Other: 0.3ms
[2026-06-18T01:11:02.673+0000][13379.409s][info][gc,heap       ] GC(848) Eden regions: 21->0(249)
[2026-06-18T01:11:02.673+0000][13379.409s][info][gc,heap       ] GC(848) Survivor regions: 4->3(4)
[2026-06-18T01:11:02.673+0000][13379.409s][info][gc,heap       ] GC(848) Old regions: 50->47
[2026-06-18T01:11:02.673+0000][13379.409s][info][gc,heap       ] GC(848) Humongous regions: 147->147
[2026-06-18T01:11:02.673+0000][13379.409s][info][gc,metaspace  ] GC(848) Metaspace: 52832K(55552K)->52832K(55552K) NonClass: 46891K(48384K)->46891K(48384K) Class: 5940K(7168K)->5940K(7168K)
[2026-06-18T01:11:02.673+0000][13379.409s][info][gc            ] GC(848) Pause Young (Mixed) (G1 Evacuation Pause) 221M->195M(512M) 3.172ms
[2026-06-18T01:11:02.673+0000][13379.409s][info][gc,cpu        ] GC(848) User=0.02s Sys=0.00s Real=0.00s
[2026-06-18T01:11:04.015+0000][13380.751s][info][gc,start      ] GC(849) Pause Young (Normal) (G1 Evacuation Pause)
[2026-06-18T01:11:04.015+0000][13380.751s][info][gc,task       ] GC(849) Using 13 workers of 13 for evacuation
[2026-06-18T01:11:04.018+0000][13380.754s][info][gc,phases     ] GC(849)   Pre Evacuate Collection Set: 0.0ms
[2026-06-18T01:11:04.018+0000][13380.754s][info][gc,phases     ] GC(849)   Evacuate Collection Set: 2.6ms
[2026-06-18T01:11:04.018+0000][13380.754s][info][gc,phases     ] GC(849)   Post Evacuate Collection Set: 0.3ms
[2026-06-18T01:11:04.018+0000][13380.754s][info][gc,phases     ] GC(849)   Other: 0.3ms
[2026-06-18T01:11:04.018+0000][13380.754s][info][gc,heap       ] GC(849) Eden regions: 249->0(245)
[2026-06-18T01:11:04.018+0000][13380.754s][info][gc,heap       ] GC(849) Survivor regions: 3->7(32)
[2026-06-18T01:11:04.018+0000][13380.754s][info][gc,heap       ] GC(849) Old regions: 47->47
[2026-06-18T01:11:04.018+0000][13380.754s][info][gc,heap       ] GC(849) Humongous regions: 147->147
[2026-06-18T01:11:04.018+0000][13380.754s][info][gc,metaspace  ] GC(849) Metaspace: 52832K(55552K)->52832K(55552K) NonClass: 46891K(48384K)->46891K(48384K) Class: 5940K(7168K)->5940K(7168K)
[2026-06-18T01:11:04.018+0000][13380.754s][info][gc            ] GC(849) Pause Young (Normal) (G1 Evacuation Pause) 444M->199M(512M) 3.593ms
[2026-06-18T01:11:04.018+0000][13380.755s][info][gc,cpu        ] GC(849) User=0.03s Sys=0.00s Real=0.01s
[2026-06-18T01:11:05.216+0000][13381.952s][info][gc,start      ] GC(850) Pause Young (Normal) (G1 Evacuation Pause)
[2026-06-18T01:11:05.216+0000][13381.952s][info][gc,task       ] GC(850) Using 13 workers of 13 for evacuation
[2026-06-18T01:11:05.218+0000][13381.954s][info][gc,phases     ] GC(850)   Pre Evacuate Collection Set: 0.0ms
[2026-06-18T01:11:05.218+0000][13381.954s][info][gc,phases     ] GC(850)   Evacuate Collection Set: 1.3ms
[2026-06-18T01:11:05.218+0000][13381.954s][info][gc,phases     ] GC(850)   Post Evacuate Collection Set: 0.3ms
[2026-06-18T01:11:05.218+0000][13381.954s][info][gc,phases     ] GC(850)   Other: 0.3ms
[2026-06-18T01:11:05.218+0000][13381.954s][info][gc,heap       ] GC(850) Eden regions: 245->0(247)
[2026-06-18T01:11:05.218+0000][13381.954s][info][gc,heap       ] GC(850) Survivor regions: 7->5(32)
[2026-06-18T01:11:05.218+0000][13381.954s][info][gc,heap       ] GC(850) Old regions: 47->47
[2026-06-18T01:11:05.218+0000][13381.954s][info][gc,heap       ] GC(850) Humongous regions: 147->147
[2026-06-18T01:11:05.218+0000][13381.954s][info][gc,metaspace  ] GC(850) Metaspace: 52832K(55552K)->52832K(55552K) NonClass: 46891K(48384K)->46891K(48384K) Class: 5940K(7168K)->5940K(7168K)
[2026-06-18T01:11:05.218+0000][13381.954s][info][gc            ] GC(850) Pause Young (Normal) (G1 Evacuation Pause) 444M->197M(512M) 2.394ms
[2026-06-18T01:11:05.218+0000][13381.954s][info][gc,cpu        ] GC(850) User=0.02s Sys=0.00s Real=0.01s
[2026-06-18T01:11:53.728+0000][13430.464s][info][gc,start      ] GC(851) Pause Young (Concurrent Start) (G1 Evacuation Pause)
[2026-06-18T01:11:53.729+0000][13430.464s][info][gc,task       ] GC(851) Using 13 workers of 13 for evacuation
[2026-06-18T01:11:53.733+0000][13430.468s][info][gc,phases     ] GC(851)   Pre Evacuate Collection Set: 0.3ms
[2026-06-18T01:11:53.733+0000][13430.469s][info][gc,phases     ] GC(851)   Evacuate Collection Set: 3.1ms
[2026-06-18T01:11:53.733+0000][13430.469s][info][gc,phases     ] GC(851)   Post Evacuate Collection Set: 0.4ms
[2026-06-18T01:11:53.733+0000][13430.469s][info][gc,phases     ] GC(851)   Other: 0.3ms
[2026-06-18T01:11:53.733+0000][13430.469s][info][gc,heap       ] GC(851) Eden regions: 247->0(244)
[2026-06-18T01:11:53.733+0000][13430.469s][info][gc,heap       ] GC(851) Survivor regions: 5->8(32)
[2026-06-18T01:11:53.733+0000][13430.469s][info][gc,heap       ] GC(851) Old regions: 47->47
[2026-06-18T01:11:53.733+0000][13430.469s][info][gc,heap       ] GC(851) Humongous regions: 147->147
[2026-06-18T01:11:53.733+0000][13430.469s][info][gc,metaspace  ] GC(851) Metaspace: 52832K(55552K)->52832K(55552K) NonClass: 46891K(48384K)->46891K(48384K) Class: 5940K(7168K)->5940K(7168K)
[2026-06-18T01:11:53.733+0000][13430.469s][info][gc            ] GC(851) Pause Young (Concurrent Start) (G1 Evacuation Pause) 444M->200M(512M) 4.651ms
[2026-06-18T01:11:53.733+0000][13430.469s][info][gc,cpu        ] GC(851) User=0.03s Sys=0.00s Real=0.00s
[2026-06-18T01:11:53.733+0000][13430.469s][info][gc            ] GC(852) Concurrent Cycle
[2026-06-18T01:11:53.733+0000][13430.469s][info][gc,marking    ] GC(852) Concurrent Clear Claimed Marks
[2026-06-18T01:11:53.734+0000][13430.469s][info][gc,marking    ] GC(852) Concurrent Clear Claimed Marks 0.231ms
[2026-06-18T01:11:53.734+0000][13430.470s][info][gc,marking    ] GC(852) Concurrent Scan Root Regions
[2026-06-18T01:11:53.735+0000][13430.471s][info][gc,marking    ] GC(852) Concurrent Scan Root Regions 1.422ms
[2026-06-18T01:11:53.735+0000][13430.471s][info][gc,marking    ] GC(852) Concurrent Mark (13430.471s)
[2026-06-18T01:11:53.735+0000][13430.471s][info][gc,marking    ] GC(852) Concurrent Mark From Roots
[2026-06-18T01:11:53.735+0000][13430.471s][info][gc,task       ] GC(852) Using 3 workers of 3 for marking
[2026-06-18T01:11:53.741+0000][13430.476s][info][gc,marking    ] GC(852) Concurrent Mark From Roots 5.254ms
[2026-06-18T01:11:53.741+0000][13430.476s][info][gc,marking    ] GC(852) Concurrent Preclean
[2026-06-18T01:11:53.741+0000][13430.477s][info][gc,marking    ] GC(852) Concurrent Preclean 0.170ms
[2026-06-18T01:11:53.741+0000][13430.477s][info][gc,marking    ] GC(852) Concurrent Mark (13430.471s, 13430.477s) 5.701ms
[2026-06-18T01:11:53.741+0000][13430.477s][info][gc,start      ] GC(852) Pause Remark
[2026-06-18T01:11:53.744+0000][13430.479s][info][gc,stringtable] GC(852) Cleaned string and symbol table, strings: 17404 processed, 0 removed, symbols: 125114 processed, 0 removed
[2026-06-18T01:11:53.744+0000][13430.480s][info][gc            ] GC(852) Pause Remark 204M->204M(512M) 2.656ms
[2026-06-18T01:11:53.744+0000][13430.480s][info][gc,cpu        ] GC(852) User=0.03s Sys=0.00s Real=0.00s
[2026-06-18T01:11:53.744+0000][13430.480s][info][gc,marking    ] GC(852) Concurrent Rebuild Remembered Sets
[2026-06-18T01:11:53.748+0000][13430.484s][info][gc,marking    ] GC(852) Concurrent Rebuild Remembered Sets 4.194ms
[2026-06-18T01:11:53.748+0000][13430.484s][info][gc,start      ] GC(852) Pause Cleanup
[2026-06-18T01:11:53.749+0000][13430.484s][info][gc            ] GC(852) Pause Cleanup 205M->205M(512M) 0.143ms
[2026-06-18T01:11:53.749+0000][13430.484s][info][gc,cpu        ] GC(852) User=0.00s Sys=0.00s Real=0.00s
[2026-06-18T01:11:53.749+0000][13430.485s][info][gc,marking    ] GC(852) Concurrent Cleanup for Next Mark
[2026-06-18T01:11:53.749+0000][13430.485s][info][gc,marking    ] GC(852) Concurrent Cleanup for Next Mark 0.164ms
[2026-06-18T01:11:53.749+0000][13430.485s][info][gc            ] GC(852) Concurrent Cycle 15.691ms
[2026-06-18T01:11:55.180+0000][13431.916s][info][gc,start      ] GC(853) Pause Young (Prepare Mixed) (G1 Evacuation Pause)
[2026-06-18T01:11:55.181+0000][13431.916s][info][gc,task       ] GC(853) Using 13 workers of 13 for evacuation
[2026-06-18T01:11:55.186+0000][13431.922s][info][gc,phases     ] GC(853)   Pre Evacuate Collection Set: 0.0ms
[2026-06-18T01:11:55.186+0000][13431.922s][info][gc,phases     ] GC(853)   Evacuate Collection Set: 4.6ms
[2026-06-18T01:11:55.186+0000][13431.922s][info][gc,phases     ] GC(853)   Post Evacuate Collection Set: 0.3ms
[2026-06-18T01:11:55.186+0000][13431.922s][info][gc,phases     ] GC(853)   Other: 0.3ms
[2026-06-18T01:11:55.186+0000][13431.922s][info][gc,heap       ] GC(853) Eden regions: 244->0(20)
[2026-06-18T01:11:55.186+0000][13431.922s][info][gc,heap       ] GC(853) Survivor regions: 8->5(32)
[2026-06-18T01:11:55.186+0000][13431.922s][info][gc,heap       ] GC(853) Old regions: 47->47
[2026-06-18T01:11:55.186+0000][13431.922s][info][gc,heap       ] GC(853) Humongous regions: 147->147
[2026-06-18T01:11:55.186+0000][13431.922s][info][gc,metaspace  ] GC(853) Metaspace: 52832K(55552K)->52832K(55552K) NonClass: 46891K(48384K)->46891K(48384K) Class: 5940K(7168K)->5940K(7168K)
[2026-06-18T01:11:55.186+0000][13431.922s][info][gc            ] GC(853) Pause Young (Prepare Mixed) (G1 Evacuation Pause) 444M->198M(512M) 5.704ms
[2026-06-18T01:11:55.186+0000][13431.922s][info][gc,cpu        ] GC(853) User=0.06s Sys=0.00s Real=0.00s
[2026-06-18T01:11:55.280+0000][13432.016s][info][gc,start      ] GC(854) Pause Young (Mixed) (G1 Evacuation Pause)
[2026-06-18T01:11:55.280+0000][13432.016s][info][gc,task       ] GC(854) Using 13 workers of 13 for evacuation
[2026-06-18T01:11:55.283+0000][13432.019s][info][gc,phases     ] GC(854)   Pre Evacuate Collection Set: 0.0ms
[2026-06-18T01:11:55.283+0000][13432.019s][info][gc,phases     ] GC(854)   Evacuate Collection Set: 2.3ms
[2026-06-18T01:11:55.283+0000][13432.019s][info][gc,phases     ] GC(854)   Post Evacuate Collection Set: 0.5ms
[2026-06-18T01:11:55.283+0000][13432.019s][info][gc,phases     ] GC(854)   Other: 0.3ms
[2026-06-18T01:11:55.283+0000][13432.019s][info][gc,heap       ] GC(854) Eden regions: 20->0(248)
[2026-06-18T01:11:55.283+0000][13432.019s][info][gc,heap       ] GC(854) Survivor regions: 5->2(4)
[2026-06-18T01:11:55.283+0000][13432.019s][info][gc,heap       ] GC(854) Old regions: 47->49
[2026-06-18T01:11:55.283+0000][13432.019s][info][gc,heap       ] GC(854) Humongous regions: 147->147
[2026-06-18T01:11:55.283+0000][13432.019s][info][gc,metaspace  ] GC(854) Metaspace: 52832K(55552K)->52832K(55552K) NonClass: 46891K(48384K)->46891K(48384K) Class: 5940K(7168K)->5940K(7168K)
[2026-06-18T01:11:55.283+0000][13432.019s][info][gc            ] GC(854) Pause Young (Mixed) (G1 Evacuation Pause) 218M->197M(512M) 3.508ms
[2026-06-18T01:11:55.284+0000][13432.019s][info][gc,cpu        ] GC(854) User=0.01s Sys=0.00s Real=0.00s
[2026-06-18T01:11:56.623+0000][13433.359s][info][gc,start      ] GC(855) Pause Young (Normal) (G1 Evacuation Pause)
[2026-06-18T01:11:56.623+0000][13433.359s][info][gc,task       ] GC(855) Using 13 workers of 13 for evacuation
[2026-06-18T01:11:56.625+0000][13433.361s][info][gc,phases     ] GC(855)   Pre Evacuate Collection Set: 0.0ms
[2026-06-18T01:11:56.626+0000][13433.361s][info][gc,phases     ] GC(855)   Evacuate Collection Set: 1.9ms
[2026-06-18T01:11:56.626+0000][13433.362s][info][gc,phases     ] GC(855)   Post Evacuate Collection Set: 0.4ms
[2026-06-18T01:11:56.626+0000][13433.362s][info][gc,phases     ] GC(855)   Other: 0.3ms
[2026-06-18T01:11:56.626+0000][13433.362s][info][gc,heap       ] GC(855) Eden regions: 248->0(243)
[2026-06-18T01:11:56.626+0000][13433.362s][info][gc,heap       ] GC(855) Survivor regions: 2->7(32)
[2026-06-18T01:11:56.626+0000][13433.362s][info][gc,heap       ] GC(855) Old regions: 49->49
[2026-06-18T01:11:56.626+0000][13433.362s][info][gc,heap       ] GC(855) Humongous regions: 147->147
[2026-06-18T01:11:56.626+0000][13433.362s][info][gc,metaspace  ] GC(855) Metaspace: 52832K(55552K)->52832K(55552K) NonClass: 46891K(48384K)->46891K(48384K) Class: 5940K(7168K)->5940K(7168K)
[2026-06-18T01:11:56.626+0000][13433.362s][info][gc            ] GC(855) Pause Young (Normal) (G1 Evacuation Pause) 445M->201M(512M) 3.207ms
[2026-06-18T01:11:56.626+0000][13433.362s][info][gc,cpu        ] GC(855) User=0.03s Sys=0.00s Real=0.00s
[2026-06-18T01:11:57.938+0000][13434.674s][info][gc,start      ] GC(856) Pause Young (Normal) (G1 Evacuation Pause)
[2026-06-18T01:11:57.939+0000][13434.674s][info][gc,task       ] GC(856) Using 13 workers of 13 for evacuation
[2026-06-18T01:11:57.940+0000][13434.676s][info][gc,phases     ] GC(856)   Pre Evacuate Collection Set: 0.0ms
[2026-06-18T01:11:57.940+0000][13434.676s][info][gc,phases     ] GC(856)   Evacuate Collection Set: 1.2ms
[2026-06-18T01:11:57.940+0000][13434.676s][info][gc,phases     ] GC(856)   Post Evacuate Collection Set: 0.4ms
[2026-06-18T01:11:57.941+0000][13434.676s][info][gc,phases     ] GC(856)   Other: 0.3ms
[2026-06-18T01:11:57.941+0000][13434.676s][info][gc,heap       ] GC(856) Eden regions: 243->0(247)
[2026-06-18T01:11:57.941+0000][13434.676s][info][gc,heap       ] GC(856) Survivor regions: 7->4(32)
[2026-06-18T01:11:57.941+0000][13434.676s][info][gc,heap       ] GC(856) Old regions: 49->49
[2026-06-18T01:11:57.941+0000][13434.676s][info][gc,heap       ] GC(856) Humongous regions: 147->147
[2026-06-18T01:11:57.941+0000][13434.676s][info][gc,metaspace  ] GC(856) Metaspace: 52832K(55552K)->52832K(55552K) NonClass: 46891K(48384K)->46891K(48384K) Class: 5940K(7168K)->5940K(7168K)
[2026-06-18T01:11:57.941+0000][13434.676s][info][gc            ] GC(856) Pause Young (Normal) (G1 Evacuation Pause) 444M->199M(512M) 2.376ms
[2026-06-18T01:11:57.941+0000][13434.676s][info][gc,cpu        ] GC(856) User=0.02s Sys=0.00s Real=0.00s
[2026-06-18T01:12:46.555+0000][13483.291s][info][gc,start      ] GC(857) Pause Young (Concurrent Start) (G1 Evacuation Pause)
[2026-06-18T01:12:46.555+0000][13483.291s][info][gc,task       ] GC(857) Using 13 workers of 13 for evacuation
[2026-06-18T01:12:46.558+0000][13483.293s][info][gc,phases     ] GC(857)   Pre Evacuate Collection Set: 0.3ms
[2026-06-18T01:12:46.558+0000][13483.294s][info][gc,phases     ] GC(857)   Evacuate Collection Set: 1.8ms
[2026-06-18T01:12:46.558+0000][13483.294s][info][gc,phases     ] GC(857)   Post Evacuate Collection Set: 0.3ms
[2026-06-18T01:12:46.558+0000][13483.294s][info][gc,phases     ] GC(857)   Other: 0.4ms
[2026-06-18T01:12:46.558+0000][13483.294s][info][gc,heap       ] GC(857) Eden regions: 247->0(244)
[2026-06-18T01:12:46.558+0000][13483.294s][info][gc,heap       ] GC(857) Survivor regions: 4->7(32)
[2026-06-18T01:12:46.558+0000][13483.294s][info][gc,heap       ] GC(857) Old regions: 49->49
[2026-06-18T01:12:46.558+0000][13483.294s][info][gc,heap       ] GC(857) Humongous regions: 147->147
[2026-06-18T01:12:46.558+0000][13483.294s][info][gc,metaspace  ] GC(857) Metaspace: 52832K(55552K)->52832K(55552K) NonClass: 46891K(48384K)->46891K(48384K) Class: 5940K(7168K)->5940K(7168K)
[2026-06-18T01:12:46.558+0000][13483.294s][info][gc            ] GC(857) Pause Young (Concurrent Start) (G1 Evacuation Pause) 446M->201M(512M) 3.235ms
[2026-06-18T01:12:46.558+0000][13483.294s][info][gc,cpu        ] GC(857) User=0.01s Sys=0.00s Real=0.01s
[2026-06-18T01:12:46.558+0000][13483.294s][info][gc            ] GC(858) Concurrent Cycle
[2026-06-18T01:12:46.558+0000][13483.294s][info][gc,marking    ] GC(858) Concurrent Clear Claimed Marks
[2026-06-18T01:12:46.559+0000][13483.294s][info][gc,marking    ] GC(858) Concurrent Clear Claimed Marks 0.198ms
[2026-06-18T01:12:46.559+0000][13483.294s][info][gc,marking    ] GC(858) Concurrent Scan Root Regions
[2026-06-18T01:12:46.560+0000][13483.296s][info][gc,marking    ] GC(858) Concurrent Scan Root Regions 1.147ms
[2026-06-18T01:12:46.560+0000][13483.296s][info][gc,marking    ] GC(858) Concurrent Mark (13483.296s)
[2026-06-18T01:12:46.560+0000][13483.296s][info][gc,marking    ] GC(858) Concurrent Mark From Roots
[2026-06-18T01:12:46.560+0000][13483.296s][info][gc,task       ] GC(858) Using 3 workers of 3 for marking
[2026-06-18T01:12:46.566+0000][13483.301s][info][gc,marking    ] GC(858) Concurrent Mark From Roots 5.698ms
[2026-06-18T01:12:46.566+0000][13483.302s][info][gc,marking    ] GC(858) Concurrent Preclean
[2026-06-18T01:12:46.566+0000][13483.302s][info][gc,marking    ] GC(858) Concurrent Preclean 0.243ms
[2026-06-18T01:12:46.566+0000][13483.302s][info][gc,marking    ] GC(858) Concurrent Mark (13483.296s, 13483.302s) 6.225ms
[2026-06-18T01:12:46.566+0000][13483.302s][info][gc,start      ] GC(858) Pause Remark
[2026-06-18T01:12:46.569+0000][13483.305s][info][gc,stringtable] GC(858) Cleaned string and symbol table, strings: 17404 processed, 0 removed, symbols: 125114 processed, 0 removed
[2026-06-18T01:12:46.569+0000][13483.305s][info][gc            ] GC(858) Pause Remark 205M->205M(512M) 3.030ms
[2026-06-18T01:12:46.569+0000][13483.305s][info][gc,cpu        ] GC(858) User=0.03s Sys=0.00s Real=0.01s
[2026-06-18T01:12:46.570+0000][13483.305s][info][gc,marking    ] GC(858) Concurrent Rebuild Remembered Sets
[2026-06-18T01:12:46.574+0000][13483.310s][info][gc,marking    ] GC(858) Concurrent Rebuild Remembered Sets 4.912ms
[2026-06-18T01:12:46.575+0000][13483.310s][info][gc,start      ] GC(858) Pause Cleanup
[2026-06-18T01:12:46.575+0000][13483.310s][info][gc            ] GC(858) Pause Cleanup 206M->206M(512M) 0.168ms
[2026-06-18T01:12:46.575+0000][13483.311s][info][gc,cpu        ] GC(858) User=0.00s Sys=0.00s Real=0.00s
[2026-06-18T01:12:46.575+0000][13483.311s][info][gc,marking    ] GC(858) Concurrent Cleanup for Next Mark
[2026-06-18T01:12:46.575+0000][13483.311s][info][gc,marking    ] GC(858) Concurrent Cleanup for Next Mark 0.113ms
[2026-06-18T01:12:46.575+0000][13483.311s][info][gc            ] GC(858) Concurrent Cycle 16.637ms
[2026-06-18T01:12:48.033+0000][13484.769s][info][gc,start      ] GC(859) Pause Young (Prepare Mixed) (G1 Evacuation Pause)
[2026-06-18T01:12:48.033+0000][13484.769s][info][gc,task       ] GC(859) Using 13 workers of 13 for evacuation
[2026-06-18T01:12:48.035+0000][13484.771s][info][gc,phases     ] GC(859)   Pre Evacuate Collection Set: 0.0ms
[2026-06-18T01:12:48.035+0000][13484.771s][info][gc,phases     ] GC(859)   Evacuate Collection Set: 1.5ms
[2026-06-18T01:12:48.035+0000][13484.771s][info][gc,phases     ] GC(859)   Post Evacuate Collection Set: 0.4ms
[2026-06-18T01:12:48.035+0000][13484.771s][info][gc,phases     ] GC(859)   Other: 0.3ms
[2026-06-18T01:12:48.035+0000][13484.771s][info][gc,heap       ] GC(859) Eden regions: 244->0(21)
[2026-06-18T01:12:48.035+0000][13484.771s][info][gc,heap       ] GC(859) Survivor regions: 7->4(32)
[2026-06-18T01:12:48.036+0000][13484.771s][info][gc,heap       ] GC(859) Old regions: 49->49
[2026-06-18T01:12:48.036+0000][13484.771s][info][gc,heap       ] GC(859) Humongous regions: 147->147
[2026-06-18T01:12:48.036+0000][13484.771s][info][gc,metaspace  ] GC(859) Metaspace: 52832K(55552K)->52832K(55552K) NonClass: 46891K(48384K)->46891K(48384K) Class: 5940K(7168K)->5940K(7168K)
[2026-06-18T01:12:48.036+0000][13484.771s][info][gc            ] GC(859) Pause Young (Prepare Mixed) (G1 Evacuation Pause) 445M->198M(512M) 2.585ms
[2026-06-18T01:12:48.036+0000][13484.771s][info][gc,cpu        ] GC(859) User=0.02s Sys=0.00s Real=0.00s
[2026-06-18T01:12:48.149+0000][13484.884s][info][gc,start      ] GC(860) Pause Young (Mixed) (G1 Evacuation Pause)
[2026-06-18T01:12:48.149+0000][13484.885s][info][gc,task       ] GC(860) Using 13 workers of 13 for evacuation
[2026-06-18T01:12:48.151+0000][13484.886s][info][gc,phases     ] GC(860)   Pre Evacuate Collection Set: 0.0ms
[2026-06-18T01:12:48.151+0000][13484.886s][info][gc,phases     ] GC(860)   Evacuate Collection Set: 1.3ms
[2026-06-18T01:12:48.151+0000][13484.886s][info][gc,phases     ] GC(860)   Post Evacuate Collection Set: 0.3ms
[2026-06-18T01:12:48.151+0000][13484.887s][info][gc,phases     ] GC(860)   Other: 0.3ms
[2026-06-18T01:12:48.151+0000][13484.887s][info][gc,heap       ] GC(860) Eden regions: 21->0(251)
[2026-06-18T01:12:48.151+0000][13484.887s][info][gc,heap       ] GC(860) Survivor regions: 4->4(4)
[2026-06-18T01:12:48.151+0000][13484.887s][info][gc,heap       ] GC(860) Old regions: 49->46
[2026-06-18T01:12:48.151+0000][13484.887s][info][gc,heap       ] GC(860) Humongous regions: 147->147
[2026-06-18T01:12:48.151+0000][13484.887s][info][gc,metaspace  ] GC(860) Metaspace: 52832K(55552K)->52832K(55552K) NonClass: 46891K(48384K)->46891K(48384K) Class: 5940K(7168K)->5940K(7168K)
[2026-06-18T01:12:48.151+0000][13484.887s][info][gc            ] GC(860) Pause Young (Mixed) (G1 Evacuation Pause) 219M->195M(512M) 2.426ms
[2026-06-18T01:12:48.151+0000][13484.887s][info][gc,cpu        ] GC(860) User=0.02s Sys=0.01s Real=0.00s
[2026-06-18T01:12:49.339+0000][13486.074s][info][gc,start      ] GC(861) Pause Young (Normal) (G1 Evacuation Pause)
[2026-06-18T01:12:49.339+0000][13486.075s][info][gc,task       ] GC(861) Using 13 workers of 13 for evacuation
[2026-06-18T01:12:49.341+0000][13486.077s][info][gc,phases     ] GC(861)   Pre Evacuate Collection Set: 0.0ms
[2026-06-18T01:12:49.341+0000][13486.077s][info][gc,phases     ] GC(861)   Evacuate Collection Set: 1.8ms
[2026-06-18T01:12:49.341+0000][13486.077s][info][gc,phases     ] GC(861)   Post Evacuate Collection Set: 0.3ms
[2026-06-18T01:12:49.341+0000][13486.077s][info][gc,phases     ] GC(861)   Other: 0.4ms
[2026-06-18T01:12:49.341+0000][13486.077s][info][gc,heap       ] GC(861) Eden regions: 251->0(246)
[2026-06-18T01:12:49.341+0000][13486.077s][info][gc,heap       ] GC(861) Survivor regions: 4->8(32)
[2026-06-18T01:12:49.341+0000][13486.077s][info][gc,heap       ] GC(861) Old regions: 46->46
[2026-06-18T01:12:49.341+0000][13486.077s][info][gc,heap       ] GC(861) Humongous regions: 147->147
[2026-06-18T01:12:49.342+0000][13486.077s][info][gc,metaspace  ] GC(861) Metaspace: 52832K(55552K)->52832K(55552K) NonClass: 46891K(48384K)->46891K(48384K) Class: 5940K(7168K)->5940K(7168K)
[2026-06-18T01:12:49.342+0000][13486.077s][info][gc            ] GC(861) Pause Young (Normal) (G1 Evacuation Pause) 446M->199M(512M) 2.933ms
[2026-06-18T01:12:49.342+0000][13486.077s][info][gc,cpu        ] GC(861) User=0.03s Sys=0.00s Real=0.00s
[2026-06-18T01:13:37.742+0000][13534.477s][info][gc,start      ] GC(862) Pause Young (Normal) (G1 Evacuation Pause)
[2026-06-18T01:13:37.743+0000][13534.478s][info][gc,task       ] GC(862) Using 13 workers of 13 for evacuation
[2026-06-18T01:13:37.749+0000][13534.484s][info][gc,phases     ] GC(862)   Pre Evacuate Collection Set: 0.0ms
[2026-06-18T01:13:37.750+0000][13534.485s][info][gc,phases     ] GC(862)   Evacuate Collection Set: 5.8ms
[2026-06-18T01:13:37.750+0000][13534.485s][info][gc,phases     ] GC(862)   Post Evacuate Collection Set: 0.7ms
[2026-06-18T01:13:37.750+0000][13534.485s][info][gc,phases     ] GC(862)   Other: 0.9ms
[2026-06-18T01:13:37.750+0000][13534.485s][info][gc,heap       ] GC(862) Eden regions: 246->0(250)
[2026-06-18T01:13:37.750+0000][13534.485s][info][gc,heap       ] GC(862) Survivor regions: 8->5(32)
[2026-06-18T01:13:37.750+0000][13534.485s][info][gc,heap       ] GC(862) Old regions: 46->46
[2026-06-18T01:13:37.750+0000][13534.485s][info][gc,heap       ] GC(862) Humongous regions: 147->147
[2026-06-18T01:13:37.750+0000][13534.485s][info][gc,metaspace  ] GC(862) Metaspace: 52832K(55552K)->52832K(55552K) NonClass: 46891K(48384K)->46891K(48384K) Class: 5940K(7168K)->5940K(7168K)
[2026-06-18T01:13:37.750+0000][13534.485s][info][gc            ] GC(862) Pause Young (Normal) (G1 Evacuation Pause) 445M->197M(512M) 8.365ms
[2026-06-18T01:13:37.751+0000][13534.486s][info][gc,cpu        ] GC(862) User=0.04s Sys=0.00s Real=0.01s
[2026-06-18T01:13:39.359+0000][13536.094s][info][gc,start      ] GC(863) Pause Young (Concurrent Start) (G1 Evacuation Pause)
[2026-06-18T01:13:39.359+0000][13536.094s][info][gc,task       ] GC(863) Using 13 workers of 13 for evacuation
[2026-06-18T01:13:39.364+0000][13536.099s][info][gc,phases     ] GC(863)   Pre Evacuate Collection Set: 0.3ms
[2026-06-18T01:13:39.364+0000][13536.099s][info][gc,phases     ] GC(863)   Evacuate Collection Set: 3.7ms
[2026-06-18T01:13:39.364+0000][13536.099s][info][gc,phases     ] GC(863)   Post Evacuate Collection Set: 0.4ms
[2026-06-18T01:13:39.364+0000][13536.099s][info][gc,phases     ] GC(863)   Other: 0.3ms
[2026-06-18T01:13:39.364+0000][13536.099s][info][gc,heap       ] GC(863) Eden regions: 250->0(246)
[2026-06-18T01:13:39.364+0000][13536.099s][info][gc,heap       ] GC(863) Survivor regions: 5->8(32)
[2026-06-18T01:13:39.364+0000][13536.099s][info][gc,heap       ] GC(863) Old regions: 46->46
[2026-06-18T01:13:39.364+0000][13536.099s][info][gc,heap       ] GC(863) Humongous regions: 147->147
[2026-06-18T01:13:39.364+0000][13536.099s][info][gc,metaspace  ] GC(863) Metaspace: 52832K(55552K)->52832K(55552K) NonClass: 46891K(48384K)->46891K(48384K) Class: 5940K(7168K)->5940K(7168K)
[2026-06-18T01:13:39.364+0000][13536.099s][info][gc            ] GC(863) Pause Young (Concurrent Start) (G1 Evacuation Pause) 447M->200M(512M) 5.037ms
[2026-06-18T01:13:39.364+0000][13536.099s][info][gc,cpu        ] GC(863) User=0.04s Sys=0.00s Real=0.00s
[2026-06-18T01:13:39.364+0000][13536.099s][info][gc            ] GC(864) Concurrent Cycle
[2026-06-18T01:13:39.364+0000][13536.099s][info][gc,marking    ] GC(864) Concurrent Clear Claimed Marks
[2026-06-18T01:13:39.365+0000][13536.100s][info][gc,marking    ] GC(864) Concurrent Clear Claimed Marks 0.252ms
[2026-06-18T01:13:39.365+0000][13536.100s][info][gc,marking    ] GC(864) Concurrent Scan Root Regions
[2026-06-18T01:13:39.366+0000][13536.101s][info][gc,marking    ] GC(864) Concurrent Scan Root Regions 1.454ms
[2026-06-18T01:13:39.366+0000][13536.101s][info][gc,marking    ] GC(864) Concurrent Mark (13536.101s)
[2026-06-18T01:13:39.366+0000][13536.101s][info][gc,marking    ] GC(864) Concurrent Mark From Roots
[2026-06-18T01:13:39.366+0000][13536.101s][info][gc,task       ] GC(864) Using 3 workers of 3 for marking
[2026-06-18T01:13:39.372+0000][13536.107s][info][gc,marking    ] GC(864) Concurrent Mark From Roots 5.403ms
[2026-06-18T01:13:39.372+0000][13536.107s][info][gc,marking    ] GC(864) Concurrent Preclean
[2026-06-18T01:13:39.372+0000][13536.107s][info][gc,marking    ] GC(864) Concurrent Preclean 0.204ms
[2026-06-18T01:13:39.372+0000][13536.107s][info][gc,marking    ] GC(864) Concurrent Mark (13536.101s, 13536.107s) 5.905ms
[2026-06-18T01:13:39.372+0000][13536.107s][info][gc,start      ] GC(864) Pause Remark
[2026-06-18T01:13:39.375+0000][13536.110s][info][gc,stringtable] GC(864) Cleaned string and symbol table, strings: 17405 processed, 0 removed, symbols: 125114 processed, 0 removed
[2026-06-18T01:13:39.375+0000][13536.110s][info][gc            ] GC(864) Pause Remark 204M->204M(512M) 2.634ms
[2026-06-18T01:13:39.375+0000][13536.110s][info][gc,cpu        ] GC(864) User=0.03s Sys=0.00s Real=0.00s
[2026-06-18T01:13:39.375+0000][13536.110s][info][gc,marking    ] GC(864) Concurrent Rebuild Remembered Sets
[2026-06-18T01:13:39.380+0000][13536.115s][info][gc,marking    ] GC(864) Concurrent Rebuild Remembered Sets 4.688ms
[2026-06-18T01:13:39.380+0000][13536.115s][info][gc,start      ] GC(864) Pause Cleanup
[2026-06-18T01:13:39.380+0000][13536.115s][info][gc            ] GC(864) Pause Cleanup 205M->205M(512M) 0.183ms
[2026-06-18T01:13:39.381+0000][13536.116s][info][gc,cpu        ] GC(864) User=0.00s Sys=0.00s Real=0.00s
[2026-06-18T01:13:39.381+0000][13536.116s][info][gc,marking    ] GC(864) Concurrent Cleanup for Next Mark
[2026-06-18T01:13:39.381+0000][13536.116s][info][gc,marking    ] GC(864) Concurrent Cleanup for Next Mark 0.140ms
[2026-06-18T01:13:39.381+0000][13536.116s][info][gc            ] GC(864) Concurrent Cycle 16.366ms
[2026-06-18T01:13:40.627+0000][13537.362s][info][gc,start      ] GC(865) Pause Young (Prepare Mixed) (G1 Evacuation Pause)
[2026-06-18T01:13:40.627+0000][13537.362s][info][gc,task       ] GC(865) Using 13 workers of 13 for evacuation
[2026-06-18T01:13:40.630+0000][13537.365s][info][gc,phases     ] GC(865)   Pre Evacuate Collection Set: 0.0ms
[2026-06-18T01:13:40.630+0000][13537.365s][info][gc,phases     ] GC(865)   Evacuate Collection Set: 2.8ms
[2026-06-18T01:13:40.631+0000][13537.366s][info][gc,phases     ] GC(865)   Post Evacuate Collection Set: 0.5ms
[2026-06-18T01:13:40.631+0000][13537.366s][info][gc,phases     ] GC(865)   Other: 0.3ms
[2026-06-18T01:13:40.631+0000][13537.366s][info][gc,heap       ] GC(865) Eden regions: 246->0(20)
[2026-06-18T01:13:40.631+0000][13537.366s][info][gc,heap       ] GC(865) Survivor regions: 8->5(32)
[2026-06-18T01:13:40.631+0000][13537.366s][info][gc,heap       ] GC(865) Old regions: 46->46
[2026-06-18T01:13:40.631+0000][13537.366s][info][gc,heap       ] GC(865) Humongous regions: 147->147
[2026-06-18T01:13:40.631+0000][13537.366s][info][gc,metaspace  ] GC(865) Metaspace: 52832K(55552K)->52832K(55552K) NonClass: 46891K(48384K)->46891K(48384K) Class: 5940K(7168K)->5940K(7168K)
[2026-06-18T01:13:40.631+0000][13537.366s][info][gc            ] GC(865) Pause Young (Prepare Mixed) (G1 Evacuation Pause) 446M->197M(512M) 4.100ms
[2026-06-18T01:13:40.631+0000][13537.366s][info][gc,cpu        ] GC(865) User=0.03s Sys=0.00s Real=0.01s
[2026-06-18T01:13:40.731+0000][13537.466s][info][gc,start      ] GC(866) Pause Young (Mixed) (G1 Evacuation Pause)
[2026-06-18T01:13:40.731+0000][13537.466s][info][gc,task       ] GC(866) Using 13 workers of 13 for evacuation
[2026-06-18T01:13:40.733+0000][13537.468s][info][gc,phases     ] GC(866)   Pre Evacuate Collection Set: 0.0ms
[2026-06-18T01:13:40.733+0000][13537.468s][info][gc,phases     ] GC(866)   Evacuate Collection Set: 2.1ms
[2026-06-18T01:13:40.733+0000][13537.468s][info][gc,phases     ] GC(866)   Post Evacuate Collection Set: 0.3ms
[2026-06-18T01:13:40.734+0000][13537.469s][info][gc,phases     ] GC(866)   Other: 0.3ms
[2026-06-18T01:13:40.734+0000][13537.469s][info][gc,heap       ] GC(866) Eden regions: 20->0(249)
[2026-06-18T01:13:40.734+0000][13537.469s][info][gc,heap       ] GC(866) Survivor regions: 5->4(4)
[2026-06-18T01:13:40.734+0000][13537.469s][info][gc,heap       ] GC(866) Old regions: 46->47
[2026-06-18T01:13:40.734+0000][13537.469s][info][gc,heap       ] GC(866) Humongous regions: 147->147
[2026-06-18T01:13:40.734+0000][13537.469s][info][gc,metaspace  ] GC(866) Metaspace: 52832K(55552K)->52832K(55552K) NonClass: 46891K(48384K)->46891K(48384K) Class: 5940K(7168K)->5940K(7168K)
[2026-06-18T01:13:40.734+0000][13537.469s][info][gc            ] GC(866) Pause Young (Mixed) (G1 Evacuation Pause) 217M->196M(512M) 2.967ms
[2026-06-18T01:13:40.734+0000][13537.469s][info][gc,cpu        ] GC(866) User=0.02s Sys=0.00s Real=0.00s
[2026-06-18T01:13:41.953+0000][13538.688s][info][gc,start      ] GC(867) Pause Young (Normal) (G1 Evacuation Pause)
[2026-06-18T01:13:41.953+0000][13538.688s][info][gc,task       ] GC(867) Using 13 workers of 13 for evacuation
[2026-06-18T01:13:41.955+0000][13538.690s][info][gc,phases     ] GC(867)   Pre Evacuate Collection Set: 0.0ms
[2026-06-18T01:13:41.955+0000][13538.690s][info][gc,phases     ] GC(867)   Evacuate Collection Set: 1.7ms
[2026-06-18T01:13:41.955+0000][13538.690s][info][gc,phases     ] GC(867)   Post Evacuate Collection Set: 0.3ms
[2026-06-18T01:13:41.955+0000][13538.690s][info][gc,phases     ] GC(867)   Other: 0.3ms
[2026-06-18T01:13:41.955+0000][13538.690s][info][gc,heap       ] GC(867) Eden regions: 249->0(246)
[2026-06-18T01:13:41.955+0000][13538.690s][info][gc,heap       ] GC(867) Survivor regions: 4->8(32)
[2026-06-18T01:13:41.955+0000][13538.690s][info][gc,heap       ] GC(867) Old regions: 47->47
[2026-06-18T01:13:41.955+0000][13538.690s][info][gc,heap       ] GC(867) Humongous regions: 147->147
[2026-06-18T01:13:41.955+0000][13538.690s][info][gc,metaspace  ] GC(867) Metaspace: 52832K(55552K)->52832K(55552K) NonClass: 46891K(48384K)->46891K(48384K) Class: 5940K(7168K)->5940K(7168K)
[2026-06-18T01:13:41.955+0000][13538.690s][info][gc            ] GC(867) Pause Young (Normal) (G1 Evacuation Pause) 445M->200M(512M) 2.884ms
[2026-06-18T01:13:41.956+0000][13538.691s][info][gc,cpu        ] GC(867) User=0.03s Sys=0.00s Real=0.00s
[2026-06-18T01:14:30.560+0000][13587.294s][info][gc,start      ] GC(868) Pause Young (Normal) (G1 Evacuation Pause)
[2026-06-18T01:14:30.560+0000][13587.295s][info][gc,task       ] GC(868) Using 13 workers of 13 for evacuation
[2026-06-18T01:14:30.564+0000][13587.299s][info][gc,phases     ] GC(868)   Pre Evacuate Collection Set: 0.0ms
[2026-06-18T01:14:30.564+0000][13587.299s][info][gc,phases     ] GC(868)   Evacuate Collection Set: 3.4ms
[2026-06-18T01:14:30.564+0000][13587.299s][info][gc,phases     ] GC(868)   Post Evacuate Collection Set: 0.4ms
[2026-06-18T01:14:30.564+0000][13587.299s][info][gc,phases     ] GC(868)   Other: 0.3ms
[2026-06-18T01:14:30.564+0000][13587.299s][info][gc,heap       ] GC(868) Eden regions: 246->0(249)
[2026-06-18T01:14:30.564+0000][13587.299s][info][gc,heap       ] GC(868) Survivor regions: 8->5(32)
[2026-06-18T01:14:30.564+0000][13587.299s][info][gc,heap       ] GC(868) Old regions: 47->47
[2026-06-18T01:14:30.565+0000][13587.299s][info][gc,heap       ] GC(868) Humongous regions: 147->147
[2026-06-18T01:14:30.565+0000][13587.299s][info][gc,metaspace  ] GC(868) Metaspace: 52833K(55552K)->52833K(55552K) NonClass: 46893K(48384K)->46893K(48384K) Class: 5940K(7168K)->5940K(7168K)
[2026-06-18T01:14:30.565+0000][13587.299s][info][gc            ] GC(868) Pause Young (Normal) (G1 Evacuation Pause) 446M->198M(512M) 4.690ms
[2026-06-18T01:14:30.565+0000][13587.299s][info][gc,cpu        ] GC(868) User=0.03s Sys=0.00s Real=0.00s
[2026-06-18T01:14:32.025+0000][13588.759s][info][gc,start      ] GC(869) Pause Young (Concurrent Start) (G1 Evacuation Pause)
[2026-06-18T01:14:32.025+0000][13588.759s][info][gc,task       ] GC(869) Using 13 workers of 13 for evacuation
[2026-06-18T01:14:32.034+0000][13588.769s][info][gc,phases     ] GC(869)   Pre Evacuate Collection Set: 0.3ms
[2026-06-18T01:14:32.034+0000][13588.769s][info][gc,phases     ] GC(869)   Evacuate Collection Set: 8.6ms
[2026-06-18T01:14:32.034+0000][13588.769s][info][gc,phases     ] GC(869)   Post Evacuate Collection Set: 0.3ms
[2026-06-18T01:14:32.034+0000][13588.769s][info][gc,phases     ] GC(869)   Other: 0.3ms
[2026-06-18T01:14:32.034+0000][13588.769s][info][gc,heap       ] GC(869) Eden regions: 249->0(245)
[2026-06-18T01:14:32.035+0000][13588.769s][info][gc,heap       ] GC(869) Survivor regions: 5->9(32)
[2026-06-18T01:14:32.035+0000][13588.769s][info][gc,heap       ] GC(869) Old regions: 47->47
[2026-06-18T01:14:32.035+0000][13588.769s][info][gc,heap       ] GC(869) Humongous regions: 147->147
[2026-06-18T01:14:32.035+0000][13588.769s][info][gc,metaspace  ] GC(869) Metaspace: 52833K(55552K)->52833K(55552K) NonClass: 46893K(48384K)->46893K(48384K) Class: 5940K(7168K)->5940K(7168K)
[2026-06-18T01:14:32.035+0000][13588.769s][info][gc            ] GC(869) Pause Young (Concurrent Start) (G1 Evacuation Pause) 447M->201M(512M) 9.985ms
[2026-06-18T01:14:32.035+0000][13588.769s][info][gc,cpu        ] GC(869) User=0.10s Sys=0.00s Real=0.01s
[2026-06-18T01:14:32.035+0000][13588.769s][info][gc            ] GC(870) Concurrent Cycle
[2026-06-18T01:14:32.035+0000][13588.769s][info][gc,marking    ] GC(870) Concurrent Clear Claimed Marks
[2026-06-18T01:14:32.035+0000][13588.770s][info][gc,marking    ] GC(870) Concurrent Clear Claimed Marks 0.210ms
[2026-06-18T01:14:32.035+0000][13588.770s][info][gc,marking    ] GC(870) Concurrent Scan Root Regions
[2026-06-18T01:14:32.037+0000][13588.771s][info][gc,marking    ] GC(870) Concurrent Scan Root Regions 1.520ms
[2026-06-18T01:14:32.037+0000][13588.771s][info][gc,marking    ] GC(870) Concurrent Mark (13588.771s)
[2026-06-18T01:14:32.037+0000][13588.771s][info][gc,marking    ] GC(870) Concurrent Mark From Roots
[2026-06-18T01:14:32.037+0000][13588.771s][info][gc,task       ] GC(870) Using 3 workers of 3 for marking
[2026-06-18T01:14:32.042+0000][13588.777s][info][gc,marking    ] GC(870) Concurrent Mark From Roots 5.551ms
[2026-06-18T01:14:32.043+0000][13588.777s][info][gc,marking    ] GC(870) Concurrent Preclean
[2026-06-18T01:14:32.043+0000][13588.777s][info][gc,marking    ] GC(870) Concurrent Preclean 0.138ms
[2026-06-18T01:14:32.043+0000][13588.777s][info][gc,marking    ] GC(870) Concurrent Mark (13588.771s, 13588.777s) 5.885ms
[2026-06-18T01:14:32.043+0000][13588.777s][info][gc,start      ] GC(870) Pause Remark
[2026-06-18T01:14:32.049+0000][13588.783s][info][gc,stringtable] GC(870) Cleaned string and symbol table, strings: 17405 processed, 0 removed, symbols: 125114 processed, 0 removed
[2026-06-18T01:14:32.049+0000][13588.784s][info][gc            ] GC(870) Pause Remark 206M->206M(512M) 6.371ms
[2026-06-18T01:14:32.049+0000][13588.784s][info][gc,cpu        ] GC(870) User=0.07s Sys=0.00s Real=0.01s
[2026-06-18T01:14:32.049+0000][13588.784s][info][gc,marking    ] GC(870) Concurrent Rebuild Remembered Sets
[2026-06-18T01:14:32.053+0000][13588.788s][info][gc,marking    ] GC(870) Concurrent Rebuild Remembered Sets 4.057ms
[2026-06-18T01:14:32.054+0000][13588.788s][info][gc,start      ] GC(870) Pause Cleanup
[2026-06-18T01:14:32.054+0000][13588.788s][info][gc            ] GC(870) Pause Cleanup 207M->207M(512M) 0.239ms
[2026-06-18T01:14:32.054+0000][13588.788s][info][gc,cpu        ] GC(870) User=0.00s Sys=0.00s Real=0.00s
[2026-06-18T01:14:32.054+0000][13588.789s][info][gc,marking    ] GC(870) Concurrent Cleanup for Next Mark
[2026-06-18T01:14:32.054+0000][13588.789s][info][gc,marking    ] GC(870) Concurrent Cleanup for Next Mark 0.136ms
[2026-06-18T01:14:32.054+0000][13588.789s][info][gc            ] GC(870) Concurrent Cycle 19.473ms
[2026-06-18T01:14:33.229+0000][13589.964s][info][gc,start      ] GC(871) Pause Young (Prepare Mixed) (G1 Evacuation Pause)
[2026-06-18T01:14:33.230+0000][13589.964s][info][gc,task       ] GC(871) Using 13 workers of 13 for evacuation
[2026-06-18T01:14:33.232+0000][13589.966s][info][gc,phases     ] GC(871)   Pre Evacuate Collection Set: 0.0ms
[2026-06-18T01:14:33.232+0000][13589.966s][info][gc,phases     ] GC(871)   Evacuate Collection Set: 1.5ms
[2026-06-18T01:14:33.232+0000][13589.966s][info][gc,phases     ] GC(871)   Post Evacuate Collection Set: 0.4ms
[2026-06-18T01:14:33.232+0000][13589.966s][info][gc,phases     ] GC(871)   Other: 0.4ms
[2026-06-18T01:14:33.232+0000][13589.966s][info][gc,heap       ] GC(871) Eden regions: 245->0(20)
[2026-06-18T01:14:33.232+0000][13589.966s][info][gc,heap       ] GC(871) Survivor regions: 9->5(32)
[2026-06-18T01:14:33.232+0000][13589.966s][info][gc,heap       ] GC(871) Old regions: 47->47
[2026-06-18T01:14:33.232+0000][13589.966s][info][gc,heap       ] GC(871) Humongous regions: 147->147
[2026-06-18T01:14:33.232+0000][13589.966s][info][gc,metaspace  ] GC(871) Metaspace: 52833K(55552K)->52833K(55552K) NonClass: 46893K(48384K)->46893K(48384K) Class: 5940K(7168K)->5940K(7168K)
[2026-06-18T01:14:33.232+0000][13589.966s][info][gc            ] GC(871) Pause Young (Prepare Mixed) (G1 Evacuation Pause) 446M->198M(512M) 2.687ms
[2026-06-18T01:14:33.232+0000][13589.967s][info][gc,cpu        ] GC(871) User=0.02s Sys=0.00s Real=0.00s
[2026-06-18T01:14:33.322+0000][13590.056s][info][gc,start      ] GC(872) Pause Young (Mixed) (G1 Evacuation Pause)
[2026-06-18T01:14:33.322+0000][13590.056s][info][gc,task       ] GC(872) Using 13 workers of 13 for evacuation
[2026-06-18T01:14:33.324+0000][13590.058s][info][gc,phases     ] GC(872)   Pre Evacuate Collection Set: 0.0ms
[2026-06-18T01:14:33.324+0000][13590.058s][info][gc,phases     ] GC(872)   Evacuate Collection Set: 1.5ms
[2026-06-18T01:14:33.324+0000][13590.058s][info][gc,phases     ] GC(872)   Post Evacuate Collection Set: 0.3ms
[2026-06-18T01:14:33.324+0000][13590.058s][info][gc,phases     ] GC(872)   Other: 0.3ms
[2026-06-18T01:14:33.324+0000][13590.058s][info][gc,heap       ] GC(872) Eden regions: 20->0(250)
[2026-06-18T01:14:33.324+0000][13590.058s][info][gc,heap       ] GC(872) Survivor regions: 5->3(4)
[2026-06-18T01:14:33.324+0000][13590.059s][info][gc,heap       ] GC(872) Old regions: 47->48
[2026-06-18T01:14:33.324+0000][13590.059s][info][gc,heap       ] GC(872) Humongous regions: 147->147
[2026-06-18T01:14:33.324+0000][13590.059s][info][gc,metaspace  ] GC(872) Metaspace: 52833K(55552K)->52833K(55552K) NonClass: 46893K(48384K)->46893K(48384K) Class: 5940K(7168K)->5940K(7168K)
[2026-06-18T01:14:33.324+0000][13590.059s][info][gc            ] GC(872) Pause Young (Mixed) (G1 Evacuation Pause) 218M->196M(512M) 2.566ms
[2026-06-18T01:14:33.324+0000][13590.059s][info][gc,cpu        ] GC(872) User=0.01s Sys=0.01s Real=0.00s
[2026-06-18T01:14:34.551+0000][13591.286s][info][gc,start      ] GC(873) Pause Young (Normal) (G1 Evacuation Pause)
[2026-06-18T01:14:34.551+0000][13591.286s][info][gc,task       ] GC(873) Using 13 workers of 13 for evacuation
[2026-06-18T01:14:34.553+0000][13591.288s][info][gc,phases     ] GC(873)   Pre Evacuate Collection Set: 0.0ms
[2026-06-18T01:14:34.554+0000][13591.288s][info][gc,phases     ] GC(873)   Evacuate Collection Set: 1.6ms
[2026-06-18T01:14:34.554+0000][13591.288s][info][gc,phases     ] GC(873)   Post Evacuate Collection Set: 0.4ms
[2026-06-18T01:14:34.554+0000][13591.288s][info][gc,phases     ] GC(873)   Other: 0.3ms
[2026-06-18T01:14:34.554+0000][13591.288s][info][gc,heap       ] GC(873) Eden regions: 250->0(246)
[2026-06-18T01:14:34.554+0000][13591.288s][info][gc,heap       ] GC(873) Survivor regions: 3->7(32)
[2026-06-18T01:14:34.554+0000][13591.288s][info][gc,heap       ] GC(873) Old regions: 48->48
[2026-06-18T01:14:34.554+0000][13591.288s][info][gc,heap       ] GC(873) Humongous regions: 147->147
[2026-06-18T01:14:34.554+0000][13591.288s][info][gc,metaspace  ] GC(873) Metaspace: 52833K(55552K)->52833K(55552K) NonClass: 46893K(48384K)->46893K(48384K) Class: 5940K(7168K)->5940K(7168K)
[2026-06-18T01:14:34.554+0000][13591.289s][info][gc            ] GC(873) Pause Young (Normal) (G1 Evacuation Pause) 446M->201M(512M) 2.833ms
[2026-06-18T01:14:34.554+0000][13591.289s][info][gc,cpu        ] GC(873) User=0.02s Sys=0.00s Real=0.00s
[2026-06-18T01:15:23.220+0000][13639.954s][info][gc,start      ] GC(874) Pause Young (Normal) (G1 Evacuation Pause)
[2026-06-18T01:15:23.220+0000][13639.954s][info][gc,task       ] GC(874) Using 13 workers of 13 for evacuation
[2026-06-18T01:15:23.222+0000][13639.956s][info][gc,phases     ] GC(874)   Pre Evacuate Collection Set: 0.0ms
[2026-06-18T01:15:23.222+0000][13639.956s][info][gc,phases     ] GC(874)   Evacuate Collection Set: 1.5ms
[2026-06-18T01:15:23.222+0000][13639.956s][info][gc,phases     ] GC(874)   Post Evacuate Collection Set: 0.3ms
[2026-06-18T01:15:23.222+0000][13639.956s][info][gc,phases     ] GC(874)   Other: 0.3ms
[2026-06-18T01:15:23.222+0000][13639.956s][info][gc,heap       ] GC(874) Eden regions: 246->0(250)
[2026-06-18T01:15:23.222+0000][13639.956s][info][gc,heap       ] GC(874) Survivor regions: 7->3(32)
[2026-06-18T01:15:23.222+0000][13639.956s][info][gc,heap       ] GC(874) Old regions: 48->48
[2026-06-18T01:15:23.222+0000][13639.957s][info][gc,heap       ] GC(874) Humongous regions: 147->147
[2026-06-18T01:15:23.222+0000][13639.957s][info][gc,metaspace  ] GC(874) Metaspace: 52833K(55552K)->52833K(55552K) NonClass: 46893K(48384K)->46893K(48384K) Class: 5940K(7168K)->5940K(7168K)
[2026-06-18T01:15:23.222+0000][13639.957s][info][gc            ] GC(874) Pause Young (Normal) (G1 Evacuation Pause) 447M->197M(512M) 2.380ms
[2026-06-18T01:15:23.222+0000][13639.957s][info][gc,cpu        ] GC(874) User=0.02s Sys=0.00s Real=0.00s
[2026-06-18T01:15:24.688+0000][13641.422s][info][gc,start      ] GC(875) Pause Young (Concurrent Start) (G1 Evacuation Pause)
[2026-06-18T01:15:24.690+0000][13641.424s][info][gc,task       ] GC(875) Using 13 workers of 13 for evacuation
[2026-06-18T01:15:24.694+0000][13641.428s][info][gc,phases     ] GC(875)   Pre Evacuate Collection Set: 0.3ms
[2026-06-18T01:15:24.694+0000][13641.428s][info][gc,phases     ] GC(875)   Evacuate Collection Set: 2.2ms
[2026-06-18T01:15:24.694+0000][13641.428s][info][gc,phases     ] GC(875)   Post Evacuate Collection Set: 0.3ms
[2026-06-18T01:15:24.694+0000][13641.428s][info][gc,phases     ] GC(875)   Other: 2.5ms
[2026-06-18T01:15:24.694+0000][13641.428s][info][gc,heap       ] GC(875) Eden regions: 250->0(246)
[2026-06-18T01:15:24.694+0000][13641.428s][info][gc,heap       ] GC(875) Survivor regions: 3->7(32)
[2026-06-18T01:15:24.694+0000][13641.428s][info][gc,heap       ] GC(875) Old regions: 48->48
[2026-06-18T01:15:24.694+0000][13641.428s][info][gc,heap       ] GC(875) Humongous regions: 147->147
[2026-06-18T01:15:24.694+0000][13641.428s][info][gc,metaspace  ] GC(875) Metaspace: 52833K(55552K)->52833K(55552K) NonClass: 46893K(48384K)->46893K(48384K) Class: 5940K(7168K)->5940K(7168K)
[2026-06-18T01:15:24.694+0000][13641.428s][info][gc            ] GC(875) Pause Young (Concurrent Start) (G1 Evacuation Pause) 447M->200M(512M) 5.671ms
[2026-06-18T01:15:24.694+0000][13641.428s][info][gc,cpu        ] GC(875) User=0.02s Sys=0.00s Real=0.01s
[2026-06-18T01:15:24.694+0000][13641.428s][info][gc            ] GC(876) Concurrent Cycle
[2026-06-18T01:15:24.694+0000][13641.428s][info][gc,marking    ] GC(876) Concurrent Clear Claimed Marks
[2026-06-18T01:15:24.694+0000][13641.428s][info][gc,marking    ] GC(876) Concurrent Clear Claimed Marks 0.203ms
[2026-06-18T01:15:24.694+0000][13641.429s][info][gc,marking    ] GC(876) Concurrent Scan Root Regions
[2026-06-18T01:15:24.696+0000][13641.430s][info][gc,marking    ] GC(876) Concurrent Scan Root Regions 1.364ms
[2026-06-18T01:15:24.696+0000][13641.430s][info][gc,marking    ] GC(876) Concurrent Mark (13641.430s)
[2026-06-18T01:15:24.696+0000][13641.430s][info][gc,marking    ] GC(876) Concurrent Mark From Roots
[2026-06-18T01:15:24.696+0000][13641.430s][info][gc,task       ] GC(876) Using 3 workers of 3 for marking
[2026-06-18T01:15:24.701+0000][13641.435s][info][gc,marking    ] GC(876) Concurrent Mark From Roots 5.053ms
[2026-06-18T01:15:24.701+0000][13641.435s][info][gc,marking    ] GC(876) Concurrent Preclean
[2026-06-18T01:15:24.701+0000][13641.435s][info][gc,marking    ] GC(876) Concurrent Preclean 0.181ms
[2026-06-18T01:15:24.701+0000][13641.435s][info][gc,marking    ] GC(876) Concurrent Mark (13641.430s, 13641.435s) 5.465ms
[2026-06-18T01:15:24.702+0000][13641.436s][info][gc,start      ] GC(876) Pause Remark
[2026-06-18T01:15:24.704+0000][13641.438s][info][gc,stringtable] GC(876) Cleaned string and symbol table, strings: 17405 processed, 0 removed, symbols: 125114 processed, 0 removed
[2026-06-18T01:15:24.704+0000][13641.438s][info][gc            ] GC(876) Pause Remark 204M->204M(512M) 2.737ms
[2026-06-18T01:15:24.704+0000][13641.439s][info][gc,cpu        ] GC(876) User=0.03s Sys=0.00s Real=0.00s
[2026-06-18T01:15:24.704+0000][13641.439s][info][gc,marking    ] GC(876) Concurrent Rebuild Remembered Sets
[2026-06-18T01:15:24.709+0000][13641.443s][info][gc,marking    ] GC(876) Concurrent Rebuild Remembered Sets 4.330ms
[2026-06-18T01:15:24.709+0000][13641.443s][info][gc,start      ] GC(876) Pause Cleanup
[2026-06-18T01:15:24.709+0000][13641.443s][info][gc            ] GC(876) Pause Cleanup 205M->205M(512M) 0.168ms
[2026-06-18T01:15:24.709+0000][13641.443s][info][gc,cpu        ] GC(876) User=0.00s Sys=0.00s Real=0.00s
[2026-06-18T01:15:24.709+0000][13641.443s][info][gc,marking    ] GC(876) Concurrent Cleanup for Next Mark
[2026-06-18T01:15:24.709+0000][13641.444s][info][gc,marking    ] GC(876) Concurrent Cleanup for Next Mark 0.139ms
[2026-06-18T01:15:24.710+0000][13641.444s][info][gc            ] GC(876) Concurrent Cycle 15.433ms
[2026-06-18T01:15:25.955+0000][13642.690s][info][gc,start      ] GC(877) Pause Young (Prepare Mixed) (G1 Evacuation Pause)
[2026-06-18T01:15:25.956+0000][13642.690s][info][gc,task       ] GC(877) Using 13 workers of 13 for evacuation
[2026-06-18T01:15:25.959+0000][13642.693s][info][gc,phases     ] GC(877)   Pre Evacuate Collection Set: 0.0ms
[2026-06-18T01:15:25.959+0000][13642.693s][info][gc,phases     ] GC(877)   Evacuate Collection Set: 2.6ms
[2026-06-18T01:15:25.959+0000][13642.693s][info][gc,phases     ] GC(877)   Post Evacuate Collection Set: 0.3ms
[2026-06-18T01:15:25.959+0000][13642.693s][info][gc,phases     ] GC(877)   Other: 0.3ms
[2026-06-18T01:15:25.959+0000][13642.693s][info][gc,heap       ] GC(877) Eden regions: 246->0(15)
[2026-06-18T01:15:25.959+0000][13642.693s][info][gc,heap       ] GC(877) Survivor regions: 7->10(32)
[2026-06-18T01:15:25.959+0000][13642.693s][info][gc,heap       ] GC(877) Old regions: 48->48
[2026-06-18T01:15:25.959+0000][13642.693s][info][gc,heap       ] GC(877) Humongous regions: 147->147
[2026-06-18T01:15:25.959+0000][13642.693s][info][gc,metaspace  ] GC(877) Metaspace: 52833K(55552K)->52833K(55552K) NonClass: 46893K(48384K)->46893K(48384K) Class: 5940K(7168K)->5940K(7168K)
[2026-06-18T01:15:25.959+0000][13642.693s][info][gc            ] GC(877) Pause Young (Prepare Mixed) (G1 Evacuation Pause) 446M->204M(512M) 3.593ms
[2026-06-18T01:15:25.959+0000][13642.693s][info][gc,cpu        ] GC(877) User=0.03s Sys=0.00s Real=0.01s
[2026-06-18T01:15:26.030+0000][13642.764s][info][gc,start      ] GC(878) Pause Young (Mixed) (G1 Evacuation Pause)
[2026-06-18T01:15:26.030+0000][13642.764s][info][gc,task       ] GC(878) Using 13 workers of 13 for evacuation
[2026-06-18T01:15:26.033+0000][13642.767s][info][gc,phases     ] GC(878)   Pre Evacuate Collection Set: 0.0ms
[2026-06-18T01:15:26.033+0000][13642.768s][info][gc,phases     ] GC(878)   Evacuate Collection Set: 2.8ms
[2026-06-18T01:15:26.033+0000][13642.768s][info][gc,phases     ] GC(878)   Post Evacuate Collection Set: 0.3ms
[2026-06-18T01:15:26.034+0000][13642.768s][info][gc,phases     ] GC(878)   Other: 0.3ms
[2026-06-18T01:15:26.034+0000][13642.768s][info][gc,heap       ] GC(878) Eden regions: 15->0(248)
[2026-06-18T01:15:26.034+0000][13642.768s][info][gc,heap       ] GC(878) Survivor regions: 10->2(4)
[2026-06-18T01:15:26.034+0000][13642.768s][info][gc,heap       ] GC(878) Old regions: 48->48
[2026-06-18T01:15:26.034+0000][13642.768s][info][gc,heap       ] GC(878) Humongous regions: 147->147
[2026-06-18T01:15:26.034+0000][13642.768s][info][gc,metaspace  ] GC(878) Metaspace: 52833K(55552K)->52833K(55552K) NonClass: 46893K(48384K)->46893K(48384K) Class: 5940K(7168K)->5940K(7168K)
[2026-06-18T01:15:26.034+0000][13642.768s][info][gc            ] GC(878) Pause Young (Mixed) (G1 Evacuation Pause) 219M->196M(512M) 3.849ms
[2026-06-18T01:15:26.034+0000][13642.768s][info][gc,cpu        ] GC(878) User=0.03s Sys=0.00s Real=0.00s
[2026-06-18T01:16:14.569+0000][13691.303s][info][gc,start      ] GC(879) Pause Young (Normal) (G1 Evacuation Pause)
[2026-06-18T01:16:14.570+0000][13691.303s][info][gc,task       ] GC(879) Using 13 workers of 13 for evacuation
[2026-06-18T01:16:14.573+0000][13691.307s][info][gc,phases     ] GC(879)   Pre Evacuate Collection Set: 0.0ms
[2026-06-18T01:16:14.573+0000][13691.307s][info][gc,phases     ] GC(879)   Evacuate Collection Set: 2.8ms
[2026-06-18T01:16:14.573+0000][13691.307s][info][gc,phases     ] GC(879)   Post Evacuate Collection Set: 0.3ms
[2026-06-18T01:16:14.573+0000][13691.307s][info][gc,phases     ] GC(879)   Other: 0.3ms
[2026-06-18T01:16:14.573+0000][13691.307s][info][gc,heap       ] GC(879) Eden regions: 248->0(247)
[2026-06-18T01:16:14.573+0000][13691.307s][info][gc,heap       ] GC(879) Survivor regions: 2->4(32)
[2026-06-18T01:16:14.573+0000][13691.307s][info][gc,heap       ] GC(879) Old regions: 48->48
[2026-06-18T01:16:14.573+0000][13691.307s][info][gc,heap       ] GC(879) Humongous regions: 147->147
[2026-06-18T01:16:14.573+0000][13691.307s][info][gc,metaspace  ] GC(879) Metaspace: 52836K(55552K)->52836K(55552K) NonClass: 46896K(48384K)->46896K(48384K) Class: 5940K(7168K)->5940K(7168K)
[2026-06-18T01:16:14.573+0000][13691.307s][info][gc            ] GC(879) Pause Young (Normal) (G1 Evacuation Pause) 444M->198M(512M) 3.958ms
[2026-06-18T01:16:14.573+0000][13691.307s][info][gc,cpu        ] GC(879) User=0.03s Sys=0.00s Real=0.00s
[2026-06-18T01:16:16.274+0000][13693.008s][info][gc,start      ] GC(880) Pause Young (Normal) (G1 Evacuation Pause)
[2026-06-18T01:16:16.274+0000][13693.008s][info][gc,task       ] GC(880) Using 13 workers of 13 for evacuation
[2026-06-18T01:16:16.279+0000][13693.013s][info][gc,phases     ] GC(880)   Pre Evacuate Collection Set: 0.0ms
[2026-06-18T01:16:16.279+0000][13693.013s][info][gc,phases     ] GC(880)   Evacuate Collection Set: 3.4ms
[2026-06-18T01:16:16.279+0000][13693.013s][info][gc,phases     ] GC(880)   Post Evacuate Collection Set: 1.2ms
[2026-06-18T01:16:16.280+0000][13693.013s][info][gc,phases     ] GC(880)   Other: 0.3ms
[2026-06-18T01:16:16.280+0000][13693.013s][info][gc,heap       ] GC(880) Eden regions: 247->0(244)
[2026-06-18T01:16:16.280+0000][13693.013s][info][gc,heap       ] GC(880) Survivor regions: 4->7(32)
[2026-06-18T01:16:16.280+0000][13693.014s][info][gc,heap       ] GC(880) Old regions: 48->48
[2026-06-18T01:16:16.280+0000][13693.014s][info][gc,heap       ] GC(880) Humongous regions: 147->147
[2026-06-18T01:16:16.280+0000][13693.014s][info][gc,metaspace  ] GC(880) Metaspace: 52836K(55552K)->52836K(55552K) NonClass: 46896K(48384K)->46896K(48384K) Class: 5940K(7168K)->5940K(7168K)
[2026-06-18T01:16:16.280+0000][13693.014s][info][gc            ] GC(880) Pause Young (Normal) (G1 Evacuation Pause) 445M->201M(512M) 5.341ms
[2026-06-18T01:16:16.280+0000][13693.014s][info][gc,cpu        ] GC(880) User=0.02s Sys=0.00s Real=0.01s
[2026-06-18T01:16:17.639+0000][13694.373s][info][gc,start      ] GC(881) Pause Young (Concurrent Start) (G1 Evacuation Pause)
[2026-06-18T01:16:17.639+0000][13694.373s][info][gc,task       ] GC(881) Using 13 workers of 13 for evacuation
[2026-06-18T01:16:17.642+0000][13694.376s][info][gc,phases     ] GC(881)   Pre Evacuate Collection Set: 0.3ms
[2026-06-18T01:16:17.642+0000][13694.376s][info][gc,phases     ] GC(881)   Evacuate Collection Set: 1.8ms
[2026-06-18T01:16:17.642+0000][13694.376s][info][gc,phases     ] GC(881)   Post Evacuate Collection Set: 0.3ms
[2026-06-18T01:16:17.642+0000][13694.376s][info][gc,phases     ] GC(881)   Other: 0.4ms
[2026-06-18T01:16:17.642+0000][13694.376s][info][gc,heap       ] GC(881) Eden regions: 244->0(249)
[2026-06-18T01:16:17.642+0000][13694.376s][info][gc,heap       ] GC(881) Survivor regions: 7->3(32)
[2026-06-18T01:16:17.642+0000][13694.376s][info][gc,heap       ] GC(881) Old regions: 48->48
[2026-06-18T01:16:17.642+0000][13694.376s][info][gc,heap       ] GC(881) Humongous regions: 147->147
[2026-06-18T01:16:17.642+0000][13694.376s][info][gc,metaspace  ] GC(881) Metaspace: 52836K(55552K)->52836K(55552K) NonClass: 46896K(48384K)->46896K(48384K) Class: 5940K(7168K)->5940K(7168K)
[2026-06-18T01:16:17.642+0000][13694.376s][info][gc            ] GC(881) Pause Young (Concurrent Start) (G1 Evacuation Pause) 445M->197M(512M) 3.319ms
[2026-06-18T01:16:17.642+0000][13694.376s][info][gc,cpu        ] GC(881) User=0.02s Sys=0.00s Real=0.01s
[2026-06-18T01:16:17.642+0000][13694.376s][info][gc            ] GC(882) Concurrent Cycle
[2026-06-18T01:16:17.642+0000][13694.376s][info][gc,marking    ] GC(882) Concurrent Clear Claimed Marks
[2026-06-18T01:16:17.643+0000][13694.377s][info][gc,marking    ] GC(882) Concurrent Clear Claimed Marks 0.190ms
[2026-06-18T01:16:17.643+0000][13694.377s][info][gc,marking    ] GC(882) Concurrent Scan Root Regions
[2026-06-18T01:16:17.644+0000][13694.377s][info][gc,marking    ] GC(882) Concurrent Scan Root Regions 0.856ms
[2026-06-18T01:16:17.644+0000][13694.378s][info][gc,marking    ] GC(882) Concurrent Mark (13694.378s)
[2026-06-18T01:16:17.644+0000][13694.378s][info][gc,marking    ] GC(882) Concurrent Mark From Roots
[2026-06-18T01:16:17.644+0000][13694.378s][info][gc,task       ] GC(882) Using 3 workers of 3 for marking
[2026-06-18T01:16:17.649+0000][13694.383s][info][gc,marking    ] GC(882) Concurrent Mark From Roots 5.570ms
[2026-06-18T01:16:17.649+0000][13694.383s][info][gc,marking    ] GC(882) Concurrent Preclean
[2026-06-18T01:16:17.650+0000][13694.383s][info][gc,marking    ] GC(882) Concurrent Preclean 0.153ms
[2026-06-18T01:16:17.650+0000][13694.384s][info][gc,marking    ] GC(882) Concurrent Mark (13694.378s, 13694.383s) 5.935ms
[2026-06-18T01:16:17.650+0000][13694.384s][info][gc,start      ] GC(882) Pause Remark
[2026-06-18T01:16:17.652+0000][13694.386s][info][gc,stringtable] GC(882) Cleaned string and symbol table, strings: 17406 processed, 0 removed, symbols: 125114 processed, 0 removed
[2026-06-18T01:16:17.652+0000][13694.386s][info][gc            ] GC(882) Pause Remark 201M->201M(512M) 2.681ms
[2026-06-18T01:16:17.653+0000][13694.386s][info][gc,cpu        ] GC(882) User=0.03s Sys=0.00s Real=0.00s
[2026-06-18T01:16:17.653+0000][13694.387s][info][gc,marking    ] GC(882) Concurrent Rebuild Remembered Sets
[2026-06-18T01:16:17.657+0000][13694.391s][info][gc,marking    ] GC(882) Concurrent Rebuild Remembered Sets 4.216ms
[2026-06-18T01:16:17.657+0000][13694.391s][info][gc,start      ] GC(882) Pause Cleanup
[2026-06-18T01:16:17.657+0000][13694.391s][info][gc            ] GC(882) Pause Cleanup 202M->202M(512M) 0.168ms
[2026-06-18T01:16:17.657+0000][13694.391s][info][gc,cpu        ] GC(882) User=0.00s Sys=0.00s Real=0.00s
[2026-06-18T01:16:17.657+0000][13694.391s][info][gc,marking    ] GC(882) Concurrent Cleanup for Next Mark
[2026-06-18T01:16:17.657+0000][13694.391s][info][gc,marking    ] GC(882) Concurrent Cleanup for Next Mark 0.144ms
[2026-06-18T01:16:17.658+0000][13694.391s][info][gc            ] GC(882) Concurrent Cycle 15.150ms
[2026-06-18T01:17:06.105+0000][13742.838s][info][gc,start      ] GC(883) Pause Young (Prepare Mixed) (G1 Evacuation Pause)
[2026-06-18T01:17:06.105+0000][13742.839s][info][gc,task       ] GC(883) Using 13 workers of 13 for evacuation
[2026-06-18T01:17:06.109+0000][13742.842s][info][gc,phases     ] GC(883)   Pre Evacuate Collection Set: 0.0ms
[2026-06-18T01:17:06.109+0000][13742.842s][info][gc,phases     ] GC(883)   Evacuate Collection Set: 2.6ms
[2026-06-18T01:17:06.109+0000][13742.842s][info][gc,phases     ] GC(883)   Post Evacuate Collection Set: 0.4ms
[2026-06-18T01:17:06.109+0000][13742.842s][info][gc,phases     ] GC(883)   Other: 0.7ms
[2026-06-18T01:17:06.109+0000][13742.842s][info][gc,heap       ] GC(883) Eden regions: 249->0(18)
[2026-06-18T01:17:06.109+0000][13742.842s][info][gc,heap       ] GC(883) Survivor regions: 3->7(32)
[2026-06-18T01:17:06.109+0000][13742.842s][info][gc,heap       ] GC(883) Old regions: 48->48
[2026-06-18T01:17:06.109+0000][13742.842s][info][gc,heap       ] GC(883) Humongous regions: 147->147
[2026-06-18T01:17:06.109+0000][13742.842s][info][gc,metaspace  ] GC(883) Metaspace: 52836K(55552K)->52836K(55552K) NonClass: 46896K(48384K)->46896K(48384K) Class: 5940K(7168K)->5940K(7168K)
[2026-06-18T01:17:06.109+0000][13742.842s][info][gc            ] GC(883) Pause Young (Prepare Mixed) (G1 Evacuation Pause) 446M->200M(512M) 4.245ms
[2026-06-18T01:17:06.109+0000][13742.842s][info][gc,cpu        ] GC(883) User=0.03s Sys=0.00s Real=0.00s
[2026-06-18T01:17:06.238+0000][13742.972s][info][gc,start      ] GC(884) Pause Young (Mixed) (G1 Evacuation Pause)
[2026-06-18T01:17:06.239+0000][13742.972s][info][gc,task       ] GC(884) Using 13 workers of 13 for evacuation
[2026-06-18T01:17:06.242+0000][13742.976s][info][gc,phases     ] GC(884)   Pre Evacuate Collection Set: 0.0ms
[2026-06-18T01:17:06.243+0000][13742.976s][info][gc,phases     ] GC(884)   Evacuate Collection Set: 3.2ms
[2026-06-18T01:17:06.243+0000][13742.976s][info][gc,phases     ] GC(884)   Post Evacuate Collection Set: 0.4ms
[2026-06-18T01:17:06.243+0000][13742.976s][info][gc,phases     ] GC(884)   Other: 0.4ms
[2026-06-18T01:17:06.243+0000][13742.976s][info][gc,heap       ] GC(884) Eden regions: 18->0(247)
[2026-06-18T01:17:06.243+0000][13742.976s][info][gc,heap       ] GC(884) Survivor regions: 7->2(4)
[2026-06-18T01:17:06.243+0000][13742.976s][info][gc,heap       ] GC(884) Old regions: 48->51
[2026-06-18T01:17:06.243+0000][13742.976s][info][gc,heap       ] GC(884) Humongous regions: 147->147
[2026-06-18T01:17:06.243+0000][13742.976s][info][gc,metaspace  ] GC(884) Metaspace: 52836K(55552K)->52836K(55552K) NonClass: 46896K(48384K)->46896K(48384K) Class: 5940K(7168K)->5940K(7168K)
[2026-06-18T01:17:06.243+0000][13742.976s][info][gc            ] GC(884) Pause Young (Mixed) (G1 Evacuation Pause) 218M->199M(512M) 4.557ms
[2026-06-18T01:17:06.243+0000][13742.976s][info][gc,cpu        ] GC(884) User=0.03s Sys=0.00s Real=0.01s
[2026-06-18T01:17:07.744+0000][13744.477s][info][gc,start      ] GC(885) Pause Young (Normal) (G1 Evacuation Pause)
[2026-06-18T01:17:07.744+0000][13744.477s][info][gc,task       ] GC(885) Using 13 workers of 13 for evacuation
[2026-06-18T01:17:07.747+0000][13744.480s][info][gc,phases     ] GC(885)   Pre Evacuate Collection Set: 0.0ms
[2026-06-18T01:17:07.747+0000][13744.480s][info][gc,phases     ] GC(885)   Evacuate Collection Set: 1.8ms
[2026-06-18T01:17:07.747+0000][13744.480s][info][gc,phases     ] GC(885)   Post Evacuate Collection Set: 0.3ms
[2026-06-18T01:17:07.747+0000][13744.480s][info][gc,phases     ] GC(885)   Other: 0.3ms
[2026-06-18T01:17:07.747+0000][13744.480s][info][gc,heap       ] GC(885) Eden regions: 247->0(247)
[2026-06-18T01:17:07.747+0000][13744.480s][info][gc,heap       ] GC(885) Survivor regions: 2->3(32)
[2026-06-18T01:17:07.747+0000][13744.480s][info][gc,heap       ] GC(885) Old regions: 51->51
[2026-06-18T01:17:07.747+0000][13744.480s][info][gc,heap       ] GC(885) Humongous regions: 147->147
[2026-06-18T01:17:07.747+0000][13744.480s][info][gc,metaspace  ] GC(885) Metaspace: 52836K(55552K)->52836K(55552K) NonClass: 46896K(48384K)->46896K(48384K) Class: 5940K(7168K)->5940K(7168K)
[2026-06-18T01:17:07.747+0000][13744.480s][info][gc            ] GC(885) Pause Young (Normal) (G1 Evacuation Pause) 446M->200M(512M) 2.868ms
[2026-06-18T01:17:07.747+0000][13744.480s][info][gc,cpu        ] GC(885) User=0.02s Sys=0.00s Real=0.00s
[2026-06-18T01:17:09.044+0000][13745.777s][info][gc,start      ] GC(886) Pause Young (Normal) (G1 Evacuation Pause)
[2026-06-18T01:17:09.044+0000][13745.777s][info][gc,task       ] GC(886) Using 13 workers of 13 for evacuation
[2026-06-18T01:17:09.047+0000][13745.780s][info][gc,phases     ] GC(886)   Pre Evacuate Collection Set: 0.0ms
[2026-06-18T01:17:09.047+0000][13745.780s][info][gc,phases     ] GC(886)   Evacuate Collection Set: 2.6ms
[2026-06-18T01:17:09.047+0000][13745.780s][info][gc,phases     ] GC(886)   Post Evacuate Collection Set: 0.4ms
[2026-06-18T01:17:09.047+0000][13745.780s][info][gc,phases     ] GC(886)   Other: 0.4ms
[2026-06-18T01:17:09.047+0000][13745.780s][info][gc,heap       ] GC(886) Eden regions: 247->0(242)
[2026-06-18T01:17:09.047+0000][13745.780s][info][gc,heap       ] GC(886) Survivor regions: 3->7(32)
[2026-06-18T01:17:09.047+0000][13745.780s][info][gc,heap       ] GC(886) Old regions: 51->51
[2026-06-18T01:17:09.047+0000][13745.781s][info][gc,heap       ] GC(886) Humongous regions: 147->147
[2026-06-18T01:17:09.047+0000][13745.781s][info][gc,metaspace  ] GC(886) Metaspace: 52836K(55552K)->52836K(55552K) NonClass: 46896K(48384K)->46896K(48384K) Class: 5940K(7168K)->5940K(7168K)
[2026-06-18T01:17:09.048+0000][13745.781s][info][gc            ] GC(886) Pause Young (Normal) (G1 Evacuation Pause) 447M->204M(512M) 4.028ms
[2026-06-18T01:17:09.048+0000][13745.781s][info][gc,cpu        ] GC(886) User=0.03s Sys=0.00s Real=0.00s
[2026-06-18T01:17:10.249+0000][13746.982s][info][gc,start      ] GC(887) Pause Young (Concurrent Start) (G1 Evacuation Pause)
[2026-06-18T01:17:10.249+0000][13746.982s][info][gc,task       ] GC(887) Using 13 workers of 13 for evacuation
[2026-06-18T01:17:10.252+0000][13746.985s][info][gc,phases     ] GC(887)   Pre Evacuate Collection Set: 0.3ms
[2026-06-18T01:17:10.252+0000][13746.985s][info][gc,phases     ] GC(887)   Evacuate Collection Set: 1.5ms
[2026-06-18T01:17:10.252+0000][13746.985s][info][gc,phases     ] GC(887)   Post Evacuate Collection Set: 0.4ms
[2026-06-18T01:17:10.252+0000][13746.985s][info][gc,phases     ] GC(887)   Other: 0.3ms
[2026-06-18T01:17:10.252+0000][13746.985s][info][gc,heap       ] GC(887) Eden regions: 242->0(247)
[2026-06-18T01:17:10.252+0000][13746.985s][info][gc,heap       ] GC(887) Survivor regions: 7->3(32)
[2026-06-18T01:17:10.252+0000][13746.985s][info][gc,heap       ] GC(887) Old regions: 51->51
[2026-06-18T01:17:10.252+0000][13746.985s][info][gc,heap       ] GC(887) Humongous regions: 147->147
[2026-06-18T01:17:10.252+0000][13746.985s][info][gc,metaspace  ] GC(887) Metaspace: 52836K(55552K)->52836K(55552K) NonClass: 46896K(48384K)->46896K(48384K) Class: 5940K(7168K)->5940K(7168K)
[2026-06-18T01:17:10.252+0000][13746.985s][info][gc            ] GC(887) Pause Young (Concurrent Start) (G1 Evacuation Pause) 446M->200M(512M) 2.891ms
[2026-06-18T01:17:10.252+0000][13746.985s][info][gc,cpu        ] GC(887) User=0.01s Sys=0.00s Real=0.01s
[2026-06-18T01:17:10.252+0000][13746.985s][info][gc            ] GC(888) Concurrent Cycle
[2026-06-18T01:17:10.252+0000][13746.985s][info][gc,marking    ] GC(888) Concurrent Clear Claimed Marks
[2026-06-18T01:17:10.252+0000][13746.985s][info][gc,marking    ] GC(888) Concurrent Clear Claimed Marks 0.161ms
[2026-06-18T01:17:10.252+0000][13746.985s][info][gc,marking    ] GC(888) Concurrent Scan Root Regions
[2026-06-18T01:17:10.253+0000][13746.987s][info][gc,marking    ] GC(888) Concurrent Scan Root Regions 1.097ms
[2026-06-18T01:17:10.254+0000][13746.987s][info][gc,marking    ] GC(888) Concurrent Mark (13746.987s)
[2026-06-18T01:17:10.254+0000][13746.987s][info][gc,marking    ] GC(888) Concurrent Mark From Roots
[2026-06-18T01:17:10.254+0000][13746.987s][info][gc,task       ] GC(888) Using 3 workers of 3 for marking
[2026-06-18T01:17:10.260+0000][13746.993s][info][gc,marking    ] GC(888) Concurrent Mark From Roots 5.957ms
[2026-06-18T01:17:10.260+0000][13746.993s][info][gc,marking    ] GC(888) Concurrent Preclean
[2026-06-18T01:17:10.260+0000][13746.993s][info][gc,marking    ] GC(888) Concurrent Preclean 0.156ms
[2026-06-18T01:17:10.260+0000][13746.993s][info][gc,marking    ] GC(888) Concurrent Mark (13746.987s, 13746.993s) 6.436ms
[2026-06-18T01:17:10.260+0000][13746.993s][info][gc,start      ] GC(888) Pause Remark
[2026-06-18T01:17:10.263+0000][13746.996s][info][gc,stringtable] GC(888) Cleaned string and symbol table, strings: 17406 processed, 0 removed, symbols: 125114 processed, 0 removed
[2026-06-18T01:17:10.263+0000][13746.996s][info][gc            ] GC(888) Pause Remark 204M->204M(512M) 2.779ms
[2026-06-18T01:17:10.263+0000][13746.996s][info][gc,cpu        ] GC(888) User=0.03s Sys=0.00s Real=0.00s
[2026-06-18T01:17:10.263+0000][13746.996s][info][gc,marking    ] GC(888) Concurrent Rebuild Remembered Sets
[2026-06-18T01:17:10.267+0000][13747.000s][info][gc,marking    ] GC(888) Concurrent Rebuild Remembered Sets 4.061ms
[2026-06-18T01:17:10.267+0000][13747.000s][info][gc,start      ] GC(888) Pause Cleanup
[2026-06-18T01:17:10.268+0000][13747.001s][info][gc            ] GC(888) Pause Cleanup 206M->206M(512M) 0.177ms
[2026-06-18T01:17:10.268+0000][13747.001s][info][gc,cpu        ] GC(888) User=0.00s Sys=0.00s Real=0.00s
[2026-06-18T01:17:10.268+0000][13747.001s][info][gc,marking    ] GC(888) Concurrent Cleanup for Next Mark
[2026-06-18T01:17:10.268+0000][13747.001s][info][gc,marking    ] GC(888) Concurrent Cleanup for Next Mark 0.140ms
[2026-06-18T01:17:10.268+0000][13747.001s][info][gc            ] GC(888) Concurrent Cycle 15.799ms
[2026-06-18T01:17:58.838+0000][13795.571s][info][gc,start      ] GC(889) Pause Young (Prepare Mixed) (G1 Evacuation Pause)
[2026-06-18T01:17:58.838+0000][13795.571s][info][gc,task       ] GC(889) Using 13 workers of 13 for evacuation
[2026-06-18T01:17:58.840+0000][13795.573s][info][gc,phases     ] GC(889)   Pre Evacuate Collection Set: 0.0ms
[2026-06-18T01:17:58.840+0000][13795.573s][info][gc,phases     ] GC(889)   Evacuate Collection Set: 1.9ms
[2026-06-18T01:17:58.841+0000][13795.573s][info][gc,phases     ] GC(889)   Post Evacuate Collection Set: 0.4ms
[2026-06-18T01:17:58.841+0000][13795.573s][info][gc,phases     ] GC(889)   Other: 0.3ms
[2026-06-18T01:17:58.841+0000][13795.573s][info][gc,heap       ] GC(889) Eden regions: 247->0(18)
[2026-06-18T01:17:58.841+0000][13795.573s][info][gc,heap       ] GC(889) Survivor regions: 3->7(32)
[2026-06-18T01:17:58.841+0000][13795.574s][info][gc,heap       ] GC(889) Old regions: 51->51
[2026-06-18T01:17:58.841+0000][13795.574s][info][gc,heap       ] GC(889) Humongous regions: 147->147
[2026-06-18T01:17:58.841+0000][13795.574s][info][gc,metaspace  ] GC(889) Metaspace: 52836K(55552K)->52836K(55552K) NonClass: 46896K(48384K)->46896K(48384K) Class: 5940K(7168K)->5940K(7168K)
[2026-06-18T01:17:58.841+0000][13795.574s][info][gc            ] GC(889) Pause Young (Prepare Mixed) (G1 Evacuation Pause) 447M->203M(512M) 3.116ms
[2026-06-18T01:17:58.841+0000][13795.574s][info][gc,cpu        ] GC(889) User=0.03s Sys=0.00s Real=0.01s
[2026-06-18T01:17:58.964+0000][13795.697s][info][gc,start      ] GC(890) Pause Young (Mixed) (G1 Evacuation Pause)
[2026-06-18T01:17:58.964+0000][13795.697s][info][gc,task       ] GC(890) Using 13 workers of 13 for evacuation
[2026-06-18T01:17:58.971+0000][13795.704s][info][gc,phases     ] GC(890)   Pre Evacuate Collection Set: 0.0ms
[2026-06-18T01:17:58.971+0000][13795.704s][info][gc,phases     ] GC(890)   Evacuate Collection Set: 5.0ms
[2026-06-18T01:17:58.971+0000][13795.704s][info][gc,phases     ] GC(890)   Post Evacuate Collection Set: 0.9ms
[2026-06-18T01:17:58.971+0000][13795.704s][info][gc,phases     ] GC(890)   Other: 0.5ms
[2026-06-18T01:17:58.971+0000][13795.704s][info][gc,heap       ] GC(890) Eden regions: 18->0(246)
[2026-06-18T01:17:58.971+0000][13795.704s][info][gc,heap       ] GC(890) Survivor regions: 7->2(4)
[2026-06-18T01:17:58.971+0000][13795.704s][info][gc,heap       ] GC(890) Old regions: 51->52
[2026-06-18T01:17:58.971+0000][13795.704s][info][gc,heap       ] GC(890) Humongous regions: 147->147
[2026-06-18T01:17:58.971+0000][13795.704s][info][gc,metaspace  ] GC(890) Metaspace: 52836K(55552K)->52836K(55552K) NonClass: 46896K(48384K)->46896K(48384K) Class: 5940K(7168K)->5940K(7168K)
[2026-06-18T01:17:58.971+0000][13795.704s][info][gc            ] GC(890) Pause Young (Mixed) (G1 Evacuation Pause) 221M->199M(512M) 6.855ms
[2026-06-18T01:17:58.971+0000][13795.704s][info][gc,cpu        ] GC(890) User=0.02s Sys=0.00s Real=0.01s
[2026-06-18T01:18:00.557+0000][13797.290s][info][gc,start      ] GC(891) Pause Young (Normal) (G1 Evacuation Pause)
[2026-06-18T01:18:00.558+0000][13797.290s][info][gc,task       ] GC(891) Using 13 workers of 13 for evacuation
[2026-06-18T01:18:00.559+0000][13797.292s][info][gc,phases     ] GC(891)   Pre Evacuate Collection Set: 0.0ms
[2026-06-18T01:18:00.560+0000][13797.292s][info][gc,phases     ] GC(891)   Evacuate Collection Set: 1.3ms
[2026-06-18T01:18:00.560+0000][13797.292s][info][gc,phases     ] GC(891)   Post Evacuate Collection Set: 0.3ms
[2026-06-18T01:18:00.560+0000][13797.292s][info][gc,phases     ] GC(891)   Other: 0.3ms
[2026-06-18T01:18:00.560+0000][13797.292s][info][gc,heap       ] GC(891) Eden regions: 246->0(246)
[2026-06-18T01:18:00.560+0000][13797.293s][info][gc,heap       ] GC(891) Survivor regions: 2->3(31)
[2026-06-18T01:18:00.560+0000][13797.293s][info][gc,heap       ] GC(891) Old regions: 52->52
[2026-06-18T01:18:00.560+0000][13797.293s][info][gc,heap       ] GC(891) Humongous regions: 147->147
[2026-06-18T01:18:00.560+0000][13797.293s][info][gc,metaspace  ] GC(891) Metaspace: 52836K(55552K)->52836K(55552K) NonClass: 46896K(48384K)->46896K(48384K) Class: 5940K(7168K)->5940K(7168K)
[2026-06-18T01:18:00.560+0000][13797.293s][info][gc            ] GC(891) Pause Young (Normal) (G1 Evacuation Pause) 445M->200M(512M) 2.505ms
[2026-06-18T01:18:00.560+0000][13797.293s][info][gc,cpu        ] GC(891) User=0.01s Sys=0.00s Real=0.00s
[2026-06-18T01:18:01.833+0000][13798.566s][info][gc,start      ] GC(892) Pause Young (Normal) (G1 Evacuation Pause)
[2026-06-18T01:18:01.833+0000][13798.566s][info][gc,task       ] GC(892) Using 13 workers of 13 for evacuation
[2026-06-18T01:18:01.835+0000][13798.568s][info][gc,phases     ] GC(892)   Pre Evacuate Collection Set: 0.0ms
[2026-06-18T01:18:01.835+0000][13798.568s][info][gc,phases     ] GC(892)   Evacuate Collection Set: 1.4ms
[2026-06-18T01:18:01.835+0000][13798.568s][info][gc,phases     ] GC(892)   Post Evacuate Collection Set: 0.3ms
[2026-06-18T01:18:01.835+0000][13798.568s][info][gc,phases     ] GC(892)   Other: 0.3ms
[2026-06-18T01:18:01.835+0000][13798.568s][info][gc,heap       ] GC(892) Eden regions: 246->0(244)
[2026-06-18T01:18:01.835+0000][13798.568s][info][gc,heap       ] GC(892) Survivor regions: 3->6(32)
[2026-06-18T01:18:01.835+0000][13798.568s][info][gc,heap       ] GC(892) Old regions: 52->52
[2026-06-18T01:18:01.835+0000][13798.568s][info][gc,heap       ] GC(892) Humongous regions: 147->147
[2026-06-18T01:18:01.835+0000][13798.568s][info][gc,metaspace  ] GC(892) Metaspace: 52836K(55552K)->52836K(55552K) NonClass: 46896K(48384K)->46896K(48384K) Class: 5940K(7168K)->5940K(7168K)
[2026-06-18T01:18:01.835+0000][13798.568s][info][gc            ] GC(892) Pause Young (Normal) (G1 Evacuation Pause) 446M->203M(512M) 2.536ms
[2026-06-18T01:18:01.835+0000][13798.568s][info][gc,cpu        ] GC(892) User=0.02s Sys=0.00s Real=0.00s
[2026-06-18T01:18:50.226+0000][13846.958s][info][gc,start      ] GC(893) Pause Young (Concurrent Start) (G1 Evacuation Pause)
[2026-06-18T01:18:50.226+0000][13846.959s][info][gc,task       ] GC(893) Using 13 workers of 13 for evacuation
[2026-06-18T01:18:50.230+0000][13846.963s][info][gc,phases     ] GC(893)   Pre Evacuate Collection Set: 0.3ms
[2026-06-18T01:18:50.230+0000][13846.963s][info][gc,phases     ] GC(893)   Evacuate Collection Set: 3.3ms
[2026-06-18T01:18:50.230+0000][13846.963s][info][gc,phases     ] GC(893)   Post Evacuate Collection Set: 0.3ms
[2026-06-18T01:18:50.231+0000][13846.963s][info][gc,phases     ] GC(893)   Other: 0.6ms
[2026-06-18T01:18:50.231+0000][13846.963s][info][gc,heap       ] GC(893) Eden regions: 244->0(246)
[2026-06-18T01:18:50.231+0000][13846.963s][info][gc,heap       ] GC(893) Survivor regions: 6->4(32)
[2026-06-18T01:18:50.231+0000][13846.963s][info][gc,heap       ] GC(893) Old regions: 52->52
[2026-06-18T01:18:50.231+0000][13846.963s][info][gc,heap       ] GC(893) Humongous regions: 147->147
[2026-06-18T01:18:50.231+0000][13846.963s][info][gc,metaspace  ] GC(893) Metaspace: 52836K(55552K)->52836K(55552K) NonClass: 46896K(48384K)->46896K(48384K) Class: 5940K(7168K)->5940K(7168K)
[2026-06-18T01:18:50.231+0000][13846.963s][info][gc            ] GC(893) Pause Young (Concurrent Start) (G1 Evacuation Pause) 447M->201M(512M) 5.007ms
[2026-06-18T01:18:50.231+0000][13846.963s][info][gc,cpu        ] GC(893) User=0.02s Sys=0.00s Real=0.01s
[2026-06-18T01:18:50.231+0000][13846.964s][info][gc            ] GC(894) Concurrent Cycle
[2026-06-18T01:18:50.231+0000][13846.964s][info][gc,marking    ] GC(894) Concurrent Clear Claimed Marks
[2026-06-18T01:18:50.231+0000][13846.964s][info][gc,marking    ] GC(894) Concurrent Clear Claimed Marks 0.218ms
[2026-06-18T01:18:50.231+0000][13846.964s][info][gc,marking    ] GC(894) Concurrent Scan Root Regions
[2026-06-18T01:18:50.232+0000][13846.965s][info][gc,marking    ] GC(894) Concurrent Scan Root Regions 0.994ms
[2026-06-18T01:18:50.233+0000][13846.965s][info][gc,marking    ] GC(894) Concurrent Mark (13846.965s)
[2026-06-18T01:18:50.233+0000][13846.965s][info][gc,marking    ] GC(894) Concurrent Mark From Roots
[2026-06-18T01:18:50.233+0000][13846.966s][info][gc,task       ] GC(894) Using 3 workers of 3 for marking
[2026-06-18T01:18:50.239+0000][13846.972s][info][gc,marking    ] GC(894) Concurrent Mark From Roots 6.296ms
[2026-06-18T01:18:50.239+0000][13846.972s][info][gc,marking    ] GC(894) Concurrent Preclean
[2026-06-18T01:18:50.240+0000][13846.972s][info][gc,marking    ] GC(894) Concurrent Preclean 0.186ms
[2026-06-18T01:18:50.240+0000][13846.972s][info][gc,marking    ] GC(894) Concurrent Mark (13846.965s, 13846.972s) 7.082ms
[2026-06-18T01:18:50.240+0000][13846.972s][info][gc,start      ] GC(894) Pause Remark
[2026-06-18T01:18:50.243+0000][13846.975s][info][gc,stringtable] GC(894) Cleaned string and symbol table, strings: 17410 processed, 0 removed, symbols: 125114 processed, 0 removed
[2026-06-18T01:18:50.243+0000][13846.976s][info][gc            ] GC(894) Pause Remark 205M->205M(512M) 3.396ms
[2026-06-18T01:18:50.243+0000][13846.976s][info][gc,cpu        ] GC(894) User=0.02s Sys=0.00s Real=0.01s
[2026-06-18T01:18:50.243+0000][13846.976s][info][gc,marking    ] GC(894) Concurrent Rebuild Remembered Sets
[2026-06-18T01:18:50.248+0000][13846.980s][info][gc,marking    ] GC(894) Concurrent Rebuild Remembered Sets 4.376ms
[2026-06-18T01:18:50.248+0000][13846.981s][info][gc,start      ] GC(894) Pause Cleanup
[2026-06-18T01:18:50.248+0000][13846.981s][info][gc            ] GC(894) Pause Cleanup 206M->206M(512M) 0.195ms
[2026-06-18T01:18:50.248+0000][13846.981s][info][gc,cpu        ] GC(894) User=0.00s Sys=0.00s Real=0.00s
[2026-06-18T01:18:50.248+0000][13846.981s][info][gc,marking    ] GC(894) Concurrent Cleanup for Next Mark
[2026-06-18T01:18:50.249+0000][13846.981s][info][gc,marking    ] GC(894) Concurrent Cleanup for Next Mark 0.204ms
[2026-06-18T01:18:50.249+0000][13846.981s][info][gc            ] GC(894) Concurrent Cycle 17.676ms
[2026-06-18T01:18:51.765+0000][13848.498s][info][gc,start      ] GC(895) Pause Young (Prepare Mixed) (G1 Evacuation Pause)
[2026-06-18T01:18:51.765+0000][13848.498s][info][gc,task       ] GC(895) Using 13 workers of 13 for evacuation
[2026-06-18T01:18:51.775+0000][13848.507s][info][gc,phases     ] GC(895)   Pre Evacuate Collection Set: 0.0ms
[2026-06-18T01:18:51.775+0000][13848.507s][info][gc,phases     ] GC(895)   Evacuate Collection Set: 8.4ms
[2026-06-18T01:18:51.775+0000][13848.507s][info][gc,phases     ] GC(895)   Post Evacuate Collection Set: 0.4ms
[2026-06-18T01:18:51.775+0000][13848.507s][info][gc,phases     ] GC(895)   Other: 0.3ms
[2026-06-18T01:18:51.775+0000][13848.507s][info][gc,heap       ] GC(895) Eden regions: 246->0(18)
[2026-06-18T01:18:51.775+0000][13848.507s][info][gc,heap       ] GC(895) Survivor regions: 4->7(32)
[2026-06-18T01:18:51.775+0000][13848.507s][info][gc,heap       ] GC(895) Old regions: 52->52
[2026-06-18T01:18:51.775+0000][13848.507s][info][gc,heap       ] GC(895) Humongous regions: 147->147
[2026-06-18T01:18:51.775+0000][13848.508s][info][gc,metaspace  ] GC(895) Metaspace: 52836K(55552K)->52836K(55552K) NonClass: 46896K(48384K)->46896K(48384K) Class: 5940K(7168K)->5940K(7168K)
[2026-06-18T01:18:51.775+0000][13848.508s][info][gc            ] GC(895) Pause Young (Prepare Mixed) (G1 Evacuation Pause) 447M->204M(512M) 9.791ms
[2026-06-18T01:18:51.775+0000][13848.508s][info][gc,cpu        ] GC(895) User=0.06s Sys=0.00s Real=0.01s
[2026-06-18T01:18:51.873+0000][13848.606s][info][gc,start      ] GC(896) Pause Young (Mixed) (G1 Evacuation Pause)
[2026-06-18T01:18:51.873+0000][13848.606s][info][gc,task       ] GC(896) Using 13 workers of 13 for evacuation
[2026-06-18T01:18:51.884+0000][13848.616s][info][gc,phases     ] GC(896)   Pre Evacuate Collection Set: 0.0ms
[2026-06-18T01:18:51.884+0000][13848.616s][info][gc,phases     ] GC(896)   Evacuate Collection Set: 9.9ms
[2026-06-18T01:18:51.884+0000][13848.616s][info][gc,phases     ] GC(896)   Post Evacuate Collection Set: 0.4ms
[2026-06-18T01:18:51.884+0000][13848.616s][info][gc,phases     ] GC(896)   Other: 0.3ms
[2026-06-18T01:18:51.884+0000][13848.616s][info][gc,heap       ] GC(896) Eden regions: 18->0(248)
[2026-06-18T01:18:51.884+0000][13848.617s][info][gc,heap       ] GC(896) Survivor regions: 7->2(4)
[2026-06-18T01:18:51.884+0000][13848.617s][info][gc,heap       ] GC(896) Old regions: 52->51
[2026-06-18T01:18:51.884+0000][13848.617s][info][gc,heap       ] GC(896) Humongous regions: 147->147
[2026-06-18T01:18:51.884+0000][13848.617s][info][gc,metaspace  ] GC(896) Metaspace: 52836K(55552K)->52836K(55552K) NonClass: 46896K(48384K)->46896K(48384K) Class: 5940K(7168K)->5940K(7168K)
[2026-06-18T01:18:51.884+0000][13848.617s][info][gc            ] GC(896) Pause Young (Mixed) (G1 Evacuation Pause) 222M->199M(512M) 11.104ms
[2026-06-18T01:18:51.884+0000][13848.617s][info][gc,cpu        ] GC(896) User=0.07s Sys=0.00s Real=0.01s
[2026-06-18T01:18:53.217+0000][13849.950s][info][gc,start      ] GC(897) Pause Young (Normal) (G1 Evacuation Pause)
[2026-06-18T01:18:53.217+0000][13849.950s][info][gc,task       ] GC(897) Using 13 workers of 13 for evacuation
[2026-06-18T01:18:53.219+0000][13849.952s][info][gc,phases     ] GC(897)   Pre Evacuate Collection Set: 0.0ms
[2026-06-18T01:18:53.219+0000][13849.952s][info][gc,phases     ] GC(897)   Evacuate Collection Set: 1.6ms
[2026-06-18T01:18:53.219+0000][13849.952s][info][gc,phases     ] GC(897)   Post Evacuate Collection Set: 0.3ms
[2026-06-18T01:18:53.220+0000][13849.952s][info][gc,phases     ] GC(897)   Other: 0.3ms
[2026-06-18T01:18:53.220+0000][13849.952s][info][gc,heap       ] GC(897) Eden regions: 248->0(249)
[2026-06-18T01:18:53.220+0000][13849.952s][info][gc,heap       ] GC(897) Survivor regions: 2->2(32)
[2026-06-18T01:18:53.220+0000][13849.952s][info][gc,heap       ] GC(897) Old regions: 51->51
[2026-06-18T01:18:53.220+0000][13849.952s][info][gc,heap       ] GC(897) Humongous regions: 147->147
[2026-06-18T01:18:53.220+0000][13849.952s][info][gc,metaspace  ] GC(897) Metaspace: 52836K(55552K)->52836K(55552K) NonClass: 46896K(48384K)->46896K(48384K) Class: 5940K(7168K)->5940K(7168K)
[2026-06-18T01:18:53.220+0000][13849.952s][info][gc            ] GC(897) Pause Young (Normal) (G1 Evacuation Pause) 447M->199M(512M) 2.674ms
[2026-06-18T01:18:53.220+0000][13849.952s][info][gc,cpu        ] GC(897) User=0.02s Sys=0.00s Real=0.00s
[2026-06-18T01:18:54.416+0000][13851.149s][info][gc,start      ] GC(898) Pause Young (Normal) (G1 Evacuation Pause)
[2026-06-18T01:18:54.416+0000][13851.149s][info][gc,task       ] GC(898) Using 13 workers of 13 for evacuation
[2026-06-18T01:18:54.418+0000][13851.151s][info][gc,phases     ] GC(898)   Pre Evacuate Collection Set: 0.0ms
[2026-06-18T01:18:54.418+0000][13851.151s][info][gc,phases     ] GC(898)   Evacuate Collection Set: 1.4ms
[2026-06-18T01:18:54.418+0000][13851.151s][info][gc,phases     ] GC(898)   Post Evacuate Collection Set: 0.3ms
[2026-06-18T01:18:54.418+0000][13851.151s][info][gc,phases     ] GC(898)   Other: 0.3ms
[2026-06-18T01:18:54.418+0000][13851.151s][info][gc,heap       ] GC(898) Eden regions: 249->0(246)
[2026-06-18T01:18:54.418+0000][13851.151s][info][gc,heap       ] GC(898) Survivor regions: 2->5(32)
[2026-06-18T01:18:54.418+0000][13851.151s][info][gc,heap       ] GC(898) Old regions: 51->51
[2026-06-18T01:18:54.418+0000][13851.151s][info][gc,heap       ] GC(898) Humongous regions: 147->147
[2026-06-18T01:18:54.419+0000][13851.151s][info][gc,metaspace  ] GC(898) Metaspace: 52836K(55552K)->52836K(55552K) NonClass: 46896K(48384K)->46896K(48384K) Class: 5940K(7168K)->5940K(7168K)
[2026-06-18T01:18:54.419+0000][13851.151s][info][gc            ] GC(898) Pause Young (Normal) (G1 Evacuation Pause) 448M->202M(512M) 2.423ms
[2026-06-18T01:18:54.419+0000][13851.151s][info][gc,cpu        ] GC(898) User=0.02s Sys=0.00s Real=0.00s
[2026-06-18T01:19:42.946+0000][13899.678s][info][gc,start      ] GC(899) Pause Young (Concurrent Start) (G1 Evacuation Pause)
[2026-06-18T01:19:42.946+0000][13899.678s][info][gc,task       ] GC(899) Using 13 workers of 13 for evacuation
[2026-06-18T01:19:42.949+0000][13899.681s][info][gc,phases     ] GC(899)   Pre Evacuate Collection Set: 0.3ms
[2026-06-18T01:19:42.949+0000][13899.681s][info][gc,phases     ] GC(899)   Evacuate Collection Set: 2.4ms
[2026-06-18T01:19:42.949+0000][13899.681s][info][gc,phases     ] GC(899)   Post Evacuate Collection Set: 0.4ms
[2026-06-18T01:19:42.949+0000][13899.681s][info][gc,phases     ] GC(899)   Other: 0.4ms
[2026-06-18T01:19:42.950+0000][13899.681s][info][gc,heap       ] GC(899) Eden regions: 246->0(239)
[2026-06-18T01:19:42.950+0000][13899.682s][info][gc,heap       ] GC(899) Survivor regions: 5->9(32)
[2026-06-18T01:19:42.950+0000][13899.682s][info][gc,heap       ] GC(899) Old regions: 51->51
[2026-06-18T01:19:42.950+0000][13899.682s][info][gc,heap       ] GC(899) Humongous regions: 147->147
[2026-06-18T01:19:42.950+0000][13899.682s][info][gc,metaspace  ] GC(899) Metaspace: 52836K(55552K)->52836K(55552K) NonClass: 46896K(48384K)->46896K(48384K) Class: 5940K(7168K)->5940K(7168K)
[2026-06-18T01:19:42.950+0000][13899.682s][info][gc            ] GC(899) Pause Young (Concurrent Start) (G1 Evacuation Pause) 448M->206M(512M) 3.949ms
[2026-06-18T01:19:42.950+0000][13899.682s][info][gc,cpu        ] GC(899) User=0.03s Sys=0.00s Real=0.00s
[2026-06-18T01:19:42.950+0000][13899.682s][info][gc            ] GC(900) Concurrent Cycle
[2026-06-18T01:19:42.950+0000][13899.682s][info][gc,marking    ] GC(900) Concurrent Clear Claimed Marks
[2026-06-18T01:19:42.950+0000][13899.682s][info][gc,marking    ] GC(900) Concurrent Clear Claimed Marks 0.324ms
[2026-06-18T01:19:42.950+0000][13899.682s][info][gc,marking    ] GC(900) Concurrent Scan Root Regions
[2026-06-18T01:19:42.952+0000][13899.684s][info][gc,marking    ] GC(900) Concurrent Scan Root Regions 1.385ms
[2026-06-18T01:19:42.952+0000][13899.684s][info][gc,marking    ] GC(900) Concurrent Mark (13899.684s)
[2026-06-18T01:19:42.952+0000][13899.684s][info][gc,marking    ] GC(900) Concurrent Mark From Roots
[2026-06-18T01:19:42.952+0000][13899.684s][info][gc,task       ] GC(900) Using 3 workers of 3 for marking
[2026-06-18T01:19:42.958+0000][13899.690s][info][gc,marking    ] GC(900) Concurrent Mark From Roots 5.958ms
[2026-06-18T01:19:42.958+0000][13899.690s][info][gc,marking    ] GC(900) Concurrent Preclean
[2026-06-18T01:19:42.958+0000][13899.690s][info][gc,marking    ] GC(900) Concurrent Preclean 0.192ms
[2026-06-18T01:19:42.958+0000][13899.690s][info][gc,marking    ] GC(900) Concurrent Mark (13899.684s, 13899.690s) 6.400ms
[2026-06-18T01:19:42.959+0000][13899.690s][info][gc,start      ] GC(900) Pause Remark
[2026-06-18T01:19:42.961+0000][13899.693s][info][gc,stringtable] GC(900) Cleaned string and symbol table, strings: 17410 processed, 0 removed, symbols: 125114 processed, 0 removed
[2026-06-18T01:19:42.961+0000][13899.693s][info][gc            ] GC(900) Pause Remark 210M->210M(512M) 2.720ms
[2026-06-18T01:19:42.961+0000][13899.693s][info][gc,cpu        ] GC(900) User=0.03s Sys=0.00s Real=0.01s
[2026-06-18T01:19:42.961+0000][13899.693s][info][gc,marking    ] GC(900) Concurrent Rebuild Remembered Sets
[2026-06-18T01:19:42.966+0000][13899.698s][info][gc,marking    ] GC(900) Concurrent Rebuild Remembered Sets 4.868ms
[2026-06-18T01:19:42.967+0000][13899.699s][info][gc,start      ] GC(900) Pause Cleanup
[2026-06-18T01:19:42.967+0000][13899.699s][info][gc            ] GC(900) Pause Cleanup 211M->211M(512M) 0.225ms
[2026-06-18T01:19:42.967+0000][13899.699s][info][gc,cpu        ] GC(900) User=0.00s Sys=0.00s Real=0.00s
[2026-06-18T01:19:42.967+0000][13899.699s][info][gc,marking    ] GC(900) Concurrent Cleanup for Next Mark
[2026-06-18T01:19:42.967+0000][13899.699s][info][gc,marking    ] GC(900) Concurrent Cleanup for Next Mark 0.212ms
[2026-06-18T01:19:42.967+0000][13899.699s][info][gc            ] GC(900) Concurrent Cycle 17.418ms
[2026-06-18T01:19:44.328+0000][13901.059s][info][gc,start      ] GC(901) Pause Young (Prepare Mixed) (G1 Evacuation Pause)
[2026-06-18T01:19:44.328+0000][13901.060s][info][gc,task       ] GC(901) Using 13 workers of 13 for evacuation
[2026-06-18T01:19:44.330+0000][13901.062s][info][gc,phases     ] GC(901)   Pre Evacuate Collection Set: 0.0ms
[2026-06-18T01:19:44.330+0000][13901.062s][info][gc,phases     ] GC(901)   Evacuate Collection Set: 1.8ms
[2026-06-18T01:19:44.330+0000][13901.062s][info][gc,phases     ] GC(901)   Post Evacuate Collection Set: 0.3ms
[2026-06-18T01:19:44.330+0000][13901.062s][info][gc,phases     ] GC(901)   Other: 0.3ms
[2026-06-18T01:19:44.330+0000][13901.062s][info][gc,heap       ] GC(901) Eden regions: 239->0(19)
[2026-06-18T01:19:44.330+0000][13901.062s][info][gc,heap       ] GC(901) Survivor regions: 9->6(31)
[2026-06-18T01:19:44.330+0000][13901.062s][info][gc,heap       ] GC(901) Old regions: 51->51
[2026-06-18T01:19:44.331+0000][13901.062s][info][gc,heap       ] GC(901) Humongous regions: 147->147
[2026-06-18T01:19:44.331+0000][13901.063s][info][gc,metaspace  ] GC(901) Metaspace: 52836K(55552K)->52836K(55552K) NonClass: 46896K(48384K)->46896K(48384K) Class: 5940K(7168K)->5940K(7168K)
[2026-06-18T01:19:44.331+0000][13901.063s][info][gc            ] GC(901) Pause Young (Prepare Mixed) (G1 Evacuation Pause) 445M->203M(512M) 3.094ms
[2026-06-18T01:19:44.331+0000][13901.063s][info][gc,cpu        ] GC(901) User=0.02s Sys=0.00s Real=0.00s
[2026-06-18T01:19:44.431+0000][13901.163s][info][gc,start      ] GC(902) Pause Young (Mixed) (G1 Evacuation Pause)
[2026-06-18T01:19:44.431+0000][13901.163s][info][gc,task       ] GC(902) Using 13 workers of 13 for evacuation
[2026-06-18T01:19:44.435+0000][13901.167s][info][gc,phases     ] GC(902)   Pre Evacuate Collection Set: 0.0ms
[2026-06-18T01:19:44.435+0000][13901.167s][info][gc,phases     ] GC(902)   Evacuate Collection Set: 2.8ms
[2026-06-18T01:19:44.435+0000][13901.167s][info][gc,phases     ] GC(902)   Post Evacuate Collection Set: 0.3ms
[2026-06-18T01:19:44.435+0000][13901.167s][info][gc,phases     ] GC(902)   Other: 0.3ms
[2026-06-18T01:19:44.435+0000][13901.167s][info][gc,heap       ] GC(902) Eden regions: 19->0(246)
[2026-06-18T01:19:44.435+0000][13901.167s][info][gc,heap       ] GC(902) Survivor regions: 6->2(4)
[2026-06-18T01:19:44.435+0000][13901.167s][info][gc,heap       ] GC(902) Old regions: 51->50
[2026-06-18T01:19:44.435+0000][13901.167s][info][gc,heap       ] GC(902) Humongous regions: 147->147
[2026-06-18T01:19:44.435+0000][13901.167s][info][gc,metaspace  ] GC(902) Metaspace: 52836K(55552K)->52836K(55552K) NonClass: 46896K(48384K)->46896K(48384K) Class: 5940K(7168K)->5940K(7168K)
[2026-06-18T01:19:44.435+0000][13901.167s][info][gc            ] GC(902) Pause Young (Mixed) (G1 Evacuation Pause) 222M->198M(512M) 3.946ms
[2026-06-18T01:19:44.435+0000][13901.167s][info][gc,cpu        ] GC(902) User=0.02s Sys=0.00s Real=0.01s
[2026-06-18T01:19:45.677+0000][13902.409s][info][gc,start      ] GC(903) Pause Young (Normal) (G1 Evacuation Pause)
[2026-06-18T01:19:45.677+0000][13902.409s][info][gc,task       ] GC(903) Using 13 workers of 13 for evacuation
[2026-06-18T01:19:45.680+0000][13902.412s][info][gc,phases     ] GC(903)   Pre Evacuate Collection Set: 0.0ms
[2026-06-18T01:19:45.680+0000][13902.412s][info][gc,phases     ] GC(903)   Evacuate Collection Set: 1.9ms
[2026-06-18T01:19:45.681+0000][13902.413s][info][gc,phases     ] GC(903)   Post Evacuate Collection Set: 0.8ms
[2026-06-18T01:19:45.681+0000][13902.413s][info][gc,phases     ] GC(903)   Other: 0.4ms
[2026-06-18T01:19:45.681+0000][13902.413s][info][gc,heap       ] GC(903) Eden regions: 246->0(240)
[2026-06-18T01:19:45.681+0000][13902.413s][info][gc,heap       ] GC(903) Survivor regions: 2->7(31)
[2026-06-18T01:19:45.681+0000][13902.413s][info][gc,heap       ] GC(903) Old regions: 50->50
[2026-06-18T01:19:45.681+0000][13902.413s][info][gc,heap       ] GC(903) Humongous regions: 147->147
[2026-06-18T01:19:45.681+0000][13902.413s][info][gc,metaspace  ] GC(903) Metaspace: 52836K(55552K)->52836K(55552K) NonClass: 46896K(48384K)->46896K(48384K) Class: 5940K(7168K)->5940K(7168K)
[2026-06-18T01:19:45.681+0000][13902.413s][info][gc            ] GC(903) Pause Young (Normal) (G1 Evacuation Pause) 444M->203M(512M) 3.765ms
[2026-06-18T01:19:45.681+0000][13902.413s][info][gc,cpu        ] GC(903) User=0.02s Sys=0.00s Real=0.00s
[2026-06-18T01:19:46.878+0000][13903.610s][info][gc,start      ] GC(904) Pause Young (Normal) (G1 Evacuation Pause)
[2026-06-18T01:19:46.878+0000][13903.610s][info][gc,task       ] GC(904) Using 13 workers of 13 for evacuation
[2026-06-18T01:19:46.880+0000][13903.612s][info][gc,phases     ] GC(904)   Pre Evacuate Collection Set: 0.0ms
[2026-06-18T01:19:46.880+0000][13903.612s][info][gc,phases     ] GC(904)   Evacuate Collection Set: 1.2ms
[2026-06-18T01:19:46.880+0000][13903.612s][info][gc,phases     ] GC(904)   Post Evacuate Collection Set: 0.3ms
[2026-06-18T01:19:46.880+0000][13903.612s][info][gc,phases     ] GC(904)   Other: 0.3ms
[2026-06-18T01:19:46.880+0000][13903.612s][info][gc,heap       ] GC(904) Eden regions: 240->0(242)
[2026-06-18T01:19:46.880+0000][13903.612s][info][gc,heap       ] GC(904) Survivor regions: 7->5(31)
[2026-06-18T01:19:46.880+0000][13903.612s][info][gc,heap       ] GC(904) Old regions: 50->50
[2026-06-18T01:19:46.880+0000][13903.612s][info][gc,heap       ] GC(904) Humongous regions: 147->147
[2026-06-18T01:19:46.880+0000][13903.612s][info][gc,metaspace  ] GC(904) Metaspace: 52836K(55552K)->52836K(55552K) NonClass: 46896K(48384K)->46896K(48384K) Class: 5940K(7168K)->5940K(7168K)
[2026-06-18T01:19:46.880+0000][13903.612s][info][gc            ] GC(904) Pause Young (Normal) (G1 Evacuation Pause) 443M->201M(512M) 2.189ms
[2026-06-18T01:19:46.880+0000][13903.612s][info][gc,cpu        ] GC(904) User=0.01s Sys=0.00s Real=0.00s
[2026-06-18T01:20:35.476+0000][13952.208s][info][gc,start      ] GC(905) Pause Young (Concurrent Start) (G1 Evacuation Pause)
[2026-06-18T01:20:35.476+0000][13952.208s][info][gc,task       ] GC(905) Using 13 workers of 13 for evacuation
[2026-06-18T01:20:35.479+0000][13952.211s][info][gc,phases     ] GC(905)   Pre Evacuate Collection Set: 0.3ms
[2026-06-18T01:20:35.479+0000][13952.211s][info][gc,phases     ] GC(905)   Evacuate Collection Set: 2.1ms
[2026-06-18T01:20:35.479+0000][13952.211s][info][gc,phases     ] GC(905)   Post Evacuate Collection Set: 0.3ms
[2026-06-18T01:20:35.479+0000][13952.211s][info][gc,phases     ] GC(905)   Other: 0.4ms
[2026-06-18T01:20:35.480+0000][13952.211s][info][gc,heap       ] GC(905) Eden regions: 242->0(241)
[2026-06-18T01:20:35.480+0000][13952.211s][info][gc,heap       ] GC(905) Survivor regions: 5->7(31)
[2026-06-18T01:20:35.480+0000][13952.211s][info][gc,heap       ] GC(905) Old regions: 50->50
[2026-06-18T01:20:35.480+0000][13952.211s][info][gc,heap       ] GC(905) Humongous regions: 147->147
[2026-06-18T01:20:35.480+0000][13952.211s][info][gc,metaspace  ] GC(905) Metaspace: 52836K(55552K)->52836K(55552K) NonClass: 46896K(48384K)->46896K(48384K) Class: 5940K(7168K)->5940K(7168K)
[2026-06-18T01:20:35.480+0000][13952.211s][info][gc            ] GC(905) Pause Young (Concurrent Start) (G1 Evacuation Pause) 443M->203M(512M) 3.611ms
[2026-06-18T01:20:35.480+0000][13952.211s][info][gc,cpu        ] GC(905) User=0.02s Sys=0.00s Real=0.00s
[2026-06-18T01:20:35.480+0000][13952.211s][info][gc            ] GC(906) Concurrent Cycle
[2026-06-18T01:20:35.480+0000][13952.211s][info][gc,marking    ] GC(906) Concurrent Clear Claimed Marks
[2026-06-18T01:20:35.480+0000][13952.212s][info][gc,marking    ] GC(906) Concurrent Clear Claimed Marks 0.184ms
[2026-06-18T01:20:35.480+0000][13952.212s][info][gc,marking    ] GC(906) Concurrent Scan Root Regions
[2026-06-18T01:20:35.481+0000][13952.213s][info][gc,marking    ] GC(906) Concurrent Scan Root Regions 1.043ms
[2026-06-18T01:20:35.481+0000][13952.213s][info][gc,marking    ] GC(906) Concurrent Mark (13952.213s)
[2026-06-18T01:20:35.481+0000][13952.213s][info][gc,marking    ] GC(906) Concurrent Mark From Roots
[2026-06-18T01:20:35.481+0000][13952.213s][info][gc,task       ] GC(906) Using 3 workers of 3 for marking
[2026-06-18T01:20:35.487+0000][13952.218s][info][gc,marking    ] GC(906) Concurrent Mark From Roots 5.572ms
[2026-06-18T01:20:35.487+0000][13952.218s][info][gc,marking    ] GC(906) Concurrent Preclean
[2026-06-18T01:20:35.487+0000][13952.219s][info][gc,marking    ] GC(906) Concurrent Preclean 0.166ms
[2026-06-18T01:20:35.487+0000][13952.219s][info][gc,marking    ] GC(906) Concurrent Mark (13952.213s, 13952.219s) 5.946ms
[2026-06-18T01:20:35.488+0000][13952.219s][info][gc,start      ] GC(906) Pause Remark
[2026-06-18T01:20:35.490+0000][13952.221s][info][gc,stringtable] GC(906) Cleaned string and symbol table, strings: 17410 processed, 0 removed, symbols: 125115 processed, 1 removed
[2026-06-18T01:20:35.490+0000][13952.222s][info][gc            ] GC(906) Pause Remark 207M->207M(512M) 2.684ms
[2026-06-18T01:20:35.490+0000][13952.222s][info][gc,cpu        ] GC(906) User=0.02s Sys=0.00s Real=0.00s
[2026-06-18T01:20:35.490+0000][13952.222s][info][gc,marking    ] GC(906) Concurrent Rebuild Remembered Sets
[2026-06-18T01:20:35.495+0000][13952.226s][info][gc,marking    ] GC(906) Concurrent Rebuild Remembered Sets 4.141ms
[2026-06-18T01:20:35.495+0000][13952.226s][info][gc,start      ] GC(906) Pause Cleanup
[2026-06-18T01:20:35.495+0000][13952.226s][info][gc            ] GC(906) Pause Cleanup 208M->208M(512M) 0.172ms
[2026-06-18T01:20:35.495+0000][13952.226s][info][gc,cpu        ] GC(906) User=0.00s Sys=0.00s Real=0.00s
[2026-06-18T01:20:35.495+0000][13952.226s][info][gc,marking    ] GC(906) Concurrent Cleanup for Next Mark
[2026-06-18T01:20:35.495+0000][13952.227s][info][gc,marking    ] GC(906) Concurrent Cleanup for Next Mark 0.148ms
[2026-06-18T01:20:35.495+0000][13952.227s][info][gc            ] GC(906) Concurrent Cycle 15.359ms
[2026-06-18T01:20:36.868+0000][13953.599s][info][gc,start      ] GC(907) Pause Young (Prepare Mixed) (G1 Evacuation Pause)
[2026-06-18T01:20:36.868+0000][13953.599s][info][gc,task       ] GC(907) Using 13 workers of 13 for evacuation
[2026-06-18T01:20:36.874+0000][13953.605s][info][gc,phases     ] GC(907)   Pre Evacuate Collection Set: 0.0ms
[2026-06-18T01:20:36.874+0000][13953.605s][info][gc,phases     ] GC(907)   Evacuate Collection Set: 5.1ms
[2026-06-18T01:20:36.874+0000][13953.605s][info][gc,phases     ] GC(907)   Post Evacuate Collection Set: 0.3ms
[2026-06-18T01:20:36.874+0000][13953.605s][info][gc,phases     ] GC(907)   Other: 0.3ms
[2026-06-18T01:20:36.874+0000][13953.606s][info][gc,heap       ] GC(907) Eden regions: 241->0(21)
[2026-06-18T01:20:36.874+0000][13953.606s][info][gc,heap       ] GC(907) Survivor regions: 7->4(31)
[2026-06-18T01:20:36.874+0000][13953.606s][info][gc,heap       ] GC(907) Old regions: 50->50
[2026-06-18T01:20:36.874+0000][13953.606s][info][gc,heap       ] GC(907) Humongous regions: 147->147
[2026-06-18T01:20:36.874+0000][13953.606s][info][gc,metaspace  ] GC(907) Metaspace: 52836K(55552K)->52836K(55552K) NonClass: 46896K(48384K)->46896K(48384K) Class: 5940K(7168K)->5940K(7168K)
[2026-06-18T01:20:36.874+0000][13953.606s][info][gc            ] GC(907) Pause Young (Prepare Mixed) (G1 Evacuation Pause) 444M->199M(512M) 6.399ms
[2026-06-18T01:20:36.874+0000][13953.606s][info][gc,cpu        ] GC(907) User=0.06s Sys=0.00s Real=0.01s
[2026-06-18T01:20:36.993+0000][13953.724s][info][gc,start      ] GC(908) Pause Young (Mixed) (G1 Evacuation Pause)
[2026-06-18T01:20:36.993+0000][13953.725s][info][gc,task       ] GC(908) Using 13 workers of 13 for evacuation
[2026-06-18T01:20:36.996+0000][13953.727s][info][gc,phases     ] GC(908)   Pre Evacuate Collection Set: 0.0ms
[2026-06-18T01:20:36.996+0000][13953.727s][info][gc,phases     ] GC(908)   Evacuate Collection Set: 1.9ms
[2026-06-18T01:20:36.996+0000][13953.727s][info][gc,phases     ] GC(908)   Post Evacuate Collection Set: 0.3ms
[2026-06-18T01:20:36.996+0000][13953.727s][info][gc,phases     ] GC(908)   Other: 0.4ms
[2026-06-18T01:20:36.996+0000][13953.727s][info][gc,heap       ] GC(908) Eden regions: 21->0(247)
[2026-06-18T01:20:36.996+0000][13953.727s][info][gc,heap       ] GC(908) Survivor regions: 4->4(4)
[2026-06-18T01:20:36.996+0000][13953.727s][info][gc,heap       ] GC(908) Old regions: 50->46
[2026-06-18T01:20:36.996+0000][13953.727s][info][gc,heap       ] GC(908) Humongous regions: 147->147
[2026-06-18T01:20:36.996+0000][13953.727s][info][gc,metaspace  ] GC(908) Metaspace: 52836K(55552K)->52836K(55552K) NonClass: 46896K(48384K)->46896K(48384K) Class: 5940K(7168K)->5940K(7168K)
[2026-06-18T01:20:36.996+0000][13953.727s][info][gc            ] GC(908) Pause Young (Mixed) (G1 Evacuation Pause) 220M->195M(512M) 3.115ms
[2026-06-18T01:20:36.996+0000][13953.728s][info][gc,cpu        ] GC(908) User=0.03s Sys=0.00s Real=0.00s
[2026-06-18T01:20:38.167+0000][13954.898s][info][gc,start      ] GC(909) Pause Young (Normal) (G1 Evacuation Pause)
[2026-06-18T01:20:38.167+0000][13954.898s][info][gc,task       ] GC(909) Using 13 workers of 13 for evacuation
[2026-06-18T01:20:38.170+0000][13954.901s][info][gc,phases     ] GC(909)   Pre Evacuate Collection Set: 0.0ms
[2026-06-18T01:20:38.170+0000][13954.901s][info][gc,phases     ] GC(909)   Evacuate Collection Set: 2.0ms
[2026-06-18T01:20:38.170+0000][13954.901s][info][gc,phases     ] GC(909)   Post Evacuate Collection Set: 0.4ms
[2026-06-18T01:20:38.170+0000][13954.901s][info][gc,phases     ] GC(909)   Other: 0.3ms
[2026-06-18T01:20:38.170+0000][13954.901s][info][gc,heap       ] GC(909) Eden regions: 247->0(244)
[2026-06-18T01:20:38.170+0000][13954.901s][info][gc,heap       ] GC(909) Survivor regions: 4->8(32)
[2026-06-18T01:20:38.170+0000][13954.901s][info][gc,heap       ] GC(909) Old regions: 46->46
[2026-06-18T01:20:38.170+0000][13954.901s][info][gc,heap       ] GC(909) Humongous regions: 147->147
[2026-06-18T01:20:38.170+0000][13954.901s][info][gc,metaspace  ] GC(909) Metaspace: 52836K(55552K)->52836K(55552K) NonClass: 46896K(48384K)->46896K(48384K) Class: 5940K(7168K)->5940K(7168K)
[2026-06-18T01:20:38.170+0000][13954.901s][info][gc            ] GC(909) Pause Young (Normal) (G1 Evacuation Pause) 442M->200M(512M) 3.126ms
[2026-06-18T01:20:38.170+0000][13954.902s][info][gc,cpu        ] GC(909) User=0.03s Sys=0.00s Real=0.00s
[2026-06-18T01:21:26.575+0000][14003.327s][info][gc,start      ] GC(910) Pause Young (Normal) (G1 Evacuation Pause)
[2026-06-18T01:21:26.575+0000][14003.327s][info][gc,task       ] GC(910) Using 13 workers of 13 for evacuation
[2026-06-18T01:21:26.577+0000][14003.329s][info][gc,phases     ] GC(910)   Pre Evacuate Collection Set: 0.0ms
[2026-06-18T01:21:26.578+0000][14003.329s][info][gc,phases     ] GC(910)   Evacuate Collection Set: 1.6ms
[2026-06-18T01:21:26.578+0000][14003.330s][info][gc,phases     ] GC(910)   Post Evacuate Collection Set: 0.4ms
[2026-06-18T01:21:26.578+0000][14003.330s][info][gc,phases     ] GC(910)   Other: 0.3ms
[2026-06-18T01:21:26.578+0000][14003.330s][info][gc,heap       ] GC(910) Eden regions: 244->0(247)
[2026-06-18T01:21:26.578+0000][14003.330s][info][gc,heap       ] GC(910) Survivor regions: 8->5(32)
[2026-06-18T01:21:26.578+0000][14003.330s][info][gc,heap       ] GC(910) Old regions: 46->46
[2026-06-18T01:21:26.578+0000][14003.330s][info][gc,heap       ] GC(910) Humongous regions: 147->147
[2026-06-18T01:21:26.578+0000][14003.330s][info][gc,metaspace  ] GC(910) Metaspace: 52836K(55552K)->52836K(55552K) NonClass: 46896K(48384K)->46896K(48384K) Class: 5940K(7168K)->5940K(7168K)
[2026-06-18T01:21:26.578+0000][14003.330s][info][gc            ] GC(910) Pause Young (Normal) (G1 Evacuation Pause) 444M->196M(512M) 2.936ms
[2026-06-18T01:21:26.578+0000][14003.330s][info][gc,cpu        ] GC(910) User=0.02s Sys=0.00s Real=0.00s
[2026-06-18T01:21:28.126+0000][14004.886s][info][gc,start      ] GC(911) Pause Young (Concurrent Start) (G1 Evacuation Pause)
[2026-06-18T01:21:28.126+0000][14004.886s][info][gc,task       ] GC(911) Using 13 workers of 13 for evacuation
[2026-06-18T01:21:28.131+0000][14004.891s][info][gc,phases     ] GC(911)   Pre Evacuate Collection Set: 0.3ms
[2026-06-18T01:21:28.131+0000][14004.891s][info][gc,phases     ] GC(911)   Evacuate Collection Set: 3.9ms
[2026-06-18T01:21:28.131+0000][14004.891s][info][gc,phases     ] GC(911)   Post Evacuate Collection Set: 0.4ms
[2026-06-18T01:21:28.131+0000][14004.891s][info][gc,phases     ] GC(911)   Other: 0.3ms
[2026-06-18T01:21:28.131+0000][14004.891s][info][gc,heap       ] GC(911) Eden regions: 247->0(245)
[2026-06-18T01:21:28.131+0000][14004.891s][info][gc,heap       ] GC(911) Survivor regions: 5->8(32)
[2026-06-18T01:21:28.131+0000][14004.891s][info][gc,heap       ] GC(911) Old regions: 46->46
[2026-06-18T01:21:28.131+0000][14004.891s][info][gc,heap       ] GC(911) Humongous regions: 147->147
[2026-06-18T01:21:28.131+0000][14004.891s][info][gc,metaspace  ] GC(911) Metaspace: 52836K(55552K)->52836K(55552K) NonClass: 46896K(48384K)->46896K(48384K) Class: 5940K(7168K)->5940K(7168K)
[2026-06-18T01:21:28.131+0000][14004.891s][info][gc            ] GC(911) Pause Young (Concurrent Start) (G1 Evacuation Pause) 443M->200M(512M) 5.401ms
[2026-06-18T01:21:28.131+0000][14004.891s][info][gc,cpu        ] GC(911) User=0.04s Sys=0.00s Real=0.00s
[2026-06-18T01:21:28.131+0000][14004.891s][info][gc            ] GC(912) Concurrent Cycle
[2026-06-18T01:21:28.131+0000][14004.892s][info][gc,marking    ] GC(912) Concurrent Clear Claimed Marks
[2026-06-18T01:21:28.132+0000][14004.892s][info][gc,marking    ] GC(912) Concurrent Clear Claimed Marks 0.193ms
[2026-06-18T01:21:28.132+0000][14004.892s][info][gc,marking    ] GC(912) Concurrent Scan Root Regions
[2026-06-18T01:21:28.133+0000][14004.893s][info][gc,marking    ] GC(912) Concurrent Scan Root Regions 1.559ms
[2026-06-18T01:21:28.133+0000][14004.893s][info][gc,marking    ] GC(912) Concurrent Mark (14004.893s)
[2026-06-18T01:21:28.133+0000][14004.894s][info][gc,marking    ] GC(912) Concurrent Mark From Roots
[2026-06-18T01:21:28.133+0000][14004.894s][info][gc,task       ] GC(912) Using 3 workers of 3 for marking
[2026-06-18T01:21:28.139+0000][14004.899s][info][gc,marking    ] GC(912) Concurrent Mark From Roots 5.779ms
[2026-06-18T01:21:28.139+0000][14004.900s][info][gc,marking    ] GC(912) Concurrent Preclean
[2026-06-18T01:21:28.140+0000][14004.900s][info][gc,marking    ] GC(912) Concurrent Preclean 0.209ms
[2026-06-18T01:21:28.140+0000][14004.900s][info][gc,marking    ] GC(912) Concurrent Mark (14004.893s, 14004.900s) 6.326ms
[2026-06-18T01:21:28.140+0000][14004.900s][info][gc,start      ] GC(912) Pause Remark
[2026-06-18T01:21:28.143+0000][14004.903s][info][gc,stringtable] GC(912) Cleaned string and symbol table, strings: 17410 processed, 0 removed, symbols: 125114 processed, 0 removed
[2026-06-18T01:21:28.143+0000][14004.903s][info][gc            ] GC(912) Pause Remark 204M->204M(512M) 3.280ms
[2026-06-18T01:21:28.143+0000][14004.903s][info][gc,cpu        ] GC(912) User=0.03s Sys=0.00s Real=0.01s
[2026-06-18T01:21:28.143+0000][14004.903s][info][gc,marking    ] GC(912) Concurrent Rebuild Remembered Sets
[2026-06-18T01:21:28.148+0000][14004.908s][info][gc,marking    ] GC(912) Concurrent Rebuild Remembered Sets 4.976ms
[2026-06-18T01:21:28.149+0000][14004.909s][info][gc,start      ] GC(912) Pause Cleanup
[2026-06-18T01:21:28.149+0000][14004.909s][info][gc            ] GC(912) Pause Cleanup 205M->205M(512M) 0.203ms
[2026-06-18T01:21:28.149+0000][14004.909s][info][gc,cpu        ] GC(912) User=0.00s Sys=0.00s Real=0.00s
[2026-06-18T01:21:28.149+0000][14004.909s][info][gc,marking    ] GC(912) Concurrent Cleanup for Next Mark
[2026-06-18T01:21:28.149+0000][14004.909s][info][gc,marking    ] GC(912) Concurrent Cleanup for Next Mark 0.162ms
[2026-06-18T01:21:28.149+0000][14004.910s][info][gc            ] GC(912) Concurrent Cycle 18.048ms
[2026-06-18T01:21:29.520+0000][14006.280s][info][gc,start      ] GC(913) Pause Young (Prepare Mixed) (G1 Evacuation Pause)
[2026-06-18T01:21:29.520+0000][14006.280s][info][gc,task       ] GC(913) Using 13 workers of 13 for evacuation
[2026-06-18T01:21:29.530+0000][14006.290s][info][gc,phases     ] GC(913)   Pre Evacuate Collection Set: 0.0ms
[2026-06-18T01:21:29.530+0000][14006.290s][info][gc,phases     ] GC(913)   Evacuate Collection Set: 9.2ms
[2026-06-18T01:21:29.530+0000][14006.290s][info][gc,phases     ] GC(913)   Post Evacuate Collection Set: 0.4ms
[2026-06-18T01:21:29.530+0000][14006.290s][info][gc,phases     ] GC(913)   Other: 0.3ms
[2026-06-18T01:21:29.530+0000][14006.290s][info][gc,heap       ] GC(913) Eden regions: 245->0(14)
[2026-06-18T01:21:29.530+0000][14006.290s][info][gc,heap       ] GC(913) Survivor regions: 8->11(32)
[2026-06-18T01:21:29.530+0000][14006.290s][info][gc,heap       ] GC(913) Old regions: 46->46
[2026-06-18T01:21:29.530+0000][14006.290s][info][gc,heap       ] GC(913) Humongous regions: 147->147
[2026-06-18T01:21:29.530+0000][14006.291s][info][gc,metaspace  ] GC(913) Metaspace: 52836K(55552K)->52836K(55552K) NonClass: 46896K(48384K)->46896K(48384K) Class: 5940K(7168K)->5940K(7168K)
[2026-06-18T01:21:29.530+0000][14006.291s][info][gc            ] GC(913) Pause Young (Prepare Mixed) (G1 Evacuation Pause) 445M->203M(512M) 10.317ms
[2026-06-18T01:21:29.530+0000][14006.291s][info][gc,cpu        ] GC(913) User=0.09s Sys=0.01s Real=0.01s
[2026-06-18T01:21:29.597+0000][14006.357s][info][gc,start      ] GC(914) Pause Young (Mixed) (G1 Evacuation Pause)
[2026-06-18T01:21:29.597+0000][14006.357s][info][gc,task       ] GC(914) Using 13 workers of 13 for evacuation
[2026-06-18T01:21:29.600+0000][14006.360s][info][gc,phases     ] GC(914)   Pre Evacuate Collection Set: 0.0ms
[2026-06-18T01:21:29.600+0000][14006.360s][info][gc,phases     ] GC(914)   Evacuate Collection Set: 2.6ms
[2026-06-18T01:21:29.600+0000][14006.361s][info][gc,phases     ] GC(914)   Post Evacuate Collection Set: 0.4ms
[2026-06-18T01:21:29.600+0000][14006.361s][info][gc,phases     ] GC(914)   Other: 0.3ms
[2026-06-18T01:21:29.600+0000][14006.361s][info][gc,heap       ] GC(914) Eden regions: 14->0(245)
[2026-06-18T01:21:29.601+0000][14006.361s][info][gc,heap       ] GC(914) Survivor regions: 11->2(4)
[2026-06-18T01:21:29.601+0000][14006.361s][info][gc,heap       ] GC(914) Old regions: 46->49
[2026-06-18T01:21:29.601+0000][14006.361s][info][gc,heap       ] GC(914) Humongous regions: 147->147
[2026-06-18T01:21:29.601+0000][14006.361s][info][gc,metaspace  ] GC(914) Metaspace: 52836K(55552K)->52836K(55552K) NonClass: 46896K(48384K)->46896K(48384K) Class: 5940K(7168K)->5940K(7168K)
[2026-06-18T01:21:29.601+0000][14006.361s][info][gc            ] GC(914) Pause Young (Mixed) (G1 Evacuation Pause) 217M->197M(512M) 3.783ms
[2026-06-18T01:21:29.601+0000][14006.361s][info][gc,cpu        ] GC(914) User=0.03s Sys=0.00s Real=0.00s
[2026-06-18T01:21:30.880+0000][14007.641s][info][gc,start      ] GC(915) Pause Young (Normal) (G1 Evacuation Pause)
[2026-06-18T01:21:30.881+0000][14007.641s][info][gc,task       ] GC(915) Using 13 workers of 13 for evacuation
[2026-06-18T01:21:30.882+0000][14007.642s][info][gc,phases     ] GC(915)   Pre Evacuate Collection Set: 0.0ms
[2026-06-18T01:21:30.882+0000][14007.643s][info][gc,phases     ] GC(915)   Evacuate Collection Set: 1.2ms
[2026-06-18T01:21:30.882+0000][14007.643s][info][gc,phases     ] GC(915)   Post Evacuate Collection Set: 0.3ms
[2026-06-18T01:21:30.882+0000][14007.643s][info][gc,phases     ] GC(915)   Other: 0.3ms
[2026-06-18T01:21:30.883+0000][14007.643s][info][gc,heap       ] GC(915) Eden regions: 245->0(245)
[2026-06-18T01:21:30.883+0000][14007.643s][info][gc,heap       ] GC(915) Survivor regions: 2->4(31)
[2026-06-18T01:21:30.883+0000][14007.643s][info][gc,heap       ] GC(915) Old regions: 49->49
[2026-06-18T01:21:30.883+0000][14007.643s][info][gc,heap       ] GC(915) Humongous regions: 147->147
[2026-06-18T01:21:30.883+0000][14007.643s][info][gc,metaspace  ] GC(915) Metaspace: 52836K(55552K)->52836K(55552K) NonClass: 46896K(48384K)->46896K(48384K) Class: 5940K(7168K)->5940K(7168K)
[2026-06-18T01:21:30.883+0000][14007.643s][info][gc            ] GC(915) Pause Young (Normal) (G1 Evacuation Pause) 442M->198M(512M) 2.263ms
[2026-06-18T01:21:30.883+0000][14007.643s][info][gc,cpu        ] GC(915) User=0.01s Sys=0.00s Real=0.00s
[2026-06-18T01:22:19.452+0000][14056.214s][info][gc,start      ] GC(916) Pause Young (Normal) (G1 Evacuation Pause)
[2026-06-18T01:22:19.453+0000][14056.214s][info][gc,task       ] GC(916) Using 13 workers of 13 for evacuation
[2026-06-18T01:22:19.459+0000][14056.221s][info][gc,phases     ] GC(916)   Pre Evacuate Collection Set: 0.0ms
[2026-06-18T01:22:19.460+0000][14056.221s][info][gc,phases     ] GC(916)   Evacuate Collection Set: 6.3ms
[2026-06-18T01:22:19.460+0000][14056.221s][info][gc,phases     ] GC(916)   Post Evacuate Collection Set: 0.4ms
[2026-06-18T01:22:19.460+0000][14056.221s][info][gc,phases     ] GC(916)   Other: 0.3ms
[2026-06-18T01:22:19.460+0000][14056.221s][info][gc,heap       ] GC(916) Eden regions: 245->0(240)
[2026-06-18T01:22:19.460+0000][14056.221s][info][gc,heap       ] GC(916) Survivor regions: 4->8(32)
[2026-06-18T01:22:19.460+0000][14056.221s][info][gc,heap       ] GC(916) Old regions: 49->49
[2026-06-18T01:22:19.460+0000][14056.221s][info][gc,heap       ] GC(916) Humongous regions: 147->147
[2026-06-18T01:22:19.460+0000][14056.221s][info][gc,metaspace  ] GC(916) Metaspace: 52836K(55552K)->52836K(55552K) NonClass: 46896K(48384K)->46896K(48384K) Class: 5940K(7168K)->5940K(7168K)
[2026-06-18T01:22:19.460+0000][14056.221s][info][gc            ] GC(916) Pause Young (Normal) (G1 Evacuation Pause) 443M->202M(512M) 7.441ms
[2026-06-18T01:22:19.460+0000][14056.221s][info][gc,cpu        ] GC(916) User=0.07s Sys=0.00s Real=0.00s
[2026-06-18T01:22:20.880+0000][14057.641s][info][gc,start      ] GC(917) Pause Young (Concurrent Start) (G1 Evacuation Pause)
[2026-06-18T01:22:20.880+0000][14057.641s][info][gc,task       ] GC(917) Using 13 workers of 13 for evacuation
[2026-06-18T01:22:20.882+0000][14057.644s][info][gc,phases     ] GC(917)   Pre Evacuate Collection Set: 0.3ms
[2026-06-18T01:22:20.882+0000][14057.644s][info][gc,phases     ] GC(917)   Evacuate Collection Set: 1.7ms
[2026-06-18T01:22:20.883+0000][14057.644s][info][gc,phases     ] GC(917)   Post Evacuate Collection Set: 0.3ms
[2026-06-18T01:22:20.883+0000][14057.644s][info][gc,phases     ] GC(917)   Other: 0.3ms
[2026-06-18T01:22:20.883+0000][14057.644s][info][gc,heap       ] GC(917) Eden regions: 240->0(244)
[2026-06-18T01:22:20.883+0000][14057.644s][info][gc,heap       ] GC(917) Survivor regions: 8->5(31)
[2026-06-18T01:22:20.883+0000][14057.644s][info][gc,heap       ] GC(917) Old regions: 49->49
[2026-06-18T01:22:20.883+0000][14057.644s][info][gc,heap       ] GC(917) Humongous regions: 147->147
[2026-06-18T01:22:20.883+0000][14057.644s][info][gc,metaspace  ] GC(917) Metaspace: 52836K(55552K)->52836K(55552K) NonClass: 46896K(48384K)->46896K(48384K) Class: 5940K(7168K)->5940K(7168K)
[2026-06-18T01:22:20.883+0000][14057.644s][info][gc            ] GC(917) Pause Young (Concurrent Start) (G1 Evacuation Pause) 442M->200M(512M) 3.090ms
[2026-06-18T01:22:20.883+0000][14057.644s][info][gc,cpu        ] GC(917) User=0.02s Sys=0.00s Real=0.01s
[2026-06-18T01:22:20.883+0000][14057.644s][info][gc            ] GC(918) Concurrent Cycle
[2026-06-18T01:22:20.883+0000][14057.644s][info][gc,marking    ] GC(918) Concurrent Clear Claimed Marks
[2026-06-18T01:22:20.883+0000][14057.645s][info][gc,marking    ] GC(918) Concurrent Clear Claimed Marks 0.300ms
[2026-06-18T01:22:20.883+0000][14057.645s][info][gc,marking    ] GC(918) Concurrent Scan Root Regions
[2026-06-18T01:22:20.884+0000][14057.646s][info][gc,marking    ] GC(918) Concurrent Scan Root Regions 1.012ms
[2026-06-18T01:22:20.885+0000][14057.646s][info][gc,marking    ] GC(918) Concurrent Mark (14057.646s)
[2026-06-18T01:22:20.885+0000][14057.646s][info][gc,marking    ] GC(918) Concurrent Mark From Roots
[2026-06-18T01:22:20.885+0000][14057.646s][info][gc,task       ] GC(918) Using 3 workers of 3 for marking
[2026-06-18T01:22:20.890+0000][14057.652s][info][gc,marking    ] GC(918) Concurrent Mark From Roots 5.520ms
[2026-06-18T01:22:20.890+0000][14057.652s][info][gc,marking    ] GC(918) Concurrent Preclean
[2026-06-18T01:22:20.890+0000][14057.652s][info][gc,marking    ] GC(918) Concurrent Preclean 0.148ms
[2026-06-18T01:22:20.890+0000][14057.652s][info][gc,marking    ] GC(918) Concurrent Mark (14057.646s, 14057.652s) 5.885ms
[2026-06-18T01:22:20.891+0000][14057.652s][info][gc,start      ] GC(918) Pause Remark
[2026-06-18T01:22:20.893+0000][14057.654s][info][gc,stringtable] GC(918) Cleaned string and symbol table, strings: 17410 processed, 0 removed, symbols: 125114 processed, 0 removed
[2026-06-18T01:22:20.893+0000][14057.655s][info][gc            ] GC(918) Pause Remark 204M->204M(512M) 2.708ms
[2026-06-18T01:22:20.893+0000][14057.655s][info][gc,cpu        ] GC(918) User=0.03s Sys=0.00s Real=0.01s
[2026-06-18T01:22:20.894+0000][14057.655s][info][gc,marking    ] GC(918) Concurrent Rebuild Remembered Sets
[2026-06-18T01:22:20.898+0000][14057.659s][info][gc,marking    ] GC(918) Concurrent Rebuild Remembered Sets 4.355ms
[2026-06-18T01:22:20.898+0000][14057.659s][info][gc,start      ] GC(918) Pause Cleanup
[2026-06-18T01:22:20.898+0000][14057.660s][info][gc            ] GC(918) Pause Cleanup 204M->204M(512M) 0.196ms
[2026-06-18T01:22:20.898+0000][14057.660s][info][gc,cpu        ] GC(918) User=0.00s Sys=0.00s Real=0.00s
[2026-06-18T01:22:20.898+0000][14057.660s][info][gc,marking    ] GC(918) Concurrent Cleanup for Next Mark
[2026-06-18T01:22:20.899+0000][14057.660s][info][gc,marking    ] GC(918) Concurrent Cleanup for Next Mark 0.166ms
[2026-06-18T01:22:20.899+0000][14057.660s][info][gc            ] GC(918) Concurrent Cycle 15.666ms
[2026-06-18T01:22:22.155+0000][14058.916s][info][gc,start      ] GC(919) Pause Young (Prepare Mixed) (G1 Evacuation Pause)
[2026-06-18T01:22:22.155+0000][14058.916s][info][gc,task       ] GC(919) Using 13 workers of 13 for evacuation
[2026-06-18T01:22:22.157+0000][14058.919s][info][gc,phases     ] GC(919)   Pre Evacuate Collection Set: 0.0ms
[2026-06-18T01:22:22.157+0000][14058.919s][info][gc,phases     ] GC(919)   Evacuate Collection Set: 2.0ms
[2026-06-18T01:22:22.157+0000][14058.919s][info][gc,phases     ] GC(919)   Post Evacuate Collection Set: 0.3ms
[2026-06-18T01:22:22.158+0000][14058.919s][info][gc,phases     ] GC(919)   Other: 0.3ms
[2026-06-18T01:22:22.158+0000][14058.919s][info][gc,heap       ] GC(919) Eden regions: 244->0(17)
[2026-06-18T01:22:22.158+0000][14058.919s][info][gc,heap       ] GC(919) Survivor regions: 5->8(32)
[2026-06-18T01:22:22.158+0000][14058.919s][info][gc,heap       ] GC(919) Old regions: 49->49
[2026-06-18T01:22:22.158+0000][14058.919s][info][gc,heap       ] GC(919) Humongous regions: 147->147
[2026-06-18T01:22:22.158+0000][14058.919s][info][gc,metaspace  ] GC(919) Metaspace: 52836K(55552K)->52836K(55552K) NonClass: 46896K(48384K)->46896K(48384K) Class: 5940K(7168K)->5940K(7168K)
[2026-06-18T01:22:22.158+0000][14058.919s][info][gc            ] GC(919) Pause Young (Prepare Mixed) (G1 Evacuation Pause) 444M->202M(512M) 3.126ms
[2026-06-18T01:22:22.158+0000][14058.919s][info][gc,cpu        ] GC(919) User=0.03s Sys=0.00s Real=0.00s
[2026-06-18T01:22:22.233+0000][14058.994s][info][gc,start      ] GC(920) Pause Young (Mixed) (G1 Evacuation Pause)
[2026-06-18T01:22:22.233+0000][14058.994s][info][gc,task       ] GC(920) Using 13 workers of 13 for evacuation
[2026-06-18T01:22:22.237+0000][14058.998s][info][gc,phases     ] GC(920)   Pre Evacuate Collection Set: 0.0ms
[2026-06-18T01:22:22.237+0000][14058.998s][info][gc,phases     ] GC(920)   Evacuate Collection Set: 3.4ms
[2026-06-18T01:22:22.237+0000][14058.999s][info][gc,phases     ] GC(920)   Post Evacuate Collection Set: 0.3ms
[2026-06-18T01:22:22.237+0000][14058.999s][info][gc,phases     ] GC(920)   Other: 0.3ms
[2026-06-18T01:22:22.237+0000][14058.999s][info][gc,heap       ] GC(920) Eden regions: 17->0(244)
[2026-06-18T01:22:22.237+0000][14058.999s][info][gc,heap       ] GC(920) Survivor regions: 8->2(4)
[2026-06-18T01:22:22.237+0000][14058.999s][info][gc,heap       ] GC(920) Old regions: 49->52
[2026-06-18T01:22:22.237+0000][14058.999s][info][gc,heap       ] GC(920) Humongous regions: 147->147
[2026-06-18T01:22:22.237+0000][14058.999s][info][gc,metaspace  ] GC(920) Metaspace: 52836K(55552K)->52836K(55552K) NonClass: 46896K(48384K)->46896K(48384K) Class: 5940K(7168K)->5940K(7168K)
[2026-06-18T01:22:22.237+0000][14058.999s][info][gc            ] GC(920) Pause Young (Mixed) (G1 Evacuation Pause) 219M->199M(512M) 4.572ms
[2026-06-18T01:22:22.238+0000][14058.999s][info][gc,cpu        ] GC(920) User=0.02s Sys=0.00s Real=0.00s
[2026-06-18T01:22:51.254+0000][14088.015s][info][gc,start      ] GC(921) Pause Young (Normal) (G1 Evacuation Pause)
[2026-06-18T01:22:51.254+0000][14088.015s][info][gc,task       ] GC(921) Using 13 workers of 13 for evacuation
[2026-06-18T01:22:51.256+0000][14088.017s][info][gc,phases     ] GC(921)   Pre Evacuate Collection Set: 0.0ms
[2026-06-18T01:22:51.256+0000][14088.017s][info][gc,phases     ] GC(921)   Evacuate Collection Set: 1.5ms
[2026-06-18T01:22:51.256+0000][14088.018s][info][gc,phases     ] GC(921)   Post Evacuate Collection Set: 0.3ms
[2026-06-18T01:22:51.256+0000][14088.018s][info][gc,phases     ] GC(921)   Other: 0.3ms
[2026-06-18T01:22:51.256+0000][14088.018s][info][gc,heap       ] GC(921) Eden regions: 244->0(243)
[2026-06-18T01:22:51.256+0000][14088.018s][info][gc,heap       ] GC(921) Survivor regions: 2->4(31)
[2026-06-18T01:22:51.256+0000][14088.018s][info][gc,heap       ] GC(921) Old regions: 52->52
[2026-06-18T01:22:51.256+0000][14088.018s][info][gc,heap       ] GC(921) Humongous regions: 147->147
[2026-06-18T01:22:51.256+0000][14088.018s][info][gc,metaspace  ] GC(921) Metaspace: 52836K(55552K)->52836K(55552K) NonClass: 46896K(48384K)->46896K(48384K) Class: 5940K(7168K)->5940K(7168K)
[2026-06-18T01:22:51.256+0000][14088.018s][info][gc            ] GC(921) Pause Young (Normal) (G1 Evacuation Pause) 443M->201M(512M) 2.625ms
[2026-06-18T01:22:51.256+0000][14088.018s][info][gc,cpu        ] GC(921) User=0.01s Sys=0.00s Real=0.00s
[2026-06-18T01:23:12.225+0000][14108.987s][info][gc,start      ] GC(922) Pause Young (Normal) (G1 Evacuation Pause)
[2026-06-18T01:23:12.225+0000][14108.987s][info][gc,task       ] GC(922) Using 13 workers of 13 for evacuation
[2026-06-18T01:23:12.228+0000][14108.990s][info][gc,phases     ] GC(922)   Pre Evacuate Collection Set: 0.0ms
[2026-06-18T01:23:12.228+0000][14108.990s][info][gc,phases     ] GC(922)   Evacuate Collection Set: 2.5ms
[2026-06-18T01:23:12.228+0000][14108.990s][info][gc,phases     ] GC(922)   Post Evacuate Collection Set: 0.5ms
[2026-06-18T01:23:12.229+0000][14108.990s][info][gc,phases     ] GC(922)   Other: 0.3ms
[2026-06-18T01:23:12.229+0000][14108.990s][info][gc,heap       ] GC(922) Eden regions: 243->0(241)
[2026-06-18T01:23:12.229+0000][14108.990s][info][gc,heap       ] GC(922) Survivor regions: 4->6(31)
[2026-06-18T01:23:12.229+0000][14108.990s][info][gc,heap       ] GC(922) Old regions: 52->52
[2026-06-18T01:23:12.229+0000][14108.990s][info][gc,heap       ] GC(922) Humongous regions: 147->147
[2026-06-18T01:23:12.229+0000][14108.990s][info][gc,metaspace  ] GC(922) Metaspace: 52836K(55552K)->52836K(55552K) NonClass: 46896K(48384K)->46896K(48384K) Class: 5940K(7168K)->5940K(7168K)
[2026-06-18T01:23:12.229+0000][14108.990s][info][gc            ] GC(922) Pause Young (Normal) (G1 Evacuation Pause) 444M->203M(512M) 3.733ms
[2026-06-18T01:23:12.229+0000][14108.990s][info][gc,cpu        ] GC(922) User=0.03s Sys=0.00s Real=0.00s
[2026-06-18T01:23:13.477+0000][14110.239s][info][gc,start      ] GC(923) Pause Young (Concurrent Start) (G1 Evacuation Pause)
[2026-06-18T01:23:13.477+0000][14110.239s][info][gc,task       ] GC(923) Using 13 workers of 13 for evacuation
[2026-06-18T01:23:13.480+0000][14110.241s][info][gc,phases     ] GC(923)   Pre Evacuate Collection Set: 0.3ms
[2026-06-18T01:23:13.480+0000][14110.241s][info][gc,phases     ] GC(923)   Evacuate Collection Set: 1.6ms
[2026-06-18T01:23:13.480+0000][14110.242s][info][gc,phases     ] GC(923)   Post Evacuate Collection Set: 0.4ms
[2026-06-18T01:23:13.480+0000][14110.242s][info][gc,phases     ] GC(923)   Other: 0.3ms
[2026-06-18T01:23:13.480+0000][14110.242s][info][gc,heap       ] GC(923) Eden regions: 241->0(245)
[2026-06-18T01:23:13.480+0000][14110.242s][info][gc,heap       ] GC(923) Survivor regions: 6->3(31)
[2026-06-18T01:23:13.480+0000][14110.242s][info][gc,heap       ] GC(923) Old regions: 52->52
[2026-06-18T01:23:13.480+0000][14110.242s][info][gc,heap       ] GC(923) Humongous regions: 147->147
[2026-06-18T01:23:13.480+0000][14110.242s][info][gc,metaspace  ] GC(923) Metaspace: 52836K(55552K)->52836K(55552K) NonClass: 46896K(48384K)->46896K(48384K) Class: 5940K(7168K)->5940K(7168K)
[2026-06-18T01:23:13.480+0000][14110.242s][info][gc            ] GC(923) Pause Young (Concurrent Start) (G1 Evacuation Pause) 444M->201M(512M) 3.243ms
[2026-06-18T01:23:13.480+0000][14110.242s][info][gc,cpu        ] GC(923) User=0.02s Sys=0.00s Real=0.00s
[2026-06-18T01:23:13.481+0000][14110.242s][info][gc            ] GC(924) Concurrent Cycle
[2026-06-18T01:23:13.481+0000][14110.242s][info][gc,marking    ] GC(924) Concurrent Clear Claimed Marks
[2026-06-18T01:23:13.481+0000][14110.242s][info][gc,marking    ] GC(924) Concurrent Clear Claimed Marks 0.216ms
[2026-06-18T01:23:13.481+0000][14110.242s][info][gc,marking    ] GC(924) Concurrent Scan Root Regions
[2026-06-18T01:23:13.482+0000][14110.244s][info][gc,marking    ] GC(924) Concurrent Scan Root Regions 1.331ms
[2026-06-18T01:23:13.482+0000][14110.244s][info][gc,marking    ] GC(924) Concurrent Mark (14110.244s)
[2026-06-18T01:23:13.482+0000][14110.244s][info][gc,marking    ] GC(924) Concurrent Mark From Roots
[2026-06-18T01:23:13.482+0000][14110.244s][info][gc,task       ] GC(924) Using 3 workers of 3 for marking
[2026-06-18T01:23:13.488+0000][14110.250s][info][gc,marking    ] GC(924) Concurrent Mark From Roots 5.727ms
[2026-06-18T01:23:13.488+0000][14110.250s][info][gc,marking    ] GC(924) Concurrent Preclean
[2026-06-18T01:23:13.488+0000][14110.250s][info][gc,marking    ] GC(924) Concurrent Preclean 0.216ms
[2026-06-18T01:23:13.489+0000][14110.250s][info][gc,marking    ] GC(924) Concurrent Mark (14110.244s, 14110.250s) 6.244ms
[2026-06-18T01:23:13.489+0000][14110.250s][info][gc,start      ] GC(924) Pause Remark
[2026-06-18T01:23:13.491+0000][14110.253s][info][gc,stringtable] GC(924) Cleaned string and symbol table, strings: 17410 processed, 0 removed, symbols: 125114 processed, 0 removed
[2026-06-18T01:23:13.492+0000][14110.253s][info][gc            ] GC(924) Pause Remark 205M->203M(512M) 2.884ms
[2026-06-18T01:23:13.492+0000][14110.253s][info][gc,cpu        ] GC(924) User=0.03s Sys=0.00s Real=0.01s
[2026-06-18T01:23:13.492+0000][14110.253s][info][gc,marking    ] GC(924) Concurrent Rebuild Remembered Sets
[2026-06-18T01:23:13.497+0000][14110.258s][info][gc,marking    ] GC(924) Concurrent Rebuild Remembered Sets 4.957ms
[2026-06-18T01:23:13.497+0000][14110.259s][info][gc,start      ] GC(924) Pause Cleanup
[2026-06-18T01:23:13.497+0000][14110.259s][info][gc            ] GC(924) Pause Cleanup 204M->204M(512M) 0.213ms
[2026-06-18T01:23:13.497+0000][14110.259s][info][gc,cpu        ] GC(924) User=0.00s Sys=0.00s Real=0.00s
[2026-06-18T01:23:13.498+0000][14110.259s][info][gc,marking    ] GC(924) Concurrent Cleanup for Next Mark
[2026-06-18T01:23:13.498+0000][14110.259s][info][gc,marking    ] GC(924) Concurrent Cleanup for Next Mark 0.176ms
[2026-06-18T01:23:13.498+0000][14110.259s][info][gc            ] GC(924) Concurrent Cycle 17.258ms
[2026-06-18T01:23:14.648+0000][14111.409s][info][gc,start      ] GC(925) Pause Young (Prepare Mixed) (G1 Evacuation Pause)
[2026-06-18T01:23:14.648+0000][14111.410s][info][gc,task       ] GC(925) Using 13 workers of 13 for evacuation
[2026-06-18T01:23:14.651+0000][14111.413s][info][gc,phases     ] GC(925)   Pre Evacuate Collection Set: 0.0ms
[2026-06-18T01:23:14.651+0000][14111.413s][info][gc,phases     ] GC(925)   Evacuate Collection Set: 2.6ms
[2026-06-18T01:23:14.651+0000][14111.413s][info][gc,phases     ] GC(925)   Post Evacuate Collection Set: 0.4ms
[2026-06-18T01:23:14.651+0000][14111.413s][info][gc,phases     ] GC(925)   Other: 0.3ms
[2026-06-18T01:23:14.651+0000][14111.413s][info][gc,heap       ] GC(925) Eden regions: 245->0(18)
[2026-06-18T01:23:14.651+0000][14111.413s][info][gc,heap       ] GC(925) Survivor regions: 3->7(31)
[2026-06-18T01:23:14.651+0000][14111.413s][info][gc,heap       ] GC(925) Old regions: 50->50
[2026-06-18T01:23:14.652+0000][14111.413s][info][gc,heap       ] GC(925) Humongous regions: 147->147
[2026-06-18T01:23:14.652+0000][14111.413s][info][gc,metaspace  ] GC(925) Metaspace: 52836K(55552K)->52836K(55552K) NonClass: 46896K(48384K)->46896K(48384K) Class: 5940K(7168K)->5940K(7168K)
[2026-06-18T01:23:14.652+0000][14111.413s][info][gc            ] GC(925) Pause Young (Prepare Mixed) (G1 Evacuation Pause) 444M->203M(512M) 3.762ms
[2026-06-18T01:23:14.652+0000][14111.413s][info][gc,cpu        ] GC(925) User=0.03s Sys=0.00s Real=0.01s
[2026-06-18T01:23:14.738+0000][14111.499s][info][gc,start      ] GC(926) Pause Young (Mixed) (G1 Evacuation Pause)
[2026-06-18T01:23:14.738+0000][14111.499s][info][gc,task       ] GC(926) Using 13 workers of 13 for evacuation
[2026-06-18T01:23:14.741+0000][14111.503s][info][gc,phases     ] GC(926)   Pre Evacuate Collection Set: 0.0ms
[2026-06-18T01:23:14.741+0000][14111.503s][info][gc,phases     ] GC(926)   Evacuate Collection Set: 3.1ms
[2026-06-18T01:23:14.741+0000][14111.503s][info][gc,phases     ] GC(926)   Post Evacuate Collection Set: 0.3ms
[2026-06-18T01:23:14.742+0000][14111.503s][info][gc,phases     ] GC(926)   Other: 0.3ms
[2026-06-18T01:23:14.742+0000][14111.503s][info][gc,heap       ] GC(926) Eden regions: 18->0(246)
[2026-06-18T01:23:14.742+0000][14111.503s][info][gc,heap       ] GC(926) Survivor regions: 7->2(4)
[2026-06-18T01:23:14.742+0000][14111.503s][info][gc,heap       ] GC(926) Old regions: 50->51
[2026-06-18T01:23:14.742+0000][14111.503s][info][gc,heap       ] GC(926) Humongous regions: 147->147
[2026-06-18T01:23:14.742+0000][14111.503s][info][gc,metaspace  ] GC(926) Metaspace: 52836K(55552K)->52836K(55552K) NonClass: 46896K(48384K)->46896K(48384K) Class: 5940K(7168K)->5940K(7168K)
[2026-06-18T01:23:14.742+0000][14111.504s][info][gc            ] GC(926) Pause Young (Mixed) (G1 Evacuation Pause) 221M->199M(512M) 4.341ms
[2026-06-18T01:23:14.742+0000][14111.504s][info][gc,cpu        ] GC(926) User=0.03s Sys=0.00s Real=0.01s
[2026-06-18T01:24:03.245+0000][14160.007s][info][gc,start      ] GC(927) Pause Young (Normal) (G1 Evacuation Pause)
[2026-06-18T01:24:03.246+0000][14160.007s][info][gc,task       ] GC(927) Using 13 workers of 13 for evacuation
[2026-06-18T01:24:03.248+0000][14160.010s][info][gc,phases     ] GC(927)   Pre Evacuate Collection Set: 0.0ms
[2026-06-18T01:24:03.249+0000][14160.010s][info][gc,phases     ] GC(927)   Evacuate Collection Set: 2.4ms
[2026-06-18T01:24:03.249+0000][14160.010s][info][gc,phases     ] GC(927)   Post Evacuate Collection Set: 0.3ms
[2026-06-18T01:24:03.249+0000][14160.010s][info][gc,phases     ] GC(927)   Other: 0.3ms
[2026-06-18T01:24:03.249+0000][14160.010s][info][gc,heap       ] GC(927) Eden regions: 246->0(246)
[2026-06-18T01:24:03.249+0000][14160.010s][info][gc,heap       ] GC(927) Survivor regions: 2->3(31)
[2026-06-18T01:24:03.249+0000][14160.011s][info][gc,heap       ] GC(927) Old regions: 51->51
[2026-06-18T01:24:03.251+0000][14160.012s][info][gc,heap       ] GC(927) Humongous regions: 147->147
[2026-06-18T01:24:03.251+0000][14160.013s][info][gc,metaspace  ] GC(927) Metaspace: 52836K(55552K)->52836K(55552K) NonClass: 46896K(48384K)->46896K(48384K) Class: 5940K(7168K)->5940K(7168K)
[2026-06-18T01:24:03.252+0000][14160.013s][info][gc            ] GC(927) Pause Young (Normal) (G1 Evacuation Pause) 445M->200M(512M) 6.278ms
[2026-06-18T01:24:03.252+0000][14160.013s][info][gc,cpu        ] GC(927) User=0.03s Sys=0.00s Real=0.01s
[2026-06-18T01:24:04.884+0000][14161.646s][info][gc,start      ] GC(928) Pause Young (Normal) (G1 Evacuation Pause)
[2026-06-18T01:24:04.884+0000][14161.646s][info][gc,task       ] GC(928) Using 13 workers of 13 for evacuation
[2026-06-18T01:24:04.887+0000][14161.648s][info][gc,phases     ] GC(928)   Pre Evacuate Collection Set: 0.0ms
[2026-06-18T01:24:04.887+0000][14161.648s][info][gc,phases     ] GC(928)   Evacuate Collection Set: 1.9ms
[2026-06-18T01:24:04.887+0000][14161.649s][info][gc,phases     ] GC(928)   Post Evacuate Collection Set: 0.4ms
[2026-06-18T01:24:04.887+0000][14161.649s][info][gc,phases     ] GC(928)   Other: 0.3ms
[2026-06-18T01:24:04.887+0000][14161.649s][info][gc,heap       ] GC(928) Eden regions: 246->0(244)
[2026-06-18T01:24:04.887+0000][14161.649s][info][gc,heap       ] GC(928) Survivor regions: 3->6(32)
[2026-06-18T01:24:04.887+0000][14161.649s][info][gc,heap       ] GC(928) Old regions: 51->51
[2026-06-18T01:24:04.887+0000][14161.649s][info][gc,heap       ] GC(928) Humongous regions: 147->147
[2026-06-18T01:24:04.887+0000][14161.649s][info][gc,metaspace  ] GC(928) Metaspace: 52836K(55552K)->52836K(55552K) NonClass: 46896K(48384K)->46896K(48384K) Class: 5940K(7168K)->5940K(7168K)
[2026-06-18T01:24:04.887+0000][14161.649s][info][gc            ] GC(928) Pause Young (Normal) (G1 Evacuation Pause) 446M->203M(512M) 3.017ms
[2026-06-18T01:24:04.887+0000][14161.649s][info][gc,cpu        ] GC(928) User=0.02s Sys=0.00s Real=0.00s
[2026-06-18T01:24:06.261+0000][14163.022s][info][gc,start      ] GC(929) Pause Young (Concurrent Start) (G1 Evacuation Pause)
[2026-06-18T01:24:06.261+0000][14163.022s][info][gc,task       ] GC(929) Using 13 workers of 13 for evacuation
[2026-06-18T01:24:06.270+0000][14163.032s][info][gc,phases     ] GC(929)   Pre Evacuate Collection Set: 0.3ms
[2026-06-18T01:24:06.270+0000][14163.032s][info][gc,phases     ] GC(929)   Evacuate Collection Set: 7.9ms
[2026-06-18T01:24:06.270+0000][14163.032s][info][gc,phases     ] GC(929)   Post Evacuate Collection Set: 0.5ms
[2026-06-18T01:24:06.270+0000][14163.032s][info][gc,phases     ] GC(929)   Other: 0.7ms
[2026-06-18T01:24:06.271+0000][14163.032s][info][gc,heap       ] GC(929) Eden regions: 244->0(238)
[2026-06-18T01:24:06.271+0000][14163.032s][info][gc,heap       ] GC(929) Survivor regions: 6->9(32)
[2026-06-18T01:24:06.271+0000][14163.032s][info][gc,heap       ] GC(929) Old regions: 51->51
[2026-06-18T01:24:06.271+0000][14163.032s][info][gc,heap       ] GC(929) Humongous regions: 147->147
[2026-06-18T01:24:06.271+0000][14163.032s][info][gc,metaspace  ] GC(929) Metaspace: 52836K(55552K)->52836K(55552K) NonClass: 46896K(48384K)->46896K(48384K) Class: 5940K(7168K)->5940K(7168K)
[2026-06-18T01:24:06.271+0000][14163.032s][info][gc            ] GC(929) Pause Young (Concurrent Start) (G1 Evacuation Pause) 447M->206M(512M) 10.075ms
[2026-06-18T01:24:06.272+0000][14163.033s][info][gc,cpu        ] GC(929) User=0.04s Sys=0.00s Real=0.01s
[2026-06-18T01:24:06.275+0000][14163.036s][info][gc            ] GC(930) Concurrent Cycle
[2026-06-18T01:24:06.275+0000][14163.036s][info][gc,marking    ] GC(930) Concurrent Clear Claimed Marks
[2026-06-18T01:24:06.275+0000][14163.037s][info][gc,marking    ] GC(930) Concurrent Clear Claimed Marks 0.320ms
[2026-06-18T01:24:06.275+0000][14163.037s][info][gc,marking    ] GC(930) Concurrent Scan Root Regions
[2026-06-18T01:24:06.277+0000][14163.039s][info][gc,marking    ] GC(930) Concurrent Scan Root Regions 1.899ms
[2026-06-18T01:24:06.278+0000][14163.039s][info][gc,marking    ] GC(930) Concurrent Mark (14163.039s)
[2026-06-18T01:24:06.278+0000][14163.040s][info][gc,marking    ] GC(930) Concurrent Mark From Roots
[2026-06-18T01:24:06.278+0000][14163.040s][info][gc,task       ] GC(930) Using 3 workers of 3 for marking
[2026-06-18T01:24:06.285+0000][14163.046s][info][gc,marking    ] GC(930) Concurrent Mark From Roots 6.421ms
[2026-06-18T01:24:06.285+0000][14163.046s][info][gc,marking    ] GC(930) Concurrent Preclean
[2026-06-18T01:24:06.285+0000][14163.047s][info][gc,marking    ] GC(930) Concurrent Preclean 0.384ms
[2026-06-18T01:24:06.285+0000][14163.047s][info][gc,marking    ] GC(930) Concurrent Mark (14163.039s, 14163.047s) 7.149ms
[2026-06-18T01:24:06.285+0000][14163.047s][info][gc,start      ] GC(930) Pause Remark
[2026-06-18T01:24:06.288+0000][14163.050s][info][gc,stringtable] GC(930) Cleaned string and symbol table, strings: 17410 processed, 0 removed, symbols: 125114 processed, 0 removed
[2026-06-18T01:24:06.289+0000][14163.050s][info][gc            ] GC(930) Pause Remark 211M->211M(512M) 3.344ms
[2026-06-18T01:24:06.289+0000][14163.050s][info][gc,cpu        ] GC(930) User=0.02s Sys=0.00s Real=0.00s
[2026-06-18T01:24:06.289+0000][14163.050s][info][gc,marking    ] GC(930) Concurrent Rebuild Remembered Sets
[2026-06-18T01:24:06.293+0000][14163.055s][info][gc,marking    ] GC(930) Concurrent Rebuild Remembered Sets 4.298ms
[2026-06-18T01:24:06.294+0000][14163.055s][info][gc,start      ] GC(930) Pause Cleanup
[2026-06-18T01:24:06.294+0000][14163.055s][info][gc            ] GC(930) Pause Cleanup 213M->213M(512M) 0.222ms
[2026-06-18T01:24:06.294+0000][14163.055s][info][gc,cpu        ] GC(930) User=0.00s Sys=0.00s Real=0.00s
[2026-06-18T01:24:06.294+0000][14163.055s][info][gc,marking    ] GC(930) Concurrent Cleanup for Next Mark
[2026-06-18T01:24:06.294+0000][14163.056s][info][gc,marking    ] GC(930) Concurrent Cleanup for Next Mark 0.153ms
[2026-06-18T01:24:06.294+0000][14163.056s][info][gc            ] GC(930) Concurrent Cycle 19.428ms
[2026-06-18T01:24:07.542+0000][14164.303s][info][gc,start      ] GC(931) Pause Young (Prepare Mixed) (G1 Evacuation Pause)
[2026-06-18T01:24:07.542+0000][14164.303s][info][gc,task       ] GC(931) Using 13 workers of 13 for evacuation
[2026-06-18T01:24:07.545+0000][14164.306s][info][gc,phases     ] GC(931)   Pre Evacuate Collection Set: 0.0ms
[2026-06-18T01:24:07.545+0000][14164.307s][info][gc,phases     ] GC(931)   Evacuate Collection Set: 2.4ms
[2026-06-18T01:24:07.545+0000][14164.307s][info][gc,phases     ] GC(931)   Post Evacuate Collection Set: 0.4ms
[2026-06-18T01:24:07.545+0000][14164.307s][info][gc,phases     ] GC(931)   Other: 0.3ms
[2026-06-18T01:24:07.545+0000][14164.307s][info][gc,heap       ] GC(931) Eden regions: 238->0(20)
[2026-06-18T01:24:07.545+0000][14164.307s][info][gc,heap       ] GC(931) Survivor regions: 9->5(31)
[2026-06-18T01:24:07.545+0000][14164.307s][info][gc,heap       ] GC(931) Old regions: 51->51
[2026-06-18T01:24:07.545+0000][14164.307s][info][gc,heap       ] GC(931) Humongous regions: 147->147
[2026-06-18T01:24:07.546+0000][14164.307s][info][gc,metaspace  ] GC(931) Metaspace: 52836K(55552K)->52836K(55552K) NonClass: 46896K(48384K)->46896K(48384K) Class: 5940K(7168K)->5940K(7168K)
[2026-06-18T01:24:07.546+0000][14164.307s][info][gc            ] GC(931) Pause Young (Prepare Mixed) (G1 Evacuation Pause) 444M->202M(512M) 3.721ms
[2026-06-18T01:24:07.546+0000][14164.307s][info][gc,cpu        ] GC(931) User=0.03s Sys=0.00s Real=0.00s
[2026-06-18T01:24:08.827+0000][14165.588s][info][gc,start      ] GC(932) Pause Young (Mixed) (G1 Evacuation Pause)
[2026-06-18T01:24:08.827+0000][14165.588s][info][gc,task       ] GC(932) Using 13 workers of 13 for evacuation
[2026-06-18T01:24:08.829+0000][14165.591s][info][gc,phases     ] GC(932)   Pre Evacuate Collection Set: 0.0ms
[2026-06-18T01:24:08.829+0000][14165.591s][info][gc,phases     ] GC(932)   Evacuate Collection Set: 1.7ms
[2026-06-18T01:24:08.830+0000][14165.591s][info][gc,phases     ] GC(932)   Post Evacuate Collection Set: 0.4ms
[2026-06-18T01:24:08.830+0000][14165.591s][info][gc,phases     ] GC(932)   Other: 0.3ms
[2026-06-18T01:24:08.830+0000][14165.591s][info][gc,heap       ] GC(932) Eden regions: 20->0(247)
[2026-06-18T01:24:08.830+0000][14165.591s][info][gc,heap       ] GC(932) Survivor regions: 5->4(4)
[2026-06-18T01:24:08.830+0000][14165.591s][info][gc,heap       ] GC(932) Old regions: 51->47
[2026-06-18T01:24:08.830+0000][14165.591s][info][gc,heap       ] GC(932) Humongous regions: 147->147
[2026-06-18T01:24:08.830+0000][14165.591s][info][gc,metaspace  ] GC(932) Metaspace: 52836K(55552K)->52836K(55552K) NonClass: 46896K(48384K)->46896K(48384K) Class: 5940K(7168K)->5940K(7168K)
[2026-06-18T01:24:08.830+0000][14165.591s][info][gc            ] GC(932) Pause Young (Mixed) (G1 Evacuation Pause) 222M->196M(512M) 3.125ms
[2026-06-18T01:24:08.830+0000][14165.591s][info][gc,cpu        ] GC(932) User=0.02s Sys=0.00s Real=0.00s
[2026-06-18T01:24:56.376+0000][14213.137s][info][gc,start      ] GC(933) Pause Young (Normal) (G1 Evacuation Pause)
[2026-06-18T01:24:56.376+0000][14213.137s][info][gc,task       ] GC(933) Using 13 workers of 13 for evacuation
[2026-06-18T01:24:56.378+0000][14213.140s][info][gc,phases     ] GC(933)   Pre Evacuate Collection Set: 0.0ms
[2026-06-18T01:24:56.378+0000][14213.140s][info][gc,phases     ] GC(933)   Evacuate Collection Set: 1.6ms
[2026-06-18T01:24:56.378+0000][14213.140s][info][gc,phases     ] GC(933)   Post Evacuate Collection Set: 0.3ms
[2026-06-18T01:24:56.378+0000][14213.140s][info][gc,phases     ] GC(933)   Other: 0.3ms
[2026-06-18T01:24:56.378+0000][14213.140s][info][gc,heap       ] GC(933) Eden regions: 247->0(244)
[2026-06-18T01:24:56.378+0000][14213.140s][info][gc,heap       ] GC(933) Survivor regions: 4->7(32)
[2026-06-18T01:24:56.378+0000][14213.140s][info][gc,heap       ] GC(933) Old regions: 47->47
[2026-06-18T01:24:56.379+0000][14213.140s][info][gc,heap       ] GC(933) Humongous regions: 147->147
[2026-06-18T01:24:56.379+0000][14213.140s][info][gc,metaspace  ] GC(933) Metaspace: 52836K(55552K)->52836K(55552K) NonClass: 46896K(48384K)->46896K(48384K) Class: 5940K(7168K)->5940K(7168K)
[2026-06-18T01:24:56.379+0000][14213.140s][info][gc            ] GC(933) Pause Young (Normal) (G1 Evacuation Pause) 443M->200M(512M) 2.732ms
[2026-06-18T01:24:56.379+0000][14213.140s][info][gc,cpu        ] GC(933) User=0.02s Sys=0.00s Real=0.00s
[2026-06-18T01:24:57.687+0000][14214.449s][info][gc,start      ] GC(934) Pause Young (Normal) (G1 Evacuation Pause)
[2026-06-18T01:24:57.687+0000][14214.449s][info][gc,task       ] GC(934) Using 13 workers of 13 for evacuation
[2026-06-18T01:24:57.691+0000][14214.453s][info][gc,phases     ] GC(934)   Pre Evacuate Collection Set: 0.0ms
[2026-06-18T01:24:57.691+0000][14214.453s][info][gc,phases     ] GC(934)   Evacuate Collection Set: 3.3ms
[2026-06-18T01:24:57.691+0000][14214.453s][info][gc,phases     ] GC(934)   Post Evacuate Collection Set: 0.3ms
[2026-06-18T01:24:57.691+0000][14214.453s][info][gc,phases     ] GC(934)   Other: 0.2ms
[2026-06-18T01:24:57.691+0000][14214.453s][info][gc,heap       ] GC(934) Eden regions: 244->0(246)
[2026-06-18T01:24:57.691+0000][14214.453s][info][gc,heap       ] GC(934) Survivor regions: 7->5(32)
[2026-06-18T01:24:57.691+0000][14214.453s][info][gc,heap       ] GC(934) Old regions: 47->47
[2026-06-18T01:24:57.692+0000][14214.453s][info][gc,heap       ] GC(934) Humongous regions: 147->147
[2026-06-18T01:24:57.692+0000][14214.453s][info][gc,metaspace  ] GC(934) Metaspace: 52836K(55552K)->52836K(55552K) NonClass: 46896K(48384K)->46896K(48384K) Class: 5940K(7168K)->5940K(7168K)
[2026-06-18T01:24:57.692+0000][14214.453s][info][gc            ] GC(934) Pause Young (Normal) (G1 Evacuation Pause) 444M->198M(512M) 4.198ms
[2026-06-18T01:24:57.692+0000][14214.453s][info][gc,cpu        ] GC(934) User=0.04s Sys=0.00s Real=0.00s
[2026-06-18T01:24:58.894+0000][14215.656s][info][gc,start      ] GC(935) Pause Young (Concurrent Start) (G1 Evacuation Pause)
[2026-06-18T01:24:58.895+0000][14215.656s][info][gc,task       ] GC(935) Using 13 workers of 13 for evacuation
[2026-06-18T01:24:58.900+0000][14215.661s][info][gc,phases     ] GC(935)   Pre Evacuate Collection Set: 0.3ms
[2026-06-18T01:24:58.900+0000][14215.661s][info][gc,phases     ] GC(935)   Evacuate Collection Set: 4.4ms
[2026-06-18T01:24:58.900+0000][14215.661s][info][gc,phases     ] GC(935)   Post Evacuate Collection Set: 0.4ms
[2026-06-18T01:24:58.900+0000][14215.661s][info][gc,phases     ] GC(935)   Other: 0.3ms
[2026-06-18T01:24:58.900+0000][14215.662s][info][gc,heap       ] GC(935) Eden regions: 246->0(243)
[2026-06-18T01:24:58.900+0000][14215.662s][info][gc,heap       ] GC(935) Survivor regions: 5->8(32)
[2026-06-18T01:24:58.900+0000][14215.662s][info][gc,heap       ] GC(935) Old regions: 47->47
[2026-06-18T01:24:58.900+0000][14215.662s][info][gc,heap       ] GC(935) Humongous regions: 147->147
[2026-06-18T01:24:58.900+0000][14215.662s][info][gc,metaspace  ] GC(935) Metaspace: 52836K(55552K)->52836K(55552K) NonClass: 46896K(48384K)->46896K(48384K) Class: 5940K(7168K)->5940K(7168K)
[2026-06-18T01:24:58.900+0000][14215.662s][info][gc            ] GC(935) Pause Young (Concurrent Start) (G1 Evacuation Pause) 444M->201M(512M) 5.938ms
[2026-06-18T01:24:58.900+0000][14215.662s][info][gc,cpu        ] GC(935) User=0.06s Sys=0.00s Real=0.00s
[2026-06-18T01:24:58.901+0000][14215.662s][info][gc            ] GC(936) Concurrent Cycle
[2026-06-18T01:24:58.901+0000][14215.662s][info][gc,marking    ] GC(936) Concurrent Clear Claimed Marks
[2026-06-18T01:24:58.901+0000][14215.662s][info][gc,marking    ] GC(936) Concurrent Clear Claimed Marks 0.266ms
[2026-06-18T01:24:58.901+0000][14215.662s][info][gc,marking    ] GC(936) Concurrent Scan Root Regions
[2026-06-18T01:24:58.902+0000][14215.664s][info][gc,marking    ] GC(936) Concurrent Scan Root Regions 1.512ms
[2026-06-18T01:24:58.903+0000][14215.664s][info][gc,marking    ] GC(936) Concurrent Mark (14215.664s)
[2026-06-18T01:24:58.903+0000][14215.664s][info][gc,marking    ] GC(936) Concurrent Mark From Roots
[2026-06-18T01:24:58.903+0000][14215.664s][info][gc,task       ] GC(936) Using 3 workers of 3 for marking
[2026-06-18T01:24:58.909+0000][14215.670s][info][gc,marking    ] GC(936) Concurrent Mark From Roots 6.047ms
[2026-06-18T01:24:58.909+0000][14215.670s][info][gc,marking    ] GC(936) Concurrent Preclean
[2026-06-18T01:24:58.909+0000][14215.670s][info][gc,marking    ] GC(936) Concurrent Preclean 0.171ms
[2026-06-18T01:24:58.909+0000][14215.670s][info][gc,marking    ] GC(936) Concurrent Mark (14215.664s, 14215.670s) 6.459ms
[2026-06-18T01:24:58.909+0000][14215.671s][info][gc,start      ] GC(936) Pause Remark
[2026-06-18T01:24:58.912+0000][14215.673s][info][gc,stringtable] GC(936) Cleaned string and symbol table, strings: 17410 processed, 0 removed, symbols: 125114 processed, 0 removed
[2026-06-18T01:24:58.912+0000][14215.673s][info][gc            ] GC(936) Pause Remark 205M->205M(512M) 2.731ms
[2026-06-18T01:24:58.912+0000][14215.673s][info][gc,cpu        ] GC(936) User=0.03s Sys=0.00s Real=0.01s
[2026-06-18T01:24:58.912+0000][14215.674s][info][gc,marking    ] GC(936) Concurrent Rebuild Remembered Sets
[2026-06-18T01:24:58.916+0000][14215.677s][info][gc,marking    ] GC(936) Concurrent Rebuild Remembered Sets 3.923ms
[2026-06-18T01:24:58.916+0000][14215.678s][info][gc,start      ] GC(936) Pause Cleanup
[2026-06-18T01:24:58.917+0000][14215.678s][info][gc            ] GC(936) Pause Cleanup 206M->206M(512M) 0.254ms
[2026-06-18T01:24:58.917+0000][14215.678s][info][gc,cpu        ] GC(936) User=0.00s Sys=0.00s Real=0.00s
[2026-06-18T01:24:58.917+0000][14215.678s][info][gc,marking    ] GC(936) Concurrent Cleanup for Next Mark
[2026-06-18T01:24:58.917+0000][14215.678s][info][gc,marking    ] GC(936) Concurrent Cleanup for Next Mark 0.204ms
[2026-06-18T01:24:58.917+0000][14215.678s][info][gc            ] GC(936) Concurrent Cycle 16.388ms
[2026-06-18T01:25:47.303+0000][14264.065s][info][gc,start      ] GC(937) Pause Young (Prepare Mixed) (G1 Evacuation Pause)
[2026-06-18T01:25:47.303+0000][14264.065s][info][gc,task       ] GC(937) Using 13 workers of 13 for evacuation
[2026-06-18T01:25:47.306+0000][14264.067s][info][gc,phases     ] GC(937)   Pre Evacuate Collection Set: 0.0ms
[2026-06-18T01:25:47.306+0000][14264.067s][info][gc,phases     ] GC(937)   Evacuate Collection Set: 1.9ms
[2026-06-18T01:25:47.306+0000][14264.067s][info][gc,phases     ] GC(937)   Post Evacuate Collection Set: 0.4ms
[2026-06-18T01:25:47.306+0000][14264.068s][info][gc,phases     ] GC(937)   Other: 0.4ms
[2026-06-18T01:25:47.306+0000][14264.068s][info][gc,heap       ] GC(937) Eden regions: 243->0(21)
[2026-06-18T01:25:47.306+0000][14264.068s][info][gc,heap       ] GC(937) Survivor regions: 8->4(32)
[2026-06-18T01:25:47.306+0000][14264.068s][info][gc,heap       ] GC(937) Old regions: 47->47
[2026-06-18T01:25:47.306+0000][14264.068s][info][gc,heap       ] GC(937) Humongous regions: 147->147
[2026-06-18T01:25:47.306+0000][14264.068s][info][gc,metaspace  ] GC(937) Metaspace: 52836K(55552K)->52836K(55552K) NonClass: 46896K(48384K)->46896K(48384K) Class: 5940K(7168K)->5940K(7168K)
[2026-06-18T01:25:47.306+0000][14264.068s][info][gc            ] GC(937) Pause Young (Prepare Mixed) (G1 Evacuation Pause) 444M->197M(512M) 3.140ms
[2026-06-18T01:25:47.307+0000][14264.068s][info][gc,cpu        ] GC(937) User=0.03s Sys=0.00s Real=0.00s
[2026-06-18T01:25:47.458+0000][14264.219s][info][gc,start      ] GC(938) Pause Young (Mixed) (G1 Evacuation Pause)
[2026-06-18T01:25:47.458+0000][14264.219s][info][gc,task       ] GC(938) Using 13 workers of 13 for evacuation
[2026-06-18T01:25:47.460+0000][14264.222s][info][gc,phases     ] GC(938)   Pre Evacuate Collection Set: 0.0ms
[2026-06-18T01:25:47.460+0000][14264.222s][info][gc,phases     ] GC(938)   Evacuate Collection Set: 1.6ms
[2026-06-18T01:25:47.461+0000][14264.222s][info][gc,phases     ] GC(938)   Post Evacuate Collection Set: 0.3ms
[2026-06-18T01:25:47.461+0000][14264.222s][info][gc,phases     ] GC(938)   Other: 0.4ms
[2026-06-18T01:25:47.461+0000][14264.222s][info][gc,heap       ] GC(938) Eden regions: 21->0(248)
[2026-06-18T01:25:47.461+0000][14264.222s][info][gc,heap       ] GC(938) Survivor regions: 4->4(4)
[2026-06-18T01:25:47.461+0000][14264.222s][info][gc,heap       ] GC(938) Old regions: 47->47
[2026-06-18T01:25:47.461+0000][14264.222s][info][gc,heap       ] GC(938) Humongous regions: 147->147
[2026-06-18T01:25:47.461+0000][14264.222s][info][gc,metaspace  ] GC(938) Metaspace: 52836K(55552K)->52836K(55552K) NonClass: 46896K(48384K)->46896K(48384K) Class: 5940K(7168K)->5940K(7168K)
[2026-06-18T01:25:47.461+0000][14264.222s][info][gc            ] GC(938) Pause Young (Mixed) (G1 Evacuation Pause) 218M->196M(512M) 2.784ms
[2026-06-18T01:25:47.461+0000][14264.222s][info][gc,cpu        ] GC(938) User=0.02s Sys=0.00s Real=0.00s
[2026-06-18T01:25:49.076+0000][14265.838s][info][gc,start      ] GC(939) Pause Young (Normal) (G1 Evacuation Pause)
[2026-06-18T01:25:49.077+0000][14265.838s][info][gc,task       ] GC(939) Using 13 workers of 13 for evacuation
[2026-06-18T01:25:49.079+0000][14265.840s][info][gc,phases     ] GC(939)   Pre Evacuate Collection Set: 0.0ms
[2026-06-18T01:25:49.079+0000][14265.840s][info][gc,phases     ] GC(939)   Evacuate Collection Set: 1.7ms
[2026-06-18T01:25:49.079+0000][14265.840s][info][gc,phases     ] GC(939)   Post Evacuate Collection Set: 0.4ms
[2026-06-18T01:25:49.079+0000][14265.840s][info][gc,phases     ] GC(939)   Other: 0.3ms
[2026-06-18T01:25:49.079+0000][14265.840s][info][gc,heap       ] GC(939) Eden regions: 248->0(245)
[2026-06-18T01:25:49.079+0000][14265.840s][info][gc,heap       ] GC(939) Survivor regions: 4->7(32)
[2026-06-18T01:25:49.079+0000][14265.840s][info][gc,heap       ] GC(939) Old regions: 47->47
[2026-06-18T01:25:49.079+0000][14265.841s][info][gc,heap       ] GC(939) Humongous regions: 147->147
[2026-06-18T01:25:49.079+0000][14265.841s][info][gc,metaspace  ] GC(939) Metaspace: 52836K(55552K)->52836K(55552K) NonClass: 46896K(48384K)->46896K(48384K) Class: 5940K(7168K)->5940K(7168K)
[2026-06-18T01:25:49.079+0000][14265.841s][info][gc            ] GC(939) Pause Young (Normal) (G1 Evacuation Pause) 444M->200M(512M) 2.809ms
[2026-06-18T01:25:49.079+0000][14265.841s][info][gc,cpu        ] GC(939) User=0.02s Sys=0.00s Real=0.00s
[2026-06-18T01:25:50.351+0000][14267.112s][info][gc,start      ] GC(940) Pause Young (Normal) (G1 Evacuation Pause)
[2026-06-18T01:25:50.351+0000][14267.112s][info][gc,task       ] GC(940) Using 13 workers of 13 for evacuation
[2026-06-18T01:25:50.353+0000][14267.114s][info][gc,phases     ] GC(940)   Pre Evacuate Collection Set: 0.0ms
[2026-06-18T01:25:50.353+0000][14267.114s][info][gc,phases     ] GC(940)   Evacuate Collection Set: 1.5ms
[2026-06-18T01:25:50.353+0000][14267.114s][info][gc,phases     ] GC(940)   Post Evacuate Collection Set: 0.4ms
[2026-06-18T01:25:50.353+0000][14267.114s][info][gc,phases     ] GC(940)   Other: 0.4ms
[2026-06-18T01:25:50.353+0000][14267.114s][info][gc,heap       ] GC(940) Eden regions: 245->0(248)
[2026-06-18T01:25:50.353+0000][14267.115s][info][gc,heap       ] GC(940) Survivor regions: 7->5(32)
[2026-06-18T01:25:50.353+0000][14267.115s][info][gc,heap       ] GC(940) Old regions: 47->47
[2026-06-18T01:25:50.353+0000][14267.115s][info][gc,heap       ] GC(940) Humongous regions: 147->147
[2026-06-18T01:25:50.353+0000][14267.115s][info][gc,metaspace  ] GC(940) Metaspace: 52836K(55552K)->52836K(55552K) NonClass: 46896K(48384K)->46896K(48384K) Class: 5940K(7168K)->5940K(7168K)
[2026-06-18T01:25:50.353+0000][14267.115s][info][gc            ] GC(940) Pause Young (Normal) (G1 Evacuation Pause) 445M->197M(512M) 2.681ms
[2026-06-18T01:25:50.353+0000][14267.115s][info][gc,cpu        ] GC(940) User=0.02s Sys=0.00s Real=0.01s
[2026-06-18T01:25:51.653+0000][14268.415s][info][gc,start      ] GC(941) Pause Young (Concurrent Start) (G1 Evacuation Pause)
[2026-06-18T01:25:51.653+0000][14268.415s][info][gc,task       ] GC(941) Using 13 workers of 13 for evacuation
[2026-06-18T01:25:51.659+0000][14268.420s][info][gc,phases     ] GC(941)   Pre Evacuate Collection Set: 0.3ms
[2026-06-18T01:25:51.659+0000][14268.420s][info][gc,phases     ] GC(941)   Evacuate Collection Set: 4.5ms
[2026-06-18T01:25:51.659+0000][14268.420s][info][gc,phases     ] GC(941)   Post Evacuate Collection Set: 0.4ms
[2026-06-18T01:25:51.659+0000][14268.420s][info][gc,phases     ] GC(941)   Other: 0.3ms
[2026-06-18T01:25:51.659+0000][14268.421s][info][gc,heap       ] GC(941) Eden regions: 248->0(243)
[2026-06-18T01:25:51.659+0000][14268.421s][info][gc,heap       ] GC(941) Survivor regions: 5->9(32)
[2026-06-18T01:25:51.659+0000][14268.421s][info][gc,heap       ] GC(941) Old regions: 47->47
[2026-06-18T01:25:51.659+0000][14268.421s][info][gc,heap       ] GC(941) Humongous regions: 147->147
[2026-06-18T01:25:51.659+0000][14268.421s][info][gc,metaspace  ] GC(941) Metaspace: 52836K(55552K)->52836K(55552K) NonClass: 46896K(48384K)->46896K(48384K) Class: 5940K(7168K)->5940K(7168K)
[2026-06-18T01:25:51.659+0000][14268.421s][info][gc            ] GC(941) Pause Young (Concurrent Start) (G1 Evacuation Pause) 445M->201M(512M) 6.038ms
[2026-06-18T01:25:51.659+0000][14268.421s][info][gc,cpu        ] GC(941) User=0.04s Sys=0.00s Real=0.00s
[2026-06-18T01:25:51.660+0000][14268.421s][info][gc            ] GC(942) Concurrent Cycle
[2026-06-18T01:25:51.660+0000][14268.421s][info][gc,marking    ] GC(942) Concurrent Clear Claimed Marks
[2026-06-18T01:25:51.660+0000][14268.421s][info][gc,marking    ] GC(942) Concurrent Clear Claimed Marks 0.148ms
[2026-06-18T01:25:51.660+0000][14268.421s][info][gc,marking    ] GC(942) Concurrent Scan Root Regions
[2026-06-18T01:25:51.662+0000][14268.423s][info][gc,marking    ] GC(942) Concurrent Scan Root Regions 2.259ms
[2026-06-18T01:25:51.662+0000][14268.424s][info][gc,marking    ] GC(942) Concurrent Mark (14268.424s)
[2026-06-18T01:25:51.662+0000][14268.424s][info][gc,marking    ] GC(942) Concurrent Mark From Roots
[2026-06-18T01:25:51.662+0000][14268.424s][info][gc,task       ] GC(942) Using 3 workers of 3 for marking
[2026-06-18T01:25:51.668+0000][14268.430s][info][gc,marking    ] GC(942) Concurrent Mark From Roots 6.021ms
[2026-06-18T01:25:51.668+0000][14268.430s][info][gc,marking    ] GC(942) Concurrent Preclean
[2026-06-18T01:25:51.669+0000][14268.430s][info][gc,marking    ] GC(942) Concurrent Preclean 0.293ms
[2026-06-18T01:25:51.669+0000][14268.430s][info][gc,marking    ] GC(942) Concurrent Mark (14268.424s, 14268.430s) 6.723ms
[2026-06-18T01:25:51.669+0000][14268.431s][info][gc,start      ] GC(942) Pause Remark
[2026-06-18T01:25:51.675+0000][14268.436s][info][gc,stringtable] GC(942) Cleaned string and symbol table, strings: 17410 processed, 0 removed, symbols: 125114 processed, 0 removed
[2026-06-18T01:25:51.675+0000][14268.436s][info][gc            ] GC(942) Pause Remark 206M->206M(512M) 5.798ms
[2026-06-18T01:25:51.675+0000][14268.437s][info][gc,cpu        ] GC(942) User=0.01s Sys=0.00s Real=0.01s
[2026-06-18T01:25:51.675+0000][14268.437s][info][gc,marking    ] GC(942) Concurrent Rebuild Remembered Sets
[2026-06-18T01:25:51.680+0000][14268.442s][info][gc,marking    ] GC(942) Concurrent Rebuild Remembered Sets 4.906ms
[2026-06-18T01:25:51.681+0000][14268.442s][info][gc,start      ] GC(942) Pause Cleanup
[2026-06-18T01:25:51.681+0000][14268.442s][info][gc            ] GC(942) Pause Cleanup 207M->207M(512M) 0.166ms
[2026-06-18T01:25:51.681+0000][14268.442s][info][gc,cpu        ] GC(942) User=0.00s Sys=0.00s Real=0.00s
[2026-06-18T01:25:51.681+0000][14268.442s][info][gc,marking    ] GC(942) Concurrent Cleanup for Next Mark
[2026-06-18T01:25:51.681+0000][14268.442s][info][gc,marking    ] GC(942) Concurrent Cleanup for Next Mark 0.191ms
[2026-06-18T01:25:51.681+0000][14268.443s][info][gc            ] GC(942) Concurrent Cycle 21.701ms
[2026-06-18T01:26:40.219+0000][14316.981s][info][gc,start      ] GC(943) Pause Young (Prepare Mixed) (G1 Evacuation Pause)
[2026-06-18T01:26:40.219+0000][14316.981s][info][gc,task       ] GC(943) Using 13 workers of 13 for evacuation
[2026-06-18T01:26:40.222+0000][14316.983s][info][gc,phases     ] GC(943)   Pre Evacuate Collection Set: 0.0ms
[2026-06-18T01:26:40.222+0000][14316.983s][info][gc,phases     ] GC(943)   Evacuate Collection Set: 1.5ms
[2026-06-18T01:26:40.222+0000][14316.983s][info][gc,phases     ] GC(943)   Post Evacuate Collection Set: 0.3ms
[2026-06-18T01:26:40.222+0000][14316.983s][info][gc,phases     ] GC(943)   Other: 0.3ms
[2026-06-18T01:26:40.222+0000][14316.983s][info][gc,heap       ] GC(943) Eden regions: 243->0(20)
[2026-06-18T01:26:40.222+0000][14316.983s][info][gc,heap       ] GC(943) Survivor regions: 9->5(32)
[2026-06-18T01:26:40.222+0000][14316.983s][info][gc,heap       ] GC(943) Old regions: 47->47
[2026-06-18T01:26:40.222+0000][14316.983s][info][gc,heap       ] GC(943) Humongous regions: 147->147
[2026-06-18T01:26:40.222+0000][14316.983s][info][gc,metaspace  ] GC(943) Metaspace: 52844K(55552K)->52844K(55552K) NonClass: 46904K(48384K)->46904K(48384K) Class: 5940K(7168K)->5940K(7168K)
[2026-06-18T01:26:40.222+0000][14316.983s][info][gc            ] GC(943) Pause Young (Prepare Mixed) (G1 Evacuation Pause) 444M->197M(512M) 2.634ms
[2026-06-18T01:26:40.222+0000][14316.983s][info][gc,cpu        ] GC(943) User=0.02s Sys=0.00s Real=0.01s
[2026-06-18T01:26:40.351+0000][14317.113s][info][gc,start      ] GC(944) Pause Young (Mixed) (G1 Evacuation Pause)
[2026-06-18T01:26:40.351+0000][14317.113s][info][gc,task       ] GC(944) Using 13 workers of 13 for evacuation
[2026-06-18T01:26:40.353+0000][14317.115s][info][gc,phases     ] GC(944)   Pre Evacuate Collection Set: 0.0ms
[2026-06-18T01:26:40.353+0000][14317.115s][info][gc,phases     ] GC(944)   Evacuate Collection Set: 1.6ms
[2026-06-18T01:26:40.353+0000][14317.115s][info][gc,phases     ] GC(944)   Post Evacuate Collection Set: 0.3ms
[2026-06-18T01:26:40.354+0000][14317.115s][info][gc,phases     ] GC(944)   Other: 0.3ms
[2026-06-18T01:26:40.354+0000][14317.115s][info][gc,heap       ] GC(944) Eden regions: 20->0(250)
[2026-06-18T01:26:40.354+0000][14317.115s][info][gc,heap       ] GC(944) Survivor regions: 5->3(4)
[2026-06-18T01:26:40.354+0000][14317.115s][info][gc,heap       ] GC(944) Old regions: 47->47
[2026-06-18T01:26:40.354+0000][14317.115s][info][gc,heap       ] GC(944) Humongous regions: 147->147
[2026-06-18T01:26:40.354+0000][14317.115s][info][gc,metaspace  ] GC(944) Metaspace: 52844K(55552K)->52844K(55552K) NonClass: 46904K(48384K)->46904K(48384K) Class: 5940K(7168K)->5940K(7168K)
[2026-06-18T01:26:40.354+0000][14317.115s][info][gc            ] GC(944) Pause Young (Mixed) (G1 Evacuation Pause) 217M->196M(512M) 2.520ms
[2026-06-18T01:26:40.354+0000][14317.115s][info][gc,cpu        ] GC(944) User=0.01s Sys=0.00s Real=0.01s
[2026-06-18T01:26:41.823+0000][14318.584s][info][gc,start      ] GC(945) Pause Young (Normal) (G1 Evacuation Pause)
[2026-06-18T01:26:41.823+0000][14318.585s][info][gc,task       ] GC(945) Using 13 workers of 13 for evacuation
[2026-06-18T01:26:41.825+0000][14318.587s][info][gc,phases     ] GC(945)   Pre Evacuate Collection Set: 0.0ms
[2026-06-18T01:26:41.826+0000][14318.587s][info][gc,phases     ] GC(945)   Evacuate Collection Set: 1.7ms
[2026-06-18T01:26:41.826+0000][14318.587s][info][gc,phases     ] GC(945)   Post Evacuate Collection Set: 0.4ms
[2026-06-18T01:26:41.826+0000][14318.587s][info][gc,phases     ] GC(945)   Other: 0.3ms
[2026-06-18T01:26:41.826+0000][14318.587s][info][gc,heap       ] GC(945) Eden regions: 250->0(246)
[2026-06-18T01:26:41.826+0000][14318.587s][info][gc,heap       ] GC(945) Survivor regions: 3->7(32)
[2026-06-18T01:26:41.826+0000][14318.587s][info][gc,heap       ] GC(945) Old regions: 47->47
[2026-06-18T01:26:41.826+0000][14318.587s][info][gc,heap       ] GC(945) Humongous regions: 147->147
[2026-06-18T01:26:41.826+0000][14318.587s][info][gc,metaspace  ] GC(945) Metaspace: 52844K(55552K)->52844K(55552K) NonClass: 46904K(48384K)->46904K(48384K) Class: 5940K(7168K)->5940K(7168K)
[2026-06-18T01:26:41.826+0000][14318.587s][info][gc            ] GC(945) Pause Young (Normal) (G1 Evacuation Pause) 446M->200M(512M) 2.736ms
[2026-06-18T01:26:41.826+0000][14318.587s][info][gc,cpu        ] GC(945) User=0.02s Sys=0.00s Real=0.00s
[2026-06-18T01:26:43.041+0000][14319.802s][info][gc,start      ] GC(946) Pause Young (Normal) (G1 Evacuation Pause)
[2026-06-18T01:26:43.041+0000][14319.802s][info][gc,task       ] GC(946) Using 13 workers of 13 for evacuation
[2026-06-18T01:26:43.043+0000][14319.804s][info][gc,phases     ] GC(946)   Pre Evacuate Collection Set: 0.0ms
[2026-06-18T01:26:43.043+0000][14319.804s][info][gc,phases     ] GC(946)   Evacuate Collection Set: 1.4ms
[2026-06-18T01:26:43.043+0000][14319.804s][info][gc,phases     ] GC(946)   Post Evacuate Collection Set: 0.4ms
[2026-06-18T01:26:43.043+0000][14319.804s][info][gc,phases     ] GC(946)   Other: 0.3ms
[2026-06-18T01:26:43.043+0000][14319.804s][info][gc,heap       ] GC(946) Eden regions: 246->0(251)
[2026-06-18T01:26:43.043+0000][14319.804s][info][gc,heap       ] GC(946) Survivor regions: 7->4(32)
[2026-06-18T01:26:43.043+0000][14319.804s][info][gc,heap       ] GC(946) Old regions: 47->47
[2026-06-18T01:26:43.043+0000][14319.805s][info][gc,heap       ] GC(946) Humongous regions: 147->147
[2026-06-18T01:26:43.043+0000][14319.805s][info][gc,metaspace  ] GC(946) Metaspace: 52844K(55552K)->52844K(55552K) NonClass: 46904K(48384K)->46904K(48384K) Class: 5940K(7168K)->5940K(7168K)
[2026-06-18T01:26:43.043+0000][14319.805s][info][gc            ] GC(946) Pause Young (Normal) (G1 Evacuation Pause) 446M->197M(512M) 2.579ms
[2026-06-18T01:26:43.043+0000][14319.805s][info][gc,cpu        ] GC(946) User=0.02s Sys=0.00s Real=0.01s
[2026-06-18T01:27:31.509+0000][14368.272s][info][gc,start      ] GC(947) Pause Young (Concurrent Start) (G1 Evacuation Pause)
[2026-06-18T01:27:31.509+0000][14368.272s][info][gc,task       ] GC(947) Using 13 workers of 13 for evacuation
[2026-06-18T01:27:31.513+0000][14368.277s][info][gc,phases     ] GC(947)   Pre Evacuate Collection Set: 0.3ms
[2026-06-18T01:27:31.514+0000][14368.277s][info][gc,phases     ] GC(947)   Evacuate Collection Set: 3.9ms
[2026-06-18T01:27:31.514+0000][14368.277s][info][gc,phases     ] GC(947)   Post Evacuate Collection Set: 0.4ms
[2026-06-18T01:27:31.514+0000][14368.277s][info][gc,phases     ] GC(947)   Other: 0.4ms
[2026-06-18T01:27:31.514+0000][14368.277s][info][gc,heap       ] GC(947) Eden regions: 251->0(247)
[2026-06-18T01:27:31.514+0000][14368.277s][info][gc,heap       ] GC(947) Survivor regions: 4->7(32)
[2026-06-18T01:27:31.514+0000][14368.277s][info][gc,heap       ] GC(947) Old regions: 47->47
[2026-06-18T01:27:31.514+0000][14368.277s][info][gc,heap       ] GC(947) Humongous regions: 147->147
[2026-06-18T01:27:31.514+0000][14368.277s][info][gc,metaspace  ] GC(947) Metaspace: 52846K(55552K)->52846K(55552K) NonClass: 46905K(48384K)->46905K(48384K) Class: 5940K(7168K)->5940K(7168K)
[2026-06-18T01:27:31.514+0000][14368.277s][info][gc            ] GC(947) Pause Young (Concurrent Start) (G1 Evacuation Pause) 448M->200M(512M) 5.539ms
[2026-06-18T01:27:31.515+0000][14368.278s][info][gc,cpu        ] GC(947) User=0.04s Sys=0.00s Real=0.01s
[2026-06-18T01:27:31.515+0000][14368.278s][info][gc            ] GC(948) Concurrent Cycle
[2026-06-18T01:27:31.515+0000][14368.278s][info][gc,marking    ] GC(948) Concurrent Clear Claimed Marks
[2026-06-18T01:27:31.515+0000][14368.278s][info][gc,marking    ] GC(948) Concurrent Clear Claimed Marks 0.212ms
[2026-06-18T01:27:31.515+0000][14368.278s][info][gc,marking    ] GC(948) Concurrent Scan Root Regions
[2026-06-18T01:27:31.517+0000][14368.280s][info][gc,marking    ] GC(948) Concurrent Scan Root Regions 1.566ms
[2026-06-18T01:27:31.517+0000][14368.280s][info][gc,marking    ] GC(948) Concurrent Mark (14368.280s)
[2026-06-18T01:27:31.517+0000][14368.280s][info][gc,marking    ] GC(948) Concurrent Mark From Roots
[2026-06-18T01:27:31.517+0000][14368.280s][info][gc,task       ] GC(948) Using 3 workers of 3 for marking
[2026-06-18T01:27:31.523+0000][14368.286s][info][gc,marking    ] GC(948) Concurrent Mark From Roots 6.422ms
[2026-06-18T01:27:31.523+0000][14368.287s][info][gc,marking    ] GC(948) Concurrent Preclean
[2026-06-18T01:27:31.524+0000][14368.287s][info][gc,marking    ] GC(948) Concurrent Preclean 0.251ms
[2026-06-18T01:27:31.524+0000][14368.287s][info][gc,marking    ] GC(948) Concurrent Mark (14368.280s, 14368.287s) 7.001ms
[2026-06-18T01:27:31.524+0000][14368.287s][info][gc,start      ] GC(948) Pause Remark
[2026-06-18T01:27:31.527+0000][14368.290s][info][gc,stringtable] GC(948) Cleaned string and symbol table, strings: 17410 processed, 0 removed, symbols: 125114 processed, 0 removed
[2026-06-18T01:27:31.527+0000][14368.291s][info][gc            ] GC(948) Pause Remark 204M->204M(512M) 3.339ms
[2026-06-18T01:27:31.527+0000][14368.291s][info][gc,cpu        ] GC(948) User=0.02s Sys=0.00s Real=0.00s
[2026-06-18T01:27:31.528+0000][14368.291s][info][gc,marking    ] GC(948) Concurrent Rebuild Remembered Sets
[2026-06-18T01:27:31.533+0000][14368.296s][info][gc,marking    ] GC(948) Concurrent Rebuild Remembered Sets 5.036ms
[2026-06-18T01:27:31.533+0000][14368.296s][info][gc,start      ] GC(948) Pause Cleanup
[2026-06-18T01:27:31.533+0000][14368.296s][info][gc            ] GC(948) Pause Cleanup 205M->205M(512M) 0.214ms
[2026-06-18T01:27:31.533+0000][14368.297s][info][gc,cpu        ] GC(948) User=0.00s Sys=0.00s Real=0.00s
[2026-06-18T01:27:31.533+0000][14368.297s][info][gc,marking    ] GC(948) Concurrent Cleanup for Next Mark
[2026-06-18T01:27:31.534+0000][14368.297s][info][gc,marking    ] GC(948) Concurrent Cleanup for Next Mark 0.140ms
[2026-06-18T01:27:31.534+0000][14368.297s][info][gc            ] GC(948) Concurrent Cycle 18.848ms
[2026-06-18T01:27:32.982+0000][14369.745s][info][gc,start      ] GC(949) Pause Young (Prepare Mixed) (G1 Evacuation Pause)
[2026-06-18T01:27:32.982+0000][14369.745s][info][gc,task       ] GC(949) Using 13 workers of 13 for evacuation
[2026-06-18T01:27:32.984+0000][14369.747s][info][gc,phases     ] GC(949)   Pre Evacuate Collection Set: 0.0ms
[2026-06-18T01:27:32.984+0000][14369.747s][info][gc,phases     ] GC(949)   Evacuate Collection Set: 1.5ms
[2026-06-18T01:27:32.984+0000][14369.747s][info][gc,phases     ] GC(949)   Post Evacuate Collection Set: 0.4ms
[2026-06-18T01:27:32.984+0000][14369.747s][info][gc,phases     ] GC(949)   Other: 0.3ms
[2026-06-18T01:27:32.984+0000][14369.747s][info][gc,heap       ] GC(949) Eden regions: 247->0(21)
[2026-06-18T01:27:32.984+0000][14369.747s][info][gc,heap       ] GC(949) Survivor regions: 7->4(32)
[2026-06-18T01:27:32.984+0000][14369.748s][info][gc,heap       ] GC(949) Old regions: 47->47
[2026-06-18T01:27:32.984+0000][14369.748s][info][gc,heap       ] GC(949) Humongous regions: 147->147
[2026-06-18T01:27:32.984+0000][14369.748s][info][gc,metaspace  ] GC(949) Metaspace: 52846K(55552K)->52846K(55552K) NonClass: 46905K(48384K)->46905K(48384K) Class: 5940K(7168K)->5940K(7168K)
[2026-06-18T01:27:32.985+0000][14369.748s][info][gc            ] GC(949) Pause Young (Prepare Mixed) (G1 Evacuation Pause) 447M->197M(512M) 2.724ms
[2026-06-18T01:27:32.985+0000][14369.748s][info][gc,cpu        ] GC(949) User=0.01s Sys=0.00s Real=0.00s
[2026-06-18T01:27:33.090+0000][14369.853s][info][gc,start      ] GC(950) Pause Young (Mixed) (G1 Evacuation Pause)
[2026-06-18T01:27:33.090+0000][14369.853s][info][gc,task       ] GC(950) Using 13 workers of 13 for evacuation
[2026-06-18T01:27:33.093+0000][14369.856s][info][gc,phases     ] GC(950)   Pre Evacuate Collection Set: 0.0ms
[2026-06-18T01:27:33.093+0000][14369.856s][info][gc,phases     ] GC(950)   Evacuate Collection Set: 2.6ms
[2026-06-18T01:27:33.093+0000][14369.856s][info][gc,phases     ] GC(950)   Post Evacuate Collection Set: 0.3ms
[2026-06-18T01:27:33.093+0000][14369.856s][info][gc,phases     ] GC(950)   Other: 0.3ms
[2026-06-18T01:27:33.093+0000][14369.856s][info][gc,heap       ] GC(950) Eden regions: 21->0(250)
[2026-06-18T01:27:33.093+0000][14369.857s][info][gc,heap       ] GC(950) Survivor regions: 4->4(4)
[2026-06-18T01:27:33.093+0000][14369.857s][info][gc,heap       ] GC(950) Old regions: 47->47
[2026-06-18T01:27:33.093+0000][14369.857s][info][gc,heap       ] GC(950) Humongous regions: 147->147
[2026-06-18T01:27:33.093+0000][14369.857s][info][gc,metaspace  ] GC(950) Metaspace: 52846K(55552K)->52846K(55552K) NonClass: 46905K(48384K)->46905K(48384K) Class: 5940K(7168K)->5940K(7168K)
[2026-06-18T01:27:33.094+0000][14369.857s][info][gc            ] GC(950) Pause Young (Mixed) (G1 Evacuation Pause) 218M->196M(512M) 3.681ms
[2026-06-18T01:27:33.094+0000][14369.857s][info][gc,cpu        ] GC(950) User=0.03s Sys=0.00s Real=0.01s
[2026-06-18T01:27:34.403+0000][14371.166s][info][gc,start      ] GC(951) Pause Young (Normal) (G1 Evacuation Pause)
[2026-06-18T01:27:34.403+0000][14371.166s][info][gc,task       ] GC(951) Using 13 workers of 13 for evacuation
[2026-06-18T01:27:34.405+0000][14371.168s][info][gc,phases     ] GC(951)   Pre Evacuate Collection Set: 0.0ms
[2026-06-18T01:27:34.405+0000][14371.168s][info][gc,phases     ] GC(951)   Evacuate Collection Set: 1.6ms
[2026-06-18T01:27:34.405+0000][14371.168s][info][gc,phases     ] GC(951)   Post Evacuate Collection Set: 0.4ms
[2026-06-18T01:27:34.405+0000][14371.168s][info][gc,phases     ] GC(951)   Other: 0.3ms
[2026-06-18T01:27:34.405+0000][14371.168s][info][gc,heap       ] GC(951) Eden regions: 250->0(248)
[2026-06-18T01:27:34.405+0000][14371.168s][info][gc,heap       ] GC(951) Survivor regions: 4->6(32)
[2026-06-18T01:27:34.405+0000][14371.168s][info][gc,heap       ] GC(951) Old regions: 47->47
[2026-06-18T01:27:34.405+0000][14371.168s][info][gc,heap       ] GC(951) Humongous regions: 147->147
[2026-06-18T01:27:34.405+0000][14371.168s][info][gc,metaspace  ] GC(951) Metaspace: 52846K(55552K)->52846K(55552K) NonClass: 46905K(48384K)->46905K(48384K) Class: 5940K(7168K)->5940K(7168K)
[2026-06-18T01:27:34.405+0000][14371.168s][info][gc            ] GC(951) Pause Young (Normal) (G1 Evacuation Pause) 446M->199M(512M) 2.711ms
[2026-06-18T01:27:34.405+0000][14371.168s][info][gc,cpu        ] GC(951) User=0.02s Sys=0.00s Real=0.00s
[2026-06-18T01:27:35.641+0000][14372.404s][info][gc,start      ] GC(952) Pause Young (Normal) (G1 Evacuation Pause)
[2026-06-18T01:27:35.641+0000][14372.404s][info][gc,task       ] GC(952) Using 13 workers of 13 for evacuation
[2026-06-18T01:27:35.644+0000][14372.407s][info][gc,phases     ] GC(952)   Pre Evacuate Collection Set: 0.0ms
[2026-06-18T01:27:35.644+0000][14372.407s][info][gc,phases     ] GC(952)   Evacuate Collection Set: 1.9ms
[2026-06-18T01:27:35.644+0000][14372.407s][info][gc,phases     ] GC(952)   Post Evacuate Collection Set: 0.3ms
[2026-06-18T01:27:35.644+0000][14372.407s][info][gc,phases     ] GC(952)   Other: 0.3ms
[2026-06-18T01:27:35.644+0000][14372.407s][info][gc,heap       ] GC(952) Eden regions: 248->0(251)
[2026-06-18T01:27:35.644+0000][14372.407s][info][gc,heap       ] GC(952) Survivor regions: 6->4(32)
[2026-06-18T01:27:35.644+0000][14372.407s][info][gc,heap       ] GC(952) Old regions: 47->47
[2026-06-18T01:27:35.644+0000][14372.407s][info][gc,heap       ] GC(952) Humongous regions: 147->147
[2026-06-18T01:27:35.644+0000][14372.407s][info][gc,metaspace  ] GC(952) Metaspace: 52846K(55552K)->52846K(55552K) NonClass: 46905K(48384K)->46905K(48384K) Class: 5940K(7168K)->5940K(7168K)
[2026-06-18T01:27:35.644+0000][14372.407s][info][gc            ] GC(952) Pause Young (Normal) (G1 Evacuation Pause) 447M->197M(512M) 3.071ms
[2026-06-18T01:27:35.644+0000][14372.407s][info][gc,cpu        ] GC(952) User=0.02s Sys=0.00s Real=0.00s
[2026-06-18T01:28:24.279+0000][14421.041s][info][gc,start      ] GC(953) Pause Young (Concurrent Start) (G1 Evacuation Pause)
[2026-06-18T01:28:24.280+0000][14421.041s][info][gc,task       ] GC(953) Using 13 workers of 13 for evacuation
[2026-06-18T01:28:24.284+0000][14421.045s][info][gc,phases     ] GC(953)   Pre Evacuate Collection Set: 0.3ms
[2026-06-18T01:28:24.284+0000][14421.045s][info][gc,phases     ] GC(953)   Evacuate Collection Set: 3.0ms
[2026-06-18T01:28:24.284+0000][14421.045s][info][gc,phases     ] GC(953)   Post Evacuate Collection Set: 0.4ms
[2026-06-18T01:28:24.284+0000][14421.045s][info][gc,phases     ] GC(953)   Other: 0.4ms
[2026-06-18T01:28:24.284+0000][14421.045s][info][gc,heap       ] GC(953) Eden regions: 251->0(245)
[2026-06-18T01:28:24.284+0000][14421.045s][info][gc,heap       ] GC(953) Survivor regions: 4->9(32)
[2026-06-18T01:28:24.284+0000][14421.045s][info][gc,heap       ] GC(953) Old regions: 47->47
[2026-06-18T01:28:24.284+0000][14421.045s][info][gc,heap       ] GC(953) Humongous regions: 147->147
[2026-06-18T01:28:24.284+0000][14421.045s][info][gc,metaspace  ] GC(953) Metaspace: 52853K(55552K)->52853K(55552K) NonClass: 46913K(48384K)->46913K(48384K) Class: 5940K(7168K)->5940K(7168K)
[2026-06-18T01:28:24.284+0000][14421.045s][info][gc            ] GC(953) Pause Young (Concurrent Start) (G1 Evacuation Pause) 448M->201M(512M) 4.826ms
[2026-06-18T01:28:24.284+0000][14421.046s][info][gc,cpu        ] GC(953) User=0.03s Sys=0.00s Real=0.01s
[2026-06-18T01:28:24.284+0000][14421.046s][info][gc            ] GC(954) Concurrent Cycle
[2026-06-18T01:28:24.285+0000][14421.046s][info][gc,marking    ] GC(954) Concurrent Clear Claimed Marks
[2026-06-18T01:28:24.285+0000][14421.046s][info][gc,marking    ] GC(954) Concurrent Clear Claimed Marks 0.182ms
[2026-06-18T01:28:24.285+0000][14421.046s][info][gc,marking    ] GC(954) Concurrent Scan Root Regions
[2026-06-18T01:28:24.286+0000][14421.048s][info][gc,marking    ] GC(954) Concurrent Scan Root Regions 1.636ms
[2026-06-18T01:28:24.286+0000][14421.048s][info][gc,marking    ] GC(954) Concurrent Mark (14421.048s)
[2026-06-18T01:28:24.287+0000][14421.048s][info][gc,marking    ] GC(954) Concurrent Mark From Roots
[2026-06-18T01:28:24.287+0000][14421.048s][info][gc,task       ] GC(954) Using 3 workers of 3 for marking
[2026-06-18T01:28:24.292+0000][14421.053s][info][gc,marking    ] GC(954) Concurrent Mark From Roots 5.565ms
[2026-06-18T01:28:24.292+0000][14421.053s][info][gc,marking    ] GC(954) Concurrent Preclean
[2026-06-18T01:28:24.292+0000][14421.054s][info][gc,marking    ] GC(954) Concurrent Preclean 0.162ms
[2026-06-18T01:28:24.292+0000][14421.054s][info][gc,marking    ] GC(954) Concurrent Mark (14421.048s, 14421.054s) 5.925ms
[2026-06-18T01:28:24.293+0000][14421.054s][info][gc,start      ] GC(954) Pause Remark
[2026-06-18T01:28:24.296+0000][14421.057s][info][gc,stringtable] GC(954) Cleaned string and symbol table, strings: 17412 processed, 0 removed, symbols: 125114 processed, 0 removed
[2026-06-18T01:28:24.296+0000][14421.057s][info][gc            ] GC(954) Pause Remark 206M->206M(512M) 3.253ms
[2026-06-18T01:28:24.296+0000][14421.057s][info][gc,cpu        ] GC(954) User=0.03s Sys=0.00s Real=0.00s
[2026-06-18T01:28:24.296+0000][14421.057s][info][gc,marking    ] GC(954) Concurrent Rebuild Remembered Sets
[2026-06-18T01:28:24.300+0000][14421.061s][info][gc,marking    ] GC(954) Concurrent Rebuild Remembered Sets 4.038ms
[2026-06-18T01:28:24.300+0000][14421.061s][info][gc,start      ] GC(954) Pause Cleanup
[2026-06-18T01:28:24.300+0000][14421.062s][info][gc            ] GC(954) Pause Cleanup 206M->206M(512M) 0.155ms
[2026-06-18T01:28:24.300+0000][14421.062s][info][gc,cpu        ] GC(954) User=0.01s Sys=0.00s Real=0.00s
[2026-06-18T01:28:24.301+0000][14421.062s][info][gc,marking    ] GC(954) Concurrent Cleanup for Next Mark
[2026-06-18T01:28:24.301+0000][14421.062s][info][gc,marking    ] GC(954) Concurrent Cleanup for Next Mark 0.162ms
[2026-06-18T01:28:24.301+0000][14421.062s][info][gc            ] GC(954) Concurrent Cycle 16.313ms
[2026-06-18T01:28:25.669+0000][14422.430s][info][gc,start      ] GC(955) Pause Young (Prepare Mixed) (G1 Evacuation Pause)
[2026-06-18T01:28:25.669+0000][14422.430s][info][gc,task       ] GC(955) Using 13 workers of 13 for evacuation
[2026-06-18T01:28:25.673+0000][14422.435s][info][gc,phases     ] GC(955)   Pre Evacuate Collection Set: 0.0ms
[2026-06-18T01:28:25.674+0000][14422.435s][info][gc,phases     ] GC(955)   Evacuate Collection Set: 3.8ms
[2026-06-18T01:28:25.674+0000][14422.435s][info][gc,phases     ] GC(955)   Post Evacuate Collection Set: 0.7ms
[2026-06-18T01:28:25.674+0000][14422.435s][info][gc,phases     ] GC(955)   Other: 0.3ms
[2026-06-18T01:28:25.674+0000][14422.435s][info][gc,heap       ] GC(955) Eden regions: 245->0(13)
[2026-06-18T01:28:25.674+0000][14422.435s][info][gc,heap       ] GC(955) Survivor regions: 9->12(32)
[2026-06-18T01:28:25.674+0000][14422.435s][info][gc,heap       ] GC(955) Old regions: 47->47
[2026-06-18T01:28:25.674+0000][14422.435s][info][gc,heap       ] GC(955) Humongous regions: 147->147
[2026-06-18T01:28:25.674+0000][14422.435s][info][gc,metaspace  ] GC(955) Metaspace: 52853K(55552K)->52853K(55552K) NonClass: 46913K(48384K)->46913K(48384K) Class: 5940K(7168K)->5940K(7168K)
[2026-06-18T01:28:25.674+0000][14422.435s][info][gc            ] GC(955) Pause Young (Prepare Mixed) (G1 Evacuation Pause) 446M->205M(512M) 5.287ms
[2026-06-18T01:28:25.674+0000][14422.435s][info][gc,cpu        ] GC(955) User=0.05s Sys=0.00s Real=0.01s
[2026-06-18T01:28:25.745+0000][14422.506s][info][gc,start      ] GC(956) Pause Young (Mixed) (G1 Evacuation Pause)
[2026-06-18T01:28:25.745+0000][14422.507s][info][gc,task       ] GC(956) Using 13 workers of 13 for evacuation
[2026-06-18T01:28:25.754+0000][14422.515s][info][gc,phases     ] GC(956)   Pre Evacuate Collection Set: 0.0ms
[2026-06-18T01:28:25.754+0000][14422.515s][info][gc,phases     ] GC(956)   Evacuate Collection Set: 7.9ms
[2026-06-18T01:28:25.754+0000][14422.515s][info][gc,phases     ] GC(956)   Post Evacuate Collection Set: 0.3ms
[2026-06-18T01:28:25.754+0000][14422.515s][info][gc,phases     ] GC(956)   Other: 0.3ms
[2026-06-18T01:28:25.754+0000][14422.515s][info][gc,heap       ] GC(956) Eden regions: 13->0(238)
[2026-06-18T01:28:25.754+0000][14422.515s][info][gc,heap       ] GC(956) Survivor regions: 12->2(4)
[2026-06-18T01:28:25.754+0000][14422.515s][info][gc,heap       ] GC(956) Old regions: 47->57
[2026-06-18T01:28:25.754+0000][14422.515s][info][gc,heap       ] GC(956) Humongous regions: 147->147
[2026-06-18T01:28:25.754+0000][14422.515s][info][gc,metaspace  ] GC(956) Metaspace: 52853K(55552K)->52853K(55552K) NonClass: 46913K(48384K)->46913K(48384K) Class: 5940K(7168K)->5940K(7168K)
[2026-06-18T01:28:25.754+0000][14422.515s][info][gc            ] GC(956) Pause Young (Mixed) (G1 Evacuation Pause) 218M->205M(512M) 9.028ms
[2026-06-18T01:28:25.754+0000][14422.515s][info][gc,cpu        ] GC(956) User=0.08s Sys=0.00s Real=0.01s
[2026-06-18T01:28:26.931+0000][14423.692s][info][gc,start      ] GC(957) Pause Young (Normal) (G1 Evacuation Pause)
[2026-06-18T01:28:26.931+0000][14423.693s][info][gc,task       ] GC(957) Using 13 workers of 13 for evacuation
[2026-06-18T01:28:26.935+0000][14423.696s][info][gc,phases     ] GC(957)   Pre Evacuate Collection Set: 0.0ms
[2026-06-18T01:28:26.935+0000][14423.696s][info][gc,phases     ] GC(957)   Evacuate Collection Set: 2.9ms
[2026-06-18T01:28:26.935+0000][14423.696s][info][gc,phases     ] GC(957)   Post Evacuate Collection Set: 0.3ms
[2026-06-18T01:28:26.935+0000][14423.696s][info][gc,phases     ] GC(957)   Other: 0.3ms
[2026-06-18T01:28:26.935+0000][14423.696s][info][gc,heap       ] GC(957) Eden regions: 238->0(237)
[2026-06-18T01:28:26.935+0000][14423.696s][info][gc,heap       ] GC(957) Survivor regions: 2->4(30)
[2026-06-18T01:28:26.935+0000][14423.696s][info][gc,heap       ] GC(957) Old regions: 57->57
[2026-06-18T01:28:26.935+0000][14423.696s][info][gc,heap       ] GC(957) Humongous regions: 147->147
[2026-06-18T01:28:26.935+0000][14423.696s][info][gc,metaspace  ] GC(957) Metaspace: 52853K(55552K)->52853K(55552K) NonClass: 46913K(48384K)->46913K(48384K) Class: 5940K(7168K)->5940K(7168K)
[2026-06-18T01:28:26.935+0000][14423.696s][info][gc            ] GC(957) Pause Young (Normal) (G1 Evacuation Pause) 443M->207M(512M) 3.897ms
[2026-06-18T01:28:26.935+0000][14423.696s][info][gc,cpu        ] GC(957) User=0.02s Sys=0.00s Real=0.01s
[2026-06-18T01:28:39.230+0000][14435.991s][info][gc,start      ] GC(958) Pause Young (Normal) (G1 Evacuation Pause)
[2026-06-18T01:28:39.230+0000][14435.992s][info][gc,task       ] GC(958) Using 13 workers of 13 for evacuation
[2026-06-18T01:28:39.252+0000][14436.013s][info][gc,mmu        ] GC(958) MMU target violated: 21.0ms (20.0ms/21.0ms)
[2026-06-18T01:28:39.252+0000][14436.013s][info][gc,phases     ] GC(958)   Pre Evacuate Collection Set: 0.0ms
[2026-06-18T01:28:39.252+0000][14436.013s][info][gc,phases     ] GC(958)   Evacuate Collection Set: 20.8ms
[2026-06-18T01:28:39.252+0000][14436.013s][info][gc,phases     ] GC(958)   Post Evacuate Collection Set: 0.4ms
[2026-06-18T01:28:39.252+0000][14436.013s][info][gc,phases     ] GC(958)   Other: 0.8ms
[2026-06-18T01:28:39.252+0000][14436.013s][info][gc,heap       ] GC(958) Eden regions: 237->0(240)
[2026-06-18T01:28:39.252+0000][14436.014s][info][gc,heap       ] GC(958) Survivor regions: 4->2(31)
[2026-06-18T01:28:39.252+0000][14436.014s][info][gc,heap       ] GC(958) Old regions: 57->57
[2026-06-18T01:28:39.252+0000][14436.014s][info][gc,heap       ] GC(958) Humongous regions: 147->147
[2026-06-18T01:28:39.252+0000][14436.014s][info][gc,metaspace  ] GC(958) Metaspace: 52853K(55552K)->52853K(55552K) NonClass: 46913K(48384K)->46913K(48384K) Class: 5940K(7168K)->5940K(7168K)
[2026-06-18T01:28:39.252+0000][14436.014s][info][gc            ] GC(958) Pause Young (Normal) (G1 Evacuation Pause) 444M->204M(512M) 22.390ms
[2026-06-18T01:28:39.253+0000][14436.014s][info][gc,cpu        ] GC(958) User=0.06s Sys=0.00s Real=0.03s
[2026-06-18T01:29:16.893+0000][14473.654s][info][gc,start      ] GC(959) Pause Young (Concurrent Start) (G1 Evacuation Pause)
[2026-06-18T01:29:16.893+0000][14473.654s][info][gc,task       ] GC(959) Using 13 workers of 13 for evacuation
[2026-06-18T01:29:16.895+0000][14473.656s][info][gc,phases     ] GC(959)   Pre Evacuate Collection Set: 0.3ms
[2026-06-18T01:29:16.895+0000][14473.656s][info][gc,phases     ] GC(959)   Evacuate Collection Set: 1.5ms
[2026-06-18T01:29:16.895+0000][14473.657s][info][gc,phases     ] GC(959)   Post Evacuate Collection Set: 0.4ms
[2026-06-18T01:29:16.895+0000][14473.657s][info][gc,phases     ] GC(959)   Other: 0.3ms
[2026-06-18T01:29:16.895+0000][14473.657s][info][gc,heap       ] GC(959) Eden regions: 240->0(239)
[2026-06-18T01:29:16.896+0000][14473.657s][info][gc,heap       ] GC(959) Survivor regions: 2->5(31)
[2026-06-18T01:29:16.896+0000][14473.657s][info][gc,heap       ] GC(959) Old regions: 57->57
[2026-06-18T01:29:16.896+0000][14473.657s][info][gc,heap       ] GC(959) Humongous regions: 147->147
[2026-06-18T01:29:16.896+0000][14473.657s][info][gc,metaspace  ] GC(959) Metaspace: 52857K(55552K)->52857K(55552K) NonClass: 46915K(48384K)->46915K(48384K) Class: 5942K(7168K)->5942K(7168K)
[2026-06-18T01:29:16.896+0000][14473.657s][info][gc            ] GC(959) Pause Young (Concurrent Start) (G1 Evacuation Pause) 444M->207M(512M) 3.008ms
[2026-06-18T01:29:16.896+0000][14473.657s][info][gc,cpu        ] GC(959) User=0.01s Sys=0.01s Real=0.00s
[2026-06-18T01:29:16.896+0000][14473.657s][info][gc            ] GC(960) Concurrent Cycle
[2026-06-18T01:29:16.896+0000][14473.657s][info][gc,marking    ] GC(960) Concurrent Clear Claimed Marks
[2026-06-18T01:29:16.896+0000][14473.657s][info][gc,marking    ] GC(960) Concurrent Clear Claimed Marks 0.218ms
[2026-06-18T01:29:16.896+0000][14473.657s][info][gc,marking    ] GC(960) Concurrent Scan Root Regions
[2026-06-18T01:29:16.897+0000][14473.658s][info][gc,marking    ] GC(960) Concurrent Scan Root Regions 1.059ms
[2026-06-18T01:29:16.897+0000][14473.658s][info][gc,marking    ] GC(960) Concurrent Mark (14473.658s)
[2026-06-18T01:29:16.897+0000][14473.659s][info][gc,marking    ] GC(960) Concurrent Mark From Roots
[2026-06-18T01:29:16.897+0000][14473.659s][info][gc,task       ] GC(960) Using 3 workers of 3 for marking
[2026-06-18T01:29:16.903+0000][14473.664s][info][gc,marking    ] GC(960) Concurrent Mark From Roots 5.698ms
[2026-06-18T01:29:16.903+0000][14473.664s][info][gc,marking    ] GC(960) Concurrent Preclean
[2026-06-18T01:29:16.903+0000][14473.665s][info][gc,marking    ] GC(960) Concurrent Preclean 0.189ms
[2026-06-18T01:29:16.903+0000][14473.665s][info][gc,marking    ] GC(960) Concurrent Mark (14473.658s, 14473.665s) 6.205ms
[2026-06-18T01:29:16.904+0000][14473.665s][info][gc,start      ] GC(960) Pause Remark
[2026-06-18T01:29:16.906+0000][14473.667s][info][gc,stringtable] GC(960) Cleaned string and symbol table, strings: 17417 processed, 0 removed, symbols: 125116 processed, 0 removed
[2026-06-18T01:29:16.906+0000][14473.668s][info][gc            ] GC(960) Pause Remark 211M->211M(512M) 2.725ms
[2026-06-18T01:29:16.906+0000][14473.668s][info][gc,cpu        ] GC(960) User=0.02s Sys=0.00s Real=0.00s
[2026-06-18T01:29:16.907+0000][14473.668s][info][gc,marking    ] GC(960) Concurrent Rebuild Remembered Sets
[2026-06-18T01:29:16.911+0000][14473.672s][info][gc,marking    ] GC(960) Concurrent Rebuild Remembered Sets 4.546ms
[2026-06-18T01:29:16.911+0000][14473.673s][info][gc,start      ] GC(960) Pause Cleanup
[2026-06-18T01:29:16.912+0000][14473.673s][info][gc            ] GC(960) Pause Cleanup 212M->212M(512M) 0.177ms
[2026-06-18T01:29:16.912+0000][14473.673s][info][gc,cpu        ] GC(960) User=0.00s Sys=0.00s Real=0.00s
[2026-06-18T01:29:16.912+0000][14473.673s][info][gc,marking    ] GC(960) Concurrent Cleanup for Next Mark
[2026-06-18T01:29:16.912+0000][14473.673s][info][gc,marking    ] GC(960) Concurrent Cleanup for Next Mark 0.151ms
[2026-06-18T01:29:16.912+0000][14473.673s][info][gc            ] GC(960) Concurrent Cycle 16.211ms
[2026-06-18T01:29:18.327+0000][14475.088s][info][gc,start      ] GC(961) Pause Young (Prepare Mixed) (G1 Evacuation Pause)
[2026-06-18T01:29:18.327+0000][14475.089s][info][gc,task       ] GC(961) Using 13 workers of 13 for evacuation
[2026-06-18T01:29:18.330+0000][14475.091s][info][gc,phases     ] GC(961)   Pre Evacuate Collection Set: 0.0ms
[2026-06-18T01:29:18.330+0000][14475.091s][info][gc,phases     ] GC(961)   Evacuate Collection Set: 1.5ms
[2026-06-18T01:29:18.330+0000][14475.091s][info][gc,phases     ] GC(961)   Post Evacuate Collection Set: 0.4ms
[2026-06-18T01:29:18.330+0000][14475.091s][info][gc,phases     ] GC(961)   Other: 0.4ms
[2026-06-18T01:29:18.330+0000][14475.091s][info][gc,heap       ] GC(961) Eden regions: 239->0(18)
[2026-06-18T01:29:18.330+0000][14475.091s][info][gc,heap       ] GC(961) Survivor regions: 5->7(31)
[2026-06-18T01:29:18.330+0000][14475.091s][info][gc,heap       ] GC(961) Old regions: 57->57
[2026-06-18T01:29:18.330+0000][14475.091s][info][gc,heap       ] GC(961) Humongous regions: 147->147
[2026-06-18T01:29:18.330+0000][14475.091s][info][gc,metaspace  ] GC(961) Metaspace: 52857K(55552K)->52857K(55552K) NonClass: 46915K(48384K)->46915K(48384K) Class: 5942K(7168K)->5942K(7168K)
[2026-06-18T01:29:18.330+0000][14475.091s][info][gc            ] GC(961) Pause Young (Prepare Mixed) (G1 Evacuation Pause) 446M->210M(512M) 2.747ms
[2026-06-18T01:29:18.330+0000][14475.091s][info][gc,cpu        ] GC(961) User=0.02s Sys=0.00s Real=0.00s
[2026-06-18T01:29:18.426+0000][14475.187s][info][gc,start      ] GC(962) Pause Young (Mixed) (G1 Evacuation Pause)
[2026-06-18T01:29:18.426+0000][14475.187s][info][gc,task       ] GC(962) Using 13 workers of 13 for evacuation
[2026-06-18T01:29:18.429+0000][14475.191s][info][gc,phases     ] GC(962)   Pre Evacuate Collection Set: 0.0ms
[2026-06-18T01:29:18.429+0000][14475.191s][info][gc,phases     ] GC(962)   Evacuate Collection Set: 2.7ms
[2026-06-18T01:29:18.430+0000][14475.191s][info][gc,phases     ] GC(962)   Post Evacuate Collection Set: 0.3ms
[2026-06-18T01:29:18.430+0000][14475.191s][info][gc,phases     ] GC(962)   Other: 0.3ms
[2026-06-18T01:29:18.430+0000][14475.191s][info][gc,heap       ] GC(962) Eden regions: 18->0(244)
[2026-06-18T01:29:18.430+0000][14475.191s][info][gc,heap       ] GC(962) Survivor regions: 7->2(4)
[2026-06-18T01:29:18.430+0000][14475.191s][info][gc,heap       ] GC(962) Old regions: 57->52
[2026-06-18T01:29:18.430+0000][14475.191s][info][gc,heap       ] GC(962) Humongous regions: 147->147
[2026-06-18T01:29:18.430+0000][14475.191s][info][gc,metaspace  ] GC(962) Metaspace: 52857K(55552K)->52857K(55552K) NonClass: 46915K(48384K)->46915K(48384K) Class: 5942K(7168K)->5942K(7168K)
[2026-06-18T01:29:18.430+0000][14475.191s][info][gc            ] GC(962) Pause Young (Mixed) (G1 Evacuation Pause) 228M->199M(512M) 3.844ms
[2026-06-18T01:29:18.430+0000][14475.191s][info][gc,cpu        ] GC(962) User=0.02s Sys=0.01s Real=0.00s
[2026-06-18T01:29:19.716+0000][14476.477s][info][gc,start      ] GC(963) Pause Young (Normal) (G1 Evacuation Pause)
[2026-06-18T01:29:19.716+0000][14476.477s][info][gc,task       ] GC(963) Using 13 workers of 13 for evacuation
[2026-06-18T01:29:19.718+0000][14476.480s][info][gc,phases     ] GC(963)   Pre Evacuate Collection Set: 0.0ms
[2026-06-18T01:29:19.718+0000][14476.480s][info][gc,phases     ] GC(963)   Evacuate Collection Set: 2.1ms
[2026-06-18T01:29:19.719+0000][14476.480s][info][gc,phases     ] GC(963)   Post Evacuate Collection Set: 0.3ms
[2026-06-18T01:29:19.719+0000][14476.480s][info][gc,phases     ] GC(963)   Other: 0.2ms
[2026-06-18T01:29:19.719+0000][14476.480s][info][gc,heap       ] GC(963) Eden regions: 244->0(245)
[2026-06-18T01:29:19.719+0000][14476.480s][info][gc,heap       ] GC(963) Survivor regions: 2->3(31)
[2026-06-18T01:29:19.719+0000][14476.480s][info][gc,heap       ] GC(963) Old regions: 52->52
[2026-06-18T01:29:19.719+0000][14476.480s][info][gc,heap       ] GC(963) Humongous regions: 147->147
[2026-06-18T01:29:19.719+0000][14476.480s][info][gc,metaspace  ] GC(963) Metaspace: 52857K(55552K)->52857K(55552K) NonClass: 46915K(48384K)->46915K(48384K) Class: 5942K(7168K)->5942K(7168K)
[2026-06-18T01:29:19.719+0000][14476.480s][info][gc            ] GC(963) Pause Young (Normal) (G1 Evacuation Pause) 443M->200M(512M) 2.932ms
[2026-06-18T01:29:19.719+0000][14476.480s][info][gc,cpu        ] GC(963) User=0.03s Sys=0.00s Real=0.00s
[2026-06-18T01:30:08.429+0000][14525.190s][info][gc,start      ] GC(964) Pause Young (Normal) (G1 Evacuation Pause)
[2026-06-18T01:30:08.429+0000][14525.190s][info][gc,task       ] GC(964) Using 13 workers of 13 for evacuation
[2026-06-18T01:30:08.432+0000][14525.193s][info][gc,phases     ] GC(964)   Pre Evacuate Collection Set: 0.0ms
[2026-06-18T01:30:08.432+0000][14525.193s][info][gc,phases     ] GC(964)   Evacuate Collection Set: 2.2ms
[2026-06-18T01:30:08.432+0000][14525.193s][info][gc,phases     ] GC(964)   Post Evacuate Collection Set: 0.4ms
[2026-06-18T01:30:08.432+0000][14525.193s][info][gc,phases     ] GC(964)   Other: 0.3ms
[2026-06-18T01:30:08.432+0000][14525.193s][info][gc,heap       ] GC(964) Eden regions: 245->0(242)
[2026-06-18T01:30:08.432+0000][14525.193s][info][gc,heap       ] GC(964) Survivor regions: 3->6(31)
[2026-06-18T01:30:08.432+0000][14525.193s][info][gc,heap       ] GC(964) Old regions: 52->52
[2026-06-18T01:30:08.432+0000][14525.193s][info][gc,heap       ] GC(964) Humongous regions: 147->147
[2026-06-18T01:30:08.432+0000][14525.193s][info][gc,metaspace  ] GC(964) Metaspace: 52857K(55552K)->52857K(55552K) NonClass: 46915K(48384K)->46915K(48384K) Class: 5942K(7168K)->5942K(7168K)
[2026-06-18T01:30:08.432+0000][14525.193s][info][gc            ] GC(964) Pause Young (Normal) (G1 Evacuation Pause) 445M->203M(512M) 3.420ms
[2026-06-18T01:30:08.432+0000][14525.193s][info][gc,cpu        ] GC(964) User=0.03s Sys=0.00s Real=0.01s
[2026-06-18T01:30:10.047+0000][14526.808s][info][gc,start      ] GC(965) Pause Young (Concurrent Start) (G1 Evacuation Pause)
[2026-06-18T01:30:10.047+0000][14526.808s][info][gc,task       ] GC(965) Using 13 workers of 13 for evacuation
[2026-06-18T01:30:10.049+0000][14526.810s][info][gc,phases     ] GC(965)   Pre Evacuate Collection Set: 0.3ms
[2026-06-18T01:30:10.049+0000][14526.810s][info][gc,phases     ] GC(965)   Evacuate Collection Set: 1.2ms
[2026-06-18T01:30:10.049+0000][14526.810s][info][gc,phases     ] GC(965)   Post Evacuate Collection Set: 0.3ms
[2026-06-18T01:30:10.049+0000][14526.810s][info][gc,phases     ] GC(965)   Other: 0.2ms
[2026-06-18T01:30:10.049+0000][14526.810s][info][gc,heap       ] GC(965) Eden regions: 242->0(245)
[2026-06-18T01:30:10.049+0000][14526.810s][info][gc,heap       ] GC(965) Survivor regions: 6->3(31)
[2026-06-18T01:30:10.049+0000][14526.810s][info][gc,heap       ] GC(965) Old regions: 52->52
[2026-06-18T01:30:10.049+0000][14526.810s][info][gc,heap       ] GC(965) Humongous regions: 147->147
[2026-06-18T01:30:10.049+0000][14526.810s][info][gc,metaspace  ] GC(965) Metaspace: 52857K(55552K)->52857K(55552K) NonClass: 46915K(48384K)->46915K(48384K) Class: 5942K(7168K)->5942K(7168K)
[2026-06-18T01:30:10.049+0000][14526.810s][info][gc            ] GC(965) Pause Young (Concurrent Start) (G1 Evacuation Pause) 445M->201M(512M) 2.281ms
[2026-06-18T01:30:10.049+0000][14526.810s][info][gc,cpu        ] GC(965) User=0.01s Sys=0.00s Real=0.00s
[2026-06-18T01:30:10.049+0000][14526.810s][info][gc            ] GC(966) Concurrent Cycle
[2026-06-18T01:30:10.049+0000][14526.811s][info][gc,marking    ] GC(966) Concurrent Clear Claimed Marks
[2026-06-18T01:30:10.050+0000][14526.811s][info][gc,marking    ] GC(966) Concurrent Clear Claimed Marks 0.218ms
[2026-06-18T01:30:10.050+0000][14526.811s][info][gc,marking    ] GC(966) Concurrent Scan Root Regions
[2026-06-18T01:30:10.051+0000][14526.812s][info][gc,marking    ] GC(966) Concurrent Scan Root Regions 0.984ms
[2026-06-18T01:30:10.051+0000][14526.812s][info][gc,marking    ] GC(966) Concurrent Mark (14526.812s)
[2026-06-18T01:30:10.051+0000][14526.812s][info][gc,marking    ] GC(966) Concurrent Mark From Roots
[2026-06-18T01:30:10.051+0000][14526.812s][info][gc,task       ] GC(966) Using 3 workers of 3 for marking
[2026-06-18T01:30:10.058+0000][14526.819s][info][gc,marking    ] GC(966) Concurrent Mark From Roots 6.703ms
[2026-06-18T01:30:10.058+0000][14526.819s][info][gc,marking    ] GC(966) Concurrent Preclean
[2026-06-18T01:30:10.058+0000][14526.820s][info][gc,marking    ] GC(966) Concurrent Preclean 0.440ms
[2026-06-18T01:30:10.058+0000][14526.820s][info][gc,marking    ] GC(966) Concurrent Mark (14526.812s, 14526.820s) 7.575ms
[2026-06-18T01:30:10.059+0000][14526.820s][info][gc,start      ] GC(966) Pause Remark
[2026-06-18T01:30:10.063+0000][14526.825s][info][gc,stringtable] GC(966) Cleaned string and symbol table, strings: 17429 processed, 0 removed, symbols: 125116 processed, 0 removed
[2026-06-18T01:30:10.064+0000][14526.825s][info][gc            ] GC(966) Pause Remark 204M->204M(512M) 5.142ms
[2026-06-18T01:30:10.064+0000][14526.826s][info][gc,cpu        ] GC(966) User=0.02s Sys=0.00s Real=0.01s
[2026-06-18T01:30:10.065+0000][14526.826s][info][gc,marking    ] GC(966) Concurrent Rebuild Remembered Sets
[2026-06-18T01:30:10.072+0000][14526.833s][info][gc,marking    ] GC(966) Concurrent Rebuild Remembered Sets 7.502ms
[2026-06-18T01:30:10.073+0000][14526.834s][info][gc,start      ] GC(966) Pause Cleanup
[2026-06-18T01:30:10.073+0000][14526.834s][info][gc            ] GC(966) Pause Cleanup 205M->205M(512M) 0.378ms
[2026-06-18T01:30:10.073+0000][14526.835s][info][gc,cpu        ] GC(966) User=0.00s Sys=0.00s Real=0.00s
[2026-06-18T01:30:10.074+0000][14526.835s][info][gc,marking    ] GC(966) Concurrent Cleanup for Next Mark
[2026-06-18T01:30:10.074+0000][14526.835s][info][gc,marking    ] GC(966) Concurrent Cleanup for Next Mark 0.522ms
[2026-06-18T01:30:10.075+0000][14526.836s][info][gc            ] GC(966) Concurrent Cycle 25.579ms
[2026-06-18T01:30:11.477+0000][14528.238s][info][gc,start      ] GC(967) Pause Young (Prepare Mixed) (G1 Evacuation Pause)
[2026-06-18T01:30:11.477+0000][14528.238s][info][gc,task       ] GC(967) Using 13 workers of 13 for evacuation
[2026-06-18T01:30:11.480+0000][14528.241s][info][gc,phases     ] GC(967)   Pre Evacuate Collection Set: 0.0ms
[2026-06-18T01:30:11.480+0000][14528.241s][info][gc,phases     ] GC(967)   Evacuate Collection Set: 2.3ms
[2026-06-18T01:30:11.480+0000][14528.241s][info][gc,phases     ] GC(967)   Post Evacuate Collection Set: 0.4ms
[2026-06-18T01:30:11.480+0000][14528.241s][info][gc,phases     ] GC(967)   Other: 0.3ms
[2026-06-18T01:30:11.480+0000][14528.241s][info][gc,heap       ] GC(967) Eden regions: 245->0(18)
[2026-06-18T01:30:11.480+0000][14528.241s][info][gc,heap       ] GC(967) Survivor regions: 3->7(31)
[2026-06-18T01:30:11.480+0000][14528.241s][info][gc,heap       ] GC(967) Old regions: 52->52
[2026-06-18T01:30:11.480+0000][14528.242s][info][gc,heap       ] GC(967) Humongous regions: 147->147
[2026-06-18T01:30:11.480+0000][14528.242s][info][gc,metaspace  ] GC(967) Metaspace: 52857K(55552K)->52857K(55552K) NonClass: 46915K(48384K)->46915K(48384K) Class: 5942K(7168K)->5942K(7168K)
[2026-06-18T01:30:11.480+0000][14528.242s][info][gc            ] GC(967) Pause Young (Prepare Mixed) (G1 Evacuation Pause) 446M->204M(512M) 3.560ms
[2026-06-18T01:30:11.481+0000][14528.242s][info][gc,cpu        ] GC(967) User=0.02s Sys=0.00s Real=0.00s
[2026-06-18T01:30:11.568+0000][14528.329s][info][gc,start      ] GC(968) Pause Young (Mixed) (G1 Evacuation Pause)
[2026-06-18T01:30:11.568+0000][14528.330s][info][gc,task       ] GC(968) Using 13 workers of 13 for evacuation
[2026-06-18T01:30:11.574+0000][14528.335s][info][gc,phases     ] GC(968)   Pre Evacuate Collection Set: 0.0ms
[2026-06-18T01:30:11.574+0000][14528.335s][info][gc,phases     ] GC(968)   Evacuate Collection Set: 4.4ms
[2026-06-18T01:30:11.574+0000][14528.335s][info][gc,phases     ] GC(968)   Post Evacuate Collection Set: 0.5ms
[2026-06-18T01:30:11.574+0000][14528.335s][info][gc,phases     ] GC(968)   Other: 0.3ms
[2026-06-18T01:30:11.574+0000][14528.335s][info][gc,heap       ] GC(968) Eden regions: 18->0(246)
[2026-06-18T01:30:11.574+0000][14528.335s][info][gc,heap       ] GC(968) Survivor regions: 7->2(4)
[2026-06-18T01:30:11.574+0000][14528.335s][info][gc,heap       ] GC(968) Old regions: 52->52
[2026-06-18T01:30:11.574+0000][14528.335s][info][gc,heap       ] GC(968) Humongous regions: 147->147
[2026-06-18T01:30:11.574+0000][14528.335s][info][gc,metaspace  ] GC(968) Metaspace: 52857K(55552K)->52857K(55552K) NonClass: 46915K(48384K)->46915K(48384K) Class: 5942K(7168K)->5942K(7168K)
[2026-06-18T01:30:11.574+0000][14528.335s][info][gc            ] GC(968) Pause Young (Mixed) (G1 Evacuation Pause) 222M->199M(512M) 5.775ms
[2026-06-18T01:30:11.574+0000][14528.335s][info][gc,cpu        ] GC(968) User=0.03s Sys=0.01s Real=0.01s
[2026-06-18T01:31:00.114+0000][14576.875s][info][gc,start      ] GC(969) Pause Young (Normal) (G1 Evacuation Pause)
[2026-06-18T01:31:00.114+0000][14576.875s][info][gc,task       ] GC(969) Using 13 workers of 13 for evacuation
[2026-06-18T01:31:00.116+0000][14576.877s][info][gc,phases     ] GC(969)   Pre Evacuate Collection Set: 0.0ms
[2026-06-18T01:31:00.116+0000][14576.877s][info][gc,phases     ] GC(969)   Evacuate Collection Set: 1.9ms
[2026-06-18T01:31:00.116+0000][14576.877s][info][gc,phases     ] GC(969)   Post Evacuate Collection Set: 0.4ms
[2026-06-18T01:31:00.116+0000][14576.877s][info][gc,phases     ] GC(969)   Other: 0.3ms
[2026-06-18T01:31:00.116+0000][14576.878s][info][gc,heap       ] GC(969) Eden regions: 246->0(238)
[2026-06-18T01:31:00.116+0000][14576.878s][info][gc,heap       ] GC(969) Survivor regions: 2->8(31)
[2026-06-18T01:31:00.117+0000][14576.878s][info][gc,heap       ] GC(969) Old regions: 52->52
[2026-06-18T01:31:00.117+0000][14576.878s][info][gc,heap       ] GC(969) Humongous regions: 147->147
[2026-06-18T01:31:00.117+0000][14576.878s][info][gc,metaspace  ] GC(969) Metaspace: 52857K(55552K)->52857K(55552K) NonClass: 46915K(48384K)->46915K(48384K) Class: 5942K(7168K)->5942K(7168K)
[2026-06-18T01:31:00.117+0000][14576.878s][info][gc            ] GC(969) Pause Young (Normal) (G1 Evacuation Pause) 445M->205M(512M) 3.030ms
[2026-06-18T01:31:00.117+0000][14576.878s][info][gc,cpu        ] GC(969) User=0.02s Sys=0.00s Real=0.00s
[2026-06-18T01:31:01.554+0000][14578.316s][info][gc,start      ] GC(970) Pause Young (Normal) (G1 Evacuation Pause)
[2026-06-18T01:31:01.555+0000][14578.316s][info][gc,task       ] GC(970) Using 13 workers of 13 for evacuation
[2026-06-18T01:31:01.556+0000][14578.318s][info][gc,phases     ] GC(970)   Pre Evacuate Collection Set: 0.0ms
[2026-06-18T01:31:01.556+0000][14578.318s][info][gc,phases     ] GC(970)   Evacuate Collection Set: 1.5ms
[2026-06-18T01:31:01.557+0000][14578.318s][info][gc,phases     ] GC(970)   Post Evacuate Collection Set: 0.3ms
[2026-06-18T01:31:01.557+0000][14578.318s][info][gc,phases     ] GC(970)   Other: 0.2ms
[2026-06-18T01:31:01.557+0000][14578.318s][info][gc,heap       ] GC(970) Eden regions: 238->0(241)
[2026-06-18T01:31:01.557+0000][14578.318s][info][gc,heap       ] GC(970) Survivor regions: 8->6(31)
[2026-06-18T01:31:01.557+0000][14578.318s][info][gc,heap       ] GC(970) Old regions: 52->52
[2026-06-18T01:31:01.557+0000][14578.318s][info][gc,heap       ] GC(970) Humongous regions: 147->147
[2026-06-18T01:31:01.557+0000][14578.318s][info][gc,metaspace  ] GC(970) Metaspace: 52857K(55552K)->52857K(55552K) NonClass: 46915K(48384K)->46915K(48384K) Class: 5942K(7168K)->5942K(7168K)
[2026-06-18T01:31:01.557+0000][14578.318s][info][gc            ] GC(970) Pause Young (Normal) (G1 Evacuation Pause) 443M->203M(512M) 2.307ms
[2026-06-18T01:31:01.557+0000][14578.318s][info][gc,cpu        ] GC(970) User=0.01s Sys=0.00s Real=0.00s
[2026-06-18T01:31:02.871+0000][14579.633s][info][gc,start      ] GC(971) Pause Young (Concurrent Start) (G1 Evacuation Pause)
[2026-06-18T01:31:02.872+0000][14579.633s][info][gc,task       ] GC(971) Using 13 workers of 13 for evacuation
[2026-06-18T01:31:02.874+0000][14579.635s][info][gc,phases     ] GC(971)   Pre Evacuate Collection Set: 0.3ms
[2026-06-18T01:31:02.874+0000][14579.635s][info][gc,phases     ] GC(971)   Evacuate Collection Set: 1.8ms
[2026-06-18T01:31:02.874+0000][14579.635s][info][gc,phases     ] GC(971)   Post Evacuate Collection Set: 0.4ms
[2026-06-18T01:31:02.874+0000][14579.635s][info][gc,phases     ] GC(971)   Other: 0.3ms
[2026-06-18T01:31:02.874+0000][14579.636s][info][gc,heap       ] GC(971) Eden regions: 241->0(238)
[2026-06-18T01:31:02.874+0000][14579.636s][info][gc,heap       ] GC(971) Survivor regions: 6->8(31)
[2026-06-18T01:31:02.875+0000][14579.636s][info][gc,heap       ] GC(971) Old regions: 52->52
[2026-06-18T01:31:02.875+0000][14579.636s][info][gc,heap       ] GC(971) Humongous regions: 147->147
[2026-06-18T01:31:02.875+0000][14579.636s][info][gc,metaspace  ] GC(971) Metaspace: 52857K(55552K)->52857K(55552K) NonClass: 46915K(48384K)->46915K(48384K) Class: 5942K(7168K)->5942K(7168K)
[2026-06-18T01:31:02.875+0000][14579.636s][info][gc            ] GC(971) Pause Young (Concurrent Start) (G1 Evacuation Pause) 444M->206M(512M) 3.219ms
[2026-06-18T01:31:02.875+0000][14579.636s][info][gc,cpu        ] GC(971) User=0.02s Sys=0.00s Real=0.01s
[2026-06-18T01:31:02.875+0000][14579.636s][info][gc            ] GC(972) Concurrent Cycle
[2026-06-18T01:31:02.875+0000][14579.636s][info][gc,marking    ] GC(972) Concurrent Clear Claimed Marks
[2026-06-18T01:31:02.875+0000][14579.636s][info][gc,marking    ] GC(972) Concurrent Clear Claimed Marks 0.222ms
[2026-06-18T01:31:02.875+0000][14579.636s][info][gc,marking    ] GC(972) Concurrent Scan Root Regions
[2026-06-18T01:31:02.876+0000][14579.637s][info][gc,marking    ] GC(972) Concurrent Scan Root Regions 1.178ms
[2026-06-18T01:31:02.876+0000][14579.638s][info][gc,marking    ] GC(972) Concurrent Mark (14579.638s)
[2026-06-18T01:31:02.877+0000][14579.638s][info][gc,marking    ] GC(972) Concurrent Mark From Roots
[2026-06-18T01:31:02.877+0000][14579.638s][info][gc,task       ] GC(972) Using 3 workers of 3 for marking
[2026-06-18T01:31:02.882+0000][14579.643s][info][gc,marking    ] GC(972) Concurrent Mark From Roots 5.542ms
[2026-06-18T01:31:02.882+0000][14579.643s][info][gc,marking    ] GC(972) Concurrent Preclean
[2026-06-18T01:31:02.882+0000][14579.643s][info][gc,marking    ] GC(972) Concurrent Preclean 0.143ms
[2026-06-18T01:31:02.882+0000][14579.643s][info][gc,marking    ] GC(972) Concurrent Mark (14579.638s, 14579.643s) 5.903ms
[2026-06-18T01:31:02.883+0000][14579.644s][info][gc,start      ] GC(972) Pause Remark
[2026-06-18T01:31:02.885+0000][14579.646s][info][gc,stringtable] GC(972) Cleaned string and symbol table, strings: 17429 processed, 0 removed, symbols: 125116 processed, 0 removed
[2026-06-18T01:31:02.885+0000][14579.646s][info][gc            ] GC(972) Pause Remark 210M->210M(512M) 2.615ms
[2026-06-18T01:31:02.885+0000][14579.646s][info][gc,cpu        ] GC(972) User=0.02s Sys=0.00s Real=0.00s
[2026-06-18T01:31:02.885+0000][14579.646s][info][gc,marking    ] GC(972) Concurrent Rebuild Remembered Sets
[2026-06-18T01:31:02.890+0000][14579.651s][info][gc,marking    ] GC(972) Concurrent Rebuild Remembered Sets 4.155ms
[2026-06-18T01:31:02.890+0000][14579.651s][info][gc,start      ] GC(972) Pause Cleanup
[2026-06-18T01:31:02.890+0000][14579.651s][info][gc            ] GC(972) Pause Cleanup 211M->211M(512M) 0.223ms
[2026-06-18T01:31:02.890+0000][14579.651s][info][gc,cpu        ] GC(972) User=0.00s Sys=0.00s Real=0.00s
[2026-06-18T01:31:02.890+0000][14579.651s][info][gc,marking    ] GC(972) Concurrent Cleanup for Next Mark
[2026-06-18T01:31:02.890+0000][14579.651s][info][gc,marking    ] GC(972) Concurrent Cleanup for Next Mark 0.150ms
[2026-06-18T01:31:02.890+0000][14579.651s][info][gc            ] GC(972) Concurrent Cycle 15.569ms
[2026-06-18T01:31:04.044+0000][14580.805s][info][gc,start      ] GC(973) Pause Young (Prepare Mixed) (G1 Evacuation Pause)
[2026-06-18T01:31:04.044+0000][14580.805s][info][gc,task       ] GC(973) Using 13 workers of 13 for evacuation
[2026-06-18T01:31:04.046+0000][14580.807s][info][gc,phases     ] GC(973)   Pre Evacuate Collection Set: 0.0ms
[2026-06-18T01:31:04.046+0000][14580.807s][info][gc,phases     ] GC(973)   Evacuate Collection Set: 1.4ms
[2026-06-18T01:31:04.046+0000][14580.807s][info][gc,phases     ] GC(973)   Post Evacuate Collection Set: 0.4ms
[2026-06-18T01:31:04.046+0000][14580.807s][info][gc,phases     ] GC(973)   Other: 0.3ms
[2026-06-18T01:31:04.046+0000][14580.807s][info][gc,heap       ] GC(973) Eden regions: 238->0(21)
[2026-06-18T01:31:04.046+0000][14580.807s][info][gc,heap       ] GC(973) Survivor regions: 8->4(31)
[2026-06-18T01:31:04.046+0000][14580.807s][info][gc,heap       ] GC(973) Old regions: 52->52
[2026-06-18T01:31:04.046+0000][14580.807s][info][gc,heap       ] GC(973) Humongous regions: 147->147
[2026-06-18T01:31:04.046+0000][14580.808s][info][gc,metaspace  ] GC(973) Metaspace: 52857K(55552K)->52857K(55552K) NonClass: 46915K(48384K)->46915K(48384K) Class: 5942K(7168K)->5942K(7168K)
[2026-06-18T01:31:04.047+0000][14580.808s][info][gc            ] GC(973) Pause Young (Prepare Mixed) (G1 Evacuation Pause) 444M->202M(512M) 2.712ms
[2026-06-18T01:31:04.047+0000][14580.808s][info][gc,cpu        ] GC(973) User=0.01s Sys=0.00s Real=0.00s
[2026-06-18T01:31:04.137+0000][14580.898s][info][gc,start      ] GC(974) Pause Young (Mixed) (G1 Evacuation Pause)
[2026-06-18T01:31:04.137+0000][14580.899s][info][gc,task       ] GC(974) Using 13 workers of 13 for evacuation
[2026-06-18T01:31:04.140+0000][14580.901s][info][gc,phases     ] GC(974)   Pre Evacuate Collection Set: 0.0ms
[2026-06-18T01:31:04.140+0000][14580.901s][info][gc,phases     ] GC(974)   Evacuate Collection Set: 2.2ms
[2026-06-18T01:31:04.140+0000][14580.902s][info][gc,phases     ] GC(974)   Post Evacuate Collection Set: 0.4ms
[2026-06-18T01:31:04.141+0000][14580.902s][info][gc,phases     ] GC(974)   Other: 0.3ms
[2026-06-18T01:31:04.141+0000][14580.902s][info][gc,heap       ] GC(974) Eden regions: 21->0(248)
[2026-06-18T01:31:04.141+0000][14580.902s][info][gc,heap       ] GC(974) Survivor regions: 4->4(4)
[2026-06-18T01:31:04.141+0000][14580.902s][info][gc,heap       ] GC(974) Old regions: 52->47
[2026-06-18T01:31:04.141+0000][14580.902s][info][gc,heap       ] GC(974) Humongous regions: 147->147
[2026-06-18T01:31:04.141+0000][14580.902s][info][gc,metaspace  ] GC(974) Metaspace: 52857K(55552K)->52857K(55552K) NonClass: 46915K(48384K)->46915K(48384K) Class: 5942K(7168K)->5942K(7168K)
[2026-06-18T01:31:04.141+0000][14580.902s][info][gc            ] GC(974) Pause Young (Mixed) (G1 Evacuation Pause) 223M->197M(512M) 3.434ms
[2026-06-18T01:31:04.141+0000][14580.902s][info][gc,cpu        ] GC(974) User=0.02s Sys=0.00s Real=0.00s
[2026-06-18T01:31:52.864+0000][14629.625s][info][gc,start      ] GC(975) Pause Young (Normal) (G1 Evacuation Pause)
[2026-06-18T01:31:52.864+0000][14629.625s][info][gc,task       ] GC(975) Using 13 workers of 13 for evacuation
[2026-06-18T01:31:52.866+0000][14629.627s][info][gc,phases     ] GC(975)   Pre Evacuate Collection Set: 0.0ms
[2026-06-18T01:31:52.866+0000][14629.627s][info][gc,phases     ] GC(975)   Evacuate Collection Set: 1.5ms
[2026-06-18T01:31:52.866+0000][14629.627s][info][gc,phases     ] GC(975)   Post Evacuate Collection Set: 0.3ms
[2026-06-18T01:31:52.866+0000][14629.627s][info][gc,phases     ] GC(975)   Other: 0.4ms
[2026-06-18T01:31:52.866+0000][14629.627s][info][gc,heap       ] GC(975) Eden regions: 248->0(246)
[2026-06-18T01:31:52.866+0000][14629.628s][info][gc,heap       ] GC(975) Survivor regions: 4->6(32)
[2026-06-18T01:31:52.867+0000][14629.628s][info][gc,heap       ] GC(975) Old regions: 47->47
[2026-06-18T01:31:52.867+0000][14629.628s][info][gc,heap       ] GC(975) Humongous regions: 147->147
[2026-06-18T01:31:52.867+0000][14629.628s][info][gc,metaspace  ] GC(975) Metaspace: 52858K(55552K)->52858K(55552K) NonClass: 46915K(48384K)->46915K(48384K) Class: 5942K(7168K)->5942K(7168K)
[2026-06-18T01:31:52.867+0000][14629.628s][info][gc            ] GC(975) Pause Young (Normal) (G1 Evacuation Pause) 445M->199M(512M) 2.645ms
[2026-06-18T01:31:52.867+0000][14629.628s][info][gc,cpu        ] GC(975) User=0.02s Sys=0.00s Real=0.00s
[2026-06-18T01:31:54.211+0000][14630.972s][info][gc,start      ] GC(976) Pause Young (Normal) (G1 Evacuation Pause)
[2026-06-18T01:31:54.211+0000][14630.972s][info][gc,task       ] GC(976) Using 13 workers of 13 for evacuation
[2026-06-18T01:31:54.213+0000][14630.974s][info][gc,phases     ] GC(976)   Pre Evacuate Collection Set: 0.0ms
[2026-06-18T01:31:54.213+0000][14630.974s][info][gc,phases     ] GC(976)   Evacuate Collection Set: 1.5ms
[2026-06-18T01:31:54.213+0000][14630.974s][info][gc,phases     ] GC(976)   Post Evacuate Collection Set: 0.3ms
[2026-06-18T01:31:54.213+0000][14630.974s][info][gc,phases     ] GC(976)   Other: 0.3ms
[2026-06-18T01:31:54.213+0000][14630.974s][info][gc,heap       ] GC(976) Eden regions: 246->0(250)
[2026-06-18T01:31:54.213+0000][14630.974s][info][gc,heap       ] GC(976) Survivor regions: 6->3(32)
[2026-06-18T01:31:54.213+0000][14630.974s][info][gc,heap       ] GC(976) Old regions: 47->47
[2026-06-18T01:31:54.213+0000][14630.974s][info][gc,heap       ] GC(976) Humongous regions: 147->147
[2026-06-18T01:31:54.213+0000][14630.974s][info][gc,metaspace  ] GC(976) Metaspace: 52858K(55552K)->52858K(55552K) NonClass: 46915K(48384K)->46915K(48384K) Class: 5942K(7168K)->5942K(7168K)
[2026-06-18T01:31:54.213+0000][14630.974s][info][gc            ] GC(976) Pause Young (Normal) (G1 Evacuation Pause) 445M->196M(512M) 2.607ms
[2026-06-18T01:31:54.213+0000][14630.974s][info][gc,cpu        ] GC(976) User=0.02s Sys=0.00s Real=0.01s
[2026-06-18T01:31:55.480+0000][14632.241s][info][gc,start      ] GC(977) Pause Young (Concurrent Start) (G1 Evacuation Pause)
[2026-06-18T01:31:55.480+0000][14632.241s][info][gc,task       ] GC(977) Using 13 workers of 13 for evacuation
[2026-06-18T01:31:55.482+0000][14632.243s][info][gc,phases     ] GC(977)   Pre Evacuate Collection Set: 0.3ms
[2026-06-18T01:31:55.483+0000][14632.244s][info][gc,phases     ] GC(977)   Evacuate Collection Set: 1.9ms
[2026-06-18T01:31:55.483+0000][14632.244s][info][gc,phases     ] GC(977)   Post Evacuate Collection Set: 0.3ms
[2026-06-18T01:31:55.483+0000][14632.244s][info][gc,phases     ] GC(977)   Other: 0.3ms
[2026-06-18T01:31:55.483+0000][14632.244s][info][gc,heap       ] GC(977) Eden regions: 250->0(245)
[2026-06-18T01:31:55.483+0000][14632.244s][info][gc,heap       ] GC(977) Survivor regions: 3->8(32)
[2026-06-18T01:31:55.483+0000][14632.244s][info][gc,heap       ] GC(977) Old regions: 47->47
[2026-06-18T01:31:55.483+0000][14632.244s][info][gc,heap       ] GC(977) Humongous regions: 147->147
[2026-06-18T01:31:55.483+0000][14632.244s][info][gc,metaspace  ] GC(977) Metaspace: 52858K(55552K)->52858K(55552K) NonClass: 46915K(48384K)->46915K(48384K) Class: 5942K(7168K)->5942K(7168K)
[2026-06-18T01:31:55.483+0000][14632.244s][info][gc            ] GC(977) Pause Young (Concurrent Start) (G1 Evacuation Pause) 446M->201M(512M) 3.348ms
[2026-06-18T01:31:55.483+0000][14632.244s][info][gc,cpu        ] GC(977) User=0.02s Sys=0.00s Real=0.01s
[2026-06-18T01:31:55.483+0000][14632.244s][info][gc            ] GC(978) Concurrent Cycle
[2026-06-18T01:31:55.483+0000][14632.244s][info][gc,marking    ] GC(978) Concurrent Clear Claimed Marks
[2026-06-18T01:31:55.483+0000][14632.244s][info][gc,marking    ] GC(978) Concurrent Clear Claimed Marks 0.194ms
[2026-06-18T01:31:55.483+0000][14632.244s][info][gc,marking    ] GC(978) Concurrent Scan Root Regions
[2026-06-18T01:31:55.485+0000][14632.246s][info][gc,marking    ] GC(978) Concurrent Scan Root Regions 1.546ms
[2026-06-18T01:31:55.485+0000][14632.246s][info][gc,marking    ] GC(978) Concurrent Mark (14632.246s)
[2026-06-18T01:31:55.485+0000][14632.246s][info][gc,marking    ] GC(978) Concurrent Mark From Roots
[2026-06-18T01:31:55.485+0000][14632.246s][info][gc,task       ] GC(978) Using 3 workers of 3 for marking
[2026-06-18T01:31:55.491+0000][14632.252s][info][gc,marking    ] GC(978) Concurrent Mark From Roots 5.929ms
[2026-06-18T01:31:55.491+0000][14632.252s][info][gc,marking    ] GC(978) Concurrent Preclean
[2026-06-18T01:31:55.492+0000][14632.253s][info][gc,marking    ] GC(978) Concurrent Preclean 0.295ms
[2026-06-18T01:31:55.493+0000][14632.254s][info][gc,marking    ] GC(978) Concurrent Mark (14632.246s, 14632.254s) 7.996ms
[2026-06-18T01:31:55.493+0000][14632.254s][info][gc,start      ] GC(978) Pause Remark
[2026-06-18T01:31:55.496+0000][14632.257s][info][gc,stringtable] GC(978) Cleaned string and symbol table, strings: 17429 processed, 0 removed, symbols: 125116 processed, 0 removed
[2026-06-18T01:31:55.496+0000][14632.257s][info][gc            ] GC(978) Pause Remark 205M->205M(512M) 2.772ms
[2026-06-18T01:31:55.496+0000][14632.257s][info][gc,cpu        ] GC(978) User=0.03s Sys=0.00s Real=0.00s
[2026-06-18T01:31:55.496+0000][14632.257s][info][gc,marking    ] GC(978) Concurrent Rebuild Remembered Sets
[2026-06-18T01:31:55.500+0000][14632.262s][info][gc,marking    ] GC(978) Concurrent Rebuild Remembered Sets 4.190ms
[2026-06-18T01:31:55.501+0000][14632.262s][info][gc,start      ] GC(978) Pause Cleanup
[2026-06-18T01:31:55.501+0000][14632.262s][info][gc            ] GC(978) Pause Cleanup 206M->206M(512M) 0.148ms
[2026-06-18T01:31:55.501+0000][14632.262s][info][gc,cpu        ] GC(978) User=0.00s Sys=0.00s Real=0.00s
[2026-06-18T01:31:55.501+0000][14632.262s][info][gc,marking    ] GC(978) Concurrent Cleanup for Next Mark
[2026-06-18T01:31:55.501+0000][14632.262s][info][gc,marking    ] GC(978) Concurrent Cleanup for Next Mark 0.146ms
[2026-06-18T01:31:55.501+0000][14632.262s][info][gc            ] GC(978) Concurrent Cycle 18.093ms
[2026-06-18T01:32:43.943+0000][14680.704s][info][gc,start      ] GC(979) Pause Young (Prepare Mixed) (G1 Evacuation Pause)
[2026-06-18T01:32:43.943+0000][14680.704s][info][gc,task       ] GC(979) Using 13 workers of 13 for evacuation
[2026-06-18T01:32:43.946+0000][14680.707s][info][gc,phases     ] GC(979)   Pre Evacuate Collection Set: 0.0ms
[2026-06-18T01:32:43.946+0000][14680.707s][info][gc,phases     ] GC(979)   Evacuate Collection Set: 1.9ms
[2026-06-18T01:32:43.946+0000][14680.707s][info][gc,phases     ] GC(979)   Post Evacuate Collection Set: 0.4ms
[2026-06-18T01:32:43.946+0000][14680.707s][info][gc,phases     ] GC(979)   Other: 0.3ms
[2026-06-18T01:32:43.946+0000][14680.707s][info][gc,heap       ] GC(979) Eden regions: 245->0(19)
[2026-06-18T01:32:43.946+0000][14680.707s][info][gc,heap       ] GC(979) Survivor regions: 8->6(32)
[2026-06-18T01:32:43.946+0000][14680.707s][info][gc,heap       ] GC(979) Old regions: 47->47
[2026-06-18T01:32:43.946+0000][14680.707s][info][gc,heap       ] GC(979) Humongous regions: 147->147
[2026-06-18T01:32:43.946+0000][14680.707s][info][gc,metaspace  ] GC(979) Metaspace: 52858K(55552K)->52858K(55552K) NonClass: 46915K(48384K)->46915K(48384K) Class: 5942K(7168K)->5942K(7168K)
[2026-06-18T01:32:43.946+0000][14680.707s][info][gc            ] GC(979) Pause Young (Prepare Mixed) (G1 Evacuation Pause) 446M->199M(512M) 3.254ms
[2026-06-18T01:32:43.946+0000][14680.707s][info][gc,cpu        ] GC(979) User=0.02s Sys=0.00s Real=0.00s
[2026-06-18T01:32:44.072+0000][14680.833s][info][gc,start      ] GC(980) Pause Young (Mixed) (G1 Evacuation Pause)
[2026-06-18T01:32:44.072+0000][14680.834s][info][gc,task       ] GC(980) Using 13 workers of 13 for evacuation
[2026-06-18T01:32:44.075+0000][14680.836s][info][gc,phases     ] GC(980)   Pre Evacuate Collection Set: 0.0ms
[2026-06-18T01:32:44.075+0000][14680.836s][info][gc,phases     ] GC(980)   Evacuate Collection Set: 1.7ms
[2026-06-18T01:32:44.075+0000][14680.836s][info][gc,phases     ] GC(980)   Post Evacuate Collection Set: 0.3ms
[2026-06-18T01:32:44.075+0000][14680.836s][info][gc,phases     ] GC(980)   Other: 0.3ms
[2026-06-18T01:32:44.075+0000][14680.836s][info][gc,heap       ] GC(980) Eden regions: 19->0(249)
[2026-06-18T01:32:44.075+0000][14680.836s][info][gc,heap       ] GC(980) Survivor regions: 6->4(4)
[2026-06-18T01:32:44.075+0000][14680.836s][info][gc,heap       ] GC(980) Old regions: 47->48
[2026-06-18T01:32:44.075+0000][14680.836s][info][gc,heap       ] GC(980) Humongous regions: 147->147
[2026-06-18T01:32:44.075+0000][14680.836s][info][gc,metaspace  ] GC(980) Metaspace: 52858K(55552K)->52858K(55552K) NonClass: 46915K(48384K)->46915K(48384K) Class: 5942K(7168K)->5942K(7168K)
[2026-06-18T01:32:44.075+0000][14680.836s][info][gc            ] GC(980) Pause Young (Mixed) (G1 Evacuation Pause) 218M->197M(512M) 2.744ms
[2026-06-18T01:32:44.075+0000][14680.836s][info][gc,cpu        ] GC(980) User=0.02s Sys=0.00s Real=0.00s
[2026-06-18T01:32:45.610+0000][14682.371s][info][gc,start      ] GC(981) Pause Young (Normal) (G1 Evacuation Pause)
[2026-06-18T01:32:45.610+0000][14682.371s][info][gc,task       ] GC(981) Using 13 workers of 13 for evacuation
[2026-06-18T01:32:45.612+0000][14682.374s][info][gc,phases     ] GC(981)   Pre Evacuate Collection Set: 0.0ms
[2026-06-18T01:32:45.613+0000][14682.374s][info][gc,phases     ] GC(981)   Evacuate Collection Set: 1.8ms
[2026-06-18T01:32:45.613+0000][14682.374s][info][gc,phases     ] GC(981)   Post Evacuate Collection Set: 0.4ms
[2026-06-18T01:32:45.613+0000][14682.374s][info][gc,phases     ] GC(981)   Other: 0.3ms
[2026-06-18T01:32:45.613+0000][14682.374s][info][gc,heap       ] GC(981) Eden regions: 249->0(244)
[2026-06-18T01:32:45.613+0000][14682.374s][info][gc,heap       ] GC(981) Survivor regions: 4->8(32)
[2026-06-18T01:32:45.613+0000][14682.374s][info][gc,heap       ] GC(981) Old regions: 48->48
[2026-06-18T01:32:45.613+0000][14682.374s][info][gc,heap       ] GC(981) Humongous regions: 147->147
[2026-06-18T01:32:45.613+0000][14682.374s][info][gc,metaspace  ] GC(981) Metaspace: 52858K(55552K)->52858K(55552K) NonClass: 46915K(48384K)->46915K(48384K) Class: 5942K(7168K)->5942K(7168K)
[2026-06-18T01:32:45.613+0000][14682.374s][info][gc            ] GC(981) Pause Young (Normal) (G1 Evacuation Pause) 446M->202M(512M) 2.891ms
[2026-06-18T01:32:45.613+0000][14682.374s][info][gc,cpu        ] GC(981) User=0.02s Sys=0.00s Real=0.01s
[2026-06-18T01:32:46.893+0000][14683.654s][info][gc,start      ] GC(982) Pause Young (Normal) (G1 Evacuation Pause)
[2026-06-18T01:32:46.893+0000][14683.655s][info][gc,task       ] GC(982) Using 13 workers of 13 for evacuation
[2026-06-18T01:32:46.895+0000][14683.657s][info][gc,phases     ] GC(982)   Pre Evacuate Collection Set: 0.0ms
[2026-06-18T01:32:46.896+0000][14683.657s][info][gc,phases     ] GC(982)   Evacuate Collection Set: 1.5ms
[2026-06-18T01:32:46.896+0000][14683.657s][info][gc,phases     ] GC(982)   Post Evacuate Collection Set: 0.3ms
[2026-06-18T01:32:46.896+0000][14683.657s][info][gc,phases     ] GC(982)   Other: 0.3ms
[2026-06-18T01:32:46.896+0000][14683.657s][info][gc,heap       ] GC(982) Eden regions: 244->0(249)
[2026-06-18T01:32:46.896+0000][14683.657s][info][gc,heap       ] GC(982) Survivor regions: 8->4(32)
[2026-06-18T01:32:46.896+0000][14683.657s][info][gc,heap       ] GC(982) Old regions: 48->48
[2026-06-18T01:32:46.896+0000][14683.657s][info][gc,heap       ] GC(982) Humongous regions: 147->147
[2026-06-18T01:32:46.896+0000][14683.657s][info][gc,metaspace  ] GC(982) Metaspace: 52858K(55552K)->52858K(55552K) NonClass: 46915K(48384K)->46915K(48384K) Class: 5942K(7168K)->5942K(7168K)
[2026-06-18T01:32:46.896+0000][14683.657s][info][gc            ] GC(982) Pause Young (Normal) (G1 Evacuation Pause) 446M->198M(512M) 2.655ms
[2026-06-18T01:32:46.896+0000][14683.657s][info][gc,cpu        ] GC(982) User=0.01s Sys=0.00s Real=0.00s
[2026-06-18T01:32:48.134+0000][14684.895s][info][gc,start      ] GC(983) Pause Young (Concurrent Start) (G1 Evacuation Pause)
[2026-06-18T01:32:48.134+0000][14684.896s][info][gc,task       ] GC(983) Using 13 workers of 13 for evacuation
[2026-06-18T01:32:48.138+0000][14684.899s][info][gc,phases     ] GC(983)   Pre Evacuate Collection Set: 0.3ms
[2026-06-18T01:32:48.138+0000][14684.899s][info][gc,phases     ] GC(983)   Evacuate Collection Set: 2.3ms
[2026-06-18T01:32:48.138+0000][14684.899s][info][gc,phases     ] GC(983)   Post Evacuate Collection Set: 0.3ms
[2026-06-18T01:32:48.138+0000][14684.899s][info][gc,phases     ] GC(983)   Other: 0.3ms
[2026-06-18T01:32:48.138+0000][14684.899s][info][gc,heap       ] GC(983) Eden regions: 249->0(244)
[2026-06-18T01:32:48.138+0000][14684.899s][info][gc,heap       ] GC(983) Survivor regions: 4->8(32)
[2026-06-18T01:32:48.138+0000][14684.899s][info][gc,heap       ] GC(983) Old regions: 48->48
[2026-06-18T01:32:48.138+0000][14684.899s][info][gc,heap       ] GC(983) Humongous regions: 147->147
[2026-06-18T01:32:48.138+0000][14684.899s][info][gc,metaspace  ] GC(983) Metaspace: 52858K(55552K)->52858K(55552K) NonClass: 46915K(48384K)->46915K(48384K) Class: 5942K(7168K)->5942K(7168K)
[2026-06-18T01:32:48.138+0000][14684.899s][info][gc            ] GC(983) Pause Young (Concurrent Start) (G1 Evacuation Pause) 447M->201M(512M) 3.700ms
[2026-06-18T01:32:48.138+0000][14684.899s][info][gc,cpu        ] GC(983) User=0.03s Sys=0.00s Real=0.00s
[2026-06-18T01:32:48.138+0000][14684.899s][info][gc            ] GC(984) Concurrent Cycle
[2026-06-18T01:32:48.138+0000][14684.899s][info][gc,marking    ] GC(984) Concurrent Clear Claimed Marks
[2026-06-18T01:32:48.138+0000][14684.900s][info][gc,marking    ] GC(984) Concurrent Clear Claimed Marks 0.217ms
[2026-06-18T01:32:48.138+0000][14684.900s][info][gc,marking    ] GC(984) Concurrent Scan Root Regions
[2026-06-18T01:32:48.140+0000][14684.901s][info][gc,marking    ] GC(984) Concurrent Scan Root Regions 1.257ms
[2026-06-18T01:32:48.140+0000][14684.901s][info][gc,marking    ] GC(984) Concurrent Mark (14684.901s)
[2026-06-18T01:32:48.140+0000][14684.901s][info][gc,marking    ] GC(984) Concurrent Mark From Roots
[2026-06-18T01:32:48.140+0000][14684.901s][info][gc,task       ] GC(984) Using 3 workers of 3 for marking
[2026-06-18T01:32:48.145+0000][14684.906s][info][gc,marking    ] GC(984) Concurrent Mark From Roots 5.358ms
[2026-06-18T01:32:48.145+0000][14684.906s][info][gc,marking    ] GC(984) Concurrent Preclean
[2026-06-18T01:32:48.146+0000][14684.907s][info][gc,marking    ] GC(984) Concurrent Preclean 0.173ms
[2026-06-18T01:32:48.146+0000][14684.907s][info][gc,marking    ] GC(984) Concurrent Mark (14684.901s, 14684.907s) 5.773ms
[2026-06-18T01:32:48.146+0000][14684.907s][info][gc,start      ] GC(984) Pause Remark
[2026-06-18T01:32:48.150+0000][14684.911s][info][gc,stringtable] GC(984) Cleaned string and symbol table, strings: 17429 processed, 0 removed, symbols: 125116 processed, 0 removed
[2026-06-18T01:32:48.150+0000][14684.912s][info][gc            ] GC(984) Pause Remark 205M->205M(512M) 4.621ms
[2026-06-18T01:32:48.151+0000][14684.912s][info][gc,cpu        ] GC(984) User=0.05s Sys=0.00s Real=0.00s
[2026-06-18T01:32:48.151+0000][14684.912s][info][gc,marking    ] GC(984) Concurrent Rebuild Remembered Sets
[2026-06-18T01:32:48.155+0000][14684.916s][info][gc,marking    ] GC(984) Concurrent Rebuild Remembered Sets 4.195ms
[2026-06-18T01:32:48.155+0000][14684.916s][info][gc,start      ] GC(984) Pause Cleanup
[2026-06-18T01:32:48.155+0000][14684.916s][info][gc            ] GC(984) Pause Cleanup 206M->206M(512M) 0.179ms
[2026-06-18T01:32:48.155+0000][14684.916s][info][gc,cpu        ] GC(984) User=0.00s Sys=0.00s Real=0.00s
[2026-06-18T01:32:48.155+0000][14684.917s][info][gc,marking    ] GC(984) Concurrent Cleanup for Next Mark
[2026-06-18T01:32:48.156+0000][14684.917s][info][gc,marking    ] GC(984) Concurrent Cleanup for Next Mark 0.142ms
[2026-06-18T01:32:48.156+0000][14684.917s][info][gc            ] GC(984) Concurrent Cycle 17.447ms
[2026-06-18T01:33:36.698+0000][14733.459s][info][gc,start      ] GC(985) Pause Young (Prepare Mixed) (G1 Evacuation Pause)
[2026-06-18T01:33:36.698+0000][14733.459s][info][gc,task       ] GC(985) Using 13 workers of 13 for evacuation
[2026-06-18T01:33:36.701+0000][14733.462s][info][gc,phases     ] GC(985)   Pre Evacuate Collection Set: 0.0ms
[2026-06-18T01:33:36.701+0000][14733.462s][info][gc,phases     ] GC(985)   Evacuate Collection Set: 2.2ms
[2026-06-18T01:33:36.701+0000][14733.462s][info][gc,phases     ] GC(985)   Post Evacuate Collection Set: 0.3ms
[2026-06-18T01:33:36.701+0000][14733.462s][info][gc,phases     ] GC(985)   Other: 0.3ms
[2026-06-18T01:33:36.701+0000][14733.462s][info][gc,heap       ] GC(985) Eden regions: 244->0(20)
[2026-06-18T01:33:36.701+0000][14733.462s][info][gc,heap       ] GC(985) Survivor regions: 8->5(32)
[2026-06-18T01:33:36.701+0000][14733.462s][info][gc,heap       ] GC(985) Old regions: 48->48
[2026-06-18T01:33:36.701+0000][14733.462s][info][gc,heap       ] GC(985) Humongous regions: 147->147
[2026-06-18T01:33:36.701+0000][14733.462s][info][gc,metaspace  ] GC(985) Metaspace: 52858K(55552K)->52858K(55552K) NonClass: 46915K(48384K)->46915K(48384K) Class: 5942K(7168K)->5942K(7168K)
[2026-06-18T01:33:36.701+0000][14733.462s][info][gc            ] GC(985) Pause Young (Prepare Mixed) (G1 Evacuation Pause) 445M->198M(512M) 3.246ms
[2026-06-18T01:33:36.701+0000][14733.462s][info][gc,cpu        ] GC(985) User=0.01s Sys=0.00s Real=0.00s
[2026-06-18T01:33:36.834+0000][14733.595s][info][gc,start      ] GC(986) Pause Young (Mixed) (G1 Evacuation Pause)
[2026-06-18T01:33:36.834+0000][14733.595s][info][gc,task       ] GC(986) Using 13 workers of 13 for evacuation
[2026-06-18T01:33:36.843+0000][14733.604s][info][gc,phases     ] GC(986)   Pre Evacuate Collection Set: 0.0ms
[2026-06-18T01:33:36.843+0000][14733.604s][info][gc,phases     ] GC(986)   Evacuate Collection Set: 8.2ms
[2026-06-18T01:33:36.843+0000][14733.604s][info][gc,phases     ] GC(986)   Post Evacuate Collection Set: 0.3ms
[2026-06-18T01:33:36.843+0000][14733.604s][info][gc,phases     ] GC(986)   Other: 0.3ms
[2026-06-18T01:33:36.843+0000][14733.604s][info][gc,heap       ] GC(986) Eden regions: 20->0(250)
[2026-06-18T01:33:36.843+0000][14733.604s][info][gc,heap       ] GC(986) Survivor regions: 5->3(4)
[2026-06-18T01:33:36.843+0000][14733.604s][info][gc,heap       ] GC(986) Old regions: 48->48
[2026-06-18T01:33:36.843+0000][14733.604s][info][gc,heap       ] GC(986) Humongous regions: 147->147
[2026-06-18T01:33:36.843+0000][14733.604s][info][gc,metaspace  ] GC(986) Metaspace: 52858K(55552K)->52858K(55552K) NonClass: 46915K(48384K)->46915K(48384K) Class: 5942K(7168K)->5942K(7168K)
[2026-06-18T01:33:36.843+0000][14733.604s][info][gc            ] GC(986) Pause Young (Mixed) (G1 Evacuation Pause) 218M->197M(512M) 9.238ms
[2026-06-18T01:33:36.843+0000][14733.604s][info][gc,cpu        ] GC(986) User=0.07s Sys=0.00s Real=0.01s
[2026-06-18T01:33:38.256+0000][14735.017s][info][gc,start      ] GC(987) Pause Young (Normal) (G1 Evacuation Pause)
[2026-06-18T01:33:38.257+0000][14735.018s][info][gc,task       ] GC(987) Using 13 workers of 13 for evacuation
[2026-06-18T01:33:38.259+0000][14735.020s][info][gc,phases     ] GC(987)   Pre Evacuate Collection Set: 0.0ms
[2026-06-18T01:33:38.259+0000][14735.020s][info][gc,phases     ] GC(987)   Evacuate Collection Set: 1.6ms
[2026-06-18T01:33:38.259+0000][14735.020s][info][gc,phases     ] GC(987)   Post Evacuate Collection Set: 0.3ms
[2026-06-18T01:33:38.259+0000][14735.020s][info][gc,phases     ] GC(987)   Other: 0.3ms
[2026-06-18T01:33:38.259+0000][14735.020s][info][gc,heap       ] GC(987) Eden regions: 250->0(244)
[2026-06-18T01:33:38.259+0000][14735.020s][info][gc,heap       ] GC(987) Survivor regions: 3->8(32)
[2026-06-18T01:33:38.259+0000][14735.020s][info][gc,heap       ] GC(987) Old regions: 48->48
[2026-06-18T01:33:38.259+0000][14735.020s][info][gc,heap       ] GC(987) Humongous regions: 147->147
[2026-06-18T01:33:38.259+0000][14735.020s][info][gc,metaspace  ] GC(987) Metaspace: 52858K(55552K)->52858K(55552K) NonClass: 46915K(48384K)->46915K(48384K) Class: 5942K(7168K)->5942K(7168K)
[2026-06-18T01:33:38.259+0000][14735.020s][info][gc            ] GC(987) Pause Young (Normal) (G1 Evacuation Pause) 447M->201M(512M) 2.729ms
[2026-06-18T01:33:38.259+0000][14735.020s][info][gc,cpu        ] GC(987) User=0.02s Sys=0.00s Real=0.00s
[2026-06-18T01:33:39.491+0000][14736.252s][info][gc,start      ] GC(988) Pause Young (Normal) (G1 Evacuation Pause)
[2026-06-18T01:33:39.491+0000][14736.252s][info][gc,task       ] GC(988) Using 13 workers of 13 for evacuation
[2026-06-18T01:33:39.493+0000][14736.254s][info][gc,phases     ] GC(988)   Pre Evacuate Collection Set: 0.0ms
[2026-06-18T01:33:39.493+0000][14736.254s][info][gc,phases     ] GC(988)   Evacuate Collection Set: 1.6ms
[2026-06-18T01:33:39.493+0000][14736.254s][info][gc,phases     ] GC(988)   Post Evacuate Collection Set: 0.3ms
[2026-06-18T01:33:39.493+0000][14736.254s][info][gc,phases     ] GC(988)   Other: 0.2ms
[2026-06-18T01:33:39.493+0000][14736.254s][info][gc,heap       ] GC(988) Eden regions: 244->0(250)
[2026-06-18T01:33:39.493+0000][14736.254s][info][gc,heap       ] GC(988) Survivor regions: 8->4(32)
[2026-06-18T01:33:39.493+0000][14736.254s][info][gc,heap       ] GC(988) Old regions: 48->48
[2026-06-18T01:33:39.493+0000][14736.254s][info][gc,heap       ] GC(988) Humongous regions: 147->147
[2026-06-18T01:33:39.493+0000][14736.254s][info][gc,metaspace  ] GC(988) Metaspace: 52858K(55552K)->52858K(55552K) NonClass: 46915K(48384K)->46915K(48384K) Class: 5942K(7168K)->5942K(7168K)
[2026-06-18T01:33:39.493+0000][14736.254s][info][gc            ] GC(988) Pause Young (Normal) (G1 Evacuation Pause) 445M->198M(512M) 2.384ms
[2026-06-18T01:33:39.494+0000][14736.254s][info][gc,cpu        ] GC(988) User=0.01s Sys=0.01s Real=0.01s
[2026-06-18T01:33:46.515+0000][14743.276s][info][gc,start      ] GC(989) Pause Young (Concurrent Start) (G1 Evacuation Pause)
[2026-06-18T01:33:46.516+0000][14743.277s][info][gc,task       ] GC(989) Using 13 workers of 13 for evacuation
[2026-06-18T01:33:46.528+0000][14743.289s][info][gc,phases     ] GC(989)   Pre Evacuate Collection Set: 0.3ms
[2026-06-18T01:33:46.528+0000][14743.289s][info][gc,phases     ] GC(989)   Evacuate Collection Set: 10.7ms
[2026-06-18T01:33:46.528+0000][14743.289s][info][gc,phases     ] GC(989)   Post Evacuate Collection Set: 0.4ms
[2026-06-18T01:33:46.528+0000][14743.289s][info][gc,phases     ] GC(989)   Other: 1.3ms
[2026-06-18T01:33:46.528+0000][14743.289s][info][gc,heap       ] GC(989) Eden regions: 250->0(245)
[2026-06-18T01:33:46.528+0000][14743.289s][info][gc,heap       ] GC(989) Survivor regions: 4->8(32)
[2026-06-18T01:33:46.529+0000][14743.289s][info][gc,heap       ] GC(989) Old regions: 48->48
[2026-06-18T01:33:46.529+0000][14743.289s][info][gc,heap       ] GC(989) Humongous regions: 147->147
[2026-06-18T01:33:46.529+0000][14743.290s][info][gc,metaspace  ] GC(989) Metaspace: 52873K(55552K)->52873K(55552K) NonClass: 46930K(48384K)->46930K(48384K) Class: 5942K(7168K)->5942K(7168K)
[2026-06-18T01:33:46.529+0000][14743.290s][info][gc            ] GC(989) Pause Young (Concurrent Start) (G1 Evacuation Pause) 448M->201M(512M) 13.548ms
[2026-06-18T01:33:46.529+0000][14743.290s][info][gc,cpu        ] GC(989) User=0.04s Sys=0.00s Real=0.01s
[2026-06-18T01:33:46.529+0000][14743.290s][info][gc            ] GC(990) Concurrent Cycle
[2026-06-18T01:33:46.529+0000][14743.290s][info][gc,marking    ] GC(990) Concurrent Clear Claimed Marks
[2026-06-18T01:33:46.529+0000][14743.290s][info][gc,marking    ] GC(990) Concurrent Clear Claimed Marks 0.206ms
[2026-06-18T01:33:46.529+0000][14743.290s][info][gc,marking    ] GC(990) Concurrent Scan Root Regions
[2026-06-18T01:33:46.532+0000][14743.293s][info][gc,marking    ] GC(990) Concurrent Scan Root Regions 2.291ms
[2026-06-18T01:33:46.532+0000][14743.293s][info][gc,marking    ] GC(990) Concurrent Mark (14743.293s)
[2026-06-18T01:33:46.532+0000][14743.293s][info][gc,marking    ] GC(990) Concurrent Mark From Roots
[2026-06-18T01:33:46.532+0000][14743.293s][info][gc,task       ] GC(990) Using 3 workers of 3 for marking
[2026-06-18T01:33:46.537+0000][14743.298s][info][gc,marking    ] GC(990) Concurrent Mark From Roots 4.979ms
[2026-06-18T01:33:46.537+0000][14743.298s][info][gc,marking    ] GC(990) Concurrent Preclean
[2026-06-18T01:33:46.537+0000][14743.298s][info][gc,marking    ] GC(990) Concurrent Preclean 0.198ms
[2026-06-18T01:33:46.537+0000][14743.298s][info][gc,marking    ] GC(990) Concurrent Mark (14743.293s, 14743.298s) 5.385ms
[2026-06-18T01:33:46.537+0000][14743.298s][info][gc,start      ] GC(990) Pause Remark
[2026-06-18T01:33:46.541+0000][14743.301s][info][gc,stringtable] GC(990) Cleaned string and symbol table, strings: 17432 processed, 0 removed, symbols: 125116 processed, 0 removed
[2026-06-18T01:33:46.541+0000][14743.302s][info][gc            ] GC(990) Pause Remark 201M->201M(512M) 3.356ms
[2026-06-18T01:33:46.541+0000][14743.302s][info][gc,cpu        ] GC(990) User=0.03s Sys=0.00s Real=0.00s
[2026-06-18T01:33:46.541+0000][14743.302s][info][gc,marking    ] GC(990) Concurrent Rebuild Remembered Sets
[2026-06-18T01:33:46.545+0000][14743.306s][info][gc,marking    ] GC(990) Concurrent Rebuild Remembered Sets 3.982ms
[2026-06-18T01:33:46.545+0000][14743.306s][info][gc,start      ] GC(990) Pause Cleanup
[2026-06-18T01:33:46.545+0000][14743.306s][info][gc            ] GC(990) Pause Cleanup 201M->201M(512M) 0.152ms
[2026-06-18T01:33:46.545+0000][14743.306s][info][gc,cpu        ] GC(990) User=0.00s Sys=0.00s Real=0.00s
[2026-06-18T01:33:46.545+0000][14743.306s][info][gc,marking    ] GC(990) Concurrent Cleanup for Next Mark
[2026-06-18T01:33:46.546+0000][14743.306s][info][gc,marking    ] GC(990) Concurrent Cleanup for Next Mark 0.179ms
[2026-06-18T01:33:46.546+0000][14743.307s][info][gc            ] GC(990) Concurrent Cycle 16.624ms
[2026-06-18T01:34:29.443+0000][14786.204s][info][gc,start      ] GC(991) Pause Young (Prepare Mixed) (G1 Evacuation Pause)
[2026-06-18T01:34:29.444+0000][14786.204s][info][gc,task       ] GC(991) Using 13 workers of 13 for evacuation
[2026-06-18T01:34:29.446+0000][14786.207s][info][gc,phases     ] GC(991)   Pre Evacuate Collection Set: 0.0ms
[2026-06-18T01:34:29.446+0000][14786.207s][info][gc,phases     ] GC(991)   Evacuate Collection Set: 2.1ms
[2026-06-18T01:34:29.446+0000][14786.207s][info][gc,phases     ] GC(991)   Post Evacuate Collection Set: 0.3ms
[2026-06-18T01:34:29.446+0000][14786.207s][info][gc,phases     ] GC(991)   Other: 0.3ms
[2026-06-18T01:34:29.446+0000][14786.207s][info][gc,heap       ] GC(991) Eden regions: 245->0(14)
[2026-06-18T01:34:29.447+0000][14786.207s][info][gc,heap       ] GC(991) Survivor regions: 8->11(32)
[2026-06-18T01:34:29.447+0000][14786.207s][info][gc,heap       ] GC(991) Old regions: 48->48
[2026-06-18T01:34:29.447+0000][14786.208s][info][gc,heap       ] GC(991) Humongous regions: 147->147
[2026-06-18T01:34:29.447+0000][14786.208s][info][gc,metaspace  ] GC(991) Metaspace: 52873K(55552K)->52873K(55552K) NonClass: 46930K(48384K)->46930K(48384K) Class: 5942K(7168K)->5942K(7168K)
[2026-06-18T01:34:29.447+0000][14786.208s][info][gc            ] GC(991) Pause Young (Prepare Mixed) (G1 Evacuation Pause) 446M->205M(512M) 3.312ms
[2026-06-18T01:34:29.447+0000][14786.208s][info][gc,cpu        ] GC(991) User=0.03s Sys=0.00s Real=0.00s
[2026-06-18T01:34:29.521+0000][14786.282s][info][gc,start      ] GC(992) Pause Young (Mixed) (G1 Evacuation Pause)
[2026-06-18T01:34:29.521+0000][14786.282s][info][gc,task       ] GC(992) Using 13 workers of 13 for evacuation
[2026-06-18T01:34:29.525+0000][14786.286s][info][gc,phases     ] GC(992)   Pre Evacuate Collection Set: 0.0ms
[2026-06-18T01:34:29.525+0000][14786.286s][info][gc,phases     ] GC(992)   Evacuate Collection Set: 4.1ms
[2026-06-18T01:34:29.526+0000][14786.286s][info][gc,phases     ] GC(992)   Post Evacuate Collection Set: 0.3ms
[2026-06-18T01:34:29.526+0000][14786.286s][info][gc,phases     ] GC(992)   Other: 0.3ms
[2026-06-18T01:34:29.526+0000][14786.287s][info][gc,heap       ] GC(992) Eden regions: 14->0(240)
[2026-06-18T01:34:29.526+0000][14786.287s][info][gc,heap       ] GC(992) Survivor regions: 11->2(4)
[2026-06-18T01:34:29.526+0000][14786.287s][info][gc,heap       ] GC(992) Old regions: 48->56
[2026-06-18T01:34:29.526+0000][14786.287s][info][gc,heap       ] GC(992) Humongous regions: 147->147
[2026-06-18T01:34:29.526+0000][14786.287s][info][gc,metaspace  ] GC(992) Metaspace: 52873K(55552K)->52873K(55552K) NonClass: 46930K(48384K)->46930K(48384K) Class: 5942K(7168K)->5942K(7168K)
[2026-06-18T01:34:29.526+0000][14786.287s][info][gc            ] GC(992) Pause Young (Mixed) (G1 Evacuation Pause) 219M->204M(512M) 5.145ms
[2026-06-18T01:34:29.526+0000][14786.287s][info][gc,cpu        ] GC(992) User=0.03s Sys=0.00s Real=0.01s
[2026-06-18T01:34:30.792+0000][14787.553s][info][gc,start      ] GC(993) Pause Young (Normal) (G1 Evacuation Pause)
[2026-06-18T01:34:30.792+0000][14787.553s][info][gc,task       ] GC(993) Using 13 workers of 13 for evacuation
[2026-06-18T01:34:30.795+0000][14787.556s][info][gc,phases     ] GC(993)   Pre Evacuate Collection Set: 0.0ms
[2026-06-18T01:34:30.795+0000][14787.556s][info][gc,phases     ] GC(993)   Evacuate Collection Set: 2.3ms
[2026-06-18T01:34:30.795+0000][14787.556s][info][gc,phases     ] GC(993)   Post Evacuate Collection Set: 0.4ms
[2026-06-18T01:34:30.795+0000][14787.556s][info][gc,phases     ] GC(993)   Other: 0.3ms
[2026-06-18T01:34:30.795+0000][14787.556s][info][gc,heap       ] GC(993) Eden regions: 240->0(240)
[2026-06-18T01:34:30.796+0000][14787.556s][info][gc,heap       ] GC(993) Survivor regions: 2->3(31)
[2026-06-18T01:34:30.796+0000][14787.556s][info][gc,heap       ] GC(993) Old regions: 56->56
[2026-06-18T01:34:30.796+0000][14787.557s][info][gc,heap       ] GC(993) Humongous regions: 147->147
[2026-06-18T01:34:30.796+0000][14787.557s][info][gc,metaspace  ] GC(993) Metaspace: 52873K(55552K)->52873K(55552K) NonClass: 46930K(48384K)->46930K(48384K) Class: 5942K(7168K)->5942K(7168K)
[2026-06-18T01:34:30.796+0000][14787.557s][info][gc            ] GC(993) Pause Young (Normal) (G1 Evacuation Pause) 444M->205M(512M) 3.494ms
[2026-06-18T01:34:30.796+0000][14787.557s][info][gc,cpu        ] GC(993) User=0.03s Sys=0.00s Real=0.01s
[2026-06-18T01:34:32.025+0000][14788.786s][info][gc,start      ] GC(994) Pause Young (Normal) (G1 Evacuation Pause)
[2026-06-18T01:34:32.025+0000][14788.786s][info][gc,task       ] GC(994) Using 13 workers of 13 for evacuation
[2026-06-18T01:34:32.029+0000][14788.790s][info][gc,phases     ] GC(994)   Pre Evacuate Collection Set: 0.0ms
[2026-06-18T01:34:32.029+0000][14788.790s][info][gc,phases     ] GC(994)   Evacuate Collection Set: 3.6ms
[2026-06-18T01:34:32.030+0000][14788.790s][info][gc,phases     ] GC(994)   Post Evacuate Collection Set: 0.7ms
[2026-06-18T01:34:32.030+0000][14788.791s][info][gc,phases     ] GC(994)   Other: 0.3ms
[2026-06-18T01:34:32.030+0000][14788.791s][info][gc,heap       ] GC(994) Eden regions: 240->0(235)
[2026-06-18T01:34:32.030+0000][14788.791s][info][gc,heap       ] GC(994) Survivor regions: 3->7(31)
[2026-06-18T01:34:32.030+0000][14788.791s][info][gc,heap       ] GC(994) Old regions: 56->56
[2026-06-18T01:34:32.030+0000][14788.791s][info][gc,heap       ] GC(994) Humongous regions: 147->147
[2026-06-18T01:34:32.030+0000][14788.791s][info][gc,metaspace  ] GC(994) Metaspace: 52873K(55552K)->52873K(55552K) NonClass: 46930K(48384K)->46930K(48384K) Class: 5942K(7168K)->5942K(7168K)
[2026-06-18T01:34:32.030+0000][14788.791s][info][gc            ] GC(994) Pause Young (Normal) (G1 Evacuation Pause) 445M->209M(512M) 5.300ms
[2026-06-18T01:34:32.030+0000][14788.791s][info][gc,cpu        ] GC(994) User=0.03s Sys=0.00s Real=0.00s
[2026-06-18T01:35:20.518+0000][14837.279s][info][gc,start      ] GC(995) Pause Young (Concurrent Start) (G1 Evacuation Pause)
[2026-06-18T01:35:20.518+0000][14837.279s][info][gc,task       ] GC(995) Using 13 workers of 13 for evacuation
[2026-06-18T01:35:20.521+0000][14837.282s][info][gc,phases     ] GC(995)   Pre Evacuate Collection Set: 0.3ms
[2026-06-18T01:35:20.521+0000][14837.282s][info][gc,phases     ] GC(995)   Evacuate Collection Set: 1.6ms
[2026-06-18T01:35:20.521+0000][14837.282s][info][gc,phases     ] GC(995)   Post Evacuate Collection Set: 0.4ms
[2026-06-18T01:35:20.521+0000][14837.282s][info][gc,phases     ] GC(995)   Other: 0.3ms
[2026-06-18T01:35:20.521+0000][14837.282s][info][gc,heap       ] GC(995) Eden regions: 235->0(238)
[2026-06-18T01:35:20.521+0000][14837.282s][info][gc,heap       ] GC(995) Survivor regions: 7->5(31)
[2026-06-18T01:35:20.521+0000][14837.282s][info][gc,heap       ] GC(995) Old regions: 56->56
[2026-06-18T01:35:20.521+0000][14837.282s][info][gc,heap       ] GC(995) Humongous regions: 147->147
[2026-06-18T01:35:20.521+0000][14837.282s][info][gc,metaspace  ] GC(995) Metaspace: 52873K(55552K)->52873K(55552K) NonClass: 46930K(48384K)->46930K(48384K) Class: 5942K(7168K)->5942K(7168K)
[2026-06-18T01:35:20.521+0000][14837.282s][info][gc            ] GC(995) Pause Young (Concurrent Start) (G1 Evacuation Pause) 444M->206M(512M) 3.034ms
[2026-06-18T01:35:20.521+0000][14837.282s][info][gc,cpu        ] GC(995) User=0.01s Sys=0.00s Real=0.00s
[2026-06-18T01:35:20.521+0000][14837.282s][info][gc            ] GC(996) Concurrent Cycle
[2026-06-18T01:35:20.521+0000][14837.282s][info][gc,marking    ] GC(996) Concurrent Clear Claimed Marks
[2026-06-18T01:35:20.522+0000][14837.282s][info][gc,marking    ] GC(996) Concurrent Clear Claimed Marks 0.197ms
[2026-06-18T01:35:20.522+0000][14837.283s][info][gc,marking    ] GC(996) Concurrent Scan Root Regions
[2026-06-18T01:35:20.523+0000][14837.283s][info][gc,marking    ] GC(996) Concurrent Scan Root Regions 0.931ms
[2026-06-18T01:35:20.523+0000][14837.284s][info][gc,marking    ] GC(996) Concurrent Mark (14837.284s)
[2026-06-18T01:35:20.523+0000][14837.284s][info][gc,marking    ] GC(996) Concurrent Mark From Roots
[2026-06-18T01:35:20.523+0000][14837.284s][info][gc,task       ] GC(996) Using 3 workers of 3 for marking
[2026-06-18T01:35:20.529+0000][14837.289s][info][gc,marking    ] GC(996) Concurrent Mark From Roots 5.776ms
[2026-06-18T01:35:20.529+0000][14837.290s][info][gc,marking    ] GC(996) Concurrent Preclean
[2026-06-18T01:35:20.530+0000][14837.290s][info][gc,marking    ] GC(996) Concurrent Preclean 0.337ms
[2026-06-18T01:35:20.530+0000][14837.290s][info][gc,marking    ] GC(996) Concurrent Mark (14837.284s, 14837.290s) 6.939ms
[2026-06-18T01:35:20.530+0000][14837.291s][info][gc,start      ] GC(996) Pause Remark
[2026-06-18T01:35:20.533+0000][14837.294s][info][gc,stringtable] GC(996) Cleaned string and symbol table, strings: 17432 processed, 4 removed, symbols: 125116 processed, 0 removed
[2026-06-18T01:35:20.533+0000][14837.294s][info][gc            ] GC(996) Pause Remark 210M->207M(512M) 3.597ms
[2026-06-18T01:35:20.534+0000][14837.295s][info][gc,cpu        ] GC(996) User=0.03s Sys=0.00s Real=0.01s
[2026-06-18T01:35:20.534+0000][14837.295s][info][gc,marking    ] GC(996) Concurrent Rebuild Remembered Sets
[2026-06-18T01:35:20.538+0000][14837.299s][info][gc,marking    ] GC(996) Concurrent Rebuild Remembered Sets 4.552ms
[2026-06-18T01:35:20.539+0000][14837.300s][info][gc,start      ] GC(996) Pause Cleanup
[2026-06-18T01:35:20.539+0000][14837.300s][info][gc            ] GC(996) Pause Cleanup 208M->208M(512M) 0.185ms
[2026-06-18T01:35:20.539+0000][14837.300s][info][gc,cpu        ] GC(996) User=0.00s Sys=0.00s Real=0.00s
[2026-06-18T01:35:20.539+0000][14837.300s][info][gc,marking    ] GC(996) Concurrent Cleanup for Next Mark
[2026-06-18T01:35:20.539+0000][14837.300s][info][gc,marking    ] GC(996) Concurrent Cleanup for Next Mark 0.155ms
[2026-06-18T01:35:20.539+0000][14837.300s][info][gc            ] GC(996) Concurrent Cycle 17.987ms
[2026-06-18T01:35:21.958+0000][14838.719s][info][gc,start      ] GC(997) Pause Young (Prepare Mixed) (G1 Evacuation Pause)
[2026-06-18T01:35:21.958+0000][14838.719s][info][gc,task       ] GC(997) Using 13 workers of 13 for evacuation
[2026-06-18T01:35:21.960+0000][14838.721s][info][gc,phases     ] GC(997)   Pre Evacuate Collection Set: 0.0ms
[2026-06-18T01:35:21.960+0000][14838.721s][info][gc,phases     ] GC(997)   Evacuate Collection Set: 1.9ms
[2026-06-18T01:35:21.961+0000][14838.721s][info][gc,phases     ] GC(997)   Post Evacuate Collection Set: 0.4ms
[2026-06-18T01:35:21.961+0000][14838.722s][info][gc,phases     ] GC(997)   Other: 0.4ms
[2026-06-18T01:35:21.961+0000][14838.722s][info][gc,heap       ] GC(997) Eden regions: 238->0(18)
[2026-06-18T01:35:21.961+0000][14838.722s][info][gc,heap       ] GC(997) Survivor regions: 5->7(31)
[2026-06-18T01:35:21.961+0000][14838.722s][info][gc,heap       ] GC(997) Old regions: 53->53
[2026-06-18T01:35:21.961+0000][14838.722s][info][gc,heap       ] GC(997) Humongous regions: 147->147
[2026-06-18T01:35:21.961+0000][14838.722s][info][gc,metaspace  ] GC(997) Metaspace: 52873K(55552K)->52873K(55552K) NonClass: 46930K(48384K)->46930K(48384K) Class: 5942K(7168K)->5942K(7168K)
[2026-06-18T01:35:21.961+0000][14838.722s][info][gc            ] GC(997) Pause Young (Prepare Mixed) (G1 Evacuation Pause) 441M->206M(512M) 3.370ms
[2026-06-18T01:35:21.961+0000][14838.722s][info][gc,cpu        ] GC(997) User=0.02s Sys=0.00s Real=0.00s
[2026-06-18T01:35:22.049+0000][14838.810s][info][gc,start      ] GC(998) Pause Young (Mixed) (G1 Evacuation Pause)
[2026-06-18T01:35:22.049+0000][14838.810s][info][gc,task       ] GC(998) Using 13 workers of 13 for evacuation
[2026-06-18T01:35:22.052+0000][14838.813s][info][gc,phases     ] GC(998)   Pre Evacuate Collection Set: 0.0ms
[2026-06-18T01:35:22.052+0000][14838.813s][info][gc,phases     ] GC(998)   Evacuate Collection Set: 3.0ms
[2026-06-18T01:35:22.052+0000][14838.813s][info][gc,phases     ] GC(998)   Post Evacuate Collection Set: 0.3ms
[2026-06-18T01:35:22.053+0000][14838.813s][info][gc,phases     ] GC(998)   Other: 0.3ms
[2026-06-18T01:35:22.053+0000][14838.813s][info][gc,heap       ] GC(998) Eden regions: 18->0(243)
[2026-06-18T01:35:22.053+0000][14838.813s][info][gc,heap       ] GC(998) Survivor regions: 7->2(4)
[2026-06-18T01:35:22.053+0000][14838.814s][info][gc,heap       ] GC(998) Old regions: 53->52
[2026-06-18T01:35:22.053+0000][14838.814s][info][gc,heap       ] GC(998) Humongous regions: 147->147
[2026-06-18T01:35:22.053+0000][14838.814s][info][gc,metaspace  ] GC(998) Metaspace: 52873K(55552K)->52873K(55552K) NonClass: 46930K(48384K)->46930K(48384K) Class: 5942K(7168K)->5942K(7168K)
[2026-06-18T01:35:22.053+0000][14838.814s][info][gc            ] GC(998) Pause Young (Mixed) (G1 Evacuation Pause) 224M->199M(512M) 4.092ms
[2026-06-18T01:35:22.053+0000][14838.814s][info][gc,cpu        ] GC(998) User=0.02s Sys=0.00s Real=0.01s
[2026-06-18T01:35:23.329+0000][14840.090s][info][gc,start      ] GC(999) Pause Young (Normal) (G1 Evacuation Pause)
[2026-06-18T01:35:23.329+0000][14840.090s][info][gc,task       ] GC(999) Using 13 workers of 13 for evacuation
[2026-06-18T01:35:23.333+0000][14840.094s][info][gc,phases     ] GC(999)   Pre Evacuate Collection Set: 0.0ms
[2026-06-18T01:35:23.334+0000][14840.095s][info][gc,phases     ] GC(999)   Evacuate Collection Set: 3.1ms
[2026-06-18T01:35:23.334+0000][14840.095s][info][gc,phases     ] GC(999)   Post Evacuate Collection Set: 1.0ms
[2026-06-18T01:35:23.334+0000][14840.095s][info][gc,phases     ] GC(999)   Other: 0.4ms
[2026-06-18T01:35:23.334+0000][14840.095s][info][gc,heap       ] GC(999) Eden regions: 243->0(244)
[2026-06-18T01:35:23.334+0000][14840.095s][info][gc,heap       ] GC(999) Survivor regions: 2->3(31)
[2026-06-18T01:35:23.334+0000][14840.095s][info][gc,heap       ] GC(999) Old regions: 52->52
[2026-06-18T01:35:23.334+0000][14840.095s][info][gc,heap       ] GC(999) Humongous regions: 147->147
[2026-06-18T01:35:23.334+0000][14840.095s][info][gc,metaspace  ] GC(999) Metaspace: 52873K(55552K)->52873K(55552K) NonClass: 46930K(48384K)->46930K(48384K) Class: 5942K(7168K)->5942K(7168K)
[2026-06-18T01:35:23.334+0000][14840.095s][info][gc            ] GC(999) Pause Young (Normal) (G1 Evacuation Pause) 442M->200M(512M) 5.630ms
[2026-06-18T01:35:23.334+0000][14840.095s][info][gc,cpu        ] GC(999) User=0.02s Sys=0.00s Real=0.01s
[2026-06-18T01:35:24.597+0000][14841.358s][info][gc,start      ] GC(1000) Pause Young (Normal) (G1 Evacuation Pause)
[2026-06-18T01:35:24.597+0000][14841.358s][info][gc,task       ] GC(1000) Using 13 workers of 13 for evacuation
[2026-06-18T01:35:24.600+0000][14841.361s][info][gc,phases     ] GC(1000)   Pre Evacuate Collection Set: 0.0ms
[2026-06-18T01:35:24.600+0000][14841.361s][info][gc,phases     ] GC(1000)   Evacuate Collection Set: 2.4ms
[2026-06-18T01:35:24.600+0000][14841.361s][info][gc,phases     ] GC(1000)   Post Evacuate Collection Set: 0.4ms
[2026-06-18T01:35:24.600+0000][14841.361s][info][gc,phases     ] GC(1000)   Other: 0.3ms
[2026-06-18T01:35:24.600+0000][14841.361s][info][gc,heap       ] GC(1000) Eden regions: 244->0(241)
[2026-06-18T01:35:24.600+0000][14841.361s][info][gc,heap       ] GC(1000) Survivor regions: 3->6(31)
[2026-06-18T01:35:24.600+0000][14841.361s][info][gc,heap       ] GC(1000) Old regions: 52->52
[2026-06-18T01:35:24.600+0000][14841.361s][info][gc,heap       ] GC(1000) Humongous regions: 147->147
[2026-06-18T01:35:24.600+0000][14841.361s][info][gc,metaspace  ] GC(1000) Metaspace: 52873K(55552K)->52873K(55552K) NonClass: 46930K(48384K)->46930K(48384K) Class: 5942K(7168K)->5942K(7168K)
[2026-06-18T01:35:24.600+0000][14841.361s][info][gc            ] GC(1000) Pause Young (Normal) (G1 Evacuation Pause) 444M->203M(512M) 3.624ms
[2026-06-18T01:35:24.600+0000][14841.361s][info][gc,cpu        ] GC(1000) User=0.03s Sys=0.00s Real=0.00s
[2026-06-18T01:36:13.237+0000][14889.998s][info][gc,start      ] GC(1001) Pause Young (Concurrent Start) (G1 Evacuation Pause)
[2026-06-18T01:36:13.237+0000][14889.998s][info][gc,task       ] GC(1001) Using 13 workers of 13 for evacuation
[2026-06-18T01:36:13.242+0000][14890.003s][info][gc,phases     ] GC(1001)   Pre Evacuate Collection Set: 0.3ms
[2026-06-18T01:36:13.243+0000][14890.003s][info][gc,phases     ] GC(1001)   Evacuate Collection Set: 4.4ms
[2026-06-18T01:36:13.243+0000][14890.004s][info][gc,phases     ] GC(1001)   Post Evacuate Collection Set: 0.3ms
[2026-06-18T01:36:13.243+0000][14890.004s][info][gc,phases     ] GC(1001)   Other: 0.9ms
[2026-06-18T01:36:13.243+0000][14890.004s][info][gc,heap       ] GC(1001) Eden regions: 241->0(237)
[2026-06-18T01:36:13.243+0000][14890.004s][info][gc,heap       ] GC(1001) Survivor regions: 6->9(31)
[2026-06-18T01:36:13.243+0000][14890.004s][info][gc,heap       ] GC(1001) Old regions: 52->52
[2026-06-18T01:36:13.243+0000][14890.004s][info][gc,heap       ] GC(1001) Humongous regions: 147->147
[2026-06-18T01:36:13.243+0000][14890.004s][info][gc,metaspace  ] GC(1001) Metaspace: 52877K(55552K)->52877K(55552K) NonClass: 46934K(48384K)->46934K(48384K) Class: 5942K(7168K)->5942K(7168K)
[2026-06-18T01:36:13.243+0000][14890.004s][info][gc            ] GC(1001) Pause Young (Concurrent Start) (G1 Evacuation Pause) 444M->206M(512M) 6.229ms
[2026-06-18T01:36:13.243+0000][14890.004s][info][gc,cpu        ] GC(1001) User=0.05s Sys=0.00s Real=0.01s
[2026-06-18T01:36:13.243+0000][14890.004s][info][gc            ] GC(1002) Concurrent Cycle
[2026-06-18T01:36:13.243+0000][14890.004s][info][gc,marking    ] GC(1002) Concurrent Clear Claimed Marks
[2026-06-18T01:36:13.243+0000][14890.004s][info][gc,marking    ] GC(1002) Concurrent Clear Claimed Marks 0.300ms
[2026-06-18T01:36:13.243+0000][14890.004s][info][gc,marking    ] GC(1002) Concurrent Scan Root Regions
[2026-06-18T01:36:13.245+0000][14890.006s][info][gc,marking    ] GC(1002) Concurrent Scan Root Regions 1.435ms
[2026-06-18T01:36:13.245+0000][14890.006s][info][gc,marking    ] GC(1002) Concurrent Mark (14890.006s)
[2026-06-18T01:36:13.245+0000][14890.006s][info][gc,marking    ] GC(1002) Concurrent Mark From Roots
[2026-06-18T01:36:13.245+0000][14890.006s][info][gc,task       ] GC(1002) Using 3 workers of 3 for marking
[2026-06-18T01:36:13.251+0000][14890.012s][info][gc,marking    ] GC(1002) Concurrent Mark From Roots 5.739ms
[2026-06-18T01:36:13.251+0000][14890.012s][info][gc,marking    ] GC(1002) Concurrent Preclean
[2026-06-18T01:36:13.251+0000][14890.012s][info][gc,marking    ] GC(1002) Concurrent Preclean 0.152ms
[2026-06-18T01:36:13.251+0000][14890.012s][info][gc,marking    ] GC(1002) Concurrent Mark (14890.006s, 14890.012s) 6.159ms
[2026-06-18T01:36:13.251+0000][14890.012s][info][gc,start      ] GC(1002) Pause Remark
[2026-06-18T01:36:13.254+0000][14890.015s][info][gc,stringtable] GC(1002) Cleaned string and symbol table, strings: 17428 processed, 0 removed, symbols: 125116 processed, 0 removed
[2026-06-18T01:36:13.255+0000][14890.015s][info][gc            ] GC(1002) Pause Remark 210M->210M(512M) 3.143ms
[2026-06-18T01:36:13.255+0000][14890.016s][info][gc,cpu        ] GC(1002) User=0.02s Sys=0.00s Real=0.01s
[2026-06-18T01:36:13.255+0000][14890.016s][info][gc,marking    ] GC(1002) Concurrent Rebuild Remembered Sets
[2026-06-18T01:36:13.259+0000][14890.020s][info][gc,marking    ] GC(1002) Concurrent Rebuild Remembered Sets 4.585ms
[2026-06-18T01:36:13.260+0000][14890.021s][info][gc,start      ] GC(1002) Pause Cleanup
[2026-06-18T01:36:13.260+0000][14890.021s][info][gc            ] GC(1002) Pause Cleanup 211M->211M(512M) 0.172ms
[2026-06-18T01:36:13.260+0000][14890.021s][info][gc,cpu        ] GC(1002) User=0.00s Sys=0.00s Real=0.00s
[2026-06-18T01:36:13.260+0000][14890.021s][info][gc,marking    ] GC(1002) Concurrent Cleanup for Next Mark
[2026-06-18T01:36:13.260+0000][14890.021s][info][gc,marking    ] GC(1002) Concurrent Cleanup for Next Mark 0.171ms
[2026-06-18T01:36:13.260+0000][14890.021s][info][gc            ] GC(1002) Concurrent Cycle 17.184ms
[2026-06-18T01:36:14.656+0000][14891.417s][info][gc,start      ] GC(1003) Pause Young (Prepare Mixed) (G1 Evacuation Pause)
[2026-06-18T01:36:14.656+0000][14891.417s][info][gc,task       ] GC(1003) Using 13 workers of 13 for evacuation
[2026-06-18T01:36:14.660+0000][14891.421s][info][gc,phases     ] GC(1003)   Pre Evacuate Collection Set: 0.0ms
[2026-06-18T01:36:14.660+0000][14891.421s][info][gc,phases     ] GC(1003)   Evacuate Collection Set: 3.7ms
[2026-06-18T01:36:14.660+0000][14891.421s][info][gc,phases     ] GC(1003)   Post Evacuate Collection Set: 0.4ms
[2026-06-18T01:36:14.660+0000][14891.421s][info][gc,phases     ] GC(1003)   Other: 0.3ms
[2026-06-18T01:36:14.660+0000][14891.421s][info][gc,heap       ] GC(1003) Eden regions: 237->0(19)
[2026-06-18T01:36:14.660+0000][14891.421s][info][gc,heap       ] GC(1003) Survivor regions: 9->6(31)
[2026-06-18T01:36:14.660+0000][14891.421s][info][gc,heap       ] GC(1003) Old regions: 52->52
[2026-06-18T01:36:14.660+0000][14891.421s][info][gc,heap       ] GC(1003) Humongous regions: 147->147
[2026-06-18T01:36:14.660+0000][14891.421s][info][gc,metaspace  ] GC(1003) Metaspace: 52877K(55552K)->52877K(55552K) NonClass: 46934K(48384K)->46934K(48384K) Class: 5942K(7168K)->5942K(7168K)
[2026-06-18T01:36:14.660+0000][14891.421s][info][gc            ] GC(1003) Pause Young (Prepare Mixed) (G1 Evacuation Pause) 443M->203M(512M) 4.828ms
[2026-06-18T01:36:14.661+0000][14891.421s][info][gc,cpu        ] GC(1003) User=0.04s Sys=0.00s Real=0.00s
[2026-06-18T01:36:14.756+0000][14891.517s][info][gc,start      ] GC(1004) Pause Young (Mixed) (G1 Evacuation Pause)
[2026-06-18T01:36:14.756+0000][14891.517s][info][gc,task       ] GC(1004) Using 13 workers of 13 for evacuation
[2026-06-18T01:36:14.759+0000][14891.520s][info][gc,phases     ] GC(1004)   Pre Evacuate Collection Set: 0.0ms
[2026-06-18T01:36:14.759+0000][14891.520s][info][gc,phases     ] GC(1004)   Evacuate Collection Set: 2.5ms
[2026-06-18T01:36:14.759+0000][14891.520s][info][gc,phases     ] GC(1004)   Post Evacuate Collection Set: 0.3ms
[2026-06-18T01:36:14.760+0000][14891.520s][info][gc,phases     ] GC(1004)   Other: 0.3ms
[2026-06-18T01:36:14.760+0000][14891.520s][info][gc,heap       ] GC(1004) Eden regions: 19->0(245)
[2026-06-18T01:36:14.760+0000][14891.520s][info][gc,heap       ] GC(1004) Survivor regions: 6->2(4)
[2026-06-18T01:36:14.760+0000][14891.521s][info][gc,heap       ] GC(1004) Old regions: 52->50
[2026-06-18T01:36:14.760+0000][14891.521s][info][gc,heap       ] GC(1004) Humongous regions: 147->147
[2026-06-18T01:36:14.760+0000][14891.521s][info][gc,metaspace  ] GC(1004) Metaspace: 52877K(55552K)->52877K(55552K) NonClass: 46934K(48384K)->46934K(48384K) Class: 5942K(7168K)->5942K(7168K)
[2026-06-18T01:36:14.760+0000][14891.521s][info][gc            ] GC(1004) Pause Young (Mixed) (G1 Evacuation Pause) 222M->197M(512M) 3.763ms
[2026-06-18T01:36:14.760+0000][14891.521s][info][gc,cpu        ] GC(1004) User=0.02s Sys=0.00s Real=0.00s
[2026-06-18T01:36:15.991+0000][14892.752s][info][gc,start      ] GC(1005) Pause Young (Normal) (G1 Evacuation Pause)
[2026-06-18T01:36:15.991+0000][14892.752s][info][gc,task       ] GC(1005) Using 13 workers of 13 for evacuation
[2026-06-18T01:36:15.999+0000][14892.760s][info][gc,phases     ] GC(1005)   Pre Evacuate Collection Set: 0.0ms
[2026-06-18T01:36:15.999+0000][14892.760s][info][gc,phases     ] GC(1005)   Evacuate Collection Set: 7.9ms
[2026-06-18T01:36:16.000+0000][14892.760s][info][gc,phases     ] GC(1005)   Post Evacuate Collection Set: 0.4ms
[2026-06-18T01:36:16.000+0000][14892.761s][info][gc,phases     ] GC(1005)   Other: 0.3ms
[2026-06-18T01:36:16.000+0000][14892.761s][info][gc,heap       ] GC(1005) Eden regions: 245->0(240)
[2026-06-18T01:36:16.000+0000][14892.761s][info][gc,heap       ] GC(1005) Survivor regions: 2->7(31)
[2026-06-18T01:36:16.000+0000][14892.761s][info][gc,heap       ] GC(1005) Old regions: 50->50
[2026-06-18T01:36:16.000+0000][14892.761s][info][gc,heap       ] GC(1005) Humongous regions: 147->147
[2026-06-18T01:36:16.000+0000][14892.761s][info][gc,metaspace  ] GC(1005) Metaspace: 52877K(55552K)->52877K(55552K) NonClass: 46934K(48384K)->46934K(48384K) Class: 5942K(7168K)->5942K(7168K)
[2026-06-18T01:36:16.000+0000][14892.761s][info][gc            ] GC(1005) Pause Young (Normal) (G1 Evacuation Pause) 442M->202M(512M) 9.123ms
[2026-06-18T01:36:16.000+0000][14892.761s][info][gc,cpu        ] GC(1005) User=0.09s Sys=0.00s Real=0.01s
[2026-06-18T01:37:04.370+0000][14941.131s][info][gc,start      ] GC(1006) Pause Young (Normal) (G1 Evacuation Pause)
[2026-06-18T01:37:04.370+0000][14941.131s][info][gc,task       ] GC(1006) Using 13 workers of 13 for evacuation
[2026-06-18T01:37:04.373+0000][14941.134s][info][gc,phases     ] GC(1006)   Pre Evacuate Collection Set: 0.0ms
[2026-06-18T01:37:04.373+0000][14941.134s][info][gc,phases     ] GC(1006)   Evacuate Collection Set: 1.6ms
[2026-06-18T01:37:04.373+0000][14941.134s][info][gc,phases     ] GC(1006)   Post Evacuate Collection Set: 0.4ms
[2026-06-18T01:37:04.373+0000][14941.134s][info][gc,phases     ] GC(1006)   Other: 0.4ms
[2026-06-18T01:37:04.373+0000][14941.134s][info][gc,heap       ] GC(1006) Eden regions: 240->0(244)
[2026-06-18T01:37:04.373+0000][14941.134s][info][gc,heap       ] GC(1006) Survivor regions: 7->4(31)
[2026-06-18T01:37:04.373+0000][14941.134s][info][gc,heap       ] GC(1006) Old regions: 50->50
[2026-06-18T01:37:04.373+0000][14941.134s][info][gc,heap       ] GC(1006) Humongous regions: 147->147
[2026-06-18T01:37:04.373+0000][14941.134s][info][gc,metaspace  ] GC(1006) Metaspace: 52877K(55552K)->52877K(55552K) NonClass: 46934K(48384K)->46934K(48384K) Class: 5942K(7168K)->5942K(7168K)
[2026-06-18T01:37:04.373+0000][14941.134s][info][gc            ] GC(1006) Pause Young (Normal) (G1 Evacuation Pause) 442M->199M(512M) 3.105ms
[2026-06-18T01:37:04.373+0000][14941.134s][info][gc,cpu        ] GC(1006) User=0.01s Sys=0.01s Real=0.01s
[2026-06-18T01:37:05.895+0000][14942.656s][info][gc,start      ] GC(1007) Pause Young (Concurrent Start) (G1 Evacuation Pause)
[2026-06-18T01:37:05.895+0000][14942.656s][info][gc,task       ] GC(1007) Using 13 workers of 13 for evacuation
[2026-06-18T01:37:05.898+0000][14942.659s][info][gc,phases     ] GC(1007)   Pre Evacuate Collection Set: 0.3ms
[2026-06-18T01:37:05.898+0000][14942.659s][info][gc,phases     ] GC(1007)   Evacuate Collection Set: 1.9ms
[2026-06-18T01:37:05.898+0000][14942.659s][info][gc,phases     ] GC(1007)   Post Evacuate Collection Set: 0.4ms
[2026-06-18T01:37:05.898+0000][14942.659s][info][gc,phases     ] GC(1007)   Other: 0.3ms
[2026-06-18T01:37:05.898+0000][14942.659s][info][gc,heap       ] GC(1007) Eden regions: 244->0(240)
[2026-06-18T01:37:05.898+0000][14942.659s][info][gc,heap       ] GC(1007) Survivor regions: 4->8(31)
[2026-06-18T01:37:05.898+0000][14942.659s][info][gc,heap       ] GC(1007) Old regions: 50->50
[2026-06-18T01:37:05.898+0000][14942.659s][info][gc,heap       ] GC(1007) Humongous regions: 147->147
[2026-06-18T01:37:05.898+0000][14942.659s][info][gc,metaspace  ] GC(1007) Metaspace: 52877K(55552K)->52877K(55552K) NonClass: 46934K(48384K)->46934K(48384K) Class: 5942K(7168K)->5942K(7168K)
[2026-06-18T01:37:05.898+0000][14942.659s][info][gc            ] GC(1007) Pause Young (Concurrent Start) (G1 Evacuation Pause) 443M->203M(512M) 3.317ms
[2026-06-18T01:37:05.898+0000][14942.659s][info][gc,cpu        ] GC(1007) User=0.02s Sys=0.00s Real=0.00s
[2026-06-18T01:37:05.899+0000][14942.659s][info][gc            ] GC(1008) Concurrent Cycle
[2026-06-18T01:37:05.899+0000][14942.659s][info][gc,marking    ] GC(1008) Concurrent Clear Claimed Marks
[2026-06-18T01:37:05.899+0000][14942.660s][info][gc,marking    ] GC(1008) Concurrent Clear Claimed Marks 0.217ms
[2026-06-18T01:37:05.899+0000][14942.660s][info][gc,marking    ] GC(1008) Concurrent Scan Root Regions
[2026-06-18T01:37:05.900+0000][14942.661s][info][gc,marking    ] GC(1008) Concurrent Scan Root Regions 1.298ms
[2026-06-18T01:37:05.900+0000][14942.661s][info][gc,marking    ] GC(1008) Concurrent Mark (14942.661s)
[2026-06-18T01:37:05.900+0000][14942.661s][info][gc,marking    ] GC(1008) Concurrent Mark From Roots
[2026-06-18T01:37:05.900+0000][14942.661s][info][gc,task       ] GC(1008) Using 3 workers of 3 for marking
[2026-06-18T01:37:05.906+0000][14942.667s][info][gc,marking    ] GC(1008) Concurrent Mark From Roots 5.637ms
[2026-06-18T01:37:05.906+0000][14942.667s][info][gc,marking    ] GC(1008) Concurrent Preclean
[2026-06-18T01:37:05.906+0000][14942.667s][info][gc,marking    ] GC(1008) Concurrent Preclean 0.162ms
[2026-06-18T01:37:05.906+0000][14942.667s][info][gc,marking    ] GC(1008) Concurrent Mark (14942.661s, 14942.667s) 6.064ms
[2026-06-18T01:37:05.907+0000][14942.667s][info][gc,start      ] GC(1008) Pause Remark
[2026-06-18T01:37:05.909+0000][14942.670s][info][gc,stringtable] GC(1008) Cleaned string and symbol table, strings: 17428 processed, 0 removed, symbols: 125116 processed, 0 removed
[2026-06-18T01:37:05.909+0000][14942.670s][info][gc            ] GC(1008) Pause Remark 206M->206M(512M) 2.690ms
[2026-06-18T01:37:05.909+0000][14942.670s][info][gc,cpu        ] GC(1008) User=0.02s Sys=0.00s Real=0.00s
[2026-06-18T01:37:05.909+0000][14942.670s][info][gc,marking    ] GC(1008) Concurrent Rebuild Remembered Sets
[2026-06-18T01:37:05.914+0000][14942.674s][info][gc,marking    ] GC(1008) Concurrent Rebuild Remembered Sets 4.118ms
[2026-06-18T01:37:05.914+0000][14942.675s][info][gc,start      ] GC(1008) Pause Cleanup
[2026-06-18T01:37:05.914+0000][14942.675s][info][gc            ] GC(1008) Pause Cleanup 206M->206M(512M) 0.274ms
[2026-06-18T01:37:05.914+0000][14942.675s][info][gc,cpu        ] GC(1008) User=0.00s Sys=0.00s Real=0.00s
[2026-06-18T01:37:05.914+0000][14942.675s][info][gc,marking    ] GC(1008) Concurrent Cleanup for Next Mark
[2026-06-18T01:37:05.914+0000][14942.675s][info][gc,marking    ] GC(1008) Concurrent Cleanup for Next Mark 0.167ms
[2026-06-18T01:37:05.915+0000][14942.675s][info][gc            ] GC(1008) Concurrent Cycle 16.030ms
[2026-06-18T01:37:07.259+0000][14944.020s][info][gc,start      ] GC(1009) Pause Young (Prepare Mixed) (G1 Evacuation Pause)
[2026-06-18T01:37:07.259+0000][14944.020s][info][gc,task       ] GC(1009) Using 13 workers of 13 for evacuation
[2026-06-18T01:37:07.263+0000][14944.024s][info][gc,phases     ] GC(1009)   Pre Evacuate Collection Set: 0.0ms
[2026-06-18T01:37:07.264+0000][14944.024s][info][gc,phases     ] GC(1009)   Evacuate Collection Set: 3.9ms
[2026-06-18T01:37:07.264+0000][14944.024s][info][gc,phases     ] GC(1009)   Post Evacuate Collection Set: 0.4ms
[2026-06-18T01:37:07.264+0000][14944.024s][info][gc,phases     ] GC(1009)   Other: 0.3ms
[2026-06-18T01:37:07.264+0000][14944.024s][info][gc,heap       ] GC(1009) Eden regions: 240->0(21)
[2026-06-18T01:37:07.264+0000][14944.025s][info][gc,heap       ] GC(1009) Survivor regions: 8->4(31)
[2026-06-18T01:37:07.264+0000][14944.025s][info][gc,heap       ] GC(1009) Old regions: 50->50
[2026-06-18T01:37:07.264+0000][14944.025s][info][gc,heap       ] GC(1009) Humongous regions: 147->147
[2026-06-18T01:37:07.264+0000][14944.025s][info][gc,metaspace  ] GC(1009) Metaspace: 52877K(55552K)->52877K(55552K) NonClass: 46934K(48384K)->46934K(48384K) Class: 5942K(7168K)->5942K(7168K)
[2026-06-18T01:37:07.264+0000][14944.025s][info][gc            ] GC(1009) Pause Young (Prepare Mixed) (G1 Evacuation Pause) 443M->199M(512M) 4.999ms
[2026-06-18T01:37:07.264+0000][14944.025s][info][gc,cpu        ] GC(1009) User=0.05s Sys=0.00s Real=0.01s
[2026-06-18T01:37:07.369+0000][14944.130s][info][gc,start      ] GC(1010) Pause Young (Mixed) (G1 Evacuation Pause)
[2026-06-18T01:37:07.369+0000][14944.130s][info][gc,task       ] GC(1010) Using 13 workers of 13 for evacuation
[2026-06-18T01:37:07.380+0000][14944.141s][info][gc,phases     ] GC(1010)   Pre Evacuate Collection Set: 0.0ms
[2026-06-18T01:37:07.380+0000][14944.141s][info][gc,phases     ] GC(1010)   Evacuate Collection Set: 10.3ms
[2026-06-18T01:37:07.380+0000][14944.141s][info][gc,phases     ] GC(1010)   Post Evacuate Collection Set: 0.5ms
[2026-06-18T01:37:07.380+0000][14944.141s][info][gc,phases     ] GC(1010)   Other: 0.4ms
[2026-06-18T01:37:07.380+0000][14944.141s][info][gc,heap       ] GC(1010) Eden regions: 21->0(248)
[2026-06-18T01:37:07.381+0000][14944.141s][info][gc,heap       ] GC(1010) Survivor regions: 4->4(4)
[2026-06-18T01:37:07.381+0000][14944.141s][info][gc,heap       ] GC(1010) Old regions: 50->46
[2026-06-18T01:37:07.381+0000][14944.142s][info][gc,heap       ] GC(1010) Humongous regions: 147->147
[2026-06-18T01:37:07.381+0000][14944.142s][info][gc,metaspace  ] GC(1010) Metaspace: 52877K(55552K)->52877K(55552K) NonClass: 46934K(48384K)->46934K(48384K) Class: 5942K(7168K)->5942K(7168K)
[2026-06-18T01:37:07.381+0000][14944.142s][info][gc            ] GC(1010) Pause Young (Mixed) (G1 Evacuation Pause) 220M->195M(512M) 11.962ms
[2026-06-18T01:37:07.381+0000][14944.142s][info][gc,cpu        ] GC(1010) User=0.12s Sys=0.01s Real=0.01s
[2026-06-18T01:37:08.615+0000][14945.376s][info][gc,start      ] GC(1011) Pause Young (Normal) (G1 Evacuation Pause)
[2026-06-18T01:37:08.615+0000][14945.376s][info][gc,task       ] GC(1011) Using 13 workers of 13 for evacuation
[2026-06-18T01:37:08.618+0000][14945.379s][info][gc,phases     ] GC(1011)   Pre Evacuate Collection Set: 0.0ms
[2026-06-18T01:37:08.618+0000][14945.379s][info][gc,phases     ] GC(1011)   Evacuate Collection Set: 1.9ms
[2026-06-18T01:37:08.618+0000][14945.379s][info][gc,phases     ] GC(1011)   Post Evacuate Collection Set: 0.3ms
[2026-06-18T01:37:08.618+0000][14945.379s][info][gc,phases     ] GC(1011)   Other: 0.3ms
[2026-06-18T01:37:08.618+0000][14945.379s][info][gc,heap       ] GC(1011) Eden regions: 248->0(244)
[2026-06-18T01:37:08.618+0000][14945.379s][info][gc,heap       ] GC(1011) Survivor regions: 4->8(32)
[2026-06-18T01:37:08.618+0000][14945.379s][info][gc,heap       ] GC(1011) Old regions: 46->46
[2026-06-18T01:37:08.618+0000][14945.379s][info][gc,heap       ] GC(1011) Humongous regions: 147->147
[2026-06-18T01:37:08.618+0000][14945.379s][info][gc,metaspace  ] GC(1011) Metaspace: 52877K(55552K)->52877K(55552K) NonClass: 46934K(48384K)->46934K(48384K) Class: 5942K(7168K)->5942K(7168K)
[2026-06-18T01:37:08.618+0000][14945.379s][info][gc            ] GC(1011) Pause Young (Normal) (G1 Evacuation Pause) 443M->199M(512M) 3.139ms
[2026-06-18T01:37:08.618+0000][14945.379s][info][gc,cpu        ] GC(1011) User=0.02s Sys=0.00s Real=0.00s
[2026-06-18T01:37:57.141+0000][14993.901s][info][gc,start      ] GC(1012) Pause Young (Normal) (G1 Evacuation Pause)
[2026-06-18T01:37:57.141+0000][14993.902s][info][gc,task       ] GC(1012) Using 13 workers of 13 for evacuation
[2026-06-18T01:37:57.146+0000][14993.907s][info][gc,phases     ] GC(1012)   Pre Evacuate Collection Set: 0.0ms
[2026-06-18T01:37:57.146+0000][14993.907s][info][gc,phases     ] GC(1012)   Evacuate Collection Set: 4.2ms
[2026-06-18T01:37:57.146+0000][14993.907s][info][gc,phases     ] GC(1012)   Post Evacuate Collection Set: 0.5ms
[2026-06-18T01:37:57.146+0000][14993.907s][info][gc,phases     ] GC(1012)   Other: 0.5ms
[2026-06-18T01:37:57.146+0000][14993.907s][info][gc,heap       ] GC(1012) Eden regions: 244->0(249)
[2026-06-18T01:37:57.146+0000][14993.907s][info][gc,heap       ] GC(1012) Survivor regions: 8->4(32)
[2026-06-18T01:37:57.146+0000][14993.907s][info][gc,heap       ] GC(1012) Old regions: 46->46
[2026-06-18T01:37:57.146+0000][14993.907s][info][gc,heap       ] GC(1012) Humongous regions: 147->147
[2026-06-18T01:37:57.146+0000][14993.907s][info][gc,metaspace  ] GC(1012) Metaspace: 52879K(55552K)->52879K(55552K) NonClass: 46936K(48384K)->46936K(48384K) Class: 5942K(7168K)->5942K(7168K)
[2026-06-18T01:37:57.147+0000][14993.907s][info][gc            ] GC(1012) Pause Young (Normal) (G1 Evacuation Pause) 443M->195M(512M) 5.946ms
[2026-06-18T01:37:57.147+0000][14993.907s][info][gc,cpu        ] GC(1012) User=0.04s Sys=0.00s Real=0.01s
[2026-06-18T01:37:58.686+0000][14995.447s][info][gc,start      ] GC(1013) Pause Young (Concurrent Start) (G1 Evacuation Pause)
[2026-06-18T01:37:58.686+0000][14995.447s][info][gc,task       ] GC(1013) Using 13 workers of 13 for evacuation
[2026-06-18T01:37:58.690+0000][14995.450s][info][gc,phases     ] GC(1013)   Pre Evacuate Collection Set: 0.3ms
[2026-06-18T01:37:58.690+0000][14995.451s][info][gc,phases     ] GC(1013)   Evacuate Collection Set: 2.3ms
[2026-06-18T01:37:58.690+0000][14995.451s][info][gc,phases     ] GC(1013)   Post Evacuate Collection Set: 0.4ms
[2026-06-18T01:37:58.690+0000][14995.451s][info][gc,phases     ] GC(1013)   Other: 0.4ms
[2026-06-18T01:37:58.690+0000][14995.451s][info][gc,heap       ] GC(1013) Eden regions: 249->0(247)
[2026-06-18T01:37:58.690+0000][14995.451s][info][gc,heap       ] GC(1013) Survivor regions: 4->7(32)
[2026-06-18T01:37:58.690+0000][14995.451s][info][gc,heap       ] GC(1013) Old regions: 46->46
[2026-06-18T01:37:58.690+0000][14995.451s][info][gc,heap       ] GC(1013) Humongous regions: 147->147
[2026-06-18T01:37:58.690+0000][14995.451s][info][gc,metaspace  ] GC(1013) Metaspace: 52879K(55552K)->52879K(55552K) NonClass: 46936K(48384K)->46936K(48384K) Class: 5942K(7168K)->5942K(7168K)
[2026-06-18T01:37:58.690+0000][14995.451s][info][gc            ] GC(1013) Pause Young (Concurrent Start) (G1 Evacuation Pause) 444M->199M(512M) 3.793ms
[2026-06-18T01:37:58.690+0000][14995.451s][info][gc,cpu        ] GC(1013) User=0.02s Sys=0.00s Real=0.00s
[2026-06-18T01:37:58.690+0000][14995.451s][info][gc            ] GC(1014) Concurrent Cycle
[2026-06-18T01:37:58.690+0000][14995.451s][info][gc,marking    ] GC(1014) Concurrent Clear Claimed Marks
[2026-06-18T01:37:58.691+0000][14995.451s][info][gc,marking    ] GC(1014) Concurrent Clear Claimed Marks 0.269ms
[2026-06-18T01:37:58.691+0000][14995.452s][info][gc,marking    ] GC(1014) Concurrent Scan Root Regions
[2026-06-18T01:37:58.692+0000][14995.453s][info][gc,marking    ] GC(1014) Concurrent Scan Root Regions 1.385ms
[2026-06-18T01:37:58.692+0000][14995.453s][info][gc,marking    ] GC(1014) Concurrent Mark (14995.453s)
[2026-06-18T01:37:58.693+0000][14995.453s][info][gc,marking    ] GC(1014) Concurrent Mark From Roots
[2026-06-18T01:37:58.693+0000][14995.454s][info][gc,task       ] GC(1014) Using 3 workers of 3 for marking
[2026-06-18T01:37:58.698+0000][14995.459s][info][gc,marking    ] GC(1014) Concurrent Mark From Roots 5.440ms
[2026-06-18T01:37:58.698+0000][14995.459s][info][gc,marking    ] GC(1014) Concurrent Preclean
[2026-06-18T01:37:58.698+0000][14995.459s][info][gc,marking    ] GC(1014) Concurrent Preclean 0.207ms
[2026-06-18T01:37:58.698+0000][14995.459s][info][gc,marking    ] GC(1014) Concurrent Mark (14995.453s, 14995.459s) 6.077ms
[2026-06-18T01:37:58.699+0000][14995.460s][info][gc,start      ] GC(1014) Pause Remark
[2026-06-18T01:37:58.702+0000][14995.463s][info][gc,stringtable] GC(1014) Cleaned string and symbol table, strings: 17441 processed, 0 removed, symbols: 125116 processed, 0 removed
[2026-06-18T01:37:58.702+0000][14995.463s][info][gc            ] GC(1014) Pause Remark 202M->202M(512M) 3.365ms
[2026-06-18T01:37:58.702+0000][14995.463s][info][gc,cpu        ] GC(1014) User=0.01s Sys=0.00s Real=0.00s
[2026-06-18T01:37:58.702+0000][14995.463s][info][gc,marking    ] GC(1014) Concurrent Rebuild Remembered Sets
[2026-06-18T01:37:58.708+0000][14995.469s][info][gc,marking    ] GC(1014) Concurrent Rebuild Remembered Sets 5.373ms
[2026-06-18T01:37:58.708+0000][14995.469s][info][gc,start      ] GC(1014) Pause Cleanup
[2026-06-18T01:37:58.708+0000][14995.469s][info][gc            ] GC(1014) Pause Cleanup 204M->204M(512M) 0.218ms
[2026-06-18T01:37:58.708+0000][14995.469s][info][gc,cpu        ] GC(1014) User=0.00s Sys=0.00s Real=0.00s
[2026-06-18T01:37:58.708+0000][14995.469s][info][gc,marking    ] GC(1014) Concurrent Cleanup for Next Mark
[2026-06-18T01:37:58.709+0000][14995.469s][info][gc,marking    ] GC(1014) Concurrent Cleanup for Next Mark 0.249ms
[2026-06-18T01:37:58.709+0000][14995.470s][info][gc            ] GC(1014) Concurrent Cycle 18.473ms
[2026-06-18T01:37:59.987+0000][14996.748s][info][gc,start      ] GC(1015) Pause Young (Prepare Mixed) (G1 Evacuation Pause)
[2026-06-18T01:37:59.988+0000][14996.748s][info][gc,task       ] GC(1015) Using 13 workers of 13 for evacuation
[2026-06-18T01:37:59.990+0000][14996.751s][info][gc,phases     ] GC(1015)   Pre Evacuate Collection Set: 0.0ms
[2026-06-18T01:37:59.990+0000][14996.751s][info][gc,phases     ] GC(1015)   Evacuate Collection Set: 1.6ms
[2026-06-18T01:37:59.990+0000][14996.751s][info][gc,phases     ] GC(1015)   Post Evacuate Collection Set: 0.4ms
[2026-06-18T01:37:59.990+0000][14996.751s][info][gc,phases     ] GC(1015)   Other: 0.3ms
[2026-06-18T01:37:59.990+0000][14996.751s][info][gc,heap       ] GC(1015) Eden regions: 247->0(20)
[2026-06-18T01:37:59.990+0000][14996.751s][info][gc,heap       ] GC(1015) Survivor regions: 7->5(32)
[2026-06-18T01:37:59.990+0000][14996.751s][info][gc,heap       ] GC(1015) Old regions: 46->46
[2026-06-18T01:37:59.990+0000][14996.751s][info][gc,heap       ] GC(1015) Humongous regions: 147->147
[2026-06-18T01:37:59.990+0000][14996.751s][info][gc,metaspace  ] GC(1015) Metaspace: 52879K(55552K)->52879K(55552K) NonClass: 46936K(48384K)->46936K(48384K) Class: 5942K(7168K)->5942K(7168K)
[2026-06-18T01:37:59.990+0000][14996.751s][info][gc            ] GC(1015) Pause Young (Prepare Mixed) (G1 Evacuation Pause) 446M->196M(512M) 2.722ms
[2026-06-18T01:37:59.990+0000][14996.751s][info][gc,cpu        ] GC(1015) User=0.02s Sys=0.00s Real=0.00s
[2026-06-18T01:38:00.080+0000][14996.841s][info][gc,start      ] GC(1016) Pause Young (Mixed) (G1 Evacuation Pause)
[2026-06-18T01:38:00.080+0000][14996.841s][info][gc,task       ] GC(1016) Using 13 workers of 13 for evacuation
[2026-06-18T01:38:00.082+0000][14996.843s][info][gc,phases     ] GC(1016)   Pre Evacuate Collection Set: 0.0ms
[2026-06-18T01:38:00.082+0000][14996.843s][info][gc,phases     ] GC(1016)   Evacuate Collection Set: 1.6ms
[2026-06-18T01:38:00.082+0000][14996.843s][info][gc,phases     ] GC(1016)   Post Evacuate Collection Set: 0.3ms
[2026-06-18T01:38:00.082+0000][14996.843s][info][gc,phases     ] GC(1016)   Other: 0.4ms
[2026-06-18T01:38:00.082+0000][14996.843s][info][gc,heap       ] GC(1016) Eden regions: 20->0(250)
[2026-06-18T01:38:00.082+0000][14996.843s][info][gc,heap       ] GC(1016) Survivor regions: 5->4(4)
[2026-06-18T01:38:00.082+0000][14996.843s][info][gc,heap       ] GC(1016) Old regions: 46->46
[2026-06-18T01:38:00.082+0000][14996.843s][info][gc,heap       ] GC(1016) Humongous regions: 147->147
[2026-06-18T01:38:00.082+0000][14996.843s][info][gc,metaspace  ] GC(1016) Metaspace: 52879K(55552K)->52879K(55552K) NonClass: 46936K(48384K)->46936K(48384K) Class: 5942K(7168K)->5942K(7168K)
[2026-06-18T01:38:00.082+0000][14996.843s][info][gc            ] GC(1016) Pause Young (Mixed) (G1 Evacuation Pause) 216M->195M(512M) 2.766ms
[2026-06-18T01:38:00.083+0000][14996.843s][info][gc,cpu        ] GC(1016) User=0.01s Sys=0.00s Real=0.01s
[2026-06-18T01:38:48.615+0000][15045.376s][info][gc,start      ] GC(1017) Pause Young (Normal) (G1 Evacuation Pause)
[2026-06-18T01:38:48.615+0000][15045.376s][info][gc,task       ] GC(1017) Using 13 workers of 13 for evacuation
[2026-06-18T01:38:48.620+0000][15045.380s][info][gc,phases     ] GC(1017)   Pre Evacuate Collection Set: 0.0ms
[2026-06-18T01:38:48.620+0000][15045.381s][info][gc,phases     ] GC(1017)   Evacuate Collection Set: 3.8ms
[2026-06-18T01:38:48.620+0000][15045.381s][info][gc,phases     ] GC(1017)   Post Evacuate Collection Set: 0.6ms
[2026-06-18T01:38:48.620+0000][15045.381s][info][gc,phases     ] GC(1017)   Other: 0.4ms
[2026-06-18T01:38:48.620+0000][15045.381s][info][gc,heap       ] GC(1017) Eden regions: 250->0(247)
[2026-06-18T01:38:48.620+0000][15045.381s][info][gc,heap       ] GC(1017) Survivor regions: 4->7(32)
[2026-06-18T01:38:48.620+0000][15045.381s][info][gc,heap       ] GC(1017) Old regions: 46->46
[2026-06-18T01:38:48.620+0000][15045.381s][info][gc,heap       ] GC(1017) Humongous regions: 147->147
[2026-06-18T01:38:48.620+0000][15045.381s][info][gc,metaspace  ] GC(1017) Metaspace: 52879K(55552K)->52879K(55552K) NonClass: 46936K(48384K)->46936K(48384K) Class: 5942K(7168K)->5942K(7168K)
[2026-06-18T01:38:48.620+0000][15045.381s][info][gc            ] GC(1017) Pause Young (Normal) (G1 Evacuation Pause) 445M->199M(512M) 5.351ms
[2026-06-18T01:38:48.620+0000][15045.381s][info][gc,cpu        ] GC(1017) User=0.03s Sys=0.00s Real=0.00s
[2026-06-18T01:38:50.248+0000][15047.008s][info][gc,start      ] GC(1018) Pause Young (Normal) (G1 Evacuation Pause)
[2026-06-18T01:38:50.248+0000][15047.008s][info][gc,task       ] GC(1018) Using 13 workers of 13 for evacuation
[2026-06-18T01:38:50.251+0000][15047.011s][info][gc,phases     ] GC(1018)   Pre Evacuate Collection Set: 0.0ms
[2026-06-18T01:38:50.251+0000][15047.011s][info][gc,phases     ] GC(1018)   Evacuate Collection Set: 2.3ms
[2026-06-18T01:38:50.251+0000][15047.011s][info][gc,phases     ] GC(1018)   Post Evacuate Collection Set: 0.3ms
[2026-06-18T01:38:50.251+0000][15047.012s][info][gc,phases     ] GC(1018)   Other: 0.4ms
[2026-06-18T01:38:50.251+0000][15047.012s][info][gc,heap       ] GC(1018) Eden regions: 247->0(250)
[2026-06-18T01:38:50.251+0000][15047.012s][info][gc,heap       ] GC(1018) Survivor regions: 7->4(32)
[2026-06-18T01:38:50.251+0000][15047.012s][info][gc,heap       ] GC(1018) Old regions: 46->46
[2026-06-18T01:38:50.251+0000][15047.012s][info][gc,heap       ] GC(1018) Humongous regions: 147->147
[2026-06-18T01:38:50.251+0000][15047.012s][info][gc,metaspace  ] GC(1018) Metaspace: 52879K(55552K)->52879K(55552K) NonClass: 46936K(48384K)->46936K(48384K) Class: 5942K(7168K)->5942K(7168K)
[2026-06-18T01:38:50.251+0000][15047.012s][info][gc            ] GC(1018) Pause Young (Normal) (G1 Evacuation Pause) 446M->196M(512M) 3.475ms
[2026-06-18T01:38:50.251+0000][15047.012s][info][gc,cpu        ] GC(1018) User=0.02s Sys=0.00s Real=0.00s
[2026-06-18T01:38:51.591+0000][15048.352s][info][gc,start      ] GC(1019) Pause Young (Concurrent Start) (G1 Evacuation Pause)
[2026-06-18T01:38:51.591+0000][15048.352s][info][gc,task       ] GC(1019) Using 13 workers of 13 for evacuation
[2026-06-18T01:38:51.594+0000][15048.355s][info][gc,phases     ] GC(1019)   Pre Evacuate Collection Set: 0.3ms
[2026-06-18T01:38:51.594+0000][15048.355s][info][gc,phases     ] GC(1019)   Evacuate Collection Set: 1.8ms
[2026-06-18T01:38:51.594+0000][15048.355s][info][gc,phases     ] GC(1019)   Post Evacuate Collection Set: 0.4ms
[2026-06-18T01:38:51.594+0000][15048.355s][info][gc,phases     ] GC(1019)   Other: 0.4ms
[2026-06-18T01:38:51.594+0000][15048.355s][info][gc,heap       ] GC(1019) Eden regions: 250->0(248)
[2026-06-18T01:38:51.594+0000][15048.355s][info][gc,heap       ] GC(1019) Survivor regions: 4->7(32)
[2026-06-18T01:38:51.594+0000][15048.355s][info][gc,heap       ] GC(1019) Old regions: 46->46
[2026-06-18T01:38:51.594+0000][15048.355s][info][gc,heap       ] GC(1019) Humongous regions: 147->147
[2026-06-18T01:38:51.595+0000][15048.355s][info][gc,metaspace  ] GC(1019) Metaspace: 52879K(55552K)->52879K(55552K) NonClass: 46936K(48384K)->46936K(48384K) Class: 5942K(7168K)->5942K(7168K)
[2026-06-18T01:38:51.595+0000][15048.355s][info][gc            ] GC(1019) Pause Young (Concurrent Start) (G1 Evacuation Pause) 446M->199M(512M) 3.253ms
[2026-06-18T01:38:51.595+0000][15048.355s][info][gc,cpu        ] GC(1019) User=0.02s Sys=0.00s Real=0.01s
[2026-06-18T01:38:51.595+0000][15048.355s][info][gc            ] GC(1020) Concurrent Cycle
[2026-06-18T01:38:51.595+0000][15048.355s][info][gc,marking    ] GC(1020) Concurrent Clear Claimed Marks
[2026-06-18T01:38:51.595+0000][15048.356s][info][gc,marking    ] GC(1020) Concurrent Clear Claimed Marks 0.157ms
[2026-06-18T01:38:51.595+0000][15048.356s][info][gc,marking    ] GC(1020) Concurrent Scan Root Regions
[2026-06-18T01:38:51.596+0000][15048.357s][info][gc,marking    ] GC(1020) Concurrent Scan Root Regions 1.380ms
[2026-06-18T01:38:51.596+0000][15048.357s][info][gc,marking    ] GC(1020) Concurrent Mark (15048.357s)
[2026-06-18T01:38:51.597+0000][15048.357s][info][gc,marking    ] GC(1020) Concurrent Mark From Roots
[2026-06-18T01:38:51.597+0000][15048.357s][info][gc,task       ] GC(1020) Using 3 workers of 3 for marking
[2026-06-18T01:38:51.602+0000][15048.363s][info][gc,marking    ] GC(1020) Concurrent Mark From Roots 5.646ms
[2026-06-18T01:38:51.602+0000][15048.363s][info][gc,marking    ] GC(1020) Concurrent Preclean
[2026-06-18T01:38:51.603+0000][15048.363s][info][gc,marking    ] GC(1020) Concurrent Preclean 0.194ms
[2026-06-18T01:38:51.603+0000][15048.363s][info][gc,marking    ] GC(1020) Concurrent Mark (15048.357s, 15048.363s) 6.160ms
[2026-06-18T01:38:51.603+0000][15048.363s][info][gc,start      ] GC(1020) Pause Remark
[2026-06-18T01:38:51.605+0000][15048.366s][info][gc,stringtable] GC(1020) Cleaned string and symbol table, strings: 17447 processed, 0 removed, symbols: 125116 processed, 0 removed
[2026-06-18T01:38:51.606+0000][15048.366s][info][gc            ] GC(1020) Pause Remark 204M->204M(512M) 2.770ms
[2026-06-18T01:38:51.606+0000][15048.366s][info][gc,cpu        ] GC(1020) User=0.02s Sys=0.01s Real=0.00s
[2026-06-18T01:38:51.606+0000][15048.366s][info][gc,marking    ] GC(1020) Concurrent Rebuild Remembered Sets
[2026-06-18T01:38:51.610+0000][15048.371s][info][gc,marking    ] GC(1020) Concurrent Rebuild Remembered Sets 4.784ms
[2026-06-18T01:38:51.611+0000][15048.371s][info][gc,start      ] GC(1020) Pause Cleanup
[2026-06-18T01:38:51.611+0000][15048.372s][info][gc            ] GC(1020) Pause Cleanup 205M->205M(512M) 0.175ms
[2026-06-18T01:38:51.611+0000][15048.372s][info][gc,cpu        ] GC(1020) User=0.00s Sys=0.00s Real=0.00s
[2026-06-18T01:38:51.611+0000][15048.372s][info][gc,marking    ] GC(1020) Concurrent Cleanup for Next Mark
[2026-06-18T01:38:51.611+0000][15048.372s][info][gc,marking    ] GC(1020) Concurrent Cleanup for Next Mark 0.163ms
[2026-06-18T01:38:51.611+0000][15048.372s][info][gc            ] GC(1020) Concurrent Cycle 16.666ms
[2026-06-18T01:38:52.792+0000][15049.553s][info][gc,start      ] GC(1021) Pause Young (Prepare Mixed) (G1 Evacuation Pause)
[2026-06-18T01:38:52.792+0000][15049.553s][info][gc,task       ] GC(1021) Using 13 workers of 13 for evacuation
[2026-06-18T01:38:52.798+0000][15049.559s][info][gc,phases     ] GC(1021)   Pre Evacuate Collection Set: 0.0ms
[2026-06-18T01:38:52.798+0000][15049.559s][info][gc,phases     ] GC(1021)   Evacuate Collection Set: 5.1ms
[2026-06-18T01:38:52.798+0000][15049.559s][info][gc,phases     ] GC(1021)   Post Evacuate Collection Set: 0.5ms
[2026-06-18T01:38:52.798+0000][15049.559s][info][gc,phases     ] GC(1021)   Other: 0.3ms
[2026-06-18T01:38:52.798+0000][15049.559s][info][gc,heap       ] GC(1021) Eden regions: 248->0(20)
[2026-06-18T01:38:52.798+0000][15049.559s][info][gc,heap       ] GC(1021) Survivor regions: 7->5(32)
[2026-06-18T01:38:52.798+0000][15049.559s][info][gc,heap       ] GC(1021) Old regions: 46->46
[2026-06-18T01:38:52.798+0000][15049.559s][info][gc,heap       ] GC(1021) Humongous regions: 147->147
[2026-06-18T01:38:52.798+0000][15049.559s][info][gc,metaspace  ] GC(1021) Metaspace: 52879K(55552K)->52879K(55552K) NonClass: 46936K(48384K)->46936K(48384K) Class: 5942K(7168K)->5942K(7168K)
[2026-06-18T01:38:52.799+0000][15049.559s][info][gc            ] GC(1021) Pause Young (Prepare Mixed) (G1 Evacuation Pause) 447M->197M(512M) 6.347ms
[2026-06-18T01:38:52.799+0000][15049.559s][info][gc,cpu        ] GC(1021) User=0.05s Sys=0.00s Real=0.01s
[2026-06-18T01:38:52.892+0000][15049.653s][info][gc,start      ] GC(1022) Pause Young (Mixed) (G1 Evacuation Pause)
[2026-06-18T01:38:52.892+0000][15049.653s][info][gc,task       ] GC(1022) Using 13 workers of 13 for evacuation
[2026-06-18T01:38:52.895+0000][15049.656s][info][gc,phases     ] GC(1022)   Pre Evacuate Collection Set: 0.0ms
[2026-06-18T01:38:52.895+0000][15049.656s][info][gc,phases     ] GC(1022)   Evacuate Collection Set: 2.1ms
[2026-06-18T01:38:52.895+0000][15049.656s][info][gc,phases     ] GC(1022)   Post Evacuate Collection Set: 0.3ms
[2026-06-18T01:38:52.895+0000][15049.656s][info][gc,phases     ] GC(1022)   Other: 0.3ms
[2026-06-18T01:38:52.895+0000][15049.656s][info][gc,heap       ] GC(1022) Eden regions: 20->0(249)
[2026-06-18T01:38:52.895+0000][15049.656s][info][gc,heap       ] GC(1022) Survivor regions: 5->4(4)
[2026-06-18T01:38:52.895+0000][15049.656s][info][gc,heap       ] GC(1022) Old regions: 46->48
[2026-06-18T01:38:52.895+0000][15049.656s][info][gc,heap       ] GC(1022) Humongous regions: 147->147
[2026-06-18T01:38:52.896+0000][15049.656s][info][gc,metaspace  ] GC(1022) Metaspace: 52879K(55552K)->52879K(55552K) NonClass: 46936K(48384K)->46936K(48384K) Class: 5942K(7168K)->5942K(7168K)
[2026-06-18T01:38:52.896+0000][15049.656s][info][gc            ] GC(1022) Pause Young (Mixed) (G1 Evacuation Pause) 217M->197M(512M) 3.282ms
[2026-06-18T01:38:52.896+0000][15049.656s][info][gc,cpu        ] GC(1022) User=0.03s Sys=0.00s Real=0.01s
[2026-06-18T01:39:41.673+0000][15098.434s][info][gc,start      ] GC(1023) Pause Young (Normal) (G1 Evacuation Pause)
[2026-06-18T01:39:41.673+0000][15098.434s][info][gc,task       ] GC(1023) Using 13 workers of 13 for evacuation
[2026-06-18T01:39:41.676+0000][15098.437s][info][gc,phases     ] GC(1023)   Pre Evacuate Collection Set: 0.0ms
[2026-06-18T01:39:41.676+0000][15098.437s][info][gc,phases     ] GC(1023)   Evacuate Collection Set: 2.1ms
[2026-06-18T01:39:41.676+0000][15098.437s][info][gc,phases     ] GC(1023)   Post Evacuate Collection Set: 0.4ms
[2026-06-18T01:39:41.676+0000][15098.437s][info][gc,phases     ] GC(1023)   Other: 0.3ms
[2026-06-18T01:39:41.676+0000][15098.437s][info][gc,heap       ] GC(1023) Eden regions: 249->0(247)
[2026-06-18T01:39:41.676+0000][15098.437s][info][gc,heap       ] GC(1023) Survivor regions: 4->7(32)
[2026-06-18T01:39:41.676+0000][15098.437s][info][gc,heap       ] GC(1023) Old regions: 48->48
[2026-06-18T01:39:41.676+0000][15098.437s][info][gc,heap       ] GC(1023) Humongous regions: 147->147
[2026-06-18T01:39:41.676+0000][15098.437s][info][gc,metaspace  ] GC(1023) Metaspace: 52879K(55552K)->52879K(55552K) NonClass: 46936K(48384K)->46936K(48384K) Class: 5942K(7168K)->5942K(7168K)
[2026-06-18T01:39:41.676+0000][15098.438s][info][gc            ] GC(1023) Pause Young (Normal) (G1 Evacuation Pause) 446M->200M(512M) 3.317ms
[2026-06-18T01:39:41.676+0000][15098.438s][info][gc,cpu        ] GC(1023) User=0.03s Sys=0.00s Real=0.00s
[2026-06-18T01:39:43.255+0000][15100.016s][info][gc,start      ] GC(1024) Pause Young (Normal) (G1 Evacuation Pause)
[2026-06-18T01:39:43.255+0000][15100.016s][info][gc,task       ] GC(1024) Using 13 workers of 13 for evacuation
[2026-06-18T01:39:43.258+0000][15100.019s][info][gc,phases     ] GC(1024)   Pre Evacuate Collection Set: 0.0ms
[2026-06-18T01:39:43.258+0000][15100.019s][info][gc,phases     ] GC(1024)   Evacuate Collection Set: 2.0ms
[2026-06-18T01:39:43.258+0000][15100.019s][info][gc,phases     ] GC(1024)   Post Evacuate Collection Set: 0.4ms
[2026-06-18T01:39:43.258+0000][15100.019s][info][gc,phases     ] GC(1024)   Other: 0.3ms
[2026-06-18T01:39:43.258+0000][15100.019s][info][gc,heap       ] GC(1024) Eden regions: 247->0(249)
[2026-06-18T01:39:43.258+0000][15100.019s][info][gc,heap       ] GC(1024) Survivor regions: 7->5(32)
[2026-06-18T01:39:43.258+0000][15100.019s][info][gc,heap       ] GC(1024) Old regions: 48->48
[2026-06-18T01:39:43.258+0000][15100.019s][info][gc,heap       ] GC(1024) Humongous regions: 147->147
[2026-06-18T01:39:43.258+0000][15100.019s][info][gc,metaspace  ] GC(1024) Metaspace: 52879K(55552K)->52879K(55552K) NonClass: 46936K(48384K)->46936K(48384K) Class: 5942K(7168K)->5942K(7168K)
[2026-06-18T01:39:43.258+0000][15100.020s][info][gc            ] GC(1024) Pause Young (Normal) (G1 Evacuation Pause) 447M->198M(512M) 3.208ms
[2026-06-18T01:39:43.258+0000][15100.020s][info][gc,cpu        ] GC(1024) User=0.03s Sys=0.00s Real=0.00s
[2026-06-18T01:39:44.543+0000][15101.304s][info][gc,start      ] GC(1025) Pause Young (Concurrent Start) (G1 Evacuation Pause)
[2026-06-18T01:39:44.543+0000][15101.305s][info][gc,task       ] GC(1025) Using 13 workers of 13 for evacuation
[2026-06-18T01:39:44.548+0000][15101.310s][info][gc,phases     ] GC(1025)   Pre Evacuate Collection Set: 0.3ms
[2026-06-18T01:39:44.548+0000][15101.310s][info][gc,phases     ] GC(1025)   Evacuate Collection Set: 4.0ms
[2026-06-18T01:39:44.549+0000][15101.310s][info][gc,phases     ] GC(1025)   Post Evacuate Collection Set: 0.5ms
[2026-06-18T01:39:44.549+0000][15101.310s][info][gc,phases     ] GC(1025)   Other: 0.5ms
[2026-06-18T01:39:44.549+0000][15101.310s][info][gc,heap       ] GC(1025) Eden regions: 249->0(245)
[2026-06-18T01:39:44.549+0000][15101.310s][info][gc,heap       ] GC(1025) Survivor regions: 5->9(32)
[2026-06-18T01:39:44.549+0000][15101.310s][info][gc,heap       ] GC(1025) Old regions: 48->48
[2026-06-18T01:39:44.549+0000][15101.310s][info][gc,heap       ] GC(1025) Humongous regions: 147->147
[2026-06-18T01:39:44.549+0000][15101.310s][info][gc,metaspace  ] GC(1025) Metaspace: 52879K(55552K)->52879K(55552K) NonClass: 46936K(48384K)->46936K(48384K) Class: 5942K(7168K)->5942K(7168K)
[2026-06-18T01:39:44.549+0000][15101.310s][info][gc            ] GC(1025) Pause Young (Concurrent Start) (G1 Evacuation Pause) 447M->202M(512M) 5.828ms
[2026-06-18T01:39:44.549+0000][15101.310s][info][gc,cpu        ] GC(1025) User=0.02s Sys=0.00s Real=0.00s
[2026-06-18T01:39:44.549+0000][15101.310s][info][gc            ] GC(1026) Concurrent Cycle
[2026-06-18T01:39:44.549+0000][15101.310s][info][gc,marking    ] GC(1026) Concurrent Clear Claimed Marks
[2026-06-18T01:39:44.549+0000][15101.310s][info][gc,marking    ] GC(1026) Concurrent Clear Claimed Marks 0.144ms
[2026-06-18T01:39:44.549+0000][15101.311s][info][gc,marking    ] GC(1026) Concurrent Scan Root Regions
[2026-06-18T01:39:44.551+0000][15101.312s][info][gc,marking    ] GC(1026) Concurrent Scan Root Regions 1.812ms
[2026-06-18T01:39:44.551+0000][15101.313s][info][gc,marking    ] GC(1026) Concurrent Mark (15101.313s)
[2026-06-18T01:39:44.552+0000][15101.313s][info][gc,marking    ] GC(1026) Concurrent Mark From Roots
[2026-06-18T01:39:44.552+0000][15101.313s][info][gc,task       ] GC(1026) Using 3 workers of 3 for marking
[2026-06-18T01:39:44.558+0000][15101.319s][info][gc,marking    ] GC(1026) Concurrent Mark From Roots 6.034ms
[2026-06-18T01:39:44.558+0000][15101.319s][info][gc,marking    ] GC(1026) Concurrent Preclean
[2026-06-18T01:39:44.558+0000][15101.319s][info][gc,marking    ] GC(1026) Concurrent Preclean 0.214ms
[2026-06-18T01:39:44.558+0000][15101.320s][info][gc,marking    ] GC(1026) Concurrent Mark (15101.313s, 15101.320s) 6.990ms
[2026-06-18T01:39:44.560+0000][15101.321s][info][gc,start      ] GC(1026) Pause Remark
[2026-06-18T01:39:44.563+0000][15101.325s][info][gc,stringtable] GC(1026) Cleaned string and symbol table, strings: 17447 processed, 0 removed, symbols: 125116 processed, 0 removed
[2026-06-18T01:39:44.564+0000][15101.325s][info][gc            ] GC(1026) Pause Remark 206M->206M(512M) 3.895ms
[2026-06-18T01:39:44.564+0000][15101.325s][info][gc,cpu        ] GC(1026) User=0.03s Sys=0.00s Real=0.01s
[2026-06-18T01:39:44.564+0000][15101.325s][info][gc,marking    ] GC(1026) Concurrent Rebuild Remembered Sets
[2026-06-18T01:39:44.568+0000][15101.329s][info][gc,marking    ] GC(1026) Concurrent Rebuild Remembered Sets 4.014ms
[2026-06-18T01:39:44.568+0000][15101.329s][info][gc,start      ] GC(1026) Pause Cleanup
[2026-06-18T01:39:44.568+0000][15101.330s][info][gc            ] GC(1026) Pause Cleanup 207M->207M(512M) 0.254ms
[2026-06-18T01:39:44.569+0000][15101.330s][info][gc,cpu        ] GC(1026) User=0.00s Sys=0.00s Real=0.00s
[2026-06-18T01:39:44.569+0000][15101.330s][info][gc,marking    ] GC(1026) Concurrent Cleanup for Next Mark
[2026-06-18T01:39:44.569+0000][15101.330s][info][gc,marking    ] GC(1026) Concurrent Cleanup for Next Mark 0.174ms
[2026-06-18T01:39:44.569+0000][15101.330s][info][gc            ] GC(1026) Concurrent Cycle 19.831ms
[2026-06-18T01:40:32.940+0000][15149.701s][info][gc,start      ] GC(1027) Pause Young (Prepare Mixed) (G1 Evacuation Pause)
[2026-06-18T01:40:32.941+0000][15149.702s][info][gc,task       ] GC(1027) Using 13 workers of 13 for evacuation
[2026-06-18T01:40:32.946+0000][15149.707s][info][gc,phases     ] GC(1027)   Pre Evacuate Collection Set: 0.0ms
[2026-06-18T01:40:32.946+0000][15149.707s][info][gc,phases     ] GC(1027)   Evacuate Collection Set: 3.8ms
[2026-06-18T01:40:32.946+0000][15149.707s][info][gc,phases     ] GC(1027)   Post Evacuate Collection Set: 0.4ms
[2026-06-18T01:40:32.946+0000][15149.707s][info][gc,phases     ] GC(1027)   Other: 1.3ms
[2026-06-18T01:40:32.946+0000][15149.707s][info][gc,heap       ] GC(1027) Eden regions: 245->0(19)
[2026-06-18T01:40:32.946+0000][15149.707s][info][gc,heap       ] GC(1027) Survivor regions: 9->6(32)
[2026-06-18T01:40:32.946+0000][15149.707s][info][gc,heap       ] GC(1027) Old regions: 48->48
[2026-06-18T01:40:32.946+0000][15149.707s][info][gc,heap       ] GC(1027) Humongous regions: 147->147
[2026-06-18T01:40:32.946+0000][15149.707s][info][gc,metaspace  ] GC(1027) Metaspace: 52886K(55808K)->52886K(55808K) NonClass: 46944K(48640K)->46944K(48640K) Class: 5942K(7168K)->5942K(7168K)
[2026-06-18T01:40:32.946+0000][15149.707s][info][gc            ] GC(1027) Pause Young (Prepare Mixed) (G1 Evacuation Pause) 447M->199M(512M) 5.852ms
[2026-06-18T01:40:32.946+0000][15149.707s][info][gc,cpu        ] GC(1027) User=0.02s Sys=0.00s Real=0.01s
[2026-06-18T01:40:33.077+0000][15149.838s][info][gc,start      ] GC(1028) Pause Young (Mixed) (G1 Evacuation Pause)
[2026-06-18T01:40:33.077+0000][15149.838s][info][gc,task       ] GC(1028) Using 13 workers of 13 for evacuation
[2026-06-18T01:40:33.081+0000][15149.842s][info][gc,phases     ] GC(1028)   Pre Evacuate Collection Set: 0.0ms
[2026-06-18T01:40:33.081+0000][15149.842s][info][gc,phases     ] GC(1028)   Evacuate Collection Set: 3.7ms
[2026-06-18T01:40:33.081+0000][15149.842s][info][gc,phases     ] GC(1028)   Post Evacuate Collection Set: 0.4ms
[2026-06-18T01:40:33.081+0000][15149.842s][info][gc,phases     ] GC(1028)   Other: 0.3ms
[2026-06-18T01:40:33.081+0000][15149.842s][info][gc,heap       ] GC(1028) Eden regions: 19->0(251)
[2026-06-18T01:40:33.082+0000][15149.842s][info][gc,heap       ] GC(1028) Survivor regions: 6->3(4)
[2026-06-18T01:40:33.082+0000][15149.842s][info][gc,heap       ] GC(1028) Old regions: 48->48
[2026-06-18T01:40:33.082+0000][15149.842s][info][gc,heap       ] GC(1028) Humongous regions: 147->147
[2026-06-18T01:40:33.082+0000][15149.842s][info][gc,metaspace  ] GC(1028) Metaspace: 52886K(55808K)->52886K(55808K) NonClass: 46944K(48640K)->46944K(48640K) Class: 5942K(7168K)->5942K(7168K)
[2026-06-18T01:40:33.082+0000][15149.842s][info][gc            ] GC(1028) Pause Young (Mixed) (G1 Evacuation Pause) 218M->197M(512M) 4.984ms
[2026-06-18T01:40:33.082+0000][15149.843s][info][gc,cpu        ] GC(1028) User=0.04s Sys=0.00s Real=0.00s
[2026-06-18T01:40:34.572+0000][15151.333s][info][gc,start      ] GC(1029) Pause Young (Normal) (G1 Evacuation Pause)
[2026-06-18T01:40:34.572+0000][15151.333s][info][gc,task       ] GC(1029) Using 13 workers of 13 for evacuation
[2026-06-18T01:40:34.575+0000][15151.335s][info][gc,phases     ] GC(1029)   Pre Evacuate Collection Set: 0.0ms
[2026-06-18T01:40:34.575+0000][15151.335s][info][gc,phases     ] GC(1029)   Evacuate Collection Set: 1.6ms
[2026-06-18T01:40:34.575+0000][15151.335s][info][gc,phases     ] GC(1029)   Post Evacuate Collection Set: 0.3ms
[2026-06-18T01:40:34.575+0000][15151.336s][info][gc,phases     ] GC(1029)   Other: 0.3ms
[2026-06-18T01:40:34.575+0000][15151.336s][info][gc,heap       ] GC(1029) Eden regions: 251->0(246)
[2026-06-18T01:40:34.575+0000][15151.336s][info][gc,heap       ] GC(1029) Survivor regions: 3->7(32)
[2026-06-18T01:40:34.575+0000][15151.336s][info][gc,heap       ] GC(1029) Old regions: 48->48
[2026-06-18T01:40:34.575+0000][15151.336s][info][gc,heap       ] GC(1029) Humongous regions: 147->147
[2026-06-18T01:40:34.575+0000][15151.336s][info][gc,metaspace  ] GC(1029) Metaspace: 52886K(55808K)->52886K(55808K) NonClass: 46944K(48640K)->46944K(48640K) Class: 5942K(7168K)->5942K(7168K)
[2026-06-18T01:40:34.575+0000][15151.336s][info][gc            ] GC(1029) Pause Young (Normal) (G1 Evacuation Pause) 448M->200M(512M) 2.714ms
[2026-06-18T01:40:34.575+0000][15151.336s][info][gc,cpu        ] GC(1029) User=0.02s Sys=0.00s Real=0.01s
[2026-06-18T01:40:35.929+0000][15152.690s][info][gc,start      ] GC(1030) Pause Young (Normal) (G1 Evacuation Pause)
[2026-06-18T01:40:35.929+0000][15152.690s][info][gc,task       ] GC(1030) Using 13 workers of 13 for evacuation
[2026-06-18T01:40:35.932+0000][15152.693s][info][gc,phases     ] GC(1030)   Pre Evacuate Collection Set: 0.0ms
[2026-06-18T01:40:35.932+0000][15152.693s][info][gc,phases     ] GC(1030)   Evacuate Collection Set: 2.2ms
[2026-06-18T01:40:35.932+0000][15152.693s][info][gc,phases     ] GC(1030)   Post Evacuate Collection Set: 0.3ms
[2026-06-18T01:40:35.932+0000][15152.693s][info][gc,phases     ] GC(1030)   Other: 0.4ms
[2026-06-18T01:40:35.932+0000][15152.693s][info][gc,heap       ] GC(1030) Eden regions: 246->0(240)
[2026-06-18T01:40:35.932+0000][15152.693s][info][gc,heap       ] GC(1030) Survivor regions: 7->10(32)
[2026-06-18T01:40:35.932+0000][15152.693s][info][gc,heap       ] GC(1030) Old regions: 48->48
[2026-06-18T01:40:35.932+0000][15152.693s][info][gc,heap       ] GC(1030) Humongous regions: 147->147
[2026-06-18T01:40:35.932+0000][15152.693s][info][gc,metaspace  ] GC(1030) Metaspace: 52886K(55808K)->52886K(55808K) NonClass: 46944K(48640K)->46944K(48640K) Class: 5942K(7168K)->5942K(7168K)
[2026-06-18T01:40:35.932+0000][15152.693s][info][gc            ] GC(1030) Pause Young (Normal) (G1 Evacuation Pause) 446M->203M(512M) 3.540ms
[2026-06-18T01:40:35.933+0000][15152.693s][info][gc,cpu        ] GC(1030) User=0.02s Sys=0.00s Real=0.01s
[2026-06-18T01:40:37.097+0000][15153.858s][info][gc,start      ] GC(1031) Pause Young (Concurrent Start) (G1 Evacuation Pause)
[2026-06-18T01:40:37.097+0000][15153.858s][info][gc,task       ] GC(1031) Using 13 workers of 13 for evacuation
[2026-06-18T01:40:37.100+0000][15153.861s][info][gc,phases     ] GC(1031)   Pre Evacuate Collection Set: 0.3ms
[2026-06-18T01:40:37.100+0000][15153.861s][info][gc,phases     ] GC(1031)   Evacuate Collection Set: 1.8ms
[2026-06-18T01:40:37.100+0000][15153.861s][info][gc,phases     ] GC(1031)   Post Evacuate Collection Set: 0.3ms
[2026-06-18T01:40:37.100+0000][15153.861s][info][gc,phases     ] GC(1031)   Other: 0.4ms
[2026-06-18T01:40:37.100+0000][15153.861s][info][gc,heap       ] GC(1031) Eden regions: 240->0(243)
[2026-06-18T01:40:37.100+0000][15153.861s][info][gc,heap       ] GC(1031) Survivor regions: 10->7(32)
[2026-06-18T01:40:37.100+0000][15153.861s][info][gc,heap       ] GC(1031) Old regions: 48->48
[2026-06-18T01:40:37.100+0000][15153.861s][info][gc,heap       ] GC(1031) Humongous regions: 147->147
[2026-06-18T01:40:37.100+0000][15153.861s][info][gc,metaspace  ] GC(1031) Metaspace: 52886K(55808K)->52886K(55808K) NonClass: 46944K(48640K)->46944K(48640K) Class: 5942K(7168K)->5942K(7168K)
[2026-06-18T01:40:37.100+0000][15153.861s][info][gc            ] GC(1031) Pause Young (Concurrent Start) (G1 Evacuation Pause) 443M->200M(512M) 3.156ms
[2026-06-18T01:40:37.101+0000][15153.861s][info][gc,cpu        ] GC(1031) User=0.02s Sys=0.00s Real=0.00s
[2026-06-18T01:40:37.101+0000][15153.861s][info][gc            ] GC(1032) Concurrent Cycle
[2026-06-18T01:40:37.101+0000][15153.862s][info][gc,marking    ] GC(1032) Concurrent Clear Claimed Marks
[2026-06-18T01:40:37.101+0000][15153.862s][info][gc,marking    ] GC(1032) Concurrent Clear Claimed Marks 0.204ms
[2026-06-18T01:40:37.101+0000][15153.862s][info][gc,marking    ] GC(1032) Concurrent Scan Root Regions
[2026-06-18T01:40:37.102+0000][15153.863s][info][gc,marking    ] GC(1032) Concurrent Scan Root Regions 1.273ms
[2026-06-18T01:40:37.102+0000][15153.863s][info][gc,marking    ] GC(1032) Concurrent Mark (15153.863s)
[2026-06-18T01:40:37.103+0000][15153.863s][info][gc,marking    ] GC(1032) Concurrent Mark From Roots
[2026-06-18T01:40:37.103+0000][15153.863s][info][gc,task       ] GC(1032) Using 3 workers of 3 for marking
[2026-06-18T01:40:37.108+0000][15153.869s][info][gc,marking    ] GC(1032) Concurrent Mark From Roots 5.725ms
[2026-06-18T01:40:37.108+0000][15153.869s][info][gc,marking    ] GC(1032) Concurrent Preclean
[2026-06-18T01:40:37.109+0000][15153.869s][info][gc,marking    ] GC(1032) Concurrent Preclean 0.164ms
[2026-06-18T01:40:37.109+0000][15153.869s][info][gc,marking    ] GC(1032) Concurrent Mark (15153.863s, 15153.869s) 6.183ms
[2026-06-18T01:40:37.109+0000][15153.870s][info][gc,start      ] GC(1032) Pause Remark
[2026-06-18T01:40:37.111+0000][15153.872s][info][gc,stringtable] GC(1032) Cleaned string and symbol table, strings: 17447 processed, 0 removed, symbols: 125116 processed, 0 removed
[2026-06-18T01:40:37.112+0000][15153.872s][info][gc            ] GC(1032) Pause Remark 204M->204M(512M) 2.827ms
[2026-06-18T01:40:37.112+0000][15153.873s][info][gc,cpu        ] GC(1032) User=0.03s Sys=0.00s Real=0.00s
[2026-06-18T01:40:37.112+0000][15153.873s][info][gc,marking    ] GC(1032) Concurrent Rebuild Remembered Sets
[2026-06-18T01:40:37.116+0000][15153.877s][info][gc,marking    ] GC(1032) Concurrent Rebuild Remembered Sets 4.241ms
[2026-06-18T01:40:37.116+0000][15153.877s][info][gc,start      ] GC(1032) Pause Cleanup
[2026-06-18T01:40:37.117+0000][15153.877s][info][gc            ] GC(1032) Pause Cleanup 205M->205M(512M) 0.201ms
[2026-06-18T01:40:37.117+0000][15153.878s][info][gc,cpu        ] GC(1032) User=0.00s Sys=0.00s Real=0.00s
[2026-06-18T01:40:37.117+0000][15153.878s][info][gc,marking    ] GC(1032) Concurrent Cleanup for Next Mark
[2026-06-18T01:40:37.117+0000][15153.878s][info][gc,marking    ] GC(1032) Concurrent Cleanup for Next Mark 0.180ms
[2026-06-18T01:40:37.117+0000][15153.878s][info][gc            ] GC(1032) Concurrent Cycle 16.424ms
[2026-06-18T01:41:25.628+0000][15202.389s][info][gc,start      ] GC(1033) Pause Young (Prepare Mixed) (G1 Evacuation Pause)
[2026-06-18T01:41:25.629+0000][15202.389s][info][gc,task       ] GC(1033) Using 13 workers of 13 for evacuation
[2026-06-18T01:41:25.631+0000][15202.392s][info][gc,phases     ] GC(1033)   Pre Evacuate Collection Set: 0.0ms
[2026-06-18T01:41:25.631+0000][15202.392s][info][gc,phases     ] GC(1033)   Evacuate Collection Set: 2.0ms
[2026-06-18T01:41:25.631+0000][15202.392s][info][gc,phases     ] GC(1033)   Post Evacuate Collection Set: 0.3ms
[2026-06-18T01:41:25.631+0000][15202.392s][info][gc,phases     ] GC(1033)   Other: 0.3ms
[2026-06-18T01:41:25.631+0000][15202.392s][info][gc,heap       ] GC(1033) Eden regions: 243->0(15)
[2026-06-18T01:41:25.631+0000][15202.392s][info][gc,heap       ] GC(1033) Survivor regions: 7->10(32)
[2026-06-18T01:41:25.631+0000][15202.392s][info][gc,heap       ] GC(1033) Old regions: 48->48
[2026-06-18T01:41:25.631+0000][15202.392s][info][gc,heap       ] GC(1033) Humongous regions: 147->147
[2026-06-18T01:41:25.631+0000][15202.392s][info][gc,metaspace  ] GC(1033) Metaspace: 52887K(55808K)->52887K(55808K) NonClass: 46944K(48640K)->46944K(48640K) Class: 5942K(7168K)->5942K(7168K)
[2026-06-18T01:41:25.631+0000][15202.392s][info][gc            ] GC(1033) Pause Young (Prepare Mixed) (G1 Evacuation Pause) 443M->203M(512M) 3.004ms
[2026-06-18T01:41:25.631+0000][15202.392s][info][gc,cpu        ] GC(1033) User=0.03s Sys=0.00s Real=0.00s
[2026-06-18T01:41:25.724+0000][15202.484s][info][gc,start      ] GC(1034) Pause Young (Mixed) (G1 Evacuation Pause)
[2026-06-18T01:41:25.724+0000][15202.485s][info][gc,task       ] GC(1034) Using 13 workers of 13 for evacuation
[2026-06-18T01:41:25.729+0000][15202.489s][info][gc,phases     ] GC(1034)   Pre Evacuate Collection Set: 0.0ms
[2026-06-18T01:41:25.729+0000][15202.490s][info][gc,phases     ] GC(1034)   Evacuate Collection Set: 4.5ms
[2026-06-18T01:41:25.729+0000][15202.490s][info][gc,phases     ] GC(1034)   Post Evacuate Collection Set: 0.3ms
[2026-06-18T01:41:25.729+0000][15202.490s][info][gc,phases     ] GC(1034)   Other: 0.3ms
[2026-06-18T01:41:25.729+0000][15202.490s][info][gc,heap       ] GC(1034) Eden regions: 15->0(241)
[2026-06-18T01:41:25.729+0000][15202.490s][info][gc,heap       ] GC(1034) Survivor regions: 10->2(4)
[2026-06-18T01:41:25.729+0000][15202.490s][info][gc,heap       ] GC(1034) Old regions: 48->54
[2026-06-18T01:41:25.729+0000][15202.490s][info][gc,heap       ] GC(1034) Humongous regions: 147->147
[2026-06-18T01:41:25.729+0000][15202.490s][info][gc,metaspace  ] GC(1034) Metaspace: 52887K(55808K)->52887K(55808K) NonClass: 46944K(48640K)->46944K(48640K) Class: 5942K(7168K)->5942K(7168K)
[2026-06-18T01:41:25.729+0000][15202.490s][info][gc            ] GC(1034) Pause Young (Mixed) (G1 Evacuation Pause) 218M->202M(512M) 5.547ms
[2026-06-18T01:41:25.729+0000][15202.490s][info][gc,cpu        ] GC(1034) User=0.04s Sys=0.01s Real=0.00s
[2026-06-18T01:41:27.124+0000][15203.885s][info][gc,start      ] GC(1035) Pause Young (Normal) (G1 Evacuation Pause)
[2026-06-18T01:41:27.124+0000][15203.885s][info][gc,task       ] GC(1035) Using 13 workers of 13 for evacuation
[2026-06-18T01:41:27.126+0000][15203.887s][info][gc,phases     ] GC(1035)   Pre Evacuate Collection Set: 0.0ms
[2026-06-18T01:41:27.126+0000][15203.887s][info][gc,phases     ] GC(1035)   Evacuate Collection Set: 1.4ms
[2026-06-18T01:41:27.126+0000][15203.887s][info][gc,phases     ] GC(1035)   Post Evacuate Collection Set: 0.4ms
[2026-06-18T01:41:27.127+0000][15203.887s][info][gc,phases     ] GC(1035)   Other: 0.3ms
[2026-06-18T01:41:27.127+0000][15203.887s][info][gc,heap       ] GC(1035) Eden regions: 241->0(241)
[2026-06-18T01:41:27.127+0000][15203.887s][info][gc,heap       ] GC(1035) Survivor regions: 2->4(31)
[2026-06-18T01:41:27.127+0000][15203.887s][info][gc,heap       ] GC(1035) Old regions: 54->54
[2026-06-18T01:41:27.127+0000][15203.887s][info][gc,heap       ] GC(1035) Humongous regions: 147->147
[2026-06-18T01:41:27.127+0000][15203.887s][info][gc,metaspace  ] GC(1035) Metaspace: 52887K(55808K)->52887K(55808K) NonClass: 46944K(48640K)->46944K(48640K) Class: 5942K(7168K)->5942K(7168K)
[2026-06-18T01:41:27.127+0000][15203.887s][info][gc            ] GC(1035) Pause Young (Normal) (G1 Evacuation Pause) 443M->204M(512M) 2.653ms
[2026-06-18T01:41:27.127+0000][15203.888s][info][gc,cpu        ] GC(1035) User=0.02s Sys=0.00s Real=0.00s
[2026-06-18T01:41:28.346+0000][15205.107s][info][gc,start      ] GC(1036) Pause Young (Normal) (G1 Evacuation Pause)
[2026-06-18T01:41:28.346+0000][15205.107s][info][gc,task       ] GC(1036) Using 13 workers of 13 for evacuation
[2026-06-18T01:41:28.348+0000][15205.109s][info][gc,phases     ] GC(1036)   Pre Evacuate Collection Set: 0.0ms
[2026-06-18T01:41:28.348+0000][15205.109s][info][gc,phases     ] GC(1036)   Evacuate Collection Set: 1.6ms
[2026-06-18T01:41:28.348+0000][15205.109s][info][gc,phases     ] GC(1036)   Post Evacuate Collection Set: 0.3ms
[2026-06-18T01:41:28.348+0000][15205.109s][info][gc,phases     ] GC(1036)   Other: 0.3ms
[2026-06-18T01:41:28.348+0000][15205.109s][info][gc,heap       ] GC(1036) Eden regions: 241->0(235)
[2026-06-18T01:41:28.348+0000][15205.109s][info][gc,heap       ] GC(1036) Survivor regions: 4->8(31)
[2026-06-18T01:41:28.348+0000][15205.109s][info][gc,heap       ] GC(1036) Old regions: 54->54
[2026-06-18T01:41:28.349+0000][15205.109s][info][gc,heap       ] GC(1036) Humongous regions: 147->147
[2026-06-18T01:41:28.349+0000][15205.109s][info][gc,metaspace  ] GC(1036) Metaspace: 52887K(55808K)->52887K(55808K) NonClass: 46944K(48640K)->46944K(48640K) Class: 5942K(7168K)->5942K(7168K)
[2026-06-18T01:41:28.349+0000][15205.109s][info][gc            ] GC(1036) Pause Young (Normal) (G1 Evacuation Pause) 445M->208M(512M) 2.723ms
[2026-06-18T01:41:28.349+0000][15205.109s][info][gc,cpu        ] GC(1036) User=0.02s Sys=0.00s Real=0.00s
[2026-06-18T01:41:29.519+0000][15206.280s][info][gc,start      ] GC(1037) Pause Young (Concurrent Start) (G1 Evacuation Pause)
[2026-06-18T01:41:29.520+0000][15206.280s][info][gc,task       ] GC(1037) Using 13 workers of 13 for evacuation
[2026-06-18T01:41:29.522+0000][15206.283s][info][gc,phases     ] GC(1037)   Pre Evacuate Collection Set: 0.3ms
[2026-06-18T01:41:29.522+0000][15206.283s][info][gc,phases     ] GC(1037)   Evacuate Collection Set: 1.5ms
[2026-06-18T01:41:29.522+0000][15206.283s][info][gc,phases     ] GC(1037)   Post Evacuate Collection Set: 0.4ms
[2026-06-18T01:41:29.522+0000][15206.283s][info][gc,phases     ] GC(1037)   Other: 0.3ms
[2026-06-18T01:41:29.522+0000][15206.283s][info][gc,heap       ] GC(1037) Eden regions: 235->0(239)
[2026-06-18T01:41:29.522+0000][15206.283s][info][gc,heap       ] GC(1037) Survivor regions: 8->6(31)
[2026-06-18T01:41:29.522+0000][15206.283s][info][gc,heap       ] GC(1037) Old regions: 54->54
[2026-06-18T01:41:29.522+0000][15206.283s][info][gc,heap       ] GC(1037) Humongous regions: 147->147
[2026-06-18T01:41:29.523+0000][15206.283s][info][gc,metaspace  ] GC(1037) Metaspace: 52887K(55808K)->52887K(55808K) NonClass: 46944K(48640K)->46944K(48640K) Class: 5942K(7168K)->5942K(7168K)
[2026-06-18T01:41:29.523+0000][15206.283s][info][gc            ] GC(1037) Pause Young (Concurrent Start) (G1 Evacuation Pause) 443M->206M(512M) 3.111ms
[2026-06-18T01:41:29.523+0000][15206.283s][info][gc,cpu        ] GC(1037) User=0.01s Sys=0.00s Real=0.01s
[2026-06-18T01:41:29.523+0000][15206.283s][info][gc            ] GC(1038) Concurrent Cycle
[2026-06-18T01:41:29.523+0000][15206.283s][info][gc,marking    ] GC(1038) Concurrent Clear Claimed Marks
[2026-06-18T01:41:29.523+0000][15206.284s][info][gc,marking    ] GC(1038) Concurrent Clear Claimed Marks 0.298ms
[2026-06-18T01:41:29.523+0000][15206.284s][info][gc,marking    ] GC(1038) Concurrent Scan Root Regions
[2026-06-18T01:41:29.524+0000][15206.285s][info][gc,marking    ] GC(1038) Concurrent Scan Root Regions 1.058ms
[2026-06-18T01:41:29.524+0000][15206.285s][info][gc,marking    ] GC(1038) Concurrent Mark (15206.285s)
[2026-06-18T01:41:29.524+0000][15206.285s][info][gc,marking    ] GC(1038) Concurrent Mark From Roots
[2026-06-18T01:41:29.525+0000][15206.285s][info][gc,task       ] GC(1038) Using 3 workers of 3 for marking
[2026-06-18T01:41:29.530+0000][15206.291s][info][gc,marking    ] GC(1038) Concurrent Mark From Roots 5.509ms
[2026-06-18T01:41:29.530+0000][15206.291s][info][gc,marking    ] GC(1038) Concurrent Preclean
[2026-06-18T01:41:29.530+0000][15206.291s][info][gc,marking    ] GC(1038) Concurrent Preclean 0.244ms
[2026-06-18T01:41:29.531+0000][15206.291s][info][gc,marking    ] GC(1038) Concurrent Mark (15206.285s, 15206.291s) 6.137ms
[2026-06-18T01:41:29.531+0000][15206.291s][info][gc,start      ] GC(1038) Pause Remark
[2026-06-18T01:41:29.533+0000][15206.294s][info][gc,stringtable] GC(1038) Cleaned string and symbol table, strings: 17447 processed, 0 removed, symbols: 125116 processed, 0 removed
[2026-06-18T01:41:29.533+0000][15206.294s][info][gc            ] GC(1038) Pause Remark 210M->210M(512M) 2.711ms
[2026-06-18T01:41:29.534+0000][15206.294s][info][gc,cpu        ] GC(1038) User=0.03s Sys=0.00s Real=0.01s
[2026-06-18T01:41:29.534+0000][15206.294s][info][gc,marking    ] GC(1038) Concurrent Rebuild Remembered Sets
[2026-06-18T01:41:29.538+0000][15206.299s][info][gc,marking    ] GC(1038) Concurrent Rebuild Remembered Sets 4.669ms
[2026-06-18T01:41:29.539+0000][15206.299s][info][gc,start      ] GC(1038) Pause Cleanup
[2026-06-18T01:41:29.539+0000][15206.299s][info][gc            ] GC(1038) Pause Cleanup 210M->210M(512M) 0.193ms
[2026-06-18T01:41:29.539+0000][15206.300s][info][gc,cpu        ] GC(1038) User=0.00s Sys=0.00s Real=0.00s
[2026-06-18T01:41:29.539+0000][15206.300s][info][gc,marking    ] GC(1038) Concurrent Cleanup for Next Mark
[2026-06-18T01:41:29.539+0000][15206.300s][info][gc,marking    ] GC(1038) Concurrent Cleanup for Next Mark 0.155ms
[2026-06-18T01:41:29.539+0000][15206.300s][info][gc            ] GC(1038) Concurrent Cycle 16.519ms
[2026-06-18T01:42:18.280+0000][15254.985s][info][gc,start      ] GC(1039) Pause Young (Prepare Mixed) (G1 Evacuation Pause)
[2026-06-18T01:42:18.281+0000][15254.986s][info][gc,task       ] GC(1039) Using 13 workers of 13 for evacuation
[2026-06-18T01:42:18.285+0000][15254.990s][info][gc,phases     ] GC(1039)   Pre Evacuate Collection Set: 0.0ms
[2026-06-18T01:42:18.285+0000][15254.990s][info][gc,phases     ] GC(1039)   Evacuate Collection Set: 3.6ms
[2026-06-18T01:42:18.285+0000][15254.990s][info][gc,phases     ] GC(1039)   Post Evacuate Collection Set: 0.3ms
[2026-06-18T01:42:18.285+0000][15254.990s][info][gc,phases     ] GC(1039)   Other: 0.4ms
[2026-06-18T01:42:18.285+0000][15254.990s][info][gc,heap       ] GC(1039) Eden regions: 239->0(16)
[2026-06-18T01:42:18.285+0000][15254.990s][info][gc,heap       ] GC(1039) Survivor regions: 6->9(31)
[2026-06-18T01:42:18.285+0000][15254.990s][info][gc,heap       ] GC(1039) Old regions: 54->54
[2026-06-18T01:42:18.285+0000][15254.990s][info][gc,heap       ] GC(1039) Humongous regions: 147->147
[2026-06-18T01:42:18.285+0000][15254.990s][info][gc,metaspace  ] GC(1039) Metaspace: 52887K(55808K)->52887K(55808K) NonClass: 46945K(48640K)->46945K(48640K) Class: 5942K(7168K)->5942K(7168K)
[2026-06-18T01:42:18.285+0000][15254.990s][info][gc            ] GC(1039) Pause Young (Prepare Mixed) (G1 Evacuation Pause) 445M->209M(512M) 4.716ms
[2026-06-18T01:42:18.285+0000][15254.990s][info][gc,cpu        ] GC(1039) User=0.04s Sys=0.00s Real=0.00s
[2026-06-18T01:42:18.384+0000][15255.089s][info][gc,start      ] GC(1040) Pause Young (Mixed) (G1 Evacuation Pause)
[2026-06-18T01:42:18.384+0000][15255.089s][info][gc,task       ] GC(1040) Using 13 workers of 13 for evacuation
[2026-06-18T01:42:18.389+0000][15255.094s][info][gc,phases     ] GC(1040)   Pre Evacuate Collection Set: 0.0ms
[2026-06-18T01:42:18.389+0000][15255.094s][info][gc,phases     ] GC(1040)   Evacuate Collection Set: 4.5ms
[2026-06-18T01:42:18.389+0000][15255.094s][info][gc,phases     ] GC(1040)   Post Evacuate Collection Set: 0.4ms
[2026-06-18T01:42:18.389+0000][15255.094s][info][gc,phases     ] GC(1040)   Other: 0.3ms
[2026-06-18T01:42:18.389+0000][15255.094s][info][gc,heap       ] GC(1040) Eden regions: 16->0(242)
[2026-06-18T01:42:18.390+0000][15255.094s][info][gc,heap       ] GC(1040) Survivor regions: 9->2(4)
[2026-06-18T01:42:18.390+0000][15255.095s][info][gc,heap       ] GC(1040) Old regions: 54->53
[2026-06-18T01:42:18.390+0000][15255.095s][info][gc,heap       ] GC(1040) Humongous regions: 147->147
[2026-06-18T01:42:18.390+0000][15255.095s][info][gc,metaspace  ] GC(1040) Metaspace: 52887K(55808K)->52887K(55808K) NonClass: 46945K(48640K)->46945K(48640K) Class: 5942K(7168K)->5942K(7168K)
[2026-06-18T01:42:18.390+0000][15255.095s][info][gc            ] GC(1040) Pause Young (Mixed) (G1 Evacuation Pause) 225M->201M(512M) 5.759ms
[2026-06-18T01:42:18.390+0000][15255.095s][info][gc,cpu        ] GC(1040) User=0.03s Sys=0.00s Real=0.01s
[2026-06-18T01:42:19.702+0000][15256.407s][info][gc,start      ] GC(1041) Pause Young (Normal) (G1 Evacuation Pause)
[2026-06-18T01:42:19.703+0000][15256.408s][info][gc,task       ] GC(1041) Using 13 workers of 13 for evacuation
[2026-06-18T01:42:19.711+0000][15256.416s][info][gc,phases     ] GC(1041)   Pre Evacuate Collection Set: 0.0ms
[2026-06-18T01:42:19.711+0000][15256.416s][info][gc,phases     ] GC(1041)   Evacuate Collection Set: 7.8ms
[2026-06-18T01:42:19.711+0000][15256.416s][info][gc,phases     ] GC(1041)   Post Evacuate Collection Set: 0.4ms
[2026-06-18T01:42:19.711+0000][15256.416s][info][gc,phases     ] GC(1041)   Other: 0.4ms
[2026-06-18T01:42:19.711+0000][15256.416s][info][gc,heap       ] GC(1041) Eden regions: 242->0(242)
[2026-06-18T01:42:19.711+0000][15256.416s][info][gc,heap       ] GC(1041) Survivor regions: 2->4(31)
[2026-06-18T01:42:19.711+0000][15256.416s][info][gc,heap       ] GC(1041) Old regions: 53->53
[2026-06-18T01:42:19.711+0000][15256.416s][info][gc,heap       ] GC(1041) Humongous regions: 147->147
[2026-06-18T01:42:19.711+0000][15256.416s][info][gc,metaspace  ] GC(1041) Metaspace: 52887K(55808K)->52887K(55808K) NonClass: 46945K(48640K)->46945K(48640K) Class: 5942K(7168K)->5942K(7168K)
[2026-06-18T01:42:19.711+0000][15256.416s][info][gc            ] GC(1041) Pause Young (Normal) (G1 Evacuation Pause) 443M->203M(512M) 9.036ms
[2026-06-18T01:42:19.712+0000][15256.417s][info][gc,cpu        ] GC(1041) User=0.08s Sys=0.00s Real=0.01s
[2026-06-18T01:42:20.944+0000][15257.649s][info][gc,start      ] GC(1042) Pause Young (Normal) (G1 Evacuation Pause)
[2026-06-18T01:42:20.945+0000][15257.650s][info][gc,task       ] GC(1042) Using 13 workers of 13 for evacuation
[2026-06-18T01:42:20.947+0000][15257.652s][info][gc,phases     ] GC(1042)   Pre Evacuate Collection Set: 0.0ms
[2026-06-18T01:42:20.947+0000][15257.652s][info][gc,phases     ] GC(1042)   Evacuate Collection Set: 1.5ms
[2026-06-18T01:42:20.947+0000][15257.652s][info][gc,phases     ] GC(1042)   Post Evacuate Collection Set: 0.3ms
[2026-06-18T01:42:20.947+0000][15257.652s][info][gc,phases     ] GC(1042)   Other: 0.3ms
[2026-06-18T01:42:20.947+0000][15257.652s][info][gc,heap       ] GC(1042) Eden regions: 242->0(237)
[2026-06-18T01:42:20.947+0000][15257.652s][info][gc,heap       ] GC(1042) Survivor regions: 4->8(31)
[2026-06-18T01:42:20.947+0000][15257.652s][info][gc,heap       ] GC(1042) Old regions: 53->53
[2026-06-18T01:42:20.947+0000][15257.652s][info][gc,heap       ] GC(1042) Humongous regions: 147->147
[2026-06-18T01:42:20.947+0000][15257.652s][info][gc,metaspace  ] GC(1042) Metaspace: 52887K(55808K)->52887K(55808K) NonClass: 46945K(48640K)->46945K(48640K) Class: 5942K(7168K)->5942K(7168K)
[2026-06-18T01:42:20.947+0000][15257.652s][info][gc            ] GC(1042) Pause Young (Normal) (G1 Evacuation Pause) 445M->207M(512M) 2.655ms
[2026-06-18T01:42:20.947+0000][15257.652s][info][gc,cpu        ] GC(1042) User=0.02s Sys=0.00s Real=0.00s
[2026-06-18T01:42:44.235+0000][15280.940s][info][gc,start      ] GC(1043) Pause Young (Concurrent Start) (G1 Evacuation Pause)
[2026-06-18T01:42:44.236+0000][15280.941s][info][gc,task       ] GC(1043) Using 13 workers of 13 for evacuation
[2026-06-18T01:42:44.247+0000][15280.952s][info][gc,phases     ] GC(1043)   Pre Evacuate Collection Set: 0.5ms
[2026-06-18T01:42:44.248+0000][15280.952s][info][gc,phases     ] GC(1043)   Evacuate Collection Set: 10.1ms
[2026-06-18T01:42:44.248+0000][15280.952s][info][gc,phases     ] GC(1043)   Post Evacuate Collection Set: 0.4ms
[2026-06-18T01:42:44.248+0000][15280.953s][info][gc,phases     ] GC(1043)   Other: 1.2ms
[2026-06-18T01:42:44.248+0000][15280.953s][info][gc,heap       ] GC(1043) Eden regions: 237->0(242)
[2026-06-18T01:42:44.248+0000][15280.953s][info][gc,heap       ] GC(1043) Survivor regions: 8->4(31)
[2026-06-18T01:42:44.248+0000][15280.953s][info][gc,heap       ] GC(1043) Old regions: 53->53
[2026-06-18T01:42:44.248+0000][15280.953s][info][gc,heap       ] GC(1043) Humongous regions: 147->147
[2026-06-18T01:42:44.248+0000][15280.953s][info][gc,metaspace  ] GC(1043) Metaspace: 52888K(55808K)->52888K(55808K) NonClass: 46945K(48640K)->46945K(48640K) Class: 5942K(7168K)->5942K(7168K)
[2026-06-18T01:42:44.248+0000][15280.953s][info][gc            ] GC(1043) Pause Young (Concurrent Start) (G1 Evacuation Pause) 444M->203M(512M) 12.639ms
[2026-06-18T01:42:44.248+0000][15280.953s][info][gc,cpu        ] GC(1043) User=0.05s Sys=0.01s Real=0.01s
[2026-06-18T01:42:44.248+0000][15280.953s][info][gc            ] GC(1044) Concurrent Cycle
[2026-06-18T01:42:44.248+0000][15280.953s][info][gc,marking    ] GC(1044) Concurrent Clear Claimed Marks
[2026-06-18T01:42:44.249+0000][15280.953s][info][gc,marking    ] GC(1044) Concurrent Clear Claimed Marks 0.186ms
[2026-06-18T01:42:44.249+0000][15280.953s][info][gc,marking    ] GC(1044) Concurrent Scan Root Regions
[2026-06-18T01:42:44.250+0000][15280.954s][info][gc,marking    ] GC(1044) Concurrent Scan Root Regions 0.989ms
[2026-06-18T01:42:44.250+0000][15280.955s][info][gc,marking    ] GC(1044) Concurrent Mark (15280.955s)
[2026-06-18T01:42:44.250+0000][15280.955s][info][gc,marking    ] GC(1044) Concurrent Mark From Roots
[2026-06-18T01:42:44.250+0000][15280.955s][info][gc,task       ] GC(1044) Using 3 workers of 3 for marking
[2026-06-18T01:42:44.257+0000][15280.962s][info][gc,marking    ] GC(1044) Concurrent Mark From Roots 7.030ms
[2026-06-18T01:42:44.257+0000][15280.962s][info][gc,marking    ] GC(1044) Concurrent Preclean
[2026-06-18T01:42:44.257+0000][15280.962s][info][gc,marking    ] GC(1044) Concurrent Preclean 0.243ms
[2026-06-18T01:42:44.257+0000][15280.962s][info][gc,marking    ] GC(1044) Concurrent Mark (15280.955s, 15280.962s) 7.572ms
[2026-06-18T01:42:44.258+0000][15280.962s][info][gc,start      ] GC(1044) Pause Remark
[2026-06-18T01:42:44.261+0000][15280.965s][info][gc,stringtable] GC(1044) Cleaned string and symbol table, strings: 17456 processed, 0 removed, symbols: 125116 processed, 0 removed
[2026-06-18T01:42:44.261+0000][15280.966s][info][gc            ] GC(1044) Pause Remark 205M->201M(512M) 3.704ms
[2026-06-18T01:42:44.261+0000][15280.966s][info][gc,cpu        ] GC(1044) User=0.03s Sys=0.00s Real=0.01s
[2026-06-18T01:42:44.262+0000][15280.966s][info][gc,marking    ] GC(1044) Concurrent Rebuild Remembered Sets
[2026-06-18T01:42:44.267+0000][15280.972s][info][gc,marking    ] GC(1044) Concurrent Rebuild Remembered Sets 5.380ms
[2026-06-18T01:42:44.267+0000][15280.972s][info][gc,start      ] GC(1044) Pause Cleanup
[2026-06-18T01:42:44.268+0000][15280.972s][info][gc            ] GC(1044) Pause Cleanup 201M->201M(512M) 0.233ms
[2026-06-18T01:42:44.268+0000][15280.973s][info][gc,cpu        ] GC(1044) User=0.00s Sys=0.00s Real=0.00s
[2026-06-18T01:42:44.268+0000][15280.973s][info][gc,marking    ] GC(1044) Concurrent Cleanup for Next Mark
[2026-06-18T01:42:44.268+0000][15280.973s][info][gc,marking    ] GC(1044) Concurrent Cleanup for Next Mark 0.158ms
[2026-06-18T01:42:44.268+0000][15280.973s][info][gc            ] GC(1044) Concurrent Cycle 19.757ms
[2026-06-18T01:43:10.730+0000][15307.434s][info][gc,start      ] GC(1045) Pause Young (Prepare Mixed) (G1 Evacuation Pause)
[2026-06-18T01:43:10.730+0000][15307.434s][info][gc,task       ] GC(1045) Using 13 workers of 13 for evacuation
[2026-06-18T01:43:10.733+0000][15307.437s][info][gc,phases     ] GC(1045)   Pre Evacuate Collection Set: 0.0ms
[2026-06-18T01:43:10.733+0000][15307.437s][info][gc,phases     ] GC(1045)   Evacuate Collection Set: 1.8ms
[2026-06-18T01:43:10.733+0000][15307.437s][info][gc,phases     ] GC(1045)   Post Evacuate Collection Set: 0.3ms
[2026-06-18T01:43:10.733+0000][15307.437s][info][gc,phases     ] GC(1045)   Other: 0.3ms
[2026-06-18T01:43:10.733+0000][15307.437s][info][gc,heap       ] GC(1045) Eden regions: 242->0(18)
[2026-06-18T01:43:10.733+0000][15307.437s][info][gc,heap       ] GC(1045) Survivor regions: 4->7(31)
[2026-06-18T01:43:10.733+0000][15307.437s][info][gc,heap       ] GC(1045) Old regions: 49->49
[2026-06-18T01:43:10.733+0000][15307.437s][info][gc,heap       ] GC(1045) Humongous regions: 147->147
[2026-06-18T01:43:10.733+0000][15307.437s][info][gc,metaspace  ] GC(1045) Metaspace: 52888K(55808K)->52888K(55808K) NonClass: 46945K(48640K)->46945K(48640K) Class: 5942K(7168K)->5942K(7168K)
[2026-06-18T01:43:10.733+0000][15307.437s][info][gc            ] GC(1045) Pause Young (Prepare Mixed) (G1 Evacuation Pause) 441M->202M(512M) 2.923ms
[2026-06-18T01:43:10.733+0000][15307.437s][info][gc,cpu        ] GC(1045) User=0.02s Sys=0.00s Real=0.00s
[2026-06-18T01:43:10.837+0000][15307.541s][info][gc,start      ] GC(1046) Pause Young (Mixed) (G1 Evacuation Pause)
[2026-06-18T01:43:10.837+0000][15307.541s][info][gc,task       ] GC(1046) Using 13 workers of 13 for evacuation
[2026-06-18T01:43:10.841+0000][15307.545s][info][gc,phases     ] GC(1046)   Pre Evacuate Collection Set: 0.0ms
[2026-06-18T01:43:10.841+0000][15307.545s][info][gc,phases     ] GC(1046)   Evacuate Collection Set: 3.4ms
[2026-06-18T01:43:10.841+0000][15307.545s][info][gc,phases     ] GC(1046)   Post Evacuate Collection Set: 0.3ms
[2026-06-18T01:43:10.841+0000][15307.545s][info][gc,phases     ] GC(1046)   Other: 0.3ms
[2026-06-18T01:43:10.841+0000][15307.545s][info][gc,heap       ] GC(1046) Eden regions: 18->0(243)
[2026-06-18T01:43:10.841+0000][15307.545s][info][gc,heap       ] GC(1046) Survivor regions: 7->2(4)
[2026-06-18T01:43:10.841+0000][15307.545s][info][gc,heap       ] GC(1046) Old regions: 49->52
[2026-06-18T01:43:10.841+0000][15307.545s][info][gc,heap       ] GC(1046) Humongous regions: 147->147
[2026-06-18T01:43:10.841+0000][15307.545s][info][gc,metaspace  ] GC(1046) Metaspace: 52888K(55808K)->52888K(55808K) NonClass: 46945K(48640K)->46945K(48640K) Class: 5942K(7168K)->5942K(7168K)
[2026-06-18T01:43:10.841+0000][15307.545s][info][gc            ] GC(1046) Pause Young (Mixed) (G1 Evacuation Pause) 220M->200M(512M) 4.215ms
[2026-06-18T01:43:10.841+0000][15307.545s][info][gc,cpu        ] GC(1046) User=0.03s Sys=0.00s Real=0.01s
[2026-06-18T01:43:12.177+0000][15308.881s][info][gc,start      ] GC(1047) Pause Young (Normal) (G1 Evacuation Pause)
[2026-06-18T01:43:12.177+0000][15308.881s][info][gc,task       ] GC(1047) Using 13 workers of 13 for evacuation
[2026-06-18T01:43:12.180+0000][15308.884s][info][gc,phases     ] GC(1047)   Pre Evacuate Collection Set: 0.0ms
[2026-06-18T01:43:12.180+0000][15308.884s][info][gc,phases     ] GC(1047)   Evacuate Collection Set: 2.3ms
[2026-06-18T01:43:12.180+0000][15308.884s][info][gc,phases     ] GC(1047)   Post Evacuate Collection Set: 0.3ms
[2026-06-18T01:43:12.180+0000][15308.884s][info][gc,phases     ] GC(1047)   Other: 0.4ms
[2026-06-18T01:43:12.180+0000][15308.884s][info][gc,heap       ] GC(1047) Eden regions: 243->0(234)
[2026-06-18T01:43:12.180+0000][15308.884s][info][gc,heap       ] GC(1047) Survivor regions: 2->9(31)
[2026-06-18T01:43:12.180+0000][15308.884s][info][gc,heap       ] GC(1047) Old regions: 52->52
[2026-06-18T01:43:12.180+0000][15308.884s][info][gc,heap       ] GC(1047) Humongous regions: 147->147
[2026-06-18T01:43:12.180+0000][15308.884s][info][gc,metaspace  ] GC(1047) Metaspace: 52888K(55808K)->52888K(55808K) NonClass: 46945K(48640K)->46945K(48640K) Class: 5942K(7168K)->5942K(7168K)
[2026-06-18T01:43:12.180+0000][15308.884s][info][gc            ] GC(1047) Pause Young (Normal) (G1 Evacuation Pause) 443M->207M(512M) 3.444ms
[2026-06-18T01:43:12.180+0000][15308.884s][info][gc,cpu        ] GC(1047) User=0.02s Sys=0.00s Real=0.01s
[2026-06-18T01:43:13.308+0000][15310.012s][info][gc,start      ] GC(1048) Pause Young (Normal) (G1 Evacuation Pause)
[2026-06-18T01:43:13.308+0000][15310.012s][info][gc,task       ] GC(1048) Using 13 workers of 13 for evacuation
[2026-06-18T01:43:13.310+0000][15310.014s][info][gc,phases     ] GC(1048)   Pre Evacuate Collection Set: 0.0ms
[2026-06-18T01:43:13.310+0000][15310.014s][info][gc,phases     ] GC(1048)   Evacuate Collection Set: 1.6ms
[2026-06-18T01:43:13.310+0000][15310.014s][info][gc,phases     ] GC(1048)   Post Evacuate Collection Set: 0.3ms
[2026-06-18T01:43:13.310+0000][15310.014s][info][gc,phases     ] GC(1048)   Other: 0.3ms
[2026-06-18T01:43:13.310+0000][15310.014s][info][gc,heap       ] GC(1048) Eden regions: 234->0(240)
[2026-06-18T01:43:13.310+0000][15310.014s][info][gc,heap       ] GC(1048) Survivor regions: 9->5(31)
[2026-06-18T01:43:13.310+0000][15310.014s][info][gc,heap       ] GC(1048) Old regions: 52->52
[2026-06-18T01:43:13.310+0000][15310.014s][info][gc,heap       ] GC(1048) Humongous regions: 147->147
[2026-06-18T01:43:13.311+0000][15310.014s][info][gc,metaspace  ] GC(1048) Metaspace: 52888K(55808K)->52888K(55808K) NonClass: 46945K(48640K)->46945K(48640K) Class: 5942K(7168K)->5942K(7168K)
[2026-06-18T01:43:13.311+0000][15310.015s][info][gc            ] GC(1048) Pause Young (Normal) (G1 Evacuation Pause) 441M->203M(512M) 2.863ms
[2026-06-18T01:43:13.311+0000][15310.015s][info][gc,cpu        ] GC(1048) User=0.02s Sys=0.00s Real=0.01s
[2026-06-18T01:44:01.745+0000][15358.449s][info][gc,start      ] GC(1049) Pause Young (Concurrent Start) (G1 Evacuation Pause)
[2026-06-18T01:44:01.745+0000][15358.449s][info][gc,task       ] GC(1049) Using 13 workers of 13 for evacuation
[2026-06-18T01:44:01.749+0000][15358.452s][info][gc,phases     ] GC(1049)   Pre Evacuate Collection Set: 0.4ms
[2026-06-18T01:44:01.749+0000][15358.452s][info][gc,phases     ] GC(1049)   Evacuate Collection Set: 2.2ms
[2026-06-18T01:44:01.749+0000][15358.452s][info][gc,phases     ] GC(1049)   Post Evacuate Collection Set: 0.4ms
[2026-06-18T01:44:01.749+0000][15358.452s][info][gc,phases     ] GC(1049)   Other: 0.3ms
[2026-06-18T01:44:01.749+0000][15358.452s][info][gc,heap       ] GC(1049) Eden regions: 240->0(237)
[2026-06-18T01:44:01.749+0000][15358.452s][info][gc,heap       ] GC(1049) Survivor regions: 5->8(31)
[2026-06-18T01:44:01.749+0000][15358.452s][info][gc,heap       ] GC(1049) Old regions: 52->52
[2026-06-18T01:44:01.749+0000][15358.453s][info][gc,heap       ] GC(1049) Humongous regions: 147->147
[2026-06-18T01:44:01.749+0000][15358.453s][info][gc,metaspace  ] GC(1049) Metaspace: 52901K(55808K)->52901K(55808K) NonClass: 46958K(48640K)->46958K(48640K) Class: 5942K(7168K)->5942K(7168K)
[2026-06-18T01:44:01.749+0000][15358.453s][info][gc            ] GC(1049) Pause Young (Concurrent Start) (G1 Evacuation Pause) 443M->206M(512M) 3.827ms
[2026-06-18T01:44:01.749+0000][15358.453s][info][gc,cpu        ] GC(1049) User=0.02s Sys=0.00s Real=0.00s
[2026-06-18T01:44:01.749+0000][15358.453s][info][gc            ] GC(1050) Concurrent Cycle
[2026-06-18T01:44:01.749+0000][15358.453s][info][gc,marking    ] GC(1050) Concurrent Clear Claimed Marks
[2026-06-18T01:44:01.750+0000][15358.453s][info][gc,marking    ] GC(1050) Concurrent Clear Claimed Marks 0.270ms
[2026-06-18T01:44:01.750+0000][15358.453s][info][gc,marking    ] GC(1050) Concurrent Scan Root Regions
[2026-06-18T01:44:01.751+0000][15358.455s][info][gc,marking    ] GC(1050) Concurrent Scan Root Regions 1.449ms
[2026-06-18T01:44:01.751+0000][15358.455s][info][gc,marking    ] GC(1050) Concurrent Mark (15358.455s)
[2026-06-18T01:44:01.751+0000][15358.455s][info][gc,marking    ] GC(1050) Concurrent Mark From Roots
[2026-06-18T01:44:01.752+0000][15358.455s][info][gc,task       ] GC(1050) Using 3 workers of 3 for marking
[2026-06-18T01:44:01.757+0000][15358.460s][info][gc,marking    ] GC(1050) Concurrent Mark From Roots 5.288ms
[2026-06-18T01:44:01.757+0000][15358.460s][info][gc,marking    ] GC(1050) Concurrent Preclean
[2026-06-18T01:44:01.757+0000][15358.460s][info][gc,marking    ] GC(1050) Concurrent Preclean 0.172ms
[2026-06-18T01:44:01.757+0000][15358.461s][info][gc,marking    ] GC(1050) Concurrent Mark (15358.455s, 15358.461s) 5.722ms
[2026-06-18T01:44:01.757+0000][15358.461s][info][gc,start      ] GC(1050) Pause Remark
[2026-06-18T01:44:01.760+0000][15358.464s][info][gc,stringtable] GC(1050) Cleaned string and symbol table, strings: 17456 processed, 0 removed, symbols: 125116 processed, 0 removed
[2026-06-18T01:44:01.761+0000][15358.464s][info][gc            ] GC(1050) Pause Remark 209M->209M(512M) 3.210ms
[2026-06-18T01:44:01.761+0000][15358.464s][info][gc,cpu        ] GC(1050) User=0.03s Sys=0.00s Real=0.01s
[2026-06-18T01:44:01.761+0000][15358.464s][info][gc,marking    ] GC(1050) Concurrent Rebuild Remembered Sets
[2026-06-18T01:44:01.766+0000][15358.469s][info][gc,marking    ] GC(1050) Concurrent Rebuild Remembered Sets 4.972ms
[2026-06-18T01:44:01.766+0000][15358.469s][info][gc,start      ] GC(1050) Pause Cleanup
[2026-06-18T01:44:01.766+0000][15358.470s][info][gc            ] GC(1050) Pause Cleanup 210M->210M(512M) 0.202ms
[2026-06-18T01:44:01.766+0000][15358.470s][info][gc,cpu        ] GC(1050) User=0.00s Sys=0.00s Real=0.00s
[2026-06-18T01:44:01.766+0000][15358.470s][info][gc,marking    ] GC(1050) Concurrent Cleanup for Next Mark
[2026-06-18T01:44:01.767+0000][15358.470s][info][gc,marking    ] GC(1050) Concurrent Cleanup for Next Mark 0.163ms
[2026-06-18T01:44:01.767+0000][15358.470s][info][gc            ] GC(1050) Concurrent Cycle 17.344ms
[2026-06-18T01:44:03.156+0000][15359.859s][info][gc,start      ] GC(1051) Pause Young (Prepare Mixed) (G1 Evacuation Pause)
[2026-06-18T01:44:03.156+0000][15359.859s][info][gc,task       ] GC(1051) Using 13 workers of 13 for evacuation
[2026-06-18T01:44:03.158+0000][15359.862s][info][gc,phases     ] GC(1051)   Pre Evacuate Collection Set: 0.0ms
[2026-06-18T01:44:03.158+0000][15359.862s][info][gc,phases     ] GC(1051)   Evacuate Collection Set: 1.7ms
[2026-06-18T01:44:03.158+0000][15359.862s][info][gc,phases     ] GC(1051)   Post Evacuate Collection Set: 0.3ms
[2026-06-18T01:44:03.158+0000][15359.862s][info][gc,phases     ] GC(1051)   Other: 0.3ms
[2026-06-18T01:44:03.158+0000][15359.862s][info][gc,heap       ] GC(1051) Eden regions: 237->0(21)
[2026-06-18T01:44:03.159+0000][15359.862s][info][gc,heap       ] GC(1051) Survivor regions: 8->4(31)
[2026-06-18T01:44:03.159+0000][15359.862s][info][gc,heap       ] GC(1051) Old regions: 52->52
[2026-06-18T01:44:03.159+0000][15359.862s][info][gc,heap       ] GC(1051) Humongous regions: 147->147
[2026-06-18T01:44:03.159+0000][15359.862s][info][gc,metaspace  ] GC(1051) Metaspace: 52901K(55808K)->52901K(55808K) NonClass: 46958K(48640K)->46958K(48640K) Class: 5942K(7168K)->5942K(7168K)
[2026-06-18T01:44:03.159+0000][15359.862s][info][gc            ] GC(1051) Pause Young (Prepare Mixed) (G1 Evacuation Pause) 443M->202M(512M) 2.872ms
[2026-06-18T01:44:03.159+0000][15359.862s][info][gc,cpu        ] GC(1051) User=0.01s Sys=0.00s Real=0.00s
[2026-06-18T01:44:03.268+0000][15359.972s][info][gc,start      ] GC(1052) Pause Young (Mixed) (G1 Evacuation Pause)
[2026-06-18T01:44:03.268+0000][15359.972s][info][gc,task       ] GC(1052) Using 13 workers of 13 for evacuation
[2026-06-18T01:44:03.270+0000][15359.974s][info][gc,phases     ] GC(1052)   Pre Evacuate Collection Set: 0.0ms
[2026-06-18T01:44:03.270+0000][15359.974s][info][gc,phases     ] GC(1052)   Evacuate Collection Set: 1.5ms
[2026-06-18T01:44:03.271+0000][15359.974s][info][gc,phases     ] GC(1052)   Post Evacuate Collection Set: 0.4ms
[2026-06-18T01:44:03.271+0000][15359.974s][info][gc,phases     ] GC(1052)   Other: 0.4ms
[2026-06-18T01:44:03.271+0000][15359.974s][info][gc,heap       ] GC(1052) Eden regions: 21->0(247)
[2026-06-18T01:44:03.271+0000][15359.974s][info][gc,heap       ] GC(1052) Survivor regions: 4->3(4)
[2026-06-18T01:44:03.271+0000][15359.974s][info][gc,heap       ] GC(1052) Old regions: 52->47
[2026-06-18T01:44:03.271+0000][15359.974s][info][gc,heap       ] GC(1052) Humongous regions: 147->147
[2026-06-18T01:44:03.271+0000][15359.974s][info][gc,metaspace  ] GC(1052) Metaspace: 52901K(55808K)->52901K(55808K) NonClass: 46958K(48640K)->46958K(48640K) Class: 5942K(7168K)->5942K(7168K)
[2026-06-18T01:44:03.271+0000][15359.974s][info][gc            ] GC(1052) Pause Young (Mixed) (G1 Evacuation Pause) 223M->196M(512M) 2.731ms
[2026-06-18T01:44:03.271+0000][15359.974s][info][gc,cpu        ] GC(1052) User=0.01s Sys=0.00s Real=0.01s
[2026-06-18T01:44:04.563+0000][15361.267s][info][gc,start      ] GC(1053) Pause Young (Normal) (G1 Evacuation Pause)
[2026-06-18T01:44:04.563+0000][15361.267s][info][gc,task       ] GC(1053) Using 13 workers of 13 for evacuation
[2026-06-18T01:44:04.566+0000][15361.270s][info][gc,phases     ] GC(1053)   Pre Evacuate Collection Set: 0.0ms
[2026-06-18T01:44:04.566+0000][15361.270s][info][gc,phases     ] GC(1053)   Evacuate Collection Set: 2.3ms
[2026-06-18T01:44:04.566+0000][15361.270s][info][gc,phases     ] GC(1053)   Post Evacuate Collection Set: 0.4ms
[2026-06-18T01:44:04.566+0000][15361.270s][info][gc,phases     ] GC(1053)   Other: 0.3ms
[2026-06-18T01:44:04.566+0000][15361.270s][info][gc,heap       ] GC(1053) Eden regions: 247->0(242)
[2026-06-18T01:44:04.567+0000][15361.270s][info][gc,heap       ] GC(1053) Survivor regions: 3->8(32)
[2026-06-18T01:44:04.567+0000][15361.270s][info][gc,heap       ] GC(1053) Old regions: 47->47
[2026-06-18T01:44:04.567+0000][15361.270s][info][gc,heap       ] GC(1053) Humongous regions: 147->147
[2026-06-18T01:44:04.567+0000][15361.270s][info][gc,metaspace  ] GC(1053) Metaspace: 52907K(55808K)->52907K(55808K) NonClass: 46964K(48640K)->46964K(48640K) Class: 5942K(7168K)->5942K(7168K)
[2026-06-18T01:44:04.567+0000][15361.270s][info][gc            ] GC(1053) Pause Young (Normal) (G1 Evacuation Pause) 443M->200M(512M) 3.394ms
[2026-06-18T01:44:04.567+0000][15361.270s][info][gc,cpu        ] GC(1053) User=0.02s Sys=0.00s Real=0.00s
[2026-06-18T01:44:05.763+0000][15362.467s][info][gc,start      ] GC(1054) Pause Young (Normal) (G1 Evacuation Pause)
[2026-06-18T01:44:05.764+0000][15362.467s][info][gc,task       ] GC(1054) Using 13 workers of 13 for evacuation
[2026-06-18T01:44:05.766+0000][15362.470s][info][gc,phases     ] GC(1054)   Pre Evacuate Collection Set: 0.0ms
[2026-06-18T01:44:05.767+0000][15362.470s][info][gc,phases     ] GC(1054)   Evacuate Collection Set: 2.3ms
[2026-06-18T01:44:05.767+0000][15362.470s][info][gc,phases     ] GC(1054)   Post Evacuate Collection Set: 0.4ms
[2026-06-18T01:44:05.767+0000][15362.470s][info][gc,phases     ] GC(1054)   Other: 0.3ms
[2026-06-18T01:44:05.767+0000][15362.470s][info][gc,heap       ] GC(1054) Eden regions: 242->0(248)
[2026-06-18T01:44:05.767+0000][15362.470s][info][gc,heap       ] GC(1054) Survivor regions: 8->3(32)
[2026-06-18T01:44:05.767+0000][15362.470s][info][gc,heap       ] GC(1054) Old regions: 47->47
[2026-06-18T01:44:05.767+0000][15362.471s][info][gc,heap       ] GC(1054) Humongous regions: 147->147
[2026-06-18T01:44:05.767+0000][15362.471s][info][gc,metaspace  ] GC(1054) Metaspace: 52907K(55808K)->52907K(55808K) NonClass: 46964K(48640K)->46964K(48640K) Class: 5942K(7168K)->5942K(7168K)
[2026-06-18T01:44:05.767+0000][15362.471s][info][gc            ] GC(1054) Pause Young (Normal) (G1 Evacuation Pause) 442M->196M(512M) 3.848ms
[2026-06-18T01:44:05.767+0000][15362.471s][info][gc,cpu        ] GC(1054) User=0.02s Sys=0.00s Real=0.00s
[2026-06-18T01:44:54.334+0000][15411.037s][info][gc,start      ] GC(1055) Pause Young (Concurrent Start) (G1 Evacuation Pause)
[2026-06-18T01:44:54.334+0000][15411.037s][info][gc,task       ] GC(1055) Using 13 workers of 13 for evacuation
[2026-06-18T01:44:54.343+0000][15411.046s][info][gc,phases     ] GC(1055)   Pre Evacuate Collection Set: 0.3ms
[2026-06-18T01:44:54.343+0000][15411.046s][info][gc,phases     ] GC(1055)   Evacuate Collection Set: 7.5ms
[2026-06-18T01:44:54.343+0000][15411.046s][info][gc,phases     ] GC(1055)   Post Evacuate Collection Set: 0.4ms
[2026-06-18T01:44:54.343+0000][15411.046s][info][gc,phases     ] GC(1055)   Other: 0.3ms
[2026-06-18T01:44:54.343+0000][15411.046s][info][gc,heap       ] GC(1055) Eden regions: 248->0(245)
[2026-06-18T01:44:54.343+0000][15411.046s][info][gc,heap       ] GC(1055) Survivor regions: 3->7(32)
[2026-06-18T01:44:54.343+0000][15411.046s][info][gc,heap       ] GC(1055) Old regions: 47->47
[2026-06-18T01:44:54.343+0000][15411.046s][info][gc,heap       ] GC(1055) Humongous regions: 147->147
[2026-06-18T01:44:54.343+0000][15411.046s][info][gc,metaspace  ] GC(1055) Metaspace: 52908K(55808K)->52908K(55808K) NonClass: 46965K(48640K)->46965K(48640K) Class: 5942K(7168K)->5942K(7168K)
[2026-06-18T01:44:54.343+0000][15411.046s][info][gc            ] GC(1055) Pause Young (Concurrent Start) (G1 Evacuation Pause) 444M->200M(512M) 8.767ms
[2026-06-18T01:44:54.343+0000][15411.046s][info][gc,cpu        ] GC(1055) User=0.09s Sys=0.00s Real=0.01s
[2026-06-18T01:44:54.343+0000][15411.046s][info][gc            ] GC(1056) Concurrent Cycle
[2026-06-18T01:44:54.343+0000][15411.046s][info][gc,marking    ] GC(1056) Concurrent Clear Claimed Marks
[2026-06-18T01:44:54.343+0000][15411.047s][info][gc,marking    ] GC(1056) Concurrent Clear Claimed Marks 0.321ms
[2026-06-18T01:44:54.344+0000][15411.047s][info][gc,marking    ] GC(1056) Concurrent Scan Root Regions
[2026-06-18T01:44:54.345+0000][15411.048s][info][gc,marking    ] GC(1056) Concurrent Scan Root Regions 1.400ms
[2026-06-18T01:44:54.345+0000][15411.048s][info][gc,marking    ] GC(1056) Concurrent Mark (15411.048s)
[2026-06-18T01:44:54.345+0000][15411.048s][info][gc,marking    ] GC(1056) Concurrent Mark From Roots
[2026-06-18T01:44:54.345+0000][15411.048s][info][gc,task       ] GC(1056) Using 3 workers of 3 for marking
[2026-06-18T01:44:54.351+0000][15411.054s][info][gc,marking    ] GC(1056) Concurrent Mark From Roots 5.840ms
[2026-06-18T01:44:54.351+0000][15411.054s][info][gc,marking    ] GC(1056) Concurrent Preclean
[2026-06-18T01:44:54.351+0000][15411.055s][info][gc,marking    ] GC(1056) Concurrent Preclean 0.183ms
[2026-06-18T01:44:54.352+0000][15411.055s][info][gc,marking    ] GC(1056) Concurrent Mark (15411.048s, 15411.055s) 6.386ms
[2026-06-18T01:44:54.352+0000][15411.055s][info][gc,start      ] GC(1056) Pause Remark
[2026-06-18T01:44:54.355+0000][15411.058s][info][gc,stringtable] GC(1056) Cleaned string and symbol table, strings: 17456 processed, 0 removed, symbols: 125116 processed, 0 removed
[2026-06-18T01:44:54.355+0000][15411.058s][info][gc            ] GC(1056) Pause Remark 205M->205M(512M) 3.160ms
[2026-06-18T01:44:54.355+0000][15411.058s][info][gc,cpu        ] GC(1056) User=0.03s Sys=0.00s Real=0.00s
[2026-06-18T01:44:54.355+0000][15411.058s][info][gc,marking    ] GC(1056) Concurrent Rebuild Remembered Sets
[2026-06-18T01:44:54.360+0000][15411.063s][info][gc,marking    ] GC(1056) Concurrent Rebuild Remembered Sets 4.970ms
[2026-06-18T01:44:54.360+0000][15411.064s][info][gc,start      ] GC(1056) Pause Cleanup
[2026-06-18T01:44:54.361+0000][15411.064s][info][gc            ] GC(1056) Pause Cleanup 205M->205M(512M) 0.183ms
[2026-06-18T01:44:54.361+0000][15411.064s][info][gc,cpu        ] GC(1056) User=0.00s Sys=0.00s Real=0.00s
[2026-06-18T01:44:54.361+0000][15411.064s][info][gc,marking    ] GC(1056) Concurrent Cleanup for Next Mark
[2026-06-18T01:44:54.361+0000][15411.064s][info][gc,marking    ] GC(1056) Concurrent Cleanup for Next Mark 0.148ms
[2026-06-18T01:44:54.361+0000][15411.064s][info][gc            ] GC(1056) Concurrent Cycle 17.791ms
[2026-06-18T01:44:55.651+0000][15412.355s][info][gc,start      ] GC(1057) Pause Young (Prepare Mixed) (G1 Evacuation Pause)
[2026-06-18T01:44:55.652+0000][15412.355s][info][gc,task       ] GC(1057) Using 13 workers of 13 for evacuation
[2026-06-18T01:44:55.655+0000][15412.358s][info][gc,phases     ] GC(1057)   Pre Evacuate Collection Set: 0.0ms
[2026-06-18T01:44:55.655+0000][15412.358s][info][gc,phases     ] GC(1057)   Evacuate Collection Set: 2.9ms
[2026-06-18T01:44:55.655+0000][15412.358s][info][gc,phases     ] GC(1057)   Post Evacuate Collection Set: 0.4ms
[2026-06-18T01:44:55.655+0000][15412.358s][info][gc,phases     ] GC(1057)   Other: 0.3ms
[2026-06-18T01:44:55.655+0000][15412.358s][info][gc,heap       ] GC(1057) Eden regions: 245->0(15)
[2026-06-18T01:44:55.655+0000][15412.358s][info][gc,heap       ] GC(1057) Survivor regions: 7->10(32)
[2026-06-18T01:44:55.655+0000][15412.359s][info][gc,heap       ] GC(1057) Old regions: 47->47
[2026-06-18T01:44:55.655+0000][15412.359s][info][gc,heap       ] GC(1057) Humongous regions: 147->147
[2026-06-18T01:44:55.656+0000][15412.359s][info][gc,metaspace  ] GC(1057) Metaspace: 52908K(55808K)->52908K(55808K) NonClass: 46965K(48640K)->46965K(48640K) Class: 5942K(7168K)->5942K(7168K)
[2026-06-18T01:44:55.656+0000][15412.359s][info][gc            ] GC(1057) Pause Young (Prepare Mixed) (G1 Evacuation Pause) 445M->203M(512M) 4.065ms
[2026-06-18T01:44:55.656+0000][15412.359s][info][gc,cpu        ] GC(1057) User=0.04s Sys=0.00s Real=0.00s
[2026-06-18T01:44:55.743+0000][15412.446s][info][gc,start      ] GC(1058) Pause Young (Mixed) (G1 Evacuation Pause)
[2026-06-18T01:44:55.744+0000][15412.447s][info][gc,task       ] GC(1058) Using 13 workers of 13 for evacuation
[2026-06-18T01:44:55.754+0000][15412.457s][info][gc,phases     ] GC(1058)   Pre Evacuate Collection Set: 0.1ms
[2026-06-18T01:44:55.754+0000][15412.457s][info][gc,phases     ] GC(1058)   Evacuate Collection Set: 8.0ms
[2026-06-18T01:44:55.754+0000][15412.457s][info][gc,phases     ] GC(1058)   Post Evacuate Collection Set: 1.5ms
[2026-06-18T01:44:55.754+0000][15412.457s][info][gc,phases     ] GC(1058)   Other: 1.2ms
[2026-06-18T01:44:55.755+0000][15412.458s][info][gc,heap       ] GC(1058) Eden regions: 15->0(241)
[2026-06-18T01:44:55.755+0000][15412.458s][info][gc,heap       ] GC(1058) Survivor regions: 10->2(4)
[2026-06-18T01:44:55.755+0000][15412.458s][info][gc,heap       ] GC(1058) Old regions: 47->54
[2026-06-18T01:44:55.755+0000][15412.458s][info][gc,heap       ] GC(1058) Humongous regions: 147->147
[2026-06-18T01:44:55.755+0000][15412.458s][info][gc,metaspace  ] GC(1058) Metaspace: 52908K(55808K)->52908K(55808K) NonClass: 46965K(48640K)->46965K(48640K) Class: 5942K(7168K)->5942K(7168K)
[2026-06-18T01:44:55.755+0000][15412.458s][info][gc            ] GC(1058) Pause Young (Mixed) (G1 Evacuation Pause) 218M->202M(512M) 11.721ms
[2026-06-18T01:44:55.755+0000][15412.458s][info][gc,cpu        ] GC(1058) User=0.03s Sys=0.00s Real=0.01s
[2026-06-18T01:44:57.007+0000][15413.710s][info][gc,start      ] GC(1059) Pause Young (Normal) (G1 Evacuation Pause)
[2026-06-18T01:44:57.008+0000][15413.711s][info][gc,task       ] GC(1059) Using 13 workers of 13 for evacuation
[2026-06-18T01:44:57.011+0000][15413.714s][info][gc,phases     ] GC(1059)   Pre Evacuate Collection Set: 0.0ms
[2026-06-18T01:44:57.011+0000][15413.714s][info][gc,phases     ] GC(1059)   Evacuate Collection Set: 1.5ms
[2026-06-18T01:44:57.011+0000][15413.714s][info][gc,phases     ] GC(1059)   Post Evacuate Collection Set: 1.1ms
[2026-06-18T01:44:57.011+0000][15413.714s][info][gc,phases     ] GC(1059)   Other: 1.2ms
[2026-06-18T01:44:57.011+0000][15413.714s][info][gc,heap       ] GC(1059) Eden regions: 241->0(240)
[2026-06-18T01:44:57.011+0000][15413.714s][info][gc,heap       ] GC(1059) Survivor regions: 2->4(31)
[2026-06-18T01:44:57.011+0000][15413.714s][info][gc,heap       ] GC(1059) Old regions: 54->54
[2026-06-18T01:44:57.011+0000][15413.714s][info][gc,heap       ] GC(1059) Humongous regions: 147->147
[2026-06-18T01:44:57.011+0000][15413.714s][info][gc,metaspace  ] GC(1059) Metaspace: 52908K(55808K)->52908K(55808K) NonClass: 46965K(48640K)->46965K(48640K) Class: 5942K(7168K)->5942K(7168K)
[2026-06-18T01:44:57.011+0000][15413.714s][info][gc            ] GC(1059) Pause Young (Normal) (G1 Evacuation Pause) 443M->204M(512M) 4.213ms
[2026-06-18T01:44:57.011+0000][15413.714s][info][gc,cpu        ] GC(1059) User=0.01s Sys=0.00s Real=0.01s
[2026-06-18T01:44:58.155+0000][15414.858s][info][gc,start      ] GC(1060) Pause Young (Normal) (G1 Evacuation Pause)
[2026-06-18T01:44:58.156+0000][15414.858s][info][gc,task       ] GC(1060) Using 13 workers of 13 for evacuation
[2026-06-18T01:44:58.158+0000][15414.860s][info][gc,phases     ] GC(1060)   Pre Evacuate Collection Set: 0.0ms
[2026-06-18T01:44:58.158+0000][15414.860s][info][gc,phases     ] GC(1060)   Evacuate Collection Set: 1.6ms
[2026-06-18T01:44:58.158+0000][15414.860s][info][gc,phases     ] GC(1060)   Post Evacuate Collection Set: 0.3ms
[2026-06-18T01:44:58.158+0000][15414.860s][info][gc,phases     ] GC(1060)   Other: 0.4ms
[2026-06-18T01:44:58.158+0000][15414.861s][info][gc,heap       ] GC(1060) Eden regions: 240->0(235)
[2026-06-18T01:44:58.158+0000][15414.861s][info][gc,heap       ] GC(1060) Survivor regions: 4->8(31)
[2026-06-18T01:44:58.158+0000][15414.861s][info][gc,heap       ] GC(1060) Old regions: 54->54
[2026-06-18T01:44:58.158+0000][15414.861s][info][gc,heap       ] GC(1060) Humongous regions: 147->147
[2026-06-18T01:44:58.158+0000][15414.861s][info][gc,metaspace  ] GC(1060) Metaspace: 52908K(55808K)->52908K(55808K) NonClass: 46965K(48640K)->46965K(48640K) Class: 5942K(7168K)->5942K(7168K)
[2026-06-18T01:44:58.158+0000][15414.861s][info][gc            ] GC(1060) Pause Young (Normal) (G1 Evacuation Pause) 444M->208M(512M) 2.959ms
[2026-06-18T01:44:58.158+0000][15414.861s][info][gc,cpu        ] GC(1060) User=0.02s Sys=0.01s Real=0.00s
[2026-06-18T01:45:46.836+0000][15463.537s][info][gc,start      ] GC(1061) Pause Young (Concurrent Start) (G1 Evacuation Pause)
[2026-06-18T01:45:46.836+0000][15463.538s][info][gc,task       ] GC(1061) Using 13 workers of 13 for evacuation
[2026-06-18T01:45:46.839+0000][15463.541s][info][gc,phases     ] GC(1061)   Pre Evacuate Collection Set: 0.3ms
[2026-06-18T01:45:46.839+0000][15463.541s][info][gc,phases     ] GC(1061)   Evacuate Collection Set: 2.3ms
[2026-06-18T01:45:46.839+0000][15463.541s][info][gc,phases     ] GC(1061)   Post Evacuate Collection Set: 0.6ms
[2026-06-18T01:45:46.839+0000][15463.541s][info][gc,phases     ] GC(1061)   Other: 0.3ms
[2026-06-18T01:45:46.839+0000][15463.541s][info][gc,heap       ] GC(1061) Eden regions: 235->0(241)
[2026-06-18T01:45:46.839+0000][15463.541s][info][gc,heap       ] GC(1061) Survivor regions: 8->4(31)
[2026-06-18T01:45:46.840+0000][15463.541s][info][gc,heap       ] GC(1061) Old regions: 54->54
[2026-06-18T01:45:46.840+0000][15463.541s][info][gc,heap       ] GC(1061) Humongous regions: 147->147
[2026-06-18T01:45:46.840+0000][15463.541s][info][gc,metaspace  ] GC(1061) Metaspace: 52908K(55808K)->52908K(55808K) NonClass: 46965K(48640K)->46965K(48640K) Class: 5942K(7168K)->5942K(7168K)
[2026-06-18T01:45:46.840+0000][15463.541s][info][gc            ] GC(1061) Pause Young (Concurrent Start) (G1 Evacuation Pause) 443M->204M(512M) 4.003ms
[2026-06-18T01:45:46.840+0000][15463.541s][info][gc,cpu        ] GC(1061) User=0.02s Sys=0.00s Real=0.00s
[2026-06-18T01:45:46.840+0000][15463.542s][info][gc            ] GC(1062) Concurrent Cycle
[2026-06-18T01:45:46.840+0000][15463.542s][info][gc,marking    ] GC(1062) Concurrent Clear Claimed Marks
[2026-06-18T01:45:46.840+0000][15463.542s][info][gc,marking    ] GC(1062) Concurrent Clear Claimed Marks 0.199ms
[2026-06-18T01:45:46.840+0000][15463.542s][info][gc,marking    ] GC(1062) Concurrent Scan Root Regions
[2026-06-18T01:45:46.841+0000][15463.543s][info][gc,marking    ] GC(1062) Concurrent Scan Root Regions 1.015ms
[2026-06-18T01:45:46.841+0000][15463.543s][info][gc,marking    ] GC(1062) Concurrent Mark (15463.543s)
[2026-06-18T01:45:46.841+0000][15463.543s][info][gc,marking    ] GC(1062) Concurrent Mark From Roots
[2026-06-18T01:45:46.841+0000][15463.543s][info][gc,task       ] GC(1062) Using 3 workers of 3 for marking
[2026-06-18T01:45:46.847+0000][15463.549s][info][gc,marking    ] GC(1062) Concurrent Mark From Roots 5.621ms
[2026-06-18T01:45:46.847+0000][15463.549s][info][gc,marking    ] GC(1062) Concurrent Preclean
[2026-06-18T01:45:46.847+0000][15463.549s][info][gc,marking    ] GC(1062) Concurrent Preclean 0.178ms
[2026-06-18T01:45:46.847+0000][15463.549s][info][gc,marking    ] GC(1062) Concurrent Mark (15463.543s, 15463.549s) 6.079ms
[2026-06-18T01:45:46.848+0000][15463.549s][info][gc,start      ] GC(1062) Pause Remark
[2026-06-18T01:45:46.851+0000][15463.553s][info][gc,stringtable] GC(1062) Cleaned string and symbol table, strings: 17456 processed, 0 removed, symbols: 125116 processed, 0 removed
[2026-06-18T01:45:46.852+0000][15463.553s][info][gc            ] GC(1062) Pause Remark 208M->208M(512M) 3.980ms
[2026-06-18T01:45:46.852+0000][15463.553s][info][gc,cpu        ] GC(1062) User=0.04s Sys=0.00s Real=0.01s
[2026-06-18T01:45:46.852+0000][15463.554s][info][gc,marking    ] GC(1062) Concurrent Rebuild Remembered Sets
[2026-06-18T01:45:46.857+0000][15463.559s][info][gc,marking    ] GC(1062) Concurrent Rebuild Remembered Sets 5.033ms
[2026-06-18T01:45:46.857+0000][15463.559s][info][gc,start      ] GC(1062) Pause Cleanup
[2026-06-18T01:45:46.857+0000][15463.559s][info][gc            ] GC(1062) Pause Cleanup 209M->209M(512M) 0.180ms
[2026-06-18T01:45:46.857+0000][15463.559s][info][gc,cpu        ] GC(1062) User=0.00s Sys=0.00s Real=0.00s
[2026-06-18T01:45:46.857+0000][15463.559s][info][gc,marking    ] GC(1062) Concurrent Cleanup for Next Mark
[2026-06-18T01:45:46.858+0000][15463.559s][info][gc,marking    ] GC(1062) Concurrent Cleanup for Next Mark 0.153ms
[2026-06-18T01:45:46.858+0000][15463.559s][info][gc            ] GC(1062) Concurrent Cycle 17.867ms
[2026-06-18T01:45:48.236+0000][15464.938s][info][gc,start      ] GC(1063) Pause Young (Prepare Mixed) (G1 Evacuation Pause)
[2026-06-18T01:45:48.236+0000][15464.938s][info][gc,task       ] GC(1063) Using 13 workers of 13 for evacuation
[2026-06-18T01:45:48.240+0000][15464.942s][info][gc,phases     ] GC(1063)   Pre Evacuate Collection Set: 0.0ms
[2026-06-18T01:45:48.240+0000][15464.942s][info][gc,phases     ] GC(1063)   Evacuate Collection Set: 2.8ms
[2026-06-18T01:45:48.240+0000][15464.942s][info][gc,phases     ] GC(1063)   Post Evacuate Collection Set: 0.5ms
[2026-06-18T01:45:48.240+0000][15464.942s][info][gc,phases     ] GC(1063)   Other: 0.3ms
[2026-06-18T01:45:48.240+0000][15464.942s][info][gc,heap       ] GC(1063) Eden regions: 241->0(18)
[2026-06-18T01:45:48.240+0000][15464.942s][info][gc,heap       ] GC(1063) Survivor regions: 4->7(31)
[2026-06-18T01:45:48.240+0000][15464.942s][info][gc,heap       ] GC(1063) Old regions: 54->54
[2026-06-18T01:45:48.240+0000][15464.942s][info][gc,heap       ] GC(1063) Humongous regions: 147->147
[2026-06-18T01:45:48.240+0000][15464.942s][info][gc,metaspace  ] GC(1063) Metaspace: 52908K(55808K)->52908K(55808K) NonClass: 46965K(48640K)->46965K(48640K) Class: 5942K(7168K)->5942K(7168K)
[2026-06-18T01:45:48.240+0000][15464.942s][info][gc            ] GC(1063) Pause Young (Prepare Mixed) (G1 Evacuation Pause) 445M->207M(512M) 4.129ms
[2026-06-18T01:45:48.241+0000][15464.942s][info][gc,cpu        ] GC(1063) User=0.03s Sys=0.01s Real=0.00s
[2026-06-18T01:45:48.337+0000][15465.039s][info][gc,start      ] GC(1064) Pause Young (Mixed) (G1 Evacuation Pause)
[2026-06-18T01:45:48.337+0000][15465.039s][info][gc,task       ] GC(1064) Using 13 workers of 13 for evacuation
[2026-06-18T01:45:48.341+0000][15465.043s][info][gc,phases     ] GC(1064)   Pre Evacuate Collection Set: 0.0ms
[2026-06-18T01:45:48.341+0000][15465.043s][info][gc,phases     ] GC(1064)   Evacuate Collection Set: 3.0ms
[2026-06-18T01:45:48.341+0000][15465.043s][info][gc,phases     ] GC(1064)   Post Evacuate Collection Set: 0.3ms
[2026-06-18T01:45:48.341+0000][15465.043s][info][gc,phases     ] GC(1064)   Other: 0.3ms
[2026-06-18T01:45:48.341+0000][15465.043s][info][gc,heap       ] GC(1064) Eden regions: 18->0(243)
[2026-06-18T01:45:48.341+0000][15465.043s][info][gc,heap       ] GC(1064) Survivor regions: 7->2(4)
[2026-06-18T01:45:48.341+0000][15465.043s][info][gc,heap       ] GC(1064) Old regions: 54->52
[2026-06-18T01:45:48.341+0000][15465.043s][info][gc,heap       ] GC(1064) Humongous regions: 147->147
[2026-06-18T01:45:48.341+0000][15465.043s][info][gc,metaspace  ] GC(1064) Metaspace: 52908K(55808K)->52908K(55808K) NonClass: 46965K(48640K)->46965K(48640K) Class: 5942K(7168K)->5942K(7168K)
[2026-06-18T01:45:48.341+0000][15465.043s][info][gc            ] GC(1064) Pause Young (Mixed) (G1 Evacuation Pause) 225M->200M(512M) 4.120ms
[2026-06-18T01:45:48.341+0000][15465.043s][info][gc,cpu        ] GC(1064) User=0.02s Sys=0.01s Real=0.00s
[2026-06-18T01:45:49.566+0000][15466.268s][info][gc,start      ] GC(1065) Pause Young (Normal) (G1 Evacuation Pause)
[2026-06-18T01:45:49.566+0000][15466.268s][info][gc,task       ] GC(1065) Using 13 workers of 13 for evacuation
[2026-06-18T01:45:49.568+0000][15466.270s][info][gc,phases     ] GC(1065)   Pre Evacuate Collection Set: 0.0ms
[2026-06-18T01:45:49.568+0000][15466.270s][info][gc,phases     ] GC(1065)   Evacuate Collection Set: 1.3ms
[2026-06-18T01:45:49.568+0000][15466.270s][info][gc,phases     ] GC(1065)   Post Evacuate Collection Set: 0.3ms
[2026-06-18T01:45:49.568+0000][15466.270s][info][gc,phases     ] GC(1065)   Other: 0.3ms
[2026-06-18T01:45:49.568+0000][15466.270s][info][gc,heap       ] GC(1065) Eden regions: 243->0(244)
[2026-06-18T01:45:49.568+0000][15466.270s][info][gc,heap       ] GC(1065) Survivor regions: 2->3(31)
[2026-06-18T01:45:49.568+0000][15466.270s][info][gc,heap       ] GC(1065) Old regions: 52->52
[2026-06-18T01:45:49.569+0000][15466.270s][info][gc,heap       ] GC(1065) Humongous regions: 147->147
[2026-06-18T01:45:49.569+0000][15466.270s][info][gc,metaspace  ] GC(1065) Metaspace: 52908K(55808K)->52908K(55808K) NonClass: 46965K(48640K)->46965K(48640K) Class: 5942K(7168K)->5942K(7168K)
[2026-06-18T01:45:49.569+0000][15466.270s][info][gc            ] GC(1065) Pause Young (Normal) (G1 Evacuation Pause) 443M->200M(512M) 2.338ms
[2026-06-18T01:45:49.569+0000][15466.270s][info][gc,cpu        ] GC(1065) User=0.02s Sys=0.00s Real=0.00s
[2026-06-18T01:46:37.967+0000][15514.673s][info][gc,start      ] GC(1066) Pause Young (Normal) (G1 Evacuation Pause)
[2026-06-18T01:46:37.967+0000][15514.673s][info][gc,task       ] GC(1066) Using 13 workers of 13 for evacuation
[2026-06-18T01:46:37.969+0000][15514.675s][info][gc,phases     ] GC(1066)   Pre Evacuate Collection Set: 0.0ms
[2026-06-18T01:46:37.969+0000][15514.675s][info][gc,phases     ] GC(1066)   Evacuate Collection Set: 1.3ms
[2026-06-18T01:46:37.969+0000][15514.675s][info][gc,phases     ] GC(1066)   Post Evacuate Collection Set: 0.3ms
[2026-06-18T01:46:37.969+0000][15514.675s][info][gc,phases     ] GC(1066)   Other: 0.3ms
[2026-06-18T01:46:37.969+0000][15514.675s][info][gc,heap       ] GC(1066) Eden regions: 244->0(242)
[2026-06-18T01:46:37.969+0000][15514.675s][info][gc,heap       ] GC(1066) Survivor regions: 3->6(31)
[2026-06-18T01:46:37.970+0000][15514.675s][info][gc,heap       ] GC(1066) Old regions: 52->52
[2026-06-18T01:46:37.970+0000][15514.675s][info][gc,heap       ] GC(1066) Humongous regions: 147->147
[2026-06-18T01:46:37.970+0000][15514.675s][info][gc,metaspace  ] GC(1066) Metaspace: 52908K(55808K)->52908K(55808K) NonClass: 46965K(48640K)->46965K(48640K) Class: 5942K(7168K)->5942K(7168K)
[2026-06-18T01:46:37.970+0000][15514.675s][info][gc            ] GC(1066) Pause Young (Normal) (G1 Evacuation Pause) 444M->204M(512M) 2.451ms
[2026-06-18T01:46:37.970+0000][15514.675s][info][gc,cpu        ] GC(1066) User=0.01s Sys=0.00s Real=0.01s
[2026-06-18T01:46:39.572+0000][15516.278s][info][gc,start      ] GC(1067) Pause Young (Concurrent Start) (G1 Evacuation Pause)
[2026-06-18T01:46:39.573+0000][15516.278s][info][gc,task       ] GC(1067) Using 13 workers of 13 for evacuation
[2026-06-18T01:46:39.577+0000][15516.283s][info][gc,phases     ] GC(1067)   Pre Evacuate Collection Set: 0.3ms
[2026-06-18T01:46:39.578+0000][15516.283s][info][gc,phases     ] GC(1067)   Evacuate Collection Set: 4.0ms
[2026-06-18T01:46:39.578+0000][15516.283s][info][gc,phases     ] GC(1067)   Post Evacuate Collection Set: 0.5ms
[2026-06-18T01:46:39.578+0000][15516.283s][info][gc,phases     ] GC(1067)   Other: 0.4ms
[2026-06-18T01:46:39.578+0000][15516.283s][info][gc,heap       ] GC(1067) Eden regions: 242->0(237)
[2026-06-18T01:46:39.578+0000][15516.283s][info][gc,heap       ] GC(1067) Survivor regions: 6->9(31)
[2026-06-18T01:46:39.578+0000][15516.283s][info][gc,heap       ] GC(1067) Old regions: 52->52
[2026-06-18T01:46:39.578+0000][15516.283s][info][gc,heap       ] GC(1067) Humongous regions: 147->147
[2026-06-18T01:46:39.578+0000][15516.283s][info][gc,metaspace  ] GC(1067) Metaspace: 52908K(55808K)->52908K(55808K) NonClass: 46965K(48640K)->46965K(48640K) Class: 5942K(7168K)->5942K(7168K)
[2026-06-18T01:46:39.578+0000][15516.283s][info][gc            ] GC(1067) Pause Young (Concurrent Start) (G1 Evacuation Pause) 446M->207M(512M) 5.593ms
[2026-06-18T01:46:39.578+0000][15516.284s][info][gc,cpu        ] GC(1067) User=0.03s Sys=0.00s Real=0.01s
[2026-06-18T01:46:39.578+0000][15516.284s][info][gc            ] GC(1068) Concurrent Cycle
[2026-06-18T01:46:39.578+0000][15516.284s][info][gc,marking    ] GC(1068) Concurrent Clear Claimed Marks
[2026-06-18T01:46:39.578+0000][15516.284s][info][gc,marking    ] GC(1068) Concurrent Clear Claimed Marks 0.188ms
[2026-06-18T01:46:39.579+0000][15516.284s][info][gc,marking    ] GC(1068) Concurrent Scan Root Regions
[2026-06-18T01:46:39.580+0000][15516.286s][info][gc,marking    ] GC(1068) Concurrent Scan Root Regions 1.903ms
[2026-06-18T01:46:39.581+0000][15516.286s][info][gc,marking    ] GC(1068) Concurrent Mark (15516.286s)
[2026-06-18T01:46:39.581+0000][15516.286s][info][gc,marking    ] GC(1068) Concurrent Mark From Roots
[2026-06-18T01:46:39.581+0000][15516.286s][info][gc,task       ] GC(1068) Using 3 workers of 3 for marking
[2026-06-18T01:46:39.591+0000][15516.297s][info][gc,marking    ] GC(1068) Concurrent Mark From Roots 10.458ms
[2026-06-18T01:46:39.592+0000][15516.297s][info][gc,marking    ] GC(1068) Concurrent Preclean
[2026-06-18T01:46:39.592+0000][15516.297s][info][gc,marking    ] GC(1068) Concurrent Preclean 0.270ms
[2026-06-18T01:46:39.592+0000][15516.298s][info][gc,marking    ] GC(1068) Concurrent Mark (15516.286s, 15516.298s) 11.339ms
[2026-06-18T01:46:39.592+0000][15516.298s][info][gc,start      ] GC(1068) Pause Remark
[2026-06-18T01:46:39.596+0000][15516.301s][info][gc,stringtable] GC(1068) Cleaned string and symbol table, strings: 17459 processed, 0 removed, symbols: 125116 processed, 0 removed
[2026-06-18T01:46:39.596+0000][15516.301s][info][gc            ] GC(1068) Pause Remark 212M->212M(512M) 3.534ms
[2026-06-18T01:46:39.596+0000][15516.301s][info][gc,cpu        ] GC(1068) User=0.01s Sys=0.00s Real=0.00s
[2026-06-18T01:46:39.596+0000][15516.301s][info][gc,marking    ] GC(1068) Concurrent Rebuild Remembered Sets
[2026-06-18T01:46:39.602+0000][15516.307s][info][gc,marking    ] GC(1068) Concurrent Rebuild Remembered Sets 5.599ms
[2026-06-18T01:46:39.602+0000][15516.308s][info][gc,start      ] GC(1068) Pause Cleanup
[2026-06-18T01:46:39.602+0000][15516.308s][info][gc            ] GC(1068) Pause Cleanup 212M->212M(512M) 0.213ms
[2026-06-18T01:46:39.602+0000][15516.308s][info][gc,cpu        ] GC(1068) User=0.00s Sys=0.00s Real=0.00s
[2026-06-18T01:46:39.602+0000][15516.308s][info][gc,marking    ] GC(1068) Concurrent Cleanup for Next Mark
[2026-06-18T01:46:39.603+0000][15516.308s][info][gc,marking    ] GC(1068) Concurrent Cleanup for Next Mark 0.192ms
[2026-06-18T01:46:39.603+0000][15516.308s][info][gc            ] GC(1068) Concurrent Cycle 24.771ms
[2026-06-18T01:46:40.849+0000][15517.554s][info][gc,start      ] GC(1069) Pause Young (Prepare Mixed) (G1 Evacuation Pause)
[2026-06-18T01:46:40.849+0000][15517.554s][info][gc,task       ] GC(1069) Using 13 workers of 13 for evacuation
[2026-06-18T01:46:40.851+0000][15517.556s][info][gc,phases     ] GC(1069)   Pre Evacuate Collection Set: 0.0ms
[2026-06-18T01:46:40.851+0000][15517.557s][info][gc,phases     ] GC(1069)   Evacuate Collection Set: 1.7ms
[2026-06-18T01:46:40.851+0000][15517.557s][info][gc,phases     ] GC(1069)   Post Evacuate Collection Set: 0.4ms
[2026-06-18T01:46:40.851+0000][15517.557s][info][gc,phases     ] GC(1069)   Other: 0.3ms
[2026-06-18T01:46:40.851+0000][15517.557s][info][gc,heap       ] GC(1069) Eden regions: 237->0(20)
[2026-06-18T01:46:40.851+0000][15517.557s][info][gc,heap       ] GC(1069) Survivor regions: 9->5(31)
[2026-06-18T01:46:40.851+0000][15517.557s][info][gc,heap       ] GC(1069) Old regions: 52->52
[2026-06-18T01:46:40.851+0000][15517.557s][info][gc,heap       ] GC(1069) Humongous regions: 147->147
[2026-06-18T01:46:40.851+0000][15517.557s][info][gc,metaspace  ] GC(1069) Metaspace: 52908K(55808K)->52908K(55808K) NonClass: 46965K(48640K)->46965K(48640K) Class: 5942K(7168K)->5942K(7168K)
[2026-06-18T01:46:40.852+0000][15517.557s][info][gc            ] GC(1069) Pause Young (Prepare Mixed) (G1 Evacuation Pause) 444M->203M(512M) 2.901ms
[2026-06-18T01:46:40.852+0000][15517.557s][info][gc,cpu        ] GC(1069) User=0.01s Sys=0.00s Real=0.00s
[2026-06-18T01:46:40.946+0000][15517.652s][info][gc,start      ] GC(1070) Pause Young (Mixed) (G1 Evacuation Pause)
[2026-06-18T01:46:40.947+0000][15517.652s][info][gc,task       ] GC(1070) Using 13 workers of 13 for evacuation
[2026-06-18T01:46:40.950+0000][15517.655s][info][gc,phases     ] GC(1070)   Pre Evacuate Collection Set: 0.0ms
[2026-06-18T01:46:40.950+0000][15517.656s][info][gc,phases     ] GC(1070)   Evacuate Collection Set: 2.6ms
[2026-06-18T01:46:40.950+0000][15517.656s][info][gc,phases     ] GC(1070)   Post Evacuate Collection Set: 0.3ms
[2026-06-18T01:46:40.950+0000][15517.656s][info][gc,phases     ] GC(1070)   Other: 0.6ms
[2026-06-18T01:46:40.950+0000][15517.656s][info][gc,heap       ] GC(1070) Eden regions: 20->0(246)
[2026-06-18T01:46:40.950+0000][15517.656s][info][gc,heap       ] GC(1070) Survivor regions: 5->2(4)
[2026-06-18T01:46:40.950+0000][15517.656s][info][gc,heap       ] GC(1070) Old regions: 52->49
[2026-06-18T01:46:40.950+0000][15517.656s][info][gc,heap       ] GC(1070) Humongous regions: 147->147
[2026-06-18T01:46:40.950+0000][15517.656s][info][gc,metaspace  ] GC(1070) Metaspace: 52908K(55808K)->52908K(55808K) NonClass: 46965K(48640K)->46965K(48640K) Class: 5942K(7168K)->5942K(7168K)
[2026-06-18T01:46:40.950+0000][15517.656s][info][gc            ] GC(1070) Pause Young (Mixed) (G1 Evacuation Pause) 223M->197M(512M) 3.825ms
[2026-06-18T01:46:40.950+0000][15517.656s][info][gc,cpu        ] GC(1070) User=0.02s Sys=0.01s Real=0.01s
[2026-06-18T01:46:42.116+0000][15518.821s][info][gc,start      ] GC(1071) Pause Young (Normal) (G1 Evacuation Pause)
[2026-06-18T01:46:42.116+0000][15518.821s][info][gc,task       ] GC(1071) Using 13 workers of 13 for evacuation
[2026-06-18T01:46:42.118+0000][15518.824s][info][gc,phases     ] GC(1071)   Pre Evacuate Collection Set: 0.0ms
[2026-06-18T01:46:42.118+0000][15518.824s][info][gc,phases     ] GC(1071)   Evacuate Collection Set: 1.9ms
[2026-06-18T01:46:42.118+0000][15518.824s][info][gc,phases     ] GC(1071)   Post Evacuate Collection Set: 0.4ms
[2026-06-18T01:46:42.119+0000][15518.824s][info][gc,phases     ] GC(1071)   Other: 0.3ms
[2026-06-18T01:46:42.119+0000][15518.824s][info][gc,heap       ] GC(1071) Eden regions: 246->0(240)
[2026-06-18T01:46:42.119+0000][15518.824s][info][gc,heap       ] GC(1071) Survivor regions: 2->8(31)
[2026-06-18T01:46:42.119+0000][15518.824s][info][gc,heap       ] GC(1071) Old regions: 49->49
[2026-06-18T01:46:42.119+0000][15518.824s][info][gc,heap       ] GC(1071) Humongous regions: 147->147
[2026-06-18T01:46:42.119+0000][15518.824s][info][gc,metaspace  ] GC(1071) Metaspace: 52908K(55808K)->52908K(55808K) NonClass: 46965K(48640K)->46965K(48640K) Class: 5942K(7168K)->5942K(7168K)
[2026-06-18T01:46:42.119+0000][15518.824s][info][gc            ] GC(1071) Pause Young (Normal) (G1 Evacuation Pause) 443M->203M(512M) 3.041ms
[2026-06-18T01:46:42.119+0000][15518.824s][info][gc,cpu        ] GC(1071) User=0.03s Sys=0.00s Real=0.01s
[2026-06-18T01:47:30.628+0000][15567.329s][info][gc,start      ] GC(1072) Pause Young (Normal) (G1 Evacuation Pause)
[2026-06-18T01:47:30.628+0000][15567.329s][info][gc,task       ] GC(1072) Using 13 workers of 13 for evacuation
[2026-06-18T01:47:30.630+0000][15567.331s][info][gc,phases     ] GC(1072)   Pre Evacuate Collection Set: 0.0ms
[2026-06-18T01:47:30.630+0000][15567.331s][info][gc,phases     ] GC(1072)   Evacuate Collection Set: 1.2ms
[2026-06-18T01:47:30.630+0000][15567.331s][info][gc,phases     ] GC(1072)   Post Evacuate Collection Set: 0.3ms
[2026-06-18T01:47:30.630+0000][15567.331s][info][gc,phases     ] GC(1072)   Other: 0.3ms
[2026-06-18T01:47:30.630+0000][15567.331s][info][gc,heap       ] GC(1072) Eden regions: 240->0(245)
[2026-06-18T01:47:30.630+0000][15567.331s][info][gc,heap       ] GC(1072) Survivor regions: 8->4(31)
[2026-06-18T01:47:30.630+0000][15567.331s][info][gc,heap       ] GC(1072) Old regions: 49->49
[2026-06-18T01:47:30.631+0000][15567.331s][info][gc,heap       ] GC(1072) Humongous regions: 147->147
[2026-06-18T01:47:30.631+0000][15567.331s][info][gc,metaspace  ] GC(1072) Metaspace: 52908K(55808K)->52908K(55808K) NonClass: 46965K(48640K)->46965K(48640K) Class: 5942K(7168K)->5942K(7168K)
[2026-06-18T01:47:30.631+0000][15567.331s][info][gc            ] GC(1072) Pause Young (Normal) (G1 Evacuation Pause) 443M->199M(512M) 2.342ms
[2026-06-18T01:47:30.631+0000][15567.331s][info][gc,cpu        ] GC(1072) User=0.01s Sys=0.00s Real=0.00s
[2026-06-18T01:47:31.967+0000][15568.668s][info][gc,start      ] GC(1073) Pause Young (Concurrent Start) (G1 Evacuation Pause)
[2026-06-18T01:47:31.967+0000][15568.668s][info][gc,task       ] GC(1073) Using 13 workers of 13 for evacuation
[2026-06-18T01:47:31.970+0000][15568.671s][info][gc,phases     ] GC(1073)   Pre Evacuate Collection Set: 0.3ms
[2026-06-18T01:47:31.970+0000][15568.671s][info][gc,phases     ] GC(1073)   Evacuate Collection Set: 2.4ms
[2026-06-18T01:47:31.971+0000][15568.671s][info][gc,phases     ] GC(1073)   Post Evacuate Collection Set: 0.4ms
[2026-06-18T01:47:31.971+0000][15568.671s][info][gc,phases     ] GC(1073)   Other: 0.3ms
[2026-06-18T01:47:31.971+0000][15568.671s][info][gc,heap       ] GC(1073) Eden regions: 245->0(243)
[2026-06-18T01:47:31.971+0000][15568.671s][info][gc,heap       ] GC(1073) Survivor regions: 4->7(32)
[2026-06-18T01:47:31.971+0000][15568.671s][info][gc,heap       ] GC(1073) Old regions: 49->49
[2026-06-18T01:47:31.971+0000][15568.671s][info][gc,heap       ] GC(1073) Humongous regions: 147->147
[2026-06-18T01:47:31.971+0000][15568.672s][info][gc,metaspace  ] GC(1073) Metaspace: 52908K(55808K)->52908K(55808K) NonClass: 46965K(48640K)->46965K(48640K) Class: 5942K(7168K)->5942K(7168K)
[2026-06-18T01:47:31.971+0000][15568.672s][info][gc            ] GC(1073) Pause Young (Concurrent Start) (G1 Evacuation Pause) 444M->202M(512M) 3.799ms
[2026-06-18T01:47:31.971+0000][15568.672s][info][gc,cpu        ] GC(1073) User=0.03s Sys=0.00s Real=0.00s
[2026-06-18T01:47:31.971+0000][15568.672s][info][gc            ] GC(1074) Concurrent Cycle
[2026-06-18T01:47:31.971+0000][15568.672s][info][gc,marking    ] GC(1074) Concurrent Clear Claimed Marks
[2026-06-18T01:47:31.971+0000][15568.672s][info][gc,marking    ] GC(1074) Concurrent Clear Claimed Marks 0.263ms
[2026-06-18T01:47:31.971+0000][15568.672s][info][gc,marking    ] GC(1074) Concurrent Scan Root Regions
[2026-06-18T01:47:31.973+0000][15568.673s][info][gc,marking    ] GC(1074) Concurrent Scan Root Regions 1.345ms
[2026-06-18T01:47:31.973+0000][15568.674s][info][gc,marking    ] GC(1074) Concurrent Mark (15568.674s)
[2026-06-18T01:47:31.973+0000][15568.674s][info][gc,marking    ] GC(1074) Concurrent Mark From Roots
[2026-06-18T01:47:31.973+0000][15568.674s][info][gc,task       ] GC(1074) Using 3 workers of 3 for marking
[2026-06-18T01:47:31.978+0000][15568.679s][info][gc,marking    ] GC(1074) Concurrent Mark From Roots 5.632ms
[2026-06-18T01:47:31.979+0000][15568.679s][info][gc,marking    ] GC(1074) Concurrent Preclean
[2026-06-18T01:47:31.979+0000][15568.680s][info][gc,marking    ] GC(1074) Concurrent Preclean 0.174ms
[2026-06-18T01:47:31.979+0000][15568.680s][info][gc,marking    ] GC(1074) Concurrent Mark (15568.674s, 15568.680s) 6.008ms
[2026-06-18T01:47:31.979+0000][15568.680s][info][gc,start      ] GC(1074) Pause Remark
[2026-06-18T01:47:31.982+0000][15568.682s][info][gc,stringtable] GC(1074) Cleaned string and symbol table, strings: 17459 processed, 0 removed, symbols: 125116 processed, 0 removed
[2026-06-18T01:47:31.982+0000][15568.683s][info][gc            ] GC(1074) Pause Remark 206M->206M(512M) 3.012ms
[2026-06-18T01:47:31.982+0000][15568.683s][info][gc,cpu        ] GC(1074) User=0.03s Sys=0.00s Real=0.00s
[2026-06-18T01:47:31.982+0000][15568.683s][info][gc,marking    ] GC(1074) Concurrent Rebuild Remembered Sets
[2026-06-18T01:47:31.987+0000][15568.688s][info][gc,marking    ] GC(1074) Concurrent Rebuild Remembered Sets 5.155ms
[2026-06-18T01:47:31.988+0000][15568.688s][info][gc,start      ] GC(1074) Pause Cleanup
[2026-06-18T01:47:31.988+0000][15568.689s][info][gc            ] GC(1074) Pause Cleanup 207M->207M(512M) 0.238ms
[2026-06-18T01:47:31.988+0000][15568.689s][info][gc,cpu        ] GC(1074) User=0.00s Sys=0.00s Real=0.00s
[2026-06-18T01:47:31.988+0000][15568.689s][info][gc,marking    ] GC(1074) Concurrent Cleanup for Next Mark
[2026-06-18T01:47:31.988+0000][15568.689s][info][gc,marking    ] GC(1074) Concurrent Cleanup for Next Mark 0.148ms
[2026-06-18T01:47:31.988+0000][15568.689s][info][gc            ] GC(1074) Concurrent Cycle 17.250ms
[2026-06-18T01:47:33.210+0000][15569.911s][info][gc,start      ] GC(1075) Pause Young (Prepare Mixed) (G1 Evacuation Pause)
[2026-06-18T01:47:33.210+0000][15569.911s][info][gc,task       ] GC(1075) Using 13 workers of 13 for evacuation
[2026-06-18T01:47:33.212+0000][15569.913s][info][gc,phases     ] GC(1075)   Pre Evacuate Collection Set: 0.0ms
[2026-06-18T01:47:33.212+0000][15569.913s][info][gc,phases     ] GC(1075)   Evacuate Collection Set: 1.5ms
[2026-06-18T01:47:33.212+0000][15569.913s][info][gc,phases     ] GC(1075)   Post Evacuate Collection Set: 0.4ms
[2026-06-18T01:47:33.212+0000][15569.913s][info][gc,phases     ] GC(1075)   Other: 0.3ms
[2026-06-18T01:47:33.212+0000][15569.913s][info][gc,heap       ] GC(1075) Eden regions: 243->0(20)
[2026-06-18T01:47:33.212+0000][15569.913s][info][gc,heap       ] GC(1075) Survivor regions: 7->5(32)
[2026-06-18T01:47:33.212+0000][15569.913s][info][gc,heap       ] GC(1075) Old regions: 49->49
[2026-06-18T01:47:33.213+0000][15569.913s][info][gc,heap       ] GC(1075) Humongous regions: 147->147
[2026-06-18T01:47:33.213+0000][15569.913s][info][gc,metaspace  ] GC(1075) Metaspace: 52908K(55808K)->52908K(55808K) NonClass: 46965K(48640K)->46965K(48640K) Class: 5942K(7168K)->5942K(7168K)
[2026-06-18T01:47:33.213+0000][15569.913s][info][gc            ] GC(1075) Pause Young (Prepare Mixed) (G1 Evacuation Pause) 445M->200M(512M) 2.580ms
[2026-06-18T01:47:33.213+0000][15569.913s][info][gc,cpu        ] GC(1075) User=0.02s Sys=0.00s Real=0.01s
[2026-06-18T01:47:33.318+0000][15570.019s][info][gc,start      ] GC(1076) Pause Young (Mixed) (G1 Evacuation Pause)
[2026-06-18T01:47:33.318+0000][15570.019s][info][gc,task       ] GC(1076) Using 13 workers of 13 for evacuation
[2026-06-18T01:47:33.321+0000][15570.022s][info][gc,phases     ] GC(1076)   Pre Evacuate Collection Set: 0.0ms
[2026-06-18T01:47:33.321+0000][15570.022s][info][gc,phases     ] GC(1076)   Evacuate Collection Set: 2.8ms
[2026-06-18T01:47:33.321+0000][15570.022s][info][gc,phases     ] GC(1076)   Post Evacuate Collection Set: 0.3ms
[2026-06-18T01:47:33.321+0000][15570.022s][info][gc,phases     ] GC(1076)   Other: 0.3ms
[2026-06-18T01:47:33.322+0000][15570.022s][info][gc,heap       ] GC(1076) Eden regions: 20->0(248)
[2026-06-18T01:47:33.322+0000][15570.022s][info][gc,heap       ] GC(1076) Survivor regions: 5->2(4)
[2026-06-18T01:47:33.322+0000][15570.023s][info][gc,heap       ] GC(1076) Old regions: 49->49
[2026-06-18T01:47:33.322+0000][15570.023s][info][gc,heap       ] GC(1076) Humongous regions: 147->147
[2026-06-18T01:47:33.322+0000][15570.023s][info][gc,metaspace  ] GC(1076) Metaspace: 52908K(55808K)->52908K(55808K) NonClass: 46965K(48640K)->46965K(48640K) Class: 5942K(7168K)->5942K(7168K)
[2026-06-18T01:47:33.322+0000][15570.023s][info][gc            ] GC(1076) Pause Young (Mixed) (G1 Evacuation Pause) 220M->197M(512M) 4.218ms
[2026-06-18T01:47:33.322+0000][15570.023s][info][gc,cpu        ] GC(1076) User=0.02s Sys=0.00s Real=0.00s
[2026-06-18T01:48:03.118+0000][15599.819s][info][gc,start      ] GC(1077) Pause Young (Normal) (G1 Evacuation Pause)
[2026-06-18T01:48:03.119+0000][15599.819s][info][gc,task       ] GC(1077) Using 13 workers of 13 for evacuation
[2026-06-18T01:48:03.128+0000][15599.829s][info][gc,phases     ] GC(1077)   Pre Evacuate Collection Set: 0.0ms
[2026-06-18T01:48:03.129+0000][15599.829s][info][gc,phases     ] GC(1077)   Evacuate Collection Set: 8.8ms
[2026-06-18T01:48:03.129+0000][15599.829s][info][gc,phases     ] GC(1077)   Post Evacuate Collection Set: 0.6ms
[2026-06-18T01:48:03.129+0000][15599.829s][info][gc,phases     ] GC(1077)   Other: 0.7ms
[2026-06-18T01:48:03.129+0000][15599.829s][info][gc,heap       ] GC(1077) Eden regions: 248->0(241)
[2026-06-18T01:48:03.129+0000][15599.830s][info][gc,heap       ] GC(1077) Survivor regions: 2->8(32)
[2026-06-18T01:48:03.129+0000][15599.830s][info][gc,heap       ] GC(1077) Old regions: 49->49
[2026-06-18T01:48:03.129+0000][15599.830s][info][gc,heap       ] GC(1077) Humongous regions: 147->147
[2026-06-18T01:48:03.129+0000][15599.830s][info][gc,metaspace  ] GC(1077) Metaspace: 52908K(55808K)->52908K(55808K) NonClass: 46965K(48640K)->46965K(48640K) Class: 5942K(7168K)->5942K(7168K)
[2026-06-18T01:48:03.129+0000][15599.830s][info][gc            ] GC(1077) Pause Young (Normal) (G1 Evacuation Pause) 445M->203M(512M) 11.021ms
[2026-06-18T01:48:03.129+0000][15599.830s][info][gc,cpu        ] GC(1077) User=0.08s Sys=0.00s Real=0.01s
[2026-06-18T01:48:23.390+0000][15620.091s][info][gc,start      ] GC(1078) Pause Young (Normal) (G1 Evacuation Pause)
[2026-06-18T01:48:23.391+0000][15620.091s][info][gc,task       ] GC(1078) Using 13 workers of 13 for evacuation
[2026-06-18T01:48:23.393+0000][15620.094s][info][gc,phases     ] GC(1078)   Pre Evacuate Collection Set: 0.0ms
[2026-06-18T01:48:23.393+0000][15620.094s][info][gc,phases     ] GC(1078)   Evacuate Collection Set: 1.8ms
[2026-06-18T01:48:23.393+0000][15620.094s][info][gc,phases     ] GC(1078)   Post Evacuate Collection Set: 0.4ms
[2026-06-18T01:48:23.393+0000][15620.094s][info][gc,phases     ] GC(1078)   Other: 0.4ms
[2026-06-18T01:48:23.393+0000][15620.094s][info][gc,heap       ] GC(1078) Eden regions: 241->0(245)
[2026-06-18T01:48:23.394+0000][15620.094s][info][gc,heap       ] GC(1078) Survivor regions: 8->5(32)
[2026-06-18T01:48:23.394+0000][15620.094s][info][gc,heap       ] GC(1078) Old regions: 49->49
[2026-06-18T01:48:23.394+0000][15620.094s][info][gc,heap       ] GC(1078) Humongous regions: 147->147
[2026-06-18T01:48:23.394+0000][15620.094s][info][gc,metaspace  ] GC(1078) Metaspace: 52908K(55808K)->52908K(55808K) NonClass: 46965K(48640K)->46965K(48640K) Class: 5942K(7168K)->5942K(7168K)
[2026-06-18T01:48:23.394+0000][15620.094s][info][gc            ] GC(1078) Pause Young (Normal) (G1 Evacuation Pause) 444M->200M(512M) 3.235ms
[2026-06-18T01:48:23.394+0000][15620.094s][info][gc,cpu        ] GC(1078) User=0.01s Sys=0.00s Real=0.01s
[2026-06-18T01:48:24.656+0000][15621.356s][info][gc,start      ] GC(1079) Pause Young (Concurrent Start) (G1 Evacuation Pause)
[2026-06-18T01:48:24.656+0000][15621.357s][info][gc,task       ] GC(1079) Using 13 workers of 13 for evacuation
[2026-06-18T01:48:24.659+0000][15621.359s][info][gc,phases     ] GC(1079)   Pre Evacuate Collection Set: 0.3ms
[2026-06-18T01:48:24.659+0000][15621.359s][info][gc,phases     ] GC(1079)   Evacuate Collection Set: 2.0ms
[2026-06-18T01:48:24.659+0000][15621.359s][info][gc,phases     ] GC(1079)   Post Evacuate Collection Set: 0.4ms
[2026-06-18T01:48:24.659+0000][15621.359s][info][gc,phases     ] GC(1079)   Other: 0.3ms
[2026-06-18T01:48:24.659+0000][15621.360s][info][gc,heap       ] GC(1079) Eden regions: 245->0(242)
[2026-06-18T01:48:24.659+0000][15621.360s][info][gc,heap       ] GC(1079) Survivor regions: 5->8(32)
[2026-06-18T01:48:24.659+0000][15621.360s][info][gc,heap       ] GC(1079) Old regions: 49->49
[2026-06-18T01:48:24.659+0000][15621.360s][info][gc,heap       ] GC(1079) Humongous regions: 147->147
[2026-06-18T01:48:24.659+0000][15621.360s][info][gc,metaspace  ] GC(1079) Metaspace: 52908K(55808K)->52908K(55808K) NonClass: 46965K(48640K)->46965K(48640K) Class: 5942K(7168K)->5942K(7168K)
[2026-06-18T01:48:24.659+0000][15621.360s][info][gc            ] GC(1079) Pause Young (Concurrent Start) (G1 Evacuation Pause) 445M->203M(512M) 3.396ms
[2026-06-18T01:48:24.659+0000][15621.360s][info][gc,cpu        ] GC(1079) User=0.02s Sys=0.00s Real=0.00s
[2026-06-18T01:48:24.659+0000][15621.360s][info][gc            ] GC(1080) Concurrent Cycle
[2026-06-18T01:48:24.659+0000][15621.360s][info][gc,marking    ] GC(1080) Concurrent Clear Claimed Marks
[2026-06-18T01:48:24.660+0000][15621.360s][info][gc,marking    ] GC(1080) Concurrent Clear Claimed Marks 0.282ms
[2026-06-18T01:48:24.660+0000][15621.360s][info][gc,marking    ] GC(1080) Concurrent Scan Root Regions
[2026-06-18T01:48:24.661+0000][15621.361s][info][gc,marking    ] GC(1080) Concurrent Scan Root Regions 1.250ms
[2026-06-18T01:48:24.661+0000][15621.362s][info][gc,marking    ] GC(1080) Concurrent Mark (15621.362s)
[2026-06-18T01:48:24.661+0000][15621.362s][info][gc,marking    ] GC(1080) Concurrent Mark From Roots
[2026-06-18T01:48:24.661+0000][15621.362s][info][gc,task       ] GC(1080) Using 3 workers of 3 for marking
[2026-06-18T01:48:24.666+0000][15621.367s][info][gc,marking    ] GC(1080) Concurrent Mark From Roots 5.226ms
[2026-06-18T01:48:24.666+0000][15621.367s][info][gc,marking    ] GC(1080) Concurrent Preclean
[2026-06-18T01:48:24.667+0000][15621.367s][info][gc,marking    ] GC(1080) Concurrent Preclean 0.156ms
[2026-06-18T01:48:24.667+0000][15621.367s][info][gc,marking    ] GC(1080) Concurrent Mark (15621.362s, 15621.367s) 5.590ms
[2026-06-18T01:48:24.667+0000][15621.367s][info][gc,start      ] GC(1080) Pause Remark
[2026-06-18T01:48:24.672+0000][15621.373s][info][gc,stringtable] GC(1080) Cleaned string and symbol table, strings: 17459 processed, 0 removed, symbols: 125116 processed, 0 removed
[2026-06-18T01:48:24.672+0000][15621.373s][info][gc            ] GC(1080) Pause Remark 207M->207M(512M) 5.398ms
[2026-06-18T01:48:24.672+0000][15621.373s][info][gc,cpu        ] GC(1080) User=0.06s Sys=0.00s Real=0.00s
[2026-06-18T01:48:24.672+0000][15621.373s][info][gc,marking    ] GC(1080) Concurrent Rebuild Remembered Sets
[2026-06-18T01:48:24.677+0000][15621.377s][info][gc,marking    ] GC(1080) Concurrent Rebuild Remembered Sets 4.195ms
[2026-06-18T01:48:24.677+0000][15621.377s][info][gc,start      ] GC(1080) Pause Cleanup
[2026-06-18T01:48:24.677+0000][15621.378s][info][gc            ] GC(1080) Pause Cleanup 208M->208M(512M) 0.167ms
[2026-06-18T01:48:24.677+0000][15621.378s][info][gc,cpu        ] GC(1080) User=0.00s Sys=0.00s Real=0.00s
[2026-06-18T01:48:24.677+0000][15621.378s][info][gc,marking    ] GC(1080) Concurrent Cleanup for Next Mark
[2026-06-18T01:48:24.677+0000][15621.378s][info][gc,marking    ] GC(1080) Concurrent Cleanup for Next Mark 0.139ms
[2026-06-18T01:48:24.677+0000][15621.378s][info][gc            ] GC(1080) Concurrent Cycle 18.023ms
[2026-06-18T01:48:25.787+0000][15622.487s][info][gc,start      ] GC(1081) Pause Young (Prepare Mixed) (G1 Evacuation Pause)
[2026-06-18T01:48:25.787+0000][15622.488s][info][gc,task       ] GC(1081) Using 13 workers of 13 for evacuation
[2026-06-18T01:48:25.789+0000][15622.490s][info][gc,phases     ] GC(1081)   Pre Evacuate Collection Set: 0.0ms
[2026-06-18T01:48:25.789+0000][15622.490s][info][gc,phases     ] GC(1081)   Evacuate Collection Set: 1.5ms
[2026-06-18T01:48:25.789+0000][15622.490s][info][gc,phases     ] GC(1081)   Post Evacuate Collection Set: 0.3ms
[2026-06-18T01:48:25.789+0000][15622.490s][info][gc,phases     ] GC(1081)   Other: 0.3ms
[2026-06-18T01:48:25.789+0000][15622.490s][info][gc,heap       ] GC(1081) Eden regions: 242->0(20)
[2026-06-18T01:48:25.789+0000][15622.490s][info][gc,heap       ] GC(1081) Survivor regions: 8->5(32)
[2026-06-18T01:48:25.790+0000][15622.490s][info][gc,heap       ] GC(1081) Old regions: 49->49
[2026-06-18T01:48:25.790+0000][15622.490s][info][gc,heap       ] GC(1081) Humongous regions: 147->147
[2026-06-18T01:48:25.790+0000][15622.490s][info][gc,metaspace  ] GC(1081) Metaspace: 52908K(55808K)->52908K(55808K) NonClass: 46965K(48640K)->46965K(48640K) Class: 5942K(7168K)->5942K(7168K)
[2026-06-18T01:48:25.790+0000][15622.490s][info][gc            ] GC(1081) Pause Young (Prepare Mixed) (G1 Evacuation Pause) 445M->200M(512M) 2.605ms
[2026-06-18T01:48:25.790+0000][15622.490s][info][gc,cpu        ] GC(1081) User=0.02s Sys=0.00s Real=0.00s
[2026-06-18T01:48:25.886+0000][15622.586s][info][gc,start      ] GC(1082) Pause Young (Mixed) (G1 Evacuation Pause)
[2026-06-18T01:48:25.886+0000][15622.587s][info][gc,task       ] GC(1082) Using 13 workers of 13 for evacuation
[2026-06-18T01:48:25.891+0000][15622.592s][info][gc,phases     ] GC(1082)   Pre Evacuate Collection Set: 0.0ms
[2026-06-18T01:48:25.891+0000][15622.592s][info][gc,phases     ] GC(1082)   Evacuate Collection Set: 4.8ms
[2026-06-18T01:48:25.892+0000][15622.592s][info][gc,phases     ] GC(1082)   Post Evacuate Collection Set: 0.3ms
[2026-06-18T01:48:25.892+0000][15622.592s][info][gc,phases     ] GC(1082)   Other: 0.3ms
[2026-06-18T01:48:25.892+0000][15622.592s][info][gc,heap       ] GC(1082) Eden regions: 20->0(249)
[2026-06-18T01:48:25.892+0000][15622.592s][info][gc,heap       ] GC(1082) Survivor regions: 5->2(4)
[2026-06-18T01:48:25.892+0000][15622.592s][info][gc,heap       ] GC(1082) Old regions: 49->49
[2026-06-18T01:48:25.892+0000][15622.592s][info][gc,heap       ] GC(1082) Humongous regions: 147->147
[2026-06-18T01:48:25.892+0000][15622.592s][info][gc,metaspace  ] GC(1082) Metaspace: 52908K(55808K)->52908K(55808K) NonClass: 46965K(48640K)->46965K(48640K) Class: 5942K(7168K)->5942K(7168K)
[2026-06-18T01:48:25.892+0000][15622.592s][info][gc            ] GC(1082) Pause Young (Mixed) (G1 Evacuation Pause) 220M->197M(512M) 5.916ms
[2026-06-18T01:48:25.892+0000][15622.592s][info][gc,cpu        ] GC(1082) User=0.05s Sys=0.00s Real=0.00s
[2026-06-18T01:49:14.421+0000][15671.119s][info][gc,start      ] GC(1083) Pause Young (Normal) (G1 Evacuation Pause)
[2026-06-18T01:49:14.421+0000][15671.120s][info][gc,task       ] GC(1083) Using 13 workers of 13 for evacuation
[2026-06-18T01:49:14.423+0000][15671.122s][info][gc,phases     ] GC(1083)   Pre Evacuate Collection Set: 0.0ms
[2026-06-18T01:49:14.423+0000][15671.122s][info][gc,phases     ] GC(1083)   Evacuate Collection Set: 1.8ms
[2026-06-18T01:49:14.423+0000][15671.122s][info][gc,phases     ] GC(1083)   Post Evacuate Collection Set: 0.3ms
[2026-06-18T01:49:14.423+0000][15671.122s][info][gc,phases     ] GC(1083)   Other: 0.3ms
[2026-06-18T01:49:14.423+0000][15671.122s][info][gc,heap       ] GC(1083) Eden regions: 249->0(243)
[2026-06-18T01:49:14.423+0000][15671.122s][info][gc,heap       ] GC(1083) Survivor regions: 2->7(32)
[2026-06-18T01:49:14.423+0000][15671.122s][info][gc,heap       ] GC(1083) Old regions: 49->49
[2026-06-18T01:49:14.423+0000][15671.122s][info][gc,heap       ] GC(1083) Humongous regions: 147->147
[2026-06-18T01:49:14.423+0000][15671.122s][info][gc,metaspace  ] GC(1083) Metaspace: 52908K(55808K)->52908K(55808K) NonClass: 46965K(48640K)->46965K(48640K) Class: 5942K(7168K)->5942K(7168K)
[2026-06-18T01:49:14.423+0000][15671.122s][info][gc            ] GC(1083) Pause Young (Normal) (G1 Evacuation Pause) 446M->202M(512M) 2.743ms
[2026-06-18T01:49:14.423+0000][15671.122s][info][gc,cpu        ] GC(1083) User=0.02s Sys=0.00s Real=0.00s
[2026-06-18T01:49:15.855+0000][15672.554s][info][gc,start      ] GC(1084) Pause Young (Normal) (G1 Evacuation Pause)
[2026-06-18T01:49:15.855+0000][15672.554s][info][gc,task       ] GC(1084) Using 13 workers of 13 for evacuation
[2026-06-18T01:49:15.857+0000][15672.555s][info][gc,phases     ] GC(1084)   Pre Evacuate Collection Set: 0.0ms
[2026-06-18T01:49:15.857+0000][15672.556s][info][gc,phases     ] GC(1084)   Evacuate Collection Set: 1.2ms
[2026-06-18T01:49:15.857+0000][15672.556s][info][gc,phases     ] GC(1084)   Post Evacuate Collection Set: 0.4ms
[2026-06-18T01:49:15.857+0000][15672.556s][info][gc,phases     ] GC(1084)   Other: 0.3ms
[2026-06-18T01:49:15.857+0000][15672.556s][info][gc,heap       ] GC(1084) Eden regions: 243->0(247)
[2026-06-18T01:49:15.857+0000][15672.556s][info][gc,heap       ] GC(1084) Survivor regions: 7->4(32)
[2026-06-18T01:49:15.857+0000][15672.556s][info][gc,heap       ] GC(1084) Old regions: 49->49
[2026-06-18T01:49:15.857+0000][15672.556s][info][gc,heap       ] GC(1084) Humongous regions: 147->147
[2026-06-18T01:49:15.857+0000][15672.556s][info][gc,metaspace  ] GC(1084) Metaspace: 52908K(55808K)->52908K(55808K) NonClass: 46965K(48640K)->46965K(48640K) Class: 5942K(7168K)->5942K(7168K)
[2026-06-18T01:49:15.857+0000][15672.556s][info][gc            ] GC(1084) Pause Young (Normal) (G1 Evacuation Pause) 445M->199M(512M) 2.194ms
[2026-06-18T01:49:15.857+0000][15672.556s][info][gc,cpu        ] GC(1084) User=0.01s Sys=0.00s Real=0.00s
[2026-06-18T01:49:17.114+0000][15673.813s][info][gc,start      ] GC(1085) Pause Young (Concurrent Start) (G1 Evacuation Pause)
[2026-06-18T01:49:17.114+0000][15673.813s][info][gc,task       ] GC(1085) Using 13 workers of 13 for evacuation
[2026-06-18T01:49:17.122+0000][15673.820s][info][gc,phases     ] GC(1085)   Pre Evacuate Collection Set: 0.3ms
[2026-06-18T01:49:17.122+0000][15673.820s][info][gc,phases     ] GC(1085)   Evacuate Collection Set: 6.4ms
[2026-06-18T01:49:17.122+0000][15673.821s][info][gc,phases     ] GC(1085)   Post Evacuate Collection Set: 0.4ms
[2026-06-18T01:49:17.122+0000][15673.821s][info][gc,phases     ] GC(1085)   Other: 0.3ms
[2026-06-18T01:49:17.122+0000][15673.821s][info][gc,heap       ] GC(1085) Eden regions: 247->0(241)
[2026-06-18T01:49:17.122+0000][15673.821s][info][gc,heap       ] GC(1085) Survivor regions: 4->9(32)
[2026-06-18T01:49:17.122+0000][15673.821s][info][gc,heap       ] GC(1085) Old regions: 49->49
[2026-06-18T01:49:17.122+0000][15673.821s][info][gc,heap       ] GC(1085) Humongous regions: 147->147
[2026-06-18T01:49:17.122+0000][15673.821s][info][gc,metaspace  ] GC(1085) Metaspace: 52908K(55808K)->52908K(55808K) NonClass: 46965K(48640K)->46965K(48640K) Class: 5942K(7168K)->5942K(7168K)
[2026-06-18T01:49:17.123+0000][15673.821s][info][gc            ] GC(1085) Pause Young (Concurrent Start) (G1 Evacuation Pause) 446M->203M(512M) 8.349ms
[2026-06-18T01:49:17.123+0000][15673.821s][info][gc,cpu        ] GC(1085) User=0.05s Sys=0.00s Real=0.01s
[2026-06-18T01:49:17.123+0000][15673.821s][info][gc            ] GC(1086) Concurrent Cycle
[2026-06-18T01:49:17.123+0000][15673.822s][info][gc,marking    ] GC(1086) Concurrent Clear Claimed Marks
[2026-06-18T01:49:17.123+0000][15673.822s][info][gc,marking    ] GC(1086) Concurrent Clear Claimed Marks 0.262ms
[2026-06-18T01:49:17.123+0000][15673.822s][info][gc,marking    ] GC(1086) Concurrent Scan Root Regions
[2026-06-18T01:49:17.125+0000][15673.824s][info][gc,marking    ] GC(1086) Concurrent Scan Root Regions 2.022ms
[2026-06-18T01:49:17.125+0000][15673.824s][info][gc,marking    ] GC(1086) Concurrent Mark (15673.824s)
[2026-06-18T01:49:17.126+0000][15673.824s][info][gc,marking    ] GC(1086) Concurrent Mark From Roots
[2026-06-18T01:49:17.126+0000][15673.825s][info][gc,task       ] GC(1086) Using 3 workers of 3 for marking
[2026-06-18T01:49:17.132+0000][15673.831s][info][gc,marking    ] GC(1086) Concurrent Mark From Roots 6.298ms
[2026-06-18T01:49:17.132+0000][15673.831s][info][gc,marking    ] GC(1086) Concurrent Preclean
[2026-06-18T01:49:17.132+0000][15673.831s][info][gc,marking    ] GC(1086) Concurrent Preclean 0.187ms
[2026-06-18T01:49:17.133+0000][15673.831s][info][gc,marking    ] GC(1086) Concurrent Mark (15673.824s, 15673.831s) 7.204ms
[2026-06-18T01:49:17.133+0000][15673.832s][info][gc,start      ] GC(1086) Pause Remark
[2026-06-18T01:49:17.136+0000][15673.835s][info][gc,stringtable] GC(1086) Cleaned string and symbol table, strings: 17459 processed, 0 removed, symbols: 125116 processed, 0 removed
[2026-06-18T01:49:17.136+0000][15673.835s][info][gc            ] GC(1086) Pause Remark 208M->208M(512M) 3.160ms
[2026-06-18T01:49:17.136+0000][15673.835s][info][gc,cpu        ] GC(1086) User=0.03s Sys=0.00s Real=0.01s
[2026-06-18T01:49:17.137+0000][15673.835s][info][gc,marking    ] GC(1086) Concurrent Rebuild Remembered Sets
[2026-06-18T01:49:17.142+0000][15673.840s][info][gc,marking    ] GC(1086) Concurrent Rebuild Remembered Sets 5.195ms
[2026-06-18T01:49:17.142+0000][15673.841s][info][gc,start      ] GC(1086) Pause Cleanup
[2026-06-18T01:49:17.143+0000][15673.841s][info][gc            ] GC(1086) Pause Cleanup 209M->209M(512M) 0.239ms
[2026-06-18T01:49:17.143+0000][15673.841s][info][gc,cpu        ] GC(1086) User=0.00s Sys=0.00s Real=0.00s
[2026-06-18T01:49:17.143+0000][15673.841s][info][gc,marking    ] GC(1086) Concurrent Cleanup for Next Mark
[2026-06-18T01:49:17.143+0000][15673.842s][info][gc,marking    ] GC(1086) Concurrent Cleanup for Next Mark 0.295ms
[2026-06-18T01:49:17.143+0000][15673.842s][info][gc            ] GC(1086) Concurrent Cycle 20.363ms
[2026-06-18T01:49:18.268+0000][15674.967s][info][gc,start      ] GC(1087) Pause Young (Prepare Mixed) (G1 Evacuation Pause)
[2026-06-18T01:49:18.268+0000][15674.967s][info][gc,task       ] GC(1087) Using 13 workers of 13 for evacuation
[2026-06-18T01:49:18.270+0000][15674.969s][info][gc,phases     ] GC(1087)   Pre Evacuate Collection Set: 0.0ms
[2026-06-18T01:49:18.270+0000][15674.969s][info][gc,phases     ] GC(1087)   Evacuate Collection Set: 1.6ms
[2026-06-18T01:49:18.270+0000][15674.969s][info][gc,phases     ] GC(1087)   Post Evacuate Collection Set: 0.3ms
[2026-06-18T01:49:18.270+0000][15674.969s][info][gc,phases     ] GC(1087)   Other: 0.3ms
[2026-06-18T01:49:18.270+0000][15674.969s][info][gc,heap       ] GC(1087) Eden regions: 241->0(20)
[2026-06-18T01:49:18.270+0000][15674.969s][info][gc,heap       ] GC(1087) Survivor regions: 9->5(32)
[2026-06-18T01:49:18.270+0000][15674.969s][info][gc,heap       ] GC(1087) Old regions: 49->49
[2026-06-18T01:49:18.271+0000][15674.969s][info][gc,heap       ] GC(1087) Humongous regions: 147->147
[2026-06-18T01:49:18.271+0000][15674.969s][info][gc,metaspace  ] GC(1087) Metaspace: 52908K(55808K)->52908K(55808K) NonClass: 46965K(48640K)->46965K(48640K) Class: 5942K(7168K)->5942K(7168K)
[2026-06-18T01:49:18.271+0000][15674.969s][info][gc            ] GC(1087) Pause Young (Prepare Mixed) (G1 Evacuation Pause) 444M->200M(512M) 2.764ms
[2026-06-18T01:49:18.271+0000][15674.969s][info][gc,cpu        ] GC(1087) User=0.02s Sys=0.00s Real=0.00s
[2026-06-18T01:49:18.365+0000][15675.063s][info][gc,start      ] GC(1088) Pause Young (Mixed) (G1 Evacuation Pause)
[2026-06-18T01:49:18.365+0000][15675.063s][info][gc,task       ] GC(1088) Using 13 workers of 13 for evacuation
[2026-06-18T01:49:18.369+0000][15675.068s][info][gc,phases     ] GC(1088)   Pre Evacuate Collection Set: 0.0ms
[2026-06-18T01:49:18.369+0000][15675.068s][info][gc,phases     ] GC(1088)   Evacuate Collection Set: 4.1ms
[2026-06-18T01:49:18.369+0000][15675.068s][info][gc,phases     ] GC(1088)   Post Evacuate Collection Set: 0.3ms
[2026-06-18T01:49:18.369+0000][15675.068s][info][gc,phases     ] GC(1088)   Other: 0.3ms
[2026-06-18T01:49:18.369+0000][15675.068s][info][gc,heap       ] GC(1088) Eden regions: 20->0(247)
[2026-06-18T01:49:18.369+0000][15675.068s][info][gc,heap       ] GC(1088) Survivor regions: 5->2(4)
[2026-06-18T01:49:18.369+0000][15675.068s][info][gc,heap       ] GC(1088) Old regions: 49->50
[2026-06-18T01:49:18.369+0000][15675.068s][info][gc,heap       ] GC(1088) Humongous regions: 147->147
[2026-06-18T01:49:18.370+0000][15675.068s][info][gc,metaspace  ] GC(1088) Metaspace: 52908K(55808K)->52908K(55808K) NonClass: 46965K(48640K)->46965K(48640K) Class: 5942K(7168K)->5942K(7168K)
[2026-06-18T01:49:18.370+0000][15675.068s][info][gc            ] GC(1088) Pause Young (Mixed) (G1 Evacuation Pause) 220M->197M(512M) 5.052ms
[2026-06-18T01:49:18.370+0000][15675.068s][info][gc,cpu        ] GC(1088) User=0.03s Sys=0.00s Real=0.00s
[2026-06-18T01:50:06.873+0000][15723.571s][info][gc,start      ] GC(1089) Pause Young (Normal) (G1 Evacuation Pause)
[2026-06-18T01:50:06.874+0000][15723.571s][info][gc,task       ] GC(1089) Using 13 workers of 13 for evacuation
[2026-06-18T01:50:06.876+0000][15723.574s][info][gc,phases     ] GC(1089)   Pre Evacuate Collection Set: 0.0ms
[2026-06-18T01:50:06.876+0000][15723.574s][info][gc,phases     ] GC(1089)   Evacuate Collection Set: 2.0ms
[2026-06-18T01:50:06.876+0000][15723.574s][info][gc,phases     ] GC(1089)   Post Evacuate Collection Set: 0.3ms
[2026-06-18T01:50:06.876+0000][15723.574s][info][gc,phases     ] GC(1089)   Other: 0.3ms
[2026-06-18T01:50:06.876+0000][15723.574s][info][gc,heap       ] GC(1089) Eden regions: 247->0(239)
[2026-06-18T01:50:06.876+0000][15723.574s][info][gc,heap       ] GC(1089) Survivor regions: 2->8(32)
[2026-06-18T01:50:06.876+0000][15723.574s][info][gc,heap       ] GC(1089) Old regions: 50->50
[2026-06-18T01:50:06.876+0000][15723.574s][info][gc,heap       ] GC(1089) Humongous regions: 147->147
[2026-06-18T01:50:06.876+0000][15723.574s][info][gc,metaspace  ] GC(1089) Metaspace: 52908K(55808K)->52908K(55808K) NonClass: 46965K(48640K)->46965K(48640K) Class: 5942K(7168K)->5942K(7168K)
[2026-06-18T01:50:06.876+0000][15723.574s][info][gc            ] GC(1089) Pause Young (Normal) (G1 Evacuation Pause) 444M->203M(512M) 2.856ms
[2026-06-18T01:50:06.876+0000][15723.574s][info][gc,cpu        ] GC(1089) User=0.02s Sys=0.00s Real=0.01s
[2026-06-18T01:50:08.270+0000][15724.968s][info][gc,start      ] GC(1090) Pause Young (Normal) (G1 Evacuation Pause)
[2026-06-18T01:50:08.270+0000][15724.968s][info][gc,task       ] GC(1090) Using 13 workers of 13 for evacuation
[2026-06-18T01:50:08.271+0000][15724.969s][info][gc,phases     ] GC(1090)   Pre Evacuate Collection Set: 0.0ms
[2026-06-18T01:50:08.272+0000][15724.970s][info][gc,phases     ] GC(1090)   Evacuate Collection Set: 1.2ms
[2026-06-18T01:50:08.272+0000][15724.970s][info][gc,phases     ] GC(1090)   Post Evacuate Collection Set: 0.3ms
[2026-06-18T01:50:08.272+0000][15724.970s][info][gc,phases     ] GC(1090)   Other: 0.3ms
[2026-06-18T01:50:08.272+0000][15724.970s][info][gc,heap       ] GC(1090) Eden regions: 239->0(243)
[2026-06-18T01:50:08.272+0000][15724.970s][info][gc,heap       ] GC(1090) Survivor regions: 8->5(31)
[2026-06-18T01:50:08.272+0000][15724.970s][info][gc,heap       ] GC(1090) Old regions: 50->50
[2026-06-18T01:50:08.272+0000][15724.970s][info][gc,heap       ] GC(1090) Humongous regions: 147->147
[2026-06-18T01:50:08.272+0000][15724.970s][info][gc,metaspace  ] GC(1090) Metaspace: 52908K(55808K)->52908K(55808K) NonClass: 46965K(48640K)->46965K(48640K) Class: 5942K(7168K)->5942K(7168K)
[2026-06-18T01:50:08.272+0000][15724.970s][info][gc            ] GC(1090) Pause Young (Normal) (G1 Evacuation Pause) 442M->200M(512M) 2.191ms
[2026-06-18T01:50:08.272+0000][15724.970s][info][gc,cpu        ] GC(1090) User=0.02s Sys=0.00s Real=0.00s
[2026-06-18T01:50:09.519+0000][15726.217s][info][gc,start      ] GC(1091) Pause Young (Concurrent Start) (G1 Evacuation Pause)
[2026-06-18T01:50:09.519+0000][15726.217s][info][gc,task       ] GC(1091) Using 13 workers of 13 for evacuation
[2026-06-18T01:50:09.523+0000][15726.221s][info][gc,phases     ] GC(1091)   Pre Evacuate Collection Set: 0.3ms
[2026-06-18T01:50:09.523+0000][15726.221s][info][gc,phases     ] GC(1091)   Evacuate Collection Set: 3.4ms
[2026-06-18T01:50:09.523+0000][15726.221s][info][gc,phases     ] GC(1091)   Post Evacuate Collection Set: 0.3ms
[2026-06-18T01:50:09.524+0000][15726.221s][info][gc,phases     ] GC(1091)   Other: 0.4ms
[2026-06-18T01:50:09.524+0000][15726.221s][info][gc,heap       ] GC(1091) Eden regions: 243->0(239)
[2026-06-18T01:50:09.524+0000][15726.221s][info][gc,heap       ] GC(1091) Survivor regions: 5->8(31)
[2026-06-18T01:50:09.524+0000][15726.222s][info][gc,heap       ] GC(1091) Old regions: 50->50
[2026-06-18T01:50:09.524+0000][15726.222s][info][gc,heap       ] GC(1091) Humongous regions: 147->147
[2026-06-18T01:50:09.524+0000][15726.222s][info][gc,metaspace  ] GC(1091) Metaspace: 52908K(55808K)->52908K(55808K) NonClass: 46965K(48640K)->46965K(48640K) Class: 5942K(7168K)->5942K(7168K)
[2026-06-18T01:50:09.524+0000][15726.222s][info][gc            ] GC(1091) Pause Young (Concurrent Start) (G1 Evacuation Pause) 443M->204M(512M) 4.602ms
[2026-06-18T01:50:09.524+0000][15726.222s][info][gc,cpu        ] GC(1091) User=0.04s Sys=0.01s Real=0.00s
[2026-06-18T01:50:09.524+0000][15726.222s][info][gc            ] GC(1092) Concurrent Cycle
[2026-06-18T01:50:09.524+0000][15726.222s][info][gc,marking    ] GC(1092) Concurrent Clear Claimed Marks
[2026-06-18T01:50:09.524+0000][15726.222s][info][gc,marking    ] GC(1092) Concurrent Clear Claimed Marks 0.206ms
[2026-06-18T01:50:09.524+0000][15726.222s][info][gc,marking    ] GC(1092) Concurrent Scan Root Regions
[2026-06-18T01:50:09.525+0000][15726.223s][info][gc,marking    ] GC(1092) Concurrent Scan Root Regions 1.380ms
[2026-06-18T01:50:09.526+0000][15726.223s][info][gc,marking    ] GC(1092) Concurrent Mark (15726.223s)
[2026-06-18T01:50:09.526+0000][15726.224s][info][gc,marking    ] GC(1092) Concurrent Mark From Roots
[2026-06-18T01:50:09.526+0000][15726.224s][info][gc,task       ] GC(1092) Using 3 workers of 3 for marking
[2026-06-18T01:50:09.532+0000][15726.230s][info][gc,marking    ] GC(1092) Concurrent Mark From Roots 6.764ms
[2026-06-18T01:50:09.533+0000][15726.230s][info][gc,marking    ] GC(1092) Concurrent Preclean
[2026-06-18T01:50:09.533+0000][15726.231s][info][gc,marking    ] GC(1092) Concurrent Preclean 0.226ms
[2026-06-18T01:50:09.533+0000][15726.231s][info][gc,marking    ] GC(1092) Concurrent Mark (15726.223s, 15726.231s) 7.378ms
[2026-06-18T01:50:09.533+0000][15726.231s][info][gc,start      ] GC(1092) Pause Remark
[2026-06-18T01:50:09.537+0000][15726.235s][info][gc,stringtable] GC(1092) Cleaned string and symbol table, strings: 17459 processed, 0 removed, symbols: 125116 processed, 0 removed
[2026-06-18T01:50:09.538+0000][15726.236s][info][gc            ] GC(1092) Pause Remark 209M->209M(512M) 4.882ms
[2026-06-18T01:50:09.538+0000][15726.236s][info][gc,cpu        ] GC(1092) User=0.03s Sys=0.00s Real=0.01s
[2026-06-18T01:50:09.539+0000][15726.236s][info][gc,marking    ] GC(1092) Concurrent Rebuild Remembered Sets
[2026-06-18T01:50:09.544+0000][15726.242s][info][gc,marking    ] GC(1092) Concurrent Rebuild Remembered Sets 5.562ms
[2026-06-18T01:50:09.544+0000][15726.242s][info][gc,start      ] GC(1092) Pause Cleanup
[2026-06-18T01:50:09.545+0000][15726.242s][info][gc            ] GC(1092) Pause Cleanup 209M->209M(512M) 0.167ms
[2026-06-18T01:50:09.545+0000][15726.243s][info][gc,cpu        ] GC(1092) User=0.00s Sys=0.00s Real=0.00s
[2026-06-18T01:50:09.545+0000][15726.243s][info][gc,marking    ] GC(1092) Concurrent Cleanup for Next Mark
[2026-06-18T01:50:09.545+0000][15726.243s][info][gc,marking    ] GC(1092) Concurrent Cleanup for Next Mark 0.287ms
[2026-06-18T01:50:09.545+0000][15726.243s][info][gc            ] GC(1092) Concurrent Cycle 21.314ms
[2026-06-18T01:50:10.662+0000][15727.360s][info][gc,start      ] GC(1093) Pause Young (Prepare Mixed) (G1 Evacuation Pause)
[2026-06-18T01:50:10.662+0000][15727.360s][info][gc,task       ] GC(1093) Using 13 workers of 13 for evacuation
[2026-06-18T01:50:10.666+0000][15727.364s][info][gc,phases     ] GC(1093)   Pre Evacuate Collection Set: 0.0ms
[2026-06-18T01:50:10.666+0000][15727.364s][info][gc,phases     ] GC(1093)   Evacuate Collection Set: 3.1ms
[2026-06-18T01:50:10.666+0000][15727.364s][info][gc,phases     ] GC(1093)   Post Evacuate Collection Set: 0.4ms
[2026-06-18T01:50:10.666+0000][15727.364s][info][gc,phases     ] GC(1093)   Other: 0.3ms
[2026-06-18T01:50:10.666+0000][15727.364s][info][gc,heap       ] GC(1093) Eden regions: 239->0(20)
[2026-06-18T01:50:10.666+0000][15727.364s][info][gc,heap       ] GC(1093) Survivor regions: 8->5(31)
[2026-06-18T01:50:10.666+0000][15727.364s][info][gc,heap       ] GC(1093) Old regions: 50->50
[2026-06-18T01:50:10.666+0000][15727.364s][info][gc,heap       ] GC(1093) Humongous regions: 147->147
[2026-06-18T01:50:10.666+0000][15727.364s][info][gc,metaspace  ] GC(1093) Metaspace: 52908K(55808K)->52908K(55808K) NonClass: 46965K(48640K)->46965K(48640K) Class: 5942K(7168K)->5942K(7168K)
[2026-06-18T01:50:10.666+0000][15727.364s][info][gc            ] GC(1093) Pause Young (Prepare Mixed) (G1 Evacuation Pause) 443M->201M(512M) 4.340ms
[2026-06-18T01:50:10.666+0000][15727.364s][info][gc,cpu        ] GC(1093) User=0.04s Sys=0.00s Real=0.01s
[2026-06-18T01:50:10.755+0000][15727.453s][info][gc,start      ] GC(1094) Pause Young (Mixed) (G1 Evacuation Pause)
[2026-06-18T01:50:10.755+0000][15727.453s][info][gc,task       ] GC(1094) Using 13 workers of 13 for evacuation
[2026-06-18T01:50:10.758+0000][15727.456s][info][gc,phases     ] GC(1094)   Pre Evacuate Collection Set: 0.0ms
[2026-06-18T01:50:10.758+0000][15727.456s][info][gc,phases     ] GC(1094)   Evacuate Collection Set: 2.3ms
[2026-06-18T01:50:10.758+0000][15727.456s][info][gc,phases     ] GC(1094)   Post Evacuate Collection Set: 0.3ms
[2026-06-18T01:50:10.758+0000][15727.456s][info][gc,phases     ] GC(1094)   Other: 0.3ms
[2026-06-18T01:50:10.758+0000][15727.456s][info][gc,heap       ] GC(1094) Eden regions: 20->0(245)
[2026-06-18T01:50:10.758+0000][15727.456s][info][gc,heap       ] GC(1094) Survivor regions: 5->2(4)
[2026-06-18T01:50:10.758+0000][15727.456s][info][gc,heap       ] GC(1094) Old regions: 50->49
[2026-06-18T01:50:10.758+0000][15727.456s][info][gc,heap       ] GC(1094) Humongous regions: 147->147
[2026-06-18T01:50:10.758+0000][15727.456s][info][gc,metaspace  ] GC(1094) Metaspace: 52908K(55808K)->52908K(55808K) NonClass: 46965K(48640K)->46965K(48640K) Class: 5942K(7168K)->5942K(7168K)
[2026-06-18T01:50:10.759+0000][15727.456s][info][gc            ] GC(1094) Pause Young (Mixed) (G1 Evacuation Pause) 221M->197M(512M) 3.491ms
[2026-06-18T01:50:10.759+0000][15727.456s][info][gc,cpu        ] GC(1094) User=0.02s Sys=0.00s Real=0.01s
[2026-06-18T01:50:59.536+0000][15776.237s][info][gc,start      ] GC(1095) Pause Young (Normal) (G1 Evacuation Pause)
[2026-06-18T01:50:59.536+0000][15776.237s][info][gc,task       ] GC(1095) Using 13 workers of 13 for evacuation
[2026-06-18T01:50:59.540+0000][15776.241s][info][gc,phases     ] GC(1095)   Pre Evacuate Collection Set: 0.0ms
[2026-06-18T01:50:59.540+0000][15776.241s][info][gc,phases     ] GC(1095)   Evacuate Collection Set: 3.4ms
[2026-06-18T01:50:59.540+0000][15776.241s][info][gc,phases     ] GC(1095)   Post Evacuate Collection Set: 0.4ms
[2026-06-18T01:50:59.540+0000][15776.241s][info][gc,phases     ] GC(1095)   Other: 0.3ms
[2026-06-18T01:50:59.540+0000][15776.241s][info][gc,heap       ] GC(1095) Eden regions: 245->0(239)
[2026-06-18T01:50:59.540+0000][15776.241s][info][gc,heap       ] GC(1095) Survivor regions: 2->8(31)
[2026-06-18T01:50:59.540+0000][15776.241s][info][gc,heap       ] GC(1095) Old regions: 49->49
[2026-06-18T01:50:59.540+0000][15776.241s][info][gc,heap       ] GC(1095) Humongous regions: 147->147
[2026-06-18T01:50:59.541+0000][15776.241s][info][gc,metaspace  ] GC(1095) Metaspace: 52908K(55808K)->52908K(55808K) NonClass: 46965K(48640K)->46965K(48640K) Class: 5942K(7168K)->5942K(7168K)
[2026-06-18T01:50:59.541+0000][15776.241s][info][gc            ] GC(1095) Pause Young (Normal) (G1 Evacuation Pause) 442M->202M(512M) 4.671ms
[2026-06-18T01:50:59.541+0000][15776.242s][info][gc,cpu        ] GC(1095) User=0.03s Sys=0.00s Real=0.00s
[2026-06-18T01:51:00.848+0000][15777.548s][info][gc,start      ] GC(1096) Pause Young (Normal) (G1 Evacuation Pause)
[2026-06-18T01:51:00.848+0000][15777.549s][info][gc,task       ] GC(1096) Using 13 workers of 13 for evacuation
[2026-06-18T01:51:00.850+0000][15777.551s][info][gc,phases     ] GC(1096)   Pre Evacuate Collection Set: 0.0ms
[2026-06-18T01:51:00.850+0000][15777.551s][info][gc,phases     ] GC(1096)   Evacuate Collection Set: 1.4ms
[2026-06-18T01:51:00.850+0000][15777.551s][info][gc,phases     ] GC(1096)   Post Evacuate Collection Set: 0.4ms
[2026-06-18T01:51:00.850+0000][15777.551s][info][gc,phases     ] GC(1096)   Other: 0.3ms
[2026-06-18T01:51:00.850+0000][15777.551s][info][gc,heap       ] GC(1096) Eden regions: 239->0(244)
[2026-06-18T01:51:00.850+0000][15777.551s][info][gc,heap       ] GC(1096) Survivor regions: 8->5(31)
[2026-06-18T01:51:00.850+0000][15777.551s][info][gc,heap       ] GC(1096) Old regions: 49->49
[2026-06-18T01:51:00.850+0000][15777.551s][info][gc,heap       ] GC(1096) Humongous regions: 147->147
[2026-06-18T01:51:00.850+0000][15777.551s][info][gc,metaspace  ] GC(1096) Metaspace: 52908K(55808K)->52908K(55808K) NonClass: 46965K(48640K)->46965K(48640K) Class: 5942K(7168K)->5942K(7168K)
[2026-06-18T01:51:00.850+0000][15777.551s][info][gc            ] GC(1096) Pause Young (Normal) (G1 Evacuation Pause) 441M->200M(512M) 2.560ms
[2026-06-18T01:51:00.850+0000][15777.551s][info][gc,cpu        ] GC(1096) User=0.02s Sys=0.00s Real=0.00s
[2026-06-18T01:51:02.092+0000][15778.793s][info][gc,start      ] GC(1097) Pause Young (Concurrent Start) (G1 Evacuation Pause)
[2026-06-18T01:51:02.092+0000][15778.793s][info][gc,task       ] GC(1097) Using 13 workers of 13 for evacuation
[2026-06-18T01:51:02.096+0000][15778.797s][info][gc,phases     ] GC(1097)   Pre Evacuate Collection Set: 0.3ms
[2026-06-18T01:51:02.096+0000][15778.797s][info][gc,phases     ] GC(1097)   Evacuate Collection Set: 2.5ms
[2026-06-18T01:51:02.096+0000][15778.797s][info][gc,phases     ] GC(1097)   Post Evacuate Collection Set: 0.3ms
[2026-06-18T01:51:02.096+0000][15778.797s][info][gc,phases     ] GC(1097)   Other: 0.4ms
[2026-06-18T01:51:02.096+0000][15778.797s][info][gc,heap       ] GC(1097) Eden regions: 244->0(240)
[2026-06-18T01:51:02.096+0000][15778.797s][info][gc,heap       ] GC(1097) Survivor regions: 5->9(32)
[2026-06-18T01:51:02.096+0000][15778.797s][info][gc,heap       ] GC(1097) Old regions: 49->49
[2026-06-18T01:51:02.096+0000][15778.797s][info][gc,heap       ] GC(1097) Humongous regions: 147->147
[2026-06-18T01:51:02.096+0000][15778.797s][info][gc,metaspace  ] GC(1097) Metaspace: 52908K(55808K)->52908K(55808K) NonClass: 46965K(48640K)->46965K(48640K) Class: 5942K(7168K)->5942K(7168K)
[2026-06-18T01:51:02.096+0000][15778.797s][info][gc            ] GC(1097) Pause Young (Concurrent Start) (G1 Evacuation Pause) 444M->204M(512M) 4.024ms
[2026-06-18T01:51:02.096+0000][15778.797s][info][gc,cpu        ] GC(1097) User=0.03s Sys=0.00s Real=0.00s
[2026-06-18T01:51:02.097+0000][15778.797s][info][gc            ] GC(1098) Concurrent Cycle
[2026-06-18T01:51:02.097+0000][15778.797s][info][gc,marking    ] GC(1098) Concurrent Clear Claimed Marks
[2026-06-18T01:51:02.097+0000][15778.798s][info][gc,marking    ] GC(1098) Concurrent Clear Claimed Marks 0.174ms
[2026-06-18T01:51:02.097+0000][15778.798s][info][gc,marking    ] GC(1098) Concurrent Scan Root Regions
[2026-06-18T01:51:02.098+0000][15778.799s][info][gc,marking    ] GC(1098) Concurrent Scan Root Regions 1.423ms
[2026-06-18T01:51:02.098+0000][15778.799s][info][gc,marking    ] GC(1098) Concurrent Mark (15778.799s)
[2026-06-18T01:51:02.098+0000][15778.799s][info][gc,marking    ] GC(1098) Concurrent Mark From Roots
[2026-06-18T01:51:02.099+0000][15778.799s][info][gc,task       ] GC(1098) Using 3 workers of 3 for marking
[2026-06-18T01:51:02.104+0000][15778.805s][info][gc,marking    ] GC(1098) Concurrent Mark From Roots 5.698ms
[2026-06-18T01:51:02.104+0000][15778.805s][info][gc,marking    ] GC(1098) Concurrent Preclean
[2026-06-18T01:51:02.104+0000][15778.805s][info][gc,marking    ] GC(1098) Concurrent Preclean 0.183ms
[2026-06-18T01:51:02.105+0000][15778.806s][info][gc,marking    ] GC(1098) Concurrent Mark (15778.799s, 15778.806s) 6.227ms
[2026-06-18T01:51:02.105+0000][15778.806s][info][gc,start      ] GC(1098) Pause Remark
[2026-06-18T01:51:02.107+0000][15778.808s][info][gc,stringtable] GC(1098) Cleaned string and symbol table, strings: 17459 processed, 0 removed, symbols: 125116 processed, 0 removed
[2026-06-18T01:51:02.108+0000][15778.808s][info][gc            ] GC(1098) Pause Remark 208M->208M(512M) 2.653ms
[2026-06-18T01:51:02.108+0000][15778.809s][info][gc,cpu        ] GC(1098) User=0.03s Sys=0.01s Real=0.00s
[2026-06-18T01:51:02.108+0000][15778.809s][info][gc,marking    ] GC(1098) Concurrent Rebuild Remembered Sets
[2026-06-18T01:51:02.113+0000][15778.813s][info][gc,marking    ] GC(1098) Concurrent Rebuild Remembered Sets 4.850ms
[2026-06-18T01:51:02.113+0000][15778.814s][info][gc,start      ] GC(1098) Pause Cleanup
[2026-06-18T01:51:02.113+0000][15778.814s][info][gc            ] GC(1098) Pause Cleanup 209M->209M(512M) 0.226ms
[2026-06-18T01:51:02.113+0000][15778.814s][info][gc,cpu        ] GC(1098) User=0.00s Sys=0.00s Real=0.00s
[2026-06-18T01:51:02.113+0000][15778.814s][info][gc,marking    ] GC(1098) Concurrent Cleanup for Next Mark
[2026-06-18T01:51:02.113+0000][15778.814s][info][gc,marking    ] GC(1098) Concurrent Cleanup for Next Mark 0.256ms
[2026-06-18T01:51:02.114+0000][15778.815s][info][gc            ] GC(1098) Concurrent Cycle 17.129ms
[2026-06-18T01:51:50.515+0000][15827.211s][info][gc,start      ] GC(1099) Pause Young (Prepare Mixed) (G1 Evacuation Pause)
[2026-06-18T01:51:50.515+0000][15827.212s][info][gc,task       ] GC(1099) Using 13 workers of 13 for evacuation
[2026-06-18T01:51:50.518+0000][15827.215s][info][gc,phases     ] GC(1099)   Pre Evacuate Collection Set: 0.0ms
[2026-06-18T01:51:50.518+0000][15827.215s][info][gc,phases     ] GC(1099)   Evacuate Collection Set: 2.9ms
[2026-06-18T01:51:50.518+0000][15827.215s][info][gc,phases     ] GC(1099)   Post Evacuate Collection Set: 0.5ms
[2026-06-18T01:51:50.519+0000][15827.215s][info][gc,phases     ] GC(1099)   Other: 0.4ms
[2026-06-18T01:51:50.519+0000][15827.215s][info][gc,heap       ] GC(1099) Eden regions: 240->0(18)
[2026-06-18T01:51:50.519+0000][15827.215s][info][gc,heap       ] GC(1099) Survivor regions: 9->7(32)
[2026-06-18T01:51:50.519+0000][15827.216s][info][gc,heap       ] GC(1099) Old regions: 49->49
[2026-06-18T01:51:50.519+0000][15827.216s][info][gc,heap       ] GC(1099) Humongous regions: 147->147
[2026-06-18T01:51:50.519+0000][15827.216s][info][gc,metaspace  ] GC(1099) Metaspace: 52908K(55808K)->52908K(55808K) NonClass: 46965K(48640K)->46965K(48640K) Class: 5942K(7168K)->5942K(7168K)
[2026-06-18T01:51:50.519+0000][15827.216s][info][gc            ] GC(1099) Pause Young (Prepare Mixed) (G1 Evacuation Pause) 444M->202M(512M) 4.232ms
[2026-06-18T01:51:50.519+0000][15827.216s][info][gc,cpu        ] GC(1099) User=0.03s Sys=0.00s Real=0.01s
[2026-06-18T01:51:50.628+0000][15827.325s][info][gc,start      ] GC(1100) Pause Young (Mixed) (G1 Evacuation Pause)
[2026-06-18T01:51:50.629+0000][15827.326s][info][gc,task       ] GC(1100) Using 13 workers of 13 for evacuation
[2026-06-18T01:51:50.634+0000][15827.331s][info][gc,phases     ] GC(1100)   Pre Evacuate Collection Set: 0.0ms
[2026-06-18T01:51:50.634+0000][15827.331s][info][gc,phases     ] GC(1100)   Evacuate Collection Set: 4.6ms
[2026-06-18T01:51:50.634+0000][15827.331s][info][gc,phases     ] GC(1100)   Post Evacuate Collection Set: 0.3ms
[2026-06-18T01:51:50.634+0000][15827.331s][info][gc,phases     ] GC(1100)   Other: 0.3ms
[2026-06-18T01:51:50.634+0000][15827.331s][info][gc,heap       ] GC(1100) Eden regions: 18->0(244)
[2026-06-18T01:51:50.634+0000][15827.331s][info][gc,heap       ] GC(1100) Survivor regions: 7->2(4)
[2026-06-18T01:51:50.634+0000][15827.331s][info][gc,heap       ] GC(1100) Old regions: 49->51
[2026-06-18T01:51:50.634+0000][15827.331s][info][gc,heap       ] GC(1100) Humongous regions: 147->147
[2026-06-18T01:51:50.634+0000][15827.331s][info][gc,metaspace  ] GC(1100) Metaspace: 52908K(55808K)->52908K(55808K) NonClass: 46965K(48640K)->46965K(48640K) Class: 5942K(7168K)->5942K(7168K)
[2026-06-18T01:51:50.634+0000][15827.331s][info][gc            ] GC(1100) Pause Young (Mixed) (G1 Evacuation Pause) 220M->199M(512M) 5.737ms
[2026-06-18T01:51:50.634+0000][15827.331s][info][gc,cpu        ] GC(1100) User=0.05s Sys=0.00s Real=0.00s
[2026-06-18T01:51:52.090+0000][15828.787s][info][gc,start      ] GC(1101) Pause Young (Normal) (G1 Evacuation Pause)
[2026-06-18T01:51:52.090+0000][15828.787s][info][gc,task       ] GC(1101) Using 13 workers of 13 for evacuation
[2026-06-18T01:51:52.093+0000][15828.789s][info][gc,phases     ] GC(1101)   Pre Evacuate Collection Set: 0.0ms
[2026-06-18T01:51:52.093+0000][15828.790s][info][gc,phases     ] GC(1101)   Evacuate Collection Set: 1.9ms
[2026-06-18T01:51:52.093+0000][15828.790s][info][gc,phases     ] GC(1101)   Post Evacuate Collection Set: 0.3ms
[2026-06-18T01:51:52.093+0000][15828.790s][info][gc,phases     ] GC(1101)   Other: 0.3ms
[2026-06-18T01:51:52.093+0000][15828.790s][info][gc,heap       ] GC(1101) Eden regions: 244->0(238)
[2026-06-18T01:51:52.093+0000][15828.790s][info][gc,heap       ] GC(1101) Survivor regions: 2->8(31)
[2026-06-18T01:51:52.093+0000][15828.790s][info][gc,heap       ] GC(1101) Old regions: 51->51
[2026-06-18T01:51:52.093+0000][15828.790s][info][gc,heap       ] GC(1101) Humongous regions: 147->147
[2026-06-18T01:51:52.093+0000][15828.790s][info][gc,metaspace  ] GC(1101) Metaspace: 52908K(55808K)->52908K(55808K) NonClass: 46965K(48640K)->46965K(48640K) Class: 5942K(7168K)->5942K(7168K)
[2026-06-18T01:51:52.093+0000][15828.790s][info][gc            ] GC(1101) Pause Young (Normal) (G1 Evacuation Pause) 443M->205M(512M) 3.035ms
[2026-06-18T01:51:52.093+0000][15828.790s][info][gc,cpu        ] GC(1101) User=0.02s Sys=0.01s Real=0.00s
[2026-06-18T01:51:53.301+0000][15829.998s][info][gc,start      ] GC(1102) Pause Young (Normal) (G1 Evacuation Pause)
[2026-06-18T01:51:53.301+0000][15829.998s][info][gc,task       ] GC(1102) Using 13 workers of 13 for evacuation
[2026-06-18T01:51:53.303+0000][15830.000s][info][gc,phases     ] GC(1102)   Pre Evacuate Collection Set: 0.0ms
[2026-06-18T01:51:53.303+0000][15830.000s][info][gc,phases     ] GC(1102)   Evacuate Collection Set: 1.4ms
[2026-06-18T01:51:53.303+0000][15830.000s][info][gc,phases     ] GC(1102)   Post Evacuate Collection Set: 0.3ms
[2026-06-18T01:51:53.303+0000][15830.000s][info][gc,phases     ] GC(1102)   Other: 0.3ms
[2026-06-18T01:51:53.303+0000][15830.000s][info][gc,heap       ] GC(1102) Eden regions: 238->0(242)
[2026-06-18T01:51:53.303+0000][15830.000s][info][gc,heap       ] GC(1102) Survivor regions: 8->5(31)
[2026-06-18T01:51:53.303+0000][15830.000s][info][gc,heap       ] GC(1102) Old regions: 51->51
[2026-06-18T01:51:53.303+0000][15830.000s][info][gc,heap       ] GC(1102) Humongous regions: 147->147
[2026-06-18T01:51:53.303+0000][15830.000s][info][gc,metaspace  ] GC(1102) Metaspace: 52908K(55808K)->52908K(55808K) NonClass: 46965K(48640K)->46965K(48640K) Class: 5942K(7168K)->5942K(7168K)
[2026-06-18T01:51:53.303+0000][15830.000s][info][gc            ] GC(1102) Pause Young (Normal) (G1 Evacuation Pause) 443M->201M(512M) 2.401ms
[2026-06-18T01:51:53.303+0000][15830.000s][info][gc,cpu        ] GC(1102) User=0.02s Sys=0.00s Real=0.00s
[2026-06-18T01:51:54.461+0000][15831.158s][info][gc,start      ] GC(1103) Pause Young (Concurrent Start) (G1 Evacuation Pause)
[2026-06-18T01:51:54.461+0000][15831.158s][info][gc,task       ] GC(1103) Using 13 workers of 13 for evacuation
[2026-06-18T01:51:54.464+0000][15831.161s][info][gc,phases     ] GC(1103)   Pre Evacuate Collection Set: 0.3ms
[2026-06-18T01:51:54.464+0000][15831.161s][info][gc,phases     ] GC(1103)   Evacuate Collection Set: 1.9ms
[2026-06-18T01:51:54.464+0000][15831.161s][info][gc,phases     ] GC(1103)   Post Evacuate Collection Set: 0.4ms
[2026-06-18T01:51:54.464+0000][15831.161s][info][gc,phases     ] GC(1103)   Other: 0.3ms
[2026-06-18T01:51:54.464+0000][15831.161s][info][gc,heap       ] GC(1103) Eden regions: 242->0(238)
[2026-06-18T01:51:54.464+0000][15831.161s][info][gc,heap       ] GC(1103) Survivor regions: 5->8(31)
[2026-06-18T01:51:54.464+0000][15831.161s][info][gc,heap       ] GC(1103) Old regions: 51->51
[2026-06-18T01:51:54.464+0000][15831.161s][info][gc,heap       ] GC(1103) Humongous regions: 147->147
[2026-06-18T01:51:54.464+0000][15831.161s][info][gc,metaspace  ] GC(1103) Metaspace: 52908K(55808K)->52908K(55808K) NonClass: 46965K(48640K)->46965K(48640K) Class: 5942K(7168K)->5942K(7168K)
[2026-06-18T01:51:54.464+0000][15831.161s][info][gc            ] GC(1103) Pause Young (Concurrent Start) (G1 Evacuation Pause) 443M->205M(512M) 3.271ms
[2026-06-18T01:51:54.465+0000][15831.161s][info][gc,cpu        ] GC(1103) User=0.03s Sys=0.00s Real=0.00s
[2026-06-18T01:51:54.465+0000][15831.161s][info][gc            ] GC(1104) Concurrent Cycle
[2026-06-18T01:51:54.465+0000][15831.162s][info][gc,marking    ] GC(1104) Concurrent Clear Claimed Marks
[2026-06-18T01:51:54.465+0000][15831.162s][info][gc,marking    ] GC(1104) Concurrent Clear Claimed Marks 0.199ms
[2026-06-18T01:51:54.465+0000][15831.162s][info][gc,marking    ] GC(1104) Concurrent Scan Root Regions
[2026-06-18T01:51:54.466+0000][15831.163s][info][gc,marking    ] GC(1104) Concurrent Scan Root Regions 1.289ms
[2026-06-18T01:51:54.466+0000][15831.163s][info][gc,marking    ] GC(1104) Concurrent Mark (15831.163s)
[2026-06-18T01:51:54.466+0000][15831.163s][info][gc,marking    ] GC(1104) Concurrent Mark From Roots
[2026-06-18T01:51:54.466+0000][15831.163s][info][gc,task       ] GC(1104) Using 3 workers of 3 for marking
[2026-06-18T01:51:54.472+0000][15831.169s][info][gc,marking    ] GC(1104) Concurrent Mark From Roots 6.010ms
[2026-06-18T01:51:54.473+0000][15831.169s][info][gc,marking    ] GC(1104) Concurrent Preclean
[2026-06-18T01:51:54.473+0000][15831.170s][info][gc,marking    ] GC(1104) Concurrent Preclean 0.155ms
[2026-06-18T01:51:54.473+0000][15831.170s][info][gc,marking    ] GC(1104) Concurrent Mark (15831.163s, 15831.170s) 6.479ms
[2026-06-18T01:51:54.473+0000][15831.170s][info][gc,start      ] GC(1104) Pause Remark
[2026-06-18T01:51:54.476+0000][15831.173s][info][gc,stringtable] GC(1104) Cleaned string and symbol table, strings: 17459 processed, 0 removed, symbols: 125116 processed, 0 removed
[2026-06-18T01:51:54.476+0000][15831.173s][info][gc            ] GC(1104) Pause Remark 210M->210M(512M) 3.172ms
[2026-06-18T01:51:54.476+0000][15831.173s][info][gc,cpu        ] GC(1104) User=0.03s Sys=0.00s Real=0.00s
[2026-06-18T01:51:54.476+0000][15831.173s][info][gc,marking    ] GC(1104) Concurrent Rebuild Remembered Sets
[2026-06-18T01:51:54.481+0000][15831.178s][info][gc,marking    ] GC(1104) Concurrent Rebuild Remembered Sets 4.784ms
[2026-06-18T01:51:54.481+0000][15831.178s][info][gc,start      ] GC(1104) Pause Cleanup
[2026-06-18T01:51:54.481+0000][15831.178s][info][gc            ] GC(1104) Pause Cleanup 211M->211M(512M) 0.163ms
[2026-06-18T01:51:54.481+0000][15831.178s][info][gc,cpu        ] GC(1104) User=0.00s Sys=0.00s Real=0.00s
[2026-06-18T01:51:54.481+0000][15831.178s][info][gc,marking    ] GC(1104) Concurrent Cleanup for Next Mark
[2026-06-18T01:51:54.482+0000][15831.178s][info][gc,marking    ] GC(1104) Concurrent Cleanup for Next Mark 0.108ms
[2026-06-18T01:51:54.482+0000][15831.179s][info][gc            ] GC(1104) Concurrent Cycle 17.059ms
[2026-06-18T01:52:43.036+0000][15879.732s][info][gc,start      ] GC(1105) Pause Young (Prepare Mixed) (G1 Evacuation Pause)
[2026-06-18T01:52:43.036+0000][15879.732s][info][gc,task       ] GC(1105) Using 13 workers of 13 for evacuation
[2026-06-18T01:52:43.038+0000][15879.734s][info][gc,phases     ] GC(1105)   Pre Evacuate Collection Set: 0.0ms
[2026-06-18T01:52:43.038+0000][15879.734s][info][gc,phases     ] GC(1105)   Evacuate Collection Set: 1.3ms
[2026-06-18T01:52:43.039+0000][15879.734s][info][gc,phases     ] GC(1105)   Post Evacuate Collection Set: 0.4ms
[2026-06-18T01:52:43.039+0000][15879.734s][info][gc,phases     ] GC(1105)   Other: 0.4ms
[2026-06-18T01:52:43.039+0000][15879.734s][info][gc,heap       ] GC(1105) Eden regions: 238->0(21)
[2026-06-18T01:52:43.039+0000][15879.734s][info][gc,heap       ] GC(1105) Survivor regions: 8->4(31)
[2026-06-18T01:52:43.039+0000][15879.734s][info][gc,heap       ] GC(1105) Old regions: 51->51
[2026-06-18T01:52:43.039+0000][15879.734s][info][gc,heap       ] GC(1105) Humongous regions: 147->147
[2026-06-18T01:52:43.039+0000][15879.735s][info][gc,metaspace  ] GC(1105) Metaspace: 52908K(55808K)->52908K(55808K) NonClass: 46965K(48640K)->46965K(48640K) Class: 5942K(7168K)->5942K(7168K)
[2026-06-18T01:52:43.039+0000][15879.735s][info][gc            ] GC(1105) Pause Young (Prepare Mixed) (G1 Evacuation Pause) 443M->201M(512M) 2.624ms
[2026-06-18T01:52:43.039+0000][15879.735s][info][gc,cpu        ] GC(1105) User=0.02s Sys=0.00s Real=0.01s
[2026-06-18T01:52:43.170+0000][15879.865s][info][gc,start      ] GC(1106) Pause Young (Mixed) (G1 Evacuation Pause)
[2026-06-18T01:52:43.170+0000][15879.865s][info][gc,task       ] GC(1106) Using 13 workers of 13 for evacuation
[2026-06-18T01:52:43.172+0000][15879.868s][info][gc,phases     ] GC(1106)   Pre Evacuate Collection Set: 0.0ms
[2026-06-18T01:52:43.173+0000][15879.868s][info][gc,phases     ] GC(1106)   Evacuate Collection Set: 2.1ms
[2026-06-18T01:52:43.173+0000][15879.868s][info][gc,phases     ] GC(1106)   Post Evacuate Collection Set: 0.4ms
[2026-06-18T01:52:43.173+0000][15879.868s][info][gc,phases     ] GC(1106)   Other: 0.3ms
[2026-06-18T01:52:43.173+0000][15879.868s][info][gc,heap       ] GC(1106) Eden regions: 21->0(245)
[2026-06-18T01:52:43.173+0000][15879.868s][info][gc,heap       ] GC(1106) Survivor regions: 4->4(4)
[2026-06-18T01:52:43.173+0000][15879.869s][info][gc,heap       ] GC(1106) Old regions: 51->48
[2026-06-18T01:52:43.173+0000][15879.869s][info][gc,heap       ] GC(1106) Humongous regions: 147->147
[2026-06-18T01:52:43.173+0000][15879.869s][info][gc,metaspace  ] GC(1106) Metaspace: 52908K(55808K)->52908K(55808K) NonClass: 46965K(48640K)->46965K(48640K) Class: 5942K(7168K)->5942K(7168K)
[2026-06-18T01:52:43.173+0000][15879.869s][info][gc            ] GC(1106) Pause Young (Mixed) (G1 Evacuation Pause) 222M->197M(512M) 3.663ms
[2026-06-18T01:52:43.173+0000][15879.869s][info][gc,cpu        ] GC(1106) User=0.02s Sys=0.01s Real=0.00s
[2026-06-18T01:52:44.584+0000][15881.280s][info][gc,start      ] GC(1107) Pause Young (Normal) (G1 Evacuation Pause)
[2026-06-18T01:52:44.584+0000][15881.280s][info][gc,task       ] GC(1107) Using 13 workers of 13 for evacuation
[2026-06-18T01:52:44.587+0000][15881.282s][info][gc,phases     ] GC(1107)   Pre Evacuate Collection Set: 0.0ms
[2026-06-18T01:52:44.587+0000][15881.282s][info][gc,phases     ] GC(1107)   Evacuate Collection Set: 1.8ms
[2026-06-18T01:52:44.587+0000][15881.282s][info][gc,phases     ] GC(1107)   Post Evacuate Collection Set: 0.3ms
[2026-06-18T01:52:44.587+0000][15881.282s][info][gc,phases     ] GC(1107)   Other: 0.3ms
[2026-06-18T01:52:44.587+0000][15881.282s][info][gc,heap       ] GC(1107) Eden regions: 245->0(242)
[2026-06-18T01:52:44.587+0000][15881.283s][info][gc,heap       ] GC(1107) Survivor regions: 4->7(32)
[2026-06-18T01:52:44.587+0000][15881.283s][info][gc,heap       ] GC(1107) Old regions: 48->48
[2026-06-18T01:52:44.587+0000][15881.283s][info][gc,heap       ] GC(1107) Humongous regions: 147->147
[2026-06-18T01:52:44.587+0000][15881.283s][info][gc,metaspace  ] GC(1107) Metaspace: 52908K(55808K)->52908K(55808K) NonClass: 46965K(48640K)->46965K(48640K) Class: 5942K(7168K)->5942K(7168K)
[2026-06-18T01:52:44.587+0000][15881.283s][info][gc            ] GC(1107) Pause Young (Normal) (G1 Evacuation Pause) 442M->201M(512M) 2.922ms
[2026-06-18T01:52:44.587+0000][15881.283s][info][gc,cpu        ] GC(1107) User=0.02s Sys=0.00s Real=0.00s
[2026-06-18T01:52:45.819+0000][15882.515s][info][gc,start      ] GC(1108) Pause Young (Normal) (G1 Evacuation Pause)
[2026-06-18T01:52:45.820+0000][15882.515s][info][gc,task       ] GC(1108) Using 13 workers of 13 for evacuation
[2026-06-18T01:52:45.821+0000][15882.517s][info][gc,phases     ] GC(1108)   Pre Evacuate Collection Set: 0.0ms
[2026-06-18T01:52:45.821+0000][15882.517s][info][gc,phases     ] GC(1108)   Evacuate Collection Set: 1.2ms
[2026-06-18T01:52:45.821+0000][15882.517s][info][gc,phases     ] GC(1108)   Post Evacuate Collection Set: 0.3ms
[2026-06-18T01:52:45.821+0000][15882.517s][info][gc,phases     ] GC(1108)   Other: 0.3ms
[2026-06-18T01:52:45.821+0000][15882.517s][info][gc,heap       ] GC(1108) Eden regions: 242->0(246)
[2026-06-18T01:52:45.821+0000][15882.517s][info][gc,heap       ] GC(1108) Survivor regions: 7->4(32)
[2026-06-18T01:52:45.822+0000][15882.517s][info][gc,heap       ] GC(1108) Old regions: 48->48
[2026-06-18T01:52:45.822+0000][15882.517s][info][gc,heap       ] GC(1108) Humongous regions: 147->147
[2026-06-18T01:52:45.822+0000][15882.517s][info][gc,metaspace  ] GC(1108) Metaspace: 52908K(55808K)->52908K(55808K) NonClass: 46965K(48640K)->46965K(48640K) Class: 5942K(7168K)->5942K(7168K)
[2026-06-18T01:52:45.822+0000][15882.517s][info][gc            ] GC(1108) Pause Young (Normal) (G1 Evacuation Pause) 443M->198M(512M) 2.403ms
[2026-06-18T01:52:45.822+0000][15882.518s][info][gc,cpu        ] GC(1108) User=0.01s Sys=0.00s Real=0.00s
[2026-06-18T01:52:47.025+0000][15883.721s][info][gc,start      ] GC(1109) Pause Young (Concurrent Start) (G1 Evacuation Pause)
[2026-06-18T01:52:47.025+0000][15883.721s][info][gc,task       ] GC(1109) Using 13 workers of 13 for evacuation
[2026-06-18T01:52:47.028+0000][15883.724s][info][gc,phases     ] GC(1109)   Pre Evacuate Collection Set: 0.3ms
[2026-06-18T01:52:47.029+0000][15883.724s][info][gc,phases     ] GC(1109)   Evacuate Collection Set: 2.2ms
[2026-06-18T01:52:47.029+0000][15883.724s][info][gc,phases     ] GC(1109)   Post Evacuate Collection Set: 0.4ms
[2026-06-18T01:52:47.029+0000][15883.724s][info][gc,phases     ] GC(1109)   Other: 0.4ms
[2026-06-18T01:52:47.029+0000][15883.724s][info][gc,heap       ] GC(1109) Eden regions: 246->0(242)
[2026-06-18T01:52:47.029+0000][15883.724s][info][gc,heap       ] GC(1109) Survivor regions: 4->8(32)
[2026-06-18T01:52:47.029+0000][15883.724s][info][gc,heap       ] GC(1109) Old regions: 48->48
[2026-06-18T01:52:47.029+0000][15883.725s][info][gc,heap       ] GC(1109) Humongous regions: 147->147
[2026-06-18T01:52:47.029+0000][15883.725s][info][gc,metaspace  ] GC(1109) Metaspace: 52908K(55808K)->52908K(55808K) NonClass: 46965K(48640K)->46965K(48640K) Class: 5942K(7168K)->5942K(7168K)
[2026-06-18T01:52:47.029+0000][15883.725s][info][gc            ] GC(1109) Pause Young (Concurrent Start) (G1 Evacuation Pause) 444M->201M(512M) 3.804ms
[2026-06-18T01:52:47.029+0000][15883.725s][info][gc,cpu        ] GC(1109) User=0.03s Sys=0.00s Real=0.01s
[2026-06-18T01:52:47.029+0000][15883.725s][info][gc            ] GC(1110) Concurrent Cycle
[2026-06-18T01:52:47.029+0000][15883.725s][info][gc,marking    ] GC(1110) Concurrent Clear Claimed Marks
[2026-06-18T01:52:47.029+0000][15883.725s][info][gc,marking    ] GC(1110) Concurrent Clear Claimed Marks 0.233ms
[2026-06-18T01:52:47.029+0000][15883.725s][info][gc,marking    ] GC(1110) Concurrent Scan Root Regions
[2026-06-18T01:52:47.031+0000][15883.726s][info][gc,marking    ] GC(1110) Concurrent Scan Root Regions 1.300ms
[2026-06-18T01:52:47.031+0000][15883.726s][info][gc,marking    ] GC(1110) Concurrent Mark (15883.726s)
[2026-06-18T01:52:47.031+0000][15883.727s][info][gc,marking    ] GC(1110) Concurrent Mark From Roots
[2026-06-18T01:52:47.031+0000][15883.727s][info][gc,task       ] GC(1110) Using 3 workers of 3 for marking
[2026-06-18T01:52:47.037+0000][15883.732s][info][gc,marking    ] GC(1110) Concurrent Mark From Roots 5.558ms
[2026-06-18T01:52:47.037+0000][15883.732s][info][gc,marking    ] GC(1110) Concurrent Preclean
[2026-06-18T01:52:47.037+0000][15883.732s][info][gc,marking    ] GC(1110) Concurrent Preclean 0.179ms
[2026-06-18T01:52:47.037+0000][15883.733s][info][gc,marking    ] GC(1110) Concurrent Mark (15883.726s, 15883.733s) 6.045ms
[2026-06-18T01:52:47.037+0000][15883.733s][info][gc,start      ] GC(1110) Pause Remark
[2026-06-18T01:52:47.040+0000][15883.735s][info][gc,stringtable] GC(1110) Cleaned string and symbol table, strings: 17459 processed, 0 removed, symbols: 125116 processed, 0 removed
[2026-06-18T01:52:47.040+0000][15883.735s][info][gc            ] GC(1110) Pause Remark 206M->206M(512M) 2.682ms
[2026-06-18T01:52:47.040+0000][15883.736s][info][gc,cpu        ] GC(1110) User=0.03s Sys=0.00s Real=0.01s
[2026-06-18T01:52:47.040+0000][15883.736s][info][gc,marking    ] GC(1110) Concurrent Rebuild Remembered Sets
[2026-06-18T01:52:47.045+0000][15883.740s][info][gc,marking    ] GC(1110) Concurrent Rebuild Remembered Sets 4.882ms
[2026-06-18T01:52:47.045+0000][15883.741s][info][gc,start      ] GC(1110) Pause Cleanup
[2026-06-18T01:52:47.045+0000][15883.741s][info][gc            ] GC(1110) Pause Cleanup 206M->206M(512M) 0.207ms
[2026-06-18T01:52:47.045+0000][15883.741s][info][gc,cpu        ] GC(1110) User=0.00s Sys=0.00s Real=0.00s
[2026-06-18T01:52:47.046+0000][15883.741s][info][gc,marking    ] GC(1110) Concurrent Cleanup for Next Mark
[2026-06-18T01:52:47.046+0000][15883.741s][info][gc,marking    ] GC(1110) Concurrent Cleanup for Next Mark 0.168ms
[2026-06-18T01:52:47.046+0000][15883.741s][info][gc            ] GC(1110) Concurrent Cycle 16.597ms
[2026-06-18T01:53:35.688+0000][15932.383s][info][gc,start      ] GC(1111) Pause Young (Prepare Mixed) (G1 Evacuation Pause)
[2026-06-18T01:53:35.688+0000][15932.383s][info][gc,task       ] GC(1111) Using 13 workers of 13 for evacuation
[2026-06-18T01:53:35.691+0000][15932.386s][info][gc,phases     ] GC(1111)   Pre Evacuate Collection Set: 0.0ms
[2026-06-18T01:53:35.692+0000][15932.387s][info][gc,phases     ] GC(1111)   Evacuate Collection Set: 2.7ms
[2026-06-18T01:53:35.692+0000][15932.387s][info][gc,phases     ] GC(1111)   Post Evacuate Collection Set: 0.3ms
[2026-06-18T01:53:35.692+0000][15932.387s][info][gc,phases     ] GC(1111)   Other: 0.5ms
[2026-06-18T01:53:35.692+0000][15932.387s][info][gc,heap       ] GC(1111) Eden regions: 242->0(20)
[2026-06-18T01:53:35.692+0000][15932.387s][info][gc,heap       ] GC(1111) Survivor regions: 8->5(32)
[2026-06-18T01:53:35.693+0000][15932.387s][info][gc,heap       ] GC(1111) Old regions: 48->48
[2026-06-18T01:53:35.693+0000][15932.387s][info][gc,heap       ] GC(1111) Humongous regions: 147->147
[2026-06-18T01:53:35.693+0000][15932.387s][info][gc,metaspace  ] GC(1111) Metaspace: 52908K(55808K)->52908K(55808K) NonClass: 46965K(48640K)->46965K(48640K) Class: 5942K(7168K)->5942K(7168K)
[2026-06-18T01:53:35.693+0000][15932.387s][info][gc            ] GC(1111) Pause Young (Prepare Mixed) (G1 Evacuation Pause) 443M->199M(512M) 4.696ms
[2026-06-18T01:53:35.693+0000][15932.388s][info][gc,cpu        ] GC(1111) User=0.02s Sys=0.00s Real=0.01s
[2026-06-18T01:53:35.822+0000][15932.517s][info][gc,start      ] GC(1112) Pause Young (Mixed) (G1 Evacuation Pause)
[2026-06-18T01:53:35.822+0000][15932.517s][info][gc,task       ] GC(1112) Using 13 workers of 13 for evacuation
[2026-06-18T01:53:35.827+0000][15932.521s][info][gc,phases     ] GC(1112)   Pre Evacuate Collection Set: 0.0ms
[2026-06-18T01:53:35.827+0000][15932.522s][info][gc,phases     ] GC(1112)   Evacuate Collection Set: 3.5ms
[2026-06-18T01:53:35.827+0000][15932.522s][info][gc,phases     ] GC(1112)   Post Evacuate Collection Set: 0.9ms
[2026-06-18T01:53:35.827+0000][15932.522s][info][gc,phases     ] GC(1112)   Other: 0.3ms
[2026-06-18T01:53:35.827+0000][15932.522s][info][gc,heap       ] GC(1112) Eden regions: 20->0(247)
[2026-06-18T01:53:35.827+0000][15932.522s][info][gc,heap       ] GC(1112) Survivor regions: 5->2(4)
[2026-06-18T01:53:35.827+0000][15932.522s][info][gc,heap       ] GC(1112) Old regions: 48->49
[2026-06-18T01:53:35.827+0000][15932.522s][info][gc,heap       ] GC(1112) Humongous regions: 147->147
[2026-06-18T01:53:35.827+0000][15932.522s][info][gc,metaspace  ] GC(1112) Metaspace: 52908K(55808K)->52908K(55808K) NonClass: 46965K(48640K)->46965K(48640K) Class: 5942K(7168K)->5942K(7168K)
[2026-06-18T01:53:35.827+0000][15932.522s][info][gc            ] GC(1112) Pause Young (Mixed) (G1 Evacuation Pause) 219M->197M(512M) 5.221ms
[2026-06-18T01:53:35.827+0000][15932.522s][info][gc,cpu        ] GC(1112) User=0.02s Sys=0.00s Real=0.00s
[2026-06-18T01:53:37.155+0000][15933.850s][info][gc,start      ] GC(1113) Pause Young (Normal) (G1 Evacuation Pause)
[2026-06-18T01:53:37.155+0000][15933.850s][info][gc,task       ] GC(1113) Using 13 workers of 13 for evacuation
[2026-06-18T01:53:37.158+0000][15933.852s][info][gc,phases     ] GC(1113)   Pre Evacuate Collection Set: 0.0ms
[2026-06-18T01:53:37.158+0000][15933.852s][info][gc,phases     ] GC(1113)   Evacuate Collection Set: 1.7ms
[2026-06-18T01:53:37.158+0000][15933.852s][info][gc,phases     ] GC(1113)   Post Evacuate Collection Set: 0.4ms
[2026-06-18T01:53:37.158+0000][15933.853s][info][gc,phases     ] GC(1113)   Other: 0.3ms
[2026-06-18T01:53:37.158+0000][15933.853s][info][gc,heap       ] GC(1113) Eden regions: 247->0(242)
[2026-06-18T01:53:37.158+0000][15933.853s][info][gc,heap       ] GC(1113) Survivor regions: 2->7(32)
[2026-06-18T01:53:37.158+0000][15933.853s][info][gc,heap       ] GC(1113) Old regions: 49->49
[2026-06-18T01:53:37.158+0000][15933.853s][info][gc,heap       ] GC(1113) Humongous regions: 147->147
[2026-06-18T01:53:37.158+0000][15933.853s][info][gc,metaspace  ] GC(1113) Metaspace: 52908K(55808K)->52908K(55808K) NonClass: 46965K(48640K)->46965K(48640K) Class: 5942K(7168K)->5942K(7168K)
[2026-06-18T01:53:37.158+0000][15933.853s][info][gc            ] GC(1113) Pause Young (Normal) (G1 Evacuation Pause) 444M->202M(512M) 2.940ms
[2026-06-18T01:53:37.158+0000][15933.853s][info][gc,cpu        ] GC(1113) User=0.02s Sys=0.00s Real=0.00s
[2026-06-18T01:53:38.447+0000][15935.142s][info][gc,start      ] GC(1114) Pause Young (Normal) (G1 Evacuation Pause)
[2026-06-18T01:53:38.447+0000][15935.142s][info][gc,task       ] GC(1114) Using 13 workers of 13 for evacuation
[2026-06-18T01:53:38.451+0000][15935.146s][info][gc,phases     ] GC(1114)   Pre Evacuate Collection Set: 0.0ms
[2026-06-18T01:53:38.451+0000][15935.146s][info][gc,phases     ] GC(1114)   Evacuate Collection Set: 2.9ms
[2026-06-18T01:53:38.451+0000][15935.146s][info][gc,phases     ] GC(1114)   Post Evacuate Collection Set: 0.4ms
[2026-06-18T01:53:38.451+0000][15935.146s][info][gc,phases     ] GC(1114)   Other: 0.3ms
[2026-06-18T01:53:38.451+0000][15935.146s][info][gc,heap       ] GC(1114) Eden regions: 242->0(248)
[2026-06-18T01:53:38.451+0000][15935.146s][info][gc,heap       ] GC(1114) Survivor regions: 7->3(32)
[2026-06-18T01:53:38.451+0000][15935.146s][info][gc,heap       ] GC(1114) Old regions: 49->49
[2026-06-18T01:53:38.451+0000][15935.146s][info][gc,heap       ] GC(1114) Humongous regions: 147->147
[2026-06-18T01:53:38.451+0000][15935.146s][info][gc,metaspace  ] GC(1114) Metaspace: 52908K(55808K)->52908K(55808K) NonClass: 46965K(48640K)->46965K(48640K) Class: 5942K(7168K)->5942K(7168K)
[2026-06-18T01:53:38.451+0000][15935.146s][info][gc            ] GC(1114) Pause Young (Normal) (G1 Evacuation Pause) 444M->197M(512M) 4.132ms
[2026-06-18T01:53:38.451+0000][15935.146s][info][gc,cpu        ] GC(1114) User=0.03s Sys=0.00s Real=0.01s
[2026-06-18T01:54:26.941+0000][15983.635s][info][gc,start      ] GC(1115) Pause Young (Concurrent Start) (G1 Evacuation Pause)
[2026-06-18T01:54:26.941+0000][15983.635s][info][gc,task       ] GC(1115) Using 13 workers of 13 for evacuation
[2026-06-18T01:54:26.943+0000][15983.638s][info][gc,phases     ] GC(1115)   Pre Evacuate Collection Set: 0.3ms
[2026-06-18T01:54:26.943+0000][15983.638s][info][gc,phases     ] GC(1115)   Evacuate Collection Set: 1.9ms
[2026-06-18T01:54:26.943+0000][15983.638s][info][gc,phases     ] GC(1115)   Post Evacuate Collection Set: 0.4ms
[2026-06-18T01:54:26.944+0000][15983.638s][info][gc,phases     ] GC(1115)   Other: 0.4ms
[2026-06-18T01:54:26.944+0000][15983.638s][info][gc,heap       ] GC(1115) Eden regions: 248->0(246)
[2026-06-18T01:54:26.944+0000][15983.638s][info][gc,heap       ] GC(1115) Survivor regions: 3->6(32)
[2026-06-18T01:54:26.944+0000][15983.638s][info][gc,heap       ] GC(1115) Old regions: 49->49
[2026-06-18T01:54:26.944+0000][15983.638s][info][gc,heap       ] GC(1115) Humongous regions: 147->147
[2026-06-18T01:54:26.944+0000][15983.638s][info][gc,metaspace  ] GC(1115) Metaspace: 52910K(55808K)->52910K(55808K) NonClass: 46967K(48640K)->46967K(48640K) Class: 5942K(7168K)->5942K(7168K)
[2026-06-18T01:54:26.944+0000][15983.638s][info][gc            ] GC(1115) Pause Young (Concurrent Start) (G1 Evacuation Pause) 445M->200M(512M) 3.268ms
[2026-06-18T01:54:26.944+0000][15983.638s][info][gc,cpu        ] GC(1115) User=0.02s Sys=0.00s Real=0.00s
[2026-06-18T01:54:26.944+0000][15983.638s][info][gc            ] GC(1116) Concurrent Cycle
[2026-06-18T01:54:26.944+0000][15983.638s][info][gc,marking    ] GC(1116) Concurrent Clear Claimed Marks
[2026-06-18T01:54:26.944+0000][15983.638s][info][gc,marking    ] GC(1116) Concurrent Clear Claimed Marks 0.193ms
[2026-06-18T01:54:26.944+0000][15983.639s][info][gc,marking    ] GC(1116) Concurrent Scan Root Regions
[2026-06-18T01:54:26.945+0000][15983.640s][info][gc,marking    ] GC(1116) Concurrent Scan Root Regions 1.081ms
[2026-06-18T01:54:26.945+0000][15983.640s][info][gc,marking    ] GC(1116) Concurrent Mark (15983.640s)
[2026-06-18T01:54:26.945+0000][15983.640s][info][gc,marking    ] GC(1116) Concurrent Mark From Roots
[2026-06-18T01:54:26.946+0000][15983.640s][info][gc,task       ] GC(1116) Using 3 workers of 3 for marking
[2026-06-18T01:54:26.951+0000][15983.645s][info][gc,marking    ] GC(1116) Concurrent Mark From Roots 5.597ms
[2026-06-18T01:54:26.951+0000][15983.646s][info][gc,marking    ] GC(1116) Concurrent Preclean
[2026-06-18T01:54:26.951+0000][15983.646s][info][gc,marking    ] GC(1116) Concurrent Preclean 0.149ms
[2026-06-18T01:54:26.951+0000][15983.646s][info][gc,marking    ] GC(1116) Concurrent Mark (15983.640s, 15983.646s) 5.993ms
[2026-06-18T01:54:26.952+0000][15983.646s][info][gc,start      ] GC(1116) Pause Remark
[2026-06-18T01:54:26.954+0000][15983.649s][info][gc,stringtable] GC(1116) Cleaned string and symbol table, strings: 17459 processed, 0 removed, symbols: 125116 processed, 0 removed
[2026-06-18T01:54:26.954+0000][15983.649s][info][gc            ] GC(1116) Pause Remark 204M->204M(512M) 2.752ms
[2026-06-18T01:54:26.954+0000][15983.649s][info][gc,cpu        ] GC(1116) User=0.02s Sys=0.00s Real=0.00s
[2026-06-18T01:54:26.955+0000][15983.649s][info][gc,marking    ] GC(1116) Concurrent Rebuild Remembered Sets
[2026-06-18T01:54:26.959+0000][15983.654s][info][gc,marking    ] GC(1116) Concurrent Rebuild Remembered Sets 4.725ms
[2026-06-18T01:54:26.960+0000][15983.654s][info][gc,start      ] GC(1116) Pause Cleanup
[2026-06-18T01:54:26.960+0000][15983.654s][info][gc            ] GC(1116) Pause Cleanup 205M->205M(512M) 0.177ms
[2026-06-18T01:54:26.960+0000][15983.654s][info][gc,cpu        ] GC(1116) User=0.00s Sys=0.00s Real=0.00s
[2026-06-18T01:54:26.960+0000][15983.654s][info][gc,marking    ] GC(1116) Concurrent Cleanup for Next Mark
[2026-06-18T01:54:26.960+0000][15983.654s][info][gc,marking    ] GC(1116) Concurrent Cleanup for Next Mark 0.296ms
[2026-06-18T01:54:26.960+0000][15983.655s][info][gc            ] GC(1116) Concurrent Cycle 16.337ms
[2026-06-18T01:54:28.486+0000][15985.180s][info][gc,start      ] GC(1117) Pause Young (Prepare Mixed) (G1 Evacuation Pause)
[2026-06-18T01:54:28.486+0000][15985.180s][info][gc,task       ] GC(1117) Using 13 workers of 13 for evacuation
[2026-06-18T01:54:28.489+0000][15985.183s][info][gc,phases     ] GC(1117)   Pre Evacuate Collection Set: 0.0ms
[2026-06-18T01:54:28.489+0000][15985.183s][info][gc,phases     ] GC(1117)   Evacuate Collection Set: 1.9ms
[2026-06-18T01:54:28.489+0000][15985.183s][info][gc,phases     ] GC(1117)   Post Evacuate Collection Set: 0.4ms
[2026-06-18T01:54:28.489+0000][15985.183s][info][gc,phases     ] GC(1117)   Other: 0.3ms
[2026-06-18T01:54:28.489+0000][15985.183s][info][gc,heap       ] GC(1117) Eden regions: 246->0(17)
[2026-06-18T01:54:28.489+0000][15985.183s][info][gc,heap       ] GC(1117) Survivor regions: 6->8(32)
[2026-06-18T01:54:28.489+0000][15985.183s][info][gc,heap       ] GC(1117) Old regions: 49->49
[2026-06-18T01:54:28.489+0000][15985.183s][info][gc,heap       ] GC(1117) Humongous regions: 147->147
[2026-06-18T01:54:28.489+0000][15985.183s][info][gc,metaspace  ] GC(1117) Metaspace: 52910K(55808K)->52910K(55808K) NonClass: 46967K(48640K)->46967K(48640K) Class: 5942K(7168K)->5942K(7168K)
[2026-06-18T01:54:28.489+0000][15985.183s][info][gc            ] GC(1117) Pause Young (Prepare Mixed) (G1 Evacuation Pause) 446M->203M(512M) 3.151ms
[2026-06-18T01:54:28.489+0000][15985.183s][info][gc,cpu        ] GC(1117) User=0.03s Sys=0.00s Real=0.01s
[2026-06-18T01:54:28.584+0000][15985.278s][info][gc,start      ] GC(1118) Pause Young (Mixed) (G1 Evacuation Pause)
[2026-06-18T01:54:28.584+0000][15985.278s][info][gc,task       ] GC(1118) Using 13 workers of 13 for evacuation
[2026-06-18T01:54:28.588+0000][15985.282s][info][gc,phases     ] GC(1118)   Pre Evacuate Collection Set: 0.0ms
[2026-06-18T01:54:28.588+0000][15985.282s][info][gc,phases     ] GC(1118)   Evacuate Collection Set: 3.4ms
[2026-06-18T01:54:28.588+0000][15985.282s][info][gc,phases     ] GC(1118)   Post Evacuate Collection Set: 0.3ms
[2026-06-18T01:54:28.588+0000][15985.282s][info][gc,phases     ] GC(1118)   Other: 0.4ms
[2026-06-18T01:54:28.588+0000][15985.282s][info][gc,heap       ] GC(1118) Eden regions: 17->0(244)
[2026-06-18T01:54:28.588+0000][15985.282s][info][gc,heap       ] GC(1118) Survivor regions: 8->2(4)
[2026-06-18T01:54:28.588+0000][15985.282s][info][gc,heap       ] GC(1118) Old regions: 49->53
[2026-06-18T01:54:28.588+0000][15985.282s][info][gc,heap       ] GC(1118) Humongous regions: 147->147
[2026-06-18T01:54:28.588+0000][15985.282s][info][gc,metaspace  ] GC(1118) Metaspace: 52910K(55808K)->52910K(55808K) NonClass: 46967K(48640K)->46967K(48640K) Class: 5942K(7168K)->5942K(7168K)
[2026-06-18T01:54:28.588+0000][15985.282s][info][gc            ] GC(1118) Pause Young (Mixed) (G1 Evacuation Pause) 220M->200M(512M) 4.545ms
[2026-06-18T01:54:28.589+0000][15985.282s][info][gc,cpu        ] GC(1118) User=0.02s Sys=0.01s Real=0.00s
[2026-06-18T01:54:29.885+0000][15986.579s][info][gc,start      ] GC(1119) Pause Young (Normal) (G1 Evacuation Pause)
[2026-06-18T01:54:29.885+0000][15986.579s][info][gc,task       ] GC(1119) Using 13 workers of 13 for evacuation
[2026-06-18T01:54:29.894+0000][15986.588s][info][gc,phases     ] GC(1119)   Pre Evacuate Collection Set: 0.0ms
[2026-06-18T01:54:29.894+0000][15986.588s][info][gc,phases     ] GC(1119)   Evacuate Collection Set: 8.3ms
[2026-06-18T01:54:29.894+0000][15986.588s][info][gc,phases     ] GC(1119)   Post Evacuate Collection Set: 0.4ms
[2026-06-18T01:54:29.895+0000][15986.588s][info][gc,phases     ] GC(1119)   Other: 0.3ms
[2026-06-18T01:54:29.895+0000][15986.589s][info][gc,heap       ] GC(1119) Eden regions: 244->0(244)
[2026-06-18T01:54:29.895+0000][15986.589s][info][gc,heap       ] GC(1119) Survivor regions: 2->3(31)
[2026-06-18T01:54:29.895+0000][15986.589s][info][gc,heap       ] GC(1119) Old regions: 53->53
[2026-06-18T01:54:29.895+0000][15986.589s][info][gc,heap       ] GC(1119) Humongous regions: 147->147
[2026-06-18T01:54:29.895+0000][15986.589s][info][gc,metaspace  ] GC(1119) Metaspace: 52910K(55808K)->52910K(55808K) NonClass: 46967K(48640K)->46967K(48640K) Class: 5942K(7168K)->5942K(7168K)
[2026-06-18T01:54:29.895+0000][15986.589s][info][gc            ] GC(1119) Pause Young (Normal) (G1 Evacuation Pause) 444M->202M(512M) 9.701ms
[2026-06-18T01:54:29.895+0000][15986.589s][info][gc,cpu        ] GC(1119) User=0.07s Sys=0.00s Real=0.01s
[2026-06-18T01:54:31.154+0000][15987.848s][info][gc,start      ] GC(1120) Pause Young (Normal) (G1 Evacuation Pause)
[2026-06-18T01:54:31.154+0000][15987.848s][info][gc,task       ] GC(1120) Using 13 workers of 13 for evacuation
[2026-06-18T01:54:31.157+0000][15987.851s][info][gc,phases     ] GC(1120)   Pre Evacuate Collection Set: 0.0ms
[2026-06-18T01:54:31.157+0000][15987.851s][info][gc,phases     ] GC(1120)   Evacuate Collection Set: 2.6ms
[2026-06-18T01:54:31.157+0000][15987.851s][info][gc,phases     ] GC(1120)   Post Evacuate Collection Set: 0.4ms
[2026-06-18T01:54:31.157+0000][15987.851s][info][gc,phases     ] GC(1120)   Other: 0.4ms
[2026-06-18T01:54:31.157+0000][15987.851s][info][gc,heap       ] GC(1120) Eden regions: 244->0(239)
[2026-06-18T01:54:31.157+0000][15987.851s][info][gc,heap       ] GC(1120) Survivor regions: 3->7(31)
[2026-06-18T01:54:31.158+0000][15987.851s][info][gc,heap       ] GC(1120) Old regions: 53->53
[2026-06-18T01:54:31.158+0000][15987.851s][info][gc,heap       ] GC(1120) Humongous regions: 147->147
[2026-06-18T01:54:31.158+0000][15987.852s][info][gc,metaspace  ] GC(1120) Metaspace: 52910K(55808K)->52910K(55808K) NonClass: 46967K(48640K)->46967K(48640K) Class: 5942K(7168K)->5942K(7168K)
[2026-06-18T01:54:31.158+0000][15987.852s][info][gc            ] GC(1120) Pause Young (Normal) (G1 Evacuation Pause) 446M->206M(512M) 4.297ms
[2026-06-18T01:54:31.158+0000][15987.852s][info][gc,cpu        ] GC(1120) User=0.03s Sys=0.00s Real=0.00s
[2026-06-18T01:55:19.999+0000][16036.693s][info][gc,start      ] GC(1121) Pause Young (Concurrent Start) (G1 Evacuation Pause)
[2026-06-18T01:55:20.000+0000][16036.693s][info][gc,task       ] GC(1121) Using 13 workers of 13 for evacuation
[2026-06-18T01:55:20.002+0000][16036.696s][info][gc,phases     ] GC(1121)   Pre Evacuate Collection Set: 0.3ms
[2026-06-18T01:55:20.002+0000][16036.696s][info][gc,phases     ] GC(1121)   Evacuate Collection Set: 2.0ms
[2026-06-18T01:55:20.002+0000][16036.696s][info][gc,phases     ] GC(1121)   Post Evacuate Collection Set: 0.3ms
[2026-06-18T01:55:20.002+0000][16036.696s][info][gc,phases     ] GC(1121)   Other: 0.3ms
[2026-06-18T01:55:20.002+0000][16036.696s][info][gc,heap       ] GC(1121) Eden regions: 239->0(241)
[2026-06-18T01:55:20.003+0000][16036.696s][info][gc,heap       ] GC(1121) Survivor regions: 7->5(31)
[2026-06-18T01:55:20.003+0000][16036.697s][info][gc,heap       ] GC(1121) Old regions: 53->53
[2026-06-18T01:55:20.003+0000][16036.697s][info][gc,heap       ] GC(1121) Humongous regions: 147->147
[2026-06-18T01:55:20.003+0000][16036.697s][info][gc,metaspace  ] GC(1121) Metaspace: 52910K(55808K)->52910K(55808K) NonClass: 46967K(48640K)->46967K(48640K) Class: 5942K(7168K)->5942K(7168K)
[2026-06-18T01:55:20.003+0000][16036.697s][info][gc            ] GC(1121) Pause Young (Concurrent Start) (G1 Evacuation Pause) 445M->203M(512M) 3.281ms
[2026-06-18T01:55:20.003+0000][16036.697s][info][gc,cpu        ] GC(1121) User=0.02s Sys=0.01s Real=0.00s
[2026-06-18T01:55:20.003+0000][16036.697s][info][gc            ] GC(1122) Concurrent Cycle
[2026-06-18T01:55:20.003+0000][16036.697s][info][gc,marking    ] GC(1122) Concurrent Clear Claimed Marks
[2026-06-18T01:55:20.003+0000][16036.697s][info][gc,marking    ] GC(1122) Concurrent Clear Claimed Marks 0.479ms
[2026-06-18T01:55:20.003+0000][16036.697s][info][gc,marking    ] GC(1122) Concurrent Scan Root Regions
[2026-06-18T01:55:20.005+0000][16036.699s][info][gc,marking    ] GC(1122) Concurrent Scan Root Regions 1.082ms
[2026-06-18T01:55:20.005+0000][16036.699s][info][gc,marking    ] GC(1122) Concurrent Mark (16036.699s)
[2026-06-18T01:55:20.005+0000][16036.699s][info][gc,marking    ] GC(1122) Concurrent Mark From Roots
[2026-06-18T01:55:20.005+0000][16036.699s][info][gc,task       ] GC(1122) Using 3 workers of 3 for marking
[2026-06-18T01:55:20.010+0000][16036.704s][info][gc,marking    ] GC(1122) Concurrent Mark From Roots 5.420ms
[2026-06-18T01:55:20.010+0000][16036.704s][info][gc,marking    ] GC(1122) Concurrent Preclean
[2026-06-18T01:55:20.010+0000][16036.704s][info][gc,marking    ] GC(1122) Concurrent Preclean 0.216ms
[2026-06-18T01:55:20.011+0000][16036.704s][info][gc,marking    ] GC(1122) Concurrent Mark (16036.699s, 16036.704s) 5.892ms
[2026-06-18T01:55:20.011+0000][16036.705s][info][gc,start      ] GC(1122) Pause Remark
[2026-06-18T01:55:20.013+0000][16036.707s][info][gc,stringtable] GC(1122) Cleaned string and symbol table, strings: 17459 processed, 0 removed, symbols: 125116 processed, 0 removed
[2026-06-18T01:55:20.014+0000][16036.708s][info][gc            ] GC(1122) Pause Remark 207M->207M(512M) 2.901ms
[2026-06-18T01:55:20.014+0000][16036.708s][info][gc,cpu        ] GC(1122) User=0.02s Sys=0.00s Real=0.00s
[2026-06-18T01:55:20.014+0000][16036.708s][info][gc,marking    ] GC(1122) Concurrent Rebuild Remembered Sets
[2026-06-18T01:55:20.019+0000][16036.712s][info][gc,marking    ] GC(1122) Concurrent Rebuild Remembered Sets 4.731ms
[2026-06-18T01:55:20.019+0000][16036.713s][info][gc,start      ] GC(1122) Pause Cleanup
[2026-06-18T01:55:20.020+0000][16036.714s][info][gc            ] GC(1122) Pause Cleanup 208M->208M(512M) 0.963ms
[2026-06-18T01:55:20.020+0000][16036.714s][info][gc,cpu        ] GC(1122) User=0.00s Sys=0.00s Real=0.01s
[2026-06-18T01:55:20.020+0000][16036.714s][info][gc,marking    ] GC(1122) Concurrent Cleanup for Next Mark
[2026-06-18T01:55:20.020+0000][16036.714s][info][gc,marking    ] GC(1122) Concurrent Cleanup for Next Mark 0.174ms
[2026-06-18T01:55:20.020+0000][16036.714s][info][gc            ] GC(1122) Concurrent Cycle 17.487ms
[2026-06-18T01:55:21.590+0000][16038.284s][info][gc,start      ] GC(1123) Pause Young (Prepare Mixed) (G1 Evacuation Pause)
[2026-06-18T01:55:21.590+0000][16038.284s][info][gc,task       ] GC(1123) Using 13 workers of 13 for evacuation
[2026-06-18T01:55:21.595+0000][16038.289s][info][gc,phases     ] GC(1123)   Pre Evacuate Collection Set: 0.0ms
[2026-06-18T01:55:21.595+0000][16038.289s][info][gc,phases     ] GC(1123)   Evacuate Collection Set: 4.2ms
[2026-06-18T01:55:21.595+0000][16038.289s][info][gc,phases     ] GC(1123)   Post Evacuate Collection Set: 0.3ms
[2026-06-18T01:55:21.595+0000][16038.289s][info][gc,phases     ] GC(1123)   Other: 0.3ms
[2026-06-18T01:55:21.595+0000][16038.289s][info][gc,heap       ] GC(1123) Eden regions: 241->0(18)
[2026-06-18T01:55:21.595+0000][16038.289s][info][gc,heap       ] GC(1123) Survivor regions: 5->7(31)
[2026-06-18T01:55:21.595+0000][16038.289s][info][gc,heap       ] GC(1123) Old regions: 53->53
[2026-06-18T01:55:21.596+0000][16038.290s][info][gc,heap       ] GC(1123) Humongous regions: 147->147
[2026-06-18T01:55:21.596+0000][16038.290s][info][gc,metaspace  ] GC(1123) Metaspace: 52910K(55808K)->52910K(55808K) NonClass: 46967K(48640K)->46967K(48640K) Class: 5942K(7168K)->5942K(7168K)
[2026-06-18T01:55:21.596+0000][16038.290s][info][gc            ] GC(1123) Pause Young (Prepare Mixed) (G1 Evacuation Pause) 444M->205M(512M) 5.762ms
[2026-06-18T01:55:21.596+0000][16038.290s][info][gc,cpu        ] GC(1123) User=0.03s Sys=0.00s Real=0.00s
[2026-06-18T01:55:21.708+0000][16038.402s][info][gc,start      ] GC(1124) Pause Young (Mixed) (G1 Evacuation Pause)
[2026-06-18T01:55:21.709+0000][16038.403s][info][gc,task       ] GC(1124) Using 13 workers of 13 for evacuation
[2026-06-18T01:55:21.714+0000][16038.408s][info][gc,phases     ] GC(1124)   Pre Evacuate Collection Set: 0.0ms
[2026-06-18T01:55:21.714+0000][16038.408s][info][gc,phases     ] GC(1124)   Evacuate Collection Set: 3.6ms
[2026-06-18T01:55:21.714+0000][16038.408s][info][gc,phases     ] GC(1124)   Post Evacuate Collection Set: 0.3ms
[2026-06-18T01:55:21.714+0000][16038.408s][info][gc,phases     ] GC(1124)   Other: 1.4ms
[2026-06-18T01:55:21.714+0000][16038.408s][info][gc,heap       ] GC(1124) Eden regions: 18->0(245)
[2026-06-18T01:55:21.714+0000][16038.408s][info][gc,heap       ] GC(1124) Survivor regions: 7->2(4)
[2026-06-18T01:55:21.714+0000][16038.408s][info][gc,heap       ] GC(1124) Old regions: 53->51
[2026-06-18T01:55:21.714+0000][16038.408s][info][gc,heap       ] GC(1124) Humongous regions: 147->147
[2026-06-18T01:55:21.714+0000][16038.408s][info][gc,metaspace  ] GC(1124) Metaspace: 52910K(55808K)->52910K(55808K) NonClass: 46967K(48640K)->46967K(48640K) Class: 5942K(7168K)->5942K(7168K)
[2026-06-18T01:55:21.714+0000][16038.408s][info][gc            ] GC(1124) Pause Young (Mixed) (G1 Evacuation Pause) 223M->199M(512M) 5.911ms
[2026-06-18T01:55:21.714+0000][16038.408s][info][gc,cpu        ] GC(1124) User=0.03s Sys=0.00s Real=0.01s
[2026-06-18T01:55:23.009+0000][16039.703s][info][gc,start      ] GC(1125) Pause Young (Normal) (G1 Evacuation Pause)
[2026-06-18T01:55:23.009+0000][16039.703s][info][gc,task       ] GC(1125) Using 13 workers of 13 for evacuation
[2026-06-18T01:55:23.013+0000][16039.707s][info][gc,phases     ] GC(1125)   Pre Evacuate Collection Set: 0.0ms
[2026-06-18T01:55:23.013+0000][16039.707s][info][gc,phases     ] GC(1125)   Evacuate Collection Set: 3.5ms
[2026-06-18T01:55:23.013+0000][16039.707s][info][gc,phases     ] GC(1125)   Post Evacuate Collection Set: 0.3ms
[2026-06-18T01:55:23.013+0000][16039.707s][info][gc,phases     ] GC(1125)   Other: 0.3ms
[2026-06-18T01:55:23.013+0000][16039.707s][info][gc,heap       ] GC(1125) Eden regions: 245->0(245)
[2026-06-18T01:55:23.013+0000][16039.707s][info][gc,heap       ] GC(1125) Survivor regions: 2->3(31)
[2026-06-18T01:55:23.013+0000][16039.707s][info][gc,heap       ] GC(1125) Old regions: 51->51
[2026-06-18T01:55:23.013+0000][16039.707s][info][gc,heap       ] GC(1125) Humongous regions: 147->147
[2026-06-18T01:55:23.013+0000][16039.707s][info][gc,metaspace  ] GC(1125) Metaspace: 52910K(55808K)->52910K(55808K) NonClass: 46967K(48640K)->46967K(48640K) Class: 5942K(7168K)->5942K(7168K)
[2026-06-18T01:55:23.013+0000][16039.707s][info][gc            ] GC(1125) Pause Young (Normal) (G1 Evacuation Pause) 444M->200M(512M) 4.575ms
[2026-06-18T01:55:23.013+0000][16039.707s][info][gc,cpu        ] GC(1125) User=0.04s Sys=0.00s Real=0.01s
[2026-06-18T01:56:11.738+0000][16088.431s][info][gc,start      ] GC(1126) Pause Young (Normal) (G1 Evacuation Pause)
[2026-06-18T01:56:11.738+0000][16088.431s][info][gc,task       ] GC(1126) Using 13 workers of 13 for evacuation
[2026-06-18T01:56:11.742+0000][16088.435s][info][gc,phases     ] GC(1126)   Pre Evacuate Collection Set: 0.0ms
[2026-06-18T01:56:11.742+0000][16088.435s][info][gc,phases     ] GC(1126)   Evacuate Collection Set: 2.9ms
[2026-06-18T01:56:11.742+0000][16088.435s][info][gc,phases     ] GC(1126)   Post Evacuate Collection Set: 0.4ms
[2026-06-18T01:56:11.742+0000][16088.435s][info][gc,phases     ] GC(1126)   Other: 0.5ms
[2026-06-18T01:56:11.743+0000][16088.435s][info][gc,heap       ] GC(1126) Eden regions: 245->0(241)
[2026-06-18T01:56:11.743+0000][16088.436s][info][gc,heap       ] GC(1126) Survivor regions: 3->7(31)
[2026-06-18T01:56:11.743+0000][16088.436s][info][gc,heap       ] GC(1126) Old regions: 51->51
[2026-06-18T01:56:11.743+0000][16088.436s][info][gc,heap       ] GC(1126) Humongous regions: 147->147
[2026-06-18T01:56:11.743+0000][16088.436s][info][gc,metaspace  ] GC(1126) Metaspace: 52910K(55808K)->52910K(55808K) NonClass: 46967K(48640K)->46967K(48640K) Class: 5942K(7168K)->5942K(7168K)
[2026-06-18T01:56:11.743+0000][16088.436s][info][gc            ] GC(1126) Pause Young (Normal) (G1 Evacuation Pause) 445M->204M(512M) 5.120ms
[2026-06-18T01:56:11.743+0000][16088.436s][info][gc,cpu        ] GC(1126) User=0.02s Sys=0.00s Real=0.01s
[2026-06-18T01:56:13.221+0000][16089.914s][info][gc,start      ] GC(1127) Pause Young (Concurrent Start) (G1 Evacuation Pause)
[2026-06-18T01:56:13.221+0000][16089.914s][info][gc,task       ] GC(1127) Using 13 workers of 13 for evacuation
[2026-06-18T01:56:13.226+0000][16089.918s][info][gc,phases     ] GC(1127)   Pre Evacuate Collection Set: 0.3ms
[2026-06-18T01:56:13.226+0000][16089.918s][info][gc,phases     ] GC(1127)   Evacuate Collection Set: 3.6ms
[2026-06-18T01:56:13.226+0000][16089.918s][info][gc,phases     ] GC(1127)   Post Evacuate Collection Set: 0.4ms
[2026-06-18T01:56:13.226+0000][16089.918s][info][gc,phases     ] GC(1127)   Other: 0.3ms
[2026-06-18T01:56:13.226+0000][16089.918s][info][gc,heap       ] GC(1127) Eden regions: 241->0(236)
[2026-06-18T01:56:13.226+0000][16089.918s][info][gc,heap       ] GC(1127) Survivor regions: 7->10(31)
[2026-06-18T01:56:13.226+0000][16089.918s][info][gc,heap       ] GC(1127) Old regions: 51->51
[2026-06-18T01:56:13.226+0000][16089.919s][info][gc,heap       ] GC(1127) Humongous regions: 147->147
[2026-06-18T01:56:13.226+0000][16089.919s][info][gc,metaspace  ] GC(1127) Metaspace: 52910K(55808K)->52910K(55808K) NonClass: 46967K(48640K)->46967K(48640K) Class: 5942K(7168K)->5942K(7168K)
[2026-06-18T01:56:13.226+0000][16089.919s][info][gc            ] GC(1127) Pause Young (Concurrent Start) (G1 Evacuation Pause) 445M->207M(512M) 5.095ms
[2026-06-18T01:56:13.226+0000][16089.919s][info][gc,cpu        ] GC(1127) User=0.04s Sys=0.00s Real=0.00s
[2026-06-18T01:56:13.226+0000][16089.919s][info][gc            ] GC(1128) Concurrent Cycle
[2026-06-18T01:56:13.226+0000][16089.919s][info][gc,marking    ] GC(1128) Concurrent Clear Claimed Marks
[2026-06-18T01:56:13.226+0000][16089.919s][info][gc,marking    ] GC(1128) Concurrent Clear Claimed Marks 0.265ms
[2026-06-18T01:56:13.227+0000][16089.919s][info][gc,marking    ] GC(1128) Concurrent Scan Root Regions
[2026-06-18T01:56:13.228+0000][16089.921s][info][gc,marking    ] GC(1128) Concurrent Scan Root Regions 1.389ms
[2026-06-18T01:56:13.228+0000][16089.921s][info][gc,marking    ] GC(1128) Concurrent Mark (16089.921s)
[2026-06-18T01:56:13.228+0000][16089.921s][info][gc,marking    ] GC(1128) Concurrent Mark From Roots
[2026-06-18T01:56:13.228+0000][16089.921s][info][gc,task       ] GC(1128) Using 3 workers of 3 for marking
[2026-06-18T01:56:13.234+0000][16089.927s][info][gc,marking    ] GC(1128) Concurrent Mark From Roots 5.926ms
[2026-06-18T01:56:13.234+0000][16089.927s][info][gc,marking    ] GC(1128) Concurrent Preclean
[2026-06-18T01:56:13.234+0000][16089.927s][info][gc,marking    ] GC(1128) Concurrent Preclean 0.226ms
[2026-06-18T01:56:13.234+0000][16089.927s][info][gc,marking    ] GC(1128) Concurrent Mark (16089.921s, 16089.927s) 6.412ms
[2026-06-18T01:56:13.235+0000][16089.927s][info][gc,start      ] GC(1128) Pause Remark
[2026-06-18T01:56:13.237+0000][16089.930s][info][gc,stringtable] GC(1128) Cleaned string and symbol table, strings: 17459 processed, 0 removed, symbols: 125116 processed, 0 removed
[2026-06-18T01:56:13.237+0000][16089.930s][info][gc            ] GC(1128) Pause Remark 211M->211M(512M) 2.790ms
[2026-06-18T01:56:13.238+0000][16089.930s][info][gc,cpu        ] GC(1128) User=0.02s Sys=0.00s Real=0.00s
[2026-06-18T01:56:13.238+0000][16089.930s][info][gc,marking    ] GC(1128) Concurrent Rebuild Remembered Sets
[2026-06-18T01:56:13.242+0000][16089.934s][info][gc,marking    ] GC(1128) Concurrent Rebuild Remembered Sets 3.995ms
[2026-06-18T01:56:13.242+0000][16089.934s][info][gc,start      ] GC(1128) Pause Cleanup
[2026-06-18T01:56:13.242+0000][16089.935s][info][gc            ] GC(1128) Pause Cleanup 212M->212M(512M) 0.159ms
[2026-06-18T01:56:13.242+0000][16089.935s][info][gc,cpu        ] GC(1128) User=0.00s Sys=0.00s Real=0.00s
[2026-06-18T01:56:13.242+0000][16089.935s][info][gc,marking    ] GC(1128) Concurrent Cleanup for Next Mark
[2026-06-18T01:56:13.242+0000][16089.935s][info][gc,marking    ] GC(1128) Concurrent Cleanup for Next Mark 0.161ms
[2026-06-18T01:56:13.242+0000][16089.935s][info][gc            ] GC(1128) Concurrent Cycle 16.284ms
[2026-06-18T01:56:14.393+0000][16091.085s][info][gc,start      ] GC(1129) Pause Young (Prepare Mixed) (G1 Evacuation Pause)
[2026-06-18T01:56:14.393+0000][16091.086s][info][gc,task       ] GC(1129) Using 13 workers of 13 for evacuation
[2026-06-18T01:56:14.397+0000][16091.089s][info][gc,phases     ] GC(1129)   Pre Evacuate Collection Set: 0.0ms
[2026-06-18T01:56:14.397+0000][16091.090s][info][gc,phases     ] GC(1129)   Evacuate Collection Set: 3.4ms
[2026-06-18T01:56:14.397+0000][16091.090s][info][gc,phases     ] GC(1129)   Post Evacuate Collection Set: 0.4ms
[2026-06-18T01:56:14.397+0000][16091.090s][info][gc,phases     ] GC(1129)   Other: 0.3ms
[2026-06-18T01:56:14.397+0000][16091.090s][info][gc,heap       ] GC(1129) Eden regions: 236->0(18)
[2026-06-18T01:56:14.397+0000][16091.090s][info][gc,heap       ] GC(1129) Survivor regions: 10->7(31)
[2026-06-18T01:56:14.397+0000][16091.090s][info][gc,heap       ] GC(1129) Old regions: 51->51
[2026-06-18T01:56:14.397+0000][16091.090s][info][gc,heap       ] GC(1129) Humongous regions: 147->147
[2026-06-18T01:56:14.397+0000][16091.090s][info][gc,metaspace  ] GC(1129) Metaspace: 52910K(55808K)->52910K(55808K) NonClass: 46967K(48640K)->46967K(48640K) Class: 5942K(7168K)->5942K(7168K)
[2026-06-18T01:56:14.397+0000][16091.090s][info][gc            ] GC(1129) Pause Young (Prepare Mixed) (G1 Evacuation Pause) 443M->204M(512M) 4.566ms
[2026-06-18T01:56:14.397+0000][16091.090s][info][gc,cpu        ] GC(1129) User=0.04s Sys=0.00s Real=0.00s
[2026-06-18T01:56:14.477+0000][16091.170s][info][gc,start      ] GC(1130) Pause Young (Mixed) (G1 Evacuation Pause)
[2026-06-18T01:56:14.477+0000][16091.170s][info][gc,task       ] GC(1130) Using 13 workers of 13 for evacuation
[2026-06-18T01:56:14.481+0000][16091.173s][info][gc,phases     ] GC(1130)   Pre Evacuate Collection Set: 0.0ms
[2026-06-18T01:56:14.481+0000][16091.173s][info][gc,phases     ] GC(1130)   Evacuate Collection Set: 2.9ms
[2026-06-18T01:56:14.481+0000][16091.173s][info][gc,phases     ] GC(1130)   Post Evacuate Collection Set: 0.3ms
[2026-06-18T01:56:14.481+0000][16091.173s][info][gc,phases     ] GC(1130)   Other: 0.3ms
[2026-06-18T01:56:14.481+0000][16091.173s][info][gc,heap       ] GC(1130) Eden regions: 18->0(244)
[2026-06-18T01:56:14.481+0000][16091.174s][info][gc,heap       ] GC(1130) Survivor regions: 7->2(4)
[2026-06-18T01:56:14.481+0000][16091.174s][info][gc,heap       ] GC(1130) Old regions: 51->51
[2026-06-18T01:56:14.481+0000][16091.174s][info][gc,heap       ] GC(1130) Humongous regions: 147->147
[2026-06-18T01:56:14.481+0000][16091.174s][info][gc,metaspace  ] GC(1130) Metaspace: 52910K(55808K)->52910K(55808K) NonClass: 46967K(48640K)->46967K(48640K) Class: 5942K(7168K)->5942K(7168K)
[2026-06-18T01:56:14.481+0000][16091.174s][info][gc            ] GC(1130) Pause Young (Mixed) (G1 Evacuation Pause) 222M->199M(512M) 3.969ms
[2026-06-18T01:56:14.481+0000][16091.174s][info][gc,cpu        ] GC(1130) User=0.02s Sys=0.00s Real=0.01s
[2026-06-18T01:56:15.641+0000][16092.333s][info][gc,start      ] GC(1131) Pause Young (Normal) (G1 Evacuation Pause)
[2026-06-18T01:56:15.641+0000][16092.333s][info][gc,task       ] GC(1131) Using 13 workers of 13 for evacuation
[2026-06-18T01:56:15.643+0000][16092.335s][info][gc,phases     ] GC(1131)   Pre Evacuate Collection Set: 0.0ms
[2026-06-18T01:56:15.643+0000][16092.335s][info][gc,phases     ] GC(1131)   Evacuate Collection Set: 1.2ms
[2026-06-18T01:56:15.643+0000][16092.335s][info][gc,phases     ] GC(1131)   Post Evacuate Collection Set: 0.4ms
[2026-06-18T01:56:15.643+0000][16092.335s][info][gc,phases     ] GC(1131)   Other: 0.4ms
[2026-06-18T01:56:15.643+0000][16092.335s][info][gc,heap       ] GC(1131) Eden regions: 244->0(247)
[2026-06-18T01:56:15.643+0000][16092.335s][info][gc,heap       ] GC(1131) Survivor regions: 2->2(31)
[2026-06-18T01:56:15.643+0000][16092.335s][info][gc,heap       ] GC(1131) Old regions: 51->51
[2026-06-18T01:56:15.643+0000][16092.335s][info][gc,heap       ] GC(1131) Humongous regions: 147->147
[2026-06-18T01:56:15.643+0000][16092.335s][info][gc,metaspace  ] GC(1131) Metaspace: 52910K(55808K)->52910K(55808K) NonClass: 46967K(48640K)->46967K(48640K) Class: 5942K(7168K)->5942K(7168K)
[2026-06-18T01:56:15.643+0000][16092.336s][info][gc            ] GC(1131) Pause Young (Normal) (G1 Evacuation Pause) 443M->198M(512M) 2.368ms
[2026-06-18T01:56:15.643+0000][16092.336s][info][gc,cpu        ] GC(1131) User=0.01s Sys=0.00s Real=0.00s
[2026-06-18T01:57:04.444+0000][16141.135s][info][gc,start      ] GC(1132) Pause Young (Normal) (G1 Evacuation Pause)
[2026-06-18T01:57:04.444+0000][16141.136s][info][gc,task       ] GC(1132) Using 13 workers of 13 for evacuation
[2026-06-18T01:57:04.446+0000][16141.138s][info][gc,phases     ] GC(1132)   Pre Evacuate Collection Set: 0.0ms
[2026-06-18T01:57:04.446+0000][16141.138s][info][gc,phases     ] GC(1132)   Evacuate Collection Set: 1.4ms
[2026-06-18T01:57:04.446+0000][16141.138s][info][gc,phases     ] GC(1132)   Post Evacuate Collection Set: 0.4ms
[2026-06-18T01:57:04.446+0000][16141.138s][info][gc,phases     ] GC(1132)   Other: 0.4ms
[2026-06-18T01:57:04.446+0000][16141.138s][info][gc,heap       ] GC(1132) Eden regions: 247->0(245)
[2026-06-18T01:57:04.446+0000][16141.138s][info][gc,heap       ] GC(1132) Survivor regions: 2->5(32)
[2026-06-18T01:57:04.446+0000][16141.138s][info][gc,heap       ] GC(1132) Old regions: 51->51
[2026-06-18T01:57:04.446+0000][16141.138s][info][gc,heap       ] GC(1132) Humongous regions: 147->147
[2026-06-18T01:57:04.446+0000][16141.138s][info][gc,metaspace  ] GC(1132) Metaspace: 52911K(55808K)->52911K(55808K) NonClass: 46968K(48640K)->46968K(48640K) Class: 5942K(7168K)->5942K(7168K)
[2026-06-18T01:57:04.446+0000][16141.138s][info][gc            ] GC(1132) Pause Young (Normal) (G1 Evacuation Pause) 445M->201M(512M) 2.513ms
[2026-06-18T01:57:04.446+0000][16141.138s][info][gc,cpu        ] GC(1132) User=0.01s Sys=0.00s Real=0.00s
[2026-06-18T01:57:05.834+0000][16142.526s][info][gc,start      ] GC(1133) Pause Young (Concurrent Start) (G1 Evacuation Pause)
[2026-06-18T01:57:05.834+0000][16142.526s][info][gc,task       ] GC(1133) Using 13 workers of 13 for evacuation
[2026-06-18T01:57:05.841+0000][16142.532s][info][gc,phases     ] GC(1133)   Pre Evacuate Collection Set: 0.3ms
[2026-06-18T01:57:05.841+0000][16142.533s][info][gc,phases     ] GC(1133)   Evacuate Collection Set: 5.5ms
[2026-06-18T01:57:05.841+0000][16142.533s][info][gc,phases     ] GC(1133)   Post Evacuate Collection Set: 0.5ms
[2026-06-18T01:57:05.841+0000][16142.533s][info][gc,phases     ] GC(1133)   Other: 0.3ms
[2026-06-18T01:57:05.841+0000][16142.533s][info][gc,heap       ] GC(1133) Eden regions: 245->0(239)
[2026-06-18T01:57:05.841+0000][16142.533s][info][gc,heap       ] GC(1133) Survivor regions: 5->9(32)
[2026-06-18T01:57:05.841+0000][16142.533s][info][gc,heap       ] GC(1133) Old regions: 51->51
[2026-06-18T01:57:05.841+0000][16142.533s][info][gc,heap       ] GC(1133) Humongous regions: 147->147
[2026-06-18T01:57:05.841+0000][16142.533s][info][gc,metaspace  ] GC(1133) Metaspace: 52911K(55808K)->52911K(55808K) NonClass: 46968K(48640K)->46968K(48640K) Class: 5942K(7168K)->5942K(7168K)
[2026-06-18T01:57:05.841+0000][16142.533s][info][gc            ] GC(1133) Pause Young (Concurrent Start) (G1 Evacuation Pause) 446M->205M(512M) 7.105ms
[2026-06-18T01:57:05.841+0000][16142.533s][info][gc,cpu        ] GC(1133) User=0.06s Sys=0.00s Real=0.00s
[2026-06-18T01:57:05.841+0000][16142.533s][info][gc            ] GC(1134) Concurrent Cycle
[2026-06-18T01:57:05.842+0000][16142.533s][info][gc,marking    ] GC(1134) Concurrent Clear Claimed Marks
[2026-06-18T01:57:05.842+0000][16142.533s][info][gc,marking    ] GC(1134) Concurrent Clear Claimed Marks 0.185ms
[2026-06-18T01:57:05.842+0000][16142.534s][info][gc,marking    ] GC(1134) Concurrent Scan Root Regions
[2026-06-18T01:57:05.843+0000][16142.535s][info][gc,marking    ] GC(1134) Concurrent Scan Root Regions 1.427ms
[2026-06-18T01:57:05.843+0000][16142.535s][info][gc,marking    ] GC(1134) Concurrent Mark (16142.535s)
[2026-06-18T01:57:05.843+0000][16142.535s][info][gc,marking    ] GC(1134) Concurrent Mark From Roots
[2026-06-18T01:57:05.843+0000][16142.535s][info][gc,task       ] GC(1134) Using 3 workers of 3 for marking
[2026-06-18T01:57:05.849+0000][16142.541s][info][gc,marking    ] GC(1134) Concurrent Mark From Roots 5.634ms
[2026-06-18T01:57:05.849+0000][16142.541s][info][gc,marking    ] GC(1134) Concurrent Preclean
[2026-06-18T01:57:05.849+0000][16142.541s][info][gc,marking    ] GC(1134) Concurrent Preclean 0.255ms
[2026-06-18T01:57:05.850+0000][16142.541s][info][gc,marking    ] GC(1134) Concurrent Mark (16142.535s, 16142.541s) 6.278ms
[2026-06-18T01:57:05.850+0000][16142.542s][info][gc,start      ] GC(1134) Pause Remark
[2026-06-18T01:57:05.855+0000][16142.547s][info][gc,stringtable] GC(1134) Cleaned string and symbol table, strings: 17460 processed, 0 removed, symbols: 125116 processed, 0 removed
[2026-06-18T01:57:05.856+0000][16142.547s][info][gc            ] GC(1134) Pause Remark 209M->209M(512M) 5.470ms
[2026-06-18T01:57:05.856+0000][16142.547s][info][gc,cpu        ] GC(1134) User=0.02s Sys=0.00s Real=0.01s
[2026-06-18T01:57:05.856+0000][16142.548s][info][gc,marking    ] GC(1134) Concurrent Rebuild Remembered Sets
[2026-06-18T01:57:05.861+0000][16142.553s][info][gc,marking    ] GC(1134) Concurrent Rebuild Remembered Sets 5.200ms
[2026-06-18T01:57:05.861+0000][16142.553s][info][gc,start      ] GC(1134) Pause Cleanup
[2026-06-18T01:57:05.862+0000][16142.553s][info][gc            ] GC(1134) Pause Cleanup 210M->210M(512M) 0.296ms
[2026-06-18T01:57:05.862+0000][16142.553s][info][gc,cpu        ] GC(1134) User=0.00s Sys=0.00s Real=0.01s
[2026-06-18T01:57:05.862+0000][16142.554s][info][gc,marking    ] GC(1134) Concurrent Cleanup for Next Mark
[2026-06-18T01:57:05.862+0000][16142.554s][info][gc,marking    ] GC(1134) Concurrent Cleanup for Next Mark 0.233ms
[2026-06-18T01:57:05.862+0000][16142.554s][info][gc            ] GC(1134) Concurrent Cycle 20.716ms
[2026-06-18T01:57:07.082+0000][16143.773s][info][gc,start      ] GC(1135) Pause Young (Prepare Mixed) (G1 Evacuation Pause)
[2026-06-18T01:57:07.082+0000][16143.774s][info][gc,task       ] GC(1135) Using 13 workers of 13 for evacuation
[2026-06-18T01:57:07.084+0000][16143.776s][info][gc,phases     ] GC(1135)   Pre Evacuate Collection Set: 0.0ms
[2026-06-18T01:57:07.084+0000][16143.776s][info][gc,phases     ] GC(1135)   Evacuate Collection Set: 1.7ms
[2026-06-18T01:57:07.084+0000][16143.776s][info][gc,phases     ] GC(1135)   Post Evacuate Collection Set: 0.4ms
[2026-06-18T01:57:07.084+0000][16143.776s][info][gc,phases     ] GC(1135)   Other: 0.3ms
[2026-06-18T01:57:07.084+0000][16143.776s][info][gc,heap       ] GC(1135) Eden regions: 239->0(20)
[2026-06-18T01:57:07.084+0000][16143.776s][info][gc,heap       ] GC(1135) Survivor regions: 9->5(31)
[2026-06-18T01:57:07.084+0000][16143.776s][info][gc,heap       ] GC(1135) Old regions: 51->51
[2026-06-18T01:57:07.084+0000][16143.776s][info][gc,heap       ] GC(1135) Humongous regions: 147->147
[2026-06-18T01:57:07.085+0000][16143.776s][info][gc,metaspace  ] GC(1135) Metaspace: 52911K(55808K)->52911K(55808K) NonClass: 46968K(48640K)->46968K(48640K) Class: 5942K(7168K)->5942K(7168K)
[2026-06-18T01:57:07.085+0000][16143.776s][info][gc            ] GC(1135) Pause Young (Prepare Mixed) (G1 Evacuation Pause) 444M->202M(512M) 2.883ms
[2026-06-18T01:57:07.085+0000][16143.777s][info][gc,cpu        ] GC(1135) User=0.02s Sys=0.00s Real=0.00s
[2026-06-18T01:57:07.175+0000][16143.866s][info][gc,start      ] GC(1136) Pause Young (Mixed) (G1 Evacuation Pause)
[2026-06-18T01:57:07.175+0000][16143.866s][info][gc,task       ] GC(1136) Using 13 workers of 13 for evacuation
[2026-06-18T01:57:07.179+0000][16143.871s][info][gc,phases     ] GC(1136)   Pre Evacuate Collection Set: 0.0ms
[2026-06-18T01:57:07.179+0000][16143.871s][info][gc,phases     ] GC(1136)   Evacuate Collection Set: 3.5ms
[2026-06-18T01:57:07.179+0000][16143.871s][info][gc,phases     ] GC(1136)   Post Evacuate Collection Set: 0.5ms
[2026-06-18T01:57:07.179+0000][16143.871s][info][gc,phases     ] GC(1136)   Other: 0.4ms
[2026-06-18T01:57:07.179+0000][16143.871s][info][gc,heap       ] GC(1136) Eden regions: 20->0(248)
[2026-06-18T01:57:07.179+0000][16143.871s][info][gc,heap       ] GC(1136) Survivor regions: 5->2(4)
[2026-06-18T01:57:07.179+0000][16143.871s][info][gc,heap       ] GC(1136) Old regions: 51->49
[2026-06-18T01:57:07.179+0000][16143.871s][info][gc,heap       ] GC(1136) Humongous regions: 147->147
[2026-06-18T01:57:07.179+0000][16143.871s][info][gc,metaspace  ] GC(1136) Metaspace: 52911K(55808K)->52911K(55808K) NonClass: 46968K(48640K)->46968K(48640K) Class: 5942K(7168K)->5942K(7168K)
[2026-06-18T01:57:07.180+0000][16143.871s][info][gc            ] GC(1136) Pause Young (Mixed) (G1 Evacuation Pause) 222M->197M(512M) 4.930ms
[2026-06-18T01:57:07.180+0000][16143.872s][info][gc,cpu        ] GC(1136) User=0.02s Sys=0.00s Real=0.00s
[2026-06-18T01:57:55.778+0000][16192.469s][info][gc,start      ] GC(1137) Pause Young (Normal) (G1 Evacuation Pause)
[2026-06-18T01:57:55.778+0000][16192.469s][info][gc,task       ] GC(1137) Using 13 workers of 13 for evacuation
[2026-06-18T01:57:55.780+0000][16192.471s][info][gc,phases     ] GC(1137)   Pre Evacuate Collection Set: 0.0ms
[2026-06-18T01:57:55.780+0000][16192.472s][info][gc,phases     ] GC(1137)   Evacuate Collection Set: 1.8ms
[2026-06-18T01:57:55.780+0000][16192.472s][info][gc,phases     ] GC(1137)   Post Evacuate Collection Set: 0.4ms
[2026-06-18T01:57:55.780+0000][16192.472s][info][gc,phases     ] GC(1137)   Other: 0.3ms
[2026-06-18T01:57:55.780+0000][16192.472s][info][gc,heap       ] GC(1137) Eden regions: 248->0(241)
[2026-06-18T01:57:55.780+0000][16192.472s][info][gc,heap       ] GC(1137) Survivor regions: 2->8(32)
[2026-06-18T01:57:55.780+0000][16192.472s][info][gc,heap       ] GC(1137) Old regions: 49->49
[2026-06-18T01:57:55.780+0000][16192.472s][info][gc,heap       ] GC(1137) Humongous regions: 147->147
[2026-06-18T01:57:55.780+0000][16192.472s][info][gc,metaspace  ] GC(1137) Metaspace: 52912K(55808K)->52912K(55808K) NonClass: 46969K(48640K)->46969K(48640K) Class: 5942K(7168K)->5942K(7168K)
[2026-06-18T01:57:55.780+0000][16192.472s][info][gc            ] GC(1137) Pause Young (Normal) (G1 Evacuation Pause) 445M->202M(512M) 2.735ms
[2026-06-18T01:57:55.780+0000][16192.472s][info][gc,cpu        ] GC(1137) User=0.02s Sys=0.01s Real=0.00s
[2026-06-18T01:57:57.298+0000][16193.989s][info][gc,start      ] GC(1138) Pause Young (Normal) (G1 Evacuation Pause)
[2026-06-18T01:57:57.298+0000][16193.989s][info][gc,task       ] GC(1138) Using 13 workers of 13 for evacuation
[2026-06-18T01:57:57.300+0000][16193.991s][info][gc,phases     ] GC(1138)   Pre Evacuate Collection Set: 0.0ms
[2026-06-18T01:57:57.300+0000][16193.991s][info][gc,phases     ] GC(1138)   Evacuate Collection Set: 1.5ms
[2026-06-18T01:57:57.300+0000][16193.991s][info][gc,phases     ] GC(1138)   Post Evacuate Collection Set: 0.3ms
[2026-06-18T01:57:57.300+0000][16193.991s][info][gc,phases     ] GC(1138)   Other: 0.3ms
[2026-06-18T01:57:57.300+0000][16193.991s][info][gc,heap       ] GC(1138) Eden regions: 241->0(246)
[2026-06-18T01:57:57.300+0000][16193.991s][info][gc,heap       ] GC(1138) Survivor regions: 8->4(32)
[2026-06-18T01:57:57.300+0000][16193.991s][info][gc,heap       ] GC(1138) Old regions: 49->49
[2026-06-18T01:57:57.300+0000][16193.991s][info][gc,heap       ] GC(1138) Humongous regions: 147->147
[2026-06-18T01:57:57.300+0000][16193.991s][info][gc,metaspace  ] GC(1138) Metaspace: 52912K(55808K)->52912K(55808K) NonClass: 46969K(48640K)->46969K(48640K) Class: 5942K(7168K)->5942K(7168K)
[2026-06-18T01:57:57.300+0000][16193.991s][info][gc            ] GC(1138) Pause Young (Normal) (G1 Evacuation Pause) 443M->199M(512M) 2.626ms
[2026-06-18T01:57:57.300+0000][16193.991s][info][gc,cpu        ] GC(1138) User=0.02s Sys=0.00s Real=0.00s
[2026-06-18T01:57:58.634+0000][16195.325s][info][gc,start      ] GC(1139) Pause Young (Concurrent Start) (G1 Evacuation Pause)
[2026-06-18T01:57:58.634+0000][16195.325s][info][gc,task       ] GC(1139) Using 13 workers of 13 for evacuation
[2026-06-18T01:57:58.638+0000][16195.329s][info][gc,phases     ] GC(1139)   Pre Evacuate Collection Set: 0.3ms
[2026-06-18T01:57:58.638+0000][16195.329s][info][gc,phases     ] GC(1139)   Evacuate Collection Set: 3.2ms
[2026-06-18T01:57:58.639+0000][16195.329s][info][gc,phases     ] GC(1139)   Post Evacuate Collection Set: 0.4ms
[2026-06-18T01:57:58.639+0000][16195.329s][info][gc,phases     ] GC(1139)   Other: 0.2ms
[2026-06-18T01:57:58.639+0000][16195.329s][info][gc,heap       ] GC(1139) Eden regions: 246->0(242)
[2026-06-18T01:57:58.639+0000][16195.329s][info][gc,heap       ] GC(1139) Survivor regions: 4->8(32)
[2026-06-18T01:57:58.639+0000][16195.329s][info][gc,heap       ] GC(1139) Old regions: 49->49
[2026-06-18T01:57:58.639+0000][16195.329s][info][gc,heap       ] GC(1139) Humongous regions: 147->147
[2026-06-18T01:57:58.639+0000][16195.329s][info][gc,metaspace  ] GC(1139) Metaspace: 52912K(55808K)->52912K(55808K) NonClass: 46969K(48640K)->46969K(48640K) Class: 5942K(7168K)->5942K(7168K)
[2026-06-18T01:57:58.639+0000][16195.330s][info][gc            ] GC(1139) Pause Young (Concurrent Start) (G1 Evacuation Pause) 445M->203M(512M) 4.424ms
[2026-06-18T01:57:58.639+0000][16195.330s][info][gc,cpu        ] GC(1139) User=0.03s Sys=0.00s Real=0.00s
[2026-06-18T01:57:58.639+0000][16195.330s][info][gc            ] GC(1140) Concurrent Cycle
[2026-06-18T01:57:58.639+0000][16195.330s][info][gc,marking    ] GC(1140) Concurrent Clear Claimed Marks
[2026-06-18T01:57:58.639+0000][16195.330s][info][gc,marking    ] GC(1140) Concurrent Clear Claimed Marks 0.110ms
[2026-06-18T01:57:58.639+0000][16195.330s][info][gc,marking    ] GC(1140) Concurrent Scan Root Regions
[2026-06-18T01:57:58.640+0000][16195.331s][info][gc,marking    ] GC(1140) Concurrent Scan Root Regions 1.356ms
[2026-06-18T01:57:58.641+0000][16195.331s][info][gc,marking    ] GC(1140) Concurrent Mark (16195.331s)
[2026-06-18T01:57:58.641+0000][16195.332s][info][gc,marking    ] GC(1140) Concurrent Mark From Roots
[2026-06-18T01:57:58.641+0000][16195.332s][info][gc,task       ] GC(1140) Using 3 workers of 3 for marking
[2026-06-18T01:57:58.646+0000][16195.337s][info][gc,marking    ] GC(1140) Concurrent Mark From Roots 5.298ms
[2026-06-18T01:57:58.646+0000][16195.337s][info][gc,marking    ] GC(1140) Concurrent Preclean
[2026-06-18T01:57:58.646+0000][16195.337s][info][gc,marking    ] GC(1140) Concurrent Preclean 0.154ms
[2026-06-18T01:57:58.646+0000][16195.337s][info][gc,marking    ] GC(1140) Concurrent Mark (16195.331s, 16195.337s) 5.705ms
[2026-06-18T01:57:58.647+0000][16195.337s][info][gc,start      ] GC(1140) Pause Remark
[2026-06-18T01:57:58.649+0000][16195.340s][info][gc,stringtable] GC(1140) Cleaned string and symbol table, strings: 17460 processed, 0 removed, symbols: 125116 processed, 0 removed
[2026-06-18T01:57:58.649+0000][16195.340s][info][gc            ] GC(1140) Pause Remark 207M->207M(512M) 2.766ms
[2026-06-18T01:57:58.649+0000][16195.340s][info][gc,cpu        ] GC(1140) User=0.02s Sys=0.00s Real=0.00s
[2026-06-18T01:57:58.649+0000][16195.340s][info][gc,marking    ] GC(1140) Concurrent Rebuild Remembered Sets
[2026-06-18T01:57:58.654+0000][16195.345s][info][gc,marking    ] GC(1140) Concurrent Rebuild Remembered Sets 4.834ms
[2026-06-18T01:57:58.655+0000][16195.345s][info][gc,start      ] GC(1140) Pause Cleanup
[2026-06-18T01:57:58.655+0000][16195.346s][info][gc            ] GC(1140) Pause Cleanup 208M->208M(512M) 0.178ms
[2026-06-18T01:57:58.655+0000][16195.346s][info][gc,cpu        ] GC(1140) User=0.00s Sys=0.00s Real=0.00s
[2026-06-18T01:57:58.655+0000][16195.346s][info][gc,marking    ] GC(1140) Concurrent Cleanup for Next Mark
[2026-06-18T01:57:58.655+0000][16195.346s][info][gc,marking    ] GC(1140) Concurrent Cleanup for Next Mark 0.158ms
[2026-06-18T01:57:58.655+0000][16195.346s][info][gc            ] GC(1140) Concurrent Cycle 16.255ms
[2026-06-18T01:57:59.887+0000][16196.578s][info][gc,start      ] GC(1141) Pause Young (Prepare Mixed) (G1 Evacuation Pause)
[2026-06-18T01:57:59.887+0000][16196.578s][info][gc,task       ] GC(1141) Using 13 workers of 13 for evacuation
[2026-06-18T01:57:59.890+0000][16196.580s][info][gc,phases     ] GC(1141)   Pre Evacuate Collection Set: 0.0ms
[2026-06-18T01:57:59.890+0000][16196.580s][info][gc,phases     ] GC(1141)   Evacuate Collection Set: 1.6ms
[2026-06-18T01:57:59.890+0000][16196.580s][info][gc,phases     ] GC(1141)   Post Evacuate Collection Set: 0.4ms
[2026-06-18T01:57:59.890+0000][16196.581s][info][gc,phases     ] GC(1141)   Other: 0.3ms
[2026-06-18T01:57:59.890+0000][16196.581s][info][gc,heap       ] GC(1141) Eden regions: 242->0(21)
[2026-06-18T01:57:59.890+0000][16196.581s][info][gc,heap       ] GC(1141) Survivor regions: 8->4(32)
[2026-06-18T01:57:59.890+0000][16196.581s][info][gc,heap       ] GC(1141) Old regions: 49->49
[2026-06-18T01:57:59.890+0000][16196.581s][info][gc,heap       ] GC(1141) Humongous regions: 147->147
[2026-06-18T01:57:59.890+0000][16196.581s][info][gc,metaspace  ] GC(1141) Metaspace: 52912K(55808K)->52912K(55808K) NonClass: 46969K(48640K)->46969K(48640K) Class: 5942K(7168K)->5942K(7168K)
[2026-06-18T01:57:59.890+0000][16196.581s][info][gc            ] GC(1141) Pause Young (Prepare Mixed) (G1 Evacuation Pause) 445M->198M(512M) 2.820ms
[2026-06-18T01:57:59.890+0000][16196.581s][info][gc,cpu        ] GC(1141) User=0.01s Sys=0.00s Real=0.00s
[2026-06-18T01:57:59.986+0000][16196.676s][info][gc,start      ] GC(1142) Pause Young (Mixed) (G1 Evacuation Pause)
[2026-06-18T01:57:59.986+0000][16196.677s][info][gc,task       ] GC(1142) Using 13 workers of 13 for evacuation
[2026-06-18T01:57:59.992+0000][16196.683s][info][gc,phases     ] GC(1142)   Pre Evacuate Collection Set: 0.0ms
[2026-06-18T01:57:59.992+0000][16196.683s][info][gc,phases     ] GC(1142)   Evacuate Collection Set: 5.8ms
[2026-06-18T01:57:59.992+0000][16196.683s][info][gc,phases     ] GC(1142)   Post Evacuate Collection Set: 0.3ms
[2026-06-18T01:57:59.992+0000][16196.683s][info][gc,phases     ] GC(1142)   Other: 0.3ms
[2026-06-18T01:57:59.992+0000][16196.683s][info][gc,heap       ] GC(1142) Eden regions: 21->0(249)
[2026-06-18T01:57:59.992+0000][16196.683s][info][gc,heap       ] GC(1142) Survivor regions: 4->3(4)
[2026-06-18T01:57:59.992+0000][16196.683s][info][gc,heap       ] GC(1142) Old regions: 49->47
[2026-06-18T01:57:59.992+0000][16196.683s][info][gc,heap       ] GC(1142) Humongous regions: 147->147
[2026-06-18T01:57:59.992+0000][16196.683s][info][gc,metaspace  ] GC(1142) Metaspace: 52912K(55808K)->52912K(55808K) NonClass: 46969K(48640K)->46969K(48640K) Class: 5942K(7168K)->5942K(7168K)
[2026-06-18T01:57:59.993+0000][16196.683s][info][gc            ] GC(1142) Pause Young (Mixed) (G1 Evacuation Pause) 219M->195M(512M) 6.817ms
[2026-06-18T01:57:59.993+0000][16196.683s][info][gc,cpu        ] GC(1142) User=0.07s Sys=0.00s Real=0.01s
[2026-06-18T01:58:48.801+0000][16245.492s][info][gc,start      ] GC(1143) Pause Young (Normal) (G1 Evacuation Pause)
[2026-06-18T01:58:48.801+0000][16245.492s][info][gc,task       ] GC(1143) Using 13 workers of 13 for evacuation
[2026-06-18T01:58:48.809+0000][16245.500s][info][gc,phases     ] GC(1143)   Pre Evacuate Collection Set: 0.0ms
[2026-06-18T01:58:48.809+0000][16245.500s][info][gc,phases     ] GC(1143)   Evacuate Collection Set: 7.5ms
[2026-06-18T01:58:48.810+0000][16245.500s][info][gc,phases     ] GC(1143)   Post Evacuate Collection Set: 0.3ms
[2026-06-18T01:58:48.810+0000][16245.500s][info][gc,phases     ] GC(1143)   Other: 0.3ms
[2026-06-18T01:58:48.810+0000][16245.500s][info][gc,heap       ] GC(1143) Eden regions: 249->0(247)
[2026-06-18T01:58:48.810+0000][16245.500s][info][gc,heap       ] GC(1143) Survivor regions: 3->6(32)
[2026-06-18T01:58:48.810+0000][16245.500s][info][gc,heap       ] GC(1143) Old regions: 47->47
[2026-06-18T01:58:48.810+0000][16245.500s][info][gc,heap       ] GC(1143) Humongous regions: 147->147
[2026-06-18T01:58:48.810+0000][16245.500s][info][gc,metaspace  ] GC(1143) Metaspace: 52912K(55808K)->52912K(55808K) NonClass: 46969K(48640K)->46969K(48640K) Class: 5942K(7168K)->5942K(7168K)
[2026-06-18T01:58:48.810+0000][16245.500s][info][gc            ] GC(1143) Pause Young (Normal) (G1 Evacuation Pause) 444M->198M(512M) 8.659ms
[2026-06-18T01:58:48.810+0000][16245.500s][info][gc,cpu        ] GC(1143) User=0.08s Sys=0.00s Real=0.01s
[2026-06-18T01:58:50.232+0000][16246.923s][info][gc,start      ] GC(1144) Pause Young (Normal) (G1 Evacuation Pause)
[2026-06-18T01:58:50.232+0000][16246.923s][info][gc,task       ] GC(1144) Using 13 workers of 13 for evacuation
[2026-06-18T01:58:50.237+0000][16246.928s][info][gc,phases     ] GC(1144)   Pre Evacuate Collection Set: 0.0ms
[2026-06-18T01:58:50.237+0000][16246.928s][info][gc,phases     ] GC(1144)   Evacuate Collection Set: 4.1ms
[2026-06-18T01:58:50.237+0000][16246.928s][info][gc,phases     ] GC(1144)   Post Evacuate Collection Set: 0.4ms
[2026-06-18T01:58:50.237+0000][16246.928s][info][gc,phases     ] GC(1144)   Other: 0.3ms
[2026-06-18T01:58:50.237+0000][16246.928s][info][gc,heap       ] GC(1144) Eden regions: 247->0(243)
[2026-06-18T01:58:50.237+0000][16246.928s][info][gc,heap       ] GC(1144) Survivor regions: 6->9(32)
[2026-06-18T01:58:50.237+0000][16246.928s][info][gc,heap       ] GC(1144) Old regions: 47->47
[2026-06-18T01:58:50.238+0000][16246.928s][info][gc,heap       ] GC(1144) Humongous regions: 147->147
[2026-06-18T01:58:50.238+0000][16246.928s][info][gc,metaspace  ] GC(1144) Metaspace: 52912K(55808K)->52912K(55808K) NonClass: 46969K(48640K)->46969K(48640K) Class: 5942K(7168K)->5942K(7168K)
[2026-06-18T01:58:50.238+0000][16246.928s][info][gc            ] GC(1144) Pause Young (Normal) (G1 Evacuation Pause) 445M->201M(512M) 5.260ms
[2026-06-18T01:58:50.238+0000][16246.928s][info][gc,cpu        ] GC(1144) User=0.05s Sys=0.00s Real=0.01s
[2026-06-18T01:58:51.401+0000][16248.091s][info][gc,start      ] GC(1145) Pause Young (Concurrent Start) (G1 Evacuation Pause)
[2026-06-18T01:58:51.401+0000][16248.091s][info][gc,task       ] GC(1145) Using 13 workers of 13 for evacuation
[2026-06-18T01:58:51.403+0000][16248.094s][info][gc,phases     ] GC(1145)   Pre Evacuate Collection Set: 0.3ms
[2026-06-18T01:58:51.403+0000][16248.094s][info][gc,phases     ] GC(1145)   Evacuate Collection Set: 1.7ms
[2026-06-18T01:58:51.403+0000][16248.094s][info][gc,phases     ] GC(1145)   Post Evacuate Collection Set: 0.3ms
[2026-06-18T01:58:51.403+0000][16248.094s][info][gc,phases     ] GC(1145)   Other: 0.4ms
[2026-06-18T01:58:51.404+0000][16248.094s][info][gc,heap       ] GC(1145) Eden regions: 243->0(247)
[2026-06-18T01:58:51.404+0000][16248.094s][info][gc,heap       ] GC(1145) Survivor regions: 9->5(32)
[2026-06-18T01:58:51.404+0000][16248.094s][info][gc,heap       ] GC(1145) Old regions: 47->47
[2026-06-18T01:58:51.404+0000][16248.094s][info][gc,heap       ] GC(1145) Humongous regions: 147->147
[2026-06-18T01:58:51.404+0000][16248.094s][info][gc,metaspace  ] GC(1145) Metaspace: 52912K(55808K)->52912K(55808K) NonClass: 46969K(48640K)->46969K(48640K) Class: 5942K(7168K)->5942K(7168K)
[2026-06-18T01:58:51.404+0000][16248.094s][info][gc            ] GC(1145) Pause Young (Concurrent Start) (G1 Evacuation Pause) 444M->197M(512M) 3.163ms
[2026-06-18T01:58:51.404+0000][16248.094s][info][gc,cpu        ] GC(1145) User=0.01s Sys=0.00s Real=0.01s
[2026-06-18T01:58:51.404+0000][16248.094s][info][gc            ] GC(1146) Concurrent Cycle
[2026-06-18T01:58:51.404+0000][16248.094s][info][gc,marking    ] GC(1146) Concurrent Clear Claimed Marks
[2026-06-18T01:58:51.404+0000][16248.095s][info][gc,marking    ] GC(1146) Concurrent Clear Claimed Marks 0.222ms
[2026-06-18T01:58:51.404+0000][16248.095s][info][gc,marking    ] GC(1146) Concurrent Scan Root Regions
[2026-06-18T01:58:51.406+0000][16248.096s][info][gc,marking    ] GC(1146) Concurrent Scan Root Regions 1.217ms
[2026-06-18T01:58:51.406+0000][16248.096s][info][gc,marking    ] GC(1146) Concurrent Mark (16248.096s)
[2026-06-18T01:58:51.406+0000][16248.096s][info][gc,marking    ] GC(1146) Concurrent Mark From Roots
[2026-06-18T01:58:51.406+0000][16248.096s][info][gc,task       ] GC(1146) Using 3 workers of 3 for marking
[2026-06-18T01:58:51.411+0000][16248.102s][info][gc,marking    ] GC(1146) Concurrent Mark From Roots 5.696ms
[2026-06-18T01:58:51.412+0000][16248.102s][info][gc,marking    ] GC(1146) Concurrent Preclean
[2026-06-18T01:58:51.412+0000][16248.102s][info][gc,marking    ] GC(1146) Concurrent Preclean 0.184ms
[2026-06-18T01:58:51.412+0000][16248.102s][info][gc,marking    ] GC(1146) Concurrent Mark (16248.096s, 16248.102s) 6.129ms
[2026-06-18T01:58:51.412+0000][16248.102s][info][gc,start      ] GC(1146) Pause Remark
[2026-06-18T01:58:51.415+0000][16248.105s][info][gc,stringtable] GC(1146) Cleaned string and symbol table, strings: 17460 processed, 0 removed, symbols: 125116 processed, 0 removed
[2026-06-18T01:58:51.415+0000][16248.105s][info][gc            ] GC(1146) Pause Remark 201M->201M(512M) 2.956ms
[2026-06-18T01:58:51.415+0000][16248.106s][info][gc,cpu        ] GC(1146) User=0.02s Sys=0.00s Real=0.01s
[2026-06-18T01:58:51.415+0000][16248.106s][info][gc,marking    ] GC(1146) Concurrent Rebuild Remembered Sets
[2026-06-18T01:58:51.420+0000][16248.110s][info][gc,marking    ] GC(1146) Concurrent Rebuild Remembered Sets 4.428ms
[2026-06-18T01:58:51.420+0000][16248.110s][info][gc,start      ] GC(1146) Pause Cleanup
[2026-06-18T01:58:51.420+0000][16248.110s][info][gc            ] GC(1146) Pause Cleanup 202M->202M(512M) 0.142ms
[2026-06-18T01:58:51.420+0000][16248.110s][info][gc,cpu        ] GC(1146) User=0.00s Sys=0.00s Real=0.00s
[2026-06-18T01:58:51.420+0000][16248.111s][info][gc,marking    ] GC(1146) Concurrent Cleanup for Next Mark
[2026-06-18T01:58:51.420+0000][16248.111s][info][gc,marking    ] GC(1146) Concurrent Cleanup for Next Mark 0.157ms
[2026-06-18T01:58:51.420+0000][16248.111s][info][gc            ] GC(1146) Concurrent Cycle 16.392ms
[2026-06-18T01:59:39.921+0000][16296.611s][info][gc,start      ] GC(1147) Pause Young (Prepare Mixed) (G1 Evacuation Pause)
[2026-06-18T01:59:39.922+0000][16296.612s][info][gc,task       ] GC(1147) Using 13 workers of 13 for evacuation
[2026-06-18T01:59:39.932+0000][16296.622s][info][gc,phases     ] GC(1147)   Pre Evacuate Collection Set: 0.0ms
[2026-06-18T01:59:39.932+0000][16296.622s][info][gc,phases     ] GC(1147)   Evacuate Collection Set: 8.5ms
[2026-06-18T01:59:39.932+0000][16296.622s][info][gc,phases     ] GC(1147)   Post Evacuate Collection Set: 0.7ms
[2026-06-18T01:59:39.932+0000][16296.622s][info][gc,phases     ] GC(1147)   Other: 1.2ms
[2026-06-18T01:59:39.932+0000][16296.622s][info][gc,heap       ] GC(1147) Eden regions: 247->0(17)
[2026-06-18T01:59:39.933+0000][16296.623s][info][gc,heap       ] GC(1147) Survivor regions: 5->8(32)
[2026-06-18T01:59:39.933+0000][16296.623s][info][gc,heap       ] GC(1147) Old regions: 47->47
[2026-06-18T01:59:39.933+0000][16296.623s][info][gc,heap       ] GC(1147) Humongous regions: 147->147
[2026-06-18T01:59:39.933+0000][16296.623s][info][gc,metaspace  ] GC(1147) Metaspace: 52912K(55808K)->52912K(55808K) NonClass: 46969K(48640K)->46969K(48640K) Class: 5942K(7168K)->5942K(7168K)
[2026-06-18T01:59:39.933+0000][16296.623s][info][gc            ] GC(1147) Pause Young (Prepare Mixed) (G1 Evacuation Pause) 444M->201M(512M) 11.573ms
[2026-06-18T01:59:39.933+0000][16296.623s][info][gc,cpu        ] GC(1147) User=0.09s Sys=0.00s Real=0.01s
[2026-06-18T01:59:40.035+0000][16296.725s][info][gc,start      ] GC(1148) Pause Young (Mixed) (G1 Evacuation Pause)
[2026-06-18T01:59:40.035+0000][16296.725s][info][gc,task       ] GC(1148) Using 13 workers of 13 for evacuation
[2026-06-18T01:59:40.039+0000][16296.729s][info][gc,phases     ] GC(1148)   Pre Evacuate Collection Set: 0.0ms
[2026-06-18T01:59:40.039+0000][16296.729s][info][gc,phases     ] GC(1148)   Evacuate Collection Set: 3.1ms
[2026-06-18T01:59:40.039+0000][16296.729s][info][gc,phases     ] GC(1148)   Post Evacuate Collection Set: 0.3ms
[2026-06-18T01:59:40.039+0000][16296.729s][info][gc,phases     ] GC(1148)   Other: 0.4ms
[2026-06-18T01:59:40.039+0000][16296.729s][info][gc,heap       ] GC(1148) Eden regions: 17->0(244)
[2026-06-18T01:59:40.039+0000][16296.729s][info][gc,heap       ] GC(1148) Survivor regions: 8->2(4)
[2026-06-18T01:59:40.039+0000][16296.729s][info][gc,heap       ] GC(1148) Old regions: 47->53
[2026-06-18T01:59:40.039+0000][16296.729s][info][gc,heap       ] GC(1148) Humongous regions: 147->147
[2026-06-18T01:59:40.039+0000][16296.729s][info][gc,metaspace  ] GC(1148) Metaspace: 52912K(55808K)->52912K(55808K) NonClass: 46969K(48640K)->46969K(48640K) Class: 5942K(7168K)->5942K(7168K)
[2026-06-18T01:59:40.039+0000][16296.729s][info][gc            ] GC(1148) Pause Young (Mixed) (G1 Evacuation Pause) 218M->201M(512M) 4.185ms
[2026-06-18T01:59:40.039+0000][16296.729s][info][gc,cpu        ] GC(1148) User=0.03s Sys=0.00s Real=0.00s
[2026-06-18T01:59:41.496+0000][16298.186s][info][gc,start      ] GC(1149) Pause Young (Normal) (G1 Evacuation Pause)
[2026-06-18T01:59:41.497+0000][16298.186s][info][gc,task       ] GC(1149) Using 13 workers of 13 for evacuation
[2026-06-18T01:59:41.498+0000][16298.188s][info][gc,phases     ] GC(1149)   Pre Evacuate Collection Set: 0.0ms
[2026-06-18T01:59:41.498+0000][16298.188s][info][gc,phases     ] GC(1149)   Evacuate Collection Set: 1.4ms
[2026-06-18T01:59:41.498+0000][16298.188s][info][gc,phases     ] GC(1149)   Post Evacuate Collection Set: 0.3ms
[2026-06-18T01:59:41.499+0000][16298.188s][info][gc,phases     ] GC(1149)   Other: 0.3ms
[2026-06-18T01:59:41.499+0000][16298.188s][info][gc,heap       ] GC(1149) Eden regions: 244->0(244)
[2026-06-18T01:59:41.499+0000][16298.189s][info][gc,heap       ] GC(1149) Survivor regions: 2->3(31)
[2026-06-18T01:59:41.499+0000][16298.189s][info][gc,heap       ] GC(1149) Old regions: 53->53
[2026-06-18T01:59:41.499+0000][16298.189s][info][gc,heap       ] GC(1149) Humongous regions: 147->147
[2026-06-18T01:59:41.499+0000][16298.189s][info][gc,metaspace  ] GC(1149) Metaspace: 52912K(55808K)->52912K(55808K) NonClass: 46969K(48640K)->46969K(48640K) Class: 5942K(7168K)->5942K(7168K)
[2026-06-18T01:59:41.499+0000][16298.189s][info][gc            ] GC(1149) Pause Young (Normal) (G1 Evacuation Pause) 445M->202M(512M) 2.413ms
[2026-06-18T01:59:41.499+0000][16298.189s][info][gc,cpu        ] GC(1149) User=0.01s Sys=0.00s Real=0.00s
[2026-06-18T01:59:42.768+0000][16299.458s][info][gc,start      ] GC(1150) Pause Young (Normal) (G1 Evacuation Pause)
[2026-06-18T01:59:42.769+0000][16299.458s][info][gc,task       ] GC(1150) Using 13 workers of 13 for evacuation
[2026-06-18T01:59:42.771+0000][16299.461s][info][gc,phases     ] GC(1150)   Pre Evacuate Collection Set: 0.0ms
[2026-06-18T01:59:42.771+0000][16299.461s][info][gc,phases     ] GC(1150)   Evacuate Collection Set: 1.7ms
[2026-06-18T01:59:42.771+0000][16299.461s][info][gc,phases     ] GC(1150)   Post Evacuate Collection Set: 0.3ms
[2026-06-18T01:59:42.771+0000][16299.461s][info][gc,phases     ] GC(1150)   Other: 0.3ms
[2026-06-18T01:59:42.771+0000][16299.461s][info][gc,heap       ] GC(1150) Eden regions: 244->0(240)
[2026-06-18T01:59:42.771+0000][16299.461s][info][gc,heap       ] GC(1150) Survivor regions: 3->7(31)
[2026-06-18T01:59:42.771+0000][16299.461s][info][gc,heap       ] GC(1150) Old regions: 53->53
[2026-06-18T01:59:42.771+0000][16299.461s][info][gc,heap       ] GC(1150) Humongous regions: 147->147
[2026-06-18T01:59:42.771+0000][16299.461s][info][gc,metaspace  ] GC(1150) Metaspace: 52912K(55808K)->52912K(55808K) NonClass: 46969K(48640K)->46969K(48640K) Class: 5942K(7168K)->5942K(7168K)
[2026-06-18T01:59:42.771+0000][16299.461s][info][gc            ] GC(1150) Pause Young (Normal) (G1 Evacuation Pause) 446M->206M(512M) 2.472ms
[2026-06-18T01:59:42.771+0000][16299.461s][info][gc,cpu        ] GC(1150) User=0.02s Sys=0.00s Real=0.00s
[2026-06-18T01:59:43.929+0000][16300.619s][info][gc,start      ] GC(1151) Pause Young (Concurrent Start) (G1 Evacuation Pause)
[2026-06-18T01:59:43.930+0000][16300.619s][info][gc,task       ] GC(1151) Using 13 workers of 13 for evacuation
[2026-06-18T01:59:43.932+0000][16300.622s][info][gc,phases     ] GC(1151)   Pre Evacuate Collection Set: 0.3ms
[2026-06-18T01:59:43.932+0000][16300.622s][info][gc,phases     ] GC(1151)   Evacuate Collection Set: 1.8ms
[2026-06-18T01:59:43.932+0000][16300.622s][info][gc,phases     ] GC(1151)   Post Evacuate Collection Set: 0.3ms
[2026-06-18T01:59:43.932+0000][16300.622s][info][gc,phases     ] GC(1151)   Other: 0.3ms
[2026-06-18T01:59:43.932+0000][16300.622s][info][gc,heap       ] GC(1151) Eden regions: 240->0(244)
[2026-06-18T01:59:43.932+0000][16300.622s][info][gc,heap       ] GC(1151) Survivor regions: 7->4(31)
[2026-06-18T01:59:43.932+0000][16300.622s][info][gc,heap       ] GC(1151) Old regions: 53->53
[2026-06-18T01:59:43.933+0000][16300.622s][info][gc,heap       ] GC(1151) Humongous regions: 147->147
[2026-06-18T01:59:43.933+0000][16300.622s][info][gc,metaspace  ] GC(1151) Metaspace: 52912K(55808K)->52912K(55808K) NonClass: 46969K(48640K)->46969K(48640K) Class: 5942K(7168K)->5942K(7168K)
[2026-06-18T01:59:43.933+0000][16300.623s][info][gc            ] GC(1151) Pause Young (Concurrent Start) (G1 Evacuation Pause) 446M->202M(512M) 3.236ms
[2026-06-18T01:59:43.933+0000][16300.623s][info][gc,cpu        ] GC(1151) User=0.02s Sys=0.00s Real=0.00s
[2026-06-18T01:59:43.933+0000][16300.623s][info][gc            ] GC(1152) Concurrent Cycle
[2026-06-18T01:59:43.933+0000][16300.623s][info][gc,marking    ] GC(1152) Concurrent Clear Claimed Marks
[2026-06-18T01:59:43.933+0000][16300.623s][info][gc,marking    ] GC(1152) Concurrent Clear Claimed Marks 0.255ms
[2026-06-18T01:59:43.933+0000][16300.623s][info][gc,marking    ] GC(1152) Concurrent Scan Root Regions
[2026-06-18T01:59:43.934+0000][16300.624s][info][gc,marking    ] GC(1152) Concurrent Scan Root Regions 0.997ms
[2026-06-18T01:59:43.934+0000][16300.624s][info][gc,marking    ] GC(1152) Concurrent Mark (16300.624s)
[2026-06-18T01:59:43.934+0000][16300.624s][info][gc,marking    ] GC(1152) Concurrent Mark From Roots
[2026-06-18T01:59:43.934+0000][16300.624s][info][gc,task       ] GC(1152) Using 3 workers of 3 for marking
[2026-06-18T01:59:43.941+0000][16300.631s][info][gc,marking    ] GC(1152) Concurrent Mark From Roots 6.314ms
[2026-06-18T01:59:43.941+0000][16300.631s][info][gc,marking    ] GC(1152) Concurrent Preclean
[2026-06-18T01:59:43.941+0000][16300.631s][info][gc,marking    ] GC(1152) Concurrent Preclean 0.164ms
[2026-06-18T01:59:43.941+0000][16300.631s][info][gc,marking    ] GC(1152) Concurrent Mark (16300.624s, 16300.631s) 6.697ms
[2026-06-18T01:59:43.941+0000][16300.631s][info][gc,start      ] GC(1152) Pause Remark
[2026-06-18T01:59:43.944+0000][16300.634s][info][gc,stringtable] GC(1152) Cleaned string and symbol table, strings: 17460 processed, 0 removed, symbols: 125116 processed, 0 removed
[2026-06-18T01:59:43.944+0000][16300.634s][info][gc            ] GC(1152) Pause Remark 207M->207M(512M) 2.762ms
[2026-06-18T01:59:43.944+0000][16300.634s][info][gc,cpu        ] GC(1152) User=0.03s Sys=0.00s Real=0.01s
[2026-06-18T01:59:43.944+0000][16300.634s][info][gc,marking    ] GC(1152) Concurrent Rebuild Remembered Sets
[2026-06-18T01:59:43.949+0000][16300.639s][info][gc,marking    ] GC(1152) Concurrent Rebuild Remembered Sets 4.482ms
[2026-06-18T01:59:43.949+0000][16300.639s][info][gc,start      ] GC(1152) Pause Cleanup
[2026-06-18T01:59:43.949+0000][16300.639s][info][gc            ] GC(1152) Pause Cleanup 208M->208M(512M) 0.152ms
[2026-06-18T01:59:43.949+0000][16300.639s][info][gc,cpu        ] GC(1152) User=0.00s Sys=0.00s Real=0.00s
[2026-06-18T01:59:43.949+0000][16300.639s][info][gc,marking    ] GC(1152) Concurrent Cleanup for Next Mark
[2026-06-18T01:59:43.949+0000][16300.639s][info][gc,marking    ] GC(1152) Concurrent Cleanup for Next Mark 0.130ms
[2026-06-18T01:59:43.949+0000][16300.639s][info][gc            ] GC(1152) Concurrent Cycle 16.547ms
[2026-06-18T02:00:32.494+0000][16349.184s][info][gc,start      ] GC(1153) Pause Young (Prepare Mixed) (G1 Evacuation Pause)
[2026-06-18T02:00:32.494+0000][16349.184s][info][gc,task       ] GC(1153) Using 13 workers of 13 for evacuation
[2026-06-18T02:00:32.497+0000][16349.186s][info][gc,phases     ] GC(1153)   Pre Evacuate Collection Set: 0.0ms
[2026-06-18T02:00:32.497+0000][16349.186s][info][gc,phases     ] GC(1153)   Evacuate Collection Set: 1.9ms
[2026-06-18T02:00:32.497+0000][16349.186s][info][gc,phases     ] GC(1153)   Post Evacuate Collection Set: 0.4ms
[2026-06-18T02:00:32.497+0000][16349.186s][info][gc,phases     ] GC(1153)   Other: 0.3ms
[2026-06-18T02:00:32.497+0000][16349.186s][info][gc,heap       ] GC(1153) Eden regions: 244->0(18)
[2026-06-18T02:00:32.497+0000][16349.186s][info][gc,heap       ] GC(1153) Survivor regions: 4->7(31)
[2026-06-18T02:00:32.497+0000][16349.186s][info][gc,heap       ] GC(1153) Old regions: 53->53
[2026-06-18T02:00:32.497+0000][16349.187s][info][gc,heap       ] GC(1153) Humongous regions: 147->147
[2026-06-18T02:00:32.497+0000][16349.187s][info][gc,metaspace  ] GC(1153) Metaspace: 52912K(55808K)->52912K(55808K) NonClass: 46969K(48640K)->46969K(48640K) Class: 5942K(7168K)->5942K(7168K)
[2026-06-18T02:00:32.497+0000][16349.187s][info][gc            ] GC(1153) Pause Young (Prepare Mixed) (G1 Evacuation Pause) 446M->206M(512M) 3.046ms
[2026-06-18T02:00:32.497+0000][16349.187s][info][gc,cpu        ] GC(1153) User=0.02s Sys=0.00s Real=0.00s
[2026-06-18T02:00:32.602+0000][16349.292s][info][gc,start      ] GC(1154) Pause Young (Mixed) (G1 Evacuation Pause)
[2026-06-18T02:00:32.603+0000][16349.292s][info][gc,task       ] GC(1154) Using 13 workers of 13 for evacuation
[2026-06-18T02:00:32.606+0000][16349.296s][info][gc,phases     ] GC(1154)   Pre Evacuate Collection Set: 0.0ms
[2026-06-18T02:00:32.606+0000][16349.296s][info][gc,phases     ] GC(1154)   Evacuate Collection Set: 3.0ms
[2026-06-18T02:00:32.606+0000][16349.296s][info][gc,phases     ] GC(1154)   Post Evacuate Collection Set: 0.3ms
[2026-06-18T02:00:32.606+0000][16349.296s][info][gc,phases     ] GC(1154)   Other: 0.2ms
[2026-06-18T02:00:32.606+0000][16349.296s][info][gc,heap       ] GC(1154) Eden regions: 18->0(245)
[2026-06-18T02:00:32.606+0000][16349.296s][info][gc,heap       ] GC(1154) Survivor regions: 7->2(4)
[2026-06-18T02:00:32.606+0000][16349.296s][info][gc,heap       ] GC(1154) Old regions: 53->53
[2026-06-18T02:00:32.606+0000][16349.296s][info][gc,heap       ] GC(1154) Humongous regions: 147->147
[2026-06-18T02:00:32.606+0000][16349.296s][info][gc,metaspace  ] GC(1154) Metaspace: 52912K(55808K)->52912K(55808K) NonClass: 46969K(48640K)->46969K(48640K) Class: 5942K(7168K)->5942K(7168K)
[2026-06-18T02:00:32.606+0000][16349.296s][info][gc            ] GC(1154) Pause Young (Mixed) (G1 Evacuation Pause) 224M->200M(512M) 3.809ms
[2026-06-18T02:00:32.606+0000][16349.296s][info][gc,cpu        ] GC(1154) User=0.03s Sys=0.01s Real=0.01s
[2026-06-18T02:00:34.089+0000][16350.778s][info][gc,start      ] GC(1155) Pause Young (Normal) (G1 Evacuation Pause)
[2026-06-18T02:00:34.089+0000][16350.778s][info][gc,task       ] GC(1155) Using 13 workers of 13 for evacuation
[2026-06-18T02:00:34.092+0000][16350.781s][info][gc,phases     ] GC(1155)   Pre Evacuate Collection Set: 0.0ms
[2026-06-18T02:00:34.092+0000][16350.781s][info][gc,phases     ] GC(1155)   Evacuate Collection Set: 2.1ms
[2026-06-18T02:00:34.092+0000][16350.781s][info][gc,phases     ] GC(1155)   Post Evacuate Collection Set: 0.4ms
[2026-06-18T02:00:34.092+0000][16350.781s][info][gc,phases     ] GC(1155)   Other: 0.3ms
[2026-06-18T02:00:34.092+0000][16350.781s][info][gc,heap       ] GC(1155) Eden regions: 245->0(247)
[2026-06-18T02:00:34.092+0000][16350.781s][info][gc,heap       ] GC(1155) Survivor regions: 2->2(31)
[2026-06-18T02:00:34.092+0000][16350.782s][info][gc,heap       ] GC(1155) Old regions: 53->53
[2026-06-18T02:00:34.092+0000][16350.782s][info][gc,heap       ] GC(1155) Humongous regions: 147->147
[2026-06-18T02:00:34.092+0000][16350.782s][info][gc,metaspace  ] GC(1155) Metaspace: 52912K(55808K)->52912K(55808K) NonClass: 46969K(48640K)->46969K(48640K) Class: 5942K(7168K)->5942K(7168K)
[2026-06-18T02:00:34.092+0000][16350.782s][info][gc            ] GC(1155) Pause Young (Normal) (G1 Evacuation Pause) 445M->200M(512M) 3.370ms
[2026-06-18T02:00:34.092+0000][16350.782s][info][gc,cpu        ] GC(1155) User=0.03s Sys=0.00s Real=0.00s
[2026-06-18T02:00:35.326+0000][16352.016s][info][gc,start      ] GC(1156) Pause Young (Normal) (G1 Evacuation Pause)
[2026-06-18T02:00:35.326+0000][16352.016s][info][gc,task       ] GC(1156) Using 13 workers of 13 for evacuation
[2026-06-18T02:00:35.328+0000][16352.017s][info][gc,phases     ] GC(1156)   Pre Evacuate Collection Set: 0.0ms
[2026-06-18T02:00:35.330+0000][16352.019s][info][gc,phases     ] GC(1156)   Evacuate Collection Set: 1.2ms
[2026-06-18T02:00:35.330+0000][16352.019s][info][gc,phases     ] GC(1156)   Post Evacuate Collection Set: 0.3ms
[2026-06-18T02:00:35.330+0000][16352.019s][info][gc,phases     ] GC(1156)   Other: 0.3ms
[2026-06-18T02:00:35.330+0000][16352.019s][info][gc,heap       ] GC(1156) Eden regions: 247->0(244)
[2026-06-18T02:00:35.330+0000][16352.019s][info][gc,heap       ] GC(1156) Survivor regions: 2->5(32)
[2026-06-18T02:00:35.330+0000][16352.019s][info][gc,heap       ] GC(1156) Old regions: 53->53
[2026-06-18T02:00:35.330+0000][16352.020s][info][gc,heap       ] GC(1156) Humongous regions: 147->147
[2026-06-18T02:00:35.330+0000][16352.020s][info][gc,metaspace  ] GC(1156) Metaspace: 52912K(55808K)->52912K(55808K) NonClass: 46969K(48640K)->46969K(48640K) Class: 5942K(7168K)->5942K(7168K)
[2026-06-18T02:00:35.330+0000][16352.020s][info][gc            ] GC(1156) Pause Young (Normal) (G1 Evacuation Pause) 447M->203M(512M) 3.930ms
[2026-06-18T02:00:35.330+0000][16352.020s][info][gc,cpu        ] GC(1156) User=0.01s Sys=0.00s Real=0.00s
[2026-06-18T02:00:36.483+0000][16353.173s][info][gc,start      ] GC(1157) Pause Young (Concurrent Start) (G1 Evacuation Pause)
[2026-06-18T02:00:36.483+0000][16353.173s][info][gc,task       ] GC(1157) Using 13 workers of 13 for evacuation
[2026-06-18T02:00:36.487+0000][16353.177s][info][gc,phases     ] GC(1157)   Pre Evacuate Collection Set: 0.3ms
[2026-06-18T02:00:36.487+0000][16353.177s][info][gc,phases     ] GC(1157)   Evacuate Collection Set: 3.2ms
[2026-06-18T02:00:36.487+0000][16353.177s][info][gc,phases     ] GC(1157)   Post Evacuate Collection Set: 0.4ms
[2026-06-18T02:00:36.487+0000][16353.177s][info][gc,phases     ] GC(1157)   Other: 0.3ms
[2026-06-18T02:00:36.487+0000][16353.177s][info][gc,heap       ] GC(1157) Eden regions: 244->0(239)
[2026-06-18T02:00:36.487+0000][16353.177s][info][gc,heap       ] GC(1157) Survivor regions: 5->8(32)
[2026-06-18T02:00:36.487+0000][16353.177s][info][gc,heap       ] GC(1157) Old regions: 53->53
[2026-06-18T02:00:36.488+0000][16353.177s][info][gc,heap       ] GC(1157) Humongous regions: 147->147
[2026-06-18T02:00:36.488+0000][16353.177s][info][gc,metaspace  ] GC(1157) Metaspace: 52912K(55808K)->52912K(55808K) NonClass: 46969K(48640K)->46969K(48640K) Class: 5942K(7168K)->5942K(7168K)
[2026-06-18T02:00:36.488+0000][16353.177s][info][gc            ] GC(1157) Pause Young (Concurrent Start) (G1 Evacuation Pause) 447M->207M(512M) 4.571ms
[2026-06-18T02:00:36.488+0000][16353.177s][info][gc,cpu        ] GC(1157) User=0.04s Sys=0.00s Real=0.01s
[2026-06-18T02:00:36.488+0000][16353.177s][info][gc            ] GC(1158) Concurrent Cycle
[2026-06-18T02:00:36.488+0000][16353.177s][info][gc,marking    ] GC(1158) Concurrent Clear Claimed Marks
[2026-06-18T02:00:36.488+0000][16353.178s][info][gc,marking    ] GC(1158) Concurrent Clear Claimed Marks 0.206ms
[2026-06-18T02:00:36.488+0000][16353.178s][info][gc,marking    ] GC(1158) Concurrent Scan Root Regions
[2026-06-18T02:00:36.489+0000][16353.179s][info][gc,marking    ] GC(1158) Concurrent Scan Root Regions 1.301ms
[2026-06-18T02:00:36.489+0000][16353.179s][info][gc,marking    ] GC(1158) Concurrent Mark (16353.179s)
[2026-06-18T02:00:36.490+0000][16353.179s][info][gc,marking    ] GC(1158) Concurrent Mark From Roots
[2026-06-18T02:00:36.490+0000][16353.179s][info][gc,task       ] GC(1158) Using 3 workers of 3 for marking
[2026-06-18T02:00:36.495+0000][16353.185s][info][gc,marking    ] GC(1158) Concurrent Mark From Roots 5.684ms
[2026-06-18T02:00:36.495+0000][16353.185s][info][gc,marking    ] GC(1158) Concurrent Preclean
[2026-06-18T02:00:36.496+0000][16353.185s][info][gc,marking    ] GC(1158) Concurrent Preclean 0.181ms
[2026-06-18T02:00:36.496+0000][16353.185s][info][gc,marking    ] GC(1158) Concurrent Mark (16353.179s, 16353.185s) 6.163ms
[2026-06-18T02:00:36.496+0000][16353.185s][info][gc,start      ] GC(1158) Pause Remark
[2026-06-18T02:00:36.498+0000][16353.188s][info][gc,stringtable] GC(1158) Cleaned string and symbol table, strings: 17460 processed, 0 removed, symbols: 125116 processed, 0 removed
[2026-06-18T02:00:36.499+0000][16353.188s][info][gc            ] GC(1158) Pause Remark 212M->212M(512M) 2.755ms
[2026-06-18T02:00:36.499+0000][16353.188s][info][gc,cpu        ] GC(1158) User=0.03s Sys=0.00s Real=0.00s
[2026-06-18T02:00:36.499+0000][16353.188s][info][gc,marking    ] GC(1158) Concurrent Rebuild Remembered Sets
[2026-06-18T02:00:36.503+0000][16353.192s][info][gc,marking    ] GC(1158) Concurrent Rebuild Remembered Sets 4.102ms
[2026-06-18T02:00:36.503+0000][16353.193s][info][gc,start      ] GC(1158) Pause Cleanup
[2026-06-18T02:00:36.503+0000][16353.193s][info][gc            ] GC(1158) Pause Cleanup 212M->212M(512M) 0.175ms
[2026-06-18T02:00:36.503+0000][16353.193s][info][gc,cpu        ] GC(1158) User=0.01s Sys=0.00s Real=0.00s
[2026-06-18T02:00:36.503+0000][16353.193s][info][gc,marking    ] GC(1158) Concurrent Cleanup for Next Mark
[2026-06-18T02:00:36.504+0000][16353.193s][info][gc,marking    ] GC(1158) Concurrent Cleanup for Next Mark 0.152ms
[2026-06-18T02:00:36.504+0000][16353.193s][info][gc            ] GC(1158) Concurrent Cycle 15.940ms
[2026-06-18T02:01:25.184+0000][16401.872s][info][gc,start      ] GC(1159) Pause Young (Prepare Mixed) (G1 Evacuation Pause)
[2026-06-18T02:01:25.184+0000][16401.872s][info][gc,task       ] GC(1159) Using 13 workers of 13 for evacuation
[2026-06-18T02:01:25.186+0000][16401.874s][info][gc,phases     ] GC(1159)   Pre Evacuate Collection Set: 0.0ms
[2026-06-18T02:01:25.186+0000][16401.874s][info][gc,phases     ] GC(1159)   Evacuate Collection Set: 1.4ms
[2026-06-18T02:01:25.186+0000][16401.874s][info][gc,phases     ] GC(1159)   Post Evacuate Collection Set: 0.3ms
[2026-06-18T02:01:25.186+0000][16401.874s][info][gc,phases     ] GC(1159)   Other: 0.3ms
[2026-06-18T02:01:25.186+0000][16401.874s][info][gc,heap       ] GC(1159) Eden regions: 239->0(21)
[2026-06-18T02:01:25.186+0000][16401.874s][info][gc,heap       ] GC(1159) Survivor regions: 8->4(31)
[2026-06-18T02:01:25.186+0000][16401.874s][info][gc,heap       ] GC(1159) Old regions: 53->53
[2026-06-18T02:01:25.186+0000][16401.874s][info][gc,heap       ] GC(1159) Humongous regions: 147->147
[2026-06-18T02:01:25.186+0000][16401.874s][info][gc,metaspace  ] GC(1159) Metaspace: 52912K(55808K)->52912K(55808K) NonClass: 46969K(48640K)->46969K(48640K) Class: 5942K(7168K)->5942K(7168K)
[2026-06-18T02:01:25.186+0000][16401.874s][info][gc            ] GC(1159) Pause Young (Prepare Mixed) (G1 Evacuation Pause) 446M->203M(512M) 2.495ms
[2026-06-18T02:01:25.186+0000][16401.874s][info][gc,cpu        ] GC(1159) User=0.02s Sys=0.00s Real=0.01s
[2026-06-18T02:01:25.302+0000][16401.990s][info][gc,start      ] GC(1160) Pause Young (Mixed) (G1 Evacuation Pause)
[2026-06-18T02:01:25.302+0000][16401.991s][info][gc,task       ] GC(1160) Using 13 workers of 13 for evacuation
[2026-06-18T02:01:25.306+0000][16401.994s][info][gc,phases     ] GC(1160)   Pre Evacuate Collection Set: 0.0ms
[2026-06-18T02:01:25.306+0000][16401.994s][info][gc,phases     ] GC(1160)   Evacuate Collection Set: 1.7ms
[2026-06-18T02:01:25.306+0000][16401.994s][info][gc,phases     ] GC(1160)   Post Evacuate Collection Set: 0.3ms
[2026-06-18T02:01:25.306+0000][16401.994s][info][gc,phases     ] GC(1160)   Other: 1.8ms
[2026-06-18T02:01:25.306+0000][16401.994s][info][gc,heap       ] GC(1160) Eden regions: 21->0(250)
[2026-06-18T02:01:25.306+0000][16401.994s][info][gc,heap       ] GC(1160) Survivor regions: 4->3(4)
[2026-06-18T02:01:25.306+0000][16401.995s][info][gc,heap       ] GC(1160) Old regions: 53->47
[2026-06-18T02:01:25.306+0000][16401.995s][info][gc,heap       ] GC(1160) Humongous regions: 147->147
[2026-06-18T02:01:25.306+0000][16401.995s][info][gc,metaspace  ] GC(1160) Metaspace: 52912K(55808K)->52912K(55808K) NonClass: 46969K(48640K)->46969K(48640K) Class: 5942K(7168K)->5942K(7168K)
[2026-06-18T02:01:25.306+0000][16401.995s][info][gc            ] GC(1160) Pause Young (Mixed) (G1 Evacuation Pause) 224M->196M(512M) 4.157ms
[2026-06-18T02:01:25.306+0000][16401.995s][info][gc,cpu        ] GC(1160) User=0.02s Sys=0.00s Real=0.01s
[2026-06-18T02:01:26.678+0000][16403.366s][info][gc,start      ] GC(1161) Pause Young (Normal) (G1 Evacuation Pause)
[2026-06-18T02:01:26.678+0000][16403.366s][info][gc,task       ] GC(1161) Using 13 workers of 13 for evacuation
[2026-06-18T02:01:26.680+0000][16403.368s][info][gc,phases     ] GC(1161)   Pre Evacuate Collection Set: 0.0ms
[2026-06-18T02:01:26.680+0000][16403.368s][info][gc,phases     ] GC(1161)   Evacuate Collection Set: 1.5ms
[2026-06-18T02:01:26.680+0000][16403.368s][info][gc,phases     ] GC(1161)   Post Evacuate Collection Set: 0.3ms
[2026-06-18T02:01:26.680+0000][16403.368s][info][gc,phases     ] GC(1161)   Other: 0.3ms
[2026-06-18T02:01:26.680+0000][16403.368s][info][gc,heap       ] GC(1161) Eden regions: 250->0(246)
[2026-06-18T02:01:26.680+0000][16403.368s][info][gc,heap       ] GC(1161) Survivor regions: 3->7(32)
[2026-06-18T02:01:26.680+0000][16403.368s][info][gc,heap       ] GC(1161) Old regions: 47->47
[2026-06-18T02:01:26.680+0000][16403.369s][info][gc,heap       ] GC(1161) Humongous regions: 147->147
[2026-06-18T02:01:26.680+0000][16403.369s][info][gc,metaspace  ] GC(1161) Metaspace: 52912K(55808K)->52912K(55808K) NonClass: 46969K(48640K)->46969K(48640K) Class: 5942K(7168K)->5942K(7168K)
[2026-06-18T02:01:26.680+0000][16403.369s][info][gc            ] GC(1161) Pause Young (Normal) (G1 Evacuation Pause) 446M->199M(512M) 2.626ms
[2026-06-18T02:01:26.680+0000][16403.369s][info][gc,cpu        ] GC(1161) User=0.02s Sys=0.00s Real=0.00s
[2026-06-18T02:01:27.859+0000][16404.547s][info][gc,start      ] GC(1162) Pause Young (Normal) (G1 Evacuation Pause)
[2026-06-18T02:01:27.859+0000][16404.547s][info][gc,task       ] GC(1162) Using 13 workers of 13 for evacuation
[2026-06-18T02:01:27.861+0000][16404.549s][info][gc,phases     ] GC(1162)   Pre Evacuate Collection Set: 0.0ms
[2026-06-18T02:01:27.861+0000][16404.549s][info][gc,phases     ] GC(1162)   Evacuate Collection Set: 1.2ms
[2026-06-18T02:01:27.861+0000][16404.549s][info][gc,phases     ] GC(1162)   Post Evacuate Collection Set: 0.3ms
[2026-06-18T02:01:27.861+0000][16404.549s][info][gc,phases     ] GC(1162)   Other: 0.3ms
[2026-06-18T02:01:27.861+0000][16404.549s][info][gc,heap       ] GC(1162) Eden regions: 246->0(248)
[2026-06-18T02:01:27.861+0000][16404.549s][info][gc,heap       ] GC(1162) Survivor regions: 7->5(32)
[2026-06-18T02:01:27.861+0000][16404.549s][info][gc,heap       ] GC(1162) Old regions: 47->47
[2026-06-18T02:01:27.861+0000][16404.549s][info][gc,heap       ] GC(1162) Humongous regions: 147->147
[2026-06-18T02:01:27.861+0000][16404.549s][info][gc,metaspace  ] GC(1162) Metaspace: 52912K(55808K)->52912K(55808K) NonClass: 46969K(48640K)->46969K(48640K) Class: 5942K(7168K)->5942K(7168K)
[2026-06-18T02:01:27.861+0000][16404.549s][info][gc            ] GC(1162) Pause Young (Normal) (G1 Evacuation Pause) 445M->197M(512M) 2.300ms
[2026-06-18T02:01:27.861+0000][16404.549s][info][gc,cpu        ] GC(1162) User=0.02s Sys=0.00s Real=0.00s
[2026-06-18T02:02:16.219+0000][16452.908s][info][gc,start      ] GC(1163) Pause Young (Concurrent Start) (G1 Evacuation Pause)
[2026-06-18T02:02:16.219+0000][16452.908s][info][gc,task       ] GC(1163) Using 13 workers of 13 for evacuation
[2026-06-18T02:02:16.224+0000][16452.913s][info][gc,phases     ] GC(1163)   Pre Evacuate Collection Set: 0.3ms
[2026-06-18T02:02:16.224+0000][16452.913s][info][gc,phases     ] GC(1163)   Evacuate Collection Set: 3.9ms
[2026-06-18T02:02:16.224+0000][16452.913s][info][gc,phases     ] GC(1163)   Post Evacuate Collection Set: 0.4ms
[2026-06-18T02:02:16.224+0000][16452.913s][info][gc,phases     ] GC(1163)   Other: 0.4ms
[2026-06-18T02:02:16.225+0000][16452.913s][info][gc,heap       ] GC(1163) Eden regions: 248->0(245)
[2026-06-18T02:02:16.225+0000][16452.913s][info][gc,heap       ] GC(1163) Survivor regions: 5->8(32)
[2026-06-18T02:02:16.225+0000][16452.913s][info][gc,heap       ] GC(1163) Old regions: 47->47
[2026-06-18T02:02:16.225+0000][16452.913s][info][gc,heap       ] GC(1163) Humongous regions: 147->147
[2026-06-18T02:02:16.225+0000][16452.913s][info][gc,metaspace  ] GC(1163) Metaspace: 52918K(55808K)->52918K(55808K) NonClass: 46975K(48640K)->46975K(48640K) Class: 5942K(7168K)->5942K(7168K)
[2026-06-18T02:02:16.225+0000][16452.913s][info][gc            ] GC(1163) Pause Young (Concurrent Start) (G1 Evacuation Pause) 445M->200M(512M) 5.533ms
[2026-06-18T02:02:16.225+0000][16452.913s][info][gc,cpu        ] GC(1163) User=0.04s Sys=0.01s Real=0.01s
[2026-06-18T02:02:16.225+0000][16452.913s][info][gc            ] GC(1164) Concurrent Cycle
[2026-06-18T02:02:16.225+0000][16452.913s][info][gc,marking    ] GC(1164) Concurrent Clear Claimed Marks
[2026-06-18T02:02:16.225+0000][16452.914s][info][gc,marking    ] GC(1164) Concurrent Clear Claimed Marks 0.358ms
[2026-06-18T02:02:16.225+0000][16452.914s][info][gc,marking    ] GC(1164) Concurrent Scan Root Regions
[2026-06-18T02:02:16.227+0000][16452.915s][info][gc,marking    ] GC(1164) Concurrent Scan Root Regions 1.387ms
[2026-06-18T02:02:16.227+0000][16452.915s][info][gc,marking    ] GC(1164) Concurrent Mark (16452.915s)
[2026-06-18T02:02:16.227+0000][16452.915s][info][gc,marking    ] GC(1164) Concurrent Mark From Roots
[2026-06-18T02:02:16.227+0000][16452.915s][info][gc,task       ] GC(1164) Using 3 workers of 3 for marking
[2026-06-18T02:02:16.232+0000][16452.921s][info][gc,marking    ] GC(1164) Concurrent Mark From Roots 5.419ms
[2026-06-18T02:02:16.232+0000][16452.921s][info][gc,marking    ] GC(1164) Concurrent Preclean
[2026-06-18T02:02:16.233+0000][16452.921s][info][gc,marking    ] GC(1164) Concurrent Preclean 0.179ms
[2026-06-18T02:02:16.233+0000][16452.921s][info][gc,marking    ] GC(1164) Concurrent Mark (16452.915s, 16452.921s) 5.897ms
[2026-06-18T02:02:16.233+0000][16452.921s][info][gc,start      ] GC(1164) Pause Remark
[2026-06-18T02:02:16.236+0000][16452.924s][info][gc,stringtable] GC(1164) Cleaned string and symbol table, strings: 17461 processed, 0 removed, symbols: 125116 processed, 0 removed
[2026-06-18T02:02:16.236+0000][16452.925s][info][gc            ] GC(1164) Pause Remark 205M->205M(512M) 3.200ms
[2026-06-18T02:02:16.236+0000][16452.925s][info][gc,cpu        ] GC(1164) User=0.03s Sys=0.00s Real=0.01s
[2026-06-18T02:02:16.236+0000][16452.925s][info][gc,marking    ] GC(1164) Concurrent Rebuild Remembered Sets
[2026-06-18T02:02:16.241+0000][16452.930s][info][gc,marking    ] GC(1164) Concurrent Rebuild Remembered Sets 4.765ms
[2026-06-18T02:02:16.241+0000][16452.930s][info][gc,start      ] GC(1164) Pause Cleanup
[2026-06-18T02:02:16.242+0000][16452.930s][info][gc            ] GC(1164) Pause Cleanup 206M->206M(512M) 0.202ms
[2026-06-18T02:02:16.242+0000][16452.930s][info][gc,cpu        ] GC(1164) User=0.00s Sys=0.00s Real=0.00s
[2026-06-18T02:02:16.242+0000][16452.930s][info][gc,marking    ] GC(1164) Concurrent Cleanup for Next Mark
[2026-06-18T02:02:16.242+0000][16452.930s][info][gc,marking    ] GC(1164) Concurrent Cleanup for Next Mark 0.178ms
[2026-06-18T02:02:16.242+0000][16452.930s][info][gc            ] GC(1164) Concurrent Cycle 17.203ms
[2026-06-18T02:02:17.799+0000][16454.487s][info][gc,start      ] GC(1165) Pause Young (Prepare Mixed) (G1 Evacuation Pause)
[2026-06-18T02:02:17.799+0000][16454.487s][info][gc,task       ] GC(1165) Using 13 workers of 13 for evacuation
[2026-06-18T02:02:17.802+0000][16454.490s][info][gc,phases     ] GC(1165)   Pre Evacuate Collection Set: 0.0ms
[2026-06-18T02:02:17.802+0000][16454.490s][info][gc,phases     ] GC(1165)   Evacuate Collection Set: 2.1ms
[2026-06-18T02:02:17.802+0000][16454.490s][info][gc,phases     ] GC(1165)   Post Evacuate Collection Set: 0.6ms
[2026-06-18T02:02:17.802+0000][16454.490s][info][gc,phases     ] GC(1165)   Other: 0.5ms
[2026-06-18T02:02:17.802+0000][16454.491s][info][gc,heap       ] GC(1165) Eden regions: 245->0(20)
[2026-06-18T02:02:17.802+0000][16454.491s][info][gc,heap       ] GC(1165) Survivor regions: 8->5(32)
[2026-06-18T02:02:17.802+0000][16454.491s][info][gc,heap       ] GC(1165) Old regions: 47->47
[2026-06-18T02:02:17.802+0000][16454.491s][info][gc,heap       ] GC(1165) Humongous regions: 147->147
[2026-06-18T02:02:17.802+0000][16454.491s][info][gc,metaspace  ] GC(1165) Metaspace: 52918K(55808K)->52918K(55808K) NonClass: 46975K(48640K)->46975K(48640K) Class: 5942K(7168K)->5942K(7168K)
[2026-06-18T02:02:17.802+0000][16454.491s][info][gc            ] GC(1165) Pause Young (Prepare Mixed) (G1 Evacuation Pause) 445M->197M(512M) 3.754ms
[2026-06-18T02:02:17.802+0000][16454.491s][info][gc,cpu        ] GC(1165) User=0.03s Sys=0.00s Real=0.00s
[2026-06-18T02:02:17.905+0000][16454.594s][info][gc,start      ] GC(1166) Pause Young (Mixed) (G1 Evacuation Pause)
[2026-06-18T02:02:17.905+0000][16454.594s][info][gc,task       ] GC(1166) Using 13 workers of 13 for evacuation
[2026-06-18T02:02:17.908+0000][16454.596s][info][gc,phases     ] GC(1166)   Pre Evacuate Collection Set: 0.0ms
[2026-06-18T02:02:17.908+0000][16454.596s][info][gc,phases     ] GC(1166)   Evacuate Collection Set: 1.7ms
[2026-06-18T02:02:17.908+0000][16454.596s][info][gc,phases     ] GC(1166)   Post Evacuate Collection Set: 0.3ms
[2026-06-18T02:02:17.908+0000][16454.596s][info][gc,phases     ] GC(1166)   Other: 0.3ms
[2026-06-18T02:02:17.908+0000][16454.596s][info][gc,heap       ] GC(1166) Eden regions: 20->0(250)
[2026-06-18T02:02:17.908+0000][16454.596s][info][gc,heap       ] GC(1166) Survivor regions: 5->3(4)
[2026-06-18T02:02:17.908+0000][16454.596s][info][gc,heap       ] GC(1166) Old regions: 47->48
[2026-06-18T02:02:17.908+0000][16454.596s][info][gc,heap       ] GC(1166) Humongous regions: 147->147
[2026-06-18T02:02:17.908+0000][16454.596s][info][gc,metaspace  ] GC(1166) Metaspace: 52918K(55808K)->52918K(55808K) NonClass: 46975K(48640K)->46975K(48640K) Class: 5942K(7168K)->5942K(7168K)
[2026-06-18T02:02:17.908+0000][16454.597s][info][gc            ] GC(1166) Pause Young (Mixed) (G1 Evacuation Pause) 217M->197M(512M) 2.860ms
[2026-06-18T02:02:17.908+0000][16454.597s][info][gc,cpu        ] GC(1166) User=0.01s Sys=0.00s Real=0.00s
[2026-06-18T02:02:19.223+0000][16455.911s][info][gc,start      ] GC(1167) Pause Young (Normal) (G1 Evacuation Pause)
[2026-06-18T02:02:19.223+0000][16455.912s][info][gc,task       ] GC(1167) Using 13 workers of 13 for evacuation
[2026-06-18T02:02:19.225+0000][16455.914s][info][gc,phases     ] GC(1167)   Pre Evacuate Collection Set: 0.0ms
[2026-06-18T02:02:19.225+0000][16455.914s][info][gc,phases     ] GC(1167)   Evacuate Collection Set: 1.5ms
[2026-06-18T02:02:19.225+0000][16455.914s][info][gc,phases     ] GC(1167)   Post Evacuate Collection Set: 0.4ms
[2026-06-18T02:02:19.225+0000][16455.914s][info][gc,phases     ] GC(1167)   Other: 0.3ms
[2026-06-18T02:02:19.225+0000][16455.914s][info][gc,heap       ] GC(1167) Eden regions: 250->0(245)
[2026-06-18T02:02:19.225+0000][16455.914s][info][gc,heap       ] GC(1167) Survivor regions: 3->7(32)
[2026-06-18T02:02:19.225+0000][16455.914s][info][gc,heap       ] GC(1167) Old regions: 48->48
[2026-06-18T02:02:19.225+0000][16455.914s][info][gc,heap       ] GC(1167) Humongous regions: 147->147
[2026-06-18T02:02:19.226+0000][16455.914s][info][gc,metaspace  ] GC(1167) Metaspace: 52918K(55808K)->52918K(55808K) NonClass: 46975K(48640K)->46975K(48640K) Class: 5942K(7168K)->5942K(7168K)
[2026-06-18T02:02:19.226+0000][16455.914s][info][gc            ] GC(1167) Pause Young (Normal) (G1 Evacuation Pause) 447M->200M(512M) 2.616ms
[2026-06-18T02:02:19.226+0000][16455.914s][info][gc,cpu        ] GC(1167) User=0.02s Sys=0.00s Real=0.01s
[2026-06-18T02:02:20.502+0000][16457.190s][info][gc,start      ] GC(1168) Pause Young (Normal) (G1 Evacuation Pause)
[2026-06-18T02:02:20.502+0000][16457.190s][info][gc,task       ] GC(1168) Using 13 workers of 13 for evacuation
[2026-06-18T02:02:20.504+0000][16457.192s][info][gc,phases     ] GC(1168)   Pre Evacuate Collection Set: 0.0ms
[2026-06-18T02:02:20.504+0000][16457.192s][info][gc,phases     ] GC(1168)   Evacuate Collection Set: 1.2ms
[2026-06-18T02:02:20.504+0000][16457.192s][info][gc,phases     ] GC(1168)   Post Evacuate Collection Set: 0.3ms
[2026-06-18T02:02:20.504+0000][16457.192s][info][gc,phases     ] GC(1168)   Other: 0.3ms
[2026-06-18T02:02:20.504+0000][16457.192s][info][gc,heap       ] GC(1168) Eden regions: 245->0(247)
[2026-06-18T02:02:20.504+0000][16457.192s][info][gc,heap       ] GC(1168) Survivor regions: 7->5(32)
[2026-06-18T02:02:20.504+0000][16457.192s][info][gc,heap       ] GC(1168) Old regions: 48->48
[2026-06-18T02:02:20.504+0000][16457.192s][info][gc,heap       ] GC(1168) Humongous regions: 147->147
[2026-06-18T02:02:20.504+0000][16457.193s][info][gc,metaspace  ] GC(1168) Metaspace: 52918K(55808K)->52918K(55808K) NonClass: 46975K(48640K)->46975K(48640K) Class: 5942K(7168K)->5942K(7168K)
[2026-06-18T02:02:20.504+0000][16457.193s][info][gc            ] GC(1168) Pause Young (Normal) (G1 Evacuation Pause) 445M->198M(512M) 2.298ms
[2026-06-18T02:02:20.504+0000][16457.193s][info][gc,cpu        ] GC(1168) User=0.01s Sys=0.00s Real=0.00s
[2026-06-18T02:03:09.270+0000][16505.957s][info][gc,start      ] GC(1169) Pause Young (Concurrent Start) (G1 Evacuation Pause)
[2026-06-18T02:03:09.270+0000][16505.957s][info][gc,task       ] GC(1169) Using 13 workers of 13 for evacuation
[2026-06-18T02:03:09.272+0000][16505.959s][info][gc,phases     ] GC(1169)   Pre Evacuate Collection Set: 0.3ms
[2026-06-18T02:03:09.272+0000][16505.959s][info][gc,phases     ] GC(1169)   Evacuate Collection Set: 1.9ms
[2026-06-18T02:03:09.272+0000][16505.959s][info][gc,phases     ] GC(1169)   Post Evacuate Collection Set: 0.3ms
[2026-06-18T02:03:09.273+0000][16505.959s][info][gc,phases     ] GC(1169)   Other: 0.3ms
[2026-06-18T02:03:09.273+0000][16505.960s][info][gc,heap       ] GC(1169) Eden regions: 247->0(244)
[2026-06-18T02:03:09.273+0000][16505.960s][info][gc,heap       ] GC(1169) Survivor regions: 5->8(32)
[2026-06-18T02:03:09.273+0000][16505.960s][info][gc,heap       ] GC(1169) Old regions: 48->48
[2026-06-18T02:03:09.273+0000][16505.960s][info][gc,heap       ] GC(1169) Humongous regions: 147->147
[2026-06-18T02:03:09.273+0000][16505.960s][info][gc,metaspace  ] GC(1169) Metaspace: 52918K(55808K)->52918K(55808K) NonClass: 46976K(48640K)->46976K(48640K) Class: 5942K(7168K)->5942K(7168K)
[2026-06-18T02:03:09.273+0000][16505.960s][info][gc            ] GC(1169) Pause Young (Concurrent Start) (G1 Evacuation Pause) 445M->201M(512M) 3.051ms
[2026-06-18T02:03:09.273+0000][16505.960s][info][gc,cpu        ] GC(1169) User=0.02s Sys=0.00s Real=0.00s
[2026-06-18T02:03:09.273+0000][16505.960s][info][gc            ] GC(1170) Concurrent Cycle
[2026-06-18T02:03:09.273+0000][16505.960s][info][gc,marking    ] GC(1170) Concurrent Clear Claimed Marks
[2026-06-18T02:03:09.273+0000][16505.960s][info][gc,marking    ] GC(1170) Concurrent Clear Claimed Marks 0.193ms
[2026-06-18T02:03:09.273+0000][16505.960s][info][gc,marking    ] GC(1170) Concurrent Scan Root Regions
[2026-06-18T02:03:09.274+0000][16505.961s][info][gc,marking    ] GC(1170) Concurrent Scan Root Regions 1.147ms
[2026-06-18T02:03:09.274+0000][16505.961s][info][gc,marking    ] GC(1170) Concurrent Mark (16505.961s)
[2026-06-18T02:03:09.274+0000][16505.961s][info][gc,marking    ] GC(1170) Concurrent Mark From Roots
[2026-06-18T02:03:09.274+0000][16505.961s][info][gc,task       ] GC(1170) Using 3 workers of 3 for marking
[2026-06-18T02:03:09.279+0000][16505.966s][info][gc,marking    ] GC(1170) Concurrent Mark From Roots 4.977ms
[2026-06-18T02:03:09.279+0000][16505.966s][info][gc,marking    ] GC(1170) Concurrent Preclean
[2026-06-18T02:03:09.280+0000][16505.966s][info][gc,marking    ] GC(1170) Concurrent Preclean 0.170ms
[2026-06-18T02:03:09.280+0000][16505.967s][info][gc,marking    ] GC(1170) Concurrent Mark (16505.961s, 16505.967s) 5.308ms
[2026-06-18T02:03:09.280+0000][16505.967s][info][gc,start      ] GC(1170) Pause Remark
[2026-06-18T02:03:09.282+0000][16505.969s][info][gc,stringtable] GC(1170) Cleaned string and symbol table, strings: 17506 processed, 0 removed, symbols: 125116 processed, 0 removed
[2026-06-18T02:03:09.282+0000][16505.969s][info][gc            ] GC(1170) Pause Remark 205M->205M(512M) 2.643ms
[2026-06-18T02:03:09.282+0000][16505.969s][info][gc,cpu        ] GC(1170) User=0.03s Sys=0.00s Real=0.00s
[2026-06-18T02:03:09.282+0000][16505.969s][info][gc,marking    ] GC(1170) Concurrent Rebuild Remembered Sets
[2026-06-18T02:03:09.286+0000][16505.973s][info][gc,marking    ] GC(1170) Concurrent Rebuild Remembered Sets 3.840ms
[2026-06-18T02:03:09.287+0000][16505.974s][info][gc,start      ] GC(1170) Pause Cleanup
[2026-06-18T02:03:09.287+0000][16505.974s][info][gc            ] GC(1170) Pause Cleanup 206M->206M(512M) 0.229ms
[2026-06-18T02:03:09.287+0000][16505.974s][info][gc,cpu        ] GC(1170) User=0.01s Sys=0.00s Real=0.00s
[2026-06-18T02:03:09.287+0000][16505.974s][info][gc,marking    ] GC(1170) Concurrent Cleanup for Next Mark
[2026-06-18T02:03:09.287+0000][16505.974s][info][gc,marking    ] GC(1170) Concurrent Cleanup for Next Mark 0.152ms
[2026-06-18T02:03:09.287+0000][16505.974s][info][gc            ] GC(1170) Concurrent Cycle 14.412ms
[2026-06-18T02:03:10.830+0000][16507.517s][info][gc,start      ] GC(1171) Pause Young (Prepare Mixed) (G1 Evacuation Pause)
[2026-06-18T02:03:10.830+0000][16507.517s][info][gc,task       ] GC(1171) Using 13 workers of 13 for evacuation
[2026-06-18T02:03:10.835+0000][16507.522s][info][gc,phases     ] GC(1171)   Pre Evacuate Collection Set: 0.0ms
[2026-06-18T02:03:10.835+0000][16507.522s][info][gc,phases     ] GC(1171)   Evacuate Collection Set: 4.0ms
[2026-06-18T02:03:10.835+0000][16507.522s][info][gc,phases     ] GC(1171)   Post Evacuate Collection Set: 0.3ms
[2026-06-18T02:03:10.835+0000][16507.522s][info][gc,phases     ] GC(1171)   Other: 0.3ms
[2026-06-18T02:03:10.835+0000][16507.522s][info][gc,heap       ] GC(1171) Eden regions: 244->0(14)
[2026-06-18T02:03:10.835+0000][16507.522s][info][gc,heap       ] GC(1171) Survivor regions: 8->11(32)
[2026-06-18T02:03:10.835+0000][16507.522s][info][gc,heap       ] GC(1171) Old regions: 48->48
[2026-06-18T02:03:10.835+0000][16507.522s][info][gc,heap       ] GC(1171) Humongous regions: 147->147
[2026-06-18T02:03:10.835+0000][16507.522s][info][gc,metaspace  ] GC(1171) Metaspace: 52918K(55808K)->52918K(55808K) NonClass: 46976K(48640K)->46976K(48640K) Class: 5942K(7168K)->5942K(7168K)
[2026-06-18T02:03:10.835+0000][16507.522s][info][gc            ] GC(1171) Pause Young (Prepare Mixed) (G1 Evacuation Pause) 445M->204M(512M) 4.989ms
[2026-06-18T02:03:10.835+0000][16507.522s][info][gc,cpu        ] GC(1171) User=0.04s Sys=0.01s Real=0.00s
[2026-06-18T02:03:10.906+0000][16507.592s][info][gc,start      ] GC(1172) Pause Young (Mixed) (G1 Evacuation Pause)
[2026-06-18T02:03:10.906+0000][16507.593s][info][gc,task       ] GC(1172) Using 13 workers of 13 for evacuation
[2026-06-18T02:03:10.908+0000][16507.595s][info][gc,phases     ] GC(1172)   Pre Evacuate Collection Set: 0.0ms
[2026-06-18T02:03:10.908+0000][16507.595s][info][gc,phases     ] GC(1172)   Evacuate Collection Set: 2.0ms
[2026-06-18T02:03:10.908+0000][16507.595s][info][gc,phases     ] GC(1172)   Post Evacuate Collection Set: 0.3ms
[2026-06-18T02:03:10.908+0000][16507.595s][info][gc,phases     ] GC(1172)   Other: 0.3ms
[2026-06-18T02:03:10.908+0000][16507.595s][info][gc,heap       ] GC(1172) Eden regions: 14->0(244)
[2026-06-18T02:03:10.908+0000][16507.595s][info][gc,heap       ] GC(1172) Survivor regions: 11->3(4)
[2026-06-18T02:03:10.908+0000][16507.595s][info][gc,heap       ] GC(1172) Old regions: 48->49
[2026-06-18T02:03:10.909+0000][16507.596s][info][gc,heap       ] GC(1172) Humongous regions: 147->147
[2026-06-18T02:03:10.909+0000][16507.596s][info][gc,metaspace  ] GC(1172) Metaspace: 52918K(55808K)->52918K(55808K) NonClass: 46976K(48640K)->46976K(48640K) Class: 5942K(7168K)->5942K(7168K)
[2026-06-18T02:03:10.909+0000][16507.596s][info][gc            ] GC(1172) Pause Young (Mixed) (G1 Evacuation Pause) 218M->197M(512M) 3.138ms
[2026-06-18T02:03:10.909+0000][16507.596s][info][gc,cpu        ] GC(1172) User=0.02s Sys=0.00s Real=0.01s
[2026-06-18T02:03:12.209+0000][16508.896s][info][gc,start      ] GC(1173) Pause Young (Normal) (G1 Evacuation Pause)
[2026-06-18T02:03:12.209+0000][16508.896s][info][gc,task       ] GC(1173) Using 13 workers of 13 for evacuation
[2026-06-18T02:03:12.217+0000][16508.904s][info][gc,phases     ] GC(1173)   Pre Evacuate Collection Set: 0.0ms
[2026-06-18T02:03:12.217+0000][16508.904s][info][gc,phases     ] GC(1173)   Evacuate Collection Set: 7.6ms
[2026-06-18T02:03:12.217+0000][16508.904s][info][gc,phases     ] GC(1173)   Post Evacuate Collection Set: 0.4ms
[2026-06-18T02:03:12.217+0000][16508.904s][info][gc,phases     ] GC(1173)   Other: 0.3ms
[2026-06-18T02:03:12.217+0000][16508.904s][info][gc,heap       ] GC(1173) Eden regions: 244->0(245)
[2026-06-18T02:03:12.217+0000][16508.904s][info][gc,heap       ] GC(1173) Survivor regions: 3->4(31)
[2026-06-18T02:03:12.217+0000][16508.904s][info][gc,heap       ] GC(1173) Old regions: 49->49
[2026-06-18T02:03:12.217+0000][16508.904s][info][gc,heap       ] GC(1173) Humongous regions: 147->147
[2026-06-18T02:03:12.217+0000][16508.904s][info][gc,metaspace  ] GC(1173) Metaspace: 52918K(55808K)->52918K(55808K) NonClass: 46976K(48640K)->46976K(48640K) Class: 5942K(7168K)->5942K(7168K)
[2026-06-18T02:03:12.218+0000][16508.904s][info][gc            ] GC(1173) Pause Young (Normal) (G1 Evacuation Pause) 441M->198M(512M) 8.742ms
[2026-06-18T02:03:12.218+0000][16508.905s][info][gc,cpu        ] GC(1173) User=0.08s Sys=0.00s Real=0.01s
[2026-06-18T02:04:00.856+0000][16557.542s][info][gc,start      ] GC(1174) Pause Young (Normal) (G1 Evacuation Pause)
[2026-06-18T02:04:00.857+0000][16557.543s][info][gc,task       ] GC(1174) Using 13 workers of 13 for evacuation
[2026-06-18T02:04:00.859+0000][16557.545s][info][gc,phases     ] GC(1174)   Pre Evacuate Collection Set: 0.0ms
[2026-06-18T02:04:00.859+0000][16557.545s][info][gc,phases     ] GC(1174)   Evacuate Collection Set: 2.0ms
[2026-06-18T02:04:00.859+0000][16557.545s][info][gc,phases     ] GC(1174)   Post Evacuate Collection Set: 0.4ms
[2026-06-18T02:04:00.860+0000][16557.546s][info][gc,phases     ] GC(1174)   Other: 0.7ms
[2026-06-18T02:04:00.860+0000][16557.546s][info][gc,heap       ] GC(1174) Eden regions: 245->0(240)
[2026-06-18T02:04:00.860+0000][16557.546s][info][gc,heap       ] GC(1174) Survivor regions: 4->8(32)
[2026-06-18T02:04:00.860+0000][16557.546s][info][gc,heap       ] GC(1174) Old regions: 49->49
[2026-06-18T02:04:00.860+0000][16557.546s][info][gc,heap       ] GC(1174) Humongous regions: 147->147
[2026-06-18T02:04:00.860+0000][16557.546s][info][gc,metaspace  ] GC(1174) Metaspace: 52918K(55808K)->52918K(55808K) NonClass: 46976K(48640K)->46976K(48640K) Class: 5942K(7168K)->5942K(7168K)
[2026-06-18T02:04:00.860+0000][16557.546s][info][gc            ] GC(1174) Pause Young (Normal) (G1 Evacuation Pause) 443M->202M(512M) 3.954ms
[2026-06-18T02:04:00.860+0000][16557.546s][info][gc,cpu        ] GC(1174) User=0.02s Sys=0.00s Real=0.01s
[2026-06-18T02:04:02.430+0000][16559.116s][info][gc,start      ] GC(1175) Pause Young (Concurrent Start) (G1 Evacuation Pause)
[2026-06-18T02:04:02.430+0000][16559.116s][info][gc,task       ] GC(1175) Using 13 workers of 13 for evacuation
[2026-06-18T02:04:02.433+0000][16559.119s][info][gc,phases     ] GC(1175)   Pre Evacuate Collection Set: 0.3ms
[2026-06-18T02:04:02.433+0000][16559.119s][info][gc,phases     ] GC(1175)   Evacuate Collection Set: 2.4ms
[2026-06-18T02:04:02.433+0000][16559.120s][info][gc,phases     ] GC(1175)   Post Evacuate Collection Set: 0.4ms
[2026-06-18T02:04:02.434+0000][16559.120s][info][gc,phases     ] GC(1175)   Other: 0.3ms
[2026-06-18T02:04:02.434+0000][16559.120s][info][gc,heap       ] GC(1175) Eden regions: 240->0(245)
[2026-06-18T02:04:02.434+0000][16559.120s][info][gc,heap       ] GC(1175) Survivor regions: 8->4(31)
[2026-06-18T02:04:02.434+0000][16559.120s][info][gc,heap       ] GC(1175) Old regions: 49->49
[2026-06-18T02:04:02.434+0000][16559.120s][info][gc,heap       ] GC(1175) Humongous regions: 147->147
[2026-06-18T02:04:02.434+0000][16559.120s][info][gc,metaspace  ] GC(1175) Metaspace: 52918K(55808K)->52918K(55808K) NonClass: 46976K(48640K)->46976K(48640K) Class: 5942K(7168K)->5942K(7168K)
[2026-06-18T02:04:02.434+0000][16559.120s][info][gc            ] GC(1175) Pause Young (Concurrent Start) (G1 Evacuation Pause) 442M->198M(512M) 3.969ms
[2026-06-18T02:04:02.434+0000][16559.120s][info][gc,cpu        ] GC(1175) User=0.03s Sys=0.00s Real=0.00s
[2026-06-18T02:04:02.434+0000][16559.120s][info][gc            ] GC(1176) Concurrent Cycle
[2026-06-18T02:04:02.434+0000][16559.120s][info][gc,marking    ] GC(1176) Concurrent Clear Claimed Marks
[2026-06-18T02:04:02.434+0000][16559.120s][info][gc,marking    ] GC(1176) Concurrent Clear Claimed Marks 0.261ms
[2026-06-18T02:04:02.434+0000][16559.120s][info][gc,marking    ] GC(1176) Concurrent Scan Root Regions
[2026-06-18T02:04:02.435+0000][16559.121s][info][gc,marking    ] GC(1176) Concurrent Scan Root Regions 0.918ms
[2026-06-18T02:04:02.435+0000][16559.121s][info][gc,marking    ] GC(1176) Concurrent Mark (16559.121s)
[2026-06-18T02:04:02.435+0000][16559.122s][info][gc,marking    ] GC(1176) Concurrent Mark From Roots
[2026-06-18T02:04:02.436+0000][16559.122s][info][gc,task       ] GC(1176) Using 3 workers of 3 for marking
[2026-06-18T02:04:02.441+0000][16559.127s][info][gc,marking    ] GC(1176) Concurrent Mark From Roots 5.601ms
[2026-06-18T02:04:02.441+0000][16559.127s][info][gc,marking    ] GC(1176) Concurrent Preclean
[2026-06-18T02:04:02.441+0000][16559.127s][info][gc,marking    ] GC(1176) Concurrent Preclean 0.219ms
[2026-06-18T02:04:02.442+0000][16559.128s][info][gc,marking    ] GC(1176) Concurrent Mark (16559.121s, 16559.128s) 6.097ms
[2026-06-18T02:04:02.442+0000][16559.128s][info][gc,start      ] GC(1176) Pause Remark
[2026-06-18T02:04:02.444+0000][16559.130s][info][gc,stringtable] GC(1176) Cleaned string and symbol table, strings: 17506 processed, 0 removed, symbols: 125116 processed, 0 removed
[2026-06-18T02:04:02.444+0000][16559.130s][info][gc            ] GC(1176) Pause Remark 202M->202M(512M) 2.642ms
[2026-06-18T02:04:02.444+0000][16559.130s][info][gc,cpu        ] GC(1176) User=0.03s Sys=0.00s Real=0.00s
[2026-06-18T02:04:02.444+0000][16559.131s][info][gc,marking    ] GC(1176) Concurrent Rebuild Remembered Sets
[2026-06-18T02:04:02.449+0000][16559.135s][info][gc,marking    ] GC(1176) Concurrent Rebuild Remembered Sets 4.791ms
[2026-06-18T02:04:02.450+0000][16559.136s][info][gc,start      ] GC(1176) Pause Cleanup
[2026-06-18T02:04:02.450+0000][16559.136s][info][gc            ] GC(1176) Pause Cleanup 203M->203M(512M) 0.201ms
[2026-06-18T02:04:02.450+0000][16559.136s][info][gc,cpu        ] GC(1176) User=0.01s Sys=0.00s Real=0.00s
[2026-06-18T02:04:02.450+0000][16559.136s][info][gc,marking    ] GC(1176) Concurrent Cleanup for Next Mark
[2026-06-18T02:04:02.450+0000][16559.136s][info][gc,marking    ] GC(1176) Concurrent Cleanup for Next Mark 0.151ms
[2026-06-18T02:04:02.450+0000][16559.136s][info][gc            ] GC(1176) Concurrent Cycle 16.100ms
[2026-06-18T02:04:03.803+0000][16560.489s][info][gc,start      ] GC(1177) Pause Young (Prepare Mixed) (G1 Evacuation Pause)
[2026-06-18T02:04:03.803+0000][16560.489s][info][gc,task       ] GC(1177) Using 13 workers of 13 for evacuation
[2026-06-18T02:04:03.814+0000][16560.500s][info][gc,phases     ] GC(1177)   Pre Evacuate Collection Set: 0.0ms
[2026-06-18T02:04:03.814+0000][16560.500s][info][gc,phases     ] GC(1177)   Evacuate Collection Set: 10.3ms
[2026-06-18T02:04:03.814+0000][16560.500s][info][gc,phases     ] GC(1177)   Post Evacuate Collection Set: 0.6ms
[2026-06-18T02:04:03.814+0000][16560.500s][info][gc,phases     ] GC(1177)   Other: 0.3ms
[2026-06-18T02:04:03.814+0000][16560.500s][info][gc,heap       ] GC(1177) Eden regions: 245->0(18)
[2026-06-18T02:04:03.814+0000][16560.501s][info][gc,heap       ] GC(1177) Survivor regions: 4->7(32)
[2026-06-18T02:04:03.815+0000][16560.501s][info][gc,heap       ] GC(1177) Old regions: 49->49
[2026-06-18T02:04:03.815+0000][16560.501s][info][gc,heap       ] GC(1177) Humongous regions: 147->147
[2026-06-18T02:04:03.815+0000][16560.501s][info][gc,metaspace  ] GC(1177) Metaspace: 52918K(55808K)->52918K(55808K) NonClass: 46976K(48640K)->46976K(48640K) Class: 5942K(7168K)->5942K(7168K)
[2026-06-18T02:04:03.815+0000][16560.501s][info][gc            ] GC(1177) Pause Young (Prepare Mixed) (G1 Evacuation Pause) 443M->201M(512M) 12.070ms
[2026-06-18T02:04:03.815+0000][16560.501s][info][gc,cpu        ] GC(1177) User=0.09s Sys=0.00s Real=0.01s
[2026-06-18T02:04:03.907+0000][16560.593s][info][gc,start      ] GC(1178) Pause Young (Mixed) (G1 Evacuation Pause)
[2026-06-18T02:04:03.907+0000][16560.593s][info][gc,task       ] GC(1178) Using 13 workers of 13 for evacuation
[2026-06-18T02:04:03.918+0000][16560.604s][info][gc,phases     ] GC(1178)   Pre Evacuate Collection Set: 0.0ms
[2026-06-18T02:04:03.918+0000][16560.604s][info][gc,phases     ] GC(1178)   Evacuate Collection Set: 10.6ms
[2026-06-18T02:04:03.918+0000][16560.604s][info][gc,phases     ] GC(1178)   Post Evacuate Collection Set: 0.4ms
[2026-06-18T02:04:03.918+0000][16560.604s][info][gc,phases     ] GC(1178)   Other: 0.3ms
[2026-06-18T02:04:03.918+0000][16560.604s][info][gc,heap       ] GC(1178) Eden regions: 18->0(244)
[2026-06-18T02:04:03.918+0000][16560.604s][info][gc,heap       ] GC(1178) Survivor regions: 7->2(4)
[2026-06-18T02:04:03.918+0000][16560.604s][info][gc,heap       ] GC(1178) Old regions: 49->52
[2026-06-18T02:04:03.918+0000][16560.604s][info][gc,heap       ] GC(1178) Humongous regions: 147->147
[2026-06-18T02:04:03.918+0000][16560.604s][info][gc,metaspace  ] GC(1178) Metaspace: 52918K(55808K)->52918K(55808K) NonClass: 46976K(48640K)->46976K(48640K) Class: 5942K(7168K)->5942K(7168K)
[2026-06-18T02:04:03.918+0000][16560.604s][info][gc            ] GC(1178) Pause Young (Mixed) (G1 Evacuation Pause) 219M->200M(512M) 11.898ms
[2026-06-18T02:04:03.918+0000][16560.605s][info][gc,cpu        ] GC(1178) User=0.07s Sys=0.00s Real=0.02s
[2026-06-18T02:04:05.151+0000][16561.837s][info][gc,start      ] GC(1179) Pause Young (Normal) (G1 Evacuation Pause)
[2026-06-18T02:04:05.151+0000][16561.837s][info][gc,task       ] GC(1179) Using 13 workers of 13 for evacuation
[2026-06-18T02:04:05.154+0000][16561.840s][info][gc,phases     ] GC(1179)   Pre Evacuate Collection Set: 0.0ms
[2026-06-18T02:04:05.154+0000][16561.840s][info][gc,phases     ] GC(1179)   Evacuate Collection Set: 1.9ms
[2026-06-18T02:04:05.154+0000][16561.840s][info][gc,phases     ] GC(1179)   Post Evacuate Collection Set: 0.8ms
[2026-06-18T02:04:05.155+0000][16561.841s][info][gc,phases     ] GC(1179)   Other: 0.4ms
[2026-06-18T02:04:05.155+0000][16561.841s][info][gc,heap       ] GC(1179) Eden regions: 244->0(246)
[2026-06-18T02:04:05.155+0000][16561.841s][info][gc,heap       ] GC(1179) Survivor regions: 2->2(31)
[2026-06-18T02:04:05.155+0000][16561.841s][info][gc,heap       ] GC(1179) Old regions: 52->52
[2026-06-18T02:04:05.155+0000][16561.841s][info][gc,heap       ] GC(1179) Humongous regions: 147->147
[2026-06-18T02:04:05.155+0000][16561.841s][info][gc,metaspace  ] GC(1179) Metaspace: 52918K(55808K)->52918K(55808K) NonClass: 46976K(48640K)->46976K(48640K) Class: 5942K(7168K)->5942K(7168K)
[2026-06-18T02:04:05.155+0000][16561.841s][info][gc            ] GC(1179) Pause Young (Normal) (G1 Evacuation Pause) 444M->200M(512M) 4.068ms
[2026-06-18T02:04:05.155+0000][16561.841s][info][gc,cpu        ] GC(1179) User=0.02s Sys=0.00s Real=0.00s
[2026-06-18T02:04:54.010+0000][16610.695s][info][gc,start      ] GC(1180) Pause Young (Normal) (G1 Evacuation Pause)
[2026-06-18T02:04:54.010+0000][16610.695s][info][gc,task       ] GC(1180) Using 13 workers of 13 for evacuation
[2026-06-18T02:04:54.012+0000][16610.697s][info][gc,phases     ] GC(1180)   Pre Evacuate Collection Set: 0.0ms
[2026-06-18T02:04:54.013+0000][16610.698s][info][gc,phases     ] GC(1180)   Evacuate Collection Set: 1.7ms
[2026-06-18T02:04:54.013+0000][16610.698s][info][gc,phases     ] GC(1180)   Post Evacuate Collection Set: 0.3ms
[2026-06-18T02:04:54.013+0000][16610.698s][info][gc,phases     ] GC(1180)   Other: 0.4ms
[2026-06-18T02:04:54.013+0000][16610.698s][info][gc,heap       ] GC(1180) Eden regions: 246->0(244)
[2026-06-18T02:04:54.013+0000][16610.698s][info][gc,heap       ] GC(1180) Survivor regions: 2->5(31)
[2026-06-18T02:04:54.013+0000][16610.698s][info][gc,heap       ] GC(1180) Old regions: 52->52
[2026-06-18T02:04:54.013+0000][16610.698s][info][gc,heap       ] GC(1180) Humongous regions: 147->147
[2026-06-18T02:04:54.013+0000][16610.698s][info][gc,metaspace  ] GC(1180) Metaspace: 52918K(55808K)->52918K(55808K) NonClass: 46976K(48640K)->46976K(48640K) Class: 5942K(7168K)->5942K(7168K)
[2026-06-18T02:04:54.013+0000][16610.698s][info][gc            ] GC(1180) Pause Young (Normal) (G1 Evacuation Pause) 446M->202M(512M) 3.534ms
[2026-06-18T02:04:54.013+0000][16610.698s][info][gc,cpu        ] GC(1180) User=0.01s Sys=0.00s Real=0.00s
[2026-06-18T02:04:55.424+0000][16612.110s][info][gc,start      ] GC(1181) Pause Young (Concurrent Start) (G1 Evacuation Pause)
[2026-06-18T02:04:55.425+0000][16612.110s][info][gc,task       ] GC(1181) Using 13 workers of 13 for evacuation
[2026-06-18T02:04:55.432+0000][16612.117s][info][gc,phases     ] GC(1181)   Pre Evacuate Collection Set: 0.3ms
[2026-06-18T02:04:55.433+0000][16612.118s][info][gc,phases     ] GC(1181)   Evacuate Collection Set: 6.3ms
[2026-06-18T02:04:55.433+0000][16612.118s][info][gc,phases     ] GC(1181)   Post Evacuate Collection Set: 0.9ms
[2026-06-18T02:04:55.433+0000][16612.118s][info][gc,phases     ] GC(1181)   Other: 0.3ms
[2026-06-18T02:04:55.433+0000][16612.118s][info][gc,heap       ] GC(1181) Eden regions: 244->0(238)
[2026-06-18T02:04:55.434+0000][16612.119s][info][gc,heap       ] GC(1181) Survivor regions: 5->9(32)
[2026-06-18T02:04:55.434+0000][16612.119s][info][gc,heap       ] GC(1181) Old regions: 52->52
[2026-06-18T02:04:55.434+0000][16612.119s][info][gc,heap       ] GC(1181) Humongous regions: 147->147
[2026-06-18T02:04:55.434+0000][16612.119s][info][gc,metaspace  ] GC(1181) Metaspace: 52918K(55808K)->52918K(55808K) NonClass: 46976K(48640K)->46976K(48640K) Class: 5942K(7168K)->5942K(7168K)
[2026-06-18T02:04:55.434+0000][16612.119s][info][gc            ] GC(1181) Pause Young (Concurrent Start) (G1 Evacuation Pause) 446M->206M(512M) 9.577ms
[2026-06-18T02:04:55.434+0000][16612.119s][info][gc,cpu        ] GC(1181) User=0.03s Sys=0.00s Real=0.01s
[2026-06-18T02:04:55.434+0000][16612.119s][info][gc            ] GC(1182) Concurrent Cycle
[2026-06-18T02:04:55.434+0000][16612.120s][info][gc,marking    ] GC(1182) Concurrent Clear Claimed Marks
[2026-06-18T02:04:55.435+0000][16612.120s][info][gc,marking    ] GC(1182) Concurrent Clear Claimed Marks 0.582ms
[2026-06-18T02:04:55.435+0000][16612.120s][info][gc,marking    ] GC(1182) Concurrent Scan Root Regions
[2026-06-18T02:04:55.438+0000][16612.124s][info][gc,marking    ] GC(1182) Concurrent Scan Root Regions 3.169ms
[2026-06-18T02:04:55.439+0000][16612.124s][info][gc,marking    ] GC(1182) Concurrent Mark (16612.124s)
[2026-06-18T02:04:55.439+0000][16612.124s][info][gc,marking    ] GC(1182) Concurrent Mark From Roots
[2026-06-18T02:04:55.439+0000][16612.124s][info][gc,task       ] GC(1182) Using 3 workers of 3 for marking
[2026-06-18T02:04:55.450+0000][16612.135s][info][gc,marking    ] GC(1182) Concurrent Mark From Roots 10.994ms
[2026-06-18T02:04:55.450+0000][16612.135s][info][gc,marking    ] GC(1182) Concurrent Preclean
[2026-06-18T02:04:55.450+0000][16612.136s][info][gc,marking    ] GC(1182) Concurrent Preclean 0.181ms
[2026-06-18T02:04:55.450+0000][16612.136s][info][gc,marking    ] GC(1182) Concurrent Mark (16612.124s, 16612.136s) 11.753ms
[2026-06-18T02:04:55.451+0000][16612.136s][info][gc,start      ] GC(1182) Pause Remark
[2026-06-18T02:04:55.454+0000][16612.139s][info][gc,stringtable] GC(1182) Cleaned string and symbol table, strings: 17507 processed, 0 removed, symbols: 125116 processed, 0 removed
[2026-06-18T02:04:55.454+0000][16612.139s][info][gc            ] GC(1182) Pause Remark 212M->212M(512M) 3.104ms
[2026-06-18T02:04:55.454+0000][16612.139s][info][gc,cpu        ] GC(1182) User=0.02s Sys=0.00s Real=0.00s
[2026-06-18T02:04:55.454+0000][16612.139s][info][gc,marking    ] GC(1182) Concurrent Rebuild Remembered Sets
[2026-06-18T02:04:55.458+0000][16612.143s][info][gc,marking    ] GC(1182) Concurrent Rebuild Remembered Sets 4.116ms
[2026-06-18T02:04:55.458+0000][16612.143s][info][gc,start      ] GC(1182) Pause Cleanup
[2026-06-18T02:04:55.458+0000][16612.144s][info][gc            ] GC(1182) Pause Cleanup 212M->212M(512M) 0.185ms
[2026-06-18T02:04:55.459+0000][16612.144s][info][gc,cpu        ] GC(1182) User=0.00s Sys=0.00s Real=0.00s
[2026-06-18T02:04:55.459+0000][16612.144s][info][gc,marking    ] GC(1182) Concurrent Cleanup for Next Mark
[2026-06-18T02:04:55.459+0000][16612.144s][info][gc,marking    ] GC(1182) Concurrent Cleanup for Next Mark 0.163ms
[2026-06-18T02:04:55.459+0000][16612.144s][info][gc            ] GC(1182) Concurrent Cycle 24.685ms
[2026-06-18T02:04:56.718+0000][16613.403s][info][gc,start      ] GC(1183) Pause Young (Prepare Mixed) (G1 Evacuation Pause)
[2026-06-18T02:04:56.718+0000][16613.404s][info][gc,task       ] GC(1183) Using 13 workers of 13 for evacuation
[2026-06-18T02:04:56.723+0000][16613.408s][info][gc,phases     ] GC(1183)   Pre Evacuate Collection Set: 0.0ms
[2026-06-18T02:04:56.723+0000][16613.408s][info][gc,phases     ] GC(1183)   Evacuate Collection Set: 3.9ms
[2026-06-18T02:04:56.723+0000][16613.408s][info][gc,phases     ] GC(1183)   Post Evacuate Collection Set: 0.4ms
[2026-06-18T02:04:56.723+0000][16613.408s][info][gc,phases     ] GC(1183)   Other: 0.4ms
[2026-06-18T02:04:56.723+0000][16613.408s][info][gc,heap       ] GC(1183) Eden regions: 238->0(21)
[2026-06-18T02:04:56.723+0000][16613.408s][info][gc,heap       ] GC(1183) Survivor regions: 9->4(31)
[2026-06-18T02:04:56.723+0000][16613.408s][info][gc,heap       ] GC(1183) Old regions: 52->52
[2026-06-18T02:04:56.723+0000][16613.408s][info][gc,heap       ] GC(1183) Humongous regions: 147->147
[2026-06-18T02:04:56.723+0000][16613.408s][info][gc,metaspace  ] GC(1183) Metaspace: 52918K(55808K)->52918K(55808K) NonClass: 46976K(48640K)->46976K(48640K) Class: 5942K(7168K)->5942K(7168K)
[2026-06-18T02:04:56.723+0000][16613.409s][info][gc            ] GC(1183) Pause Young (Prepare Mixed) (G1 Evacuation Pause) 444M->202M(512M) 5.168ms
[2026-06-18T02:04:56.723+0000][16613.409s][info][gc,cpu        ] GC(1183) User=0.04s Sys=0.00s Real=0.00s
[2026-06-18T02:04:56.819+0000][16613.504s][info][gc,start      ] GC(1184) Pause Young (Mixed) (G1 Evacuation Pause)
[2026-06-18T02:04:56.819+0000][16613.504s][info][gc,task       ] GC(1184) Using 13 workers of 13 for evacuation
[2026-06-18T02:04:56.823+0000][16613.508s][info][gc,phases     ] GC(1184)   Pre Evacuate Collection Set: 0.0ms
[2026-06-18T02:04:56.823+0000][16613.508s][info][gc,phases     ] GC(1184)   Evacuate Collection Set: 2.6ms
[2026-06-18T02:04:56.823+0000][16613.508s][info][gc,phases     ] GC(1184)   Post Evacuate Collection Set: 1.2ms
[2026-06-18T02:04:56.824+0000][16613.509s][info][gc,phases     ] GC(1184)   Other: 0.4ms
[2026-06-18T02:04:56.824+0000][16613.509s][info][gc,heap       ] GC(1184) Eden regions: 21->0(249)
[2026-06-18T02:04:56.824+0000][16613.509s][info][gc,heap       ] GC(1184) Survivor regions: 4->3(4)
[2026-06-18T02:04:56.824+0000][16613.509s][info][gc,heap       ] GC(1184) Old regions: 52->47
[2026-06-18T02:04:56.824+0000][16613.509s][info][gc,heap       ] GC(1184) Humongous regions: 147->147
[2026-06-18T02:04:56.824+0000][16613.509s][info][gc,metaspace  ] GC(1184) Metaspace: 52918K(55808K)->52918K(55808K) NonClass: 46976K(48640K)->46976K(48640K) Class: 5942K(7168K)->5942K(7168K)
[2026-06-18T02:04:56.824+0000][16613.509s][info][gc            ] GC(1184) Pause Young (Mixed) (G1 Evacuation Pause) 223M->196M(512M) 5.250ms
[2026-06-18T02:04:56.824+0000][16613.509s][info][gc,cpu        ] GC(1184) User=0.02s Sys=0.01s Real=0.00s
[2026-06-18T02:05:45.587+0000][16662.271s][info][gc,start      ] GC(1185) Pause Young (Normal) (G1 Evacuation Pause)
[2026-06-18T02:05:45.587+0000][16662.272s][info][gc,task       ] GC(1185) Using 13 workers of 13 for evacuation
[2026-06-18T02:05:45.593+0000][16662.277s][info][gc,phases     ] GC(1185)   Pre Evacuate Collection Set: 0.0ms
[2026-06-18T02:05:45.593+0000][16662.277s][info][gc,phases     ] GC(1185)   Evacuate Collection Set: 4.5ms
[2026-06-18T02:05:45.593+0000][16662.277s][info][gc,phases     ] GC(1185)   Post Evacuate Collection Set: 0.4ms
[2026-06-18T02:05:45.593+0000][16662.277s][info][gc,phases     ] GC(1185)   Other: 0.8ms
[2026-06-18T02:05:45.593+0000][16662.277s][info][gc,heap       ] GC(1185) Eden regions: 249->0(245)
[2026-06-18T02:05:45.593+0000][16662.278s][info][gc,heap       ] GC(1185) Survivor regions: 3->7(32)
[2026-06-18T02:05:45.593+0000][16662.278s][info][gc,heap       ] GC(1185) Old regions: 47->47
[2026-06-18T02:05:45.593+0000][16662.278s][info][gc,heap       ] GC(1185) Humongous regions: 147->147
[2026-06-18T02:05:45.594+0000][16662.278s][info][gc,metaspace  ] GC(1185) Metaspace: 52918K(55808K)->52918K(55808K) NonClass: 46976K(48640K)->46976K(48640K) Class: 5942K(7168K)->5942K(7168K)
[2026-06-18T02:05:45.594+0000][16662.278s][info][gc            ] GC(1185) Pause Young (Normal) (G1 Evacuation Pause) 445M->200M(512M) 6.962ms
[2026-06-18T02:05:45.594+0000][16662.279s][info][gc,cpu        ] GC(1185) User=0.05s Sys=0.00s Real=0.01s
[2026-06-18T02:05:47.293+0000][16663.978s][info][gc,start      ] GC(1186) Pause Young (Normal) (G1 Evacuation Pause)
[2026-06-18T02:05:47.294+0000][16663.978s][info][gc,task       ] GC(1186) Using 13 workers of 13 for evacuation
[2026-06-18T02:05:47.297+0000][16663.981s][info][gc,phases     ] GC(1186)   Pre Evacuate Collection Set: 0.0ms
[2026-06-18T02:05:47.297+0000][16663.982s][info][gc,phases     ] GC(1186)   Evacuate Collection Set: 2.6ms
[2026-06-18T02:05:47.297+0000][16663.982s][info][gc,phases     ] GC(1186)   Post Evacuate Collection Set: 0.6ms
[2026-06-18T02:05:47.298+0000][16663.982s][info][gc,phases     ] GC(1186)   Other: 0.8ms
[2026-06-18T02:05:47.298+0000][16663.982s][info][gc,heap       ] GC(1186) Eden regions: 245->0(249)
[2026-06-18T02:05:47.298+0000][16663.982s][info][gc,heap       ] GC(1186) Survivor regions: 7->4(32)
[2026-06-18T02:05:47.298+0000][16663.982s][info][gc,heap       ] GC(1186) Old regions: 47->47
[2026-06-18T02:05:47.298+0000][16663.982s][info][gc,heap       ] GC(1186) Humongous regions: 147->147
[2026-06-18T02:05:47.298+0000][16663.982s][info][gc,metaspace  ] GC(1186) Metaspace: 52918K(55808K)->52918K(55808K) NonClass: 46976K(48640K)->46976K(48640K) Class: 5942K(7168K)->5942K(7168K)
[2026-06-18T02:05:47.298+0000][16663.982s][info][gc            ] GC(1186) Pause Young (Normal) (G1 Evacuation Pause) 445M->196M(512M) 4.636ms
[2026-06-18T02:05:47.298+0000][16663.982s][info][gc,cpu        ] GC(1186) User=0.03s Sys=0.00s Real=0.00s
[2026-06-18T02:05:48.826+0000][16665.511s][info][gc,start      ] GC(1187) Pause Young (Concurrent Start) (G1 Evacuation Pause)
[2026-06-18T02:05:48.827+0000][16665.511s][info][gc,task       ] GC(1187) Using 13 workers of 13 for evacuation
[2026-06-18T02:05:48.836+0000][16665.521s][info][gc,phases     ] GC(1187)   Pre Evacuate Collection Set: 0.3ms
[2026-06-18T02:05:48.837+0000][16665.521s][info][gc,phases     ] GC(1187)   Evacuate Collection Set: 8.5ms
[2026-06-18T02:05:48.837+0000][16665.521s][info][gc,phases     ] GC(1187)   Post Evacuate Collection Set: 0.8ms
[2026-06-18T02:05:48.837+0000][16665.521s][info][gc,phases     ] GC(1187)   Other: 0.3ms
[2026-06-18T02:05:48.837+0000][16665.521s][info][gc,heap       ] GC(1187) Eden regions: 249->0(248)
[2026-06-18T02:05:48.837+0000][16665.521s][info][gc,heap       ] GC(1187) Survivor regions: 4->6(32)
[2026-06-18T02:05:48.837+0000][16665.521s][info][gc,heap       ] GC(1187) Old regions: 47->47
[2026-06-18T02:05:48.837+0000][16665.521s][info][gc,heap       ] GC(1187) Humongous regions: 147->147
[2026-06-18T02:05:48.837+0000][16665.521s][info][gc,metaspace  ] GC(1187) Metaspace: 52918K(55808K)->52918K(55808K) NonClass: 46976K(48640K)->46976K(48640K) Class: 5942K(7168K)->5942K(7168K)
[2026-06-18T02:05:48.837+0000][16665.521s][info][gc            ] GC(1187) Pause Young (Concurrent Start) (G1 Evacuation Pause) 445M->199M(512M) 10.661ms
[2026-06-18T02:05:48.837+0000][16665.522s][info][gc,cpu        ] GC(1187) User=0.09s Sys=0.00s Real=0.01s
[2026-06-18T02:05:48.837+0000][16665.522s][info][gc            ] GC(1188) Concurrent Cycle
[2026-06-18T02:05:48.837+0000][16665.522s][info][gc,marking    ] GC(1188) Concurrent Clear Claimed Marks
[2026-06-18T02:05:48.838+0000][16665.522s][info][gc,marking    ] GC(1188) Concurrent Clear Claimed Marks 0.317ms
[2026-06-18T02:05:48.838+0000][16665.522s][info][gc,marking    ] GC(1188) Concurrent Scan Root Regions
[2026-06-18T02:05:48.840+0000][16665.524s][info][gc,marking    ] GC(1188) Concurrent Scan Root Regions 1.780ms
[2026-06-18T02:05:48.840+0000][16665.524s][info][gc,marking    ] GC(1188) Concurrent Mark (16665.524s)
[2026-06-18T02:05:48.840+0000][16665.524s][info][gc,marking    ] GC(1188) Concurrent Mark From Roots
[2026-06-18T02:05:48.840+0000][16665.524s][info][gc,task       ] GC(1188) Using 3 workers of 3 for marking
[2026-06-18T02:05:48.846+0000][16665.530s][info][gc,marking    ] GC(1188) Concurrent Mark From Roots 5.882ms
[2026-06-18T02:05:48.846+0000][16665.530s][info][gc,marking    ] GC(1188) Concurrent Preclean
[2026-06-18T02:05:48.846+0000][16665.530s][info][gc,marking    ] GC(1188) Concurrent Preclean 0.225ms
[2026-06-18T02:05:48.846+0000][16665.531s][info][gc,marking    ] GC(1188) Concurrent Mark (16665.524s, 16665.531s) 6.439ms
[2026-06-18T02:05:48.846+0000][16665.531s][info][gc,start      ] GC(1188) Pause Remark
[2026-06-18T02:05:48.849+0000][16665.534s][info][gc,stringtable] GC(1188) Cleaned string and symbol table, strings: 17507 processed, 0 removed, symbols: 125116 processed, 0 removed
[2026-06-18T02:05:48.850+0000][16665.534s][info][gc            ] GC(1188) Pause Remark 203M->203M(512M) 3.103ms
[2026-06-18T02:05:48.850+0000][16665.534s][info][gc,cpu        ] GC(1188) User=0.03s Sys=0.00s Real=0.01s
[2026-06-18T02:05:48.850+0000][16665.534s][info][gc,marking    ] GC(1188) Concurrent Rebuild Remembered Sets
[2026-06-18T02:05:48.855+0000][16665.539s][info][gc,marking    ] GC(1188) Concurrent Rebuild Remembered Sets 5.019ms
[2026-06-18T02:05:48.855+0000][16665.539s][info][gc,start      ] GC(1188) Pause Cleanup
[2026-06-18T02:05:48.855+0000][16665.540s][info][gc            ] GC(1188) Pause Cleanup 204M->204M(512M) 0.234ms
[2026-06-18T02:05:48.855+0000][16665.540s][info][gc,cpu        ] GC(1188) User=0.00s Sys=0.00s Real=0.00s
[2026-06-18T02:05:48.856+0000][16665.540s][info][gc,marking    ] GC(1188) Concurrent Cleanup for Next Mark
[2026-06-18T02:05:48.856+0000][16665.540s][info][gc,marking    ] GC(1188) Concurrent Cleanup for Next Mark 0.187ms
[2026-06-18T02:05:48.856+0000][16665.540s][info][gc            ] GC(1188) Concurrent Cycle 18.578ms
[2026-06-18T02:06:37.695+0000][16714.379s][info][gc,start      ] GC(1189) Pause Young (Prepare Mixed) (G1 Evacuation Pause)
[2026-06-18T02:06:37.695+0000][16714.379s][info][gc,task       ] GC(1189) Using 13 workers of 13 for evacuation
[2026-06-18T02:06:37.699+0000][16714.383s][info][gc,phases     ] GC(1189)   Pre Evacuate Collection Set: 0.0ms
[2026-06-18T02:06:37.699+0000][16714.383s][info][gc,phases     ] GC(1189)   Evacuate Collection Set: 3.2ms
[2026-06-18T02:06:37.699+0000][16714.383s][info][gc,phases     ] GC(1189)   Post Evacuate Collection Set: 0.4ms
[2026-06-18T02:06:37.699+0000][16714.383s][info][gc,phases     ] GC(1189)   Other: 0.4ms
[2026-06-18T02:06:37.699+0000][16714.383s][info][gc,heap       ] GC(1189) Eden regions: 248->0(16)
[2026-06-18T02:06:37.699+0000][16714.383s][info][gc,heap       ] GC(1189) Survivor regions: 6->9(32)
[2026-06-18T02:06:37.699+0000][16714.383s][info][gc,heap       ] GC(1189) Old regions: 47->47
[2026-06-18T02:06:37.699+0000][16714.383s][info][gc,heap       ] GC(1189) Humongous regions: 147->147
[2026-06-18T02:06:37.699+0000][16714.383s][info][gc,metaspace  ] GC(1189) Metaspace: 52918K(55808K)->52918K(55808K) NonClass: 46976K(48640K)->46976K(48640K) Class: 5942K(7168K)->5942K(7168K)
[2026-06-18T02:06:37.699+0000][16714.383s][info][gc            ] GC(1189) Pause Young (Prepare Mixed) (G1 Evacuation Pause) 447M->202M(512M) 4.251ms
[2026-06-18T02:06:37.699+0000][16714.383s][info][gc,cpu        ] GC(1189) User=0.03s Sys=0.00s Real=0.00s
[2026-06-18T02:06:37.806+0000][16714.490s][info][gc,start      ] GC(1190) Pause Young (Mixed) (G1 Evacuation Pause)
[2026-06-18T02:06:37.806+0000][16714.490s][info][gc,task       ] GC(1190) Using 13 workers of 13 for evacuation
[2026-06-18T02:06:37.812+0000][16714.496s][info][gc,phases     ] GC(1190)   Pre Evacuate Collection Set: 0.0ms
[2026-06-18T02:06:37.812+0000][16714.496s][info][gc,phases     ] GC(1190)   Evacuate Collection Set: 5.1ms
[2026-06-18T02:06:37.812+0000][16714.496s][info][gc,phases     ] GC(1190)   Post Evacuate Collection Set: 0.3ms
[2026-06-18T02:06:37.812+0000][16714.496s][info][gc,phases     ] GC(1190)   Other: 0.3ms
[2026-06-18T02:06:37.812+0000][16714.496s][info][gc,heap       ] GC(1190) Eden regions: 16->0(244)
[2026-06-18T02:06:37.812+0000][16714.496s][info][gc,heap       ] GC(1190) Survivor regions: 9->2(4)
[2026-06-18T02:06:37.813+0000][16714.497s][info][gc,heap       ] GC(1190) Old regions: 47->54
[2026-06-18T02:06:37.813+0000][16714.497s][info][gc,heap       ] GC(1190) Humongous regions: 147->147
[2026-06-18T02:06:37.813+0000][16714.497s][info][gc,metaspace  ] GC(1190) Metaspace: 52918K(55808K)->52918K(55808K) NonClass: 46976K(48640K)->46976K(48640K) Class: 5942K(7168K)->5942K(7168K)
[2026-06-18T02:06:37.813+0000][16714.497s][info][gc            ] GC(1190) Pause Young (Mixed) (G1 Evacuation Pause) 218M->201M(512M) 6.768ms
[2026-06-18T02:06:37.813+0000][16714.497s][info][gc,cpu        ] GC(1190) User=0.03s Sys=0.00s Real=0.01s
[2026-06-18T02:06:39.327+0000][16716.011s][info][gc,start      ] GC(1191) Pause Young (Normal) (G1 Evacuation Pause)
[2026-06-18T02:06:39.327+0000][16716.011s][info][gc,task       ] GC(1191) Using 13 workers of 13 for evacuation
[2026-06-18T02:06:39.332+0000][16716.016s][info][gc,phases     ] GC(1191)   Pre Evacuate Collection Set: 0.0ms
[2026-06-18T02:06:39.332+0000][16716.016s][info][gc,phases     ] GC(1191)   Evacuate Collection Set: 4.6ms
[2026-06-18T02:06:39.333+0000][16716.017s][info][gc,phases     ] GC(1191)   Post Evacuate Collection Set: 0.4ms
[2026-06-18T02:06:39.333+0000][16716.017s][info][gc,phases     ] GC(1191)   Other: 0.3ms
[2026-06-18T02:06:39.333+0000][16716.017s][info][gc,heap       ] GC(1191) Eden regions: 244->0(245)
[2026-06-18T02:06:39.333+0000][16716.017s][info][gc,heap       ] GC(1191) Survivor regions: 2->2(31)
[2026-06-18T02:06:39.333+0000][16716.017s][info][gc,heap       ] GC(1191) Old regions: 54->54
[2026-06-18T02:06:39.333+0000][16716.017s][info][gc,heap       ] GC(1191) Humongous regions: 147->147
[2026-06-18T02:06:39.333+0000][16716.017s][info][gc,metaspace  ] GC(1191) Metaspace: 52918K(55808K)->52918K(55808K) NonClass: 46976K(48640K)->46976K(48640K) Class: 5942K(7168K)->5942K(7168K)
[2026-06-18T02:06:39.333+0000][16716.017s][info][gc            ] GC(1191) Pause Young (Normal) (G1 Evacuation Pause) 445M->201M(512M) 5.831ms
[2026-06-18T02:06:39.333+0000][16716.017s][info][gc,cpu        ] GC(1191) User=0.06s Sys=0.01s Real=0.01s
[2026-06-18T02:06:40.660+0000][16717.344s][info][gc,start      ] GC(1192) Pause Young (Normal) (G1 Evacuation Pause)
[2026-06-18T02:06:40.660+0000][16717.344s][info][gc,task       ] GC(1192) Using 13 workers of 13 for evacuation
[2026-06-18T02:06:40.664+0000][16717.348s][info][gc,phases     ] GC(1192)   Pre Evacuate Collection Set: 0.0ms
[2026-06-18T02:06:40.665+0000][16717.349s][info][gc,phases     ] GC(1192)   Evacuate Collection Set: 4.2ms
[2026-06-18T02:06:40.665+0000][16717.349s][info][gc,phases     ] GC(1192)   Post Evacuate Collection Set: 0.4ms
[2026-06-18T02:06:40.665+0000][16717.349s][info][gc,phases     ] GC(1192)   Other: 0.3ms
[2026-06-18T02:06:40.665+0000][16717.349s][info][gc,heap       ] GC(1192) Eden regions: 245->0(243)
[2026-06-18T02:06:40.665+0000][16717.349s][info][gc,heap       ] GC(1192) Survivor regions: 2->5(31)
[2026-06-18T02:06:40.665+0000][16717.349s][info][gc,heap       ] GC(1192) Old regions: 54->54
[2026-06-18T02:06:40.665+0000][16717.349s][info][gc,heap       ] GC(1192) Humongous regions: 147->147
[2026-06-18T02:06:40.665+0000][16717.349s][info][gc,metaspace  ] GC(1192) Metaspace: 52918K(55808K)->52918K(55808K) NonClass: 46976K(48640K)->46976K(48640K) Class: 5942K(7168K)->5942K(7168K)
[2026-06-18T02:06:40.665+0000][16717.349s][info][gc            ] GC(1192) Pause Young (Normal) (G1 Evacuation Pause) 446M->204M(512M) 5.471ms
[2026-06-18T02:06:40.665+0000][16717.349s][info][gc,cpu        ] GC(1192) User=0.04s Sys=0.00s Real=0.00s
[2026-06-18T02:07:29.161+0000][16765.844s][info][gc,start      ] GC(1193) Pause Young (Concurrent Start) (G1 Evacuation Pause)
[2026-06-18T02:07:29.161+0000][16765.844s][info][gc,task       ] GC(1193) Using 13 workers of 13 for evacuation
[2026-06-18T02:07:29.164+0000][16765.847s][info][gc,phases     ] GC(1193)   Pre Evacuate Collection Set: 0.3ms
[2026-06-18T02:07:29.164+0000][16765.847s][info][gc,phases     ] GC(1193)   Evacuate Collection Set: 2.1ms
[2026-06-18T02:07:29.164+0000][16765.847s][info][gc,phases     ] GC(1193)   Post Evacuate Collection Set: 0.3ms
[2026-06-18T02:07:29.164+0000][16765.847s][info][gc,phases     ] GC(1193)   Other: 0.4ms
[2026-06-18T02:07:29.164+0000][16765.847s][info][gc,heap       ] GC(1193) Eden regions: 243->0(238)
[2026-06-18T02:07:29.164+0000][16765.847s][info][gc,heap       ] GC(1193) Survivor regions: 5->8(31)
[2026-06-18T02:07:29.164+0000][16765.847s][info][gc,heap       ] GC(1193) Old regions: 54->54
[2026-06-18T02:07:29.165+0000][16765.847s][info][gc,heap       ] GC(1193) Humongous regions: 147->147
[2026-06-18T02:07:29.165+0000][16765.848s][info][gc,metaspace  ] GC(1193) Metaspace: 52918K(55808K)->52918K(55808K) NonClass: 46976K(48640K)->46976K(48640K) Class: 5942K(7168K)->5942K(7168K)
[2026-06-18T02:07:29.165+0000][16765.848s][info][gc            ] GC(1193) Pause Young (Concurrent Start) (G1 Evacuation Pause) 447M->207M(512M) 3.564ms
[2026-06-18T02:07:29.165+0000][16765.848s][info][gc,cpu        ] GC(1193) User=0.02s Sys=0.00s Real=0.00s
[2026-06-18T02:07:29.165+0000][16765.848s][info][gc            ] GC(1194) Concurrent Cycle
[2026-06-18T02:07:29.165+0000][16765.848s][info][gc,marking    ] GC(1194) Concurrent Clear Claimed Marks
[2026-06-18T02:07:29.165+0000][16765.848s][info][gc,marking    ] GC(1194) Concurrent Clear Claimed Marks 0.253ms
[2026-06-18T02:07:29.165+0000][16765.848s][info][gc,marking    ] GC(1194) Concurrent Scan Root Regions
[2026-06-18T02:07:29.166+0000][16765.849s][info][gc,marking    ] GC(1194) Concurrent Scan Root Regions 1.076ms
[2026-06-18T02:07:29.166+0000][16765.849s][info][gc,marking    ] GC(1194) Concurrent Mark (16765.849s)
[2026-06-18T02:07:29.166+0000][16765.849s][info][gc,marking    ] GC(1194) Concurrent Mark From Roots
[2026-06-18T02:07:29.166+0000][16765.849s][info][gc,task       ] GC(1194) Using 3 workers of 3 for marking
[2026-06-18T02:07:29.172+0000][16765.855s][info][gc,marking    ] GC(1194) Concurrent Mark From Roots 5.331ms
[2026-06-18T02:07:29.172+0000][16765.855s][info][gc,marking    ] GC(1194) Concurrent Preclean
[2026-06-18T02:07:29.172+0000][16765.855s][info][gc,marking    ] GC(1194) Concurrent Preclean 0.171ms
[2026-06-18T02:07:29.172+0000][16765.855s][info][gc,marking    ] GC(1194) Concurrent Mark (16765.849s, 16765.855s) 5.748ms
[2026-06-18T02:07:29.172+0000][16765.855s][info][gc,start      ] GC(1194) Pause Remark
[2026-06-18T02:07:29.175+0000][16765.858s][info][gc,stringtable] GC(1194) Cleaned string and symbol table, strings: 17507 processed, 0 removed, symbols: 125116 processed, 0 removed
[2026-06-18T02:07:29.175+0000][16765.858s][info][gc            ] GC(1194) Pause Remark 210M->210M(512M) 2.759ms
[2026-06-18T02:07:29.175+0000][16765.858s][info][gc,cpu        ] GC(1194) User=0.02s Sys=0.00s Real=0.00s
[2026-06-18T02:07:29.175+0000][16765.858s][info][gc,marking    ] GC(1194) Concurrent Rebuild Remembered Sets
[2026-06-18T02:07:29.180+0000][16765.863s][info][gc,marking    ] GC(1194) Concurrent Rebuild Remembered Sets 5.167ms
[2026-06-18T02:07:29.181+0000][16765.864s][info][gc,start      ] GC(1194) Pause Cleanup
[2026-06-18T02:07:29.181+0000][16765.864s][info][gc            ] GC(1194) Pause Cleanup 211M->211M(512M) 0.207ms
[2026-06-18T02:07:29.181+0000][16765.864s][info][gc,cpu        ] GC(1194) User=0.00s Sys=0.00s Real=0.00s
[2026-06-18T02:07:29.181+0000][16765.864s][info][gc,marking    ] GC(1194) Concurrent Cleanup for Next Mark
[2026-06-18T02:07:29.181+0000][16765.864s][info][gc,marking    ] GC(1194) Concurrent Cleanup for Next Mark 0.212ms
[2026-06-18T02:07:29.181+0000][16765.864s][info][gc            ] GC(1194) Concurrent Cycle 16.699ms
[2026-06-18T02:07:30.669+0000][16767.352s][info][gc,start      ] GC(1195) Pause Young (Prepare Mixed) (G1 Evacuation Pause)
[2026-06-18T02:07:30.670+0000][16767.352s][info][gc,task       ] GC(1195) Using 13 workers of 13 for evacuation
[2026-06-18T02:07:30.673+0000][16767.356s][info][gc,phases     ] GC(1195)   Pre Evacuate Collection Set: 0.0ms
[2026-06-18T02:07:30.673+0000][16767.356s][info][gc,phases     ] GC(1195)   Evacuate Collection Set: 2.7ms
[2026-06-18T02:07:30.673+0000][16767.356s][info][gc,phases     ] GC(1195)   Post Evacuate Collection Set: 0.4ms
[2026-06-18T02:07:30.673+0000][16767.356s][info][gc,phases     ] GC(1195)   Other: 0.3ms
[2026-06-18T02:07:30.673+0000][16767.356s][info][gc,heap       ] GC(1195) Eden regions: 238->0(20)
[2026-06-18T02:07:30.673+0000][16767.356s][info][gc,heap       ] GC(1195) Survivor regions: 8->5(31)
[2026-06-18T02:07:30.673+0000][16767.356s][info][gc,heap       ] GC(1195) Old regions: 53->53
[2026-06-18T02:07:30.673+0000][16767.356s][info][gc,heap       ] GC(1195) Humongous regions: 147->147
[2026-06-18T02:07:30.673+0000][16767.356s][info][gc,metaspace  ] GC(1195) Metaspace: 52918K(55808K)->52918K(55808K) NonClass: 46976K(48640K)->46976K(48640K) Class: 5942K(7168K)->5942K(7168K)
[2026-06-18T02:07:30.673+0000][16767.356s][info][gc            ] GC(1195) Pause Young (Prepare Mixed) (G1 Evacuation Pause) 445M->204M(512M) 3.813ms
[2026-06-18T02:07:30.673+0000][16767.356s][info][gc,cpu        ] GC(1195) User=0.03s Sys=0.00s Real=0.01s
[2026-06-18T02:07:30.786+0000][16767.469s][info][gc,start      ] GC(1196) Pause Young (Mixed) (G1 Evacuation Pause)
[2026-06-18T02:07:30.786+0000][16767.469s][info][gc,task       ] GC(1196) Using 13 workers of 13 for evacuation
[2026-06-18T02:07:30.790+0000][16767.472s][info][gc,phases     ] GC(1196)   Pre Evacuate Collection Set: 0.0ms
[2026-06-18T02:07:30.790+0000][16767.473s][info][gc,phases     ] GC(1196)   Evacuate Collection Set: 2.3ms
[2026-06-18T02:07:30.790+0000][16767.473s][info][gc,phases     ] GC(1196)   Post Evacuate Collection Set: 0.6ms
[2026-06-18T02:07:30.790+0000][16767.473s][info][gc,phases     ] GC(1196)   Other: 0.2ms
[2026-06-18T02:07:30.790+0000][16767.473s][info][gc,heap       ] GC(1196) Eden regions: 20->0(247)
[2026-06-18T02:07:30.790+0000][16767.473s][info][gc,heap       ] GC(1196) Survivor regions: 5->2(4)
[2026-06-18T02:07:30.790+0000][16767.473s][info][gc,heap       ] GC(1196) Old regions: 53->50
[2026-06-18T02:07:30.790+0000][16767.473s][info][gc,heap       ] GC(1196) Humongous regions: 147->147
[2026-06-18T02:07:30.790+0000][16767.473s][info][gc,metaspace  ] GC(1196) Metaspace: 52918K(55808K)->52918K(55808K) NonClass: 46976K(48640K)->46976K(48640K) Class: 5942K(7168K)->5942K(7168K)
[2026-06-18T02:07:30.790+0000][16767.473s][info][gc            ] GC(1196) Pause Young (Mixed) (G1 Evacuation Pause) 224M->197M(512M) 3.489ms
[2026-06-18T02:07:30.790+0000][16767.473s][info][gc,cpu        ] GC(1196) User=0.03s Sys=0.00s Real=0.00s
[2026-06-18T02:07:32.298+0000][16768.981s][info][gc,start      ] GC(1197) Pause Young (Normal) (G1 Evacuation Pause)
[2026-06-18T02:07:32.298+0000][16768.981s][info][gc,task       ] GC(1197) Using 13 workers of 13 for evacuation
[2026-06-18T02:07:32.302+0000][16768.985s][info][gc,phases     ] GC(1197)   Pre Evacuate Collection Set: 0.0ms
[2026-06-18T02:07:32.302+0000][16768.985s][info][gc,phases     ] GC(1197)   Evacuate Collection Set: 2.6ms
[2026-06-18T02:07:32.302+0000][16768.985s][info][gc,phases     ] GC(1197)   Post Evacuate Collection Set: 0.5ms
[2026-06-18T02:07:32.302+0000][16768.985s][info][gc,phases     ] GC(1197)   Other: 0.3ms
[2026-06-18T02:07:32.302+0000][16768.985s][info][gc,heap       ] GC(1197) Eden regions: 247->0(242)
[2026-06-18T02:07:32.302+0000][16768.985s][info][gc,heap       ] GC(1197) Survivor regions: 2->7(32)
[2026-06-18T02:07:32.302+0000][16768.985s][info][gc,heap       ] GC(1197) Old regions: 50->50
[2026-06-18T02:07:32.302+0000][16768.985s][info][gc,heap       ] GC(1197) Humongous regions: 147->147
[2026-06-18T02:07:32.302+0000][16768.985s][info][gc,metaspace  ] GC(1197) Metaspace: 52918K(55808K)->52918K(55808K) NonClass: 46976K(48640K)->46976K(48640K) Class: 5942K(7168K)->5942K(7168K)
[2026-06-18T02:07:32.302+0000][16768.985s][info][gc            ] GC(1197) Pause Young (Normal) (G1 Evacuation Pause) 444M->202M(512M) 3.984ms
[2026-06-18T02:07:32.302+0000][16768.985s][info][gc,cpu        ] GC(1197) User=0.04s Sys=0.00s Real=0.01s
[2026-06-18T02:07:33.588+0000][16770.271s][info][gc,start      ] GC(1198) Pause Young (Normal) (G1 Evacuation Pause)
[2026-06-18T02:07:33.588+0000][16770.271s][info][gc,task       ] GC(1198) Using 13 workers of 13 for evacuation
[2026-06-18T02:07:33.591+0000][16770.274s][info][gc,phases     ] GC(1198)   Pre Evacuate Collection Set: 0.0ms
[2026-06-18T02:07:33.591+0000][16770.274s][info][gc,phases     ] GC(1198)   Evacuate Collection Set: 2.0ms
[2026-06-18T02:07:33.591+0000][16770.274s][info][gc,phases     ] GC(1198)   Post Evacuate Collection Set: 0.3ms
[2026-06-18T02:07:33.591+0000][16770.274s][info][gc,phases     ] GC(1198)   Other: 0.3ms
[2026-06-18T02:07:33.591+0000][16770.274s][info][gc,heap       ] GC(1198) Eden regions: 242->0(237)
[2026-06-18T02:07:33.591+0000][16770.274s][info][gc,heap       ] GC(1198) Survivor regions: 7->10(32)
[2026-06-18T02:07:33.591+0000][16770.274s][info][gc,heap       ] GC(1198) Old regions: 50->50
[2026-06-18T02:07:33.591+0000][16770.274s][info][gc,heap       ] GC(1198) Humongous regions: 147->147
[2026-06-18T02:07:33.592+0000][16770.274s][info][gc,metaspace  ] GC(1198) Metaspace: 52918K(55808K)->52918K(55808K) NonClass: 46976K(48640K)->46976K(48640K) Class: 5942K(7168K)->5942K(7168K)
[2026-06-18T02:07:33.592+0000][16770.275s][info][gc            ] GC(1198) Pause Young (Normal) (G1 Evacuation Pause) 444M->205M(512M) 4.328ms
[2026-06-18T02:07:33.592+0000][16770.275s][info][gc,cpu        ] GC(1198) User=0.02s Sys=0.01s Real=0.01s
[2026-06-18T02:08:22.302+0000][16818.985s][info][gc,start      ] GC(1199) Pause Young (Concurrent Start) (G1 Evacuation Pause)
[2026-06-18T02:08:22.302+0000][16818.985s][info][gc,task       ] GC(1199) Using 13 workers of 13 for evacuation
[2026-06-18T02:08:22.312+0000][16818.995s][info][gc,phases     ] GC(1199)   Pre Evacuate Collection Set: 0.3ms
[2026-06-18T02:08:22.312+0000][16818.995s][info][gc,phases     ] GC(1199)   Evacuate Collection Set: 8.8ms
[2026-06-18T02:08:22.312+0000][16818.995s][info][gc,phases     ] GC(1199)   Post Evacuate Collection Set: 0.4ms
[2026-06-18T02:08:22.312+0000][16818.995s][info][gc,phases     ] GC(1199)   Other: 0.3ms
[2026-06-18T02:08:22.312+0000][16818.995s][info][gc,heap       ] GC(1199) Eden regions: 237->0(243)
[2026-06-18T02:08:22.312+0000][16818.995s][info][gc,heap       ] GC(1199) Survivor regions: 10->5(31)
[2026-06-18T02:08:22.312+0000][16818.995s][info][gc,heap       ] GC(1199) Old regions: 50->50
[2026-06-18T02:08:22.312+0000][16818.995s][info][gc,heap       ] GC(1199) Humongous regions: 147->147
[2026-06-18T02:08:22.312+0000][16818.995s][info][gc,metaspace  ] GC(1199) Metaspace: 52918K(55808K)->52918K(55808K) NonClass: 46976K(48640K)->46976K(48640K) Class: 5942K(7168K)->5942K(7168K)
[2026-06-18T02:08:22.312+0000][16818.995s][info][gc            ] GC(1199) Pause Young (Concurrent Start) (G1 Evacuation Pause) 442M->200M(512M) 10.042ms
[2026-06-18T02:08:22.312+0000][16818.995s][info][gc,cpu        ] GC(1199) User=0.07s Sys=0.00s Real=0.01s
[2026-06-18T02:08:22.312+0000][16818.995s][info][gc            ] GC(1200) Concurrent Cycle
[2026-06-18T02:08:22.312+0000][16818.995s][info][gc,marking    ] GC(1200) Concurrent Clear Claimed Marks
[2026-06-18T02:08:22.313+0000][16818.995s][info][gc,marking    ] GC(1200) Concurrent Clear Claimed Marks 0.341ms
[2026-06-18T02:08:22.313+0000][16818.996s][info][gc,marking    ] GC(1200) Concurrent Scan Root Regions
[2026-06-18T02:08:22.314+0000][16818.997s][info][gc,marking    ] GC(1200) Concurrent Scan Root Regions 1.101ms
[2026-06-18T02:08:22.314+0000][16818.997s][info][gc,marking    ] GC(1200) Concurrent Mark (16818.997s)
[2026-06-18T02:08:22.314+0000][16818.997s][info][gc,marking    ] GC(1200) Concurrent Mark From Roots
[2026-06-18T02:08:22.314+0000][16818.997s][info][gc,task       ] GC(1200) Using 3 workers of 3 for marking
[2026-06-18T02:08:22.320+0000][16819.003s][info][gc,marking    ] GC(1200) Concurrent Mark From Roots 5.916ms
[2026-06-18T02:08:22.320+0000][16819.003s][info][gc,marking    ] GC(1200) Concurrent Preclean
[2026-06-18T02:08:22.320+0000][16819.003s][info][gc,marking    ] GC(1200) Concurrent Preclean 0.158ms
[2026-06-18T02:08:22.320+0000][16819.003s][info][gc,marking    ] GC(1200) Concurrent Mark (16818.997s, 16819.003s) 6.284ms
[2026-06-18T02:08:22.321+0000][16819.003s][info][gc,start      ] GC(1200) Pause Remark
[2026-06-18T02:08:22.323+0000][16819.006s][info][gc,stringtable] GC(1200) Cleaned string and symbol table, strings: 17507 processed, 0 removed, symbols: 125116 processed, 0 removed
[2026-06-18T02:08:22.324+0000][16819.006s][info][gc            ] GC(1200) Pause Remark 204M->204M(512M) 2.907ms
[2026-06-18T02:08:22.324+0000][16819.006s][info][gc,cpu        ] GC(1200) User=0.02s Sys=0.01s Real=0.00s
[2026-06-18T02:08:22.324+0000][16819.006s][info][gc,marking    ] GC(1200) Concurrent Rebuild Remembered Sets
[2026-06-18T02:08:22.329+0000][16819.011s][info][gc,marking    ] GC(1200) Concurrent Rebuild Remembered Sets 4.937ms
[2026-06-18T02:08:22.329+0000][16819.012s][info][gc,start      ] GC(1200) Pause Cleanup
[2026-06-18T02:08:22.329+0000][16819.012s][info][gc            ] GC(1200) Pause Cleanup 205M->205M(512M) 0.175ms
[2026-06-18T02:08:22.329+0000][16819.012s][info][gc,cpu        ] GC(1200) User=0.00s Sys=0.00s Real=0.00s
[2026-06-18T02:08:22.329+0000][16819.012s][info][gc,marking    ] GC(1200) Concurrent Cleanup for Next Mark
[2026-06-18T02:08:22.329+0000][16819.012s][info][gc,marking    ] GC(1200) Concurrent Cleanup for Next Mark 0.183ms
[2026-06-18T02:08:22.330+0000][16819.012s][info][gc            ] GC(1200) Concurrent Cycle 17.261ms
[2026-06-18T02:08:23.732+0000][16820.415s][info][gc,start      ] GC(1201) Pause Young (Prepare Mixed) (G1 Evacuation Pause)
[2026-06-18T02:08:23.733+0000][16820.415s][info][gc,task       ] GC(1201) Using 13 workers of 13 for evacuation
[2026-06-18T02:08:23.735+0000][16820.417s][info][gc,phases     ] GC(1201)   Pre Evacuate Collection Set: 0.0ms
[2026-06-18T02:08:23.735+0000][16820.418s][info][gc,phases     ] GC(1201)   Evacuate Collection Set: 1.7ms
[2026-06-18T02:08:23.735+0000][16820.418s][info][gc,phases     ] GC(1201)   Post Evacuate Collection Set: 0.4ms
[2026-06-18T02:08:23.735+0000][16820.418s][info][gc,phases     ] GC(1201)   Other: 0.3ms
[2026-06-18T02:08:23.735+0000][16820.418s][info][gc,heap       ] GC(1201) Eden regions: 243->0(18)
[2026-06-18T02:08:23.735+0000][16820.418s][info][gc,heap       ] GC(1201) Survivor regions: 5->7(31)
[2026-06-18T02:08:23.735+0000][16820.418s][info][gc,heap       ] GC(1201) Old regions: 50->50
[2026-06-18T02:08:23.735+0000][16820.418s][info][gc,heap       ] GC(1201) Humongous regions: 147->147
[2026-06-18T02:08:23.735+0000][16820.418s][info][gc,metaspace  ] GC(1201) Metaspace: 52918K(55808K)->52918K(55808K) NonClass: 46976K(48640K)->46976K(48640K) Class: 5942K(7168K)->5942K(7168K)
[2026-06-18T02:08:23.735+0000][16820.418s][info][gc            ] GC(1201) Pause Young (Prepare Mixed) (G1 Evacuation Pause) 443M->202M(512M) 2.893ms
[2026-06-18T02:08:23.735+0000][16820.418s][info][gc,cpu        ] GC(1201) User=0.02s Sys=0.00s Real=0.00s
[2026-06-18T02:08:23.831+0000][16820.514s][info][gc,start      ] GC(1202) Pause Young (Mixed) (G1 Evacuation Pause)
[2026-06-18T02:08:23.831+0000][16820.514s][info][gc,task       ] GC(1202) Using 13 workers of 13 for evacuation
[2026-06-18T02:08:23.835+0000][16820.518s][info][gc,phases     ] GC(1202)   Pre Evacuate Collection Set: 0.0ms
[2026-06-18T02:08:23.835+0000][16820.518s][info][gc,phases     ] GC(1202)   Evacuate Collection Set: 3.0ms
[2026-06-18T02:08:23.835+0000][16820.518s][info][gc,phases     ] GC(1202)   Post Evacuate Collection Set: 0.3ms
[2026-06-18T02:08:23.835+0000][16820.518s][info][gc,phases     ] GC(1202)   Other: 0.3ms
[2026-06-18T02:08:23.835+0000][16820.518s][info][gc,heap       ] GC(1202) Eden regions: 18->0(244)
[2026-06-18T02:08:23.835+0000][16820.518s][info][gc,heap       ] GC(1202) Survivor regions: 7->2(4)
[2026-06-18T02:08:23.835+0000][16820.518s][info][gc,heap       ] GC(1202) Old regions: 50->52
[2026-06-18T02:08:23.835+0000][16820.518s][info][gc,heap       ] GC(1202) Humongous regions: 147->147
[2026-06-18T02:08:23.835+0000][16820.518s][info][gc,metaspace  ] GC(1202) Metaspace: 52918K(55808K)->52918K(55808K) NonClass: 46976K(48640K)->46976K(48640K) Class: 5942K(7168K)->5942K(7168K)
[2026-06-18T02:08:23.835+0000][16820.518s][info][gc            ] GC(1202) Pause Young (Mixed) (G1 Evacuation Pause) 220M->199M(512M) 4.020ms
[2026-06-18T02:08:23.835+0000][16820.518s][info][gc,cpu        ] GC(1202) User=0.02s Sys=0.00s Real=0.00s
[2026-06-18T02:08:25.167+0000][16821.850s][info][gc,start      ] GC(1203) Pause Young (Normal) (G1 Evacuation Pause)
[2026-06-18T02:08:25.168+0000][16821.850s][info][gc,task       ] GC(1203) Using 13 workers of 13 for evacuation
[2026-06-18T02:08:25.170+0000][16821.853s][info][gc,phases     ] GC(1203)   Pre Evacuate Collection Set: 0.0ms
[2026-06-18T02:08:25.170+0000][16821.853s][info][gc,phases     ] GC(1203)   Evacuate Collection Set: 2.0ms
[2026-06-18T02:08:25.170+0000][16821.853s][info][gc,phases     ] GC(1203)   Post Evacuate Collection Set: 0.4ms
[2026-06-18T02:08:25.170+0000][16821.853s][info][gc,phases     ] GC(1203)   Other: 0.3ms
[2026-06-18T02:08:25.170+0000][16821.853s][info][gc,heap       ] GC(1203) Eden regions: 244->0(235)
[2026-06-18T02:08:25.170+0000][16821.853s][info][gc,heap       ] GC(1203) Survivor regions: 2->9(31)
[2026-06-18T02:08:25.170+0000][16821.853s][info][gc,heap       ] GC(1203) Old regions: 52->52
[2026-06-18T02:08:25.170+0000][16821.853s][info][gc,heap       ] GC(1203) Humongous regions: 147->147
[2026-06-18T02:08:25.170+0000][16821.853s][info][gc,metaspace  ] GC(1203) Metaspace: 52918K(55808K)->52918K(55808K) NonClass: 46976K(48640K)->46976K(48640K) Class: 5942K(7168K)->5942K(7168K)
[2026-06-18T02:08:25.170+0000][16821.853s][info][gc            ] GC(1203) Pause Young (Normal) (G1 Evacuation Pause) 443M->206M(512M) 2.991ms
[2026-06-18T02:08:25.170+0000][16821.853s][info][gc,cpu        ] GC(1203) User=0.03s Sys=0.00s Real=0.00s
[2026-06-18T02:09:13.677+0000][16870.358s][info][gc,start      ] GC(1204) Pause Young (Normal) (G1 Evacuation Pause)
[2026-06-18T02:09:13.677+0000][16870.358s][info][gc,task       ] GC(1204) Using 13 workers of 13 for evacuation
[2026-06-18T02:09:13.685+0000][16870.366s][info][gc,phases     ] GC(1204)   Pre Evacuate Collection Set: 0.0ms
[2026-06-18T02:09:13.685+0000][16870.366s][info][gc,phases     ] GC(1204)   Evacuate Collection Set: 7.7ms
[2026-06-18T02:09:13.685+0000][16870.366s][info][gc,phases     ] GC(1204)   Post Evacuate Collection Set: 0.3ms
[2026-06-18T02:09:13.685+0000][16870.366s][info][gc,phases     ] GC(1204)   Other: 0.4ms
[2026-06-18T02:09:13.685+0000][16870.366s][info][gc,heap       ] GC(1204) Eden regions: 235->0(242)
[2026-06-18T02:09:13.685+0000][16870.367s][info][gc,heap       ] GC(1204) Survivor regions: 9->4(31)
[2026-06-18T02:09:13.685+0000][16870.367s][info][gc,heap       ] GC(1204) Old regions: 52->52
[2026-06-18T02:09:13.685+0000][16870.367s][info][gc,heap       ] GC(1204) Humongous regions: 147->147
[2026-06-18T02:09:13.685+0000][16870.367s][info][gc,metaspace  ] GC(1204) Metaspace: 52919K(55808K)->52919K(55808K) NonClass: 46976K(48640K)->46976K(48640K) Class: 5942K(7168K)->5942K(7168K)
[2026-06-18T02:09:13.685+0000][16870.367s][info][gc            ] GC(1204) Pause Young (Normal) (G1 Evacuation Pause) 441M->202M(512M) 8.886ms
[2026-06-18T02:09:13.686+0000][16870.367s][info][gc,cpu        ] GC(1204) User=0.07s Sys=0.00s Real=0.01s
[2026-06-18T02:09:15.285+0000][16871.966s][info][gc,start      ] GC(1205) Pause Young (Concurrent Start) (G1 Evacuation Pause)
[2026-06-18T02:09:15.285+0000][16871.966s][info][gc,task       ] GC(1205) Using 13 workers of 13 for evacuation
[2026-06-18T02:09:15.287+0000][16871.969s][info][gc,phases     ] GC(1205)   Pre Evacuate Collection Set: 0.3ms
[2026-06-18T02:09:15.288+0000][16871.969s][info][gc,phases     ] GC(1205)   Evacuate Collection Set: 1.9ms
[2026-06-18T02:09:15.288+0000][16871.969s][info][gc,phases     ] GC(1205)   Post Evacuate Collection Set: 0.3ms
[2026-06-18T02:09:15.288+0000][16871.969s][info][gc,phases     ] GC(1205)   Other: 0.3ms
[2026-06-18T02:09:15.288+0000][16871.969s][info][gc,heap       ] GC(1205) Eden regions: 242->0(240)
[2026-06-18T02:09:15.288+0000][16871.969s][info][gc,heap       ] GC(1205) Survivor regions: 4->7(31)
[2026-06-18T02:09:15.288+0000][16871.969s][info][gc,heap       ] GC(1205) Old regions: 52->52
[2026-06-18T02:09:15.288+0000][16871.969s][info][gc,heap       ] GC(1205) Humongous regions: 147->147
[2026-06-18T02:09:15.288+0000][16871.969s][info][gc,metaspace  ] GC(1205) Metaspace: 52919K(55808K)->52919K(55808K) NonClass: 46976K(48640K)->46976K(48640K) Class: 5942K(7168K)->5942K(7168K)
[2026-06-18T02:09:15.288+0000][16871.969s][info][gc            ] GC(1205) Pause Young (Concurrent Start) (G1 Evacuation Pause) 444M->204M(512M) 3.183ms
[2026-06-18T02:09:15.288+0000][16871.969s][info][gc,cpu        ] GC(1205) User=0.02s Sys=0.00s Real=0.00s
[2026-06-18T02:09:15.288+0000][16871.969s][info][gc            ] GC(1206) Concurrent Cycle
[2026-06-18T02:09:15.288+0000][16871.969s][info][gc,marking    ] GC(1206) Concurrent Clear Claimed Marks
[2026-06-18T02:09:15.288+0000][16871.970s][info][gc,marking    ] GC(1206) Concurrent Clear Claimed Marks 0.175ms
[2026-06-18T02:09:15.288+0000][16871.970s][info][gc,marking    ] GC(1206) Concurrent Scan Root Regions
[2026-06-18T02:09:15.290+0000][16871.971s][info][gc,marking    ] GC(1206) Concurrent Scan Root Regions 1.160ms
[2026-06-18T02:09:15.290+0000][16871.971s][info][gc,marking    ] GC(1206) Concurrent Mark (16871.971s)
[2026-06-18T02:09:15.290+0000][16871.971s][info][gc,marking    ] GC(1206) Concurrent Mark From Roots
[2026-06-18T02:09:15.290+0000][16871.971s][info][gc,task       ] GC(1206) Using 3 workers of 3 for marking
[2026-06-18T02:09:15.295+0000][16871.976s][info][gc,marking    ] GC(1206) Concurrent Mark From Roots 5.334ms
[2026-06-18T02:09:15.295+0000][16871.976s][info][gc,marking    ] GC(1206) Concurrent Preclean
[2026-06-18T02:09:15.295+0000][16871.977s][info][gc,marking    ] GC(1206) Concurrent Preclean 0.163ms
[2026-06-18T02:09:15.295+0000][16871.977s][info][gc,marking    ] GC(1206) Concurrent Mark (16871.971s, 16871.977s) 5.721ms
[2026-06-18T02:09:15.296+0000][16871.977s][info][gc,start      ] GC(1206) Pause Remark
[2026-06-18T02:09:15.298+0000][16871.979s][info][gc,stringtable] GC(1206) Cleaned string and symbol table, strings: 17507 processed, 0 removed, symbols: 125116 processed, 0 removed
[2026-06-18T02:09:15.298+0000][16871.979s][info][gc            ] GC(1206) Pause Remark 208M->207M(512M) 2.584ms
[2026-06-18T02:09:15.298+0000][16871.979s][info][gc,cpu        ] GC(1206) User=0.02s Sys=0.00s Real=0.00s
[2026-06-18T02:09:15.298+0000][16871.979s][info][gc,marking    ] GC(1206) Concurrent Rebuild Remembered Sets
[2026-06-18T02:09:15.302+0000][16871.984s][info][gc,marking    ] GC(1206) Concurrent Rebuild Remembered Sets 4.123ms
[2026-06-18T02:09:15.303+0000][16871.984s][info][gc,start      ] GC(1206) Pause Cleanup
[2026-06-18T02:09:15.303+0000][16871.984s][info][gc            ] GC(1206) Pause Cleanup 208M->208M(512M) 0.142ms
[2026-06-18T02:09:15.303+0000][16871.984s][info][gc,cpu        ] GC(1206) User=0.00s Sys=0.00s Real=0.00s
[2026-06-18T02:09:15.303+0000][16871.984s][info][gc,marking    ] GC(1206) Concurrent Cleanup for Next Mark
[2026-06-18T02:09:15.303+0000][16871.984s][info][gc,marking    ] GC(1206) Concurrent Cleanup for Next Mark 0.133ms
[2026-06-18T02:09:15.303+0000][16871.984s][info][gc            ] GC(1206) Concurrent Cycle 15.171ms
[2026-06-18T02:09:16.623+0000][16873.304s][info][gc,start      ] GC(1207) Pause Young (Prepare Mixed) (G1 Evacuation Pause)
[2026-06-18T02:09:16.623+0000][16873.304s][info][gc,task       ] GC(1207) Using 13 workers of 13 for evacuation
[2026-06-18T02:09:16.625+0000][16873.307s][info][gc,phases     ] GC(1207)   Pre Evacuate Collection Set: 0.0ms
[2026-06-18T02:09:16.625+0000][16873.307s][info][gc,phases     ] GC(1207)   Evacuate Collection Set: 2.1ms
[2026-06-18T02:09:16.626+0000][16873.307s][info][gc,phases     ] GC(1207)   Post Evacuate Collection Set: 0.3ms
[2026-06-18T02:09:16.626+0000][16873.307s][info][gc,phases     ] GC(1207)   Other: 0.3ms
[2026-06-18T02:09:16.626+0000][16873.307s][info][gc,heap       ] GC(1207) Eden regions: 240->0(15)
[2026-06-18T02:09:16.626+0000][16873.307s][info][gc,heap       ] GC(1207) Survivor regions: 7->10(31)
[2026-06-18T02:09:16.626+0000][16873.307s][info][gc,heap       ] GC(1207) Old regions: 51->51
[2026-06-18T02:09:16.626+0000][16873.307s][info][gc,heap       ] GC(1207) Humongous regions: 147->147
[2026-06-18T02:09:16.626+0000][16873.307s][info][gc,metaspace  ] GC(1207) Metaspace: 52919K(55808K)->52919K(55808K) NonClass: 46976K(48640K)->46976K(48640K) Class: 5942K(7168K)->5942K(7168K)
[2026-06-18T02:09:16.626+0000][16873.307s][info][gc            ] GC(1207) Pause Young (Prepare Mixed) (G1 Evacuation Pause) 443M->207M(512M) 3.077ms
[2026-06-18T02:09:16.626+0000][16873.307s][info][gc,cpu        ] GC(1207) User=0.03s Sys=0.00s Real=0.00s
[2026-06-18T02:09:16.706+0000][16873.387s][info][gc,start      ] GC(1208) Pause Young (Mixed) (G1 Evacuation Pause)
[2026-06-18T02:09:16.706+0000][16873.388s][info][gc,task       ] GC(1208) Using 13 workers of 13 for evacuation
[2026-06-18T02:09:16.708+0000][16873.390s][info][gc,phases     ] GC(1208)   Pre Evacuate Collection Set: 0.0ms
[2026-06-18T02:09:16.708+0000][16873.390s][info][gc,phases     ] GC(1208)   Evacuate Collection Set: 1.5ms
[2026-06-18T02:09:16.708+0000][16873.390s][info][gc,phases     ] GC(1208)   Post Evacuate Collection Set: 0.4ms
[2026-06-18T02:09:16.709+0000][16873.390s][info][gc,phases     ] GC(1208)   Other: 0.3ms
[2026-06-18T02:09:16.709+0000][16873.390s][info][gc,heap       ] GC(1208) Eden regions: 15->0(245)
[2026-06-18T02:09:16.709+0000][16873.390s][info][gc,heap       ] GC(1208) Survivor regions: 10->2(4)
[2026-06-18T02:09:16.709+0000][16873.390s][info][gc,heap       ] GC(1208) Old regions: 51->48
[2026-06-18T02:09:16.709+0000][16873.390s][info][gc,heap       ] GC(1208) Humongous regions: 147->147
[2026-06-18T02:09:16.709+0000][16873.390s][info][gc,metaspace  ] GC(1208) Metaspace: 52919K(55808K)->52919K(55808K) NonClass: 46976K(48640K)->46976K(48640K) Class: 5942K(7168K)->5942K(7168K)
[2026-06-18T02:09:16.709+0000][16873.390s][info][gc            ] GC(1208) Pause Young (Mixed) (G1 Evacuation Pause) 222M->196M(512M) 2.591ms
[2026-06-18T02:09:16.709+0000][16873.390s][info][gc,cpu        ] GC(1208) User=0.01s Sys=0.00s Real=0.00s
[2026-06-18T02:09:17.918+0000][16874.599s][info][gc,start      ] GC(1209) Pause Young (Normal) (G1 Evacuation Pause)
[2026-06-18T02:09:17.918+0000][16874.599s][info][gc,task       ] GC(1209) Using 13 workers of 13 for evacuation
[2026-06-18T02:09:17.920+0000][16874.601s][info][gc,phases     ] GC(1209)   Pre Evacuate Collection Set: 0.0ms
[2026-06-18T02:09:17.920+0000][16874.601s][info][gc,phases     ] GC(1209)   Evacuate Collection Set: 1.5ms
[2026-06-18T02:09:17.920+0000][16874.601s][info][gc,phases     ] GC(1209)   Post Evacuate Collection Set: 0.4ms
[2026-06-18T02:09:17.920+0000][16874.602s][info][gc,phases     ] GC(1209)   Other: 0.3ms
[2026-06-18T02:09:17.920+0000][16874.602s][info][gc,heap       ] GC(1209) Eden regions: 245->0(243)
[2026-06-18T02:09:17.921+0000][16874.602s][info][gc,heap       ] GC(1209) Survivor regions: 2->5(31)
[2026-06-18T02:09:17.921+0000][16874.602s][info][gc,heap       ] GC(1209) Old regions: 48->48
[2026-06-18T02:09:17.921+0000][16874.602s][info][gc,heap       ] GC(1209) Humongous regions: 147->147
[2026-06-18T02:09:17.921+0000][16874.602s][info][gc,metaspace  ] GC(1209) Metaspace: 52919K(55808K)->52919K(55808K) NonClass: 46976K(48640K)->46976K(48640K) Class: 5942K(7168K)->5942K(7168K)
[2026-06-18T02:09:17.921+0000][16874.602s][info][gc            ] GC(1209) Pause Young (Normal) (G1 Evacuation Pause) 441M->198M(512M) 3.022ms
[2026-06-18T02:09:17.921+0000][16874.602s][info][gc,cpu        ] GC(1209) User=0.02s Sys=0.00s Real=0.00s
[2026-06-18T02:10:06.532+0000][16923.213s][info][gc,start      ] GC(1210) Pause Young (Normal) (G1 Evacuation Pause)
[2026-06-18T02:10:06.532+0000][16923.213s][info][gc,task       ] GC(1210) Using 13 workers of 13 for evacuation
