[2026-06-18T03:19:45.645+0000][0.003s][info][gc,heap] Heap region size: 1M
[2026-06-18T03:19:45.649+0000][0.006s][info][gc     ] Using G1
[2026-06-18T03:19:45.649+0000][0.007s][info][gc,heap,coops] Heap address: 0x00000000e0000000, size: 512 MB, Compressed Oops mode: 32-bit
[2026-06-18T03:19:45.896+0000][0.254s][info][gc,start     ] GC(0) Pause Young (Normal) (G1 Evacuation Pause)
[2026-06-18T03:19:45.897+0000][0.255s][info][gc,task      ] GC(0) Using 12 workers of 13 for evacuation
[2026-06-18T03:19:45.900+0000][0.258s][info][gc,phases    ] GC(0)   Pre Evacuate Collection Set: 0.0ms
[2026-06-18T03:19:45.900+0000][0.258s][info][gc,phases    ] GC(0)   Evacuate Collection Set: 2.7ms
[2026-06-18T03:19:45.900+0000][0.258s][info][gc,phases    ] GC(0)   Post Evacuate Collection Set: 0.4ms
[2026-06-18T03:19:45.900+0000][0.258s][info][gc,phases    ] GC(0)   Other: 1.2ms
[2026-06-18T03:19:45.900+0000][0.258s][info][gc,heap      ] GC(0) Eden regions: 25->0(21)
[2026-06-18T03:19:45.900+0000][0.258s][info][gc,heap      ] GC(0) Survivor regions: 0->4(4)
[2026-06-18T03:19:45.900+0000][0.258s][info][gc,heap      ] GC(0) Old regions: 0->3
[2026-06-18T03:19:45.900+0000][0.258s][info][gc,heap      ] GC(0) Humongous regions: 0->0
[2026-06-18T03:19:45.900+0000][0.258s][info][gc,metaspace ] GC(0) Metaspace: 15816K(16384K)->15816K(16384K) NonClass: 14238K(14592K)->14238K(14592K) Class: 1577K(1792K)->1577K(1792K)
[2026-06-18T03:19:45.900+0000][0.258s][info][gc           ] GC(0) Pause Young (Normal) (G1 Evacuation Pause) 25M->6M(512M) 4.704ms
[2026-06-18T03:19:45.900+0000][0.258s][info][gc,cpu       ] GC(0) User=0.02s Sys=0.01s Real=0.01s
[2026-06-18T03:19:45.968+0000][0.326s][info][gc,start     ] GC(1) Pause Young (Normal) (G1 Evacuation Pause)
[2026-06-18T03:19:45.968+0000][0.326s][info][gc,task      ] GC(1) Using 12 workers of 13 for evacuation
[2026-06-18T03:19:45.970+0000][0.328s][info][gc,phases    ] GC(1)   Pre Evacuate Collection Set: 0.0ms
[2026-06-18T03:19:45.970+0000][0.328s][info][gc,phases    ] GC(1)   Evacuate Collection Set: 1.1ms
[2026-06-18T03:19:45.970+0000][0.328s][info][gc,phases    ] GC(1)   Post Evacuate Collection Set: 0.3ms
[2026-06-18T03:19:45.970+0000][0.328s][info][gc,phases    ] GC(1)   Other: 0.3ms
[2026-06-18T03:19:45.970+0000][0.328s][info][gc,heap      ] GC(1) Eden regions: 21->0(24)
[2026-06-18T03:19:45.970+0000][0.328s][info][gc,heap      ] GC(1) Survivor regions: 4->1(4)
[2026-06-18T03:19:45.970+0000][0.328s][info][gc,heap      ] GC(1) Old regions: 3->7
[2026-06-18T03:19:45.970+0000][0.328s][info][gc,heap      ] GC(1) Humongous regions: 0->0
[2026-06-18T03:19:45.970+0000][0.328s][info][gc,metaspace ] GC(1) Metaspace: 19584K(20224K)->19584K(20224K) NonClass: 17746K(18176K)->17746K(18176K) Class: 1837K(2048K)->1837K(2048K)
[2026-06-18T03:19:45.970+0000][0.328s][info][gc           ] GC(1) Pause Young (Normal) (G1 Evacuation Pause) 27M->7M(512M) 2.256ms
[2026-06-18T03:19:45.970+0000][0.328s][info][gc,cpu       ] GC(1) User=0.01s Sys=0.01s Real=0.00s
[2026-06-18T03:19:45.987+0000][0.345s][info][gc,start     ] GC(2) Pause Young (Concurrent Start) (Metadata GC Threshold)
[2026-06-18T03:19:45.987+0000][0.345s][info][gc,task      ] GC(2) Using 12 workers of 13 for evacuation
[2026-06-18T03:19:45.988+0000][0.346s][info][gc,phases    ] GC(2)   Pre Evacuate Collection Set: 0.0ms
[2026-06-18T03:19:45.988+0000][0.346s][info][gc,phases    ] GC(2)   Evacuate Collection Set: 0.7ms
[2026-06-18T03:19:45.988+0000][0.346s][info][gc,phases    ] GC(2)   Post Evacuate Collection Set: 0.2ms
[2026-06-18T03:19:45.988+0000][0.346s][info][gc,phases    ] GC(2)   Other: 0.3ms
[2026-06-18T03:19:45.988+0000][0.346s][info][gc,heap      ] GC(2) Eden regions: 7->0(24)
[2026-06-18T03:19:45.988+0000][0.346s][info][gc,heap      ] GC(2) Survivor regions: 1->1(4)
[2026-06-18T03:19:45.988+0000][0.346s][info][gc,heap      ] GC(2) Old regions: 7->7
[2026-06-18T03:19:45.989+0000][0.346s][info][gc,heap      ] GC(2) Humongous regions: 0->0
[2026-06-18T03:19:45.989+0000][0.346s][info][gc,metaspace ] GC(2) Metaspace: 20714K(21248K)->20714K(21248K) NonClass: 18802K(19200K)->18802K(19200K) Class: 1911K(2048K)->1911K(2048K)
[2026-06-18T03:19:45.989+0000][0.347s][info][gc           ] GC(2) Pause Young (Concurrent Start) (Metadata GC Threshold) 13M->7M(512M) 1.739ms
[2026-06-18T03:19:45.989+0000][0.347s][info][gc,cpu       ] GC(2) User=0.00s Sys=0.00s Real=0.00s
[2026-06-18T03:19:45.989+0000][0.347s][info][gc           ] GC(3) Concurrent Cycle
[2026-06-18T03:19:45.989+0000][0.347s][info][gc,marking   ] GC(3) Concurrent Clear Claimed Marks
[2026-06-18T03:19:45.989+0000][0.347s][info][gc,marking   ] GC(3) Concurrent Clear Claimed Marks 0.052ms
[2026-06-18T03:19:45.989+0000][0.347s][info][gc,marking   ] GC(3) Concurrent Scan Root Regions
[2026-06-18T03:19:45.989+0000][0.347s][info][gc,marking   ] GC(3) Concurrent Scan Root Regions 0.438ms
[2026-06-18T03:19:45.989+0000][0.347s][info][gc,marking   ] GC(3) Concurrent Mark (0.347s)
[2026-06-18T03:19:45.989+0000][0.347s][info][gc,marking   ] GC(3) Concurrent Mark From Roots
[2026-06-18T03:19:45.990+0000][0.348s][info][gc,task      ] GC(3) Using 3 workers of 3 for marking
[2026-06-18T03:19:45.991+0000][0.349s][info][gc,marking   ] GC(3) Concurrent Mark From Roots 1.476ms
[2026-06-18T03:19:45.991+0000][0.349s][info][gc,marking   ] GC(3) Concurrent Preclean
[2026-06-18T03:19:45.991+0000][0.349s][info][gc,marking   ] GC(3) Concurrent Preclean 0.110ms
[2026-06-18T03:19:45.991+0000][0.349s][info][gc,marking   ] GC(3) Concurrent Mark (0.347s, 0.349s) 1.739ms
[2026-06-18T03:19:45.991+0000][0.349s][info][gc,start     ] GC(3) Pause Remark
[2026-06-18T03:19:45.992+0000][0.350s][info][gc,stringtable] GC(3) Cleaned string and symbol table, strings: 8561 processed, 12 removed, symbols: 62958 processed, 19 removed
[2026-06-18T03:19:45.992+0000][0.350s][info][gc            ] GC(3) Pause Remark 8M->8M(512M) 1.093ms
[2026-06-18T03:19:45.993+0000][0.350s][info][gc,cpu        ] GC(3) User=0.00s Sys=0.00s Real=0.00s
[2026-06-18T03:19:45.993+0000][0.351s][info][gc,marking    ] GC(3) Concurrent Rebuild Remembered Sets
[2026-06-18T03:19:45.993+0000][0.351s][info][gc,marking    ] GC(3) Concurrent Rebuild Remembered Sets 0.855ms
[2026-06-18T03:19:45.994+0000][0.352s][info][gc,start      ] GC(3) Pause Cleanup
[2026-06-18T03:19:45.994+0000][0.352s][info][gc            ] GC(3) Pause Cleanup 8M->8M(512M) 0.130ms
[2026-06-18T03:19:45.994+0000][0.352s][info][gc,cpu        ] GC(3) User=0.00s Sys=0.00s Real=0.00s
[2026-06-18T03:19:45.994+0000][0.352s][info][gc,marking    ] GC(3) Concurrent Cleanup for Next Mark
[2026-06-18T03:19:45.995+0000][0.353s][info][gc,marking    ] GC(3) Concurrent Cleanup for Next Mark 0.759ms
[2026-06-18T03:19:45.995+0000][0.353s][info][gc            ] GC(3) Concurrent Cycle 5.972ms
[2026-06-18T03:19:46.092+0000][0.450s][info][gc,start      ] GC(4) Pause Young (Normal) (G1 Evacuation Pause)
[2026-06-18T03:19:46.093+0000][0.451s][info][gc,task       ] GC(4) Using 12 workers of 13 for evacuation
[2026-06-18T03:19:46.094+0000][0.452s][info][gc,phases     ] GC(4)   Pre Evacuate Collection Set: 0.0ms
[2026-06-18T03:19:46.094+0000][0.452s][info][gc,phases     ] GC(4)   Evacuate Collection Set: 0.7ms
[2026-06-18T03:19:46.094+0000][0.452s][info][gc,phases     ] GC(4)   Post Evacuate Collection Set: 0.3ms
[2026-06-18T03:19:46.094+0000][0.452s][info][gc,phases     ] GC(4)   Other: 0.3ms
[2026-06-18T03:19:46.094+0000][0.452s][info][gc,heap       ] GC(4) Eden regions: 24->0(23)
[2026-06-18T03:19:46.094+0000][0.452s][info][gc,heap       ] GC(4) Survivor regions: 1->2(4)
[2026-06-18T03:19:46.094+0000][0.452s][info][gc,heap       ] GC(4) Old regions: 7->7
[2026-06-18T03:19:46.094+0000][0.452s][info][gc,heap       ] GC(4) Humongous regions: 8->8
[2026-06-18T03:19:46.094+0000][0.452s][info][gc,metaspace  ] GC(4) Metaspace: 24055K(24960K)->24055K(24960K) NonClass: 21672K(22272K)->21672K(22272K) Class: 2382K(2688K)->2382K(2688K)
[2026-06-18T03:19:46.094+0000][0.452s][info][gc            ] GC(4) Pause Young (Normal) (G1 Evacuation Pause) 39M->16M(512M) 1.820ms
[2026-06-18T03:19:46.094+0000][0.452s][info][gc,cpu        ] GC(4) User=0.01s Sys=0.00s Real=0.00s
[2026-06-18T03:19:46.124+0000][0.481s][info][gc,start      ] GC(5) Pause Young (Normal) (G1 Evacuation Pause)
[2026-06-18T03:19:46.124+0000][0.482s][info][gc,task       ] GC(5) Using 12 workers of 13 for evacuation
[2026-06-18T03:19:46.125+0000][0.483s][info][gc,phases     ] GC(5)   Pre Evacuate Collection Set: 0.0ms
[2026-06-18T03:19:46.125+0000][0.483s][info][gc,phases     ] GC(5)   Evacuate Collection Set: 0.7ms
[2026-06-18T03:19:46.125+0000][0.483s][info][gc,phases     ] GC(5)   Post Evacuate Collection Set: 0.2ms
[2026-06-18T03:19:46.125+0000][0.483s][info][gc,phases     ] GC(5)   Other: 0.4ms
[2026-06-18T03:19:46.125+0000][0.483s][info][gc,heap       ] GC(5) Eden regions: 23->0(23)
[2026-06-18T03:19:46.125+0000][0.483s][info][gc,heap       ] GC(5) Survivor regions: 2->2(4)
[2026-06-18T03:19:46.125+0000][0.483s][info][gc,heap       ] GC(5) Old regions: 7->7
[2026-06-18T03:19:46.125+0000][0.483s][info][gc,heap       ] GC(5) Humongous regions: 30->8
[2026-06-18T03:19:46.125+0000][0.483s][info][gc,metaspace  ] GC(5) Metaspace: 24153K(24960K)->24153K(24960K) NonClass: 21769K(22272K)->21769K(22272K) Class: 2384K(2688K)->2384K(2688K)
[2026-06-18T03:19:46.125+0000][0.483s][info][gc            ] GC(5) Pause Young (Normal) (G1 Evacuation Pause) 61M->16M(512M) 1.815ms
[2026-06-18T03:19:46.125+0000][0.483s][info][gc,cpu        ] GC(5) User=0.00s Sys=0.00s Real=0.00s
[2026-06-18T03:19:46.144+0000][0.502s][info][gc,start      ] GC(6) Pause Young (Normal) (G1 Evacuation Pause)
[2026-06-18T03:19:46.144+0000][0.502s][info][gc,task       ] GC(6) Using 12 workers of 13 for evacuation
[2026-06-18T03:19:46.145+0000][0.503s][info][gc,phases     ] GC(6)   Pre Evacuate Collection Set: 0.0ms
[2026-06-18T03:19:46.145+0000][0.503s][info][gc,phases     ] GC(6)   Evacuate Collection Set: 0.6ms
[2026-06-18T03:19:46.146+0000][0.503s][info][gc,phases     ] GC(6)   Post Evacuate Collection Set: 0.2ms
[2026-06-18T03:19:46.146+0000][0.504s][info][gc,phases     ] GC(6)   Other: 0.2ms
[2026-06-18T03:19:46.146+0000][0.504s][info][gc,heap       ] GC(6) Eden regions: 23->0(23)
[2026-06-18T03:19:46.146+0000][0.504s][info][gc,heap       ] GC(6) Survivor regions: 2->2(4)
[2026-06-18T03:19:46.146+0000][0.504s][info][gc,heap       ] GC(6) Old regions: 7->7
[2026-06-18T03:19:46.146+0000][0.504s][info][gc,heap       ] GC(6) Humongous regions: 28->5
[2026-06-18T03:19:46.146+0000][0.504s][info][gc,metaspace  ] GC(6) Metaspace: 24208K(24960K)->24208K(24960K) NonClass: 21824K(22272K)->21824K(22272K) Class: 2384K(2688K)->2384K(2688K)
[2026-06-18T03:19:46.146+0000][0.504s][info][gc            ] GC(6) Pause Young (Normal) (G1 Evacuation Pause) 59M->13M(512M) 1.535ms
[2026-06-18T03:19:46.146+0000][0.504s][info][gc,cpu        ] GC(6) User=0.01s Sys=0.00s Real=0.00s
[2026-06-18T03:19:46.163+0000][0.521s][info][gc,start      ] GC(7) Pause Young (Normal) (G1 Evacuation Pause)
[2026-06-18T03:19:46.163+0000][0.521s][info][gc,task       ] GC(7) Using 12 workers of 13 for evacuation
[2026-06-18T03:19:46.165+0000][0.523s][info][gc,phases     ] GC(7)   Pre Evacuate Collection Set: 0.0ms
[2026-06-18T03:19:46.165+0000][0.523s][info][gc,phases     ] GC(7)   Evacuate Collection Set: 1.1ms
[2026-06-18T03:19:46.165+0000][0.523s][info][gc,phases     ] GC(7)   Post Evacuate Collection Set: 0.2ms
[2026-06-18T03:19:46.165+0000][0.523s][info][gc,phases     ] GC(7)   Other: 0.2ms
[2026-06-18T03:19:46.165+0000][0.523s][info][gc,heap       ] GC(7) Eden regions: 23->0(23)
[2026-06-18T03:19:46.165+0000][0.523s][info][gc,heap       ] GC(7) Survivor regions: 2->2(4)
[2026-06-18T03:19:46.165+0000][0.523s][info][gc,heap       ] GC(7) Old regions: 7->7
[2026-06-18T03:19:46.165+0000][0.523s][info][gc,heap       ] GC(7) Humongous regions: 35->10
[2026-06-18T03:19:46.165+0000][0.523s][info][gc,metaspace  ] GC(7) Metaspace: 24280K(25216K)->24280K(25216K) NonClass: 21895K(22528K)->21895K(22528K) Class: 2384K(2688K)->2384K(2688K)
[2026-06-18T03:19:46.165+0000][0.523s][info][gc            ] GC(7) Pause Young (Normal) (G1 Evacuation Pause) 66M->18M(512M) 2.039ms
[2026-06-18T03:19:46.165+0000][0.523s][info][gc,cpu        ] GC(7) User=0.02s Sys=0.00s Real=0.00s
[2026-06-18T03:19:46.178+0000][0.536s][info][gc,start      ] GC(8) Pause Young (Normal) (G1 Evacuation Pause)
[2026-06-18T03:19:46.179+0000][0.536s][info][gc,task       ] GC(8) Using 12 workers of 13 for evacuation
[2026-06-18T03:19:46.180+0000][0.538s][info][gc,phases     ] GC(8)   Pre Evacuate Collection Set: 0.0ms
[2026-06-18T03:19:46.180+0000][0.538s][info][gc,phases     ] GC(8)   Evacuate Collection Set: 0.8ms
[2026-06-18T03:19:46.180+0000][0.538s][info][gc,phases     ] GC(8)   Post Evacuate Collection Set: 0.3ms
[2026-06-18T03:19:46.180+0000][0.538s][info][gc,phases     ] GC(8)   Other: 0.3ms
[2026-06-18T03:19:46.180+0000][0.538s][info][gc,heap       ] GC(8) Eden regions: 23->0(23)
[2026-06-18T03:19:46.180+0000][0.538s][info][gc,heap       ] GC(8) Survivor regions: 2->2(4)
[2026-06-18T03:19:46.180+0000][0.538s][info][gc,heap       ] GC(8) Old regions: 7->7
[2026-06-18T03:19:46.180+0000][0.538s][info][gc,heap       ] GC(8) Humongous regions: 35->8
[2026-06-18T03:19:46.180+0000][0.538s][info][gc,metaspace  ] GC(8) Metaspace: 24427K(25216K)->24427K(25216K) NonClass: 22042K(22528K)->22042K(22528K) Class: 2384K(2688K)->2384K(2688K)
[2026-06-18T03:19:46.180+0000][0.538s][info][gc            ] GC(8) Pause Young (Normal) (G1 Evacuation Pause) 66M->16M(512M) 1.874ms
[2026-06-18T03:19:46.180+0000][0.538s][info][gc,cpu        ] GC(8) User=0.01s Sys=0.00s Real=0.00s
[2026-06-18T03:19:46.192+0000][0.550s][info][gc,start      ] GC(9) Pause Young (Normal) (G1 Evacuation Pause)
[2026-06-18T03:19:46.192+0000][0.550s][info][gc,task       ] GC(9) Using 12 workers of 13 for evacuation
[2026-06-18T03:19:46.193+0000][0.551s][info][gc,phases     ] GC(9)   Pre Evacuate Collection Set: 0.0ms
[2026-06-18T03:19:46.193+0000][0.551s][info][gc,phases     ] GC(9)   Evacuate Collection Set: 0.6ms
[2026-06-18T03:19:46.193+0000][0.551s][info][gc,phases     ] GC(9)   Post Evacuate Collection Set: 0.3ms
[2026-06-18T03:19:46.193+0000][0.551s][info][gc,phases     ] GC(9)   Other: 0.2ms
[2026-06-18T03:19:46.194+0000][0.551s][info][gc,heap       ] GC(9) Eden regions: 23->0(24)
[2026-06-18T03:19:46.194+0000][0.551s][info][gc,heap       ] GC(9) Survivor regions: 2->2(4)
[2026-06-18T03:19:46.194+0000][0.552s][info][gc,heap       ] GC(9) Old regions: 7->7
[2026-06-18T03:19:46.194+0000][0.552s][info][gc,heap       ] GC(9) Humongous regions: 33->8
[2026-06-18T03:19:46.194+0000][0.552s][info][gc,metaspace  ] GC(9) Metaspace: 24497K(25472K)->24497K(25472K) NonClass: 22112K(22784K)->22112K(22784K) Class: 2384K(2688K)->2384K(2688K)
[2026-06-18T03:19:46.194+0000][0.552s][info][gc            ] GC(9) Pause Young (Normal) (G1 Evacuation Pause) 64M->16M(512M) 1.535ms
[2026-06-18T03:19:46.194+0000][0.552s][info][gc,cpu        ] GC(9) User=0.00s Sys=0.00s Real=0.00s
[2026-06-18T03:19:46.204+0000][0.562s][info][gc,start      ] GC(10) Pause Young (Normal) (G1 Evacuation Pause)
[2026-06-18T03:19:46.204+0000][0.562s][info][gc,task       ] GC(10) Using 12 workers of 13 for evacuation
[2026-06-18T03:19:46.205+0000][0.563s][info][gc,phases     ] GC(10)   Pre Evacuate Collection Set: 0.0ms
[2026-06-18T03:19:46.205+0000][0.563s][info][gc,phases     ] GC(10)   Evacuate Collection Set: 0.7ms
[2026-06-18T03:19:46.205+0000][0.563s][info][gc,phases     ] GC(10)   Post Evacuate Collection Set: 0.2ms
[2026-06-18T03:19:46.205+0000][0.563s][info][gc,phases     ] GC(10)   Other: 0.2ms
[2026-06-18T03:19:46.205+0000][0.563s][info][gc,heap       ] GC(10) Eden regions: 24->0(25)
[2026-06-18T03:19:46.205+0000][0.563s][info][gc,heap       ] GC(10) Survivor regions: 2->2(4)
[2026-06-18T03:19:46.205+0000][0.563s][info][gc,heap       ] GC(10) Old regions: 7->7
[2026-06-18T03:19:46.205+0000][0.563s][info][gc,heap       ] GC(10) Humongous regions: 33->5
[2026-06-18T03:19:46.205+0000][0.563s][info][gc,metaspace  ] GC(10) Metaspace: 24521K(25472K)->24521K(25472K) NonClass: 22137K(22784K)->22137K(22784K) Class: 2384K(2688K)->2384K(2688K)
[2026-06-18T03:19:46.205+0000][0.563s][info][gc            ] GC(10) Pause Young (Normal) (G1 Evacuation Pause) 65M->13M(512M) 1.553ms
[2026-06-18T03:19:46.206+0000][0.563s][info][gc,cpu        ] GC(10) User=0.01s Sys=0.00s Real=0.00s
[2026-06-18T03:19:46.216+0000][0.574s][info][gc,start      ] GC(11) Pause Young (Normal) (G1 Evacuation Pause)
[2026-06-18T03:19:46.216+0000][0.574s][info][gc,task       ] GC(11) Using 12 workers of 13 for evacuation
[2026-06-18T03:19:46.217+0000][0.575s][info][gc,phases     ] GC(11)   Pre Evacuate Collection Set: 0.0ms
[2026-06-18T03:19:46.217+0000][0.575s][info][gc,phases     ] GC(11)   Evacuate Collection Set: 0.7ms
[2026-06-18T03:19:46.217+0000][0.575s][info][gc,phases     ] GC(11)   Post Evacuate Collection Set: 0.3ms
[2026-06-18T03:19:46.217+0000][0.575s][info][gc,phases     ] GC(11)   Other: 0.2ms
[2026-06-18T03:19:46.217+0000][0.575s][info][gc,heap       ] GC(11) Eden regions: 25->0(26)
[2026-06-18T03:19:46.217+0000][0.575s][info][gc,heap       ] GC(11) Survivor regions: 2->2(4)
[2026-06-18T03:19:46.217+0000][0.575s][info][gc,heap       ] GC(11) Old regions: 7->7
[2026-06-18T03:19:46.217+0000][0.575s][info][gc,heap       ] GC(11) Humongous regions: 35->8
[2026-06-18T03:19:46.217+0000][0.575s][info][gc,metaspace  ] GC(11) Metaspace: 24568K(25472K)->24568K(25472K) NonClass: 22183K(22784K)->22183K(22784K) Class: 2384K(2688K)->2384K(2688K)
[2026-06-18T03:19:46.217+0000][0.575s][info][gc            ] GC(11) Pause Young (Normal) (G1 Evacuation Pause) 68M->16M(512M) 1.649ms
[2026-06-18T03:19:46.217+0000][0.575s][info][gc,cpu        ] GC(11) User=0.01s Sys=0.00s Real=0.01s
[2026-06-18T03:19:46.228+0000][0.586s][info][gc,start      ] GC(12) Pause Young (Normal) (G1 Evacuation Pause)
[2026-06-18T03:19:46.228+0000][0.586s][info][gc,task       ] GC(12) Using 12 workers of 13 for evacuation
[2026-06-18T03:19:46.230+0000][0.588s][info][gc,phases     ] GC(12)   Pre Evacuate Collection Set: 0.0ms
[2026-06-18T03:19:46.230+0000][0.588s][info][gc,phases     ] GC(12)   Evacuate Collection Set: 1.2ms
[2026-06-18T03:19:46.230+0000][0.588s][info][gc,phases     ] GC(12)   Post Evacuate Collection Set: 0.4ms
[2026-06-18T03:19:46.230+0000][0.588s][info][gc,phases     ] GC(12)   Other: 0.2ms
[2026-06-18T03:19:46.230+0000][0.588s][info][gc,heap       ] GC(12) Eden regions: 26->0(26)
[2026-06-18T03:19:46.230+0000][0.588s][info][gc,heap       ] GC(12) Survivor regions: 2->2(4)
[2026-06-18T03:19:46.230+0000][0.588s][info][gc,heap       ] GC(12) Old regions: 7->7
[2026-06-18T03:19:46.230+0000][0.588s][info][gc,heap       ] GC(12) Humongous regions: 38->8
[2026-06-18T03:19:46.230+0000][0.588s][info][gc,metaspace  ] GC(12) Metaspace: 24571K(25472K)->24571K(25472K) NonClass: 22186K(22784K)->22186K(22784K) Class: 2384K(2688K)->2384K(2688K)
[2026-06-18T03:19:46.230+0000][0.588s][info][gc            ] GC(12) Pause Young (Normal) (G1 Evacuation Pause) 72M->16M(512M) 2.238ms
[2026-06-18T03:19:46.230+0000][0.588s][info][gc,cpu        ] GC(12) User=0.01s Sys=0.00s Real=0.00s
[2026-06-18T03:19:46.240+0000][0.598s][info][gc,start      ] GC(13) Pause Young (Normal) (G1 Evacuation Pause)
[2026-06-18T03:19:46.240+0000][0.598s][info][gc,task       ] GC(13) Using 12 workers of 13 for evacuation
[2026-06-18T03:19:46.241+0000][0.599s][info][gc,phases     ] GC(13)   Pre Evacuate Collection Set: 0.0ms
[2026-06-18T03:19:46.241+0000][0.599s][info][gc,phases     ] GC(13)   Evacuate Collection Set: 0.7ms
[2026-06-18T03:19:46.241+0000][0.599s][info][gc,phases     ] GC(13)   Post Evacuate Collection Set: 0.2ms
[2026-06-18T03:19:46.241+0000][0.599s][info][gc,phases     ] GC(13)   Other: 0.2ms
[2026-06-18T03:19:46.241+0000][0.599s][info][gc,heap       ] GC(13) Eden regions: 26->0(27)
[2026-06-18T03:19:46.241+0000][0.599s][info][gc,heap       ] GC(13) Survivor regions: 2->2(4)
[2026-06-18T03:19:46.241+0000][0.599s][info][gc,heap       ] GC(13) Old regions: 7->7
[2026-06-18T03:19:46.241+0000][0.599s][info][gc,heap       ] GC(13) Humongous regions: 38->8
[2026-06-18T03:19:46.241+0000][0.599s][info][gc,metaspace  ] GC(13) Metaspace: 24578K(25472K)->24578K(25472K) NonClass: 22194K(22784K)->22194K(22784K) Class: 2384K(2688K)->2384K(2688K)
[2026-06-18T03:19:46.242+0000][0.599s][info][gc            ] GC(13) Pause Young (Normal) (G1 Evacuation Pause) 72M->16M(512M) 1.618ms
[2026-06-18T03:19:46.242+0000][0.600s][info][gc,cpu        ] GC(13) User=0.01s Sys=0.00s Real=0.00s
[2026-06-18T03:19:46.259+0000][0.617s][info][gc,heap,exit  ] Heap
[2026-06-18T03:19:46.259+0000][0.617s][info][gc,heap,exit  ]  garbage-first heap   total 524288K, used 48534K [0x00000000e0000000, 0x0000000100000000)
[2026-06-18T03:19:46.259+0000][0.617s][info][gc,heap,exit  ]   region size 1024K, 19 young (19456K), 2 survivors (2048K)
[2026-06-18T03:19:46.259+0000][0.617s][info][gc,heap,exit  ]  Metaspace       used 24750K, capacity 25467K, committed 25728K, reserved 1073152K
[2026-06-18T03:19:46.259+0000][0.617s][info][gc,heap,exit  ]   class space    used 2401K, capacity 2666K, committed 2688K, reserved 1048576K
