[2026-06-18T03:23:14.460+0000][0.003s][info][gc,heap] Heap region size: 1M
[2026-06-18T03:23:14.462+0000][0.006s][info][gc     ] Using G1
[2026-06-18T03:23:14.463+0000][0.006s][info][gc,heap,coops] Heap address: 0x00000000e0000000, size: 512 MB, Compressed Oops mode: 32-bit
[2026-06-18T03:23:14.714+0000][0.257s][info][gc,start     ] GC(0) Pause Young (Normal) (G1 Evacuation Pause)
[2026-06-18T03:23:14.715+0000][0.258s][info][gc,task      ] GC(0) Using 12 workers of 13 for evacuation
[2026-06-18T03:23:14.718+0000][0.262s][info][gc,phases    ] GC(0)   Pre Evacuate Collection Set: 0.0ms
[2026-06-18T03:23:14.718+0000][0.262s][info][gc,phases    ] GC(0)   Evacuate Collection Set: 2.6ms
[2026-06-18T03:23:14.718+0000][0.262s][info][gc,phases    ] GC(0)   Post Evacuate Collection Set: 0.4ms
[2026-06-18T03:23:14.718+0000][0.262s][info][gc,phases    ] GC(0)   Other: 1.3ms
[2026-06-18T03:23:14.718+0000][0.262s][info][gc,heap      ] GC(0) Eden regions: 25->0(21)
[2026-06-18T03:23:14.718+0000][0.262s][info][gc,heap      ] GC(0) Survivor regions: 0->4(4)
[2026-06-18T03:23:14.718+0000][0.262s][info][gc,heap      ] GC(0) Old regions: 0->3
[2026-06-18T03:23:14.718+0000][0.262s][info][gc,heap      ] GC(0) Humongous regions: 0->0
[2026-06-18T03:23:14.718+0000][0.262s][info][gc,metaspace ] GC(0) Metaspace: 15736K(16384K)->15736K(16384K) NonClass: 14166K(14592K)->14166K(14592K) Class: 1570K(1792K)->1570K(1792K)
[2026-06-18T03:23:14.719+0000][0.262s][info][gc           ] GC(0) Pause Young (Normal) (G1 Evacuation Pause) 25M->6M(512M) 4.848ms
[2026-06-18T03:23:14.719+0000][0.262s][info][gc,cpu       ] GC(0) User=0.03s Sys=0.01s Real=0.00s
[2026-06-18T03:23:14.786+0000][0.329s][info][gc,start     ] GC(1) Pause Young (Normal) (G1 Evacuation Pause)
[2026-06-18T03:23:14.786+0000][0.329s][info][gc,task      ] GC(1) Using 12 workers of 13 for evacuation
[2026-06-18T03:23:14.787+0000][0.331s][info][gc,phases    ] GC(1)   Pre Evacuate Collection Set: 0.0ms
[2026-06-18T03:23:14.788+0000][0.331s][info][gc,phases    ] GC(1)   Evacuate Collection Set: 1.1ms
[2026-06-18T03:23:14.788+0000][0.331s][info][gc,phases    ] GC(1)   Post Evacuate Collection Set: 0.3ms
[2026-06-18T03:23:14.788+0000][0.331s][info][gc,phases    ] GC(1)   Other: 0.2ms
[2026-06-18T03:23:14.788+0000][0.331s][info][gc,heap      ] GC(1) Eden regions: 21->0(24)
[2026-06-18T03:23:14.788+0000][0.331s][info][gc,heap      ] GC(1) Survivor regions: 4->1(4)
[2026-06-18T03:23:14.788+0000][0.331s][info][gc,heap      ] GC(1) Old regions: 3->7
[2026-06-18T03:23:14.788+0000][0.331s][info][gc,heap      ] GC(1) Humongous regions: 0->0
[2026-06-18T03:23:14.788+0000][0.331s][info][gc,metaspace ] GC(1) Metaspace: 19496K(19968K)->19496K(19968K) NonClass: 17664K(17920K)->17664K(17920K) Class: 1832K(2048K)->1832K(2048K)
[2026-06-18T03:23:14.788+0000][0.331s][info][gc           ] GC(1) Pause Young (Normal) (G1 Evacuation Pause) 27M->7M(512M) 2.136ms
[2026-06-18T03:23:14.788+0000][0.332s][info][gc,cpu       ] GC(1) User=0.01s Sys=0.00s Real=0.00s
[2026-06-18T03:23:14.807+0000][0.350s][info][gc,start     ] GC(2) Pause Young (Concurrent Start) (Metadata GC Threshold)
[2026-06-18T03:23:14.807+0000][0.350s][info][gc,task      ] GC(2) Using 12 workers of 13 for evacuation
[2026-06-18T03:23:14.808+0000][0.352s][info][gc,phases    ] GC(2)   Pre Evacuate Collection Set: 0.0ms
[2026-06-18T03:23:14.808+0000][0.352s][info][gc,phases    ] GC(2)   Evacuate Collection Set: 1.2ms
[2026-06-18T03:23:14.808+0000][0.352s][info][gc,phases    ] GC(2)   Post Evacuate Collection Set: 0.2ms
[2026-06-18T03:23:14.808+0000][0.352s][info][gc,phases    ] GC(2)   Other: 0.3ms
[2026-06-18T03:23:14.809+0000][0.352s][info][gc,heap      ] GC(2) Eden regions: 7->0(24)
[2026-06-18T03:23:14.809+0000][0.352s][info][gc,heap      ] GC(2) Survivor regions: 1->1(4)
[2026-06-18T03:23:14.809+0000][0.352s][info][gc,heap      ] GC(2) Old regions: 7->7
[2026-06-18T03:23:14.809+0000][0.352s][info][gc,heap      ] GC(2) Humongous regions: 0->0
[2026-06-18T03:23:14.809+0000][0.352s][info][gc,metaspace ] GC(2) Metaspace: 20716K(21248K)->20716K(21248K) NonClass: 18805K(19200K)->18805K(19200K) Class: 1911K(2048K)->1911K(2048K)
[2026-06-18T03:23:14.809+0000][0.352s][info][gc           ] GC(2) Pause Young (Concurrent Start) (Metadata GC Threshold) 14M->7M(512M) 2.281ms
[2026-06-18T03:23:14.809+0000][0.352s][info][gc,cpu       ] GC(2) User=0.02s Sys=0.00s Real=0.00s
[2026-06-18T03:23:14.809+0000][0.353s][info][gc           ] GC(3) Concurrent Cycle
[2026-06-18T03:23:14.809+0000][0.353s][info][gc,marking   ] GC(3) Concurrent Clear Claimed Marks
[2026-06-18T03:23:14.809+0000][0.353s][info][gc,marking   ] GC(3) Concurrent Clear Claimed Marks 0.058ms
[2026-06-18T03:23:14.809+0000][0.353s][info][gc,marking   ] GC(3) Concurrent Scan Root Regions
[2026-06-18T03:23:14.810+0000][0.353s][info][gc,marking   ] GC(3) Concurrent Scan Root Regions 0.487ms
[2026-06-18T03:23:14.810+0000][0.353s][info][gc,marking   ] GC(3) Concurrent Mark (0.353s)
[2026-06-18T03:23:14.810+0000][0.353s][info][gc,marking   ] GC(3) Concurrent Mark From Roots
[2026-06-18T03:23:14.810+0000][0.354s][info][gc,task      ] GC(3) Using 3 workers of 3 for marking
[2026-06-18T03:23:14.811+0000][0.355s][info][gc,marking   ] GC(3) Concurrent Mark From Roots 1.376ms
[2026-06-18T03:23:14.811+0000][0.355s][info][gc,marking   ] GC(3) Concurrent Preclean
[2026-06-18T03:23:14.811+0000][0.355s][info][gc,marking   ] GC(3) Concurrent Preclean 0.101ms
[2026-06-18T03:23:14.811+0000][0.355s][info][gc,marking   ] GC(3) Concurrent Mark (0.353s, 0.355s) 1.649ms
[2026-06-18T03:23:14.811+0000][0.355s][info][gc,start     ] GC(3) Pause Remark
[2026-06-18T03:23:14.812+0000][0.356s][info][gc,stringtable] GC(3) Cleaned string and symbol table, strings: 8588 processed, 12 removed, symbols: 62966 processed, 19 removed
[2026-06-18T03:23:14.813+0000][0.356s][info][gc            ] GC(3) Pause Remark 8M->8M(512M) 1.069ms
[2026-06-18T03:23:14.813+0000][0.356s][info][gc,cpu        ] GC(3) User=0.01s Sys=0.00s Real=0.01s
[2026-06-18T03:23:14.813+0000][0.356s][info][gc,marking    ] GC(3) Concurrent Rebuild Remembered Sets
[2026-06-18T03:23:14.814+0000][0.357s][info][gc,marking    ] GC(3) Concurrent Rebuild Remembered Sets 0.911ms
[2026-06-18T03:23:14.814+0000][0.357s][info][gc,start      ] GC(3) Pause Cleanup
[2026-06-18T03:23:14.814+0000][0.357s][info][gc            ] GC(3) Pause Cleanup 8M->8M(512M) 0.134ms
[2026-06-18T03:23:14.814+0000][0.358s][info][gc,cpu        ] GC(3) User=0.00s Sys=0.00s Real=0.00s
[2026-06-18T03:23:14.814+0000][0.358s][info][gc,marking    ] GC(3) Concurrent Cleanup for Next Mark
[2026-06-18T03:23:14.815+0000][0.358s][info][gc,marking    ] GC(3) Concurrent Cleanup for Next Mark 0.779ms
[2026-06-18T03:23:14.815+0000][0.358s][info][gc            ] GC(3) Concurrent Cycle 5.931ms
[2026-06-18T03:23:14.911+0000][0.454s][info][gc,start      ] GC(4) Pause Young (Normal) (G1 Evacuation Pause)
[2026-06-18T03:23:14.911+0000][0.455s][info][gc,task       ] GC(4) Using 12 workers of 13 for evacuation
[2026-06-18T03:23:14.913+0000][0.457s][info][gc,phases     ] GC(4)   Pre Evacuate Collection Set: 0.0ms
[2026-06-18T03:23:14.913+0000][0.457s][info][gc,phases     ] GC(4)   Evacuate Collection Set: 1.7ms
[2026-06-18T03:23:14.913+0000][0.457s][info][gc,phases     ] GC(4)   Post Evacuate Collection Set: 0.3ms
[2026-06-18T03:23:14.913+0000][0.457s][info][gc,phases     ] GC(4)   Other: 0.2ms
[2026-06-18T03:23:14.913+0000][0.457s][info][gc,heap       ] GC(4) Eden regions: 24->0(23)
[2026-06-18T03:23:14.913+0000][0.457s][info][gc,heap       ] GC(4) Survivor regions: 1->2(4)
[2026-06-18T03:23:14.913+0000][0.457s][info][gc,heap       ] GC(4) Old regions: 7->7
[2026-06-18T03:23:14.913+0000][0.457s][info][gc,heap       ] GC(4) Humongous regions: 8->8
[2026-06-18T03:23:14.913+0000][0.457s][info][gc,metaspace  ] GC(4) Metaspace: 24057K(24960K)->24057K(24960K) NonClass: 21674K(22272K)->21674K(22272K) Class: 2382K(2688K)->2382K(2688K)
[2026-06-18T03:23:14.914+0000][0.457s][info][gc            ] GC(4) Pause Young (Normal) (G1 Evacuation Pause) 39M->16M(512M) 2.654ms
[2026-06-18T03:23:14.914+0000][0.457s][info][gc,cpu        ] GC(4) User=0.02s Sys=0.00s Real=0.01s
[2026-06-18T03:23:14.944+0000][0.487s][info][gc,start      ] GC(5) Pause Young (Normal) (G1 Evacuation Pause)
[2026-06-18T03:23:14.944+0000][0.487s][info][gc,task       ] GC(5) Using 12 workers of 13 for evacuation
[2026-06-18T03:23:14.945+0000][0.489s][info][gc,phases     ] GC(5)   Pre Evacuate Collection Set: 0.0ms
[2026-06-18T03:23:14.945+0000][0.489s][info][gc,phases     ] GC(5)   Evacuate Collection Set: 0.7ms
[2026-06-18T03:23:14.945+0000][0.489s][info][gc,phases     ] GC(5)   Post Evacuate Collection Set: 0.3ms
[2026-06-18T03:23:14.945+0000][0.489s][info][gc,phases     ] GC(5)   Other: 0.3ms
[2026-06-18T03:23:14.945+0000][0.489s][info][gc,heap       ] GC(5) Eden regions: 23->0(23)
[2026-06-18T03:23:14.945+0000][0.489s][info][gc,heap       ] GC(5) Survivor regions: 2->2(4)
[2026-06-18T03:23:14.945+0000][0.489s][info][gc,heap       ] GC(5) Old regions: 7->7
[2026-06-18T03:23:14.945+0000][0.489s][info][gc,heap       ] GC(5) Humongous regions: 30->8
[2026-06-18T03:23:14.945+0000][0.489s][info][gc,metaspace  ] GC(5) Metaspace: 24155K(24960K)->24155K(24960K) NonClass: 21770K(22272K)->21770K(22272K) Class: 2384K(2688K)->2384K(2688K)
[2026-06-18T03:23:14.945+0000][0.489s][info][gc            ] GC(5) Pause Young (Normal) (G1 Evacuation Pause) 61M->16M(512M) 1.897ms
[2026-06-18T03:23:14.945+0000][0.489s][info][gc,cpu        ] GC(5) User=0.01s Sys=0.00s Real=0.00s
[2026-06-18T03:23:14.967+0000][0.511s][info][gc,start      ] GC(6) Pause Young (Normal) (G1 Evacuation Pause)
[2026-06-18T03:23:14.967+0000][0.511s][info][gc,task       ] GC(6) Using 12 workers of 13 for evacuation
[2026-06-18T03:23:14.968+0000][0.512s][info][gc,phases     ] GC(6)   Pre Evacuate Collection Set: 0.0ms
[2026-06-18T03:23:14.968+0000][0.512s][info][gc,phases     ] GC(6)   Evacuate Collection Set: 0.7ms
[2026-06-18T03:23:14.969+0000][0.512s][info][gc,phases     ] GC(6)   Post Evacuate Collection Set: 0.3ms
[2026-06-18T03:23:14.969+0000][0.512s][info][gc,phases     ] GC(6)   Other: 0.2ms
[2026-06-18T03:23:14.969+0000][0.512s][info][gc,heap       ] GC(6) Eden regions: 23->0(23)
[2026-06-18T03:23:14.969+0000][0.512s][info][gc,heap       ] GC(6) Survivor regions: 2->2(4)
[2026-06-18T03:23:14.969+0000][0.512s][info][gc,heap       ] GC(6) Old regions: 7->7
[2026-06-18T03:23:14.969+0000][0.512s][info][gc,heap       ] GC(6) Humongous regions: 33->10
[2026-06-18T03:23:14.969+0000][0.512s][info][gc,metaspace  ] GC(6) Metaspace: 24210K(24960K)->24210K(24960K) NonClass: 21826K(22272K)->21826K(22272K) Class: 2384K(2688K)->2384K(2688K)
[2026-06-18T03:23:14.969+0000][0.512s][info][gc            ] GC(6) Pause Young (Normal) (G1 Evacuation Pause) 64M->18M(512M) 1.644ms
[2026-06-18T03:23:14.969+0000][0.512s][info][gc,cpu        ] GC(6) User=0.01s Sys=0.00s Real=0.00s
[2026-06-18T03:23:14.986+0000][0.529s][info][gc,start      ] GC(7) Pause Young (Normal) (G1 Evacuation Pause)
[2026-06-18T03:23:14.986+0000][0.530s][info][gc,task       ] GC(7) Using 12 workers of 13 for evacuation
[2026-06-18T03:23:14.989+0000][0.532s][info][gc,phases     ] GC(7)   Pre Evacuate Collection Set: 0.0ms
[2026-06-18T03:23:14.989+0000][0.532s][info][gc,phases     ] GC(7)   Evacuate Collection Set: 2.3ms
[2026-06-18T03:23:14.989+0000][0.532s][info][gc,phases     ] GC(7)   Post Evacuate Collection Set: 0.2ms
[2026-06-18T03:23:14.989+0000][0.532s][info][gc,phases     ] GC(7)   Other: 0.2ms
[2026-06-18T03:23:14.989+0000][0.532s][info][gc,heap       ] GC(7) Eden regions: 23->0(23)
[2026-06-18T03:23:14.989+0000][0.532s][info][gc,heap       ] GC(7) Survivor regions: 2->2(4)
[2026-06-18T03:23:14.989+0000][0.532s][info][gc,heap       ] GC(7) Old regions: 7->7
[2026-06-18T03:23:14.989+0000][0.532s][info][gc,heap       ] GC(7) Humongous regions: 35->8
[2026-06-18T03:23:14.989+0000][0.533s][info][gc,metaspace  ] GC(7) Metaspace: 24281K(25216K)->24281K(25216K) NonClass: 21896K(22528K)->21896K(22528K) Class: 2384K(2688K)->2384K(2688K)
[2026-06-18T03:23:14.989+0000][0.533s][info][gc            ] GC(7) Pause Young (Normal) (G1 Evacuation Pause) 66M->16M(512M) 3.177ms
[2026-06-18T03:23:14.989+0000][0.533s][info][gc,cpu        ] GC(7) User=0.03s Sys=0.00s Real=0.00s
[2026-06-18T03:23:15.003+0000][0.547s][info][gc,start      ] GC(8) Pause Young (Normal) (G1 Evacuation Pause)
[2026-06-18T03:23:15.003+0000][0.547s][info][gc,task       ] GC(8) Using 12 workers of 13 for evacuation
[2026-06-18T03:23:15.005+0000][0.549s][info][gc,phases     ] GC(8)   Pre Evacuate Collection Set: 0.0ms
[2026-06-18T03:23:15.005+0000][0.549s][info][gc,phases     ] GC(8)   Evacuate Collection Set: 1.5ms
[2026-06-18T03:23:15.005+0000][0.549s][info][gc,phases     ] GC(8)   Post Evacuate Collection Set: 0.2ms
[2026-06-18T03:23:15.005+0000][0.549s][info][gc,phases     ] GC(8)   Other: 0.2ms
[2026-06-18T03:23:15.005+0000][0.549s][info][gc,heap       ] GC(8) Eden regions: 23->0(23)
[2026-06-18T03:23:15.006+0000][0.549s][info][gc,heap       ] GC(8) Survivor regions: 2->2(4)
[2026-06-18T03:23:15.006+0000][0.549s][info][gc,heap       ] GC(8) Old regions: 7->7
[2026-06-18T03:23:15.006+0000][0.549s][info][gc,heap       ] GC(8) Humongous regions: 33->8
[2026-06-18T03:23:15.006+0000][0.549s][info][gc,metaspace  ] GC(8) Metaspace: 24434K(25216K)->24434K(25216K) NonClass: 22049K(22528K)->22049K(22528K) Class: 2384K(2688K)->2384K(2688K)
[2026-06-18T03:23:15.006+0000][0.549s][info][gc            ] GC(8) Pause Young (Normal) (G1 Evacuation Pause) 64M->16M(512M) 2.427ms
[2026-06-18T03:23:15.006+0000][0.549s][info][gc,cpu        ] GC(8) User=0.02s Sys=0.00s Real=0.00s
[2026-06-18T03:23:15.017+0000][0.561s][info][gc,start      ] GC(9) Pause Young (Normal) (G1 Evacuation Pause)
[2026-06-18T03:23:15.017+0000][0.561s][info][gc,task       ] GC(9) Using 12 workers of 13 for evacuation
[2026-06-18T03:23:15.018+0000][0.562s][info][gc,phases     ] GC(9)   Pre Evacuate Collection Set: 0.0ms
[2026-06-18T03:23:15.018+0000][0.562s][info][gc,phases     ] GC(9)   Evacuate Collection Set: 0.6ms
[2026-06-18T03:23:15.019+0000][0.562s][info][gc,phases     ] GC(9)   Post Evacuate Collection Set: 0.4ms
[2026-06-18T03:23:15.019+0000][0.562s][info][gc,phases     ] GC(9)   Other: 0.3ms
[2026-06-18T03:23:15.019+0000][0.562s][info][gc,heap       ] GC(9) Eden regions: 23->0(24)
[2026-06-18T03:23:15.019+0000][0.562s][info][gc,heap       ] GC(9) Survivor regions: 2->2(4)
[2026-06-18T03:23:15.019+0000][0.562s][info][gc,heap       ] GC(9) Old regions: 7->7
[2026-06-18T03:23:15.019+0000][0.562s][info][gc,heap       ] GC(9) Humongous regions: 33->8
[2026-06-18T03:23:15.019+0000][0.562s][info][gc,metaspace  ] GC(9) Metaspace: 24498K(25472K)->24498K(25472K) NonClass: 22113K(22784K)->22113K(22784K) Class: 2384K(2688K)->2384K(2688K)
[2026-06-18T03:23:15.019+0000][0.562s][info][gc            ] GC(9) Pause Young (Normal) (G1 Evacuation Pause) 64M->16M(512M) 1.709ms
[2026-06-18T03:23:15.019+0000][0.562s][info][gc,cpu        ] GC(9) User=0.00s Sys=0.00s Real=0.00s
[2026-06-18T03:23:15.029+0000][0.572s][info][gc,start      ] GC(10) Pause Young (Normal) (G1 Evacuation Pause)
[2026-06-18T03:23:15.029+0000][0.572s][info][gc,task       ] GC(10) Using 12 workers of 13 for evacuation
[2026-06-18T03:23:15.030+0000][0.573s][info][gc,phases     ] GC(10)   Pre Evacuate Collection Set: 0.0ms
[2026-06-18T03:23:15.030+0000][0.573s][info][gc,phases     ] GC(10)   Evacuate Collection Set: 0.6ms
[2026-06-18T03:23:15.030+0000][0.573s][info][gc,phases     ] GC(10)   Post Evacuate Collection Set: 0.2ms
[2026-06-18T03:23:15.030+0000][0.573s][info][gc,phases     ] GC(10)   Other: 0.2ms
[2026-06-18T03:23:15.030+0000][0.573s][info][gc,heap       ] GC(10) Eden regions: 24->0(25)
[2026-06-18T03:23:15.030+0000][0.573s][info][gc,heap       ] GC(10) Survivor regions: 2->2(4)
[2026-06-18T03:23:15.030+0000][0.574s][info][gc,heap       ] GC(10) Old regions: 7->7
[2026-06-18T03:23:15.030+0000][0.574s][info][gc,heap       ] GC(10) Humongous regions: 33->5
[2026-06-18T03:23:15.030+0000][0.574s][info][gc,metaspace  ] GC(10) Metaspace: 24527K(25472K)->24527K(25472K) NonClass: 22143K(22784K)->22143K(22784K) Class: 2384K(2688K)->2384K(2688K)
[2026-06-18T03:23:15.030+0000][0.574s][info][gc            ] GC(10) Pause Young (Normal) (G1 Evacuation Pause) 65M->13M(512M) 1.551ms
[2026-06-18T03:23:15.030+0000][0.574s][info][gc,cpu        ] GC(10) User=0.00s Sys=0.00s Real=0.00s
[2026-06-18T03:23:15.041+0000][0.584s][info][gc,start      ] GC(11) Pause Young (Normal) (G1 Evacuation Pause)
[2026-06-18T03:23:15.041+0000][0.584s][info][gc,task       ] GC(11) Using 12 workers of 13 for evacuation
[2026-06-18T03:23:15.042+0000][0.586s][info][gc,phases     ] GC(11)   Pre Evacuate Collection Set: 0.0ms
[2026-06-18T03:23:15.042+0000][0.586s][info][gc,phases     ] GC(11)   Evacuate Collection Set: 0.7ms
[2026-06-18T03:23:15.042+0000][0.586s][info][gc,phases     ] GC(11)   Post Evacuate Collection Set: 0.4ms
[2026-06-18T03:23:15.042+0000][0.586s][info][gc,phases     ] GC(11)   Other: 0.3ms
[2026-06-18T03:23:15.042+0000][0.586s][info][gc,heap       ] GC(11) Eden regions: 25->0(26)
[2026-06-18T03:23:15.042+0000][0.586s][info][gc,heap       ] GC(11) Survivor regions: 2->2(4)
[2026-06-18T03:23:15.042+0000][0.586s][info][gc,heap       ] GC(11) Old regions: 7->7
[2026-06-18T03:23:15.042+0000][0.586s][info][gc,heap       ] GC(11) Humongous regions: 35->8
[2026-06-18T03:23:15.042+0000][0.586s][info][gc,metaspace  ] GC(11) Metaspace: 24568K(25472K)->24568K(25472K) NonClass: 22184K(22784K)->22184K(22784K) Class: 2384K(2688K)->2384K(2688K)
[2026-06-18T03:23:15.042+0000][0.586s][info][gc            ] GC(11) Pause Young (Normal) (G1 Evacuation Pause) 68M->16M(512M) 1.771ms
[2026-06-18T03:23:15.042+0000][0.586s][info][gc,cpu        ] GC(11) User=0.01s Sys=0.00s Real=0.01s
[2026-06-18T03:23:15.053+0000][0.597s][info][gc,start      ] GC(12) Pause Young (Normal) (G1 Evacuation Pause)
[2026-06-18T03:23:15.053+0000][0.597s][info][gc,task       ] GC(12) Using 12 workers of 13 for evacuation
[2026-06-18T03:23:15.054+0000][0.598s][info][gc,phases     ] GC(12)   Pre Evacuate Collection Set: 0.0ms
[2026-06-18T03:23:15.055+0000][0.598s][info][gc,phases     ] GC(12)   Evacuate Collection Set: 0.8ms
[2026-06-18T03:23:15.055+0000][0.598s][info][gc,phases     ] GC(12)   Post Evacuate Collection Set: 0.3ms
[2026-06-18T03:23:15.055+0000][0.598s][info][gc,phases     ] GC(12)   Other: 0.2ms
[2026-06-18T03:23:15.055+0000][0.598s][info][gc,heap       ] GC(12) Eden regions: 26->0(26)
[2026-06-18T03:23:15.055+0000][0.598s][info][gc,heap       ] GC(12) Survivor regions: 2->2(4)
[2026-06-18T03:23:15.055+0000][0.598s][info][gc,heap       ] GC(12) Old regions: 7->7
[2026-06-18T03:23:15.055+0000][0.598s][info][gc,heap       ] GC(12) Humongous regions: 38->8
[2026-06-18T03:23:15.055+0000][0.598s][info][gc,metaspace  ] GC(12) Metaspace: 24571K(25472K)->24571K(25472K) NonClass: 22186K(22784K)->22186K(22784K) Class: 2384K(2688K)->2384K(2688K)
[2026-06-18T03:23:15.055+0000][0.598s][info][gc            ] GC(12) Pause Young (Normal) (G1 Evacuation Pause) 72M->16M(512M) 1.657ms
[2026-06-18T03:23:15.055+0000][0.598s][info][gc,cpu        ] GC(12) User=0.01s Sys=0.00s Real=0.00s
[2026-06-18T03:23:15.065+0000][0.609s][info][gc,start      ] GC(13) Pause Young (Normal) (G1 Evacuation Pause)
[2026-06-18T03:23:15.065+0000][0.609s][info][gc,task       ] GC(13) Using 12 workers of 13 for evacuation
[2026-06-18T03:23:15.066+0000][0.610s][info][gc,phases     ] GC(13)   Pre Evacuate Collection Set: 0.0ms
[2026-06-18T03:23:15.066+0000][0.610s][info][gc,phases     ] GC(13)   Evacuate Collection Set: 0.7ms
[2026-06-18T03:23:15.066+0000][0.610s][info][gc,phases     ] GC(13)   Post Evacuate Collection Set: 0.3ms
[2026-06-18T03:23:15.066+0000][0.610s][info][gc,phases     ] GC(13)   Other: 0.2ms
[2026-06-18T03:23:15.066+0000][0.610s][info][gc,heap       ] GC(13) Eden regions: 26->0(27)
[2026-06-18T03:23:15.066+0000][0.610s][info][gc,heap       ] GC(13) Survivor regions: 2->2(4)
[2026-06-18T03:23:15.066+0000][0.610s][info][gc,heap       ] GC(13) Old regions: 7->7
[2026-06-18T03:23:15.067+0000][0.610s][info][gc,heap       ] GC(13) Humongous regions: 38->8
[2026-06-18T03:23:15.067+0000][0.610s][info][gc,metaspace  ] GC(13) Metaspace: 24579K(25472K)->24579K(25472K) NonClass: 22194K(22784K)->22194K(22784K) Class: 2384K(2688K)->2384K(2688K)
[2026-06-18T03:23:15.067+0000][0.610s][info][gc            ] GC(13) Pause Young (Normal) (G1 Evacuation Pause) 72M->16M(512M) 1.641ms
[2026-06-18T03:23:15.067+0000][0.610s][info][gc,cpu        ] GC(13) User=0.01s Sys=0.00s Real=0.00s
[2026-06-18T03:23:15.082+0000][0.626s][info][gc,heap,exit  ] Heap
[2026-06-18T03:23:15.082+0000][0.626s][info][gc,heap,exit  ]  garbage-first heap   total 524288K, used 48354K [0x00000000e0000000, 0x0000000100000000)
[2026-06-18T03:23:15.082+0000][0.626s][info][gc,heap,exit  ]   region size 1024K, 19 young (19456K), 2 survivors (2048K)
[2026-06-18T03:23:15.082+0000][0.626s][info][gc,heap,exit  ]  Metaspace       used 24753K, capacity 25467K, committed 25728K, reserved 1073152K
[2026-06-18T03:23:15.082+0000][0.626s][info][gc,heap,exit  ]   class space    used 2401K, capacity 2666K, committed 2688K, reserved 1048576K
