[2026-06-18T03:22:22.326+0000][0.003s][info][gc,heap] Heap region size: 1M
[2026-06-18T03:22:22.329+0000][0.006s][info][gc     ] Using G1
[2026-06-18T03:22:22.329+0000][0.006s][info][gc,heap,coops] Heap address: 0x00000000e0000000, size: 512 MB, Compressed Oops mode: 32-bit
[2026-06-18T03:22:22.570+0000][0.247s][info][gc,start     ] GC(0) Pause Young (Normal) (G1 Evacuation Pause)
[2026-06-18T03:22:22.571+0000][0.248s][info][gc,task      ] GC(0) Using 12 workers of 13 for evacuation
[2026-06-18T03:22:22.574+0000][0.251s][info][gc,phases    ] GC(0)   Pre Evacuate Collection Set: 0.0ms
[2026-06-18T03:22:22.574+0000][0.251s][info][gc,phases    ] GC(0)   Evacuate Collection Set: 2.6ms
[2026-06-18T03:22:22.574+0000][0.251s][info][gc,phases    ] GC(0)   Post Evacuate Collection Set: 0.4ms
[2026-06-18T03:22:22.574+0000][0.251s][info][gc,phases    ] GC(0)   Other: 1.3ms
[2026-06-18T03:22:22.575+0000][0.251s][info][gc,heap      ] GC(0) Eden regions: 25->0(21)
[2026-06-18T03:22:22.575+0000][0.251s][info][gc,heap      ] GC(0) Survivor regions: 0->4(4)
[2026-06-18T03:22:22.575+0000][0.251s][info][gc,heap      ] GC(0) Old regions: 0->3
[2026-06-18T03:22:22.575+0000][0.251s][info][gc,heap      ] GC(0) Humongous regions: 0->0
[2026-06-18T03:22:22.575+0000][0.252s][info][gc,metaspace ] GC(0) Metaspace: 15701K(16384K)->15701K(16384K) NonClass: 14134K(14592K)->14134K(14592K) Class: 1567K(1792K)->1567K(1792K)
[2026-06-18T03:22:22.575+0000][0.252s][info][gc           ] GC(0) Pause Young (Normal) (G1 Evacuation Pause) 25M->6M(512M) 4.662ms
[2026-06-18T03:22:22.575+0000][0.252s][info][gc,cpu       ] GC(0) User=0.02s Sys=0.00s Real=0.01s
[2026-06-18T03:22:22.647+0000][0.324s][info][gc,start     ] GC(1) Pause Young (Normal) (G1 Evacuation Pause)
[2026-06-18T03:22:22.647+0000][0.324s][info][gc,task      ] GC(1) Using 12 workers of 13 for evacuation
[2026-06-18T03:22:22.649+0000][0.326s][info][gc,phases    ] GC(1)   Pre Evacuate Collection Set: 0.0ms
[2026-06-18T03:22:22.649+0000][0.326s][info][gc,phases    ] GC(1)   Evacuate Collection Set: 1.2ms
[2026-06-18T03:22:22.649+0000][0.326s][info][gc,phases    ] GC(1)   Post Evacuate Collection Set: 0.3ms
[2026-06-18T03:22:22.649+0000][0.326s][info][gc,phases    ] GC(1)   Other: 0.3ms
[2026-06-18T03:22:22.649+0000][0.326s][info][gc,heap      ] GC(1) Eden regions: 21->0(24)
[2026-06-18T03:22:22.649+0000][0.326s][info][gc,heap      ] GC(1) Survivor regions: 4->1(4)
[2026-06-18T03:22:22.649+0000][0.326s][info][gc,heap      ] GC(1) Old regions: 3->7
[2026-06-18T03:22:22.649+0000][0.326s][info][gc,heap      ] GC(1) Humongous regions: 0->0
[2026-06-18T03:22:22.650+0000][0.326s][info][gc,metaspace ] GC(1) Metaspace: 19475K(19968K)->19475K(19968K) NonClass: 17644K(17920K)->17644K(17920K) Class: 1830K(2048K)->1830K(2048K)
[2026-06-18T03:22:22.650+0000][0.326s][info][gc           ] GC(1) Pause Young (Normal) (G1 Evacuation Pause) 27M->7M(512M) 2.306ms
[2026-06-18T03:22:22.650+0000][0.326s][info][gc,cpu       ] GC(1) User=0.01s Sys=0.01s Real=0.00s
[2026-06-18T03:22:22.669+0000][0.345s][info][gc,start     ] GC(2) Pause Young (Concurrent Start) (Metadata GC Threshold)
[2026-06-18T03:22:22.669+0000][0.346s][info][gc,task      ] GC(2) Using 12 workers of 13 for evacuation
[2026-06-18T03:22:22.670+0000][0.347s][info][gc,phases    ] GC(2)   Pre Evacuate Collection Set: 0.0ms
[2026-06-18T03:22:22.670+0000][0.347s][info][gc,phases    ] GC(2)   Evacuate Collection Set: 0.7ms
[2026-06-18T03:22:22.670+0000][0.347s][info][gc,phases    ] GC(2)   Post Evacuate Collection Set: 0.2ms
[2026-06-18T03:22:22.670+0000][0.347s][info][gc,phases    ] GC(2)   Other: 0.3ms
[2026-06-18T03:22:22.670+0000][0.347s][info][gc,heap      ] GC(2) Eden regions: 7->0(24)
[2026-06-18T03:22:22.670+0000][0.347s][info][gc,heap      ] GC(2) Survivor regions: 1->1(4)
[2026-06-18T03:22:22.670+0000][0.347s][info][gc,heap      ] GC(2) Old regions: 7->7
[2026-06-18T03:22:22.670+0000][0.347s][info][gc,heap      ] GC(2) Humongous regions: 0->0
[2026-06-18T03:22:22.670+0000][0.347s][info][gc,metaspace ] GC(2) Metaspace: 20716K(21248K)->20716K(21248K) NonClass: 18804K(19200K)->18804K(19200K) Class: 1911K(2048K)->1911K(2048K)
[2026-06-18T03:22:22.671+0000][0.347s][info][gc           ] GC(2) Pause Young (Concurrent Start) (Metadata GC Threshold) 14M->7M(512M) 1.856ms
[2026-06-18T03:22:22.671+0000][0.347s][info][gc,cpu       ] GC(2) User=0.00s Sys=0.00s Real=0.00s
[2026-06-18T03:22:22.671+0000][0.347s][info][gc           ] GC(3) Concurrent Cycle
[2026-06-18T03:22:22.671+0000][0.348s][info][gc,marking   ] GC(3) Concurrent Clear Claimed Marks
[2026-06-18T03:22:22.671+0000][0.348s][info][gc,marking   ] GC(3) Concurrent Clear Claimed Marks 0.062ms
[2026-06-18T03:22:22.671+0000][0.348s][info][gc,marking   ] GC(3) Concurrent Scan Root Regions
[2026-06-18T03:22:22.671+0000][0.348s][info][gc,marking   ] GC(3) Concurrent Scan Root Regions 0.466ms
[2026-06-18T03:22:22.671+0000][0.348s][info][gc,marking   ] GC(3) Concurrent Mark (0.348s)
[2026-06-18T03:22:22.671+0000][0.348s][info][gc,marking   ] GC(3) Concurrent Mark From Roots
[2026-06-18T03:22:22.672+0000][0.348s][info][gc,task      ] GC(3) Using 3 workers of 3 for marking
[2026-06-18T03:22:22.673+0000][0.350s][info][gc,marking   ] GC(3) Concurrent Mark From Roots 1.450ms
[2026-06-18T03:22:22.673+0000][0.350s][info][gc,marking   ] GC(3) Concurrent Preclean
[2026-06-18T03:22:22.673+0000][0.350s][info][gc,marking   ] GC(3) Concurrent Preclean 0.095ms
[2026-06-18T03:22:22.673+0000][0.350s][info][gc,marking   ] GC(3) Concurrent Mark (0.348s, 0.350s) 1.708ms
[2026-06-18T03:22:22.673+0000][0.350s][info][gc,start     ] GC(3) Pause Remark
[2026-06-18T03:22:22.674+0000][0.351s][info][gc,stringtable] GC(3) Cleaned string and symbol table, strings: 8564 processed, 12 removed, symbols: 62943 processed, 19 removed
[2026-06-18T03:22:22.674+0000][0.351s][info][gc            ] GC(3) Pause Remark 8M->8M(512M) 1.161ms
[2026-06-18T03:22:22.674+0000][0.351s][info][gc,cpu        ] GC(3) User=0.00s Sys=0.00s Real=0.00s
[2026-06-18T03:22:22.675+0000][0.351s][info][gc,marking    ] GC(3) Concurrent Rebuild Remembered Sets
[2026-06-18T03:22:22.675+0000][0.352s][info][gc,marking    ] GC(3) Concurrent Rebuild Remembered Sets 0.820ms
[2026-06-18T03:22:22.675+0000][0.352s][info][gc,start      ] GC(3) Pause Cleanup
[2026-06-18T03:22:22.676+0000][0.352s][info][gc            ] GC(3) Pause Cleanup 8M->8M(512M) 0.126ms
[2026-06-18T03:22:22.676+0000][0.353s][info][gc,cpu        ] GC(3) User=0.00s Sys=0.00s Real=0.00s
[2026-06-18T03:22:22.676+0000][0.353s][info][gc,marking    ] GC(3) Concurrent Cleanup for Next Mark
[2026-06-18T03:22:22.677+0000][0.353s][info][gc,marking    ] GC(3) Concurrent Cleanup for Next Mark 0.768ms
[2026-06-18T03:22:22.677+0000][0.353s][info][gc            ] GC(3) Concurrent Cycle 5.953ms
[2026-06-18T03:22:22.772+0000][0.449s][info][gc,start      ] GC(4) Pause Young (Normal) (G1 Evacuation Pause)
[2026-06-18T03:22:22.772+0000][0.449s][info][gc,task       ] GC(4) Using 12 workers of 13 for evacuation
[2026-06-18T03:22:22.773+0000][0.450s][info][gc,phases     ] GC(4)   Pre Evacuate Collection Set: 0.0ms
[2026-06-18T03:22:22.774+0000][0.450s][info][gc,phases     ] GC(4)   Evacuate Collection Set: 0.9ms
[2026-06-18T03:22:22.774+0000][0.450s][info][gc,phases     ] GC(4)   Post Evacuate Collection Set: 0.3ms
[2026-06-18T03:22:22.774+0000][0.450s][info][gc,phases     ] GC(4)   Other: 0.3ms
[2026-06-18T03:22:22.774+0000][0.450s][info][gc,heap       ] GC(4) Eden regions: 24->0(23)
[2026-06-18T03:22:22.774+0000][0.451s][info][gc,heap       ] GC(4) Survivor regions: 1->2(4)
[2026-06-18T03:22:22.774+0000][0.451s][info][gc,heap       ] GC(4) Old regions: 7->7
[2026-06-18T03:22:22.774+0000][0.451s][info][gc,heap       ] GC(4) Humongous regions: 8->8
[2026-06-18T03:22:22.774+0000][0.451s][info][gc,metaspace  ] GC(4) Metaspace: 24056K(24960K)->24056K(24960K) NonClass: 21673K(22272K)->21673K(22272K) Class: 2382K(2688K)->2382K(2688K)
[2026-06-18T03:22:22.774+0000][0.451s][info][gc            ] GC(4) Pause Young (Normal) (G1 Evacuation Pause) 39M->16M(512M) 1.834ms
[2026-06-18T03:22:22.774+0000][0.451s][info][gc,cpu        ] GC(4) User=0.01s Sys=0.00s Real=0.00s
[2026-06-18T03:22:22.803+0000][0.479s][info][gc,start      ] GC(5) Pause Young (Normal) (G1 Evacuation Pause)
[2026-06-18T03:22:22.803+0000][0.480s][info][gc,task       ] GC(5) Using 12 workers of 13 for evacuation
[2026-06-18T03:22:22.804+0000][0.481s][info][gc,phases     ] GC(5)   Pre Evacuate Collection Set: 0.0ms
[2026-06-18T03:22:22.804+0000][0.481s][info][gc,phases     ] GC(5)   Evacuate Collection Set: 0.6ms
[2026-06-18T03:22:22.804+0000][0.481s][info][gc,phases     ] GC(5)   Post Evacuate Collection Set: 0.3ms
[2026-06-18T03:22:22.804+0000][0.481s][info][gc,phases     ] GC(5)   Other: 0.4ms
[2026-06-18T03:22:22.804+0000][0.481s][info][gc,heap       ] GC(5) Eden regions: 23->0(23)
[2026-06-18T03:22:22.804+0000][0.481s][info][gc,heap       ] GC(5) Survivor regions: 2->2(4)
[2026-06-18T03:22:22.804+0000][0.481s][info][gc,heap       ] GC(5) Old regions: 7->7
[2026-06-18T03:22:22.804+0000][0.481s][info][gc,heap       ] GC(5) Humongous regions: 30->8
[2026-06-18T03:22:22.804+0000][0.481s][info][gc,metaspace  ] GC(5) Metaspace: 24154K(24960K)->24154K(24960K) NonClass: 21770K(22272K)->21770K(22272K) Class: 2384K(2688K)->2384K(2688K)
[2026-06-18T03:22:22.804+0000][0.481s][info][gc            ] GC(5) Pause Young (Normal) (G1 Evacuation Pause) 61M->16M(512M) 1.735ms
[2026-06-18T03:22:22.804+0000][0.481s][info][gc,cpu        ] GC(5) User=0.01s Sys=0.00s Real=0.00s
[2026-06-18T03:22:22.824+0000][0.501s][info][gc,start      ] GC(6) Pause Young (Normal) (G1 Evacuation Pause)
[2026-06-18T03:22:22.824+0000][0.501s][info][gc,task       ] GC(6) Using 12 workers of 13 for evacuation
[2026-06-18T03:22:22.825+0000][0.502s][info][gc,phases     ] GC(6)   Pre Evacuate Collection Set: 0.0ms
[2026-06-18T03:22:22.825+0000][0.502s][info][gc,phases     ] GC(6)   Evacuate Collection Set: 0.6ms
[2026-06-18T03:22:22.825+0000][0.502s][info][gc,phases     ] GC(6)   Post Evacuate Collection Set: 0.3ms
[2026-06-18T03:22:22.825+0000][0.502s][info][gc,phases     ] GC(6)   Other: 0.2ms
[2026-06-18T03:22:22.825+0000][0.502s][info][gc,heap       ] GC(6) Eden regions: 23->0(23)
[2026-06-18T03:22:22.825+0000][0.502s][info][gc,heap       ] GC(6) Survivor regions: 2->2(4)
[2026-06-18T03:22:22.825+0000][0.502s][info][gc,heap       ] GC(6) Old regions: 7->7
[2026-06-18T03:22:22.825+0000][0.502s][info][gc,heap       ] GC(6) Humongous regions: 28->5
[2026-06-18T03:22:22.826+0000][0.502s][info][gc,metaspace  ] GC(6) Metaspace: 24209K(24960K)->24209K(24960K) NonClass: 21825K(22272K)->21825K(22272K) Class: 2384K(2688K)->2384K(2688K)
[2026-06-18T03:22:22.826+0000][0.502s][info][gc            ] GC(6) Pause Young (Normal) (G1 Evacuation Pause) 59M->13M(512M) 1.742ms
[2026-06-18T03:22:22.826+0000][0.502s][info][gc,cpu        ] GC(6) User=0.01s Sys=0.00s Real=0.00s
[2026-06-18T03:22:22.841+0000][0.518s][info][gc,start      ] GC(7) Pause Young (Normal) (G1 Evacuation Pause)
[2026-06-18T03:22:22.841+0000][0.518s][info][gc,task       ] GC(7) Using 12 workers of 13 for evacuation
[2026-06-18T03:22:22.843+0000][0.519s][info][gc,phases     ] GC(7)   Pre Evacuate Collection Set: 0.0ms
[2026-06-18T03:22:22.843+0000][0.519s][info][gc,phases     ] GC(7)   Evacuate Collection Set: 0.7ms
[2026-06-18T03:22:22.843+0000][0.519s][info][gc,phases     ] GC(7)   Post Evacuate Collection Set: 0.3ms
[2026-06-18T03:22:22.843+0000][0.519s][info][gc,phases     ] GC(7)   Other: 0.3ms
[2026-06-18T03:22:22.843+0000][0.520s][info][gc,heap       ] GC(7) Eden regions: 23->0(23)
[2026-06-18T03:22:22.843+0000][0.520s][info][gc,heap       ] GC(7) Survivor regions: 2->2(4)
[2026-06-18T03:22:22.843+0000][0.520s][info][gc,heap       ] GC(7) Old regions: 7->7
[2026-06-18T03:22:22.843+0000][0.520s][info][gc,heap       ] GC(7) Humongous regions: 35->10
[2026-06-18T03:22:22.843+0000][0.520s][info][gc,metaspace  ] GC(7) Metaspace: 24280K(25216K)->24280K(25216K) NonClass: 21895K(22528K)->21895K(22528K) Class: 2384K(2688K)->2384K(2688K)
[2026-06-18T03:22:22.843+0000][0.520s][info][gc            ] GC(7) Pause Young (Normal) (G1 Evacuation Pause) 66M->18M(512M) 1.666ms
[2026-06-18T03:22:22.843+0000][0.520s][info][gc,cpu        ] GC(7) User=0.01s Sys=0.00s Real=0.01s
[2026-06-18T03:22:22.857+0000][0.534s][info][gc,start      ] GC(8) Pause Young (Normal) (G1 Evacuation Pause)
[2026-06-18T03:22:22.857+0000][0.534s][info][gc,task       ] GC(8) Using 12 workers of 13 for evacuation
[2026-06-18T03:22:22.859+0000][0.535s][info][gc,phases     ] GC(8)   Pre Evacuate Collection Set: 0.0ms
[2026-06-18T03:22:22.859+0000][0.536s][info][gc,phases     ] GC(8)   Evacuate Collection Set: 0.7ms
[2026-06-18T03:22:22.859+0000][0.536s][info][gc,phases     ] GC(8)   Post Evacuate Collection Set: 0.3ms
[2026-06-18T03:22:22.859+0000][0.536s][info][gc,phases     ] GC(8)   Other: 0.2ms
[2026-06-18T03:22:22.859+0000][0.536s][info][gc,heap       ] GC(8) Eden regions: 23->0(23)
[2026-06-18T03:22:22.859+0000][0.536s][info][gc,heap       ] GC(8) Survivor regions: 2->2(4)
[2026-06-18T03:22:22.859+0000][0.536s][info][gc,heap       ] GC(8) Old regions: 7->7
[2026-06-18T03:22:22.859+0000][0.536s][info][gc,heap       ] GC(8) Humongous regions: 35->8
[2026-06-18T03:22:22.859+0000][0.536s][info][gc,metaspace  ] GC(8) Metaspace: 24428K(25216K)->24428K(25216K) NonClass: 22044K(22528K)->22044K(22528K) Class: 2384K(2688K)->2384K(2688K)
[2026-06-18T03:22:22.859+0000][0.536s][info][gc            ] GC(8) Pause Young (Normal) (G1 Evacuation Pause) 66M->16M(512M) 1.676ms
[2026-06-18T03:22:22.859+0000][0.536s][info][gc,cpu        ] GC(8) User=0.01s Sys=0.00s Real=0.00s
[2026-06-18T03:22:22.872+0000][0.549s][info][gc,start      ] GC(9) Pause Young (Normal) (G1 Evacuation Pause)
[2026-06-18T03:22:22.872+0000][0.549s][info][gc,task       ] GC(9) Using 12 workers of 13 for evacuation
[2026-06-18T03:22:22.874+0000][0.551s][info][gc,phases     ] GC(9)   Pre Evacuate Collection Set: 0.0ms
[2026-06-18T03:22:22.874+0000][0.551s][info][gc,phases     ] GC(9)   Evacuate Collection Set: 1.1ms
[2026-06-18T03:22:22.874+0000][0.551s][info][gc,phases     ] GC(9)   Post Evacuate Collection Set: 0.3ms
[2026-06-18T03:22:22.874+0000][0.551s][info][gc,phases     ] GC(9)   Other: 0.2ms
[2026-06-18T03:22:22.874+0000][0.551s][info][gc,heap       ] GC(9) Eden regions: 23->0(24)
[2026-06-18T03:22:22.874+0000][0.551s][info][gc,heap       ] GC(9) Survivor regions: 2->2(4)
[2026-06-18T03:22:22.874+0000][0.551s][info][gc,heap       ] GC(9) Old regions: 7->7
[2026-06-18T03:22:22.874+0000][0.551s][info][gc,heap       ] GC(9) Humongous regions: 33->8
[2026-06-18T03:22:22.874+0000][0.551s][info][gc,metaspace  ] GC(9) Metaspace: 24500K(25472K)->24500K(25472K) NonClass: 22116K(22784K)->22116K(22784K) Class: 2384K(2688K)->2384K(2688K)
[2026-06-18T03:22:22.874+0000][0.551s][info][gc            ] GC(9) Pause Young (Normal) (G1 Evacuation Pause) 64M->16M(512M) 2.024ms
[2026-06-18T03:22:22.874+0000][0.551s][info][gc,cpu        ] GC(9) User=0.02s Sys=0.00s Real=0.00s
[2026-06-18T03:22:22.886+0000][0.563s][info][gc,start      ] GC(10) Pause Young (Normal) (G1 Evacuation Pause)
[2026-06-18T03:22:22.886+0000][0.563s][info][gc,task       ] GC(10) Using 12 workers of 13 for evacuation
[2026-06-18T03:22:22.887+0000][0.564s][info][gc,phases     ] GC(10)   Pre Evacuate Collection Set: 0.0ms
[2026-06-18T03:22:22.887+0000][0.564s][info][gc,phases     ] GC(10)   Evacuate Collection Set: 0.8ms
[2026-06-18T03:22:22.887+0000][0.564s][info][gc,phases     ] GC(10)   Post Evacuate Collection Set: 0.2ms
[2026-06-18T03:22:22.887+0000][0.564s][info][gc,phases     ] GC(10)   Other: 0.2ms
[2026-06-18T03:22:22.887+0000][0.564s][info][gc,heap       ] GC(10) Eden regions: 24->0(25)
[2026-06-18T03:22:22.887+0000][0.564s][info][gc,heap       ] GC(10) Survivor regions: 2->2(4)
[2026-06-18T03:22:22.887+0000][0.564s][info][gc,heap       ] GC(10) Old regions: 7->7
[2026-06-18T03:22:22.887+0000][0.564s][info][gc,heap       ] GC(10) Humongous regions: 33->5
[2026-06-18T03:22:22.887+0000][0.564s][info][gc,metaspace  ] GC(10) Metaspace: 24524K(25472K)->24524K(25472K) NonClass: 22140K(22784K)->22140K(22784K) Class: 2384K(2688K)->2384K(2688K)
[2026-06-18T03:22:22.888+0000][0.564s][info][gc            ] GC(10) Pause Young (Normal) (G1 Evacuation Pause) 65M->13M(512M) 1.660ms
[2026-06-18T03:22:22.888+0000][0.565s][info][gc,cpu        ] GC(10) User=0.00s Sys=0.00s Real=0.00s
[2026-06-18T03:22:22.900+0000][0.577s][info][gc,start      ] GC(11) Pause Young (Normal) (G1 Evacuation Pause)
[2026-06-18T03:22:22.900+0000][0.577s][info][gc,task       ] GC(11) Using 12 workers of 13 for evacuation
[2026-06-18T03:22:22.903+0000][0.580s][info][gc,phases     ] GC(11)   Pre Evacuate Collection Set: 0.0ms
[2026-06-18T03:22:22.904+0000][0.580s][info][gc,phases     ] GC(11)   Evacuate Collection Set: 2.8ms
[2026-06-18T03:22:22.904+0000][0.580s][info][gc,phases     ] GC(11)   Post Evacuate Collection Set: 0.3ms
[2026-06-18T03:22:22.904+0000][0.581s][info][gc,phases     ] GC(11)   Other: 0.4ms
[2026-06-18T03:22:22.904+0000][0.581s][info][gc,heap       ] GC(11) Eden regions: 25->0(26)
[2026-06-18T03:22:22.904+0000][0.581s][info][gc,heap       ] GC(11) Survivor regions: 2->2(4)
[2026-06-18T03:22:22.904+0000][0.581s][info][gc,heap       ] GC(11) Old regions: 7->7
[2026-06-18T03:22:22.904+0000][0.581s][info][gc,heap       ] GC(11) Humongous regions: 35->8
[2026-06-18T03:22:22.904+0000][0.581s][info][gc,metaspace  ] GC(11) Metaspace: 24569K(25472K)->24569K(25472K) NonClass: 22184K(22784K)->22184K(22784K) Class: 2384K(2688K)->2384K(2688K)
[2026-06-18T03:22:22.904+0000][0.581s][info][gc            ] GC(11) Pause Young (Normal) (G1 Evacuation Pause) 68M->16M(512M) 4.183ms
[2026-06-18T03:22:22.904+0000][0.581s][info][gc,cpu        ] GC(11) User=0.01s Sys=0.01s Real=0.01s
[2026-06-18T03:22:22.916+0000][0.593s][info][gc,start      ] GC(12) Pause Young (Normal) (G1 Evacuation Pause)
[2026-06-18T03:22:22.916+0000][0.593s][info][gc,task       ] GC(12) Using 12 workers of 13 for evacuation
[2026-06-18T03:22:22.918+0000][0.595s][info][gc,phases     ] GC(12)   Pre Evacuate Collection Set: 0.0ms
[2026-06-18T03:22:22.918+0000][0.595s][info][gc,phases     ] GC(12)   Evacuate Collection Set: 1.5ms
[2026-06-18T03:22:22.918+0000][0.595s][info][gc,phases     ] GC(12)   Post Evacuate Collection Set: 0.2ms
[2026-06-18T03:22:22.918+0000][0.595s][info][gc,phases     ] GC(12)   Other: 0.2ms
[2026-06-18T03:22:22.919+0000][0.595s][info][gc,heap       ] GC(12) Eden regions: 26->0(26)
[2026-06-18T03:22:22.919+0000][0.595s][info][gc,heap       ] GC(12) Survivor regions: 2->2(4)
[2026-06-18T03:22:22.919+0000][0.595s][info][gc,heap       ] GC(12) Old regions: 7->7
[2026-06-18T03:22:22.919+0000][0.596s][info][gc,heap       ] GC(12) Humongous regions: 36->6
[2026-06-18T03:22:22.919+0000][0.596s][info][gc,metaspace  ] GC(12) Metaspace: 24571K(25472K)->24571K(25472K) NonClass: 22187K(22784K)->22187K(22784K) Class: 2384K(2688K)->2384K(2688K)
[2026-06-18T03:22:22.919+0000][0.596s][info][gc            ] GC(12) Pause Young (Normal) (G1 Evacuation Pause) 70M->14M(512M) 2.534ms
[2026-06-18T03:22:22.919+0000][0.596s][info][gc,cpu        ] GC(12) User=0.01s Sys=0.00s Real=0.00s
[2026-06-18T03:22:22.930+0000][0.607s][info][gc,start      ] GC(13) Pause Young (Normal) (G1 Evacuation Pause)
[2026-06-18T03:22:22.930+0000][0.607s][info][gc,task       ] GC(13) Using 12 workers of 13 for evacuation
[2026-06-18T03:22:22.931+0000][0.608s][info][gc,phases     ] GC(13)   Pre Evacuate Collection Set: 0.0ms
[2026-06-18T03:22:22.931+0000][0.608s][info][gc,phases     ] GC(13)   Evacuate Collection Set: 0.7ms
[2026-06-18T03:22:22.931+0000][0.608s][info][gc,phases     ] GC(13)   Post Evacuate Collection Set: 0.2ms
[2026-06-18T03:22:22.931+0000][0.608s][info][gc,phases     ] GC(13)   Other: 0.2ms
[2026-06-18T03:22:22.931+0000][0.608s][info][gc,heap       ] GC(13) Eden regions: 26->0(27)
[2026-06-18T03:22:22.931+0000][0.608s][info][gc,heap       ] GC(13) Survivor regions: 2->2(4)
[2026-06-18T03:22:22.931+0000][0.608s][info][gc,heap       ] GC(13) Old regions: 7->7
[2026-06-18T03:22:22.931+0000][0.608s][info][gc,heap       ] GC(13) Humongous regions: 35->5
[2026-06-18T03:22:22.931+0000][0.608s][info][gc,metaspace  ] GC(13) Metaspace: 24578K(25472K)->24578K(25472K) NonClass: 22193K(22784K)->22193K(22784K) Class: 2384K(2688K)->2384K(2688K)
[2026-06-18T03:22:22.932+0000][0.608s][info][gc            ] GC(13) Pause Young (Normal) (G1 Evacuation Pause) 69M->13M(512M) 1.718ms
[2026-06-18T03:22:22.932+0000][0.609s][info][gc,cpu        ] GC(13) User=0.01s Sys=0.00s Real=0.01s
[2026-06-18T03:22:22.951+0000][0.627s][info][gc,heap,exit  ] Heap
[2026-06-18T03:22:22.951+0000][0.628s][info][gc,heap,exit  ]  garbage-first heap   total 524288K, used 48631K [0x00000000e0000000, 0x0000000100000000)
[2026-06-18T03:22:22.951+0000][0.628s][info][gc,heap,exit  ]   region size 1024K, 19 young (19456K), 2 survivors (2048K)
[2026-06-18T03:22:22.951+0000][0.628s][info][gc,heap,exit  ]  Metaspace       used 24752K, capacity 25468K, committed 25728K, reserved 1073152K
[2026-06-18T03:22:22.951+0000][0.628s][info][gc,heap,exit  ]   class space    used 2401K, capacity 2666K, committed 2688K, reserved 1048576K
